2019 2020 2021 2022 2023 2024 2025 2026 2027 2028 2029 2030 2031 2032 2033 2034 2035 2036 2037 2038 2039 2040 2041 2042 2043 2044 2045
 0.3700447  0.2751535  0.2529559  0.3520582  0.3257677  0.2856131  0.2510184  0.3982969  0.4164946  0.5013214  0.7488371  0.5579986  0.6008725  0.7406754  1.1582605  1.4710066  1.5715657  1.5788053        NaN  1.5129776  0.5957195  0.1389938  0.1291317  0.2412032  0.1928168  0.4355448  0.5388873
 0.3581629  0.2983341  0.3021695  0.4379748  0.5261794  0.4709934  0.4284372  0.2911368  0.3005115  0.2436689  0.2477078  0.1890440  0.1764039  0.1845515  0.1799418  0.1902269  0.1887370  0.2000604  0.1927515  0.6895743  1.0300819  1.1752391  3.0563381        NaN        NaN        NaN        NaN
 0.3469262  0.3943091  0.4167940  0.3591392  0.3588081  0.5943109  0.9137312  0.6029175  0.6090812  0.4511143  0.4946174  0.5704038  0.5313847  0.3526110  0.3266819  0.4351768  0.4356676  0.4277362  0.4170832  0.3805770  0.3979908  0.6453740  0.9158415  0.5378273  0.2059471  0.2078794  0.1940409
 0.3481117  0.1999453  0.1863925  0.3569589  0.4122220  0.3523296  0.4343481  0.2153646  0.2026268  0.1265839  0.1272650  0.1781174  0.1647651  0.1810717  0.1953943  0.2181394  0.2308221  0.3197700  0.3772626  0.3576976  0.3356687  0.3828378  0.3869833  0.4617928  0.6396671  0.6158342  0.7993622
 0.3492800  0.2642333  0.2621667  0.3364033  0.3204175  0.4078376  0.4356042  0.6934450  0.8983369  0.9478532  1.6458051  0.9704791  0.8107417  0.1477119  0.1613892  0.3338576  0.3676373  0.4692972  0.5428948  0.2315756  0.2044588  0.3818759  0.4706255  0.7194438  1.4137063  0.5155935  0.3560659
 0.3398981  0.3937810  0.4118677  0.5338010  0.7173383  0.7644959  1.3423825  0.8567241  0.2546933  0.1907424  0.1741217  0.1609640  0.1649323  0.2421399  0.2458068  0.3102479  0.3691277  0.3266844  0.3662801  0.2417733  0.2150188  0.2402695  0.1899068  0.3607442  0.4134432  0.2127028  0.1812459
 0.3830502  0.4323817  0.4516998  0.3043747  0.3187513  0.3058061  0.3817262  0.4179912  0.5524974  0.6496999  0.9644746  0.7947036  0.4640634  0.3213839  0.2807595  0.5506066  0.7013796  0.6450598  0.5615708  0.1313853  0.1171652  0.1849645  0.1818578  0.3000803  0.3237969  0.3214163  0.4194687
 0.3706689  0.1545075  0.1497263  0.1634383  0.1822334  0.3000414  0.3149730  0.4858881  0.4851615  0.2543896  0.2556435  0.4618700  0.6047204  0.5665209  0.8407679  0.7261269  0.2194756  0.2593765  0.2392613  0.7607902  0.9689175  1.0436222        NaN        NaN        NaN  2.6141622  0.0899379
 0.3644012  0.4453169  0.4559718  0.6242371  0.9860847  0.8122499  0.9940881  0.1414717  0.1218251  0.1971881  0.1776968  0.3370103  0.3312874  0.3402817  0.4300395  0.4327727  0.6296017  0.5971106  0.5689410  0.5319795  0.4977585  0.4225841  0.1642656  0.1341593  0.1013720  0.1819147  0.1854256
 0.3855958  0.4009382  0.4281634  0.3661650  0.3534423  0.2994000  0.3726197  0.4292738  0.5370816  0.5359378  0.5558231  0.5041021  0.5581777  0.5385996  0.1642575  0.1738897  0.1439052  0.2976824  0.3219542  0.3800806  0.5377056  0.9671136  2.4452094  1.4720804  1.2439312  0.6527592  0.5742711
 0.3454323  0.2797707  0.2538765  0.2807617  0.2914283  0.3264279  0.3600777  0.3300217  0.3705429  0.3878044  0.4398237  0.2718831  0.2061088  0.3584886  0.3526538  0.3261856  0.3586318  0.3718590  0.3743865  0.2416075  0.2592145  0.3780353  0.4373914  0.3652649  0.4148961  0.5514454  0.6594186
 0.3874715  0.3304316  0.3385941  0.3873957  0.4419063  0.4987923  0.7162002  0.8821118  1.6625695  1.0739924  0.7724008  0.1312724  0.1145893  0.2373349  0.2409314  0.3954559  0.4477972  0.5239389  0.5526240  0.2655449  0.2263341  0.2638118  0.2508401  0.3427027  0.2784044  0.4073885  0.3803194
 0.4074468  0.3958465  0.4240721  0.2982308  0.3188132  0.2248697  0.2091883  0.1709632  0.1905120  0.3228730  0.4323899  0.5463629  0.6624895  0.6645900  0.8375557  0.6237817  0.6476535  0.5735713  0.1773395  0.1486549  0.1415386  0.2054619  0.2179076  0.4498035  0.5819551  0.3855973  0.2837332
 0.3874858  0.3511189  0.3440929  0.6715399  1.1502457  1.2887812  0.9109721  0.6449550  0.6527100  0.4430740  0.3532573  0.4028589  0.3621279  0.4545615  0.5518109  0.4613725  0.3612083  0.1654245  0.1659223  0.2083683  0.1890050  0.3642865  0.4941299  0.5113350  0.7584596  0.6338575  0.8064296
 0.4330903  0.3802128  0.3930692  0.3935165  0.3891114  0.2793970  0.2973393  0.2966132  0.3922915  0.5455105  0.6724702  0.1278355  0.0921414  0.2382759  0.2532961  0.2643903  0.3297016  0.4753507  0.6285186  0.5836855  0.5483886  0.4104613  0.4327607  0.3807555  0.3547625  0.3362685  0.1610181
 0.3942923  0.3302985  0.2988812  0.2882438  0.3329006  0.4852374  0.5406316  0.5400756  0.5876831  0.4443084  0.3948860  0.3528310  0.3411898  0.3949375  0.4213378  0.3221555  0.2879239  0.1930298  0.1883706  0.2715754  0.3271449  0.4650181  0.7382634  0.5702847  0.5562417  0.3290169  0.2816636
 0.3817389  0.4545858  0.4835396  0.3337764  0.3386660  0.3457841  0.3674701  0.2854819  0.3127563  0.2592625  0.2424456  0.2420177  0.2246775  0.2036841  0.1405290  0.2930493  0.3314838  0.4580891  0.4782508  0.4223082  0.4507262  0.6393180  1.0422405  0.6916409  0.8340025  0.4231283  0.3334793
 0.3184712  0.2869658  0.2808059  0.3559738  0.3559701  0.3422764  0.3308455  0.4195971  0.5579653  0.6535285  0.9342019  0.5308887  0.4983293  0.5664902  0.2950327  0.2301242  0.1794705  0.2089559  0.2273063  0.2881936  0.2187184  0.2088405  0.1902081  0.2602895  0.3141437  0.2820321  0.2350659
 0.3667083  0.3361860  0.3219052  0.8719122  3.9354564        NaN        NaN        NaN        NaN        NaN  2.5627374  0.9039179  0.7838439  1.0850109  1.0176252  0.6946958  0.5433542  0.5618387  0.5744933  0.5058094  0.4679678  0.5856846  0.8457082  0.8981337  0.7200005  0.5567948  0.3966439
 0.3677299  0.3421683  0.3302979  0.4511012  0.4339197  0.3467018  0.3890653  0.5092586  0.7890407  0.1673168  0.1316744  0.1994750  0.2020680  0.2902122  0.2907235  0.4719952  0.5527671  0.8332545  1.5513672  1.1048188  0.8553046  0.8644120  1.1030732  0.8592024  1.0610637  0.6949526  0.5430481
 0.3255887  0.2451124  0.2558528  0.2496193  0.2869576  0.2001674  0.2187972  0.2515003  0.2388609  0.1709314  0.1755639  0.2168103  0.2095477  0.3065132  0.3145969  0.4916006  0.7482918  1.1845234        NaN  2.9628354  1.3659218  0.5171277  0.4072971  0.5284334  0.5391937  0.2221270  0.1821884
 0.3397852  0.2510946  0.2537495  0.2937311  0.3301064  0.2328021  0.2446731  0.4265665  0.5822593  0.2467799  0.1606627  0.2160403  0.1912319  0.3079312  0.3657909  0.4334093  0.5660104  0.4699501  0.4761705  0.4425104  0.3991209  0.2309603  0.2099226  0.1831386  0.1888321  0.1974932  0.2091611
 0.3834312  0.2757018  0.2705238  0.5571454  0.6319974  1.5096956        NaN  0.8603324  0.7439175  0.7352143  0.6362723  1.1790250  1.7059250  0.7906902  0.5202204  0.4710597  0.4448043  0.2850445  0.2891860  0.2733555  0.2979034  0.2241496  0.2187488  0.3434978  0.3656814  0.4091750  0.4983357
 0.3568089  0.3280697  0.3238951  0.3298879  0.4129278  0.4730366  0.5574152  0.4674514  0.4953874  0.5138494  0.5942956  0.8591966  1.2403844  0.9156883  0.6370117  0.1187565  0.1217993  0.2015172  0.1562542  0.3139022  0.3353920  0.4081902  0.5920054  0.3772252  0.4990738  0.3003506  0.2933345
 0.3219950  0.2549844  0.2471072  0.3475575  0.3689035  0.3928516  0.4676722  0.6930181  1.3155946  0.7892378  0.7360255  0.4024171  0.1110735  0.1560902  0.1658810  0.3155455  0.2472150  0.2785242  0.2866868  0.3350453  0.4012331  0.4038935  0.2821717  0.3167413  0.3387247  0.3337497  0.4259179
 0.3351417  0.2550742  0.2455135  0.2728539  0.3159879  0.5392233  0.9668837  0.7137430  0.6770139  0.5159903  0.1773835  0.1524419  0.1244917  0.2018901  0.2010842  0.1872343  0.1961573  0.2198515  0.2526253  0.2954326  0.3439545  0.3482319  0.3499775  0.3611347  0.4249713  0.3210207  0.3220184
 0.3404215  0.2705657  0.2643649  0.3303647  0.3683040  0.3909393  0.4675337  0.3352644  0.3676420  0.3950079  0.3900149  0.1621652  0.1300226  0.1457296  0.1615822  0.2279296  0.2429938  0.2460931  0.2670928  0.2698211  0.2744907  0.1647647  0.1605976  0.1930761  0.1629649  0.2248301  0.2095948
 0.3831411  0.3247824  0.3095315  0.3167651  0.3147909  0.3175670  0.2964742  0.2921824  0.3578239  0.3727428  0.4396734  0.5371924  0.6189406  0.4686674  0.4991345  0.7396013  1.2537522  1.3317958  0.8422248  0.1157266  0.0916727  0.1336940  0.1341666  0.2874869  0.3263258  0.4953326  0.8242320
 0.3449323  0.2863747  0.2760928  0.4466049  0.5723540  0.5169030  0.6856307  0.4838572  0.2521935  0.1498682  0.1353867  0.2480070  0.2747558  0.3192338  0.3549365  0.2593186  0.2554941  0.3343226  0.2772581  0.2515600  0.2383880  0.3325855  0.3226422  0.2860312  0.3595689  0.1902403  0.1808315
 0.3105468  0.3170599  0.3236998  0.3361378  0.4307792  0.7216567  1.7870412  3.7812592        NaN  0.9981487  0.0947323  0.1412101  0.1374523  0.3078983  0.3620860  0.3650621  0.3604563  0.1422578  0.1381715  0.2664120  0.2848371  0.6656133  0.9673536  0.5294244  0.3444954  0.3263347  0.2526044
 0.3946093  0.3554323  0.3486514  0.3996053  0.5162296  0.3739995  0.3415068  0.3784038  0.3736013  0.4676138  0.6598013  0.4263316  0.4729342  0.4739743  0.3905236  0.2117988  0.1840990  0.2372896  0.2285105  0.3914161  0.4543036  0.4281392  0.4369665  0.2908888  0.3130332  0.2602923  0.2557402
 0.3114949  0.3390991  0.3466381  0.2656738  0.2757979  0.3075096  0.3633897  0.2769905  0.2980668  0.1428732  0.1448334  0.2092284  0.1809171  0.2060815  0.1964623  0.2795460  0.2968421  0.2772582  0.3507614  0.4080299  0.5485235  0.5378890  0.5087898  0.5857215  0.6943267  0.6909346  0.5000075
 0.3588675  0.8227784  1.1321979  1.0306925  3.1819019        NaN        NaN  1.4133331  0.5413243  0.4034882  0.3470216  0.3955793  0.2189547  0.2591281  0.2396975  0.2273353  0.2425893  0.2694174  0.2634342  0.5149760  0.6751231  0.3642546  0.2584610  0.2864505  0.3243843  0.3974601  0.5627399
 0.3602931  0.1951393  0.1995407  0.2570267  0.2539314  0.3162828  0.3146409  0.2668294  0.2680142  0.3271580  0.3498654  0.6488395  1.2100243  2.8436351        NaN        NaN  1.7282471  0.4204716  0.0760417  0.1207633  0.1199631  0.2304862  0.2467450  0.3328815  0.4053601  0.2584497  0.2683238
 0.4004679  0.1567744  0.1390708  0.2659963  0.2719810  0.2610096  0.2596148  0.1926429  0.2115779  0.1644910  0.1602975  0.1708901  0.1862935  0.2490951  0.3168502  0.2093654  0.1926436  0.3227185  0.3376365  0.2999195  0.3423273  0.2559667  0.2396917  0.2865367  0.3246429  0.5173242  0.7188082
 0.3703705  0.2690229  0.2576054  0.2799228  0.2588674  0.3085286  0.3320364  0.3762547  0.3772398  0.3373934  0.3804628  0.5319495  0.7093735  0.4239863  0.3918044  0.3992809  0.3730357  0.6197459  0.7567919  0.6580686  0.7639006  0.4716477  0.1923584  0.2509015  0.2428646  0.2434872  0.2220364
 0.3258980  0.4307184  0.4635500  0.3715253  0.4278327  0.3810844  0.3738752  0.4211423  0.4146101  0.4119076  0.3430830  0.3173382  0.3562753  0.5234351  0.7722661  0.8921094  1.7499690  1.6097904  2.5028405        NaN        NaN        NaN        NaN  2.1952527  1.2131621  1.0289247  1.1151963
 0.3571923  0.3800347  0.3890480  0.3684382  0.4138070  0.3641337  0.3520132  0.2242946  0.1834146  0.2835240  0.3003601  0.4880004  0.6796658  0.6599183  0.6835046  0.5711598  0.3925478  0.1916063  0.1728788  0.2567151  0.2917776  0.3892448  0.3746097  0.4332631  0.4032529  0.4921739  0.6067260
 0.3827605  0.3006110  0.2961767  0.3265656  0.3464688  0.4233553  0.5055275  0.6226017  0.9365862  0.7446275  0.8535195  0.2347880  0.1672401  0.2431981  0.2676028  0.3181754  0.3589932  0.2502170  0.2649924  0.2587125  0.2546242  0.3263968  0.3495732  0.3034208  0.2990438  0.3746202  0.4245263
 0.4425226  0.3586280  0.3540386  0.4469452  0.4888076  0.3722505  0.3523194  0.3903869  0.3579711  0.4284732  0.5838089  0.4718836  0.4815889  0.4235841  0.5105725  0.6424486  0.7924362  0.8207618  1.0496186  1.1556230  1.4532494  1.5099814  0.8361951  0.0899708  0.0988599  0.1949054  0.2220985
 0.4173530  0.4366489  0.4468154  0.4913089  0.6370044  0.6182244  0.8917619  0.8121144  0.9816095  0.5039426  0.1109751  0.1915849  0.1870947  0.2011147  0.2068067  0.2187781  0.2314063  0.1823377  0.1570486  0.2237676  0.2215917  0.3038500  0.3390744  0.2711320  0.2611766  0.3283868  0.4076046
 0.3579241  0.4602015  0.4628260  0.4460065  0.6049961  0.4289639  0.3362831  0.3138058  0.2837960  0.2638199  0.2897216  0.3379265  0.3142696  0.5761825  0.8223478  0.8293326  0.5720406  0.3240598  0.3358308  0.4456085  0.4518141  0.2981893  0.2951143  0.4262162  0.4467365  0.2438562  0.2227243
 0.2962493  0.4392698  0.4671253  0.5182440  0.5644728  0.5088405  0.5087284  0.2919115  0.3306430  0.2709711  0.2731272  0.3249622  0.3554145  0.2663679  0.2660517  0.3822733  0.4297873  0.5518919  0.7202407  0.7180946  0.6891878  0.6054878  0.5903406  0.5049784  0.4287235  0.1099210  0.1029322
 0.3871243  0.3441747  0.3805548  0.2464798  0.2168709  0.2402774  0.2934482  0.3096893  0.2326275  0.2354750  0.2320806  0.2958629  0.3224200  0.3397343  0.3874810  0.3950820  0.3819183  0.2672060  0.2213472  0.2824364  0.2938997  0.2934035  0.3006615  0.2947415  0.3677038  0.4903286  0.7126385
 0.3871017  0.4725605  0.5100442  1.1758085        NaN        NaN        NaN  0.9783234  0.5920173  0.5019908  0.4262233  0.4935544  0.6292828  0.5977753  0.1515788  0.2170013  0.1928020  0.3422713  0.4485862  0.5664441  0.3571620  0.3606771  0.3588130  0.4462405  0.5393010  0.4052557  0.5441979
 0.3782739  0.3874357  0.3909579  0.3925156  0.4924234  0.5250534  0.6412152  0.6771889  0.9351329  0.4885501  0.3074332  0.3189658  0.3329858  0.3811072  0.4061354  0.4760772  0.4573266  0.3893255  0.3832420  0.6141544  0.9006307  0.7196502  0.8023907  0.5080658  0.1684612  0.3352844  0.3472783
 0.4118165  0.3804436  0.4061012  0.3998543  0.4890984  0.6364366  0.5837958  0.3179733  0.2308473  0.2359508  0.2359791  0.2286534  0.2079628  0.2352363  0.2439023  0.3280350  0.4479772  0.6532818  0.9618870  0.5059283  0.4742276  0.4379228  0.2621360  0.4291199  0.3189609  0.3841534  0.4144168
 0.3460531  0.3113573  0.2950373  0.2322492  0.2670450  0.5090408  0.7904001  0.2729981  0.2096274  0.2660210  0.2629191  0.2458584  0.2635140  0.3069617  0.3479525  0.5581687  0.6624780  0.2340841  0.2066831  0.2968188  0.3161160  0.2640463  0.2666679  0.4401980  0.5798298  0.4934653  0.4257570
 0.3952400  0.2927977  0.3073448  0.2264980  0.1856799  0.2524315  0.2668344  0.2580999  0.2598336  0.3216528  0.3896626  0.4520369  0.3949325  0.2510651  0.2235390  0.2982464  0.3192710  0.2529654  0.2457621  0.1897090  0.1865034  0.1136592  0.1306733  0.1991224  0.1946199  0.3174214  0.3237472
 0.3259550  0.2894842  0.2907737  0.4793743  0.7479450  1.3342571  1.1406284  0.3520894  0.2946505  0.3778363  0.3921325  0.2659705  0.2751182  0.3375556  0.3303924  0.4636363  0.4783859  0.2748321  0.2360184  0.2890990  0.2632072  0.3311530  0.3363452  0.4115871  0.4104500  0.5836709  0.8210256
