FL 2019 2020 2021 2022 2023 2024 2025 2026 2027 2028 2029 2030 2031 2032 2033 2034 2035 2036 2037 2038 2039 2040 2041 2042 2043 2044 2045
 1  0.7288134  0.6828020  0.6507176  0.6362743  0.6441970  0.6863701  0.6835336  0.6761358  0.6683567  0.6649071  0.6675355  0.6655235  0.6658333  0.6491154  0.6300298  0.6339574  0.6423361  0.5965813  0.5539967  0.6331823  0.6758372  0.6722991  0.6828744  0.6926034  0.7082304  0.7051444  0.6891698
 2  0.5725724  0.5236363  0.4953080  0.4751954  0.5249311  0.5748077  0.5766473  0.5488935  0.5036365  0.4750450  0.4847829  0.5283714  0.5467311  0.5295750  0.5115852  0.5418621  0.5574207  0.5102171  0.4962890  0.5816329  0.5988777  0.5924114  0.5891627  0.5885934  0.5892869  0.5816865  0.5483722
 3  0.7521145  0.7089222  0.6746099  0.6563167  0.6577309  0.7053039  0.7054596  0.6952182  0.6848902  0.6798880  0.6817899  0.6820522  0.6853674  0.6693937  0.6474440  0.6496773  0.6639285  0.6205298  0.5678008  0.6460019  0.7005771  0.6966665  0.7052359  0.7109869  0.7278973  0.7252580  0.7077674
 4  0.4566311  0.4168102  0.3855268  0.3599593  0.4760571  0.5206503  0.4825270  0.4140052  0.3655896  0.3619024  0.4117750  0.4686953  0.4715312  0.4309935  0.4321213  0.4934000  0.4978402  0.4259520  0.4517722  0.5416155  0.5419511  0.5206010  0.4942470  0.5019587  0.5112725  0.4814524  0.4272659
 1  0.7290193  0.6837632  0.6493520  0.6315394  0.6210868  0.6238056  0.6519201  0.6601115  0.6679114  0.6829985  0.6872057  0.6880418  0.6969206  0.6998710  0.7064962  0.7079613  0.7107704  0.7228275  0.7122416  0.7055156  0.6768006  0.6415756  0.6277968  0.5504216  0.4948153  0.6361605  0.6437122
 2  0.5731135  0.5245497  0.4935670  0.4722297  0.4566241  0.4825180  0.5303161  0.5455755  0.5535492  0.5623351  0.5604099  0.5525849  0.5513344  0.5512664  0.5548139  0.5551987  0.5754334  0.5943142  0.5914244  0.5689627  0.5218311  0.5042789  0.5150961  0.4693397  0.4626837  0.5734115  0.5723956
 3  0.7523618  0.7097663  0.6731909  0.6515229  0.6383510  0.6381892  0.6680438  0.6795553  0.6857223  0.7013220  0.7064178  0.7054695  0.7141460  0.7167899  0.7230382  0.7253729  0.7266467  0.7426366  0.7332914  0.7237875  0.6941242  0.6585812  0.6461354  0.5720718  0.5034172  0.6562628  0.6677538
 4  0.4573780  0.4167930  0.3832833  0.3614251  0.3557198  0.4236910  0.4738872  0.4646214  0.4707638  0.4839137  0.4643887  0.4546414  0.4543713  0.4541199  0.4634877  0.4527163  0.5012019  0.5250739  0.4912861  0.4421367  0.4120782  0.4342272  0.4532689  0.4006948  0.4373199  0.5294642  0.5191878
 1  0.7283085  0.6840649  0.6436042  0.6229107  0.6332691  0.6389697  0.6316182  0.6328012  0.6496491  0.6474034  0.6470851  0.6512892  0.6691978  0.6740879  0.6705524  0.6825159  0.6773231  0.6811548  0.6779704  0.6785218  0.6745159  0.6685801  0.6623997  0.6670858  0.6881470  0.6957031  0.6914987
 2  0.5726575  0.5248717  0.4886130  0.4794513  0.4961021  0.5009471  0.4942256  0.5168430  0.5434850  0.5408516  0.5308405  0.5350373  0.5612334  0.5676239  0.5665154  0.5665460  0.5630499  0.5630591  0.5632694  0.5609085  0.5482869  0.5304729  0.5268994  0.5672863  0.5959085  0.6007270  0.5829607
 3  0.7516802  0.7099042  0.6675765  0.6422438  0.6505375  0.6567811  0.6480970  0.6486394  0.6684573  0.6675294  0.6662292  0.6681381  0.6868284  0.6952373  0.6900519  0.7015830  0.6965382  0.7001065  0.6973917  0.6978848  0.6939756  0.6865327  0.6788759  0.6839032  0.7094694  0.7186743  0.7126432
 4  0.4573648  0.4163187  0.3802567  0.3942372  0.4201048  0.4086228  0.4087929  0.4597808  0.4780145  0.4584689  0.4366348  0.4614896  0.5012029  0.4911634  0.4820118  0.4841036  0.4812521  0.4843337  0.4829044  0.4767115  0.4494941  0.4249097  0.4525388  0.5154905  0.5362672  0.5194996  0.4685304
 1  0.7292546  0.6838715  0.6557505  0.6448383  0.6389100  0.6393678  0.6455189  0.6587760  0.6787844  0.7016816  0.7058218  0.7063774  0.7134611  0.7119001  0.7118697  0.7120840  0.7113280  0.7139413  0.7041643  0.6985544  0.6963109  0.7025715  0.6881514  0.6730796  0.6639729  0.6595051  0.6606442
 2  0.5718989  0.5240255  0.4992193  0.4832717  0.4719466  0.4715700  0.4886659  0.5184069  0.5618902  0.5894286  0.5926084  0.5844975  0.5737299  0.5615187  0.5450083  0.5354233  0.5397638  0.5472206  0.5503075  0.5499559  0.5668992  0.5804160  0.5664619  0.5338792  0.5047629  0.5061961  0.5227235
 3  0.7524902  0.7101030  0.6795562  0.6645191  0.6558164  0.6553284  0.6605968  0.6746822  0.6950366  0.7210698  0.7267874  0.7247256  0.7312536  0.7295676  0.7278247  0.7276275  0.7266535  0.7304018  0.7214793  0.7158976  0.7137058  0.7225136  0.7091009  0.6917336  0.6805067  0.6754631  0.6780148
 4  0.4556608  0.4177696  0.3872210  0.3689704  0.3715437  0.3783665  0.4114809  0.4487549  0.4996972  0.5222725  0.4994230  0.4796045  0.4747093  0.4486763  0.4262782  0.4216153  0.4455094  0.4559251  0.4537587  0.4596268  0.4954175  0.5062113  0.4639497  0.4088848  0.3972296  0.4297264  0.4511808
 1  0.7307392  0.6865300  0.6536122  0.6384476  0.6413796  0.6611580  0.6630740  0.6695574  0.6557910  0.6512426  0.6213543  0.5441573  0.6067114  0.6822185  0.6860704  0.6928743  0.6865982  0.6846482  0.6894479  0.7034767  0.6946550  0.6904550  0.6867185  0.6834583  0.6719478  0.6550391  0.6814770
 2  0.5709265  0.5237572  0.4954257  0.4804922  0.4980831  0.5273495  0.5412318  0.5461037  0.5423489  0.5421294  0.5104141  0.4422008  0.5505066  0.5971454  0.6026002  0.5887547  0.5568434  0.5258027  0.5473132  0.5832345  0.5830900  0.5635392  0.5352607  0.5166511  0.5043064  0.5403597  0.5855579
 3  0.7534590  0.7122673  0.6773254  0.6581224  0.6574175  0.6781017  0.6810464  0.6878906  0.6744465  0.6707472  0.6436082  0.5619600  0.6139403  0.7051399  0.7094552  0.7134698  0.7055695  0.7015463  0.7039202  0.7237991  0.7166397  0.7092699  0.7037056  0.7002056  0.6884841  0.6715465  0.7012630
 4  0.4540021  0.4161973  0.3848088  0.3749478  0.4276727  0.4577517  0.4633957  0.4627013  0.4676737  0.4724982  0.4140065  0.3718353  0.5166611  0.5439949  0.5175907  0.4821998  0.4377671  0.4036788  0.4867928  0.5236623  0.4870676  0.4400704  0.4217346  0.4095321  0.4158599  0.4900865  0.5287611
 1  0.7296156  0.6865713  0.6459893  0.6233111  0.6161112  0.6123840  0.6068278  0.6199243  0.6656794  0.6838569  0.6834510  0.6867218  0.6997620  0.7137265  0.7155677  0.7129208  0.7044645  0.6999605  0.7069437  0.7098424  0.7110304  0.7182549  0.7158701  0.7063751  0.6949916  0.6971669  0.7039009
 2  0.5721350  0.5249587  0.4890157  0.4707535  0.4715232  0.4753848  0.4835452  0.5391701  0.5855721  0.5951299  0.5808527  0.5529879  0.5376487  0.5453486  0.5589841  0.5633445  0.5483691  0.5306223  0.5404226  0.5566436  0.5758524  0.5974363  0.6002478  0.5854052  0.5586377  0.5639663  0.5751500
 3  0.7525046  0.7120612  0.6698169  0.6432120  0.6333024  0.6296162  0.6232692  0.6333335  0.6855990  0.7069587  0.7050247  0.7046895  0.7149657  0.7293126  0.7325241  0.7308682  0.7222161  0.7160527  0.7225691  0.7275520  0.7288131  0.7373982  0.7376394  0.7268594  0.7123997  0.7144837  0.7232769
 4  0.4555682  0.4155233  0.3808083  0.3729459  0.3910701  0.3950651  0.4139725  0.4979680  0.5322172  0.5192294  0.4689195  0.4184057  0.4308572  0.4600704  0.4736067  0.4635925  0.4271953  0.4154538  0.4560290  0.4746315  0.4972706  0.5269326  0.5187944  0.4705588  0.4537234  0.4917306  0.4953965
 1  0.7282820  0.6798776  0.6347602  0.6110580  0.6217717  0.6287953  0.6364128  0.6480722  0.6612035  0.6665262  0.6638365  0.6706522  0.6941394  0.6875280  0.6799372  0.6776614  0.6725432  0.6605833  0.6723146  0.7082718  0.7061009  0.7075644  0.7101385  0.7105814  0.7022547  0.6955914  0.6909028
 2  0.5697585  0.5218709  0.4860594  0.4721518  0.4814458  0.4797669  0.4711067  0.4741116  0.4919145  0.5065042  0.5213338  0.5730705  0.6033184  0.5991960  0.5806170  0.5584110  0.5352091  0.5168117  0.5776518  0.6122914  0.6165655  0.6062686  0.5903355  0.5726722  0.5429745  0.5189745  0.5015090
 3  0.7517544  0.7066486  0.6596289  0.6310472  0.6392291  0.6460281  0.6520203  0.6627832  0.6763519  0.6829760  0.6808558  0.6861664  0.7168152  0.7118735  0.7021462  0.6967529  0.6902889  0.6789305  0.6853568  0.7317344  0.7302740  0.7284893  0.7294879  0.7291354  0.7193483  0.7115245  0.7062738
 4  0.4555172  0.4185805  0.3820044  0.3840542  0.3968056  0.3780856  0.3607470  0.3788327  0.4087267  0.4215418  0.4428797  0.5227071  0.5466846  0.5224814  0.4794788  0.4497396  0.4402864  0.4239114  0.5277186  0.5571816  0.5339324  0.5063030  0.4903525  0.4616047  0.4201905  0.3951761  0.3828282
 1  0.7315684  0.6873880  0.6627503  0.6527739  0.6528236  0.6601395  0.6738861  0.6953864  0.6898653  0.6877834  0.6878808  0.6860756  0.6736063  0.6586108  0.6568787  0.6482922  0.6757541  0.7151504  0.6995786  0.6894768  0.6662908  0.6329144  0.5935917  0.5304440  0.6086193  0.6151493  0.6583962
 2  0.5697771  0.5223139  0.5016930  0.4851721  0.4680283  0.4598276  0.5043244  0.5585243  0.5781541  0.5805929  0.5769143  0.5600041  0.5255227  0.4973766  0.4959806  0.5122696  0.5942070  0.6198205  0.6085883  0.5811407  0.5391208  0.5039262  0.4666015  0.4845022  0.5517983  0.5626805  0.5907284
 3  0.7537993  0.7128146  0.6859853  0.6723998  0.6695787  0.6746821  0.6867569  0.7124192  0.7098911  0.7085880  0.7087097  0.7052695  0.6915080  0.6753589  0.6729988  0.6651948  0.6887905  0.7399075  0.7244347  0.7095631  0.6847052  0.6530229  0.6116796  0.5396304  0.6268559  0.6327883  0.6794604
 4  0.4515532  0.4146470  0.3901990  0.3637153  0.3403583  0.3434644  0.4476588  0.5004934  0.5066481  0.5045165  0.4851714  0.4504232  0.4086447  0.3933504  0.4113281  0.4446632  0.5447712  0.5613635  0.5132681  0.4642067  0.4486076  0.4109486  0.3844087  0.4587890  0.5085424  0.5192273  0.5405696
 1  0.7286303  0.6826911  0.6380992  0.6119184  0.5955388  0.5962024  0.6185084  0.6349018  0.6857355  0.7034114  0.7025974  0.6996775  0.6929918  0.6923542  0.6895761  0.6805197  0.6780892  0.6766420  0.6874645  0.6712070  0.6695816  0.6782890  0.6730366  0.6993778  0.7275204  0.7184529  0.7078201
 2  0.5686480  0.5225831  0.4859616  0.4604773  0.4511793  0.4806182  0.5203897  0.5593917  0.5985453  0.6096701  0.5982765  0.5735459  0.5385041  0.5196735  0.5086463  0.4945961  0.4936571  0.5316264  0.5668507  0.5655705  0.5676933  0.5745169  0.5649427  0.6077136  0.6254478  0.6232111  0.5954719
 3  0.7517398  0.7088155  0.6625074  0.6324875  0.6126703  0.6111135  0.6355163  0.6511465  0.7056363  0.7256670  0.7241814  0.7187627  0.7097592  0.7082487  0.7056504  0.6962418  0.6932703  0.6915591  0.7068570  0.6924853  0.6881623  0.6987124  0.6941019  0.7144596  0.7519373  0.7427246  0.7284218
 4  0.4547156  0.4168095  0.3806755  0.3558914  0.3704865  0.4286942  0.4641134  0.5081861  0.5382123  0.5340631  0.4987505  0.4486992  0.4169726  0.4137091  0.3961158  0.3779070  0.3914305  0.4742269  0.5050669  0.4826217  0.4959251  0.5034469  0.4730803  0.5453802  0.5650339  0.5330271  0.4640209
 1  0.7290541  0.6814757  0.6399141  0.6213828  0.6401131  0.6414429  0.6440013  0.6540204  0.6731306  0.6786862  0.6844676  0.6811655  0.6713503  0.6712586  0.6941412  0.7032160  0.7093346  0.7086408  0.6987013  0.6927525  0.6904952  0.6922151  0.6817665  0.6224635  0.6296939  0.6650755  0.6499993
 2  0.5720311  0.5230618  0.4886553  0.4903308  0.5134371  0.5091189  0.4861411  0.4798242  0.5044697  0.5330705  0.5617894  0.5666800  0.5524592  0.5631781  0.5908558  0.6065986  0.6066528  0.5959517  0.5639441  0.5245666  0.4977641  0.5066306  0.5341734  0.5246931  0.5643585  0.5836561  0.5650927
 3  0.7524456  0.7078604  0.6643486  0.6402916  0.6580298  0.6605437  0.6606750  0.6684058  0.6881722  0.6953749  0.7027862  0.7018255  0.6917486  0.6878408  0.7142951  0.7248181  0.7310000  0.7294279  0.7175710  0.7094085  0.7053739  0.7068036  0.6997334  0.6433164  0.6455434  0.6884531  0.6746642
 4  0.4569095  0.4176880  0.3834341  0.4165845  0.4412433  0.4045432  0.3540034  0.3829407  0.4291609  0.4641472  0.4934193  0.4873034  0.4542502  0.4964881  0.5318895  0.5341673  0.5237389  0.4928806  0.4377561  0.3846110  0.3741603  0.4260945  0.4664454  0.4654483  0.5171988  0.5273905  0.4769082
 1  0.7304056  0.6863066  0.6533890  0.6384599  0.6384129  0.6481712  0.6575824  0.6734792  0.6717576  0.6684165  0.6786797  0.6852153  0.7062504  0.7039746  0.6932616  0.6905250  0.6853900  0.6807642  0.6856433  0.6798424  0.6824136  0.6850377  0.6880968  0.6890414  0.6818181  0.6773176  0.6759649
 2  0.5719358  0.5241406  0.4949658  0.4781020  0.4775549  0.4896278  0.5152772  0.5385374  0.5333517  0.5198392  0.5270027  0.5657038  0.5950964  0.5995319  0.5827341  0.5682065  0.5517086  0.5398410  0.5435976  0.5389640  0.5317607  0.5275967  0.5368554  0.5457704  0.5427485  0.5336710  0.5424748
 3  0.7532408  0.7120878  0.6771384  0.6582138  0.6551131  0.6640333  0.6729233  0.6907661  0.6905860  0.6848230  0.6948666  0.7014238  0.7266195  0.7259776  0.7135158  0.7099226  0.7044213  0.6977961  0.7031393  0.6982478  0.6995075  0.7013573  0.7042188  0.7070786  0.7004740  0.6946224  0.6930313
 4  0.4545313  0.4161992  0.3839044  0.3685135  0.3856108  0.4043998  0.4449694  0.4620173  0.4252060  0.4163532  0.4449082  0.5067320  0.5324112  0.5144032  0.4883829  0.4755685  0.4471914  0.4473711  0.4592246  0.4422370  0.4243173  0.4266321  0.4563197  0.4641821  0.4423666  0.4370853  0.4693760
 1  0.7281665  0.6808234  0.6442463  0.6267863  0.6292814  0.6309065  0.6310417  0.6285207  0.6316582  0.6448402  0.6461672  0.6869015  0.6996831  0.7094383  0.7004397  0.6971860  0.6884557  0.6815032  0.6851484  0.6764031  0.6906380  0.6927621  0.6915434  0.7006939  0.7095880  0.6985594  0.6897717
 2  0.5709774  0.5221279  0.4920220  0.4802924  0.4844236  0.4845168  0.4784544  0.4766941  0.5128971  0.5509733  0.5809497  0.6031477  0.6162948  0.6126936  0.5894556  0.5583665  0.5199104  0.5136935  0.5361851  0.5583891  0.5771144  0.5786710  0.5686155  0.5816560  0.5928134  0.5866045  0.5677908
 3  0.7515019  0.7071882  0.6685313  0.6466033  0.6466756  0.6481679  0.6474024  0.6447307  0.6465761  0.6644383  0.6634767  0.7096375  0.7228324  0.7320772  0.7213579  0.7151655  0.7050885  0.6966640  0.7019809  0.6949728  0.7100818  0.7131136  0.7103631  0.7176997  0.7306565  0.7196652  0.7092281
 4  0.4557197  0.4170906  0.3855460  0.3860271  0.3994438  0.3916574  0.3819599  0.3906977  0.4606824  0.4982714  0.5262522  0.5471760  0.5436329  0.5255150  0.4768904  0.4320089  0.3956887  0.4284027  0.4677245  0.4895873  0.5042733  0.4888135  0.4701002  0.5107402  0.5220616  0.4938976  0.4705116
 1  0.7281973  0.6810513  0.6410760  0.6170573  0.6191007  0.6535424  0.6676194  0.6745855  0.6822806  0.6918555  0.7021262  0.7114254  0.7033266  0.6888980  0.6686986  0.6590122  0.6634469  0.6700712  0.7018608  0.6988453  0.6965030  0.7042187  0.7116140  0.7182641  0.7147996  0.7094718  0.7117684
 2  0.5743464  0.5232414  0.4889406  0.4627901  0.4829711  0.5280239  0.5464336  0.5399580  0.5198773  0.4952637  0.4930832  0.5329228  0.5590036  0.5612451  0.5495769  0.5468013  0.5498762  0.5834384  0.6067936  0.6061179  0.5868634  0.5635270  0.5471809  0.5456531  0.5658780  0.5996041  0.6084378
 3  0.7516029  0.7069893  0.6651025  0.6376984  0.6347121  0.6694559  0.6862774  0.6925106  0.6985872  0.7064219  0.7151434  0.7266583  0.7217048  0.7091743  0.6889862  0.6777943  0.6837690  0.6859359  0.7248430  0.7229448  0.7168004  0.7213689  0.7276993  0.7337718  0.7318497  0.7287126  0.7359310
 4  0.4584144  0.4155433  0.3845516  0.3541009  0.4170405  0.4698946  0.4631137  0.4250375  0.3842789  0.3481930  0.3968587  0.4612911  0.4849825  0.4793980  0.4625842  0.4755527  0.4709195  0.5255366  0.5492413  0.5175525  0.4653551  0.4411638  0.4358358  0.4515735  0.4926404  0.5395974  0.5406021
 1  0.7281184  0.6803456  0.6430426  0.6244981  0.6030883  0.5941916  0.6373081  0.6432379  0.6375416  0.6281490  0.6569019  0.6834749  0.6839048  0.6766236  0.6663206  0.6599517  0.6780813  0.6915562  0.6953047  0.7111816  0.7069523  0.7011179  0.6930860  0.6872498  0.6936405  0.6901462  0.6785077
 2  0.5729084  0.5231594  0.4915983  0.4712619  0.4539353  0.4944157  0.5559867  0.5607921  0.5441366  0.5298602  0.5595565  0.5842061  0.5826804  0.5644472  0.5343128  0.5222379  0.5594613  0.5792897  0.5931577  0.5999132  0.5908553  0.5642703  0.5189942  0.4890104  0.5042484  0.5391749  0.5460117
 3  0.7517145  0.7068348  0.6674013  0.6448578  0.6205385  0.6074053  0.6549852  0.6656753  0.6594057  0.6471520  0.6734825  0.7034551  0.7056121  0.6972375  0.6852073  0.6765418  0.6943595  0.7123606  0.7146115  0.7314668  0.7281064  0.7197056  0.7092199  0.7019083  0.7079605  0.7078196  0.6985053
 4  0.4576816  0.4178749  0.3852803  0.3644139  0.3672173  0.4543629  0.5088363  0.4926699  0.4578149  0.4508663  0.5004392  0.5202709  0.5007405  0.4624618  0.4223745  0.4399637  0.5028611  0.5085655  0.5139072  0.5231358  0.4916283  0.4292488  0.3703096  0.3676278  0.4285533  0.4705377  0.4597178
 1  0.7289669  0.6798174  0.6410618  0.6229585  0.6334663  0.6518349  0.6562635  0.6595449  0.6669847  0.6785346  0.6973667  0.7123041  0.7213177  0.7118716  0.7002621  0.7000956  0.7049657  0.7127165  0.7098762  0.7007781  0.6903095  0.6752667  0.6689150  0.6709399  0.6830869  0.6932881  0.6994898
 2  0.5742236  0.5219689  0.4900460  0.4826121  0.5093539  0.5307407  0.5268039  0.5036388  0.4760098  0.4694183  0.5381997  0.6084333  0.6230277  0.6150898  0.5760363  0.5312620  0.5028875  0.5085661  0.5431720  0.5701820  0.5776868  0.5655484  0.5499785  0.5447412  0.5590919  0.5803702  0.5914814
 3  0.7523603  0.7060461  0.6652872  0.6426968  0.6500763  0.6700171  0.6749598  0.6764177  0.6821662  0.6920568  0.7109837  0.7318115  0.7463481  0.7351144  0.7193524  0.7161284  0.7190838  0.7265732  0.7259658  0.7196012  0.7114944  0.6967705  0.6886059  0.6886694  0.7007308  0.7119581  0.7201382
 4  0.4578898  0.4160871  0.3867194  0.3962954  0.4452734  0.4562664  0.4205862  0.3709262  0.3349306  0.3630387  0.4895098  0.5544094  0.5558636  0.5080239  0.4321987  0.3811050  0.3773690  0.4172476  0.4695858  0.5031837  0.5041523  0.4769527  0.4513989  0.4593037  0.4871128  0.5126256  0.5186345
 1  0.7287269  0.6810465  0.6452244  0.6282736  0.6252428  0.6402735  0.6539433  0.6605339  0.6648550  0.6590154  0.6745672  0.6807247  0.6729435  0.6708288  0.6746761  0.6764959  0.6966451  0.7146918  0.7049475  0.6973227  0.6907828  0.6886866  0.6887279  0.6866979  0.6841738  0.6844783  0.6829220
 2  0.5719461  0.5224118  0.4926983  0.4715162  0.4659832  0.4915479  0.5236941  0.5456239  0.5528017  0.5552171  0.5720031  0.5745683  0.5572711  0.5387447  0.5348452  0.5449642  0.5929720  0.6123564  0.6053803  0.5761310  0.5265524  0.4796100  0.4808099  0.5380605  0.5735463  0.5813422  0.5859252
 3  0.7520538  0.7073838  0.6694631  0.6487135  0.6420803  0.6551399  0.6704597  0.6785310  0.6843439  0.6780174  0.6934685  0.7019193  0.6933187  0.6884827  0.6918624  0.6937492  0.7131419  0.7379704  0.7282905  0.7170695  0.7074727  0.7029238  0.7015722  0.7030610  0.7035065  0.7061237  0.7034367
 4  0.4562514  0.4171398  0.3865182  0.3585199  0.3720834  0.4236337  0.4584214  0.4760185  0.4761159  0.4822980  0.5058055  0.4943632  0.4519545  0.4378490  0.4486589  0.4708699  0.5357454  0.5487604  0.5083921  0.4392942  0.3667538  0.3308522  0.4054907  0.4828495  0.5105627  0.5095509  0.5086423
 1  0.7276935  0.6808899  0.6358844  0.6102223  0.6197454  0.6401082  0.6517046  0.6544504  0.6651695  0.6797405  0.6899181  0.6918479  0.6947590  0.7082331  0.7201768  0.7100346  0.6940817  0.6891709  0.6966620  0.6957088  0.6801923  0.6627033  0.6512181  0.6295449  0.6356883  0.6744888  0.6753581
 2  0.5721492  0.5231672  0.4852383  0.4675509  0.4866140  0.5134676  0.5229695  0.5163038  0.5200170  0.5402842  0.5570246  0.5604595  0.5619707  0.5916418  0.6065519  0.5983343  0.5545822  0.5208848  0.5435624  0.5630514  0.5536752  0.5230354  0.5007096  0.4860641  0.5330214  0.5810949  0.5829191
 3  0.7511928  0.7071239  0.6603132  0.6302891  0.6363771  0.6566679  0.6694441  0.6719290  0.6811246  0.6960068  0.7079225  0.7102377  0.7122848  0.7251734  0.7422356  0.7319066  0.7125021  0.7040737  0.7121695  0.7151779  0.7007375  0.6811650  0.6679914  0.6475205  0.6499250  0.6942381  0.6986720
 4  0.4573467  0.4167572  0.3807947  0.3768174  0.4152870  0.4433958  0.4355915  0.4141050  0.4314055  0.4679064  0.4777505  0.4669296  0.4720100  0.5273328  0.5380186  0.4886771  0.3994816  0.4105189  0.4815422  0.4914881  0.4488811  0.4068419  0.4071677  0.4040303  0.4842505  0.5287114  0.5014880
 1  0.7285885  0.6862186  0.6529415  0.6383036  0.6440304  0.6482535  0.6626180  0.6690976  0.6609081  0.6522935  0.6606524  0.6815434  0.6672701  0.6615886  0.6752746  0.6801160  0.6910207  0.6961420  0.6954191  0.7051346  0.7149957  0.7070586  0.7023031  0.7000079  0.6987265  0.7017198  0.7152677
 2  0.5713707  0.5254495  0.4942877  0.4859923  0.4957283  0.5110325  0.5307223  0.5344378  0.5104548  0.4807996  0.5272193  0.5732691  0.5683401  0.5631783  0.5710476  0.5777406  0.5798878  0.5748284  0.5603057  0.5743120  0.5927459  0.5905620  0.5724371  0.5440408  0.5075013  0.5241719  0.5711877
 3  0.7516385  0.7118235  0.6765022  0.6573780  0.6612418  0.6650096  0.6791628  0.6874773  0.6788518  0.6682054  0.6741890  0.7018393  0.6902058  0.6800742  0.6951765  0.7004231  0.7104379  0.7158136  0.7132970  0.7211098  0.7353315  0.7281598  0.7213358  0.7171720  0.7138900  0.7146088  0.7331232
 4  0.4556943  0.4160292  0.3815731  0.3930991  0.4130009  0.4332804  0.4555181  0.4394314  0.3868882  0.3679860  0.4779857  0.5188932  0.4807131  0.4862245  0.5033040  0.4987471  0.4970767  0.4759285  0.4520475  0.5036123  0.5244363  0.4964190  0.4540691  0.4071285  0.3579752  0.4588716  0.5116592
 1  0.7287496  0.6818591  0.6437560  0.6237921  0.5834519  0.4795833  0.6600621  0.5058559  0.5635511  0.5763459  0.6051969  0.6682248  0.6353740  0.6099621  0.6370648  0.6567889  0.6614019  0.6547200  0.6530474  0.6618148  0.6708094  0.6606663  0.6488486  0.6594686  0.6786004  0.6725320  0.6795609
 2  0.5722266  0.5235127  0.4912244  0.4651978  0.4150335  0.4206627  0.5861143  0.4667195  0.5149849  0.5204673  0.5665157  0.5876537  0.5544094  0.5274465  0.5562623  0.5774019  0.5749231  0.5611381  0.5501503  0.5583710  0.5619706  0.5406213  0.5134199  0.5473675  0.5817546  0.5877945  0.5896957
 3  0.7522206  0.7083418  0.6681151  0.6442805  0.6017882  0.4856322  0.6829479  0.5230516  0.5803859  0.5961843  0.6162739  0.6939689  0.6621368  0.6287110  0.6534552  0.6776595  0.6838701  0.6763225  0.6721437  0.6801051  0.6911474  0.6812230  0.6661228  0.6743312  0.6993215  0.6941521  0.7014513
 4  0.4567510  0.4181136  0.3831312  0.3488338  0.3026208  0.4128170  0.5400057  0.4385967  0.4787872  0.4777098  0.5268159  0.5353347  0.4640211  0.4517497  0.5066235  0.5190077  0.5033346  0.4747334  0.4693568  0.4906410  0.4839785  0.4301497  0.4126521  0.4960650  0.5252064  0.5211982  0.5209259
 1  0.7314508  0.6878004  0.6510314  0.6353157  0.6433973  0.6557219  0.6539977  0.6499495  0.6532631  0.6784945  0.7090934  0.7051835  0.6986194  0.7005518  0.7083412  0.7094445  0.6890722  0.6710625  0.6476102  0.6127898  0.6521895  0.6347540  0.6166631  0.5907182  0.6040291  0.6333620  0.6461168
 2  0.5718119  0.5234790  0.4921363  0.4895670  0.5178243  0.5360129  0.5245798  0.4918322  0.4828462  0.5661964  0.6039543  0.6053130  0.5785822  0.5546175  0.5609917  0.5704034  0.5569829  0.5348632  0.5148333  0.5288298  0.5663283  0.5512079  0.5210587  0.4936776  0.5175322  0.5452682  0.5725677
 3  0.7538355  0.7130726  0.6746642  0.6544989  0.6601734  0.6745759  0.6732244  0.6670667  0.6676899  0.6919967  0.7310457  0.7278453  0.7180979  0.7168670  0.7246956  0.7284052  0.7088233  0.6894755  0.6661664  0.6278196  0.6728232  0.6581315  0.6369823  0.6100901  0.6193313  0.6523658  0.6639434
 4  0.4534029  0.4143047  0.3844986  0.4044649  0.4552194  0.4599473  0.4127651  0.3551093  0.3949012  0.5235736  0.5448768  0.5091955  0.4479329  0.4445228  0.4867282  0.4904942  0.4560726  0.4371646  0.4305308  0.4836087  0.5126261  0.4719308  0.4376908  0.4183466  0.4646819  0.4883127  0.5138913
 1  0.7320621  0.6914412  0.6616856  0.6463273  0.6439169  0.6513545  0.6615080  0.6794048  0.6911171  0.7039123  0.7055003  0.7045201  0.7071166  0.7057923  0.7005141  0.6947567  0.6826434  0.6591920  0.6379466  0.6507705  0.6279634  0.6570681  0.6470528  0.6463129  0.6512792  0.6689273  0.6949007
 2  0.5746545  0.5263231  0.4973594  0.4778288  0.4718969  0.4766184  0.4974094  0.5290623  0.5630952  0.5846431  0.5871397  0.5786804  0.5665833  0.5552789  0.5379611  0.5249269  0.5058451  0.4789809  0.5163931  0.5780040  0.5706625  0.5775052  0.5661879  0.5476172  0.5449378  0.5711351  0.5958502
 3  0.7544364  0.7162697  0.6846474  0.6658902  0.6605471  0.6669035  0.6762598  0.6948441  0.7078998  0.7231022  0.7257783  0.7231375  0.7249191  0.7232405  0.7171919  0.7110923  0.6990935  0.6757382  0.6516576  0.6733721  0.6481696  0.6806726  0.6712529  0.6660208  0.6689261  0.6864238  0.7151603
 4  0.4545522  0.4138657  0.3840913  0.3623586  0.3706196  0.3802373  0.4170754  0.4555586  0.4954732  0.5124985  0.4954321  0.4755127  0.4651248  0.4476634  0.4269707  0.4134669  0.3910372  0.3720603  0.4725649  0.5307337  0.5181846  0.5218538  0.4794903  0.4538602  0.4722925  0.5121588  0.5305725
 1  0.7287904  0.6835164  0.6516058  0.6372710  0.6364711  0.6498535  0.6618939  0.6673778  0.6687377  0.6765621  0.6862554  0.7035411  0.7009103  0.7007202  0.6953078  0.6941164  0.6937079  0.6879805  0.6901981  0.6855125  0.6840225  0.6918331  0.6988236  0.6966414  0.6977044  0.7023953  0.7131348
 2  0.5701777  0.5238196  0.4960447  0.4771921  0.4773562  0.4987931  0.5128291  0.5097486  0.5102273  0.5320364  0.5650642  0.5850818  0.5830656  0.5664950  0.5380901  0.5220762  0.5209138  0.5390038  0.5607539  0.5687109  0.5750460  0.5873913  0.5920823  0.5811927  0.5589035  0.5374459  0.5341289
 3  0.7520664  0.7098105  0.6756095  0.6571737  0.6529436  0.6655452  0.6786155  0.6839288  0.6838481  0.6933036  0.7035573  0.7229802  0.7210673  0.7192351  0.7122804  0.7098541  0.7097124  0.7048096  0.7086935  0.7054967  0.7032979  0.7117109  0.7201374  0.7170396  0.7158847  0.7181316  0.7280754
 4  0.4552733  0.4179815  0.3847392  0.3641174  0.3893668  0.4242141  0.4221946  0.3952402  0.4228746  0.4620566  0.4980937  0.5101486  0.4873727  0.4493681  0.4151003  0.4138702  0.4296874  0.4643812  0.4898899  0.4905033  0.5008149  0.5185412  0.5118594  0.4774817  0.4305326  0.4145216  0.4340901
 1  0.7295185  0.6835518  0.6511199  0.6402033  0.6426481  0.6371344  0.5956535  0.6481714  0.6343087  0.6108501  0.6348981  0.6497893  0.6280582  0.6055348  0.6493225  0.6854107  0.6682672  0.6515480  0.6578498  0.6676032  0.6749207  0.6806954  0.6889213  0.6964105  0.6916549  0.6837936  0.6790325
 2  0.5718653  0.5230020  0.4951131  0.4952848  0.5119729  0.5129079  0.5155963  0.5751168  0.5563779  0.5317227  0.5479318  0.5590713  0.5400296  0.5335215  0.5823729  0.5984848  0.5771831  0.5389963  0.5205147  0.5159958  0.5189548  0.5317360  0.5487566  0.5606406  0.5557829  0.5382480  0.5334097
 3  0.7524887  0.7094268  0.6748950  0.6592276  0.6601874  0.6564231  0.6097737  0.6708939  0.6606997  0.6308399  0.6526747  0.6702511  0.6485465  0.6239630  0.6658641  0.7091046  0.6924679  0.6717690  0.6750469  0.6840841  0.6910403  0.6970515  0.7056734  0.7141811  0.7102813  0.7018830  0.6952960
 4  0.4555759  0.4158283  0.3863538  0.4096514  0.4426550  0.4278059  0.4705682  0.5296279  0.4766522  0.4561794  0.4892485  0.4908724  0.4722552  0.4806536  0.5311325  0.5361473  0.4808147  0.4241941  0.4191132  0.4231400  0.4293334  0.4457124  0.4687863  0.4770736  0.4591670  0.4264386  0.4478721
 1  0.7274045  0.6818744  0.6456205  0.6268557  0.6215028  0.6235625  0.6493307  0.6606187  0.6634265  0.6627251  0.6625501  0.6555534  0.6520668  0.6646338  0.6582817  0.6926968  0.6997340  0.7165180  0.7224792  0.7142534  0.6964168  0.6843138  0.6760967  0.6718801  0.6745279  0.6839982  0.6877323
 2  0.5715916  0.5239169  0.4919902  0.4683213  0.4465359  0.4533362  0.5053993  0.5393668  0.5469272  0.5439125  0.5362765  0.5216623  0.5413659  0.5666066  0.5884064  0.6045891  0.6152012  0.6233138  0.6227711  0.6119135  0.5704744  0.5114587  0.4522794  0.4331461  0.4824002  0.5407994  0.5690070
 3  0.7509238  0.7080620  0.6696749  0.6470797  0.6390386  0.6378886  0.6635545  0.6788119  0.6824364  0.6814983  0.6813065  0.6738855  0.6677485  0.6855929  0.6762297  0.7160517  0.7225363  0.7374946  0.7462896  0.7373376  0.7165297  0.7009290  0.6899713  0.6848545  0.6878455  0.7005189  0.7066747
 4  0.4571408  0.4171220  0.3829524  0.3554777  0.3258966  0.3765179  0.4519536  0.4713484  0.4639806  0.4580179  0.4452935  0.4277222  0.4842063  0.5090822  0.5302375  0.5464840  0.5388607  0.5512565  0.5509999  0.5133606  0.4280026  0.3366733  0.2989916  0.3278621  0.4219431  0.4811382  0.4959333
 1  0.7295224  0.6865967  0.6553388  0.6427147  0.6443597  0.6476059  0.6538330  0.6526947  0.6404487  0.6169782  0.6470971  0.6709894  0.6859447  0.6929589  0.6963193  0.7020273  0.7126233  0.7104888  0.6994290  0.6936969  0.6918335  0.6949507  0.7149061  0.6973459  0.6778367  0.6705816  0.6760285
 2  0.5724896  0.5259165  0.4965475  0.4859786  0.4907047  0.5009230  0.5084747  0.5041046  0.4876751  0.4966724  0.5543257  0.5876045  0.5963837  0.5952047  0.5753782  0.5642481  0.5757383  0.5810874  0.5673518  0.5485448  0.5334418  0.5732544  0.6036598  0.5941024  0.5490221  0.4988953  0.4839106
 3  0.7526309  0.7122956  0.6788567  0.6619614  0.6613729  0.6642887  0.6704559  0.6700286  0.6574543  0.6325897  0.6636694  0.6908726  0.7086760  0.7147462  0.7156864  0.7181960  0.7302595  0.7305432  0.7187072  0.7111119  0.7089069  0.7094150  0.7372383  0.7211063  0.6975303  0.6863551  0.6904850
 4  0.4564538  0.4168345  0.3835774  0.3859061  0.4045866  0.4177840  0.4204035  0.4046266  0.3908745  0.4428854  0.5048199  0.5302747  0.5263096  0.5004162  0.4539176  0.4685978  0.5053154  0.4956524  0.4567330  0.4390210  0.4260589  0.5170599  0.5451949  0.4918845  0.3953664  0.3605098  0.3832077
 1  0.7309671  0.6881320  0.6558707  0.6411191  0.6390306  0.6389254  0.6358087  0.6428186  0.6673831  0.6622038  0.6734065  0.6864679  0.7074404  0.7086162  0.7052337  0.7056797  0.7077278  0.7084694  0.7087698  0.7070076  0.7046251  0.7004091  0.7005155  0.6893264  0.6812130  0.6887806  0.6866189
 2  0.5684563  0.5234431  0.4958566  0.4794634  0.4677261  0.4527331  0.4472287  0.5104977  0.5607264  0.5727710  0.5768833  0.5932673  0.6015992  0.5972366  0.5768103  0.5546324  0.5397646  0.5274851  0.5273743  0.5305802  0.5350696  0.5483229  0.5609261  0.5498123  0.5402008  0.5504202  0.5542315
 3  0.7533426  0.7135582  0.6793687  0.6607694  0.6561923  0.6548220  0.6500732  0.6561979  0.6865210  0.6825083  0.6944430  0.7058740  0.7282839  0.7295464  0.7239764  0.7226049  0.7239288  0.7237675  0.7239685  0.7225943  0.7207240  0.7168033  0.7188274  0.7086657  0.6978046  0.7061372  0.7056488
 4  0.4519946  0.4152868  0.3844135  0.3694319  0.3573114  0.3331710  0.3540241  0.4679118  0.5041195  0.5051212  0.5049851  0.5199587  0.5266743  0.5002796  0.4599285  0.4396375  0.4235456  0.4147180  0.4199827  0.4304405  0.4376372  0.4679889  0.4799853  0.4407090  0.4459457  0.4761185  0.4637851
 1  0.7317671  0.6900678  0.6579938  0.6422908  0.6401463  0.6463010  0.6525136  0.6544922  0.6629930  0.6699885  0.6760124  0.6977459  0.7014737  0.7003628  0.7035002  0.7135851  0.7263702  0.7255480  0.7200283  0.7170028  0.7161268  0.7136170  0.7167093  0.7178410  0.7236146  0.7249797  0.7200541
 2  0.5734793  0.5252307  0.4957604  0.4804185  0.4805616  0.4932861  0.5056926  0.5126753  0.5240396  0.5299705  0.5591400  0.5897141  0.5959944  0.5799628  0.5460979  0.5239732  0.5339395  0.5541053  0.5617595  0.5644594  0.5664147  0.5671276  0.5679255  0.5670830  0.5756499  0.5901724  0.5921879
 3  0.7541083  0.7150693  0.6811995  0.6618111  0.6570124  0.6623945  0.6689213  0.6713897  0.6797261  0.6873700  0.6918152  0.7174503  0.7234265  0.7200906  0.7200594  0.7273322  0.7406554  0.7421956  0.7372302  0.7341399  0.7338772  0.7313872  0.7345562  0.7347358  0.7404003  0.7434921  0.7402953
 4  0.4539986  0.4140657  0.3842900  0.3742258  0.3899949  0.4115552  0.4219807  0.4266176  0.4405160  0.4418433  0.4963853  0.5295036  0.5097920  0.4538437  0.3880126  0.4005286  0.4507032  0.4651374  0.4601512  0.4681436  0.4728462  0.4748766  0.4657299  0.4642068  0.4913944  0.5141827  0.5041324
 1  0.7288535  0.6820883  0.6460165  0.6312889  0.6442088  0.6641512  0.6760356  0.6724795  0.6698026  0.6733842  0.6862875  0.6869012  0.6817955  0.6784727  0.6695660  0.6562830  0.6493812  0.6543559  0.6750064  0.6821802  0.7033237  0.7038748  0.7066442  0.7136569  0.7063101  0.6992206  0.6893999
 2  0.5713388  0.5228276  0.4925069  0.4869997  0.5140409  0.5476137  0.5589852  0.5435395  0.5104254  0.4934308  0.5154169  0.5373506  0.5551406  0.5626156  0.5508751  0.5211444  0.5098141  0.5562221  0.5927505  0.6046585  0.6143922  0.6078851  0.5904772  0.5735616  0.5465667  0.5155323  0.4945751
 3  0.7520863  0.7082459  0.6700922  0.6506811  0.6607716  0.6814090  0.6952995  0.6918320  0.6867557  0.6878415  0.7013386  0.7041581  0.6997041  0.6983786  0.6903865  0.6750305  0.6656373  0.6700566  0.6960488  0.7045488  0.7274497  0.7262056  0.7256160  0.7314786  0.7236177  0.7148890  0.7044840
 4  0.4561338  0.4167630  0.3852432  0.3984959  0.4478471  0.4832688  0.4768601  0.4271099  0.3691404  0.3919750  0.4416719  0.4600949  0.4820500  0.4886934  0.4522012  0.4066711  0.4295596  0.5088405  0.5394583  0.5444902  0.5419293  0.5086155  0.4821367  0.4650406  0.4223750  0.3819453  0.3766298
 1  0.7275399  0.6835103  0.6508226  0.6352851  0.6245644  0.6256347  0.6327941  0.6406192  0.6700642  0.6843051  0.6945533  0.7001994  0.6994646  0.7014018  0.7086416  0.7103879  0.7054379  0.7050757  0.7077162  0.7102629  0.7016783  0.6971221  0.6956569  0.6887594  0.6872226  0.6956507  0.7024575
 2  0.5739787  0.5258796  0.4945581  0.4732299  0.4608896  0.4717459  0.4920056  0.5297932  0.5690054  0.5849611  0.5859332  0.5752264  0.5492329  0.5282428  0.5422384  0.5620963  0.5688478  0.5740307  0.5887574  0.5965408  0.5870514  0.5713856  0.5551157  0.5351318  0.5297332  0.5538600  0.5732880
 3  0.7511398  0.7093131  0.6743623  0.6551013  0.6414830  0.6412985  0.6490762  0.6560152  0.6885303  0.7049461  0.7146716  0.7191768  0.7168938  0.7167931  0.7238515  0.7284167  0.7242860  0.7229839  0.7264036  0.7315375  0.7228220  0.7157705  0.7137092  0.7066533  0.7028601  0.7122229  0.7212900
 4  0.4592037  0.4164436  0.3830183  0.3598910  0.3662696  0.3958793  0.4175951  0.4743880  0.5105290  0.5098182  0.4947120  0.4659273  0.4206319  0.4124390  0.4638249  0.4856039  0.4764439  0.4879676  0.5192606  0.5216202  0.4884772  0.4665976  0.4554962  0.4205963  0.4370907  0.4854038  0.4954113
 1  0.7283414  0.6853327  0.6487556  0.6287007  0.6218668  0.6236242  0.6225493  0.6136308  0.6472211  0.6459935  0.6756815  0.6816935  0.6834316  0.6945047  0.7021515  0.7069007  0.7104136  0.7116731  0.7108684  0.7091025  0.7026731  0.7012553  0.6894018  0.6662051  0.6690400  0.6955736  0.6990632
 2  0.5707404  0.5255412  0.4922114  0.4648834  0.4436411  0.4334496  0.4378575  0.5016102  0.5738542  0.5857541  0.5949090  0.5972898  0.5753308  0.5487997  0.5300994  0.5332532  0.5680659  0.5912915  0.5972787  0.5869858  0.5615710  0.5456010  0.5430961  0.5455039  0.5739585  0.6006460  0.6044866
 3  0.7516474  0.7112628  0.6726294  0.6488563  0.6390056  0.6387672  0.6373175  0.6268464  0.6662360  0.6653108  0.7008036  0.7060377  0.7035047  0.7110184  0.7177089  0.7224893  0.7272002  0.7319915  0.7320211  0.7287490  0.7205969  0.7177148  0.7067277  0.6859707  0.6870908  0.7164306  0.7219635
 4  0.4561331  0.4174347  0.3803681  0.3460273  0.3275006  0.3277158  0.3516451  0.4649111  0.5278670  0.5361968  0.5371296  0.5044362  0.4471817  0.4216155  0.4220207  0.4465009  0.5011414  0.5229643  0.5104748  0.4780819  0.4436621  0.4436010  0.4671473  0.4757448  0.5133926  0.5389065  0.5304069
 1  0.7279220  0.6800036  0.6414750  0.6213536  0.6127713  0.6203672  0.6549918  0.6795520  0.6744573  0.6650977  0.6593481  0.6647084  0.6711386  0.6774042  0.6861642  0.6989424  0.7037346  0.7107500  0.6999744  0.6939907  0.6905259  0.6908117  0.6876346  0.6782335  0.6754483  0.6797694  0.6882176
 2  0.5722626  0.5225433  0.4902229  0.4666715  0.4527541  0.4802278  0.5427316  0.5728880  0.5635284  0.5311975  0.5037133  0.5112820  0.5320979  0.5531746  0.5816744  0.5981963  0.6080127  0.6062550  0.5845311  0.5497241  0.5242022  0.5351512  0.5472586  0.5453136  0.5379034  0.5375557  0.5472599
 3  0.7514597  0.7064343  0.6657996  0.6418336  0.6300489  0.6346288  0.6699453  0.6992579  0.6954885  0.6841138  0.6754747  0.6807393  0.6884782  0.6951212  0.7043988  0.7203714  0.7250263  0.7328711  0.7211711  0.7115589  0.7059406  0.7072144  0.7057502  0.6973377  0.6934314  0.6964776  0.7054169
 4  0.4572140  0.4171446  0.3841192  0.3561341  0.3542520  0.4215588  0.4934415  0.5051035  0.4641744  0.4026615  0.3996009  0.4371829  0.4574232  0.4808877  0.5189591  0.5320909  0.5340898  0.5234032  0.4681377  0.4116473  0.4237065  0.4600572  0.4687499  0.4510294  0.4363695  0.4498442  0.4647832
 1  0.7299583  0.6872195  0.6492737  0.6284542  0.6301127  0.6388950  0.6477107  0.6583981  0.6719779  0.6969985  0.7006191  0.7018575  0.7087063  0.7076225  0.7076095  0.7103314  0.7078075  0.6999221  0.6942168  0.6953164  0.6970434  0.6927677  0.6996522  0.6839279  0.6670285  0.6617564  0.6864521
 2  0.5711477  0.5252501  0.4915312  0.4699051  0.4683698  0.4755427  0.4900507  0.5055496  0.5448180  0.5786804  0.5854125  0.5790604  0.5708985  0.5617582  0.5499405  0.5532075  0.5534116  0.5372415  0.5158675  0.5054129  0.5083728  0.5393275  0.5734017  0.5719042  0.5474938  0.5613349  0.5873964
 3  0.7529014  0.7130312  0.6732377  0.6484014  0.6469817  0.6546282  0.6628856  0.6744153  0.6870522  0.7157188  0.7213693  0.7199983  0.7265510  0.7255734  0.7239929  0.7266221  0.7252627  0.7173672  0.7100281  0.7099189  0.7125087  0.7080380  0.7189085  0.7055508  0.6869840  0.6778607  0.7074372
 4  0.4546550  0.4171442  0.3803389  0.3626067  0.3732014  0.3849533  0.4076555  0.4195545  0.4824371  0.5155791  0.4930732  0.4760925  0.4759177  0.4547222  0.4431325  0.4603544  0.4571819  0.4156773  0.3811782  0.3970831  0.4078578  0.4739948  0.5102684  0.4849029  0.4483238  0.5010915  0.5296506
 1  0.7300844  0.6846392  0.6133944  0.5489504  0.5282466  0.5174087  0.5763779  0.5925639  0.6748155  0.6640876  0.6606513  0.6726842  0.6855669  0.6942064  0.6934351  0.6913216  0.6941784  0.7085250  0.7086609  0.6997119  0.6830905  0.6773709  0.7086868  0.6955689  0.6820250  0.6797909  0.6909777
 2  0.5711411  0.5235489  0.4677560  0.4240537  0.4217794  0.4627532  0.5187319  0.5605291  0.5951722  0.5854126  0.5700772  0.5718826  0.5805468  0.5852297  0.5759177  0.5533787  0.5432750  0.5633061  0.5752326  0.5670725  0.5389934  0.5722313  0.6033082  0.5962825  0.5579983  0.5080735  0.4900195
 3  0.7530262  0.7106776  0.6386761  0.5698701  0.5452014  0.5280272  0.5936661  0.6014083  0.6999722  0.6895157  0.6818014  0.6913959  0.7051961  0.7145828  0.7134259  0.7099700  0.7098576  0.7249984  0.7281498  0.7188248  0.7013127  0.6917213  0.7311162  0.7193218  0.7019526  0.6958434  0.7047218
 4  0.4548105  0.4170595  0.3717567  0.3436230  0.3590125  0.4337225  0.4751791  0.5234486  0.5431085  0.5059188  0.4813793  0.4966486  0.5102081  0.5038216  0.4772113  0.4294236  0.4456101  0.4941400  0.4932957  0.4613998  0.4289206  0.5185639  0.5459933  0.4982551  0.4080876  0.3495611  0.3812452
 1  0.7297766  0.6848057  0.6575991  0.6500503  0.6620303  0.6653352  0.6700004  0.6791370  0.6827464  0.6873299  0.6891035  0.6846695  0.6620156  0.6245101  0.5961902  0.4103273  0.6785420  0.7005633  0.7028578  0.7022978  0.7076553  0.7096154  0.7080242  0.7074416  0.7062837  0.7115402  0.7020845
 2  0.5731114  0.5244942  0.4992003  0.5018054  0.5185557  0.5250299  0.5293084  0.5380739  0.5411232  0.5433895  0.5467064  0.5362362  0.5001818  0.4757433  0.4986855  0.4490016  0.6094357  0.6186363  0.6176039  0.6169940  0.6033202  0.5839504  0.5544752  0.5282968  0.5425886  0.5719142  0.5759232
 3  0.7529155  0.7106406  0.6810217  0.6686693  0.6794659  0.6830866  0.6863195  0.6962422  0.7002943  0.7041720  0.7066772  0.7027769  0.6796873  0.6406874  0.6139187  0.3952054  0.6979561  0.7264617  0.7300622  0.7260045  0.7286496  0.7286247  0.7250904  0.7230337  0.7207725  0.7301007  0.7226012
 4  0.4566960  0.4162671  0.3865594  0.4149426  0.4394461  0.4322996  0.4411642  0.4529045  0.4474501  0.4532366  0.4570698  0.4292277  0.3818766  0.4026772  0.4483721  0.4494282  0.5590592  0.5626647  0.5518054  0.5285914  0.5024692  0.4689106  0.4280135  0.4012064  0.4691756  0.5068657  0.4808710
 1  0.7280549  0.6809974  0.6573874  0.6505483  0.6493877  0.6577278  0.6733010  0.6843075  0.6916978  0.7090902  0.7050771  0.7044944  0.7054221  0.7066618  0.7121877  0.7177557  0.7194880  0.7101570  0.7013351  0.6962709  0.6979011  0.6918747  0.6990608  0.6987611  0.6912292  0.6900362  0.6825491
 2  0.5742871  0.5233197  0.5010925  0.4889646  0.4830739  0.4990926  0.5319527  0.5497779  0.5726233  0.5875965  0.5841994  0.5647357  0.5365237  0.5056093  0.4943342  0.5455784  0.5754508  0.5784135  0.5634351  0.5564959  0.5554252  0.5563214  0.5674690  0.5650895  0.5477781  0.5323315  0.5261067
 3  0.7515398  0.7070218  0.6807639  0.6699494  0.6661056  0.6730749  0.6889590  0.7023446  0.7084577  0.7287010  0.7253862  0.7222578  0.7216174  0.7212013  0.7248588  0.7322697  0.7383239  0.7293591  0.7194063  0.7138838  0.7160036  0.7096351  0.7171505  0.7179497  0.7091347  0.7065239  0.6994662
 4  0.4584217  0.4157221  0.3894646  0.3765381  0.3838697  0.4203650  0.4641471  0.4660690  0.4985971  0.5142058  0.4824718  0.4395825  0.3976245  0.3496614  0.3885621  0.4842685  0.5015552  0.4775182  0.4592704  0.4670700  0.4652579  0.4708912  0.4867370  0.4677700  0.4334261  0.4269153  0.4352206
 1  0.7296925  0.6821534  0.6480428  0.6356272  0.6475479  0.6513653  0.6542677  0.6694870  0.6805956  0.6785726  0.6748591  0.6713693  0.6706023  0.6730962  0.6761464  0.6775656  0.6805808  0.6756826  0.6675913  0.6685754  0.6521201  0.6493252  0.6800787  0.6956438  0.6955832  0.7038341  0.7042133
 2  0.5699182  0.5222040  0.4949646  0.4924150  0.5051712  0.5037200  0.4998685  0.5238227  0.5467034  0.5476340  0.5365594  0.5199147  0.5240897  0.5487112  0.5637341  0.5687001  0.5659482  0.5540551  0.5483885  0.5550673  0.5442420  0.5550355  0.5881660  0.5996261  0.5962911  0.5956719  0.5875610
 3  0.7528275  0.7087934  0.6724427  0.6548849  0.6650246  0.6690815  0.6697227  0.6846661  0.6983431  0.6973886  0.6931488  0.6884211  0.6865155  0.6910446  0.6959693  0.6969170  0.7004872  0.6951138  0.6850072  0.6884393  0.6729511  0.6661277  0.6996471  0.7177987  0.7161479  0.7238864  0.7251365
 4  0.4541773  0.4185686  0.3863639  0.4042745  0.4227528  0.3994614  0.4033052  0.4537669  0.4727132  0.4564500  0.4288546  0.4131455  0.4488776  0.4855964  0.4885890  0.4898875  0.4811441  0.4572589  0.4744660  0.4852869  0.4595395  0.4952638  0.5300054  0.5242968  0.5115459  0.5160762  0.4948753
 1  0.7310651  0.6893614  0.6453906  0.6171592  0.6119817  0.6305140  0.6563910  0.6607038  0.6740870  0.6942061  0.6940167  0.6781323  0.6684788  0.6740441  0.6664425  0.6496058  0.6435631  0.6167061  0.6154220  0.5752246  0.5512384  0.5770074  0.6257372  0.6176257  0.6703313  0.6344872  0.6078000
 2  0.5714015  0.5249206  0.4867274  0.4590792  0.4584075  0.4999784  0.5349842  0.5455767  0.5673333  0.5932026  0.5921307  0.5653219  0.5302573  0.5125016  0.4982905  0.4906909  0.5132782  0.5266356  0.5333718  0.5077764  0.5007804  0.5356521  0.5579728  0.5727536  0.5903938  0.5565621  0.5339878
 3  0.7535218  0.7145680  0.6692459  0.6375626  0.6287892  0.6448854  0.6738537  0.6792267  0.6909039  0.7141680  0.7168739  0.6999177  0.6861497  0.6900722  0.6833585  0.6657172  0.6606128  0.6350713  0.6355809  0.5954885  0.5658442  0.5917562  0.6475893  0.6319840  0.6955554  0.6608825  0.6264763
 4  0.4534606  0.4148438  0.3788356  0.3518076  0.3731874  0.4451060  0.4682171  0.4627178  0.5023201  0.5311384  0.5132346  0.4463203  0.4071552  0.4122642  0.3970918  0.4083729  0.4482712  0.4723209  0.4745984  0.4492589  0.4630592  0.4977805  0.5115875  0.5279705  0.5391830  0.4764806  0.4695013
 1  0.7294815  0.6844707  0.6438587  0.6209768  0.6152726  0.6229756  0.6422949  0.6728447  0.6845847  0.6937425  0.6927027  0.6899019  0.6794531  0.6659090  0.6782266  0.6672515  0.6649445  0.6723784  0.6869181  0.6922775  0.6905841  0.7005207  0.7024265  0.6980660  0.6874613  0.6755379  0.6612811
 2  0.5725402  0.5238844  0.4894478  0.4651257  0.4565466  0.4690678  0.5160189  0.5584195  0.5751907  0.5764956  0.5636070  0.5458786  0.5187104  0.5222416  0.5569427  0.5643125  0.5643988  0.5712192  0.5776472  0.5690380  0.5560434  0.5652829  0.5805380  0.5841461  0.5722892  0.5489766  0.5163292
 3  0.7525449  0.7104590  0.6680784  0.6414096  0.6324501  0.6383174  0.6565685  0.6904231  0.7041324  0.7128803  0.7114994  0.7077169  0.6967123  0.6815808  0.6964172  0.6882779  0.6849693  0.6921904  0.7067503  0.7116924  0.7078108  0.7173644  0.7217898  0.7186417  0.7082872  0.6953339  0.6792742
 4  0.4554746  0.4167696  0.3824753  0.3566135  0.3611503  0.3915670  0.4620798  0.4970857  0.4956818  0.4842680  0.4623053  0.4364170  0.4057009  0.4527117  0.4981463  0.4915801  0.4901650  0.4969672  0.4946757  0.4643786  0.4553311  0.4912292  0.5098621  0.5052591  0.4807937  0.4404464  0.4052438
 1  0.7294027  0.6818774  0.6464026  0.6310436  0.6366488  0.6427251  0.6507261  0.6506501  0.6448343  0.6445376  0.6423311  0.6677479  0.7025853  0.6952672  0.6894419  0.6897980  0.6932823  0.6956818  0.6924348  0.6925831  0.6973144  0.6954450  0.6938859  0.6923324  0.6932934  0.6880416  0.6850344
 2  0.5698543  0.5217168  0.4933899  0.4839008  0.4906635  0.5011981  0.5100480  0.5088868  0.5097247  0.5238479  0.5420499  0.5899770  0.6097433  0.6014177  0.5687715  0.5378646  0.5312638  0.5392365  0.5461781  0.5493289  0.5545369  0.5539514  0.5510919  0.5558857  0.5575836  0.5478946  0.5452716
 3  0.7524993  0.7083400  0.6707465  0.6507492  0.6539182  0.6594439  0.6672274  0.6682415  0.6614651  0.6622445  0.6608818  0.6834868  0.7265958  0.7184920  0.7085997  0.7064520  0.7089513  0.7126166  0.7101849  0.7093679  0.7149134  0.7132616  0.7111957  0.7100157  0.7118183  0.7063046  0.7017637
 4  0.4541562  0.4175816  0.3860529  0.3891134  0.4057245  0.4184543  0.4264059  0.4155196  0.4313781  0.4586461  0.4774453  0.5385310  0.5463348  0.4986359  0.4387274  0.4196611  0.4434741  0.4573510  0.4486141  0.4592105  0.4667890  0.4585814  0.4594468  0.4730651  0.4679839  0.4438915  0.4583406
 1  0.7272826  0.6765279  0.6384152  0.6220917  0.6234622  0.6278358  0.6524916  0.6908710  0.6835709  0.6696679  0.6593884  0.6592768  0.6782481  0.6722940  0.6641439  0.6654689  0.6685822  0.6622537  0.6510168  0.6464693  0.6363365  0.6252460  0.6534226  0.6889253  0.6946550  0.6960836  0.7007897
 2  0.5729577  0.5210785  0.4902054  0.4798521  0.4848780  0.4946738  0.5498560  0.5875617  0.5812935  0.5475637  0.5049567  0.5064991  0.5413320  0.5465960  0.5318077  0.5275959  0.5390461  0.5423837  0.5436705  0.5478113  0.5459698  0.5476646  0.5896981  0.6059765  0.6087254  0.5921173  0.5621048
 3  0.7510606  0.7032012  0.6628542  0.6420679  0.6409125  0.6448314  0.6662467  0.7109424  0.7062523  0.6898298  0.6766234  0.6738489  0.6952917  0.6923415  0.6825691  0.6822973  0.6862636  0.6816359  0.6702481  0.6658471  0.6568736  0.6439500  0.6694037  0.7134908  0.7190766  0.7165119  0.7183327
 4  0.4584400  0.4170217  0.3870257  0.3877238  0.4038383  0.4161165  0.4990700  0.5285725  0.4894601  0.4200513  0.3760370  0.4372346  0.4801280  0.4554415  0.4256522  0.4424468  0.4673547  0.4674581  0.4711718  0.4832152  0.4795453  0.4914462  0.5400703  0.5482289  0.5206852  0.4729428  0.4349875
 1  0.7263195  0.6761652  0.6321785  0.6080168  0.6025863  0.6098768  0.6147193  0.6033809  0.6284943  0.6613691  0.6868599  0.6904125  0.6930114  0.7037229  0.7036729  0.7052525  0.7118230  0.7150401  0.7159396  0.7220859  0.7123504  0.7083731  0.6994089  0.6970624  0.7020021  0.6976732  0.6891034
 2  0.5711790  0.5212492  0.4859649  0.4640230  0.4626302  0.4774881  0.4824550  0.4810061  0.5287891  0.5830010  0.5983436  0.5972451  0.5821304  0.5712867  0.5551006  0.5377082  0.5448102  0.5557075  0.5760729  0.5912827  0.5877365  0.5719080  0.5505514  0.5477991  0.5571691  0.5552576  0.5296844
 3  0.7502776  0.7030711  0.6569883  0.6286194  0.6197442  0.6260722  0.6322216  0.6198313  0.6433394  0.6786925  0.7102040  0.7131007  0.7118529  0.7219618  0.7216799  0.7209451  0.7271115  0.7321333  0.7327286  0.7415425  0.7323508  0.7269496  0.7169209  0.7135007  0.7197238  0.7162825  0.7065328
 4  0.4579942  0.4180866  0.3835013  0.3648878  0.3817909  0.4062287  0.3970348  0.4095647  0.4799412  0.5321746  0.5341854  0.5001508  0.4795813  0.4751843  0.4379295  0.4187298  0.4551245  0.4673041  0.4994648  0.5131572  0.4913972  0.4612537  0.4403509  0.4618673  0.4761541  0.4505917  0.3973238
 1  0.7283663  0.6827752  0.6373515  0.6102208  0.5987045  0.6164305  0.6474474  0.6587063  0.6761450  0.6849401  0.6839231  0.6891887  0.6924922  0.6905598  0.6716472  0.6544238  0.6824035  0.6644134  0.6582830  0.6692656  0.6794702  0.6767475  0.6823177  0.6873176  0.6869836  0.6961383  0.6942229
 2  0.5709641  0.5238797  0.4851453  0.4543216  0.4450730  0.4918205  0.5343755  0.5524215  0.5654496  0.5670853  0.5573448  0.5553206  0.5603290  0.5564437  0.5294491  0.5443179  0.5815212  0.5675408  0.5465012  0.5439652  0.5516039  0.5501051  0.5549644  0.5536011  0.5608118  0.5763551  0.5756176
 3  0.7517058  0.7088831  0.6617180  0.6310280  0.6156025  0.6300095  0.6648645  0.6771337  0.6943249  0.7046640  0.7025177  0.7063698  0.7107573  0.7093992  0.6904719  0.6692902  0.7032730  0.6884150  0.6780595  0.6862782  0.6978364  0.6957362  0.7005997  0.7056897  0.7041855  0.7155825  0.7151346
 4  0.4566222  0.4170227  0.3793115  0.3420689  0.3586843  0.4441231  0.4729362  0.4754606  0.4900566  0.4793087  0.4575528  0.4687347  0.4787008  0.4618923  0.4207437  0.4889216  0.5270624  0.4761174  0.4377598  0.4612494  0.4750981  0.4652091  0.4663155  0.4596655  0.4857851  0.5075430  0.4796684
 1  0.7305319  0.6896581  0.6456686  0.6191264  0.6197045  0.6351188  0.6541754  0.6491408  0.6506704  0.6570730  0.6792601  0.6892233  0.6879707  0.6909160  0.6934087  0.7014282  0.6941476  0.6889258  0.6817956  0.6796125  0.6778363  0.6712416  0.6628054  0.6630051  0.6692380  0.6910251  0.7022706
 2  0.5721984  0.5266032  0.4866521  0.4680558  0.4845498  0.5228056  0.5457094  0.5348199  0.5124025  0.5013679  0.5260220  0.5438015  0.5500944  0.5500545  0.5559012  0.5605022  0.5544009  0.5430670  0.5388170  0.5556196  0.5711905  0.5709020  0.5636572  0.5581487  0.5725450  0.5932375  0.6012011
 3  0.7533336  0.7150011  0.6695477  0.6388402  0.6363199  0.6513270  0.6729740  0.6695212  0.6690088  0.6724081  0.6944933  0.7067910  0.7055077  0.7087164  0.7107989  0.7192497  0.7126643  0.7067262  0.6991875  0.6975889  0.6979772  0.6927690  0.6835346  0.6830585  0.6873968  0.7112614  0.7242796
 4  0.4550996  0.4161370  0.3766164  0.3749845  0.4161400  0.4656712  0.4761031  0.4373076  0.3872158  0.4057912  0.4558443  0.4610180  0.4580208  0.4570613  0.4685204  0.4729114  0.4565155  0.4413219  0.4540912  0.4895658  0.5057558  0.4969822  0.4851045  0.4794441  0.5066238  0.5306104  0.5193757
 1  0.7307829  0.6860838  0.6491567  0.6346807  0.6595293  0.6650441  0.6648334  0.6784970  0.7114367  0.7077834  0.6966242  0.6930169  0.6883674  0.6874517  0.6957953  0.6955048  0.6911813  0.6894601  0.7059170  0.7021245  0.6920722  0.6882256  0.6903696  0.6891196  0.6858340  0.6803512  0.6780648
 2  0.5712566  0.5225106  0.4918445  0.5036537  0.5354498  0.5377121  0.5120051  0.5443938  0.5932326  0.6005642  0.5824133  0.5503894  0.5092191  0.4888839  0.5226224  0.5551076  0.5646689  0.5813693  0.5972969  0.5933611  0.5680863  0.5417007  0.5283368  0.5175472  0.5076388  0.4969990  0.5076407
 3  0.7532018  0.7114615  0.6728878  0.6530082  0.6776009  0.6844641  0.6819988  0.6909353  0.7308198  0.7304867  0.7172607  0.7109318  0.7044542  0.7012277  0.7104872  0.7132322  0.7104505  0.7075479  0.7268563  0.7239276  0.7117020  0.7053795  0.7067701  0.7054264  0.7017498  0.6956991  0.6931622
 4  0.4532831  0.4141112  0.3857059  0.4349874  0.4677911  0.4351640  0.3689712  0.4866824  0.5398253  0.5188049  0.4659277  0.4164616  0.3636638  0.3875432  0.4550155  0.4843659  0.4825326  0.5121087  0.5288030  0.5009629  0.4492522  0.4277662  0.4251899  0.4111363  0.3887026  0.3862041  0.4272562
 1  0.7288303  0.6817250  0.6356880  0.6076397  0.5664078  0.4288902  0.6290918  0.6837658  0.6504698  0.6524405  0.6580753  0.6542002  0.6481545  0.6646454  0.7029091  0.7117801  0.6994247  0.6950700  0.6942691  0.7065773  0.7224408  0.6994255  0.6746916  0.6624200  0.6705211  0.6646266  0.6578510
 2  0.5741911  0.5237030  0.4847314  0.4606331  0.4336850  0.4108674  0.5869127  0.5949072  0.5758148  0.5715342  0.5651337  0.5442373  0.5143875  0.5588077  0.6087565  0.6184621  0.6000182  0.5639237  0.5198911  0.5758092  0.6130308  0.6028495  0.5593858  0.5136241  0.5082443  0.5022301  0.5013196
 3  0.7523075  0.7079528  0.6601597  0.6281487  0.5843139  0.4364631  0.6374965  0.7135712  0.6767157  0.6742196  0.6797491  0.6748743  0.6660759  0.6778505  0.7234602  0.7363819  0.7222179  0.7137628  0.7097415  0.7194504  0.7463602  0.7246899  0.6963292  0.6790971  0.6859747  0.6822921  0.6742238
 4  0.4580154  0.4169323  0.3807355  0.3625391  0.3561550  0.3928080  0.5448157  0.5426713  0.5072123  0.5011120  0.4844339  0.4386978  0.4051897  0.5086961  0.5553320  0.5458620  0.4878202  0.4140251  0.3800555  0.5267029  0.5578299  0.5114985  0.4165713  0.3910887  0.4260735  0.4067959  0.4036718
 1  0.7302531  0.6859038  0.6462289  0.6242214  0.6165590  0.6244722  0.6376292  0.6356090  0.6325053  0.6538310  0.6852623  0.6770887  0.6695260  0.6749200  0.6794366  0.6860340  0.6827851  0.6856188  0.6752283  0.6650590  0.6562820  0.6476987  0.6495636  0.6662581  0.6975174  0.6938922  0.6817178
 2  0.5733499  0.5237260  0.4897454  0.4678623  0.4612307  0.4816240  0.5068591  0.5094983  0.5170437  0.5692326  0.5931578  0.5816950  0.5529343  0.5363032  0.5416004  0.5563627  0.5717556  0.5764343  0.5610208  0.5332727  0.5146875  0.5227270  0.5418017  0.5877334  0.6068212  0.6028369  0.5689353
 3  0.7529906  0.7113011  0.6700079  0.6445641  0.6337438  0.6397012  0.6542823  0.6538542  0.6492168  0.6689555  0.7077816  0.7000943  0.6886085  0.6920075  0.6961988  0.7039233  0.7016781  0.7061972  0.6963428  0.6835907  0.6729680  0.6651969  0.6678789  0.6821654  0.7213091  0.7175616  0.7018602
 4  0.4553468  0.4144629  0.3840086  0.3613429  0.3698283  0.4135411  0.4364072  0.4243550  0.4477128  0.5214310  0.5310860  0.4818562  0.4386942  0.4399783  0.4649910  0.4841996  0.5013408  0.5012635  0.4601133  0.4194200  0.4284905  0.4565442  0.4776405  0.5349341  0.5466075  0.5081197  0.4483810
 1  0.7306463  0.6839494  0.6449943  0.6225876  0.6185056  0.6220751  0.6413187  0.6617475  0.6953033  0.6926385  0.6864793  0.6875141  0.7054591  0.7109541  0.7009631  0.6958298  0.6942420  0.6998593  0.7005760  0.6858468  0.6739036  0.6826638  0.6782925  0.6939758  0.7070602  0.6910295  0.6779911
 2  0.5746519  0.5227490  0.4906827  0.4725670  0.4661684  0.4815392  0.5188909  0.5715562  0.5978347  0.5935960  0.5650822  0.5444284  0.5652011  0.5780158  0.5673896  0.5364884  0.5031038  0.5009298  0.5418210  0.5619131  0.5701924  0.5759339  0.5728718  0.5955097  0.6038388  0.5898432  0.5597377
 3  0.7534515  0.7096860  0.6690382  0.6429143  0.6362222  0.6374620  0.6571792  0.6778277  0.7169761  0.7153496  0.7063350  0.7034399  0.7217821  0.7304835  0.7203154  0.7128227  0.7091155  0.7138115  0.7166389  0.7068413  0.6941618  0.7030085  0.6990273  0.7116367  0.7300419  0.7140979  0.6973718
 4  0.4558021  0.4152092  0.3868869  0.3735404  0.3703168  0.4116179  0.4603697  0.5183762  0.5349274  0.4997682  0.4328137  0.4432521  0.4986956  0.4986937  0.4499908  0.3889139  0.3652778  0.4093179  0.4801563  0.4928006  0.4950860  0.5023025  0.4902355  0.5296373  0.5377739  0.4911023  0.4524362
 1  0.7306384  0.6854690  0.6486185  0.6304347  0.6299560  0.6346692  0.6439925  0.6682067  0.6963229  0.6936046  0.6878285  0.6937658  0.6959410  0.6991881  0.6941315  0.6919635  0.6830123  0.6903073  0.6890217  0.6850163  0.6863047  0.6921706  0.6943932  0.6907996  0.6847175  0.6882130  0.6919502
 2  0.5714296  0.5239925  0.4929593  0.4710034  0.4543420  0.4419019  0.4689561  0.5565209  0.5931452  0.5911859  0.5705744  0.5558950  0.5500188  0.5462293  0.5431071  0.5390968  0.5533005  0.5785775  0.5805084  0.5632853  0.5468812  0.5498895  0.5493738  0.5392497  0.5310845  0.5586964  0.5774684
 3  0.7535934  0.7115947  0.6727599  0.6506372  0.6472851  0.6497889  0.6571753  0.6826343  0.7176081  0.7157710  0.7068371  0.7114700  0.7132572  0.7162611  0.7113278  0.7090812  0.6995660  0.7104306  0.7109475  0.7042172  0.7030431  0.7094369  0.7124123  0.7082837  0.7008244  0.7049018  0.7126831
 4  0.4547070  0.4177429  0.3837000  0.3576824  0.3334668  0.3268784  0.4048985  0.5133893  0.5309807  0.4946071  0.4618770  0.4566367  0.4550625  0.4489160  0.4447499  0.4416950  0.4871565  0.5171417  0.4895210  0.4462501  0.4501962  0.4676175  0.4544724  0.4239504  0.4387041  0.4984603  0.5087808
 1  0.7298247  0.6826669  0.6481209  0.6394268  0.6687576  0.6732574  0.6725175  0.6761193  0.6833780  0.6941544  0.6880427  0.6813440  0.6905591  0.6905717  0.6904484  0.6898567  0.6906334  0.6913094  0.6976711  0.6961147  0.6985885  0.7082083  0.7113572  0.7133503  0.7160641  0.7145060  0.7074766
 2  0.5696666  0.5211598  0.4938897  0.5149879  0.5485291  0.5524826  0.5301392  0.5062007  0.5081531  0.5250387  0.5277308  0.5290098  0.5567727  0.5716366  0.5695511  0.5594220  0.5463268  0.5448524  0.5546351  0.5533005  0.5575110  0.5683871  0.5732568  0.5716925  0.5713625  0.5710418  0.5592559
 3  0.7525837  0.7088277  0.6722877  0.6572293  0.6873217  0.6930733  0.6898998  0.6917407  0.6978671  0.7099272  0.7055280  0.6969723  0.7075635  0.7105476  0.7102350  0.7082452  0.7080137  0.7080777  0.7151700  0.7143279  0.7151732  0.7256876  0.7298172  0.7304450  0.7334673  0.7323946  0.7255310
 4  0.4530319  0.4162894  0.3871702  0.4502402  0.4830160  0.4528541  0.4019461  0.3831627  0.4206674  0.4439980  0.4176262  0.4416566  0.4928947  0.4962796  0.4742726  0.4544666  0.4446169  0.4587603  0.4703905  0.4528919  0.4666437  0.4882888  0.4771372  0.4717744  0.4790618  0.4768967  0.4559803
 1  0.7291441  0.6867886  0.6529384  0.6343866  0.6158682  0.6087700  0.6459202  0.6758133  0.6700696  0.6801030  0.6714140  0.6647582  0.6748604  0.6885278  0.6872178  0.6846711  0.6859109  0.6836315  0.6875595  0.6877203  0.6947751  0.6945039  0.6971923  0.6928259  0.6878438  0.6796236  0.6679656
 2  0.5731839  0.5256805  0.4936914  0.4658002  0.4309719  0.4497213  0.5601829  0.5876505  0.5870181  0.5789301  0.5545782  0.5252354  0.5289117  0.5496930  0.5529663  0.5550750  0.5616283  0.5679903  0.5681251  0.5659208  0.5634358  0.5636488  0.5644393  0.5627382  0.5552645  0.5423354  0.5250380
 3  0.7522081  0.7122912  0.6764334  0.6544522  0.6332420  0.6220266  0.6587876  0.6999892  0.6929847  0.7011064  0.6919118  0.6825196  0.6905023  0.7057019  0.7058378  0.7023735  0.7042048  0.7032066  0.7074902  0.7061427  0.7130845  0.7126634  0.7155132  0.7115956  0.7066424  0.6981603  0.6860957
 4  0.4562852  0.4155206  0.3812640  0.3416809  0.3081508  0.3953877  0.5229497  0.5287922  0.5066699  0.4905658  0.4473220  0.4133236  0.4490272  0.4753706  0.4637690  0.4677785  0.4869867  0.4928940  0.4786123  0.4741912  0.4748024  0.4761439  0.4787274  0.4745270  0.4624374  0.4447561  0.4268333
