FL 2019 2020 2021 2022 2023 2024 2025 2026 2027 2028 2029 2030 2031 2032 2033 2034 2035 2036 2037 2038 2039 2040 2041 2042 2043 2044 2045
 1    4109.00    3843.84    3843.84    4060.06    4060.06    4710.09    4710.09    7353.19    7353.19    6002.30    6002.30    2386.69    2386.69    2315.54    2315.54    1889.58    1889.58     841.30     841.30     180.64     180.64     496.65     496.65    2050.82    2050.82    5671.51    5671.51
 2     783.00     732.16     732.16     773.34     773.34     897.16     897.16    1400.61    1400.61    1143.30    1143.30     454.61     454.61     441.06     441.06     359.92     359.92     160.25     160.25      34.41      34.41      94.60      94.60     390.63     390.63    1080.29    1080.29
 3    3537.00    2160.40    2042.95    3322.97    2404.28    3157.32    3860.46    5029.60    3005.81    2856.21    2856.21    2856.21    2856.21    2856.21    2856.21    2856.21    2856.21    2856.21    2856.21    2856.21    2856.21     462.11     741.46    1068.18    1218.20    2735.28    2735.28
 4    1379.00    1294.81     963.33    1266.90    1885.53    2092.95    1220.71    1225.76     606.05     652.01     652.01     652.01     652.01     652.01     652.01     652.01     652.01     652.01     652.01     652.01     652.01     785.89     716.38    1081.36     960.94     907.52     907.52
 1    4109.00    4466.15    4466.15    6307.22    6307.22    3847.07    3847.07    2615.38    2615.38    2492.95    2492.95    1492.26    1492.26    1638.25    1638.25    1516.28    1516.28    2288.75    2288.75   10584.88   10584.88    5637.32    5637.32    1501.96    1501.96     199.58     199.58
 2     783.00     850.70     850.70    1201.38    1201.38     732.78     732.78     498.17     498.17     474.85     474.85     284.24     284.24     312.05     312.05     288.82     288.82     435.95     435.95    2016.17    2016.17    1073.78    1073.78     286.09     286.09      38.02      38.02
 3    3537.00    2430.49    2746.51    2973.53    2198.41    2198.41    1526.61    1097.05    1331.98    1043.27    1410.29    1410.29    1304.03    1304.03    1304.03    1488.03    1402.54    2044.23    2673.26    5430.19    3695.18    3695.18    3695.18    3695.18    3053.26    2308.94    3689.79
 4    1379.00    1140.35     906.49     767.09     666.74     666.74     756.53     669.06     722.87     710.34     636.06     636.06     615.57     615.57     615.57     756.98    1262.87    1331.51    1099.85     843.16     564.99     564.99     564.99     564.99     564.99     564.99     564.99
 1    4109.00    6493.41    6493.41    4976.66    4976.66    7643.33    7643.33    3144.83    3144.83    1716.79    1716.79    1831.37    1831.37     900.90     900.90    2271.19    2271.19    2392.24    2392.24    2141.37    2141.37    3362.90    3362.90    1393.85    1393.85    1976.44    1976.44
 2     783.00    1236.84    1236.84     947.94     947.94    1455.87    1455.87     599.02     599.02     327.01     327.01     348.83     348.83     171.60     171.60     432.61     432.61     455.66     455.66     407.88     407.88     640.55     640.55     265.50     265.50     376.46     376.46
 3    3537.00    2667.27    2739.22    2206.73    1984.05    2023.96    2023.96    2023.96    2023.96    2023.96    2023.96    2023.96    2023.96    2023.96    2023.96    2023.96    2023.96    2023.96    2023.96    2023.96    2023.96    2023.96    2023.96    2023.96     530.55     806.77     806.77
 4    1379.00    1203.89    1004.47     892.94     764.65     669.29     669.29     669.29     669.29     669.29     669.29     669.29     669.29     669.29     669.29     669.29     669.29     669.29     669.29     669.29     669.29     669.29     669.29     669.29     868.84     855.88     855.88
 1    4109.00    2510.05    2510.05    6120.11    6120.11    4144.14    4144.14    1638.25    1638.25    1210.90    1210.90    2075.30    2075.30    2591.36    2591.36    3305.15    3305.15    5144.37    5144.37    3723.72    3723.72    4998.84    4998.84    4894.89    4894.89    2661.58    2661.58
 2     783.00     478.10     478.10    1165.74    1165.74     789.36     789.36     312.05     312.05     230.65     230.65     395.30     395.30     493.59     493.59     629.55     629.55     979.88     979.88     709.28     709.28     952.16     952.16     932.36     932.36     506.97     506.97
 3    3537.00    2134.06    2295.43    3029.39    2700.09    2018.21    2018.21     904.39    1020.55     916.11    1468.52    2434.60    2611.98    2822.46    2986.70    2378.44    1981.75    1871.85    2043.48    2293.23    1830.98    2423.62    2732.02    2732.02    2732.02    2732.02    2732.02
 4    1379.00    1302.30    1074.80     910.45     680.64     553.05     553.05     732.25    1050.90    1115.07    1180.49    1270.81    1138.27     977.91     899.78     770.41     842.60     802.64     757.16     916.68    1103.15    1108.71     736.88     736.88     736.88     736.88     736.88
 1    4109.00    3921.92    3921.92    4442.13    4442.13    5969.04    5969.04    9678.44    9678.44    8373.29    8373.29    1742.66    1742.66     932.32     932.32    4109.95    4109.95    4267.03    4267.03    2098.40    2098.40    4508.20    4508.20    4960.03    4960.03     887.04     887.04
 2     783.00     747.03     747.03     846.12     846.12    1136.96    1136.96    1843.51    1843.51    1594.91    1594.91     331.94     331.94     177.58     177.58     782.85     782.85     812.77     812.77     399.70     399.70     858.70     858.70     944.77     944.77     168.96     168.96
 3    3537.00    2340.26    2519.32    3109.98    2192.94    2546.51    2483.77    2185.15    2023.89    2023.89    2023.89    2023.89    2023.89     343.17    1070.64    1070.64    1070.64    1070.64    1070.64     794.53     794.53     794.53     794.53     794.53     794.53     794.53     794.53
 4    1379.00    1097.50     965.21    1103.57     996.47    1010.00    1037.68     890.39     894.50     894.50     894.50     894.50     894.50     705.48     830.04     830.04     830.04     830.04     830.04     693.96     693.96     693.96     693.96     693.96     693.96     693.96     693.96
 1    4109.00    6447.21    6447.21    7216.44    7216.44    4792.33    4792.33    1636.40    1636.40    1787.02    1787.02    1440.98    1440.98    2714.25    2714.25    3457.61    3457.61    2151.53    2151.53    1012.70    1012.70    1758.37    1758.37    4294.29    4294.29    1523.68    1523.68
 2     783.00    1228.04    1228.04    1374.56    1374.56     912.82     912.82     311.70     311.70     340.38     340.38     274.47     274.47     517.00     517.00     658.59     658.59     409.82     409.82     192.90     192.90     334.93     334.93     817.96     817.96     290.22     290.22
 3    3537.00    2821.76    2734.73    2784.43    2784.43    2784.43    2784.43    2784.43     541.61     541.61     541.61     541.61     541.61     541.61     541.61     541.61     541.61     541.61     541.61     541.61     541.61     740.26     740.26    1161.76    1161.76    1203.91    1203.91
 4    1379.00    1169.45     975.52     823.06     823.06     823.06     823.06     823.06     781.83     781.83     781.83     781.83     781.83     781.83     781.83     781.83     781.83     781.83     781.83     781.83     781.83     794.38     794.38     589.00     589.00     783.85     783.85
 1    4109.00    6966.04    6966.04    3525.98    3525.98    2566.41    2566.41    1725.11    1725.11    1123.12    1123.12     590.90     590.90     574.27     574.27    3113.88    3113.88    1458.53    1458.53     880.11     880.11    2226.84    2226.84    5678.44    5678.44    3917.30    3917.30
 2     783.00    1326.86    1326.86     671.62     671.62     488.84     488.84     328.59     328.59     213.93     213.93     112.55     112.55     109.38     109.38     593.12     593.12     277.82     277.82     167.64     167.64     424.16     424.16    1081.61    1081.61     746.15     746.15
 3    3537.00    2319.95    2385.84    2272.74    2272.74    2272.74    2272.74    2272.74    2272.74    2272.74    2272.74    2272.74    2272.74    2272.74    2272.74    2272.74    2272.74    2272.74    2272.74     580.30    1019.38    2049.68    2888.50    3885.27    3589.44    3589.44    3589.44
 4    1379.00    1119.37     930.37     838.68     838.68     838.68     838.68     838.68     838.68     838.68     838.68     838.68     838.68     838.68     838.68     838.68     838.68     838.68     838.68    1160.80    1290.85    1538.52    1379.81    1050.59     775.35     775.35     775.35
 1    4109.00    1392.47    1392.47    1664.12    1664.12    3273.73    3273.73    6409.33    6409.33    3645.64    3645.64    7696.46    7696.46    4100.71    4100.71    1525.99    1525.99    3941.32    3941.32   11631.77   11631.77    7008.08    7008.08    1034.42    1034.42     371.45     371.45
 2     783.00     265.23     265.23     316.98     316.98     623.57     623.57    1220.82    1220.82     694.41     694.41    1465.99    1465.99     781.09     781.09     290.66     290.66     750.73     750.73    2215.58    2215.58    1334.87    1334.87     197.03     197.03      70.75      70.75
 3    3537.00    1770.08    2132.06    2132.06    2132.06    2132.06    1537.44    1389.00    1570.69    1265.24    2188.02    2846.46    2846.46    2846.46    2846.46    2846.46     492.38     881.84    2012.53    5989.47    4449.70    4449.70    4449.70    4449.70    4358.07    4449.70     151.08
 4    1379.00    1121.02     942.20     942.20     942.20     942.20     962.80    1027.62    1284.67    1174.79    1091.35     863.51     863.51     863.51     863.51     863.51    1272.13    1524.53    1310.08    1168.29     858.40     858.40     858.40     858.40     858.40     858.40     918.72
 1    4109.00    6888.42    6888.42    8047.12    8047.12    3823.51    3823.51     569.65     569.65    2544.23    2544.23    5328.71    5328.71    4269.34    4269.34    2319.24    2319.24     925.85     925.85     684.22     684.22     735.04     735.04    1032.57    1032.57    4471.24    4471.24
 2     783.00    1312.08    1312.08    1532.78    1532.78     728.29     728.29     108.50     108.50     484.62     484.62    1014.99    1014.99     813.21     813.21     441.76     441.76     176.35     176.35     130.33     130.33     140.01     140.01     196.68     196.68     851.66     851.66
 3    3537.00    2805.65    2534.30    2327.91    2327.91    2327.91    2327.91     348.91     793.71    1458.97    2139.16    4141.76    2756.40    2756.40    2756.40    2756.40    2756.40    2756.40    2756.40    2756.40    2756.40    2756.40     457.10     639.42    1214.76    3559.14    4889.22
 4    1379.00    1265.04     934.89     744.68     744.68     744.68     744.68     925.82    1310.13    1411.44    1086.74    1028.81     753.17     753.17     753.17     753.17     753.17     753.17     753.17     753.17     753.17     753.17     845.14    2106.44    2888.86    2267.07    1724.88
 1    4109.00    6048.97    6048.97    4617.23    4617.23    2971.12    2971.12    2237.00    2237.00    1440.52    1440.52    1092.17    1092.17     992.38     992.38    1532.92    1532.92    4752.59    4752.59    4415.80    4415.80    5071.37    5071.37    1027.49    1027.49     621.39     621.39
 2     783.00    1152.18    1152.18     879.47     879.47     565.93     565.93     426.10     426.10     274.38     274.38     208.03     208.03     189.02     189.02     291.98     291.98     905.26     905.26     841.10     841.10     965.98     965.98     195.71     195.71     118.36     118.36
 3    3537.00    2399.09    2672.88    2290.83    2290.83    2290.83    2290.83    2290.83    2290.83    2290.83    2290.83    2290.83    2290.83    2290.83     387.10     690.14     946.00    2226.41    2226.41    2226.41    2226.41    2226.41    2226.41    2226.41    2226.41    2226.41    2226.41
 4    1379.00    1161.04    1033.97    1074.91    1074.91    1074.91    1074.91    1074.91    1074.91    1074.91    1074.91    1074.91    1074.91    1074.91     772.08    1049.93    1153.91     965.67     965.67     965.67     965.67     965.67     965.67     965.67     965.67     965.67     965.67
 1    4109.00    3446.06    3446.06    3726.49    3726.49    4056.82    4056.82    3433.58    3433.58    2627.39    2627.39    2020.79    2020.79    4787.71    4787.71    4769.69    4769.69    4872.25    4872.25    2606.14    2606.14    3762.07    3762.07    2588.12    2588.12    2938.78    2938.78
 2     783.00     656.39     656.39     709.81     709.81     772.73     772.73     654.02     654.02     500.46     500.46     384.91     384.91     911.94     911.94     908.51     908.51     928.05     928.05     496.41     496.41     716.58     716.58     492.98     492.98     559.77     559.77
 3    3537.00    3028.87    2777.14    2873.75    2458.32    2139.95    1926.90    1926.90    1926.90    1926.90    1926.90     854.83    1082.19    2324.05    2612.27    2533.46    2914.13    2285.09    1968.91    1482.71    1482.71    1482.71    1482.71    1482.71    1482.71    1482.71    1482.71
 4    1379.00    1431.76    1046.31     866.51     743.76     684.41     799.92     799.92     799.92     799.92     799.92     895.71    1053.54    1075.49    1122.04     914.49     941.57     840.25     788.16     663.58     663.58     663.58     663.58     663.58     663.58     663.58     663.58
 1    4109.00    4743.35    4743.35    5457.61    5457.61    4737.35    4737.35    3050.12    3050.12    1107.88    1107.88     753.98     753.98    3553.24    3553.24    6459.68    6459.68    5318.08    5318.08    2269.34    2269.34    3002.08    3002.08    5218.75    5218.75    7540.76    7540.76
 2     783.00     903.50     903.50    1039.54    1039.54     902.35     902.35     580.98     580.98     211.02     211.02     143.62     143.62     676.81     676.81    1230.42    1230.42    1012.97    1012.97     432.26     432.26     571.82     571.82     994.05     994.05    1436.34    1436.34
 3    3537.00    2258.42    2632.05    2331.49    2331.49    2331.49    2331.49    2331.49    2331.49    2331.49    2331.49     234.24     699.99    1796.58    2682.96    3480.89    2424.80    2424.80    1596.23     912.72    1065.40    1532.38    1325.20    1549.82    1862.75    3922.02    3195.84
 4    1379.00    1184.20     971.02     821.76     821.76     821.76     821.76     821.76     821.76     821.76     821.76    1035.39    1354.22    1345.05    1061.30     760.64     648.65     648.65     665.12     762.62     842.90     876.46    1024.74    1435.38    1572.71    1698.70    1386.74
 1    4109.00    5658.58    5658.58    3240.93    3240.93    2207.90    2207.90    1307.46    1307.46    2615.84    2615.84    2612.61    2612.61    2064.22    2064.22     792.33     792.33    1081.08    1081.08    1214.14    1214.14    2157.08    2157.08    4667.12    4667.12    3798.10    3798.10
 2     783.00    1077.82    1077.82     617.32     617.32     420.55     420.55     249.04     249.04     498.26     498.26     497.64     497.64     393.18     393.18     150.92     150.92     205.92     205.92     231.26     231.26     410.87     410.87     888.98     888.98     723.45     723.45
 3    3537.00    2223.51    2511.07    1933.82    1593.24    1538.86    1538.86    1538.86    1538.86    1538.86    1538.86    1538.86    1538.86    1538.86    1538.86    1538.86    1538.86    1538.86     299.20     299.20     299.20     299.20     299.20     299.20     915.16     816.54    1462.13
 4    1379.00     933.17     770.69     642.34     896.37     875.16     875.16     875.16     875.16     875.16     875.16     875.16     875.16     875.16     875.16     875.16     875.16     875.16     746.45     746.45     746.45     746.45     746.45     746.45     844.98    1283.26    1308.99
 1    4109.00    5649.34    5649.34    9336.56    9336.56    5558.78    5558.78    4545.16    4545.16    2519.29    2519.29    3592.51    3592.51    4927.69    4927.69    2750.75    2750.75    1383.69    1383.69    3033.95    3033.95    7585.58    7585.58    4396.39    4396.39    1875.26    1875.26
 2     783.00    1076.06    1076.06    1778.39    1778.39    1058.82    1058.82     865.74     865.74     479.86     479.86     684.29     684.29     938.61     938.61     523.95     523.95     263.56     263.56     577.90     577.90    1444.87    1444.87     837.41     837.41     357.19     357.19
 3    3537.00    1722.46    1720.88    2622.18    2622.18    2622.18     932.83     932.83     932.83     932.83     791.37    1461.85    1867.68    1867.68    1867.68    1867.68    1231.28     650.71    1190.16    1784.25    2292.53    2292.53    2292.53    2292.53    2292.53    2292.53    2292.53
 4    1379.00    1226.71     941.82     697.55     697.55     697.55     763.32     763.32     763.32     763.32     771.65     912.39     857.13     857.13     857.13     857.13     776.06     941.13    1324.78    1396.64    1123.54    1123.54    1123.54    1123.54    1123.54    1123.54    1123.54
 1    4109.00    5167.01    5167.01    4673.13    4673.13    3036.73    3036.73    2145.99    2145.99    1964.89    1964.89     522.52     522.52    3182.72    3182.72    2564.10    2564.10    3150.38    3150.38    2388.08    2388.08    1295.45    1295.45     686.99     686.99    1125.89    1125.89
 2     783.00     984.19     984.19     890.12     890.12     578.42     578.42     408.76     408.76     374.26     374.26      99.53      99.53     606.23     606.23     488.40     488.40     600.07     600.07     454.87     454.87     246.75     246.75     130.86     130.86     214.46     214.46
 3    3537.00    1939.18    2073.04    1960.28    1694.85    1694.85    1694.85    1694.85    1694.85    1694.85    1694.85     468.54     663.19    2086.62    2086.62    2086.62    2086.62    2086.62    2086.62    2086.62    2086.62    2086.62    2086.62    2086.62    2086.62    2086.62     732.12
 4    1379.00     994.37     884.02     862.01     891.56     891.56     891.56     891.56     891.56     891.56     891.56    1072.06    1104.54     928.51     928.51     928.51     928.51     928.51     928.51     928.51     928.51     928.51     928.51     928.51     928.51     928.51     840.29
 1    4109.00    4684.22    4684.22    3478.40    3478.40    5515.82    5515.82    5178.56    5178.56    3900.20    3900.20    3736.19    3736.19    3902.05    3902.05    2548.39    2548.39    3191.96    3191.96    5937.16    5937.16    8261.48    8261.48    5137.90    5137.90    3605.45    3605.45
 2     783.00     892.23     892.23     662.55     662.55    1050.63    1050.63     986.39     986.39     742.90     742.90     711.66     711.66     743.25     743.25     485.41     485.41     607.99     607.99    1130.89    1130.89    1573.62    1573.62     978.65     978.65     686.75     686.75
 3    3537.00    2091.35    1755.88    2449.11    2427.59    1842.46    1590.91    1419.48    1723.15    1301.34    1533.37    1981.00    1957.88    2113.14    1923.21    1462.94    2082.90    1901.84    3623.30    4926.03    4926.03    3239.26    3239.26    1542.31    1453.27    1208.31    1349.49
 4    1379.00    1247.07     860.72     706.43     715.24     699.86     776.77     733.56     776.24     783.01     965.94     963.49     697.37     677.69     652.30     999.69    2293.67    2247.00    1756.40    1166.99    1166.99     581.93     581.93     808.81    1077.41    1036.77    1283.32
 1    4109.00    6814.96    6814.96    3703.85    3703.85    3958.88    3958.88    2083.16    2083.16    1392.93    1392.93    1477.48    1477.48    1822.13    1822.13    5568.49    5568.49    6867.17    6867.17    6273.50    6273.50    6753.52    6753.52    2066.99    2066.99    1012.70    1012.70
 2     783.00    1298.09    1298.09     705.50     705.50     754.07     754.07     396.79     396.79     265.32     265.32     281.42     281.42     347.07     347.07    1060.66    1060.66    1308.03    1308.03    1194.95    1194.95    1286.38    1286.38     393.71     393.71     192.90     192.90
 3    3537.00    2726.82    2716.12    2169.59    1965.87    1811.62    1811.62    1811.62    1811.62    1811.62    1811.62    1811.62    1393.85    1374.38    1606.69    3843.16    3720.29    2894.27    2066.41    1752.22    1733.63    1733.63    1733.63    1733.63    1733.63    1733.63    1733.63
 4    1379.00    1123.48     885.90     807.37     787.71     712.55     712.55     712.55     712.55     712.55     712.55     712.55     985.90    1685.86    1351.42    1043.41     875.90     924.43     977.07     959.60     661.18     661.18     661.18     661.18     661.18     661.18     661.18
 1    4109.00    4288.75    4288.75    5380.45    5380.45    4209.28    4209.28    5332.40    5332.40    3526.91    3526.91    1592.51    1592.51    2169.55    2169.55    1410.02    1410.02    2220.83    2220.83    3224.76    3224.76    2954.49    2954.49    4411.18    4411.18    3076.00    3076.00
 2     783.00     816.90     816.90    1024.85    1024.85     801.77     801.77    1015.70    1015.70     671.79     671.79     303.34     303.34     413.25     413.25     268.58     268.58     423.02     423.02     614.24     614.24     562.76     562.76     840.22     840.22     585.90     585.90
 3    3537.00    3038.45    3150.23    3162.84    2643.42    2800.26    2410.95    2410.95    2410.95    2410.95    2410.95    2410.95    2410.95    2410.95     770.50    1327.03    1179.78    1335.33    1556.11    1782.93    1679.30    2539.51    2551.95    2551.95    2728.23    1908.93    1646.46
 4    1379.00    1360.65    1025.21    1179.75     965.96     969.78     896.62     896.62     896.62     896.62     896.62     896.62     896.62     896.62     673.62     756.77     731.97     657.42     789.55    1380.99    1431.97    1416.52     939.48     939.48     642.81     999.78    1064.35
 1    4109.00    4831.13    4831.13   12259.63   12259.63    3186.88    3186.88     659.74     659.74     240.70     240.70     262.42     262.42     647.72     647.72     428.27     428.27     735.04     735.04     502.19     502.19     802.49     802.49     398.24     398.24     493.42     493.42
 2     783.00     920.22     920.22    2335.17    2335.17     607.02     607.02     125.66     125.66      45.85      45.85      49.98      49.98     123.38     123.38      81.58      81.58     140.01     140.01      95.66      95.66     152.86     152.86      75.86      75.86      93.98      93.98
 3    3537.00    2834.06    2748.48    2748.48    2748.48    2748.48    2748.48    2346.51    2686.52    2548.51    2734.36    2748.48    2748.48    2748.48    2748.48    2748.48    2748.48    2748.48    2748.48    2748.48    2748.48    2748.48    2748.48    2748.48    2748.48    2748.48    2748.48
 4    1379.00    1194.46     877.26     877.26     877.26     877.26     877.26     877.26     877.26     877.26     877.26     877.26     877.26     877.26     877.26     877.26     877.26     877.26     877.26     877.26     877.26     877.26     877.26     877.26     877.26     877.26     877.26
 1    4109.00    4753.98    4753.98    5906.67    5906.67    4444.90    4444.90    4215.29    4215.29     876.41     876.41    2227.30    2227.30    3642.87    3642.87    7423.42    7423.42    8776.15    8776.15    3883.57    3883.57    3977.36    3977.36    1647.03    1647.03     694.85     694.85
 2     783.00     905.52     905.52    1125.08    1125.08     846.65     846.65     802.91     802.91     166.94     166.94     424.25     424.25     693.88     693.88    1413.98    1413.98    1671.65    1671.65     739.73     739.73     757.59     757.59     313.72     313.72     132.35     132.35
 3    3537.00    2647.24    2280.00    2742.68    2106.12    2106.12    2106.12    2106.12    2106.12     489.35     829.00    1694.02    1939.25    2014.64    2092.34    2286.98    2245.38    1886.08    1886.08    1886.08    1886.08    1886.08    1886.08    1886.08    1886.08    1886.08    1886.08
 4    1379.00    1130.21     951.36    1044.09    1005.57    1005.57    1005.57    1005.57    1005.57     922.88    1115.35     885.89     754.94     854.56     965.90     907.26     790.92     599.20     599.20     599.20     599.20     599.20     599.20     599.20     599.20     599.20     599.20
 1    4109.00    4037.42    4037.42    4012.47    4012.47    2044.81    2044.81    2291.06    2291.06    1634.56    1634.56    3484.40    3484.40    4804.80    4804.80    6599.67    6599.67    4703.62    4703.62    1452.53    1452.53     464.77     464.77    1556.02    1556.02    1516.28    1516.28
 2     783.00     769.03     769.03     764.28     764.28     389.49     389.49     436.39     436.39     311.34     311.34     663.70     663.70     915.20     915.20    1257.08    1257.08     895.93     895.93     276.67     276.67      88.53      88.53     296.38     296.38     288.82     288.82
 3    3537.00    1995.47    2378.06    1931.26    1931.26    1565.53    1565.53    1617.99    1569.05    1650.11    2491.05    2189.57    2360.90    3736.91    2985.94    2985.94    2985.94    2985.94    2985.94    2985.94    2985.94    2985.94    2985.94    2985.94    2985.94     630.45    1023.87
 4    1379.00    1107.39    1027.76     740.71     740.71     627.98     627.98     855.60    1109.64    1242.52    1262.91    1175.54    1010.98     932.49     729.51     729.51     729.51     729.51     729.51     729.51     729.51     729.51     729.51     729.51     729.51     887.60    1194.78
 1    4109.00    4456.91    4456.91    4232.38    4232.38    2978.05    2978.05    5169.32    5169.32     834.83     834.83    1862.32    1862.32    4017.55    4017.55    3662.74    3662.74    1952.41    1952.41    1795.79    1795.79    1652.57    1652.57    1508.89    1508.89    1357.36    1357.36
 2     783.00     848.94     848.94     806.17     806.17     567.25     567.25     984.63     984.63     159.02     159.02     354.73     354.73     765.25     765.25     697.66     697.66     371.89     371.89     342.06     342.06     314.78     314.78     287.41     287.41     258.54     258.54
 3    3537.00    1671.59    2003.90    3065.95    2863.35    1702.16    1702.16    1702.16    1702.16    1702.16     906.22    1362.73    1453.29    1453.29    1453.29    1453.29    1453.29    1453.29    1453.29    1453.29    1453.29     755.23    1122.09    1122.09    1122.09    1122.09    1122.09
 4    1379.00    1225.36    1150.17     908.31     982.31     766.63     766.63     766.63     766.63     766.63     831.23     924.11     757.22     757.22     757.22     757.22     757.22     757.22     757.22     757.22     757.22     702.58     859.32     859.32     859.32     859.32     859.32
 1    4109.00    4004.62    4004.62    8476.78    8476.78   13785.62   13785.62    5000.69    5000.69    4600.60    4600.60    8060.51    8060.51    3963.96    3963.96    5925.15    5925.15    3042.73    3042.73    2475.40    2475.40    1143.45    1143.45    3244.16    3244.16    3037.19    3037.19
 2     783.00     762.78     762.78    1614.62    1614.62    2625.83    2625.83     952.51     952.51     876.30     876.30    1535.34    1535.34     755.04     755.04    1128.60    1128.60     579.57     579.57     471.50     471.50     217.80     217.80     617.94     617.94     578.51     578.51
 3    3537.00    1868.05    1831.67    2539.19    2357.63    1701.79     974.07     611.68    1183.65    1183.65     874.43    1084.93    1084.93     789.76     935.05    1481.02    2216.82    2016.21    1887.23    1887.23    1887.23    1887.23    1887.23    1701.38    1701.38    1701.38    1701.38
 4    1379.00    1063.87    1061.45    1039.87     963.99     743.25     812.32     682.73     617.46     617.46     726.49     662.32     662.32     777.25    1318.82    1107.93     867.01     655.06     572.34     572.34     572.34     572.34     572.34     593.57     593.57     593.57     593.57
 1    4109.00    4684.22    4684.22    3980.59    3980.59    2921.69    2921.69    1619.77    1619.77    1365.67    1365.67    1635.48    1635.48     763.22     763.22     794.64     794.64    3647.95    3647.95   16039.72   16039.72   15803.17   15803.17    5943.17    5943.17    2936.93    2936.93
 2     783.00     892.23     892.23     758.21     758.21     556.51     556.51     308.53     308.53     260.13     260.13     311.52     311.52     145.38     145.38     151.36     151.36     694.85     694.85    3055.18    3055.18    3010.13    3010.13    1132.03    1132.03     559.42     559.42
 3    3537.00    2876.17    2946.11    2946.11    2946.11    2946.11    2946.11    2946.11    2946.11    2946.11    2946.11    2946.11    2946.11    2946.11    2946.11     279.84     818.25    2083.53    3722.74    5709.37    6505.28    6217.57    4588.73    2677.71    1997.34    1295.37    1489.40
 4    1379.00    1278.80     998.70     998.70     998.70     998.70     998.70     998.70     998.70     998.70     998.70     998.70     998.70     998.70     998.70    1099.74    2032.53    3829.46    4158.83    3349.69    2119.27    1014.84     787.51     572.96     668.74     836.50     995.09
 1    4109.00    4122.89    4122.89    5608.22    5608.22    5531.99    5531.99    6134.90    6134.90    1101.41    1101.41     506.35     506.35    1506.12    1506.12    2956.80    2956.80    3852.16    3852.16    4141.83    4141.83    4051.28    4051.28    5039.03    5039.03    3207.20    3207.20
 2     783.00     785.31     785.31    1068.23    1068.23    1053.71    1053.71    1168.55    1168.55     209.79     209.79      96.45      96.45     286.88     286.88     563.20     563.20     733.74     733.74     788.92     788.92     771.67     771.67     959.82     959.82     610.90     610.90
 3    3537.00    2365.88    2353.41    3084.03    2800.88    2199.25    2199.25    2199.25    2199.25    2199.25    2199.25    2199.25     430.04     430.04     864.44    1650.34    1037.39    1463.89    1560.42    1560.42    1741.18    1728.33    2106.68    3542.68    3345.67    3345.67    3345.67
 4    1379.00    1262.97    1127.64    1038.12     818.86     784.25     784.25     784.25     784.25     784.25     784.25     784.25     723.73     723.73     618.90     915.53     936.16     774.69     657.16     657.16     707.18    1396.39    1637.42    1094.24     689.35     689.35     689.35
 1    4109.00    3383.69    3383.69    3905.29    3905.29    5603.60    5603.60    1493.18    1493.18     954.95     954.95     855.62     855.62    2885.19    2885.19    2049.89    2049.89    2316.93    2316.93    2346.04    2346.04    1884.96    1884.96    1641.02    1641.02     605.68     605.68
 2     783.00     644.51     644.51     743.86     743.86    1067.35    1067.35     284.42     284.42     181.90     181.90     162.98     162.98     549.56     549.56     390.46     390.46     441.32     441.32     446.86     446.86     359.04     359.04     312.58     312.58     115.37     115.37
 3    3537.00    2852.04    2830.92    2742.36    2742.36    2742.36    2742.36    2742.36    2742.36    2742.36     563.55     821.83    1085.67    1837.82    2169.55    2554.51    2604.05    2421.88    2421.88    2421.88    2421.88    2421.88    2421.88    2421.88    2421.88    2421.88    2421.88
 4    1379.00    1169.63    1015.46     800.84     800.84     800.84     800.84     800.84     800.84     800.84     731.11    1159.54    1266.53    1040.21     845.94     838.09     744.12     681.11     681.11     681.11     681.11     681.11     681.11     681.11     681.11     681.11     681.11
 1    4109.00    3527.83    3527.83    4720.25    4720.25    4331.71    4331.71    1749.13    1749.13    1683.07    1683.07    1236.31    1236.31    1653.50    1653.50    2443.06    2443.06    2247.17    2247.17    2088.70    2088.70     680.99     680.99    1161.47    1161.47    2143.68    2143.68
 2     783.00     671.97     671.97     899.10     899.10     825.09     825.09     333.17     333.17     320.58     320.58     235.49     235.49     314.95     314.95     465.34     465.34     428.03     428.03     397.85     397.85     129.71     129.71     221.23     221.23     408.32     408.32
 3    3537.00    2885.86    2932.90    2698.95    2440.46    2278.99    2278.99    2278.99    2278.99    2278.99    2278.99     803.29     803.29     803.29     803.29     803.29     803.29     803.29     803.29     803.29     803.29     803.29     803.29     803.29     880.92    1247.05    1670.37
 4    1379.00    1143.50     919.28     858.56     791.15     668.05     668.05     668.05     668.05     668.05     668.05     924.93     924.93     924.93     924.93     924.93     924.93     924.93     924.93     924.93     924.93     924.93     924.93     924.93     667.18     957.90     849.53
 1    4109.00    4289.67    4289.67    3929.31    3929.31    4579.81    4579.81    4017.09    4017.09    2633.40    2633.40    2820.97    2820.97    1425.73    1425.73    1890.04    1890.04    1066.76    1066.76     623.70     623.70    1451.60    1451.60    4710.09    4710.09    5951.95    5951.95
 2     783.00     817.08     817.08     748.44     748.44     872.34     872.34     765.16     765.16     501.60     501.60     537.33     537.33     271.57     271.57     360.01     360.01     203.19     203.19     118.80     118.80     276.50     276.50     897.16     897.16    1133.70    1133.70
 3    3537.00    2657.86    2520.58    2536.23    2508.63    2608.20    3013.81    3013.81    3013.81    3013.81    3013.81    3013.81    3013.81    3013.81    3013.81    3013.81    3013.81    3013.81    3013.81     314.99     617.17    1394.67    1853.82    4138.12    4138.12    4138.12    4138.12
 4    1379.00    1177.47     934.95    1087.30    1231.43    1294.64    1043.04    1043.04    1043.04    1043.04    1043.04    1043.04    1043.04    1043.04    1043.04    1043.04    1043.04    1043.04    1043.04    1110.24    1139.87    1174.13    1234.89    1040.37    1040.37    1040.37    1040.37
 1    4109.00    3978.28    3978.28    7279.73    7279.73    4328.94    4328.94    1927.46    1927.46     980.83     980.83    3419.26    3419.26    3305.15    3305.15    2060.52    2060.52    3099.56    3099.56    3458.07    3458.07    4953.56    4953.56    3975.51    3975.51    1928.39    1928.39
 2     783.00     757.77     757.77    1386.62    1386.62     824.56     824.56     367.14     367.14     186.82     186.82     651.29     651.29     629.55     629.55     392.48     392.48     590.39     590.39     658.68     658.68     943.54     943.54     757.24     757.24     367.31     367.31
 3    3537.00    2900.97    2848.44    2545.16    2122.27    2122.27    2122.27    2122.27     612.63     856.05    1027.84    1027.84    1027.84    1027.84    1027.84    1027.84    1027.84    1320.30    1161.69    1600.53    1995.06    2961.64    2631.74    2128.98    2435.51    1344.06    1736.66
 4    1379.00    1179.41     958.42     762.46     672.29     672.29     672.29     672.29     759.64     836.10     889.74     889.74     889.74     889.74     889.74     889.74     889.74     838.04    1067.91    1170.76    1136.69    1064.12     819.63     671.15     935.09     925.40     947.71
 1    4109.00    5283.43    5283.43    4475.39    4475.39    5260.33    5260.33    1285.28    1285.28     264.73     264.73    1161.47    1161.47    3515.36    3515.36    2931.39    2931.39     924.00     924.00    3010.85    3010.85    7104.64    7104.64    2664.35    2664.35    3762.53    3762.53
 2     783.00    1006.37    1006.37     852.46     852.46    1001.97    1001.97     244.82     244.82      50.42      50.42     221.23     221.23     669.59     669.59     558.36     558.36     176.00     176.00     573.50     573.50    1353.26    1353.26     507.50     507.50     716.67     716.67
 3    3537.00    3246.09    3395.09    3395.09    3395.09    3395.09    3395.09    3395.09    3395.09    3395.09     354.68     354.68     354.68     354.68     354.68     354.68     354.68     541.40     952.24    1616.09    1616.09    1616.09    1616.09    1616.09     574.32     936.18    1471.31
 4    1379.00    1273.87    1115.15    1115.15    1115.15    1115.15    1115.15    1115.15    1115.15    1115.15     733.82     733.82     733.82     733.82     733.82     733.82     733.82     769.51     794.47     655.99     655.99     655.99     655.99     655.99     931.51    1427.99    1509.52
 1    4109.00    4769.69    4769.69    5426.19    5426.19    2911.06    2911.06    4164.93    4164.93    4425.04    4425.04    1296.83    1296.83    1188.26    1188.26    1529.68    1529.68    3569.41    3569.41    5901.13    5901.13    4961.88    4961.88    2431.51    2431.51    1556.94    1556.94
 2     783.00     908.51     908.51    1033.56    1033.56     554.49     554.49     793.32     793.32     842.86     842.86     247.02     247.02     226.34     226.34     291.37     291.37     679.89     679.89    1124.02    1124.02     945.12     945.12     463.14     463.14     296.56     296.56
 3    3537.00    2699.11    2668.64    2234.80    2234.80    1565.63    1496.22    1890.08    1890.08    1890.08    1890.08    1890.08    1890.08    1890.08    1890.08     749.42    1307.36    1961.46    2359.28    3398.81    2658.01    2064.71    1674.95    1674.95    1674.95    1674.95    1674.95
 4    1379.00    1104.53     868.64     664.09     664.09     761.45     957.86     835.35     835.35     835.35     835.35     835.35     835.35     835.35     835.35     990.76    1390.80    1219.50     984.83     851.84     790.16     656.90     597.66     597.66     597.66     597.66     597.66
 1    4109.00    5854.93    5854.93    3353.20    3353.20    3418.80    3418.80    2640.33    2640.33    1270.96    1270.96    2363.59    2363.59    2681.91    2681.91    3604.99    3604.99    2342.34    2342.34    1712.17    1712.17     582.58     582.58    1064.45    1064.45     853.31     853.31
 2     783.00    1115.22    1115.22     638.70     638.70     651.20     651.20     502.92     502.92     242.09     242.09     450.21     450.21     510.84     510.84     686.66     686.66     446.16     446.16     326.13     326.13     110.97     110.97     202.75     202.75     162.54     162.54
 3    3537.00    3005.68    3157.96    2961.19    2744.14    2616.73    2616.73    1211.58    1300.90     895.41    1526.75    2257.27    2072.36    2535.83    2002.61    3010.37    3010.37    3010.37    3010.37    3010.37    3010.37    3010.37    3010.37    3010.37    3010.37    3010.37    3010.37
 4    1379.00    1406.22    1114.10     920.82     697.11     610.18     610.18     637.63     963.40    1060.15     995.87    1101.22     916.29     914.36     900.32     959.54     959.54     959.54     959.54     959.54     959.54     959.54     959.54     959.54     959.54     959.54     959.54
 1    4109.00   13289.43   13289.43    7280.20    7280.20    2821.43    2821.43     534.07     534.07     681.91     681.91    1648.42    1648.42    2718.87    2718.87    2337.26    2337.26    2919.38    2919.38    6591.82    6591.82    3016.40    3016.40    4717.94    4717.94    4166.32    4166.32
 2     783.00    2531.32    2531.32    1386.70    1386.70     537.42     537.42     101.73     101.73     129.89     129.89     313.98     313.98     517.88     517.88     445.19     445.19     556.07     556.07    1255.58    1255.58     574.55     574.55     898.66     898.66     793.58     793.58
 3    3537.00    2629.94    2001.08    2001.08    2001.08    2001.08    2001.08    2001.08    2001.08    2001.08    2001.08    2001.08     853.93    1065.05    1065.05    1065.05    1065.05    1170.84    1643.62    1643.62    1524.53    1312.02    2056.06    2056.06    2056.06    2056.06    2056.06
 4    1379.00    1165.14     793.39     793.39     793.39     793.39     793.39     793.39     793.39     793.39     793.39     793.39     717.99     739.80     739.80     739.80     739.80     891.44     771.94     771.94     710.66    1318.33    1472.18    1472.18    1472.18    1472.18    1472.18
 1    4109.00    2537.77    2537.77    3353.20    3353.20    4596.90    4596.90    3961.65    3961.65    4680.98    4680.98    7921.45    7921.45    4706.39    4374.23     312.31     312.31     155.69     155.69     979.44     979.44    3264.95    3264.95    4617.69    4617.69    3379.99    3379.99
 2     783.00     483.38     483.38     638.70     638.70     875.60     875.60     754.60     754.60     891.62     891.62    1508.85    1508.85     896.46     896.46      59.49      59.49      29.66      29.66     186.56     186.56     621.90     621.90     879.56     879.56     643.81     643.81
 3    3537.00    1888.68    2213.52    2936.25    3229.66    3278.28    2575.40    1972.09    1739.70    2008.92    2008.92    2008.92    2008.92    2008.92    2008.92     751.36    1786.94    2008.92     391.62     721.44    1276.65    2342.03    2342.03    2121.77    1995.08    1159.61    1758.31
 4    1379.00    1067.74    1145.69    1233.20    1112.70    1094.76     990.95     831.55     819.81     781.65     781.65     781.65     781.65     781.65     781.65     781.65     781.65     781.65     876.97    1040.49    1032.08     929.89     929.89     647.68     922.80     912.91     818.39
 1    4109.00    1248.32    1248.32    3528.76    3528.76    2694.85    2694.85    2051.74    2051.74    2208.36    2208.36    2632.48    2632.48    3253.87    3253.87    2071.15    2071.15    4391.77    4391.77    3982.90    3982.90    2880.57    2880.57    4211.13    4211.13    6004.61    6004.61
 2     783.00     237.78     237.78     672.14     672.14     513.30     513.30     390.81     390.81     420.64     420.64     501.42     501.42     619.78     619.78     394.50     394.50     836.53     836.53     758.65     758.65     548.68     548.68     802.12     802.12    1143.74    1143.74
 3    3537.00    1845.98    1824.16    2867.04    2294.96    2267.57    2284.16    1582.97    2189.60    2031.28    2751.49    2968.05    2968.05    2968.05    2968.05    1488.16    1652.54    2340.27    2163.74    1471.82    2203.36    1426.15    1534.25    1543.40    1630.07    1630.07    1630.07
 4    1379.00    1032.42     899.54     812.03     743.00     857.44     828.46     949.21    1521.11    1472.84    1214.96     975.72     975.72     975.72     975.72     915.30     924.10     797.16     759.40     770.80     854.69     918.67     926.33     704.02     714.47     714.47     714.47
 1    4109.00    3486.71    3486.71    3634.55    3634.55    4024.48    4024.48    4501.27    4501.27    3563.87    3563.87    4164.01    4164.01    1548.62    1548.62    1898.36    1898.36    3809.65    3809.65    2900.44    2900.44    1223.84    1223.84    2487.41    2487.41    3681.22    3681.22
 2     783.00     664.14     664.14     692.30     692.30     766.57     766.57     857.38     857.38     678.83     678.83     793.14     793.14     294.98     294.98     361.59     361.59     725.65     725.65     552.46     552.46     233.11     233.11     473.79     473.79     701.18     701.18
 3    3537.00    2584.80    2757.46    2928.97    2698.24    3020.74    2360.53    1844.84    1891.58    1891.58    1891.58    1891.58    1891.58    1891.58    1891.58    1891.58    1891.58    1891.58    1891.58    1891.58    1891.58    1891.58     565.32     980.08    1645.83    1639.79    2376.71
 4    1379.00    1265.50    1056.53    1178.42     899.29     812.38     723.88     894.52     726.13     726.13     726.13     726.13     726.13     726.13     726.13     726.13     726.13     726.13     726.13     726.13     726.13     726.13     850.30    1007.50    1255.55    1429.65    1109.28
 1    4109.00    7615.61    7615.61    4834.37    4834.37    3709.86    3709.86    4166.78    4166.78    5792.56    5792.56    4867.17    4867.17    6570.10    6570.10    3554.63    3554.63     892.58     892.58     300.30     300.30     139.99     139.99     115.04     115.04     267.96     267.96
 2     783.00    1450.59    1450.59     920.83     920.83     706.64     706.64     793.67     793.67    1103.34    1103.34     927.08     927.08    1251.45    1251.45     677.07     677.07     170.02     170.02      57.20      57.20      26.66      26.66      21.91      21.91      51.04      51.04
 3    3537.00    2858.44    2696.22    2303.91    1865.21    1672.30    1767.41    1686.63    1774.09    2159.81    3011.56    3621.82    3458.56    3458.56    3458.56    3458.56    3458.56    3458.56    3458.56    3458.56    2600.71    1953.62    2434.46    2662.97    3458.56    3458.56    3458.56
 4    1379.00    1088.27     877.51     686.89     700.54     767.18     778.60     840.01    1370.99    1748.65    1366.16    1051.47     897.46     897.46     897.46     897.46     897.46     897.46     897.46     897.46     897.46     897.46     897.46     897.46     897.46     897.46     897.46
 1    4109.00    6055.43    6055.43    4938.78    4938.78    3120.81    3120.81    1786.55    1786.55    3802.26    3802.26    6338.64    6338.64    3689.99    3689.99    2835.29    2835.29    1388.31    1388.31    2935.09    2935.09    4347.42    4347.42    5796.71    5796.71    6933.70    6933.70
 2     783.00    1153.42    1153.42     940.72     940.72     594.44     594.44     340.30     340.30     724.24     724.24    1207.36    1207.36     702.86     702.86     540.06     540.06     264.44     264.44     559.06     559.06     828.08     828.08    1104.14    1104.14    1320.70    1320.70
 3    3537.00    2620.83    2605.22    2385.10    1951.72    1951.72    1295.39    1300.25    1218.83    1800.78    2216.19    2216.19    2216.19    2216.19    2216.19    2216.19    1079.99     774.04    1085.69    1390.63    1621.16    1785.39    2272.63    2694.04    2571.93    2515.67    1928.08
 4    1379.00    1148.93     954.05     745.77     543.49     543.49     746.60     968.19     917.71     860.75     820.72     820.72     820.72     820.72     820.72     820.72     653.79     746.04     730.93     620.46     782.03    1069.26    1167.75    1356.18    1067.79     741.50     695.00
 1    4109.00    3891.43    3891.43    4270.27    4270.27    5386.00    5386.00    4945.71    4945.71    2358.51    2358.51    1356.89    1356.89    3113.88    3113.88    3587.43    3587.43    1663.20    1663.20    1416.95    1416.95    2258.26    2258.26    1580.50    1580.50    2155.69    2155.69
 2     783.00     741.22     741.22     813.38     813.38    1025.90    1025.90     942.04     942.04     449.24     449.24     258.46     258.46     593.12     593.12     683.32     683.32     316.80     316.80     269.90     269.90     430.14     430.14     301.05     301.05     410.61     410.61
 3    3537.00    2585.42    2801.55    2755.11    2746.94    2150.42    2150.42    2150.42    2150.42    2150.42    2150.42     547.90     993.18    1501.06    2092.14    2069.34    2069.34    2069.34    2069.34    2069.34    2069.34    2069.34    2069.34    2069.34    2069.34    2069.34    2069.34
 4    1379.00    1251.91    1051.37     953.86     850.25     754.45     754.45     754.45     754.45     754.45     754.45    1073.78    1050.11     893.12     718.18     614.50     614.50     614.50     614.50     614.50     614.50     614.50     614.50     614.50     614.50     614.50     614.50
 1    4109.00    4779.39    4779.39    5573.11    5573.11    3152.23    3152.23    5174.40    5174.40    5740.81    5740.81    2453.22    2453.22    1411.87    1411.87    1440.98    1440.98     800.18     800.18     499.42     499.42     252.71     252.71     265.19     265.19    1994.45    1994.45
 2     783.00     910.36     910.36    1061.54    1061.54     600.42     600.42     985.60     985.60    1093.49    1093.49     467.28     467.28     268.93     268.93     274.47     274.47     152.42     152.42      95.13      95.13      48.14      48.14      50.51      50.51     379.90     379.90
 3    3537.00    2013.72    1947.01    2171.56    1804.10    1699.77    1581.31    2195.21    2841.82    2841.82    2841.82    2841.82    2841.82    2841.82    2841.82    2841.82    2841.82    2841.82    2841.82    2841.82    2841.82    2841.82    2841.82     285.21     723.38     723.38    1288.75
 4    1379.00     908.17     865.02     807.04     682.91     732.35    1264.28    1435.86     998.22     998.22     998.22     998.22     998.22     998.22     998.22     998.22     998.22     998.22     998.22     998.22     998.22     998.22     998.22     739.56     721.97     721.97     611.38
 1    4109.00    6467.08    6467.08    6018.47    6018.47    4010.16    4010.16    1535.23    1535.23     607.53     607.53    1424.81    1424.81    1954.26    1954.26    1792.10    1792.10    1121.74    1121.74    2444.44    2444.44    3613.76    3613.76    2869.94    2869.94    3708.94    3708.94
 2     783.00    1231.82    1231.82    1146.38    1146.38     763.84     763.84     292.42     292.42     115.72     115.72     271.39     271.39     372.24     372.24     341.35     341.35     213.66     213.66     465.61     465.61     688.34     688.34     546.66     546.66     706.46     706.46
 3    3537.00    2144.55    2174.19    2175.10    2175.10    2175.10    2175.10    2175.10    2175.10    2175.10     229.95     800.46    1012.34    1012.34    1012.34    1012.34    1012.34    1012.34     810.97    1224.06    1678.22    2321.53    2351.57    1366.70    1366.70    1366.70    1366.70
 4    1379.00    1052.48     791.29     706.45     706.45     706.45     706.45     706.45     706.45     706.45     668.94     695.80     706.98     706.98     706.98     706.98     706.98     706.98     826.13     921.91     797.95     699.40     640.57     732.30     732.30     732.30     732.30
 1    4109.00    7341.18    7341.18    5810.57    5810.57    2786.78    2786.78    2752.13    2752.13    2917.07    2917.07    3544.00    3544.00    6980.82    6980.82    4941.55    4941.55    2708.71    2708.71    3813.81    3813.81    1998.15    1998.15    3293.60    3293.60    1671.05    1671.05
 2     783.00    1398.32    1398.32    1106.78    1106.78     530.82     530.82     524.22     524.22     555.63     555.63     675.05     675.05    1329.68    1329.68     941.25     941.25     515.94     515.94     726.44     726.44     380.60     380.60     627.35     627.35     318.30     318.30
 3    3537.00    2848.57    2270.16    2105.09    2105.09    2105.09    1311.38    1171.82    1235.57    1325.72    1711.45    1826.73    1563.31    1563.31    1563.31    1563.31     994.53     994.53     994.53     994.53     994.53     994.53     994.53     994.53     994.53     994.53     994.53
 4    1379.00    1254.15     912.75     661.33     661.33     661.33     629.86     744.71     793.33     653.82     728.32     743.63     709.16     709.16     709.16     709.16     820.16     820.16     820.16     820.16     820.16     820.16     820.16     820.16     820.16     820.16     820.16
 1    4109.00    8482.78    8482.78    7495.03    7495.03    6202.81    6202.81    2470.78    2470.78    1048.28    1048.28    1624.39    1624.39     508.66     508.66    1767.15    1767.15    1989.83    1989.83    1463.62    1463.62    1282.97    1282.97     901.82     901.82     480.48     480.48
 2     783.00    1615.77    1615.77    1427.62    1427.62    1181.49    1181.49     470.62     470.62     199.67     199.67     309.41     309.41      96.89      96.89     336.60     336.60     379.02     379.02     278.78     278.78     244.38     244.38     171.78     171.78      91.52      91.52
 3    3537.00    3155.27    2868.43    2739.84    1835.81    1652.36    1937.27    1937.27    1937.27    1937.27    1937.27    1937.27    1937.27    1937.27    1937.27    1937.27    1937.27    1937.27    1937.27    1937.27    1937.27    1937.27    1937.27    1937.27    1937.27     432.26     739.90
 4    1379.00    1411.23    1035.89    1070.80     891.99     914.08     847.82     847.82     847.82     847.82     847.82     847.82     847.82     847.82     847.82     847.82     847.82     847.82     847.82     847.82     847.82     847.82     847.82     847.82     847.82     725.73     768.49
 1    4109.00    4911.98    4911.98    3047.35    3047.35    3724.18    3724.18    4113.19    4113.19    5701.08    5701.08    6276.73    6276.73    5219.68    5219.68    5185.49    5185.49    3770.38    3770.38    5780.08    5780.08    5841.07    5841.07    4846.38    4846.38    4596.90    4596.90
 2     783.00     935.62     935.62     580.45     580.45     709.37     709.37     783.46     783.46    1085.92    1085.92    1195.57    1195.57     994.22     994.22     987.71     987.71     718.17     718.17    1100.97    1100.97    1112.58    1112.58     923.12     923.12     875.60     875.60
 3    3537.00    2207.58    2662.39    1577.46    1867.54    1867.54    2382.94    1497.18    2010.06    2743.50    3340.36    5001.73    4005.16    2975.77    2621.48    2371.68    2006.31    1559.30    2358.79    4548.69    4867.85    4106.37    3421.20    3211.65    3211.65    3211.65    3211.65
 4    1379.00     997.02    1047.96    1190.92    1067.89    1067.89     903.53    1647.67    2102.65    1833.02    1458.62    1108.70     770.13     848.45     964.37     931.95    1067.85    1792.10    2176.59    1668.82    1580.51    1136.38     966.68     755.57     755.57     755.57     755.57
 1    4109.00    6954.49    6954.49   11563.40   11563.40    1899.28    1899.28     406.56     406.56     826.52     826.52    1197.97    1197.97    1033.49    1033.49    2913.83    2913.83    5879.87    5879.87    6978.05    6978.05    8086.39    8086.39    9001.15    9001.15    4282.74    4282.74
 2     783.00    1324.66    1324.66    2202.55    2202.55     361.77     361.77      77.44      77.44     157.43     157.43     228.18     228.18     196.86     196.86     555.02     555.02    1119.98    1119.98    1329.15    1329.15    1540.26    1540.26    1714.50    1714.50     815.76     815.76
 3    3537.00    2718.38    2684.46    2684.46    2684.46    2684.46    1983.83    2684.46    2684.46    2684.46    2684.46    2684.46    2684.46    2684.46     520.42    1216.69    1216.69    1216.69    1730.70    1903.67    2800.53    4860.03    4471.76    3334.98    3117.41    3117.41    3117.41
 4    1379.00    1161.24     959.59     959.59     959.59     959.59     959.59     959.59     959.59     959.59     959.59     959.59     959.59     959.59    1327.34    1232.28    1232.28    1232.28     883.75    2281.44    2410.16    1891.71    1105.22     933.04     871.88     871.88     871.88
 1    4109.00    5580.04    5580.04    4720.72    4720.72    3701.08    3701.08    2583.97    2583.97     763.22     763.22    1480.25    1480.25    1744.51    1744.51    2436.59    2436.59    2396.86    2396.86    3838.76    3838.76    1485.33    1485.33    1039.04    1039.04    3921.92    3921.92
 2     783.00    1062.86    1062.86     899.18     899.18     704.97     704.97     492.18     492.18     145.38     145.38     281.95     281.95     332.29     332.29     464.11     464.11     456.54     456.54     731.19     731.19     282.92     282.92     197.91     197.91     747.03     747.03
 3    3537.00    2594.83    2329.16    2397.25    2397.25    2397.25    2397.25    2397.25    2397.25    2397.25    2397.25    2397.25    2397.25    2397.25    2397.25    2397.25    2397.25    2397.25    2397.25    2397.25    2397.25    2397.25    2397.25    2397.25     863.69    1552.19    1608.14
 4    1379.00    1022.26     859.50     645.43     645.43     645.43     645.43     645.43     645.43     645.43     645.43     645.43     645.43     645.43     645.43     645.43     645.43     645.43     645.43     645.43     645.43     645.43     645.43     645.43     986.27     812.58     750.14
 1    4109.00    5362.43    5362.43    4338.64    4338.64    4241.62    4241.62    2568.72    2568.72    3287.59    3287.59    2651.88    2651.88    4015.24    4015.24    4874.10    4874.10    4872.25    4872.25    1257.56    1257.56    1527.83    1527.83    4304.92    4304.92    6181.10    6181.10
 2     783.00    1021.42    1021.42     826.41     826.41     807.93     807.93     489.28     489.28     626.21     626.21     505.12     505.12     764.81     764.81     928.40     928.40     928.05     928.05     239.54     239.54     291.02     291.02     819.98     819.98    1177.35    1177.35
 3    3537.00    2000.71    2383.90    2383.90    2383.90    2383.90    1088.95     748.07    1107.69    1645.21    1816.73    1733.34    1753.47    2156.00    2156.00    2156.00    2156.00    2156.00    2156.00    2156.00    2156.00    2156.00     995.83    1293.44    1971.94    2679.88    2844.07
 4    1379.00    1010.02     805.47     805.47     805.47     805.47     655.19    1158.51    1298.75     994.93     763.83    1015.12    1277.68    1123.41    1123.41    1123.41    1123.41    1123.41    1123.41    1123.41    1123.41    1123.41     833.54    1315.76    1366.38    1075.55    1034.28
 1    4109.00    4852.39    4852.39    2780.78    2780.78    5117.57    5117.57    1881.73    1881.73    3097.71    3097.71    2927.69    2927.69    3791.17    3791.17    5573.11    5573.11    2003.69    2003.69    2818.20    2818.20    2452.30    2452.30    4112.26    4112.26    3024.25    3024.25
 2     783.00     924.26     924.26     529.67     529.67     974.78     974.78     358.42     358.42     590.04     590.04     557.66     557.66     722.13     722.13    1061.54    1061.54     381.66     381.66     536.80     536.80     467.10     467.10     783.29     783.29     576.05     576.05
 3    3537.00    2652.67    2434.20    2434.20    2434.20    2434.20    2434.20     717.10    1045.03    1593.88    1579.38    1502.66    1764.81    1622.13    1622.13    1622.13    1257.00     945.61    1180.80    2003.48    1958.95    1434.66    1434.66    1434.66    1434.66    1434.66    1434.66
 4    1379.00    1171.81     942.23     942.23     942.23     942.23     942.23     927.50     990.18     863.69     830.09     804.34     802.89     622.27     622.27     622.27     809.38     761.03     677.04     585.92     632.29     670.07     670.07     670.07     670.07     670.07     670.07
 1    4109.00    3638.25    3638.25    2892.58    2892.58    4734.11    4734.11    3184.10    3184.10    4030.95    4030.95    3518.59    3518.59    2224.53    2224.53    3323.17    3323.17    2133.52    2133.52    1251.10    1251.10     685.15     685.15    1951.03    1951.03    4045.73    4045.73
 2     783.00     693.00     693.00     550.97     550.97     901.74     901.74     606.50     606.50     767.80     767.80     670.21     670.21     423.72     423.72     632.98     632.98     406.38     406.38     238.30     238.30     130.50     130.50     371.62     371.62     770.62     770.62
 3    3537.00    2411.28    2876.57    1871.11    2004.78    3010.52    2822.18    3285.12    2341.64    2341.64    2341.64    2341.64    1479.06    1265.18    1203.30    1369.53    1369.53    1369.53    1369.53    1369.53    1369.53     909.51    1403.45    1672.85    1770.60    2380.84    2238.97
 4    1379.00    1161.47    1169.47    1472.03    1474.25    1162.80     926.02     708.42     731.47     731.47     731.47     731.47     780.48     766.84     684.85     605.93     605.93     605.93     605.93     605.93     605.93     675.29     788.79     822.75     840.94     833.95     668.24
 1    4109.00    4479.09    4479.09    7359.20    7359.20    6190.80    6190.80    2976.20    2976.20    4502.19    4502.19    1849.39    1849.39    3294.98    3294.98    4376.06    4376.06    2575.19    2575.19    3092.17    3092.17    4406.09    4406.09    5288.51    5288.51    6553.01    6553.01
 2     783.00     853.16     853.16    1401.75    1401.75    1179.20    1179.20     566.90     566.90     857.56     857.56     352.26     352.26     627.62     627.62     833.54     833.54     490.51     490.51     588.98     588.98     839.26     839.26    1007.34    1007.34    1248.19    1248.19
 3    3537.00    2875.61    3011.89    3011.89    3011.89    3011.89     774.69     710.04    1061.19    1936.65    2122.10    2122.10    2122.10    1718.28    1568.06    1754.28    1714.09    1158.96    1050.20    1518.24    1376.88    1268.23    1509.54    1736.61    1336.58    1336.58    1336.58
 4    1379.00    1145.02     951.27     951.27     951.27     951.27     875.87     923.01     959.91     831.19     689.33     689.33     689.33     678.04     574.55     735.63     848.61     818.39     733.79     858.97     806.05     873.70     863.78     900.18     783.17     783.17     783.17
