              Isim, Ftarg, Btarg
   1 2019          0.3977734     129364.7079738      33266.1582637
   1 2021          0.3772998     129000.5677753      32234.5533011
   1 2023          0.3568262     129382.5989770      31107.6859610
   1 2025          0.3860742     129103.8479703      32882.5205076
   1 2027          0.4036230     129328.5287027      33587.4986230
   1 2029          0.3977734     129500.6330693      33509.9938050
   1 2031          0.3919238     129490.8603023      33225.8874673
   1 2033          0.3948486     129227.6705650      33362.2095663
   1 2035          0.3948486     128967.9008813      33435.4019139
   1 2037          0.3889990     129391.8965002      33129.2775523
   1 2039          0.3714502     129523.3990469      32093.5797472
   1 2041          0.3860742     129434.0935741      32713.5935352
   1 2043          0.3860742     129379.8519509      32933.2518871
   2 2019          0.3977734     128814.4188190      33124.6513071
   2 2021          0.3772998     128849.5121019      32128.9076167
   2 2023          0.3889990     128942.5242218      32768.9061546
   2 2025          0.3860742     128830.2995294      32718.8352246
   2 2027          0.3919238     128526.4844141      32984.9874075
   2 2029          0.3977734     128971.6128996      33189.5799401
   2 2031          0.4006982     128430.8179585      33087.7846409
   2 2033          0.3977734     128994.1302928      32998.8135335
   2 2035          0.3772998     128709.0510384      32186.4193654
   2 2037          0.3860742     128526.3895324      32662.9342996
   2 2039          0.4006982     128654.5099666      33466.9230981
   2 2041          0.4006982     128443.4702290      33449.9404374
   2 2043          0.3948486     128539.2349122      33237.9010954
   3 2019          0.3977734     131418.4014862      33794.2659252
   3 2021          0.3772998     131011.3084974      32804.9126176
   3 2023          0.3831494     131270.8139942      33091.7153772
   3 2025          0.3948486     131495.2162520      33939.2574968
   3 2027          0.3919238     131568.5172814      33781.7937810
   3 2029          0.3977734     131085.7801418      33879.7027513
   3 2031          0.3889990     131550.0629497      33739.7264039
   3 2033          0.3889990     131118.0077119      33441.8015509
   3 2035          0.3948486     131057.6728673      33816.0999427
   3 2037          0.3919238     131132.3793224      33776.8782848
   3 2039          0.4006982     131385.5295877      33962.1256451
   3 2041          0.3948486     131138.2203416      33939.0355918
   3 2043          0.3743750     131633.8150627      32967.7317690
   4 2019          0.3977734     133428.9350648      34311.2750019
   4 2021          0.3772998     133000.4706615      33053.8731366
   4 2023          0.3919238     132970.7859933      34013.0422226
   4 2025          0.3919238     133043.6649261      34078.4864904
   4 2027          0.3714502     133532.6707442      33183.8080896
   4 2029          0.3831494     133267.4596720      33571.2357850
   4 2031          0.3919238     133301.0413588      33971.6914256
   4 2033          0.3977734     133432.7673251      34233.9840437
   4 2035          0.3919238     133545.2185311      34182.2780627
   4 2037          0.3977734     133595.3609971      34448.6397274
   4 2039          0.3860742     133591.4850012      33967.7471042
   4 2041          0.4006982     133244.7026248      34512.5114348
   4 2043          0.4036230     132948.6238398      34635.8070061
   5 2019          0.3977734     130501.2528948      33558.4209976
   5 2021          0.3772998     130241.9809169      32491.0026286
   5 2023          0.3743750     130156.5959454      32427.4725575
   5 2025          0.3889990     130443.4537700      33318.5098057
   5 2027          0.3919238     130339.5517909      33650.7621034
   5 2029          0.4006982     130181.8668287      33930.9542134
   5 2031          0.3802246     130125.5131359      33034.3464702
   5 2033          0.3831494     130161.8634063      32944.0941462
   5 2035          0.4036230     130121.7602801      33864.2155676
   5 2037          0.3889990     130445.5159164      33495.1928051
   5 2039          0.3919238     130324.3988359      33372.2429934
   5 2041          0.4006982     130544.2259132      33852.8697983
   5 2043          0.3977734     130429.3374265      33880.9301642
   6 2019          0.3977734     132943.3858106      34186.4159225
   6 2021          0.3772998     132768.5959013      33251.9183731
   6 2023          0.3889990     132982.1757114      33884.6014975
   6 2025          0.3919238     133111.1206053      34177.9330586
   6 2027          0.3860742     132686.4022805      33811.7683615
   6 2029          0.4006982     132893.6655468      34338.9112165
   6 2031          0.3919238     132917.3033074      34036.6928946
   6 2033          0.3948486     132790.1142836      34165.7811461
   6 2035          0.3977734     132984.2200984      34419.1679273
   6 2037          0.3948486     132974.3373937      34226.4065671
   6 2039          0.3802246     132460.5461223      33486.9436322
   6 2041          0.3860742     132555.0408408      33789.4230160
   6 2043          0.3919238     132971.7220343      34215.7240453
   7 2019          0.3977734     130609.1527291      33586.1674596
   7 2021          0.3772998     130477.4601315      32649.2325319
   7 2023          0.3860742     130507.9687490      32914.4301576
   7 2025          0.4006982     130491.0189475      33615.0046272
   7 2027          0.4036230     130096.3436268      33779.1798575
   7 2029          0.3919238     130118.9190166      33543.2951572
   7 2031          0.3772998     130285.7832765      32821.9602025
   7 2033          0.3948486     130161.0523627      33375.3560693
   7 2035          0.4006982     130240.0569513      33876.6943673
   7 2037          0.3743750     130707.1989588      32896.5783143
   7 2039          0.3772998     130617.1658899      32638.3057298
   7 2041          0.3889990     130334.2935510      33151.1096885
   7 2043          0.4006982     130291.0675717      33747.9055535
   8 2019          0.3977734     130069.6535577      33447.4351493
   8 2021          0.3772998     129587.1135107      32155.8866832
   8 2023          0.3948486     129982.3525835      32977.7697196
   8 2025          0.3772998     129840.4622943      32533.3514061
   8 2027          0.3860742     130001.6099837      33185.0882548
   8 2029          0.3919238     130233.1559334      33270.0233572
   8 2031          0.3977734     130055.2101944      33713.1168089
   8 2033          0.3977734     130128.0282493      33698.0647285
   8 2035          0.3714502     129589.7683182      32360.9261856
   8 2037          0.3948486     129929.5427135      33340.6475815
   8 2039          0.3977734     129976.3677972      33700.2952240
   8 2041          0.3977734     130217.9984036      33717.3352133
   8 2043          0.3860742     129802.5286987      33003.7745067
   9 2019          0.3977734     130799.7757697      33635.1862093
   9 2021          0.3772998     130733.3330114      32745.7836319
   9 2023          0.3919238     130463.8074868      33510.0550874
   9 2025          0.3889990     130634.3356748      33429.6946126
   9 2027          0.3656006     130766.4775830      32031.3568740
   9 2029          0.3889990     130636.1232562      33333.5036206
   9 2031          0.3977734     130592.7235137      33799.2407991
   9 2033          0.4065479     130671.5716215      34000.5160714
   9 2035          0.3977734     130949.4873234      33807.5654075
   9 2037          0.3889990     130533.7302980      33326.9518883
   9 2039          0.3802246     130626.3931045      32996.9393287
   9 2041          0.3802246     130995.1670988      32907.5180205
   9 2043          0.3597510     130973.4629522      31789.3193792
  10 2019          0.3977734     130555.2028120      33572.2942286
  10 2021          0.3714502     130605.2699078      32410.8210868
  10 2023          0.3860742     130063.7176425      32928.3001968
  10 2025          0.4036230     130216.6878526      33701.7537754
  10 2027          0.3977734     130728.3376788      33660.0787807
  10 2029          0.3919238     130054.9634013      33474.2095341
  10 2031          0.3948486     130363.1643110      33491.2722239
  10 2033          0.3743750     130606.3853361      32807.2247656
  10 2035          0.3831494     130189.2861986      32997.5999449
  10 2037          0.4006982     130222.8103987      33799.6729670
  10 2039          0.4036230     130628.9250012      33920.5827485
  10 2041          0.3977734     130441.3756749      33852.2643567
  10 2043          0.3860742     130269.1626991      33156.7884517
  11 2019          0.3977734     128929.5119756      33154.2475333
  11 2021          0.3772998     128658.7395010      32027.6538759
  11 2023          0.3860742     128429.1155168      32479.6770418
  11 2025          0.3860742     128803.4502926      32695.1216968
  11 2027          0.4006982     128686.1561917      33320.5651118
  11 2029          0.3948486     128514.3473104      33174.1602214
  11 2031          0.3831494     128540.5409412      32663.2772440
  11 2033          0.3948486     128714.8303996      33147.9498649
  11 2035          0.3977734     128816.5974240      33223.2777627
  11 2037          0.3977734     129145.0019677      33254.1859401
  11 2039          0.4006982     128643.7966364      33292.6480620
  11 2041          0.3977734     128680.4857854      33311.4181609
  11 2043          0.4036230     128450.8364531      33381.6324468
  12 2019          0.3977734     130652.3126628      33597.2660445
  12 2021          0.3743750     130346.8906138      32443.6359957
  12 2023          0.3860742     130821.0786203      33118.3675174
  12 2025          0.3977734     130778.6611983      33737.1482111
  12 2027          0.3948486     130427.7404955      33721.2308200
  12 2029          0.3831494     130295.8093536      33177.2084511
  12 2031          0.3714502     130203.7902256      32420.7036371
  12 2033          0.3948486     130439.9297050      33550.3122744
  12 2035          0.4036230     130289.1383304      33916.1471678
  12 2037          0.3948486     130767.7090699      33710.2657178
  12 2039          0.3860742     130344.0156634      33209.6926374
  12 2041          0.3889990     130208.5667962      33311.1777779
  12 2043          0.3889990     130480.8906644      33357.0714384
  13 2019          0.3977734     128573.4425225      33062.6842085
  13 2021          0.3772998     128056.6308097      32095.0536635
  13 2023          0.3743750     128371.5307104      31911.7046815
  13 2025          0.3889990     128546.8612916      32605.9935077
  13 2027          0.4036230     128247.5837335      33110.6398278
  13 2029          0.4036230     128685.6604418      33334.7855007
  13 2031          0.3948486     128645.0254011      33171.6073718
  13 2033          0.3977734     128141.7646783      33222.3805347
  13 2035          0.3919238     128171.7296280      32898.5336298
  13 2037          0.3831494     128418.4564322      32597.7073220
  13 2039          0.3919238     128251.8258650      32922.4411940
  13 2041          0.4006982     128541.7708519      33238.6638017
  13 2043          0.3889990     128152.2028277      32950.7989859
  14 2019          0.3977734     131911.1440627      33920.9747687
  14 2021          0.3802246     131400.1017926      33109.7395857
  14 2023          0.3889990     131645.2737828      33687.9696609
  14 2025          0.3860742     131785.7283353      33685.8090041
  14 2027          0.3977734     131425.5998090      34175.3648525
  14 2029          0.3860742     131533.9310492      33678.8414378
  14 2031          0.3919238     132003.1219801      33842.0576982
  14 2033          0.4036230     131674.9302121      34244.0764884
  14 2035          0.3860742     131760.1202881      33561.2108487
  14 2037          0.3802246     131442.3804778      33053.8391744
  14 2039          0.3977734     131544.0909734      33832.3220174
  14 2041          0.4036230     132040.1732220      34329.5152551
  14 2043          0.4006982     131753.4923721      34211.4865029
  15 2019          0.3977734     126951.3483472      32645.5623953
  15 2021          0.3772998     126494.8626171      31674.9025829
  15 2023          0.3772998     126516.8235329      31734.0305738
  15 2025          0.3977734     126841.7287134      32603.3890122
  15 2027          0.4094727     126663.0070981      33018.0936345
  15 2029          0.3831494     127057.4537851      32381.4056829
  15 2031          0.3685254     126483.4786343      31227.4139749
  15 2033          0.4006982     126894.3891386      32795.5237660
  15 2035          0.4065479     126726.3888463      32926.0348018
  15 2037          0.3977734     126441.2019267      32742.4373644
  15 2039          0.3919238     127088.5353605      32578.3555053
  15 2041          0.3977734     127075.2107822      32670.7472236
  15 2043          0.3919238     126878.3835158      32281.9488613
  16 2019          0.3977734     131163.0385451      33728.5992983
  16 2021          0.3802246     130784.5383194      32877.2163651
  16 2023          0.3860742     130652.0826475      33056.2258941
  16 2025          0.3889990     130757.8610315      33507.6107379
  16 2027          0.3919238     130850.8440644      33734.3132659
  16 2029          0.3919238     130760.0926200      33649.3759161
  16 2031          0.3977734     131195.1326825      33835.8776429
  16 2033          0.3977734     130975.5138065      33825.6991140
  16 2035          0.3656006     131328.1432812      32384.2924413
  16 2037          0.3977734     130647.4978334      33520.3136527
  16 2039          0.4094727     130879.7226415      34103.2452763
  16 2041          0.4006982     130813.1236995      34043.3856224
  16 2043          0.3919238     131117.9162577      33675.4790120
  17 2019          0.3977734     128918.7219921      33151.4728871
  17 2021          0.3772998     128635.6838753      32253.4521251
  17 2023          0.3802246     128887.1906698      32308.3906021
  17 2025          0.3948486     128557.6288810      33086.6478789
  17 2027          0.3977734     128700.5007096      33113.0691778
  17 2029          0.3919238     128398.7900820      32892.5051051
  17 2031          0.3860742     128917.0267253      32629.6937732
  17 2033          0.3772998     129062.1405024      32320.0704565
  17 2035          0.4006982     128864.0825725      33383.0534547
  17 2037          0.3948486     128693.5021307      33209.9123275
  17 2039          0.4036230     128571.3671047      33483.7161276
  17 2041          0.4036230     129015.7466670      33559.1234396
  17 2043          0.3831494     128790.4323754      32809.0650068
  18 2019          0.3977734     133169.9754626      34244.6834929
  18 2021          0.3743750     132919.3399618      33001.2390430
  18 2023          0.3831494     133169.2438386      33521.4482433
  18 2025          0.3889990     132841.3988945      33867.8329757
  18 2027          0.4065479     132788.1583554      34635.7787223
  18 2029          0.3919238     133106.3792884      34276.2163536
  18 2031          0.3889990     133186.2914628      34024.6678575
  18 2033          0.3889990     133139.1724750      34138.0210958
  18 2035          0.3860742     133135.4280953      33842.8646844
  18 2037          0.3919238     133319.4188415      34046.3409750
  18 2039          0.3860742     132813.4872924      33782.1667004
  18 2041          0.4036230     132777.8023526      34300.8808426
  18 2043          0.4065479     132966.7193698      34568.8597820
  19 2019          0.3977734     129310.7580567      33252.2850327
  19 2021          0.3772998     129470.9822643      32298.3282417
  19 2023          0.4006982     128964.0649568      33489.2640579
  19 2025          0.3919238     129290.3513291      33135.5576271
  19 2027          0.3977734     129351.1236359      33387.1362678
  19 2029          0.3860742     129309.4080096      32885.9982868
  19 2031          0.3948486     129312.0967101      33127.7499055
  19 2033          0.3860742     129052.4539284      33016.8269191
  19 2035          0.3889990     129221.3904989      32971.6161714
  19 2037          0.3948486     128895.0370645      33219.0886337
  19 2039          0.3977734     129003.0134780      33128.3726378
  19 2041          0.4006982     129063.1912935      33372.7517875
  19 2043          0.3860742     128916.9352772      32747.8724095
  20 2019          0.3977734     128979.8652316      33167.1958823
  20 2021          0.3743750     128577.9818314      31992.4279672
  20 2023          0.3772998     128705.5107582      32288.1453619
  20 2025          0.4006982     128754.6294890      33320.2256780
  20 2027          0.3977734     128758.5969592      33304.7202331
  20 2029          0.3743750     128670.3567883      32128.3785965
  20 2031          0.3977734     128812.1344205      33098.6243830
  20 2033          0.3889990     128910.3184012      32982.9612903
  20 2035          0.3977734     129071.9063478      33354.1362367
  20 2037          0.3977734     128855.4421846      33460.4201633
  20 2039          0.3889990     128942.5611048      33109.8235731
  20 2041          0.3977734     128775.3405889      33416.0158180
  20 2043          0.3948486     128681.0781912      33246.1966768
  21 2019          0.3977734     132540.5597626      34082.8291308
  21 2021          0.3802246     132359.8764296      33140.7386106
  21 2023          0.3889990     132194.8454407      33603.6327095
  21 2025          0.3802246     132670.7454379      33263.6005018
  21 2027          0.3772998     132334.0309662      33203.8929846
  21 2029          0.3831494     132596.1004519      33411.6304980
  21 2031          0.3919238     132538.8634057      33861.1387252
  21 2033          0.3977734     132659.4472632      34215.0673570
  21 2035          0.4036230     132605.3610612      34503.6928662
  21 2037          0.3948486     132217.4256504      34274.0107814
  21 2039          0.3802246     132129.6510708      33608.7721955
  21 2041          0.3889990     132148.5409580      33627.7658642
  21 2043          0.3919238     132174.3601517      33948.2961312
  22 2019          0.3977734     133436.1283871      34313.1247660
  22 2021          0.3772998     133609.1822492      33311.7984437
  22 2023          0.3831494     132944.6015324      33509.3169001
  22 2025          0.3919238     133313.2776267      33995.7471634
  22 2027          0.3948486     133479.0047291      34403.3663275
  22 2029          0.3802246     133019.8969104      33392.5351606
  22 2031          0.3919238     133141.5515680      34083.5636438
  22 2033          0.4006982     133455.4041858      34571.6771944
  22 2035          0.3977734     133092.4650729      34539.0175879
  22 2037          0.3860742     133472.2927106      34110.4103497
  22 2039          0.3831494     133503.2078298      33945.9779018
  22 2041          0.3860742     133414.3723860      33946.2734781
  22 2043          0.4036230     132946.6909037      34419.1040293
  23 2019          0.3977734     128105.8765739      32942.4495395
  23 2021          0.3743750     127618.8428988      31762.0896898
  23 2023          0.3831494     128108.2395276      32438.4410686
  23 2025          0.3948486     127874.7068575      33140.7811228
  23 2027          0.3977734     128203.6755717      33148.8598782
  23 2029          0.3919238     127777.9917573      32985.7016726
  23 2031          0.3977734     127746.8730981      33235.1610917
  23 2033          0.3802246     128053.9582122      32447.0813538
  23 2035          0.4036230     127601.2108305      33185.5216097
  23 2037          0.4006982     127867.8552051      33059.6051400
  23 2039          0.3977734     128076.7678061      32957.9108886
  23 2041          0.3860742     128250.0618754      32446.3611953
  23 2043          0.4006982     128164.3545057      33125.9601106
  24 2019          0.3977734     131785.2609227      33888.6038963
  24 2021          0.3802246     131734.9455277      33029.9162104
  24 2023          0.3977734     131501.8935894      33702.9595849
  24 2025          0.3860742     131902.6068849      33446.8350186
  24 2027          0.3919238     131708.7198673      33623.1394591
  24 2029          0.3919238     131946.0061783      33850.7155369
  24 2031          0.3919238     131706.4389373      33921.2284290
  24 2033          0.3772998     131736.4713887      33194.1787785
  24 2035          0.3656006     131660.7760803      32381.7161359
  24 2037          0.3685254     131515.3576639      32553.4843745
  24 2039          0.4006982     131764.2189356      34134.1692178
  24 2041          0.4036230     131620.5548850      34314.9699882
  24 2043          0.3948486     131830.9128411      34002.9919952
  25 2019          0.3977734     135640.8816675      34880.0774744
  25 2021          0.3743750     135428.4864583      33683.1651696
  25 2023          0.3831494     135731.6567526      34170.2946673
  25 2025          0.3948486     135410.3490134      34863.8706079
  25 2027          0.4006982     135361.9922841      35233.4909460
  25 2029          0.3831494     135519.3612579      34449.1071877
  25 2031          0.3772998     135778.8257460      34025.7971751
  25 2033          0.3948486     135241.5588718      34812.8881404
  25 2035          0.3860742     135812.5179253      34606.3541449
  25 2037          0.3977734     135308.0566877      34982.5241528
  25 2039          0.3948486     135571.3901028      34900.3418792
  25 2041          0.3948486     135309.8513328      34781.4771718
  25 2043          0.4065479     135438.6221416      35200.3308977
  26 2019          0.3977734     131968.6906410      33935.7728818
  26 2021          0.3772998     131476.9345195      32788.2843144
  26 2023          0.3948486     131809.1403989      33616.1049917
  26 2025          0.3977734     131868.1004560      34096.5685564
  26 2027          0.3831494     131502.5670635      33359.9295269
  26 2029          0.3831494     131683.2217148      33331.9802320
  26 2031          0.3772998     132086.8934441      33006.0540917
  26 2033          0.3919238     131887.3631097      33753.0972409
  26 2035          0.4006982     131664.0021383      33956.3515720
  26 2037          0.4006982     131943.6549371      34008.7691379
  26 2039          0.3977734     131675.3788020      33960.5490779
  26 2041          0.3948486     131658.2482896      33855.6910095
  26 2043          0.3889990     131523.8197224      33733.8887767
  27 2019          0.3977734     130494.0595726      33556.5712334
  27 2021          0.3743750     130664.3730069      32356.6400794
  27 2023          0.3831494     130540.3552120      32844.6131325
  27 2025          0.3948486     130184.2746452      33476.4742612
  27 2027          0.3977734     130570.0210357      33518.5961131
  27 2029          0.3831494     130418.8181841      33071.0986972
  27 2031          0.3889990     130421.7656830      33190.8406345
  27 2033          0.4065479     130116.4505317      33737.0249155
  27 2035          0.3948486     130525.5131467      33544.5943037
  27 2037          0.3977734     130519.0103079      33580.6359873
  27 2039          0.3977734     130537.2163509      33567.5486719
  27 2041          0.3919238     130273.1897730      33129.5521962
  27 2043          0.3831494     130210.1644908      32950.3713044
  28 2019          0.3977734     130134.3934583      33464.0830265
  28 2021          0.3743750     129919.4187210      32274.4030345
  28 2023          0.3714502     129937.5252613      32129.5814934
  28 2025          0.3889990     129980.0368823      33142.7624834
  28 2027          0.4094727     129625.2866690      33784.0632980
  28 2029          0.3977734     130049.2900807      33539.5712752
  28 2031          0.3948486     129922.5013584      33453.4841792
  28 2033          0.4036230     129703.8514446      33628.5657138
  28 2035          0.3977734     130347.8246002      33603.0415645
  28 2037          0.3802246     129654.9107274      32939.0937056
  28 2039          0.3714502     130232.0422734      32330.2881652
  28 2041          0.3889990     129918.6830157      32960.9440933
  28 2043          0.4065479     129778.8629057      33750.2243459
  29 2019          0.3977734     133148.3954957      34239.1342005
  29 2021          0.3772998     132789.7129349      33139.8548046
  29 2023          0.3889990     133096.0770143      33921.2343544
  29 2025          0.3919238     133260.7075372      34121.7021500
  29 2027          0.3860742     132667.2028157      33840.7792408
  29 2029          0.3860742     133214.5766573      33693.7236755
  29 2031          0.4036230     132690.1639627      34511.0968041
  29 2033          0.3948486     132815.9192574      34293.8909745
  29 2035          0.3948486     132873.7869756      34123.6170053
  29 2037          0.3831494     132880.3101266      33732.5774523
  29 2039          0.3948486     133155.4855181      34086.2493481
  29 2041          0.3977734     133298.4624455      34322.7555712
  29 2043          0.3948486     132984.4277300      34187.5446134
  30 2019          0.3977734     136392.5838463      35073.3778269
  30 2021          0.3802246     136354.7788843      34170.6229405
  30 2023          0.3977734     136030.6193296      34861.0765439
  30 2025          0.3977734     136231.1260583      35283.2468118
  30 2027          0.3802246     136068.2222523      34444.7571297
  30 2029          0.3743750     136480.0287446      33942.4233373
  30 2031          0.4006982     136043.7775170      35174.2816427
  30 2033          0.3977734     136195.7479615      35364.8443161
  30 2035          0.3860742     136378.2017950      34907.7377500
  30 2037          0.3831494     135911.1715316      34249.4763263
  30 2039          0.3948486     136053.7108809      35066.3450307
  30 2041          0.3948486     136453.0388222      35287.8394541
  30 2043          0.3772998     136185.0670135      34455.9667739
  31 2019          0.3977734     127868.4969385      32881.4073229
  31 2021          0.3802246     127890.7399980      32060.3683198
  31 2023          0.3889990     127697.7440795      32485.6810959
  31 2025          0.3772998     127455.2215806      32032.5816541
  31 2027          0.3977734     127803.3465097      33009.8709844
  31 2029          0.3977734     128004.0807764      33119.2117331
  31 2031          0.3948486     127647.6349349      32818.7888308
  31 2033          0.3772998     128036.9288726      32220.7147371
  31 2035          0.3714502     127919.0961901      31866.9762475
  31 2037          0.3977734     127432.2293329      32865.1947866
  31 2039          0.3977734     127819.1053832      33060.0785654
  31 2041          0.3977734     127758.0298450      33020.9451330
  31 2043          0.3919238     128019.0491851      32815.6329301
  32 2019          0.3977734     134551.0933413      34599.8382074
  32 2021          0.3772998     134673.0317405      33597.7956876
  32 2023          0.3889990     134101.5207830      33953.1122825
  32 2025          0.3919238     134483.9779926      34324.2900783
  32 2027          0.3802246     134713.2454014      33934.3549842
  32 2029          0.3860742     134490.5010925      33971.6889399
  32 2031          0.3889990     134390.9115664      34244.7554500
  32 2033          0.3948486     134368.8032699      34439.2451187
  32 2035          0.3977734     134239.3083321      34641.0582732
  32 2037          0.4006982     134207.1661124      34757.9292303
  32 2039          0.4006982     134600.7560166      34735.6584304
  32 2041          0.3889990     134580.2150175      34154.1786396
  32 2043          0.3977734     134161.6410849      34616.8956123
  33 2019          0.3977734     131303.3083296      33764.6696990
  33 2021          0.3860742     131170.2032199      33512.1556321
  33 2023          0.3919238     131518.5605682      33658.2508292
  33 2025          0.3919238     131195.3548510      33829.7024891
  33 2027          0.3860742     130779.5149538      33491.5527362
  33 2029          0.3860742     131334.5304959      33425.4922556
  33 2031          0.3860742     131136.2523872      33476.9792130
  33 2033          0.3948486     131197.9676090      33779.3082447
  33 2035          0.3919238     131382.5598314      33618.1421250
  33 2037          0.3919238     131121.4637209      33622.4793718
  33 2039          0.3948486     131385.4901856      33875.7665201
  33 2041          0.3772998     130898.1207420      32999.4989847
  33 2043          0.4036230     131266.1816605      34026.8415678
  34 2019          0.3977734     128782.0488687      33116.3273685
  34 2021          0.3685254     128717.5014099      31542.6505835
  34 2023          0.3802246     128316.8345330      32105.0506693
  34 2025          0.3889990     128574.1638620      32809.7094121
  34 2027          0.3977734     128332.9156437      33147.4828636
  34 2029          0.4006982     128412.7149246      33264.6335593
  34 2031          0.4036230     128377.0601562      33565.5467685
  34 2033          0.3977734     128587.8372312      33464.1428967
  34 2035          0.3626758     128391.9600586      31639.6347888
  34 2037          0.3656006     128275.4480352      31367.4016914
  34 2039          0.3831494     128927.4770301      32454.5708895
  34 2041          0.4006982     128586.5056249      33237.3126499
  34 2043          0.3919238     128353.1815049      33080.7909203
  35 2019          0.3977734     126365.0925810      32494.8066180
  35 2021          0.3743750     126519.9575410      31159.5825752
  35 2023          0.3831494     126452.0395999      31757.1544989
  35 2025          0.3831494     125938.8583094      31766.2353748
  35 2027          0.3743750     126521.6129893      31475.2453882
  35 2029          0.3919238     125952.2135637      32143.2247124
  35 2031          0.4153223     126018.4446819      32825.7637086
  35 2033          0.4036230     126090.9002799      32631.0752036
  35 2035          0.3889990     126078.5032287      32120.2152129
  35 2037          0.3977734     126111.5497914      32586.4690427
  35 2039          0.3977734     126175.5950309      32546.8663701
  35 2041          0.3919238     126432.6570496      32282.3874083
  35 2043          0.4006982     126071.3229489      32679.2536394
  36 2019          0.3977734     130206.3266812      33482.5806679
  36 2021          0.3743750     129861.1278188      32240.3475779
  36 2023          0.3831494     129852.2245377      32648.0410138
  36 2025          0.3919238     130023.7877062      33258.8062114
  36 2027          0.3919238     130086.8448466      33426.3358275
  36 2029          0.4036230     129736.0083243      33747.2410790
  36 2031          0.3977734     129692.1765498      33694.2159641
  36 2033          0.3860742     130274.0296156      33148.7217666
  36 2035          0.3919238     130170.2329926      33392.7297669
  36 2037          0.3919238     130265.6163401      33557.0716520
  36 2039          0.3977734     129902.1454802      33667.5350097
  36 2041          0.3772998     129795.1880724      32710.9908669
  36 2043          0.3831494     129721.8889913      32944.5837541
  37 2019          0.3977734     132234.8435655      34004.2141549
  37 2021          0.3831494     132003.0103343      33345.9470838
  37 2023          0.3831494     132075.1925780      33329.7465850
  37 2025          0.3860742     132155.9829776      33555.6534932
  37 2027          0.3802246     132105.9277743      33507.1309264
  37 2029          0.3948486     132214.1582469      34040.5107707
  37 2031          0.4006982     132189.5035651      34173.3691792
  37 2033          0.4094727     131717.1015061      34501.4416995
  37 2035          0.3977734     132065.6431087      34243.5770890
  37 2037          0.3919238     132212.6097392      33890.2784670
  37 2039          0.3948486     131799.2266907      33876.6695092
  37 2041          0.3860742     132196.2627253      33714.8332968
  37 2043          0.3831494     132140.2811601      33425.5599887
  38 2019          0.3977734     131954.3039964      33932.0733535
  38 2021          0.3802246     131479.0304288      33070.3949386
  38 2023          0.3919238     131631.4497570      33577.1765160
  38 2025          0.3802246     131926.8973003      33216.8453051
  38 2027          0.3831494     131634.1455975      33287.3544448
  38 2029          0.3948486     131880.7163024      33915.5445680
  38 2031          0.4006982     131597.9375715      34253.9661642
  38 2033          0.3919238     131601.0708678      33916.1038501
  38 2035          0.3919238     131892.5660620      33879.9145991
  38 2037          0.3919238     132153.2021080      33664.4706806
  38 2039          0.3948486     131730.4216066      33877.0311982
  38 2041          0.3889990     131668.4139780      33669.0199143
  38 2043          0.4006982     131942.6740939      34136.9209277
  39 2019          0.3977734     129217.2448670      33228.2380989
  39 2021          0.3743750     128879.9062216      32005.3111272
  39 2023          0.3831494     129066.9325435      32493.7922706
  39 2025          0.3948486     129238.3153467      33252.6625673
  39 2027          0.4006982     129161.0522045      33496.9422376
  39 2029          0.3889990     129320.1117293      33133.3963497
  39 2031          0.3772998     129124.9502146      32493.9699131
  39 2033          0.3977734     128728.7925588      33306.4796922
  39 2035          0.3977734     129227.6231942      33319.7639523
  39 2037          0.3919238     128802.9539898      33048.0125862
  39 2039          0.3919238     128878.1625544      32980.4977211
  39 2041          0.3889990     129227.0451014      33096.8745604
  39 2043          0.3948486     129063.1393986      33169.3183762
  40 2019          0.3977734     127426.1076180      32767.6468284
  40 2021          0.3714502     127601.2280339      31572.1095544
  40 2023          0.3889990     126987.2587503      32396.2814475
  40 2025          0.3714502     127273.2555699      31711.8376497
  40 2027          0.3948486     127192.4540188      32817.9965225
  40 2029          0.4036230     126968.4944774      33096.4513549
  40 2031          0.3948486     127503.9943546      32772.9023072
  40 2033          0.3977734     127579.5419812      32793.3527667
  40 2035          0.3977734     127529.9105204      32864.2055718
  40 2037          0.3977734     126998.4942666      32790.6514217
  40 2039          0.3919238     127513.1647734      32609.0397350
  40 2041          0.3743750     127033.7887544      31752.1573380
  40 2043          0.3889990     127315.4235992      32213.7872522
  41 2019          0.3977734     129677.6174932      33346.6230037
  41 2021          0.3772998     129836.4587405      32540.3803361
  41 2023          0.3889990     129597.4294585      33024.8246339
  41 2025          0.3977734     129823.4740229      33484.7407604
  41 2027          0.3919238     129215.4728834      33253.6823059
  41 2029          0.3802246     129656.3629125      32751.8388469
  41 2031          0.3889990     129548.9305710      33088.0212735
  41 2033          0.4006982     129312.8775582      33451.6932565
  41 2035          0.3919238     129853.4588857      33192.2798947
  41 2037          0.3831494     129205.0137670      32635.5135833
  41 2039          0.3919238     129302.9790558      33117.1865104
  41 2041          0.3948486     129711.6283634      33379.8593197
  41 2043          0.3977734     129643.3622413      33353.7876799
  42 2019          0.3977734     130468.8829446      33550.0970589
  42 2021          0.3802246     130633.0674162      32873.7873045
  42 2023          0.3860742     130127.3730409      33090.5953420
  42 2025          0.3831494     130271.5501654      32985.7821757
  42 2027          0.3919238     130052.3806540      33387.1287585
  42 2029          0.3948486     130571.6650765      33515.6484697
  42 2031          0.3919238     130672.8090585      33515.7879286
  42 2033          0.3977734     130479.5885005      33797.4248196
  42 2035          0.3889990     130385.3128444      33475.3667779
  42 2037          0.3919238     130670.0801219      33507.0059165
  42 2039          0.3948486     130502.7589212      33615.8673129
  42 2041          0.3919238     129978.5449334      33417.1053803
  42 2043          0.3919238     130048.8080858      33476.1817670
  43 2019          0.3977734     136921.2930342      35209.3354910
  43 2021          0.3802246     136888.9516301      34464.7230505
  43 2023          0.3802246     136498.8911257      34461.1874961
  43 2025          0.3919238     136637.5377819      35114.1552944
  43 2027          0.4036230     136480.1059581      35446.1105069
  43 2029          0.3977734     136405.4201592      35119.1697654
  43 2031          0.3977734     136557.0077066      35224.3549056
  43 2033          0.3889990     136681.6973174      34703.6176956
  43 2035          0.3977734     136505.5773950      35328.5883226
  43 2037          0.3948486     136739.6613479      35337.3626697
  43 2039          0.3889990     136667.7126809      35082.2021602
  43 2041          0.3889990     137057.2240106      35106.8905473
  43 2043          0.3802246     137085.7029060      34559.6755586
  44 2019          0.3977734     128188.5997802      32963.7218271
  44 2021          0.3685254     128182.0247423      31574.3357445
  44 2023          0.3772998     127871.9119300      31851.6441183
  44 2025          0.3948486     128204.6067606      32839.2431530
  44 2027          0.3743750     128276.5025213      32119.5861113
  44 2029          0.3977734     127956.1549747      33011.9308160
  44 2031          0.4065479     128243.5708781      33287.1316189
  44 2033          0.3977734     128067.5526576      33077.7849756
  44 2035          0.3948486     127841.1458768      32933.0575315
  44 2037          0.3919238     128222.3980051      32653.0372137
  44 2039          0.4006982     128153.6875084      33015.1893522
  44 2041          0.4065479     128033.7761070      33251.2313124
  44 2043          0.4094727     127801.3884569      33359.2013306
  45 2019          0.3977734     127555.5874191      32800.9425829
  45 2021          0.3802246     127491.7466062      32057.6612419
  45 2023          0.4036230     127086.7380227      33057.5234302
  45 2025          0.3860742     127351.6977163      32410.3276728
  45 2027          0.3919238     127301.9739662      32620.7172774
  45 2029          0.4006982     127420.4075076      32866.7349092
  45 2031          0.4006982     127514.0516988      32940.9412007
  45 2033          0.3743750     127153.3958099      31909.2401018
  45 2035          0.3977734     127719.2414793      32799.2468319
  45 2037          0.3948486     127521.8236438      32902.6303746
  45 2039          0.3772998     127650.6148043      32177.9240333
  45 2041          0.4036230     127530.3056062      33050.2429298
  45 2043          0.4006982     127369.4775422      33061.7945461
  46 2019          0.3977734     130112.8134914      33458.5337341
  46 2021          0.3772998     129997.0142132      32542.9203092
  46 2023          0.3889990     129893.3795394      33025.3429377
  46 2025          0.3948486     129949.6367460      33402.2001377
  46 2027          0.3919238     130242.1150460      33456.2492520
  46 2029          0.3831494     129747.8965775      32873.2981313
  46 2031          0.3977734     129824.6880420      33493.0674244
  46 2033          0.3948486     130112.6295443      33432.5647699
  46 2035          0.3889990     129791.6999461      33302.6002396
  46 2037          0.3977734     129911.9503841      33543.2761553
  46 2039          0.3977734     129618.1154905      33720.8047392
  46 2041          0.3831494     130264.1961036      33074.4754223
  46 2043          0.3743750     130010.6785049      32603.3848670
  47 2019          0.3977734     128688.5356790      33092.2804347
  47 2021          0.3772998     128367.1420379      32201.5861968
  47 2023          0.3919238     128289.2547783      32786.5434488
  47 2025          0.3860742     128460.3870098      32803.6786904
  47 2027          0.3802246     128421.5846618      32511.3261033
  47 2029          0.3977734     128699.4633087      33185.0531249
  47 2031          0.3860742     128509.4312895      32650.8914671
  47 2033          0.4036230     128409.4519935      33288.0539139
  47 2035          0.4036230     128782.5630043      33420.0857003
  47 2037          0.3948486     128740.0604728      33221.8181672
  47 2039          0.3889990     128391.9524558      32721.4750570
  47 2041          0.3889990     128610.9277401      32755.8662228
  47 2043          0.3860742     128888.1711985      32858.5058886
  48 2019          0.3977734     132317.5667718      34025.4864425
  48 2021          0.3772998     132347.8378090      33034.2438876
  48 2023          0.4006982     132067.8405445      33812.0800347
  48 2025          0.3860742     132404.3811310      33759.2468195
  48 2027          0.3772998     131942.8310492      33125.1480209
  48 2029          0.3889990     132136.2199136      33851.0160682
  48 2031          0.3919238     131868.2418085      33916.4755395
  48 2033          0.4006982     131988.8163569      34208.8977413
  48 2035          0.3948486     132098.8458364      34133.8151624
  48 2037          0.3948486     132417.3050874      33891.4126146
  48 2039          0.3948486     132048.9472073      33976.7690080
  48 2041          0.4006982     131969.1982238      34122.7921899
  48 2043          0.3977734     132054.0821451      34184.1595956
  49 2019          0.3977734     127598.7473528      32812.0411678
  49 2021          0.3656006     127273.6780395      31141.6468184
  49 2023          0.3743750     127518.6959083      31537.5897420
  49 2025          0.3977734     127591.9051510      32875.6846883
  49 2027          0.4006982     127376.8579387      32837.9202467
  49 2029          0.4006982     127623.5478973      33018.2606694
  49 2031          0.3889990     127470.1288331      32647.6000348
  49 2033          0.3919238     127623.4839688      32663.0364223
  49 2035          0.3948486     127631.4959162      32872.2015146
  49 2037          0.3919238     127194.0956598      32672.5132160
  49 2039          0.3860742     127685.8978000      32312.6765689
  49 2041          0.3889990     127702.5563796      32252.0210362
  49 2043          0.3860742     127785.5409528      32413.0713886
  50 2019          0.3977734     130727.8425468      33616.6885679
  50 2021          0.3772998     130603.5020081      32560.6141192
  50 2023          0.3919238     130868.0250792      33500.3802451
  50 2025          0.3802246     130841.2945957      33113.8160577
  50 2027          0.3889990     130846.2386515      33410.7903130
  50 2029          0.4006982     130340.8400470      33838.8862312
  50 2031          0.3948486     130638.9718475      33456.7955725
  50 2033          0.3977734     130739.7520124      33677.3213855
  50 2035          0.3977734     130569.3547504      33721.7234647
  50 2037          0.3948486     130536.6517412      33504.3923891
  50 2039          0.3948486     130486.9403597      33534.0168496
  50 2041          0.3977734     130717.5181466      33716.9793940
  50 2043          0.3977734     130501.3718270      33752.6792876
