2019 2020 2021 2022 2023 2024 2025 2026 2027 2028 2029 2030 2031 2032 2033 2034 2035 2036 2037 2038 2039 2040 2041 2042 2043 2044 2045
  25959.53   29781.11   40600.69   51693.38   98392.86  168488.21  195792.54  203318.99  171441.44  135507.20  102126.37   78340.27   74783.98   67477.22   58770.50   57242.90   53677.61   44792.49   42488.94   50379.33   70016.68   90340.88   98746.46  116403.42  129581.28  130825.22  109559.94
  26666.73   30531.55   41790.80   53539.67   60539.11   73850.17   90147.50   98480.77  102820.15  109557.26  104573.57  100953.67  100628.55  100728.46  102919.95   99478.17  119662.93  153355.93  168329.35  174229.54  126936.60   85066.61   66641.36   43137.58   39286.58   39520.49   48592.22
  27337.97   31352.20   42014.89   60862.13   81150.23   91638.99   82475.22   77042.04   78994.24   76279.51   71532.21   69117.58   71771.07   71809.66   78003.41   85272.63   83001.50   83043.86   83674.07   84463.73   78933.29   70099.43   59038.94   59577.09   82315.43  100833.93  104204.40
  27375.08   31749.17   44157.17   58042.36   68443.70   75310.74   80744.41   87115.96  108226.16  142556.19  163768.08  184017.65  196864.19  194880.17  187051.26  171802.38  160627.06  153018.09  129556.44  114259.75  119953.97  132649.92  124673.50  107584.74   86969.71   69575.99   64238.25
  27413.16   31184.50   42568.03   57261.98   82639.19  110311.90  122486.40  131597.99  118041.70  103894.53   73084.21   38965.84   52993.73   76132.14   97505.82  111545.20   96958.63   78149.40   76404.13   84255.83   92011.02   92982.89   76595.47   58510.89   40550.89   28582.78   41799.47
  27916.22   31765.90   42353.62   55672.87   66779.67   72457.65   70012.03   75498.45   93363.92  106839.65  104374.21   94079.01   93484.22   95730.66   92048.13   86529.17   74735.04   63458.02   60305.18   57858.36   65202.62   84852.88   99311.38  101972.80   93233.96   93049.47  105586.10
  25293.69   29440.80   40277.47   56503.47   72743.38   79706.79   79137.04   76092.28   69673.47   62448.30   56228.13   61012.68   76627.47   90857.46   98490.60  101552.46   84472.54   65018.88   77966.44  112249.47  144752.54  175423.61  195511.52  202357.01  180861.41  149080.07  126039.22
  26166.07   29372.72   41236.80   52272.49   59518.65   65445.95   81395.00  106937.69  121350.97  140106.76  154172.13  154797.95  126619.53   93827.14   78531.97   64794.87   95947.37  150419.26  163326.18  163207.32  125805.24   82728.05   61004.71   42319.09   51587.71   67832.26  100578.30
  26381.36   30209.24   40547.18   51155.98   56335.83   63180.07   68048.52   82057.73  120645.76  163161.36  184390.21  187974.56  170650.66  149105.87  119207.77   88999.18   73369.21   67297.00   70902.06   72825.06   81887.32   92139.32   93392.65  146657.85  240698.63  303161.15  314047.89
  25129.66   28957.18   39779.72   64368.34   90684.39  101002.36   99366.31   95055.51   87778.44   81218.27   80165.57   79415.62   75881.54   79187.59   94439.29  118961.09  142599.44  153697.81  140215.73  117747.52   91634.57   72038.03   52499.06   36168.07   45353.89   57239.24   63126.55
  27619.19   31451.88   43111.64   56411.43   71043.30   84524.54   98376.38  110577.91  104184.22   96129.45   89947.96   98338.40  121246.10  139446.94  144468.87  146143.30  138767.78  130619.31  121055.10  104700.43   98717.83   92028.37   84587.38   77897.09   70000.87   62983.64   57865.33
  24999.65   28832.24   40212.89   56905.54   71623.85   79631.04   76345.98   69274.05   61947.31   56528.05   65736.44   89150.52  127496.62  162923.17  170281.76  165995.40  134564.76  106615.50   91830.30   84436.70  101795.00  113270.18  119196.46  149887.67  174435.47  187688.23  181786.78
  23892.22   27141.02   38316.60   47760.96   66849.86   93730.34  109509.20  114663.68  111994.70  101986.81   83657.13   69470.30   60951.48   54029.27   48834.28   45392.35   46410.83   58806.18   78514.36   87106.31   91348.15   92444.43   84436.86   78842.72   69840.80   91274.68  127722.78
  24949.98   28954.52   40037.41   51256.08   56618.54   69129.20   83555.13   93982.77   80608.93   66169.52   73705.37   88742.80   96380.89   93906.01   80948.20   69508.90   82328.94   94217.78  122874.37  164595.01  179278.43  174352.95  137004.26   97625.74   80067.83   65270.58   60407.22
  22802.38   25910.03   36896.76   52968.49   77548.99   98292.36  102366.50   97548.64   83778.82   69376.52   63718.83   87319.98  129132.03  150641.27  144263.60  128327.06  110371.72   93930.13   77396.54   71413.14   73715.42   72312.90   72674.60   73696.23   79652.33   92499.45  109271.69
  24653.49   28396.05   39635.21   49813.31   60929.97   77348.20   85312.16   94593.40   94391.82   96709.61  109043.66  115232.07  109652.26  101794.11   92867.65   88174.65  135341.96  203572.74  234768.80  233537.44  199784.22  158877.84  119166.71   92236.60   95250.77  103201.97  125051.14
  25237.80   28975.21   39570.86   53701.06   72750.13   92187.12   97195.84   95224.27   94590.74   96896.78  102256.93  103773.27  104321.31  137646.37  183488.07  198829.81  178662.87  160608.15  146155.82  135229.81  112109.66   86996.03   59795.45   33505.89   40236.07   54996.35   66908.58
  29448.01   33719.86   45143.96   65975.19   86443.37  106345.79  124410.04  130627.73  106579.79   81433.12   73748.79   74587.39   75571.47   81841.29   87957.80   94537.89  107882.67  113303.97  111244.71  132472.00  161328.36  176148.90  174991.64  160740.54  131775.55  124256.61  137384.56
  26177.49   30319.03   41379.79   50452.37   44546.13   41590.72   48560.48   53195.87   52013.88   48312.39   55582.72   65070.76   67697.93   69033.48   71786.09   77824.10   84362.82   85767.71   84623.19   87265.32   88524.87   81851.55   71107.55   67616.42   72223.03   81797.64   95184.24
  26270.83   29403.21   40183.37   60231.57   89911.13  113803.28  113018.83  101981.09   81454.74   85369.17  118284.88  135719.54  134750.56  134240.42  141139.78  147051.14  122114.67   96262.98   64697.34   45741.42   55654.90   57510.11   51038.72   40001.36   41075.40   42256.88   53677.34
  29044.42   32625.52   43797.48   54414.85   64822.90   72826.14   83574.01   98537.74  117721.23  146491.00  167502.35  185885.75  189103.57  181115.92  161140.02  137740.96  101579.59   67182.40   50347.78   43352.86   57367.77   73528.81   85961.41   94363.32   94557.31  103971.40  129002.22
  27952.23   32448.48   44166.35   56813.68   73600.75   92161.34  102154.05  103734.20   91246.51   81458.83   96463.51  114872.42  122326.18  122491.54  105044.77   86676.11   72819.19   61902.45   64172.56   67004.77   73671.99   88444.03  102795.89  108055.36  104514.27   98224.18   94061.31
  25266.52   28635.19   39428.57   61751.96   84446.74   96111.84   81375.40   78334.54   73140.99   64153.67   63712.90   62198.08   48508.73   38502.32   70040.90  107658.15  110640.83  100051.14   98273.51   93994.00   91704.90   87699.98   95560.53  103751.44   94641.99   81263.05   73814.78
  26685.80   30843.38   41751.40   52449.16   56931.13   63467.33   75675.64   86264.18   90493.73   91422.38   88173.19   81628.70   75463.02   71519.16   85819.48  113424.58  152908.44  255976.68  385187.88  463145.55  415866.59  326346.96  231858.34  143087.23  113398.28   99070.89  107318.94
  29213.68   33616.88   45282.88   63803.09   82683.36   98170.29  101976.32   98073.48   76485.62   57813.94   62602.44   77736.94   97556.69  111415.95  110202.04  113864.06  121909.49  126091.64  119765.68  110441.76   95052.20  114831.95  157258.93  167118.73  148356.00  123367.02  106152.34
  28456.26   32150.95   43855.28   57514.26   66768.01   68917.92   60368.74   58621.94   67670.19   80142.95   91036.03  113430.95  144495.17  162689.30  164731.54  160569.18  153913.44  144689.25  128907.22  115076.71  102887.45   97418.66   96290.87   88687.71   86110.69   86814.26   86254.76
  27992.40   31377.67   42450.18   56445.61   70381.07   82624.88   87863.77   89644.44   89975.04   87539.06   93552.63  113351.17  129012.53  130941.94  118743.93  108270.27  100586.29   91493.79   84826.54   82110.39   81318.52   81447.60   85641.81   89081.81   97457.54  115793.92  127233.68
  25257.70   28924.43   40180.17   59852.25   90956.01  130870.85  156454.54  160682.70  140152.86  120039.00  109942.76  100215.33   93576.73   90525.71   87864.09   79864.26   66444.51   61850.93   72398.55  101703.44  141623.34  169225.74  189403.04  200336.41  176805.97  145550.42  106795.58
  27373.46   31486.29   42958.21   54846.19   62902.93   70339.13   73113.36   81653.32   94639.94  109122.58  123458.92  128618.59  113347.68   96881.81   90655.57   87622.32   88274.86   95889.23  114037.73  138204.46  145503.34  147960.54  141745.00  124198.36  116159.78  119375.68  135374.51
  30096.56   34903.69   46274.11   55876.61   61410.03   63409.45   56326.89   53339.66   59466.97   78354.87  105295.54  117865.23  114990.29  106522.10   84115.32   65802.07   66476.38   77495.87   96526.81  107688.52  104361.51  100418.11   79795.12   61641.35   77708.51  115070.89  150609.45
  24580.27   28268.26   39759.77   50323.54   57263.43   69522.62   93780.46  118876.73  116809.22  102376.28   82706.30   65474.84   64263.46   65120.63   77559.21   99387.11  135237.41  170413.96  170860.23  157105.36  136253.59  118640.26  105381.41   88644.70   85351.57   84934.70   88934.81
  30138.69   34764.99   45815.35   58676.33   72359.26   82902.81   90064.29   93752.07  104689.91  127145.84  140297.71  154293.73  165908.79  165992.31  161529.30  158928.23  149965.03  132855.12  116976.99  104084.13   89234.06   82027.87   86736.43   87441.60   81395.93   83567.62   94006.53
  26759.69   30666.32   37062.98   43421.68   47718.98   51702.41   48528.52   53185.38   66186.65   73399.33   80596.77   91796.19  101584.47  110769.94  108619.82   96216.14   94370.84  104546.61  110537.39  110050.17   86190.57   94535.02  142082.21  159986.93  144885.52  119961.77   96075.19
  26581.09   30258.48   41977.66   68118.73   97686.16  118023.11  132454.97  144070.61  143071.16  143024.98  129669.07  109550.70   71706.30   38779.26   24358.17   12454.71   26826.08   59924.56   97986.39  132930.82  159422.91  171940.82  159166.08  138102.85  127117.25  128802.94  126380.03
  24226.29   27529.05   39732.37   53525.23   66724.69   83295.99  106211.85  123207.33  153416.59  193015.10  208209.49  212494.57  189748.97  158471.76  132287.73  123080.62  131423.06  135033.62  128284.61  124643.36  118758.66  115188.86  122512.65  121526.15  109582.56   97426.33   75341.32
  26100.86   30277.31   42187.08   65819.57   90964.05  103331.47  106348.21  115381.21  119043.25  116085.92  104427.34   90066.02   76642.32   68416.77   73362.04   80251.17   82849.69   80525.90   73051.49   65992.03   58027.93   58188.07   81573.90  105275.60  127035.46  159465.34  176254.55
  29053.97   32827.61   42619.64   51530.80   62440.09   82284.53   96277.77  106098.47  122666.92  161869.54  181046.21  170665.87  154693.84  137466.45  102532.05   70661.69   59875.92   52095.71   55189.58   54779.36   55476.37   56693.26   56919.85   63963.03   75357.91   80733.04   85192.04
  26783.24   30796.61   42008.22   52374.31   60918.84   69701.75   84298.51  104878.18  122401.18  137660.08  133348.76  122215.74   95038.38   74949.38   76328.02   77269.51   81557.38   88813.27  101325.23  104692.97  101867.78  111207.91  122625.64  136606.23  137104.50  125482.60   97185.51
  25371.65   29219.18   40900.15   58755.32   76677.92   91540.19   93400.57   88754.27   75143.45   62810.80   59067.17   80943.58  113720.12  127354.35  124973.57  116112.75  106651.52   97402.79   95604.97   98421.62  101184.83  101645.46   99551.86   98755.67   98235.31   93790.87   86348.33
  22355.18   25695.07   37377.32   52969.59   66046.43   75892.45  106254.07  149589.84  155817.37  144084.51  115037.94   94749.37   95913.63   87962.26   82187.17   77555.88   73042.28   67003.43   64678.67   62918.48   61890.94   61980.57   76957.23  101060.96  115748.36  120646.67  111801.06
  23426.02   27295.08   38215.60   49877.57   59492.30   67388.55   65089.81   60891.75   59332.49   70095.98   88463.40   98047.07  103458.72  107991.72  100534.22   91293.45   87712.34   85403.41   98022.98  115755.72  122790.58  124373.11  116310.92  113525.81  112805.58  102949.73   82590.02
  26696.18   30642.64   40429.61   47975.09   55073.88   70600.31   84829.54   98906.33  108549.95  112248.74  110325.36  110134.36  110957.48  107345.48   78810.99   66289.59   77384.22   74140.52   75457.71   79641.29   76471.50   70542.26   74320.23   75750.13   75484.24   81213.33   86295.84
  31453.20   36055.63   45536.74   59904.03   78377.00  104070.15  118936.31  119768.26  110870.78  101542.87  100471.78   97150.18   89525.55   82002.25   86097.39   91425.56   84284.49   75678.32   65874.75   59921.41   59524.14   59130.63   60912.79   61864.49   71521.03   91267.71  111461.72
  25152.40   28099.88   38998.37   67498.48  103971.86  120973.36  114540.78  140202.65  201223.48  243808.80  249501.41  237795.20  195569.47  161013.61  145055.61  136805.40  130146.75  150993.09  198485.85  222726.78  216961.16  202254.13  185485.39  161438.93  132885.65  106160.17   87880.21
  24973.46   28611.82   38450.59   48758.63   48497.81   44683.19   53999.68   69360.37   78211.52   87289.56   90495.43   84965.09   73954.82   77264.15  112599.98  149280.39  154308.30  141370.90  112234.25  137269.36  203570.33  229355.68  205870.92  176911.17  147860.47  110418.55   90939.36
  25543.06   28762.98   39240.28   49496.75   58265.49   68801.84   73543.49   73067.09   67108.54   75187.06   94215.92  100454.44   96776.73   92362.04   88563.30   87858.07   89242.09   94074.82   91236.07   82630.61   67362.25   54237.81   54507.95   73043.92  104263.88  121362.97  114419.02
  23836.90   26898.00   37858.58   50053.25   57830.93   67262.21   73572.17   98003.14  130055.44  145141.88  138661.65  137317.24  157735.04  173589.30  163205.73  142416.23  111920.91   88275.32   73052.73   61672.32   70970.16   82834.88   87950.60  118568.58  144888.73  148638.13  139168.83
  27623.98   31841.05   43283.34   54548.02   61048.51   63762.62   64835.74   83782.13  112325.00  126902.93  129607.27  130437.42  129161.64  124318.27  108329.70   93492.17   83779.29   85980.62   95746.89   97236.80   97883.74   99531.10   97871.86   88699.52   72790.62   69347.91   74715.32
  24735.90   28119.68   39483.28   78064.34  127948.57  153199.40  154684.99  147073.06  140349.40  133376.57  110034.87   96847.72   98011.64  100760.61  105011.24  104916.65   98465.21   94425.76   97329.80   94890.29   99941.42  110386.03  118103.48  127736.77  134249.93  140208.09  130541.80
  28855.99   32900.52   44123.33   52325.71   53142.89   59566.94   76346.07   97167.20  111190.72  121053.98  109440.03   92974.61   95187.96   99755.27   94369.32   91465.62   90016.32   91612.60   97641.10  103520.56  106813.62  110845.94  110857.90  109899.88  101253.19   89414.66   68453.68
