FL 2019 2020 2021 2022 2023 2024 2025 2026 2027 2028 2029 2030 2031 2032 2033 2034 2035 2036 2037 2038 2039 2040 2041 2042 2043 2044 2045
 1  0.7288134  0.6828411  0.6450482  0.6294427  0.6471767  0.6965876  0.6818549  0.6642264  0.6472103  0.6379685  0.6426852  0.6522582  0.6638710  0.6586040  0.6478769  0.6594479  0.6676252  0.6498699  0.6380753  0.6616513  0.6910856  0.6950600  0.6883427  0.6850339  0.6962777  0.6840086  0.6609426
 2  0.5725724  0.5257627  0.5033939  0.4965851  0.5605177  0.5984665  0.5864624  0.5465187  0.4935909  0.4667944  0.4868983  0.5342971  0.5532679  0.5410809  0.5214945  0.5411315  0.5566096  0.5360648  0.5244088  0.5640025  0.5943553  0.5978252  0.5804144  0.5743817  0.5797994  0.5693321  0.5327020
 3  0.7521145  0.7090282  0.6696470  0.6506986  0.6602655  0.7182115  0.7058149  0.6845287  0.6645466  0.6535734  0.6571943  0.6689890  0.6836042  0.6785648  0.6652465  0.6756755  0.6874374  0.6712479  0.6554775  0.6772499  0.7117413  0.7168974  0.7095175  0.7029913  0.7160677  0.7052510  0.6805039
 4  0.4566311  0.4242774  0.4138716  0.4056922  0.5124059  0.5424940  0.4916449  0.4147923  0.3663063  0.3694762  0.4257918  0.4780296  0.4776867  0.4384426  0.4305801  0.4792586  0.4876318  0.4371549  0.4426623  0.5126234  0.5322753  0.5177827  0.4813803  0.4929292  0.5090359  0.4757944  0.4220810
 1  0.7290193  0.6837882  0.6489619  0.6333778  0.6258706  0.6342946  0.6639137  0.6680505  0.6668056  0.6779786  0.6757059  0.6701805  0.6795031  0.6810072  0.6880101  0.6884633  0.6908067  0.7100836  0.6968136  0.6843134  0.6561231  0.6258143  0.6337708  0.6106752  0.6096220  0.6321085  0.6630658
 2  0.5731135  0.5265721  0.5051453  0.4989404  0.4935543  0.5187083  0.5532886  0.5588350  0.5564728  0.5623793  0.5563840  0.5458386  0.5465668  0.5476030  0.5522516  0.5514029  0.5734874  0.5945929  0.5873092  0.5584452  0.5139780  0.5033870  0.5212835  0.5040845  0.5030193  0.5349085  0.5651632
 3  0.7523618  0.7098613  0.6733165  0.6543292  0.6444160  0.6497519  0.6814466  0.6882551  0.6850955  0.6966888  0.6956495  0.6881948  0.6973339  0.6986924  0.7051769  0.7068633  0.7068607  0.7306265  0.7190454  0.7035338  0.6739121  0.6427960  0.6520725  0.6315609  0.6267264  0.6480111  0.6818698
 4  0.4573780  0.4241020  0.4131466  0.4088821  0.4050951  0.4574023  0.4921040  0.4750712  0.4741486  0.4868800  0.4647207  0.4553393  0.4582953  0.4582755  0.4686947  0.4569261  0.5058522  0.5300281  0.4909633  0.4385186  0.4137631  0.4391738  0.4561738  0.4179342  0.4284745  0.4807406  0.5004201
 1  0.7283085  0.6840857  0.6435589  0.6300631  0.6451373  0.6476564  0.6306307  0.6332032  0.6526102  0.6520226  0.6500684  0.6545643  0.6706346  0.6765250  0.6723978  0.6832366  0.6758322  0.6790425  0.6749962  0.6756117  0.6687210  0.6611740  0.6556999  0.6660817  0.6906506  0.6911267  0.6767725
 2  0.5726575  0.5268711  0.5012393  0.5123414  0.5336540  0.5330262  0.5130720  0.5281505  0.5505180  0.5461398  0.5326763  0.5342026  0.5576209  0.5653543  0.5640687  0.5640364  0.5594545  0.5600344  0.5604794  0.5587232  0.5443404  0.5260138  0.5230176  0.5642238  0.5947746  0.5944726  0.5683648
 3  0.7516802  0.7099972  0.6679800  0.6498419  0.6639744  0.6673500  0.6483473  0.6496133  0.6717829  0.6721612  0.6691301  0.6713370  0.6879726  0.6971003  0.6915805  0.7020134  0.6948641  0.6978368  0.6943366  0.6949134  0.6882784  0.6792101  0.6720469  0.6825962  0.7114116  0.7139747  0.6983670
 4  0.4573648  0.4236758  0.4113364  0.4433528  0.4644052  0.4420011  0.4288006  0.4703062  0.4833523  0.4612880  0.4359163  0.4569634  0.4957146  0.4874088  0.4783507  0.4803095  0.4777010  0.4817110  0.4809172  0.4753061  0.4472328  0.4225610  0.4492535  0.5116144  0.5339052  0.5140501  0.4578318
 1  0.7292546  0.6838950  0.6510699  0.6396739  0.6359575  0.6377824  0.6446862  0.6616694  0.6782418  0.6987371  0.6971772  0.6890401  0.6956099  0.6907404  0.6861689  0.6858813  0.6854467  0.6905235  0.6785476  0.6743765  0.6777113  0.6901664  0.6734068  0.6555631  0.6441993  0.6435731  0.6545680
 2  0.5718989  0.5260567  0.5069944  0.5049667  0.5055978  0.5069800  0.5188406  0.5392251  0.5723780  0.5936734  0.5907248  0.5759930  0.5668441  0.5543421  0.5359021  0.5277017  0.5357583  0.5461787  0.5472001  0.5467325  0.5671163  0.5806458  0.5625888  0.5261651  0.4968304  0.5026872  0.5226087
 3  0.7524902  0.7101951  0.6755616  0.6604020  0.6542022  0.6554332  0.6611413  0.6786531  0.6953152  0.7189600  0.7191339  0.7081669  0.7140744  0.7095343  0.7031185  0.7023938  0.7015875  0.7080182  0.6970579  0.6924697  0.6954028  0.7106766  0.6952396  0.6748235  0.6610513  0.6594979  0.6716658
 4  0.4556608  0.4248787  0.4141647  0.4148726  0.4222594  0.4222223  0.4433204  0.4687936  0.5090706  0.5275807  0.5001362  0.4778526  0.4770998  0.4501512  0.4282070  0.4270896  0.4538123  0.4654695  0.4599252  0.4661338  0.5011144  0.5104627  0.4637772  0.4068826  0.3976340  0.4315541  0.4508521
 1  0.7307392  0.6865184  0.6500636  0.6358037  0.6444708  0.6685877  0.6643649  0.6668878  0.6476515  0.6443308  0.6141899  0.5396722  0.6019146  0.6779958  0.6776965  0.6778462  0.6611906  0.6488585  0.6523761  0.6866913  0.6768882  0.6665078  0.6535528  0.6451466  0.6282634  0.6154990  0.6606430
 2  0.5709265  0.5258337  0.5049076  0.5056103  0.5344754  0.5591915  0.5608203  0.5557501  0.5453483  0.5433530  0.5102074  0.4420206  0.5412577  0.5909561  0.5914452  0.5730082  0.5363960  0.5036137  0.5397514  0.5833072  0.5780962  0.5504435  0.5176049  0.5018695  0.4928619  0.5314748  0.5806741
 3  0.7534590  0.7123403  0.6744317  0.6563965  0.6614252  0.6875662  0.6840581  0.6862885  0.6668966  0.6641005  0.6368036  0.5575103  0.6099188  0.6991653  0.7005572  0.6984182  0.6807443  0.6664734  0.6658452  0.7073220  0.7000057  0.6861426  0.6711442  0.6627170  0.6452546  0.6299292  0.6794601
 4  0.4540021  0.4236161  0.4135542  0.4226914  0.4727814  0.4910915  0.4819012  0.4741042  0.4732539  0.4763303  0.4156470  0.3700904  0.5073660  0.5378293  0.5077455  0.4717762  0.4275710  0.3972323  0.4909526  0.5282864  0.4851965  0.4343033  0.4195030  0.4112676  0.4180043  0.4887755  0.5273394
 1  0.7296156  0.6865591  0.6433874  0.6232516  0.6243953  0.6275272  0.6231363  0.6417702  0.6779169  0.6861984  0.6736874  0.6631128  0.6686378  0.6828172  0.6853166  0.6819358  0.6683780  0.6566534  0.6658701  0.6755596  0.6816753  0.6969170  0.6989230  0.6828954  0.6638109  0.6707814  0.6850795
 2  0.5721350  0.5269808  0.5002374  0.4992957  0.5106144  0.5124182  0.5096051  0.5453237  0.5840091  0.5888443  0.5647690  0.5279545  0.5167935  0.5356850  0.5534843  0.5548718  0.5341903  0.5117251  0.5261954  0.5464832  0.5667843  0.5901681  0.5926380  0.5704942  0.5410852  0.5576630  0.5740535
 3  0.7525046  0.7121357  0.6678004  0.6439738  0.6428816  0.6462973  0.6406630  0.6568998  0.6970969  0.7083760  0.6951903  0.6815187  0.6841100  0.6989228  0.7032049  0.7010402  0.6875510  0.6736747  0.6816399  0.6934924  0.6994834  0.7157135  0.7210475  0.7043449  0.6815665  0.6880416  0.7052609
 4  0.4555682  0.4230816  0.4116807  0.4222828  0.4387576  0.4303648  0.4315779  0.4929310  0.5257816  0.5111589  0.4544632  0.4024757  0.4270771  0.4647108  0.4781282  0.4655745  0.4248711  0.4121027  0.4555126  0.4740138  0.4942067  0.5245115  0.5154637  0.4612847  0.4496008  0.4969096  0.5006962
 1  0.7282820  0.6799588  0.6359823  0.6195973  0.6356327  0.6396006  0.6412361  0.6504493  0.6598200  0.6672264  0.6686740  0.6789301  0.7013320  0.6989841  0.6892160  0.6832580  0.6735828  0.6599464  0.6725988  0.7085058  0.6993834  0.6924401  0.6910087  0.6895442  0.6767731  0.6677017  0.6637202
 2  0.5697585  0.5240958  0.4995263  0.5050342  0.5210216  0.5160034  0.4984324  0.4920353  0.5004638  0.5098318  0.5194316  0.5593472  0.5934674  0.5969035  0.5781525  0.5536967  0.5283675  0.5102245  0.5693471  0.6072337  0.6064708  0.5912581  0.5768554  0.5616368  0.5319061  0.5075773  0.4933813
 3  0.7517544  0.7067786  0.6611555  0.6399906  0.6545082  0.6585357  0.6580898  0.6658461  0.6753250  0.6834209  0.6849787  0.6940985  0.7213601  0.7212743  0.7102429  0.7017191  0.6908964  0.6777600  0.6858235  0.7306919  0.7232935  0.7135001  0.7107420  0.7089025  0.6948513  0.6844528  0.6799100
 4  0.4555172  0.4257960  0.4128398  0.4335507  0.4444877  0.4163454  0.3881036  0.3961676  0.4161160  0.4204091  0.4310101  0.5018437  0.5331402  0.5162511  0.4728350  0.4415162  0.4312757  0.4155772  0.5187565  0.5513622  0.5249518  0.4975302  0.4862590  0.4596594  0.4188091  0.3966379  0.3874043
 1  0.7315684  0.6873634  0.6581544  0.6461733  0.6425746  0.6466607  0.6631148  0.6926510  0.6840856  0.6802339  0.6750377  0.6682209  0.6496559  0.6307291  0.6356202  0.6398735  0.6758986  0.7125965  0.6872174  0.6662863  0.6457906  0.6135199  0.5904148  0.5839408  0.6325893  0.6619507  0.6879085
 2  0.5697771  0.5246284  0.5103804  0.5052488  0.4952385  0.4892905  0.5330727  0.5770005  0.5852968  0.5813195  0.5718644  0.5511420  0.5142313  0.4875181  0.4926871  0.5117322  0.5894371  0.6158624  0.5948092  0.5601584  0.5281580  0.4983948  0.4729805  0.4925443  0.5414028  0.5731764  0.5962087
 3  0.7537993  0.7128878  0.6822177  0.6672151  0.6610340  0.6627032  0.6766652  0.7111878  0.7052549  0.7016038  0.6965507  0.6881144  0.6682909  0.6479366  0.6518305  0.6564539  0.6890369  0.7366158  0.7124364  0.6867522  0.6641440  0.6341515  0.6085739  0.5984629  0.6493767  0.6798917  0.7076025
 4  0.4515532  0.4227631  0.4186495  0.4076880  0.3876482  0.3890759  0.4798757  0.5191504  0.5138311  0.5074286  0.4843452  0.4483391  0.4072325  0.3953972  0.4147920  0.4426872  0.5392551  0.5574374  0.5006149  0.4519748  0.4486713  0.4124848  0.3900556  0.4449245  0.4855881  0.5109276  0.5317200
 1  0.7286303  0.6827316  0.6406803  0.6190839  0.6029657  0.6143994  0.6372556  0.6547760  0.6891348  0.6997220  0.6915362  0.6807153  0.6695709  0.6669552  0.6643177  0.6545277  0.6566372  0.6632094  0.6864470  0.6825572  0.6853105  0.6941533  0.6905803  0.7030188  0.7251575  0.7070402  0.6868233
 2  0.5686480  0.5247601  0.5006655  0.4910614  0.4884870  0.5135918  0.5399447  0.5679534  0.5970089  0.6042087  0.5879721  0.5585376  0.5244177  0.5103239  0.5026363  0.4886870  0.4887511  0.5254495  0.5611335  0.5670990  0.5695696  0.5745789  0.5662729  0.6023988  0.6220878  0.6124003  0.5763176
 3  0.7517398  0.7089221  0.6654158  0.6404934  0.6210968  0.6307324  0.6554015  0.6720992  0.7090022  0.7220060  0.7135282  0.7005069  0.6869079  0.6834656  0.6812460  0.6710023  0.6720987  0.6777563  0.7046236  0.7023638  0.7033290  0.7134245  0.7102305  0.7180916  0.7494773  0.7319475  0.7082916
 4  0.4547156  0.4242532  0.4126844  0.4041972  0.4164552  0.4562191  0.4757839  0.5083618  0.5350449  0.5298305  0.4921557  0.4405972  0.4141699  0.4170961  0.4010487  0.3815919  0.3925296  0.4679240  0.4960781  0.4793847  0.4884798  0.4949992  0.4672323  0.5409349  0.5628304  0.5239400  0.4500309
 1  0.7290541  0.6815356  0.6384430  0.6275830  0.6544758  0.6516389  0.6461231  0.6506322  0.6655674  0.6715367  0.6800684  0.6830844  0.6787935  0.6785059  0.6968985  0.6975264  0.6979608  0.6894709  0.6717398  0.6572818  0.6498746  0.6525875  0.6556380  0.6374147  0.6561813  0.6823788  0.6768789
 2  0.5720311  0.5252907  0.5006093  0.5236473  0.5497679  0.5406802  0.5069821  0.4892203  0.5049322  0.5292180  0.5557157  0.5625916  0.5509591  0.5550982  0.5809453  0.5942131  0.5939793  0.5798612  0.5447360  0.5029268  0.4782210  0.4947580  0.5276394  0.5322234  0.5646095  0.5828403  0.5720221
 3  0.7524456  0.7079812  0.6633455  0.6465656  0.6743006  0.6726066  0.6640002  0.6655720  0.6807048  0.6878816  0.6976084  0.7025105  0.6979253  0.6947179  0.7155964  0.7182806  0.7194162  0.7108354  0.6915298  0.6750212  0.6655525  0.6672621  0.6730304  0.6571294  0.6734868  0.7030935  0.6985855
 4  0.4569095  0.4252592  0.4142210  0.4641965  0.4828242  0.4365800  0.3740626  0.3916252  0.4300850  0.4590378  0.4840190  0.4788193  0.4463107  0.4804991  0.5183148  0.5234681  0.5156755  0.4837834  0.4287006  0.3775125  0.3731286  0.4284890  0.4647272  0.4631779  0.5035300  0.5152425  0.4742265
 1  0.7304056  0.6862981  0.6548460  0.6413380  0.6433879  0.6548761  0.6628172  0.6776802  0.6689319  0.6591988  0.6687155  0.6762849  0.6994679  0.6946945  0.6787842  0.6743333  0.6674968  0.6596547  0.6677835  0.6608005  0.6599727  0.6609316  0.6661005  0.6710384  0.6648401  0.6622108  0.6635816
 2  0.5719358  0.5261459  0.5075792  0.5048837  0.5137546  0.5254042  0.5422702  0.5553992  0.5409845  0.5205114  0.5263648  0.5650867  0.5939408  0.5949717  0.5744211  0.5607034  0.5447168  0.5336910  0.5409211  0.5358235  0.5255234  0.5216505  0.5344930  0.5452951  0.5405343  0.5305114  0.5383744
 3  0.7532408  0.7121606  0.6790504  0.6619639  0.6612656  0.6722998  0.6795248  0.6961027  0.6887717  0.6761424  0.6851275  0.6924164  0.7199888  0.7171771  0.6994032  0.6941277  0.6872038  0.6770911  0.6857066  0.6800484  0.6778046  0.6779252  0.6825705  0.6896439  0.6841436  0.6797593  0.6804997
 4  0.4545313  0.4234454  0.4136450  0.4154800  0.4338841  0.4442155  0.4701234  0.4783445  0.4338566  0.4202322  0.4481740  0.5076406  0.5328030  0.5121811  0.4856165  0.4753119  0.4473468  0.4497891  0.4646309  0.4457408  0.4270914  0.4313726  0.4627242  0.4696547  0.4448909  0.4372830  0.4670467
 1  0.7281665  0.6808930  0.6445116  0.6314641  0.6369821  0.6381820  0.6351292  0.6346884  0.6421716  0.6621108  0.6708315  0.6972760  0.6974111  0.6993338  0.6818633  0.6723808  0.6600365  0.6473069  0.6633949  0.6590299  0.6783738  0.6794856  0.6737342  0.6828922  0.6975206  0.6801998  0.6683897
 2  0.5709774  0.5244168  0.5045947  0.5102369  0.5210428  0.5187005  0.5041778  0.4939132  0.5163686  0.5456285  0.5789101  0.6005885  0.6062674  0.5992341  0.5720940  0.5400707  0.5049828  0.5043302  0.5379264  0.5598750  0.5772563  0.5757169  0.5617290  0.5783089  0.5916791  0.5798010  0.5582028
 3  0.7515019  0.7073161  0.6692504  0.6519267  0.6558287  0.6571779  0.6527412  0.6514331  0.6574364  0.6801726  0.6883978  0.7184288  0.7196918  0.7218189  0.7033475  0.6909726  0.6774324  0.6626982  0.6805789  0.6780321  0.6982600  0.7005932  0.6931742  0.6998254  0.7193017  0.7023304  0.6883629
 4  0.4557197  0.4247425  0.4160163  0.4343795  0.4461094  0.4283190  0.4067679  0.4030027  0.4540562  0.4823795  0.5170509  0.5386643  0.5339710  0.5160504  0.4660017  0.4243080  0.3937036  0.4350468  0.4779837  0.4951133  0.5083695  0.4901170  0.4700083  0.5140578  0.5255177  0.4918060  0.4697888
 1  0.7281973  0.6811210  0.6447479  0.6293953  0.6327608  0.6682802  0.6742615  0.6706818  0.6695805  0.6700020  0.6704061  0.6815077  0.6796549  0.6769877  0.6644209  0.6616824  0.6670609  0.6749821  0.7015353  0.6901758  0.6764093  0.6732761  0.6739005  0.6755844  0.6767867  0.6890878  0.7021216
 2  0.5743464  0.5256035  0.5049134  0.4961663  0.5216553  0.5579773  0.5653581  0.5465532  0.5181820  0.4864631  0.4826726  0.5267035  0.5548946  0.5593046  0.5475369  0.5425702  0.5421801  0.5724719  0.5982347  0.5910035  0.5630689  0.5365990  0.5253126  0.5312922  0.5587407  0.5983450  0.6069179
 3  0.7516029  0.7071254  0.6691664  0.6510280  0.6491232  0.6859584  0.6945759  0.6897874  0.6868760  0.6855103  0.6839970  0.6968780  0.6980808  0.6967571  0.6840569  0.6797128  0.6859007  0.6907400  0.7226704  0.7137130  0.6969047  0.6908432  0.6907461  0.6920015  0.6940515  0.7077097  0.7266035
 4  0.4584144  0.4238650  0.4179621  0.4025521  0.4582354  0.4976303  0.4803519  0.4338828  0.3890189  0.3506504  0.4016675  0.4656412  0.4854275  0.4768256  0.4568259  0.4627703  0.4563446  0.5108062  0.5387898  0.5026509  0.4472099  0.4290387  0.4324442  0.4542604  0.4971758  0.5417332  0.5411921
 1  0.7281184  0.6804225  0.6377717  0.6188350  0.6044145  0.6131011  0.6557385  0.6609268  0.6412262  0.6186315  0.6443395  0.6722145  0.6716229  0.6608350  0.6466065  0.6383853  0.6648369  0.6837407  0.6821031  0.6987138  0.6895049  0.6748882  0.6552907  0.6386951  0.6481361  0.6592429  0.6641114
 2  0.5729084  0.5253939  0.5007961  0.4945550  0.4901683  0.5263314  0.5680818  0.5713739  0.5423517  0.5197349  0.5531407  0.5804716  0.5774885  0.5564983  0.5246779  0.5154474  0.5580432  0.5782727  0.5872914  0.5945942  0.5819483  0.5480837  0.4948472  0.4648634  0.4928377  0.5332549  0.5446239
 3  0.7517145  0.7069668  0.6627015  0.6402058  0.6229988  0.6277891  0.6745317  0.6829047  0.6628238  0.6374311  0.6603299  0.6923732  0.6938725  0.6820329  0.6659942  0.6549907  0.6807496  0.7046925  0.7015795  0.7193042  0.7116884  0.6946954  0.6725512  0.6541832  0.6624430  0.6764877  0.6834067
 4  0.4576816  0.4254499  0.4145136  0.4107623  0.4152019  0.4779968  0.5134905  0.4972007  0.4533868  0.4440034  0.4990638  0.5202634  0.4994154  0.4600787  0.4205968  0.4411099  0.5043779  0.5091606  0.5118721  0.5234218  0.4882274  0.4207528  0.3617622  0.3678163  0.4338518  0.4708902  0.4582452
 1  0.7289669  0.6799096  0.6399646  0.6254416  0.6427348  0.6609761  0.6584113  0.6543152  0.6511599  0.6486149  0.6583279  0.7000158  0.7142947  0.6984454  0.6765745  0.6703549  0.6686300  0.6754700  0.6783669  0.6823807  0.6838324  0.6756376  0.6705060  0.6719611  0.6828841  0.6935702  0.6990045
 2  0.5742236  0.5244783  0.5030436  0.5127883  0.5445013  0.5584912  0.5450737  0.5117552  0.4729066  0.4575339  0.5338995  0.6085581  0.6208587  0.6044861  0.5553592  0.5079306  0.4816326  0.4944357  0.5339609  0.5646678  0.5751946  0.5651734  0.5478900  0.5394470  0.5508809  0.5726018  0.5850698
 3  0.7523603  0.7061980  0.6647097  0.6458141  0.6606433  0.6811441  0.6786609  0.6721229  0.6671160  0.6626643  0.6708262  0.7187263  0.7395224  0.7223899  0.6964674  0.6871095  0.6835138  0.6897259  0.6944630  0.7006020  0.7043056  0.6964687  0.6896573  0.6892174  0.6998234  0.7113608  0.7188138
 4  0.4578898  0.4245232  0.4188108  0.4440405  0.4845780  0.4841882  0.4387248  0.3811778  0.3386582  0.3651184  0.4960416  0.5556810  0.5546457  0.4991329  0.4180560  0.3711670  0.3738948  0.4182686  0.4686556  0.4999040  0.5008824  0.4739501  0.4456311  0.4493311  0.4753839  0.5029428  0.5111756
 1  0.7287269  0.6811145  0.6412128  0.6230517  0.6230357  0.6455961  0.6584229  0.6634020  0.6634004  0.6546367  0.6679334  0.6716459  0.6582595  0.6521926  0.6581137  0.6609034  0.6870256  0.7104382  0.6935648  0.6768618  0.6628005  0.6529045  0.6541852  0.6665333  0.6721445  0.6774993  0.6729917
 2  0.5719461  0.5247374  0.5027590  0.4938995  0.5008227  0.5284287  0.5496289  0.5603183  0.5588198  0.5568565  0.5713393  0.5715959  0.5500759  0.5306222  0.5312083  0.5439822  0.5942321  0.6130114  0.5981130  0.5598869  0.5047710  0.4565608  0.4738153  0.5430013  0.5767993  0.5822943  0.5827765
 3  0.7520538  0.7075128  0.6660498  0.6447040  0.6409575  0.6617304  0.6766560  0.6825399  0.6836249  0.6739701  0.6869995  0.6933740  0.6793090  0.6701853  0.6755743  0.6784343  0.7032387  0.7341365  0.7177044  0.6974865  0.6803859  0.6679947  0.6670624  0.6831591  0.6918672  0.6994925  0.6937301
 4  0.4562514  0.4249534  0.4162499  0.4037563  0.4216631  0.4636354  0.4830925  0.4890390  0.4825253  0.4850951  0.5077662  0.4946810  0.4495630  0.4380993  0.4527172  0.4752259  0.5387600  0.5505933  0.5030824  0.4283917  0.3558766  0.3261831  0.4167302  0.4937563  0.5157327  0.5122472  0.5083514
 1  0.7276935  0.6809570  0.6381347  0.6208921  0.6334683  0.6534054  0.6588449  0.6557660  0.6612624  0.6749412  0.6848656  0.6840991  0.6843743  0.6978833  0.7119161  0.6946645  0.6694238  0.6595845  0.6751020  0.6798997  0.6607204  0.6373610  0.6224592  0.5999662  0.6202122  0.6726229  0.6784505
 2  0.5721492  0.5253584  0.4999328  0.5016316  0.5253663  0.5457137  0.5447020  0.5291391  0.5263740  0.5443472  0.5592016  0.5592645  0.5586827  0.5902290  0.6052207  0.5894799  0.5359982  0.5048443  0.5431564  0.5651612  0.5484314  0.5121357  0.4912364  0.4809387  0.5327829  0.5794024  0.5833321
 3  0.7511928  0.7072493  0.6628973  0.6415702  0.6512960  0.6716949  0.6781396  0.6742130  0.6777825  0.6915873  0.7032570  0.7029122  0.7022070  0.7147448  0.7345742  0.7176750  0.6888864  0.6747406  0.6906013  0.7002474  0.6823590  0.6565323  0.6393392  0.6181335  0.6339000  0.6916162  0.7009408
 4  0.4573467  0.4243489  0.4131320  0.4264650  0.4590238  0.4745425  0.4562777  0.4274377  0.4400696  0.4737999  0.4813938  0.4680848  0.4726738  0.5292184  0.5394537  0.4823713  0.3869091  0.4113828  0.4905886  0.4977189  0.4487747  0.4051831  0.4106583  0.4089048  0.4845756  0.5250600  0.5002255
 1  0.7285885  0.6862115  0.6505019  0.6393405  0.6508638  0.6541138  0.6675765  0.6708888  0.6532660  0.6394415  0.6486697  0.6790254  0.6721685  0.6712471  0.6817715  0.6762802  0.6825162  0.6815863  0.6744147  0.6855111  0.7025664  0.6907655  0.6808447  0.6736304  0.6661141  0.6698974  0.6982109
 2  0.5713707  0.5273137  0.5040974  0.5149482  0.5328875  0.5437735  0.5534615  0.5486971  0.5139276  0.4790031  0.5228579  0.5691644  0.5696724  0.5656354  0.5692601  0.5688730  0.5709866  0.5643372  0.5484898  0.5704296  0.5925654  0.5856364  0.5614951  0.5292540  0.4896538  0.5197992  0.5744487
 3  0.7516385  0.7118951  0.6746551  0.6589552  0.6696865  0.6726486  0.6855902  0.6903798  0.6721231  0.6557889  0.6619351  0.6983548  0.6941406  0.6895391  0.7011137  0.6963156  0.7018480  0.7017396  0.6929508  0.7013364  0.7235476  0.7129269  0.7007899  0.6918353  0.6823661  0.6824808  0.7166914
 4  0.4556943  0.4230688  0.4102974  0.4423962  0.4607019  0.4665698  0.4771119  0.4541080  0.3928731  0.3704383  0.4748119  0.5141024  0.4804564  0.4820281  0.4964703  0.4906619  0.4923669  0.4714694  0.4490679  0.5076546  0.5286827  0.4954370  0.4504406  0.4031241  0.3542639  0.4679140  0.5205983
 1  0.7287496  0.6819100  0.6409796  0.6218130  0.5838922  0.5377490  0.6195684  0.6439538  0.6517300  0.6571006  0.6683597  0.6891563  0.6813602  0.6741854  0.6803678  0.6872737  0.6890004  0.6840529  0.6813113  0.6856014  0.6912429  0.6864910  0.6793436  0.6858562  0.6991261  0.6986954  0.7010300
 2  0.5722266  0.5255809  0.5012429  0.4888078  0.4496087  0.4570329  0.5421786  0.5625574  0.5591406  0.5511213  0.5650834  0.5789583  0.5678654  0.5457994  0.5481346  0.5662050  0.5707811  0.5633147  0.5511432  0.5537487  0.5572606  0.5422076  0.5173936  0.5324512  0.5641530  0.5821992  0.5888120
 3  0.7522206  0.7084508  0.6658536  0.6433938  0.6036325  0.5491167  0.6343043  0.6650765  0.6720124  0.6766379  0.6854370  0.7091353  0.7026211  0.6919497  0.6969428  0.7057610  0.7088352  0.7035747  0.6992414  0.7029120  0.7097751  0.7048733  0.6954067  0.7005160  0.7167979  0.7178519  0.7211543
 4  0.4567510  0.4252016  0.4119617  0.3945579  0.3497996  0.4244320  0.5019000  0.4944686  0.4773044  0.4644257  0.4970431  0.5097930  0.4641926  0.4385677  0.4739177  0.4969699  0.4890800  0.4646310  0.4556558  0.4739689  0.4690742  0.4222260  0.3973859  0.4630013  0.4987429  0.5080906  0.5103168
 1  0.7314508  0.6877703  0.6515377  0.6403042  0.6553345  0.6659426  0.6534378  0.6399473  0.6349369  0.6659680  0.7020190  0.6939393  0.6779360  0.6752591  0.6867730  0.6914520  0.6676344  0.6479039  0.6231052  0.5965092  0.6533123  0.6427089  0.6246020  0.6035314  0.6179859  0.6439923  0.6598508
 2  0.5718119  0.5257133  0.5055925  0.5209315  0.5523716  0.5621352  0.5379370  0.4941315  0.4784992  0.5623394  0.6012269  0.5969740  0.5611246  0.5388423  0.5561119  0.5690617  0.5507664  0.5271068  0.5085566  0.5292333  0.5692593  0.5580919  0.5259642  0.4988889  0.5173320  0.5409732  0.5699390
 3  0.7538355  0.7131425  0.6757327  0.6600770  0.6736317  0.6866992  0.6741817  0.6579914  0.6496253  0.6786364  0.7238445  0.7170820  0.6981114  0.6919300  0.7032945  0.7112704  0.6883618  0.6667354  0.6418807  0.6103591  0.6739619  0.6658112  0.6449031  0.6228403  0.6338559  0.6621752  0.6774415
 4  0.4534029  0.4224447  0.4163476  0.4520618  0.4922792  0.4852074  0.4262447  0.3608628  0.3971356  0.5215340  0.5431634  0.5025668  0.4365395  0.4419807  0.4916525  0.4949731  0.4561545  0.4384006  0.4336266  0.4874505  0.5145109  0.4765242  0.4386141  0.4173653  0.4562317  0.4775888  0.5060505
 1  0.7320621  0.6913670  0.6555603  0.6383261  0.6352946  0.6452974  0.6545642  0.6765675  0.6863617  0.6995679  0.6963286  0.6912652  0.6897221  0.6848588  0.6775905  0.6713961  0.6593223  0.6390224  0.6330853  0.6611238  0.6677022  0.6846976  0.6781628  0.6781575  0.6772458  0.6850585  0.6963810
 2  0.5746545  0.5282665  0.5054529  0.4993436  0.5037136  0.5111062  0.5273437  0.5513986  0.5761037  0.5914180  0.5873442  0.5747573  0.5602711  0.5481701  0.5313446  0.5192644  0.5009580  0.4765752  0.5122149  0.5649906  0.5869315  0.5908231  0.5791765  0.5584060  0.5462470  0.5670659  0.5889310
 3  0.7544364  0.7163070  0.6793890  0.6592412  0.6533331  0.6625670  0.6708548  0.6933727  0.7043615  0.7197989  0.7176393  0.7106273  0.7082403  0.7032645  0.6951580  0.6885834  0.6765399  0.6559777  0.6467549  0.6804388  0.6880583  0.7070876  0.7003250  0.6969131  0.6944495  0.7023459  0.7163172
 4  0.4545522  0.4216404  0.4131739  0.4085037  0.4208687  0.4262501  0.4518331  0.4807712  0.5091329  0.5206183  0.4984912  0.4766061  0.4669019  0.4495708  0.4302971  0.4182953  0.3959512  0.3757180  0.4641589  0.5139784  0.5228135  0.5201249  0.4811477  0.4504448  0.4617191  0.5030117  0.5244228
 1  0.7287904  0.6835439  0.6452336  0.6283103  0.6318011  0.6511849  0.6616252  0.6620754  0.6550792  0.6659150  0.6783383  0.6960816  0.6892899  0.6835786  0.6701521  0.6625747  0.6624993  0.6606051  0.6726471  0.6759509  0.6770830  0.6865306  0.6898137  0.6810855  0.6759392  0.6727580  0.6802785
 2  0.5701777  0.5258088  0.5028579  0.4973270  0.5121758  0.5351889  0.5414537  0.5275518  0.5179453  0.5383039  0.5692380  0.5854929  0.5785893  0.5569257  0.5244967  0.5086416  0.5132486  0.5337370  0.5571829  0.5661518  0.5710495  0.5833160  0.5851800  0.5695391  0.5434797  0.5195472  0.5202199
 3  0.7520664  0.7099026  0.6699333  0.6492522  0.6492853  0.6685518  0.6803535  0.6801233  0.6709527  0.6831980  0.6960173  0.7159600  0.7101282  0.7028114  0.6879920  0.6789365  0.6790713  0.6774920  0.6909179  0.6956261  0.6960145  0.7060329  0.7111438  0.7019631  0.6948111  0.6892181  0.6957507
 4  0.4552733  0.4248972  0.4114049  0.4100234  0.4407054  0.4662102  0.4532865  0.4165605  0.4372038  0.4725928  0.5030604  0.5125212  0.4861342  0.4462156  0.4121778  0.4153899  0.4339968  0.4658989  0.4890465  0.4883655  0.4968126  0.5150510  0.5073980  0.4706216  0.4230179  0.4095921  0.4353181
 1  0.7295185  0.6835816  0.6458088  0.6369896  0.6488609  0.6439703  0.5978325  0.6396341  0.6299041  0.6050766  0.6275538  0.6382785  0.6081220  0.5814897  0.6425515  0.6821818  0.6585653  0.6330058  0.6376496  0.6481690  0.6565038  0.6654064  0.6770107  0.6871220  0.6813502  0.6701131  0.6628393
 2  0.5718653  0.5252527  0.5040415  0.5230903  0.5462774  0.5414499  0.5272806  0.5685636  0.5511897  0.5256202  0.5434473  0.5533667  0.5307116  0.5255925  0.5830952  0.5982882  0.5708866  0.5261619  0.5105439  0.5110752  0.5173870  0.5314223  0.5493489  0.5610648  0.5540715  0.5333061  0.5285060
 3  0.7524887  0.7095319  0.6702977  0.6564649  0.6681342  0.6652128  0.6125895  0.6599866  0.6554359  0.6246689  0.6448849  0.6588509  0.6283658  0.5983307  0.6585268  0.7064465  0.6834265  0.6536074  0.6549991  0.6649917  0.6730950  0.6821390  0.6941077  0.7052904  0.7004794  0.6887329  0.6792863
 4  0.4555759  0.4237087  0.4156379  0.4574036  0.4840029  0.4565905  0.4785455  0.5235429  0.4717234  0.4516827  0.4878468  0.4891277  0.4702602  0.4816071  0.5340404  0.5374922  0.4766426  0.4181150  0.4192154  0.4273942  0.4349564  0.4512420  0.4734147  0.4806634  0.4609508  0.4264990  0.4491357
 1  0.7274045  0.6819251  0.6438213  0.6242034  0.6176063  0.6181766  0.6532195  0.6699194  0.6743616  0.6760303  0.6759248  0.6715034  0.6691720  0.6811894  0.6833735  0.7046954  0.6987413  0.7079564  0.7132708  0.6997967  0.6694512  0.6436193  0.6258214  0.6161596  0.6303435  0.6615448  0.6722886
 2  0.5715916  0.5259799  0.5027573  0.4921667  0.4784073  0.4876875  0.5322855  0.5569233  0.5583699  0.5512272  0.5391794  0.5221901  0.5332010  0.5563746  0.5854150  0.6024174  0.6049113  0.6143475  0.6162983  0.6016411  0.5493274  0.4780694  0.4183656  0.4175436  0.4903270  0.5533698  0.5763494
 3  0.7509238  0.7081733  0.6683965  0.6454985  0.6366951  0.6333323  0.6684877  0.6886477  0.6933899  0.6944321  0.6939472  0.6888097  0.6847062  0.6998596  0.7012460  0.7263423  0.7207289  0.7283883  0.7372878  0.7236440  0.6907524  0.6614525  0.6405642  0.6295273  0.6435820  0.6788247  0.6924056
 4  0.4571408  0.4243994  0.4125108  0.4017502  0.3741546  0.4179443  0.4765840  0.4845858  0.4689972  0.4566868  0.4391594  0.4179031  0.4639678  0.4889339  0.5209265  0.5376565  0.5286416  0.5470015  0.5484903  0.5070631  0.4130159  0.3162589  0.2917977  0.3466562  0.4478659  0.5003708  0.5063623
 1  0.7295224  0.6865847  0.6481780  0.6345656  0.6449346  0.6509686  0.6543037  0.6498362  0.6385028  0.6294763  0.6565884  0.6804209  0.6936373  0.6896888  0.6802618  0.6757914  0.6924811  0.6892809  0.6747462  0.6651842  0.6649089  0.6749699  0.7082718  0.6877724  0.6598065  0.6471210  0.6547998
 2  0.5724896  0.5278014  0.5031228  0.5096953  0.5272472  0.5361554  0.5332869  0.5194397  0.4982754  0.5018595  0.5470612  0.5821240  0.5935416  0.5838415  0.5550687  0.5461790  0.5711176  0.5765660  0.5582365  0.5371399  0.5254104  0.5743645  0.6053842  0.5905482  0.5356398  0.4824845  0.4748255
 3  0.7526309  0.7123651  0.6724831  0.6545925  0.6634559  0.6695052  0.6725108  0.6683058  0.6560254  0.6453558  0.6728217  0.6990699  0.7149768  0.7109174  0.6998276  0.6920602  0.7103560  0.7105688  0.6952010  0.6833773  0.6827662  0.6886018  0.7311022  0.7123471  0.6802618  0.6632709  0.6694428
 4  0.4564538  0.4239397  0.4109580  0.4347676  0.4547382  0.4559367  0.4464556  0.4218207  0.4008115  0.4366707  0.4909435  0.5210249  0.5195648  0.4887765  0.4389608  0.4647752  0.5098909  0.4974093  0.4553871  0.4398736  0.4303861  0.5220491  0.5484544  0.4894955  0.3853165  0.3556299  0.3855897
 1  0.7309671  0.6880999  0.6541512  0.6394015  0.6387649  0.6357771  0.6285097  0.6427199  0.6753457  0.6806043  0.6905637  0.6906946  0.7030502  0.6962660  0.6842644  0.6793662  0.6822306  0.6822666  0.6843954  0.6849223  0.6865302  0.6867175  0.6930967  0.6845081  0.6767436  0.6880351  0.6879113
 2  0.5684563  0.5255169  0.5064515  0.5043038  0.5020674  0.4871102  0.4747562  0.5240190  0.5658983  0.5808532  0.5826974  0.5879617  0.5941455  0.5861203  0.5613224  0.5400869  0.5301969  0.5211460  0.5226962  0.5276592  0.5334155  0.5473143  0.5604112  0.5490933  0.5378513  0.5477582  0.5517336
 3  0.7533426  0.7136188  0.6782857  0.6600717  0.6574597  0.6534134  0.6438830  0.6565314  0.6941190  0.7002654  0.7107934  0.7097406  0.7237297  0.7177052  0.7037258  0.6970741  0.6993132  0.6985004  0.7003732  0.7012477  0.7031626  0.7033249  0.7114476  0.7038681  0.6933032  0.7050615  0.7064223
 4  0.4519946  0.4227639  0.4137009  0.4167390  0.4078137  0.3767406  0.3866230  0.4773269  0.5048971  0.5058675  0.5014014  0.5129620  0.5218468  0.4933024  0.4527516  0.4380323  0.4267137  0.4199582  0.4264708  0.4366828  0.4423855  0.4701721  0.4805959  0.4407511  0.4430044  0.4710811  0.4595457
 1  0.7317671  0.6900097  0.6574121  0.6440464  0.6450368  0.6527567  0.6581812  0.6585577  0.6661446  0.6732279  0.6787975  0.7001060  0.6959948  0.6843504  0.6757139  0.6759905  0.6898957  0.6911204  0.6857100  0.6836684  0.6852087  0.6835655  0.6890502  0.6881725  0.6961814  0.7032512  0.7011714
 2  0.5734793  0.5272679  0.5076682  0.5080257  0.5170626  0.5276149  0.5316594  0.5291877  0.5340527  0.5360207  0.5605271  0.5894003  0.5899291  0.5650167  0.5219479  0.4996372  0.5229232  0.5475089  0.5525851  0.5534722  0.5555270  0.5563364  0.5565701  0.5534737  0.5642096  0.5828371  0.5849899
 3  0.7541083  0.7151179  0.6812589  0.6645659  0.6632177  0.6703925  0.6759563  0.6763090  0.6833627  0.6907665  0.6947118  0.7197070  0.7182150  0.7047886  0.6932625  0.6904182  0.7046568  0.7089152  0.7040094  0.7014794  0.7035317  0.7018605  0.7074584  0.7056959  0.7130714  0.7219506  0.7219795
 4  0.4539986  0.4219226  0.4149071  0.4221629  0.4375087  0.4482128  0.4468436  0.4416031  0.4486890  0.4457409  0.4955230  0.5278811  0.5047007  0.4431042  0.3736819  0.3969435  0.4570765  0.4702823  0.4611044  0.4673647  0.4715950  0.4725015  0.4624742  0.4592113  0.4883533  0.5130316  0.5024706
 1  0.7288535  0.6821393  0.6465892  0.6360606  0.6550910  0.6742840  0.6800777  0.6695485  0.6575256  0.6560123  0.6714294  0.6768754  0.6776795  0.6810185  0.6757697  0.6681811  0.6628151  0.6707650  0.6895339  0.6971125  0.7037005  0.6941426  0.6886378  0.6914212  0.6822398  0.6707523  0.6612527
 2  0.5713388  0.5250791  0.5053102  0.5177011  0.5500001  0.5745717  0.5747935  0.5503062  0.5074509  0.4885850  0.5135031  0.5367275  0.5539920  0.5618230  0.5510397  0.5243102  0.5062565  0.5382601  0.5799705  0.6028464  0.6065451  0.5927616  0.5728702  0.5587037  0.5354800  0.5036084  0.4842375
 3  0.7520863  0.7083627  0.6711504  0.6559986  0.6730559  0.6934794  0.7009479  0.6900049  0.6753039  0.6708293  0.6865784  0.6940859  0.6952771  0.7002359  0.6956974  0.6860782  0.6785719  0.6859847  0.7080771  0.7179401  0.7267727  0.7163662  0.7078166  0.7098575  0.7005527  0.6873612  0.6769210
 4  0.4561338  0.4244854  0.4161021  0.4468425  0.4882813  0.5079350  0.4918902  0.4350591  0.3710060  0.3959469  0.4452740  0.4610017  0.4787653  0.4838842  0.4484208  0.4023576  0.4105606  0.4810729  0.5224550  0.5384213  0.5328758  0.4957977  0.4730519  0.4616979  0.4213440  0.3813233  0.3779422
 1  0.7275399  0.6835386  0.6503458  0.6370607  0.6271171  0.6321013  0.6408617  0.6529561  0.6780941  0.6841944  0.6873655  0.6854370  0.6735650  0.6633190  0.6713706  0.6800729  0.6784368  0.6808908  0.6907022  0.6979088  0.6862046  0.6757221  0.6752450  0.6655145  0.6613809  0.6769927  0.6876459
 2  0.5739787  0.5278422  0.5060418  0.4998403  0.4969721  0.5073106  0.5192138  0.5445747  0.5734679  0.5828605  0.5792831  0.5645441  0.5323392  0.5087887  0.5335668  0.5594471  0.5648918  0.5685630  0.5856954  0.5937470  0.5798904  0.5599561  0.5470268  0.5270695  0.5233520  0.5537412  0.5737274
 3  0.7511398  0.7094119  0.6744455  0.6579337  0.6452492  0.6491078  0.6583685  0.6691668  0.6968097  0.7049100  0.7077268  0.7050021  0.6919726  0.6796288  0.6868010  0.6989918  0.6983319  0.6992053  0.7093834  0.7195673  0.7080543  0.6949178  0.6938310  0.6843880  0.6774228  0.6937580  0.7072147
 4  0.4592037  0.4238584  0.4132712  0.4073480  0.4149877  0.4338095  0.4417777  0.4815706  0.5108038  0.5074158  0.4911519  0.4614537  0.4142112  0.4107992  0.4711474  0.4927174  0.4796463  0.4892592  0.5207186  0.5222201  0.4855070  0.4636924  0.4570370  0.4214130  0.4416234  0.4925738  0.5003962
 1  0.7283414  0.6853366  0.6463173  0.6281258  0.6207395  0.6227679  0.6234277  0.6293872  0.6638460  0.6841214  0.7014690  0.6926768  0.6781626  0.6733629  0.6668225  0.6583758  0.6708546  0.6875100  0.6895627  0.6853708  0.6756912  0.6723216  0.6614852  0.6430561  0.6579379  0.6904978  0.6913788
 2  0.5707404  0.5273625  0.5018989  0.4892722  0.4775077  0.4692522  0.4670353  0.5021841  0.5550767  0.5911481  0.6027193  0.5887851  0.5512326  0.5177218  0.5049580  0.5180970  0.5642365  0.5900770  0.5921775  0.5767641  0.5487142  0.5350619  0.5384857  0.5429775  0.5749076  0.6008796  0.6008602
 3  0.7516474  0.7113379  0.6707392  0.6493311  0.6391812  0.6391048  0.6390948  0.6435060  0.6805559  0.7029102  0.7235174  0.7149349  0.6975099  0.6898417  0.6828839  0.6748455  0.6876045  0.7084682  0.7117750  0.7060754  0.6945413  0.6894245  0.6791278  0.6630956  0.6757350  0.7114069  0.7145860
 4  0.4561331  0.4241758  0.4087974  0.3922442  0.3771591  0.3715862  0.3793248  0.4490194  0.5005837  0.5295236  0.5314952  0.4875889  0.4225759  0.4026174  0.4168163  0.4515610  0.5088123  0.5277316  0.5107678  0.4752624  0.4414681  0.4459452  0.4728249  0.4795857  0.5161227  0.5401190  0.5288546
 1  0.7279220  0.6800847  0.6433507  0.6275439  0.6200662  0.6324233  0.6657523  0.6850499  0.6736935  0.6577709  0.6430168  0.6477086  0.6585129  0.6695254  0.6835419  0.6984884  0.6971803  0.7006518  0.6831237  0.6655983  0.6596970  0.6657086  0.6686640  0.6612906  0.6579495  0.6640016  0.6755484
 2  0.5722626  0.5247952  0.5039557  0.4956897  0.4900886  0.5157835  0.5640283  0.5833610  0.5667356  0.5282490  0.4954585  0.5056524  0.5288715  0.5491763  0.5771071  0.5944162  0.6007646  0.5978085  0.5715577  0.5286349  0.5104135  0.5328396  0.5484576  0.5438910  0.5343357  0.5352814  0.5467826
 3  0.7514597  0.7065687  0.6680626  0.6489644  0.6384894  0.6477467  0.6821596  0.7058430  0.6954215  0.6772956  0.6594056  0.6636203  0.6756932  0.6868174  0.7011604  0.7191418  0.7181496  0.7229084  0.7050994  0.6840186  0.6753869  0.6825107  0.6874628  0.6811194  0.6765261  0.6810088  0.6931113
 4  0.4572140  0.4247517  0.4152996  0.4035040  0.4020984  0.4549180  0.5096767  0.5137675  0.4675433  0.4022256  0.3982503  0.4374133  0.4560607  0.4754021  0.5126136  0.5269984  0.5289526  0.5190061  0.4597878  0.4012072  0.4266591  0.4684931  0.4756753  0.4550361  0.4392088  0.4539595  0.4690212
 1  0.7299583  0.6872006  0.6471579  0.6292338  0.6346159  0.6460596  0.6529597  0.6634863  0.6717658  0.6962531  0.6921033  0.6846716  0.6905627  0.6864810  0.6842714  0.6879031  0.6889167  0.6810430  0.6732408  0.6744976  0.6796250  0.6819309  0.6979241  0.6934627  0.6852560  0.6849438  0.7009278
 2  0.5711477  0.5270822  0.5017034  0.4967176  0.5059544  0.5143135  0.5212920  0.5278232  0.5570022  0.5853334  0.5842100  0.5710671  0.5645364  0.5554918  0.5442166  0.5493720  0.5519688  0.5348139  0.5095666  0.4972684  0.4997344  0.5284986  0.5620706  0.5676486  0.5496174  0.5571177  0.5790327
 3  0.7529014  0.7130919  0.6716393  0.6499771  0.6526821  0.6633283  0.6695508  0.6806302  0.6875668  0.7158127  0.7139485  0.7035585  0.7090909  0.7055817  0.7015343  0.7049246  0.7072614  0.6994601  0.6898033  0.6894135  0.6950392  0.6966480  0.7154259  0.7130049  0.7036491  0.7009833  0.7200468
 4  0.4546550  0.4239010  0.4088994  0.4108146  0.4241361  0.4285769  0.4393299  0.4421494  0.4939435  0.5227758  0.4939139  0.4750361  0.4792422  0.4572623  0.4471470  0.4668758  0.4636939  0.4198053  0.3819371  0.3951807  0.4025983  0.4600880  0.4933236  0.4755794  0.4396716  0.4838661  0.5129388
 1  0.7300844  0.6846528  0.6093779  0.5605987  0.5604221  0.5774086  0.6106292  0.6329608  0.6773731  0.6760594  0.6718364  0.6791180  0.6864457  0.6868287  0.6775810  0.6648812  0.6609181  0.6838677  0.6890212  0.6787198  0.6585035  0.6583252  0.7027884  0.6864119  0.6608442  0.6454158  0.6455483
 2  0.5711411  0.5256631  0.4815279  0.4620174  0.4700139  0.4927266  0.5203819  0.5575727  0.5860477  0.5819681  0.5649726  0.5642260  0.5730295  0.5752333  0.5626757  0.5345294  0.5283819  0.5607655  0.5745786  0.5623379  0.5299450  0.5713246  0.6044220  0.5922465  0.5408544  0.4800177  0.4620937
 3  0.7530262  0.7107667  0.6347685  0.5819740  0.5788683  0.5929632  0.6280398  0.6484548  0.6979951  0.6984855  0.6916410  0.6970959  0.7054457  0.7070744  0.6979566  0.6844943  0.6769693  0.7005225  0.7095781  0.6988760  0.6774000  0.6713221  0.7256357  0.7109251  0.6816588  0.6622653  0.6595573
 4  0.4548105  0.4244444  0.4056184  0.3957711  0.4033901  0.4378804  0.4585782  0.5046689  0.5253659  0.4961458  0.4696927  0.4852299  0.5021776  0.4966152  0.4702541  0.4205882  0.4464121  0.5017552  0.4986081  0.4626927  0.4289768  0.5219592  0.5485557  0.4953870  0.3949135  0.3348723  0.3749354
 1  0.7297766  0.6848170  0.6537029  0.6480996  0.6672486  0.6668573  0.6667713  0.6736529  0.6719179  0.6720054  0.6734032  0.6653364  0.6332175  0.5917120  0.5869044  0.5133778  0.6320002  0.7012605  0.7096795  0.6979163  0.6951955  0.6906790  0.6831317  0.6760645  0.6760215  0.6930271  0.6832676
 2  0.5731114  0.5265539  0.5079193  0.5294267  0.5531114  0.5544744  0.5485176  0.5499023  0.5464743  0.5448159  0.5473862  0.5338894  0.4909798  0.4673775  0.4945018  0.4857805  0.5855647  0.6229234  0.6239581  0.6094316  0.5891072  0.5673060  0.5376041  0.5118670  0.5363841  0.5728561  0.5727457
 3  0.7529155  0.7107291  0.6778424  0.6671741  0.6865934  0.6867846  0.6845268  0.6919577  0.6906150  0.6897017  0.6918510  0.6845539  0.6518847  0.6074743  0.6036523  0.5267304  0.6429274  0.7248389  0.7355881  0.7211857  0.7161631  0.7102016  0.7009607  0.6926319  0.6904876  0.7121783  0.7049909
 4  0.4566960  0.4237589  0.4148268  0.4623858  0.4839459  0.4646408  0.4626564  0.4686527  0.4577450  0.4617575  0.4652373  0.4344853  0.3828290  0.4042378  0.4431305  0.4548923  0.5446959  0.5649611  0.5533708  0.5198549  0.4926748  0.4601679  0.4219836  0.3988969  0.4755162  0.5137587  0.4822442
 1  0.7280549  0.6810653  0.6524663  0.6439763  0.6461815  0.6568696  0.6748988  0.6853539  0.6861042  0.7044103  0.6929152  0.6845205  0.6802297  0.6741955  0.6749069  0.6893949  0.6999823  0.6903762  0.6811138  0.6759895  0.6784946  0.6721056  0.6819496  0.6807278  0.6676154  0.6621013  0.6521997
 2  0.5742871  0.5255907  0.5093273  0.5105680  0.5167664  0.5338216  0.5587799  0.5671136  0.5796298  0.5914164  0.5809170  0.5542703  0.5232710  0.4882878  0.4815288  0.5448089  0.5765846  0.5750138  0.5568918  0.5511848  0.5514868  0.5532254  0.5650574  0.5611291  0.5388914  0.5224068  0.5192667
 3  0.7515398  0.7071526  0.6766244  0.6646019  0.6643581  0.6737741  0.6921724  0.7048533  0.7036925  0.7248829  0.7143883  0.7032460  0.6975106  0.6900010  0.6882596  0.7039806  0.7197902  0.7106675  0.6998269  0.6941049  0.6972867  0.6904546  0.7005020  0.7008911  0.6864917  0.6792483  0.6697894
 4  0.4584217  0.4237373  0.4179678  0.4226616  0.4338197  0.4608045  0.4906986  0.4841378  0.5067547  0.5206389  0.4823892  0.4369071  0.3964547  0.3473114  0.3959310  0.4937960  0.5082824  0.4791173  0.4604433  0.4701414  0.4692226  0.4745116  0.4911722  0.4701197  0.4329461  0.4300467  0.4413599
 1  0.7296925  0.6822010  0.6464377  0.6376409  0.6560839  0.6565000  0.6529643  0.6678681  0.6772059  0.6712720  0.6627970  0.6555973  0.6531244  0.6631067  0.6723410  0.6762658  0.6780361  0.6696149  0.6587853  0.6631569  0.6503766  0.6512802  0.6812901  0.6906237  0.6840102  0.6908955  0.6886414
 2  0.5699182  0.5243568  0.5052106  0.5214125  0.5416997  0.5371293  0.5232877  0.5403201  0.5573381  0.5523013  0.5354633  0.5163119  0.5212040  0.5483715  0.5643920  0.5685390  0.5634215  0.5485521  0.5425770  0.5521060  0.5437127  0.5540596  0.5858398  0.5933613  0.5870381  0.5884568  0.5797657
 3  0.7528275  0.7089000  0.6713434  0.6572134  0.6752536  0.6762854  0.6697429  0.6839730  0.6960369  0.6910250  0.6818549  0.6732127  0.6691268  0.6809573  0.6920363  0.6954430  0.6977635  0.6890233  0.6760218  0.6827942  0.6709903  0.6681056  0.7004847  0.7126497  0.7046425  0.7110542  0.7102599
 4  0.4541773  0.4256261  0.4144215  0.4524500  0.4696525  0.4364959  0.4289644  0.4727670  0.4852749  0.4636649  0.4326190  0.4162199  0.4520411  0.4871138  0.4890329  0.4884730  0.4782332  0.4529732  0.4712521  0.4834768  0.4586004  0.4912792  0.5262840  0.5191434  0.5067631  0.5147253  0.4928604
 1  0.7310651  0.6893144  0.6430574  0.6185663  0.6177932  0.6432587  0.6670808  0.6668493  0.6734795  0.6914965  0.6863492  0.6625269  0.6468621  0.6547244  0.6485718  0.6360382  0.6444131  0.6471403  0.6600867  0.6605952  0.6677088  0.6743238  0.6824191  0.6862851  0.7002764  0.6924982  0.6867960
 2  0.5714015  0.5268909  0.4983771  0.4873888  0.4973855  0.5352669  0.5583078  0.5591003  0.5715999  0.5945492  0.5888001  0.5548676  0.5169554  0.5054061  0.4955855  0.4899285  0.5123560  0.5305028  0.5414411  0.5386400  0.5331903  0.5371880  0.5466333  0.5689159  0.5860505  0.5789012  0.5628614
 3  0.7535218  0.7146189  0.6674761  0.6399792  0.6356075  0.6589013  0.6861227  0.6862745  0.6907483  0.7118939  0.7098373  0.6851911  0.6649981  0.6709720  0.6660002  0.6521842  0.6610116  0.6647906  0.6785963  0.6792221  0.6850353  0.6909260  0.6998074  0.7034018  0.7203533  0.7135857  0.7050733
 4  0.4534606  0.4223056  0.4099372  0.4002908  0.4221294  0.4774852  0.4885034  0.4736691  0.5066916  0.5334466  0.5122726  0.4395423  0.4031387  0.4155731  0.4013843  0.4094255  0.4415831  0.4615148  0.4612550  0.4452441  0.4372013  0.4540627  0.4660253  0.5013823  0.5154558  0.4813741  0.4614451
 1  0.7294815  0.6844867  0.6445350  0.6242685  0.6208659  0.6337823  0.6524705  0.6807012  0.6837809  0.6868498  0.6789046  0.6714496  0.6557790  0.6400600  0.6675371  0.6669817  0.6679231  0.6710165  0.6806171  0.6794461  0.6712229  0.6830564  0.6875249  0.6846230  0.6726759  0.6560333  0.6367732
 2  0.5725402  0.5259815  0.5024381  0.4930872  0.4940206  0.5071284  0.5426668  0.5729814  0.5798413  0.5754994  0.5583088  0.5390529  0.5107587  0.5174489  0.5568526  0.5673461  0.5661848  0.5682781  0.5716849  0.5591477  0.5451170  0.5611863  0.5792425  0.5817597  0.5672562  0.5399771  0.5056003
 3  0.7525449  0.7105500  0.6692005  0.6456512  0.6391881  0.6503828  0.6679910  0.6994330  0.7042466  0.7066853  0.6984876  0.6900483  0.6738328  0.6555844  0.6854737  0.6876778  0.6877130  0.6906277  0.7004384  0.6993057  0.6888445  0.7000218  0.7073963  0.7057792  0.6940944  0.6765190  0.6553198
 4  0.4554746  0.4241928  0.4133419  0.4042208  0.4101347  0.4309392  0.4839759  0.5089727  0.5004686  0.4866924  0.4632613  0.4378281  0.4076096  0.4563135  0.4998751  0.4934169  0.4887911  0.4934443  0.4909273  0.4590737  0.4532079  0.4950986  0.5132342  0.5068623  0.4808166  0.4384215  0.4043652
 1  0.7294027  0.6819304  0.6460380  0.6339068  0.6441146  0.6505829  0.6544581  0.6509504  0.6416464  0.6465984  0.6505484  0.6765009  0.7021246  0.6854121  0.6675430  0.6622019  0.6673110  0.6753780  0.6749439  0.6771957  0.6855899  0.6852057  0.6833651  0.6840292  0.6876703  0.6825267  0.6787930
 2  0.5698543  0.5239712  0.5050978  0.5125782  0.5272863  0.5353863  0.5337912  0.5236529  0.5170350  0.5277666  0.5447091  0.5881795  0.6051913  0.5882868  0.5466377  0.5184848  0.5232539  0.5383530  0.5448934  0.5476763  0.5535687  0.5528910  0.5487359  0.5544284  0.5568711  0.5463538  0.5424796
 3  0.7524993  0.7084541  0.6708491  0.6541891  0.6628266  0.6689980  0.6724079  0.6695597  0.6587740  0.6643236  0.6688529  0.6927027  0.7255042  0.7088315  0.6871400  0.6792985  0.6832870  0.6928744  0.6934064  0.6943646  0.7035606  0.7034096  0.7009394  0.7018689  0.7063135  0.7009190  0.6955332
 4  0.4541562  0.4249877  0.4154755  0.4371522  0.4528396  0.4540158  0.4501992  0.4309394  0.4386016  0.4594556  0.4751371  0.5331349  0.5409109  0.4864630  0.4245675  0.4152903  0.4482365  0.4639091  0.4530445  0.4627092  0.4700664  0.4607016  0.4606013  0.4741571  0.4687478  0.4435716  0.4568679
 1  0.7272826  0.6766737  0.6395475  0.6270749  0.6318066  0.6354297  0.6591542  0.6952779  0.6782971  0.6551939  0.6364609  0.6341845  0.6648045  0.6667857  0.6626469  0.6670980  0.6733839  0.6755818  0.6749395  0.6788650  0.6816623  0.6831032  0.6953143  0.7095489  0.7020505  0.6912303  0.6832590
 2  0.5729577  0.5236270  0.5041343  0.5101127  0.5209483  0.5261003  0.5685694  0.5963222  0.5801265  0.5378024  0.4906365  0.4992759  0.5406708  0.5485874  0.5335208  0.5251128  0.5315423  0.5367056  0.5417261  0.5458627  0.5477536  0.5507370  0.5797153  0.5997843  0.5940794  0.5697553  0.5359647
 3  0.7510606  0.7033850  0.6644028  0.6477552  0.6506787  0.6540674  0.6739893  0.7164613  0.7018930  0.6760942  0.6542191  0.6484148  0.6816693  0.6866759  0.6808687  0.6835457  0.6901047  0.6932568  0.6925394  0.6964675  0.6995949  0.7005363  0.7121675  0.7304542  0.7241723  0.7108159  0.7007256
 4  0.4584400  0.4252542  0.4190015  0.4355568  0.4482893  0.4483446  0.5132207  0.5358076  0.4889653  0.4145059  0.3720705  0.4405340  0.4827271  0.4581421  0.4242610  0.4322273  0.4520119  0.4522962  0.4542216  0.4607326  0.4587947  0.4662341  0.5156184  0.5331481  0.5012162  0.4514121  0.4176598
 1  0.7263195  0.6763092  0.6309826  0.6094543  0.6102846  0.6243504  0.6308523  0.6300982  0.6497253  0.6761629  0.6953493  0.6872606  0.6788357  0.6853752  0.6788765  0.6706490  0.6800920  0.6872935  0.6903643  0.7041069  0.6923075  0.6868119  0.6763593  0.6763144  0.6834671  0.6776312  0.6617275
 2  0.5711790  0.5236523  0.4983748  0.4922015  0.5013529  0.5140209  0.5115647  0.5039291  0.5289024  0.5747769  0.5933356  0.5833488  0.5638541  0.5571945  0.5414301  0.5209414  0.5350044  0.5505412  0.5726790  0.5884684  0.5813143  0.5627832  0.5416492  0.5431128  0.5551025  0.5503427  0.5177062
 3  0.7502776  0.7032470  0.6561656  0.6308523  0.6285281  0.6420200  0.6494190  0.6470448  0.6652059  0.6930035  0.7168168  0.7091790  0.6974692  0.7038353  0.6979273  0.6873170  0.6957897  0.7052538  0.7075731  0.7242191  0.7133194  0.7061940  0.6946478  0.6930472  0.7017952  0.6972478  0.6802867
 4  0.4579942  0.4257769  0.4146829  0.4131823  0.4296266  0.4413566  0.4206877  0.4167022  0.4656916  0.5191467  0.5252785  0.4853541  0.4682923  0.4712517  0.4336523  0.4160302  0.4596471  0.4726905  0.5027642  0.5162901  0.4906166  0.4600353  0.4408264  0.4659121  0.4809921  0.4523530  0.3943072
 1  0.7283663  0.6828137  0.6343576  0.6095297  0.5979523  0.6277247  0.6603933  0.6659119  0.6758691  0.6788293  0.6698331  0.6725058  0.6771177  0.6728815  0.6470306  0.6294184  0.6764368  0.6546499  0.6388649  0.6457298  0.6584930  0.6523169  0.6595581  0.6660297  0.6648821  0.6806152  0.6788410
 2  0.5709641  0.5259476  0.4963357  0.4802580  0.4810248  0.5273329  0.5585601  0.5654539  0.5696255  0.5665797  0.5516889  0.5506555  0.5584079  0.5529730  0.5206613  0.5411772  0.5831881  0.5633892  0.5338552  0.5333837  0.5467046  0.5439201  0.5481808  0.5470012  0.5542997  0.5723367  0.5693426
 3  0.7517058  0.7089869  0.6591803  0.6314198  0.6156962  0.6423271  0.6794181  0.6852755  0.6946418  0.6992171  0.6891270  0.6900559  0.6959663  0.6925888  0.6667437  0.6430238  0.6974963  0.6792924  0.6589864  0.6625599  0.6771235  0.6719531  0.6782056  0.6848496  0.6820465  0.7000046  0.7002935
 4  0.4566222  0.4243291  0.4100360  0.3886431  0.4073990  0.4772802  0.4931509  0.4855510  0.4949254  0.4816774  0.4574198  0.4721054  0.4834021  0.4647579  0.4206908  0.4928305  0.5301793  0.4733916  0.4317387  0.4616136  0.4782362  0.4657225  0.4668454  0.4599438  0.4850687  0.5075792  0.4770518
 1  0.7305319  0.6896108  0.6420722  0.6166697  0.6269950  0.6459605  0.6619655  0.6553130  0.6493136  0.6498450  0.6711653  0.6812886  0.6801896  0.6818727  0.6845850  0.6931341  0.6856798  0.6787591  0.6731813  0.6744065  0.6783328  0.6778785  0.6728396  0.6747874  0.6777166  0.6947346  0.6977458
 2  0.5721984  0.5283647  0.4968087  0.4965414  0.5234730  0.5530780  0.5637725  0.5473629  0.5158089  0.4989264  0.5226113  0.5403227  0.5458098  0.5435500  0.5487772  0.5531056  0.5466145  0.5338058  0.5296390  0.5460918  0.5640544  0.5684486  0.5625474  0.5572612  0.5669054  0.5873042  0.5910651
 3  0.7533336  0.7150453  0.6665187  0.6369268  0.6447364  0.6639037  0.6822676  0.6763408  0.6680712  0.6653767  0.6863315  0.6988089  0.6976544  0.6994959  0.7017719  0.7106053  0.7039304  0.6962897  0.6901238  0.6915134  0.6972384  0.6981617  0.6926086  0.6939058  0.6953683  0.7140873  0.7193152
 4  0.4550996  0.4230248  0.4064682  0.4253536  0.4624555  0.4928306  0.4915386  0.4479170  0.3905548  0.4052677  0.4543651  0.4590891  0.4541844  0.4513656  0.4620962  0.4659390  0.4494914  0.4327120  0.4438048  0.4773118  0.4957934  0.4895753  0.4776506  0.4704316  0.4959871  0.5222901  0.5097549
 1  0.7307829  0.6860775  0.6474947  0.6401504  0.6705644  0.6686459  0.6546845  0.6659602  0.7071630  0.6980098  0.6763743  0.6659694  0.6568240  0.6534286  0.6714618  0.6784112  0.6775025  0.6773504  0.6968066  0.6881635  0.6711856  0.6639388  0.6669279  0.6655625  0.6623052  0.6573975  0.6592183
 2  0.5712566  0.5248832  0.5042661  0.5365046  0.5676778  0.5618453  0.5208090  0.5526488  0.6005850  0.6001151  0.5703826  0.5333780  0.4922860  0.4796410  0.5248245  0.5590605  0.5658011  0.5811731  0.5963806  0.5874796  0.5559992  0.5300221  0.5214072  0.5136394  0.5030830  0.4930144  0.5062835
 3  0.7532018  0.7115500  0.6718564  0.6586036  0.6907539  0.6902756  0.6735332  0.6780019  0.7277310  0.7220579  0.6981657  0.6848488  0.6740100  0.6677245  0.6864053  0.6968744  0.6974943  0.6955243  0.7182401  0.7109132  0.6917168  0.6817043  0.6839377  0.6827558  0.6790732  0.6734060  0.6745027
 4  0.4532831  0.4225278  0.4174400  0.4796360  0.5042532  0.4609985  0.3806341  0.4995637  0.5481288  0.5197646  0.4596496  0.4112988  0.3613348  0.3962177  0.4680781  0.4931278  0.4876373  0.5152306  0.5313448  0.4988951  0.4442515  0.4275783  0.4301216  0.4170620  0.3940657  0.3921174  0.4325687
 1  0.7288303  0.6817804  0.6363472  0.6140452  0.5893686  0.5511757  0.5963888  0.6687109  0.6744387  0.6794430  0.6804060  0.6747261  0.6670092  0.6751573  0.7055569  0.7072185  0.6848992  0.6658844  0.6475152  0.6716759  0.7138787  0.6886306  0.6524655  0.6311510  0.6450226  0.6380934  0.6309773
 2  0.5741911  0.5258759  0.4985772  0.4920870  0.4778107  0.4595047  0.5364846  0.5846377  0.5887271  0.5809878  0.5669085  0.5422564  0.5097227  0.5441743  0.5984682  0.6079922  0.5821197  0.5344070  0.4835243  0.5771037  0.6164428  0.5991305  0.5423516  0.4931593  0.5021461  0.5003933  0.4982818
 3  0.7523075  0.7080710  0.6612061  0.6353557  0.6086018  0.5684918  0.6067057  0.6888561  0.6969137  0.6998567  0.7004566  0.6937914  0.6838417  0.6887646  0.7245064  0.7310605  0.7079645  0.6853874  0.6637613  0.6814441  0.7388554  0.7148762  0.6750934  0.6481031  0.6604305  0.6569506  0.6479608
 4  0.4580154  0.4245422  0.4129122  0.4117795  0.4013609  0.3987936  0.4986103  0.5311044  0.5102356  0.4941959  0.4728835  0.4268786  0.3903030  0.4888645  0.5453296  0.5363882  0.4727137  0.3931463  0.3671311  0.5355794  0.5623535  0.5091403  0.4034470  0.3861620  0.4347291  0.4137323  0.4098193
 1  0.7302531  0.6859001  0.6460390  0.6263076  0.6224899  0.6368905  0.6519825  0.6544156  0.6526774  0.6705118  0.6945189  0.6851641  0.6730557  0.6748641  0.6783808  0.6860554  0.6833736  0.6873101  0.6746354  0.6613612  0.6529379  0.6487505  0.6575836  0.6770089  0.7031030  0.6895484  0.6663266
 2  0.5733499  0.5260023  0.5032656  0.4960524  0.4988878  0.5174319  0.5327435  0.5296887  0.5276607  0.5670697  0.5902262  0.5792637  0.5482217  0.5315084  0.5382657  0.5544952  0.5703449  0.5759606  0.5588939  0.5293681  0.5121452  0.5214298  0.5418170  0.5858893  0.6053114  0.5926411  0.5510546
 3  0.7529906  0.7113900  0.6703904  0.6477854  0.6408739  0.6533777  0.6697751  0.6728862  0.6696201  0.6863701  0.7157643  0.7071087  0.6917177  0.6917524  0.6949882  0.7037277  0.7020795  0.7077103  0.6956907  0.6799264  0.6695676  0.6660037  0.6754221  0.6933236  0.7258884  0.7129820  0.6866568
 4  0.4553468  0.4227668  0.4165259  0.4089223  0.4171321  0.4477233  0.4569622  0.4367996  0.4469070  0.5125960  0.5243819  0.4768973  0.4329450  0.4355193  0.4618515  0.4816015  0.4993839  0.4999048  0.4579635  0.4169538  0.4266300  0.4532066  0.4728562  0.5293238  0.5422454  0.4976660  0.4362361
 1  0.7306463  0.6839757  0.6420174  0.6234227  0.6226276  0.6289252  0.6520500  0.6687165  0.6952736  0.6848270  0.6686089  0.6620429  0.6872758  0.6952251  0.6801354  0.6654537  0.6533492  0.6544775  0.6659616  0.6704883  0.6703616  0.6836542  0.6794026  0.6884481  0.6995269  0.6754855  0.6534141
 2  0.5746519  0.5252001  0.5027368  0.5010634  0.5021496  0.5152091  0.5408600  0.5791008  0.5986861  0.5874632  0.5500495  0.5300903  0.5627591  0.5773983  0.5597091  0.5185203  0.4795691  0.4851677  0.5356639  0.5597687  0.5699673  0.5740438  0.5678234  0.5876869  0.5977508  0.5774460  0.5427579
 3  0.7534515  0.7097975  0.6666874  0.6447607  0.6417676  0.6455068  0.6690701  0.6855786  0.7172999  0.7080937  0.6891908  0.6781601  0.7036062  0.7157049  0.7007287  0.6836173  0.6692387  0.6687742  0.6816550  0.6907181  0.6900343  0.7031685  0.6993198  0.7055488  0.7224064  0.6992022  0.6731075
 4  0.4558021  0.4237556  0.4187591  0.4213294  0.4170529  0.4447810  0.4768885  0.5220505  0.5355334  0.4951340  0.4227208  0.4422918  0.5043691  0.5027850  0.4476670  0.3814364  0.3613027  0.4145457  0.4822965  0.4919661  0.4917932  0.4949560  0.4819863  0.5237219  0.5342553  0.4820541  0.4457111
 1  0.7306384  0.6854714  0.6480722  0.6293306  0.6279454  0.6286498  0.6371409  0.6691614  0.6959564  0.6872218  0.6705627  0.6743476  0.6734088  0.6755916  0.6694557  0.6671672  0.6617284  0.6797126  0.6774856  0.6674629  0.6670676  0.6763879  0.6774597  0.6706649  0.6604760  0.6704222  0.6827502
 2  0.5714296  0.5260166  0.5043412  0.4952262  0.4867277  0.4751019  0.4975194  0.5688107  0.5974034  0.5881092  0.5586479  0.5462281  0.5430497  0.5407960  0.5377336  0.5339358  0.5528668  0.5797166  0.5776975  0.5539396  0.5388729  0.5472898  0.5467530  0.5331704  0.5235462  0.5570418  0.5776294
 3  0.7535934  0.7116730  0.6727037  0.6505338  0.6467517  0.6451834  0.6510404  0.6842005  0.7178723  0.7099891  0.6900516  0.6924621  0.6914596  0.6934598  0.6875418  0.6850391  0.6782548  0.7000810  0.7001814  0.6873518  0.6840588  0.6940332  0.6962504  0.6889897  0.6769297  0.6868883  0.7036702
 4  0.4547070  0.4248329  0.4129130  0.4038266  0.3826220  0.3713348  0.4368747  0.5220484  0.5342580  0.4923968  0.4568589  0.4572358  0.4577126  0.4532187  0.4491006  0.4470609  0.4927638  0.5211359  0.4892706  0.4424407  0.4516046  0.4721503  0.4578193  0.4250088  0.4407288  0.5017982  0.5109324
 1  0.7298247  0.6827102  0.6473853  0.6458930  0.6806789  0.6754005  0.6624484  0.6596351  0.6671328  0.6804856  0.6725662  0.6639095  0.6808871  0.6824559  0.6793222  0.6736153  0.6712731  0.6686093  0.6790804  0.6769700  0.6790095  0.6932012  0.6953562  0.6942233  0.6971616  0.6950512  0.6873509
 2  0.5696666  0.5235318  0.5057488  0.5475692  0.5792070  0.5738133  0.5378043  0.5077073  0.5133158  0.5326537  0.5311670  0.5296374  0.5591115  0.5722608  0.5658831  0.5517184  0.5385248  0.5394175  0.5529539  0.5504448  0.5541200  0.5673692  0.5704334  0.5664191  0.5666289  0.5668058  0.5543683
 3  0.7525837  0.7089407  0.6720855  0.6634447  0.7017064  0.6975770  0.6814407  0.6763185  0.6822527  0.6971617  0.6912876  0.6800064  0.6980963  0.7028682  0.6996309  0.6925672  0.6891870  0.6859156  0.6971973  0.6961470  0.6961020  0.7111901  0.7147575  0.7120902  0.7152643  0.7138343  0.7063075
 4  0.4530319  0.4241191  0.4171569  0.4931081  0.5177120  0.4755035  0.4141598  0.3956385  0.4361754  0.4588064  0.4270393  0.4483082  0.4980865  0.4988314  0.4740250  0.4532750  0.4459692  0.4629971  0.4764236  0.4568406  0.4705010  0.4933541  0.4799632  0.4737332  0.4828288  0.4802400  0.4586942
 1  0.7291441  0.6867744  0.6529416  0.6363810  0.6134492  0.6123378  0.6572142  0.6835324  0.6677121  0.6699477  0.6541086  0.6408082  0.6534996  0.6744666  0.6729754  0.6702480  0.6726882  0.6720677  0.6732567  0.6680923  0.6760727  0.6730602  0.6761979  0.6709230  0.6644883  0.6517649  0.6380804
 2  0.5731839  0.5275537  0.5053286  0.4909769  0.4622937  0.4835161  0.5687169  0.5921565  0.5820390  0.5693047  0.5419013  0.5115508  0.5238566  0.5497732  0.5517373  0.5522949  0.5596727  0.5665966  0.5634823  0.5581804  0.5577437  0.5584447  0.5598499  0.5580775  0.5488851  0.5339691  0.5161587
 3  0.7522081  0.7123594  0.6769636  0.6575955  0.6322105  0.6261240  0.6714053  0.7069098  0.6904118  0.6909080  0.6751485  0.6589950  0.6691764  0.6919314  0.6922524  0.6883036  0.6912226  0.6919729  0.6937636  0.6870256  0.6948828  0.6919496  0.6951347  0.6905120  0.6840174  0.6712043  0.6567843
 4  0.4562852  0.4226940  0.4110404  0.3869406  0.3540361  0.4285587  0.5259157  0.5307699  0.5017106  0.4854188  0.4410062  0.4102854  0.4535221  0.4808554  0.4666374  0.4701356  0.4901095  0.4951208  0.4787559  0.4739089  0.4776888  0.4787575  0.4826341  0.4775989  0.4651452  0.4465032  0.4296115
