FL 2019 2020 2021 2022 2023 2024 2025 2026 2027 2028 2029 2030 2031 2032 2033 2034 2035 2036 2037 2038 2039 2040 2041 2042 2043 2044 2045
 1  0.1254765  0.1113135  0.1065127  0.1185851  0.1266556  0.1092379  0.0954723  0.1534235  0.1877475  0.2042438  0.2707328  0.1510239  0.1584752  0.1815131  0.2336094  0.2633476  0.2745447  0.1508984  0.1996791  0.0470613  0.0274062  0.0433613  0.0321393  0.1037525  0.0826458  0.1873772  0.2190186
 2  0.0238751  0.0211859  0.0216007  0.0259574  0.0217036  0.0184579  0.0180457  0.0326424  0.0448113  0.0516604  0.0650723  0.0301060  0.0305717  0.0365672  0.0456426  0.0438178  0.0444289  0.0261762  0.0309969  0.0056659  0.0036209  0.0065111  0.0057141  0.0181164  0.0153425  0.0381241  0.0480081
 3  0.1162273  0.0496051  0.0432323  0.0871917  0.0798790  0.0844371  0.0827023  0.0806924  0.0706431  0.0827373  0.1107261  0.1529105  0.1607748  0.1816797  0.2347482  0.2965553  0.3116117  0.3758019  0.5041460  0.5172491  0.2951883  0.0302733  0.0322134  0.0502453  0.0445944  0.0900384  0.1043879
 4  0.0444602  0.0395364  0.0330041  0.0507006  0.0443885  0.0411796  0.0311494  0.0333683  0.0281634  0.0366241  0.0409797  0.0413334  0.0447625  0.0576073  0.0660379  0.0594442  0.0641868  0.0936266  0.0927367  0.0586256  0.0415148  0.0416290  0.0381993  0.0402820  0.0332792  0.0352088  0.0479943
 1  0.1220670  0.1254239  0.1243581  0.1885292  0.2402425  0.1934003  0.1995703  0.1258086  0.1211063  0.1077989  0.1003642  0.0633577  0.0610490  0.0661618  0.0643201  0.0592786  0.0588400  0.0664230  0.0571162  0.2638252  0.3724346  0.3305306  0.4464485  0.2383893  0.3712173  0.0959277  0.0718565
 2  0.0232303  0.0240070  0.0251614  0.0404589  0.0529975  0.0377540  0.0358414  0.0231916  0.0218643  0.0199992  0.0201774  0.0129929  0.0131015  0.0143780  0.0139326  0.0133479  0.0108317  0.0120800  0.0113348  0.0574783  0.0833679  0.0665792  0.0833730  0.0413323  0.0560581  0.0111183  0.0090142
 3  0.1130934  0.0775591  0.0817000  0.1225556  0.1159351  0.1557608  0.0864632  0.0679850  0.0680536  0.0582864  0.0717949  0.0729188  0.0569773  0.0564829  0.0552144  0.0709590  0.0731977  0.0451473  0.0613352  0.1261295  0.1184109  0.1919448  0.2634805  0.4666875  0.7449393  0.9990000  0.8397793
 4  0.0433681  0.0354459  0.0329092  0.0277519  0.0292761  0.0289376  0.0370624  0.0334482  0.0336962  0.0315581  0.0347267  0.0349127  0.0307235  0.0300528  0.0289182  0.0455790  0.0437549  0.0332544  0.0344407  0.0266297  0.0290966  0.0363728  0.0458154  0.0748966  0.0880517  0.0829806  0.0717173
 1  0.1187765  0.1772624  0.1865870  0.1614417  0.1676505  0.2819461  0.3827678  0.2223950  0.2252523  0.1244771  0.1327084  0.1574676  0.1515236  0.0665786  0.0633986  0.1406068  0.1419246  0.1427307  0.1401144  0.1222727  0.1248005  0.2248378  0.2923143  0.1354389  0.0927476  0.0901316  0.0778933
 2  0.0226444  0.0340864  0.0374175  0.0318139  0.0333401  0.0588260  0.0777206  0.0390393  0.0384721  0.0220184  0.0248887  0.0278836  0.0245242  0.0114774  0.0107893  0.0253535  0.0251959  0.0256252  0.0249301  0.0223673  0.0246463  0.0464370  0.0558316  0.0196279  0.0130753  0.0147906  0.0149638
 3  0.1100329  0.0831307  0.0867766  0.0802244  0.0799166  0.0895630  0.1218181  0.1785195  0.1815105  0.1912815  0.2017691  0.2272586  0.2238656  0.1977568  0.1863808  0.1637333  0.1641180  0.1570320  0.1534143  0.1479754  0.1488385  0.1691518  0.2231856  0.2681870  0.0440035  0.0459785  0.0384742
 4  0.0423910  0.0369295  0.0354819  0.0332866  0.0322247  0.0329022  0.0410053  0.0445098  0.0450803  0.0526625  0.0622803  0.0583009  0.0483350  0.0517903  0.0460481  0.0458496  0.0430908  0.0426938  0.0406625  0.0423090  0.0502028  0.0607850  0.0642120  0.0456822  0.0382831  0.0302311  0.0355360
 1  0.1193897  0.0679200  0.0634030  0.1601189  0.1909797  0.1554405  0.1846623  0.0823335  0.0755591  0.0421890  0.0327417  0.0510702  0.0457550  0.0566334  0.0599553  0.0833675  0.0939259  0.1506276  0.1712753  0.1368377  0.1390799  0.1644179  0.1622807  0.1771971  0.2155585  0.1742972  0.2035558
 2  0.0226910  0.0129094  0.0129078  0.0347236  0.0425638  0.0351058  0.0398178  0.0165724  0.0129994  0.0071127  0.0062188  0.0100096  0.0096443  0.0129770  0.0145213  0.0207895  0.0221202  0.0350555  0.0378964  0.0291967  0.0258138  0.0304712  0.0325945  0.0388439  0.0499926  0.0392746  0.0442917
 3  0.1105887  0.0757184  0.0815517  0.0874270  0.0893309  0.0787520  0.0938761  0.0654001  0.0603598  0.0278415  0.0347628  0.0532423  0.0523494  0.0670118  0.0667319  0.0742147  0.0587922  0.0489243  0.0578349  0.0706377  0.0709139  0.0596527  0.0547821  0.0605135  0.0734054  0.0943654  0.1107461
 4  0.0420011  0.0366770  0.0306814  0.0311113  0.0291456  0.0288099  0.0302255  0.0463513  0.0422286  0.0325569  0.0397355  0.0364262  0.0328029  0.0342023  0.0340156  0.0347455  0.0345584  0.0317522  0.0340674  0.0405843  0.0381664  0.0340262  0.0266562  0.0351513  0.0438947  0.0504900  0.0559959
 1  0.1189860  0.1082440  0.1042260  0.1250571  0.1340159  0.1800984  0.1950374  0.3292603  0.4075998  0.3997294  0.5152906  0.2114650  0.2191184  0.0697119  0.0479889  0.1688574  0.1778190  0.2141749  0.2572461  0.1104328  0.0945380  0.1982909  0.2310061  0.3217374  0.4790782  0.1502205  0.1168451
 2  0.0231473  0.0209637  0.0213694  0.0267873  0.0271318  0.0361951  0.0376082  0.0638039  0.0728669  0.0697349  0.0961687  0.0374542  0.0270331  0.0098026  0.0077117  0.0313488  0.0373084  0.0495952  0.0481954  0.0190359  0.0179828  0.0412844  0.0515314  0.0754177  0.1086231  0.0248543  0.0172289
 3  0.1099257  0.0544843  0.0614387  0.0638478  0.0649292  0.0849237  0.0876718  0.0798063  0.0827633  0.0976849  0.1231418  0.2438563  0.2711333  0.0325655  0.0565818  0.0450345  0.0466199  0.0540452  0.0667022  0.0399609  0.0330174  0.0322634  0.0375085  0.0469623  0.0701864  0.1267504  0.1007301
 4  0.0434759  0.0324400  0.0314712  0.0336006  0.0325730  0.0350628  0.0374220  0.0355606  0.0343434  0.0405879  0.0614469  0.1045978  0.0545158  0.0355924  0.0345299  0.0369443  0.0464767  0.0619996  0.0428181  0.0343643  0.0374457  0.0438960  0.0545591  0.0727740  0.0962754  0.0950450  0.0644935
 1  0.1162521  0.1743033  0.1845733  0.2361976  0.2931787  0.2635575  0.3719268  0.1763988  0.1295179  0.0916620  0.0771215  0.0630327  0.0642814  0.1206257  0.1240118  0.1594521  0.1813026  0.1399291  0.1581026  0.0794182  0.0769089  0.1086840  0.0836067  0.1828895  0.2099028  0.0763990  0.0628467
 2  0.0225599  0.0339334  0.0372576  0.0487219  0.0598970  0.0535337  0.0709892  0.0251781  0.0174241  0.0145863  0.0145410  0.0136745  0.0147636  0.0278105  0.0272668  0.0350912  0.0420653  0.0331825  0.0353982  0.0170081  0.0147390  0.0183789  0.0151672  0.0372546  0.0427744  0.0141171  0.0120921
 3  0.1074261  0.0863143  0.0851932  0.0973818  0.1210992  0.1647208  0.2333680  0.3458390  0.0499333  0.0311370  0.0252421  0.0246160  0.0251372  0.0246318  0.0253932  0.0260169  0.0292693  0.0361320  0.0412911  0.0442095  0.0431073  0.0443921  0.0337932  0.0775871  0.0892048  0.0441584  0.0361010
 4  0.0426515  0.0359458  0.0355145  0.0360779  0.0438120  0.0607072  0.0743038  0.0620782  0.0370358  0.0338209  0.0396268  0.0485415  0.0481317  0.0452518  0.0431773  0.0475378  0.0609318  0.0741289  0.0708745  0.0729933  0.0564738  0.0399551  0.0379403  0.0302802  0.0318721  0.0348747  0.0325858
 1  0.1297236  0.2047868  0.2129307  0.1233911  0.1252097  0.1008375  0.1183166  0.1026660  0.1255481  0.1110047  0.1436126  0.0949332  0.0659998  0.0446048  0.0378217  0.1849420  0.2161049  0.1391284  0.1498041  0.0520654  0.0347617  0.0613710  0.0535483  0.1195982  0.1332227  0.1108322  0.1376833
 2  0.0243926  0.0381699  0.0413139  0.0240021  0.0255482  0.0221488  0.0276563  0.0244203  0.0294049  0.0254612  0.0306146  0.0145625  0.0095230  0.0071431  0.0069438  0.0373171  0.0458983  0.0304526  0.0212396  0.0076034  0.0057263  0.0110152  0.0103946  0.0259381  0.0314704  0.0275110  0.0354651
 3  0.1204050  0.0783479  0.0860228  0.0718167  0.0725915  0.0789996  0.0920544  0.1148566  0.1410059  0.1783404  0.2320317  0.2818350  0.2004490  0.1393768  0.1149969  0.1101446  0.1289382  0.1660101  0.0432572  0.0278101  0.0404601  0.0634540  0.0656746  0.0750992  0.0823963  0.0994362  0.1230920
 4  0.0445032  0.0350944  0.0334281  0.0311427  0.0351113  0.0449660  0.0577681  0.0707310  0.0819612  0.1012057  0.1133878  0.0710899  0.0493152  0.0446102  0.0495833  0.0541660  0.0667394  0.0894952  0.0454446  0.0384519  0.0354119  0.0384643  0.0371900  0.0322568  0.0308242  0.0402311  0.0515270
 1  0.1244105  0.0413573  0.0379075  0.0449255  0.0488221  0.1092137  0.1302745  0.2413826  0.2381799  0.1218913  0.1036355  0.2108516  0.2560300  0.1949748  0.2598356  0.1407887  0.1285562  0.1419376  0.1034474  0.2881564  0.3657497  0.3210339  0.5162247  0.1869965  0.2059341  0.0624285  0.0351823
 2  0.0246932  0.0080751  0.0078678  0.0101051  0.0119549  0.0281784  0.0282897  0.0460045  0.0405664  0.0206348  0.0191122  0.0431216  0.0568485  0.0440211  0.0573532  0.0273615  0.0145508  0.0199070  0.0176907  0.0542636  0.0709848  0.0635460  0.0997216  0.0252145  0.0250985  0.0068255  0.0039570
 3  0.1146225  0.0609395  0.0615777  0.0607037  0.0653122  0.0749601  0.0661663  0.0579766  0.0641193  0.0355501  0.0489187  0.0868293  0.1045554  0.1476990  0.1980843  0.2958206  0.0477897  0.0418429  0.0580474  0.1536835  0.1542688  0.2222793  0.3581797  0.9531941  0.9990000  0.9601155  0.0251140
 4  0.0469218  0.0382588  0.0351986  0.0411733  0.0515056  0.0621042  0.0413513  0.0425658  0.0418704  0.0339877  0.0334037  0.0294502  0.0404407  0.0559403  0.0697121  0.0814672  0.0471583  0.0369093  0.0367048  0.0341068  0.0324358  0.0492463  0.0738985  0.0994587  0.0953363  0.0678920  0.0447260
 1  0.1237088  0.1965694  0.2099369  0.2850806  0.3835055  0.2702129  0.3083242  0.0504804  0.0296252  0.0797551  0.0628193  0.1241179  0.1383328  0.1301055  0.1537339  0.1152842  0.1487511  0.0890186  0.0863029  0.0681032  0.0658964  0.0609157  0.0569253  0.0621695  0.0291460  0.0655430  0.0592501
 2  0.0237626  0.0374854  0.0413681  0.0588971  0.0782836  0.0493935  0.0527162  0.0070922  0.0042091  0.0126797  0.0115506  0.0261374  0.0318419  0.0316672  0.0392536  0.0299234  0.0381819  0.0188017  0.0168444  0.0129760  0.0117158  0.0110707  0.0111872  0.0079743  0.0041988  0.0113098  0.0120094
 3  0.1145732  0.0899200  0.0829846  0.0834260  0.1121799  0.1677926  0.1932185  0.0501449  0.0524214  0.0380017  0.0486486  0.0698311  0.0541143  0.0615103  0.0723703  0.0949162  0.1229544  0.1627356  0.1607260  0.1620344  0.1588724  0.1380976  0.0633410  0.0367731  0.0270396  0.0523976  0.0586577
 4  0.0440699  0.0395192  0.0314235  0.0312783  0.0398337  0.0477942  0.0499860  0.0515012  0.0426553  0.0335925  0.0314504  0.0318289  0.0300288  0.0357829  0.0464495  0.0619165  0.0769462  0.0642105  0.0613790  0.0618722  0.0520647  0.0485165  0.0612491  0.0508721  0.0448155  0.0313667  0.0287664
 1  0.1300004  0.1813853  0.1865640  0.1533322  0.1453654  0.1031748  0.1185362  0.1205293  0.1416110  0.1160330  0.1218927  0.0946870  0.0985787  0.1010473  0.0812470  0.0840550  0.0626617  0.1374077  0.1449279  0.1545154  0.2046510  0.3291414  0.5105749  0.1875659  0.1936329  0.0728764  0.0618744
 2  0.0246276  0.0342159  0.0366863  0.0286078  0.0280339  0.0218074  0.0277071  0.0287525  0.0330029  0.0246176  0.0231355  0.0179963  0.0199161  0.0178193  0.0133489  0.0135408  0.0107622  0.0264328  0.0312376  0.0373545  0.0517707  0.0762173  0.0979387  0.0277080  0.0223497  0.0097730  0.0098927
 3  0.1205402  0.0790970  0.0700555  0.0705482  0.0656346  0.0676511  0.0768216  0.0955243  0.1133728  0.1351053  0.1443651  0.1425953  0.1465108  0.1591241  0.0448208  0.0485860  0.0577266  0.0789515  0.0819900  0.0967487  0.1279692  0.1839100  0.2925338  0.5962202  0.6485244  0.4210855  0.3375936
 4  0.0455741  0.0351061  0.0330470  0.0351013  0.0271979  0.0351968  0.0484472  0.0555969  0.0615646  0.0602695  0.0548119  0.0575588  0.0686802  0.0512766  0.0396532  0.0425840  0.0391439  0.0282793  0.0366740  0.0518661  0.0687014  0.0773262  0.0922142  0.1240771  0.0837829  0.0755410  0.0891935
 1  0.1180277  0.0938898  0.0924155  0.1057290  0.1168147  0.1390523  0.1561266  0.1365301  0.1496414  0.1383405  0.1564281  0.1204664  0.0832450  0.1563439  0.1436420  0.1367043  0.1403990  0.1622697  0.1712129  0.1023173  0.1085449  0.1704112  0.1959822  0.1435050  0.1589431  0.2063383  0.2446852
 2  0.0228373  0.0181486  0.0188955  0.0227306  0.0254849  0.0306718  0.0317995  0.0273343  0.0320159  0.0295505  0.0327137  0.0195530  0.0132715  0.0269849  0.0258950  0.0263354  0.0293407  0.0337624  0.0356194  0.0216780  0.0240452  0.0381453  0.0409420  0.0293483  0.0330123  0.0427124  0.0461113
 3  0.1090697  0.0929260  0.0883020  0.0874179  0.0773816  0.0854718  0.0935023  0.0973508  0.1047976  0.1283568  0.1469385  0.0699253  0.0560603  0.0593624  0.0628689  0.0863097  0.0863612  0.0819246  0.0852534  0.0683009  0.0721995  0.0802908  0.0934250  0.1024488  0.1123706  0.1316306  0.1584672
 4  0.0428520  0.0439754  0.0328008  0.0294230  0.0282199  0.0320557  0.0359902  0.0386246  0.0497934  0.0568670  0.0611293  0.0485905  0.0398422  0.0366939  0.0310091  0.0336707  0.0356180  0.0350967  0.0360895  0.0342801  0.0398318  0.0433796  0.0425998  0.0470870  0.0552366  0.0627075  0.0606228
 1  0.1305073  0.1430011  0.1417790  0.1745613  0.1918835  0.1979954  0.2502434  0.2397388  0.3308450  0.1689182  0.1578368  0.0639312  0.0388415  0.1008391  0.0918163  0.1694360  0.2055705  0.2211753  0.2565744  0.1202750  0.0987881  0.1128317  0.1079331  0.1694956  0.1320563  0.1697792  0.1683195
 2  0.0247657  0.0269414  0.0280822  0.0352687  0.0397209  0.0425705  0.0553280  0.0525675  0.0618183  0.0283308  0.0206382  0.0087523  0.0056190  0.0171808  0.0178883  0.0370066  0.0493736  0.0495708  0.0526016  0.0212037  0.0172798  0.0210987  0.0210874  0.0287603  0.0231594  0.0311025  0.0323772
 3  0.1209417  0.0768062  0.0802227  0.0745348  0.0744211  0.0864761  0.1089056  0.1544373  0.2174294  0.2696425  0.2586618  0.0282048  0.0455070  0.0671797  0.0760104  0.0886392  0.0830909  0.1100576  0.0654378  0.0636927  0.0496993  0.0586679  0.0510178  0.0626946  0.0620678  0.0787629  0.0642345
 4  0.0457994  0.0383635  0.0346451  0.0305024  0.0286973  0.0364818  0.0481511  0.0659146  0.0638884  0.0704055  0.0411331  0.0438299  0.0398149  0.0379197  0.0343559  0.0324466  0.0333600  0.0345777  0.0371655  0.0397742  0.0356227  0.0347127  0.0409172  0.0400393  0.0377927  0.0367251  0.0346849
 1  0.1355563  0.1824441  0.1893500  0.1238598  0.1336402  0.0857279  0.0789493  0.0471072  0.0505929  0.1144941  0.1483091  0.1841733  0.2207988  0.1980737  0.2349500  0.1077981  0.1097653  0.1480296  0.0864367  0.0668721  0.0584155  0.1020508  0.1050863  0.2430918  0.2811404  0.2144987  0.1393167
 2  0.0258173  0.0347184  0.0373486  0.0259581  0.0260024  0.0161060  0.0155763  0.0101430  0.0121856  0.0309058  0.0395100  0.0427171  0.0440014  0.0374988  0.0434049  0.0186070  0.0198784  0.0194505  0.0121380  0.0113276  0.0113986  0.0223490  0.0249270  0.0579532  0.0567319  0.0309202  0.0220909
 3  0.1255444  0.0811022  0.0963190  0.0558814  0.0676935  0.0633537  0.0573565  0.0572051  0.0607237  0.0696673  0.0906677  0.1146785  0.1389350  0.1594663  0.1880281  0.2304834  0.2330053  0.2430543  0.0182021  0.0116843  0.0099300  0.0093659  0.0096146  0.0100940  0.0477590  0.0584235  0.0508371
 4  0.0485933  0.0332393  0.0333901  0.0313411  0.0381175  0.0372349  0.0391709  0.0480225  0.0617531  0.0842004  0.0899997  0.0898434  0.0859397  0.0981000  0.1110240  0.1181449  0.1363642  0.0713110  0.0366848  0.0364209  0.0409587  0.0447691  0.0498469  0.0488397  0.0505175  0.0453522  0.0399697
 1  0.1307984  0.1695620  0.1667369  0.2996326  0.4113851  0.3778974  0.3804858  0.3284901  0.3423694  0.2157450  0.1990718  0.1772780  0.1445104  0.1948546  0.2148880  0.1605209  0.1573374  0.0706597  0.0604461  0.0857905  0.0725206  0.1758452  0.2199450  0.1842656  0.2490302  0.1465540  0.1724027
 2  0.0245606  0.0317910  0.0330634  0.0632190  0.0869431  0.0659841  0.0593812  0.0525102  0.0595446  0.0369212  0.0306140  0.0276684  0.0246346  0.0369722  0.0449675  0.0331653  0.0281260  0.0129618  0.0101102  0.0147914  0.0141061  0.0390251  0.0549898  0.0478987  0.0599695  0.0300497  0.0341829
 3  0.1213701  0.0353944  0.0384419  0.0736439  0.0650731  0.0988378  0.0685295  0.0914543  0.0938113  0.1142831  0.0511675  0.0645117  0.0564287  0.0511967  0.0558090  0.0672566  0.0572457  0.0458289  0.0639049  0.0568525  0.0553665  0.0540386  0.0670511  0.0970364  0.1329116  0.1848896  0.2171582
 4  0.0453260  0.0366552  0.0322500  0.0280367  0.0347891  0.0346958  0.0370417  0.0357992  0.0445125  0.0496037  0.0419848  0.0441153  0.0345030  0.0391084  0.0504624  0.0533218  0.0360622  0.0422040  0.0411917  0.0349077  0.0313585  0.0401184  0.0596837  0.0836145  0.0907829  0.0995653  0.1198551
 1  0.1425452  0.1759241  0.1755241  0.1744873  0.1799434  0.1156559  0.1195035  0.0982227  0.1220248  0.1491651  0.1942520  0.0420105  0.0211634  0.0957342  0.0973652  0.0881082  0.1055246  0.1601968  0.2056885  0.1807341  0.1740653  0.0928319  0.0950003  0.0538257  0.0518621  0.0747284  0.0596551
 2  0.0270896  0.0331628  0.0345816  0.0344273  0.0336386  0.0222928  0.0251295  0.0228873  0.0317146  0.0397745  0.0385514  0.0053644  0.0032178  0.0175641  0.0207723  0.0219100  0.0285892  0.0423757  0.0455547  0.0329486  0.0301649  0.0167925  0.0183284  0.0103944  0.0096158  0.0126826  0.0100694
 3  0.1320490  0.0500782  0.0677872  0.0677861  0.0667747  0.0649623  0.0657930  0.0757010  0.0933020  0.1275603  0.1723445  0.0322319  0.0186768  0.0646186  0.0643085  0.0715380  0.0853356  0.1053959  0.1375382  0.1613259  0.1561993  0.1539148  0.1555972  0.1667700  0.1622863  0.1438272  0.0369332
 4  0.0507192  0.0345208  0.0336726  0.0343793  0.0361416  0.0395090  0.0492503  0.0690118  0.0993761  0.1261053  0.0879479  0.0394885  0.0322265  0.0308247  0.0406118  0.0563094  0.0691356  0.0758673  0.0714324  0.0619012  0.0587674  0.0660310  0.0751324  0.0762736  0.0667132  0.0498596  0.0328824
 1  0.1323154  0.1439949  0.1427787  0.1132728  0.1286785  0.2239630  0.2482294  0.2547283  0.2583509  0.2107079  0.1854348  0.1482005  0.1465488  0.1649926  0.1788339  0.1279898  0.1043655  0.0741582  0.0558399  0.0994402  0.1135881  0.2081623  0.2955541  0.2602721  0.2659475  0.1583387  0.1351620
 2  0.0251284  0.0271413  0.0282888  0.0241237  0.0279052  0.0464085  0.0482551  0.0461408  0.0469114  0.0360275  0.0303530  0.0263030  0.0285749  0.0335830  0.0368746  0.0247378  0.0147577  0.0113485  0.0100345  0.0209327  0.0280892  0.0580934  0.0770467  0.0525482  0.0442238  0.0264193  0.0217876
 3  0.1226001  0.0732336  0.0622074  0.0888324  0.0923865  0.0689843  0.0606387  0.0674734  0.0858235  0.0804620  0.0698472  0.0799789  0.0809857  0.0879176  0.0978522  0.0712227  0.0814745  0.0396683  0.0479298  0.0817782  0.0922277  0.0807792  0.1161427  0.0684872  0.0575321  0.0656392  0.0679994
 4  0.0466048  0.0414929  0.0336933  0.0305472  0.0332027  0.0329173  0.0357824  0.0336063  0.0365278  0.0401523  0.0352609  0.0342809  0.0333296  0.0345060  0.0400332  0.0478303  0.0471668  0.0385167  0.0323928  0.0280578  0.0411929  0.0320277  0.0343415  0.0395995  0.0377630  0.0377957  0.0404640
 1  0.1289129  0.2032378  0.2209981  0.1403816  0.1475757  0.1538052  0.1595336  0.0942252  0.1028690  0.0704727  0.0660612  0.0683956  0.0674385  0.0676486  0.0438530  0.1172292  0.1317921  0.2018182  0.2325192  0.2078057  0.2189770  0.2886789  0.3869725  0.1984274  0.2394471  0.1051767  0.0834385
 2  0.0243850  0.0384447  0.0429612  0.0274008  0.0282759  0.0293521  0.0318397  0.0196748  0.0213741  0.0138653  0.0129408  0.0136736  0.0132299  0.0105599  0.0074027  0.0230705  0.0298012  0.0465668  0.0465822  0.0397530  0.0439894  0.0612874  0.0835067  0.0419472  0.0400998  0.0161235  0.0143053
 3  0.1195341  0.1206795  0.1224745  0.0969872  0.0894804  0.0879650  0.0904366  0.1024416  0.1122249  0.1162406  0.1089990  0.1050720  0.0556970  0.0641508  0.0467371  0.0941360  0.0989440  0.1023573  0.0766286  0.0469432  0.0525744  0.0624634  0.0841305  0.1323571  0.1641691  0.1417012  0.1086299
 4  0.0452728  0.0323822  0.0315765  0.0363589  0.0381052  0.0354285  0.0412284  0.0507914  0.0517579  0.0469862  0.0454348  0.0467089  0.0488596  0.0487575  0.0333053  0.0263287  0.0294107  0.0409656  0.0379647  0.0308275  0.0302597  0.0392194  0.0518406  0.0784656  0.0573531  0.0456332  0.0468692
 1  0.1102676  0.1079712  0.1079371  0.1441803  0.1545108  0.1354205  0.1386504  0.1809923  0.2249007  0.2126540  0.2949230  0.1222304  0.1140191  0.1568366  0.1358595  0.0728244  0.0580505  0.0849849  0.0842146  0.1169430  0.0917119  0.0710369  0.0674608  0.1052439  0.1242211  0.1097844  0.0992653
 2  0.0212429  0.0209596  0.0221376  0.0295424  0.0320757  0.0271872  0.0272076  0.0374990  0.0502784  0.0491723  0.0517012  0.0192591  0.0193592  0.0248592  0.0220736  0.0121988  0.0102862  0.0167845  0.0177115  0.0210481  0.0162500  0.0134902  0.0141271  0.0249262  0.0332137  0.0245944  0.0194327
 3  0.1019949  0.0937682  0.0941944  0.0961492  0.0990517  0.0912672  0.0944779  0.0977614  0.1198077  0.1744082  0.2512267  0.2531280  0.2278980  0.2327770  0.0537534  0.0592544  0.0541822  0.0535629  0.0696823  0.0771783  0.0529326  0.0561969  0.0525921  0.0539201  0.0866501  0.0730235  0.0470273
 4  0.0398775  0.0345535  0.0300437  0.0340427  0.0322515  0.0379890  0.0366017  0.0442871  0.0636810  0.0926699  0.0698447  0.0659482  0.0732973  0.0614668  0.0356128  0.0377560  0.0320775  0.0326257  0.0426677  0.0466020  0.0377496  0.0343979  0.0286290  0.0365777  0.0384401  0.0414425  0.0318653
 1  0.1249681  0.1369230  0.1366710  0.3751074  0.6281968  0.5684166  0.7736639  0.2345722  0.2096303  0.0809729  0.0715375  0.0408378  0.0350016  0.0978445  0.0978278  0.0532165  0.0423159  0.0674292  0.0686928  0.0456733  0.0413647  0.0710963  0.0932944  0.0572851  0.0496005  0.0507904  0.0373379
 2  0.0235296  0.0257902  0.0271591  0.0804923  0.1399050  0.0861988  0.0923359  0.0267524  0.0254585  0.0101522  0.0070230  0.0053140  0.0056015  0.0153839  0.0139080  0.0074089  0.0065280  0.0113356  0.0118203  0.0075635  0.0073575  0.0141462  0.0188806  0.0092149  0.0074083  0.0071790  0.0055721
 3  0.1159195  0.0920064  0.0832440  0.0898772  0.1496181  0.5467874  0.8080118  0.9990000  0.9990000  0.9990000  0.9990000  0.5100952  0.4069610  0.4634186  0.4803043  0.3993553  0.3111631  0.2816313  0.2864803  0.2828355  0.2541865  0.2659273  0.3484906  0.4572875  0.4045079  0.3334969  0.2445261
 4  0.0433172  0.0368898  0.0314959  0.0401472  0.0719122  0.1169442  0.1197527  0.1594332  0.1586478  0.1797070  0.1034769  0.0907372  0.1145115  0.1157245  0.0958567  0.0785557  0.0771278  0.0826632  0.0844780  0.0747647  0.0810602  0.1092250  0.1363338  0.1060876  0.0887054  0.0668368  0.0554754
 1  0.1235830  0.1405912  0.1433747  0.1914694  0.1991802  0.1501061  0.1607104  0.1904255  0.2634120  0.0677821  0.0404937  0.0745260  0.0718754  0.1219857  0.1204124  0.2239667  0.2601130  0.3759352  0.5233331  0.3756579  0.3148814  0.3233117  0.3657012  0.2110204  0.2447729  0.1065832  0.0958233
 2  0.0244388  0.0275778  0.0291883  0.0381428  0.0369661  0.0287138  0.0338610  0.0444866  0.0606563  0.0103460  0.0064464  0.0135365  0.0148812  0.0262866  0.0242230  0.0453710  0.0525687  0.0758891  0.1029323  0.0552739  0.0470047  0.0520064  0.0633003  0.0370896  0.0394418  0.0171375  0.0132871
 3  0.1139036  0.0802375  0.0719935  0.0780323  0.0678404  0.0663428  0.0695480  0.0856757  0.1192359  0.0412408  0.0399129  0.0641382  0.0779613  0.0661081  0.0711737  0.0924190  0.0827726  0.0790992  0.1106604  0.1871477  0.1591117  0.1487554  0.1672043  0.2286979  0.2699637  0.2761824  0.2512794
 4  0.0466939  0.0360112  0.0327863  0.0357244  0.0348602  0.0386574  0.0513286  0.0760483  0.0887744  0.0471455  0.0422860  0.0323211  0.0351207  0.0359717  0.0345817  0.0351388  0.0329170  0.0333900  0.0442738  0.0412362  0.0390449  0.0435776  0.0565587  0.0772634  0.0731539  0.0776941  0.0513466
 1  0.1114495  0.1062878  0.1050531  0.1130333  0.1276136  0.0731438  0.0797112  0.0915078  0.0869857  0.0517594  0.0438520  0.0857656  0.0830883  0.1167153  0.1298130  0.2077468  0.2784952  0.3204728  0.5575480  0.2728117  0.2281326  0.0455612  0.0366035  0.1117071  0.1143371  0.1041134  0.0721878
 2  0.0220729  0.0212015  0.0220826  0.0251440  0.0290785  0.0170875  0.0178488  0.0193284  0.0161624  0.0093192  0.0084399  0.0171965  0.0176085  0.0260741  0.0302871  0.0496717  0.0679734  0.0773317  0.0987769  0.0355940  0.0266615  0.0063941  0.0059751  0.0199923  0.0203542  0.0165112  0.0113685
 3  0.1026403  0.0595720  0.0776367  0.0620934  0.0698407  0.0552152  0.0602305  0.0526164  0.0483586  0.0681049  0.0604817  0.0712325  0.0686935  0.0792560  0.0770599  0.0899957  0.1204902  0.1932628  0.3498504  0.5412670  0.4529526  0.2834659  0.2156852  0.1987873  0.2043888  0.0486804  0.0440525
 4  0.0426156  0.0347313  0.0370935  0.0291744  0.0332673  0.0329241  0.0313968  0.0406635  0.0359069  0.0417271  0.0372594  0.0333354  0.0307684  0.0325222  0.0298207  0.0361476  0.0508354  0.0779882  0.0723463  0.0740728  0.0496017  0.0454935  0.0478532  0.0512454  0.0482207  0.0383122  0.0364349
 1  0.1170474  0.1174287  0.1126527  0.1146408  0.1283494  0.0983329  0.1010009  0.1944387  0.2486356  0.0489116  0.0452249  0.0796789  0.0706674  0.1433314  0.1635246  0.1819908  0.2254481  0.1550683  0.1602813  0.1456975  0.1380234  0.1041570  0.0789433  0.0629995  0.0616050  0.0603698  0.0636344
 2  0.0222378  0.0223059  0.0228126  0.0246793  0.0276618  0.0207181  0.0220304  0.0447428  0.0544340  0.0099607  0.0080958  0.0145011  0.0136657  0.0306962  0.0380292  0.0433657  0.0528292  0.0317510  0.0299900  0.0262920  0.0232935  0.0166875  0.0137113  0.0122037  0.0135886  0.0143809  0.0155207
 3  0.1084871  0.0535607  0.0672571  0.0834485  0.1051520  0.0571334  0.0582554  0.0643028  0.0828193  0.1009450  0.0602854  0.0518192  0.0569975  0.0539590  0.0609644  0.0743451  0.0924447  0.1207192  0.1265753  0.1259128  0.1202418  0.0563079  0.0580004  0.0495871  0.0477342  0.0508276  0.0538798
 4  0.0409754  0.0330274  0.0325096  0.0337385  0.0391722  0.0301962  0.0343485  0.0429335  0.0457445  0.0495423  0.0433019  0.0374573  0.0329377  0.0388476  0.0487721  0.0589809  0.0684628  0.0685696  0.0633955  0.0614825  0.0510253  0.0398660  0.0363464  0.0393941  0.0489274  0.0548520  0.0568882
 1  0.1287303  0.1214578  0.1189076  0.2616323  0.2946188  0.5601739  0.9852762  0.4476163  0.3471877  0.3371987  0.3147172  0.5030779  0.6024027  0.3838216  0.2843461  0.2426088  0.2049875  0.1124102  0.1180853  0.1063080  0.1168049  0.0569901  0.0570947  0.1485483  0.1572529  0.1658296  0.2019919
 2  0.0248432  0.0232892  0.0239820  0.0516936  0.0560714  0.1090228  0.1445284  0.0553159  0.0531604  0.0525224  0.0487400  0.0811038  0.0952994  0.0544048  0.0343080  0.0352711  0.0352720  0.0217384  0.0247172  0.0234195  0.0259799  0.0121084  0.0114633  0.0295164  0.0319399  0.0353981  0.0400936
 3  0.1190409  0.0721492  0.0688305  0.0830638  0.0834784  0.0922336  0.1139665  0.0717973  0.0855001  0.0887819  0.0721944  0.0843395  0.1013242  0.0714516  0.0649891  0.0534118  0.0556620  0.0892719  0.0894669  0.0958990  0.1051998  0.1182893  0.1192525  0.1125363  0.1183605  0.1350381  0.1658807
 4  0.0466638  0.0331459  0.0342946  0.0377317  0.0347814  0.0333316  0.0377545  0.0380797  0.0372823  0.0378432  0.0376853  0.0354357  0.0411511  0.0498042  0.0458671  0.0319678  0.0303606  0.0321942  0.0320240  0.0364578  0.0395114  0.0408616  0.0366318  0.0350469  0.0397772  0.0507886  0.0494316
 1  0.1219628  0.1302858  0.1276684  0.1166583  0.1345237  0.1350913  0.1524654  0.1041308  0.1077657  0.0991901  0.1067185  0.1604317  0.2009408  0.1070859  0.0981780  0.0573941  0.0388442  0.0818543  0.0469502  0.1502781  0.1581347  0.1935502  0.2744263  0.1664047  0.2245064  0.1295988  0.1231624
 2  0.0230466  0.0247232  0.0257088  0.0252712  0.0318832  0.0313050  0.0322783  0.0207201  0.0213693  0.0199339  0.0225006  0.0354025  0.0380787  0.0192076  0.0135990  0.0085097  0.0058757  0.0111520  0.0071648  0.0273395  0.0339442  0.0488455  0.0777407  0.0476538  0.0538514  0.0257660  0.0224075
 3  0.1131144  0.0617324  0.0599573  0.0633645  0.0722777  0.0911966  0.1049354  0.1144461  0.1181400  0.1251525  0.1340561  0.1551345  0.1984202  0.2098909  0.1971299  0.0446230  0.0559800  0.0394503  0.0439194  0.0633734  0.0713969  0.0719109  0.0747469  0.0742830  0.0713575  0.0669904  0.0640651
 4  0.0426943  0.0364474  0.0302770  0.0371610  0.0504548  0.0547868  0.0528911  0.0542687  0.0579755  0.0629607  0.0745813  0.0920656  0.0803948  0.0838691  0.0465856  0.0451150  0.0594726  0.0485630  0.0391597  0.0360333  0.0329666  0.0256919  0.0283417  0.0316372  0.0357120  0.0428842  0.0399537
 1  0.1113715  0.1046022  0.1021743  0.1462613  0.1610385  0.1777087  0.2048936  0.2856821  0.4265608  0.1405989  0.1438653  0.0475870  0.0310537  0.0702505  0.0624260  0.1262396  0.1135787  0.1316903  0.1347255  0.1574393  0.1756186  0.1837241  0.1182330  0.1244009  0.1371523  0.1088056  0.1339286
 2  0.0213932  0.0202620  0.0210351  0.0307916  0.0342155  0.0375525  0.0435039  0.0619510  0.0916419  0.0244745  0.0208520  0.0062796  0.0046245  0.0121680  0.0126548  0.0252343  0.0214142  0.0258570  0.0279382  0.0338613  0.0398389  0.0287876  0.0188268  0.0231368  0.0295865  0.0260955  0.0333502
 3  0.1030635  0.0678415  0.0710197  0.0833311  0.0793178  0.0855151  0.0986879  0.1229911  0.1838895  0.3633311  0.3853165  0.3035414  0.0371883  0.0259350  0.0463209  0.0709722  0.0513598  0.0643876  0.0605838  0.0652044  0.0848010  0.0626648  0.0899752  0.0932901  0.1028696  0.1277346  0.1578575
 4  0.0401234  0.0365015  0.0392336  0.0344955  0.0346083  0.0349880  0.0416743  0.0549753  0.0794303  0.1002322  0.0775840  0.0527080  0.0391605  0.0376189  0.0362279  0.0403925  0.0341402  0.0337702  0.0276759  0.0307336  0.0508101  0.0416048  0.0327667  0.0298788  0.0296027  0.0398896  0.0482977
 1  0.1145158  0.0904078  0.0868909  0.1053739  0.1201964  0.2199645  0.3433260  0.1486816  0.1466646  0.0788802  0.0623385  0.0404134  0.0255248  0.0785280  0.0740947  0.0550338  0.0576022  0.0721162  0.0816159  0.0943439  0.1077366  0.0991493  0.0992692  0.0922763  0.1070704  0.0408155  0.0406841
 2  0.0226344  0.0177182  0.0179948  0.0230236  0.0278565  0.0542707  0.0822187  0.0256223  0.0228339  0.0111985  0.0095524  0.0059055  0.0041741  0.0146971  0.0154019  0.0124366  0.0139810  0.0182218  0.0204286  0.0229731  0.0254273  0.0209321  0.0202211  0.0199871  0.0220732  0.0081433  0.0083329
 3  0.1056338  0.0611063  0.0624684  0.0974495  0.1104948  0.1379466  0.2161722  0.4052082  0.4089802  0.3969681  0.0415276  0.0242837  0.0217692  0.0458991  0.0568249  0.0705752  0.0779096  0.0754030  0.0856484  0.0982533  0.1126831  0.1291395  0.1305545  0.1372943  0.1598625  0.1673802  0.1647445
 4  0.0427542  0.0332692  0.0305610  0.0296301  0.0377888  0.0530900  0.0734562  0.0710594  0.0666541  0.0546724  0.0409517  0.0438122  0.0363691  0.0330565  0.0307513  0.0355521  0.0326532  0.0332860  0.0371103  0.0398486  0.0438325  0.0392798  0.0399335  0.0503497  0.0489411  0.0487260  0.0524154
 1  0.1157815  0.0969098  0.0965871  0.1366124  0.1547061  0.1666439  0.1903005  0.0915626  0.0976770  0.1045575  0.1089322  0.0615465  0.0475159  0.0574868  0.0606588  0.0973220  0.1056219  0.1019670  0.1110129  0.1086081  0.1104667  0.0365775  0.0345033  0.0586954  0.0559458  0.0868385  0.0742234
 2  0.0229241  0.0192028  0.0200591  0.0295107  0.0337045  0.0358861  0.0406653  0.0192564  0.0203165  0.0222086  0.0191228  0.0102730  0.0087781  0.0121901  0.0150232  0.0254831  0.0266886  0.0242273  0.0252763  0.0236154  0.0237733  0.0077150  0.0076024  0.0129388  0.0114954  0.0164472  0.0145052
 3  0.1066490  0.0898725  0.0815586  0.0808781  0.0913257  0.0764903  0.0873595  0.1042740  0.1114096  0.1178385  0.0550527  0.0378241  0.0284353  0.0254173  0.0264242  0.0298560  0.0328441  0.0356529  0.0388176  0.0418419  0.0426870  0.0436417  0.0410409  0.0409038  0.0334491  0.0563548  0.0485474
 4  0.0440659  0.0368426  0.0310141  0.0320457  0.0366300  0.0322509  0.0368257  0.0429094  0.0443509  0.0497713  0.0402594  0.0386298  0.0382134  0.0466945  0.0638471  0.0673228  0.0643953  0.0660253  0.0695654  0.0683279  0.0695945  0.0677172  0.0724829  0.0691922  0.0361037  0.0381290  0.0311671
 1  0.1290325  0.1287604  0.1264224  0.1226319  0.1207252  0.1319172  0.1209259  0.1096767  0.1295435  0.1055382  0.1235973  0.1518940  0.1757990  0.0872212  0.0896431  0.1425211  0.2078726  0.1513977  0.1167047  0.0424758  0.0211958  0.0398136  0.0342130  0.1027936  0.1117039  0.1719294  0.2420669
 2  0.0246445  0.0244595  0.0253025  0.0245653  0.0231088  0.0239607  0.0230692  0.0231317  0.0305282  0.0251099  0.0276178  0.0312981  0.0315821  0.0151084  0.0169291  0.0288376  0.0394962  0.0203162  0.0139304  0.0049660  0.0031206  0.0069276  0.0065259  0.0219804  0.0264195  0.0439152  0.0625977
 3  0.1195162  0.0721984  0.0694388  0.0663438  0.0791544  0.0821240  0.0930503  0.0956762  0.1116911  0.1446150  0.1719258  0.2021565  0.2380292  0.2492561  0.2509195  0.3064087  0.4536810  0.6844003  0.5472024  0.0220140  0.0328644  0.0441460  0.0557968  0.0876393  0.0939822  0.1132391  0.1597378
 4  0.0458670  0.0369358  0.0344601  0.0363416  0.0352435  0.0374009  0.0321687  0.0418827  0.0593018  0.0678558  0.0702595  0.0734745  0.0679943  0.0702991  0.0886046  0.1210197  0.1461291  0.1132819  0.0769267  0.0421829  0.0348324  0.0376680  0.0387247  0.0311588  0.0401361  0.0540810  0.0748727
 1  0.1183230  0.1080783  0.1054560  0.2052356  0.2638874  0.2128763  0.2674229  0.1475526  0.1256834  0.0476661  0.0374808  0.1180738  0.1248187  0.1407372  0.1583763  0.1017409  0.1005874  0.1480104  0.1318336  0.1110704  0.0986791  0.1399599  0.1426142  0.1237139  0.1419197  0.0676886  0.0579726
 2  0.0224026  0.0207619  0.0215492  0.0449593  0.0584520  0.0455322  0.0548991  0.0250230  0.0199198  0.0078759  0.0068012  0.0240728  0.0286762  0.0340541  0.0350311  0.0211321  0.0206152  0.0285128  0.0222153  0.0192710  0.0186665  0.0274255  0.0296201  0.0277955  0.0305830  0.0131168  0.0111328
 3  0.1097152  0.0695559  0.0651376  0.0907349  0.0900952  0.1216417  0.1532391  0.1998806  0.0446613  0.0403144  0.0433151  0.0373922  0.0390188  0.0449302  0.0514049  0.0530567  0.0521246  0.0715383  0.0582036  0.0832402  0.0944028  0.0859501  0.0818455  0.0881161  0.0846192  0.0486582  0.0571616
 4  0.0420017  0.0336914  0.0292100  0.0345290  0.0317336  0.0398019  0.0469793  0.0412297  0.0410944  0.0387248  0.0367496  0.0398417  0.0516002  0.0591671  0.0528487  0.0514134  0.0516728  0.0410931  0.0345991  0.0375440  0.0377969  0.0349369  0.0305523  0.0332262  0.0444742  0.0357624  0.0326054
 1  0.1082802  0.1281870  0.1293473  0.1223397  0.1499653  0.2364655  0.3973463  0.2216399  0.2680082  0.0373534  0.0185827  0.0621207  0.0543164  0.1598581  0.1774649  0.1771514  0.1869559  0.0536963  0.0419154  0.1133947  0.1180730  0.3042805  0.3933532  0.2063908  0.1945279  0.1798152  0.1260420
 2  0.0206362  0.0246608  0.0262986  0.0267207  0.0349000  0.0570966  0.0926150  0.0343897  0.0312590  0.0037444  0.0024179  0.0102372  0.0105804  0.0355577  0.0426421  0.0417296  0.0361526  0.0094311  0.0077646  0.0231120  0.0260966  0.0689414  0.0816874  0.0380068  0.0295265  0.0261592  0.0196591
 3  0.1003378  0.0893427  0.0986103  0.1093403  0.1328834  0.1803865  0.3042854  0.7997227  0.9990000  0.8266668  0.0131879  0.0077465  0.0065684  0.0062723  0.0069580  0.0080075  0.0086630  0.0211390  0.0209135  0.0526055  0.0542921  0.0589345  0.0773538  0.1038985  0.0450973  0.0512049  0.0506075
 4  0.0383101  0.0348186  0.0340586  0.0439580  0.0591043  0.0841309  0.1288308  0.1525067  0.1289391  0.0760769  0.0366734  0.0363624  0.0427256  0.0479545  0.0563409  0.0578074  0.0425450  0.0340418  0.0336590  0.0296255  0.0347720  0.0366469  0.0396256  0.0445076  0.0413617  0.0426968  0.0361788
 1  0.1326288  0.1463043  0.1470444  0.1862460  0.2319174  0.1538758  0.1501298  0.1573551  0.1438573  0.1845223  0.2279778  0.0961760  0.1039581  0.1118183  0.1048003  0.0927337  0.0687577  0.1007379  0.0925319  0.1602221  0.1970860  0.1938661  0.2095805  0.1144277  0.1229161  0.0814299  0.0805741
 2  0.0249980  0.0274896  0.0289955  0.0391515  0.0501916  0.0298823  0.0245250  0.0264979  0.0270640  0.0395057  0.0513600  0.0214541  0.0224898  0.0224155  0.0177175  0.0152874  0.0107479  0.0176061  0.0187326  0.0363688  0.0453808  0.0414111  0.0426470  0.0232018  0.0255633  0.0167057  0.0163913
 3  0.1230205  0.0941562  0.1028794  0.1000989  0.1239619  0.1644461  0.0905737  0.0548892  0.0488216  0.0512178  0.0631275  0.0794050  0.0857334  0.0909908  0.0872198  0.0484414  0.0462652  0.0644915  0.0561626  0.1014182  0.0941658  0.0751886  0.0822677  0.0922422  0.0984140  0.1064359  0.1056513
 4  0.0462208  0.0366447  0.0346819  0.0321749  0.0409729  0.0415360  0.0423888  0.0330904  0.0385738  0.0522728  0.0630751  0.0746647  0.0750731  0.0701193  0.0478219  0.0425123  0.0363433  0.0328417  0.0283351  0.0367252  0.0375363  0.0344323  0.0338802  0.0401438  0.0445460  0.0449910  0.0439229
 1  0.1083181  0.1429281  0.1458575  0.0930135  0.1023608  0.1153573  0.1298735  0.1152338  0.1228082  0.0514287  0.0423688  0.0691229  0.0633238  0.0690678  0.0718996  0.1002209  0.1029276  0.0760594  0.0895854  0.0859573  0.1038771  0.0502725  0.0482016  0.0937940  0.1018985  0.0966205  0.0786664
 2  0.0208560  0.0276615  0.0297132  0.0198180  0.0225512  0.0260978  0.0290322  0.0257473  0.0229490  0.0090797  0.0081897  0.0135842  0.0131226  0.0153623  0.0164868  0.0223531  0.0232252  0.0184312  0.0229711  0.0224822  0.0275864  0.0111619  0.0096555  0.0188690  0.0214968  0.0172197  0.0135963
 3  0.1001866  0.0794109  0.0788731  0.0910556  0.0812271  0.0612300  0.0689580  0.0708393  0.0771292  0.0472116  0.0476268  0.0627033  0.0468596  0.0669998  0.0555231  0.0583787  0.0599241  0.0650000  0.0760457  0.0926912  0.1121477  0.1428007  0.1400137  0.1355610  0.1464182  0.1645884  0.1368362
 4  0.0388983  0.0386081  0.0330525  0.0356733  0.0290022  0.0316714  0.0339996  0.0369125  0.0396273  0.0324375  0.0324187  0.0342834  0.0298536  0.0346481  0.0360422  0.0320060  0.0348746  0.0451456  0.0576735  0.0678216  0.0843094  0.0694162  0.0626478  0.0655578  0.0800177  0.0574663  0.0485533
 1  0.1220607  0.3739779  0.4742213  0.3973978  0.5864534  0.4729229  0.6261637  0.1656409  0.0767671  0.0640627  0.0548537  0.1159775  0.0967106  0.1282720  0.1168388  0.0975531  0.1053224  0.1217494  0.1114701  0.2479935  0.3081975  0.1713613  0.1012312  0.1232596  0.1293603  0.1423285  0.1857240
 2  0.0234936  0.0715663  0.0895084  0.0738787  0.1070388  0.0717316  0.0885471  0.0161540  0.0098104  0.0097890  0.0091816  0.0195461  0.0163533  0.0229303  0.0226192  0.0213506  0.0226544  0.0241303  0.0222453  0.0514614  0.0662192  0.0244947  0.0155136  0.0222906  0.0275421  0.0352006  0.0483585
 3  0.1129126  0.0711754  0.0723283  0.1095767  0.1613564  0.3296361  0.4445830  0.6351691  0.2798309  0.1840227  0.1547859  0.1334653  0.0736963  0.0490585  0.0440769  0.0438539  0.0474203  0.0564894  0.0634866  0.0631821  0.0964972  0.0805758  0.0743998  0.0556861  0.0569227  0.0688117  0.0901414
 4  0.0437848  0.0342036  0.0281259  0.0425386  0.0603369  0.0860208  0.1047768  0.0720568  0.0541862  0.0523574  0.0513381  0.0418641  0.0362201  0.0289339  0.0311862  0.0400094  0.0362881  0.0387854  0.0387620  0.0432621  0.0447249  0.0489090  0.0375125  0.0425941  0.0619677  0.0907254  0.1117819
 1  0.1223909  0.0721368  0.0675195  0.0890441  0.0838403  0.1155584  0.1249019  0.1168936  0.1238443  0.1535858  0.1632951  0.2972865  0.4352685  0.5097219  0.9990000  0.3152662  0.1309190  0.0226461  0.0099256  0.0418976  0.0312769  0.0876006  0.0907141  0.1469505  0.1791630  0.1242241  0.1176994
 2  0.0234945  0.0138895  0.0139024  0.0178988  0.0172222  0.0246772  0.0263150  0.0247387  0.0265576  0.0324676  0.0342217  0.0656214  0.0992888  0.1034980  0.1756585  0.0287019  0.0114790  0.0022877  0.0013519  0.0065488  0.0056698  0.0182295  0.0212450  0.0374857  0.0384323  0.0239957  0.0234935
 3  0.1132614  0.0608630  0.0673939  0.0585404  0.0556344  0.0753261  0.0662075  0.0739391  0.0706532  0.0683534  0.0728999  0.0803185  0.1169018  0.2361012  0.5144568  0.9990000  0.9990000  0.3713491  0.0128915  0.0179763  0.0250326  0.0623665  0.0639688  0.0867942  0.0802218  0.0578175  0.0633622
 4  0.0441167  0.0338810  0.0370865  0.0353729  0.0327759  0.0346607  0.0361932  0.0336561  0.0307622  0.0298015  0.0319117  0.0403376  0.0621406  0.0943247  0.1480065  0.2485598  0.0976785  0.0425416  0.0370394  0.0327866  0.0339708  0.0311309  0.0387596  0.0369714  0.0428969  0.0371534  0.0350266
 1  0.1338174  0.0394052  0.0353225  0.0979850  0.1069546  0.0916302  0.0929175  0.0692786  0.0659010  0.0539493  0.0482460  0.0546099  0.0581567  0.0837865  0.1051191  0.0768581  0.0672772  0.1369679  0.1423491  0.1384769  0.1387364  0.1081266  0.1016796  0.1385199  0.1526826  0.2473714  0.3196784
 2  0.0253898  0.0074898  0.0072378  0.0215102  0.0242963  0.0202805  0.0190506  0.0143879  0.0118085  0.0099384  0.0096822  0.0120364  0.0144159  0.0231982  0.0288978  0.0163949  0.0136699  0.0280573  0.0298082  0.0286257  0.0294574  0.0218294  0.0198736  0.0288816  0.0333553  0.0554784  0.0692539
 3  0.1239903  0.0521255  0.0491542  0.0641987  0.0551929  0.0696406  0.0690393  0.0528370  0.0638814  0.0691122  0.0704405  0.0702821  0.0741266  0.0860832  0.1085251  0.0456236  0.0460497  0.0502893  0.0527920  0.0599594  0.0722017  0.0661710  0.0559563  0.0687725  0.0734733  0.0842119  0.1093597
 4  0.0476223  0.0338458  0.0302069  0.0307027  0.0312323  0.0344159  0.0304643  0.0404255  0.0394984  0.0374861  0.0374001  0.0293530  0.0379128  0.0524742  0.0551795  0.0381251  0.0334719  0.0330003  0.0347571  0.0336240  0.0375893  0.0376671  0.0328493  0.0276026  0.0309609  0.0358995  0.0426518
 1  0.1259169  0.0994288  0.0937619  0.0995137  0.0985725  0.1175483  0.1396400  0.1680654  0.1721401  0.1423637  0.1558070  0.2147544  0.2711964  0.1155520  0.1084486  0.1238180  0.1143914  0.2371782  0.2796268  0.2223870  0.2470024  0.1164996  0.0839455  0.1143295  0.0924957  0.1074915  0.0890941
 2  0.0239017  0.0186622  0.0187566  0.0197922  0.0202658  0.0259326  0.0307446  0.0342729  0.0338564  0.0285239  0.0328174  0.0470239  0.0548599  0.0206882  0.0190832  0.0213786  0.0208832  0.0458194  0.0496570  0.0389113  0.0438002  0.0176510  0.0120460  0.0184946  0.0152418  0.0181229  0.0169003
 3  0.1166749  0.0696221  0.0730134  0.0920551  0.0877705  0.1068875  0.0858538  0.0806205  0.0839485  0.0874607  0.0949649  0.1120169  0.1433720  0.1714067  0.1603299  0.1499952  0.1379159  0.1382609  0.1655629  0.1775887  0.1942465  0.2211885  0.0480381  0.0530297  0.0613983  0.0578002  0.0606031
 4  0.0437607  0.0357995  0.0320297  0.0353641  0.0304654  0.0329381  0.0353950  0.0381229  0.0330549  0.0372216  0.0455144  0.0557143  0.0569233  0.0557538  0.0529889  0.0478721  0.0504409  0.0560616  0.0534727  0.0587857  0.0670363  0.0533469  0.0420793  0.0392337  0.0407475  0.0389749  0.0311748
 1  0.1118120  0.1986539  0.2167716  0.1644713  0.1957363  0.1679936  0.1585851  0.1861600  0.1789349  0.1921056  0.1479992  0.1191934  0.1340405  0.2085413  0.2771539  0.2347412  0.3413456  0.1337547  0.1544123  0.0691743  0.1035296  0.0474952  0.0374489  0.0346879  0.0182412  0.0364404  0.0397700
 2  0.0220355  0.0391743  0.0439039  0.0347094  0.0412001  0.0317591  0.0300538  0.0349607  0.0294550  0.0294123  0.0252696  0.0236368  0.0287483  0.0476233  0.0650869  0.0509348  0.0647697  0.0205012  0.0231961  0.0098759  0.0133902  0.0053997  0.0047264  0.0034723  0.0023357  0.0055276  0.0058213
 3  0.1031050  0.0850203  0.0881059  0.0880988  0.0849126  0.0656971  0.0767889  0.0732460  0.0770185  0.0691891  0.0687194  0.0891191  0.1031670  0.1174796  0.1551000  0.2476677  0.3674220  0.6150747  0.7173135  0.9990000  0.9990000  0.9990000  0.9990000  0.9990000  0.6786950  0.5447209  0.5977716
 4  0.0419424  0.0331466  0.0305254  0.0332230  0.0354407  0.0318922  0.0337038  0.0371222  0.0446158  0.0382891  0.0297172  0.0305380  0.0333602  0.0405662  0.0555751  0.0739857  0.0874685  0.1014594  0.1200915  0.1549721  0.1974827  0.1819433  0.1759320  0.1005661  0.0833452  0.0966271  0.0931380
 1  0.1216805  0.1696245  0.1730910  0.1601662  0.1930126  0.1470446  0.1611090  0.0805477  0.0681954  0.1278158  0.1274291  0.2235941  0.2860415  0.2299612  0.2374821  0.1857351  0.1755917  0.0804672  0.0621094  0.1129242  0.1168234  0.1669817  0.1495303  0.1796679  0.1739621  0.2278279  0.2921275
 2  0.0233076  0.0324498  0.0346260  0.0339173  0.0419487  0.0315216  0.0299522  0.0141669  0.0121811  0.0241434  0.0256718  0.0480432  0.0647113  0.0441217  0.0407978  0.0304984  0.0286480  0.0129768  0.0108450  0.0224251  0.0235231  0.0316875  0.0266963  0.0320953  0.0326899  0.0464113  0.0627407
 3  0.1125661  0.0685469  0.0734672  0.0990063  0.0841743  0.1029754  0.0789039  0.0622906  0.0646464  0.0861404  0.0902371  0.0957930  0.1220172  0.1816719  0.1932166  0.1953321  0.1853892  0.0498904  0.0549913  0.0610380  0.0608605  0.0570410  0.0581822  0.0895689  0.0940134  0.1235438  0.0981062
 4  0.0435238  0.0338254  0.0305930  0.0325378  0.0305267  0.0356734  0.0372840  0.0427966  0.0372347  0.0346914  0.0339866  0.0403786  0.0559857  0.0548339  0.0507336  0.0492820  0.0467156  0.0360821  0.0313954  0.0339255  0.0371114  0.0403134  0.0351524  0.0397145  0.0342743  0.0291449  0.0353452
 1  0.1291358  0.1155133  0.1124957  0.1313299  0.1391692  0.1935458  0.2237751  0.2509648  0.3387030  0.2099644  0.2418056  0.1141069  0.0562253  0.1057704  0.1043406  0.1316109  0.1470561  0.0740588  0.0785458  0.0694022  0.0682506  0.1116330  0.1190738  0.0863736  0.0844332  0.1184091  0.1330774
 2  0.0246433  0.0217718  0.0223750  0.0265170  0.0287317  0.0399292  0.0460718  0.0523126  0.0659542  0.0375017  0.0387719  0.0133373  0.0083327  0.0187775  0.0212752  0.0294842  0.0327197  0.0161473  0.0169244  0.0143182  0.0141475  0.0233414  0.0245360  0.0169566  0.0169911  0.0248676  0.0264636
 3  0.1195893  0.0873580  0.0985839  0.0953032  0.1081374  0.0955529  0.1108197  0.1375317  0.1870255  0.2586904  0.2997726  0.0570997  0.0477463  0.0659522  0.0731452  0.0873005  0.0981616  0.1070470  0.1129344  0.1202965  0.1187854  0.1206214  0.1292543  0.1366187  0.1333511  0.1392743  0.1579206
 4  0.0454104  0.0400860  0.0363230  0.0300228  0.0297503  0.0332607  0.0389367  0.0504161  0.0574094  0.0695781  0.0653426  0.0439071  0.0364925  0.0304453  0.0296357  0.0341527  0.0345319  0.0369947  0.0398971  0.0379537  0.0388257  0.0401401  0.0415008  0.0394998  0.0422399  0.0482799  0.0465207
 1  0.1456978  0.1639748  0.1612215  0.2019720  0.2286623  0.1543471  0.1510903  0.1747667  0.1521120  0.1786169  0.2236277  0.1306969  0.1336242  0.0829549  0.0955298  0.1156846  0.1353753  0.0888628  0.1054607  0.0758103  0.0855180  0.0504091  0.0419672  0.0227973  0.0141468  0.0874161  0.0850513
 2  0.0272533  0.0303982  0.0313801  0.0402455  0.0461350  0.0310066  0.0240888  0.0281364  0.0274553  0.0366650  0.0506778  0.0271363  0.0261104  0.0165089  0.0196275  0.0233678  0.0258791  0.0164306  0.0182457  0.0124332  0.0136652  0.0073345  0.0046959  0.0029985  0.0023305  0.0167089  0.0187527
 3  0.1352938  0.0662351  0.0704911  0.0846524  0.0817618  0.0684554  0.0739215  0.0783122  0.0888792  0.0920998  0.1143275  0.1576392  0.1638928  0.1753231  0.2002961  0.2399105  0.2835845  0.3362981  0.4013061  0.4662174  0.5261162  0.6173092  0.5451726  0.0229001  0.0311082  0.0250390  0.0653276
 4  0.0503031  0.0314266  0.0329188  0.0338410  0.0329042  0.0423888  0.0408304  0.0395620  0.0308900  0.0420394  0.0589053  0.0593634  0.0576771  0.0698645  0.0846920  0.0928418  0.0978289  0.1129015  0.1185711  0.1265694  0.1381296  0.1337905  0.0709480  0.0354913  0.0331984  0.0354188  0.0423460
 1  0.1394635  0.2068314  0.2139786  0.2273885  0.2754185  0.2311792  0.2915471  0.1713834  0.2004770  0.0730469  0.0452230  0.0766982  0.0685714  0.0831514  0.0826967  0.0836460  0.0898518  0.0558489  0.0537765  0.0941817  0.0860298  0.1205433  0.1323918  0.1168288  0.1129338  0.1505509  0.1762354
 2  0.0258566  0.0381356  0.0410923  0.0455513  0.0553542  0.0457573  0.0592811  0.0327302  0.0329816  0.0095716  0.0067570  0.0134930  0.0127580  0.0169928  0.0189372  0.0201619  0.0205550  0.0126096  0.0104344  0.0180592  0.0169618  0.0256875  0.0294522  0.0247768  0.0237665  0.0330397  0.0420499
 3  0.1297000  0.0795562  0.0894193  0.0856336  0.1035462  0.1321587  0.1655413  0.2519018  0.3036325  0.2815094  0.0264700  0.0375669  0.0487115  0.0427910  0.0418039  0.0455545  0.0495201  0.0501208  0.0437529  0.0394860  0.0441329  0.0764538  0.0807497  0.0507148  0.0492321  0.0497814  0.0575839
 4  0.0471594  0.0354243  0.0330340  0.0317861  0.0377276  0.0472104  0.0643783  0.0831631  0.0733653  0.0450400  0.0337371  0.0324733  0.0360382  0.0370434  0.0453735  0.0508891  0.0469989  0.0482525  0.0415820  0.0343504  0.0306408  0.0327521  0.0349666  0.0339116  0.0331153  0.0388202  0.0537215
 1  0.1220500  0.2055958  0.2183766  0.2048536  0.2608168  0.1597931  0.1541321  0.1428131  0.1274597  0.1197118  0.1183347  0.1445187  0.1407338  0.2774867  0.3501536  0.3489374  0.2902747  0.1497390  0.1524010  0.2136872  0.2160228  0.1176972  0.1161578  0.1902089  0.2060500  0.0931211  0.0816183
 2  0.0232430  0.0391999  0.0432728  0.0434639  0.0554288  0.0297152  0.0281376  0.0254182  0.0224445  0.0227539  0.0236446  0.0285912  0.0277197  0.0571966  0.0752734  0.0572451  0.0456522  0.0263280  0.0289857  0.0405664  0.0413698  0.0227058  0.0225054  0.0385384  0.0375007  0.0163486  0.0158206
 3  0.1131263  0.0705709  0.0647914  0.0819794  0.1039658  0.1335552  0.0771438  0.0615718  0.0659669  0.0619418  0.0779356  0.0650861  0.0552249  0.0542089  0.0679264  0.0971618  0.0687423  0.0619656  0.0621537  0.0641371  0.0651319  0.0688704  0.0680191  0.0671656  0.0736437  0.0672341  0.0574908
 4  0.0431712  0.0362018  0.0291075  0.0334775  0.0401989  0.0384670  0.0368108  0.0363154  0.0324287  0.0297523  0.0355836  0.0342709  0.0332987  0.0367985  0.0509698  0.0383641  0.0390742  0.0473059  0.0540883  0.0508242  0.0530068  0.0570865  0.0572695  0.0620671  0.0514472  0.0459742  0.0512287
 1  0.1033990  0.1992275  0.2187214  0.2316823  0.2712644  0.2498150  0.2468911  0.1043709  0.1145246  0.0573128  0.0589327  0.0863887  0.0944602  0.0311509  0.0320541  0.1034014  0.1137586  0.1485099  0.1874495  0.1576118  0.1554848  0.1240070  0.1212327  0.0857713  0.0805934  0.0301467  0.0194733
 2  0.0201090  0.0391881  0.0445265  0.0471192  0.0527858  0.0439646  0.0436128  0.0197941  0.0243001  0.0122003  0.0119215  0.0175755  0.0185431  0.0061999  0.0061495  0.0202858  0.0226126  0.0300511  0.0356184  0.0258477  0.0234911  0.0192113  0.0190875  0.0140045  0.0116399  0.0042930  0.0032460
 3  0.0955240  0.0829205  0.0885384  0.0811623  0.0779558  0.1045412  0.1138561  0.1229156  0.1327470  0.1606703  0.1680133  0.1670724  0.1824161  0.1937095  0.1990405  0.1903139  0.2073158  0.2405922  0.3056191  0.3757557  0.3755476  0.3481224  0.3372562  0.3301872  0.3150362  0.0279094  0.0316878
 4  0.0379955  0.0382689  0.0359606  0.0366628  0.0364136  0.0363993  0.0284490  0.0368803  0.0497756  0.0534510  0.0492804  0.0523929  0.0535319  0.0597004  0.0547234  0.0564234  0.0635398  0.0769085  0.0824385  0.0772080  0.0685143  0.0692717  0.0688052  0.0724837  0.0518568  0.0379654  0.0340587
 1  0.1289827  0.1529872  0.1535889  0.1003871  0.0869477  0.1017911  0.1151435  0.1422026  0.1014321  0.1046831  0.0986231  0.1121259  0.1306727  0.1372286  0.1567207  0.1724608  0.1746584  0.1222713  0.0870221  0.1051891  0.1050697  0.1142274  0.1268093  0.1215199  0.1453503  0.1749820  0.2318923
 2  0.0254748  0.0298158  0.0311137  0.0186203  0.0163596  0.0212491  0.0270192  0.0254458  0.0162307  0.0184691  0.0192793  0.0248356  0.0330005  0.0349962  0.0354463  0.0344308  0.0336585  0.0196048  0.0142052  0.0192144  0.0213523  0.0248000  0.0287799  0.0286796  0.0354199  0.0426748  0.0519382
 3  0.1188967  0.0545896  0.0583630  0.0687912  0.0586918  0.0545622  0.0818157  0.0696126  0.0670725  0.0638963  0.0707731  0.0784341  0.0823195  0.0702051  0.0850063  0.0813916  0.0834890  0.0744480  0.0750798  0.0980466  0.0912790  0.1094093  0.0988617  0.0834074  0.0994591  0.1291793  0.1734697
 4  0.0485996  0.0328704  0.0381051  0.0409319  0.0353313  0.0431360  0.0504396  0.0485966  0.0432733  0.0360175  0.0345434  0.0287324  0.0299759  0.0332602  0.0355294  0.0402189  0.0421309  0.0416157  0.0390245  0.0365758  0.0337912  0.0316697  0.0267746  0.0322351  0.0417533  0.0521400  0.0570793
 1  0.1303734  0.2103821  0.2269331  0.4445239  0.7603928  0.5192485  0.7042486  0.0705779  0.0471872  0.0721161  0.0600757  0.0868203  0.1027197  0.1032429  0.0660039  0.0987535  0.0815917  0.1672450  0.2051661  0.2735634  0.1703218  0.1463348  0.1514240  0.2055601  0.2453794  0.1469195  0.1762178
 2  0.0246442  0.0398379  0.0443826  0.0899862  0.1494512  0.0717028  0.0601582  0.0083417  0.0064467  0.0107293  0.0101232  0.0167555  0.0216083  0.0161175  0.0086648  0.0154879  0.0152215  0.0368999  0.0510592  0.0423723  0.0250259  0.0251983  0.0308144  0.0450304  0.0544812  0.0337126  0.0394608
 3  0.1208495  0.0941092  0.0877696  0.1030492  0.1769041  0.7629919  0.9990000  0.5087662  0.3186154  0.2365405  0.1926047  0.1848491  0.2163733  0.2583602  0.0398677  0.0409812  0.0324426  0.0319486  0.0696393  0.0811171  0.0715365  0.0908045  0.0846052  0.0891165  0.0836735  0.0576961  0.0691336
 4  0.0458997  0.0384575  0.0369781  0.0467165  0.0765170  0.1752910  0.1066513  0.0851815  0.0719680  0.0624469  0.0656292  0.0832363  0.1084509  0.0631549  0.0367836  0.0347221  0.0410349  0.0552797  0.0504455  0.0524387  0.0374887  0.0294878  0.0280818  0.0331712  0.0314993  0.0310570  0.0349696
 1  0.1268093  0.1692310  0.1774098  0.1692877  0.2010991  0.1912273  0.2194372  0.1981172  0.2478944  0.0793781  0.0518614  0.0821469  0.0837097  0.1028590  0.1094789  0.1550908  0.1555910  0.1270648  0.1195339  0.2220323  0.2759543  0.1572645  0.1687036  0.1209825  0.0719679  0.1604314  0.1662370
 2  0.0247688  0.0329358  0.0356040  0.0356943  0.0430753  0.0391789  0.0438899  0.0396720  0.0460251  0.0112063  0.0080973  0.0148838  0.0165825  0.0216599  0.0222950  0.0302619  0.0269723  0.0227128  0.0237133  0.0479355  0.0605196  0.0325127  0.0328165  0.0173075  0.0112582  0.0290193  0.0335856
 3  0.1170336  0.0882437  0.0820157  0.0821558  0.0971651  0.1188606  0.1368572  0.1683641  0.2125843  0.2345716  0.1517303  0.1207250  0.1214186  0.1265540  0.1353555  0.1355020  0.0739418  0.0628986  0.0577611  0.0610876  0.0762560  0.0994886  0.1074142  0.0395545  0.0427134  0.0671995  0.0896212
 4  0.0472314  0.0351673  0.0335569  0.0309535  0.0366837  0.0402617  0.0457204  0.0582895  0.0606714  0.0389091  0.0332643  0.0375488  0.0430722  0.0470767  0.0441709  0.0416300  0.0365084  0.0349386  0.0409557  0.0497467  0.0591500  0.0674472  0.0651900  0.0382664  0.0345663  0.0311552  0.0367103
 1  0.1361934  0.1759543  0.1806598  0.1628661  0.1890381  0.2319737  0.2713475  0.1654134  0.1062667  0.1022678  0.1011124  0.0875869  0.0787990  0.1011668  0.1008871  0.1368945  0.1735344  0.2338065  0.3127747  0.1004058  0.0991523  0.1060707  0.0986284  0.2166853  0.1469444  0.1761318  0.1825454
 2  0.0264105  0.0337645  0.0358369  0.0334529  0.0404883  0.0471972  0.0508320  0.0237918  0.0163273  0.0181653  0.0209065  0.0180855  0.0148169  0.0198110  0.0213698  0.0325436  0.0448480  0.0592154  0.0641736  0.0182072  0.0165183  0.0181567  0.0173754  0.0316743  0.0233994  0.0316614  0.0351225
 3  0.1257440  0.0717249  0.0806414  0.0892963  0.1030071  0.1289006  0.0833505  0.0656466  0.0494384  0.0837320  0.0798244  0.0752286  0.0876076  0.0582411  0.0568561  0.0626836  0.0790599  0.1059981  0.1453063  0.1790206  0.1762531  0.1522585  0.0597478  0.0822742  0.0821679  0.0792673  0.1002148
 4  0.0501259  0.0365212  0.0333093  0.0397520  0.0499056  0.0535050  0.0468289  0.0476148  0.0388056  0.0303835  0.0331266  0.0390780  0.0391097  0.0310986  0.0378662  0.0524342  0.0703533  0.0812475  0.0735607  0.0823331  0.0688463  0.0651141  0.0474146  0.0430353  0.0355244  0.0314086  0.0365307
 1  0.1185326  0.1309629  0.1301873  0.0822487  0.0935524  0.2084948  0.3086137  0.1250193  0.0766045  0.1109024  0.1079220  0.1042058  0.1044265  0.1366532  0.1517753  0.2534422  0.3076813  0.1074734  0.0880563  0.1172216  0.1217551  0.1069450  0.1067644  0.1983936  0.2499346  0.2083424  0.1853961
 2  0.0227503  0.0250517  0.0262198  0.0175955  0.0217247  0.0510335  0.0668160  0.0178846  0.0118278  0.0198027  0.0206096  0.0214547  0.0222364  0.0302781  0.0333944  0.0561178  0.0563871  0.0178539  0.0163490  0.0237849  0.0253181  0.0222722  0.0232812  0.0452741  0.0542987  0.0374355  0.0324466
 3  0.1096772  0.0820402  0.0931796  0.1015677  0.1143590  0.1428456  0.2151096  0.0475880  0.0535980  0.0690864  0.0748494  0.0520229  0.0486971  0.0592280  0.0655768  0.0731316  0.0776932  0.0482063  0.0490227  0.0642673  0.0703470  0.0654906  0.0648900  0.0706379  0.0896065  0.1055499  0.0944886
 4  0.0422451  0.0350503  0.0339007  0.0419403  0.0554568  0.0734427  0.0795858  0.0444252  0.0394591  0.0362439  0.0362073  0.0344760  0.0333995  0.0336926  0.0362905  0.0414915  0.0397247  0.0333929  0.0305993  0.0315044  0.0337245  0.0320613  0.0357720  0.0434900  0.0464654  0.0370254  0.0346268
 1  0.1320631  0.1129398  0.1071777  0.0851759  0.0685536  0.1029396  0.1113508  0.0874625  0.1002237  0.1332901  0.1575051  0.1703432  0.1780394  0.1030798  0.0916079  0.1368806  0.1449454  0.1018487  0.0997969  0.0578780  0.0585334  0.0285827  0.0251261  0.0674994  0.0636951  0.1278346  0.1332750
 2  0.0255619  0.0214588  0.0215372  0.0152179  0.0126133  0.0209073  0.0248993  0.0210775  0.0235390  0.0307670  0.0366553  0.0358247  0.0329003  0.0185757  0.0176830  0.0279314  0.0309488  0.0211614  0.0204828  0.0123146  0.0118150  0.0056497  0.0052443  0.0141191  0.0133384  0.0270270  0.0293142
 3  0.1220465  0.0516091  0.0597370  0.0673671  0.0547715  0.0633565  0.0737460  0.0893062  0.0840418  0.0899203  0.1053186  0.1344270  0.0915545  0.0447145  0.0492767  0.0768668  0.0813357  0.0884530  0.0872294  0.0878964  0.0892831  0.0420384  0.0561515  0.0566880  0.0534234  0.0738493  0.0661144
 4  0.0476083  0.0355120  0.0412515  0.0417640  0.0383626  0.0312749  0.0336871  0.0337439  0.0344791  0.0366619  0.0471847  0.0454474  0.0420780  0.0359838  0.0315032  0.0287213  0.0323326  0.0313503  0.0311161  0.0348614  0.0301497  0.0349582  0.0371206  0.0364794  0.0352757  0.0322437  0.0301273
 1  0.1123856  0.1157457  0.1150190  0.2051277  0.2763365  0.3742970  0.4874471  0.1928146  0.1532097  0.1740255  0.1742128  0.0810056  0.0849568  0.1446899  0.1445126  0.2006507  0.2052551  0.1228730  0.1100308  0.1277870  0.1205394  0.1646548  0.1619091  0.1936366  0.2066297  0.2870219  0.3671349
 2  0.0216566  0.0225475  0.0237113  0.0460625  0.0662116  0.0802335  0.0699057  0.0284223  0.0236745  0.0302887  0.0341599  0.0171547  0.0174797  0.0289862  0.0295778  0.0395044  0.0384332  0.0221307  0.0211862  0.0244765  0.0239917  0.0323732  0.0317983  0.0378350  0.0410758  0.0584727  0.0756360
 3  0.1039106  0.0747180  0.0713205  0.0764836  0.1020758  0.1610800  0.0707674  0.0633582  0.0622474  0.0785608  0.0896184  0.1017340  0.1075032  0.0514370  0.0501162  0.0771466  0.0898666  0.0572729  0.0601130  0.0623837  0.0619883  0.0631475  0.0616486  0.0913258  0.0766939  0.0853849  0.1094386
 4  0.0408804  0.0323486  0.0284697  0.0368052  0.0544045  0.0620647  0.0406705  0.0373698  0.0346710  0.0309878  0.0337949  0.0426148  0.0383548  0.0331458  0.0301497  0.0347345  0.0378411  0.0384399  0.0391669  0.0391177  0.0363411  0.0347345  0.0324578  0.0373718  0.0325425  0.0376104  0.0498624
