2019 2020 2021 2022 2023 2024 2025 2026 2027 2028 2029 2030 2031 2032 2033 2034 2035 2036 2037 2038 2039 2040 2041 2042 2043 2044 2045
 0.3700447  0.2498231  0.2270533  0.3233484  0.3140051  0.2896979  0.2568960  0.3518525  0.3933681  0.4562889  0.6560181  0.4694177  0.5001227  0.6055341  0.8616043  1.0709988  1.1675333  1.0272116  1.6402218  0.8210266  0.4229904  0.1267449  0.1126136  0.2377816  0.1927466  0.4293351  0.5344990
 0.3581629  0.3035316  0.3049566  0.4730400  0.5705467  0.5363986  0.4430362  0.2866578  0.2797703  0.2447969  0.2553097  0.2022020  0.1739573  0.1805360  0.1753222  0.2029475  0.2054067  0.1700920  0.1779690  0.6361321  0.9130661  0.9789715  1.8167680  1.7007804        NaN        NaN  2.6333512
 0.3469262  0.4014523  0.4225650  0.3652945  0.3741501  0.6173557  0.9705538  0.6583526  0.6692745  0.4929855  0.5435491  0.6312521  0.5852647  0.3930109  0.3638776  0.4678911  0.4668779  0.4564076  0.4431427  0.4066442  0.4255596  0.6878561  0.9995522  0.5970999  0.1985286  0.1985630  0.1810188
 0.3481117  0.2140775  0.2074987  0.3719830  0.4289819  0.3489160  0.4254591  0.2332739  0.2092076  0.1152777  0.1189110  0.1626731  0.1494609  0.1827512  0.1866289  0.2316822  0.2306980  0.3040908  0.3541891  0.3203812  0.3194297  0.3396508  0.3215688  0.3674307  0.4724709  0.4371110  0.5278573
 0.3492800  0.2427705  0.2447262  0.2831964  0.2983144  0.4075509  0.4417515  0.7068371  0.9080931  0.9320868  1.5794960  0.8838394  0.7322079  0.1521349  0.1572518  0.3300678  0.3633352  0.4611421  0.5346742  0.2265983  0.2009350  0.3744677  0.4599974  0.7052368  1.3614109  0.4877424  0.3391297
 0.3398981  0.4000032  0.4171017  0.5386440  0.7258534  0.7750585  1.3744307  0.8718327  0.2507711  0.1861187  0.1686961  0.1567164  0.1602831  0.2409982  0.2451714  0.3066933  0.3639472  0.3201885  0.3588297  0.2348533  0.2096347  0.2353225  0.1863582  0.3941374  0.4652829  0.1851989  0.1545305
 0.3830502  0.4396266  0.4660858  0.2873229  0.2969736  0.2780192  0.3395487  0.3622762  0.4616071  0.5223285  0.7151472  0.5848098  0.3727466  0.2653945  0.2336159  0.4846165  0.6039325  0.5330255  0.2788002  0.1284774  0.1221456  0.1906831  0.1816809  0.2875322  0.3187622  0.3150657  0.4105284
 0.3706689  0.1602881  0.1523300  0.1662471  0.1858982  0.3030288  0.3074366  0.4883997  0.4821658  0.2369283  0.2288062  0.4593809  0.6028468  0.5739751  0.8655710  0.7636101  0.2232957  0.2646889  0.2417330  0.7531691  0.9733685  1.0608256        NaN        NaN        NaN  3.0081665  0.0968917
 0.3644012  0.4505676  0.4536738  0.6097674  0.9459522  0.7627799  0.9141123  0.1592628  0.1291271  0.1770329  0.1670672  0.2864971  0.2877318  0.2918472  0.3588684  0.3415857  0.4645167  0.4064206  0.3911312  0.3611489  0.3385094  0.2982546  0.2031132  0.1494070  0.1058121  0.1745182  0.1704743
 0.3855958  0.3991937  0.3928147  0.3386435  0.3086567  0.2550186  0.3058700  0.3472688  0.4199134  0.4060465  0.4206339  0.3738701  0.3989850  0.3951007  0.1929478  0.2055038  0.1856846  0.3149659  0.3441328  0.4014785  0.5783854  1.0766627  4.6726688  2.2797918  1.8229766  0.7938938  0.6705180
 0.3454323  0.2853222  0.2627283  0.2784902  0.2820386  0.3342190  0.3806774  0.3547176  0.4031241  0.4305772  0.4981122  0.2912085  0.2094294  0.3258188  0.3048639  0.3315311  0.3411104  0.3734465  0.3948688  0.2543376  0.2754257  0.3973155  0.4642374  0.3865362  0.4408212  0.5797206  0.6952944
 0.3874715  0.3347299  0.3333451  0.3765047  0.4051463  0.4469241  0.6116079  0.7056342  1.1172948  0.7490951  0.5928226  0.1446828  0.1330720  0.2511767  0.2469475  0.3914041  0.4531736  0.5319898  0.5270011  0.2791387  0.2237315  0.2567459  0.2464085  0.3549670  0.2925650  0.3794110  0.3543053
 0.4074468  0.4016943  0.4391905  0.2671144  0.3077617  0.2254664  0.2107953  0.1728556  0.1934123  0.3248150  0.4353970  0.5519129  0.6705735  0.6748297  0.8556627  0.6387716  0.6658579  0.5787260  0.1595722  0.1343984  0.1267100  0.1916441  0.2019170  0.4353652  0.5661914  0.4089428  0.2863634
 0.3874858  0.3186763  0.3139806  0.6201962  0.9035539  0.8557646  0.7751495  0.7024840  0.7725459  0.5329276  0.3799405  0.3694880  0.2998578  0.3871609  0.4491831  0.3730071  0.3255518  0.1856501  0.1904413  0.2126179  0.1892252  0.3620090  0.4902235  0.5031204  0.7404301  0.6146496  0.7750031
 0.4330903  0.3468786  0.3715568  0.3708100  0.3799185  0.2764992  0.2960177  0.2955802  0.3921728  0.5393148  0.6609656  0.1115268  0.0764355  0.2330588  0.2470772  0.2565707  0.3185692  0.4610720  0.6088901  0.5708123  0.5398165  0.3981110  0.4182397  0.3643899  0.3395422  0.3252877  0.1488776
 0.3942923  0.3357516  0.3092447  0.2934818  0.3280138  0.4631759  0.4972484  0.5127950  0.5551697  0.4540271  0.3832563  0.3395373  0.3396704  0.3847228  0.4328252  0.3112019  0.2642456  0.1746900  0.1575503  0.2580497  0.3085201  0.4549498  0.7210517  0.5431764  0.5149282  0.3357415  0.3045520
 0.3817389  0.5008118  0.5393993  0.3566035  0.3604391  0.3651144  0.3876114  0.3064263  0.3366842  0.2833632  0.2645551  0.2640957  0.2004143  0.2043355  0.1397625  0.3003764  0.3351952  0.4887440  0.4992064  0.3928327  0.4217134  0.5945317  0.9212534  0.5877824  0.6828075  0.3588722  0.2903497
 0.3184712  0.2964675  0.2913248  0.3606000  0.3797076  0.3435418  0.3512682  0.4428807  0.5991945  0.7254260  1.0873384  0.6019569  0.5627637  0.6327988  0.2802102  0.1989335  0.1674342  0.2064518  0.2365343  0.3015359  0.2202605  0.1918330  0.1753279  0.2412546  0.3154260  0.2843359  0.2194854
 0.3667083  0.3438340  0.3251564  0.8714716  3.8620042        NaN        NaN        NaN        NaN        NaN  2.4757638  0.9216656  0.8093524  1.1334160  1.0604752  0.7171452  0.5601671  0.5795324  0.5936778  0.5220942  0.4832091  0.6078482  0.8910957  0.9490609  0.7504269  0.5732073  0.4054865
 0.3677299  0.3335436  0.3225620  0.4187273  0.4130759  0.3327260  0.3729345  0.4844497  0.7347545  0.1722200  0.1354878  0.2032785  0.2192245  0.2845388  0.2874400  0.5033135  0.5564406  0.8270603  1.5069072  1.0343478  0.7991805  0.8299535  1.0511570  0.8002874  0.9673240  0.6283311  0.4930448
 0.3255887  0.2496436  0.2743695  0.2567471  0.2960476  0.1912921  0.2069188  0.2251834  0.2065457  0.1865760  0.1613835  0.2312101  0.2209711  0.2894570  0.3048363  0.4735716  0.7080252  1.0642600        NaN  2.0158054  1.1755590  0.4569534  0.3624972  0.4780363  0.4852022  0.2266209  0.1757245
 0.3397852  0.2559279  0.2664963  0.2927215  0.3537339  0.2294164  0.2393420  0.4152139  0.5593521  0.2317559  0.1694963  0.2017910  0.1907053  0.3054717  0.3629903  0.4313134  0.5639157  0.4687446  0.4760742  0.4415102  0.3985273  0.2405785  0.2060809  0.1781767  0.1823144  0.1907519  0.2014891
 0.3834312  0.2869265  0.2802423  0.5677667  0.6315327  1.5725284        NaN  0.8737045  0.7279929  0.7149368  0.6302172  1.2021750  1.7905995  0.7753415  0.5015025  0.4408890  0.3934789  0.2933882  0.3042501  0.2996969  0.3344231  0.2563767  0.2531555  0.3924946  0.4240997  0.4820615  0.6092331
 0.3568089  0.2911462  0.2777206  0.2737382  0.3296267  0.3669698  0.4161528  0.3457458  0.3617507  0.3645135  0.4059325  0.5696669  0.7278633  0.5309642  0.4068242  0.1608182  0.1627733  0.1844320  0.1439223  0.3233738  0.3459483  0.4027990  0.5803690  0.3675835  0.4796229  0.3062981  0.2864408
 0.3219950  0.2594757  0.2633862  0.3467811  0.3665959  0.4060825  0.4876197  0.7351023  1.4899759  0.9703048  0.9128934  0.4793425  0.1149511  0.1573885  0.1680875  0.3034177  0.2484988  0.2940770  0.2864055  0.3353137  0.4194369  0.3685922  0.2964316  0.3144520  0.3499667  0.3505109  0.4541736
 0.3351417  0.2254785  0.2187493  0.2917786  0.3443120  0.6050885  1.2144415  1.0334844  0.9989639  0.7401211  0.1611092  0.1160864  0.0907972  0.1881138  0.1924060  0.1865466  0.1948206  0.2145971  0.2465065  0.2875774  0.3342190  0.3388353  0.3407629  0.3497985  0.4103321  0.3066874  0.3067977
 0.3404215  0.2770697  0.2583831  0.3237580  0.3761971  0.3695729  0.4346964  0.2953211  0.3174645  0.3424431  0.2500480  0.1586902  0.1307603  0.1485798  0.1666019  0.2330230  0.2504512  0.2503795  0.2727679  0.2729851  0.2778566  0.1672554  0.1634681  0.1952791  0.1458063  0.2199013  0.1836384
 0.3831411  0.3034484  0.2932702  0.2857660  0.2973554  0.3213342  0.3126368  0.3105917  0.3870633  0.4090613  0.4925621  0.6085477  0.7162865  0.5450005  0.5873295  0.8989041  1.8322312  2.2434942  1.0912357  0.1025162  0.0931186  0.1366342  0.1446776  0.2760272  0.3091756  0.4632602  0.7386050
 0.3449323  0.2632710  0.2485883  0.4650377  0.5810638  0.5397927  0.7329915  0.5272139  0.2580178  0.1429261  0.1323329  0.2449597  0.2702270  0.3148306  0.3494411  0.2556243  0.2517546  0.3388054  0.2804783  0.2876309  0.2854931  0.3388018  0.3324934  0.3128364  0.3552799  0.1798163  0.1725111
 0.3105468  0.3234259  0.3382004  0.3544822  0.4605800  0.7862298  2.3689577        NaN        NaN  1.3888470  0.0686511  0.1232425  0.1190153  0.2798748  0.3211835  0.3256175  0.3194243  0.1250276  0.1096691  0.2447182  0.2607098  0.6237805  0.8918011  0.4940627  0.3590051  0.3429321  0.2606598
 0.3946093  0.3622815  0.3748325  0.4389373  0.5855142  0.4909209  0.3618331  0.3155256  0.2975276  0.3883360  0.5094258  0.3098468  0.3333794  0.3451383  0.2928365  0.2169166  0.1730169  0.2421467  0.2155848  0.3993827  0.4614287  0.4201261  0.4576180  0.3122660  0.3409910  0.2850523  0.2816687
 0.3114949  0.3394977  0.3369020  0.2708537  0.2648399  0.2624654  0.2996533  0.2801603  0.3033242  0.1502531  0.1385651  0.1972170  0.1646234  0.2019460  0.1939644  0.2365145  0.2454968  0.2197772  0.2670981  0.2963809  0.3711969  0.3174538  0.3002830  0.3740425  0.4198455  0.4058929  0.3229288
 0.3588675  0.7988834  1.0891142  0.9733004  2.4446994  2.8705503        NaN  1.1952905  0.4919476  0.3632076  0.3112110  0.3683517  0.2499732  0.2596053  0.2406718  0.2206277  0.2352589  0.2752244  0.2676468  0.5163324  0.7114467  0.3683899  0.2537528  0.2785474  0.3131388  0.3841140  0.5370554
 0.3602931  0.1987384  0.2032692  0.2234153  0.2084180  0.2846637  0.2900491  0.2839944  0.2871223  0.3320695  0.3575812  0.6515830  1.2178903  2.8290596        NaN        NaN  1.7845205  0.4217640  0.0592385  0.1030558  0.1003466  0.2197874  0.2344181  0.3553178  0.4146829  0.2778940  0.2720309
 0.4004679  0.1420867  0.1287824  0.2378972  0.2410763  0.2400478  0.2367285  0.1909442  0.1988683  0.1861798  0.1797131  0.1784271  0.1952093  0.2613050  0.3359536  0.1940867  0.1736584  0.2834071  0.2975119  0.3004090  0.3219099  0.2650259  0.2354844  0.3037372  0.3389155  0.5424398  0.7711950
 0.3703705  0.2522848  0.2435640  0.2824539  0.2688591  0.3281134  0.3403527  0.3855504  0.3888087  0.3484802  0.3942204  0.5518744  0.7435064  0.4484858  0.4135494  0.4178099  0.3893261  0.6442260  0.7914161  0.6837228  0.7947530  0.5029066  0.1960240  0.2510752  0.2324201  0.2500393  0.2195291
 0.3258980  0.4386778  0.4748287  0.3827535  0.4383527  0.3523150  0.3538738  0.4000378  0.3931559  0.3903075  0.3157910  0.3018152  0.3517890  0.5258422  0.7862415  0.9234131  1.9531809  1.9176861  4.9683570        NaN        NaN        NaN        NaN  2.2542776  1.3053483  1.1081396  1.2439375
 0.3571923  0.3621215  0.3720473  0.3903737  0.4260509  0.3772973  0.3658327  0.2210566  0.2003513  0.3174284  0.3227758  0.5181089  0.7357533  0.7124263  0.7307107  0.6096560  0.5651185  0.1949253  0.1730008  0.2592227  0.2701219  0.3494093  0.3125237  0.4157197  0.4066688  0.5534290  0.6614064
 0.3827605  0.3066528  0.3125775  0.3314972  0.3626618  0.4473675  0.5406312  0.6688033  1.0438064  0.8491530  0.9953388  0.2218567  0.1564479  0.2488020  0.2564495  0.3264856  0.3708731  0.2640507  0.2817141  0.2755819  0.2722062  0.3477381  0.3746200  0.3268755  0.3223299  0.3968948  0.4512310
 0.4425226  0.3445088  0.3495296  0.4456114  0.4909910  0.3466363  0.3344240  0.3820971  0.3547373  0.4247672  0.5781788  0.4676022  0.4787129  0.4190938  0.5043695  0.6331427  0.7791512  0.8025387  1.0194508  1.1147411  1.3831069  1.4271727  0.8146653  0.0814398  0.0834861  0.1784370  0.2304419
 0.4173530  0.4450765  0.4726353  0.4924248  0.6360110  0.6067568  0.8603669  0.7688255  0.9119308  0.4774005  0.1157910  0.1734192  0.1811289  0.1965587  0.2023334  0.2147086  0.2276049  0.1770885  0.1616634  0.2048694  0.1948985  0.2912875  0.3201649  0.2545604  0.2454608  0.3126909  0.3855714
 0.3579241  0.4321289  0.4379072  0.4475243  0.6113706  0.4474140  0.3494528  0.3078985  0.2844631  0.2655356  0.2930037  0.3167931  0.2959703  0.5510132  0.7720749  0.7690024  0.5781895  0.3343720  0.3504927  0.4595609  0.4687586  0.3080660  0.3049436  0.4373138  0.4580578  0.2508216  0.2287601
 0.2962493  0.4441853  0.4877061  0.5024381  0.5746544  0.5680464  0.5651115  0.3327201  0.3806301  0.3301075  0.3386775  0.3876173  0.4277564  0.3405010  0.3447305  0.4602330  0.5201599  0.6782326  0.9384454  0.9869811  0.9382797  0.8003740  0.7741867  0.6817936  0.5806844  0.1001972  0.0916403
 0.3871243  0.3141337  0.3271198  0.2591010  0.2193451  0.2456795  0.3067660  0.3320741  0.2532305  0.2514823  0.2508696  0.2751448  0.3120868  0.3135628  0.3707794  0.3969134  0.4024780  0.2918194  0.2394055  0.2988588  0.2868290  0.3250511  0.3258188  0.3028311  0.3772090  0.4946412  0.7118911
 0.3871017  0.4812910  0.5024740  1.1457721        NaN        NaN        NaN  0.8877811  0.5435383  0.4654514  0.3960079  0.4603307  0.5768489  0.5464451  0.1492551  0.2081011  0.1853287  0.3337036  0.4505078  0.5682456  0.3514174  0.3438876  0.3455108  0.4613917  0.5307347  0.3081956  0.3801511
 0.3782739  0.3927149  0.3966254  0.3795328  0.4704112  0.4910789  0.5876194  0.6190734  0.8280592  0.4260919  0.2760761  0.2934595  0.3052337  0.3497417  0.3711288  0.4474489  0.3447999  0.2836836  0.2746309  0.4715427  0.6289992  0.4370292  0.4603777  0.2301458  0.1717744  0.3383382  0.3905864
 0.4118165  0.3816363  0.3995245  0.3908577  0.4753391  0.6158188  0.5958331  0.3416834  0.2320445  0.2665889  0.2635006  0.2461894  0.2482859  0.2352324  0.2408894  0.3214532  0.4336912  0.6281433  0.9030935  0.4720871  0.4414326  0.4136556  0.2473515  0.4496292  0.3351383  0.3820376  0.4357366
 0.3460531  0.3181032  0.3316399  0.2752905  0.3255449  0.6208803  1.0898710  0.2518931  0.1960781  0.2678060  0.2728013  0.2360300  0.2319193  0.2965182  0.3342624  0.5431452  0.6544510  0.2297835  0.2024560  0.2676239  0.2870214  0.2555318  0.2587092  0.4333742  0.5734962  0.4892021  0.4243453
 0.3952400  0.2497277  0.2577605  0.2340443  0.1909434  0.2444278  0.2735850  0.2558932  0.2728780  0.3380677  0.4148024  0.4847098  0.4206910  0.2254176  0.2095913  0.3132691  0.3381575  0.2766994  0.2711137  0.2112247  0.2095414  0.1173431  0.1298686  0.1902991  0.1792835  0.3002182  0.2955351
 0.3259550  0.2806093  0.2708026  0.4458395  0.6703353  1.1166347  1.0531834  0.3772388  0.3152623  0.3752730  0.4008710  0.2733936  0.2840649  0.2974132  0.2913219  0.4322082  0.4625031  0.2746491  0.2600349  0.2919874  0.2760664  0.3483639  0.3378261  0.4452487  0.4394033  0.6287581  0.9111833
