              Isim, Ftarg, Btarg
   1 2019          0.3977734      21560.7846623       5544.3597106
   1 2021          0.3919238      21482.3150334       5532.7531228
   1 2023          0.3860742      21509.5973063       5482.3795458
   1 2025          0.4006982      21552.9999620       5560.0121077
   1 2027          0.4036230      21553.2428215       5606.2695315
   1 2029          0.4036230      21531.2827593       5602.1371343
   1 2031          0.4065479      21534.7576036       5583.2089665
   1 2033          0.4065479      21534.7576036       5583.2089665
   1 2035          0.4065479      21545.4459361       5580.5330517
   1 2037          0.4094727      21542.3755374       5563.5063775
   1 2039          0.4123975      21548.2105372       5544.5011119
   1 2041          0.3714502      21503.7383540       5352.1690886
   1 2043          0.3860742      21534.6160174       5490.7058196
   2 2019          0.3977734      21468.4703596       5520.6210708
   2 2021          0.4006982      21442.0274732       5545.9141971
   2 2023          0.4065479      21477.9244931       5590.2983708
   2 2025          0.3948486      21478.8456505       5532.3249082
   2 2027          0.3919238      21490.9311623       5506.1711609
   2 2029          0.3977734      21441.9739017       5526.2399360
   2 2031          0.3977734      21416.9881721       5513.2891549
   2 2033          0.3977734      21419.3411841       5516.8927622
   2 2035          0.3831494      21450.5596266       5413.7921018
   2 2037          0.3948486      21398.6358806       5489.2803771
   2 2039          0.4065479      21416.4156677       5599.7278169
   2 2041          0.4094727      21432.9266508       5595.3741454
   2 2043          0.4182471      21424.6220279       5588.2872139
   3 2019          0.3977734      21902.4674708       5632.2235072
   3 2021          0.4006982      21848.4647363       5669.2832597
   3 2023          0.4006982      21841.9644990       5667.9800872
   3 2025          0.4006982      21918.2830669       5687.0025364
   3 2027          0.4036230      21888.0869786       5667.5150549
   3 2029          0.4065479      21846.5083360       5652.6014016
   3 2031          0.4065479      21840.6509234       5654.6885126
   3 2033          0.4065479      21904.1023874       5632.3631346
   3 2035          0.4036230      21924.8903443       5654.3014041
   3 2037          0.4036230      21919.2487064       5656.3124720
   3 2039          0.4036230      21929.1912159       5652.7717046
   3 2041          0.4036230      21884.7659448       5668.7186371
   3 2043          0.3714502      21921.5737341       5479.5239273
   4 2019          0.3977734      22238.1558441       5718.5458336
   4 2021          0.4036230      22195.8976955       5731.3419199
   4 2023          0.4036230      22259.4804215       5777.1615159
   4 2025          0.4036230      22233.3693001       5772.2441442
   4 2027          0.3802246      22194.2856333       5603.7571474
   4 2029          0.3743750      22171.0261577       5541.7962163
   4 2031          0.3919238      22237.7503993       5671.1502421
   4 2033          0.4036230      22180.0738601       5735.4514572
   4 2035          0.3977734      22185.0642565       5727.2847348
   4 2037          0.3977734      22175.9018822       5749.3524520
   4 2039          0.3919238      22183.2314300       5700.8177937
   4 2041          0.3977734      22233.1370315       5754.1447738
   4 2043          0.3977734      22232.6121262       5753.3547691
   5 2019          0.3977734      21750.2088158       5593.0701663
   5 2021          0.3977734      21690.0940033       5603.9611052
   5 2023          0.3948486      21763.6415087       5600.3148501
   5 2025          0.3977734      21729.0643761       5617.2212040
   5 2027          0.3977734      21713.9441647       5639.6409498
   5 2029          0.3977734      21704.6351527       5634.7690933
   5 2031          0.3948486      21711.2624027       5561.4711203
   5 2033          0.3802246      21785.9498362       5472.2859682
   5 2035          0.3919238      21670.4337529       5594.4148348
   5 2037          0.3919238      21677.4186615       5595.8871101
   5 2039          0.3831494      21708.0973867       5532.3927821
   5 2041          0.3889990      21723.5147439       5592.1678702
   5 2043          0.3889990      21752.1355024       5596.7454427
   6 2019          0.3977734      22156.6315249       5697.5818401
   6 2021          0.4006982      22095.8368522       5734.8580401
   6 2023          0.4006982      22164.1033794       5743.8784447
   6 2025          0.4036230      22084.1981120       5738.4201873
   6 2027          0.3772998      22098.6526997       5589.8211719
   6 2029          0.3772998      22138.4501728       5597.0619982
   6 2031          0.3743750      22174.3669955       5571.3155102
   6 2033          0.3831494      22102.1144559       5649.5806374
   6 2035          0.3860742      22077.3596546       5672.5042113
   6 2037          0.3802246      22115.0514779       5623.3134728
   6 2039          0.3714502      22152.6097635       5531.4458819
   6 2041          0.3802246      22082.3556909       5606.9266130
   6 2043          0.4006982      22168.2643701       5742.9908494
   7 2019          0.3977734      21768.1921215       5597.6945766
   7 2021          0.4006982      21709.8502305       5639.2470530
   7 2023          0.3977734      21748.8966267       5612.4350006
   7 2025          0.3977734      21742.1700533       5599.2228448
   7 2027          0.3977734      21735.8158875       5583.5819999
   7 2029          0.3977734      21731.3349387       5568.5981558
   7 2031          0.3977734      21727.6642571       5547.8044995
   7 2033          0.3977734      21727.4684685       5545.8441536
   7 2035          0.3977734      21748.1220719       5611.0310456
   7 2037          0.3714502      21740.7567288       5456.2209883
   7 2039          0.3714502      21801.4242537       5408.7426991
   7 2041          0.3919238      21730.1718235       5545.4607536
   7 2043          0.4065479      21723.2161752       5654.7072863
   8 2019          0.3977734      21678.2755930       5574.5725249
   8 2021          0.3919238      21703.1496117       5516.0213705
   8 2023          0.3919238      21713.1832383       5523.8633909
   8 2025          0.3919238      21665.7675796       5560.2950155
   8 2027          0.3889990      21670.9757535       5564.2883151
   8 2029          0.3889990      21666.3084624       5545.4551877
   8 2031          0.4036230      21636.9976717       5631.8853718
   8 2033          0.4036230      21704.0639899       5613.2043484
   8 2035          0.3626758      21640.5563642       5343.7751851
   8 2037          0.3889990      21634.9133037       5536.4978342
   8 2039          0.4065479      21649.9832630       5647.6972888
   8 2041          0.4094727      21648.0688891       5643.4981584
   8 2043          0.4182471      21646.0658640       5617.1878647
   9 2019          0.3977734      21799.3631848       5605.7102212
   9 2021          0.4006982      21762.9437157       5649.6682517
   9 2023          0.4006982      21794.0388696       5661.1970936
   9 2025          0.4036230      21736.2309039       5647.3771741
   9 2027          0.3626758      21828.4789972       5317.2777018
   9 2029          0.3889990      21768.0994823       5555.1979695
   9 2031          0.3977734      21833.2296731       5638.3131776
   9 2033          0.3977734      21834.5660757       5631.6883029
   9 2035          0.4006982      21733.2026647       5618.0388616
   9 2037          0.4006982      21745.6175885       5587.1070968
   9 2039          0.4006982      21750.4256298       5577.8765658
   9 2041          0.3802246      21714.3722246       5473.8794582
   9 2043          0.3539014      21737.6049238       5223.0506730
  10 2019          0.3977734      21758.6010251       5595.2282244
  10 2021          0.3977734      21724.3337204       5624.6320861
  10 2023          0.3977734      21769.0165594       5622.0258498
  10 2025          0.3977734      21766.2354530       5606.7243493
  10 2027          0.3977734      21765.3898539       5598.5096506
  10 2029          0.3977734      21765.0070132       5582.9997981
  10 2031          0.3977734      21765.5941965       5572.9517947
  10 2033          0.3772998      21683.4733559       5473.2395435
  10 2035          0.3831494      21699.1216331       5496.3994736
  10 2037          0.4006982      21772.0666314       5629.1691048
  10 2039          0.4036230      21673.3952651       5633.3303988
  10 2041          0.4006982      21771.2018505       5629.6752280
  10 2043          0.4036230      21770.8218376       5579.4711566
  11 2019          0.3977734      21487.6525524       5525.5537752
  11 2021          0.4036230      21438.5787934       5549.5989645
  11 2023          0.4036230      21476.1531320       5566.7994847
  11 2025          0.4006982      21450.0973713       5553.4944930
  11 2027          0.4006982      21454.7307235       5547.3222931
  11 2029          0.4006982      21463.4167785       5536.4502592
  11 2031          0.3802246      21402.3025472       5418.2219016
  11 2033          0.3948486      21452.6731730       5532.7783072
  11 2035          0.4006982      21498.9010442       5555.9383563
  11 2037          0.4006982      21442.2682060       5559.9800926
  11 2039          0.3977734      21477.7067357       5534.9704909
  11 2041          0.3977734      21483.1462819       5548.4528074
  11 2043          0.3977734      21476.9127083       5532.6850504
  12 2019          0.3977734      21775.3854438       5599.5443407
  12 2021          0.3977734      21787.1782701       5617.8151759
  12 2023          0.4006982      21767.6303526       5646.0232582
  12 2025          0.4006982      21774.0802835       5642.1281461
  12 2027          0.4036230      21690.7858684       5637.1099693
  12 2029          0.4036230      21746.1633167       5605.5860138
  12 2031          0.3656006      21762.9691537       5352.2074042
  12 2033          0.3977734      21787.7941856       5602.1460848
  12 2035          0.4036230      21763.3310125       5659.4061225
  12 2037          0.3948486      21791.1234095       5627.7327614
  12 2039          0.3860742      21705.6770872       5544.2005819
  12 2041          0.3889990      21700.6482817       5564.3232113
  12 2043          0.3889990      21750.0026723       5570.0526013
  13 2019          0.3977734      21428.9070871       5510.4473681
  13 2021          0.4006982      21443.7454107       5548.6589255
  13 2023          0.3919238      21420.0821504       5496.9744238
  13 2025          0.3889990      21420.8220276       5465.0753365
  13 2027          0.3860742      21454.7018835       5427.5053470
  13 2029          0.3889990      21444.3061882       5472.9420344
  13 2031          0.3889990      21444.7966066       5473.1037273
  13 2033          0.3889990      21406.6065547       5460.1901921
  13 2035          0.3860742      21390.5314178       5400.7589221
  13 2037          0.3656006      21365.1939196       5322.7603253
  13 2039          0.3656006      21448.9743141       5337.5704239
  13 2041          0.3743750      21461.6407906       5423.6178493
  13 2043          0.3889990      21395.3178675       5508.3839535
  14 2019          0.3977734      21985.1906771       5653.4957948
  14 2021          0.3919238      21938.8544745       5661.6682570
  14 2023          0.3977734      21980.6672579       5708.0628904
  14 2025          0.3919238      21985.2702820       5672.3678733
  14 2027          0.3948486      22002.7760566       5680.4173494
  14 2029          0.3831494      21943.7066292       5602.5823191
  14 2031          0.3889990      21992.8005033       5632.9038836
  14 2033          0.3919238      21956.4568570       5659.6591939
  14 2035          0.3889990      21945.5040398       5631.0211481
  14 2037          0.3802246      21944.7907988       5528.1848185
  14 2039          0.3948486      21914.4165372       5636.0476219
  14 2041          0.3948486      21996.8665165       5675.4985696
  14 2043          0.3948486      21946.9130055       5652.4643012
  15 2019          0.3977734      21157.9586143       5440.7729189
  15 2021          0.3977734      21096.8973857       5466.2633071
  15 2023          0.3919238      21188.7476295       5441.8156044
  15 2025          0.3919238      21132.3071328       5422.5319425
  15 2027          0.3919238      21084.5003630       5404.9185392
  15 2029          0.3889990      21179.6359692       5390.7847692
  15 2031          0.3553638      21128.5089277       5097.1398670
  15 2033          0.3977734      21086.0244539       5445.2352617
  15 2035          0.3977734      21076.0528690       5435.9118960
  15 2037          0.3977734      21086.0447551       5445.2535809
  15 2039          0.3977734      21073.8756355       5433.7822765
  15 2041          0.3948486      21157.1633896       5398.4460925
  15 2043          0.3948486      21141.8371745       5374.9032780
  16 2019          0.3977734      21860.5064242       5621.4332164
  16 2021          0.3948486      21855.5722864       5631.2446452
  16 2023          0.4036230      21861.5347266       5660.9615768
  16 2025          0.3948486      21831.8170576       5647.2305445
  16 2027          0.3977734      21816.9701500       5654.5052948
  16 2029          0.3919238      21799.2807394       5614.8478424
  16 2031          0.4006982      21813.5911546       5652.3229524
  16 2033          0.4006982      21826.8444138       5653.7525922
  16 2035          0.3743750      21880.8669511       5472.9519147
  16 2037          0.3860742      21850.9187961       5549.3526086
  16 2039          0.4065479      21854.1098902       5669.9896243
  16 2041          0.4065479      21823.1476969       5695.9970259
  16 2043          0.3889990      21864.2143677       5617.8740866
  17 2019          0.3977734      21486.4536654       5525.2454812
  17 2021          0.4065479      21426.6717002       5585.7059095
  17 2023          0.3977734      21450.5415895       5537.0105435
  17 2025          0.3977734      21492.5677254       5542.5828830
  17 2027          0.3977734      21489.4407245       5515.5760283
  17 2029          0.3977734      21489.9113003       5499.2281394
  17 2031          0.3802246      21504.4660247       5418.2874985
  17 2033          0.3802246      21401.0297638       5398.5387773
  17 2035          0.4094727      21492.8666193       5591.8247164
  17 2037          0.3948486      21496.2971009       5545.3637276
  17 2039          0.3977734      21429.9111186       5565.1989421
  17 2041          0.3977734      21435.8766373       5568.0112787
  17 2043          0.3948486      21460.8845819       5516.8937239
  18 2019          0.3977734      22194.9959104       5707.4472488
  18 2021          0.4065479      22136.6613591       5751.2642116
  18 2023          0.4036230      22198.0790378       5752.8557974
  18 2025          0.4006982      22143.9124100       5730.4963615
  18 2027          0.4006982      22139.6508355       5739.0526406
  18 2029          0.4006982      22148.4968456       5722.1144446
  18 2031          0.4006982      22171.1894185       5688.0831816
  18 2033          0.3860742      22167.1047841       5664.2555455
  18 2035          0.3860742      22205.7385053       5632.8263474
  18 2037          0.3948486      22133.2199461       5686.6625226
  18 2039          0.3831494      22208.7674866       5633.6362996
  18 2041          0.3977734      22157.1094660       5708.5394057
  18 2043          0.4065479      22204.2863879       5764.0750289
  19 2019          0.3977734      21551.1935659       5541.8933584
  19 2021          0.4006982      21540.7991002       5571.5558526
  19 2023          0.4006982      21509.3535374       5599.2532737
  19 2025          0.4006982      21560.3858128       5555.8641275
  19 2027          0.4036230      21479.5647123       5510.4511171
  19 2029          0.4036230      21517.7257175       5493.9805038
  19 2031          0.4036230      21549.7821243       5496.8914959
  19 2033          0.4036230      21526.7995939       5511.8280333
  19 2035          0.4036230      21539.4238611       5503.5385819
  19 2037          0.4036230      21522.6351110       5514.6108837
  19 2039          0.4036230      21535.1409332       5506.3269065
  19 2041          0.4036230      21519.5098897       5516.7157894
  19 2043          0.4036230      21541.6642889       5502.0894602
  20 2019          0.3977734      21496.0447617       5527.7118334
  20 2021          0.3977734      21500.4049889       5549.5412815
  20 2023          0.3948486      21449.5107462       5542.3823038
  20 2025          0.3919238      21525.0611560       5522.6031437
  20 2027          0.3919238      21518.7711919       5520.2997552
  20 2029          0.3656006      21486.8817705       5291.5582834
  20 2031          0.4036230      21410.3952593       5543.3410265
  20 2033          0.3948486      21490.0872172       5526.0957146
  20 2035          0.4006982      21458.8680087       5577.5294393
  20 2037          0.4006982      21429.6052802       5586.3593424
  20 2039          0.4006982      21436.8340425       5562.7217098
  20 2041          0.4006982      21436.0727805       5564.7640815
  20 2043          0.4006982      21451.4940701       5531.7199521
  21 2019          0.3977734      22089.4938502       5680.3173748
  21 2021          0.3977734      22096.9547487       5687.3928339
  21 2023          0.4006982      22067.5783663       5713.3502492
  21 2025          0.3977734      22070.8787252       5683.9923272
  21 2027          0.3831494      22103.9855397       5607.6905468
  21 2029          0.3889990      22050.9291040       5603.7483569
  21 2031          0.4006982      22055.2290760       5696.0076959
  21 2033          0.4036230      22105.7075028       5728.8680234
  21 2035          0.4036230      22068.5941365       5738.0363480
  21 2037          0.4036230      22108.1674214       5728.2622077
  21 2039          0.4094727      22040.1137212       5709.3652890
  21 2041          0.4123975      22052.5516429       5688.8107561
  21 2043          0.4094727      22036.9965512       5710.1255774
  22 2019          0.3977734      22239.3547312       5718.8541277
  22 2021          0.3977734      22206.0043547       5731.7338698
  22 2023          0.4036230      22214.9805985       5751.8050864
  22 2025          0.3977734      22165.5221902       5729.4915747
  22 2027          0.3977734      22194.3555855       5751.4807325
  22 2029          0.3772998      22238.3923289       5563.5326513
  22 2031          0.3919238      22222.9228121       5685.3361081
  22 2033          0.3948486      22198.2498897       5730.4807607
  22 2035          0.3948486      22188.0481415       5726.5697298
  22 2037          0.3919238      22226.9985450       5687.1827632
  22 2039          0.3919238      22216.7339012       5682.5024799
  22 2041          0.3860742      22215.3507366       5651.3996716
  22 2043          0.3860742      22195.4080620       5645.6636317
  23 2019          0.3977734      21350.9794290       5490.4082566
  23 2021          0.3977734      21291.7073177       5501.8518348
  23 2023          0.3977734      21344.0689603       5530.0438736
  23 2025          0.3977734      21305.2181014       5546.1823616
  23 2027          0.3948486      21322.6002738       5516.2014512
  23 2029          0.3919238      21326.4035679       5501.1938755
  23 2031          0.3977734      21281.1517089       5537.8132548
  23 2033          0.3802246      21285.0746549       5422.0598903
  23 2035          0.3948486      21309.7632051       5511.9283502
  23 2037          0.4036230      21347.6763739       5526.6847614
  23 2039          0.4036230      21365.6531655       5520.7618599
  23 2041          0.4065479      21346.3448735       5501.3906132
  23 2043          0.4036230      21346.4093738       5527.1037276
  24 2019          0.3977734      21963.6107103       5647.9465024
  24 2021          0.3977734      21906.5388962       5667.9266589
  24 2023          0.3977734      21898.6749973       5661.4347787
  24 2025          0.3977734      21887.3653623       5651.5584408
  24 2027          0.3948486      21976.6990426       5621.8815001
  24 2029          0.3948486      21971.1032625       5615.3617106
  24 2031          0.3948486      21981.3254376       5627.0040737
  24 2033          0.3948486      21957.4397106       5597.5142506
  24 2035          0.3626758      21891.2136150       5349.4954331
  24 2037          0.3685254      21976.1517139       5439.6468736
  24 2039          0.4006982      21973.0339361       5690.2508579
  24 2041          0.4036230      21985.4697295       5722.8503710
  24 2043          0.3977734      21987.4526836       5686.8747549
  25 2019          0.3977734      22606.2141677       5813.1920987
  25 2021          0.3948486      22599.3931256       5804.4515760
  25 2023          0.4006982      22561.4367974       5849.8571458
  25 2025          0.4006982      22588.8349414       5852.7004131
  25 2027          0.4006982      22584.3594758       5856.3586578
  25 2029          0.4036230      22562.6801199       5799.0430514
  25 2031          0.3626758      22605.0496726       5526.5283476
  25 2033          0.3889990      22589.0282972       5763.3193118
  25 2035          0.3889990      22565.9476814       5782.3069015
  25 2037          0.4006982      22544.3049845       5851.8303285
  25 2039          0.3977734      22574.5725702       5834.3024029
  25 2041          0.3948486      22533.3930588       5797.6146396
  25 2043          0.4094727      22596.4163216       5882.3062901
  26 2019          0.3977734      21994.7817735       5655.9621470
  26 2021          0.3977734      21970.6196791       5661.7772601
  26 2023          0.4094727      21937.7133572       5711.6626039
  26 2025          0.4065479      21977.2068358       5714.8307045
  26 2027          0.4153223      21906.5262594       5697.1571759
  26 2029          0.3714502      21939.3090223       5479.4340366
  26 2031          0.3597510      21921.0468702       5346.9676996
  26 2033          0.3977734      21947.0571449       5656.9131933
  26 2035          0.4094727      21908.4587616       5693.3010377
  26 2037          0.4065479      21961.3487587       5692.4392384
  26 2039          0.4065479      21960.2041001       5692.7470655
  26 2041          0.4065479      21986.4304660       5685.7119650
  26 2043          0.4065479      22003.7974058       5681.0735562
  27 2019          0.3977734      21749.0099288       5592.7618722
  27 2021          0.4036230      21689.1585184       5621.4516235
  27 2023          0.4036230      21675.3124716       5634.5857550
  27 2025          0.4006982      21729.3124501       5632.2484380
  27 2027          0.4036230      21665.6330528       5607.0487408
  27 2029          0.3831494      21696.0024123       5518.5451645
  27 2031          0.3714502      21762.5162878       5429.3675489
  27 2033          0.3743750      21753.5535775       5463.0616958
  27 2035          0.3802246      21663.8818415       5509.9142642
  27 2037          0.3772998      21733.4696860       5491.8221600
  27 2039          0.3772998      21693.8471311       5484.4192572
  27 2041          0.3656006      21773.5537747       5347.7367457
  27 2043          0.3802246      21672.8921763       5488.1866953
  28 2019          0.3977734      21689.0655764       5577.3471711
  28 2021          0.3977734      21626.4513120       5590.8259681
  28 2023          0.3948486      21707.5932813       5573.7258309
  28 2025          0.4036230      21608.1449097       5608.6454327
  28 2027          0.4036230      21616.8605489       5603.2600406
  28 2029          0.4036230      21645.3450768       5586.2133737
  28 2031          0.4036230      21642.3122026       5587.9906928
  28 2033          0.4036230      21685.8876318       5563.2157807
  28 2035          0.4036230      21671.9226669       5570.9855829
  28 2037          0.4036230      21706.0694274       5552.2417269
  28 2039          0.3612134      21668.3278858       5272.3927398
  28 2041          0.3860742      21616.6117350       5472.7993026
  28 2043          0.4065479      21626.1276634       5620.4358176
  29 2019          0.3977734      22191.3992493       5706.5223667
  29 2021          0.3977734      22216.3996015       5722.4607514
  29 2023          0.4036230      22141.3667120       5770.7181718
  29 2025          0.4036230      22197.1072080       5756.4952351
  29 2027          0.3772998      22223.1634806       5609.9300116
  29 2029          0.3772998      22209.3563570       5559.6247949
  29 2031          0.3860742      22207.9645385       5673.2714601
  29 2033          0.3860742      22201.0742686       5671.8714099
  29 2035          0.3831494      22182.3204527       5633.5202064
  29 2037          0.3860742      22202.6489705       5662.7319502
  29 2039          0.4006982      22122.9736602       5713.9461030
  29 2041          0.4036230      22126.9124396       5751.3661332
  29 2043          0.3977734      22126.2113690       5716.4614829
  30 2019          0.3977734      22732.0973077       5845.5629711
  30 2021          0.4036230      22707.9202670       5882.8088901
  30 2023          0.4036230      22724.3243000       5876.6245961
  30 2025          0.4036230      22709.9866747       5882.0270041
  30 2027          0.4065479      22684.9042009       5838.0193326
  30 2029          0.3451270      22724.8267932       5311.6394009
  30 2031          0.3626758      22726.7799258       5635.1834791
  30 2033          0.3802246      22720.0928507       5802.3990787
  30 2035          0.3772998      22761.8774877       5783.5407423
  30 2037          0.3685254      22743.7537033       5655.4107481
  30 2039          0.3977734      22648.3382692       5864.4575224
  30 2041          0.3977734      22700.2715598       5895.2193986
  30 2043          0.3802246      22730.5411561       5778.2535650
  31 2019          0.3977734      21311.4161564       5480.2345538
  31 2021          0.4036230      21262.2780801       5516.8362226
  31 2023          0.4036230      21327.6658813       5531.2900748
  31 2025          0.3889990      21291.1229446       5442.7086512
  31 2027          0.3889990      21318.2896744       5464.0909327
  31 2029          0.3919238      21247.6675020       5481.1466572
  31 2031          0.3860742      21231.1259300       5404.3297964
  31 2033          0.3860742      21236.3277771       5405.8137667
  31 2035          0.3743750      21326.1075870       5340.1039590
  31 2037          0.3977734      21308.5320009       5493.8611312
  31 2039          0.4036230      21260.5147367       5530.3837504
  31 2041          0.4006982      21243.6713497       5520.8830034
  31 2043          0.4006982      21250.9618269       5494.5260667
  32 2019          0.3977734      22425.1822236       5766.6397012
  32 2021          0.4006982      22375.2268497       5799.1725032
  32 2023          0.4065479      22357.2575106       5813.8929884
  32 2025          0.4006982      22355.4074022       5797.8390045
  32 2027          0.3919238      22366.9122050       5740.0876009
  32 2029          0.3860742      22452.8394411       5683.9808499
  32 2031          0.3919238      22417.9935074       5737.2477578
  32 2033          0.3948486      22410.2171587       5752.2279811
  32 2035          0.3977734      22378.7551548       5779.1951692
  32 2037          0.3977734      22364.3031611       5761.5162642
  32 2039          0.3977734      22356.6010171       5750.7081294
  32 2041          0.3977734      22335.6181634       5711.3444758
  32 2043          0.3977734      22348.9684328       5738.5855728
  33 2019          0.3977734      21883.2852781       5627.2908028
  33 2021          0.3977734      21908.4339959       5685.0098892
  33 2023          0.3977734      21905.4871784       5670.9592052
  33 2025          0.3977734      21903.6234595       5639.6439120
  33 2027          0.3977734      21918.1236015       5578.0184315
  33 2029          0.3977734      21915.8922579       5583.5014320
  33 2031          0.3889990      21880.0734612       5580.5480849
  33 2033          0.3919238      21841.3435010       5621.2811067
  33 2035          0.3919238      21806.5696135       5611.6163389
  33 2037          0.3919238      21873.5773484       5609.1701867
  33 2039          0.4006982      21833.2388085       5677.4035411
  33 2041          0.3860742      21820.6222494       5558.8539132
  33 2043          0.3889990      21809.4516933       5593.9645699
  34 2019          0.3977734      21463.6748115       5519.3878948
  34 2021          0.3948486      21437.1874306       5494.6215498
  34 2023          0.3948486      21393.5774140       5507.9384216
  34 2025          0.3977734      21384.5595542       5532.3265215
  34 2027          0.4006982      21439.7963989       5549.9531108
  34 2029          0.4006982      21406.5701802       5556.6380493
  34 2031          0.4006982      21400.9369582       5571.6279512
  34 2033          0.3977734      21487.8218925       5544.3882406
  34 2035          0.3977734      21439.4146394       5450.6977760
  34 2037          0.3451270      21384.7693804       4954.2079583
  34 2039          0.3685254      21482.2206527       5321.5853746
  34 2041          0.3977734      21476.1328575       5527.8828455
  34 2043          0.3948486      21450.5281517       5527.0489649
  35 2019          0.3977734      21060.8487635       5415.8011030
  35 2021          0.3919238      21008.3675856       5358.7385833
  35 2023          0.3977734      21047.4770030       5434.2766584
  35 2025          0.3977734      21045.8297647       5420.7741430
  35 2027          0.3831494      21051.5846546       5322.1346272
  35 2029          0.3948486      21042.0432873       5376.5299596
  35 2031          0.4036230      21093.1844986       5432.3599479
  35 2033          0.4036230      21073.6820746       5439.3685595
  35 2035          0.3889990      20992.3754484       5368.5449665
  35 2037          0.3948486      21022.7785245       5427.5138604
  35 2039          0.3977734      21028.1576814       5432.8749865
  35 2041          0.3919238      21046.7529475       5399.3578561
  35 2043          0.4036230      20978.3064604       5462.7389353
  36 2019          0.3977734      21701.0544469       5580.4301113
  36 2021          0.3977734      21715.3079591       5585.9959060
  36 2023          0.4036230      21696.1922171       5610.9141310
  36 2025          0.4036230      21628.2636728       5620.4102638
  36 2027          0.4006982      21632.0694820       5614.4026466
  36 2029          0.4006982      21634.1768856       5605.5483142
  36 2031          0.4006982      21632.7652484       5611.2431959
  36 2033          0.4006982      21646.9277382       5571.1686297
  36 2035          0.4006982      21643.3388973       5579.1278267
  36 2037          0.4006982      21633.6497656       5607.5812771
  36 2039          0.4006982      21636.8911481       5596.3209918
  36 2041          0.3714502      21648.7463823       5413.1117487
  36 2043          0.3831494      21660.9180163       5497.2521199
  37 2019          0.3977734      22039.1405943       5667.3690258
  37 2021          0.4036230      21954.0300692       5723.1911251
  37 2023          0.4006982      22003.3758839       5708.2065703
  37 2025          0.3977734      21994.8436225       5687.7182114
  37 2027          0.3860742      22057.7428408       5625.4546021
  37 2029          0.3948486      22029.0560788       5675.3746265
  37 2031          0.4065479      22027.7024954       5718.7154441
  37 2033          0.4065479      21979.6551130       5728.1628785
  37 2035          0.4094727      21972.4547705       5717.0518024
  37 2037          0.4153223      21962.6948737       5694.1156562
  37 2039          0.4006982      21970.8679217       5604.1828467
  37 2041          0.4036230      21965.0062645       5609.2138816
  37 2043          0.4153223      22069.9875238       5673.2721500
  38 2019          0.3977734      21992.3839994       5655.3455589
  38 2021          0.4006982      21924.7110911       5694.8115882
  38 2023          0.4036230      21947.9243017       5711.1246361
  38 2025          0.3948486      21932.5945462       5656.6928418
  38 2027          0.3889990      21914.5683672       5591.9703390
  38 2029          0.4036230      21915.0049780       5690.3682060
  38 2031          0.4006982      21992.0732150       5699.1204461
  38 2033          0.4036230      21921.5669951       5686.6306918
  38 2035          0.4036230      21939.0994314       5676.8157287
  38 2037          0.3889990      21917.4312489       5595.3943379
  38 2039          0.3919238      22011.6874096       5642.5476243
  38 2041          0.3889990      22000.4474374       5634.8391084
  38 2043          0.4006982      21957.0109770       5688.5929880
  39 2019          0.3977734      21535.6080343       5537.8855361
  39 2021          0.4036230      21454.1410731       5563.3667047
  39 2023          0.4065479      21545.2121949       5589.7244980
  39 2025          0.4036230      21476.3820579       5587.1396762
  39 2027          0.4036230      21484.8821369       5583.8686129
  39 2029          0.4036230      21555.5176260       5557.2686096
  39 2031          0.3743750      21476.0774469       5379.2260185
  39 2033          0.4036230      21476.2425919       5573.4524186
  39 2035          0.4036230      21537.2304291       5579.8609814
  39 2037          0.4065479      21520.8948296       5562.3529038
  39 2039          0.4065479      21541.1043552       5556.5126650
  39 2041          0.4065479      21487.9875752       5571.9281153
  39 2043          0.4065479      21530.1143284       5559.6848827
  40 2019          0.3977734      21237.0851595       5461.1203244
  40 2021          0.3977734      21193.4309358       5484.0063073
  40 2023          0.4006982      21189.9116260       5506.1305482
  40 2025          0.3860742      21181.7616987       5409.5606696
  40 2027          0.4006982      21211.5108610       5491.0524640
  40 2029          0.4006982      21208.1311588       5494.6447166
  40 2031          0.4006982      21239.8305048       5463.4585089
  40 2033          0.4036230      21157.7911313       5451.3918231
  40 2035          0.4036230      21157.0729898       5452.0100286
  40 2037          0.4036230      21178.0680672       5434.5953065
  40 2039          0.4036230      21191.2478549       5424.2763553
  40 2041          0.4036230      21204.4677362       5414.3267834
  40 2043          0.3656006      21213.9373272       5191.7150763
  41 2019          0.3977734      21612.3368053       5557.6163536
  41 2021          0.4006982      21570.0822622       5598.9643059
  41 2023          0.4006982      21602.2096715       5604.6018213
  41 2025          0.4006982      21623.9254073       5591.4306617
  41 2027          0.4036230      21578.2925353       5565.1700916
  41 2029          0.3656006      21554.2848746       5335.5961743
  41 2031          0.3860742      21562.0794616       5490.0802509
  41 2033          0.3860742      21635.0326653       5509.4234381
  41 2035          0.3860742      21616.8837286       5504.7367483
  41 2037          0.3772998      21549.8080566       5420.5930606
  41 2039          0.3889990      21632.2395826       5527.9398719
  41 2041          0.4036230      21531.1434655       5597.0848042
  41 2043          0.3919238      21616.7888191       5550.5613680
  42 2019          0.3977734      21744.2143806       5591.5286961
  42 2021          0.3977734      21745.3732862       5630.9685257
  42 2023          0.4006982      21748.0664006       5637.6017112
  42 2025          0.3948486      21710.8599365       5594.4619231
  42 2027          0.3919238      21749.5071602       5578.9540024
  42 2029          0.3977734      21739.2348267       5602.1429448
  42 2031          0.3919238      21772.9815177       5590.2936450
  42 2033          0.3948486      21746.5692414       5624.9139791
  42 2035          0.3919238      21675.4578092       5598.2021589
  42 2037          0.3860742      21752.9533342       5550.1391127
  42 2039          0.3889990      21719.4723044       5576.0907415
  42 2041          0.3860742      21659.5774453       5528.2650780
  42 2043          0.3889990      21676.9233203       5567.0299409
  43 2019          0.3977734      22819.6160622       5868.0684348
  43 2021          0.4006982      22775.6213265       5912.6452562
  43 2023          0.3977734      22773.8601119       5906.7755069
  43 2025          0.4036230      22783.5571285       5925.8287900
  43 2027          0.4065479      22788.5584692       5902.1129052
  43 2029          0.4094727      22782.1958241       5881.9590771
  43 2031          0.4094727      22740.3393101       5893.5004194
  43 2033          0.4094727      22847.1132201       5864.2524432
  43 2035          0.4094727      22733.7333602       5895.3312315
  43 2037          0.4065479      22828.7613830       5890.9661293
  43 2039          0.4094727      22760.1979017       5888.0121088
  43 2041          0.4094727      22776.8107442       5883.4383137
  43 2043          0.4094727      22808.2575714       5874.8230125
  44 2019          0.3977734      21364.1671865       5493.7994908
  44 2021          0.3919238      21388.9957289       5493.2481575
  44 2023          0.3889990      21370.7967707       5453.4530736
  44 2025          0.4006982      21298.1581830       5511.8289034
  44 2027          0.3802246      21342.6324890       5394.5494140
  44 2029          0.3977734      21333.0349431       5498.7957316
  44 2031          0.4094727      21303.3183950       5562.2539231
  44 2033          0.4006982      21350.9798539       5527.0729009
  44 2035          0.3948486      21355.8035981       5499.9758765
  44 2037          0.3860742      21345.2874292       5423.5246862
  44 2039          0.4036230      21356.0939641       5524.1969231
  44 2041          0.4094727      21360.5891518       5558.2642698
  44 2043          0.4065479      21301.9662356       5544.5221197
  45 2019          0.3977734      21258.6651263       5466.6696168
  45 2021          0.3977734      21272.8787436       5498.2022479
  45 2023          0.3977734      21276.8146643       5512.9968769
  45 2025          0.3948486      21226.2244403       5435.3965121
  45 2027          0.3977734      21283.1359266       5401.9267708
  45 2029          0.3977734      21276.8814369       5419.2580318
  45 2031          0.3977734      21273.5079325       5431.8842996
  45 2033          0.3656006      21193.7919933       5247.0502755
  45 2035          0.3802246      21219.7990041       5382.9815293
  45 2037          0.3977734      21236.1594954       5498.4442329
  45 2039          0.3860742      21223.1981398       5423.5896746
  45 2041          0.4065479      21196.5564325       5525.2312883
  45 2043          0.4036230      21182.4706476       5526.3267288
  46 2019          0.3977734      21685.4689152       5576.4222890
  46 2021          0.4006982      21627.6417264       5613.0171518
  46 2023          0.4036230      21618.8439217       5626.1373660
  46 2025          0.4036230      21638.0704926       5618.3303808
  46 2027          0.4036230      21664.9564391       5607.5725583
  46 2029          0.4065479      21661.5175984       5576.1479725
  46 2031          0.4036230      21713.6395911       5588.5305032
  46 2033          0.4036230      21698.6982811       5594.3175931
  46 2035          0.3919238      21649.1588161       5563.5350561
  46 2037          0.3919238      21642.8336569       5561.5531415
  46 2039          0.3948486      21617.7490218       5594.9664695
  46 2041          0.3919238      21599.8822020       5547.6846955
  46 2043          0.3772998      21633.9584600       5455.0124145
  47 2019          0.3977734      21448.0892798       5515.3800725
  47 2021          0.3977734      21479.8290187       5543.6200766
  47 2023          0.3977734      21481.2411432       5535.9802092
  47 2025          0.3948486      21383.6652917       5531.6237672
  47 2027          0.3802246      21371.3112561       5423.3855040
  47 2029          0.4036230      21408.7715313       5547.4128045
  47 2031          0.3919238      21473.8315966       5473.8219444
  47 2033          0.3948486      21406.1807942       5512.0042292
  47 2035          0.3948486      21424.2426750       5520.7157421
  47 2037          0.3948486      21425.5270372       5521.3218029
  47 2039          0.3919238      21423.6037024       5450.7757614
  47 2041          0.3831494      21380.3334748       5433.7156672
  47 2043          0.3919238      21419.1796594       5498.2990887
  48 2019          0.3977734      22052.3283518       5670.7602601
  48 2021          0.4036230      21979.1383667       5705.9670029
  48 2023          0.4036230      22017.6166191       5685.3295643
  48 2025          0.4036230      21977.9901971       5706.5987610
  48 2027          0.3772998      22017.9205938       5542.5303256
  48 2029          0.3977734      21967.2622657       5673.2606727
  48 2031          0.3919238      22062.2741139       5661.2553835
  48 2033          0.3977734      22018.0075959       5695.1520617
  48 2035          0.3948486      22001.0966926       5694.1785344
  48 2037          0.3919238      21988.2454819       5648.9053421
  48 2039          0.3977734      22040.9849764       5686.2404150
  48 2041          0.3977734      22012.5009721       5681.9192635
  48 2043          0.3977734      22030.2165800       5702.5690946
  49 2019          0.3977734      21265.8584486       5468.5193809
  49 2021          0.3919238      21190.3718944       5446.0060737
  49 2023          0.3860742      21184.1611538       5395.1342395
  49 2025          0.4036230      21211.4350097       5505.8841377
  49 2027          0.4036230      21248.4672104       5499.2182873
  49 2029          0.4036230      21229.0316717       5506.8313641
  49 2031          0.3948486      21223.7185644       5469.7269602
  49 2033          0.3919238      21228.3438888       5450.6163639
  49 2035          0.4036230      21192.1568878       5511.2624814
  49 2037          0.4036230      21222.6868974       5496.4141873
  49 2039          0.4036230      21265.0141609       5476.5559114
  49 2041          0.3889990      21244.4862521       5377.2739069
  49 2043          0.3919238      21203.0759433       5430.8037866
  50 2019          0.3977734      21787.3743143       5602.6272810
  50 2021          0.4006982      21782.6647512       5632.1548962
  50 2023          0.4006982      21761.8508697       5648.7280393
  50 2025          0.3919238      21703.0956745       5618.4039537
  50 2027          0.3889990      21717.9931821       5574.3141164
  50 2029          0.4006982      21793.7362274       5640.0879627
  50 2031          0.4036230      21744.0935970       5615.5528642
  50 2033          0.3948486      21773.3417332       5619.0876826
  50 2035          0.3977734      21738.6778214       5625.9683561
  50 2037          0.3919238      21721.9978563       5581.5048824
  50 2039          0.3948486      21721.7616605       5601.4473087
  50 2041          0.3948486      21792.5957399       5617.9295371
  50 2043          0.3977734      21817.3814522       5637.3991180
