FL 2019 2020 2021 2022 2023 2024 2025 2026 2027 2028 2029 2030 2031 2032 2033 2034 2035 2036 2037 2038 2039 2040 2041 2042 2043 2044 2045
 1  0.7288134  0.6828020  0.6525566  0.6398364  0.6478614  0.6875022  0.6840331  0.6764483  0.6713384  0.6691983  0.6729068  0.6718912  0.6728189  0.6598302  0.6459601  0.6497113  0.6535816  0.6165662  0.5896616  0.6397505  0.6789916  0.6810366  0.6899961  0.6987579  0.7114989  0.7073042  0.6909859
 2  0.5725724  0.5236363  0.4966875  0.4774735  0.5251347  0.5739827  0.5757334  0.5480891  0.5054639  0.4769033  0.4849428  0.5270723  0.5463415  0.5327587  0.5166583  0.5413968  0.5571007  0.5200851  0.5088651  0.5747904  0.5998617  0.5974883  0.5918381  0.5890662  0.5882306  0.5803844  0.5476485
 3  0.7521145  0.7089222  0.6763753  0.6597925  0.6615768  0.7063380  0.7058471  0.6954742  0.6877672  0.6840659  0.6870501  0.6882176  0.6919097  0.6795412  0.6632598  0.6659263  0.6745379  0.6397581  0.6059041  0.6537479  0.7021036  0.7046318  0.7118089  0.7169224  0.7309165  0.7271923  0.7094424
 4  0.4566311  0.4168102  0.3862509  0.3607061  0.4747043  0.5193538  0.4814173  0.4131034  0.3659020  0.3609874  0.4086247  0.4646273  0.4685271  0.4305711  0.4299026  0.4867987  0.4940807  0.4306316  0.4503290  0.5323637  0.5415621  0.5221740  0.4933991  0.4997144  0.5088314  0.4794053  0.4258303
 1  0.7290193  0.6837632  0.6489223  0.6312186  0.6173109  0.6171268  0.6458194  0.6557999  0.6646671  0.6816461  0.6860536  0.6868790  0.6955629  0.6984718  0.7051853  0.7067997  0.7094334  0.7213802  0.7123387  0.7068037  0.6807571  0.6508530  0.6394103  0.5798670  0.5433855  0.5993952  0.6340138
 2  0.5731135  0.5245497  0.4932516  0.4720636  0.4545179  0.4807128  0.5303690  0.5458751  0.5537308  0.5626687  0.5601584  0.5518761  0.5504215  0.5505287  0.5542153  0.5546145  0.5747269  0.5937472  0.5921851  0.5705044  0.5244304  0.5067749  0.5157802  0.4811785  0.4760130  0.5521542  0.5658992
 3  0.7523618  0.7097663  0.6727768  0.6512108  0.6346085  0.6313947  0.6619114  0.6754476  0.6825605  0.6999759  0.7052690  0.7043072  0.7128042  0.7154136  0.7217318  0.7242107  0.7252964  0.7412140  0.7333429  0.7250066  0.6979550  0.6677740  0.6576181  0.6013041  0.5574097  0.6133826  0.6567716
 4  0.4573780  0.4167930  0.3831167  0.3614283  0.3553105  0.4246089  0.4761307  0.4660810  0.4715561  0.4842018  0.4641714  0.4541092  0.4539616  0.4538806  0.4632091  0.4523450  0.5008755  0.5250537  0.4921975  0.4430137  0.4120661  0.4321160  0.4495246  0.4045944  0.4325682  0.5153045  0.5145975
 1  0.7283085  0.6840649  0.6430544  0.6220558  0.6323978  0.6377244  0.6291752  0.6292216  0.6462119  0.6425334  0.6411844  0.6446426  0.6640098  0.6695100  0.6649699  0.6775587  0.6721558  0.6764934  0.6734733  0.6743771  0.6700140  0.6631900  0.6560843  0.6617632  0.6851359  0.6941741  0.6902382
 2  0.5726575  0.5248717  0.4882139  0.4790405  0.4959035  0.5006140  0.4934143  0.5166065  0.5435347  0.5395606  0.5287981  0.5335901  0.5612778  0.5671831  0.5650171  0.5652076  0.5619388  0.5621689  0.5623966  0.5599105  0.5469061  0.5284056  0.5252956  0.5672542  0.5958486  0.6010057  0.5831478
 3  0.7516802  0.7099042  0.6670455  0.6413911  0.6496659  0.6555808  0.6456869  0.6450001  0.6651384  0.6628589  0.6604981  0.6614854  0.6816484  0.6909232  0.6846357  0.6967484  0.6915274  0.6955457  0.6930239  0.6938473  0.6896454  0.6812921  0.6725678  0.6784043  0.7065731  0.7172713  0.7114602
 4  0.4573648  0.4163187  0.3800529  0.3942187  0.4203263  0.4087849  0.4091195  0.4611734  0.4792901  0.4587833  0.4369198  0.4628235  0.5030764  0.4921048  0.4822497  0.4849452  0.4819119  0.4851406  0.4834677  0.4771855  0.4496189  0.4248698  0.4535085  0.5167948  0.5369154  0.5202204  0.4690122
 1  0.7292546  0.6838715  0.6543166  0.6412983  0.6347850  0.6352544  0.6422748  0.6567815  0.6770011  0.7005234  0.7054617  0.7069226  0.7146865  0.7137581  0.7135800  0.7139373  0.7121921  0.7144990  0.7050226  0.7004241  0.6990749  0.7045517  0.6918883  0.6806650  0.6759678  0.6759457  0.6791854
 2  0.5718989  0.5240255  0.4981745  0.4809398  0.4699425  0.4702938  0.4883165  0.5183708  0.5616827  0.5892939  0.5929155  0.5852844  0.5746112  0.5624685  0.5454535  0.5359030  0.5395358  0.5470851  0.5505876  0.5507084  0.5674112  0.5803665  0.5679275  0.5387095  0.5109615  0.5095502  0.5224743
 3  0.7524902  0.7101030  0.6781743  0.6610506  0.6517318  0.6512640  0.6573713  0.6726790  0.6932466  0.7199352  0.7264383  0.7252524  0.7324284  0.7313150  0.7294560  0.7293981  0.7274881  0.7309406  0.7222906  0.7176946  0.7163828  0.7243465  0.7125653  0.6990158  0.6921956  0.6915693  0.6958394
 4  0.4556608  0.4177696  0.3866412  0.3680039  0.3713361  0.3788548  0.4122515  0.4491537  0.4998912  0.5224790  0.4998680  0.4800574  0.4747754  0.4487479  0.4259095  0.4211173  0.4449839  0.4556738  0.4537074  0.4593188  0.4946350  0.5052230  0.4643531  0.4107605  0.3965553  0.4233060  0.4425327
 1  0.7307392  0.6865300  0.6551466  0.6409193  0.6450370  0.6635974  0.6645813  0.6701670  0.6556733  0.6508106  0.6217004  0.5476467  0.6084567  0.6820147  0.6861252  0.6930494  0.6867852  0.6846513  0.6891435  0.7031631  0.6949434  0.6911981  0.6880554  0.6854616  0.6749621  0.6592524  0.6841501
 2  0.5709265  0.5237572  0.4965779  0.4819194  0.4987622  0.5264072  0.5397399  0.5447349  0.5412619  0.5416172  0.5107711  0.4442929  0.5492683  0.5961569  0.6017164  0.5881704  0.5563161  0.5251628  0.5463504  0.5825205  0.5828512  0.5637513  0.5358796  0.5174929  0.5053439  0.5411126  0.5858125
 3  0.7534590  0.7122673  0.6787955  0.6605430  0.6610855  0.6804324  0.6824156  0.6884034  0.6742836  0.6703027  0.6439419  0.5655522  0.6161954  0.7045766  0.7093293  0.7135498  0.7056939  0.7015076  0.7035855  0.7233822  0.7168396  0.7099549  0.7049940  0.7021423  0.6914303  0.6758859  0.7039547
 4  0.4540021  0.4161973  0.3854113  0.3752003  0.4260108  0.4552077  0.4612471  0.4610694  0.4668334  0.4723354  0.4143823  0.3723323  0.5149381  0.5429322  0.5166533  0.4814097  0.4370139  0.4027894  0.4857283  0.5229282  0.4867563  0.4400109  0.4216874  0.4094459  0.4157513  0.4896421  0.5284285
 1  0.7296156  0.6865713  0.6454841  0.6226890  0.6157204  0.6121553  0.6067154  0.6200782  0.6659885  0.6840629  0.6836415  0.6868763  0.6996372  0.7134027  0.7150789  0.7123046  0.7037869  0.6990581  0.7057681  0.7087161  0.7100544  0.7175430  0.7157023  0.7065485  0.6923146  0.6924293  0.7016499
 2  0.5721350  0.5249587  0.4886547  0.4704357  0.4715377  0.4756113  0.4839910  0.5400202  0.5861036  0.5955720  0.5813219  0.5533583  0.5375061  0.5447859  0.5582512  0.5625739  0.5475892  0.5296297  0.5391188  0.5553955  0.5747407  0.5965857  0.5997508  0.5851297  0.5561673  0.5618679  0.5750969
 3  0.7525046  0.7120612  0.6693291  0.6425989  0.6329156  0.6294079  0.6231762  0.6334867  0.6860082  0.7072222  0.7052383  0.7048500  0.7148378  0.7289576  0.7319981  0.7302207  0.7215168  0.7151337  0.7213515  0.7263489  0.7277617  0.7365857  0.7373804  0.7269660  0.7097427  0.7097553  0.7210572
 4  0.4555682  0.4155233  0.3806262  0.3729284  0.3913633  0.3955292  0.4147085  0.4989091  0.5327202  0.5197049  0.4693893  0.4186002  0.4303835  0.4593134  0.4728485  0.4628436  0.4264544  0.4144099  0.4547119  0.4734290  0.4961856  0.5260906  0.5181781  0.4701336  0.4524273  0.4918981  0.4961189
 1  0.7282820  0.6798776  0.6342340  0.6095865  0.6214706  0.6294957  0.6381861  0.6508062  0.6647009  0.6719195  0.6723471  0.6804515  0.6995752  0.6941942  0.6879812  0.6867142  0.6822171  0.6722586  0.6817325  0.7144965  0.7106133  0.7103173  0.7112686  0.7114314  0.7038975  0.6975981  0.6934137
 2  0.5697585  0.5218709  0.4856828  0.4713526  0.4814984  0.4803415  0.4720205  0.4743674  0.4907175  0.5049506  0.5203091  0.5695760  0.6013288  0.6006515  0.5839767  0.5620412  0.5378119  0.5190627  0.5756736  0.6109361  0.6155446  0.6049820  0.5889184  0.5717990  0.5432115  0.5196092  0.5024221
 3  0.7517544  0.7066486  0.6591198  0.6295781  0.6389206  0.6466890  0.6537314  0.6654297  0.6796592  0.6879747  0.6888966  0.6961534  0.7214225  0.7178419  0.7096787  0.7054333  0.6996627  0.6901127  0.6954613  0.7370737  0.7341602  0.7309486  0.7304694  0.7298830  0.7208853  0.7134473  0.7086958
 4  0.4555172  0.4185805  0.3818059  0.3839137  0.3969317  0.3782687  0.3603870  0.3764737  0.4043952  0.4162889  0.4367691  0.5162003  0.5431781  0.5220980  0.4799762  0.4492198  0.4377385  0.4210436  0.5238067  0.5539914  0.5318352  0.5043286  0.4886343  0.4603877  0.4197789  0.3948627  0.3825805
 1  0.7315684  0.6873880  0.6623831  0.6526064  0.6529240  0.6605948  0.6748133  0.6957281  0.6901420  0.6879603  0.6887079  0.6883532  0.6753479  0.6595517  0.6563885  0.6458893  0.6732864  0.7144263  0.6987772  0.6887648  0.6663301  0.6327178  0.5924344  0.5258486  0.6108855  0.6161256  0.6579895
 2  0.5697771  0.5223139  0.5014119  0.4850969  0.4682256  0.4604115  0.5054160  0.5591842  0.5785345  0.5807990  0.5775731  0.5616696  0.5262204  0.4970954  0.4947840  0.5107098  0.5937050  0.6196475  0.6081502  0.5807531  0.5392952  0.5038662  0.4659876  0.4841960  0.5531132  0.5632793  0.5904758
 3  0.7537993  0.7128146  0.6856356  0.6722427  0.6696857  0.6751418  0.6877042  0.7127926  0.7101996  0.7087753  0.7095019  0.7074550  0.6931752  0.6762542  0.6724802  0.6627667  0.6860380  0.7392016  0.7236772  0.7088721  0.6847455  0.6528321  0.6105215  0.5343705  0.6296705  0.6339044  0.6790594
 4  0.4515532  0.4146470  0.3900572  0.3637709  0.3406612  0.3441705  0.4487131  0.5011485  0.5069196  0.5046313  0.4855134  0.4511172  0.4083743  0.3923810  0.4101575  0.4438872  0.5447432  0.5613360  0.5129498  0.4640481  0.4487384  0.4109363  0.3842642  0.4597865  0.5097119  0.5196721  0.5405693
 1  0.7286303  0.6826911  0.6376708  0.6112797  0.5953267  0.5965912  0.6190876  0.6362452  0.6853962  0.7028579  0.7030622  0.7009893  0.6973521  0.6984639  0.6974537  0.6916486  0.6919525  0.6935459  0.7016283  0.6900370  0.6896764  0.6951312  0.6910995  0.7072570  0.7294214  0.7193990  0.7087153
 2  0.5686480  0.5225831  0.4856604  0.4601297  0.4510135  0.4799282  0.5193298  0.5585863  0.5973701  0.6086301  0.5983482  0.5743473  0.5414957  0.5222923  0.5110230  0.4984246  0.4974282  0.5305705  0.5636414  0.5681366  0.5721727  0.5772106  0.5695229  0.6061855  0.6244173  0.6223508  0.5952332
 3  0.7517398  0.7088155  0.6620923  0.6318518  0.6124525  0.6115048  0.6360025  0.6524988  0.7051576  0.7250265  0.7245570  0.7199828  0.7139599  0.7141309  0.7131568  0.7068978  0.7066737  0.7082287  0.7201015  0.7100938  0.7079894  0.7148931  0.7111793  0.7227385  0.7536348  0.7435466  0.7292391
 4  0.4547156  0.4168095  0.3805202  0.3557387  0.3701120  0.4273210  0.4624710  0.5067190  0.5370112  0.5331593  0.4986863  0.4489435  0.4175043  0.4125162  0.3943231  0.3760836  0.3866199  0.4652703  0.4962233  0.4801599  0.4925190  0.4993544  0.4716512  0.5430511  0.5637413  0.5319951  0.4636124
 1  0.7290541  0.6814757  0.6396545  0.6229269  0.6417403  0.6435803  0.6464166  0.6554732  0.6724183  0.6786677  0.6853258  0.6848666  0.6787928  0.6797408  0.6981067  0.7045774  0.7089283  0.7061412  0.6947217  0.6866815  0.6821970  0.6815195  0.6687015  0.5976265  0.6113086  0.6586092  0.6396868
 2  0.5720311  0.5230618  0.4885118  0.4909807  0.5133876  0.5094377  0.4866229  0.4772744  0.4972715  0.5247592  0.5547088  0.5623881  0.5512980  0.5592819  0.5853409  0.6011854  0.6021633  0.5910860  0.5592161  0.5193788  0.4922932  0.5022902  0.5313159  0.5173259  0.5597335  0.5810340  0.5584048
 3  0.7524456  0.7078604  0.6640896  0.6418491  0.6596221  0.6624846  0.6629257  0.6697585  0.6870967  0.6947064  0.7028277  0.7045064  0.6982388  0.6961314  0.7173123  0.7254484  0.7301845  0.7268192  0.7136358  0.7034870  0.6972442  0.6962009  0.6867879  0.6178518  0.6251281  0.6823121  0.6649004
 4  0.4569095  0.4176880  0.3833454  0.4162065  0.4400066  0.4040019  0.3527507  0.3759248  0.4183071  0.4535652  0.4835455  0.4798381  0.4485234  0.4868265  0.5235631  0.5283533  0.5194297  0.4888703  0.4345884  0.3819041  0.3724810  0.4263947  0.4676815  0.4638913  0.5172485  0.5273177  0.4726674
 1  0.7304056  0.6863066  0.6529836  0.6369267  0.6365820  0.6467270  0.6559231  0.6715210  0.6688651  0.6638068  0.6735231  0.6797020  0.7036575  0.7023246  0.6942531  0.6934209  0.6877167  0.6833844  0.6873507  0.6800433  0.6816519  0.6834063  0.6858698  0.6863139  0.6784524  0.6731633  0.6717609
 2  0.5719358  0.5241406  0.4946625  0.4771149  0.4766423  0.4889616  0.5144069  0.5376057  0.5317320  0.5173638  0.5256322  0.5658033  0.5957690  0.6000328  0.5847859  0.5708218  0.5529084  0.5405995  0.5436085  0.5380985  0.5306867  0.5266133  0.5363833  0.5455250  0.5420217  0.5325369  0.5419472
 3  0.7532408  0.7120878  0.6767496  0.6567073  0.6532876  0.6625770  0.6712473  0.6888149  0.6878107  0.6802995  0.6897967  0.6959125  0.7242231  0.7245077  0.7145427  0.7127594  0.7066751  0.7003523  0.7047967  0.6984415  0.6987689  0.6997820  0.7020541  0.7044892  0.6972873  0.6905937  0.6888869
 4  0.4545313  0.4161992  0.3837446  0.3681267  0.3853296  0.4039865  0.4444205  0.4617333  0.4244084  0.4160246  0.4464524  0.5084820  0.5338041  0.5153914  0.4900030  0.4767167  0.4472302  0.4469310  0.4584585  0.4413163  0.4238016  0.4267286  0.4571196  0.4651362  0.4428874  0.4377755  0.4705954
 1  0.7281665  0.6808234  0.6438997  0.6268787  0.6297139  0.6319230  0.6329235  0.6321736  0.6367116  0.6508577  0.6554381  0.6898833  0.7009465  0.7093480  0.6996898  0.6961079  0.6882930  0.6808304  0.6841851  0.6769121  0.6905623  0.6928357  0.6917953  0.7007375  0.7092222  0.6973662  0.6900898
 2  0.5709774  0.5221279  0.4917734  0.4803956  0.4845960  0.4848299  0.4787031  0.4761229  0.5082256  0.5452798  0.5793758  0.6020399  0.6142073  0.6101718  0.5867412  0.5561875  0.5191767  0.5130549  0.5358601  0.5587998  0.5770113  0.5786839  0.5687856  0.5815532  0.5924893  0.5857035  0.5681911
 3  0.7515019  0.7071882  0.6681965  0.6466944  0.6471005  0.6491194  0.6491792  0.6481902  0.6515883  0.6695645  0.6729721  0.7118966  0.7236250  0.7317116  0.7204897  0.7140448  0.7048915  0.6959811  0.7010211  0.6954544  0.7100050  0.7131803  0.7106021  0.7177336  0.7302916  0.7185184  0.7095237
 4  0.4557197  0.4170906  0.3854161  0.3860727  0.3993114  0.3912651  0.3804164  0.3863574  0.4518448  0.4891677  0.5223551  0.5439214  0.5408271  0.5227250  0.4743508  0.4302738  0.3950699  0.4281444  0.4678325  0.4897675  0.5041548  0.4888136  0.4701527  0.5105143  0.5218070  0.4932948  0.4706306
 1  0.7281973  0.6810513  0.6406441  0.6160288  0.6201385  0.6541457  0.6681466  0.6751203  0.6829096  0.6926684  0.7034037  0.7129229  0.7046823  0.6899120  0.6694269  0.6595879  0.6639107  0.6705183  0.7023022  0.6996035  0.6975866  0.7053047  0.7124216  0.7188297  0.7150032  0.7098370  0.7112885
 2  0.5743464  0.5232414  0.4886353  0.4621415  0.4835861  0.5279041  0.5461549  0.5397443  0.5198757  0.4956136  0.4940223  0.5340245  0.5598908  0.5619390  0.5501981  0.5475587  0.5506568  0.5843550  0.6073819  0.6071935  0.5882158  0.5644923  0.5472371  0.5447964  0.5645040  0.5987050  0.6074941
 3  0.7516029  0.7069893  0.6646846  0.6366942  0.6357665  0.6700482  0.6867567  0.6930064  0.6991864  0.7072128  0.7164084  0.7281853  0.7231061  0.7102511  0.6897690  0.6784369  0.6843375  0.6864114  0.7254294  0.7237315  0.7178709  0.7224200  0.7284345  0.7342318  0.7319141  0.7289513  0.7353872
 4  0.4584144  0.4155433  0.3844046  0.3539120  0.4170566  0.4693176  0.4625752  0.4246380  0.3841119  0.3483573  0.3975940  0.4620755  0.4856339  0.4800503  0.4632989  0.4765811  0.4719051  0.5265085  0.5498441  0.5186049  0.4663168  0.4411525  0.4347961  0.4497156  0.4906961  0.5386233  0.5397346
 1  0.7281184  0.6803456  0.6452573  0.6284500  0.6090660  0.6065346  0.6445043  0.6495746  0.6384028  0.6212485  0.6492555  0.6794144  0.6833157  0.6799132  0.6733191  0.6710903  0.6874373  0.6973659  0.6980481  0.7112832  0.7064872  0.7005175  0.6925262  0.6867911  0.6933137  0.6902355  0.6792362
 2  0.5729084  0.5231594  0.4932383  0.4736185  0.4561618  0.4939373  0.5513978  0.5599376  0.5403420  0.5223829  0.5559207  0.5834843  0.5839922  0.5683307  0.5399092  0.5271195  0.5591261  0.5779439  0.5909720  0.5979831  0.5895171  0.5633568  0.5184262  0.4885349  0.5036645  0.5386189  0.5458970
 3  0.7517145  0.7068348  0.6695328  0.6487345  0.6264941  0.6204039  0.6618357  0.6712348  0.6598934  0.6400583  0.6654842  0.6994634  0.7050844  0.7004370  0.6920103  0.6875510  0.7036957  0.7177017  0.7171457  0.7314552  0.7276011  0.7191002  0.7086610  0.7014451  0.7076094  0.7078317  0.6991287
 4  0.4576816  0.4178749  0.3861261  0.3650092  0.3664157  0.4486796  0.5016573  0.4897766  0.4532110  0.4463679  0.5002748  0.5209478  0.5022074  0.4651119  0.4247735  0.4386859  0.4986581  0.5051692  0.5113703  0.5215910  0.4905784  0.4285389  0.3698695  0.3671526  0.4277964  0.4697431  0.4591989
 1  0.7289669  0.6798174  0.6434533  0.6260305  0.6360725  0.6535845  0.6578350  0.6611414  0.6687644  0.6806756  0.6997450  0.7136724  0.7221976  0.7133106  0.7017823  0.7015151  0.7061843  0.7135838  0.7105487  0.7015213  0.6910119  0.6759400  0.6697633  0.6717811  0.6837814  0.6939210  0.7000594
 2  0.5742236  0.5219689  0.4917460  0.4840238  0.5095065  0.5302587  0.5263517  0.5035205  0.4763562  0.4702332  0.5388385  0.6085843  0.6234537  0.6162496  0.5772171  0.5321265  0.5030714  0.5078582  0.5420817  0.5693178  0.5771677  0.5652609  0.5498951  0.5444880  0.5585238  0.5797776  0.5910791
 3  0.7523603  0.7060461  0.6675977  0.6457492  0.6527111  0.6716955  0.6764206  0.6779324  0.6838805  0.6941573  0.7134022  0.7332498  0.7471776  0.7364612  0.7208054  0.7174901  0.7202445  0.7273677  0.7265250  0.7202099  0.7120740  0.6973540  0.6893836  0.6894578  0.7013496  0.7124947  0.7205988
 4  0.4578898  0.4160871  0.3875466  0.3962314  0.4440786  0.4549373  0.4195521  0.3702569  0.3346011  0.3630196  0.4894696  0.5543604  0.5561504  0.5089667  0.4328095  0.3810322  0.3763957  0.4154578  0.4678489  0.5019144  0.5033049  0.4763220  0.4508124  0.4583620  0.4859711  0.5116750  0.5179150
 1  0.7287269  0.6810465  0.6448302  0.6275053  0.6239814  0.6392601  0.6539583  0.6619591  0.6665967  0.6612614  0.6754215  0.6814609  0.6738352  0.6715813  0.6755412  0.6768833  0.6967358  0.7149618  0.7061257  0.7005300  0.6946485  0.6932510  0.6934123  0.6903818  0.6868406  0.6868088  0.6838005
 2  0.5719461  0.5224118  0.4924118  0.4710192  0.4654615  0.4914162  0.5238035  0.5460403  0.5530292  0.5553894  0.5713514  0.5742236  0.5573001  0.5386241  0.5346605  0.5444605  0.5926494  0.6124504  0.6062733  0.5789054  0.5295209  0.4823109  0.4812711  0.5370448  0.5729469  0.5816218  0.5854184
 3  0.7520538  0.7073838  0.6690832  0.6479658  0.6408292  0.6541174  0.6704478  0.6798804  0.6859724  0.6801811  0.6942670  0.7025632  0.6941281  0.6891942  0.6926783  0.6941103  0.7132112  0.7381369  0.7293471  0.7201070  0.7111786  0.7073354  0.7061843  0.7066491  0.7060573  0.7083090  0.7042523
 4  0.4562514  0.4171398  0.3863715  0.3583811  0.3722312  0.4238936  0.4583263  0.4755961  0.4753362  0.4813942  0.5047708  0.4937661  0.4516620  0.4372096  0.4478565  0.4702622  0.5354618  0.5487615  0.5090024  0.4410715  0.3679260  0.3306512  0.4027936  0.4805399  0.5094625  0.5090638  0.5077814
 1  0.7276935  0.6808899  0.6314074  0.6020914  0.6131212  0.6358202  0.6485275  0.6514846  0.6625862  0.6777628  0.6881240  0.6897917  0.6925531  0.7075318  0.7198850  0.7099704  0.6931126  0.6870210  0.6940697  0.6936428  0.6798308  0.6645784  0.6553613  0.6382279  0.6455869  0.6791476  0.6805732
 2  0.5721492  0.5231672  0.4821973  0.4632176  0.4848145  0.5134903  0.5233356  0.5164356  0.5205492  0.5415042  0.5581908  0.5611268  0.5624508  0.5926347  0.6071021  0.5987945  0.5539401  0.5193319  0.5429130  0.5629104  0.5546434  0.5253075  0.5030441  0.4886484  0.5327012  0.5791987  0.5833359
 3  0.7511928  0.7071239  0.6559503  0.6221711  0.6296657  0.6523939  0.6663975  0.6691065  0.6786348  0.6941508  0.7063333  0.7083945  0.7102449  0.7245337  0.7420158  0.7318756  0.7115817  0.7019524  0.7095867  0.7132264  0.7003997  0.6829973  0.6720826  0.6559779  0.6601678  0.6985919  0.7033242
 4  0.4573467  0.4167572  0.3792274  0.3756558  0.4162038  0.4450848  0.4371719  0.4155663  0.4335590  0.4703887  0.4798878  0.4686439  0.4737982  0.5283588  0.5385613  0.4891262  0.3990154  0.4098784  0.4820652  0.4919536  0.4500356  0.4081056  0.4068384  0.4026876  0.4807078  0.5251571  0.5006015
 1  0.7285885  0.6862186  0.6514453  0.6357196  0.6411832  0.6443751  0.6602467  0.6668304  0.6579459  0.6479808  0.6563844  0.6788404  0.6621947  0.6551250  0.6708569  0.6776474  0.6910447  0.6969047  0.6964912  0.7057470  0.7149869  0.7067562  0.7025680  0.7010626  0.7006515  0.7032743  0.7159795
 2  0.5713707  0.5254495  0.4932470  0.4844930  0.4944304  0.5094918  0.5301044  0.5336415  0.5089611  0.4788580  0.5287741  0.5756012  0.5673581  0.5613832  0.5708294  0.5788784  0.5819046  0.5763497  0.5612606  0.5744603  0.5927019  0.5904531  0.5729446  0.5450814  0.5089588  0.5239356  0.5705623
 3  0.7516385  0.7118235  0.6750496  0.6548129  0.6583816  0.6611544  0.6767898  0.6852845  0.6760086  0.6639874  0.6697857  0.6996052  0.6856497  0.6735991  0.6909179  0.6981286  0.7105375  0.7165766  0.7143430  0.7217291  0.7353605  0.7278956  0.7215926  0.7181761  0.7157268  0.7161459  0.7337640
 4  0.4556943  0.4160292  0.3809981  0.3924914  0.4126642  0.4329283  0.4555667  0.4393405  0.3864295  0.3686705  0.4817315  0.5221035  0.4807748  0.4873365  0.5053600  0.5006952  0.4986469  0.4768700  0.4523746  0.5036131  0.5244973  0.4964438  0.4544487  0.4075880  0.3582609  0.4575587  0.5107043
 1  0.7287496  0.6818591  0.6432000  0.6233203  0.5835061  0.4820787  0.6599873  0.5039463  0.5643964  0.5770702  0.6061079  0.6690033  0.6349821  0.6088538  0.6368674  0.6565230  0.6607729  0.6537417  0.6520471  0.6610925  0.6702287  0.6596865  0.6475519  0.6588241  0.6782801  0.6715481  0.6788442
 2  0.5722266  0.5235127  0.4908139  0.4649330  0.4152317  0.4217236  0.5860414  0.4657007  0.5156766  0.5210133  0.5673431  0.5881256  0.5539820  0.5270873  0.5571112  0.5778543  0.5749289  0.5609664  0.5502389  0.5589008  0.5624740  0.5407448  0.5135666  0.5489676  0.5829198  0.5879768  0.5897674
 3  0.7522206  0.7083418  0.6675795  0.6438214  0.6018477  0.4883202  0.6828710  0.5208147  0.5812736  0.5969885  0.6171382  0.6948848  0.6618189  0.6275409  0.6532620  0.6775264  0.6833573  0.6754293  0.6711899  0.6794400  0.6906851  0.6803721  0.6648814  0.6736966  0.6992411  0.6932945  0.7008253
 4  0.4567510  0.4181136  0.3829123  0.3487928  0.3028795  0.4133345  0.5399404  0.4382171  0.4794929  0.4783479  0.5275697  0.5357314  0.4637096  0.4523945  0.5079785  0.5196783  0.5037609  0.4751688  0.4702226  0.4917348  0.4849348  0.4307117  0.4139733  0.4983185  0.5265457  0.5217394  0.5214892
 1  0.7314508  0.6878004  0.6513738  0.6356230  0.6445927  0.6571465  0.6560620  0.6530693  0.6574701  0.6819073  0.7102228  0.7058717  0.6987739  0.6995028  0.7075592  0.7089474  0.6870332  0.6689854  0.6468581  0.6144227  0.6536634  0.6378707  0.6206773  0.5960066  0.6095422  0.6373568  0.6503774
 2  0.5718119  0.5234790  0.4924122  0.4896036  0.5177147  0.5357717  0.5248353  0.4930464  0.4839696  0.5649147  0.6029160  0.6045497  0.5777843  0.5534044  0.5607087  0.5704479  0.5557334  0.5338792  0.5149065  0.5295402  0.5666450  0.5530542  0.5233365  0.4959529  0.5187889  0.5455565  0.5733417
 3  0.7538355  0.7130726  0.6749871  0.6547990  0.6613652  0.6759012  0.6751383  0.6700533  0.6718518  0.6955642  0.7320187  0.7284256  0.7182119  0.7158288  0.7239203  0.7279215  0.7068749  0.6874381  0.6654282  0.6295509  0.6742775  0.6611241  0.6410064  0.6154067  0.6250922  0.6563403  0.6682831
 4  0.4534029  0.4143047  0.3846195  0.4041562  0.4542515  0.4589385  0.4122728  0.3551061  0.3935036  0.5216332  0.5436462  0.5083000  0.4472008  0.4441813  0.4869095  0.4906772  0.4554093  0.4370563  0.4308944  0.4837683  0.5123873  0.4730091  0.4383910  0.4186638  0.4639658  0.4872211  0.5135725
 1  0.7320621  0.6914412  0.6613712  0.6449253  0.6420310  0.6491942  0.6598947  0.6785015  0.6914284  0.7048837  0.7058363  0.7054849  0.7067345  0.7045547  0.7005623  0.6953692  0.6841839  0.6628595  0.6449698  0.6464183  0.6333488  0.6600564  0.6517519  0.6523857  0.6574284  0.6735725  0.6965637
 2  0.5746545  0.5263231  0.4971216  0.4768820  0.4710870  0.4761090  0.4974499  0.5290776  0.5631333  0.5846884  0.5864275  0.5786042  0.5655945  0.5540157  0.5379953  0.5252228  0.5064904  0.4804978  0.5160888  0.5726691  0.5737217  0.5792300  0.5689546  0.5508202  0.5464728  0.5709752  0.5947990
 3  0.7544364  0.7162697  0.6843469  0.6645289  0.6586914  0.6647818  0.6746697  0.6939329  0.7081545  0.7239391  0.7260273  0.7240160  0.7245112  0.7220266  0.7172163  0.7116612  0.7005535  0.6792657  0.6589530  0.6674859  0.6536640  0.6835558  0.6756806  0.6720027  0.6750599  0.6910742  0.7166823
 4  0.4545522  0.4138657  0.3839738  0.3620735  0.3708378  0.3808716  0.4176538  0.4555786  0.4950631  0.5118460  0.4943457  0.4749822  0.4642852  0.4468941  0.4268808  0.4132670  0.3907536  0.3716424  0.4693535  0.5263772  0.5194603  0.5217247  0.4807437  0.4542860  0.4708862  0.5103813  0.5291550
 1  0.7287904  0.6835164  0.6508641  0.6349102  0.6346633  0.6474197  0.6600745  0.6659571  0.6677090  0.6761339  0.6862593  0.7032890  0.7013429  0.7011655  0.6958658  0.6946987  0.6942508  0.6884577  0.6905224  0.6857112  0.6841753  0.6919263  0.6987279  0.6963764  0.6972528  0.7016113  0.7119497
 2  0.5701777  0.5238196  0.4955292  0.4756134  0.4764916  0.4980223  0.5125722  0.5096305  0.5099760  0.5314126  0.5643210  0.5842421  0.5828662  0.5663148  0.5379846  0.5219791  0.5207433  0.5388332  0.5606121  0.5686099  0.5750068  0.5873730  0.5919183  0.5810327  0.5586695  0.5368829  0.5330426
 3  0.7520664  0.7098105  0.6748899  0.6548518  0.6511379  0.6631170  0.6768329  0.6825435  0.6828208  0.6928065  0.7034769  0.7226505  0.7214082  0.7196205  0.7127907  0.7104018  0.7102223  0.7052631  0.7089988  0.7056820  0.7034445  0.7118005  0.7200580  0.7167871  0.7154441  0.7173569  0.7268733
 4  0.4552733  0.4179815  0.3844472  0.3633618  0.3891180  0.4244660  0.4226130  0.3955325  0.4225219  0.4610609  0.4971071  0.5091905  0.4869634  0.4489118  0.4146651  0.4133868  0.4292072  0.4640224  0.4896492  0.4903556  0.5007433  0.5185000  0.5117467  0.4774562  0.4304334  0.4139358  0.4329430
 1  0.7295185  0.6835518  0.6497952  0.6376113  0.6407750  0.6357948  0.5915008  0.6527768  0.6353603  0.6122086  0.6362720  0.6504161  0.6273721  0.6032155  0.6489570  0.6856519  0.6699784  0.6567489  0.6616042  0.6698258  0.6755555  0.6796710  0.6868958  0.6937034  0.6870334  0.6766358  0.6693824
 2  0.5718653  0.5230020  0.4941925  0.4938519  0.5113277  0.5125974  0.5142892  0.5778660  0.5570111  0.5328321  0.5487318  0.5593170  0.5394394  0.5324090  0.5824032  0.5987847  0.5787560  0.5432820  0.5223852  0.5161577  0.5183356  0.5311965  0.5487942  0.5608581  0.5549009  0.5356593  0.5311194
 3  0.7524887  0.7094268  0.6736107  0.6566450  0.6582985  0.6550977  0.6053550  0.6762818  0.6619586  0.6322849  0.6541283  0.6708779  0.6478486  0.6215182  0.6654666  0.7093218  0.6940885  0.6768589  0.6787565  0.6862728  0.6916901  0.6961096  0.7037858  0.7116893  0.7059749  0.6950888  0.6858332
 4  0.4555759  0.4158283  0.3858644  0.4091215  0.4426414  0.4278676  0.4704111  0.5314503  0.4770612  0.4569435  0.4895072  0.4908789  0.4718607  0.4803467  0.5312327  0.5363263  0.4820273  0.4264272  0.4189235  0.4223560  0.4289518  0.4464261  0.4703346  0.4788800  0.4603369  0.4270057  0.4504418
 1  0.7274045  0.6818744  0.6482762  0.6321791  0.6291371  0.6335333  0.6571324  0.6689852  0.6741990  0.6763563  0.6789496  0.6776588  0.6778468  0.6846842  0.6812426  0.7030541  0.7043916  0.7172698  0.7232382  0.7152818  0.6967418  0.6839389  0.6764239  0.6726623  0.6753204  0.6850878  0.6883239
 2  0.5715916  0.5239169  0.4939753  0.4717028  0.4505822  0.4552340  0.5010345  0.5350749  0.5458585  0.5451375  0.5388436  0.5263073  0.5416249  0.5636924  0.5899140  0.6055086  0.6127729  0.6208995  0.6221236  0.6122112  0.5702350  0.5105757  0.4522965  0.4334627  0.4822404  0.5403623  0.5684809
 3  0.7509238  0.7080620  0.6722295  0.6522834  0.6464982  0.6478368  0.6712737  0.6864439  0.6924419  0.6944247  0.6968927  0.6950100  0.6936575  0.7044390  0.6996812  0.7255917  0.7266757  0.7380432  0.7469057  0.7382556  0.7168153  0.7005549  0.6902870  0.6856211  0.6886212  0.7015498  0.7072101
 4  0.4571408  0.4171220  0.3839935  0.3565286  0.3263149  0.3716976  0.4422981  0.4636760  0.4583043  0.4526680  0.4397484  0.4222976  0.4733023  0.4982309  0.5268694  0.5428896  0.5350069  0.5493886  0.5504840  0.5135033  0.4275754  0.3358521  0.2989708  0.3276814  0.4212278  0.4801393  0.4952473
 1  0.7295224  0.6865967  0.6550226  0.6417659  0.6436938  0.6478599  0.6535383  0.6515807  0.6374729  0.6092008  0.6417101  0.6667334  0.6820310  0.6898327  0.6936979  0.6995256  0.7111254  0.7091197  0.6977319  0.6918924  0.6898876  0.6934537  0.7150937  0.6963354  0.6767961  0.6687033  0.6734693
 2  0.5724896  0.5259165  0.4963054  0.4854332  0.4906971  0.5015504  0.5087568  0.5039587  0.4867219  0.4961836  0.5563847  0.5880862  0.5954989  0.5950006  0.5755747  0.5644934  0.5760327  0.5810442  0.5665809  0.5476041  0.5324162  0.5730153  0.6038088  0.5932137  0.5480680  0.4971685  0.4822365
 3  0.7526309  0.7122956  0.6785539  0.6610327  0.6607176  0.6645579  0.6701966  0.6689882  0.6545771  0.6246253  0.6582351  0.6868878  0.7051503  0.7119251  0.7132776  0.7157929  0.7287950  0.7292242  0.7170770  0.7093439  0.7069889  0.7078606  0.7373697  0.7201343  0.6965190  0.6845036  0.6879496
 4  0.4564538  0.4168345  0.3834499  0.3859453  0.4050743  0.4184616  0.4209993  0.4051554  0.3916013  0.4459479  0.5086216  0.5319702  0.5270122  0.5015642  0.4552642  0.4697379  0.5059547  0.4958921  0.4563248  0.4386412  0.4256871  0.5172467  0.5452472  0.4910395  0.3945035  0.3593635  0.3828006
 1  0.7309671  0.6881320  0.6579376  0.6444682  0.6401271  0.6375936  0.6303047  0.6318953  0.6587816  0.6467878  0.6596763  0.6785042  0.7047911  0.7084353  0.7064674  0.7075727  0.7097255  0.7099652  0.7098488  0.7077606  0.7051615  0.7008474  0.7008457  0.6898386  0.6818430  0.6891828  0.6872452
 2  0.5684563  0.5234431  0.4974185  0.4814615  0.4675569  0.4509018  0.4440555  0.5129277  0.5643709  0.5688903  0.5720795  0.5933873  0.6034209  0.5998380  0.5791376  0.5561620  0.5406073  0.5275390  0.5272526  0.5303047  0.5346605  0.5477381  0.5603048  0.5493999  0.5397731  0.5496367  0.5535990
 3  0.7533426  0.7135582  0.6813456  0.6640354  0.6572602  0.6535145  0.6446213  0.6448686  0.6786504  0.6675012  0.6810379  0.6980771  0.7258225  0.7294174  0.7251793  0.7244300  0.7258473  0.7251977  0.7249942  0.7232936  0.7212000  0.7171788  0.7190681  0.7090771  0.6983836  0.7064530  0.7061480
 4  0.4519946  0.4152868  0.3852237  0.3698032  0.3564184  0.3318175  0.3542589  0.4749528  0.5101792  0.5053730  0.5062073  0.5225571  0.5289261  0.5026045  0.4613443  0.4398847  0.4232284  0.4140614  0.4192785  0.4296486  0.4367159  0.4669470  0.4789655  0.4399790  0.4448696  0.4747272  0.4627266
 1  0.7317671  0.6900678  0.6575027  0.6421049  0.6400287  0.6458460  0.6530994  0.6564132  0.6661251  0.6743143  0.6811010  0.7043181  0.7062201  0.7044165  0.7070992  0.7168097  0.7291166  0.7278246  0.7220567  0.7188053  0.7177650  0.7151419  0.7181678  0.7193612  0.7251397  0.7265290  0.7210277
 2  0.5734793  0.5252307  0.4953984  0.4803729  0.4804717  0.4929191  0.5058153  0.5132429  0.5246450  0.5305782  0.5587406  0.5895745  0.5952902  0.5794015  0.5460624  0.5247055  0.5350838  0.5551542  0.5628463  0.5656704  0.5677377  0.5684724  0.5692933  0.5685470  0.5770722  0.5914128  0.5929680
 3  0.7541083  0.7150693  0.6807287  0.6616266  0.6568891  0.6619373  0.6694720  0.6732327  0.6827437  0.6914828  0.6968606  0.7236719  0.7277072  0.7238173  0.7234496  0.7304540  0.7433734  0.7444644  0.7392609  0.7359717  0.7355625  0.7329603  0.7360602  0.7362852  0.7419832  0.7450719  0.7412719
 4  0.4539986  0.4140657  0.3841098  0.3742233  0.3897818  0.4112607  0.4217071  0.4260934  0.4392941  0.4400527  0.4939581  0.5267011  0.5074874  0.4521069  0.3869557  0.4003030  0.4509850  0.4655921  0.4609257  0.4692201  0.4740244  0.4760586  0.4669666  0.4655232  0.4926273  0.5150034  0.5046266
 1  0.7288535  0.6820883  0.6475125  0.6338447  0.6469352  0.6656786  0.6768023  0.6721882  0.6683814  0.6707740  0.6833612  0.6828653  0.6763309  0.6721857  0.6615224  0.6442179  0.6337655  0.6393311  0.6677390  0.6760413  0.7009453  0.7018829  0.7051342  0.7123234  0.7058696  0.6998355  0.6914669
 2  0.5713388  0.5228276  0.4936094  0.4882971  0.5144817  0.5470397  0.5581582  0.5420570  0.5082955  0.4917025  0.5155987  0.5378306  0.5549500  0.5618787  0.5484100  0.5158495  0.5059032  0.5594502  0.5935664  0.6024622  0.6142816  0.6082064  0.5909871  0.5738165  0.5472952  0.5168455  0.4962260
 3  0.7520863  0.7082459  0.6715314  0.6532177  0.6635133  0.6828784  0.6959721  0.6915023  0.6853525  0.6852600  0.6985117  0.7003887  0.6944460  0.6923901  0.6828191  0.6633881  0.6499778  0.6542472  0.6893715  0.6985838  0.7253694  0.7244330  0.7242227  0.7302466  0.7232270  0.7154952  0.7064827
 4  0.4561338  0.4167630  0.3858068  0.3986077  0.4468675  0.4819561  0.4755962  0.4255522  0.3676208  0.3924358  0.4440332  0.4623261  0.4841743  0.4905940  0.4524641  0.4060356  0.4340060  0.5158558  0.5419622  0.5442877  0.5431321  0.5097625  0.4831351  0.4658699  0.4234017  0.3829429  0.3766759
 1  0.7275399  0.6835103  0.6523923  0.6382723  0.6261816  0.6256302  0.6311023  0.6370894  0.6672110  0.6825403  0.6938756  0.6998268  0.6992353  0.7012447  0.7084266  0.7102506  0.7053887  0.7050485  0.7072960  0.7096244  0.6993099  0.6920946  0.6915733  0.6848007  0.6823639  0.6930491  0.7012386
 2  0.5739787  0.5258796  0.4957570  0.4750960  0.4610821  0.4710587  0.4910049  0.5289290  0.5688143  0.5850473  0.5864610  0.5756552  0.5495134  0.5283073  0.5419537  0.5617407  0.5685390  0.5737136  0.5882845  0.5960771  0.5851648  0.5677993  0.5532287  0.5338973  0.5283799  0.5539867  0.5738012
 3  0.7511398  0.7093131  0.6758686  0.6580134  0.6430846  0.6412835  0.6473967  0.6524148  0.6857064  0.7032819  0.7140528  0.7188381  0.7166798  0.7166376  0.7236207  0.7282367  0.7241956  0.7229228  0.7259518  0.7308793  0.7205470  0.7108754  0.7097355  0.7028584  0.6980978  0.7096622  0.7201191
 4  0.4592037  0.4164436  0.3836303  0.3603447  0.3656362  0.3952669  0.4173272  0.4748073  0.5113017  0.5103880  0.4953867  0.4664215  0.4209294  0.4123653  0.4633816  0.4851525  0.4760303  0.4875000  0.5188787  0.5213228  0.4871887  0.4651505  0.4556439  0.4209566  0.4378424  0.4864927  0.4962487
 1  0.7283414  0.6853327  0.6482730  0.6270237  0.6189834  0.6193632  0.6158710  0.5987810  0.6455455  0.6382250  0.6711046  0.6792917  0.6821994  0.6941337  0.7027702  0.7087143  0.7125823  0.7140456  0.7131285  0.7124267  0.7066182  0.7055605  0.6941946  0.6719287  0.6733029  0.6965169  0.6987590
 2  0.5707404  0.5255412  0.4918491  0.4637438  0.4420170  0.4317233  0.4364779  0.5045052  0.5797975  0.5807087  0.5913003  0.5969672  0.5767828  0.5508127  0.5314735  0.5334749  0.5671593  0.5905611  0.5968783  0.5877849  0.5627980  0.5464491  0.5431667  0.5458246  0.5737251  0.5998534  0.6035061
 3  0.7516474  0.7112628  0.6721653  0.6472154  0.6361686  0.6345573  0.6307310  0.6110565  0.6658592  0.6569892  0.6965599  0.7039464  0.7024419  0.7107207  0.7183006  0.7241619  0.7291789  0.7340580  0.7339970  0.7318027  0.7243086  0.7218238  0.7113289  0.6914769  0.6913717  0.7172935  0.7216182
 4  0.4561331  0.4174347  0.3801733  0.3455592  0.3272057  0.3282569  0.3538880  0.4722752  0.5338698  0.5339749  0.5359772  0.5057952  0.4494065  0.4232641  0.4221761  0.4449816  0.4988013  0.5211759  0.5091663  0.4774965  0.4428875  0.4419402  0.4648982  0.4740940  0.5120379  0.5379485  0.5295770
 1  0.7279220  0.6800036  0.6409662  0.6193130  0.6085814  0.6146113  0.6490675  0.6767262  0.6756866  0.6714473  0.6701323  0.6785164  0.6865593  0.6934264  0.7001669  0.7086865  0.7091322  0.7137484  0.7018564  0.6957014  0.6912532  0.6908666  0.6884291  0.6782286  0.6747101  0.6784676  0.6867899
 2  0.5722626  0.5225433  0.4898551  0.4653182  0.4507549  0.4801431  0.5451615  0.5751597  0.5680185  0.5391023  0.5116103  0.5143523  0.5323101  0.5534659  0.5809747  0.5979010  0.6067529  0.6054891  0.5836052  0.5493640  0.5233773  0.5343179  0.5470996  0.5447931  0.5372578  0.5373820  0.5478020
 3  0.7514597  0.7064343  0.6653082  0.6398343  0.6258976  0.6287500  0.6639851  0.6968137  0.6968493  0.6903347  0.6861170  0.6942874  0.7032397  0.7105628  0.7180661  0.7295150  0.7300836  0.7355872  0.7228603  0.7131533  0.7066200  0.7072343  0.7064958  0.6973404  0.6927371  0.6952469  0.7041282
 4  0.4572140  0.4171446  0.3839294  0.3556606  0.3544554  0.4247585  0.4979560  0.5083335  0.4685197  0.4082973  0.4008137  0.4316490  0.4512170  0.4745075  0.5139064  0.5287311  0.5317049  0.5217633  0.4666131  0.4105602  0.4223516  0.4591743  0.4683573  0.4506579  0.4364388  0.4510026  0.4665575
 1  0.7299583  0.6872195  0.6492475  0.6288687  0.6302153  0.6394197  0.6507533  0.6637762  0.6749547  0.6976806  0.7002105  0.7013333  0.7085201  0.7083666  0.7086333  0.7113233  0.7104084  0.7048654  0.7017143  0.7050242  0.7088934  0.7088509  0.7144564  0.7045032  0.6946432  0.6922170  0.7045694
 2  0.5711477  0.5252501  0.4915112  0.4701965  0.4683190  0.4756305  0.4910304  0.5067421  0.5434412  0.5771504  0.5837889  0.5778585  0.5701298  0.5615656  0.5496913  0.5528240  0.5540046  0.5395286  0.5199876  0.5087357  0.5094855  0.5373100  0.5694562  0.5742014  0.5570185  0.5652765  0.5856615
 3  0.7529014  0.7130312  0.6732126  0.6488056  0.6470829  0.6551377  0.6658606  0.6796171  0.6899766  0.7162567  0.7208723  0.7194257  0.7262891  0.7261972  0.7249205  0.7275329  0.7276766  0.7219867  0.7171758  0.7192677  0.7236800  0.7235332  0.7325102  0.7243939  0.7133232  0.7086471  0.7245548
 4  0.4546550  0.4171442  0.3803283  0.3626624  0.3730411  0.3847036  0.4069584  0.4176814  0.4798815  0.5138590  0.4914932  0.4748770  0.4747699  0.4539323  0.4421473  0.4593091  0.4564317  0.4159977  0.3813095  0.3927233  0.4003605  0.4635421  0.4989997  0.4809730  0.4468636  0.4929142  0.5206321
 1  0.7300844  0.6846392  0.6148786  0.5519960  0.5319102  0.5227888  0.5763373  0.5881950  0.6727032  0.6655121  0.6636579  0.6755594  0.6876343  0.6941366  0.6928556  0.6902243  0.6927502  0.7071243  0.7074297  0.6991742  0.6834406  0.6754843  0.7081911  0.6953275  0.6822462  0.6804367  0.6915669
 2  0.5711411  0.5235489  0.4687458  0.4255243  0.4224739  0.4606745  0.5154622  0.5573035  0.5941128  0.5864125  0.5715167  0.5720126  0.5798042  0.5831795  0.5742102  0.5517370  0.5418029  0.5620257  0.5741148  0.5663787  0.5390225  0.5717974  0.6033960  0.5965390  0.5586627  0.5089671  0.4901283
 3  0.7530262  0.7106776  0.6401247  0.5729506  0.5489747  0.5341572  0.5932218  0.5969937  0.6971379  0.6905793  0.6846493  0.6941669  0.7070768  0.7143878  0.7127735  0.7088525  0.7084188  0.7235245  0.7268712  0.7182564  0.7016373  0.6897140  0.7306867  0.7191226  0.7021790  0.6964765  0.7052901
 4  0.4548105  0.4170595  0.3722229  0.3438131  0.3578268  0.4290091  0.4709723  0.5207510  0.5417405  0.5061067  0.4808245  0.4948000  0.5082967  0.5016915  0.4757034  0.4281101  0.4443557  0.4930133  0.4923605  0.4607917  0.4288854  0.5188378  0.5462493  0.4986078  0.4087470  0.3499957  0.3803086
 1  0.7297766  0.6848057  0.6573057  0.6492003  0.6628513  0.6682849  0.6735976  0.6828307  0.6848811  0.6874051  0.6884993  0.6834128  0.6601588  0.6214097  0.5931453  0.4058017  0.6759443  0.7001711  0.7027499  0.7032179  0.7091485  0.7120761  0.7104952  0.7098548  0.7068475  0.7117878  0.7012854
 2  0.5731114  0.5244942  0.4989802  0.5013230  0.5188046  0.5262325  0.5301163  0.5381254  0.5398672  0.5414309  0.5454327  0.5351507  0.4990573  0.4742401  0.4976105  0.4455179  0.6081933  0.6184968  0.6175681  0.6177645  0.6044124  0.5854795  0.5555287  0.5288922  0.5417174  0.5714471  0.5749800
 3  0.7529155  0.7106406  0.6807401  0.6678250  0.6802544  0.6858809  0.6897955  0.6997541  0.7022828  0.7041889  0.7060520  0.7015469  0.6778694  0.6375526  0.6106958  0.3905251  0.6948396  0.7259641  0.7298984  0.7268650  0.7300651  0.7309502  0.7274314  0.7253195  0.7213062  0.7303341  0.7218550
 4  0.4566960  0.4162671  0.3864425  0.4147913  0.4390528  0.4321969  0.4398085  0.4507259  0.4451581  0.4515708  0.4562831  0.4286490  0.3813441  0.4021150  0.4479000  0.4468263  0.5583415  0.5625413  0.5516725  0.5289730  0.5027521  0.4692622  0.4277750  0.4003573  0.4681200  0.5063974  0.4801445
 1  0.7280549  0.6809974  0.6583132  0.6517845  0.6520729  0.6610876  0.6758244  0.6866051  0.6935084  0.7101737  0.7048043  0.7035192  0.7037838  0.7042624  0.7089575  0.7144605  0.7179336  0.7098761  0.7039326  0.7009413  0.7013928  0.6955075  0.7006675  0.6996571  0.6902895  0.6873725  0.6779377
 2  0.5742871  0.5233197  0.5018113  0.4896843  0.4842053  0.4994309  0.5309941  0.5488654  0.5716144  0.5868835  0.5826599  0.5629542  0.5348058  0.5037844  0.4928797  0.5454297  0.5759557  0.5794336  0.5658787  0.5588239  0.5559791  0.5567436  0.5670593  0.5646866  0.5462469  0.5301257  0.5235979
 3  0.7515398  0.7070218  0.6816482  0.6711486  0.6687374  0.6763704  0.6913854  0.7044331  0.7101641  0.7296387  0.7250669  0.7212939  0.7200324  0.7188916  0.7217050  0.7290323  0.7368438  0.7290863  0.7219173  0.7184035  0.7193513  0.7131333  0.7186913  0.7187724  0.7082042  0.7038944  0.6949238
 4  0.4584217  0.4157221  0.3898290  0.3765884  0.3833814  0.4186195  0.4617866  0.4639573  0.4970556  0.5130059  0.4808502  0.4382901  0.3968696  0.3490895  0.3891670  0.4856636  0.5025782  0.4784865  0.4600928  0.4668665  0.4642240  0.4700684  0.4858213  0.4670747  0.4321672  0.4258445  0.4345503
 1  0.7296925  0.6821534  0.6490106  0.6370067  0.6478773  0.6508643  0.6521760  0.6677819  0.6789323  0.6768745  0.6730343  0.6692381  0.6682499  0.6708254  0.6739300  0.6752668  0.6784450  0.6732771  0.6648471  0.6662182  0.6493467  0.6466472  0.6785787  0.6947820  0.6947854  0.7037786  0.7039457
 2  0.5699182  0.5222040  0.4957185  0.4930345  0.5048347  0.5027823  0.4981018  0.5231165  0.5464098  0.5472860  0.5359706  0.5192062  0.5238455  0.5489590  0.5637509  0.5684328  0.5656272  0.5535614  0.5479835  0.5549425  0.5436943  0.5547417  0.5882748  0.5998220  0.5963749  0.5960143  0.5875067
 3  0.7528275  0.7087934  0.6733664  0.6562524  0.6653351  0.6685728  0.6676434  0.6829554  0.6967187  0.6957607  0.6913963  0.6863596  0.6841971  0.6888467  0.6938809  0.6947096  0.6984586  0.6928282  0.6822836  0.6861682  0.6702973  0.6633582  0.6981854  0.7170322  0.7154029  0.7238437  0.7248860
 4  0.4541773  0.4185686  0.3867717  0.4040508  0.4220152  0.3985207  0.4024635  0.4539297  0.4730537  0.4566439  0.4289710  0.4134525  0.4498418  0.4867464  0.4893491  0.4904981  0.4817569  0.4577004  0.4752148  0.4861299  0.4598404  0.4959259  0.5306329  0.5247896  0.5118345  0.5163172  0.4948192
 1  0.7310651  0.6893614  0.6447936  0.6156810  0.6103265  0.6289374  0.6561970  0.6612418  0.6748645  0.6948005  0.6949937  0.6805094  0.6713163  0.6760183  0.6676058  0.6492971  0.6415060  0.6108247  0.6086737  0.5615934  0.5393990  0.5811331  0.6273848  0.6190049  0.6699688  0.6320405  0.6023269
 2  0.5714015  0.5249206  0.4863005  0.4581948  0.4578348  0.5000565  0.5354802  0.5461724  0.5673045  0.5928676  0.5922508  0.5667338  0.5316668  0.5124897  0.4972872  0.4890733  0.5119107  0.5248930  0.5310121  0.5009649  0.4965524  0.5382423  0.5591376  0.5733580  0.5901768  0.5542617  0.5303964
 3  0.7535218  0.7145680  0.6686705  0.6361073  0.6271363  0.6432729  0.6736400  0.6797251  0.6916671  0.7146615  0.7177052  0.7021126  0.6888901  0.6919727  0.6844250  0.6653694  0.6585206  0.6290375  0.6287285  0.5814489  0.5525121  0.5964419  0.6493561  0.6336381  0.6951114  0.6584595  0.6207354
 4  0.4534606  0.4148438  0.3786237  0.3515204  0.3734554  0.4459072  0.4687126  0.4628476  0.5015665  0.5304304  0.5129509  0.4471244  0.4069309  0.4106000  0.3952698  0.4069139  0.4478096  0.4723049  0.4745505  0.4468382  0.4644688  0.4995115  0.5122470  0.5281141  0.5389661  0.4745622  0.4679817
 1  0.7294815  0.6844707  0.6450604  0.6228113  0.6150101  0.6222857  0.6415067  0.6721001  0.6842634  0.6927632  0.6901632  0.6863400  0.6744185  0.6586485  0.6730925  0.6624682  0.6604109  0.6629327  0.6808602  0.6876418  0.6870562  0.6990821  0.7029873  0.7010709  0.6903863  0.6773223  0.6579498
 2  0.5725402  0.5238844  0.4903317  0.4661983  0.4558797  0.4684845  0.5160345  0.5586741  0.5756243  0.5762554  0.5622647  0.5442160  0.5166495  0.5206995  0.5573305  0.5639557  0.5632874  0.5670249  0.5762752  0.5688317  0.5562954  0.5659115  0.5812275  0.5857898  0.5733445  0.5488240  0.5123222
 3  0.7525449  0.7104590  0.6692336  0.6432045  0.6321865  0.6376255  0.6557708  0.6897239  0.7038602  0.7119654  0.7090866  0.7043063  0.6918674  0.6743277  0.6913487  0.6836867  0.6804879  0.6828622  0.7008956  0.7073120  0.7044180  0.7159488  0.7222788  0.7214624  0.7110357  0.6969941  0.6759739
 4  0.4554746  0.4167696  0.3829255  0.3568272  0.3604879  0.3914144  0.4625649  0.4977224  0.4962451  0.4844391  0.4620838  0.4364477  0.4059489  0.4542946  0.5003477  0.4923116  0.4904519  0.4963852  0.4958949  0.4659450  0.4566738  0.4918900  0.5100251  0.5055610  0.4804328  0.4393183  0.4025635
 1  0.7294027  0.6818774  0.6459544  0.6293058  0.6343241  0.6393569  0.6469693  0.6459180  0.6384407  0.6370466  0.6338683  0.6622737  0.7012375  0.6948651  0.6882849  0.6889755  0.6921976  0.6943440  0.6906883  0.6903503  0.6949698  0.6926930  0.6907230  0.6889195  0.6898601  0.6840263  0.6807864
 2  0.5698543  0.5217168  0.4930618  0.4828750  0.4897348  0.5000473  0.5088765  0.5072389  0.5078100  0.5227463  0.5407570  0.5899304  0.6104330  0.6026379  0.5688249  0.5377121  0.5305462  0.5384150  0.5451940  0.5483415  0.5538576  0.5532479  0.5503133  0.5552642  0.5570128  0.5469056  0.5444040
 3  0.7524993  0.7083400  0.6703153  0.6490285  0.6515918  0.6561094  0.6635118  0.6636267  0.6551118  0.6547547  0.6524623  0.6775355  0.7254211  0.7181815  0.7075080  0.7056456  0.7078664  0.7112887  0.7084888  0.7071833  0.7126516  0.7106349  0.7081432  0.7067206  0.7085470  0.7024872  0.6976101
 4  0.4541562  0.4175816  0.3858781  0.3888613  0.4058017  0.4184466  0.4265444  0.4155833  0.4320036  0.4605273  0.4785861  0.5397561  0.5475418  0.5000457  0.4389160  0.4194060  0.4429036  0.4569512  0.4482596  0.4592683  0.4672492  0.4589890  0.4600698  0.4739194  0.4688430  0.4444120  0.4593389
 1  0.7272826  0.6765279  0.6393605  0.6229461  0.6238874  0.6277134  0.6533500  0.6912368  0.6842705  0.6704597  0.6601378  0.6597498  0.6783340  0.6723201  0.6641761  0.6653805  0.6684479  0.6622918  0.6513664  0.6470374  0.6373672  0.6268101  0.6540611  0.6890437  0.6951470  0.6973405  0.7024623
 2  0.5729577  0.5210785  0.4908879  0.4802197  0.4847799  0.4942342  0.5496558  0.5872389  0.5813309  0.5476931  0.5049931  0.5060390  0.5406832  0.5461113  0.5314309  0.5270958  0.5384648  0.5419381  0.5433834  0.5475477  0.5459582  0.5477770  0.5893504  0.6058758  0.6088887  0.5928980  0.5629993
 3  0.7510606  0.7032012  0.6637672  0.6429130  0.6413321  0.6446981  0.6671388  0.7112119  0.7068506  0.6905567  0.6773339  0.6743116  0.6953293  0.6923153  0.6825688  0.6821813  0.6860815  0.6816088  0.6705465  0.6663631  0.6578386  0.6455437  0.6701145  0.7134788  0.7194701  0.7176802  0.7199124
 4  0.4584400  0.4170217  0.3873637  0.3876432  0.4034458  0.4156375  0.4984890  0.5280333  0.4892826  0.4198599  0.3755889  0.4363389  0.4793479  0.4548914  0.4251246  0.4417241  0.4666118  0.4668227  0.4705287  0.4824710  0.4789803  0.4907556  0.5394542  0.5479581  0.5206342  0.4731689  0.4347236
 1  0.7263195  0.6761652  0.6315636  0.6060692  0.6009551  0.6087826  0.6142625  0.6040792  0.6292823  0.6620166  0.6874438  0.6905066  0.6935381  0.7042436  0.7043393  0.7060101  0.7124259  0.7155397  0.7164613  0.7223410  0.7131391  0.7104117  0.7020062  0.7003000  0.7047135  0.7002779  0.6919577
 2  0.5711790  0.5212492  0.4855293  0.4628484  0.4622534  0.4776619  0.4828640  0.4815154  0.5280727  0.5821786  0.5981340  0.5965385  0.5818504  0.5708516  0.5546077  0.5372279  0.5442370  0.5551451  0.5756408  0.5909092  0.5879865  0.5731597  0.5516886  0.5485943  0.5571830  0.5554647  0.5303483
 3  0.7502776  0.7030711  0.6563917  0.6266938  0.6181048  0.6249753  0.6317690  0.6205291  0.6441480  0.6792642  0.7106004  0.7130932  0.7123141  0.7223967  0.7222445  0.7216293  0.7276555  0.7325584  0.7331938  0.7417535  0.7330610  0.7288737  0.7193929  0.7166467  0.7222950  0.7187088  0.7092182
 4  0.4579942  0.4180866  0.3832780  0.3645996  0.3822655  0.4068687  0.3975095  0.4093019  0.4784580  0.5311585  0.5336442  0.4992158  0.4787501  0.4740529  0.4368941  0.4177008  0.4540226  0.4663642  0.4988217  0.5126495  0.4913909  0.4614864  0.4400639  0.4609422  0.4749698  0.4497747  0.3968351
 1  0.7283663  0.6827752  0.6392425  0.6130349  0.6010460  0.6175633  0.6475335  0.6582709  0.6759469  0.6844288  0.6832118  0.6883338  0.6928871  0.6920098  0.6746247  0.6593406  0.6849448  0.6658569  0.6587771  0.6689469  0.6788108  0.6755062  0.6810843  0.6860906  0.6857160  0.6952072  0.6932919
 2  0.5709641  0.5238797  0.4865267  0.4560130  0.4455951  0.4913731  0.5339121  0.5519976  0.5655039  0.5670309  0.5571418  0.5549426  0.5605562  0.5571138  0.5309666  0.5453235  0.5811838  0.5669688  0.5456035  0.5433060  0.5514149  0.5498593  0.5548315  0.5535745  0.5609557  0.5766035  0.5756868
 3  0.7517058  0.7088831  0.6635425  0.6337822  0.6179401  0.6311830  0.6649620  0.6767216  0.6941404  0.7041770  0.7018316  0.7055221  0.7111112  0.7107593  0.6933211  0.6743784  0.7057038  0.6897139  0.6785020  0.6859484  0.6972175  0.6945745  0.6994308  0.7045429  0.7029635  0.7147222  0.7142979
 4  0.4566222  0.4170227  0.3800106  0.3425416  0.3579745  0.4433012  0.4725514  0.4753812  0.4903321  0.4794762  0.4574869  0.4685496  0.4785910  0.4618983  0.4210519  0.4880855  0.5258268  0.4751841  0.4369431  0.4611711  0.4754243  0.4655010  0.4668592  0.4603107  0.4864960  0.5082046  0.4800701
 1  0.7305319  0.6896581  0.6452545  0.6176440  0.6190329  0.6343073  0.6518008  0.6437705  0.6422019  0.6450515  0.6674512  0.6773985  0.6744275  0.6766628  0.6776271  0.6861191  0.6770377  0.6691969  0.6581047  0.6556083  0.6568694  0.6515453  0.6415932  0.6421187  0.6492156  0.6786642  0.6957686
 2  0.5721984  0.5266032  0.4863547  0.4672280  0.4845011  0.5227101  0.5448785  0.5319192  0.5073009  0.4957261  0.5236691  0.5423718  0.5467150  0.5455922  0.5511607  0.5562197  0.5489000  0.5353768  0.5307553  0.5500482  0.5667728  0.5638637  0.5548364  0.5496019  0.5668506  0.5907055  0.6011430
 3  0.7533336  0.7150011  0.6691480  0.6373720  0.6356353  0.6505055  0.6706724  0.6643753  0.6607992  0.6604876  0.6826999  0.6953933  0.6923772  0.6948086  0.6953854  0.7043102  0.6961554  0.6874421  0.6757714  0.6733323  0.6770546  0.6733042  0.6624305  0.6621697  0.6669110  0.6988571  0.7181140
 4  0.4550996  0.4161370  0.3764621  0.3749039  0.4163344  0.4657780  0.4761571  0.4360741  0.3850500  0.4056814  0.4587427  0.4634982  0.4588095  0.4579746  0.4691751  0.4742592  0.4564540  0.4405804  0.4542389  0.4915839  0.5067129  0.4956317  0.4828232  0.4782281  0.5068625  0.5318694  0.5211647
 1  0.7307829  0.6860838  0.6512433  0.6396065  0.6617226  0.6666281  0.6661820  0.6791227  0.7113359  0.7068434  0.6948242  0.6904935  0.6871966  0.6869080  0.6959329  0.6957826  0.6920390  0.6892272  0.7047457  0.7000365  0.6895390  0.6858573  0.6865689  0.6836790  0.6812550  0.6765318  0.6756439
 2  0.5712566  0.5225106  0.4933468  0.5055813  0.5353203  0.5372451  0.5116196  0.5445296  0.5937174  0.6003451  0.5813268  0.5487836  0.5092507  0.4894071  0.5224650  0.5545541  0.5643097  0.5806939  0.5966397  0.5922340  0.5666184  0.5406240  0.5264943  0.5152235  0.5060981  0.4961155  0.5078627
 3  0.7532018  0.7114615  0.6748930  0.6579786  0.6797843  0.6859617  0.6832826  0.6915546  0.7308181  0.7296899  0.7155827  0.7085239  0.7033395  0.7007031  0.7105863  0.7134095  0.7112221  0.7072837  0.7257121  0.7219549  0.7092788  0.7030684  0.7030598  0.7001600  0.6973174  0.6919902  0.6907887
 4  0.4532831  0.4141112  0.3864245  0.4345140  0.4665883  0.4340917  0.3682798  0.4871416  0.5404676  0.5187372  0.4654191  0.4161149  0.3645018  0.3880629  0.4542246  0.4834387  0.4817206  0.5117252  0.5287857  0.5004662  0.4485738  0.4275428  0.4250568  0.4109815  0.3890091  0.3870503  0.4286468
 1  0.7288303  0.6817250  0.6350238  0.6077640  0.5683219  0.4281291  0.6209865  0.6840515  0.6533344  0.6559362  0.6615666  0.6585913  0.6540722  0.6701493  0.7049038  0.7125545  0.7005851  0.6965711  0.6960116  0.7067346  0.7222498  0.6995181  0.6754631  0.6638472  0.6709662  0.6652694  0.6624952
 2  0.5741911  0.5237030  0.4842652  0.4608089  0.4346334  0.4087800  0.5827809  0.5953132  0.5782648  0.5739371  0.5670713  0.5465368  0.5171776  0.5589402  0.6079909  0.6179579  0.6002430  0.5646279  0.5206488  0.5749432  0.6126469  0.6028250  0.5601063  0.5144770  0.5078011  0.5016988  0.5035285
 3  0.7523075  0.7079528  0.6595157  0.6282721  0.5862485  0.4358383  0.6281064  0.7137858  0.6795808  0.6777948  0.6831833  0.6791087  0.6718533  0.6836681  0.7253276  0.7369870  0.7232531  0.7151696  0.7114139  0.7195989  0.7460811  0.7247345  0.6970456  0.6805014  0.6864026  0.6828658  0.6787046
 4  0.4580154  0.4169323  0.3805014  0.3626728  0.3562963  0.3898794  0.5421954  0.5429813  0.5088683  0.5019273  0.4848417  0.4394269  0.4055646  0.5069858  0.5542749  0.5452273  0.4877716  0.4141663  0.3796109  0.5258706  0.5575314  0.5114700  0.4171338  0.3906368  0.4249725  0.4059319  0.4029923
 1  0.7302531  0.6859038  0.6458145  0.6234927  0.6168666  0.6257480  0.6396635  0.6394666  0.6380493  0.6582181  0.6876233  0.6806652  0.6743692  0.6800158  0.6846000  0.6907158  0.6868735  0.6928395  0.6869992  0.6829780  0.6795266  0.6760656  0.6798808  0.6902668  0.7110670  0.7035733  0.6891095
 2  0.5733499  0.5237260  0.4894546  0.4674415  0.4615507  0.4819652  0.5069378  0.5104365  0.5179788  0.5683059  0.5926337  0.5827469  0.5551487  0.5380398  0.5421493  0.5562926  0.5717544  0.5788916  0.5670899  0.5436912  0.5243430  0.5283682  0.5454254  0.5880644  0.6080866  0.6024736  0.5681266
 3  0.7529906  0.7113011  0.6696075  0.6438489  0.6340482  0.6409818  0.6562547  0.6575506  0.6547346  0.6735694  0.7098139  0.7033296  0.6932626  0.6969792  0.7012294  0.7084348  0.7056382  0.7131493  0.7075121  0.7009349  0.6958919  0.6931697  0.6976355  0.7071998  0.7337660  0.7263083  0.7087859
 4  0.4553468  0.4144629  0.3838686  0.3612279  0.3699688  0.4130805  0.4354556  0.4236847  0.4460986  0.5192371  0.5297624  0.4820860  0.4390221  0.4389588  0.4632478  0.4823773  0.5001219  0.5009718  0.4626354  0.4229387  0.4266158  0.4503901  0.4712168  0.5297909  0.5433728  0.5049115  0.4454900
 1  0.7306463  0.6839494  0.6448915  0.6231864  0.6197554  0.6239901  0.6432926  0.6624920  0.6950288  0.6921164  0.6833396  0.6825749  0.7012925  0.7065575  0.6971393  0.6924145  0.6909850  0.6967419  0.6980095  0.6853312  0.6747509  0.6836447  0.6796731  0.6949565  0.7067704  0.6897573  0.6768924
 2  0.5746519  0.5227490  0.4906122  0.4729599  0.4668214  0.4821504  0.5190094  0.5713091  0.5974807  0.5932755  0.5623775  0.5413352  0.5641684  0.5771957  0.5666190  0.5355274  0.5017719  0.4991481  0.5398485  0.5609524  0.5698171  0.5755045  0.5724612  0.5947782  0.6028578  0.5882126  0.5586067
 3  0.7534515  0.7096860  0.6689386  0.6435064  0.6374626  0.6393859  0.6591645  0.6785911  0.7167346  0.7148714  0.7033243  0.6985631  0.7176236  0.7263257  0.7167085  0.7095506  0.7059469  0.7107023  0.7139531  0.7060695  0.6948506  0.7038177  0.7002232  0.7125571  0.7296478  0.7128291  0.6962668
 4  0.4558021  0.4152092  0.3868524  0.3737046  0.3704468  0.4114079  0.4596994  0.5180942  0.5348148  0.4996658  0.4309159  0.4426392  0.4995195  0.4992065  0.4503038  0.3889811  0.3649294  0.4081071  0.4784933  0.4915438  0.4939788  0.5007996  0.4889672  0.5284246  0.5367734  0.4896769  0.4516717
 1  0.7306384  0.6854690  0.6481090  0.6274892  0.6250220  0.6276005  0.6351237  0.6613598  0.6951430  0.6932572  0.6874156  0.6929425  0.6955262  0.7000762  0.6956728  0.6940581  0.6855384  0.6914193  0.6899243  0.6858404  0.6887768  0.6953084  0.6967466  0.6925721  0.6856404  0.6880820  0.6915431
 2  0.5714296  0.5239925  0.4925839  0.4689851  0.4515529  0.4390459  0.4704822  0.5642539  0.5984546  0.5954106  0.5732265  0.5570974  0.5509613  0.5474821  0.5440151  0.5397440  0.5534548  0.5783201  0.5804076  0.5633252  0.5480390  0.5506698  0.5492885  0.5389400  0.5302051  0.5574178  0.5765370
 3  0.7535934  0.7115947  0.6722700  0.6477557  0.6424579  0.6428679  0.6482619  0.6757940  0.7172075  0.7158646  0.7066279  0.7107711  0.7129090  0.7171210  0.7128010  0.7110853  0.7020571  0.7114823  0.7117691  0.7049891  0.7054601  0.7124622  0.7146172  0.7099316  0.7016821  0.7046936  0.7121686
 4  0.4547070  0.4177429  0.3834995  0.3569393  0.3331196  0.3282734  0.4130014  0.5221524  0.5365656  0.4990230  0.4644335  0.4581799  0.4561136  0.4494863  0.4446316  0.4411068  0.4864170  0.5165651  0.4891865  0.4459960  0.4499409  0.4667236  0.4533504  0.4227915  0.4370626  0.4970767  0.5078628
 1  0.7298247  0.6826669  0.6510678  0.6448646  0.6712449  0.6748673  0.6740815  0.6768307  0.6841858  0.6942431  0.6873312  0.6794474  0.6885397  0.6884731  0.6902605  0.6902942  0.6895702  0.6887747  0.6942206  0.6915973  0.6932199  0.7031968  0.7077986  0.7105352  0.7145865  0.7143022  0.7081638
 2  0.5696666  0.5211598  0.4960646  0.5169423  0.5484162  0.5518498  0.5299442  0.5057823  0.5081843  0.5249923  0.5272812  0.5283452  0.5571040  0.5719107  0.5709957  0.5607793  0.5459964  0.5436070  0.5531951  0.5513450  0.5553518  0.5668732  0.5726068  0.5713063  0.5713522  0.5714030  0.5597884
 3  0.7525837  0.7088277  0.6751145  0.6627611  0.6897894  0.6945868  0.6913865  0.6924206  0.6986587  0.7100327  0.7048837  0.6951250  0.7056264  0.7086338  0.7101248  0.7087045  0.7069875  0.7055940  0.7117934  0.7099795  0.7099101  0.7207738  0.7264035  0.7277184  0.7320189  0.7321664  0.7261484
 4  0.4530319  0.4162894  0.3882929  0.4496269  0.4817034  0.4516262  0.4013430  0.3826073  0.4204421  0.4440574  0.4175158  0.4423202  0.4944516  0.4972970  0.4758170  0.4554707  0.4445278  0.4584095  0.4702758  0.4524515  0.4664390  0.4887191  0.4776871  0.4721843  0.4793390  0.4770834  0.4559774
 1  0.7291441  0.6867886  0.6534504  0.6359405  0.6189851  0.6137701  0.6477515  0.6760498  0.6693132  0.6784106  0.6701742  0.6632906  0.6734204  0.6873581  0.6883442  0.6877100  0.6888281  0.6856842  0.6890233  0.6877653  0.6947268  0.6936140  0.6953432  0.6908047  0.6843893  0.6744371  0.6604474
 2  0.5731839  0.5256805  0.4940925  0.4669027  0.4328088  0.4492645  0.5546224  0.5857428  0.5847662  0.5765843  0.5530977  0.5239062  0.5281181  0.5493401  0.5540902  0.5568631  0.5622726  0.5677745  0.5676305  0.5646921  0.5628331  0.5630133  0.5636451  0.5621829  0.5537165  0.5399488  0.5215212
 3  0.7522081  0.7122912  0.6769217  0.6559564  0.6362822  0.6271606  0.6606911  0.6996015  0.6920055  0.6993124  0.6906342  0.6810462  0.6890518  0.7045483  0.7068917  0.7053235  0.7070187  0.7051307  0.7088323  0.7061482  0.7130256  0.7118091  0.7137224  0.7096406  0.7032835  0.6931202  0.6787121
 4  0.4562852  0.4155206  0.3814672  0.3421023  0.3083468  0.3909449  0.5175901  0.5268493  0.5045599  0.4887644  0.4462725  0.4125082  0.4488488  0.4755306  0.4645200  0.4679469  0.4860361  0.4917678  0.4774638  0.4731206  0.4745041  0.4760347  0.4788344  0.4746719  0.4621272  0.4441578  0.4261717
