FL 2019 2020 2021 2022 2023 2024 2025 2026 2027 2028 2029 2030 2031 2032 2033 2034 2035 2036 2037 2038 2039 2040 2041 2042 2043 2044 2045
 1    4109.00    3843.84    3843.84    4123.35    4123.35    4851.46    4851.46    7439.12    7439.12    6148.30    6148.30    2540.08    2540.08    2540.08    2540.08    2340.03    2340.03    1042.73    1042.73     256.87     256.87     607.53     607.53    2340.49    2340.49    5926.07    5926.07
 2     783.00     732.16     732.16     785.40     785.40     924.09     924.09    1416.98    1416.98    1171.10    1171.10     483.82     483.82     483.82     483.82     445.72     445.72     198.62     198.62      48.93      48.93     115.72     115.72     445.81     445.81    1128.78    1128.78
 3    3537.00    1584.50    1460.93    2871.61    2390.75    3375.84    3926.09    3727.25    2685.61    2393.73    2393.73    2393.73    2393.73    2393.73    2393.73    2393.73    2393.73    2393.73    2393.73    2393.73    2393.73     380.43     563.95    1051.69    1162.06    2682.50    2682.50
 4    1379.00    1247.40     952.08    1219.72    1778.19    2033.33    1336.92    1081.93     641.45     624.91     624.91     624.91     624.91     624.91     624.91     624.91     624.91     624.91     624.91     624.91     624.91     740.20     663.33     971.25     877.13     867.05     867.05
 1    4109.00    4466.15    4466.15    6240.70    6240.70    3793.48    3793.48    2403.32    2403.32    2413.49    2413.49    1493.18    1493.18    1622.08    1622.08    1516.28    1516.28    2276.27    2276.27   10621.38   10621.38    5895.58    5895.58    1778.24    1778.24     322.01     322.01
 2     783.00     850.70     850.70    1188.70    1188.70     722.57     722.57     457.78     457.78     459.71     459.71     284.42     284.42     308.97     308.97     288.82     288.82     433.58     433.58    2023.12    2023.12    1122.97    1122.97     338.71     338.71      61.34      61.34
 3    3537.00    2557.32    2746.81    3833.60    2856.31    2856.31    1505.51    1205.96    1254.52    1206.43    1621.74    1621.74    1313.03    1313.03    1313.03    1721.38    1753.14    1411.51    2295.48    4835.39    3207.66    3207.66    3207.66    3207.66    3207.66    2803.58    3207.66
 4    1379.00    1140.58     947.67     661.63     527.73     527.73     710.76     585.21     660.56     657.44     658.43     658.43     546.08     546.08     546.08     784.07    1222.49    1134.06    1096.15     720.45     558.35     558.35     558.35     558.35     558.35     558.35     558.35
 1    4109.00    6493.41    6493.41    4960.03    4960.03    7584.65    7584.65    3090.78    3090.78    1603.60    1603.60    1704.32    1704.32     837.61     837.61    2123.35    2123.35    2247.63    2247.63    2033.26    2033.26    3200.27    3200.27    1294.99    1294.99    1880.34    1880.34
 2     783.00    1236.84    1236.84     944.77     944.77    1444.70    1444.70     588.72     588.72     305.45     305.45     324.63     324.63     159.54     159.54     404.45     404.45     428.12     428.12     387.29     387.29     609.58     609.58     246.66     246.66     358.16     358.16
 3    3537.00    2822.43    2823.35    2304.98    2205.15    2274.38    2274.38    2274.38    2274.38    2274.38    2274.38    2274.38    2274.38    2274.38    2274.38    2274.38    2274.38    2274.38    2274.38    2274.38    2274.38    2274.38    2274.38    2274.38     539.31     872.64     872.64
 4    1379.00    1211.79    1006.10     889.58     796.28     658.42     658.42     658.42     658.42     658.42     658.42     658.42     658.42     658.42     658.42     658.42     658.42     658.42     658.42     658.42     658.42     658.42     658.42     658.42     792.57     681.20     681.20
 1    4109.00    2510.05    2510.05    6196.34    6196.34    4038.80    4038.80    1587.43    1587.43    1196.12    1196.12    2056.82    2056.82    2610.76    2610.76    3330.56    3330.56    5171.63    5171.63    3744.51    3744.51    5155.00    5155.00    5036.72    5036.72    3193.81    3193.81
 2     783.00     478.10     478.10    1180.26    1180.26     769.30     769.30     302.37     302.37     227.83     227.83     391.78     391.78     497.29     497.29     634.39     634.39     985.07     985.07     713.24     713.24     981.90     981.90     959.38     959.38     608.34     608.34
 3    3537.00    2586.67    3024.95    3202.30    2750.00    1943.19    1943.19    1177.42    1165.00     716.09    1183.00    2020.66    2211.16    2946.00    2782.08    2838.96    1985.79    1589.93    1656.98    1818.31    1770.77    1719.28    1637.69    1637.69    1637.69    1637.69    1637.69
 4    1379.00    1242.83     962.92     855.32     653.83     505.17     505.17     752.89    1026.07    1033.59    1231.69    1247.78    1096.99    1020.04     894.06     809.00     840.06     727.82     751.14     846.36    1054.79    1003.12     659.49     659.49     659.49     659.49     659.49
 1    4109.00    3921.92    3921.92    4492.03    4492.03    6194.96    6194.96    9950.09    9950.09    8392.69    8392.69    1751.90    1751.90     966.97     966.97    4195.88    4195.88    4331.25    4331.25    2135.36    2135.36    4518.36    4518.36    5014.09    5014.09     911.99     911.99
 2     783.00     747.03     747.03     855.62     855.62    1179.99    1179.99    1895.26    1895.26    1598.61    1598.61     333.70     333.70     184.18     184.18     799.22     799.22     825.00     825.00     406.74     406.74     860.64     860.64     955.06     955.06     173.71     173.71
 3    3537.00    1829.79    2167.28    2166.76    2040.91    2722.27    2604.80    2243.98    1870.91    1870.91    1870.91    1870.91    1870.91     392.31    1043.28    1043.28    1043.28    1043.28    1043.28     697.30     697.30     697.30     697.30     697.30     697.30     697.30     697.30
 4    1379.00    1049.10     932.42     887.41     943.27    1001.88    1068.43     917.00     860.00     860.00     860.00     860.00     860.00     705.29     781.38     781.38     781.38     781.38     781.38     718.19     718.19     718.19     718.19     718.19     718.19     718.19     718.19
 1    4109.00    6447.21    6447.21    7191.95    7191.95    4753.06    4753.06    1606.84    1606.84    1754.68    1754.68    1445.14    1445.14    2786.78    2786.78    3494.11    3494.11    2182.03    2182.03    1031.18    1031.18    1808.27    1808.27    4342.34    4342.34    1502.42    1502.42
 2     783.00    1228.04    1228.04    1369.90    1369.90     905.34     905.34     306.06     306.06     334.22     334.22     275.26     275.26     530.82     530.82     665.54     665.54     415.62     415.62     196.42     196.42     344.43     344.43     827.11     827.11     286.18     286.18
 3    3537.00    2963.81    2783.68    2787.57    2787.57    2787.57    2787.57    2787.57     538.61     538.61     538.61     538.61     538.61     538.61     538.61     538.61     538.61     538.61     538.61     538.61     538.61     671.83     671.83    1741.24    1741.24     800.74     800.74
 4    1379.00    1171.24    1003.64     862.32     862.32     862.32     862.32     862.32     733.88     733.88     733.88     733.88     733.88     733.88     733.88     733.88     733.88     733.88     733.88     733.88     733.88     777.77     777.77     536.06     536.06     689.54     689.54
 1    4109.00    6966.04    6966.04    3535.69    3535.69    2580.27    2580.27    1798.10    1798.10    1260.34    1260.34     720.72     720.72     678.68     678.68    3416.03    3416.03    1701.08    1701.08    1077.85    1077.85    2412.56    2412.56    5793.94    5793.94    3989.37    3989.37
 2     783.00    1326.86    1326.86     673.46     673.46     491.48     491.48     342.50     342.50     240.06     240.06     137.28     137.28     129.27     129.27     650.67     650.67     324.02     324.02     205.30     205.30     459.54     459.54    1103.61    1103.61     759.88     759.88
 3    3537.00    2455.43    2619.06    1921.86    1921.86    1921.86    1921.86    1921.86    1921.86    1921.86    1921.86    1921.86    1921.86    1921.86    1921.86    1921.86    1921.86    1921.86     437.52     503.74    1146.34    2317.47    2766.58    3444.63    3430.42    3430.42    3430.42
 4    1379.00    1131.66     937.94     777.05     777.05     777.05     777.05     777.05     777.05     777.05     777.05     777.05     777.05     777.05     777.05     777.05     777.05     777.05     871.21    1122.01    1200.20    1428.72    1417.71    1079.26     822.51     822.51     822.51
 1    4109.00    1392.47    1392.47    1654.42    1654.42    3213.21    3213.21    6375.14    6375.14    3641.48    3641.48    7786.55    7786.55    4197.27    4197.27    1545.39    1545.39    3924.23    3924.23   11581.42   11581.42    7006.23    7006.23    1021.48    1021.48     357.59     357.59
 2     783.00     265.23     265.23     315.13     315.13     612.04     612.04    1214.31    1214.31     693.62     693.62    1483.15    1483.15     799.48     799.48     294.36     294.36     747.47     747.47    2205.98    2205.98    1334.52    1334.52     194.57     194.57      68.11      68.11
 3    3537.00    1903.75    2123.06    2123.06    2123.06    2123.06    1539.19    1408.64    1572.54     967.69    1597.14    3025.20    3025.20    3025.20    3025.20    3025.20     486.28    1002.95    2030.45    5809.15    4548.17    4548.17    4548.17    4548.17    4192.65    4548.17     211.81
 4    1379.00    1140.92    1003.12    1003.12    1003.12    1003.12     864.22    1077.28    1259.61    1094.09    1064.34     814.32     814.32     814.32     814.32     814.32    1302.57    1479.62    1349.46    1170.10     865.78     865.78     865.78     865.78     865.78     865.78     961.78
 1    4109.00    6888.42    6888.42    8037.41    8037.41    3858.16    3858.16     597.37     597.37    2550.24    2550.24    5363.82    5363.82    4435.66    4435.66    2527.14    2527.14    1166.09    1166.09     901.36     901.36     960.04     960.04    1337.95    1337.95    4522.52    4522.52
 2     783.00    1312.08    1312.08    1530.94    1530.94     734.89     734.89     113.78     113.78     485.76     485.76    1021.68    1021.68     844.89     844.89     481.36     481.36     222.11     222.11     171.69     171.69     182.86     182.86     254.85     254.85     861.43     861.43
 3    3537.00    2914.57    2539.13    2212.05    2212.05    2212.05    2212.05     526.30     932.32    1098.65    1837.03    2866.59    2003.86    2003.86    2003.86    2003.86    2003.86    2003.86    2003.86    2003.86    2003.86    2003.86    1001.06     694.02    1082.21    3328.21    4243.21
 4    1379.00    1265.14     865.17     672.20     672.20     672.20     672.20     939.18    1267.52    1261.39    1120.67     958.49     739.34     739.34     739.34     739.34     739.34     739.34     739.34     739.34     739.34     739.34     841.68    2124.60    2941.28    2125.47    1564.88
 1    4109.00    6048.97    6048.97    4604.29    4604.29    3097.71    3097.71    2538.69    2538.69    1756.52    1756.52    1377.22    1377.22    1322.71    1322.71    1877.57    1877.57    4874.56    4874.56    4358.97    4358.97    4947.10    4947.10     925.85     925.85     527.14     527.14
 2     783.00    1152.18    1152.18     877.01     877.01     590.04     590.04     483.56     483.56     334.58     334.58     262.33     262.33     251.94     251.94     357.63     357.63     928.49     928.49     830.28     830.28     942.30     942.30     176.35     176.35     100.41     100.41
 3    3537.00    2436.33    2117.71    1967.71    1926.26    1926.26    1926.26    1926.26    1926.26    1926.26    1926.26    1926.26    1926.26    1926.26     657.38     985.48    1582.77    2619.95    2619.95    2619.95    2619.95    2619.95    2619.95    2619.95    2619.95    2619.95    2619.95
 4    1379.00    1086.93     901.60    1023.56     744.93     744.93     744.93     744.93     744.93     744.93     744.93     744.93     744.93     744.93     767.22    1155.72    1219.74     833.29     833.29     833.29     833.29     833.29     833.29     833.29     833.29     833.29     833.29
 1    4109.00    3446.06    3446.06    3720.95    3720.95    4048.51    4048.51    3430.81    3430.81    2588.59    2588.59    1878.95    1878.95    4647.26    4647.26    4754.44    4754.44    4976.66    4976.66    2649.11    2649.11    3733.88    3733.88    2505.89    2505.89    2782.16    2782.16
 2     783.00     656.39     656.39     708.75     708.75     771.14     771.14     653.49     653.49     493.06     493.06     357.90     357.90     885.19     885.19     905.61     905.61     947.94     947.94     504.59     504.59     711.22     711.22     477.31     477.31     529.94     529.94
 3    3537.00    3160.80    3085.61    2907.89    2333.14    2354.90    2278.95    2278.95    2278.95    2278.95    2278.95     992.78    1132.61    1622.45    1887.85    2798.78    2760.51    2372.37    2320.23    1671.89    1671.89    1671.89    1671.89    1671.89    1671.89    1671.89    1671.89
 4    1379.00    1442.02     966.88     750.96     653.84     662.02     797.54     797.54     797.54     797.54     797.54     992.05    1104.61    1111.99     958.98    1002.43     888.51     862.64     816.76     663.71     663.71     663.71     663.71     663.71     663.71     663.71     663.71
 1    4109.00    4743.35    4743.35    5448.37    5448.37    4797.41    4797.41    3250.63    3250.63    1376.30    1376.30     931.39     931.39    3621.16    3621.16    6511.89    6511.89    5333.33    5333.33    2252.25    2252.25    2999.77    2999.77    5246.93    5246.93    7507.50    7507.50
 2     783.00     903.50     903.50    1037.78    1037.78     913.79     913.79     619.17     619.17     262.15     262.15     177.41     177.41     689.74     689.74    1240.36    1240.36    1015.87    1015.87     429.00     429.00     571.38     571.38     999.42     999.42    1430.00    1430.00
 3    3537.00    2352.33    2504.91    2182.97    1984.32    1984.32    1984.32    1984.32    1984.32    1984.32    1984.32     356.64     974.72    2205.99    2821.83    3239.48    2519.48    2519.48    1265.90    1100.10    1035.89    1451.32    1329.63    1778.88    2242.67    3244.54    2670.73
 4    1379.00    1184.95     963.64     778.58     631.40     631.40     631.40     631.40     631.40     631.40     631.40     977.45    1342.74    1370.73    1082.94     832.86     624.99     624.99     643.59     809.07     842.36     826.81     957.99    1474.26    1532.00    1531.12    1313.14
 1    4109.00    5658.58    5658.58    3220.14    3220.14    2241.16    2241.16    1323.17    1323.17    2592.28    2592.28    2600.14    2600.14    2049.89    2049.89     779.86     779.86    1054.75    1054.75    1202.59    1202.59    2210.21    2210.21    4877.80    4877.80    3984.29    3984.29
 2     783.00    1077.82    1077.82     613.36     613.36     426.89     426.89     252.03     252.03     493.77     493.77     495.26     495.26     390.46     390.46     148.54     148.54     200.90     200.90     229.06     229.06     420.99     420.99     929.10     929.10     758.91     758.91
 3    3537.00    2328.80    2684.43    1368.05    1528.27    1525.83    1525.83    1525.83    1525.83    1525.83    1525.83    1525.83    1525.83    1525.83    1525.83    1525.83    1525.83    1525.83     192.96     192.96     192.96     192.96     192.96     192.96     772.55     961.50    1297.67
 4    1379.00     940.81     838.64     601.34     855.35     916.67     916.67     916.67     916.67     916.67     916.67     916.67     916.67     916.67     916.67     916.67     916.67     916.67     657.26     657.26     657.26     657.26     657.26     657.26     795.73    1325.15    1347.17
 1    4109.00    5649.34    5649.34    9430.34    9430.34    5855.85    5855.85    5310.23    5310.23    2741.05    2741.05    3319.01    3319.01    4832.52    4832.52    3006.23    3006.23    1618.85    1618.85    3128.20    3128.20    7610.53    7610.53    4405.17    4405.17    1899.74    1899.74
 2     783.00    1076.06    1076.06    1796.26    1796.26    1115.40    1115.40    1011.47    1011.47     522.10     522.10     632.19     632.19     920.48     920.48     572.62     572.62     308.35     308.35     595.85     595.85    1449.62    1449.62     839.08     839.08     361.86     361.86
 3    3537.00    1088.38    1215.95    2185.97    1408.04    1408.04     943.24    1339.49    1339.49    1339.49     633.03    1083.99    1187.74    1187.74    1187.74    1187.74    1003.81     964.44    1575.40    1888.46    2233.98    2233.98    2233.98    2233.98    2233.98    2233.98    2233.98
 4    1379.00    1142.91     905.82     652.04     600.36     600.36     719.15     670.39     670.39     670.39     768.93    1033.45     816.39     816.39     816.39     816.39     754.76     913.02    1291.04    1344.44    1101.54    1101.54    1101.54    1101.54    1101.54    1101.54    1101.54
 1    4109.00    5167.01    5167.01    4750.75    4750.75    3130.05    3130.05    2212.52    2212.52    1981.98    1981.98     525.76     525.76    3237.23    3237.23    2612.15    2612.15    3238.62    3238.62    2488.79    2488.79    1330.56    1330.56     705.01     705.01    1161.01    1161.01
 2     783.00     984.19     984.19     904.90     904.90     596.20     596.20     421.43     421.43     377.52     377.52     100.14     100.14     616.62     616.62     497.55     497.55     616.88     616.88     474.06     474.06     253.44     253.44     134.29     134.29     221.14     221.14
 3    3537.00    1359.16    1860.58    1725.91    1633.56    1633.56    1633.56    1633.56    1633.56    1633.56    1633.56     346.72     411.40    2040.92    2040.92    2040.92    2040.92    2040.92    2040.92    2040.92    2040.92    2040.92    2040.92    2040.92    2040.92    2040.92     654.46
 4    1379.00     942.76     835.08     804.05     919.31     919.31     919.31     919.31     919.31     919.31     919.31     938.49    1009.59     887.79     887.79     887.79     887.79     887.79     887.79     887.79     887.79     887.79     887.79     887.79     887.79     887.79     706.07
 1    4109.00    4684.22    4684.22    3463.15    3463.15    5474.70    5474.70    5236.77    5236.77    4027.72    4027.72    3797.18    3797.18    3973.20    3973.20    2608.45    2608.45    3173.48    3173.48    6029.10    6029.10    8597.36    8597.36    5386.92    5386.92    3722.33    3722.33
 2     783.00     892.23     892.23     659.65     659.65    1042.80    1042.80     997.48     997.48     767.18     767.18     723.27     723.27     756.80     756.80     496.85     496.85     604.47     604.47    1148.40    1148.40    1637.59    1637.59    1026.08    1026.08     709.02     709.02
 3    3537.00    2200.12    1904.63    2563.95    2357.77    1582.40    1244.95    1281.88    1605.10    1414.85    1375.21    1884.18    1972.40    1995.66    2040.86    1353.54    1804.19    1504.93    2528.02    4719.73    4719.73    3236.44    3236.44    1315.08    1060.21    1399.43    1709.66
 4    1379.00    1256.15     920.02     672.33     655.85     657.36     706.10     688.12     705.01     840.38     899.26     848.90     698.33     656.35     705.30     900.80    1922.44    2103.61    1670.42    1139.62    1139.62     618.83     618.83     742.81     916.91     973.73    1338.61
 1    4109.00    6814.96    6814.96    3641.95    3641.95    3772.23    3772.23    1950.10    1950.10    1305.15    1305.15    1391.54    1391.54    1705.24    1705.24    5537.07    5537.07    6903.67    6903.67    6147.37    6147.37    6755.83    6755.83    2208.82    2208.82    1161.01    1161.01
 2     783.00    1298.09    1298.09     693.70     693.70     718.52     718.52     371.45     371.45     248.60     248.60     265.06     265.06     324.81     324.81    1054.68    1054.68    1314.98    1314.98    1170.93    1170.93    1286.82    1286.82     420.73     420.73     221.14     221.14
 3    3537.00    3740.74    3515.62    2349.67    2056.60    2005.97    2005.97    2005.97    2005.97    2005.97    2005.97    2005.97    1075.69    1459.66    1640.19    4184.76    3988.11    3344.40    2112.81    1284.07    1387.73    1387.73    1387.73    1387.73    1387.73    1387.73    1387.73
 4    1379.00    1000.42     834.39     810.50     852.49     778.82     778.82     778.82     778.82     778.82     778.82     778.82     880.56    1709.95    1406.04     959.64     734.39     956.86    1037.75     831.70     655.94     655.94     655.94     655.94     655.94     655.94     655.94
 1    4109.00    4288.75    4288.75    5369.83    5369.83    4204.66    4204.66    5252.02    5252.02    3411.87    3411.87    1451.14    1451.14    1976.44    1976.44    1293.60    1293.60    2210.67    2210.67    3248.78    3248.78    2939.24    2939.24    4413.49    4413.49    3163.31    3163.31
 2     783.00     816.90     816.90    1022.82    1022.82     800.89     800.89    1000.38    1000.38     649.88     649.88     276.41     276.41     376.46     376.46     246.40     246.40     421.08     421.08     618.82     618.82     559.86     559.86     840.66     840.66     602.54     602.54
 3    3537.00    3456.06    3510.02    3366.13    3226.92    2663.43    2670.59    2670.59    2670.59    2670.59    2670.59    2670.59    2670.59    2670.59     704.98     966.08    1112.31    1305.61    1733.72    1979.10    1707.29    2170.31    2167.88    2167.88    2977.56    1992.96    1377.80
 4    1379.00    1211.08     935.63    1034.47     871.54     997.71     957.60     957.60     957.60     957.60     957.60     957.60     957.60     957.60     594.32     740.07     709.85     677.48     836.86    1429.79    1382.03    1244.78     889.89     889.89     664.96    1001.05     938.74
 1    4109.00    4831.13    4831.13   12134.43   12134.43    3164.70    3164.70     659.27     659.27     237.93     237.93     259.18     259.18     635.71     635.71     416.26     416.26     716.10     716.10     486.95     486.95     779.39     779.39     380.69     380.69     471.24     471.24
 2     783.00     920.22     920.22    2311.32    2311.32     602.80     602.80     125.58     125.58      45.32      45.32      49.37      49.37     121.09     121.09      79.29      79.29     136.40     136.40      92.75      92.75     148.46     148.46      72.51      72.51      89.76      89.76
 3    3537.00    2997.01    2748.07    2748.07    2748.07    2748.07    2748.07    2316.20    2646.01    2498.77    2680.28    2748.07    2748.07    2748.07    2748.07    2748.07    2748.07    2748.07    2748.07    2748.07    2748.07    2748.07    2748.07    2748.07    2748.07    2748.07    2748.07
 4    1379.00    1209.41     917.65     917.65     917.65     917.65     917.65     917.65     917.65     917.65     917.65     917.65     917.65     917.65     917.65     917.65     917.65     917.65     917.65     917.65     917.65     917.65     917.65     917.65     917.65     917.65     917.65
 1    4109.00    4753.98    4753.98    5943.17    5943.17    4555.78    4555.78    4332.64    4332.64     931.85     931.85    2247.63    2247.63    3649.34    3649.34    7390.61    7390.61    8705.93    8705.93    3857.24    3857.24    4092.86    4092.86    1715.41    1715.41     736.89     736.89
 2     783.00     905.52     905.52    1132.03    1132.03     867.77     867.77     825.26     825.26     177.50     177.50     428.12     428.12     695.11     695.11    1407.74    1407.74    1658.27    1658.27     734.71     734.71     779.59     779.59     326.74     326.74     140.36     140.36
 3    3537.00    2520.44    2234.60    2267.51    1869.88    1869.88    1869.88    1869.88    1869.88     506.85     819.45    1798.26    2314.44    1877.62    2010.41    2843.07    2212.83    1719.48    1719.48    1719.48    1719.48    1719.48    1719.48    1719.48    1719.48    1719.48    1719.48
 4    1379.00    1066.55     871.96     956.80    1017.69    1017.69    1017.69    1017.69    1017.69     975.21    1184.64     875.40     770.89     799.51     937.30     957.35     745.32     620.74     620.74     620.74     620.74     620.74     620.74     620.74     620.74     620.74     620.74
 1    4109.00    4037.42    4037.42    4000.00    4000.00    1991.68    1991.68    2273.96    2273.96    1664.59    1664.59    3528.76    3528.76    4857.47    4857.47    6640.79    6640.79    4763.22    4763.22    1623.01    1623.01     508.20     508.20    1663.20    1663.20    1670.13    1670.13
 2     783.00     769.03     769.03     761.90     761.90     379.37     379.37     433.14     433.14     317.06     317.06     672.14     672.14     925.23     925.23    1264.91    1264.91     907.28     907.28     309.14     309.14      96.80      96.80     316.80     316.80     318.12     318.12
 3    3537.00    2108.04    2804.83    2083.18    2083.18    1430.60    1430.60    1226.97    1172.31    2010.39    2141.88    2759.62    2749.31    3133.52    2748.18    2748.18    2748.18    2748.18    2748.18    2748.18    2748.18    2748.18    2748.18    2748.18    2748.18     705.49     916.90
 4    1379.00    1119.18    1084.33     705.05     705.05     572.97     572.97     799.34     953.72    1352.47    1210.29    1113.18     969.39     925.14     712.46     712.46     712.46     712.46     712.46     712.46     712.46     712.46     712.46     712.46     712.46     785.70    1058.88
 1    4109.00    4456.91    4456.91    4266.57    4266.57    2961.42    2961.42    5117.57    5117.57     840.84     840.84    1908.98    1908.98    4042.96    4042.96    3699.70    3699.70    1977.82    1977.82    1808.27    1808.27    1657.66    1657.66    1512.13    1512.13    1382.30    1382.30
 2     783.00     848.94     848.94     812.68     812.68     564.08     564.08     974.78     974.78     160.16     160.16     363.62     363.62     770.09     770.09     704.70     704.70     376.73     376.73     344.43     344.43     315.74     315.74     288.02     288.02     263.30     263.30
 3    3537.00    1878.78    2491.52    2937.02    3305.95    1616.94    1616.94    1616.94    1616.94    1616.94    1036.08    1140.08    1441.88    1441.88    1441.88    1441.88    1441.88    1441.88    1441.88    1441.88    1441.88     809.79    1115.88    1115.88    1115.88    1115.88    1115.88
 4    1379.00    1150.21    1027.37     900.33     979.54     709.00     709.00     709.00     709.00     709.00     870.80     867.07     755.66     755.66     755.66     755.66     755.66     755.66     755.66     755.66     755.66     777.41     775.47     775.47     775.47     775.47     775.47
 1    4109.00    4004.62    4004.62    8517.89    8517.89   13664.57   13664.57    4924.00    4924.00    4558.09    4558.09    8086.85    8086.85    3983.83    3983.83    5917.76    5917.76    3086.16    3086.16    2586.74    2586.74    1130.05    1130.05    3125.43    3125.43    2867.17    2867.17
 2     783.00     762.78     762.78    1622.46    1622.46    2602.78    2602.78     937.90     937.90     868.21     868.21    1540.35    1540.35     758.82     758.82    1127.19    1127.19     587.84     587.84     492.71     492.71     215.25     215.25     595.32     595.32     546.13     546.13
 3    3537.00    2202.93    2168.52    2530.40    2233.46    2103.14    1418.37     661.51    1092.36    1092.36     938.09    1230.05    1230.05     655.94     779.49    1145.54    1484.79    2306.63    2209.60    2209.60    2209.60    2209.60    2209.60    2209.60    2209.60    2209.60    2209.60
 4    1379.00     989.31     934.63    1077.75     913.97     678.01     768.57     734.90     624.15     624.15     683.23     656.42     656.42     751.31    1253.93    1042.01     844.47     708.00     625.11     625.11     625.11     625.11     625.11     625.11     625.11     625.11     625.11
 1    4109.00    4684.22    4684.22    4005.54    4005.54    3193.81    3193.81    2005.08    2005.08    1737.58    1737.58    2241.62    2241.62    1151.30    1151.30    1103.72    1103.72    3722.33    3722.33   16279.49   16279.49   15877.09   15877.09    5945.48    5945.48    2954.03    2954.03
 2     783.00     892.23     892.23     762.96     762.96     608.34     608.34     381.92     381.92     330.97     330.97     426.98     426.98     219.30     219.30     210.23     210.23     709.02     709.02    3100.86    3100.86    3024.21    3024.21    1132.47    1132.47     562.67     562.67
 3    3537.00    2052.56    2058.45    2058.45    2058.45    2058.45    2058.45    2058.45    2058.45    2058.45    2058.45    2058.45    2058.45    2058.45    2058.45     756.09    1436.63    1579.86    3102.66    6370.14    7010.93    5702.23    4198.48    2562.03    1799.14    1414.59    1421.24
 4    1379.00    1199.92     896.00     896.00     896.00     896.00     896.00     896.00     896.00     896.00     896.00     896.00     896.00     896.00     896.00    1160.15    2229.47    3590.27    3969.24    3460.53    2189.81    1051.45     752.12     550.15     678.82     876.58     965.59
 1    4109.00    4122.89    4122.89    5584.19    5584.19    5439.13    5439.13    6054.97    6054.97    1041.81    1041.81     445.37     445.37    1391.54    1391.54    2880.57    2880.57    3816.58    3816.58    4132.13    4132.13    4019.86    4019.86    5063.52    5063.52    3222.45    3222.45
 2     783.00     785.31     785.31    1063.66    1063.66    1036.02    1036.02    1153.33    1153.33     198.44     198.44      84.83      84.83     265.06     265.06     548.68     548.68     726.97     726.97     787.07     787.07     765.69     765.69     964.48     964.48     613.80     613.80
 3    3537.00    2480.28    2688.80    2999.97    2588.44    2470.46    2470.46    2470.46    2470.46    2470.46    2470.46    2470.46     474.54     474.54     975.45    1526.61    1199.71    1739.06    1621.59    1621.59    1893.57    1243.60    2715.52    3544.90    3632.50    3632.50    3632.50
 4    1379.00    1275.24    1234.24    1015.58     905.98     819.82     819.82     819.82     819.82     819.82     819.82     819.82     726.89     726.89     588.38     807.44     840.41     831.37     584.28     584.28     785.93    1332.60    1347.74    1026.36     692.72     692.72     692.72
 1    4109.00    3383.69    3383.69    3946.87    3946.87    5737.58    5737.58    1389.23    1389.23     770.62     770.62     703.63     703.63    2830.21    2830.21    2080.39    2080.39    2368.67    2368.67    2390.39    2390.39    1939.01    1939.01    1685.38    1685.38     624.16     624.16
 2     783.00     644.51     644.51     751.78     751.78    1092.87    1092.87     264.62     264.62     146.78     146.78     134.02     134.02     539.09     539.09     396.26     396.26     451.18     451.18     455.31     455.31     369.34     369.34     321.02     321.02     118.89     118.89
 3    3537.00    2123.18    2283.22    3455.97    3455.97    3455.97    3455.97    3455.97    3455.97    3455.97     458.10     380.47     542.50    1543.54    2054.68    2540.25    2690.24    2377.85    2377.85    2377.85    2377.85    2377.85    2377.85    2377.85    2377.85    2377.85    2377.85
 4    1379.00    1092.63     923.03     784.35     784.35     784.35     784.35     784.35     784.35     784.35     623.01    1086.95    1126.66    1038.77     855.30     891.50     699.42     634.98     634.98     634.98     634.98     634.98     634.98     634.98     634.98     634.98     634.98
 1    4109.00    3527.83    3527.83    4706.86    4706.86    4382.07    4382.07    1768.07    1768.07    1787.94    1787.94    1360.59    1360.59    1796.26    1796.26    2551.16    2551.16    2274.43    2274.43    2074.84    2074.84     671.75     671.75    1140.68    1140.68    2104.41    2104.41
 2     783.00     671.97     671.97     896.54     896.54     834.68     834.68     336.78     336.78     340.56     340.56     259.16     259.16     342.14     342.14     485.94     485.94     433.22     433.22     395.21     395.21     127.95     127.95     217.27     217.27     400.84     400.84
 3    3537.00    3044.32    2796.09    2633.74    2627.74    1899.14    1899.14    1899.14    1899.14    1899.14     834.09     754.88     754.88     754.88     754.88     754.88     754.88     754.88     754.88     754.88     754.88     754.88     754.88     754.88     638.24    1263.79    1279.91
 4    1379.00    1152.10     878.38     802.92     811.76     631.63     631.63     631.63     631.63     631.63     756.30     987.00     987.00     987.00     987.00     987.00     987.00     987.00     987.00     987.00     987.00     987.00     987.00     987.00     631.58     903.36     751.80
 1    4109.00    4289.67    4289.67    3977.36    3977.36    4726.26    4726.26    4083.62    4083.62    2579.35    2579.35    2707.78    2707.78    1294.99    1294.99    1663.66    1663.66     855.62     855.62     522.52     522.52    1373.99    1373.99    4623.70    4623.70    5869.71    5869.71
 2     783.00     817.08     817.08     757.59     757.59     900.24     900.24     777.83     777.83     491.30     491.30     515.77     515.77     246.66     246.66     316.89     316.89     162.98     162.98      99.53      99.53     261.71     261.71     880.70     880.70    1118.04    1118.04
 3    3537.00    2224.15    2202.15    2017.02    2422.02    2714.44    3379.40    3379.40    3379.40    3379.40    3379.40    3379.40    3379.40    3379.40    3379.40    3379.40    3379.40    3379.40    3379.40     229.06     718.34    1411.16    2101.87    3722.05    3722.05    3722.05    3722.05
 4    1379.00    1130.14     956.38     995.08    1080.46    1348.95    1085.99    1085.99    1085.99    1085.99    1085.99    1085.99    1085.99    1085.99    1085.99    1085.99    1085.99    1085.99    1085.99    1040.51    1117.59    1246.40    1332.39     998.65     998.65     998.65     998.65
 1    4109.00    3978.28    3978.28    7331.94    7331.94    4410.71    4410.71    1914.53    1914.53     945.25     945.25    3390.16    3390.16    3308.84    3308.84    2079.00    2079.00    3137.44    3137.44    3451.60    3451.60    4919.38    4919.38    3864.63    3864.63    1808.73    1808.73
 2     783.00     757.77     757.77    1396.56    1396.56     840.14     840.14     364.67     364.67     180.05     180.05     645.74     645.74     630.26     630.26     396.00     396.00     597.61     597.61     657.45     657.45     937.02     937.02     736.12     736.12     344.52     344.52
 3    3537.00    2374.03    2304.04    3070.12    2375.41    2375.41    2375.41    2375.41     611.08     729.39    1012.55    1012.55    1012.55    1012.55    1012.55    1012.55    1012.55    1414.47    1261.74    2360.00    3081.17    2837.70    2651.81    2620.53    2182.74    1204.41    1656.74
 4    1379.00    1108.45     868.04     856.42     621.66     621.66     621.66     621.66     772.05     858.89     860.98     860.98     860.98     860.98     860.98     860.98     860.98     803.41     970.78    1220.26    1140.64    1033.60     799.20     682.10     942.96     894.32     920.94
 1    4109.00    5283.43    5283.43    4458.76    4458.76    5170.24    5170.24    1162.85    1162.85     211.13     211.13    1118.50    1118.50    3416.03    3416.03    2974.82    2974.82     998.84     998.84    3112.96    3112.96    7395.23    7395.23    2932.78    2932.78    4028.18    4028.18
 2     783.00    1006.37    1006.37     849.29     849.29     984.81     984.81     221.50     221.50      40.22      40.22     213.05     213.05     650.67     650.67     566.63     566.63     190.26     190.26     592.94     592.94    1408.62    1408.62     558.62     558.62     767.27     767.27
 3    3537.00    3411.59    3773.70    3773.70    3773.70    3773.70    3773.70    3773.70    3614.04    3773.70     127.88     127.88     127.88     127.88     127.88     127.88     127.88     358.79     461.92    1361.64    1361.64    1361.64    1361.64    1361.64     611.81    1013.73    1456.36
 4    1379.00    1284.84    1103.61    1103.61    1103.61    1103.61    1103.61    1103.61    1103.61    1103.61     670.31     670.31     670.31     670.31     670.31     670.31     670.31     681.67     740.33     617.02     617.02     617.02     617.02     617.02     870.41    1367.91    1415.36
 1    4109.00    4769.69    4769.69    5434.51    5434.51    2761.84    2761.84    3647.49    3647.49    4378.37    4378.37    1484.87    1484.87    1521.37    1521.37    1795.79    1795.79    3725.57    3725.57    6064.67    6064.67    5038.11    5038.11    2445.83    2445.83    1506.58    1506.58
 2     783.00     908.51     908.51    1035.14    1035.14     526.06     526.06     694.76     694.76     833.98     833.98     282.83     282.83     289.78     289.78     342.06     342.06     709.63     709.63    1155.18    1155.18     959.64     959.64     465.87     465.87     286.97     286.97
 3    3537.00    2834.01    3113.00    2753.37    2753.37    2753.37    1508.96    1156.52    1156.52    1156.52    1156.52    1156.52    1156.52    1156.52    1156.52     847.96    1093.52    2182.16    2136.09    3676.24    2756.14    1834.79    1849.80    1849.80    1849.80    1849.80    1849.80
 4    1379.00    1114.13     940.92     691.20     691.20     691.20     962.75     826.55     826.55     826.55     826.55     826.55     826.55     826.55     826.55     956.69    1221.93    1202.24     840.53     868.45     788.35     711.81     677.84     677.84     677.84     677.84     677.84
 1    4109.00    5854.93    5854.93    3356.43    3356.43    3402.63    3402.63    2692.07    2692.07    1366.13    1366.13    2406.56    2406.56    2712.40    2712.40    3682.14    3682.14    2479.09    2479.09    1957.96    1957.96     754.91     754.91    1495.49    1495.49    1287.59    1287.59
 2     783.00    1115.22    1115.22     639.32     639.32     648.12     648.12     512.78     512.78     260.22     260.22     458.39     458.39     516.65     516.65     701.36     701.36     472.21     472.21     372.94     372.94     143.79     143.79     284.86     284.86     245.26     245.26
 3    3537.00    3014.93    2965.94    3102.53    2524.11    1716.09    1716.09    1567.21    1573.94    1142.01    1434.93    2055.59    1669.94    2500.27    1994.64    2029.48    2029.48    2029.48    2029.48    2029.48    2029.48    2029.48    2029.48    2029.48    2029.48    2029.48    2029.48
 4    1379.00    1407.72    1052.42     946.58     670.94     630.03     630.03     592.44     901.34     903.12     872.66    1013.97     875.68     928.81     915.65     853.53     853.53     853.53     853.53     853.53     853.53     853.53     853.53     853.53     853.53     853.53     853.53
 1    4109.00   13289.43   13289.43    7352.27    7352.27    3005.31    3005.31     607.07     607.07     723.49     723.49    1779.16    1779.16    2899.51    2899.51    2392.70    2392.70    2975.74    2975.74    6567.33    6567.33    3006.23    3006.23    4639.40    4639.40    4177.40    4177.40
 2     783.00    2531.32    2531.32    1400.43    1400.43     572.44     572.44     115.63     115.63     137.81     137.81     338.89     338.89     552.29     552.29     455.75     455.75     566.81     566.81    1250.92    1250.92     572.62     572.62     883.70     883.70     795.70     795.70
 3    3537.00    2340.30    1877.13    1877.13    1877.13    1877.13    1877.13    1877.13    1877.13    1877.13    1877.13    1877.13    1236.32    1022.85    1022.85    1022.85    1022.85    1280.78    1580.13    1580.13    1945.06    1262.05    1948.78    1948.78    1948.78    1948.78    1948.78
 4    1379.00    1104.89     712.18     712.18     712.18     712.18     712.18     712.18     712.18     712.18     712.18     712.18     735.78     643.49     643.49     643.49     643.49     865.76     866.92     866.92     676.06    1413.57    1424.62    1424.62    1424.62    1424.62    1424.62
 1    4109.00    2537.77    2537.77    3353.20    3353.20    4607.53    4607.53    4142.75    4142.75    4845.46    4845.46    7934.85    7934.85    4681.45    4375.99     311.39     311.39     154.31     154.31    1029.80    1029.80    3322.70    3322.70    4759.52    4759.52    3418.34    3418.34
 2     783.00     483.38     483.38     638.70     638.70     877.62     877.62     789.10     789.10     922.94     922.94    1511.40    1511.40     891.70     891.70      59.31      59.31      29.39      29.39     196.15     196.15     632.90     632.90     906.58     906.58     651.11     651.11
 3    3537.00    1984.32    2376.68    2067.68    2079.24    2844.04    2305.53    2465.78    2234.94    2033.22    2033.22    2033.22    2033.22    2033.22    2033.22     764.88    1828.10    2033.22     174.03     402.36     764.65    2239.61    2239.61    2704.66    2008.44    1464.02    1726.04
 4    1379.00    1068.55    1087.35    1148.37    1044.35    1016.65    1030.91     904.34     761.77     729.86     729.86     729.86     729.86     729.86     729.86     729.86     729.86     729.86     854.09     951.28    1009.45     859.37     859.37     658.46     978.55     948.85     822.06
 1    4109.00    1248.32    1248.32    3564.79    3564.79    2805.73    2805.73    2176.02    2176.02    2306.77    2306.77    2636.17    2636.17    3240.93    3240.93    2029.57    2029.57    4354.35    4354.35    4052.20    4052.20    2967.43    2967.43    4282.28    4282.28    6066.06    6066.06
 2     783.00     237.78     237.78     679.01     679.01     534.42     534.42     414.48     414.48     439.38     439.38     502.13     502.13     617.32     617.32     386.58     386.58     829.40     829.40     771.85     771.85     565.22     565.22     815.67     815.67    1155.44    1155.44
 3    3537.00    1528.30    1629.26    2213.18    1748.56    2019.43    1952.61    1556.58    1957.58    2709.25    3172.24    3228.65    3228.65    3228.65    3228.65    1126.27    1291.12    1508.20    1522.58    1651.05    1981.84    1706.96    1517.83    2001.32    1959.65    1959.65    1959.65
 4    1379.00     979.32     838.56     781.70     703.28     775.84     779.55     974.96    1417.92    1516.44    1410.75     937.16     937.16     937.16     937.16     886.07     844.01     826.92     799.77     798.44     824.19     888.81     843.96     639.51     603.58     603.58     603.58
 1    4109.00    3486.71    3486.71    3650.26    3650.26    4067.91    4067.91    4455.53    4455.53    3511.20    3511.20    4084.54    4084.54    1488.10    1488.10    1816.58    1816.58    3703.39    3703.39    2776.62    2776.62    1185.49    1185.49    2442.13    2442.13    3664.12    3664.12
 2     783.00     664.14     664.14     695.29     695.29     774.84     774.84     848.67     848.67     668.80     668.80     778.01     778.01     283.45     283.45     346.02     346.02     705.41     705.41     528.88     528.88     225.81     225.81     465.17     465.17     697.93     697.93
 3    3537.00    2250.88    2537.77    3164.42    3041.72    3518.33    2378.65    1999.77    2023.11    2023.11    2023.11    2023.11    2023.11    2023.11    2023.11    2023.11    2023.11    2023.11    2023.11    2023.11    2023.11    2023.11     598.65    1026.30    1486.58    1798.58    2316.25
 4    1379.00    1179.54     971.39    1115.63     884.03     767.77     738.02     859.30     743.55     743.55     743.55     743.55     743.55     743.55     743.55     743.55     743.55     743.55     743.55     743.55     743.55     743.55     867.61     948.89    1221.32    1461.25    1097.86
 1    4109.00    7615.61    7615.61    4812.65    4812.65    3657.65    3657.65    4192.65    4192.65    5912.21    5912.21    4956.34    4956.34    6803.41    6803.41    3646.10    3646.10     880.11     880.11     276.74     276.74     108.57     108.57     115.50     115.50     269.81     269.81
 2     783.00    1450.59    1450.59     916.70     916.70     696.70     696.70     798.60     798.60    1126.14    1126.14     944.06     944.06    1295.89    1295.89     694.50     694.50     167.64     167.64      52.71      52.71      20.68      20.68      22.00      22.00      51.39      51.39
 3    3537.00    3029.91    2895.81    2429.32    1972.03    1327.05    1639.26    1541.23    1644.29    1903.31    2504.36    3496.62    3634.50    3634.50    3634.50    3634.50    3634.50    3634.50    3634.50    3554.28    2288.50    1914.23    2454.26    2713.81    3634.50    3634.50    3634.50
 4    1379.00    1100.08     865.11     717.80     674.97     672.57     697.03     764.68    1263.49    1569.24    1212.85     952.13     869.16     869.16     869.16     869.16     869.16     869.16     869.16     869.16     869.16     869.16     869.16     869.16     869.16     869.16     869.16
 1    4109.00    6055.43    6055.43    4994.68    4994.68    3123.12    3123.12    1752.37    1752.37    3789.79    3789.79    6218.52    6218.52    3421.57    3421.57    2629.70    2629.70    1313.47    1313.47    2763.22    2763.22    4213.90    4213.90    5872.48    5872.48    7162.39    7162.39
 2     783.00    1153.42    1153.42     951.37     951.37     594.88     594.88     333.78     333.78     721.86     721.86    1184.48    1184.48     651.73     651.73     500.90     500.90     250.18     250.18     526.33     526.33     802.65     802.65    1118.57    1118.57    1364.26    1364.26
 3    3537.00    2264.69    2401.49    2912.37    2064.48    2064.48    1419.53    1238.05    1536.21    2378.15    2522.62    2522.62    2522.62    2522.62    2522.62    2522.62    2522.62     739.72    1068.84    1402.91    1358.65    1333.34    1505.64    2695.43    2950.60    3661.41    2280.30
 4    1379.00    1096.35     876.94     742.95     567.89     567.89     734.32     970.47     950.16     906.79     799.05     799.05     799.05     799.05     799.05     799.05     799.05     694.38     667.74     646.93     726.27     976.58    1034.72    1300.17    1021.26     692.52     614.84
 1    4109.00    3891.43    3891.43    4286.44    4286.44    5352.27    5352.27    4818.20    4818.20    2206.05    2206.05    1227.07    1227.07    3046.43    3046.43    3581.42    3581.42    1663.66    1663.66    1387.39    1387.39    2219.45    2219.45    1532.45    1532.45    2034.65    2034.65
 2     783.00     741.22     741.22     816.46     816.46    1019.48    1019.48     917.75     917.75     420.20     420.20     233.73     233.73     580.27     580.27     682.18     682.18     316.89     316.89     264.26     264.26     422.75     422.75     291.90     291.90     387.55     387.55
 3    3537.00    2715.67    3184.37    2919.29    3125.35    2490.15    2490.15    2490.15    2490.15    2490.15    2490.15     520.91     918.13    1768.66    2024.08    2262.97    2262.97    2262.97    2262.97    2262.97    2262.97    2262.97    2262.97    2262.97    2262.97    2262.97    2262.97
 4    1379.00    1260.75    1037.09     805.62     716.25     727.97     727.97     727.97     727.97     727.97     727.97     988.35    1029.40     797.40     623.53     619.48     619.48     619.48     619.48     619.48     619.48     619.48     619.48     619.48     619.48     619.48     619.48
 1    4109.00    4779.39    4779.39    5612.38    5612.38    3200.27    3200.27    5242.31    5242.31    5813.35    5813.35    2504.04    2504.04    1433.59    1433.59    1460.38    1460.38     811.73     811.73     509.59     509.59     260.57     260.57     270.73     270.73    2016.63    2016.63
 2     783.00     910.36     910.36    1069.02    1069.02     609.58     609.58     998.54     998.54    1107.30    1107.30     476.96     476.96     273.06     273.06     278.17     278.17     154.62     154.62      97.06      97.06      49.63      49.63      51.57      51.57     384.12     384.12
 3    3537.00    1779.30    1945.82    2203.29    1879.39    1332.55    1422.69    2104.76    2840.46    2840.46    2840.46    2840.46    2840.46    2840.46    2840.46    2840.46    2840.46    2840.46    2840.46    2840.46    2840.46    2840.46    2840.46     233.64     544.41     544.41    1473.97
 4    1379.00     873.48     834.83     783.29     654.93     720.67    1152.00    1407.96     971.85     971.85     971.85     971.85     971.85     971.85     971.85     971.85     971.85     971.85     971.85     971.85     971.85     971.85     971.85     675.86     658.68     658.68     652.62
 1    4109.00    6467.08    6467.08    5986.13    5986.13    3954.72    3954.72    1536.61    1536.61     630.17     630.17    1450.68    1450.68    2000.00    2000.00    1847.08    1847.08    1137.91    1137.91    2471.24    2471.24    3650.26    3650.26    2942.94    2942.94    3838.76    3838.76
 2     783.00    1231.82    1231.82    1140.22    1140.22     753.28     753.28     292.69     292.69     120.03     120.03     276.32     276.32     380.95     380.95     351.82     351.82     216.74     216.74     470.71     470.71     695.29     695.29     560.56     560.56     731.19     731.19
 3    3537.00    2289.86    2511.88    2112.64    2112.64    2112.64    2112.64    2112.64    2112.64    2112.64     326.85     659.10     964.51     964.51     964.51     964.51     964.51     964.51     864.41     955.92    1189.73    2186.87    2118.59    1202.74    1202.74    1202.74    1202.74
 4    1379.00    1064.46     870.48     673.76     673.76     673.76     673.76     673.76     673.76     673.76     604.70     575.85     692.03     692.03     692.03     692.03     692.03     692.03     862.28     811.51     742.45     704.93     667.20     680.56     680.56     680.56     680.56
 1    4109.00    7341.18    7341.18    5896.51    5896.51    2881.49    2881.49    2744.28    2744.28    2901.36    2901.36    3538.92    3538.92    7048.27    7048.27    5087.08    5087.08    2795.10    2795.10    3826.75    3826.75    1957.96    1957.96    3228.92    3228.92    1625.32    1625.32
 2     783.00    1398.32    1398.32    1123.14    1123.14     548.86     548.86     522.72     522.72     552.64     552.64     674.08     674.08    1342.53    1342.53     968.97     968.97     532.40     532.40     728.90     728.90     372.94     372.94     615.03     615.03     309.58     309.58
 3    3537.00    2331.69    2032.99    2226.12    2226.12    2226.12    1327.94    1096.70    1305.93    1396.21    1799.82    1490.54    1294.78    1294.78    1294.78    1294.78    1069.94    1069.94    1069.94    1069.94    1069.94    1069.94    1069.94    1069.94    1069.94    1069.94    1069.94
 4    1379.00    1176.45     812.50     691.88     691.88     691.88     659.27     702.61     716.02     623.44     709.37     724.28     722.19     722.19     722.19     722.19     839.29     839.29     839.29     839.29     839.29     839.29     839.29     839.29     839.29     839.29     839.29
 1    4109.00    8482.78    8482.78    7468.23    7468.23    6190.34    6190.34    2378.38    2378.38     984.98     984.98    1445.60    1445.60     450.91     450.91    1529.68    1529.68    1722.80    1722.80    1212.75    1212.75    1038.11    1038.11     748.90     748.90     398.24     398.24
 2     783.00    1615.77    1615.77    1422.52    1422.52    1179.11    1179.11     453.02     453.02     187.62     187.62     275.35     275.35      85.89      85.89     291.37     291.37     328.15     328.15     231.00     231.00     197.74     197.74     142.65     142.65      75.86      75.86
 3    3537.00    3281.41    3215.61    2455.39    1999.53    2381.31    2618.33    2618.33    2618.33    2618.33    2618.33    2618.33    2618.33    2618.33    2618.33    2618.33    2618.33    2618.33    2618.33    2618.33    2618.33    2618.33    2618.33    2618.33    2618.33     324.40     591.28
 4    1379.00    1410.41    1111.43     960.63     892.43     959.66     707.15     707.15     707.15     707.15     707.15     707.15     707.15     707.15     707.15     707.15     707.15     707.15     707.15     707.15     707.15     707.15     707.15     707.15     707.15     729.68     737.03
 1    4109.00    4911.98    4911.98    3084.31    3084.31    3787.01    3787.01    4127.97    4127.97    5668.28    5668.28    6145.52    6145.52    5132.36    5132.36    5270.96    5270.96    3813.81    3813.81    5713.55    5713.55    5740.35    5740.35    4772.00    4772.00    4418.57    4418.57
 2     783.00     935.62     935.62     587.49     587.49     721.34     721.34     786.28     786.28    1079.67    1079.67    1170.58    1170.58     977.59     977.59    1003.99    1003.99     726.44     726.44    1088.30    1088.30    1093.40    1093.40     908.95     908.95     841.63     841.63
 3    3537.00    1626.82    1746.12    1960.75    1919.19    1919.19    2586.51    1871.22    2431.11    3180.97    3830.31    4096.37    3729.87    2524.15    2621.72    2319.87    2342.23    2113.64    2962.74    4941.25    4689.55    5222.28    4245.66    3125.92    3125.92    3125.92    3125.92
 4    1379.00     934.68     985.74    1266.08    1152.65    1152.65     953.54    1665.06    2237.73    1910.11    1565.40    1008.32     741.67     750.40     872.78    1092.20    1124.35    1671.39    1987.24    1810.88    1367.00    1125.62     811.31     800.98     800.98     800.98     800.98
 1    4109.00    6954.49    6954.49   11523.20   11523.20    1936.70    1936.70     421.34     421.34     854.24     854.24    1253.87    1253.87    1106.95    1106.95    2938.32    2938.32    5982.90    5982.90    7164.70    7164.70    8106.71    8106.71    9155.92    9155.92    4327.09    4327.09
 2     783.00    1324.66    1324.66    2194.90    2194.90     368.90     368.90      80.26      80.26     162.71     162.71     238.83     238.83     210.85     210.85     559.68     559.68    1139.60    1139.60    1364.70    1364.70    1544.14    1544.14    1743.98    1743.98     824.21     824.21
 3    3537.00    2876.19    2505.52    2505.52    2505.52    2505.52    2110.91    2505.52    2505.52    2505.52    2505.52    2505.52    2505.52    2505.52     575.72    1094.10    1094.10    1094.10    1954.82    1913.23    2625.91    4626.19    4301.28    3789.78    2941.68    1616.45    1616.45
 4    1379.00    1169.51     963.19     963.19     963.19     963.19     963.19     963.19     963.19     963.19     963.19     963.19     963.19     963.19    1072.15    1219.03    1219.03    1219.03     817.52    2138.94    2217.21    1588.20    1037.91    1029.95     837.71     599.31     599.31
 1    4109.00    5580.04    5580.04    4705.47    4705.47    3689.53    3689.53    2696.69    2696.69     824.21     824.21    1571.26    1571.26    1854.47    1854.47    2650.96    2650.96    2547.93    2547.93    4423.19    4423.19    1951.95    1951.95    1530.14    1530.14    4427.35    4427.35
 2     783.00    1062.86    1062.86     896.28     896.28     702.77     702.77     513.66     513.66     156.99     156.99     299.29     299.29     353.23     353.23     504.94     504.94     485.32     485.32     842.51     842.51     371.80     371.80     291.46     291.46     843.30     843.30
 3    3537.00    2701.27    2410.37    2151.64    2151.64    2151.64    2151.64    2151.64    2151.64    2151.64    2151.64    2151.64    2151.64    2151.64    2151.64    2151.64    1157.39    1157.39    1157.39    1157.39    1157.39    1157.39    1157.39     444.76     808.87    1724.16    2256.40
 4    1379.00    1025.30     866.19     636.85     636.85     636.85     636.85     636.85     636.85     636.85     636.85     636.85     636.85     636.85     636.85     636.85     685.24     685.24     685.24     685.24     685.24     685.24     685.24     767.79     900.28     778.03     729.69
 1    4109.00    5362.43    5362.43    4335.41    4335.41    4271.19    4271.19    2637.56    2637.56    3246.94    3246.94    2582.12    2582.12    3916.84    3916.84    4763.68    4763.68    4831.13    4831.13    1283.44    1283.44    1601.75    1601.75    4473.08    4473.08    6230.07    6230.07
 2     783.00    1021.42    1021.42     825.79     825.79     813.56     813.56     502.39     502.39     618.46     618.46     491.83     491.83     746.06     746.06     907.37     907.37     920.22     920.22     244.46     244.46     305.10     305.10     852.02     852.02    1186.68    1186.68
 3    3537.00    2024.79    2232.82    2232.82    2232.82    2232.82    1211.99     933.60    1091.03    2462.42    2431.53    2099.89    2645.41    2093.99    2093.99    2093.99    2093.99    2093.99    2093.99    2093.99    2093.99    2093.99     896.95    1520.03    2234.24    2607.75    3207.34
 4    1379.00    1009.01     827.62     827.62     827.62     827.62     698.93    1171.51    1212.75     899.29     735.72     946.13    1281.60    1032.01    1032.01    1032.01    1032.01    1032.01    1032.01    1032.01    1032.01    1032.01     778.65    1329.71    1273.08    1022.21    1049.11
 1    4109.00    4852.39    4852.39    2784.47    2784.47    4937.86    4937.86    1554.17    1554.17    2890.73    2890.73    2875.49    2875.49    3750.52    3750.52    5632.70    5632.70    2093.32    2093.32    2872.72    2872.72    2518.82    2518.82    4261.95    4261.95    3112.49    3112.49
 2     783.00     924.26     924.26     530.38     530.38     940.54     940.54     296.03     296.03     550.62     550.62     547.71     547.71     714.38     714.38    1072.90    1072.90     398.73     398.73     547.18     547.18     479.78     479.78     811.80     811.80     592.86     592.86
 3    3537.00    2811.67    3248.34    3248.34    3248.34    3248.34    3248.34     522.26     968.65    1670.90    1883.90    1348.18    1267.67    1537.25    1537.25    1537.25    1318.17     845.92    1083.15    1490.68    1565.06    1447.02    1447.02    1447.02    1447.02    1447.02    1447.02
 4    1379.00    1181.82    1022.18    1022.18    1022.18    1022.18    1022.18     875.42     999.50     866.08     828.84     731.63     700.70     646.34     646.34     646.34     777.44     746.43     640.82     583.75     624.67     601.97     601.97     601.97     601.97     601.97     601.97
 1    4109.00    3638.25    3638.25    2946.64    2946.64    4823.74    4823.74    3234.92    3234.92    4050.82    4050.82    3463.61    3463.61    2147.84    2147.84    3300.07    3300.07    2138.60    2138.60    1218.76    1218.76     662.97     662.97    1888.66    1888.66    3994.45    3994.45
 2     783.00     693.00     693.00     561.26     561.26     918.81     918.81     616.18     616.18     771.58     771.58     659.74     659.74     409.11     409.11     628.58     628.58     407.35     407.35     232.14     232.14     126.28     126.28     359.74     359.74     760.85     760.85
 3    3537.00    1536.18    1895.78    2152.82    2158.54    2801.36    3051.05    3166.69    2583.85    2583.85    2583.85    2583.85    1635.65     858.61    1079.08    1748.66    1748.66    1748.66    1748.66    1748.66    1748.66     906.63    1395.18    1498.59    1487.17    2175.30    1874.00
 4    1379.00    1056.40    1140.28    1570.73    1566.74    1113.97     927.18     737.30     761.55     761.55     761.55     761.55     821.09     745.17     621.65     538.31     538.31     538.31     538.31     538.31     538.31     707.00     745.78     804.55     818.44     779.05     628.60
 1    4109.00    4479.09    4479.09    7360.58    7360.58    6413.02    6413.02    3243.24    3243.24    4558.55    4558.55    1853.54    1853.54    3289.90    3289.90    4420.88    4420.88    2680.52    2680.52    3178.10    3178.10    4395.93    4395.93    5221.06    5221.06    6466.15    6466.15
 2     783.00     853.16     853.16    1402.02    1402.02    1221.53    1221.53     617.76     617.76     868.30     868.30     353.06     353.06     626.65     626.65     842.07     842.07     510.58     510.58     605.35     605.35     837.32     837.32     994.49     994.49    1231.65    1231.65
 3    3537.00    2684.67    2606.14    2606.14    2606.14    2606.14     821.44     938.07    1197.71    1888.33    2205.84    2205.84    2205.84    1089.15    1072.63    1592.54    1791.12    1152.29    1363.78    1453.13    1524.18    1580.56    1558.17    2303.32    1810.91    1810.91    1810.91
 4    1379.00    1098.07     863.04     863.04     863.04     863.04     841.67     829.83     907.40     791.07     703.09     703.09     703.09     639.56     545.56     665.17     774.21     841.63     811.90     877.71     788.89     816.00     754.45     878.99     673.28     673.28     673.28
