              Isim, Ftarg, Btarg
   1 2019          0.3977734     129364.7079738      33266.1582637
   1 2021          0.3831494     129168.4291511      32460.0414552
   1 2023          0.3612134     129177.1510892      31353.7057641
   1 2025          0.3977734     128992.9962651      33225.5309023
   1 2027          0.4006982     129461.5247373      33559.4480169
   1 2029          0.3977734     129289.1357369      33513.2016535
   1 2031          0.3977734     129476.0107400      33412.4046180
   1 2033          0.3977734     129002.5946424      33451.3647531
   1 2035          0.3977734     129204.2402177      33510.2183549
   1 2037          0.3919238     128934.4567318      33190.6405854
   1 2039          0.3802246     129474.2954319      32413.7096987
   1 2041          0.3919238     129279.1720247      32917.7147766
   1 2043          0.3919238     129552.9690582      33158.7209673
   2 2019          0.3977734     128814.4188190      33124.6513071
   2 2021          0.3802246     128451.0284605      32224.5436625
   2 2023          0.3919238     128601.7099468      32843.4535232
   2 2025          0.3919238     128603.0409895      32882.6365243
   2 2027          0.3919238     128730.9930548      33000.4011886
   2 2029          0.3977734     128943.4484969      33212.4674877
   2 2031          0.4006982     128406.8874751      33118.7976184
   2 2033          0.3977734     128551.9332057      33049.7121922
   2 2035          0.3772998     128926.9727692      32278.0302608
   2 2037          0.3977734     128836.8261530      33030.2438878
   2 2039          0.4036230     128582.5824005      33541.1681156
   2 2041          0.4036230     128433.9668187      33516.1996021
   2 2043          0.3948486     128614.1643510      33238.8659838
   3 2019          0.3977734     131418.4014862      33794.2659252
   3 2021          0.3772998     131077.4413767      32814.8116775
   3 2023          0.3919238     130911.3891775      33395.4245567
   3 2025          0.3977734     131041.3978659      34006.2554227
   3 2027          0.3948486     131425.6638826      33860.4368894
   3 2029          0.3977734     131410.7723234      33930.4382193
   3 2031          0.3948486     131196.5073313      33866.1362421
   3 2033          0.3919238     131389.3888678      33574.3056194
   3 2035          0.3948486     131255.4975142      33848.2139523
   3 2037          0.3948486     131343.0692318      33825.6266430
   3 2039          0.4006982     131095.5461729      33993.1788639
   3 2041          0.3948486     131226.9560570      33940.9497771
   3 2043          0.3860742     130972.0834363      33346.9685800
   4 2019          0.3977734     133428.9350648      34311.2750019
   4 2021          0.3802246     133059.6552851      33199.1339194
   4 2023          0.3948486     133145.8650259      34116.9752125
   4 2025          0.3919238     133540.0597455      34142.9361766
   4 2027          0.3802246     133032.5800654      33495.8778164
   4 2029          0.3919238     133399.1774209      33895.4550506
   4 2031          0.3977734     133003.5351599      34196.4349156
   4 2033          0.4006982     133051.7671984      34348.2505085
   4 2035          0.3977734     132916.5906901      34335.0537419
   4 2037          0.3977734     133180.4486908      34478.2922147
   4 2039          0.3889990     133136.6599057      34099.2008825
   4 2041          0.4006982     133016.3720732      34554.6192380
   4 2043          0.4006982     133173.0909883      34622.1618911
   5 2019          0.3977734     130501.2528948      33558.4209976
   5 2021          0.3802246     130655.2271816      32641.4359616
   5 2023          0.3802246     130156.8496273      32673.5023796
   5 2025          0.3919238     130420.7172181      33432.7692110
   5 2027          0.3948486     130378.5700578      33737.7097015
   5 2029          0.4036230     130203.5797105      34001.7937439
   5 2031          0.3831494     130321.5814040      33161.7170404
   5 2033          0.3919238     130171.1132054      33225.6397451
   5 2035          0.4036230     130294.3030742      33891.1779222
   5 2037          0.3919238     130086.9207240      33545.4536604
   5 2039          0.4006982     130130.4241209      33618.0856156
   5 2041          0.4036230     130098.2636771      33921.5280181
   5 2043          0.3977734     130658.3362252      33875.1158169
   6 2019          0.3977734     132943.3858106      34186.4159225
   6 2021          0.3802246     132866.0675919      33398.0940140
   6 2023          0.3919238     132899.7268244      34000.5999698
   6 2025          0.3948486     132960.9902503      34235.7635714
   6 2027          0.3889990     132573.5948987      33903.6195133
   6 2029          0.4006982     132800.6944051      34368.3112766
   6 2031          0.3948486     132963.0567169      34111.2644968
   6 2033          0.3977734     132426.0030448      34256.9359442
   6 2035          0.4006982     133018.6869347      34473.2368785
   6 2037          0.3948486     132991.9543041      34243.5270139
   6 2039          0.3860742     132666.2805895      33670.3632435
   6 2041          0.3948486     132801.6539536      34078.0707206
   6 2043          0.3948486     132860.8243644      34305.0089392
   7 2019          0.3977734     130609.1527291      33586.1674596
   7 2021          0.3802246     130480.7098868      32791.4122624
   7 2023          0.3919238     130244.0476371      33098.8640800
   7 2025          0.4036230     130331.9061780      33691.3653787
   7 2027          0.4036230     130270.4670835      33796.6727293
   7 2029          0.3948486     130708.5455749      33602.9707558
   7 2031          0.3860742     130333.8015494      33110.4107508
   7 2033          0.4006982     130339.8832634      33523.4184626
   7 2035          0.4006982     130319.9656046      33901.6443401
   7 2037          0.3772998     130573.5727846      32968.8045634
   7 2039          0.3860742     130549.9751669      32997.9088222
   7 2041          0.3919238     130224.2314663      33293.1870935
   7 2043          0.4006982     130628.7749223      33821.8971131
   8 2019          0.3977734     130069.6535577      33447.4351493
   8 2021          0.3772998     129798.7881271      32192.7536004
   8 2023          0.3977734     129928.7514700      33067.0632999
   8 2025          0.3802246     129652.2371905      32638.0873078
   8 2027          0.3889990     129708.8285503      33261.6205395
   8 2029          0.3948486     129781.1344322      33387.1557164
   8 2031          0.4006982     129866.0500711      33785.6298603
   8 2033          0.3977734     130079.7945475      33691.4067533
   8 2035          0.3714502     130015.6420131      32470.6766800
   8 2037          0.3948486     129844.9626900      33445.6781377
   8 2039          0.4036230     129585.6634566      33848.0469321
   8 2041          0.4036230     129740.2977048      33857.0313329
   8 2043          0.3860742     130234.7362806      33113.1789960
   9 2019          0.3977734     130799.7757697      33635.1862093
   9 2021          0.3831494     130604.3342334      32970.7967666
   9 2023          0.3919238     130796.5044573      33541.6872467
   9 2025          0.3889990     130845.3633594      33435.8023172
   9 2027          0.3743750     130698.2312047      32441.6459080
   9 2029          0.3948486     130562.1959044      33510.7602057
   9 2031          0.3977734     130823.1588489      33814.0086983
   9 2033          0.4036230     130547.6712984      33979.5200835
   9 2035          0.4006982     130481.9682099      33843.9674901
   9 2037          0.3977734     130356.4206119      33568.9737694
   9 2039          0.3919238     130647.7492230      33361.4039787
   9 2041          0.3860742     130324.9750692      33088.2734078
   9 2043          0.3714502     130939.8423196      32415.6299319
  10 2019          0.3977734     130555.2028120      33572.2942286
  10 2021          0.3743750     130550.5092551      32541.6367251
  10 2023          0.3889990     130547.2976386      33067.2566877
  10 2025          0.4036230     130472.9705180      33726.1477543
  10 2027          0.4006982     130349.8363966      33742.5028088
  10 2029          0.3948486     130517.1331491      33561.4361935
  10 2031          0.3977734     130459.5626475      33621.4657991
  10 2033          0.3860742     130292.2303763      33147.3661227
  10 2035          0.3889990     130206.1738591      33221.3831174
  10 2037          0.4006982     130457.2138514      33823.3346180
  10 2039          0.4006982     130500.2156903      33880.7338059
  10 2041          0.3977734     130409.4537819      33882.4514556
  10 2043          0.3860742     130289.9540720      33233.9211733
  11 2019          0.3977734     128929.5119756      33154.2475333
  11 2021          0.3802246     128514.5496544      32161.9838205
  11 2023          0.3889990     128609.4621051      32602.0368350
  11 2025          0.3919238     128426.4999510      32867.6364118
  11 2027          0.4006982     128916.7331212      33336.7946996
  11 2029          0.3948486     128590.0568397      33172.9079975
  11 2031          0.3860742     128735.8415374      32770.3702146
  11 2033          0.3919238     129009.9075214      33124.2792083
  11 2035          0.3977734     128467.8169919      33269.3795652
  11 2037          0.3977734     128920.9966167      33312.7531957
  11 2039          0.4006982     128787.1837008      33317.2869913
  11 2041          0.3977734     128529.3873223      33321.6005305
  11 2043          0.4006982     128642.4837522      33378.2115280
  12 2019          0.3977734     130652.3126628      33597.2660445
  12 2021          0.3772998     130562.1987292      32600.7409451
  12 2023          0.3919238     130581.7338805      33296.9241009
  12 2025          0.4006982     130586.1081200      33799.6271763
  12 2027          0.3948486     130766.6757315      33727.5162028
  12 2029          0.3831494     130485.6609192      33210.4489607
  12 2031          0.3802246     130614.6915241      32817.7461976
  12 2033          0.3977734     130514.7288371      33621.1096145
  12 2035          0.4006982     130476.3476615      33899.0741572
  12 2037          0.3948486     130717.4287497      33742.0091637
  12 2039          0.3919238     130457.5288314      33438.4220095
  12 2041          0.3889990     130794.1829182      33381.1940732
  12 2043          0.3889990     130757.1753111      33431.5954148
  13 2019          0.3977734     128573.4425225      33062.6842085
  13 2021          0.3802246     128354.9479787      32235.1649408
  13 2023          0.3772998     128496.9483933      32058.5739024
  13 2025          0.3948486     128433.9218231      32811.4396568
  13 2027          0.4094727     128386.1964155      33265.1054507
  13 2029          0.3977734     128724.0630559      33239.0836747
  13 2031          0.3948486     128571.6229535      33190.1123247
  13 2033          0.3977734     128174.5074152      33242.7162413
  13 2035          0.3919238     128387.8470920      32919.8722132
  13 2037          0.3889990     128584.0770351      32808.3104949
  13 2039          0.4006982     128658.1515045      33130.5187989
  13 2041          0.3977734     128638.0669491      33206.5411615
  13 2043          0.3889990     128348.1540767      32988.6852834
  14 2019          0.3977734     131911.1440627      33920.9747687
  14 2021          0.3802246     131851.6803941      33154.2254276
  14 2023          0.3919238     131786.5987372      33808.0105631
  14 2025          0.3889990     131887.0338770      33756.8934986
  14 2027          0.3977734     131978.1875451      34203.7272908
  14 2029          0.3889990     131671.3791254      33797.4606327
  14 2031          0.3948486     131552.3601905      33963.2564584
  14 2033          0.4006982     131788.4278065      34203.4934711
  14 2035          0.3889990     131498.1692184      33726.2992871
  14 2037          0.3802246     131430.2971066      33109.5809690
  14 2039          0.3948486     131986.9197745      33827.5960144
  14 2041          0.4006982     132000.1555506      34280.9812581
  14 2043          0.3977734     131990.1047778      34178.4614813
  15 2019          0.3977734     126951.3483472      32645.5623953
  15 2021          0.3802246     126463.3096127      31799.6969556
  15 2023          0.3802246     127001.4920523      31888.0845444
  15 2025          0.4036230     126476.3764751      32764.1982708
  15 2027          0.4065479     126585.8538372      32982.1469502
  15 2029          0.3860742     127044.5410661      32453.4742988
  15 2031          0.3860742     126774.2638576      31951.6155795
  15 2033          0.4036230     126767.6336444      32873.0578816
  15 2035          0.4036230     126770.1683208      32889.5208523
  15 2037          0.3948486     126888.0332535      32750.6311214
  15 2039          0.3948486     126843.0685192      32688.3332613
  15 2041          0.4006982     126624.4639414      32749.2919174
  15 2043          0.3919238     126782.4831165      32316.2093554
  16 2019          0.3977734     131163.0385451      33728.5992983
  16 2021          0.3831494     130891.0240800      32987.2669049
  16 2023          0.3860742     131330.6640684      33107.5212006
  16 2025          0.3919238     131171.4732183      33620.6449685
  16 2027          0.3948486     130858.0521508      33807.1520882
  16 2029          0.3919238     130837.8350470      33665.3988831
  16 2031          0.3977734     131213.2220984      33861.5351804
  16 2033          0.4006982     130821.7780029      33932.6468552
  16 2035          0.3714502     130711.7984072      32654.7405841
  16 2037          0.3948486     130842.6593713      33540.2942255
  16 2039          0.4036230     130974.4825435      34029.2790046
  16 2041          0.3977734     131081.1194447      33998.7292895
  16 2043          0.3919238     130767.5686827      33735.4984611
  17 2019          0.3977734     128918.7219921      33151.4728871
  17 2021          0.3802246     128909.7401652      32403.5857525
  17 2023          0.3831494     128892.4653893      32425.8261710
  17 2025          0.3977734     128928.6705333      33206.3891331
  17 2027          0.3948486     128994.7092116      33083.2310037
  17 2029          0.3977734     128724.5104366      33078.4221939
  17 2031          0.3860742     128872.7855414      32691.8345477
  17 2033          0.3860742     128887.4864528      32652.1289348
  17 2035          0.4065479     128840.2971435      33495.9458475
  17 2037          0.3977734     128982.8591425      33340.5056434
  17 2039          0.4065479     128611.0933951      33544.5916959
  17 2041          0.4036230     128823.5275846      33576.1310643
  17 2043          0.3860742     128766.1100324      32897.1016371
  18 2019          0.3977734     133169.9754626      34244.6834929
  18 2021          0.3802246     132652.7972259      33223.3510590
  18 2023          0.3860742     132904.6825338      33611.0335829
  18 2025          0.3919238     132810.2307553      33970.3581464
  18 2027          0.4036230     132775.8065895      34606.9332981
  18 2029          0.3919238     133212.0188317      34302.3896762
  18 2031          0.3948486     133108.9109973      34262.6251097
  18 2033          0.3948486     132782.9363033      34259.4335655
  18 2035          0.3919238     132890.4458466      34027.7080453
  18 2037          0.3919238     133143.7102758      34069.3264731
  18 2039          0.3860742     133276.1815150      33882.5258753
  18 2041          0.3977734     133123.9171770      34257.4221873
  18 2043          0.4006982     132828.9140306      34473.3556847
  19 2019          0.3977734     129310.7580567      33252.2850327
  19 2021          0.3831494     129011.4636948      32521.3452599
  19 2023          0.4006982     128917.0987970      33508.6288839
  19 2025          0.3919238     129408.0019714      33158.9788244
  19 2027          0.3977734     129028.6671233      33410.0719301
  19 2029          0.3889990     129000.5315033      33007.0806848
  19 2031          0.4006982     129324.7371253      33306.4869055
  19 2033          0.3919238     129440.3773077      33175.1409499
  19 2035          0.3948486     129107.2366650      33119.0338282
  19 2037          0.3977734     128945.0126867      33272.0297005
  19 2039          0.4036230     128995.9823813      33299.4300338
  19 2041          0.4006982     129090.5262726      33408.2375396
  19 2043          0.3919238     129059.5077440      32942.0264837
  20 2019          0.3977734     128979.8652316      33167.1958823
  20 2021          0.3743750     128819.1751874      32028.2074005
  20 2023          0.3831494     128642.1328263      32487.7373931
  20 2025          0.4036230     128719.6820906      33394.9617458
  20 2027          0.3948486     128950.6995408      33280.0818663
  20 2029          0.3860742     128473.3683273      32548.1255201
  20 2031          0.3977734     129092.6041521      33169.5981796
  20 2033          0.3919238     128640.2098236      33049.3729855
  20 2035          0.3977734     129059.6100071      33401.6880037
  20 2037          0.3977734     128736.2696054      33484.8212582
  20 2039          0.3948486     128659.4248560      33288.0571637
  20 2041          0.3977734     128879.2329406      33436.7698615
  20 2043          0.3948486     128852.1243054      33256.0429122
  21 2019          0.3977734     132540.5597626      34082.8291308
  21 2021          0.3831494     132261.8480234      33269.6769152
  21 2023          0.3948486     132166.9094263      33799.4812346
  21 2025          0.3919238     132032.3315401      33620.6844516
  21 2027          0.3831494     132508.0073789      33461.9531547
  21 2029          0.3889990     132657.0969734      33623.7218795
  21 2031          0.3977734     132042.3608854      34087.2232822
  21 2033          0.4006982     132183.8397549      34292.4227245
  21 2035          0.4006982     132598.7563876      34451.4211775
  21 2037          0.3948486     132446.3129488      34302.2910123
  21 2039          0.3860742     132073.4456625      33822.6990967
  21 2041          0.3977734     132182.4514898      33912.5998339
  21 2043          0.3919238     132406.0163839      33979.6862877
  22 2019          0.3977734     133436.1283871      34313.1247660
  22 2021          0.3802246     133583.1986735      33450.2938868
  22 2023          0.3860742     133598.6447908      33664.2630832
  22 2025          0.4006982     133222.6375512      34245.7829906
  22 2027          0.3977734     133568.8938009      34506.9599566
  22 2029          0.3831494     133190.5687603      33544.2799564
  22 2031          0.3948486     133263.3193808      34192.4692582
  22 2033          0.4006982     133013.0686311      34583.7965893
  22 2035          0.4006982     133037.8743536      34603.6833600
  22 2037          0.3948486     133042.5893258      34303.4970693
  22 2039          0.3889990     133344.7532131      34129.4761746
  22 2041          0.3948486     132984.1275408      34176.7637823
  22 2043          0.4036230     133148.6526802      34454.2146760
  23 2019          0.3977734     128105.8765739      32942.4495395
  23 2021          0.3743750     128286.6050236      31836.2344048
  23 2023          0.3889990     128054.6658827      32630.1824708
  23 2025          0.3919238     128180.4783803      33074.8864114
  23 2027          0.3977734     127612.7926668      33177.4862871
  23 2029          0.3948486     127726.6013360      33100.6841730
  23 2031          0.3948486     128061.4287188      33199.3524850
  23 2033          0.3772998     128185.6056358      32398.1449089
  23 2035          0.3977734     127801.2809827      33106.6280925
  23 2037          0.3977734     128273.1891254      33051.4332306
  23 2039          0.3977734     128054.8345403      33011.4306924
  23 2041          0.3948486     127669.8653623      32719.0991646
  23 2043          0.3977734     128195.3349740      33114.1507665
  24 2019          0.3977734     131785.2609227      33888.6038963
  24 2021          0.3802246     131958.8538476      33057.5861985
  24 2023          0.3977734     131342.2980741      33709.6701802
  24 2025          0.3889990     131847.2862222      33516.9669880
  24 2027          0.3948486     131753.0126149      33748.5116037
  24 2029          0.4006982     131477.6932931      34046.9317628
  24 2031          0.3948486     131675.9251057      33970.7524748
  24 2033          0.3802246     131386.0186428      33251.2886136
  24 2035          0.3714502     131807.5137681      32688.3682607
  24 2037          0.3772998     131364.5535688      33009.1712879
  24 2039          0.3977734     131950.8845975      34145.9856080
  24 2041          0.4006982     131820.4477467      34289.7780205
  24 2043          0.3977734     131588.9692158      34113.6256235
  25 2019          0.3977734     135640.8816675      34880.0774744
  25 2021          0.3802246     135147.0023511      33917.6565442
  25 2023          0.3889990     135296.5100717      34359.6775220
  25 2025          0.3977734     135838.0078585      34965.3423151
  25 2027          0.4006982     135417.5250377      35240.1592768
  25 2029          0.3860742     135813.1614071      34529.1483651
  25 2031          0.3889990     135549.5159049      34399.0612294
  25 2033          0.3977734     135622.5989664      34909.4052547
  25 2035          0.3919238     135261.1862690      34758.9935249
  25 2037          0.3977734     135533.8595326      35001.7995340
  25 2039          0.3948486     135359.7665974      34917.6891230
  25 2041          0.3889990     135302.6954475      34617.3366703
  25 2043          0.4036230     135302.8763258      35189.4249671
  26 2019          0.3977734     131968.6906410      33935.7728818
  26 2021          0.3802246     131440.3767288      32930.6663428
  26 2023          0.3977734     132087.7498375      33718.1770961
  26 2025          0.3977734     131759.8439263      34109.1204164
  26 2027          0.3889990     131875.4307082      33586.5310916
  26 2029          0.3889990     131864.3110399      33556.4313663
  26 2031          0.3860742     131838.0307700      33353.2970452
  26 2033          0.3977734     131824.9020548      33959.3011331
  26 2035          0.4036230     131577.6793165      34032.8807965
  26 2037          0.4006982     131688.6006939      34043.2158715
  26 2039          0.3977734     131972.2317232      34017.0938408
  26 2041          0.4006982     131742.1464091      34045.5711323
  26 2043          0.3948486     132067.1532389      33922.1231067
  27 2019          0.3977734     130494.0595726      33556.5712334
  27 2021          0.3772998     130651.0883134      32497.2326835
  27 2023          0.3889990     130376.3328413      33043.3309998
  27 2025          0.3977734     130029.9688106      33549.5453780
  27 2027          0.4006982     130129.1184445      33593.1026552
  27 2029          0.3860742     129974.0804818      33177.7660267
  27 2031          0.3977734     130314.7916434      33442.6984908
  27 2033          0.4065479     130215.3501025      33806.4497064
  27 2035          0.3977734     130348.7605134      33636.5203699
  27 2037          0.3977734     130376.3707412      33606.7093660
  27 2039          0.3977734     130111.1554073      33592.5924512
  27 2041          0.4006982     130279.2807427      33408.3156382
  27 2043          0.3860742     130707.4274332      33084.7984762
  28 2019          0.3977734     130134.3934583      33464.0830265
  28 2021          0.3743750     130196.1945464      32319.8352541
  28 2023          0.3772998     129736.8987050      32377.1170650
  28 2025          0.3948486     129847.5854319      33306.9418210
  28 2027          0.4036230     129734.1263013      33708.4011490
  28 2029          0.3977734     129962.4591540      33569.3361118
  28 2031          0.3948486     129865.7131567      33511.2866799
  28 2033          0.4036230     129709.9973815      33668.9165569
  28 2035          0.3977734     130079.0041826      33660.2308017
  28 2037          0.3860742     129894.2080519      33162.0500132
  28 2039          0.3831494     130260.2294424      32785.8308957
  28 2041          0.3919238     130104.9548725      33126.2644102
  28 2043          0.4006982     130208.9369109      33688.5469888
  29 2019          0.3977734     133148.3954957      34239.1342005
  29 2021          0.3802246     133104.7920307      33288.4987176
  29 2023          0.3919238     133261.1239330      34027.7240378
  29 2025          0.3948486     133154.7954152      34183.0700991
  29 2027          0.3889990     132695.9997843      33937.4777284
  29 2029          0.3948486     133096.3368211      33981.4461436
  29 2031          0.4036230     132682.6149618      34534.4335868
  29 2033          0.3948486     132983.2168291      34300.4478215
  29 2035          0.3948486     132996.0661445      34150.9928644
  29 2037          0.3831494     133199.7773226      33817.9536982
  29 2039          0.3948486     132824.1400251      34157.6843989
  29 2041          0.4006982     133125.7722770      34440.9904840
  29 2043          0.3977734     133025.1050735      34325.6496224
  30 2019          0.3977734     136392.5838463      35073.3778269
  30 2021          0.3831494     136135.6520551      34285.4747684
  30 2023          0.3977734     136197.0461877      34873.0207562
  30 2025          0.3977734     136498.6558769      35283.7017328
  30 2027          0.3860742     136128.9737915      34651.0993119
  30 2029          0.3860742     136503.2497291      34427.8276615
  30 2031          0.4036230     135855.1290654      35254.4414947
  30 2033          0.4006982     136110.1379273      35428.0087048
  30 2035          0.3889990     136323.5969930      34969.7678437
  30 2037          0.3919238     136481.7623481      34609.8502955
  30 2039          0.3977734     136268.2399266      35171.4646197
  30 2041          0.3977734     135930.6746842      35360.0979585
  30 2043          0.3831494     135991.5544532      34634.1085645
  31 2019          0.3977734     127868.4969385      32881.4073229
  31 2021          0.3860742     127468.3595256      32236.4165871
  31 2023          0.3919238     127546.7589838      32573.9015198
  31 2025          0.3802246     127871.2291875      32156.5694214
  31 2027          0.4006982     127632.9902900      33092.1030877
  31 2029          0.4006982     127917.8745249      33186.3532369
  31 2031          0.3977734     127683.9640960      32904.0032248
  31 2033          0.3831494     127719.6166901      32384.8949127
  31 2035          0.3802246     127928.6959039      32193.2476649
  31 2037          0.4006982     127519.4166294      33002.0068121
  31 2039          0.3977734     127809.7334437      33075.8268321
  31 2041          0.3977734     127515.9740240      33062.7637358
  31 2043          0.3977734     127717.9930433      32970.2217367
  32 2019          0.3977734     134551.0933413      34599.8382074
  32 2021          0.3802246     134548.9965777      33729.2238937
  32 2023          0.3919238     134443.3061406      34095.4647135
  32 2025          0.3977734     134079.7863128      34473.8382066
  32 2027          0.3831494     134141.6043346      34036.8077894
  32 2029          0.3948486     134150.7141664      34278.0904161
  32 2031          0.3977734     134107.3220826      34547.1906860
  32 2033          0.3977734     134046.8035998      34555.5454895
  32 2035          0.4006982     134427.0474803      34770.2148460
  32 2037          0.4036230     134494.7228817      34838.9880959
  32 2039          0.4006982     134385.6218054      34767.4004029
  32 2041          0.3977734     134260.2527441      34419.4177589
  32 2043          0.4006982     134134.0267732      34722.3468830
  33 2019          0.3977734     131303.3083296      33764.6696990
  33 2021          0.3889990     130946.4128643      33589.5189757
  33 2023          0.3977734     130845.1624305      33802.6371528
  33 2025          0.3948486     131182.2309648      33905.4357450
  33 2027          0.3919238     130982.3947395      33659.5382314
  33 2029          0.3919238     131429.7385351      33577.5593173
  33 2031          0.3919238     131062.3403626      33643.8712590
  33 2033          0.3977734     131246.5928506      33886.5594477
  33 2035          0.3919238     131184.4089838      33649.8171329
  33 2037          0.3977734     130912.6085602      33773.3463808
  33 2039          0.3977734     131033.8856408      33977.2934361
  33 2041          0.3860742     131291.9343563      33352.0721750
  33 2043          0.4036230     131113.7035708      34076.3127221
  34 2019          0.3977734     128782.0488687      33116.3273685
  34 2021          0.3743750     128584.5594489      31823.2908732
  34 2023          0.3831494     128931.4452738      32281.5079924
  34 2025          0.3919238     128800.0018653      32911.0601917
  34 2027          0.3977734     128414.3159194      33162.1458179
  34 2029          0.3977734     128735.0008060      33267.8643247
  34 2031          0.4006982     128598.8503887      33515.1909545
  34 2033          0.4006982     128400.5918230      33519.9972841
  34 2035          0.3656006     128932.2120379      31853.8731043
  34 2037          0.3802246     128592.6089818      32067.9310457
  34 2039          0.3919238     128855.9509871      32745.4596825
  34 2041          0.4036230     128323.7693866      33345.5235218
  34 2043          0.3919238     128591.3932108      33081.0468729
  35 2019          0.3977734     126365.0925810      32494.8066180
  35 2021          0.3772998     126068.2466147      31254.2782670
  35 2023          0.3860742     126401.9874678      31864.6166639
  35 2025          0.3860742     126465.0361236      31903.0825281
  35 2027          0.3772998     126533.8586325      31622.8895686
  35 2029          0.3948486     126325.8354841      32295.5849166
  35 2031          0.4065479     126036.3352685      32697.1373595
  35 2033          0.3977734     126039.4993379      32570.4502689
  35 2035          0.3948486     126264.8602376      32358.0782574
  35 2037          0.3977734     125976.4779429      32638.3703704
  35 2039          0.3977734     126009.5128163      32590.4569243
  35 2041          0.3919238     126554.3394035      32374.4529965
  35 2043          0.3977734     126532.1717592      32656.7759659
  36 2019          0.3977734     130206.3266812      33482.5806679
  36 2021          0.3743750     129833.3045281      32253.0471143
  36 2023          0.3889990     129928.2572112      32874.9005076
  36 2025          0.3948486     130101.0397407      33400.6790044
  36 2027          0.3948486     130069.2669172      33508.9516892
  36 2029          0.4006982     130221.9059123      33714.4813515
  36 2031          0.3977734     129845.4634193      33707.1036114
  36 2033          0.3948486     129789.1447391      33406.7834437
  36 2035          0.3977734     130036.3144444      33574.3474662
  36 2037          0.3948486     129989.8260908      33633.6325750
  36 2039          0.3948486     130311.9898987      33621.3342953
  36 2041          0.3831494     130106.2906613      32945.7361623
  36 2043          0.3860742     129753.1073907      33076.6271930
  37 2019          0.3977734     132234.8435655      34004.2141549
  37 2021          0.3860742     131758.8140231      33462.0303533
  37 2023          0.3860742     131974.3753356      33428.9686128
  37 2025          0.3919238     132409.6876039      33772.1565394
  37 2027          0.3831494     132222.3807333      33602.6363095
  37 2029          0.3948486     131918.4155179      34047.8640242
  37 2031          0.4006982     132325.5476530      34207.6266250
  37 2033          0.4036230     132051.6269776      34410.7687891
  37 2035          0.4006982     131938.9298893      34301.2215152
  37 2037          0.4006982     131900.9980239      34112.5012939
  37 2039          0.4006982     131860.5991378      34035.8611166
  37 2041          0.3948486     131869.4902222      33911.2476504
  37 2043          0.3948486     131924.7598936      33736.9225823
  38 2019          0.3977734     131954.3039964      33932.0733535
  38 2021          0.3831494     131767.1624241      33209.1725160
  38 2023          0.3948486     131735.0521787      33670.2002780
  38 2025          0.3831494     132065.7812949      33354.8757832
  38 2027          0.3889990     132007.3168210      33541.9256544
  38 2029          0.3977734     131689.0102440      34029.5881305
  38 2031          0.4006982     131627.7829033      34264.5412668
  38 2033          0.3919238     132173.6755967      33968.4345647
  38 2035          0.3919238     131740.5330298      33883.5468103
  38 2037          0.3948486     131784.2697861      33786.2467465
  38 2039          0.3919238     131991.9187026      33846.3089332
  38 2041          0.3889990     132029.3768261      33777.7885509
  38 2043          0.3977734     131489.3896417      34073.8103268
  39 2019          0.3977734     129217.2448670      33228.2380989
  39 2021          0.3802246     128735.1646136      32256.0829197
  39 2023          0.3889990     129140.5359898      32707.9481211
  39 2025          0.3977734     128813.6211496      33325.0994304
  39 2027          0.3977734     129156.2056095      33444.3852485
  39 2029          0.3919238     128876.9328611      33207.8621672
  39 2031          0.3889990     129348.8546266      32930.9694754
  39 2033          0.4006982     128946.7545414      33399.3447469
  39 2035          0.3977734     128738.1017764      33361.8184754
  39 2037          0.3977734     129239.9031429      33212.4200616
  39 2039          0.3977734     128918.3510912      33172.8349475
  39 2041          0.3977734     128951.3834713      33273.9539094
  39 2043          0.3977734     129291.9162386      33260.8274629
  40 2019          0.3977734     127426.1076180      32767.6468284
  40 2021          0.3772998     127264.2607698      31788.5239606
  40 2023          0.3919238     127333.3539065      32477.2187682
  40 2025          0.3772998     127036.2693993      31938.4757854
  40 2027          0.3977734     127061.0921098      32897.0394343
  40 2029          0.4006982     127240.5996783      33067.2656952
  40 2031          0.3977734     127396.1594671      32861.6545877
  40 2033          0.4006982     127423.3503362      32907.7863786
  40 2035          0.3977734     127272.3908364      32896.9827551
  40 2037          0.3977734     127420.0107756      32824.2021403
  40 2039          0.3977734     127510.8579567      32781.1152435
  40 2041          0.3772998     127530.0977188      31905.1746191
  40 2043          0.3977734     127320.5488223      32508.0920345
  41 2019          0.3977734     129677.6174932      33346.6230037
  41 2021          0.3802246     129815.7004375      32678.2809195
  41 2023          0.3919238     129407.3844970      33119.5643087
  41 2025          0.4006982     129657.5975649      33552.0821835
  41 2027          0.3919238     129656.6451149      33274.6711750
  41 2029          0.3919238     129512.7617199      33073.2661271
  41 2031          0.3948486     129692.5067541      33265.5840538
  41 2033          0.4036230     129451.1757548      33541.7999405
  41 2035          0.3948486     129674.3272898      33298.5315427
  41 2037          0.3860742     129181.4658835      32750.9943492
  41 2039          0.3948486     129613.8496320      33277.6778540
  41 2041          0.3977734     129563.7544443      33454.1443540
  41 2043          0.3977734     129242.8808788      33406.6313276
  42 2019          0.3977734     130468.8829446      33550.0970589
  42 2021          0.3860742     130104.8965126      33068.4373653
  42 2023          0.3889990     130397.0048829      33207.4628942
  42 2025          0.3919238     130302.3148103      33258.7785092
  42 2027          0.3919238     130381.8003358      33432.2362698
  42 2029          0.3948486     130507.8181043      33539.5812890
  42 2031          0.3977734     130050.1949210      33654.4103902
  42 2033          0.3977734     130147.7364047      33834.7283890
  42 2035          0.3919238     130533.4388771      33592.0096818
  42 2037          0.3977734     129948.2534921      33643.1038589
  42 2039          0.3977734     129995.6643809      33717.1564893
  42 2041          0.3948486     130324.5066541      33509.3621598
  42 2043          0.3919238     130322.3800437      33556.8695334
  43 2019          0.3977734     136921.2930342      35209.3354910
  43 2021          0.3831494     136519.0983927      34576.6732911
  43 2023          0.3860742     136455.7700578      34659.2436153
  43 2025          0.3948486     136765.5090707      35202.4260523
  43 2027          0.4036230     136546.8491044      35445.2087071
  43 2029          0.4006982     136644.1434351      35222.9800479
  43 2031          0.3977734     136714.1253812      35289.9789292
  43 2033          0.3948486     136974.1611148      34894.3185454
  43 2035          0.4006982     136581.6914148      35394.6041375
  43 2037          0.3977734     136697.4800021      35389.2911557
  43 2039          0.3948486     136550.4620932      35229.2703073
  43 2041          0.3948486     136878.6757147      35245.1922905
  43 2043          0.3860742     136444.7629679      34753.7563990
  44 2019          0.3977734     128188.5997802      32963.7218271
  44 2021          0.3714502     128394.9357146      31767.1647464
  44 2023          0.3860742     127678.7374472      32183.6349824
  44 2025          0.3948486     128124.4976156      32886.3322078
  44 2027          0.3802246     127941.8404187      32323.5876495
  44 2029          0.3977734     127877.6970720      33037.9318943
  44 2031          0.4006982     128277.0459929      33221.7693125
  44 2033          0.3948486     128281.5491092      33037.3896992
  44 2035          0.3919238     127907.3555365      32931.4954774
  44 2037          0.3860742     127803.7038059      32559.1704027
  44 2039          0.3977734     127999.8345879      33045.7822921
  44 2041          0.4094727     127706.7588400      33339.5758826
  44 2043          0.4094727     128116.2331564      33393.0903070
  45 2019          0.3977734     127555.5874191      32800.9425829
  45 2021          0.3831494     127187.1233399      32170.6712172
  45 2023          0.3977734     127479.3150661      32956.5792281
  45 2025          0.3860742     127190.8832112      32427.3786022
  45 2027          0.3919238     127346.1742368      32668.5776120
  45 2029          0.3977734     127556.9134666      32856.9257522
  45 2031          0.3977734     127446.2654422      32906.4798134
  45 2033          0.3772998     127714.1529459      32076.0736296
  45 2035          0.3977734     127644.4634564      32864.1375804
  45 2037          0.3948486     127299.0488860      32918.6177148
  45 2039          0.3831494     127638.7658290      32451.6836436
  45 2041          0.4006982     127160.0038943      33044.7203253
  45 2043          0.3977734     127713.5663133      33059.6185508
  46 2019          0.3977734     130112.8134914      33458.5337341
  46 2021          0.3831494     129803.1586568      32749.2606062
  46 2023          0.3919238     129669.9722767      33141.1073267
  46 2025          0.3977734     130072.5044441      33493.8743357
  46 2027          0.3919238     130274.6823553      33462.8826399
  46 2029          0.3919238     129827.7238897      33156.7648570
  46 2031          0.4006982     129947.8701627      33599.2951836
  46 2033          0.3977734     129596.9958439      33515.9183186
  46 2035          0.3919238     129970.3714062      33408.9667135
  46 2037          0.4006982     129857.7086755      33655.6565224
  46 2039          0.3977734     130035.0198060      33722.0279104
  46 2041          0.3889990     129902.0664199      33251.7931671
  46 2043          0.3860742     130049.1314701      32997.4809048
  47 2019          0.3977734     128688.5356790      33092.2804347
  47 2021          0.3802246     128297.8590106      32332.3309702
  47 2023          0.3948486     128597.1044322      32901.7116773
  47 2025          0.3889990     128815.9368913      32888.2703944
  47 2027          0.3860742     128805.0146506      32725.0408310
  47 2029          0.4006982     128395.1705145      33248.1865203
  47 2031          0.3860742     128616.6252310      32681.2506208
  47 2033          0.4036230     128204.6439935      33314.0161366
  47 2035          0.4006982     128677.3153655      33408.7375553
  47 2037          0.3948486     128727.1794341      33263.4195894
  47 2039          0.3889990     128627.9559151      32788.9997723
  47 2041          0.3889990     128543.7625635      32812.7690318
  47 2043          0.3919238     128470.5712890      33063.8043174
  48 2019          0.3977734     132317.5667718      34025.4864425
  48 2021          0.3802246     132433.9828522      33171.6110954
  48 2023          0.4006982     132242.7222864      33832.7019197
  48 2025          0.3889990     132031.2930454      33834.3897722
  48 2027          0.3860742     132328.8168642      33481.2439382
  48 2029          0.3948486     132366.5371613      34009.2479912
  48 2031          0.3977734     132225.5458282      34094.3814458
  48 2033          0.3977734     132331.0359399      34187.0467783
  48 2035          0.3919238     132216.4239764      34085.3535986
  48 2037          0.3977734     131830.1311170      33993.8157658
  48 2039          0.3948486     132226.6959654      34039.2460454
  48 2041          0.4006982     131984.8426398      34158.0396729
  48 2043          0.3948486     132370.7692584      34163.1410218
  49 2019          0.3977734     127598.7473528      32812.0411678
  49 2021          0.3685254     127292.0973183      31322.2964117
  49 2023          0.3802246     127541.9600370      31805.4920348
  49 2025          0.3977734     127742.1037452      32892.4001921
  49 2027          0.3977734     127244.8446501      32816.1580148
  49 2029          0.4006982     127517.4789321      33048.0438597
  49 2031          0.3919238     127426.9186125      32750.2293128
  49 2033          0.3977734     127369.2260745      32844.1739233
  49 2035          0.3977734     127248.2261496      32941.2242357
  49 2037          0.3977734     127446.5616903      32817.4740744
  49 2039          0.3889990     127538.3670822      32420.7211727
  49 2041          0.3977734     127493.4473321      32535.9051389
  49 2043          0.3948486     127321.1323106      32654.2167139
  50 2019          0.3977734     130727.8425468      33616.6885679
  50 2021          0.3831494     130663.5374371      32837.8922225
  50 2023          0.4006982     130393.9269317      33695.5641186
  50 2025          0.3831494     130593.5240739      33235.4966257
  50 2027          0.3919238     130375.3293949      33505.1840860
  50 2029          0.3977734     130776.3669735      33828.6918535
  50 2031          0.3948486     130484.0269965      33524.4295142
  50 2033          0.3948486     130849.3553963      33682.5172963
  50 2035          0.3919238     130867.4117997      33631.3422611
  50 2037          0.3948486     130793.6475999      33583.7685589
  50 2039          0.3948486     130685.7618440      33611.4549683
  50 2041          0.3948486     130563.1912599      33688.9177639
  50 2043          0.3977734     130579.0240857      33815.4102965
