FL 2019 2020 2021 2022 2023 2024 2025 2026 2027 2028 2029 2030 2031 2032 2033 2034 2035 2036 2037 2038 2039 2040 2041 2042 2043 2044 2045
 1  0.7288134  0.6829873  0.6631436  0.6592680  0.6802583  0.7147900  0.7007663  0.6928075  0.6874173  0.6861536  0.6891713  0.6877515  0.6887340  0.6802205  0.6730397  0.6791470  0.6800497  0.6598789  0.6536003  0.6769098  0.7000493  0.7044767  0.7025084  0.7037154  0.7116906  0.7030875  0.6871694
 2  0.5725724  0.5324563  0.5380047  0.5484763  0.5964601  0.6160594  0.6051077  0.5734256  0.5258692  0.4921003  0.4925253  0.5300062  0.5492223  0.5402766  0.5264555  0.5422880  0.5558957  0.5365300  0.5300603  0.5664245  0.5946711  0.6005649  0.5883708  0.5826199  0.5835762  0.5754526  0.5451698
 3  0.7521145  0.7094340  0.6891241  0.6826678  0.6962984  0.7385201  0.7247613  0.7125024  0.7040076  0.7009357  0.7032260  0.7039175  0.7072211  0.6989822  0.6898442  0.6953929  0.6995329  0.6808403  0.6709594  0.6931022  0.7204151  0.7258292  0.7230431  0.7214230  0.7309885  0.7232107  0.7057996
 4  0.4566311  0.4437178  0.4679760  0.4685407  0.5372213  0.5547740  0.5068200  0.4340980  0.3797733  0.3678273  0.4087876  0.4614651  0.4658679  0.4313272  0.4265569  0.4735440  0.4834635  0.4353497  0.4430158  0.5098181  0.5303549  0.5181310  0.4845876  0.4930837  0.5057750  0.4762745  0.4252925
 1  0.7290193  0.6838820  0.6647602  0.6619404  0.6626076  0.6733970  0.6924446  0.6941664  0.6917417  0.6982464  0.6951778  0.6912041  0.6982101  0.6988699  0.7050982  0.7058174  0.7083950  0.7213504  0.7107590  0.7043717  0.6824133  0.6566650  0.6530769  0.6208948  0.6223844  0.6452173  0.6721164
 2  0.5731135  0.5329778  0.5381650  0.5506019  0.5498274  0.5610677  0.5755375  0.5750120  0.5683573  0.5692313  0.5622845  0.5521926  0.5516976  0.5513610  0.5554506  0.5554325  0.5758997  0.5949193  0.5917493  0.5693048  0.5265679  0.5097023  0.5194769  0.5004539  0.5044024  0.5357305  0.5645361
 3  0.7523618  0.7102255  0.6905477  0.6850088  0.6831394  0.6908234  0.7112682  0.7141211  0.7099159  0.7167115  0.7143766  0.7086993  0.7155357  0.7159510  0.7217911  0.7234420  0.7243681  0.7413303  0.7319700  0.7227257  0.6996070  0.6735603  0.6711092  0.6414182  0.6394994  0.6614017  0.6906113
 4  0.4573780  0.4432885  0.4669169  0.4718008  0.4584816  0.4845052  0.5031862  0.4832653  0.4768723  0.4854426  0.4639431  0.4544541  0.4555159  0.4553510  0.4652164  0.4542248  0.5026442  0.5263244  0.4920717  0.4427167  0.4134292  0.4323839  0.4478484  0.4118927  0.4261579  0.4766655  0.4967117
 1  0.7283085  0.6841639  0.6626625  0.6640729  0.6804825  0.6828074  0.6708891  0.6727272  0.6804066  0.6784864  0.6761593  0.6786638  0.6885702  0.6893723  0.6864915  0.6962736  0.6904720  0.6926951  0.6889330  0.6879861  0.6844372  0.6798340  0.6753962  0.6806893  0.6984489  0.6985860  0.6892654
 2  0.5726575  0.5332084  0.5368482  0.5639303  0.5785729  0.5732944  0.5469843  0.5448234  0.5553289  0.5513294  0.5396139  0.5385353  0.5578410  0.5651823  0.5668984  0.5675236  0.5632269  0.5631109  0.5636672  0.5616751  0.5501929  0.5338244  0.5283092  0.5646284  0.5944141  0.5965473  0.5759829
 3  0.7516802  0.7103537  0.6884461  0.6858884  0.7018460  0.7035947  0.6892308  0.6899351  0.6991419  0.6976556  0.6943643  0.6951372  0.7057607  0.7093554  0.7052159  0.7146846  0.7090433  0.7111692  0.7078647  0.7069727  0.7034036  0.6973421  0.6916300  0.6975069  0.7190148  0.7210270  0.7102820
 4  0.4573648  0.4429854  0.4664896  0.4982467  0.5038827  0.4732941  0.4459644  0.4690990  0.4779299  0.4581913  0.4334411  0.4519026  0.4900082  0.4835139  0.4771768  0.4783553  0.4763579  0.4797525  0.4795486  0.4739604  0.4478919  0.4232702  0.4465466  0.5082340  0.5319100  0.5142550  0.4621023
 1  0.7292546  0.6839832  0.6655759  0.6635977  0.6677130  0.6749445  0.6797533  0.6922338  0.7011948  0.7140378  0.7111782  0.7074783  0.7135834  0.7115691  0.7113995  0.7127598  0.7124429  0.7150274  0.7045607  0.6993515  0.6985157  0.7045106  0.6910208  0.6786289  0.6729760  0.6729616  0.6782986
 2  0.5718989  0.5325022  0.5386268  0.5536244  0.5583456  0.5550770  0.5521249  0.5579200  0.5796725  0.5971652  0.5953683  0.5845354  0.5740455  0.5621287  0.5456056  0.5364180  0.5403645  0.5475086  0.5502593  0.5503403  0.5678632  0.5809793  0.5678194  0.5375596  0.5096242  0.5086587  0.5221346
 3  0.7524902  0.7105481  0.6914823  0.6864223  0.6881099  0.6941031  0.6972060  0.7096194  0.7185869  0.7340220  0.7323803  0.7260026  0.7315023  0.7293256  0.7274055  0.7282823  0.7277390  0.7314613  0.7218738  0.7166952  0.7158785  0.7243908  0.7118083  0.6970896  0.6892887  0.6886072  0.6948219
 4  0.4556608  0.4436466  0.4668782  0.4767636  0.4738315  0.4596449  0.4620558  0.4750144  0.5090361  0.5262949  0.5008015  0.4798653  0.4756744  0.4497241  0.4269589  0.4219453  0.4454562  0.4558471  0.4536959  0.4598436  0.4955266  0.5060014  0.4645293  0.4105415  0.3968321  0.4234050  0.4415050
 1  0.7307392  0.6864747  0.6661782  0.6638315  0.6770134  0.6956712  0.6900164  0.6932484  0.6769089  0.6711318  0.6363239  0.5665720  0.6153719  0.6806049  0.6832687  0.6886207  0.6780756  0.6703456  0.6719491  0.6944235  0.6870132  0.6810752  0.6728324  0.6651549  0.6479035  0.6340122  0.6737838
 2  0.5709265  0.5324007  0.5383085  0.5561992  0.5791664  0.5902742  0.5835875  0.5736427  0.5580415  0.5514156  0.5150699  0.4500453  0.5395885  0.5887368  0.5932545  0.5800577  0.5465638  0.5138988  0.5405829  0.5813798  0.5808034  0.5585260  0.5273234  0.5082317  0.4956414  0.5325530  0.5814033
 3  0.7534590  0.7126204  0.6920124  0.6864895  0.6964350  0.7165465  0.7104092  0.7127007  0.6960212  0.6907098  0.6580308  0.5848299  0.6251899  0.7014486  0.7056577  0.7087945  0.6970406  0.6874407  0.6860480  0.7147713  0.7093635  0.7001885  0.6900959  0.6822997  0.6646829  0.6494706  0.6925657
 4  0.4540021  0.4430379  0.4673401  0.4828357  0.5103878  0.5141568  0.4955349  0.4811303  0.4747635  0.4734333  0.4140046  0.3694506  0.5032380  0.5350023  0.5086218  0.4746432  0.4306513  0.3976480  0.4858005  0.5242091  0.4862820  0.4378249  0.4200322  0.4088161  0.4142897  0.4854553  0.5248363
 1  0.7296156  0.6865135  0.6644745  0.6615929  0.6668092  0.6730219  0.6697225  0.6795772  0.6961957  0.6981565  0.6878517  0.6807869  0.6878593  0.6997770  0.7008426  0.6979598  0.6868967  0.6777976  0.6841873  0.6906086  0.6944889  0.7069403  0.7080970  0.6976873  0.6856269  0.6901804  0.6992787
 2  0.5721350  0.5333712  0.5373973  0.5545879  0.5615508  0.5571058  0.5424504  0.5561813  0.5835851  0.5884961  0.5693173  0.5367597  0.5243299  0.5381252  0.5543543  0.5580075  0.5404566  0.5193252  0.5297242  0.5480083  0.5678905  0.5912996  0.5949700  0.5784216  0.5520323  0.5611408  0.5742280
 3  0.7525046  0.7124216  0.6902433  0.6843678  0.6875078  0.6928241  0.6877098  0.6958918  0.7152396  0.7196457  0.7085744  0.6985951  0.7030839  0.7155456  0.7181832  0.7163992  0.7052760  0.6943504  0.6998506  0.7081913  0.7120362  0.7255822  0.7296782  0.7183113  0.7030814  0.7074554  0.7187664
 4  0.4555682  0.4427927  0.4672489  0.4817489  0.4811848  0.4603595  0.4449087  0.4883949  0.5199863  0.5077114  0.4554931  0.4052482  0.4251826  0.4595260  0.4738810  0.4631879  0.4248904  0.4113364  0.4519209  0.4704643  0.4919228  0.5225693  0.5148476  0.4653329  0.4506752  0.4918178  0.4960529
 1  0.7282820  0.6802620  0.6582557  0.6587990  0.6735064  0.6769385  0.6791822  0.6870131  0.6942708  0.6976664  0.6966395  0.7023976  0.7142602  0.7093634  0.7031209  0.7006671  0.6950598  0.6859736  0.6927922  0.7159269  0.7083794  0.7054780  0.7070351  0.7081535  0.7024551  0.6987585  0.6976016
 2  0.5697585  0.5310939  0.5365200  0.5591292  0.5696066  0.5608016  0.5376147  0.5202592  0.5187203  0.5211117  0.5279312  0.5625282  0.5937297  0.5988097  0.5851976  0.5634371  0.5382119  0.5190515  0.5696440  0.6060871  0.6096108  0.5987451  0.5853571  0.5702242  0.5436466  0.5212664  0.5048878
 3  0.7517544  0.7072754  0.6845322  0.6811638  0.6947199  0.6970075  0.6964659  0.7024819  0.7095487  0.7133264  0.7123987  0.7178519  0.7340662  0.7311354  0.7235257  0.7185544  0.7118705  0.7029564  0.7069332  0.7377762  0.7316845  0.7260991  0.7262882  0.7266943  0.7194683  0.7145367  0.7126685
 4  0.4555172  0.4446611  0.4675414  0.4908172  0.4887390  0.4524855  0.4139216  0.4089915  0.4199052  0.4200761  0.4289853  0.4980827  0.5302481  0.5158106  0.4759218  0.4443433  0.4308268  0.4136698  0.5147204  0.5486512  0.5264026  0.5004238  0.4874261  0.4603020  0.4205046  0.3952526  0.3819881
 1  0.7315684  0.6872715  0.6692041  0.6657512  0.6662214  0.6743636  0.6906291  0.7113422  0.7004775  0.6970906  0.6931811  0.6904860  0.6790371  0.6664917  0.6681613  0.6679683  0.6910431  0.7173967  0.6981772  0.6855069  0.6694722  0.6428425  0.6206758  0.6038858  0.6416964  0.6684423  0.6937081
 2  0.5697771  0.5318252  0.5407500  0.5518340  0.5478140  0.5397880  0.5644620  0.5911622  0.5948843  0.5906754  0.5813760  0.5627923  0.5284812  0.5012223  0.4984959  0.5125762  0.5860378  0.6141124  0.6012075  0.5734849  0.5393315  0.5082061  0.4798207  0.4912318  0.5374482  0.5710517  0.5962980
 3  0.7537993  0.7131676  0.6950853  0.6892160  0.6867429  0.6918724  0.7058440  0.7308894  0.7218202  0.7183914  0.7141385  0.7096474  0.6968179  0.6830521  0.6839296  0.6841366  0.7052150  0.7408202  0.7225549  0.7054580  0.6877551  0.6625906  0.6385260  0.6192026  0.6584626  0.6861801  0.7131574
 4  0.4515532  0.4434329  0.4706862  0.4693778  0.4445514  0.4340898  0.4991135  0.5271766  0.5187558  0.5105008  0.4872753  0.4515033  0.4095486  0.3931439  0.4063189  0.4331771  0.5343724  0.5547664  0.5055528  0.4583520  0.4473613  0.4118506  0.3862093  0.4369611  0.4792055  0.5076243  0.5301012
 1  0.7286303  0.6828830  0.6611766  0.6574053  0.6534283  0.6651913  0.6739334  0.6827891  0.7043023  0.7109015  0.7054634  0.7003823  0.6964330  0.6970840  0.6956188  0.6890797  0.6892009  0.6926315  0.7045501  0.6994201  0.7023331  0.7077846  0.7048764  0.7146145  0.7304023  0.7171202  0.7065516
 2  0.5686480  0.5316152  0.5370035  0.5476941  0.5471746  0.5539742  0.5597570  0.5757335  0.5987656  0.6061586  0.5940525  0.5699828  0.5393572  0.5214068  0.5104994  0.4975376  0.4952785  0.5249559  0.5573427  0.5663249  0.5720838  0.5760926  0.5693226  0.6030882  0.6223154  0.6186339  0.5925305
 3  0.7517398  0.7093301  0.6871961  0.6808392  0.6736700  0.6836507  0.6928163  0.7007263  0.7240683  0.7326223  0.7267263  0.7193344  0.7130413  0.7127999  0.7113922  0.7043736  0.7038527  0.7070099  0.7219794  0.7182030  0.7198672  0.7264686  0.7237638  0.7301971  0.7543916  0.7413191  0.7271279
 4  0.4547156  0.4436557  0.4675728  0.4682196  0.4637605  0.4764573  0.4812235  0.5070025  0.5322143  0.5285695  0.4941744  0.4454448  0.4164308  0.4126678  0.3947530  0.3757764  0.3831958  0.4561320  0.4858440  0.4741744  0.4849023  0.4911473  0.4654673  0.5393694  0.5616846  0.5286209  0.4614913
 1  0.7290541  0.6817587  0.6605967  0.6660664  0.6876759  0.6844206  0.6822676  0.6883223  0.6987321  0.7010583  0.7028163  0.7007180  0.6950883  0.6954737  0.7085180  0.7083915  0.7082019  0.7028606  0.6919055  0.6847314  0.6815827  0.6839682  0.6803890  0.6584597  0.6691468  0.6893575  0.6853292
 2  0.5720311  0.5322537  0.5378483  0.5733480  0.5884829  0.5783714  0.5447888  0.5180322  0.5196369  0.5351755  0.5588532  0.5648993  0.5545742  0.5589052  0.5820725  0.5961060  0.5972993  0.5864855  0.5567328  0.5188606  0.4925135  0.4994693  0.5258456  0.5320833  0.5639295  0.5825788  0.5748397
 3  0.7524456  0.7084427  0.6867588  0.6872082  0.7101011  0.7061028  0.7001468  0.7032274  0.7137161  0.7169028  0.7199743  0.7195041  0.7135475  0.7115844  0.7270582  0.7287624  0.7292702  0.7236022  0.7109167  0.7015959  0.6965914  0.6983532  0.6972453  0.6777032  0.6865735  0.7098607  0.7065751
 4  0.4569095  0.4447763  0.4690555  0.5121005  0.5165241  0.4678606  0.4006317  0.4020134  0.4290408  0.4549178  0.4796256  0.4754412  0.4447971  0.4785845  0.5155764  0.5227133  0.5157278  0.4859805  0.4336025  0.3822955  0.3714193  0.4176961  0.4541894  0.4578287  0.5003293  0.5131810  0.4751321
 1  0.7304056  0.6862663  0.6669965  0.6646791  0.6723039  0.6844117  0.6902734  0.7012093  0.6947080  0.6899079  0.6953519  0.6993114  0.7114589  0.7045286  0.6935482  0.6915013  0.6873283  0.6851136  0.6903175  0.6842794  0.6850833  0.6859483  0.6881557  0.6893206  0.6828565  0.6792247  0.6790448
 2  0.5719358  0.5325228  0.5381893  0.5539488  0.5644279  0.5679538  0.5711682  0.5732095  0.5577426  0.5374698  0.5350284  0.5663407  0.5927402  0.5959636  0.5810370  0.5683264  0.5530000  0.5424789  0.5452785  0.5398732  0.5314084  0.5265769  0.5358638  0.5451418  0.5427786  0.5336729  0.5408796
 3  0.7532408  0.7124399  0.6927557  0.6874268  0.6923819  0.7036329  0.7081976  0.7199952  0.7138517  0.7063781  0.7114476  0.7155010  0.7315642  0.7264085  0.7137497  0.7108773  0.7063079  0.7020591  0.7076949  0.7024821  0.7020675  0.7022117  0.7042323  0.7072618  0.7013542  0.6963456  0.6958488
 4  0.4545313  0.4425846  0.4663593  0.4775658  0.4834145  0.4791205  0.4879219  0.4871799  0.4428423  0.4244169  0.4438861  0.5021971  0.5286142  0.5108532  0.4873441  0.4758042  0.4479675  0.4479871  0.4584964  0.4413729  0.4230095  0.4253365  0.4551578  0.4631432  0.4415987  0.4347006  0.4644489
 1  0.7281665  0.6811525  0.6616363  0.6624859  0.6737414  0.6774312  0.6757624  0.6775030  0.6793596  0.6867421  0.6864743  0.7042251  0.7045800  0.7076256  0.6972010  0.6935727  0.6879892  0.6831420  0.6898993  0.6816594  0.6924342  0.6917419  0.6897079  0.6980544  0.7073989  0.6953714  0.6899176
 2  0.5709774  0.5315600  0.5384399  0.5607869  0.5699101  0.5634673  0.5412189  0.5210976  0.5272806  0.5471360  0.5778933  0.6000830  0.6084211  0.6036709  0.5822741  0.5536839  0.5195711  0.5141243  0.5363497  0.5584228  0.5761090  0.5766347  0.5670448  0.5807650  0.5923570  0.5854850  0.5690788
 3  0.7515019  0.7078046  0.6877789  0.6849748  0.6948956  0.6975130  0.6937411  0.6940487  0.6948576  0.7045051  0.7041339  0.7252829  0.7266441  0.7297871  0.7179958  0.7115460  0.7045571  0.6982225  0.7065499  0.7000292  0.7117916  0.7121352  0.7085840  0.7150684  0.7286192  0.7166686  0.7093870
 4  0.4557197  0.4444463  0.4693555  0.4912857  0.4899625  0.4620814  0.4278265  0.4112007  0.4499237  0.4754404  0.5134517  0.5368157  0.5345305  0.5176536  0.4715201  0.4290781  0.3952732  0.4273207  0.4652638  0.4881040  0.5030526  0.4873869  0.4695514  0.5110358  0.5224907  0.4936432  0.4714317
 1  0.7281973  0.6813801  0.6632379  0.6593374  0.6654952  0.6946072  0.6960810  0.6964207  0.6979259  0.7015835  0.7044616  0.7096098  0.7026064  0.6935492  0.6793023  0.6744169  0.6805603  0.6881964  0.7087784  0.6986381  0.6892432  0.6897738  0.6925083  0.6956308  0.6938082  0.6987329  0.7074270
 2  0.5743464  0.5328744  0.5400978  0.5477398  0.5683122  0.5874086  0.5868596  0.5688435  0.5399836  0.5079295  0.4956263  0.5286631  0.5540919  0.5593902  0.5499490  0.5458429  0.5470756  0.5752783  0.5987758  0.5940816  0.5705433  0.5459553  0.5328103  0.5355051  0.5598021  0.5980536  0.6076499
 3  0.7516029  0.7076443  0.6892381  0.6832612  0.6839084  0.7144645  0.7170879  0.7152965  0.7146023  0.7162845  0.7175693  0.7245391  0.7202675  0.7127881  0.6985212  0.6924024  0.6991071  0.7042376  0.7296985  0.7216073  0.7092184  0.7069725  0.7089206  0.7115910  0.7109509  0.7175671  0.7316063
 4  0.4584144  0.4447439  0.4718110  0.4644805  0.4968618  0.5187263  0.4954291  0.4482955  0.3998670  0.3575797  0.3959039  0.4546093  0.4781637  0.4726381  0.4556563  0.4627146  0.4569743  0.5096794  0.5369428  0.5037923  0.4509913  0.4308358  0.4309566  0.4503484  0.4929273  0.5398668  0.5406112
 1  0.7281184  0.6807090  0.6597910  0.6567718  0.6542484  0.6663163  0.6848194  0.6851655  0.6664736  0.6448827  0.6608669  0.6807347  0.6800754  0.6725786  0.6614020  0.6558667  0.6777214  0.6925312  0.6936411  0.7089885  0.7039936  0.6977648  0.6885483  0.6808451  0.6858962  0.6868128  0.6847335
 2  0.5729084  0.5323670  0.5377956  0.5499070  0.5482730  0.5630297  0.5798749  0.5799602  0.5526802  0.5281648  0.5541352  0.5796256  0.5794318  0.5621403  0.5321749  0.5209655  0.5578088  0.5777106  0.5897993  0.5973580  0.5883172  0.5618370  0.5159440  0.4841654  0.4953154  0.5287918  0.5412264
 3  0.7517145  0.7074706  0.6859977  0.6802136  0.6749158  0.6839427  0.7044299  0.7063789  0.6873715  0.6636243  0.6773927  0.7007074  0.7019221  0.6933600  0.6804256  0.6724574  0.6938232  0.7129163  0.7127737  0.7291868  0.7252360  0.7164757  0.7047943  0.6955494  0.6999461  0.7033232  0.7030003
 4  0.4576816  0.4449541  0.4692227  0.4728191  0.4629613  0.4929538  0.5136573  0.4982178  0.4551333  0.4428671  0.4948668  0.5173538  0.4991801  0.4619852  0.4222789  0.4390297  0.4998225  0.5058403  0.5110801  0.5216222  0.4900644  0.4278497  0.3687239  0.3635134  0.4178764  0.4568210  0.4485934
 1  0.7289669  0.6802509  0.6612621  0.6618189  0.6786977  0.6912314  0.6872649  0.6871920  0.6893206  0.6936955  0.7022812  0.7158378  0.7217188  0.7089949  0.6971329  0.6956782  0.6983997  0.7046466  0.7032821  0.7014200  0.6974985  0.6877510  0.6844580  0.6868799  0.6969823  0.7055614  0.7097729
 2  0.5742236  0.5321444  0.5399528  0.5635744  0.5840523  0.5880228  0.5703729  0.5374908  0.4994773  0.4783809  0.5259689  0.5990570  0.6171385  0.6072197  0.5693415  0.5248971  0.4960172  0.4999867  0.5336765  0.5634881  0.5749983  0.5671572  0.5529544  0.5448595  0.5541242  0.5738844  0.5867466
 3  0.7523603  0.7067756  0.6874836  0.6843924  0.6992551  0.7126547  0.7074742  0.7044466  0.7044221  0.7070312  0.7155209  0.7339028  0.7456193  0.7318901  0.7161061  0.7116937  0.7125391  0.7183399  0.7187864  0.7191523  0.7174254  0.7080858  0.7031618  0.7038561  0.7136717  0.7230821  0.7291743
 4  0.4578898  0.4455059  0.4727872  0.4964456  0.5151561  0.5046146  0.4552474  0.3956702  0.3486608  0.3585690  0.4708878  0.5456562  0.5496550  0.4999907  0.4262397  0.3762279  0.3716884  0.4081994  0.4588697  0.4934430  0.4971777  0.4726638  0.4462636  0.4487401  0.4729100  0.5003577  0.5094819
 1  0.7287269  0.6813673  0.6618511  0.6575303  0.6600721  0.6799545  0.6869910  0.6889502  0.6852100  0.6780667  0.6855128  0.6865573  0.6764634  0.6728841  0.6760919  0.6773719  0.6977947  0.7158794  0.7046337  0.6974201  0.6942824  0.6951849  0.6983142  0.6999625  0.6942491  0.6899140  0.6839532
 2  0.5719461  0.5319569  0.5389365  0.5477012  0.5537215  0.5668632  0.5730014  0.5751033  0.5684753  0.5651191  0.5747902  0.5749714  0.5569760  0.5384825  0.5351752  0.5454343  0.5935156  0.6129902  0.6047645  0.5760346  0.5297543  0.4843873  0.4815985  0.5341458  0.5704532  0.5796830  0.5834345
 3  0.7520538  0.7080049  0.6880432  0.6812988  0.6799253  0.6980696  0.7063066  0.7083334  0.7052300  0.6972382  0.7045489  0.7076183  0.6967228  0.6905110  0.6932850  0.6946532  0.7143626  0.7391127  0.7279895  0.7171486  0.7108292  0.7091907  0.7109650  0.7157669  0.7130281  0.7111682  0.7043422
 4  0.4562514  0.4449012  0.4703272  0.4664657  0.4691630  0.4905429  0.4961371  0.4946886  0.4839593  0.4849695  0.5048496  0.4931107  0.4509344  0.4375136  0.4489167  0.4712745  0.5360196  0.5490775  0.5076977  0.4390224  0.3683857  0.3307907  0.3977129  0.4729271  0.5054583  0.5066820  0.5065196
 1  0.7276935  0.6812072  0.6596981  0.6590363  0.6726302  0.6870432  0.6876275  0.6860765  0.6907619  0.6995041  0.7048507  0.7033966  0.7037322  0.7129081  0.7215622  0.7092121  0.6924746  0.6876474  0.6955012  0.6940159  0.6744682  0.6505489  0.6349034  0.6102139  0.6298687  0.6768055  0.6842027
 2  0.5721492  0.5322268  0.5370305  0.5559977  0.5724901  0.5799313  0.5696430  0.5504612  0.5412119  0.5508172  0.5621717  0.5633881  0.5635266  0.5911419  0.6057416  0.5962703  0.5523802  0.5194912  0.5429391  0.5624471  0.5498755  0.5148212  0.4934628  0.4814629  0.5327008  0.5784340  0.5850095
 3  0.7511928  0.7077284  0.6857234  0.6817771  0.6928673  0.7069921  0.7074191  0.7042531  0.7071049  0.7159343  0.7226254  0.7214352  0.7210109  0.7298608  0.7435559  0.7311344  0.7109528  0.7025662  0.7109892  0.7135275  0.6952674  0.6693111  0.6517484  0.6283224  0.6439903  0.6956891  0.7062359
 4  0.4573467  0.4439921  0.4682178  0.4848379  0.4979880  0.4980417  0.4714101  0.4378208  0.4420642  0.4702906  0.4774611  0.4657889  0.4700963  0.5258378  0.5369885  0.4865945  0.3976707  0.4097475  0.4812862  0.4913430  0.4466028  0.4035268  0.4079220  0.4062123  0.4822228  0.5227695  0.5005506
 1  0.7285885  0.6861851  0.6665594  0.6674247  0.6825811  0.6859806  0.6950174  0.6979435  0.6873755  0.6802397  0.6834572  0.6975021  0.6880607  0.6847241  0.6918047  0.6866144  0.6931432  0.6946655  0.6916361  0.7015395  0.7135207  0.7054989  0.7015660  0.7002289  0.6988480  0.7044793  0.7173721
 2  0.5713707  0.5332933  0.5372758  0.5647448  0.5784792  0.5814004  0.5785373  0.5681465  0.5362616  0.5014249  0.5274952  0.5656469  0.5691700  0.5669080  0.5705019  0.5710528  0.5740661  0.5697300  0.5560682  0.5733157  0.5932175  0.5907984  0.5730048  0.5448497  0.5076023  0.5235793  0.5694628
 3  0.7516385  0.7121700  0.6921178  0.6889676  0.7040067  0.7060795  0.7140022  0.7171450  0.7052796  0.6958940  0.6974731  0.7162007  0.7089246  0.7027325  0.7109173  0.7063405  0.7122299  0.7142656  0.7095945  0.7175182  0.7339612  0.7267207  0.7206350  0.7173683  0.7139599  0.7173251  0.7349934
 4  0.4556943  0.4418778  0.4646169  0.4987057  0.5033806  0.4941234  0.4910408  0.4639897  0.4041495  0.3746468  0.4655907  0.5050815  0.4765051  0.4796872  0.4942348  0.4899274  0.4917538  0.4720917  0.4500786  0.5046530  0.5255911  0.4970278  0.4546007  0.4074247  0.3573117  0.4556227  0.5086707
 1  0.7287496  0.6821007  0.6615984  0.6571907  0.6395915  0.6333549  0.6656101  0.6758712  0.6745745  0.6718293  0.6801622  0.6969266  0.6916247  0.6886125  0.6960719  0.7009799  0.7030496  0.6992719  0.6979966  0.7017699  0.7062992  0.7020668  0.6984234  0.7043565  0.7132695  0.7118405  0.7123339
 2  0.5722266  0.5321358  0.5370961  0.5443021  0.5201429  0.5159118  0.5479099  0.5623765  0.5575625  0.5481018  0.5636654  0.5783058  0.5712513  0.5529756  0.5532068  0.5678420  0.5733261  0.5681402  0.5570769  0.5577147  0.5604502  0.5467321  0.5253106  0.5361467  0.5640335  0.5829738  0.5909811
 3  0.7522206  0.7088684  0.6876539  0.6807690  0.6609182  0.6497131  0.6824003  0.6952767  0.6937441  0.6906901  0.6971183  0.7166121  0.7122498  0.7059744  0.7125034  0.7190825  0.7222530  0.7181235  0.7154401  0.7187204  0.7242211  0.7196347  0.7138732  0.7188529  0.7305012  0.7304691  0.7320179
 4  0.4567510  0.4439026  0.4665527  0.4604590  0.4125597  0.4408393  0.4866845  0.4850791  0.4684963  0.4566752  0.4930091  0.5069545  0.4652599  0.4404038  0.4712892  0.4937004  0.4872456  0.4643511  0.4549278  0.4714369  0.4664399  0.4216189  0.3972034  0.4578271  0.4934923  0.5056000  0.5089003
 1  0.7314508  0.6876579  0.6676248  0.6689820  0.6865034  0.6941650  0.6849549  0.6796292  0.6776826  0.6936341  0.7132430  0.7051128  0.6967665  0.6981034  0.7068942  0.7090901  0.6898180  0.6727547  0.6510844  0.6241328  0.6609444  0.6501653  0.6347773  0.6138827  0.6303218  0.6547648  0.6703312
 2  0.5718119  0.5326729  0.5396861  0.5689037  0.5902136  0.5921391  0.5677405  0.5268390  0.5005677  0.5600764  0.5976327  0.5983033  0.5721356  0.5503428  0.5595390  0.5701143  0.5574754  0.5359295  0.5165257  0.5314522  0.5672195  0.5589040  0.5301455  0.5025241  0.5210302  0.5429028  0.5716875
 3  0.7538355  0.7134097  0.6934635  0.6908508  0.7075142  0.7161215  0.7054948  0.6969563  0.6923026  0.7076954  0.7343155  0.7273198  0.7160800  0.7143548  0.7231969  0.7280252  0.7095214  0.6911324  0.6696008  0.6397864  0.6813378  0.6727889  0.6549682  0.6331736  0.6464802  0.6729073  0.6879259
 4  0.4534029  0.4431864  0.4701395  0.5037319  0.5229226  0.5072461  0.4470866  0.3794814  0.3964147  0.5125797  0.5373969  0.5018096  0.4422138  0.4420003  0.4860509  0.4902822  0.4563979  0.4376168  0.4308671  0.4827020  0.5101082  0.4756598  0.4394015  0.4176805  0.4557403  0.4758023  0.5049218
 1  0.7320621  0.6910884  0.6702231  0.6645409  0.6670847  0.6782838  0.6856075  0.7011462  0.7068565  0.7141035  0.7111733  0.7090281  0.7101948  0.7081805  0.7051976  0.7012196  0.6915608  0.6758136  0.6680505  0.6760969  0.6743795  0.6876545  0.6841940  0.6874899  0.6908825  0.6994353  0.7079006
 2  0.5746545  0.5344151  0.5388199  0.5501923  0.5560980  0.5552365  0.5580111  0.5680733  0.5848231  0.5962969  0.5934776  0.5832622  0.5692599  0.5570257  0.5410987  0.5285057  0.5101518  0.4866531  0.5144123  0.5616360  0.5845520  0.5900930  0.5827877  0.5649708  0.5531342  0.5701691  0.5898892
 3  0.7544364  0.7164504  0.6957251  0.6876995  0.6871308  0.6971066  0.7028645  0.7185033  0.7250498  0.7341617  0.7318487  0.7277885  0.7280593  0.7256283  0.7217466  0.7173463  0.7076763  0.6917303  0.6824291  0.6952884  0.6945986  0.7100034  0.7061235  0.7060518  0.7078941  0.7166160  0.7274475
 4  0.4545522  0.4418585  0.4675249  0.4706478  0.4700707  0.4609982  0.4700397  0.4881288  0.5111970  0.5207245  0.5000941  0.4785593  0.4666688  0.4485493  0.4281307  0.4139915  0.3910232  0.3709283  0.4548095  0.5072051  0.5202149  0.5193480  0.4838116  0.4535477  0.4619664  0.5004633  0.5220325
 1  0.7287904  0.6836471  0.6630712  0.6602460  0.6687196  0.6852539  0.6906840  0.6919976  0.6871701  0.6911910  0.6982153  0.7096294  0.7038164  0.7016030  0.6930798  0.6902027  0.6888443  0.6840100  0.6897235  0.6891770  0.6896828  0.6971942  0.7000901  0.6946310  0.6922222  0.6933563  0.7023223
 2  0.5701777  0.5321565  0.5369059  0.5505436  0.5641390  0.5739568  0.5699572  0.5521363  0.5359231  0.5449740  0.5707653  0.5865525  0.5825530  0.5651576  0.5352947  0.5193260  0.5181083  0.5355920  0.5575026  0.5671245  0.5735452  0.5855803  0.5882294  0.5757430  0.5520381  0.5297218  0.5269805
 3  0.7520664  0.7102563  0.6889930  0.6831477  0.6883917  0.7045615  0.7101691  0.7098638  0.7030956  0.7083469  0.7156335  0.7290120  0.7238821  0.7200909  0.7101283  0.7059965  0.7048222  0.7005907  0.7076714  0.7084422  0.7084118  0.7165514  0.7210088  0.7149001  0.7104761  0.7092584  0.7173372
 4  0.4552733  0.4433234  0.4653866  0.4733258  0.4870289  0.4944675  0.4723879  0.4314165  0.4409294  0.4685738  0.4992168  0.5092640  0.4858577  0.4479944  0.4135593  0.4126877  0.4277008  0.4600702  0.4844355  0.4857845  0.4956798  0.5138705  0.5070745  0.4726076  0.4257287  0.4103337  0.4304521
 1  0.7295185  0.6836929  0.6636365  0.6676766  0.6838319  0.6824867  0.6495591  0.6608821  0.6480687  0.6261592  0.6392129  0.6448206  0.6175665  0.5906439  0.6465662  0.6853879  0.6669065  0.6516802  0.6594967  0.6702806  0.6781887  0.6847905  0.6941914  0.7022328  0.6972204  0.6899322  0.6858925
 2  0.5718653  0.5322704  0.5387833  0.5711937  0.5861313  0.5797408  0.5535624  0.5693423  0.5558758  0.5315729  0.5436779  0.5524947  0.5337278  0.5287456  0.5839339  0.5999558  0.5772044  0.5402612  0.5223312  0.5175079  0.5199202  0.5327128  0.5497367  0.5614726  0.5564232  0.5397943  0.5346230
 3  0.7524887  0.7099336  0.6896199  0.6891980  0.7057579  0.7043772  0.6673363  0.6811456  0.6719370  0.6456863  0.6568421  0.6652126  0.6379396  0.6081775  0.6629041  0.7094105  0.6913341  0.6719709  0.6767073  0.6867149  0.6942138  0.7010271  0.7107514  0.7197350  0.7155510  0.7077248  0.7019798
 4  0.4555759  0.4438953  0.4696413  0.5078787  0.5166473  0.4845893  0.4839184  0.5147212  0.4717269  0.4502062  0.4834371  0.4864794  0.4706410  0.4819177  0.5337035  0.5379256  0.4811469  0.4253530  0.4199238  0.4231995  0.4288152  0.4447485  0.4672870  0.4753077  0.4576648  0.4256262  0.4454606
 1  0.7274045  0.6821151  0.6623623  0.6589569  0.6582684  0.6646185  0.6881094  0.6969608  0.6983167  0.6991990  0.6988537  0.6976448  0.6963302  0.7009045  0.6989393  0.7126222  0.7079492  0.7169974  0.7218419  0.7137064  0.6974876  0.6881822  0.6849856  0.6850140  0.6884320  0.6944536  0.6938302
 2  0.5715916  0.5325075  0.5374806  0.5473698  0.5393124  0.5398908  0.5596873  0.5719598  0.5701925  0.5619941  0.5487166  0.5322437  0.5391339  0.5570019  0.5849054  0.6020973  0.6076866  0.6174384  0.6200046  0.6107831  0.5716554  0.5153940  0.4593064  0.4370693  0.4793466  0.5353439  0.5643336
 3  0.7509238  0.7085997  0.6882582  0.6823004  0.6791253  0.6813699  0.7049900  0.7158573  0.7170413  0.7171158  0.7162417  0.7141047  0.7116585  0.7189580  0.7166909  0.7339645  0.7295711  0.7374856  0.7454254  0.7366931  0.7174806  0.7046210  0.6986188  0.6976590  0.7014247  0.7104564  0.7122550
 4  0.4571408  0.4435036  0.4668975  0.4664994  0.4332447  0.4523818  0.4898578  0.4912262  0.4732111  0.4587024  0.4393413  0.4175105  0.4584706  0.4818098  0.5174374  0.5352505  0.5291953  0.5470435  0.5492149  0.5126225  0.4290075  0.3390899  0.2995624  0.3200784  0.4100724  0.4712798  0.4899517
 1  0.7295224  0.6865397  0.6659757  0.6658197  0.6789545  0.6844156  0.6864035  0.6856527  0.6755699  0.6663413  0.6806276  0.6948945  0.7039866  0.7022416  0.6976698  0.6980463  0.7089071  0.7051151  0.6938887  0.6880785  0.6871711  0.6928837  0.7153017  0.6980472  0.6819091  0.6782098  0.6854426
 2  0.5724896  0.5338179  0.5375739  0.5611356  0.5742697  0.5751453  0.5629476  0.5446077  0.5173455  0.5112484  0.5468134  0.5802474  0.5937603  0.5881639  0.5642726  0.5546373  0.5724206  0.5786045  0.5649712  0.5464142  0.5324687  0.5744325  0.6045330  0.5951859  0.5534891  0.5054148  0.4876644
 3  0.7526309  0.7126323  0.6916446  0.6878234  0.6999131  0.7044180  0.7052645  0.7036983  0.6925536  0.6822945  0.6969718  0.7132727  0.7247336  0.7227532  0.7164717  0.7140398  0.7264987  0.7254345  0.7134267  0.7056833  0.7044216  0.7073008  0.7377099  0.7217952  0.7014599  0.6938441  0.6996836
 4  0.4564538  0.4427864  0.4656077  0.4923121  0.4974388  0.4848310  0.4637870  0.4332690  0.4045261  0.4309881  0.4830181  0.5160049  0.5169983  0.4893625  0.4419677  0.4630435  0.5045346  0.4949556  0.4562679  0.4395478  0.4274889  0.5185840  0.5458648  0.4929386  0.3990376  0.3622850  0.3795749
 1  0.7309671  0.6879792  0.6684522  0.6657314  0.6702624  0.6722614  0.6692351  0.6797147  0.6970462  0.6986830  0.7040076  0.7040694  0.7142619  0.7100714  0.7039563  0.7034999  0.7063058  0.7079436  0.7095131  0.7096331  0.7088798  0.7077405  0.7097042  0.7018116  0.6967999  0.7042171  0.7043351
 2  0.5684563  0.5320879  0.5387765  0.5545905  0.5556061  0.5404819  0.5182277  0.5407949  0.5702011  0.5843304  0.5859499  0.5913555  0.5971339  0.5916817  0.5720277  0.5515831  0.5386000  0.5274996  0.5278242  0.5314117  0.5357893  0.5488824  0.5611986  0.5523600  0.5436733  0.5505825  0.5548424
 3  0.7533426  0.7138513  0.6941281  0.6885093  0.6910419  0.6910702  0.6854015  0.6948328  0.7157436  0.7179296  0.7238360  0.7228923  0.7345682  0.7307322  0.7226359  0.7204443  0.7225199  0.7232272  0.7246469  0.7250440  0.7246876  0.7237338  0.7273829  0.7201945  0.7128592  0.7208988  0.7220799
 4  0.4519946  0.4423668  0.4671187  0.4781211  0.4617307  0.4219649  0.4125388  0.4785876  0.5021809  0.5047430  0.5000481  0.5122566  0.5206813  0.4947640  0.4561373  0.4380088  0.4231927  0.4147388  0.4195405  0.4292798  0.4352782  0.4640318  0.4750655  0.4385080  0.4412111  0.4668202  0.4569366
 1  0.7317671  0.6897918  0.6693722  0.6668532  0.6733322  0.6826915  0.6868914  0.6904192  0.6950909  0.6992733  0.7014890  0.7137425  0.7089665  0.7008995  0.6975592  0.7010120  0.7109128  0.7094744  0.7035195  0.7007240  0.7012514  0.6997223  0.7041248  0.7043401  0.7109499  0.7159613  0.7137091
 2  0.5734793  0.5336857  0.5391369  0.5566102  0.5658036  0.5681874  0.5617834  0.5528233  0.5487626  0.5453943  0.5641198  0.5899299  0.5929934  0.5732424  0.5359817  0.5123101  0.5259351  0.5478842  0.5548392  0.5567654  0.5588596  0.5597469  0.5603219  0.5579681  0.5671149  0.5843265  0.5879857
 3  0.7541083  0.7153043  0.6949890  0.6896135  0.6937523  0.7020007  0.7055063  0.7081373  0.7120412  0.7162272  0.7174200  0.7330688  0.7304011  0.7204883  0.7142697  0.7149871  0.7253495  0.7264943  0.7210824  0.7180378  0.7190652  0.7175022  0.7219536  0.7212938  0.7275478  0.7342732  0.7338850
 4  0.4539986  0.4422516  0.4682972  0.4819762  0.4843739  0.4799014  0.4662687  0.4525642  0.4512102  0.4445082  0.4920804  0.5244529  0.5045137  0.4470024  0.3803282  0.3955012  0.4494851  0.4641220  0.4575928  0.4645104  0.4688860  0.4704044  0.4605350  0.4576977  0.4855038  0.5104620  0.5015043
 1  0.7288535  0.6823293  0.6631430  0.6658512  0.6854317  0.6986564  0.7007706  0.6951855  0.6914159  0.6939607  0.7030924  0.7038170  0.7004217  0.6989781  0.6943123  0.6884167  0.6870732  0.6922006  0.7021853  0.7047742  0.7106976  0.7049421  0.7046511  0.7101265  0.7060693  0.7023808  0.6969846
 2  0.5713388  0.5321053  0.5389149  0.5666790  0.5892727  0.6006519  0.5941444  0.5717577  0.5338867  0.5086667  0.5193772  0.5371508  0.5546183  0.5628686  0.5552520  0.5311123  0.5151188  0.5399177  0.5783676  0.6024698  0.6086873  0.5989259  0.5823670  0.5676983  0.5458334  0.5182147  0.4980591
 3  0.7520863  0.7088090  0.6891922  0.6878216  0.7061255  0.7197324  0.7222342  0.7151007  0.7083422  0.7083363  0.7178046  0.7201058  0.7174030  0.7175378  0.7132843  0.7055095  0.7023828  0.7074150  0.7205224  0.7254173  0.7334076  0.7266066  0.7233614  0.7278876  0.7232499  0.7178247  0.7116567
 4  0.4561338  0.4443320  0.4695359  0.5006012  0.5214587  0.5261126  0.5043792  0.4492408  0.3852462  0.3950540  0.4350510  0.4517538  0.4722107  0.4788461  0.4467260  0.4023243  0.4080267  0.4746283  0.5180278  0.5367826  0.5329678  0.4988490  0.4757262  0.4613732  0.4220037  0.3823222  0.3727498
 1  0.7275399  0.6836449  0.6650764  0.6622266  0.6624654  0.6730298  0.6784189  0.6865264  0.6998297  0.7014900  0.7030798  0.7021205  0.6956024  0.6912609  0.6965289  0.6996762  0.6962189  0.6969627  0.7028280  0.7072237  0.6986633  0.6938092  0.6934418  0.6870325  0.6844887  0.6942973  0.7011318
 2  0.5739787  0.5340538  0.5384938  0.5498496  0.5521470  0.5534030  0.5502345  0.5600556  0.5783439  0.5862032  0.5834567  0.5705948  0.5428606  0.5203910  0.5368050  0.5588093  0.5659135  0.5706106  0.5865220  0.5948534  0.5850839  0.5694318  0.5543584  0.5348658  0.5289277  0.5539616  0.5731997
 3  0.7511398  0.7097905  0.6907184  0.6853561  0.6826150  0.6916451  0.6965965  0.7033295  0.7184950  0.7216114  0.7228080  0.7209640  0.7131464  0.7069048  0.7118047  0.7178291  0.7152114  0.7148565  0.7213665  0.7284610  0.7198811  0.7125298  0.7115524  0.7050017  0.7001843  0.7108831  0.7200382
 4  0.4592037  0.4432500  0.4671595  0.4700561  0.4659182  0.4652478  0.4577782  0.4837652  0.5079079  0.5055905  0.4901501  0.4614538  0.4164160  0.4095146  0.4631884  0.4854130  0.4754772  0.4859236  0.5178932  0.5206414  0.4873864  0.4660440  0.4557864  0.4210179  0.4376105  0.4859997  0.4957307
 1  0.7283414  0.6853510  0.6638312  0.6587886  0.6579831  0.6658689  0.6668523  0.6739270  0.6918304  0.7016224  0.7121123  0.7063453  0.6985052  0.6987061  0.6948155  0.6875046  0.6905774  0.6969007  0.6994119  0.6980033  0.6933618  0.6941544  0.6855950  0.6692170  0.6752331  0.6972979  0.6975874
 2  0.5707404  0.5332294  0.5359428  0.5430649  0.5382373  0.5274125  0.5120711  0.5256916  0.5609491  0.5925145  0.6040051  0.5949258  0.5640374  0.5323524  0.5149448  0.5218476  0.5632584  0.5888214  0.5948174  0.5831510  0.5586440  0.5443041  0.5431553  0.5474509  0.5755272  0.6000714  0.6022983
 3  0.7516474  0.7116269  0.6895081  0.6820535  0.6782280  0.6835362  0.6833232  0.6890493  0.7089204  0.7204161  0.7336850  0.7277797  0.7170191  0.7145514  0.7102803  0.7034840  0.7074387  0.7176176  0.7211292  0.7181773  0.7116511  0.7108062  0.7029343  0.6887792  0.6933090  0.7180545  0.7204984
 4  0.4561331  0.4423514  0.4634830  0.4588422  0.4371523  0.4181078  0.4077223  0.4536145  0.4969146  0.5268756  0.5297632  0.4902843  0.4290954  0.4049816  0.4125401  0.4443311  0.5030873  0.5246108  0.5111081  0.4777108  0.4442574  0.4449729  0.4678936  0.4759230  0.5125866  0.5377870  0.5287808
 1  0.7279220  0.6803871  0.6616807  0.6581226  0.6578418  0.6724894  0.6938284  0.7051310  0.6933077  0.6813042  0.6712320  0.6723981  0.6792037  0.6862652  0.6956108  0.7069901  0.7067796  0.7107305  0.6989559  0.6921281  0.6913854  0.6936308  0.6924678  0.6834119  0.6802141  0.6844249  0.6931375
 2  0.5722626  0.5318336  0.5384951  0.5477981  0.5467102  0.5583918  0.5835537  0.5942124  0.5774807  0.5425798  0.5092627  0.5104610  0.5293440  0.5494176  0.5767576  0.5947887  0.6033587  0.6022349  0.5811258  0.5467735  0.5241080  0.5351780  0.5476955  0.5462301  0.5388181  0.5385295  0.5481874
 3  0.7514597  0.7070823  0.6877504  0.6816870  0.6781517  0.6898316  0.7118867  0.7259913  0.7144230  0.7001120  0.6872858  0.6882131  0.6958748  0.7032022  0.7130962  0.7273217  0.7274752  0.7325380  0.7200436  0.7096854  0.7067414  0.7098904  0.7103328  0.7022760  0.6980229  0.7010255  0.7101710
 4  0.4572140  0.4443800  0.4690379  0.4665554  0.4549649  0.4822126  0.5184237  0.5182766  0.4727218  0.4089176  0.3990375  0.4308805  0.4496511  0.4702765  0.5092438  0.5250556  0.5290041  0.5197077  0.4651820  0.4093933  0.4225560  0.4583094  0.4673437  0.4501326  0.4357021  0.4490081  0.4635995
 1  0.7299583  0.6871291  0.6645925  0.6612227  0.6696219  0.6799087  0.6862228  0.6949640  0.6991894  0.7132759  0.7086377  0.7052313  0.7103611  0.7081300  0.7083565  0.7106818  0.7097670  0.7034431  0.6992529  0.7015235  0.7045583  0.7054455  0.7143611  0.7097733  0.7032378  0.7018925  0.7124787
 2  0.5711477  0.5329857  0.5358104  0.5505646  0.5595749  0.5598901  0.5560944  0.5519884  0.5685482  0.5895495  0.5900686  0.5805322  0.5721407  0.5627852  0.5513704  0.5539763  0.5549025  0.5398113  0.5193506  0.5063720  0.5049037  0.5298615  0.5613872  0.5695204  0.5550805  0.5604290  0.5798788
 3  0.7529014  0.7133254  0.6903268  0.6839080  0.6898311  0.6988357  0.7038117  0.7123242  0.7154749  0.7327672  0.7296432  0.7235485  0.7283397  0.7261866  0.7247825  0.7270142  0.7271713  0.7206977  0.7148178  0.7157820  0.7191784  0.7197567  0.7313251  0.7283488  0.7208500  0.7177783  0.7312943
 4  0.4546550  0.4421283  0.4634811  0.4745267  0.4753974  0.4656289  0.4617160  0.4543288  0.4958234  0.5213666  0.4955371  0.4772068  0.4774013  0.4559784  0.4443012  0.4610328  0.4578871  0.4170080  0.3813717  0.3900012  0.3949342  0.4528548  0.4866557  0.4726267  0.4388360  0.4810838  0.5097385
 1  0.7300844  0.6847040  0.6502153  0.6407413  0.6390296  0.6499449  0.6558743  0.6624500  0.6878890  0.6838847  0.6822426  0.6896816  0.6969856  0.6976494  0.6917213  0.6837927  0.6835682  0.7002009  0.7019545  0.6937639  0.6765016  0.6730896  0.7079364  0.6954017  0.6802131  0.6747224  0.6789687
 2  0.5711411  0.5323297  0.5311287  0.5376184  0.5355404  0.5364008  0.5355446  0.5584945  0.5831636  0.5808489  0.5681404  0.5673671  0.5754577  0.5778771  0.5685470  0.5441866  0.5366123  0.5616494  0.5746475  0.5661539  0.5369219  0.5719946  0.6034775  0.5966396  0.5566340  0.5033323  0.4778203
 3  0.7530262  0.7111078  0.6765429  0.6647513  0.6599030  0.6680429  0.6739963  0.6789722  0.7081292  0.7057482  0.7016919  0.7075096  0.7157572  0.7174777  0.7115439  0.7026582  0.6993901  0.7167632  0.7217792  0.7131734  0.6949099  0.6871940  0.7303861  0.7191617  0.7002002  0.6908728  0.6927258
 4  0.4548105  0.4437284  0.4659111  0.4621154  0.4472771  0.4518285  0.4549988  0.4977446  0.5196080  0.4932568  0.4696732  0.4842379  0.5007052  0.4958303  0.4712543  0.4235829  0.4446810  0.4961091  0.4948083  0.4622119  0.4291081  0.5191593  0.5462056  0.4986733  0.4069861  0.3452417  0.3693685
 1  0.7297766  0.6848594  0.6668444  0.6719836  0.6929558  0.6926447  0.6941169  0.7004616  0.6992905  0.7001354  0.6984772  0.6918122  0.6676417  0.6350929  0.6229092  0.5470190  0.6393327  0.6982460  0.7118224  0.7071516  0.7085444  0.7083472  0.7063177  0.7044849  0.7046886  0.7114326  0.7002436
 2  0.5731114  0.5330533  0.5392180  0.5750500  0.5920810  0.5894966  0.5762138  0.5682194  0.5595639  0.5542902  0.5534603  0.5408823  0.5036806  0.4790298  0.4953880  0.4909899  0.5784140  0.6171178  0.6227912  0.6140638  0.5967424  0.5764085  0.5489097  0.5241157  0.5405368  0.5709836  0.5738320
 3  0.7529155  0.7110679  0.6925752  0.6929515  0.7151166  0.7139534  0.7126557  0.7187601  0.7173733  0.7172471  0.7161970  0.7099105  0.6852466  0.6512635  0.6402325  0.5628555  0.6527392  0.7197110  0.7365787  0.7296832  0.7289198  0.7270521  0.7232383  0.7200372  0.7191055  0.7299088  0.7208393
 4  0.4566960  0.4432916  0.4678236  0.5127369  0.5210508  0.4933019  0.4785810  0.4750075  0.4601141  0.4599304  0.4608678  0.4318430  0.3834690  0.3984658  0.4320054  0.4508302  0.5322260  0.5588550  0.5509474  0.5214608  0.4942949  0.4617707  0.4233008  0.3978911  0.4674671  0.5058037  0.4791832
 1  0.7280549  0.6813184  0.6661617  0.6658306  0.6731200  0.6851075  0.6982985  0.7055349  0.7062902  0.7185036  0.7105485  0.7087637  0.7090774  0.7095230  0.7135246  0.7197561  0.7211284  0.7110778  0.7028650  0.6984382  0.6987141  0.6930034  0.6991236  0.6979725  0.6891346  0.6873470  0.6785559
 2  0.5742871  0.5326443  0.5408508  0.5575117  0.5655214  0.5730308  0.5827113  0.5830761  0.5899229  0.5968974  0.5894171  0.5686952  0.5398209  0.5081018  0.4940238  0.5421818  0.5719042  0.5751735  0.5619254  0.5561728  0.5547305  0.5564674  0.5673460  0.5646665  0.5465214  0.5310373  0.5245076
 3  0.7515398  0.7076519  0.6920006  0.6887551  0.6935228  0.7038388  0.7168845  0.7252624  0.7241335  0.7387546  0.7310855  0.7265903  0.7252490  0.7239967  0.7261390  0.7339952  0.7395194  0.7299847  0.7207530  0.7159210  0.7167816  0.7107325  0.7172249  0.7172192  0.7071323  0.7039049  0.6955385
 4  0.4584217  0.4441404  0.4706201  0.4818928  0.4820384  0.4907681  0.5052946  0.4933454  0.5099111  0.5205576  0.4861433  0.4423103  0.3996699  0.3509040  0.3852963  0.4780978  0.4966606  0.4738233  0.4572465  0.4660069  0.4644689  0.4709145  0.4868362  0.4677158  0.4329595  0.4268596  0.4351283
 1  0.7296925  0.6823790  0.6626079  0.6671223  0.6868213  0.6867470  0.6857091  0.6973827  0.7009809  0.6961269  0.6895265  0.6840532  0.6818357  0.6836385  0.6874920  0.6894125  0.6915507  0.6870206  0.6796430  0.6800772  0.6660953  0.6633090  0.6892582  0.6982395  0.6947238  0.7021628  0.7018470
 2  0.5699182  0.5311662  0.5378336  0.5700754  0.5849927  0.5779045  0.5578330  0.5590164  0.5660863  0.5609465  0.5465202  0.5269114  0.5267493  0.5481044  0.5640358  0.5697079  0.5667951  0.5549805  0.5485442  0.5546699  0.5461846  0.5554768  0.5867913  0.5957424  0.5918404  0.5930350  0.5855648
 3  0.7528275  0.7093079  0.6887927  0.6884905  0.7086692  0.7077950  0.7032116  0.7140188  0.7195171  0.7150648  0.7077167  0.7009197  0.6976457  0.7012099  0.7065862  0.7081724  0.7107834  0.7057568  0.6967946  0.6993410  0.6861526  0.6803597  0.7084612  0.7199181  0.7150913  0.7221331  0.7228115
 4  0.4541773  0.4442349  0.4671607  0.5060475  0.5109045  0.4714627  0.4499795  0.4777984  0.4853039  0.4644646  0.4337269  0.4147659  0.4456813  0.4802174  0.4844845  0.4857501  0.4766958  0.4532902  0.4689644  0.4796338  0.4567167  0.4899351  0.5251395  0.5193930  0.5079956  0.5145904  0.4938906
 1  0.7310651  0.6891377  0.6652762  0.6585707  0.6613012  0.6811238  0.6939688  0.6927046  0.6957635  0.7058782  0.7001417  0.6833172  0.6743290  0.6802966  0.6745284  0.6638954  0.6647614  0.6618334  0.6726983  0.6730546  0.6811656  0.6883740  0.6960168  0.6999653  0.7106502  0.7045344  0.7021255
 2  0.5714015  0.5331544  0.5365008  0.5453978  0.5528911  0.5711535  0.5789112  0.5749606  0.5802727  0.5976522  0.5938466  0.5672156  0.5332124  0.5149080  0.5004798  0.4940328  0.5124287  0.5293231  0.5418835  0.5408343  0.5370376  0.5405899  0.5492757  0.5707607  0.5874761  0.5828076  0.5697443
 3  0.7535218  0.7148145  0.6909957  0.6819858  0.6810851  0.6989496  0.7139265  0.7120362  0.7135108  0.7261900  0.7229231  0.7049121  0.6918762  0.6962137  0.6910739  0.6796186  0.6811095  0.6792679  0.6908324  0.6912436  0.6981336  0.7046661  0.7130458  0.7168968  0.7303440  0.7249185  0.7199346
 4  0.4534606  0.4419255  0.4660981  0.4648612  0.4691125  0.4993853  0.4997771  0.4813511  0.5071044  0.5319373  0.5133275  0.4470330  0.4077829  0.4109645  0.3954725  0.4028795  0.4340543  0.4563029  0.4578992  0.4435293  0.4358862  0.4519290  0.4633318  0.4992387  0.5133119  0.4820187  0.4626759
 1  0.7294815  0.6845464  0.6628684  0.6580536  0.6601873  0.6724841  0.6855004  0.7027121  0.7034079  0.7050006  0.6998065  0.6951547  0.6836194  0.6711506  0.6849721  0.6792931  0.6785146  0.6798725  0.6888572  0.6907044  0.6877747  0.6983919  0.7015333  0.6990310  0.6900178  0.6794741  0.6669390
 2  0.5725402  0.5325944  0.5374261  0.5473851  0.5500149  0.5520723  0.5681843  0.5846412  0.5888351  0.5836322  0.5676762  0.5489975  0.5213449  0.5236466  0.5559105  0.5666904  0.5678860  0.5703476  0.5743909  0.5646696  0.5531956  0.5647937  0.5810196  0.5854208  0.5742492  0.5514823  0.5192094
 3  0.7525449  0.7108985  0.6888657  0.6814880  0.6804284  0.6907345  0.7025192  0.7219238  0.7235492  0.7243941  0.7186920  0.7129867  0.7008384  0.6868217  0.7028288  0.6995562  0.6981184  0.6993977  0.7085132  0.7101327  0.7050542  0.7152822  0.7209510  0.7195886  0.7107470  0.6991118  0.6847612
 4  0.4554746  0.4435669  0.4675676  0.4676704  0.4611086  0.4634277  0.4963683  0.5130435  0.5034703  0.4881709  0.4645397  0.4382045  0.4070131  0.4507750  0.4934031  0.4901797  0.4878583  0.4930978  0.4911134  0.4610930  0.4544888  0.4920283  0.5106422  0.5060782  0.4816689  0.4412699  0.4054313
 1  0.7294027  0.6821283  0.6630499  0.6639348  0.6780712  0.6833860  0.6849753  0.6839849  0.6775503  0.6772470  0.6737970  0.6880036  0.7066192  0.6935106  0.6845730  0.6841299  0.6896875  0.6953132  0.6948025  0.6974259  0.7035160  0.7033773  0.7030425  0.7022788  0.7036779  0.7001969  0.6980823
 2  0.5698543  0.5310466  0.5385591  0.5624802  0.5745152  0.5746385  0.5625167  0.5468344  0.5338374  0.5349707  0.5461564  0.5869485  0.6045318  0.5927459  0.5595629  0.5314888  0.5292710  0.5394789  0.5475373  0.5511807  0.5558824  0.5555817  0.5528876  0.5572251  0.5590022  0.5506981  0.5476268
 3  0.7524993  0.7088904  0.6891911  0.6861585  0.6991986  0.7033077  0.7037593  0.7023522  0.6945340  0.6947416  0.6917561  0.7046704  0.7297719  0.7164391  0.7036838  0.7008187  0.7053557  0.7121669  0.7123667  0.7140035  0.7208027  0.7207533  0.7199463  0.7195403  0.7216520  0.7177911  0.7143985
 4  0.4541562  0.4442550  0.4685112  0.4938439  0.4965263  0.4836234  0.4671920  0.4417507  0.4405041  0.4539953  0.4695785  0.5303883  0.5393520  0.4896728  0.4316152  0.4167619  0.4432015  0.4572513  0.4486680  0.4581749  0.4646316  0.4567068  0.4568287  0.4698008  0.4648565  0.4418316  0.4540370
 1  0.7272826  0.6772132  0.6599567  0.6612075  0.6706697  0.6754365  0.6898974  0.7114654  0.6970095  0.6830264  0.6729475  0.6729108  0.6895133  0.6864414  0.6830876  0.6869654  0.6918584  0.6934728  0.6928418  0.6955147  0.6968693  0.6981997  0.7072762  0.7176615  0.7120741  0.7059920  0.7031729
 2  0.5729577  0.5314222  0.5399741  0.5609191  0.5687464  0.5661093  0.5859764  0.6024611  0.5898571  0.5563977  0.5134011  0.5086815  0.5370255  0.5457838  0.5357092  0.5287622  0.5336353  0.5384210  0.5444545  0.5485724  0.5499958  0.5534520  0.5805345  0.6002159  0.5977405  0.5783633  0.5479846
 3  0.7510606  0.7040831  0.6862247  0.6840291  0.6918160  0.6953327  0.7066512  0.7327131  0.7197042  0.7029277  0.6899261  0.6874913  0.7058976  0.7051478  0.7004157  0.7029139  0.7080820  0.7104945  0.7098359  0.7126170  0.7142492  0.7152069  0.7240754  0.7382274  0.7335581  0.7249188  0.7200286
 4  0.4584400  0.4458372  0.4724770  0.4908736  0.4892236  0.4751016  0.5186326  0.5363343  0.4943886  0.4251926  0.3785030  0.4302796  0.4695785  0.4494618  0.4200336  0.4274328  0.4463158  0.4474117  0.4504729  0.4569344  0.4555013  0.4636432  0.5130301  0.5312058  0.5024057  0.4554834  0.4205743
 1  0.7263195  0.6768438  0.6567502  0.6553886  0.6596933  0.6717775  0.6724112  0.6722430  0.6817144  0.6946451  0.7065462  0.6994012  0.6951565  0.7009409  0.6978416  0.6948256  0.7011595  0.7056617  0.7076739  0.7159923  0.7063483  0.7036619  0.6972301  0.6981992  0.7028837  0.6980164  0.6875262
 2  0.5711790  0.5311018  0.5375528  0.5509423  0.5560343  0.5564955  0.5418113  0.5260006  0.5370391  0.5748636  0.5937068  0.5873988  0.5716014  0.5628778  0.5484256  0.5304217  0.5395318  0.5522471  0.5735840  0.5892269  0.5853205  0.5701154  0.5505589  0.5490669  0.5572592  0.5548589  0.5278575
 3  0.7502776  0.7039171  0.6830758  0.6788262  0.6800893  0.6908947  0.6911253  0.6889913  0.6974970  0.7117569  0.7275488  0.7206255  0.7134166  0.7189830  0.7159785  0.7107802  0.7165580  0.7229179  0.7245147  0.7355708  0.7265804  0.7223878  0.7147906  0.7145911  0.7205423  0.7165739  0.7049754
 4  0.4579942  0.4454369  0.4699139  0.4748723  0.4733050  0.4671003  0.4357237  0.4220150  0.4612732  0.5149509  0.5229406  0.4864867  0.4697095  0.4695673  0.4338637  0.4156914  0.4543390  0.4670302  0.4989948  0.5129182  0.4906687  0.4610090  0.4409415  0.4619522  0.4756092  0.4499703  0.3958822
 1  0.7283663  0.6829579  0.6593586  0.6533446  0.6503112  0.6732132  0.6899331  0.6926571  0.6970768  0.6975832  0.6919640  0.6939989  0.6960437  0.6922769  0.6722607  0.6563426  0.6852027  0.6656008  0.6563735  0.6649108  0.6745991  0.6706722  0.6767591  0.6817966  0.6807501  0.6919075  0.6900006
 2  0.5709641  0.5324889  0.5357128  0.5405860  0.5423633  0.5633346  0.5765478  0.5783073  0.5773391  0.5728170  0.5598184  0.5567093  0.5618951  0.5572871  0.5299549  0.5448750  0.5813276  0.5665965  0.5434738  0.5404753  0.5490270  0.5472984  0.5521639  0.5502950  0.5567248  0.5732248  0.5719525
 3  0.7517058  0.7093843  0.6853435  0.6772317  0.6699738  0.6904674  0.7097002  0.7118419  0.7157650  0.7173399  0.7105202  0.7112362  0.7143518  0.7111694  0.6911271  0.6713183  0.7059485  0.6894421  0.6761184  0.6818641  0.6929326  0.6897056  0.6950069  0.7001148  0.6978136  0.7110700  0.7108298
 4  0.4566222  0.4434897  0.4665014  0.4558577  0.4566817  0.4953119  0.5006092  0.4899236  0.4946299  0.4810172  0.4579983  0.4693869  0.4795975  0.4625243  0.4213085  0.4884320  0.5256231  0.4747715  0.4354455  0.4595263  0.4740324  0.4637344  0.4644445  0.4571650  0.4825007  0.5048093  0.4765474
 1  0.7305319  0.6894320  0.6640446  0.6603705  0.6715776  0.6844937  0.6899560  0.6844212  0.6811672  0.6831631  0.6969337  0.7020142  0.6983922  0.6992360  0.7018022  0.7093559  0.7034149  0.6991618  0.6930557  0.6919155  0.6926440  0.6887478  0.6836832  0.6840057  0.6894950  0.7045312  0.7080302
 2  0.5721984  0.5340459  0.5346884  0.5546155  0.5710380  0.5839068  0.5820304  0.5645916  0.5342147  0.5131571  0.5268260  0.5408778  0.5469826  0.5468279  0.5524729  0.5565670  0.5511427  0.5404454  0.5340685  0.5483098  0.5652991  0.5699549  0.5656402  0.5600829  0.5707107  0.5895073  0.5944934
 3  0.7533336  0.7152156  0.6896698  0.6826265  0.6919358  0.7043035  0.7106955  0.7047012  0.6990226  0.6982714  0.7118820  0.7187570  0.7152198  0.7163235  0.7184576  0.7262628  0.7208694  0.7160027  0.7094903  0.7088302  0.7112622  0.7087381  0.7031948  0.7029602  0.7071030  0.7237379  0.7290310
 4  0.4550996  0.4415642  0.4630862  0.4849857  0.4993070  0.5100039  0.4993959  0.4559849  0.3980643  0.4038730  0.4467367  0.4520810  0.4497444  0.4482502  0.4595284  0.4626476  0.4474051  0.4309336  0.4402595  0.4734892  0.4931532  0.4882030  0.4776985  0.4703037  0.4958753  0.5210821  0.5099883
 1  0.7307829  0.6860537  0.6663131  0.6729388  0.6973321  0.6935871  0.6850637  0.6963230  0.7206308  0.7126532  0.6993537  0.6952907  0.6935604  0.6956258  0.7040260  0.7032614  0.6982118  0.6945924  0.7074525  0.7020557  0.6943462  0.6930236  0.6941923  0.6915338  0.6871192  0.6804085  0.6788869
 2  0.5712566  0.5322089  0.5400724  0.5815227  0.5999461  0.5922247  0.5546383  0.5669088  0.6017293  0.6050445  0.5851276  0.5527055  0.5138379  0.4935060  0.5234037  0.5545436  0.5646180  0.5812096  0.5966738  0.5924767  0.5699273  0.5451091  0.5294053  0.5166522  0.5061195  0.4951652  0.5057708
 3  0.7532018  0.7118875  0.6922615  0.6936075  0.7202519  0.7160809  0.7038284  0.7099495  0.7410805  0.7356985  0.7201188  0.7132337  0.7095069  0.7092411  0.7185419  0.7206000  0.7171211  0.7126142  0.7283716  0.7238776  0.7138887  0.7100271  0.7104415  0.7076852  0.7029313  0.6956843  0.6938448
 4  0.4532831  0.4437037  0.4714798  0.5221077  0.5321486  0.4869638  0.4064659  0.5002120  0.5451945  0.5221260  0.4679580  0.4180069  0.3661141  0.3869027  0.4509329  0.4809637  0.4802174  0.5109185  0.5281271  0.5002931  0.4504441  0.4282790  0.4235037  0.4086994  0.3864261  0.3839574  0.4234684
 1  0.7288303  0.6819875  0.6595536  0.6559851  0.6485944  0.6443272  0.6609763  0.6913487  0.6891378  0.6896848  0.6907683  0.6880394  0.6852932  0.6932865  0.7150607  0.7146816  0.6981769  0.6882868  0.6811790  0.6967845  0.7199054  0.6989436  0.6783505  0.6705302  0.6794237  0.6755228  0.6708468
 2  0.5741911  0.5326797  0.5368382  0.5495106  0.5406262  0.5254558  0.5506338  0.5798395  0.5836489  0.5779252  0.5675872  0.5469254  0.5183802  0.5468950  0.5969999  0.6087572  0.5901149  0.5514898  0.5056127  0.5728682  0.6125689  0.6033643  0.5637883  0.5203329  0.5111157  0.5034665  0.5037875
 3  0.7523075  0.7085226  0.6856686  0.6793598  0.6698459  0.6634523  0.6762432  0.7105262  0.7102450  0.7094333  0.7102663  0.7064732  0.7015333  0.7072246  0.7338634  0.7379220  0.7204549  0.7069559  0.6968084  0.7090398  0.7437336  0.7241747  0.6998181  0.6870930  0.6947836  0.6926231  0.6867843
 4  0.4580154  0.4441960  0.4684511  0.4735937  0.4508929  0.4285063  0.4879026  0.5177398  0.5016905  0.4887632  0.4703281  0.4272695  0.3916710  0.4845405  0.5419399  0.5356083  0.4780061  0.4036322  0.3716538  0.5265922  0.5578419  0.5121961  0.4204717  0.3928252  0.4226570  0.4037361  0.4002200
 1  0.7302531  0.6858863  0.6646028  0.6598391  0.6607762  0.6753716  0.6840544  0.6859188  0.6831907  0.6927874  0.7067426  0.6988058  0.6915026  0.6944895  0.6979333  0.7025635  0.6979756  0.6980020  0.6882430  0.6798190  0.6726892  0.6682818  0.6748532  0.6892284  0.7095963  0.7004160  0.6850358
 2  0.5733499  0.5330521  0.5391374  0.5495932  0.5523197  0.5583744  0.5588961  0.5496299  0.5412498  0.5703666  0.5903897  0.5833082  0.5577931  0.5402073  0.5427770  0.5559115  0.5717527  0.5772316  0.5640218  0.5388221  0.5196107  0.5253395  0.5438607  0.5863286  0.6058358  0.5984477  0.5638080
 3  0.7529906  0.7117295  0.6905450  0.6835113  0.6810731  0.6935540  0.7026135  0.7041121  0.7000146  0.7092183  0.7275353  0.7199186  0.7095753  0.7109792  0.7141393  0.7197880  0.7163379  0.7180533  0.7086510  0.6978390  0.6891311  0.6853967  0.6924466  0.7059254  0.7320178  0.7231512  0.7047701
 4  0.4553468  0.4437381  0.4708888  0.4701396  0.4642713  0.4746879  0.4710290  0.4459381  0.4484551  0.5088387  0.5209850  0.4779733  0.4362423  0.4346530  0.4580923  0.4772095  0.4966184  0.4978461  0.4593626  0.4198577  0.4254738  0.4499392  0.4697257  0.5272146  0.5409321  0.5012760  0.4426607
 1  0.7306463  0.6840731  0.6637760  0.6613690  0.6636567  0.6712045  0.6838906  0.6931902  0.7074434  0.6975925  0.6867250  0.6848755  0.7036096  0.7090299  0.6985451  0.6920138  0.6875435  0.6908259  0.6927198  0.6881282  0.6847514  0.6945207  0.6922053  0.7003959  0.7078929  0.6886255  0.6761605
 2  0.5746519  0.5326979  0.5402273  0.5551351  0.5548921  0.5565848  0.5626861  0.5871250  0.6013353  0.5926238  0.5612546  0.5409223  0.5649054  0.5782762  0.5669935  0.5346373  0.4985358  0.4931842  0.5316934  0.5566978  0.5693669  0.5751352  0.5715963  0.5900695  0.5993149  0.5842628  0.5565353
 3  0.7534515  0.7102220  0.6899611  0.6848431  0.6846853  0.6893335  0.7019808  0.7109305  0.7292733  0.7201714  0.7065774  0.7008281  0.7199841  0.7287356  0.7180792  0.7091651  0.7025686  0.7047082  0.7081273  0.7076034  0.7038918  0.7137171  0.7116345  0.7176842  0.7303655  0.7115836  0.6954808
 4  0.4558021  0.4449969  0.4728983  0.4796262  0.4634152  0.4701422  0.4856279  0.5226724  0.5342793  0.4971246  0.4289758  0.4424264  0.4997968  0.4996754  0.4503246  0.3882669  0.3625270  0.4016426  0.4694590  0.4841440  0.4882185  0.4926429  0.4818369  0.5224457  0.5330191  0.4860080  0.4503692
 1  0.7306384  0.6854802  0.6644244  0.6603149  0.6628498  0.6675142  0.6765353  0.6975625  0.7112887  0.7037402  0.6942486  0.6970129  0.6965468  0.6983738  0.6929552  0.6909606  0.6835719  0.6911727  0.6881524  0.6822413  0.6852215  0.6933198  0.6957874  0.6917919  0.6850555  0.6894075  0.6945744
 2  0.5714296  0.5324455  0.5375922  0.5484071  0.5445042  0.5311036  0.5354905  0.5797015  0.6015561  0.5958749  0.5722798  0.5558993  0.5491418  0.5455439  0.5428327  0.5391849  0.5540418  0.5788937  0.5793706  0.5607512  0.5465629  0.5510948  0.5504825  0.5398534  0.5304670  0.5570919  0.5765761
 3  0.7535934  0.7119734  0.6903920  0.6835401  0.6835483  0.6852721  0.6918613  0.7140773  0.7329587  0.7256675  0.7131405  0.7146727  0.7138896  0.7155122  0.7102268  0.7081347  0.7001322  0.7112810  0.7101386  0.7015456  0.7019950  0.7105795  0.7137548  0.7092140  0.7011006  0.7059445  0.7149620
 4  0.4547070  0.4435713  0.4664522  0.4681547  0.4412513  0.4175386  0.4576868  0.5237490  0.5341029  0.4961632  0.4614297  0.4557898  0.4544560  0.4490170  0.4452223  0.4423000  0.4875014  0.5170614  0.4884656  0.4448232  0.4508283  0.4684410  0.4550335  0.4239306  0.4367663  0.4956023  0.5067399
 1  0.7298247  0.6828713  0.6637066  0.6766192  0.7049155  0.6980891  0.6913891  0.6933331  0.7006300  0.7089839  0.7008608  0.6941274  0.7016281  0.6983496  0.6945550  0.6905750  0.6896870  0.6894946  0.6964512  0.6944273  0.6971413  0.7078827  0.7097791  0.7106590  0.7137008  0.7123878  0.7069995
 2  0.5696666  0.5309110  0.5391727  0.5899422  0.6084353  0.6018719  0.5691113  0.5353659  0.5283995  0.5371861  0.5370562  0.5358373  0.5591310  0.5718469  0.5683803  0.5573124  0.5447654  0.5442736  0.5549970  0.5533457  0.5577286  0.5689507  0.5727361  0.5706435  0.5708436  0.5708489  0.5601174
 3  0.7525837  0.7093723  0.6898618  0.6961832  0.7288143  0.7211238  0.7104370  0.7096855  0.7155036  0.7249147  0.7181964  0.7097041  0.7185686  0.7180255  0.7141524  0.7089269  0.7071104  0.7063489  0.7140420  0.7127758  0.7137924  0.7254222  0.7283795  0.7278870  0.7312224  0.7303980  0.7250949
 4  0.4530319  0.4441794  0.4700490  0.5323575  0.5435244  0.4995233  0.4359734  0.4068285  0.4339798  0.4511586  0.4230302  0.4426782  0.4902183  0.4940815  0.4722225  0.4528256  0.4442414  0.4594559  0.4715222  0.4536976  0.4673748  0.4889461  0.4772372  0.4719825  0.4797526  0.4775981  0.4569784
 1  0.7291441  0.6867212  0.6667153  0.6612650  0.6520739  0.6609093  0.6868203  0.7009020  0.6870440  0.6875987  0.6765653  0.6689903  0.6789681  0.6928015  0.6911366  0.6884753  0.6894458  0.6868090  0.6883198  0.6856300  0.6924707  0.6911024  0.6935112  0.6894230  0.6850409  0.6761892  0.6644207
 2  0.5731839  0.5335482  0.5372690  0.5420431  0.5273176  0.5348026  0.5815939  0.5985101  0.5907602  0.5776484  0.5526417  0.5240350  0.5287591  0.5495573  0.5526281  0.5551490  0.5619879  0.5684513  0.5673244  0.5638199  0.5622681  0.5626366  0.5636406  0.5623569  0.5549880  0.5414717  0.5239078
 3  0.7522081  0.7126218  0.6922609  0.6847560  0.6724728  0.6767871  0.7034023  0.7236455  0.7091305  0.7081956  0.6967165  0.6865741  0.6945236  0.7097908  0.7095125  0.7060401  0.7076485  0.7062884  0.7082252  0.7041137  0.7108722  0.7094139  0.7119807  0.7083438  0.7039486  0.6948368  0.6825920
 4  0.4562852  0.4417735  0.4649862  0.4534039  0.4174479  0.4580372  0.5282456  0.5324212  0.5049715  0.4862445  0.4437577  0.4111683  0.4471521  0.4731340  0.4619628  0.4666658  0.4861979  0.4924092  0.4776838  0.4733071  0.4751213  0.4766334  0.4795976  0.4753923  0.4631370  0.4449487  0.4266626
