FL 2019 2020 2021 2022 2023 2024 2025 2026 2027 2028 2029 2030 2031 2032 2033 2034 2035 2036 2037 2038 2039 2040 2041 2042 2043 2044 2045
 1    4109.00    1983.83    1983.83    3759.76    3759.76   18500.33   18500.33   40089.13   40089.13   37745.86   37745.86   16753.04   16753.04   17746.81   17746.81   20907.35   20907.35   10405.63   10405.63    3396.62    3396.62    6529.45    6529.45   18266.56   18266.56   35725.08   35725.08
 2     783.00     377.87     377.87     716.14     716.14    3523.87    3523.87    7636.02    7636.02    7189.69    7189.69    3191.06    3191.06    3380.34    3380.34    3982.35    3982.35    1982.02    1982.02     646.98     646.98    1243.70    1243.70    3479.34    3479.34    6804.78    6804.78
 3    3537.00    2911.77    4407.50    6642.50    7249.02   14248.21   15733.08   18254.49   14132.72   11959.55    9342.20    7515.95    7582.43    7441.51    5505.17    5859.91    5056.64    4868.03    4139.70    4533.49    6074.69    9009.99    9159.25    9793.75   10603.15   13228.84    9605.27
 4    1379.00    2670.82    2869.61    5785.70   10631.82   11331.13    6634.57    6385.76    4212.20    3940.77    3895.42    3852.93    2884.60    2632.77    2505.63    2931.73    2192.44    1899.09    2638.67    4035.22    4279.39    5276.10    4514.12    6875.04    5428.44    5402.72    3285.42
 1    4109.00    2048.51    2048.51    6005.08    6005.08    9475.16    9475.16   15635.47   15635.47   17483.93   17483.93    9325.01    9325.01    9712.63    9712.63    8773.84    8773.84   13108.79   13108.79   62795.50   62795.50   35650.23   35650.23   12914.29   12914.29    4707.32    4707.32
 2     783.00     390.19     390.19    1143.82    1143.82    1804.79    1804.79    2978.18    2978.18    3330.27    3330.27    1776.19    1776.19    1850.02    1850.02    1671.21    1671.21    2496.91    2496.91   11961.05   11961.05    6790.52    6790.52    2459.86    2459.86     896.63     896.63
 3    3537.00    2303.09    3726.43    6241.34    6182.39    6454.73    8343.99    9815.08    8872.35    9462.86   10276.70    8703.09   10107.04    8396.97    9811.97   10069.79    9208.15   12970.81   15636.18   21748.92   16249.97   10848.81   10018.07    4473.59    3638.92    3611.00    4610.34
 4    1379.00    2074.98    2797.10    3103.19    3194.65    4047.22    4385.53    4421.76    4840.28    4568.17    3888.75    3915.83    3760.92    3885.65    4026.63    4570.41    7853.95    7626.11    6065.40    4601.90    3785.73    3214.69    2641.18    1794.64    1979.87    2065.06    2560.89
 1    4109.00    3005.31    3005.31    5426.19    5426.19   27926.05   27926.05   17945.47   17945.47   13878.48   13878.48   17179.47   17179.47    7726.95    7726.95   18037.87   18037.87   18108.09   18108.09   15292.20   15292.20   23887.71   23887.71   10756.75   10756.75   14534.52   14534.52
 2     783.00     572.44     572.44    1033.56    1033.56    5319.25    5319.25    3418.18    3418.18    2643.52    2643.52    3272.28    3272.28    1471.80    1471.80    3435.78    3435.78    3449.16    3449.16    2912.80    2912.80    4550.04    4550.04    2048.90    2048.90    2768.48    2768.48
 3    3537.00    2951.23    4098.30    5123.91    7923.30    9424.35    7558.52    6796.66    7153.52    7596.92    6368.45    6485.98    6082.95    7799.58    6507.48    8264.01    7136.00    7677.80    8219.48    7915.48    7395.32    6692.71    5670.40    5134.39    7857.37    9319.88    9469.09
 4    1379.00    2339.51    3545.52    4228.41    4153.64    3717.65    3516.14    3719.59    3429.49    2885.15    2511.54    3488.11    3173.27    3189.79    3322.87    3623.63    3590.81    3792.33    3959.22    3390.63    2643.71    2514.06    3201.99    4485.84    5650.41    4523.64    3277.39
 1    4109.00     973.90     973.90    6597.36    6597.36    9433.12    9433.12    7140.67    7140.67    7601.29    7601.29   12785.39   12785.39   15379.06   15379.06   19590.65   19590.65   31042.71   31042.71   22194.94   22194.94   30589.48   30589.48   29961.16   29961.16   18768.29   18768.29
 2     783.00     185.50     185.50    1256.64    1256.64    1796.78    1796.78    1360.13    1360.13    1447.86    1447.86    2435.31    2435.31    2929.34    2929.34    3731.55    3731.55    5912.90    5912.90    4227.61    4227.61    5826.57    5826.57    5706.89    5706.89    3574.91    3574.91
 3    3537.00    2693.72    4478.09    6124.29    6961.61    8151.12    6709.32    8485.67    8078.64   11043.57   13711.10   14084.64   14252.79   16576.39   14285.60   14877.41   12337.22   12099.96   11429.26   10340.23   10332.97   11784.44   11900.87   10143.55    8798.89    6571.61    6164.80
 4    1379.00    2363.57    3105.36    3499.41    3227.26    3340.15    3402.41    4536.06    6560.93    6963.80    6600.58    7469.94    5998.86    5614.79    5254.67    5384.45    5438.60    4644.57    4905.56    5341.52    7095.53    6243.85    4347.31    3162.65    2992.11    2707.62    2638.92
 1    4109.00    1834.60    1834.60    4225.91    4225.91   19787.46   19787.46   51442.78   51442.78   54293.78   54293.78   12828.35   12828.35    7726.03    7726.03   26661.10   26661.10   25738.48   25738.48   11319.46   11319.46   26169.99   26169.99   27860.91   27860.91    4814.96    4814.96
 2     783.00     349.45     349.45     804.94     804.94    3769.04    3769.04    9798.62    9798.62   10341.67   10341.67    2443.50    2443.50    1471.62    1471.62    5078.30    5078.30    4902.57    4902.57    2156.09    2156.09    4984.76    4984.76    5306.84    5306.84     917.14     917.14
 3    3537.00    2620.39    4320.84    6017.40    6925.05   10266.04   11233.58   10798.25   10143.17   15344.12   11932.53    5828.88    5097.18    7207.79    9259.96   12673.27   11145.56    9928.39    7468.22    7544.14    9570.27   10902.38    8766.35    6866.51    4949.04    2327.32    4078.62
 4    1379.00    2263.06    2940.13    4183.11    5254.06    5878.70    6122.70    5331.14    5871.77    4278.93    2698.46    2908.46    4773.91    5025.04    4805.92    4102.35    3002.32    3217.33    5203.12    4401.00    3515.24    3131.02    2442.67    1800.86    1861.67    2169.05    3047.99
 1    4109.00    3351.81    3351.81    8121.96    8121.96   16736.87   16736.87   14284.12   14284.12   17579.56   17579.56   10213.43   10213.43   15891.88   15891.88   19458.98   19458.98   11695.53   11695.53    5821.66    5821.66   11038.57   11038.57   26054.49   26054.49    8599.67    8599.67
 2     783.00     638.44     638.44    1547.04    1547.04    3187.98    3187.98    2720.78    2720.78    3348.49    3348.49    1945.42    1945.42    3027.02    3027.02    3706.47    3706.47    2227.72    2227.72    1108.89    1108.89    2102.58    2102.58    4962.76    4962.76    1638.03    1638.03
 3    3537.00    2641.58    3913.83    5895.79    5898.06    7206.26    7262.13    6209.76    8728.61    9929.36    9801.24    8344.02    7462.91    8367.76    8211.52    7817.84    7302.15    5672.80    4954.58    5151.03    5793.24    7401.13    8735.25    9280.19    7731.09    7554.64    9366.60
 4    1379.00    2274.13    3017.43    3623.42    3074.68    2876.61    3433.15    4258.40    5690.77    4718.08    3342.61    2792.82    3351.64    3698.42    3686.03    2684.35    2221.12    2168.23    2329.78    2355.85    3808.85    4910.04    4029.07    3506.62    3999.18    4557.32    4135.51
 1    4109.00    3241.39    3241.39    3380.92    3380.92    7458.07    7458.07    8875.02    8875.02    9196.57    9196.57    7363.36    7363.36    6391.77    6391.77   25215.50   25215.50   13730.18   13730.18    8267.03    8267.03   14689.29   14689.29   34073.89   34073.89   23794.85   23794.85
 2     783.00     617.41     617.41     643.98     643.98    1420.58    1420.58    1690.48    1690.48    1751.73    1751.73    1402.54    1402.54    1217.48    1217.48    4802.95    4802.95    2615.27    2615.27    1574.67    1574.67    2797.96    2797.96    6490.26    6490.26    4532.35    4532.35
 3    3537.00    2579.47    4015.27    5692.97    7737.50    8222.76    7905.47    6834.80    6062.43    5072.50    4734.66    4838.86    6474.87    8482.36    9097.11    8257.95    6834.85    6749.38    4968.50    8964.48   12290.75   14074.61   14748.22   16232.07   15584.42   13262.88   11136.13
 4    1379.00    2205.88    3086.88    3847.28    3863.65    2772.85    2504.72    2252.59    1862.78    1758.07    2149.57    3915.24    4354.53    4080.61    3313.09    3010.83    2353.96    3222.05    6170.01    7778.24    7400.47    8227.64    7866.19    6280.63    4967.23    4193.77    3042.40
 1    4109.00     541.00     541.00    1351.35    1351.35    5923.76    5923.76   26797.39   26797.39   20947.54   20947.54   47343.45   47343.45   25492.70   25492.70   11774.99   11774.99   28496.62   28496.62   71791.11   71791.11   43499.15   43499.15    8638.48    8638.48    6978.51    6978.51
 2     783.00     103.05     103.05     257.40     257.40    1128.34    1128.34    5104.26    5104.26    3990.01    3990.01    9017.80    9017.80    4855.75    4855.75    2242.86    2242.86    5427.93    5427.93   13674.50   13674.50    8285.55    8285.55    1645.42    1645.42    1329.24    1329.24
 3    3537.00    2581.64    3563.47    5788.81    6088.10    6425.71    7007.37    8975.55   10981.93   11253.00   13099.41   13896.86   11549.44    8340.14    6747.24    6735.29    6092.95   12647.81   14186.42   22845.29   18730.34   14430.79   11522.16    4666.61    5090.33    6381.96    8306.02
 4    1379.00    2367.92    2633.45    2502.08    2427.49    3204.19    5668.02    6006.04    7953.07    6924.66    6380.58    5401.00    3781.03    2759.21    2698.89    4391.44    8375.69    9457.86    7009.92    6749.59    5125.32    3144.37    2883.48    2726.55    3448.05    5262.48    7291.29
 1    4109.00    3120.35    3120.35   11176.24   11176.24   14002.76   14002.76    4964.65    4964.65   17291.27   17291.27   33022.38   33022.38   26412.08   26412.08   15151.29   15151.29    7746.82    7746.82    6948.48    6948.48    7883.57    7883.57   10863.01   10863.01   25963.94   25963.94
 2     783.00     594.35     594.35    2128.81    2128.81    2667.19    2667.19     945.65     945.65    3293.58    3293.58    6289.98    6289.98    5030.87    5030.87    2885.96    2885.96    1475.58    1475.58    1323.52    1323.52    1501.63    1501.63    2069.14    2069.14    4945.51    4945.51
 3    3537.00    2687.35    3683.09    5472.05    5678.52    6053.76    7143.03    6944.59   10527.69   13260.32   14234.22   15328.82   12511.12   11948.25   10323.85    8328.90    6988.43    5459.46    7128.00    6166.19    6975.32    8069.96    8501.19    8848.11   15603.61   19667.60   21420.39
 4    1379.00    2454.82    2592.95    2899.13    3101.57    3169.37    4469.48    6194.24    9129.86    8200.55    6672.81    5630.11    4911.55    3883.18    2786.97    2316.07    2491.58    2922.39    3036.48    2978.85    3573.97    3542.44    5692.36   14777.64   15446.77   11557.44    9003.34
 1    4109.00    3203.05    3203.05    4804.80    4804.80    9943.16    9943.16   13455.75   13455.75   12429.65   12429.65   11022.40   11022.40   11112.49   11112.49   14413.94   14413.94   29481.15   29481.15   25551.84   25551.84   31286.18   31286.18    8524.82    8524.82    8164.00    8164.00
 2     783.00     610.10     610.10     915.20     915.20    1893.94    1893.94    2563.00    2563.00    2367.55    2367.55    2099.50    2099.50    2116.66    2116.66    2745.51    2745.51    5615.46    5615.46    4867.02    4867.02    5959.27    5959.27    1623.78    1623.78    1555.05    1555.05
 3    3537.00    2345.29    3663.69    5800.17    8305.50    9472.96    9179.39    7552.80    7615.53    6408.28    6873.50    7033.31    7110.81    6963.49    8031.96    9817.82   11895.00   14333.79   12050.36   10599.03    7951.66    6888.39    4849.57    4034.64    4298.94    6092.11    6880.20
 4    1379.00    2207.34    3480.95    5106.34    4421.29    3171.25    2741.46    2746.81    2648.61    2797.22    3204.75    2636.41    2845.71    4530.25    5612.23    7175.82    7290.56    5907.07    3958.72    2878.35    2489.14    2659.45    2210.93    2210.85    3297.89    2987.53    3025.55
 1    4109.00    1403.09    1403.09    3335.64    3335.64    9148.06    9148.06   16916.13   16916.13   16624.61   16624.61   15319.00   15319.00   30322.45   30322.45   28482.30   28482.30   29239.06   29239.06   16422.25   16422.25   23302.36   23302.36   16040.64   16040.64   19057.96   19057.96
 2     783.00     267.26     267.26     635.36     635.36    1742.49    1742.49    3222.12    3222.12    3166.59    3166.59    2917.90    2917.90    5775.70    5775.70    5425.20    5425.20    5569.34    5569.34    3128.05    3128.05    4438.54    4438.54    3055.36    3055.36    3630.09    3630.09
 3    3537.00    2531.89    3829.63    5956.35    6483.20    7914.06    8717.98    9267.46    9564.19    8107.35    7218.64    8539.22    9806.91   12034.11   11948.36   12719.31   12059.83   11414.89   11934.52   10689.67    9684.42    8641.79    7795.45    7227.32    6861.68    6329.07    5699.18
 4    1379.00    2326.92    2772.02    3328.59    3579.75    3767.55    4780.08    3956.40    3145.54    3071.25    3752.63    6919.47    6965.48    6845.66    6719.64    5864.29    5463.25    5295.75    4724.00    4017.89    3317.87    3427.96    3561.62    2912.09    2418.41    2753.45    4644.19
 1    4109.00    2231.00    2231.00    5821.66    5821.66   14461.52   14461.52   18253.62   18253.62   13501.03   13501.03    9399.85    9399.85   22458.74   22458.74   38794.14   38794.14   32364.49   32364.49   14992.82   14992.82   18323.38   18323.38   31175.30   31175.30   44366.32   44366.32
 2     783.00     424.95     424.95    1108.89    1108.89    2754.58    2754.58    3476.88    3476.88    2571.62    2571.62    1790.45    1790.45    4277.86    4277.86    7389.36    7389.36    6164.66    6164.66    2855.78    2855.78    3490.17    3490.17    5938.15    5938.15    8450.73    8450.73
 3    3537.00    2518.25    3723.69    5415.14    6674.06    7937.20    7458.71    5697.31    5481.20    5057.01    5138.16    8296.33   11355.35   13705.76   15858.06   14129.60   11922.88    9235.58    8763.20    7452.03    9385.36    9798.29   10411.37   11868.42   14031.90   15440.44   15357.22
 4    1379.00    2325.80    3010.61    3690.34    3331.44    3106.76    2473.80    2168.42    2651.82    2909.42    4880.66    7187.31    8652.42    7430.85    6393.99    4537.96    3936.19    4384.86    4390.30    4761.64    5155.28    4828.98    6238.01    9696.65    8930.53    8803.66    8081.68
 1    4109.00    2383.00    2383.00    3217.37    3217.37    6772.00    6772.00    6783.55    6783.55   16590.42   16590.42   17783.30   17783.30   15449.74   15449.74    7025.63    7025.63   11750.51   11750.51    9996.76    9996.76   14177.86   14177.86   25016.84   25016.84   19286.65   19286.65
 2     783.00     453.90     453.90     612.83     612.83    1289.90    1289.90    1292.10    1292.10    3160.08    3160.08    3387.30    3387.30    2942.81    2942.81    1338.22    1338.22    2238.19    2238.19    1904.14    1904.14    2700.54    2700.54    4765.11    4765.11    3673.65    3673.65
 3    3537.00    2078.22    3415.08    5146.38    5975.27    8496.81    9689.34   10348.48   10237.82    8475.64    6578.28    6101.07    5090.89    5489.64    4816.96    4312.02    4163.48    4346.59    7591.31    8997.56    9321.29    8117.88    6356.09    6489.19    6048.74    7832.52   11370.06
 4    1379.00    1900.29    2597.84    2956.92    4751.67    4765.28    4319.84    3284.42    2549.66    2087.52    2470.53    2573.02    2583.08    2277.17    2220.88    1938.01    2305.04    4205.86    4552.93    3681.65    3106.29    2939.44    2453.13    3074.88    5134.72    8644.87    7327.86
 1    4109.00    3375.37    3375.37   10678.21   10678.21   18154.29   18154.29   36885.62   36885.62   21923.75   21923.75   23813.33   23813.33   28406.07   28406.07   16100.70   16100.70    9053.81    9053.81   18449.97   18449.97   44882.84   44882.84   26869.92   26869.92   13314.84   13314.84
 2     783.00     642.93     642.93    2033.94    2033.94    3457.96    3457.96    7025.83    7025.83    4175.95    4175.95    4535.87    4535.87    5410.68    5410.68    3066.80    3066.80    1724.54    1724.54    3514.28    3514.28    8549.11    8549.11    5118.08    5118.08    2536.16    2536.16
 3    3537.00    2302.45    3737.06    5658.47    5626.22    5720.66    7649.15    9019.67    8079.97    6391.38    6898.81    8496.56    9236.37   12268.21   10007.80    6545.85    6659.97    9001.60   10088.79   14390.61   14782.29   13909.76   11313.30    8361.13    6919.69    6627.18    6276.41
 4    1379.00    2285.24    2902.48    2944.53    3136.24    4434.21    5098.01    4593.20    3177.01    3396.84    5298.01    5851.87    4915.89    3732.10    3270.85    3858.13    4858.28    5461.14    8325.56    8609.70    6522.04    4360.67    3159.39    2791.01    2689.99    2951.92    2266.65
 1    4109.00    2770.15    2770.15    5406.32    5406.32   10217.59   10217.59   12362.66   12362.66   15253.85   15253.85    4538.69    4538.69   19877.09   19877.09   15907.12   15907.12   20447.66   20447.66   17555.54   17555.54   10348.80   10348.80    5948.71    5948.71   10368.20   10368.20
 2     783.00     527.65     527.65    1029.78    1029.78    1946.21    1946.21    2354.79    2354.79    2905.50    2905.50     864.51     864.51    3786.11    3786.11    3029.93    3029.93    3894.79    3894.79    3343.91    3343.91    1971.20    1971.20    1133.09    1133.09    1974.90    1974.90
 3    3537.00    1965.42    3985.54    4846.16    6766.20    9260.40    9533.02    7946.94    6964.81    6521.87    4599.73    5727.39   11201.27   13180.36   12887.13   10964.50    9619.24    8116.12    6395.06    6351.30    7410.41    7471.91    7319.73    6948.23    7689.59    7971.90   10011.88
 4    1379.00    1827.55    3152.21    4055.10    5057.74    4246.52    3132.17    2231.20    1709.07    2220.80    3897.99    6819.00    6562.59    5029.69    3766.26    2771.77    2776.93    2789.58    3258.20    3706.89    3641.09    3008.36    2656.41    2888.01    3866.04    4834.22    5621.64
 1    4109.00    2597.83    2597.83    3307.92    3307.92   15971.80   15971.80   26639.38   26639.38   25299.58   25299.58   24134.42   24134.42   23944.07   23944.07   15409.09   15409.09   19255.24   19255.24   35916.34   35916.34   51866.89   51866.89   34488.30   34488.30   24379.74   24379.74
 2     783.00     494.82     494.82     630.08     630.08    3042.25    3042.25    5074.17    5074.17    4818.97    4818.97    4597.03    4597.03    4560.78    4560.78    2935.06    2935.06    3667.66    3667.66    6841.21    6841.21    9879.41    9879.41    6569.20    6569.20    4643.76    4643.76
 3    3537.00    2220.76    4025.46    6056.42    6081.53    6889.37    8661.37    8940.95    8797.01    8459.54    9883.55   12175.36   11450.35   12137.27   11224.46    7557.59    9389.25   15901.45   19836.87   17755.99   17622.22   13668.32   11311.92    8714.37    9027.51   10519.24   10989.15
 4    1379.00    2301.85    2753.32    3003.78    3473.03    3895.27    4665.41    4964.92    4767.66    5843.03    6164.15    5743.64    4436.54    4138.07    4032.24    6445.95   12892.91   12124.09    9280.27    6189.63    4889.48    3891.37    4780.21    5123.37    6478.19    6967.79    8511.04
 1    4109.00    3262.64    3262.64    3933.93    3933.93   13783.31   13783.31   11248.31   11248.31    9421.10    9421.10   10401.01   10401.01   12383.91   12383.91   33805.00   33805.00   41032.07   41032.07   37808.70   37808.70   39545.82   39545.82   10577.03   10577.03    6606.14    6606.14
 2     783.00     621.46     621.46     749.32     749.32    2625.39    2625.39    2142.54    2142.54    1794.50    1794.50    1981.14    1981.14    2358.84    2358.84    6439.05    6439.05    7815.63    7815.63    7201.66    7201.66    7532.54    7532.54    2014.67    2014.67    1258.31    1258.31
 3    3537.00    2652.48    3662.18    5031.59    6633.89    9049.98    8954.86    8900.78    8215.64    7567.05    9645.35    9082.41    9544.64   10048.50   13375.61   23151.43   20560.88   17750.15   14818.43   17778.83   17279.16   13397.78   10374.98    4179.90    3856.16    5461.37    7024.81
 4    1379.00    1987.42    2815.95    3642.27    4338.97    4314.61    3492.38    3407.70    3644.79    3847.08    3904.71    3776.77    6133.88   10325.93    8354.88    5586.50    4639.79    5686.97    5741.40    5396.97    3828.84    2820.95    2207.59    1954.81    3218.24    3455.84    2931.67
 1    4109.00    1898.82    1898.82    5182.25    5182.25   11059.36   11059.36   28400.99   28400.99   23607.74   23607.74   14546.99   14546.99   20303.05   20303.05   11909.90   11909.90   14233.76   14233.76   18522.04   18522.04   17562.01   17562.01   26526.19   26526.19   18814.95   18814.95
 2     783.00     361.68     361.68     987.10     987.10    2106.54    2106.54    5409.71    5409.71    4496.71    4496.71    2770.86    2770.86    3867.25    3867.25    2268.55    2268.55    2711.19    2711.19    3528.01    3528.01    3345.14    3345.14    5052.61    5052.61    3583.80    3583.80
 3    3537.00    2802.54    4871.59    6789.22    8197.35    9867.53   10211.73   11822.37    9983.20    8089.99    5734.22    6981.82    7055.39    6913.35    8876.94    8828.57    9032.73   10560.83    9962.93    9014.69   11561.31   13117.41   13358.30   13858.46   11308.87   11145.43   11166.92
 4    1379.00    2470.69    3586.16    5154.63    5047.40    5863.26    5470.02    4047.08    2790.76    2786.69    3705.38    3631.77    3356.91    3999.65    4651.17    4842.07    4894.61    4200.32    5201.43    8131.42    7816.93    6980.86    5266.77    4023.27    4043.91    6736.07    6048.34
 1    4109.00    2561.79    2561.79   15274.18   15274.18    9124.50    9124.50   14546.07   14546.07    9308.38    9308.38    7379.99    7379.99   12084.07   12084.07    8026.79    8026.79   10395.46   10395.46    6458.30    6458.30    9916.83    9916.83    6038.80    6038.80    7549.54    7549.54
 2     783.00     487.96     487.96    2909.37    2909.37    1738.00    1738.00    2770.68    2770.68    1773.02    1773.02    1405.71    1405.71    2301.73    2301.73    1528.91    1528.91    1980.09    1980.09    1230.15    1230.15    1888.92    1888.92    1150.25    1150.25    1438.01    1438.01
 3    3537.00    2449.33    3921.54    5868.07    5374.90    3999.22    4827.65    5051.68    5377.39    4318.07    5106.35    6367.75    7127.83    5853.01    6027.45    7099.59    6954.54    7751.93    6928.25    7101.54    8526.61    7427.28    5891.86    5785.77    6865.46    7229.04    8434.19
 4    1379.00    2293.28    2698.51    2447.97    1955.60    2317.17    2558.80    2337.37    2338.09    2277.45    3380.68    3122.05    2418.73    2601.13    3201.84    3768.40    3226.86    2938.88    2952.40    3296.57    2770.99    1986.07    2063.67    2983.33    3535.99    4048.37    4389.28
 1    4109.00    2121.50    2121.50    6577.03    6577.03   17394.30   17394.30   25278.79   25278.79    7124.50    7124.50   14381.14   14381.14   22143.66   22143.66   44266.07   44266.07   52901.77   52901.77   23973.18   23973.18   28726.24   28726.24   12404.70   12404.70    6361.28    6361.28
 2     783.00     404.10     404.10    1252.77    1252.77    3313.20    3313.20    4815.01    4815.01    1357.05    1357.05    2739.26    2739.26    4217.84    4217.84    8431.63    8431.63   10076.53   10076.53    4566.32    4566.32    5471.66    5471.66    2362.80    2362.80    1211.67    1211.67
 3    3537.00    2284.25    3692.24    5206.17    8091.21   11027.38   11185.37    9196.72    7766.66    6958.00   10467.89   12503.94   11953.15   10825.05   11109.37   12416.56   12625.70    9612.39    6905.97    4716.18    6134.10    6539.10    6035.72    3751.13    4151.16    4068.01    4742.60
 4    1379.00    2173.02    3319.63    4623.45    5782.77    4911.34    3337.17    2472.70    3925.03    6708.82    6742.23    5216.95    4547.77    5408.19    6564.45    5779.99    4888.89    3757.63    3455.19    3992.41    3556.00    3047.08    2584.88    1938.36    2130.51    2428.64    3427.15
 1    4109.00    2159.85    2159.85    4433.35    4433.35    4024.94    4024.94    9084.77    9084.77    8854.69    8854.69   20702.68   20702.68   29024.23   29024.23   40551.59   40551.59   30617.67   30617.67   15548.15   15548.15    5783.32    5783.32   15919.60   15919.60   15341.63   15341.63
 2     783.00     411.40     411.40     844.45     844.45     766.66     766.66    1730.43    1730.43    1686.61    1686.61    3943.37    3943.37    5528.42    5528.42    7724.11    7724.11    5831.94    5831.94    2961.55    2961.55    1101.58    1101.58    3032.30    3032.30    2922.22    2922.22
 3    3537.00    2671.18    4382.67    5315.13    6500.93    7797.34    7563.04    8459.73    9310.52   11957.75   12824.45   13639.29   14143.71   14606.80   13347.03   12594.96    9667.25    7015.88    4639.24    4345.50    4862.36    7062.81    8222.58    7674.61    7997.05    8031.02   11827.26
 4    1379.00    2080.75    2907.93    2836.89    3002.64    3418.32    3891.46    4858.40    6551.16    7370.42    6796.63    7153.46    6184.57    5602.82    4809.74    3801.16    2712.99    2460.30    2876.00    3192.66    4605.17    3836.08    3401.96    3257.33    4507.41    5886.88    7272.99
 1    4109.00    2443.98    2443.98    3920.99    3920.99    6802.03    6802.03   24109.47   24109.47    4855.16    4855.16   12242.08   12242.08   24660.17   24660.17   22082.68   22082.68   12285.04   12285.04   12956.79   12956.79   12314.15   12314.15    9876.17    9876.17    8391.31    8391.31
 2     783.00     465.52     465.52     746.86     746.86    1295.62    1295.62    4592.28    4592.28     924.79     924.79    2331.82    2331.82    4697.18    4697.18    4206.22    4206.22    2340.01    2340.01    2467.96    2467.96    2345.55    2345.55    1881.18    1881.18    1598.34    1598.34
 3    3537.00    2495.10    4139.53    6390.17    7731.88    8782.36    9989.29   11032.97    9005.84    6833.27    8086.51   10316.25   10051.12   11744.61    8360.03    7691.60    6821.39    5561.25    5971.42    5688.25    5755.76    7508.88    9841.74   10804.12    9175.04    7852.94    7482.79
 4    1379.00    2200.28    2922.12    3797.26    4395.67    4516.49    3602.10    3079.82    3409.37    3740.73    5457.75    5696.01    4650.12    3679.93    3058.83    2750.80    2468.01    2899.34    3077.96    3179.57    3837.18    4876.83    4815.25    3823.94    2874.15    2837.14    3174.87
 1    4109.00    2033.72    2033.72   10289.66   10289.66   54404.66   54404.66   37097.22   37097.22   36488.30   36488.30   51780.50   51780.50   21647.01   21647.01   34014.75   34014.75   17796.70   17796.70   15033.02   15033.02    7140.67    7140.67   20439.34   20439.34   19378.59   19378.59
 2     783.00     387.38     387.38    1959.94    1959.94   10362.79   10362.79    7066.14    7066.14    6950.15    6950.15    9862.95    9862.95    4123.24    4123.24    6479.00    6479.00    3389.85    3389.85    2863.43    2863.43    1360.13    1360.13    3893.21    3893.21    3691.16    3691.16
 3    3537.00    2780.86    3745.21    5324.67    8271.93    9830.23    7625.51    7556.96    7864.02    6736.86    7005.18    6801.17    5212.88    4487.44    6051.86   10986.40   11958.11   10040.38    9650.09    9756.86    9009.29    6910.25    8289.67    9395.46    8079.48    7287.95    7008.98
 4    1379.00    2280.17    3184.74    4863.20    4832.01    4631.83    5995.38    5214.55    4019.16    4074.11    4525.73    4302.35    3679.99    4858.45    8342.03    7391.49    5267.80    4062.18    3610.84    3474.50    3573.15    3147.90    3930.91    3814.73    3097.92    2648.87    3374.68
 1    4109.00    2487.87    2487.87    4465.69    4465.69    6289.67    6289.67    8638.48    8638.48   12188.95   12188.95   17006.22   17006.22   11410.01   11410.01   10117.80   10117.80   23069.97   23069.97   96633.31   96633.31   97893.18   97893.18   39444.64   39444.64   21003.44   21003.44
 2     783.00     473.88     473.88     850.61     850.61    1198.03    1198.03    1645.42    1645.42    2321.70    2321.70    3239.28    3239.28    2173.34    2173.34    1927.20    1927.20    4394.28    4394.28   18406.34   18406.34   18646.32   18646.32    7513.26    7513.26    4000.66    4000.66
 3    3537.00    2579.39    3906.27    5765.08    6426.94    5638.11    6397.07    7979.05    8040.62    8184.75    7072.64    6854.93    5996.94    5831.91    6656.11    8874.01   12302.82   15736.60   20426.34   25031.41   25863.85   20876.34   18308.62   13382.99   10800.14    9544.50   10895.67
 4    1379.00    2348.17    2773.69    2642.25    2696.90    3155.15    3544.86    3807.40    3591.13    3107.19    2531.58    2442.64    3030.05    3259.75    6427.67    7027.86   12815.27   21942.74   19649.41   14784.21    9670.20    6471.71    4880.58    4269.38    4683.93    5120.90    5866.26
 1    4109.00    2287.82    2287.82    5262.64    5262.64   15643.78   15643.78   30596.41   30596.41    9002.07    9002.07    6002.30    6002.30   13297.28   13297.28   19498.25   19498.25   22682.81   22682.81   23626.22   23626.22   22964.17   22964.17   30233.74   30233.74   20144.12   20144.12
 2     783.00     435.78     435.78    1002.41    1002.41    2979.77    2979.77    5827.89    5827.89    1714.68    1714.68    1143.30    1143.30    2532.82    2532.82    3713.95    3713.95    4320.54    4320.54    4500.23    4500.23    4374.13    4374.13    5758.81    5758.81    3836.98    3836.98
 3    3537.00    2845.31    4218.20    5816.64    7948.22    9505.90    9644.79    8669.54    7102.23    6240.41    5354.93    6520.84    8461.64    9763.51    9574.92    9664.62    9587.51    9986.43   10920.71    9625.97    9731.95    7900.39   12825.89   14637.57   14278.94   13128.07   11134.34
 4    1379.00    2325.34    3207.07    4254.97    4488.13    4439.42    3595.12    2820.82    2326.86    2790.82    3619.09    4861.08    4636.64    3972.50    3754.21    5652.33    5716.85    4902.27    4420.47    3906.19    5009.09    9368.03    8475.54    5570.58    4134.47    3307.74    2784.04
 1    4109.00    1525.52    1525.52    3647.49    3647.49   16568.24   16568.24    6465.23    6465.23    8698.54    8698.54    8480.01    8480.01   18786.77   18786.77   12315.53   12315.53   13734.34   13734.34   14291.97   14291.97   12693.45   12693.45   12172.78   12172.78    4759.06    4759.06
 2     783.00     290.58     290.58     694.76     694.76    3155.86    3155.86    1231.47    1231.47    1656.86    1656.86    1615.24    1615.24    3578.43    3578.43    2345.82    2345.82    2616.06    2616.06    2722.28    2722.28    2417.80    2417.80    2318.62    2318.62     906.49     906.49
 3    3537.00    2349.57    3753.72    5904.97    7408.39    6689.24    5944.30    5438.83    5708.84    6958.86    8602.49    9169.59   11709.20   14088.20   13275.01   13037.25   13117.81   11980.62    9906.33   10176.80    8357.15    8245.94    9216.48    8701.95    7126.84    7775.58    8118.06
 4    1379.00    2160.79    2780.03    3164.92    2836.53    2185.53    2526.59    3253.20    3310.29    4290.06    4918.33    7181.91    7184.50    6287.52    5358.24    4876.28    4256.95    4010.63    3545.80    3222.79    3269.33    3760.72    3257.32    2804.20    3200.05    3094.27    2924.18
 1    4109.00    1496.42    1496.42    4302.14    4302.14   10708.24   10708.24    8718.40    8718.40   12967.42   12967.42    9982.43    9982.43   11289.43   11289.43   15390.61   15390.61   12760.44   12760.44   12042.03   12042.03    4133.51    4133.51    7689.53    7689.53   13098.62   13098.62
 2     783.00     285.03     285.03     819.46     819.46    2039.66    2039.66    1660.65    1660.65    2469.98    2469.98    1901.42    1901.42    2150.37    2150.37    2931.54    2931.54    2430.56    2430.56    2293.72    2293.72     787.34     787.34    1464.67    1464.67    2494.98    2494.98
 3    3537.00    3029.66    3734.49    5992.69    7405.72    7614.61    7726.89    8467.26    8096.11    8069.10    7026.11    9589.80   12044.77   11912.47    9702.47    8857.87    8587.35    8511.62    8140.88    7667.07    7475.61    6980.48    8663.67    7320.86    7934.40    8964.48   10895.13
 4    1379.00    2287.13    2783.17    3600.83    4007.14    3652.23    3347.61    3276.83    2975.50    3683.58    5537.56    6100.27    4847.86    3629.35    2566.75    3121.34    3495.63    3250.12    3276.36    3361.48    3209.22    3130.34    3154.17    3500.35    4796.75    5608.27    4540.25
 1    4109.00    1936.70    1936.70    3838.30    3838.30   14918.90   14918.90   21819.34   21819.34   17920.98   17920.98   21033.01   21033.01   13108.33   13108.33   17591.11   17591.11   14958.64   14958.64    8085.00    8085.00   10430.11   10430.11   28967.86   28967.86   36246.67   36246.67
 2     783.00     368.90     368.90     731.10     731.10    2841.70    2841.70    4156.06    4156.06    3413.52    3413.52    4006.29    4006.29    2496.82    2496.82    3350.69    3350.69    2849.26    2849.26    1540.00    1540.00    1986.69    1986.69    5517.69    5517.69    6904.13    6904.13
 3    3537.00    2650.28    3676.27    5750.07    8387.47   11104.87   13797.95   12422.74   12655.10    9720.47    8866.44    8641.14    8218.47    8183.37    8901.74    6771.02    5894.35    5760.44    6509.40    7934.37   11553.26   13459.05   14158.67   13987.11   14143.32   13492.75    9918.57
 4    1379.00    2501.25    3165.06    5088.21    6822.81    7852.22    6470.02    4053.83    3879.47    3729.36    3654.66    3647.90    4268.32    3607.46    2799.72    2275.21    2389.84    3596.06    5203.33    7535.79    7542.95    6571.95    6930.83    5812.12    4457.69    3656.43    2712.43
 1    4109.00    1785.63    1785.63    7331.02    7331.02   10592.27   10592.27   11895.58   11895.58    8288.74    8288.74   22583.95   22583.95   20077.60   20077.60   11558.32   11558.32   18399.15   18399.15   20665.26   20665.26   29337.46   29337.46   23428.94   23428.94   11163.77   11163.77
 2     783.00     340.12     340.12    1396.38    1396.38    2017.58    2017.58    2265.82    2265.82    1578.81    1578.81    4301.70    4301.70    3824.30    3824.30    2201.58    2201.58    3504.60    3504.60    3936.24    3936.24    5588.09    5588.09    4462.66    4462.66    2126.43    2126.43
 3    3537.00    2880.17    4114.24    5638.61    6181.60    6781.51    7141.85    7170.40    7602.76    9226.80   12091.14   11467.66   10595.59    8040.53    7696.49    7615.49    8415.39    8928.66    8708.39   11899.59   13861.95   16923.07   15636.98   15644.36   12909.40   10155.77   11512.46
 4    1379.00    2291.34    2879.31    2892.79    3074.46    3057.23    3236.37    4471.70    4982.65    5247.06    5307.74    3888.01    3212.03    3256.36    3893.28    3579.69    3916.92    5712.10    7328.82    7412.28    6738.98    6512.71    5130.59    4127.72    5224.10    6051.90    6060.03
 1    4109.00    2677.29    2677.29    4033.26    4033.26   13685.36   13685.36    7495.03    7495.03    5080.61    5080.61   13735.26   13735.26   28907.34   28907.34   18157.52   18157.52    4628.78    4628.78   16724.40   16724.40   40090.98   40090.98   15763.90   15763.90   25165.14   25165.14
 2     783.00     509.96     509.96     768.24     768.24    2606.74    2606.74    1427.62    1427.62     967.74     967.74    2616.24    2616.24    5506.16    5506.16    3458.58    3458.58     881.67     881.67    3185.60    3185.60    7636.38    7636.38    3002.65    3002.65    4793.36    4793.36
 3    3537.00    3156.50    4485.46    6221.73    6686.54    6501.53    4770.25    5027.39    5003.32    5674.23    9113.78   10348.01   10356.26    9630.58    6833.40    5637.42    5479.27    6728.18   10270.55    9892.34    8868.74    8364.35    6841.23    6604.51    6369.11    9089.39   12514.80
 4    1379.00    2455.50    3027.59    2974.44    2686.65    1960.62    1825.33    2594.54    3553.85    4941.32    5260.79    4031.26    3367.20    3017.95    2310.67    2945.17    4093.11    4911.70    4819.95    3978.80    3592.22    3601.57    3575.15    4358.08    6167.03    8754.76    8424.57
 1    4109.00    2239.78    2239.78    5356.43    5356.43    7501.96    7501.96   23990.74   23990.74   28600.57   28600.57    9304.22    9304.22    9744.04    9744.04   11548.61   11548.61   22450.89   22450.89   35852.13   35852.13   30223.12   30223.12   15269.56   15269.56    9860.00    9860.00
 2     783.00     426.62     426.62    1020.27    1020.27    1428.94    1428.94    4569.66    4569.66    5447.73    5447.73    1772.23    1772.23    1856.01    1856.01    2199.74    2199.74    4276.36    4276.36    6828.98    6828.98    5756.78    5756.78    2908.49    2908.49    1878.10    1878.10
 3    3537.00    2173.51    3917.40    5559.44    5957.03    6077.16    7906.71   10156.57   11019.99   11267.79    9142.90    5443.59    6485.13    5822.19    6312.30    8930.77   10764.44   13506.38   14752.81   14622.25   11884.92    8871.62    9486.02    9432.68    8115.11    7112.78    7352.52
 4    1379.00    1989.24    2437.26    2720.78    3113.13    4302.34    6142.54    5332.35    3832.99    2851.29    2736.84    2345.38    2646.50    3425.88    5018.10    6717.93    8500.56    6736.37    5371.39    5185.29    4829.09    4592.13    4302.97    3743.27    3317.11    3426.77    3261.28
 1    4109.00    2725.80    2725.80    2813.58    2813.58    7518.59    7518.59   11580.49   11580.49    7810.57    7810.57   14497.56   14497.56   15949.16   15949.16   21611.44   21611.44   14376.98   14376.98   12096.55   12096.55    5213.21    5213.21   12025.86   12025.86   11116.64   11116.64
 2     783.00     519.20     519.20     535.92     535.92    1432.11    1432.11    2205.81    2205.81    1487.73    1487.73    2761.44    2761.44    3037.94    3037.94    4116.46    4116.46    2738.47    2738.47    2304.10    2304.10     992.99     992.99    2290.64    2290.64    2117.46    2117.46
 3    3537.00    3168.42    4356.14    6200.59    7222.59    8296.05    8608.66    9498.89    7985.06   10535.89   13069.30   12993.36   12614.39   13170.46   13192.44   13264.70   12828.27   11704.26    9774.91    8746.32    7171.96    5804.75    7814.60    8372.45    7922.39    6574.49    8515.00
 4    1379.00    2490.07    3162.14    3755.53    3462.78    3526.38    3647.15    4249.63    6509.09    6212.58    6018.67    6357.64    5374.11    5403.83    5701.54    5913.47    4367.51    3366.31    2767.81    2447.98    2469.19    2888.72    3192.53    2764.72    2919.88    4284.04    4148.61
 1    4109.00    9136.97    9136.97    8838.06    8838.06   17579.10   17579.10   12848.22   12848.22    9790.70    9790.70   16571.94   16571.94   21154.98   21154.98   14243.00   14243.00   16265.63   16265.63   37200.24   37200.24   16984.97   16984.97   28076.67   28076.67   26576.55   26576.55
 2     783.00    1740.38    1740.38    1683.44    1683.44    3348.40    3348.40    2447.28    2447.28    1864.90    1864.90    3156.56    3156.56    4029.52    4029.52    2712.95    2712.95    3098.22    3098.22    7085.76    7085.76    3235.23    3235.23    5347.94    5347.94    5062.20    5062.20
 3    3537.00    2593.89    3541.84    4851.72    5319.10    5072.67    4476.36    4447.56    6096.09    8382.55    7626.59    7653.60    8673.69    9367.84   10166.61    9077.51    7596.11    9478.86   11283.61   12054.56   10521.49    6892.26   12696.50   15239.98   13134.10   11965.16    9492.14
 4    1379.00    2124.61    2605.64    2267.85    2327.67    2328.86    2424.47    3529.15    3625.82    3652.21    3814.12    4478.50    4966.57    4762.44    4061.31    3276.29    4220.23    5470.97    4818.60    3712.88    4676.27    9156.02    8429.14    5656.80    3607.24    3125.92    2878.16
 1    4109.00    1112.50    1112.50    2974.36    2974.36   14203.27   14203.27   20175.08   20175.08   28047.10   28047.10   48285.01   48285.01   29685.35   29685.35    3550.01    3550.01    2177.41    2177.41    7708.93    7708.93   21591.11   21591.11   28702.21   28702.21   20526.20   20526.20
 2     783.00     211.90     211.90     566.54     566.54    2705.38    2705.38    3842.87    3842.87    5342.30    5342.30    9197.14    9197.14    5654.35    5654.35     676.19     676.19     414.74     414.74    1468.37    1468.37    4112.59    4112.59    5467.09    5467.09    3909.75    3909.75
 3    3537.00    2481.71    4103.31    5924.02    9160.78   11217.27   11656.96   12007.55   12031.85   11290.93   11657.13   11172.07    7505.40    5251.69    3847.57    1259.23    1915.42    4290.64    9460.92   11165.31   12633.93   13831.55   12960.74   11612.87   10369.91   11237.55   11741.41
 4    1379.00    2046.63    3410.56    5486.65    5561.00    5372.77    5917.02    5214.84    5165.58    5029.37    4668.50    3390.38    2284.91    1657.26    1357.91    1520.91    3209.05    5477.25    6444.43    6660.47    6016.45    5305.16    4065.81    4399.45    6388.69    6210.72    4809.71
 1    4109.00     477.71     477.71    3185.49    3185.49    5414.64    5414.64    8728.10    8728.10   12513.27   12513.27   15772.68   15772.68   20182.01   20182.01   13190.56   13190.56   28004.59   28004.59   24349.25   24349.25   17332.85   17332.85   25238.14   25238.14   35774.51   35774.51
 2     783.00      90.99      90.99     606.76     606.76    1031.36    1031.36    1662.50    1662.50    2383.48    2383.48    3004.32    3004.32    3844.19    3844.19    2512.49    2512.49    5334.21    5334.21    4637.95    4637.95    3301.50    3301.50    4807.26    4807.26    6814.19    6814.19
 3    3537.00    2303.58    3748.70    5395.94    6437.71    7639.94    9433.06   11819.51   11097.53   14854.84   15148.75   16070.77   15690.27   13623.35   10643.16   10604.12   12122.17   12402.01   10441.20   11372.98   11597.34   10002.81   10769.73   11396.82   10655.81   10868.61    9811.06
 4    1379.00    2093.05    2764.34    3202.08    3714.87    4785.17    5461.19    6009.79    9034.94    8379.15    6686.66    5447.13    4330.75    3431.87    4565.17    6213.90    5492.80    5148.49    4704.20    5449.60    5053.71    5375.74    5456.27    4016.04    3976.93    3321.11    2886.31
 1    4109.00    1688.15    1688.15    3281.12    3281.12   12773.84   12773.84   21773.60   21773.60   21450.20   21450.20   27117.55   27117.55   11125.42   11125.42   14559.01   14559.01   26977.11   26977.11   22186.16   22186.16    9447.90    9447.90   16805.25   16805.25   22372.35   22372.35
 2     783.00     321.55     321.55     624.98     624.98    2433.11    2433.11    4147.35    4147.35    4085.75    4085.75    5165.25    5165.25    2119.13    2119.13    2773.14    2773.14    5138.50    5138.50    4225.94    4225.94    1799.60    1799.60    3201.00    3201.00    4261.40    4261.40
 3    3537.00    2490.64    3755.09    5979.54    8204.02   11230.71    9271.11    9297.16    9866.93    9611.74    9936.46    7780.66    6774.14    5626.26    7102.13    6934.08    7649.47    7513.88    6088.97    6231.71    6316.24    5067.90    7080.13    9610.94   10508.34   12322.11   15168.11
 4    1379.00    2399.96    3356.90    4814.31    4429.12    4214.02    4277.08    5116.73    4831.93    4112.57    3175.92    2946.53    3174.03    3123.54    3547.78    3508.06    3142.33    3223.39    3518.33    2788.58    3091.63    4090.15    5376.63    5985.00    7864.99    7994.61    6279.34
 1    4109.00    3933.47    3933.47    4547.47    4547.47   10095.62   10095.62   23496.40   23496.40   37730.62   37730.62   30267.47   30267.47   40935.05   40935.05   23725.09   23725.09    8877.79    8877.79    5482.09    5482.09    7004.38    7004.38    5012.70    5012.70    5829.52    5829.52
 2     783.00     749.23     749.23     866.18     866.18    1922.98    1922.98    4475.50    4475.50    7186.78    7186.78    5765.23    5765.23    7797.15    7797.15    4519.06    4519.06    1691.01    1691.01    1044.21    1044.21    1334.17    1334.17     954.80     954.80    1110.38    1110.38
 3    3537.00    2640.73    4074.18    5240.95    5794.45    7452.75    9465.25    9828.63   10050.19   12158.33   14795.45   17810.44   16512.54   15336.94   12207.25    8892.27    7270.67    4838.26    6285.83    4714.74    5192.39    5110.38    4862.80    5426.36    7046.76    7456.04    7353.39
 4    1379.00    2261.02    2744.89    2724.41    3661.26    4903.15    4606.77    5606.28    8863.50   10221.68    7768.69    5364.89    5246.21    4230.71    2916.07    2519.43    2524.55    2321.32    2277.61    1865.03    1910.81    1964.87    2376.16    3394.30    3229.29    2984.24    3344.96
 1    4109.00    2958.19    2958.19    4591.36    4591.36    7714.94    7714.94    9600.36    9600.36   23868.31   23868.31   38475.82   38475.82   23108.78   23108.78   20528.05   20528.05   10486.01   10486.01   18156.14   18156.14   25412.31   25412.31   34668.02   34668.02   42456.42   42456.42
 2     783.00     563.46     563.46     874.54     874.54    1469.51    1469.51    1828.64    1828.64    4546.34    4546.34    7328.73    7328.73    4401.67    4401.67    3910.10    3910.10    1997.34    1997.34    3458.31    3458.31    4840.44    4840.44    6603.43    6603.43    8086.94    8086.94
 3    3537.00    2579.60    4319.30    5680.91    6515.87    6861.39    7116.22    8884.12   10442.48   11076.27   11916.84   11714.26    9467.66    6763.58    6884.66    7159.49    7816.73    8164.83    9554.95    9096.17    9022.50    9598.10   10650.81   12861.84   13145.39   12804.30   10218.41
 4    1379.00    2190.34    2941.53    2801.24    2941.81    3519.45    4992.67    5541.26    5749.33    5279.40    5031.06    3918.14    3297.83    4010.17    3976.84    4155.45    4773.31    4998.51    4385.63    3783.50    4901.77    6447.75    6951.97    7601.38    6017.02    4364.11    4659.39
 1    4109.00    1737.12    1737.12    4284.13    4284.13   17577.25   17577.25   25941.30   25941.30   18715.16   18715.16   13365.20   13365.20   21206.72   21206.72   21120.79   21120.79    9675.20    9675.20    8985.44    8985.44   14514.19   14514.19   10547.92   10547.92   15462.68   15462.68
 2     783.00     330.88     330.88     816.02     816.02    3348.05    3348.05    4941.20    4941.20    3564.79    3564.79    2545.75    2545.75    4039.38    4039.38    4023.01    4023.01    1842.90    1842.90    1711.51    1711.51    2764.61    2764.61    2009.13    2009.13    2945.27    2945.27
 3    3537.00    2227.04    4103.92    5489.40    7890.29    9000.11    8288.06    7670.08    7727.78    6079.03    5851.47    6678.49   10665.53   11545.21   11609.14    9723.38    8140.46    8827.43    8415.87    8645.45    8294.79    8385.81    8966.30    8214.81    7670.09    7364.12    7485.59
 4    1379.00    2118.75    3037.61    4177.73    4223.35    4309.43    3654.43    2945.14    3161.37    2875.71    3906.13    7357.20    6031.71    4740.86    4110.43    3683.02    3745.66    3662.59    3265.59    3875.65    3436.58    3199.91    3746.84    3630.03    2942.97    2744.43    3225.82
 1    4109.00    2170.94    2170.94    6741.04    6741.04    9586.04    9586.04   31368.42   31368.42   36041.08   36041.08   17772.68   17772.68   11519.51   11519.51   13654.87   13654.87    9172.55    9172.55    7631.78    7631.78    5216.44    5216.44    4791.40    4791.40   16710.54   16710.54
 2     783.00     413.51     413.51    1284.01    1284.01    1825.91    1825.91    5974.94    5974.94    6864.97    6864.97    3385.27    3385.27    2194.19    2194.19    2600.93    2600.93    1747.15    1747.15    1453.67    1453.67     993.61     993.61     912.65     912.65    3182.96    3182.96
 3    3537.00    2036.35    3613.16    5226.74    7588.72    6830.72    7857.95   12275.33   12756.79   13010.47   10691.34    7596.08    9606.29    9172.50    7758.30    7106.01    6015.89    5894.46    5871.97    5665.90    6012.78    5474.75    6029.27    8691.14   11394.26   10645.14    8910.60
 4    1379.00    1784.31    2953.14    3695.38    3809.56    4698.48    7696.73    7835.01    5648.55    4162.75    3540.85    3944.34    3797.80    3072.60    2580.66    2656.44    2484.07    2122.34    2299.68    2258.41    2301.12    2951.46    5047.29    5197.38    4518.20    3594.46    3845.18
 1    4109.00    3595.28    3595.28    6846.84    6846.84   12478.16   12478.16   12068.36   12068.36    8014.31    8014.31   12699.92   12699.92   13161.92   13161.92   10721.63   10721.63    6370.52    6370.52   14367.28   14367.28   20886.56   20886.56   16940.62   16940.62   22794.62   22794.62
 2     783.00     684.82     684.82    1304.16    1304.16    2376.79    2376.79    2298.74    2298.74    1526.54    1526.54    2419.03    2419.03    2507.03    2507.03    2042.22    2042.22    1213.43    1213.43    2736.62    2736.62    3978.39    3978.39    3226.78    3226.78    4341.83    4341.83
 3    3537.00    2022.57    3075.98    5122.45    5535.94    7203.17    6402.12    5984.58    5553.42    5282.67    8069.10    9021.41    9561.06    8788.23    9828.97    7082.58    7016.08    8366.56    8428.75    9964.64   10039.51   11111.96   10418.79    9256.79    9317.22    9766.61    8580.84
 4    1379.00    2076.53    2445.84    2980.35    2972.42    2731.10    2092.00    2317.60    3103.11    4332.25    4143.40    4110.37    4288.67    3595.21    2963.93    2832.50    3193.99    4020.19    5493.45    5136.16    4605.89    4198.25    4225.03    4499.60    4087.40    3316.26    2262.88
 1    4109.00    4216.21    4216.21    6461.53    6461.53    7373.06    7373.06   16753.51   16753.51   18932.30   18932.30   21914.97   21914.97   42133.94   42133.94   29769.90   29769.90   16954.94   16954.94   23361.95   23361.95   11960.26   11960.26   20425.02   20425.02   10446.28   10446.28
 2     783.00     803.09     803.09    1230.77    1230.77    1404.39    1404.39    3191.14    3191.14    3606.15    3606.15    4174.28    4174.28    8025.51    8025.51    5670.46    5670.46    3229.51    3229.51    4449.90    4449.90    2278.14    2278.14    3890.48    3890.48    1989.77    1989.77
 3    3537.00    2744.87    3681.03    5514.64    5686.05    6473.36    7915.17    9141.77    9181.46    9176.83   10732.72    9368.29    9993.03    9198.60    7153.41    5986.26    7982.09    8208.75    7844.49    7512.05    7687.32    6361.13    7235.54    7257.84    6034.85    8458.99    8100.84
 4    1379.00    2351.26    2515.54    2674.89    3287.11    4168.71    4039.32    5005.85    5041.81    4018.75    4900.70    4796.97    4433.04    3717.24    3526.91    5095.88    4968.69    3550.84    3572.11    3990.84    3599.09    3171.97    3425.28    3283.95    3883.53    4441.66    3280.73
 1    4109.00    4982.67    4982.67    8138.13    8138.13   19944.54   19944.54   15957.94   15957.94    8638.48    8638.48   13811.03   13811.03    3987.52    3987.52   14251.31   14251.31   16878.25   16878.25   13688.14   13688.14   12299.83   12299.83    8328.94    8328.94    4369.60    4369.60
 2     783.00     949.08     949.08    1550.12    1550.12    3798.96    3798.96    3039.61    3039.61    1645.42    1645.42    2630.67    2630.67     759.53     759.53    2714.54    2714.54    3214.90    3214.90    2607.26    2607.26    2342.82    2342.82    1586.46    1586.46     832.30     832.30
 3    3537.00    2900.48    4328.52    6606.71    8156.95    9191.96   10421.33   11433.41   10212.12    8151.50    9074.38    8807.52    7674.05    7395.79    7362.57    7545.98    7549.75    6546.67    6036.29    4901.46    5918.26    5638.70    5576.28    5893.77    5821.31    7781.46   10087.21
 4    1379.00    2409.53    3327.47    4420.94    5504.26    6032.55    5022.09    3881.72    3128.76    3124.51    3276.02    3227.94    3166.67    2923.29    3159.71    2774.58    2709.17    2123.89    2572.09    2501.02    3086.66    2650.78    2662.44    2980.23    4237.67    5015.62    4814.12
 1    4109.00    2506.35    2506.35    3119.42    3119.42   14976.65   14976.65   20999.29   20999.29   33787.91   33787.91   37749.10   37749.10   31996.74   31996.74   33542.59   33542.59   24106.24   24106.24   34646.77   34646.77   35775.43   35775.43   30577.01   30577.01   28739.64   28739.64
 2     783.00     477.40     477.40     594.18     594.18    2852.70    2852.70    3999.86    3999.86    6435.79    6435.79    7190.30    7190.30    6094.62    6094.62    6389.06    6389.06    4591.66    4591.66    6599.38    6599.38    6814.37    6814.37    5824.19    5824.19    5474.22    5474.22
 3    3537.00    1881.09    3742.90    5603.33    9986.85   12399.82   10866.76    9312.12   14155.43   17389.54   18139.18   18970.41   15601.11   12896.53   12619.07   11849.66   11470.47   12566.49   15756.73   18076.34   18741.14   27072.76   24332.56   21356.45   18655.40   14772.03   12530.43
 4    1379.00    1894.12    3642.33    6098.65    6013.56    4108.43    4971.09   10543.78   12757.90    9823.19    7731.88    6621.48    4784.03    5442.47    5908.18    6348.27    7346.60   11646.48   11532.06    8991.50    7732.55    6837.70    5319.10    4453.53    3270.10    2952.40    3324.82
 1    4109.00    3696.00    3696.00   13805.02   13805.02    8909.67    8909.67   13255.70   13255.70   13015.00   13015.00   14485.55   14485.55   12877.79   12877.79   21515.80   21515.80   37448.34   37448.34   40663.39   40663.39   48286.39   48286.39   55631.73   55631.73   27773.59   27773.59
 2     783.00     704.00     704.00    2629.53    2629.53    1697.08    1697.08    2524.90    2524.90    2479.05    2479.05    2759.15    2759.15    2452.91    2452.91    4098.25    4098.25    7133.02    7133.02    7745.41    7745.41    9197.41    9197.41   10596.52   10596.52    5290.21    5290.21
 3    3537.00    2617.20    3791.69    5305.22    5523.20    4921.04    5190.40    7232.16    7477.50    8527.62    8374.11    8480.53    7239.91    5677.10    8764.06   13632.05   13815.25   11943.84    9986.53    8334.26   15129.11   19301.45   17753.73   14636.93   14037.86   12645.20    9758.60
 4    1379.00    2397.39    2813.47    2840.58    2236.79    2314.40    3900.80    3899.91    4198.77    4120.51    3273.26    2473.57    2933.48    5678.92    8285.14    7803.75    5281.80    3564.18    5612.94   14173.91   13777.97    9169.00    6482.08    6355.40    5254.90    4059.04    3634.77
 1    4109.00    2780.78    2780.78    4716.56    4716.56    9871.09    9871.09   16625.99   16625.99    7982.90    7982.90   13441.43   13441.43   14207.42   14207.42   19917.74   19917.74   17693.68   17693.68   27326.38   27326.38   11202.11   11202.11    9788.86    9788.86   26874.08   26874.08
 2     783.00     529.67     529.67     898.39     898.39    1880.21    1880.21    3166.86    3166.86    1520.55    1520.55    2560.27    2560.27    2706.18    2706.18    3793.86    3793.86    3370.22    3370.22    5205.02    5205.02    2133.74    2133.74    1864.54    1864.54    5118.87    5118.87
 3    3537.00    2700.11    3810.70    5262.81    5137.77    6451.41    6853.69    7020.13    5710.11    6333.77    8614.28    9979.81    8696.69    7893.68    7697.34    7904.73    7865.71    8819.13    8738.30    8542.18    6147.80    5025.29    5369.95    4845.35    8828.07   11909.03   10887.30
 4    1379.00    2205.02    2666.26    2771.91    2743.05    3185.82    2702.95    2581.11    3239.18    5032.64    4483.51    3531.40    3012.32    3166.66    3448.48    3865.49    4679.95    4170.79    3064.86    2884.05    2586.36    2309.39    3601.88    5609.09    5706.94    4758.27    4405.17
 1    4109.00    2845.92    2845.92    5300.53    5300.53   13322.23   13322.23   17308.83   17308.83   22192.63   22192.63   15876.63   15876.63   23611.90   23611.90   29376.73   29376.73   30369.57   30369.57    9153.14    9153.14   13266.79   13266.79   33938.52   33938.52   38739.63   38739.63
 2     783.00     542.08     542.08    1009.62    1009.62    2537.57    2537.57    3296.92    3296.92    4227.17    4227.17    3024.12    3024.12    4497.50    4497.50    5595.57    5595.57    5784.68    5784.68    1743.46    1743.46    2527.01    2527.01    6464.48    6464.48    7378.98    7378.98
 3    3537.00    2050.49    2888.60    5291.68    6005.47    6060.76    7255.59    7993.59   11662.31   13897.68   12834.67   10101.42   11920.97   14404.90   14502.93   13322.50    8689.70    8588.43    6804.30    6673.09    7033.70    7830.13    8980.83    8507.77   11704.45   13740.63   11729.71
 4    1379.00    1949.46    2401.94    2822.66    2683.42    3311.34    4396.83    7560.35    7731.76    5794.84    4584.61    6517.74    7992.79    6426.80    4596.06    3505.32    2644.52    3346.97    3577.65    3335.98    4146.00    3920.87    5501.73    8631.68    7353.51    6434.47    6045.60
 1    4109.00    2404.71    2404.71    2500.34    2500.34   12287.35   12287.35    7996.76    7996.76   19914.05   19914.05   18531.28   18531.28   22727.17   22727.17   33068.58   33068.58   12184.79   12184.79   16779.38   16779.38   14110.40   14110.40   25235.37   25235.37   19038.10   19038.10
 2     783.00     458.04     458.04     476.26     476.26    2340.45    2340.45    1523.19    1523.19    3793.15    3793.15    3529.77    3529.77    4328.98    4328.98    6298.78    6298.78    2320.91    2320.91    3196.07    3196.07    2687.70    2687.70    4806.74    4806.74    3626.30    3626.30
 3    3537.00    2395.64    3995.65    5690.77    6737.70    6004.76    5255.53    6608.04    9925.39   11730.41   11590.60   11832.90   11074.28    9994.13    9399.99    8033.74    7331.33    8234.10    9642.29   10258.13    8196.10    8138.68    9062.81    7833.81    7143.04    6199.71    7620.31
 4    1379.00    2154.81    2838.86    2821.96    2414.13    2415.69    3693.22    6127.69    6041.77    4971.94    5267.93    5011.36    4435.59    3742.55    3693.50    3717.96    5110.54    5007.01    4170.03    4065.93    3925.67    3748.34    3274.23    2745.96    3565.24    4147.75    3892.21
 1    4109.00    1754.21    1754.21    2903.67    2903.67   19987.51   19987.51   16088.23   16088.23   23729.71   23729.71   22274.87   22274.87   14758.59   14758.59   20749.34   20749.34   12506.34   12506.34    7282.04    7282.04    4036.96    4036.96   11670.58   11670.58   23771.75   23771.75
 2     783.00     334.14     334.14     553.08     553.08    3807.14    3807.14    3064.42    3064.42    4519.94    4519.94    4242.83    4242.83    2811.16    2811.16    3952.26    3952.26    2382.16    2382.16    1387.06    1387.06     768.94     768.94    2222.97    2222.97    4527.95    4527.95
 3    3537.00    2261.62    3741.55    6010.92   11136.04   13426.47   12147.75   11499.38   11458.49   11398.63   10198.65    9060.82    9254.01    9604.54    9738.39    9353.53    8502.99    7975.82    9452.20    7815.50    8063.48    8615.66   10416.29   10658.21   10971.41   11639.19   11390.35
 4    1379.00    2171.57    4112.44    8044.43    7512.35    5609.06    4578.37    4152.20    4857.96    3886.66    3348.09    4646.31    5485.03    4750.73    4025.14    3752.18    3745.32    3814.05    3819.98    3193.02    4513.97    4353.14    4130.42    5120.01    5134.65    5065.94    4464.55
 1    4109.00    1924.23    1924.23    7398.47    7398.47   17002.06   17002.06   22409.31   22409.31   31252.92   31252.92   11975.96   11975.96   20725.78   20725.78   27324.53   27324.53   16051.27   16051.27   18904.12   18904.12   26031.85   26031.85   30765.04   30765.04   38650.46   38650.46
 2     783.00     366.52     366.52    1409.23    1409.23    3238.49    3238.49    4268.44    4268.44    5952.94    5952.94    2281.14    2281.14    3947.77    3947.77    5204.67    5204.67    3057.38    3057.38    3600.78    3600.78    4958.45    4958.45    5860.01    5860.01    7361.99    7361.99
 3    3537.00    2917.18    3848.78    5575.79    5861.38    5590.02    6387.41    8414.49   10823.76   11060.85   10106.49    9180.80    8653.47    9932.78    8628.45    8715.68    8812.25    9368.07   10079.67    9931.50   10191.25    9681.56    9396.92   11107.33    9834.98    8408.96    8309.71
 4    1379.00    2380.35    2485.39    2387.92    2131.79    4179.95    6058.90    5688.03    6460.03    4920.53    3950.07    3500.45    4110.01    4489.37    3982.77    4328.27    5106.86    5238.54    4533.23    5357.20    4769.08    5268.70    4806.53    5412.86    4135.10    3696.49    3453.08
