FL 2019 2020 2021 2022 2023 2024 2025 2026 2027 2028 2029 2030 2031 2032 2033 2034 2035 2036 2037 2038 2039 2040 2041 2042 2043 2044 2045
 1  0.1254765  0.1016565  0.0965700  0.0914783  0.0850258  0.0921722  0.0758454  0.1559031  0.1989677  0.2163277  0.2966857  0.1327283  0.1270883  0.1630365  0.1951328  0.2402306  0.2392826  0.1555505  0.1805975  0.0571386  0.0384185  0.0537271  0.0481223  0.1244394  0.1058833  0.2022241  0.2440255
 2  0.0238751  0.0186097  0.0177398  0.0175913  0.0115870  0.0139144  0.0134037  0.0315679  0.0449818  0.0508887  0.0640237  0.0239533  0.0231577  0.0320560  0.0382735  0.0428626  0.0424159  0.0296775  0.0329263  0.0086493  0.0059019  0.0088857  0.0088823  0.0214699  0.0186934  0.0384421  0.0495879
 3  0.1162273  0.1599350  0.1450751  0.1728111  0.1444287  0.1789305  0.1649825  0.1605628  0.1260158  0.1548883  0.1229046  0.1639815  0.1408650  0.1624855  0.1335186  0.1493095  0.1492780  0.1701139  0.1981130  0.1533461  0.1547904  0.1985474  0.1570661  0.1628562  0.1519201  0.1651847  0.1393450
 4  0.0444602  0.0481269  0.0366807  0.0658535  0.0528670  0.0425945  0.0289821  0.0322114  0.0276751  0.0374144  0.0371436  0.0455494  0.0303693  0.0357201  0.0371726  0.0399110  0.0420336  0.0361016  0.0354253  0.0525069  0.0391140  0.0435053  0.0401947  0.0479510  0.0373956  0.0360585  0.0299388
 1  0.1220670  0.0981552  0.0912541  0.1429185  0.1587477  0.1354467  0.1203679  0.1174411  0.1194917  0.1091157  0.1055645  0.0636510  0.0621444  0.0634658  0.0622029  0.0568218  0.0562412  0.0596564  0.0519329  0.2825437  0.4034879  0.3289954  0.3834457  0.1804871  0.2128780  0.0904106  0.0700489
 2  0.0232303  0.0180890  0.0170170  0.0276011  0.0315490  0.0242255  0.0209879  0.0215961  0.0213430  0.0198334  0.0205546  0.0124256  0.0125967  0.0129201  0.0125416  0.0119162  0.0094433  0.0101395  0.0097429  0.0580825  0.0846898  0.0608779  0.0690640  0.0326995  0.0375488  0.0143787  0.0114169
 3  0.1130934  0.1306405  0.1432620  0.1556950  0.1388530  0.1429828  0.1418455  0.1574380  0.1272968  0.1407061  0.1457150  0.1459683  0.1190163  0.1312309  0.1425548  0.1465501  0.1418714  0.1525573  0.1565526  0.1520932  0.1458149  0.1351334  0.1571921  0.2122658  0.2513687  0.1360370  0.1605009
 4  0.0433681  0.0373570  0.0346692  0.0339185  0.0381258  0.0376446  0.0354709  0.0390204  0.0367472  0.0344130  0.0333396  0.0363402  0.0294307  0.0336134  0.0334833  0.0431304  0.0506847  0.0393947  0.0323617  0.0345373  0.0367772  0.0354598  0.0301700  0.0431794  0.0463599  0.0360369  0.0352696
 1  0.1187765  0.1402300  0.1372801  0.1333960  0.1208605  0.2555223  0.3293633  0.1952908  0.1814866  0.1208639  0.1255074  0.1627484  0.1570711  0.0722944  0.0696539  0.1522706  0.1590683  0.1496279  0.1488771  0.1270008  0.1311776  0.2272979  0.2844305  0.1356215  0.0934636  0.1015664  0.0976108
 2  0.0226444  0.0259647  0.0253322  0.0232300  0.0214742  0.0489327  0.0621832  0.0331449  0.0310481  0.0218218  0.0242124  0.0303556  0.0271691  0.0131370  0.0124483  0.0285800  0.0291341  0.0275365  0.0269947  0.0235360  0.0260921  0.0472627  0.0553699  0.0207153  0.0138988  0.0168983  0.0185239
 3  0.1100329  0.1443071  0.1398848  0.1431951  0.1517226  0.1563786  0.1562456  0.1456252  0.1639870  0.1578293  0.1456424  0.1463527  0.1505490  0.1581399  0.1458856  0.1533106  0.1282289  0.1423993  0.1403779  0.1511273  0.1328496  0.1412448  0.1588421  0.1289627  0.1578431  0.1774378  0.1565891
 4  0.0423910  0.0373497  0.0403470  0.0378336  0.0335257  0.0335290  0.0384651  0.0371212  0.0347471  0.0310590  0.0318373  0.0432154  0.0380730  0.0366178  0.0357954  0.0373115  0.0339657  0.0359238  0.0336178  0.0350552  0.0277437  0.0327633  0.0434432  0.0458843  0.0413392  0.0349071  0.0281871
 1  0.1193897  0.0451615  0.0406388  0.1439834  0.1546415  0.1261760  0.1381603  0.0648288  0.0574013  0.0401346  0.0320799  0.0528337  0.0482122  0.0581465  0.0629767  0.0874807  0.0985411  0.1523736  0.1736624  0.1362413  0.1352863  0.1573066  0.1574814  0.1875157  0.2395988  0.1543194  0.1653421
 2  0.0226910  0.0082681  0.0075982  0.0278420  0.0302602  0.0253197  0.0267876  0.0122106  0.0093393  0.0064895  0.0058577  0.0097895  0.0094939  0.0123577  0.0139923  0.0198789  0.0209114  0.0320752  0.0347960  0.0263984  0.0227554  0.0271999  0.0297855  0.0387085  0.0512615  0.0312601  0.0327957
 3  0.1105887  0.1564882  0.1415049  0.1345423  0.1462743  0.1367084  0.1330332  0.1348469  0.1491062  0.1463081  0.1526034  0.1483271  0.1350839  0.1457735  0.1455398  0.1363532  0.1249973  0.1320506  0.1401627  0.1459748  0.1334009  0.1638710  0.1455009  0.1463560  0.1376364  0.1285109  0.1290770
 4  0.0420011  0.0419363  0.0357083  0.0337921  0.0305904  0.0323524  0.0338322  0.0423149  0.0464538  0.0376410  0.0370367  0.0378178  0.0329174  0.0330283  0.0349947  0.0382049  0.0351080  0.0338693  0.0345858  0.0444391  0.0423833  0.0374814  0.0295563  0.0327148  0.0318630  0.0352268  0.0357010
 1  0.1189860  0.0867447  0.0811213  0.1005365  0.0968415  0.1562068  0.1534738  0.3132106  0.3750838  0.3836365  0.4861295  0.1912645  0.1778916  0.0745499  0.0575356  0.1809628  0.2094276  0.2340753  0.2864722  0.0900150  0.0751557  0.2056050  0.2530980  0.3353193  0.4969883  0.1327623  0.0945809
 2  0.0231473  0.0161684  0.0151677  0.0188759  0.0164959  0.0275313  0.0268077  0.0570264  0.0637785  0.0649403  0.0887609  0.0337606  0.0233789  0.0109806  0.0093786  0.0332733  0.0421650  0.0499821  0.0462511  0.0140981  0.0133728  0.0403542  0.0522219  0.0708469  0.0987304  0.0189826  0.0127005
 3  0.1099257  0.1490179  0.1483191  0.1544214  0.1393928  0.1473225  0.1624411  0.1403953  0.1407100  0.1474043  0.1506106  0.1585123  0.1544285  0.1660780  0.1552716  0.1617298  0.1535699  0.1451520  0.1286890  0.1521727  0.1379204  0.1457994  0.1331899  0.1362017  0.2030929  0.3581422  0.1669833
 4  0.0434759  0.0363001  0.0376952  0.0438144  0.0382496  0.0372237  0.0413115  0.0339638  0.0360487  0.0328178  0.0301923  0.0486941  0.0470873  0.0379936  0.0347120  0.0351516  0.0314412  0.0423302  0.0452898  0.0354842  0.0279561  0.0303945  0.0286852  0.0289119  0.0369882  0.0351084  0.0406662
 1  0.1162521  0.1609616  0.1622377  0.2059154  0.2169877  0.2113397  0.2488967  0.1388236  0.1031256  0.1155238  0.1118909  0.0728860  0.0790992  0.1152728  0.1172505  0.1467318  0.1649851  0.1289919  0.1402568  0.0720197  0.0676318  0.1051868  0.0814713  0.1936958  0.2279327  0.0697667  0.0564274
 2  0.0225599  0.0301525  0.0298969  0.0374338  0.0392835  0.0397353  0.0462528  0.0219488  0.0155392  0.0193342  0.0213499  0.0154002  0.0168089  0.0236114  0.0227331  0.0288832  0.0345744  0.0274209  0.0280279  0.0139846  0.0119377  0.0166771  0.0140595  0.0374642  0.0434520  0.0119271  0.0101281
 3  0.1074261  0.1460048  0.1549060  0.1327332  0.1622569  0.1478237  0.1484674  0.1408411  0.1590774  0.1609426  0.1441075  0.1309506  0.1319744  0.1323538  0.1442156  0.1349188  0.1425659  0.1212147  0.1311360  0.1322592  0.1480247  0.1494620  0.1603187  0.1349317  0.1338052  0.1345339  0.1392310
 4  0.0426515  0.0400298  0.0423345  0.0361809  0.0343985  0.0326717  0.0389805  0.0454639  0.0419022  0.0345329  0.0275522  0.0296265  0.0360978  0.0391705  0.0347354  0.0284119  0.0279867  0.0324321  0.0340430  0.0344096  0.0494517  0.0436217  0.0352404  0.0311782  0.0427123  0.0363325  0.0335237
 1  0.1297236  0.1629250  0.1571388  0.0814120  0.0733791  0.0801060  0.0898771  0.0896459  0.1012924  0.1002513  0.1173234  0.0958005  0.0691956  0.0505692  0.0450489  0.1985258  0.2405019  0.1420454  0.1449870  0.0549851  0.0393647  0.0622224  0.0555524  0.1236664  0.1423003  0.1117635  0.1367698
 2  0.0243926  0.0292131  0.0281101  0.0141480  0.0134973  0.0161333  0.0194580  0.0200328  0.0225765  0.0223735  0.0250570  0.0159220  0.0108351  0.0085145  0.0085177  0.0406662  0.0509284  0.0306053  0.0209381  0.0079816  0.0063459  0.0107281  0.0101913  0.0251549  0.0311423  0.0255531  0.0323302
 3  0.1204050  0.1436804  0.1489640  0.1478787  0.1607456  0.1453638  0.1387467  0.1310207  0.1317420  0.1490462  0.1748409  0.1435172  0.1640136  0.1553887  0.1476660  0.1399857  0.1305063  0.1287782  0.1375114  0.1780634  0.1690240  0.1555114  0.1379000  0.1492644  0.1464421  0.1406818  0.1279040
 4  0.0445032  0.0395927  0.0399708  0.0379325  0.0344718  0.0280658  0.0294158  0.0293572  0.0290365  0.0334723  0.0357571  0.0485458  0.0406977  0.0343445  0.0295166  0.0309654  0.0281594  0.0516867  0.0504527  0.0456136  0.0408323  0.0413895  0.0350788  0.0345742  0.0345313  0.0298027  0.0279146
 1  0.1244105  0.0278125  0.0245265  0.0311858  0.0319409  0.0909648  0.0976373  0.2178833  0.2014215  0.1161633  0.1018286  0.2236580  0.2826068  0.1963919  0.2359277  0.1130667  0.0933586  0.1470077  0.1173805  0.3192672  0.4082904  0.3164505  0.4368073  0.1129958  0.0934570  0.0760267  0.0538862
 2  0.0246932  0.0052100  0.0046379  0.0062424  0.0068589  0.0203006  0.0178337  0.0372480  0.0319131  0.0188257  0.0179908  0.0435556  0.0590010  0.0410223  0.0488080  0.0217470  0.0115514  0.0210915  0.0200397  0.0584096  0.0754760  0.0593314  0.0825969  0.0185593  0.0152388  0.0117131  0.0079324
 3  0.1146225  0.1387106  0.1400877  0.1375470  0.1380632  0.1333463  0.1264653  0.1472573  0.1495433  0.1532962  0.1477168  0.1535689  0.1422883  0.1234981  0.1332772  0.1495435  0.1493690  0.1713206  0.1700889  0.1629525  0.1577395  0.1552184  0.1441926  0.1262855  0.1596018  0.1463248  0.1463055
 4  0.0469218  0.0386151  0.0351181  0.0285785  0.0285340  0.0419696  0.0460844  0.0450934  0.0418213  0.0371511  0.0336242  0.0315353  0.0305835  0.0276143  0.0333534  0.0598996  0.0545460  0.0414738  0.0379372  0.0391773  0.0355347  0.0302323  0.0340985  0.0387679  0.0423421  0.0464663  0.0413793
 1  0.1237088  0.1514107  0.1480791  0.2550337  0.3125614  0.2120008  0.2038466  0.0449651  0.0293644  0.0799707  0.0669745  0.1354889  0.1594078  0.1358888  0.1631922  0.1144801  0.1402375  0.0749845  0.0654903  0.0646870  0.0609548  0.0622641  0.0589304  0.0708193  0.0345400  0.0626611  0.0593439
 2  0.0237626  0.0277731  0.0269406  0.0478981  0.0569646  0.0360418  0.0343869  0.0066628  0.0042587  0.0126772  0.0120709  0.0274876  0.0344901  0.0302500  0.0376667  0.0267084  0.0324763  0.0144883  0.0123001  0.0121713  0.0109402  0.0115305  0.0117554  0.0090797  0.0048836  0.0105419  0.0116510
 3  0.1145732  0.1432141  0.1635630  0.1596164  0.1388031  0.1381354  0.1555058  0.1619505  0.1575809  0.1529197  0.1476643  0.1465971  0.1260465  0.1371908  0.1238845  0.1279766  0.1398557  0.1360749  0.1651825  0.1482567  0.1406603  0.1450565  0.1348652  0.1436662  0.1641631  0.1522451  0.1435735
 4  0.0440699  0.0416517  0.0373970  0.0345195  0.0376210  0.0360179  0.0442798  0.0486516  0.0474573  0.0376572  0.0308519  0.0330764  0.0307314  0.0324310  0.0253987  0.0289985  0.0395748  0.0395563  0.0367532  0.0384301  0.0364705  0.0325157  0.0593398  0.0570921  0.0456829  0.0322533  0.0286838
 1  0.1300004  0.1695394  0.1649245  0.1141210  0.0904184  0.0818267  0.0914043  0.1083528  0.1190036  0.1059355  0.1051109  0.0931311  0.0955081  0.1074504  0.0882031  0.0936229  0.0737330  0.1466959  0.1605379  0.1619345  0.2132117  0.3055416  0.3883462  0.1286320  0.1123940  0.0952287  0.0850285
 2  0.0246276  0.0307237  0.0296411  0.0182355  0.0155099  0.0158828  0.0199367  0.0242419  0.0262721  0.0216589  0.0197323  0.0178215  0.0195069  0.0194504  0.0148971  0.0150662  0.0123862  0.0271553  0.0329452  0.0366536  0.0496605  0.0651331  0.0735657  0.0222120  0.0171422  0.0156000  0.0157283
 3  0.1205402  0.1356327  0.1441355  0.1436698  0.1543987  0.1415540  0.1405850  0.1147907  0.1258576  0.1236954  0.1329970  0.1408186  0.1488595  0.1298914  0.1405343  0.1443932  0.1689604  0.1460998  0.1463047  0.1387256  0.1234672  0.1190570  0.1284808  0.1352256  0.1433348  0.1565634  0.1538088
 4  0.0455741  0.0389373  0.0411065  0.0411396  0.0335141  0.0247848  0.0273504  0.0313612  0.0321717  0.0354628  0.0360875  0.0299970  0.0352264  0.0429036  0.0442359  0.0438176  0.0423243  0.0328953  0.0282382  0.0266612  0.0317642  0.0359604  0.0336662  0.0412627  0.0409259  0.0309502  0.0372372
 1  0.1180277  0.0648099  0.0585917  0.0763277  0.0764683  0.1049474  0.1089876  0.1243536  0.1336801  0.1368781  0.1497033  0.1133169  0.0806581  0.1605214  0.1552420  0.1445152  0.1503822  0.1632063  0.1685928  0.1022006  0.1106127  0.1736500  0.1942262  0.1268124  0.1345673  0.1935907  0.2189377
 2  0.0228373  0.0120688  0.0111142  0.0148218  0.0148195  0.0208399  0.0202011  0.0236021  0.0275273  0.0282793  0.0305027  0.0182925  0.0127276  0.0272319  0.0270850  0.0265078  0.0297080  0.0316015  0.0327714  0.0202658  0.0228718  0.0360768  0.0376069  0.0243777  0.0267022  0.0388460  0.0408368
 3  0.1090697  0.1217347  0.1387645  0.1416215  0.1313239  0.1479642  0.1388614  0.1544273  0.1453817  0.1421636  0.1363008  0.1336057  0.1420159  0.1532889  0.1489527  0.1493145  0.1416799  0.1327719  0.1553994  0.1530568  0.1381499  0.1215294  0.1327294  0.1409028  0.1442857  0.1374655  0.1443872
 4  0.0428520  0.0372289  0.0344715  0.0341333  0.0323154  0.0363297  0.0369106  0.0323491  0.0296887  0.0351782  0.0425610  0.0491327  0.0392857  0.0377714  0.0385776  0.0329605  0.0366327  0.0352284  0.0365087  0.0310864  0.0317778  0.0335696  0.0328483  0.0313658  0.0300541  0.0363750  0.0597598
 1  0.1305073  0.1152266  0.1062566  0.1449703  0.1432613  0.1645130  0.1930666  0.2022691  0.2410281  0.1481944  0.1345599  0.0771343  0.0544897  0.1041327  0.0995333  0.1815579  0.2276386  0.2331098  0.2532208  0.1089287  0.0862441  0.1143310  0.1123358  0.1792554  0.1347543  0.1739321  0.1756292
 2  0.0247657  0.0208515  0.0193532  0.0259759  0.0262523  0.0319932  0.0393676  0.0422918  0.0451377  0.0267385  0.0197815  0.0113910  0.0080435  0.0175495  0.0188160  0.0377693  0.0511038  0.0473876  0.0477909  0.0177653  0.0142512  0.0203148  0.0207145  0.0279359  0.0221611  0.0300069  0.0317969
 3  0.1209417  0.1303654  0.1450360  0.1629010  0.1476962  0.1474089  0.1393282  0.1213886  0.1302731  0.1303703  0.1488248  0.1687679  0.1625771  0.1608168  0.1497756  0.1434650  0.1357770  0.1224426  0.1497285  0.1365185  0.1596060  0.1533611  0.1512637  0.1404428  0.1525615  0.1657862  0.1493378
 4  0.0457994  0.0383277  0.0403623  0.0385035  0.0325879  0.0318760  0.0275612  0.0313016  0.0377637  0.0437275  0.0447806  0.0505826  0.0460647  0.0359720  0.0326016  0.0318392  0.0320435  0.0356185  0.0414412  0.0416763  0.0402444  0.0349025  0.0475934  0.0478441  0.0393746  0.0418429  0.0390904
 1  0.1355563  0.1296076  0.1213467  0.0785543  0.0781921  0.0673423  0.0596992  0.0455527  0.0497913  0.1206625  0.1565327  0.1579342  0.1675029  0.1710666  0.1836896  0.1091330  0.1071721  0.1730927  0.1199354  0.0799155  0.0783254  0.1152190  0.1275777  0.2313801  0.2559585  0.1653925  0.0984122
 2  0.0258173  0.0236284  0.0220299  0.0151991  0.0135236  0.0115991  0.0110350  0.0092942  0.0113386  0.0303979  0.0375191  0.0329088  0.0312188  0.0319850  0.0348541  0.0203382  0.0211293  0.0267325  0.0183781  0.0138894  0.0151662  0.0239499  0.0273774  0.0474514  0.0440868  0.0213193  0.0148896
 3  0.1255444  0.1320255  0.1264438  0.1337312  0.1421047  0.1549291  0.1628878  0.1446036  0.1560801  0.1374814  0.1243481  0.1353810  0.1293907  0.1322156  0.1473556  0.1464647  0.1452672  0.1404690  0.1612510  0.1501995  0.1445986  0.1404736  0.1391661  0.1324852  0.1523358  0.1668087  0.1741127
 4  0.0485933  0.0347275  0.0346675  0.0361028  0.0469670  0.0383654  0.0325334  0.0291095  0.0377995  0.0292853  0.0355383  0.0385021  0.0328148  0.0314389  0.0336561  0.0330391  0.0437435  0.0440325  0.0376394  0.0304166  0.0304593  0.0313121  0.0362614  0.0402644  0.0571966  0.0526135  0.0398114
 1  0.1307984  0.1637958  0.1577465  0.2776691  0.3375676  0.2759623  0.2264006  0.2974049  0.3212623  0.2253917  0.2136214  0.1830401  0.1543535  0.2041076  0.2360969  0.1500831  0.1382883  0.0606348  0.0523342  0.0848512  0.0729086  0.1911675  0.2540784  0.1949288  0.2444052  0.1138868  0.1133089
 2  0.0245606  0.0294990  0.0282667  0.0511882  0.0616305  0.0424148  0.0339539  0.0477427  0.0560050  0.0383741  0.0322615  0.0275777  0.0252403  0.0368153  0.0461725  0.0279430  0.0222293  0.0104102  0.0082149  0.0139077  0.0135382  0.0402522  0.0591859  0.0455405  0.0518833  0.0214799  0.0218563
 3  0.1213701  0.1396805  0.1505082  0.1467852  0.1415239  0.1477880  0.1591660  0.1668107  0.1577541  0.1584104  0.1593095  0.1858263  0.1680049  0.1581646  0.1454889  0.1427600  0.1243947  0.1534275  0.1499255  0.1540124  0.1607582  0.1389362  0.1273953  0.1169856  0.1307977  0.1379374  0.1487878
 4  0.0453260  0.0361305  0.0350102  0.0346867  0.0400985  0.0439908  0.0418819  0.0363723  0.0345861  0.0438081  0.0490410  0.0455628  0.0359001  0.0330922  0.0350134  0.0435825  0.0372567  0.0445623  0.0419789  0.0368679  0.0336609  0.0270683  0.0267300  0.0330193  0.0348681  0.0342040  0.0310366
 1  0.1425452  0.1646896  0.1564152  0.1430614  0.1264104  0.0878594  0.0863039  0.0898851  0.1131037  0.1535446  0.2108755  0.0325661  0.0162536  0.0938994  0.1016505  0.0952213  0.1161521  0.1634551  0.1931021  0.1520718  0.1365491  0.0906162  0.0919431  0.0568906  0.0543216  0.0826720  0.0699261
 2  0.0270896  0.0297057  0.0278712  0.0244948  0.0204921  0.0154036  0.0169355  0.0198652  0.0278266  0.0377389  0.0360108  0.0039421  0.0024079  0.0168100  0.0209411  0.0224182  0.0288803  0.0386733  0.0388510  0.0265852  0.0236254  0.0166864  0.0181615  0.0113786  0.0105421  0.0147546  0.0121850
 3  0.1320490  0.1286380  0.1444012  0.1433117  0.1485538  0.1480100  0.1428144  0.1579047  0.1970349  0.2798350  0.1286619  0.1378519  0.1580273  0.1666634  0.1381290  0.1311618  0.1335578  0.1181303  0.1238344  0.1480710  0.1443644  0.1518639  0.1365639  0.1355154  0.1340110  0.1485427  0.1515272
 4  0.0507192  0.0359368  0.0377925  0.0400034  0.0393618  0.0315134  0.0290489  0.0400367  0.0579304  0.0730478  0.0587746  0.0437723  0.0357011  0.0314856  0.0264295  0.0259408  0.0311397  0.0340024  0.0388838  0.0380162  0.0367403  0.0336973  0.0331980  0.0344794  0.0422887  0.0406898  0.0422557
 1  0.1323154  0.1361319  0.1291038  0.0816233  0.0837451  0.1918806  0.1919147  0.2318546  0.2302958  0.2075026  0.1833475  0.1513721  0.1530210  0.1633853  0.1788148  0.1140562  0.0895247  0.0733656  0.0569438  0.1082713  0.1299158  0.2212316  0.3242544  0.2393389  0.2283435  0.1522197  0.1305471
 2  0.0251284  0.0246228  0.0232612  0.0154841  0.0158442  0.0350303  0.0338579  0.0394981  0.0400048  0.0341310  0.0288141  0.0257720  0.0285465  0.0314370  0.0344676  0.0205139  0.0118277  0.0108738  0.0099424  0.0219933  0.0306342  0.0576164  0.0756122  0.0433334  0.0351187  0.0242599  0.0201554
 3  0.1226001  0.1453819  0.1459209  0.1461428  0.1440283  0.1435497  0.1430157  0.1516182  0.1577243  0.1556293  0.1745226  0.1579797  0.1440887  0.1619264  0.1496973  0.1413401  0.1398590  0.1536537  0.1575321  0.1479692  0.1313941  0.1295858  0.1324974  0.1433480  0.1542300  0.1509228  0.1549985
 4  0.0466048  0.0421420  0.0361030  0.0348526  0.0377661  0.0383686  0.0402529  0.0386815  0.0413375  0.0434604  0.0446685  0.0346166  0.0336695  0.0379001  0.0389502  0.0544050  0.0524494  0.0392244  0.0312984  0.0283924  0.0256907  0.0325496  0.0407854  0.0448983  0.0444703  0.0405974  0.0459612
 1  0.1289129  0.1675016  0.1643064  0.1010939  0.0946335  0.1346006  0.1328373  0.0867157  0.0930937  0.0679165  0.0625806  0.0695873  0.0692347  0.0711491  0.0463135  0.1216202  0.1416175  0.2117414  0.2382704  0.2040173  0.2201354  0.3082779  0.4333929  0.1783306  0.1859419  0.0870344  0.0680195
 2  0.0243850  0.0304557  0.0296261  0.0180290  0.0164757  0.0239212  0.0252290  0.0175075  0.0187534  0.0130420  0.0120502  0.0136783  0.0133133  0.0106627  0.0075296  0.0230505  0.0307631  0.0457151  0.0438192  0.0363826  0.0416845  0.0613012  0.0853430  0.0335061  0.0283066  0.0131420  0.0116451
 3  0.1195341  0.1408913  0.1420869  0.1573744  0.1499301  0.1414588  0.1374974  0.1460150  0.1354827  0.1332743  0.1502657  0.1444268  0.1428098  0.1552403  0.1652679  0.1544874  0.1450447  0.1375438  0.1289799  0.1520267  0.1455346  0.1497326  0.1550505  0.1496086  0.1361769  0.1572276  0.1545639
 4  0.0452728  0.0387002  0.0362323  0.0386945  0.0379057  0.0361858  0.0295290  0.0325063  0.0368809  0.0356949  0.0356153  0.0338929  0.0559481  0.0524469  0.0386080  0.0272732  0.0340375  0.0454600  0.0402443  0.0376873  0.0300424  0.0336193  0.0344484  0.0384091  0.0436165  0.0382385  0.0324986
 1  0.1102676  0.0810587  0.0770233  0.1145167  0.1059970  0.1018381  0.0958678  0.1688055  0.2062467  0.2018011  0.2508810  0.1155712  0.1055485  0.1702658  0.1550345  0.0927046  0.0813513  0.0881183  0.0906329  0.1168936  0.0877186  0.0726469  0.0717343  0.1149242  0.1434317  0.1091830  0.0904773
 2  0.0212429  0.0151811  0.0145687  0.0205585  0.0194418  0.0184121  0.0174299  0.0334795  0.0445506  0.0454805  0.0448595  0.0195000  0.0190160  0.0293516  0.0271687  0.0160274  0.0143125  0.0168510  0.0180650  0.0194245  0.0146381  0.0131036  0.0142481  0.0255994  0.0354326  0.0214397  0.0160168
 3  0.1019949  0.1542481  0.1473816  0.1524571  0.1514155  0.1552619  0.1441123  0.1504044  0.1357780  0.1332077  0.1303495  0.1529934  0.1414393  0.1451676  0.1577407  0.1552051  0.1411424  0.1336614  0.1237532  0.1385303  0.1433210  0.1591562  0.1488468  0.1414058  0.1251244  0.1219405  0.1382094
 4  0.0398775  0.0409702  0.0389268  0.0405994  0.0388089  0.0397801  0.0357448  0.0287819  0.0254286  0.0397995  0.0409444  0.0371550  0.0325816  0.0412625  0.0420171  0.0399684  0.0365900  0.0311861  0.0424553  0.0470459  0.0366779  0.0344136  0.0299382  0.0284708  0.0375416  0.0457588  0.0371075
 1  0.1249681  0.1281330  0.1220784  0.3440282  0.5060626  0.2556021  0.2305602  0.1568735  0.1408361  0.1085628  0.1010127  0.0773392  0.0717664  0.1297312  0.1336678  0.0782323  0.0696289  0.0893095  0.0925845  0.0557454  0.0519448  0.0825737  0.0977112  0.0661879  0.0600614  0.0681525  0.0567691
 2  0.0235296  0.0232448  0.0222664  0.0666865  0.1016718  0.0408735  0.0342796  0.0246779  0.0237058  0.0195823  0.0165372  0.0133705  0.0139314  0.0259593  0.0255168  0.0140896  0.0129637  0.0174176  0.0184314  0.0108188  0.0105760  0.0184695  0.0226897  0.0136630  0.0115059  0.0119959  0.0099096
 3  0.1159195  0.1492712  0.1362631  0.1477869  0.1301388  0.2581983  0.1652976  0.1557167  0.1431301  0.1396600  0.1632991  0.1540300  0.1588368  0.1305219  0.1332508  0.1523488  0.1464908  0.1478275  0.1254788  0.1323515  0.1228647  0.1306610  0.1262235  0.1323602  0.1382682  0.1375673  0.1422747
 4  0.0433172  0.0393857  0.0339527  0.0271363  0.0316457  0.0369527  0.0369159  0.0327124  0.0318437  0.0382867  0.0418731  0.0300220  0.0314904  0.0337820  0.0366945  0.0382520  0.0312348  0.0327064  0.0318928  0.0345851  0.0369426  0.0254344  0.0336371  0.0382393  0.0421454  0.0386602  0.0361925
 1  0.1235830  0.1063336  0.1009756  0.1614442  0.1427317  0.1304256  0.1372039  0.1906907  0.2594427  0.0588605  0.0351803  0.0743156  0.0753260  0.1279197  0.1264254  0.2244694  0.2602085  0.3819341  0.5412221  0.3501608  0.2611953  0.3064346  0.3425484  0.2101401  0.2410444  0.1121873  0.0936215
 2  0.0244388  0.0200164  0.0188257  0.0280915  0.0232516  0.0229409  0.0271119  0.0422058  0.0558488  0.0085837  0.0054300  0.0131135  0.0150658  0.0260105  0.0234985  0.0422813  0.0493652  0.0724846  0.0992485  0.0481374  0.0386367  0.0496112  0.0599384  0.0376984  0.0400489  0.0185208  0.0138321
 3  0.1139036  0.1389109  0.1385920  0.1405466  0.1505849  0.1684385  0.1463733  0.1453140  0.1273629  0.1400674  0.1669084  0.1581669  0.1500024  0.1247201  0.1334728  0.1578376  0.1438308  0.1532583  0.1423472  0.1477438  0.1681240  0.1590435  0.1685369  0.2210270  0.2574556  0.1286171  0.1604944
 4  0.0466939  0.0399020  0.0402773  0.0407074  0.0392571  0.0339524  0.0270596  0.0290622  0.0509814  0.0455580  0.0381372  0.0340486  0.0336501  0.0406825  0.0402482  0.0376571  0.0326739  0.0337114  0.0377715  0.0460570  0.0370966  0.0302409  0.0313784  0.0418111  0.0397696  0.0401781  0.0446092
 1  0.1114495  0.0997521  0.0959152  0.1027040  0.1082409  0.0520908  0.0541024  0.0756038  0.0679388  0.0449827  0.0373354  0.0874867  0.0860441  0.1192521  0.1349258  0.2073789  0.2740882  0.3016411  0.4376606  0.2025338  0.1632928  0.0567147  0.0478071  0.1340898  0.1439348  0.1242233  0.0983154
 2  0.0220729  0.0191440  0.0183086  0.0201938  0.0212669  0.0105785  0.0104969  0.0142156  0.0113686  0.0075075  0.0067754  0.0165565  0.0171419  0.0249184  0.0292339  0.0459319  0.0620180  0.0679533  0.0771545  0.0312036  0.0226492  0.0089347  0.0085614  0.0262797  0.0280772  0.0212557  0.0157974
 3  0.1026403  0.1380475  0.1341881  0.1366942  0.1428498  0.1547153  0.1408976  0.1468819  0.1423737  0.1534425  0.1469961  0.1468437  0.1402518  0.1487148  0.1311456  0.1359151  0.1346746  0.1410295  0.1268641  0.1672970  0.1491476  0.1471771  0.1416559  0.1433131  0.1419215  0.1331756  0.1422477
 4  0.0426156  0.0350513  0.0351851  0.0332112  0.0340228  0.0375828  0.0376523  0.0432216  0.0439434  0.0398056  0.0341415  0.0379058  0.0324696  0.0329417  0.0307645  0.0285695  0.0264834  0.0366846  0.0408939  0.0398242  0.0411830  0.0338490  0.0311627  0.0346148  0.0414853  0.0444240  0.0408511
 1  0.1170474  0.1108915  0.1045233  0.0910759  0.0914980  0.0719612  0.0690165  0.1853022  0.2367793  0.0415427  0.0364167  0.0762565  0.0697305  0.1506481  0.1785946  0.1801872  0.2158476  0.1303892  0.1239603  0.1367191  0.1284294  0.1076028  0.0868486  0.0664790  0.0690570  0.0621961  0.0662084
 2  0.0222378  0.0203095  0.0193470  0.0172632  0.0168311  0.0131991  0.0135013  0.0392650  0.0473145  0.0078411  0.0061415  0.0132722  0.0128947  0.0307431  0.0389496  0.0392890  0.0457501  0.0245741  0.0221825  0.0243807  0.0217780  0.0174150  0.0149791  0.0125949  0.0146404  0.0138800  0.0147619
 3  0.1084871  0.1398189  0.1565146  0.1529610  0.1603919  0.1512623  0.1436663  0.1549918  0.1286241  0.1324584  0.1406125  0.1569696  0.1447596  0.1353220  0.1430747  0.1318671  0.1271249  0.1443066  0.1428203  0.1448865  0.1370651  0.1412172  0.1501540  0.1559660  0.1324250  0.1285066  0.1385322
 4  0.0409754  0.0397060  0.0407436  0.0369827  0.0404947  0.0361552  0.0297141  0.0341987  0.0347030  0.0399627  0.0431934  0.0399819  0.0315862  0.0282584  0.0320138  0.0305006  0.0309702  0.0388589  0.0378425  0.0391741  0.0389934  0.0397189  0.0347636  0.0307346  0.0299155  0.0302182  0.0404175
 1  0.1287303  0.1083194  0.1023435  0.2345050  0.2189887  0.4865352  0.7438396  0.3728450  0.3136358  0.3529592  0.3523855  0.5408932  0.6762755  0.3855395  0.2681167  0.2324758  0.2007681  0.1187246  0.1268545  0.0973136  0.1053160  0.0508074  0.0488832  0.1426570  0.1482649  0.1665560  0.1974668
 2  0.0248432  0.0199418  0.0187661  0.0396334  0.0363936  0.0870715  0.1053742  0.0483699  0.0488544  0.0553482  0.0535929  0.0837196  0.1009216  0.0507864  0.0305143  0.0328412  0.0336747  0.0220698  0.0250889  0.0200234  0.0217945  0.0101975  0.0094243  0.0275576  0.0295441  0.0349534  0.0387427
 3  0.1190409  0.1531592  0.1400594  0.1581635  0.1583244  0.1635217  0.1476162  0.1765523  0.1607796  0.1536242  0.1667598  0.1616934  0.1613110  0.1735029  0.1739464  0.1613604  0.1653822  0.1475130  0.1375651  0.1464763  0.1232083  0.1288307  0.1463484  0.1277424  0.1498292  0.1335504  0.1288220
 4  0.0466638  0.0392380  0.0413550  0.0417369  0.0350198  0.0386787  0.0448938  0.0420171  0.0344703  0.0381683  0.0406292  0.0382088  0.0386450  0.0585718  0.0509609  0.0347393  0.0330622  0.0307216  0.0327681  0.0346344  0.0319133  0.0352877  0.0382124  0.0301142  0.0327643  0.0319202  0.0393172
 1  0.1219628  0.1219804  0.1153609  0.1076637  0.1193277  0.0977546  0.0924141  0.0764796  0.0732285  0.0937806  0.0983668  0.1611559  0.1920128  0.1118436  0.1025261  0.0654057  0.0488702  0.0835671  0.0491106  0.1497492  0.1616208  0.2076970  0.3120684  0.1846569  0.2523618  0.1179173  0.1039349
 2  0.0230466  0.0222855  0.0212266  0.0207315  0.0248289  0.0191499  0.0169788  0.0140763  0.0139363  0.0185863  0.0206760  0.0357435  0.0375799  0.0210758  0.0153245  0.0101312  0.0074556  0.0111061  0.0072415  0.0263381  0.0333860  0.0500401  0.0826652  0.0474949  0.0522750  0.0205857  0.0171858
 3  0.1131144  0.1354969  0.1466368  0.1660589  0.1456695  0.1341951  0.1269691  0.1472278  0.1378295  0.1404572  0.1366333  0.1311489  0.1355843  0.1453559  0.1482735  0.1531821  0.1648172  0.1680985  0.1413821  0.1358258  0.1311872  0.1236494  0.1245475  0.1322524  0.1242022  0.1456105  0.1711303
 4  0.0426943  0.0375335  0.0333771  0.0335435  0.0337455  0.0382628  0.0342317  0.0338215  0.0336181  0.0293437  0.0313266  0.0346073  0.0387020  0.0480291  0.0481358  0.0447678  0.0617814  0.0570573  0.0388783  0.0277581  0.0254343  0.0230141  0.0280159  0.0377600  0.0380765  0.0388197  0.0460198
 1  0.1113715  0.0991147  0.0953978  0.1165411  0.1106218  0.1498534  0.1597052  0.2313661  0.2982068  0.1051290  0.0988427  0.0561551  0.0418750  0.0867393  0.0885802  0.1471831  0.1352535  0.1346306  0.1387597  0.1454322  0.1611391  0.1610104  0.0950457  0.1217577  0.1377393  0.1043813  0.1265232
 2  0.0213932  0.0185077  0.0178835  0.0211554  0.0202901  0.0279812  0.0308513  0.0472184  0.0625596  0.0201359  0.0169750  0.0087969  0.0069306  0.0158563  0.0181782  0.0281736  0.0236126  0.0243718  0.0266767  0.0287531  0.0335332  0.0226863  0.0144152  0.0220065  0.0289470  0.0241947  0.0302034
 3  0.1030635  0.1576449  0.1472908  0.1469488  0.1459098  0.1577651  0.1485126  0.1261976  0.1345242  0.1472055  0.1428013  0.1641037  0.1452652  0.1585731  0.1500876  0.1433931  0.1573439  0.1530301  0.1520648  0.1498226  0.1382490  0.1318319  0.1606472  0.1524155  0.1407030  0.1475917  0.1219680
 4  0.0401234  0.0407474  0.0387975  0.0402142  0.0353068  0.0366660  0.0317499  0.0265428  0.0316497  0.0427811  0.0407534  0.0447095  0.0369509  0.0320594  0.0358629  0.0472633  0.0428882  0.0334078  0.0331428  0.0331017  0.0545578  0.0496595  0.0370914  0.0269022  0.0275046  0.0309788  0.0297995
 1  0.1145158  0.0692925  0.0643931  0.0835880  0.0857114  0.2029532  0.2758757  0.0961658  0.0779627  0.0800276  0.0653685  0.0583352  0.0427034  0.0862589  0.0877156  0.0535879  0.0561527  0.0698028  0.0779129  0.0873943  0.0962749  0.0863041  0.0820635  0.0902847  0.1003962  0.0400695  0.0391849
 2  0.0226344  0.0130720  0.0121987  0.0161026  0.0174833  0.0446777  0.0599335  0.0168187  0.0134603  0.0132037  0.0114537  0.0093308  0.0071610  0.0159327  0.0174793  0.0112724  0.0125336  0.0160459  0.0177828  0.0195467  0.0211132  0.0172451  0.0162520  0.0192085  0.0205994  0.0080961  0.0081810
 3  0.1056338  0.1424086  0.1518941  0.1462674  0.1503188  0.1344410  0.1372300  0.1326734  0.1530648  0.1414691  0.1627832  0.1461925  0.1567091  0.1541366  0.1449637  0.1363466  0.1358970  0.1281741  0.1189893  0.1337325  0.1206314  0.1267806  0.1600474  0.1199736  0.1301732  0.1377278  0.1405802
 4  0.0427542  0.0399195  0.0368288  0.0336852  0.0304211  0.0281382  0.0403778  0.0393351  0.0384739  0.0375659  0.0447589  0.0439446  0.0418060  0.0369966  0.0346211  0.0316353  0.0323836  0.0315231  0.0302390  0.0317298  0.0341738  0.0364565  0.0342717  0.0279014  0.0367850  0.0335992  0.0316102
 1  0.1157815  0.0694723  0.0646403  0.0997934  0.1003387  0.1286492  0.1345588  0.0796051  0.0817847  0.1008721  0.1036461  0.0637703  0.0511873  0.0593884  0.0664151  0.1022482  0.1101759  0.0914621  0.0967190  0.1004137  0.1004343  0.0353499  0.0332702  0.0616395  0.0582859  0.0838664  0.0710649
 2  0.0229241  0.0132355  0.0123400  0.0192266  0.0193100  0.0249339  0.0265988  0.0159296  0.0164522  0.0209638  0.0179361  0.0103943  0.0091672  0.0121055  0.0155655  0.0243089  0.0243894  0.0190275  0.0195479  0.0196482  0.0196434  0.0068253  0.0067569  0.0125037  0.0110327  0.0147272  0.0130714
 3  0.1066490  0.1370959  0.1387744  0.1373937  0.1472130  0.1293288  0.1530307  0.1325028  0.1374940  0.1315895  0.1394204  0.1484652  0.1421326  0.1369611  0.1353651  0.1115814  0.1259732  0.1405096  0.1403370  0.1502795  0.1387063  0.1463882  0.1404060  0.1233549  0.1252649  0.1366049  0.1446898
 4  0.0440659  0.0376758  0.0357651  0.0331719  0.0377561  0.0337051  0.0323197  0.0337461  0.0303462  0.0438887  0.0479486  0.0387437  0.0292342  0.0266082  0.0272808  0.0346272  0.0358666  0.0339697  0.0362873  0.0364068  0.0355705  0.0347117  0.0314025  0.0355829  0.0400937  0.0373900  0.0304757
 1  0.1290325  0.0987184  0.0914338  0.0901371  0.0767945  0.1075833  0.0916103  0.1052993  0.1243400  0.0971290  0.1067424  0.1401414  0.1473627  0.0907200  0.0911803  0.1524964  0.1888496  0.1614596  0.1388361  0.0612836  0.0398606  0.0449864  0.0424780  0.1117205  0.1238983  0.1814525  0.2475906
 2  0.0246445  0.0180101  0.0167669  0.0157517  0.0127366  0.0175581  0.0163186  0.0212400  0.0281641  0.0221951  0.0231895  0.0289047  0.0276841  0.0168268  0.0183685  0.0333874  0.0413564  0.0296143  0.0220120  0.0086171  0.0062691  0.0080081  0.0079801  0.0228121  0.0275590  0.0430317  0.0592947
 3  0.1195162  0.1420694  0.1465582  0.1452832  0.1451517  0.1562348  0.1552075  0.1499365  0.1256326  0.1377906  0.1265998  0.1137580  0.1564983  0.1646384  0.1391032  0.1329353  0.1386559  0.1488136  0.1581785  0.1589649  0.1484539  0.1611798  0.1485433  0.1368843  0.1422962  0.1303093  0.1203794
 4  0.0458670  0.0422534  0.0408248  0.0420605  0.0406203  0.0402636  0.0337243  0.0270495  0.0297723  0.0361821  0.0355548  0.0337668  0.0404573  0.0328788  0.0283049  0.0297780  0.0374748  0.0465280  0.0524092  0.0469946  0.0370424  0.0397927  0.0368533  0.0313349  0.0289449  0.0287694  0.0306477
 1  0.1183230  0.0823829  0.0767826  0.1727233  0.1976939  0.1467381  0.1602073  0.1158706  0.0962147  0.0525895  0.0447907  0.1294360  0.1461845  0.1586880  0.1783976  0.0871644  0.0832506  0.1323518  0.1144090  0.1046763  0.0937504  0.1418009  0.1456053  0.1265971  0.1455386  0.0606636  0.0519481
 2  0.0224026  0.0152347  0.0143892  0.0338535  0.0385254  0.0282566  0.0308210  0.0198251  0.0158365  0.0088346  0.0080565  0.0255749  0.0317696  0.0348234  0.0345853  0.0160201  0.0154172  0.0233747  0.0179607  0.0172740  0.0169907  0.0265067  0.0287318  0.0268625  0.0292792  0.0109974  0.0093824
 3  0.1097152  0.1415254  0.1336563  0.1444047  0.1377514  0.1614141  0.1442403  0.1534064  0.1464102  0.1552869  0.1536549  0.1419827  0.1505015  0.1267175  0.1324712  0.1598773  0.1438773  0.1524811  0.1439449  0.1657411  0.1659325  0.1447532  0.1515325  0.1301818  0.1248738  0.1415647  0.1576620
 4  0.0420017  0.0405698  0.0329514  0.0335232  0.0324180  0.0362599  0.0401160  0.0463580  0.0405523  0.0389415  0.0338636  0.0300039  0.0284006  0.0367760  0.0389528  0.0387973  0.0371637  0.0484200  0.0418484  0.0396133  0.0370324  0.0360354  0.0335539  0.0326092  0.0392871  0.0387988  0.0377413
 1  0.1082802  0.1142389  0.1103233  0.0908470  0.1005524  0.2040282  0.2673840  0.1247491  0.1104987  0.0492767  0.0321264  0.0855521  0.0900034  0.2130748  0.2791176  0.2067642  0.2093572  0.0424508  0.0318568  0.1182951  0.1273290  0.3239312  0.4106984  0.1677586  0.1448666  0.1623934  0.1149367
 2  0.0206362  0.0212219  0.0206677  0.0179828  0.0210077  0.0446493  0.0589119  0.0232559  0.0186114  0.0071783  0.0051442  0.0158418  0.0188456  0.0481259  0.0625909  0.0411799  0.0333817  0.0064930  0.0053462  0.0221093  0.0256926  0.0656580  0.0752343  0.0278070  0.0204812  0.0227571  0.0173785
 3  0.1003378  0.1460567  0.1371986  0.1547681  0.1591021  0.1167154  0.1415920  0.1295603  0.1388460  0.1283907  0.1650846  0.1431914  0.1462583  0.1295648  0.1241902  0.1302207  0.1252146  0.1628343  0.1665346  0.1596448  0.1470062  0.1271704  0.1471387  0.1698477  0.1396466  0.1675444  0.1658479
 4  0.0383101  0.0381277  0.0324596  0.0324430  0.0301480  0.0266401  0.0335114  0.0389548  0.0452117  0.0399982  0.0336121  0.0259416  0.0307604  0.0292948  0.0289768  0.0411816  0.0415756  0.0397817  0.0337076  0.0350662  0.0344563  0.0339360  0.0385697  0.0507269  0.0479516  0.0475143  0.0411845
 1  0.1326288  0.1176636  0.1088381  0.1320832  0.1455773  0.1102046  0.0947223  0.1536615  0.1471308  0.1994171  0.2627788  0.0936118  0.0953666  0.1002864  0.0894723  0.0915520  0.0701939  0.1035542  0.0988137  0.1783818  0.2255881  0.1937230  0.2010144  0.1093847  0.1148045  0.0754716  0.0729713
 2  0.0249980  0.0212418  0.0198023  0.0253775  0.0286635  0.0198960  0.0151068  0.0257223  0.0273498  0.0415936  0.0557342  0.0188992  0.0186471  0.0185884  0.0144162  0.0146992  0.0106392  0.0174859  0.0192479  0.0382794  0.0476137  0.0373648  0.0373983  0.0207552  0.0225962  0.0147380  0.0142477
 3  0.1230205  0.1340168  0.1359569  0.1497204  0.1523127  0.1442846  0.1623359  0.1420167  0.1467546  0.1417024  0.1398374  0.1342979  0.1370556  0.1367534  0.1426200  0.1471449  0.1551200  0.1557657  0.1603729  0.1530245  0.1312253  0.1311398  0.1363085  0.1354633  0.1386523  0.1389692  0.1486235
 4  0.0462208  0.0363784  0.0306216  0.0304477  0.0384792  0.0462890  0.0471663  0.0357081  0.0260119  0.0292371  0.0356601  0.0324391  0.0346139  0.0448709  0.0433047  0.0436838  0.0425236  0.0359075  0.0330703  0.0355522  0.0367986  0.0351633  0.0346068  0.0335695  0.0343712  0.0368483  0.0325560
 1  0.1083181  0.1140063  0.1105982  0.0622311  0.0614299  0.0841702  0.0904979  0.0988986  0.1017437  0.0456174  0.0379823  0.0744141  0.0693680  0.0717935  0.0760407  0.0910013  0.0922429  0.0670886  0.0791350  0.0789917  0.0908487  0.0447451  0.0399659  0.0950408  0.1017309  0.0994014  0.0825928
 2  0.0208560  0.0213050  0.0207591  0.0118433  0.0119580  0.0170439  0.0182288  0.0203897  0.0174837  0.0076215  0.0070152  0.0137976  0.0134228  0.0147795  0.0159242  0.0184101  0.0189964  0.0149602  0.0186944  0.0189295  0.0221409  0.0092916  0.0078019  0.0189344  0.0213980  0.0181707  0.0147000
 3  0.1001866  0.1496304  0.1487595  0.1453791  0.1343345  0.1532375  0.1516324  0.1378968  0.1372399  0.1507843  0.1623451  0.1523588  0.1413543  0.1456782  0.1302255  0.1420972  0.1315835  0.1402754  0.1365843  0.1270868  0.1152007  0.1162465  0.1509326  0.1460069  0.1238866  0.1341955  0.1503085
 4  0.0388983  0.0387558  0.0379678  0.0373746  0.0324070  0.0369418  0.0342611  0.0421147  0.0484779  0.0367838  0.0375852  0.0398582  0.0336745  0.0358902  0.0374901  0.0386433  0.0301800  0.0267560  0.0287730  0.0282174  0.0308134  0.0374355  0.0348545  0.0314380  0.0344946  0.0461427  0.0360014
 1  0.1220607  0.3689111  0.4514698  0.2920304  0.3340580  0.2589522  0.2598425  0.1590795  0.1075640  0.0887228  0.0842940  0.1413601  0.1289171  0.1424950  0.1398207  0.1003773  0.1127129  0.1080321  0.0948634  0.2469097  0.3040652  0.1534158  0.0841593  0.1230107  0.1355143  0.1563998  0.2084928
 2  0.0234936  0.0679193  0.0765855  0.0485129  0.0565864  0.0426268  0.0438165  0.0226288  0.0164625  0.0151384  0.0153112  0.0252852  0.0223451  0.0252303  0.0261658  0.0207976  0.0220527  0.0191787  0.0173165  0.0474709  0.0607879  0.0200266  0.0123652  0.0216193  0.0279563  0.0367596  0.0495275
 3  0.1129126  0.1503188  0.1468168  0.1650742  0.1403136  0.1375459  0.1603588  0.1301910  0.1521331  0.1701631  0.1426893  0.1511892  0.1439714  0.1509831  0.1524766  0.1403152  0.1290193  0.1492658  0.1629131  0.1362432  0.1619325  0.1532623  0.1687409  0.1583482  0.1432628  0.1419144  0.1239493
 4  0.0437848  0.0406058  0.0359396  0.0338624  0.0324871  0.0321218  0.0414053  0.0425287  0.0346544  0.0346467  0.0387252  0.0407295  0.0373378  0.0350242  0.0306796  0.0314385  0.0426162  0.0419490  0.0370490  0.0278750  0.0553816  0.0544666  0.0403200  0.0285714  0.0254781  0.0302882  0.0325071
 1  0.1223909  0.0534962  0.0482148  0.0640045  0.0522956  0.1071550  0.1102846  0.1142086  0.1183591  0.1565900  0.1655563  0.3052330  0.4538708  0.4397097  0.7069950  0.1881312  0.1226133  0.0272435  0.0130980  0.0429641  0.0352143  0.0974992  0.1064244  0.1593518  0.1943295  0.1154322  0.1072091
 2  0.0234945  0.0099101  0.0090871  0.0109836  0.0093007  0.0201800  0.0207292  0.0220190  0.0233501  0.0305061  0.0321347  0.0626617  0.0957598  0.0821648  0.1165912  0.0222173  0.0116021  0.0030073  0.0018683  0.0068370  0.0063263  0.0195626  0.0234352  0.0371526  0.0367682  0.0201123  0.0197885
 3  0.1132614  0.1388047  0.1344746  0.1507476  0.1644368  0.1537899  0.1471730  0.1485743  0.1449323  0.1402518  0.1494719  0.1468840  0.1407413  0.2684994  0.4430470  0.9990000  0.1611041  0.1737162  0.1940392  0.1564300  0.1527048  0.1440970  0.1486264  0.1393608  0.1381318  0.1591467  0.1602391
 4  0.0441167  0.0370152  0.0401546  0.0432142  0.0377364  0.0373561  0.0389530  0.0337039  0.0340764  0.0369542  0.0322136  0.0304943  0.0277402  0.0396501  0.0547101  0.0764779  0.0586865  0.0461812  0.0420113  0.0348519  0.0370696  0.0321334  0.0310555  0.0407210  0.0462143  0.0390418  0.0328968
 1  0.1338174  0.0269737  0.0236904  0.0740653  0.0735835  0.0647234  0.0583246  0.0567140  0.0529363  0.0476364  0.0424169  0.0565796  0.0621053  0.0904000  0.1131777  0.0652824  0.0555350  0.1451519  0.1549322  0.1454754  0.1463286  0.1108078  0.1020581  0.1404834  0.1563460  0.2470624  0.3134890
 2  0.0253898  0.0049197  0.0044077  0.0142272  0.0143412  0.0122278  0.0104739  0.0107956  0.0086890  0.0082683  0.0081035  0.0118747  0.0145998  0.0234890  0.0284862  0.0127329  0.0105323  0.0279346  0.0303664  0.0277530  0.0285927  0.0203996  0.0183457  0.0272121  0.0318109  0.0514066  0.0628596
 3  0.1239903  0.1540657  0.1403376  0.1416174  0.1400027  0.1309241  0.1505077  0.1459666  0.1347994  0.1448789  0.1448944  0.1390182  0.1496727  0.1209965  0.1178471  0.1198234  0.1554031  0.1346630  0.1292432  0.1405522  0.1528474  0.1430178  0.1421306  0.1360964  0.1308254  0.1363668  0.1336098
 4  0.0476223  0.0398196  0.0341338  0.0357067  0.0342565  0.0392276  0.0389686  0.0435116  0.0432180  0.0375812  0.0306177  0.0304093  0.0285850  0.0276936  0.0419968  0.0397392  0.0396246  0.0320203  0.0319251  0.0366001  0.0378726  0.0410087  0.0361465  0.0306821  0.0319655  0.0314548  0.0321593
 1  0.1259169  0.0831957  0.0752491  0.0722183  0.0612955  0.1048476  0.1183580  0.1555669  0.1525960  0.1392768  0.1528491  0.2136369  0.2603061  0.1045631  0.0951510  0.1256038  0.1167650  0.2463135  0.2951538  0.2240762  0.2393651  0.1166001  0.0860498  0.1215427  0.1057565  0.1127622  0.0960610
 2  0.0239017  0.0150352  0.0138354  0.0124199  0.0110742  0.0208640  0.0237458  0.0294126  0.0283071  0.0266709  0.0308885  0.0448950  0.0506389  0.0185188  0.0168263  0.0220696  0.0216913  0.0482365  0.0529084  0.0396355  0.0432036  0.0184810  0.0129312  0.0198780  0.0171379  0.0182843  0.0173764
 3  0.1166749  0.1399541  0.1400942  0.1536834  0.1515658  0.1551107  0.1374076  0.1398485  0.1448496  0.1470104  0.1301154  0.1314534  0.1262958  0.1588424  0.1440934  0.1404380  0.1485516  0.1485964  0.1330416  0.1412093  0.1446291  0.1475863  0.1540509  0.1548555  0.1506144  0.1592809  0.1550906
 4  0.0437607  0.0395286  0.0381441  0.0409347  0.0324055  0.0333386  0.0358573  0.0390564  0.0349247  0.0315582  0.0287183  0.0319542  0.0355645  0.0396667  0.0344922  0.0326084  0.0358384  0.0341584  0.0351426  0.0307704  0.0378047  0.0475069  0.0433143  0.0406304  0.0445557  0.0415800  0.0326527
 1  0.1118120  0.1818013  0.1882194  0.1120725  0.1175422  0.1198062  0.1033327  0.1771957  0.1748788  0.1893637  0.1473691  0.1231329  0.1442784  0.2069439  0.2656106  0.2046084  0.2415108  0.1048784  0.0990470  0.0698148  0.0704259  0.0941358  0.0937420  0.0652102  0.0508769  0.0520399  0.0523774
 2  0.0220355  0.0345272  0.0348418  0.0212594  0.0219628  0.0204747  0.0184050  0.0320099  0.0274048  0.0277803  0.0242651  0.0235612  0.0294193  0.0444533  0.0586481  0.0425991  0.0473456  0.0190659  0.0187091  0.0136481  0.0144600  0.0190440  0.0188634  0.0112330  0.0088830  0.0099656  0.0102622
 3  0.1031050  0.1433105  0.1410865  0.1466721  0.1460311  0.1436206  0.1563761  0.1713605  0.1457082  0.1688081  0.1586586  0.1599191  0.1325209  0.1367744  0.1410371  0.1245184  0.1463026  0.1431154  0.1490924  0.1280233  0.1288081  0.1326634  0.1403772  0.1433759  0.1330929  0.1520733  0.1351629
 4  0.0419424  0.0368889  0.0346375  0.0340636  0.0417539  0.0376077  0.0369270  0.0465004  0.0513989  0.0466003  0.0337438  0.0311444  0.0320327  0.0324700  0.0281661  0.0339223  0.0367752  0.0314858  0.0332459  0.0288215  0.0314327  0.0297174  0.0408312  0.0395305  0.0291275  0.0351824  0.0335305
 1  0.1216805  0.1436062  0.1380757  0.1113595  0.1186653  0.1019673  0.1018388  0.0705966  0.0613208  0.1308543  0.1317537  0.2305005  0.2973345  0.2069006  0.1900436  0.1708911  0.1594591  0.0828918  0.0702747  0.1234806  0.1354726  0.1720392  0.1529652  0.1836447  0.1743055  0.2364748  0.3012866
 2  0.0233076  0.0264306  0.0253574  0.0211913  0.0229902  0.0198720  0.0175252  0.0119740  0.0105640  0.0237924  0.0254461  0.0471496  0.0634960  0.0371159  0.0320220  0.0284387  0.0266936  0.0138564  0.0123996  0.0242457  0.0262113  0.0305075  0.0254031  0.0306753  0.0310051  0.0456049  0.0612633
 3  0.1125661  0.1294621  0.1498652  0.1543089  0.1308958  0.1578480  0.1386473  0.1775097  0.1509733  0.1437713  0.1500237  0.1458982  0.1491992  0.1488163  0.1685341  0.1688776  0.1428035  0.1445620  0.1540922  0.1395768  0.1291926  0.1416058  0.1578509  0.1488832  0.1760775  0.1486449  0.1338481
 4  0.0435238  0.0386088  0.0378864  0.0339081  0.0300806  0.0415464  0.0430696  0.0447520  0.0371097  0.0351606  0.0332314  0.0297463  0.0365535  0.0420577  0.0402879  0.0403252  0.0383108  0.0392584  0.0343185  0.0312083  0.0402734  0.0436337  0.0435841  0.0381069  0.0363797  0.0320746  0.0415559
 1  0.1291358  0.0873879  0.0795540  0.1006624  0.0940448  0.1692925  0.1831518  0.2273412  0.2799829  0.1835858  0.1908314  0.1238609  0.0738390  0.1185002  0.1279106  0.1410830  0.1580074  0.0691787  0.0717939  0.0627852  0.0596468  0.1097287  0.1157146  0.0825431  0.0800845  0.1175419  0.1315546
 2  0.0246433  0.0158362  0.0145755  0.0180066  0.0172617  0.0316956  0.0349608  0.0453595  0.0535994  0.0339867  0.0332201  0.0165670  0.0113968  0.0212145  0.0255938  0.0299101  0.0322936  0.0139158  0.0144735  0.0122665  0.0119068  0.0223093  0.0233339  0.0160095  0.0160068  0.0246107  0.0261554
 3  0.1195893  0.1440666  0.1539070  0.1574786  0.1525326  0.1587595  0.1422326  0.1362985  0.1427877  0.1340198  0.1391806  0.1406245  0.1732206  0.1632886  0.1448273  0.1316069  0.1134147  0.1578796  0.1389158  0.1358303  0.1397821  0.1372537  0.1276592  0.1438266  0.1336933  0.1469145  0.1279888
 4  0.0454104  0.0398370  0.0388405  0.0383103  0.0370422  0.0353087  0.0317455  0.0287049  0.0338593  0.0375046  0.0455390  0.0458003  0.0398817  0.0315634  0.0320365  0.0326854  0.0309588  0.0344253  0.0317848  0.0358696  0.0323017  0.0338623  0.0346499  0.0358076  0.0298560  0.0348313  0.0328047
 1  0.1456978  0.1264619  0.1160938  0.1743895  0.1745722  0.1139123  0.1033140  0.1664696  0.1451461  0.1863274  0.2372025  0.1223560  0.1146640  0.0763104  0.0819700  0.1150575  0.1251980  0.0918711  0.0966564  0.0848395  0.0853497  0.0612724  0.0545162  0.0361036  0.0289899  0.1048327  0.1165943
 2  0.0272533  0.0224436  0.0206363  0.0307449  0.0312452  0.0208138  0.0150909  0.0256955  0.0254153  0.0371127  0.0516184  0.0238963  0.0216200  0.0149959  0.0169362  0.0241834  0.0258274  0.0189816  0.0195213  0.0170161  0.0173541  0.0121319  0.0089357  0.0059011  0.0053246  0.0212264  0.0258542
 3  0.1352938  0.1436271  0.1529219  0.1580012  0.1436842  0.1546272  0.1637005  0.1646523  0.1618395  0.1385710  0.1424063  0.1331121  0.1445246  0.1424438  0.1347095  0.1469938  0.1330934  0.1253092  0.1376571  0.1245405  0.1386351  0.1296154  0.1341273  0.1469602  0.1386012  0.1365046  0.1225155
 4  0.0503031  0.0378822  0.0371034  0.0396232  0.0335163  0.0452348  0.0522436  0.0402138  0.0316646  0.0265118  0.0329664  0.0409784  0.0356199  0.0289802  0.0309667  0.0327641  0.0312543  0.0298061  0.0310255  0.0286366  0.0358130  0.0444739  0.0446905  0.0353102  0.0286381  0.0293720  0.0395993
 1  0.1394635  0.1955862  0.1907835  0.1812749  0.1934259  0.1593203  0.1728583  0.1385056  0.1443961  0.0836208  0.0593345  0.0963880  0.0976393  0.0871857  0.0900215  0.0837560  0.0895210  0.0510240  0.0483750  0.0902368  0.0827217  0.1245794  0.1379532  0.1169481  0.1124650  0.1533706  0.1851836
 2  0.0258566  0.0346084  0.0334546  0.0325883  0.0347500  0.0293933  0.0341603  0.0276216  0.0268107  0.0129221  0.0097385  0.0176434  0.0180761  0.0170662  0.0193261  0.0183876  0.0183116  0.0103288  0.0083833  0.0158872  0.0151391  0.0246905  0.0283987  0.0228280  0.0217841  0.0312058  0.0408904
 3  0.1297000  0.1378005  0.1388073  0.1501924  0.1268934  0.1464927  0.1299730  0.1204291  0.1413359  0.1502817  0.1601743  0.1503759  0.1349569  0.1352864  0.1482992  0.1322216  0.1384567  0.1441834  0.1473455  0.1435598  0.1520049  0.1406763  0.1219740  0.1316495  0.1424071  0.1432100  0.1407535
 4  0.0471594  0.0399569  0.0335366  0.0408159  0.0319490  0.0300013  0.0272477  0.0321847  0.0422831  0.0414761  0.0359071  0.0352947  0.0373717  0.0303393  0.0305913  0.0330914  0.0360890  0.0413444  0.0411334  0.0373044  0.0346720  0.0336673  0.0332770  0.0350076  0.0315206  0.0289976  0.0272755
 1  0.1220500  0.1965221  0.2016560  0.1742277  0.2027785  0.1026502  0.0845676  0.1359148  0.1248277  0.1226262  0.1262376  0.1467508  0.1427033  0.2923978  0.3791624  0.3464848  0.2560288  0.1454354  0.1516743  0.2260267  0.2279851  0.1117201  0.1069939  0.1804887  0.1927954  0.0872173  0.0774107
 2  0.0232430  0.0360705  0.0363132  0.0330881  0.0374935  0.0169100  0.0145518  0.0234537  0.0212768  0.0225158  0.0240606  0.0272989  0.0263027  0.0561300  0.0754380  0.0506814  0.0382006  0.0247417  0.0278099  0.0404924  0.0409082  0.0200708  0.0194816  0.0345092  0.0330952  0.0146666  0.0144490
 3  0.1131263  0.1501482  0.1437668  0.1571179  0.1463968  0.1572232  0.1641779  0.1575524  0.1477963  0.1510319  0.1416939  0.1397286  0.1589481  0.1362780  0.1301672  0.1288718  0.1682663  0.1553070  0.1668846  0.1367940  0.1524406  0.1390880  0.1512755  0.1423666  0.1377597  0.1567102  0.1666827
 4  0.0431712  0.0383766  0.0322747  0.0360177  0.0416660  0.0404498  0.0380897  0.0394372  0.0362831  0.0326432  0.0366085  0.0354849  0.0402073  0.0303182  0.0391073  0.0453257  0.0386663  0.0310687  0.0393059  0.0382085  0.0375786  0.0330479  0.0347437  0.0371156  0.0410964  0.0373608  0.0293887
 1  0.1033990  0.1919849  0.2019970  0.2020284  0.2017378  0.1818268  0.1586549  0.0918447  0.1013822  0.0577928  0.0571717  0.0876981  0.0937234  0.0328288  0.0327299  0.1117087  0.1207632  0.1594564  0.1856591  0.1686761  0.1625277  0.1469024  0.1441483  0.0982872  0.0920495  0.0379176  0.0296525
 2  0.0201090  0.0364634  0.0376540  0.0359504  0.0342326  0.0289353  0.0267327  0.0172189  0.0214161  0.0123366  0.0117680  0.0182999  0.0190163  0.0067677  0.0065882  0.0230887  0.0253733  0.0342522  0.0386817  0.0317700  0.0286964  0.0261197  0.0259567  0.0183425  0.0156994  0.0061570  0.0052266
 3  0.0955240  0.1378844  0.1547101  0.1441755  0.1588703  0.1642049  0.1541343  0.1666596  0.1451353  0.1206695  0.1252114  0.1262335  0.1520830  0.1347222  0.1417760  0.1253146  0.1393708  0.1153670  0.1370548  0.1334831  0.1386113  0.1452487  0.1271167  0.1308412  0.1410784  0.1643316  0.1470064
 4  0.0379955  0.0394903  0.0417574  0.0390790  0.0439065  0.0423607  0.0330196  0.0302347  0.0290117  0.0334896  0.0327561  0.0330900  0.0358566  0.0319250  0.0337696  0.0318344  0.0298218  0.0311980  0.0360556  0.0352273  0.0372617  0.0350919  0.0320500  0.0377794  0.0443569  0.0429069  0.0352244
 1  0.1289827  0.1373227  0.1317301  0.0726495  0.0520268  0.0963638  0.1091351  0.1438120  0.0932063  0.1034655  0.1002056  0.1180968  0.1434331  0.1443367  0.1643906  0.1715909  0.1688452  0.1185290  0.0816713  0.1067264  0.1084274  0.1165648  0.1281325  0.1211714  0.1455407  0.1736031  0.2170545
 2  0.0254748  0.0256448  0.0241685  0.0112919  0.0085944  0.0183192  0.0236477  0.0229489  0.0138854  0.0174143  0.0187795  0.0249604  0.0341726  0.0338055  0.0336186  0.0311597  0.0301327  0.0176489  0.0126584  0.0186692  0.0211132  0.0239990  0.0274947  0.0269223  0.0333938  0.0397809  0.0460173
 3  0.1188967  0.1330553  0.1417893  0.1448778  0.1620232  0.1507384  0.1449638  0.1290101  0.1639115  0.1603281  0.1407961  0.1451618  0.1223670  0.1295085  0.1517449  0.1548260  0.1548031  0.1546163  0.1681637  0.1645690  0.1500563  0.1392929  0.1467123  0.1330381  0.1328779  0.1321752  0.1393155
 4  0.0485996  0.0356886  0.0444319  0.0437312  0.0358674  0.0281168  0.0486939  0.0548145  0.0444027  0.0361189  0.0298304  0.0306768  0.0280727  0.0411947  0.0454995  0.0439900  0.0468641  0.0517445  0.0427499  0.0363976  0.0357850  0.0350189  0.0345533  0.0293058  0.0293513  0.0316436  0.0406429
 1  0.1303734  0.1968530  0.1971454  0.3771952  0.5077957  0.2014735  0.2037491  0.1005554  0.0763701  0.0927999  0.0838443  0.1092818  0.1294744  0.1239114  0.0876402  0.1063359  0.0967280  0.1935238  0.2586039  0.2893252  0.1504313  0.1436127  0.1546933  0.2186308  0.2624461  0.1526918  0.1879073
 2  0.0246442  0.0358230  0.0353716  0.0687552  0.0923423  0.0342234  0.0268836  0.0145175  0.0120656  0.0157109  0.0156950  0.0229911  0.0294455  0.0218230  0.0126255  0.0170292  0.0179233  0.0413271  0.0595049  0.0371743  0.0205482  0.0238446  0.0305236  0.0455918  0.0544151  0.0323480  0.0385769
 3  0.1208495  0.1311573  0.1386043  0.1425282  0.1588589  0.2731811  0.1493257  0.1747073  0.1582430  0.1450030  0.1425206  0.1493325  0.1421053  0.1259680  0.1605833  0.1666835  0.1515452  0.1302251  0.1388727  0.1377765  0.1636937  0.1773515  0.1455379  0.1294993  0.1455334  0.1360254  0.1265768
 4  0.0458997  0.0403597  0.0351164  0.0303796  0.0303940  0.0458357  0.0478276  0.0399917  0.0382366  0.0319904  0.0288976  0.0259091  0.0419977  0.0511179  0.0464573  0.0369797  0.0263551  0.0249155  0.0633494  0.0575818  0.0421038  0.0332659  0.0292228  0.0340578  0.0311708  0.0308934  0.0313118
 1  0.1268093  0.1470103  0.1437287  0.1218809  0.1289603  0.1344935  0.1344572  0.1670323  0.1935439  0.0798686  0.0554442  0.0921325  0.0990080  0.1083359  0.1153991  0.1543812  0.1543591  0.1322144  0.1312731  0.2282749  0.2952003  0.1436792  0.1443901  0.1071793  0.0643890  0.1654711  0.1819301
 2  0.0247688  0.0274311  0.0263210  0.0230641  0.0245957  0.0250976  0.0255840  0.0333097  0.0371321  0.0123308  0.0092020  0.0173062  0.0199671  0.0228565  0.0233506  0.0299090  0.0266848  0.0233377  0.0253872  0.0471558  0.0600548  0.0270244  0.0258888  0.0146743  0.0097796  0.0290601  0.0352582
 3  0.1170336  0.1396160  0.1497797  0.1446300  0.1420692  0.1377170  0.1438251  0.1453178  0.1427142  0.1374674  0.1603490  0.1536585  0.1322031  0.1306162  0.1337384  0.1370798  0.1330333  0.1543767  0.1488792  0.1512419  0.1443807  0.1614608  0.1472291  0.1519177  0.1673420  0.1659988  0.1489207
 4  0.0472314  0.0399032  0.0378610  0.0324521  0.0338283  0.0335000  0.0316609  0.0333732  0.0427555  0.0396297  0.0347584  0.0300908  0.0303883  0.0344026  0.0362550  0.0398476  0.0375242  0.0326575  0.0293281  0.0307367  0.0353177  0.0354048  0.0504570  0.0468451  0.0369139  0.0316729  0.0376167
 1  0.1361934  0.1643699  0.1598925  0.1399869  0.1449758  0.1869683  0.1841544  0.1454699  0.0947074  0.1046336  0.1079930  0.0875539  0.0774656  0.0992220  0.1028597  0.1515611  0.2013622  0.2330959  0.2782944  0.0808765  0.0735690  0.1060112  0.0994936  0.2420434  0.1743323  0.1866262  0.2030512
 2  0.0264105  0.0301796  0.0286838  0.0254766  0.0275926  0.0340247  0.0324985  0.0206830  0.0144432  0.0183235  0.0218551  0.0171651  0.0136279  0.0183838  0.0206810  0.0339964  0.0479114  0.0522780  0.0512587  0.0141274  0.0123256  0.0186659  0.0181102  0.0359206  0.0274563  0.0327588  0.0374720
 3  0.1257440  0.1417675  0.1396210  0.1503000  0.1591050  0.1350717  0.1463522  0.1407162  0.1608918  0.1561358  0.1528346  0.1261981  0.1404264  0.1604435  0.1560376  0.1441531  0.1313995  0.1205697  0.1415964  0.1567636  0.1467932  0.1493571  0.1433535  0.1380100  0.1606401  0.1531126  0.1514232
 4  0.0501259  0.0387429  0.0348708  0.0340951  0.0368682  0.0357361  0.0442666  0.0453911  0.0401864  0.0296726  0.0364850  0.0418327  0.0418433  0.0364817  0.0299945  0.0271830  0.0315493  0.0413527  0.0372302  0.0384212  0.0360793  0.0345344  0.0510346  0.0443488  0.0375442  0.0341930  0.0378542
 1  0.1185326  0.1130652  0.1053726  0.0590505  0.0608604  0.1848196  0.2293106  0.0908034  0.0599102  0.1158081  0.1204559  0.1084498  0.1139151  0.1464342  0.1660673  0.2558019  0.2989528  0.0903646  0.0738674  0.1156808  0.1234183  0.0976144  0.0967955  0.2027730  0.2560112  0.1875765  0.1556301
 2  0.0227503  0.0208344  0.0195833  0.0113985  0.0127397  0.0407983  0.0456393  0.0134788  0.0093945  0.0206896  0.0225350  0.0214410  0.0227465  0.0298762  0.0332681  0.0513528  0.0491892  0.0140495  0.0130649  0.0223495  0.0240361  0.0188347  0.0195937  0.0430289  0.0511676  0.0310788  0.0260805
 3  0.1096772  0.1253352  0.1516029  0.1434768  0.1522237  0.1232363  0.1373143  0.1468132  0.1585309  0.1610186  0.1365626  0.1446763  0.1537631  0.1471770  0.1423393  0.1318944  0.1402284  0.1598136  0.1556537  0.1462131  0.1457704  0.1398428  0.1544100  0.1338560  0.1318707  0.1354911  0.1406605
 4  0.0422451  0.0337450  0.0356634  0.0315382  0.0289655  0.0320524  0.0492889  0.0476502  0.0378056  0.0319233  0.0340317  0.0385907  0.0376640  0.0324894  0.0335900  0.0383839  0.0444369  0.0374599  0.0337190  0.0345561  0.0394731  0.0363921  0.0293594  0.0317869  0.0415207  0.0414226  0.0298111
 1  0.1320631  0.0939170  0.0856488  0.0647221  0.0426589  0.1006845  0.1095269  0.0854552  0.0955573  0.1281395  0.1490730  0.1622414  0.1607298  0.0985663  0.0917056  0.1455735  0.1562496  0.0957468  0.0912183  0.0533490  0.0534534  0.0264791  0.0234799  0.0665069  0.0636856  0.1326860  0.1381277
 2  0.0255619  0.0171283  0.0156882  0.0095389  0.0068786  0.0185360  0.0224711  0.0189914  0.0204965  0.0272353  0.0323463  0.0319786  0.0284655  0.0172621  0.0171042  0.0283475  0.0315311  0.0184386  0.0174658  0.0106611  0.0101204  0.0049448  0.0046374  0.0130488  0.0124247  0.0259718  0.0281925
 3  0.1220465  0.1364728  0.1534312  0.1546513  0.1692282  0.1608690  0.1309017  0.1340335  0.1256981  0.1493770  0.1299327  0.1503113  0.1377445  0.1527871  0.1493976  0.1292578  0.1493890  0.1414721  0.1591712  0.1407406  0.1412810  0.1267578  0.1429141  0.1464362  0.1439950  0.1379675  0.1425873
 4  0.0476083  0.0396202  0.0520235  0.0526718  0.0401553  0.0307392  0.0280740  0.0338423  0.0405029  0.0346792  0.0303226  0.0441615  0.0403944  0.0377132  0.0338827  0.0309745  0.0365112  0.0344163  0.0341078  0.0335950  0.0404800  0.0323146  0.0344957  0.0402479  0.0382569  0.0337480  0.0341554
 1  0.1123856  0.0840909  0.0788234  0.1812891  0.2301330  0.3093193  0.3087127  0.1742286  0.1478261  0.1835162  0.1942111  0.0816938  0.0839345  0.1382867  0.1435811  0.2057600  0.2077860  0.1189749  0.1070858  0.1322486  0.1261436  0.1719131  0.1689451  0.1978844  0.2099064  0.2923551  0.3685710
 2  0.0216566  0.0157973  0.0149955  0.0370753  0.0493628  0.0584120  0.0426632  0.0261706  0.0229830  0.0316172  0.0371157  0.0165215  0.0162463  0.0263300  0.0277566  0.0379914  0.0364543  0.0202529  0.0195693  0.0238409  0.0235277  0.0313397  0.0307720  0.0358665  0.0389172  0.0555400  0.0710881
 3  0.1039106  0.1334478  0.1375660  0.1484641  0.1245310  0.1408730  0.1402873  0.1654853  0.1526273  0.1549910  0.1500141  0.1312041  0.1293312  0.1584093  0.1330941  0.1345339  0.1367841  0.1470170  0.1548825  0.1491684  0.1488733  0.1426775  0.1376681  0.1635213  0.1451124  0.1367496  0.1574056
 4  0.0408804  0.0360923  0.0345140  0.0289029  0.0320052  0.0540257  0.0429793  0.0386550  0.0381716  0.0340706  0.0309656  0.0310995  0.0388591  0.0383243  0.0344001  0.0384467  0.0401951  0.0366153  0.0370780  0.0394264  0.0357499  0.0370048  0.0354806  0.0384843  0.0359525  0.0326809  0.0375590
