2019 2020 2021 2022 2023 2024 2025 2026 2027 2028 2029 2030 2031 2032 2033 2034 2035 2036 2037 2038 2039 2040 2041 2042 2043 2044 2045
  25959.53   26051.37   25706.10   25057.11   36447.16   56303.30   60389.41   56805.85   44114.96   32913.65   25079.46   20539.88   20506.21   19097.09   16562.27   16508.36   15790.50   12984.58   12064.90   14484.29   20917.94   26962.95   28371.35   33430.10   37473.83   37445.13   29708.79
  26666.73   26817.68   27141.50   26612.74   23585.83   23621.90   26614.69   27459.92   28497.29   31167.46   30849.30   30186.35   30406.29   30918.41   32014.89   30860.69   36785.75   47444.16   49832.20   48490.28   33078.45   20551.93   17093.13   11685.94   10513.20   10566.39   13734.46
  27337.97   27563.26   26371.47   27577.37   29766.61   28797.68   22845.35   19126.32   20303.35   19566.97   18661.37   18770.89   20322.87   20749.02   22506.63   24694.59   24110.79   24796.03   25020.04   25080.42   23367.67   20860.58   17418.11   17869.46   25607.86   31135.63   30333.59
  27375.08   27902.26   29130.51   30325.10   28151.19   25039.45   24080.07   24283.29   30829.33   41375.69   47138.01   51968.66   55648.90   54565.89   50948.18   45777.83   42327.78   40664.32   35704.18   32499.41   35712.23   41119.46   38023.16   32193.54   25508.80   20210.12   18921.95
  27413.16   27422.00   27516.13   27959.97   31573.49   36655.36   37846.64   37834.67   32507.49   27781.60   19704.50   10473.56   15969.45   24227.78   29922.44   33087.40   27725.21   21362.94   21410.38   25168.26   27335.65   27398.01   22183.67   16671.35   11335.01    7664.77   11392.45
  27916.22   27932.99   25920.35   24443.84   23131.38   20043.80   17635.77   18658.78   25831.55   31150.35   30092.21   26809.50   26287.71   26732.65   26409.03   25055.48   21467.91   17707.55   17147.03   16702.29   19040.42   25092.24   29253.67   28921.40   25813.45   26037.71   30524.48
  25293.69   25675.19   24659.07   24980.73   27043.98   25835.03   23415.34   20846.94   18836.61   16616.66   14490.02   15963.40   21637.99   26086.30   27790.58   27886.61   22772.79   17166.57   22350.78   34318.39   43501.36   51650.00   57275.82   58738.72   50458.03   40196.43   32787.26
  26166.07   25622.66   27505.40   28148.18   27091.47   25655.10   27743.39   33900.90   36964.70   41668.94   45165.46   44629.89   34230.73   23663.35   19993.80   16638.14   28399.81   47294.76   50978.71   50168.23   38072.05   23997.90   17268.86   12275.17   15665.33   21028.86   31299.68
  26381.36   26438.13   25212.57   23129.02   19045.32   16929.26   17934.02   22034.73   34789.05   48385.93   53638.25   52674.59   45116.24   37925.28   30819.01   23579.44   19464.14   18135.57   19939.50   20288.27   22688.03   25578.92   25931.16   43900.54   75458.27   93333.38   93641.45
  25129.66   25193.12   24124.97   27157.82   32147.94   31273.23   28071.37   24967.61   23152.03   21873.86   22419.98   22645.77   21435.71   22806.97   27903.23   35455.23   42922.95   45087.18   39577.63   31233.17   24115.46   19237.87   15071.49   11382.17   14752.22   18845.56   19652.10
  27619.19   27734.69   28930.09   29457.41   29914.75   30430.73   31245.13   32473.05   28632.12   25099.77   23169.08   26535.65   35804.90   42430.57   43699.46   43855.88   40503.11   37833.95   35915.63   31110.28   28609.13   26106.75   24357.97   22498.15   20687.57   18889.90   17453.40
  24999.65   25065.38   25464.61   26601.19   26314.89   24375.61   20792.25   16894.38   15521.57   14814.86   19196.21   28037.86   39799.76   49951.80   49645.46   45974.51   35936.97   28289.77   25847.87   24888.76   30888.51   33991.92   34820.67   44039.54   52852.46   56593.60   54616.30
  23892.22   23434.10   23592.22   22673.13   25899.58   31795.97   34152.73   32980.54   30081.18   25229.35   20787.07   18289.01   17363.25   16737.92   15442.94   14433.96   14211.67   17757.12   24070.66   26405.28   26411.40   25444.07   23083.66   21517.52   20637.21   29187.65   40751.06
  24949.98   25151.37   24322.25   22973.92   18703.18   17952.53   22136.53   24576.78   21238.57   17494.43   20894.07   26786.40   29605.01   29224.79   24549.83   21006.60   25455.64   29972.02   38450.23   51452.50   54627.40   50407.76   37226.80   24838.42   20910.49   17765.32   17188.80
  22802.38   22249.88   21965.64   22971.70   27397.13   30547.90   29876.59   26504.23   21153.83   15585.68   13423.64   23423.28   37898.34   43699.42   39645.28   33915.02   28635.59   24323.08   21294.65   21352.10   22911.48   22970.78   22416.48   22187.84   24048.31   28208.99   32686.92
  24653.49   24614.47   24259.44   23045.57   23416.43   25819.26   26034.12   27090.90   26348.75   26405.69   30852.36   32758.37   31120.99   29100.70   26770.43   26238.22   42108.15   65239.46   74466.59   72436.35   59453.40   45686.85   33404.24   25831.06   28398.29   32179.41   39382.02
  25237.80   25258.33   24019.94   23623.79   26231.23   29342.43   28811.04   26335.14   25706.12   26873.09   28715.08   29010.88   30075.92   41806.69   56161.19   58385.32   48778.95   41285.71   39143.99   38119.21   32677.53   25873.28   18296.29   10768.25   12776.85   17555.79   20509.66
  29448.01   29880.41   29577.32   31890.96   33401.85   34811.62   37360.24   36614.19   29074.54   21554.69   20231.91   21641.37   22234.16   24780.49   26513.58   27810.08   31659.66   32851.98   32457.71   40072.81   49616.04   54046.41   53007.37   47520.57   37851.13   36000.44   41713.45
  26177.49   26590.86   25991.92   24535.78   15377.89    8967.05   10701.58   12274.40   13623.93   14218.62   17264.56   20594.89   20611.19   20028.46   20322.18   21801.94   23526.10   23650.45   23162.75   24211.38   24944.34   23112.61   20019.73   19402.62   21162.60   24317.35   28539.21
  26270.83   25684.57   25494.18   27930.10   32627.81   35272.85   31651.73   25809.90   20240.48   23555.08   35004.87   39970.31   38457.73   37749.04   40395.22   42107.15   34667.76   27850.32   18920.13   14322.56   17969.46   18357.26   15712.67   11608.61   11119.65   10735.24   14875.09
  29044.42   28804.22   28302.90   27295.11   26295.50   24758.30   25463.32   28367.85   34037.28   43115.39   48848.10   53233.19   53361.88   50696.83   44354.12   37295.67   27394.93   17853.72   13992.64   13154.09   17891.17   23311.99   26210.09   27818.66   26910.61   29791.46   37853.16
  27952.23   28601.36   28335.90   27329.43   28469.73   30442.94   30813.21   28835.75   24037.22   21576.54   26919.55   33519.57   35187.53   34656.71   29053.03   23214.25   19489.23   17125.55   18135.21   19234.92   21398.57   26425.35   30823.53   31740.60   29745.98   27473.52   26450.42
  25266.52   24941.75   24778.78   28091.32   29278.39   27347.82   20571.58   19502.23   20059.95   19208.44   20163.03   20513.77   15951.17   12716.72   23021.32   35080.35   35874.56   31500.98   30287.78   28320.30   26776.60   25853.32   27830.04   29793.24   27773.39   23515.71   21157.79
  26685.80   27043.85   26794.05   25492.60   22145.59   20725.87   22963.06   24967.47   25858.87   26038.38   24416.26   21769.26   19837.76   18893.31   24243.79   33940.89   46179.60   78841.02  119144.36  141123.03  123120.14   92703.82   62351.38   35409.24   28352.26   26545.00   30591.01
  29213.68   29706.20   28961.59   30124.76   31349.30   31824.80   29502.00   25423.95   19625.83   14783.51   16929.53   22337.62   28314.59   31940.22   30131.62   30616.29   33965.02   35102.26   32790.08   29879.93   26268.97   34517.57   50086.11   52545.52   45046.82   36264.69   30556.75
  28456.26   28346.14   28732.27   28847.25   27316.53   23772.97   18114.68   15752.50   18842.13   22674.50   26647.75   33509.67   43550.37   48178.59   46595.38   43875.97   41406.49   38087.84   34239.28   31219.30   28250.49   27693.54   28149.07   25287.27   24290.42   24224.88   24108.10
  27992.40   27615.38   28098.95   28687.40   28681.61   28368.99   27085.32   24622.69   24492.66   23648.33   26442.87   33831.76   38335.66   37948.78   33634.53   30046.49   28726.67   26486.57   24808.23   24252.85   23944.89   24175.71   24915.38   25572.21   28431.99   34252.12   37688.84
  25257.70   25172.50   25538.01   27961.93   34291.29   43829.23   48152.41   45263.96   38061.56   32555.07   30221.40   28362.00   27889.71   27219.42   25593.23   22787.49   18980.53   18017.45   21774.95   31267.52   43228.71   50149.85   54292.19   56406.17   49209.71   39598.34   28920.34
  27373.46   27647.46   28047.25   27915.36   24521.54   21821.32   20131.35   21252.93   25888.00   30853.37   35222.36   36469.86   31424.10   25981.20   24678.77   24430.62   25082.63   28044.16   34809.72   43362.97   45293.55   45736.13   43391.82   36862.91   34506.57   36312.85   41348.06
  30096.56   30971.34   29997.48   28072.65   25091.24   21502.72   16606.34   13277.20   15718.54   22216.66   31220.83   34455.70   32235.20   28588.43   21847.95   16750.29   18341.54   23151.71   28859.54   31664.22   29096.91   27011.44   21575.93   16776.41   22456.16   35326.73   46478.66
  24580.27   24581.66   24901.52   24262.05   22085.50   22191.26   28274.33   34313.54   33354.39   28482.38   22402.97   17466.61   17531.80   18431.11   22749.26   29949.49   40801.49   50895.23   49121.69   43054.14   35406.42   30897.41   29331.03   25974.77   24927.63   24576.18   25603.72
  30138.69   30885.72   29718.91   28592.73   29185.74   29341.77   28190.39   26663.58   29875.34   37313.43   41148.55   44591.91   46922.54   45899.61   44322.12   44190.38   42166.05   37397.88   31873.37   27383.14   23551.99   22460.04   24496.93   24606.11   22504.94   23973.97   27769.23
  26759.69   26880.70   19799.15   13917.25   12246.35   11222.84   11439.88   13854.74   19430.83   22313.59   23656.43   26683.91   29489.23   32225.32   31418.62   27332.56   26832.11   30785.54   32818.15   31895.14   25089.72   28542.10   44216.53   48509.59   42112.81   33288.57   26124.56
  26581.09   26545.55   27838.66   33156.35   38740.45   40565.84   40865.87   40956.09   39232.34   38276.92   35592.95   30419.76   19605.44   10468.89    6329.02    2868.66    6382.80   17265.77   29260.71   38717.95   45445.37   47320.76   42695.46   35710.26   33153.05   35111.08   34933.57
  24226.29   23885.80   25794.11   27749.68   28127.93   29897.83   34618.30   37206.81   45686.69   57908.80   61206.55   60555.19   54187.10   44138.97   37613.04   36897.97   40380.17   40496.14   37683.71   36281.03   34912.04   33838.32   36755.18   36834.49   32880.37   28907.64   22720.98
  26100.86   26523.31   27364.99   31324.01   35346.17   34958.85   32594.32   33500.27   33514.00   31663.77   28085.75   24251.80   21016.50   19615.91   21238.58   23755.97   24619.81   23531.91   20780.23   18823.85   17212.53   18202.09   25555.85   32560.10   38647.42   48349.80   51982.68
  29053.97   29015.13   26115.61   23010.50   22801.08   25949.72   28834.52   30081.45   34149.39   46792.46   53031.29   48912.26   43138.09   38342.05   29270.55   20896.94   17920.51   15621.15   16185.58   15581.14   15602.85   15822.80   15790.60   17880.13   21622.09   23122.11   23741.65
  26783.24   26992.21   26237.29   24388.58   23098.60   22731.92   25450.78   30877.95   35098.93   39308.83   38042.44   34338.08   25781.78   19907.06   21574.67   22571.36   24262.99   27225.06   31464.00   32082.19   30824.44   33927.73   38167.29   42740.45   42523.45   36999.02   28509.57
  25371.65   25493.70   26182.72   28038.47   29484.48   30163.11   27727.13   23961.50   20250.27   17042.83   17199.17   25430.94   36313.77   38917.47   35574.54   31449.27   29325.31   27864.59   26442.39   27002.73   27938.00   27911.74   26729.41   26473.46   26399.67   25053.27   23443.57
  22355.18   22021.23   22490.46   23636.06   23277.88   22524.01   30788.28   43406.19   44530.69   39156.25   30677.79   25014.51   26593.44   24981.22   23431.80   22341.42   20807.70   19303.24   18621.70   18141.33   17966.87   17923.13   22813.11   30630.01   34701.18   35695.43   31754.24
  23426.02   23556.33   22403.06   21235.28   20291.02   19605.91   17632.96   15504.14   16058.86   20307.33   26314.34   28389.81   29355.60   30357.87   28178.41   25100.66   24589.29   24220.36   28411.19   34293.31   36202.40   36090.65   32676.26   31910.23   32566.33   29994.33   24047.22
  26696.18   26881.07   24295.35   20996.04   18879.39   20462.93   23976.39   26962.67   30090.00   31449.62   30700.15   31431.21   31967.86   30199.91   22101.92   19668.97   24549.20   23547.35   22825.19   22940.85   22362.22   20571.56   21734.57   21799.92   22398.20   25048.62   26012.55
  31453.20   32108.03   28378.98   25900.76   26731.49   30060.83   32840.80   31079.71   27653.20   25083.84   26376.34   26478.48   25273.23   23598.78   24582.63   25646.48   23368.21   20506.30   18041.67   16695.32   17424.04   17912.16   18210.06   18470.30   21615.07   27951.88   33110.11
  25152.40   24404.06   23920.49   29028.24   37889.96   39364.79   34242.04   41012.33   60626.16   72145.70   71021.76   64962.18   52627.00   43593.20   39771.26   38112.30   37533.20   45669.97   62251.01   70143.47   66716.17   61430.83   55656.59   47137.03   38675.41   30523.51   25297.68
  24973.46   24934.25   23179.88   21336.91   14989.56    8493.58   11320.67   17212.92   21773.49   26140.55   27853.10   26336.68   22396.17   23477.15   35292.28   46243.63   46071.51   40858.81   30996.50   39696.33   63549.93   71990.37   62001.77   52315.06   44043.83   32229.08   27149.33
  25543.06   25011.68   24054.56   22400.39   21508.83   21718.77   21563.83   19842.82   18014.09   21136.06   27651.05   29036.84   27385.35   25994.93   25396.40   25752.87   26838.85   28951.26   27310.50   24019.73   18869.67   14769.33   15074.54   21777.99   31864.05   36020.21   31840.53
  23836.90   23187.76   22329.59   21669.50   20462.84   20011.49   20796.44   27572.22   38731.80   42895.85   39671.18   38048.47   45840.88   51127.73   46615.97   38896.47   29673.15   23113.55   20706.92   18881.15   21791.46   25679.86   27167.89   37244.26   45672.90   45514.90   41996.79
  27623.98   28026.18   28116.06   26764.07   25282.01   22699.85   20013.18   23818.95   32812.97   36498.46   35846.64   35396.64   34119.68   31966.76   28269.02   24999.50   24148.86   26902.27   29763.59   29680.66   29136.27   29056.24   28355.94   25092.66   20823.60   20782.27   23472.80
  24735.90   24440.86   25119.34   33965.00   46459.97   49851.23   45384.38   40035.34   38052.37   36789.33   30096.18   27128.47   28112.77   29730.49   30684.19   30119.16   27952.54   26098.44   27068.21   25800.56   27650.75   31256.49   33885.98   36515.58   37984.02   39218.57   36256.76
  28855.99   29131.48   29317.60   27592.09   21111.23   18015.11   21906.64   27598.88   32339.87   35942.62   32208.99   26796.05   28252.44   30383.92   28496.23   28093.86   28181.41   29221.49   30855.53   32093.85   32874.18   33671.00   33757.33   33410.88   30464.02   26619.18   20436.36
