FL 2019 2020 2021 2022 2023 2024 2025 2026 2027 2028 2029 2030 2031 2032 2033 2034 2035 2036 2037 2038 2039 2040 2041 2042 2043 2044 2045
 1  0.1254765  0.1016565  0.0950189  0.0913984  0.0827937  0.0921873  0.0776256  0.1566558  0.2043275  0.2215581  0.3026571  0.1315221  0.1180255  0.1574335  0.1847295  0.2528404  0.2512998  0.1606833  0.1791264  0.0590662  0.0415331  0.0574566  0.0509917  0.1298182  0.1141918  0.2027005  0.2441155
 2  0.0238751  0.0186097  0.0175351  0.0177091  0.0115843  0.0141505  0.0138356  0.0319041  0.0462124  0.0516881  0.0644921  0.0233799  0.0216103  0.0314129  0.0372283  0.0469803  0.0465088  0.0319271  0.0345832  0.0097081  0.0067817  0.0099505  0.0097880  0.0235468  0.0209801  0.0397786  0.0510245
 3  0.1162273  0.1402640  0.1284860  0.1278848  0.1156880  0.1841605  0.1602532  0.1757977  0.1418192  0.1521601  0.1319035  0.0935477  0.0971876  0.1321005  0.1031573  0.0707435  0.0705432  0.0760895  0.0840576  0.0770652  0.0809893  0.1255946  0.1016152  0.1317336  0.1160458  0.1353504  0.1213042
 4  0.0444602  0.0440423  0.0319138  0.0568837  0.0474092  0.0473557  0.0307881  0.0348411  0.0275488  0.0371474  0.0367864  0.0379727  0.0294775  0.0341438  0.0349728  0.0380656  0.0399822  0.0356819  0.0422075  0.0515430  0.0362429  0.0387462  0.0375975  0.0456161  0.0328984  0.0358095  0.0285888
 1  0.1220670  0.0981552  0.0897129  0.1413857  0.1539742  0.1380582  0.1229412  0.1215331  0.1228809  0.1147112  0.1102099  0.0638374  0.0611824  0.0659776  0.0643804  0.0579838  0.0577151  0.0618107  0.0535304  0.2724371  0.3850210  0.3305098  0.4007267  0.1947201  0.2326156  0.0925611  0.0701356
 2  0.0232303  0.0180890  0.0168159  0.0275708  0.0310830  0.0252647  0.0219553  0.0228024  0.0224435  0.0212221  0.0218536  0.0127645  0.0127775  0.0138779  0.0134660  0.0126213  0.0101480  0.0108990  0.0103487  0.0578228  0.0839530  0.0644038  0.0750462  0.0360653  0.0416798  0.0148567  0.0116006
 3  0.1130934  0.1075720  0.1196316  0.1252200  0.1233043  0.1070571  0.1151308  0.1239478  0.1160004  0.1023094  0.1023948  0.0947564  0.0944781  0.0891414  0.0917792  0.1142046  0.0898498  0.0984473  0.1022686  0.1318734  0.1276303  0.1178534  0.1333776  0.1879012  0.2255153  0.0742964  0.0824081
 4  0.0433681  0.0345419  0.0316690  0.0304334  0.0345751  0.0352936  0.0345838  0.0355489  0.0365584  0.0340302  0.0304296  0.0337161  0.0286541  0.0332242  0.0313130  0.0414473  0.0431665  0.0348074  0.0293581  0.0304098  0.0350918  0.0321267  0.0289792  0.0420981  0.0454050  0.0357954  0.0333994
 1  0.1187765  0.1402300  0.1344472  0.1332230  0.1227050  0.2624888  0.3397483  0.1983795  0.1828726  0.1170417  0.1167411  0.1602079  0.1538273  0.0745439  0.0702973  0.1567236  0.1621000  0.1601003  0.1580750  0.1333476  0.1371303  0.2432100  0.3043579  0.1464424  0.1039051  0.1054232  0.0975108
 2  0.0226444  0.0259647  0.0249783  0.0234616  0.0219413  0.0503072  0.0640024  0.0333040  0.0309897  0.0210190  0.0226355  0.0304504  0.0273574  0.0139064  0.0129917  0.0305092  0.0310427  0.0308286  0.0300887  0.0259313  0.0286076  0.0530633  0.0626692  0.0236522  0.0160312  0.0180180  0.0190625
 3  0.1100329  0.1162806  0.1237469  0.1517447  0.1690172  0.1525030  0.1668266  0.1521476  0.1591529  0.1159531  0.1143710  0.1145681  0.1141140  0.0948928  0.0880094  0.0931688  0.0758553  0.0664278  0.0645663  0.0862889  0.0820957  0.0785416  0.0879357  0.0663958  0.0826299  0.0846915  0.0769658
 4  0.0423910  0.0350485  0.0380810  0.0375957  0.0355604  0.0332541  0.0375116  0.0345571  0.0337138  0.0278369  0.0297447  0.0396754  0.0343376  0.0342318  0.0312724  0.0347273  0.0333288  0.0332120  0.0329226  0.0358707  0.0319408  0.0339465  0.0453733  0.0444463  0.0368952  0.0326655  0.0270502
 1  0.1193897  0.0451615  0.0389109  0.1390113  0.1501489  0.1320131  0.1437545  0.0664787  0.0579609  0.0418407  0.0330934  0.0539015  0.0484938  0.0571401  0.0607224  0.0856660  0.0963899  0.1522964  0.1753010  0.1368519  0.1352269  0.1618048  0.1606295  0.1801950  0.2201975  0.1672589  0.1852206
 2  0.0226910  0.0082681  0.0073733  0.0274977  0.0300901  0.0271627  0.0286904  0.0129040  0.0098180  0.0070236  0.0062440  0.0103969  0.0100111  0.0127894  0.0143102  0.0207618  0.0220119  0.0343942  0.0375144  0.0282271  0.0243987  0.0294989  0.0318199  0.0389813  0.0501846  0.0370344  0.0401202
 3  0.1105887  0.0921464  0.0895106  0.1251897  0.1262583  0.1001820  0.0931028  0.0665410  0.0803363  0.0729180  0.0883850  0.0774952  0.0714653  0.0900840  0.0891249  0.0896788  0.0782629  0.0847578  0.0823197  0.0700662  0.0762287  0.0864108  0.0761782  0.0763384  0.0675723  0.0659711  0.0679683
 4  0.0420011  0.0364931  0.0341247  0.0319987  0.0310291  0.0301305  0.0353075  0.0416090  0.0464099  0.0334740  0.0376400  0.0367784  0.0315181  0.0298110  0.0333752  0.0344620  0.0349687  0.0322820  0.0347010  0.0390367  0.0383995  0.0352033  0.0308435  0.0291457  0.0305347  0.0343899  0.0340584
 1  0.1189860  0.0867447  0.0795199  0.0992470  0.0936519  0.1581532  0.1615829  0.3171996  0.3878114  0.3885765  0.4906473  0.1929731  0.1737833  0.0723795  0.0537706  0.1761448  0.1980793  0.2343891  0.2884407  0.0997832  0.0833496  0.2006178  0.2413340  0.3382285  0.5019577  0.1418360  0.1039940
 2  0.0231473  0.0161684  0.0149671  0.0188849  0.0163440  0.0285175  0.0285525  0.0579915  0.0656264  0.0650612  0.0887256  0.0334653  0.0225214  0.0106812  0.0088673  0.0330513  0.0411213  0.0522764  0.0498853  0.0162218  0.0152443  0.0404718  0.0516549  0.0747370  0.1052215  0.0215093  0.0145408
 3  0.1099257  0.1200232  0.1149667  0.1129076  0.1122205  0.1677759  0.1608331  0.1531382  0.1502182  0.1548658  0.1735364  0.1453438  0.1117679  0.0868646  0.0885127  0.1179589  0.1155827  0.1084351  0.0991999  0.0838900  0.0760636  0.1031938  0.1046724  0.0957647  0.1428573  0.2544628  0.0774794
 4  0.0434759  0.0347202  0.0338977  0.0375744  0.0371575  0.0392187  0.0399648  0.0366200  0.0382595  0.0315964  0.0313590  0.0475063  0.0439515  0.0359528  0.0348569  0.0277991  0.0299750  0.0371196  0.0382996  0.0350993  0.0286164  0.0280458  0.0284842  0.0304939  0.0394414  0.0381210  0.0390270
 1  0.1162521  0.1609616  0.1592454  0.2024751  0.2175730  0.2103961  0.2475151  0.1432714  0.1058234  0.1145841  0.1119236  0.0735634  0.0771946  0.1137994  0.1143969  0.1542487  0.1734842  0.1334803  0.1447691  0.0755763  0.0708264  0.1112388  0.0877836  0.1922931  0.2247644  0.0738229  0.0607826
 2  0.0225599  0.0301525  0.0295169  0.0372753  0.0396947  0.0398898  0.0464351  0.0227863  0.0160612  0.0193469  0.0214831  0.0156417  0.0167049  0.0241261  0.0231313  0.0316559  0.0378149  0.0297760  0.0306891  0.0155836  0.0133272  0.0187612  0.0158608  0.0387541  0.0449912  0.0133455  0.0114383
 3  0.1074261  0.1232627  0.1269882  0.1482037  0.1469170  0.1393964  0.1556354  0.1150993  0.1224262  0.1650364  0.1374400  0.0833508  0.0718055  0.0829445  0.0908891  0.0882421  0.0789210  0.0666232  0.0622122  0.0593889  0.0651991  0.0754585  0.0878452  0.0923221  0.0860205  0.0760553  0.0739642
 4  0.0426515  0.0367702  0.0381472  0.0342646  0.0306168  0.0314739  0.0407341  0.0428571  0.0377433  0.0327623  0.0258051  0.0285899  0.0321485  0.0348684  0.0313524  0.0268874  0.0281355  0.0322626  0.0327729  0.0322174  0.0429281  0.0384290  0.0323878  0.0314079  0.0397911  0.0373851  0.0322450
 1  0.1297236  0.1629250  0.1546143  0.0819377  0.0728217  0.0800041  0.0891810  0.0903652  0.1023249  0.1018531  0.1177153  0.0960469  0.0718839  0.0525057  0.0469384  0.1965759  0.2392899  0.1493221  0.1539752  0.0557253  0.0388226  0.0615231  0.0537525  0.1219019  0.1387808  0.1124983  0.1344988
 2  0.0243926  0.0292131  0.0277903  0.0143230  0.0135285  0.0163119  0.0195943  0.0206109  0.0233502  0.0233625  0.0259651  0.0167908  0.0116502  0.0090540  0.0090379  0.0410817  0.0517391  0.0327258  0.0226153  0.0081651  0.0063418  0.0108471  0.0101929  0.0257472  0.0317007  0.0269154  0.0335445
 3  0.1204050  0.1239369  0.1461705  0.1175168  0.1353510  0.1281862  0.1129826  0.1147149  0.0989124  0.1107019  0.1119954  0.1150409  0.1244763  0.1315381  0.1159167  0.1302836  0.1328134  0.1136626  0.1092971  0.1062511  0.0984334  0.0926914  0.0930640  0.1153975  0.1117138  0.0845130  0.0814765
 4  0.0445032  0.0358072  0.0370630  0.0357036  0.0320540  0.0271847  0.0279806  0.0292405  0.0275644  0.0315942  0.0411921  0.0466741  0.0383513  0.0325623  0.0301348  0.0302283  0.0279292  0.0516118  0.0495269  0.0408459  0.0333011  0.0368631  0.0332106  0.0306265  0.0302056  0.0289274  0.0277488
 1  0.1244105  0.0278125  0.0237841  0.0305346  0.0305040  0.0926392  0.0991216  0.2195195  0.2071696  0.1190468  0.1049075  0.2235330  0.2778012  0.1943756  0.2330817  0.1136594  0.0925330  0.1492102  0.1192886  0.3110669  0.3806323  0.3073701  0.4203568  0.1262521  0.1091341  0.0809871  0.0584805
 2  0.0246932  0.0052100  0.0045442  0.0062152  0.0067079  0.0213481  0.0189985  0.0390399  0.0337435  0.0196102  0.0187550  0.0439330  0.0587218  0.0413303  0.0492788  0.0225106  0.0120493  0.0220358  0.0207607  0.0582797  0.0734299  0.0610710  0.0848873  0.0223195  0.0188687  0.0131247  0.0089631
 3  0.1146225  0.0902005  0.0975298  0.0890205  0.0974037  0.0973059  0.0886906  0.1243844  0.1324567  0.1363443  0.1393657  0.1297113  0.1254989  0.1066633  0.0977481  0.0732003  0.0689829  0.1212838  0.1262570  0.1001235  0.1033964  0.1075115  0.1036323  0.0642768  0.0812320  0.0792754  0.0854659
 4  0.0469218  0.0367112  0.0331761  0.0286947  0.0282020  0.0382282  0.0433569  0.0395161  0.0402461  0.0353108  0.0341741  0.0298904  0.0284777  0.0279623  0.0299435  0.0528828  0.0450141  0.0381936  0.0325818  0.0334774  0.0310936  0.0274526  0.0322900  0.0362789  0.0428823  0.0430090  0.0392971
 1  0.1237088  0.1514107  0.1462169  0.2483654  0.3041681  0.2191592  0.2133073  0.0455025  0.0288595  0.0796340  0.0674080  0.1361100  0.1602725  0.1373237  0.1625995  0.1130982  0.1342875  0.0738438  0.0639089  0.0642792  0.0600481  0.0658742  0.0621174  0.0747466  0.0385331  0.0631077  0.0591443
 2  0.0237626  0.0277731  0.0267006  0.0471446  0.0561395  0.0374824  0.0360256  0.0067122  0.0042083  0.0127367  0.0122293  0.0277649  0.0348408  0.0306272  0.0377099  0.0266138  0.0316503  0.0148162  0.0125365  0.0127094  0.0114126  0.0128936  0.0130657  0.0103207  0.0056524  0.0108969  0.0118818
 3  0.1145732  0.1280758  0.1301783  0.1570480  0.1612178  0.1402689  0.1619963  0.1150095  0.1232011  0.1532537  0.1471210  0.1443397  0.1318691  0.1182198  0.1071379  0.0899342  0.0965594  0.0674540  0.0736017  0.0773747  0.0802264  0.0753477  0.0716137  0.0744037  0.0864347  0.1113574  0.1022205
 4  0.0440699  0.0387043  0.0348061  0.0321432  0.0368868  0.0342182  0.0438429  0.0432835  0.0445312  0.0392419  0.0319080  0.0315161  0.0306590  0.0320033  0.0264762  0.0264065  0.0348440  0.0375489  0.0343388  0.0364211  0.0375280  0.0324379  0.0540701  0.0546748  0.0410473  0.0308316  0.0267896
 1  0.1300004  0.1695394  0.1655809  0.1144997  0.0889099  0.0804685  0.0889887  0.1074889  0.1170156  0.1071596  0.1078859  0.0972494  0.0998305  0.1103844  0.0920562  0.0967576  0.0760966  0.1432237  0.1583966  0.1605513  0.2074807  0.3069291  0.3980868  0.1360238  0.1178198  0.0958264  0.0849634
 2  0.0246276  0.0307237  0.0297163  0.0182424  0.0152884  0.0157162  0.0195880  0.0245266  0.0265737  0.0227450  0.0209436  0.0191051  0.0208632  0.0205699  0.0159109  0.0158835  0.0130052  0.0270509  0.0330907  0.0370752  0.0496839  0.0678966  0.0779947  0.0240329  0.0184337  0.0160887  0.0160784
 3  0.1205402  0.1413943  0.1475657  0.1180750  0.1236562  0.1247236  0.1094623  0.0872914  0.0881490  0.1002905  0.1103204  0.1117936  0.1169221  0.1101505  0.1108791  0.1101854  0.1130588  0.1441544  0.1286854  0.1077577  0.1033876  0.0991449  0.1054002  0.0789628  0.0728762  0.1099563  0.1123953
 4  0.0455741  0.0390368  0.0460388  0.0370431  0.0318042  0.0261057  0.0274223  0.0292642  0.0287710  0.0334289  0.0328490  0.0288490  0.0364416  0.0386507  0.0396946  0.0391543  0.0367447  0.0321014  0.0261278  0.0276867  0.0302064  0.0358692  0.0313836  0.0393798  0.0377515  0.0302350  0.0356502
 1  0.1180277  0.0648099  0.0578785  0.0760164  0.0753273  0.1057755  0.1073756  0.1250599  0.1366540  0.1419393  0.1577332  0.1138298  0.0803088  0.1578002  0.1531968  0.1450381  0.1500875  0.1674811  0.1710123  0.0993805  0.1058365  0.1701847  0.1919795  0.1327112  0.1379790  0.1923218  0.2133981
 2  0.0228373  0.0120688  0.0110181  0.0148782  0.0147875  0.0213461  0.0204362  0.0243494  0.0286602  0.0296285  0.0322078  0.0183208  0.0126779  0.0269125  0.0268778  0.0267450  0.0298281  0.0324757  0.0333587  0.0199020  0.0222204  0.0361949  0.0381881  0.0261550  0.0281595  0.0401319  0.0420322
 3  0.1090697  0.1050678  0.1169124  0.1179228  0.1081898  0.1006023  0.1121191  0.1526321  0.1619687  0.1472882  0.1321737  0.1195601  0.1091969  0.1531722  0.1475252  0.1379362  0.1580435  0.1138803  0.1202688  0.1264999  0.1072925  0.1106985  0.1139260  0.0793997  0.0703004  0.0731407  0.0675814
 4  0.0428520  0.0348535  0.0319303  0.0331181  0.0311502  0.0334076  0.0374347  0.0291783  0.0315346  0.0351605  0.0424042  0.0508210  0.0361365  0.0381561  0.0409859  0.0308953  0.0368849  0.0326660  0.0326829  0.0301038  0.0287418  0.0329188  0.0328067  0.0317426  0.0301330  0.0350139  0.0545760
 1  0.1305073  0.1152266  0.1048163  0.1454379  0.1399884  0.1687577  0.1965836  0.2100237  0.2503845  0.1536072  0.1391980  0.0794751  0.0554783  0.1030121  0.0976147  0.1768171  0.2164126  0.2265222  0.2553117  0.1180635  0.0947590  0.1131987  0.1111525  0.1775450  0.1367154  0.1735475  0.1729685
 2  0.0247657  0.0208515  0.0191697  0.0262347  0.0260276  0.0333946  0.0409056  0.0449378  0.0482809  0.0284814  0.0211032  0.0120364  0.0084176  0.0178546  0.0190150  0.0380874  0.0508001  0.0491351  0.0511100  0.0203034  0.0163180  0.0209045  0.0213063  0.0290859  0.0232777  0.0308372  0.0322614
 3  0.1209417  0.1121619  0.1342524  0.1194227  0.1228369  0.1195165  0.1154222  0.0888251  0.0883141  0.0819699  0.0886703  0.0929191  0.0793608  0.1144505  0.1078219  0.1003114  0.0963316  0.0992146  0.0979643  0.0702601  0.0737669  0.1113768  0.1042515  0.0970219  0.1118987  0.1182844  0.0998185
 4  0.0457994  0.0356688  0.0368433  0.0331983  0.0310174  0.0285580  0.0275232  0.0308511  0.0362223  0.0410438  0.0393602  0.0446742  0.0378839  0.0350294  0.0282141  0.0288786  0.0321893  0.0365419  0.0372168  0.0348487  0.0360419  0.0319388  0.0447511  0.0412249  0.0382185  0.0360826  0.0332920
 1  0.1355563  0.1296076  0.1191178  0.0792612  0.0783227  0.0677734  0.0596945  0.0447679  0.0479728  0.1248685  0.1603233  0.1706837  0.1864388  0.1856115  0.2028770  0.1107769  0.1068104  0.1731436  0.1223863  0.0828325  0.0806280  0.1147385  0.1248598  0.2373215  0.2648531  0.1719431  0.1035354
 2  0.0258173  0.0236284  0.0217607  0.0154373  0.0136970  0.0118275  0.0111782  0.0092926  0.0111640  0.0323761  0.0402545  0.0374634  0.0362779  0.0356103  0.0391295  0.0209020  0.0213763  0.0275021  0.0191167  0.0145552  0.0157790  0.0242210  0.0274199  0.0501565  0.0470992  0.0228137  0.0159201
 3  0.1255444  0.1055578  0.1208934  0.1164709  0.1166155  0.1303309  0.1158242  0.1103688  0.1167970  0.1045794  0.0899217  0.1036951  0.1075058  0.1116260  0.1140989  0.1080519  0.1035788  0.1178890  0.1514886  0.1251283  0.1102292  0.1067583  0.1164259  0.1016719  0.1071011  0.1159357  0.1165245
 4  0.0485933  0.0329164  0.0342366  0.0345036  0.0415336  0.0339460  0.0296263  0.0256405  0.0329068  0.0288107  0.0306970  0.0345979  0.0335543  0.0306266  0.0321007  0.0301788  0.0412193  0.0413800  0.0383438  0.0307439  0.0293372  0.0296317  0.0317466  0.0369738  0.0511702  0.0475196  0.0354004
 1  0.1307984  0.1637958  0.1584394  0.2778031  0.3388508  0.2768036  0.2214967  0.2915374  0.3141008  0.2294049  0.2136106  0.1864682  0.1537502  0.2022982  0.2294687  0.1575401  0.1452844  0.0662738  0.0569160  0.0852022  0.0739086  0.1838896  0.2369330  0.1897703  0.2333838  0.1271992  0.1303142
 2  0.0245606  0.0294990  0.0283451  0.0511212  0.0616581  0.0421928  0.0332380  0.0471226  0.0552135  0.0395190  0.0329953  0.0286540  0.0257109  0.0374233  0.0463052  0.0307266  0.0247790  0.0118605  0.0093254  0.0145173  0.0141505  0.0399743  0.0573645  0.0469160  0.0537902  0.0261486  0.0269224
 3  0.1213701  0.1462342  0.1521783  0.1542759  0.1563026  0.1255897  0.1300580  0.1586847  0.1534934  0.1100966  0.1272561  0.1120692  0.1145123  0.1126370  0.1083047  0.0665543  0.0694292  0.0856496  0.0723533  0.1157074  0.1056908  0.0981329  0.0908688  0.0581344  0.0674938  0.0680814  0.0699170
 4  0.0453260  0.0361402  0.0354723  0.0334399  0.0407550  0.0404773  0.0368631  0.0355290  0.0325564  0.0384204  0.0423309  0.0386998  0.0348839  0.0291265  0.0318827  0.0403580  0.0359262  0.0401501  0.0398790  0.0346134  0.0311888  0.0261091  0.0264812  0.0314744  0.0335778  0.0335503  0.0287752
 1  0.1425452  0.1646896  0.1570289  0.1429308  0.1234732  0.0878112  0.0839630  0.0897658  0.1079015  0.1540150  0.1985237  0.0407925  0.0216859  0.0955391  0.1014859  0.0948859  0.1153217  0.1658912  0.1981262  0.1627213  0.1467823  0.0938408  0.0919571  0.0579966  0.0549379  0.0887647  0.0762529
 2  0.0270896  0.0297057  0.0279395  0.0244183  0.0201220  0.0155314  0.0167037  0.0202480  0.0273909  0.0402065  0.0388729  0.0053822  0.0033317  0.0175321  0.0214352  0.0229973  0.0297864  0.0411101  0.0418098  0.0295897  0.0262771  0.0178060  0.0188436  0.0121882  0.0113401  0.0169033  0.0140598
 3  0.1320490  0.1345555  0.1477778  0.1128307  0.1224030  0.1010585  0.0962347  0.1026569  0.1223207  0.1607845  0.1004770  0.0668797  0.0842825  0.1240906  0.1151648  0.1101455  0.1092745  0.0880991  0.0918419  0.0820591  0.0847242  0.0729943  0.0699689  0.0686586  0.0761529  0.0775257  0.0791570
 4  0.0507192  0.0359537  0.0387559  0.0374553  0.0359872  0.0283308  0.0239050  0.0321976  0.0453158  0.0557427  0.0543054  0.0403233  0.0328462  0.0273125  0.0260558  0.0274006  0.0299596  0.0327732  0.0352925  0.0399291  0.0354258  0.0304667  0.0306027  0.0335880  0.0385132  0.0378382  0.0381655
 1  0.1323154  0.1361319  0.1296992  0.0814801  0.0818408  0.1880724  0.1893143  0.2338008  0.2331580  0.2077068  0.1846856  0.1501170  0.1526060  0.1652833  0.1710361  0.1136309  0.0905680  0.0739991  0.0578733  0.1057711  0.1235371  0.2154086  0.3083662  0.2411110  0.2383860  0.1573857  0.1336925
 2  0.0251284  0.0246228  0.0233294  0.0154169  0.0155288  0.0346792  0.0337352  0.0401011  0.0406799  0.0343187  0.0291034  0.0256525  0.0285426  0.0318221  0.0335333  0.0211529  0.0124792  0.0112141  0.0102513  0.0218123  0.0297136  0.0577334  0.0757314  0.0467029  0.0386685  0.0258242  0.0212625
 3  0.1226001  0.1522861  0.1514993  0.1213193  0.1194616  0.1402898  0.1467136  0.1470646  0.1483949  0.1555790  0.1605244  0.1612091  0.1516702  0.0915081  0.0944550  0.0988684  0.1008609  0.1300692  0.1174345  0.1125333  0.1086672  0.0997926  0.0896996  0.0931723  0.1171577  0.0822789  0.0809953
 4  0.0466048  0.0422155  0.0348516  0.0327234  0.0374432  0.0392329  0.0382797  0.0370064  0.0399900  0.0442910  0.0403499  0.0355839  0.0334436  0.0329351  0.0376669  0.0523690  0.0487871  0.0389628  0.0312228  0.0270510  0.0251914  0.0300600  0.0385057  0.0430890  0.0420420  0.0386577  0.0414424
 1  0.1289129  0.1675016  0.1613929  0.1014943  0.0935671  0.1343326  0.1351675  0.0884055  0.0917800  0.0678117  0.0623429  0.0704338  0.0693796  0.0751454  0.0499231  0.1213707  0.1383414  0.2026338  0.2307815  0.2074104  0.2265348  0.3064529  0.4282183  0.1844649  0.1912294  0.0934514  0.0727659
 2  0.0243850  0.0304557  0.0292598  0.0182656  0.0165482  0.0243514  0.0260203  0.0180418  0.0188699  0.0134278  0.0124097  0.0143535  0.0139039  0.0118490  0.0084024  0.0236380  0.0308778  0.0458298  0.0451584  0.0388817  0.0444269  0.0628449  0.0873258  0.0361935  0.0308738  0.0146870  0.0128497
 3  0.1195341  0.1188895  0.1271822  0.1209260  0.1117406  0.1473701  0.1313154  0.0913547  0.0900722  0.0910116  0.0954346  0.0936671  0.0977085  0.0950455  0.1043931  0.1106197  0.0995283  0.1081669  0.0951707  0.1133740  0.1139475  0.1188065  0.1116713  0.0761045  0.0762127  0.0756452  0.0823528
 4  0.0452728  0.0350800  0.0338940  0.0369334  0.0362306  0.0333226  0.0299415  0.0316535  0.0355989  0.0355931  0.0344612  0.0312715  0.0499213  0.0447057  0.0326324  0.0272423  0.0310716  0.0428392  0.0351443  0.0334050  0.0274473  0.0322478  0.0303746  0.0390459  0.0429134  0.0343728  0.0293745
 1  0.1102676  0.0810587  0.0754393  0.1135623  0.1042883  0.1040246  0.0978507  0.1693585  0.2093556  0.2099874  0.2663624  0.1160114  0.1040906  0.1668577  0.1498833  0.0932364  0.0807032  0.0909619  0.0929358  0.1161306  0.0896171  0.0727988  0.0706896  0.1112107  0.1361287  0.1102945  0.0942169
 2  0.0212429  0.0151811  0.0143630  0.0206769  0.0194553  0.0192056  0.0181980  0.0342529  0.0459212  0.0477748  0.0476052  0.0194755  0.0187489  0.0289624  0.0266241  0.0164626  0.0145937  0.0179075  0.0191655  0.0202280  0.0154637  0.0134667  0.0143850  0.0254646  0.0347600  0.0229590  0.0174957
 3  0.1019949  0.1253283  0.1170557  0.1240079  0.1213585  0.1226631  0.1226998  0.1484873  0.1455156  0.1393073  0.1257921  0.1315857  0.1176160  0.1179948  0.1210246  0.1034054  0.0883678  0.0915615  0.0792187  0.1063009  0.1114014  0.1141997  0.1025856  0.1115587  0.1059922  0.0822660  0.0874440
 4  0.0398775  0.0387454  0.0371476  0.0372601  0.0364850  0.0393329  0.0334429  0.0275057  0.0272868  0.0375795  0.0394390  0.0362919  0.0307417  0.0382550  0.0374952  0.0373508  0.0320232  0.0322305  0.0403292  0.0453225  0.0366837  0.0311365  0.0238646  0.0257379  0.0375508  0.0410895  0.0339503
 1  0.1249681  0.1281330  0.1225366  0.3461145  0.5126236  0.2584519  0.2325132  0.1487780  0.1265740  0.1061454  0.0982881  0.0801613  0.0744142  0.1300924  0.1335263  0.0837269  0.0747859  0.0934983  0.0954360  0.0595747  0.0560273  0.0882387  0.1027606  0.0695409  0.0642839  0.0732283  0.0620573
 2  0.0235296  0.0232448  0.0223211  0.0668515  0.1024279  0.0406008  0.0339446  0.0233402  0.0216040  0.0197221  0.0168431  0.0144815  0.0149964  0.0272934  0.0270905  0.0160829  0.0147754  0.0192727  0.0202030  0.0123608  0.0121311  0.0208278  0.0252633  0.0154756  0.0132507  0.0137536  0.0114093
 3  0.1159195  0.1547146  0.1486280  0.1551588  0.1452097  0.2952360  0.1227667  0.0767359  0.0750002  0.0944391  0.0996140  0.0981481  0.0809810  0.0703098  0.0694763  0.0732533  0.0655216  0.0694686  0.0710891  0.0701039  0.0720989  0.0720885  0.0642372  0.0681099  0.0798880  0.0722672  0.0684718
 4  0.0433172  0.0395661  0.0338040  0.0271869  0.0299583  0.0351020  0.0339131  0.0326408  0.0333624  0.0341636  0.0357346  0.0301422  0.0271319  0.0338201  0.0337719  0.0366367  0.0292236  0.0323826  0.0337975  0.0349151  0.0287679  0.0269976  0.0354239  0.0351996  0.0394242  0.0367756  0.0345111
 1  0.1235830  0.1063336  0.0994363  0.1596674  0.1407238  0.1305639  0.1387903  0.1935932  0.2620591  0.0603148  0.0357219  0.0740635  0.0732808  0.1247360  0.1251137  0.2285083  0.2655509  0.3923127  0.5638269  0.3538444  0.2520478  0.2997996  0.3226406  0.2040951  0.2163802  0.1166565  0.1043611
 2  0.0244388  0.0200164  0.0186341  0.0281063  0.0232649  0.0232457  0.0276523  0.0430594  0.0567686  0.0088058  0.0055366  0.0131376  0.0147930  0.0259043  0.0238337  0.0437597  0.0509986  0.0747161  0.1030665  0.0476302  0.0371340  0.0487242  0.0573168  0.0379888  0.0388186  0.0212180  0.0168388
 3  0.1139036  0.1175394  0.1129033  0.1184361  0.1346357  0.1699249  0.1529816  0.1334820  0.1334816  0.1133168  0.1396196  0.1233369  0.1161336  0.1225160  0.1369255  0.1424439  0.1538454  0.1512515  0.1454545  0.1219485  0.1437639  0.1124151  0.1047276  0.0861126  0.1062350  0.0776808  0.0762215
 4  0.0466939  0.0382789  0.0365920  0.0389893  0.0347394  0.0330238  0.0256972  0.0286309  0.0525209  0.0449062  0.0371804  0.0308739  0.0317268  0.0380467  0.0404166  0.0348538  0.0365827  0.0343884  0.0404369  0.0395024  0.0351342  0.0278676  0.0299137  0.0328809  0.0330962  0.0398320  0.0382450
 1  0.1114495  0.0997521  0.0965465  0.1034287  0.1095971  0.0511032  0.0517367  0.0760995  0.0675282  0.0464296  0.0385124  0.0868496  0.0855522  0.1201544  0.1350063  0.2063338  0.2700472  0.2986600  0.4368742  0.2212626  0.1797417  0.0583985  0.0480957  0.1284778  0.1351039  0.1226175  0.0995641
 2  0.0220729  0.0191440  0.0183878  0.0202792  0.0214386  0.0103667  0.0101148  0.0145219  0.0115679  0.0079255  0.0071327  0.0168116  0.0174407  0.0257080  0.0300165  0.0469759  0.0629738  0.0698430  0.0808326  0.0351251  0.0255549  0.0093338  0.0087607  0.0258433  0.0274715  0.0221690  0.0167658
 3  0.1026403  0.1471826  0.1373896  0.1453633  0.1287009  0.1234204  0.1142202  0.1067684  0.1076570  0.1189610  0.1114531  0.1278522  0.1188015  0.1216422  0.1047809  0.1074390  0.1009709  0.1191131  0.1031279  0.0978090  0.1060363  0.0838716  0.0785004  0.0960109  0.0914306  0.0903395  0.0973524
 4  0.0426156  0.0354804  0.0336465  0.0335275  0.0303578  0.0352074  0.0360609  0.0393166  0.0389325  0.0375751  0.0329435  0.0345026  0.0316194  0.0310186  0.0283394  0.0273014  0.0257468  0.0359393  0.0369567  0.0384856  0.0379998  0.0321265  0.0337442  0.0348911  0.0373597  0.0423724  0.0370647
 1  0.1170474  0.1108915  0.1049467  0.0903663  0.0886989  0.0715118  0.0677742  0.1828998  0.2351258  0.0439321  0.0381402  0.0769288  0.0689477  0.1474905  0.1739817  0.1879522  0.2214477  0.1391439  0.1343869  0.1476286  0.1389337  0.1138368  0.0933813  0.0689102  0.0685753  0.0631818  0.0663280
 2  0.0222378  0.0203095  0.0193982  0.0171262  0.0164355  0.0132872  0.0134712  0.0395157  0.0481213  0.0084359  0.0065694  0.0136822  0.0130764  0.0309597  0.0392124  0.0427344  0.0496114  0.0279084  0.0254383  0.0275772  0.0246622  0.0192393  0.0166438  0.0134450  0.0150592  0.0148051  0.0157790
 3  0.1084871  0.1458704  0.1510014  0.1228816  0.1354070  0.1201616  0.1099990  0.1475764  0.1331961  0.0926548  0.0894685  0.0972464  0.0983896  0.1110252  0.1059159  0.0644013  0.0654168  0.0799780  0.0824167  0.0755642  0.0660607  0.0966145  0.1006958  0.0729038  0.0693390  0.0680760  0.0681966
 4  0.0409754  0.0398032  0.0388367  0.0344506  0.0374168  0.0333367  0.0281836  0.0334085  0.0350015  0.0386270  0.0399116  0.0377307  0.0296446  0.0286693  0.0284138  0.0332735  0.0334111  0.0377227  0.0356777  0.0377072  0.0368915  0.0361082  0.0353468  0.0278719  0.0275930  0.0312482  0.0365091
 1  0.1287303  0.1083194  0.1011323  0.2336814  0.2165926  0.4930676  0.7623218  0.3735701  0.3145535  0.3540106  0.3510490  0.5402391  0.6759273  0.3821280  0.2651464  0.2339206  0.2032247  0.1194334  0.1245174  0.0950748  0.0989549  0.0513150  0.0490917  0.1452349  0.1549134  0.1691688  0.2029832
 2  0.0248432  0.0199418  0.0186130  0.0397482  0.0363145  0.0885775  0.1078766  0.0482881  0.0488848  0.0552877  0.0532464  0.0834964  0.1006931  0.0504107  0.0302569  0.0330720  0.0340779  0.0221473  0.0246864  0.0197558  0.0209604  0.0106238  0.0098251  0.0291690  0.0318229  0.0363877  0.0407200
 3  0.1190409  0.1374769  0.1307660  0.1404077  0.1713079  0.1625618  0.1388734  0.1875956  0.1699549  0.1520773  0.1684408  0.1669651  0.1579537  0.1735105  0.1793470  0.1660586  0.1736920  0.1193553  0.1089377  0.0926041  0.0921185  0.0864117  0.1000086  0.1167534  0.1279811  0.1251470  0.1166566
 4  0.0466638  0.0371655  0.0388717  0.0378243  0.0360581  0.0371239  0.0415327  0.0419900  0.0343438  0.0380138  0.0418610  0.0376533  0.0372841  0.0551872  0.0500644  0.0358032  0.0336105  0.0294301  0.0290282  0.0302401  0.0308392  0.0318328  0.0359241  0.0301800  0.0299903  0.0297326  0.0377598
 1  0.1219628  0.1219804  0.1158471  0.1089425  0.1189044  0.1003806  0.0929237  0.0767184  0.0723394  0.0948465  0.0983126  0.1605929  0.1945800  0.1169218  0.1039987  0.0673934  0.0504136  0.0829543  0.0494091  0.1496011  0.1590394  0.2010070  0.2922093  0.1752931  0.2382550  0.1254221  0.1136152
 2  0.0230466  0.0222855  0.0212852  0.0209229  0.0247328  0.0195908  0.0171308  0.0141990  0.0139060  0.0190673  0.0210622  0.0364597  0.0389759  0.0223780  0.0160077  0.0107101  0.0078869  0.0113766  0.0074502  0.0267508  0.0334187  0.0494287  0.0799009  0.0476409  0.0533208  0.0233859  0.0197756
 3  0.1131144  0.1416996  0.1532269  0.1523072  0.1641264  0.1061263  0.1139762  0.1172105  0.1118383  0.1080300  0.1111978  0.1327458  0.1291002  0.0765425  0.0901399  0.1061486  0.1001855  0.1218505  0.1096200  0.1032328  0.1021151  0.0950817  0.0976547  0.1005527  0.0968337  0.0830307  0.0936408
 4  0.0426943  0.0376858  0.0350200  0.0289682  0.0327467  0.0362949  0.0325979  0.0329470  0.0323179  0.0295973  0.0297650  0.0315530  0.0352555  0.0412157  0.0419526  0.0414383  0.0544520  0.0517939  0.0344152  0.0265472  0.0247861  0.0229000  0.0277939  0.0333923  0.0353849  0.0385803  0.0389694
 1  0.1113715  0.0991147  0.0960121  0.1167891  0.1081751  0.1462208  0.1579192  0.2399513  0.3031879  0.1040202  0.0949200  0.0571738  0.0424121  0.0893716  0.0895508  0.1441153  0.1353567  0.1393635  0.1448831  0.1541404  0.1659218  0.1690671  0.1049658  0.1216195  0.1349651  0.1083195  0.1248682
 2  0.0213932  0.0185077  0.0179597  0.0210947  0.0198787  0.0275746  0.0307586  0.0492050  0.0642440  0.0203073  0.0168654  0.0093397  0.0072968  0.0169458  0.0191047  0.0292478  0.0250624  0.0263563  0.0288228  0.0314298  0.0358881  0.0254825  0.0164971  0.0225347  0.0290229  0.0259177  0.0315168
 3  0.1030635  0.1666771  0.1592369  0.1190556  0.1103057  0.1664146  0.1600007  0.0890066  0.1011022  0.0769212  0.0663748  0.0777894  0.0794842  0.0944278  0.0936627  0.1019319  0.1208194  0.1173309  0.1248296  0.0725011  0.0681571  0.0737068  0.0850152  0.1124587  0.1065281  0.0634881  0.0629323
 4  0.0401234  0.0411360  0.0400526  0.0379473  0.0313613  0.0363717  0.0325648  0.0272326  0.0302927  0.0410915  0.0391684  0.0408106  0.0345819  0.0305703  0.0336819  0.0407924  0.0384702  0.0302443  0.0317480  0.0328045  0.0509946  0.0448741  0.0343539  0.0256765  0.0278070  0.0308965  0.0320238
 1  0.1145158  0.0692925  0.0632059  0.0835876  0.0841268  0.1992909  0.2712360  0.1017939  0.0839457  0.0793366  0.0642059  0.0587439  0.0428718  0.0839261  0.0841526  0.0565678  0.0577653  0.0697960  0.0779433  0.0912873  0.0991426  0.0937360  0.0902808  0.0953337  0.1063601  0.0430749  0.0419758
 2  0.0226344  0.0130720  0.0120449  0.0162759  0.0174225  0.0446655  0.0601358  0.0181211  0.0146464  0.0132348  0.0113897  0.0095761  0.0073362  0.0159019  0.0172533  0.0123240  0.0134808  0.0169814  0.0188825  0.0217228  0.0232469  0.0201396  0.0190954  0.0215714  0.0233194  0.0092959  0.0093411
 3  0.1056338  0.1160258  0.1272071  0.1137939  0.1294705  0.1302284  0.1464522  0.1237171  0.1214050  0.1103675  0.1299377  0.1043660  0.0843108  0.1174151  0.1130070  0.0693642  0.0737811  0.0875177  0.0775542  0.0620549  0.0650860  0.0564520  0.0725500  0.0710149  0.0693895  0.0677579  0.0666915
 4  0.0427542  0.0377523  0.0342260  0.0287131  0.0315156  0.0251621  0.0367948  0.0402581  0.0367157  0.0352574  0.0443344  0.0424067  0.0351618  0.0319636  0.0322553  0.0305845  0.0329163  0.0299121  0.0299817  0.0302035  0.0329305  0.0344756  0.0316871  0.0295969  0.0339264  0.0326467  0.0310406
 1  0.1157815  0.0694723  0.0635348  0.0985108  0.0977260  0.1300805  0.1370743  0.0811023  0.0832402  0.1019615  0.1047129  0.0659063  0.0537164  0.0612380  0.0681560  0.1024878  0.1125013  0.0931538  0.0972033  0.1023439  0.1018213  0.0361128  0.0333201  0.0623635  0.0594777  0.0894553  0.0768614
 2  0.0229241  0.0132355  0.0121967  0.0191983  0.0191316  0.0257766  0.0276749  0.0166084  0.0171507  0.0217531  0.0187383  0.0110490  0.0098022  0.0126655  0.0161938  0.0248941  0.0254544  0.0197923  0.0200910  0.0205069  0.0204333  0.0071688  0.0069883  0.0131675  0.0117666  0.0163434  0.0145659
 3  0.1066490  0.1127454  0.1095498  0.1080406  0.1152478  0.1148310  0.1225459  0.1074526  0.0991824  0.1052721  0.1049761  0.1289646  0.1244130  0.1194539  0.1051014  0.1122851  0.1044509  0.1040878  0.1149912  0.1161313  0.1087501  0.0857597  0.0873598  0.0898631  0.0960843  0.0995995  0.1005027
 4  0.0440659  0.0357522  0.0329821  0.0312619  0.0349483  0.0317328  0.0337456  0.0324296  0.0278624  0.0388093  0.0427809  0.0383742  0.0282449  0.0264388  0.0281516  0.0363819  0.0353878  0.0310625  0.0340372  0.0333012  0.0312603  0.0339324  0.0315976  0.0345484  0.0363283  0.0357311  0.0296962
 1  0.1290325  0.0987184  0.0895550  0.0885470  0.0754657  0.1106481  0.0937743  0.1038546  0.1224182  0.1029303  0.1121443  0.1418983  0.1528343  0.0914991  0.0897403  0.1465791  0.1809439  0.1693273  0.1481626  0.0638004  0.0411639  0.0458654  0.0415638  0.1078720  0.1186637  0.1755845  0.2361731
 2  0.0246445  0.0180101  0.0165316  0.0157305  0.0127709  0.0184126  0.0169970  0.0213228  0.0282398  0.0239825  0.0249799  0.0299753  0.0291728  0.0171930  0.0183912  0.0328513  0.0408441  0.0324097  0.0244051  0.0092274  0.0066300  0.0083620  0.0081027  0.0230843  0.0277576  0.0440400  0.0601698
 3  0.1195162  0.1127639  0.1054836  0.1191033  0.1191677  0.1195490  0.1170072  0.1372523  0.1317407  0.1036491  0.1047814  0.1180361  0.1336458  0.1133207  0.0913425  0.1207635  0.1170319  0.1027435  0.1120017  0.0813492  0.0896440  0.0776409  0.0826812  0.0971359  0.1005880  0.0914090  0.0847605
 4  0.0458670  0.0395570  0.0340264  0.0410110  0.0404117  0.0356897  0.0302175  0.0270743  0.0296555  0.0340620  0.0330608  0.0338178  0.0373814  0.0336266  0.0229103  0.0266307  0.0362401  0.0407725  0.0460754  0.0407765  0.0368709  0.0346570  0.0353871  0.0282911  0.0290642  0.0269966  0.0273855
 1  0.1183230  0.0823829  0.0752976  0.1721524  0.1947163  0.1491844  0.1601146  0.1200784  0.1003302  0.0545871  0.0462672  0.1288256  0.1466828  0.1593904  0.1798632  0.0888810  0.0825186  0.1339696  0.1158328  0.1100920  0.0978531  0.1405967  0.1425400  0.1240067  0.1387243  0.0659378  0.0575989
 2  0.0224026  0.0152347  0.0141952  0.0340585  0.0384725  0.0292288  0.0315126  0.0211120  0.0169345  0.0093629  0.0084917  0.0259804  0.0324727  0.0357181  0.0356887  0.0166777  0.0156759  0.0245028  0.0189625  0.0188142  0.0183015  0.0272578  0.0293422  0.0276146  0.0298311  0.0128816  0.0111090
 3  0.1097152  0.1147376  0.1149370  0.1238000  0.1195975  0.1200288  0.1207699  0.1156609  0.1152428  0.1165089  0.1210573  0.1353890  0.1364128  0.1102706  0.1083849  0.0971448  0.0868859  0.0995223  0.0887035  0.1051332  0.1093663  0.0895569  0.0926503  0.0641945  0.0619086  0.0676283  0.0744180
 4  0.0420017  0.0377212  0.0316996  0.0303482  0.0310573  0.0324280  0.0374011  0.0417233  0.0372143  0.0371109  0.0330590  0.0294176  0.0295653  0.0366374  0.0361841  0.0323242  0.0334839  0.0393332  0.0371524  0.0342189  0.0335876  0.0330927  0.0320175  0.0323350  0.0381187  0.0376636  0.0338200
 1  0.1082802  0.1142389  0.1084431  0.0911456  0.0993083  0.1980524  0.2639731  0.1285953  0.1138054  0.0500176  0.0324912  0.0840227  0.0879297  0.2080566  0.2729422  0.2216122  0.2316011  0.0453192  0.0330663  0.1130955  0.1186601  0.3132658  0.4000780  0.1828593  0.1603838  0.1740575  0.1224243
 2  0.0206362  0.0212219  0.0204152  0.0181871  0.0210072  0.0442256  0.0592833  0.0245241  0.0196336  0.0074564  0.0053078  0.0159030  0.0188421  0.0485670  0.0637564  0.0461950  0.0382968  0.0070198  0.0056369  0.0216182  0.0247115  0.0666088  0.0776425  0.0318634  0.0237455  0.0251512  0.0190053
 3  0.1003378  0.1248056  0.1205686  0.1283642  0.1200761  0.1261576  0.1313991  0.0891012  0.0974762  0.0699909  0.0909761  0.1195264  0.1039423  0.1107636  0.1068988  0.0973604  0.1154255  0.0861250  0.0886780  0.1134790  0.0982873  0.0952157  0.1107046  0.0963155  0.0739175  0.0804875  0.0814174
 4  0.0383101  0.0344332  0.0320873  0.0308661  0.0298377  0.0266448  0.0326866  0.0374616  0.0455605  0.0378960  0.0348716  0.0256935  0.0276309  0.0302486  0.0296930  0.0398912  0.0392835  0.0373100  0.0329977  0.0316456  0.0292246  0.0332675  0.0373636  0.0465526  0.0427342  0.0397702  0.0375011
 1  0.1326288  0.1176636  0.1076814  0.1325380  0.1426834  0.1121365  0.0947884  0.1566193  0.1503236  0.1989165  0.2609254  0.0976012  0.0977597  0.1026228  0.0918403  0.0920803  0.0717789  0.1036798  0.0967737  0.1687808  0.2032860  0.1904741  0.2034942  0.1131858  0.1193401  0.0798724  0.0767970
 2  0.0249980  0.0212418  0.0196523  0.0255889  0.0284290  0.0205974  0.0155249  0.0268675  0.0285072  0.0423606  0.0568128  0.0203490  0.0199071  0.0198732  0.0155381  0.0154256  0.0112811  0.0179987  0.0193698  0.0375245  0.0456784  0.0398380  0.0407950  0.0227354  0.0247209  0.0164600  0.0158709
 3  0.1230205  0.1204560  0.1260090  0.1137045  0.1378201  0.0908711  0.1116607  0.1124174  0.1115228  0.1254503  0.1160098  0.0694135  0.0783930  0.0754123  0.0689808  0.1016438  0.1000595  0.0940514  0.1008464  0.0862143  0.0846515  0.0810707  0.0914127  0.0826265  0.0795174  0.0689331  0.0726270
 4  0.0462208  0.0338306  0.0311264  0.0299823  0.0379414  0.0404590  0.0385041  0.0320179  0.0267287  0.0253052  0.0328361  0.0342947  0.0339038  0.0434911  0.0431607  0.0438681  0.0401292  0.0325697  0.0290025  0.0329917  0.0325663  0.0359070  0.0346301  0.0342702  0.0331154  0.0346928  0.0316642
 1  0.1083181  0.1140063  0.1086118  0.0611446  0.0594213  0.0864174  0.0922528  0.1023180  0.1064417  0.0470165  0.0393403  0.0731383  0.0690920  0.0727200  0.0777916  0.0941001  0.0935716  0.0677621  0.0782810  0.0775762  0.0881945  0.0467641  0.0424053  0.0970715  0.1031047  0.1042771  0.0875228
 2  0.0208560  0.0213050  0.0205042  0.0117880  0.0117816  0.0178452  0.0190087  0.0216282  0.0188171  0.0080215  0.0073794  0.0138254  0.0135939  0.0151826  0.0164737  0.0191035  0.0193946  0.0152147  0.0187073  0.0189950  0.0221238  0.0100823  0.0085425  0.0198957  0.0222796  0.0196791  0.0159874
 3  0.1001866  0.1250834  0.1147443  0.1139069  0.1204724  0.1263750  0.1170990  0.1216222  0.1116726  0.1277982  0.1256971  0.1487087  0.1370061  0.1465562  0.1448595  0.1128270  0.1198851  0.1108146  0.1000085  0.0985292  0.0977720  0.0929962  0.1111639  0.1114747  0.1061934  0.1045552  0.1181436
 4  0.0388983  0.0367069  0.0350914  0.0327389  0.0334817  0.0328021  0.0315568  0.0397293  0.0429898  0.0360523  0.0331603  0.0382130  0.0349605  0.0349888  0.0390993  0.0350985  0.0309669  0.0266565  0.0269749  0.0283517  0.0301246  0.0342266  0.0338684  0.0282141  0.0360934  0.0381131  0.0328417
 1  0.1220607  0.3689111  0.4539826  0.2924666  0.3248284  0.2562487  0.2576039  0.1585729  0.1088724  0.0904757  0.0834918  0.1437475  0.1298924  0.1474349  0.1448937  0.1042138  0.1146667  0.1160635  0.1030753  0.2420495  0.2987514  0.1651005  0.0954998  0.1234211  0.1330279  0.1514010  0.1911476
 2  0.0234936  0.0679193  0.0768369  0.0484056  0.0552266  0.0427110  0.0440408  0.0231224  0.0169609  0.0156691  0.0155104  0.0266259  0.0235285  0.0273147  0.0282292  0.0224449  0.0236907  0.0219253  0.0198516  0.0489800  0.0627260  0.0233231  0.0146433  0.0223292  0.0281766  0.0368888  0.0485233
 3  0.1129126  0.1567709  0.1520251  0.1341886  0.1178728  0.1206927  0.1183586  0.1013604  0.1204503  0.1069936  0.0873661  0.0820181  0.0770886  0.0957080  0.0973708  0.0783643  0.0640989  0.0730479  0.0753878  0.0976426  0.1032352  0.0644595  0.0855272  0.1051522  0.0911524  0.0706667  0.0699582
 4  0.0437848  0.0406540  0.0368940  0.0309995  0.0303928  0.0309867  0.0354061  0.0398510  0.0323513  0.0327571  0.0368819  0.0388502  0.0362539  0.0319637  0.0300483  0.0334171  0.0368255  0.0399448  0.0330069  0.0272131  0.0464655  0.0441259  0.0356405  0.0291534  0.0252977  0.0303086  0.0340161
 1  0.1223909  0.0534962  0.0473016  0.0631741  0.0514251  0.1056653  0.1108601  0.1169662  0.1236127  0.1580292  0.1662408  0.3079090  0.4563369  0.4359920  0.6947435  0.1834884  0.1203291  0.0274840  0.0129729  0.0433248  0.0354558  0.0963574  0.1047030  0.1566501  0.1892812  0.1196773  0.1118985
 2  0.0234945  0.0099101  0.0089677  0.0109972  0.0092933  0.0202656  0.0211530  0.0227476  0.0244459  0.0307052  0.0321449  0.0628359  0.0956778  0.0808471  0.1140385  0.0217484  0.0114142  0.0030522  0.0018669  0.0070283  0.0065215  0.0199186  0.0238501  0.0380608  0.0380596  0.0219321  0.0214614
 3  0.1132614  0.1113027  0.1026396  0.1222086  0.1296353  0.1599384  0.1553409  0.1585895  0.1482931  0.1397768  0.1622327  0.1482287  0.1443936  0.2760642  0.4513426  0.9990000  0.0999291  0.0899211  0.0974410  0.1181579  0.1102870  0.1173938  0.1054223  0.0987309  0.0999856  0.1045297  0.0969047
 4  0.0441167  0.0343985  0.0354988  0.0408619  0.0343281  0.0376437  0.0402241  0.0373231  0.0349091  0.0342429  0.0339326  0.0274688  0.0272803  0.0389820  0.0535811  0.0743737  0.0512466  0.0404589  0.0402141  0.0343463  0.0312180  0.0312419  0.0282502  0.0389756  0.0415838  0.0351430  0.0321019
 1  0.1338174  0.0269737  0.0229041  0.0729252  0.0710860  0.0664511  0.0603912  0.0577154  0.0536118  0.0502092  0.0445293  0.0555634  0.0608806  0.0884940  0.1097479  0.0700961  0.0607769  0.1394286  0.1493506  0.1454163  0.1466373  0.1093175  0.1022120  0.1413187  0.1564174  0.2483110  0.3136302
 2  0.0253898  0.0049197  0.0043091  0.0142772  0.0142281  0.0129782  0.0112146  0.0113400  0.0091511  0.0089800  0.0087359  0.0119842  0.0147023  0.0237095  0.0288535  0.0144838  0.0120982  0.0280933  0.0305731  0.0290008  0.0298866  0.0211217  0.0191800  0.0283871  0.0329660  0.0535803  0.0654842
 3  0.1239903  0.1005466  0.0944924  0.0971887  0.1036645  0.0993105  0.0956189  0.1046837  0.0992328  0.1018599  0.1049067  0.1197737  0.1110777  0.0982155  0.0827573  0.0654501  0.0758874  0.1002229  0.1050959  0.0987071  0.0959053  0.1058718  0.1026530  0.0990959  0.1034313  0.0970933  0.0974283
 4  0.0476223  0.0376891  0.0335163  0.0331873  0.0355941  0.0383577  0.0349313  0.0378895  0.0407169  0.0344773  0.0306997  0.0287912  0.0241464  0.0270818  0.0375910  0.0393801  0.0340783  0.0313819  0.0336399  0.0325251  0.0343001  0.0383758  0.0335981  0.0283034  0.0325741  0.0300440  0.0300799
 1  0.1259169  0.0831957  0.0738317  0.0718574  0.0604178  0.1036157  0.1180828  0.1598999  0.1597024  0.1410131  0.1557757  0.2148660  0.2661361  0.1032719  0.0892239  0.1221343  0.1130630  0.2434992  0.2928492  0.2331073  0.2481483  0.1183810  0.0860064  0.1203711  0.1043520  0.1121838  0.0949052
 2  0.0239017  0.0150352  0.0136531  0.0124963  0.0110657  0.0209258  0.0240420  0.0305705  0.0297431  0.0269819  0.0313903  0.0448797  0.0510209  0.0179837  0.0157684  0.0217002  0.0213208  0.0485969  0.0537003  0.0419941  0.0456004  0.0191777  0.0133011  0.0202758  0.0174625  0.0187767  0.0176835
 3  0.1166749  0.1132107  0.1187797  0.1239533  0.1241821  0.1553007  0.1420995  0.1462179  0.1481987  0.1509283  0.1375253  0.1528055  0.1377550  0.1065607  0.1072198  0.1202123  0.1245973  0.1356939  0.1188484  0.1029349  0.1076951  0.0723043  0.0719419  0.1107053  0.1091423  0.1062808  0.1054430
 4  0.0437607  0.0363295  0.0378197  0.0373825  0.0306888  0.0331713  0.0370436  0.0390597  0.0353309  0.0351451  0.0303478  0.0345644  0.0362923  0.0348210  0.0358290  0.0320112  0.0334995  0.0338957  0.0335260  0.0300261  0.0355534  0.0436941  0.0391689  0.0349649  0.0407941  0.0353601  0.0298390
 1  0.1118120  0.1818013  0.1844351  0.1125757  0.1167376  0.1203636  0.1043843  0.1756778  0.1784805  0.1952408  0.1527224  0.1231202  0.1430054  0.2065850  0.2606559  0.2009645  0.2316896  0.1052487  0.1011062  0.0707178  0.0701602  0.0961272  0.0961267  0.0685273  0.0546231  0.0549138  0.0538993
 2  0.0220355  0.0345272  0.0343813  0.0215662  0.0221344  0.0210302  0.0189558  0.0324120  0.0283916  0.0286547  0.0250905  0.0235007  0.0291125  0.0443190  0.0577410  0.0424229  0.0465463  0.0198430  0.0197279  0.0142990  0.0149828  0.0204048  0.0203227  0.0124836  0.0099498  0.0108867  0.0109886
 3  0.1031050  0.1170201  0.1265843  0.1204097  0.1112485  0.1179873  0.1206545  0.1786489  0.1675529  0.1704039  0.1552773  0.1529264  0.1342593  0.1212492  0.1158454  0.0866651  0.1012257  0.1177027  0.0968368  0.0692834  0.0790342  0.0842183  0.0893214  0.0930760  0.0851565  0.0876957  0.0788904
 4  0.0419424  0.0352124  0.0340923  0.0331782  0.0375380  0.0351918  0.0351070  0.0484866  0.0569997  0.0486035  0.0333072  0.0303698  0.0313290  0.0307628  0.0260145  0.0304878  0.0316591  0.0324661  0.0305723  0.0297953  0.0317938  0.0291474  0.0362099  0.0342765  0.0308191  0.0300405  0.0321171
 1  0.1216805  0.1436062  0.1367940  0.1090261  0.1136509  0.1046413  0.1027764  0.0742327  0.0634797  0.1310107  0.1326026  0.2302037  0.2970627  0.2145922  0.1940740  0.1759353  0.1629526  0.0882090  0.0744401  0.1219506  0.1340219  0.1774912  0.1612666  0.1857248  0.1767945  0.2303914  0.2880114
 2  0.0233076  0.0264306  0.0251883  0.0209040  0.0223630  0.0208133  0.0182593  0.0129271  0.0112480  0.0244734  0.0262653  0.0482791  0.0650599  0.0398486  0.0341011  0.0306713  0.0286439  0.0154898  0.0137896  0.0251375  0.0273489  0.0332141  0.0280058  0.0320792  0.0323052  0.0457294  0.0606679
 3  0.1125661  0.1184960  0.1257032  0.1185840  0.1112553  0.1085631  0.1120808  0.1148623  0.1112846  0.1226720  0.1274172  0.1270211  0.1217512  0.0633346  0.0655066  0.0809003  0.0764554  0.0643778  0.0773196  0.1013209  0.0962818  0.0939602  0.1119343  0.1089245  0.1210432  0.1122030  0.1065820
 4  0.0435238  0.0361299  0.0320093  0.0335581  0.0314552  0.0371483  0.0401457  0.0383316  0.0338878  0.0312652  0.0303124  0.0283725  0.0331661  0.0371957  0.0363228  0.0387034  0.0347025  0.0330445  0.0334671  0.0301800  0.0367792  0.0385195  0.0398611  0.0346175  0.0333767  0.0302116  0.0398878
 1  0.1291358  0.0873879  0.0784458  0.0990276  0.0908255  0.1675589  0.1833993  0.2358213  0.2990794  0.1873123  0.1911848  0.1200752  0.0709025  0.1182613  0.1233521  0.1386714  0.1565998  0.0718605  0.0738211  0.0652682  0.0605504  0.1060541  0.1107643  0.0858655  0.0824805  0.1244812  0.1375842
 2  0.0246433  0.0158362  0.0144381  0.0179267  0.0169787  0.0320814  0.0357192  0.0475784  0.0573505  0.0342966  0.0329679  0.0160917  0.0110060  0.0213603  0.0250973  0.0302388  0.0331836  0.0149197  0.0153436  0.0131523  0.0125484  0.0225462  0.0234735  0.0175177  0.0173580  0.0274867  0.0291351
 3  0.1195893  0.1234382  0.1202261  0.1168918  0.1225183  0.1510915  0.1589425  0.1436824  0.1513088  0.1251372  0.1130775  0.1147749  0.1334071  0.1154538  0.1135341  0.1182605  0.1061990  0.1116840  0.1095919  0.0650587  0.0746755  0.0909112  0.0950781  0.0724829  0.0691462  0.0774457  0.0676475
 4  0.0454104  0.0383576  0.0356814  0.0348840  0.0344791  0.0334523  0.0340998  0.0331318  0.0334044  0.0341269  0.0423445  0.0433385  0.0355733  0.0271193  0.0297565  0.0307007  0.0305689  0.0329788  0.0312575  0.0329404  0.0328806  0.0292066  0.0337011  0.0332878  0.0288084  0.0332305  0.0321325
 1  0.1456978  0.1264619  0.1141761  0.1710465  0.1740160  0.1185647  0.1041539  0.1647937  0.1452166  0.1839917  0.2321966  0.1221692  0.1122111  0.0767582  0.0805110  0.1199421  0.1281606  0.0988785  0.1055634  0.0900017  0.0911497  0.0639642  0.0576622  0.0392021  0.0316437  0.1023539  0.1126573
 2  0.0272533  0.0224436  0.0204124  0.0305220  0.0313792  0.0216855  0.0153909  0.0258377  0.0256934  0.0370188  0.0511821  0.0245074  0.0219632  0.0157008  0.0173872  0.0266459  0.0283772  0.0219758  0.0228260  0.0192946  0.0197578  0.0135432  0.0101739  0.0067576  0.0060537  0.0215538  0.0260375
 3  0.1352938  0.1186183  0.1218703  0.1695656  0.1634037  0.1022644  0.1084614  0.1573260  0.1448275  0.1245158  0.1155900  0.0700937  0.0656256  0.0761993  0.0753134  0.0647807  0.0716204  0.0703765  0.0603283  0.0619631  0.0646286  0.0649154  0.0730463  0.0782035  0.0753606  0.0979545  0.0991809
 4  0.0503031  0.0366842  0.0366940  0.0383934  0.0375747  0.0430959  0.0460978  0.0402131  0.0299156  0.0265794  0.0332078  0.0375448  0.0324283  0.0283028  0.0312153  0.0312327  0.0326518  0.0301339  0.0303222  0.0301912  0.0332190  0.0406837  0.0429879  0.0349434  0.0304486  0.0277323  0.0402082
 1  0.1394635  0.1955862  0.1916273  0.1821608  0.1890437  0.1594480  0.1693192  0.1390131  0.1437642  0.0859685  0.0604463  0.0940812  0.0943522  0.0928330  0.0941267  0.0846991  0.0892706  0.0537465  0.0513575  0.0946779  0.0892576  0.1263123  0.1370301  0.1136944  0.1086817  0.1505436  0.1779708
 2  0.0258566  0.0346084  0.0335485  0.0325901  0.0340156  0.0295686  0.0338270  0.0281983  0.0273874  0.0136928  0.0102142  0.0177352  0.0181191  0.0188638  0.0210502  0.0196194  0.0195673  0.0117066  0.0096650  0.0177822  0.0171655  0.0260558  0.0294948  0.0234121  0.0223040  0.0323668  0.0415403
 3  0.1297000  0.1442342  0.1543133  0.1239116  0.1183828  0.1127777  0.1093062  0.0875299  0.1059254  0.0696238  0.0791491  0.1089131  0.1071785  0.0710831  0.0725571  0.0632881  0.0600466  0.0751661  0.0661922  0.1045821  0.1131128  0.0793223  0.0717572  0.0667538  0.0720058  0.0822202  0.0751347
 4  0.0471594  0.0400641  0.0343474  0.0353971  0.0320218  0.0280378  0.0264741  0.0319173  0.0423272  0.0391005  0.0325557  0.0336419  0.0356962  0.0287331  0.0293215  0.0327258  0.0319140  0.0401206  0.0383875  0.0357771  0.0304265  0.0334023  0.0353851  0.0340383  0.0319661  0.0301514  0.0286192
 1  0.1220500  0.1965221  0.2024381  0.1741479  0.1955433  0.1016699  0.0826921  0.1331941  0.1240125  0.1252711  0.1283915  0.1491765  0.1465767  0.2874200  0.3706826  0.3460697  0.2619033  0.1461568  0.1515117  0.2230173  0.2271911  0.1131459  0.1071404  0.1808236  0.1896538  0.0925101  0.0816044
 2  0.0232430  0.0360705  0.0364021  0.0329777  0.0363996  0.0170492  0.0145396  0.0236020  0.0216791  0.0234291  0.0249289  0.0281911  0.0273301  0.0558571  0.0747074  0.0517879  0.0395047  0.0250300  0.0279842  0.0405649  0.0413049  0.0206621  0.0199070  0.0355462  0.0339945  0.0161949  0.0157807
 3  0.1131263  0.1555079  0.1512773  0.1179209  0.1199164  0.1055111  0.1154976  0.1383443  0.1389872  0.1254094  0.1353772  0.1324591  0.1310796  0.1259506  0.1204913  0.1204807  0.1500840  0.1411894  0.1372871  0.1350944  0.1259505  0.0980813  0.0911122  0.0845280  0.0927298  0.0854048  0.0841006
 4  0.0431712  0.0384228  0.0309651  0.0332592  0.0397901  0.0365171  0.0353864  0.0398125  0.0358956  0.0300484  0.0354302  0.0344510  0.0345681  0.0288902  0.0377125  0.0429489  0.0356944  0.0289397  0.0352139  0.0340089  0.0346410  0.0325886  0.0320669  0.0358196  0.0397814  0.0363513  0.0314482
 1  0.1033990  0.1919849  0.2030097  0.2006121  0.2018543  0.1796100  0.1516641  0.0917097  0.0967856  0.0590121  0.0591875  0.0941184  0.1017962  0.0343760  0.0337730  0.1133382  0.1236149  0.1697907  0.2003197  0.1814944  0.1767294  0.1543448  0.1495056  0.1000676  0.0932041  0.0391517  0.0302111
 2  0.0201090  0.0364634  0.0377736  0.0356800  0.0341765  0.0286006  0.0258032  0.0174305  0.0209091  0.0131250  0.0128078  0.0206108  0.0215611  0.0073704  0.0071225  0.0246599  0.0272790  0.0382452  0.0437311  0.0357281  0.0324384  0.0282838  0.0278040  0.0193409  0.0166168  0.0066572  0.0055611
 3  0.0955240  0.1446122  0.1503927  0.1552714  0.1511974  0.1186382  0.1240607  0.1019853  0.1004070  0.0914923  0.0831473  0.0950344  0.1061673  0.0708822  0.0712804  0.0890145  0.0967842  0.0810377  0.0908384  0.0796617  0.0884082  0.0794175  0.0658198  0.0751792  0.0675205  0.0718098  0.0854899
 4  0.0379955  0.0395062  0.0376583  0.0401625  0.0407011  0.0352046  0.0312455  0.0252088  0.0282929  0.0341512  0.0279182  0.0291176  0.0337049  0.0360020  0.0333904  0.0317710  0.0297370  0.0290297  0.0376894  0.0335464  0.0342885  0.0360605  0.0311465  0.0390054  0.0403382  0.0375526  0.0346000
 1  0.1289827  0.1373227  0.1298186  0.0730927  0.0517248  0.0955792  0.1077280  0.1471058  0.0969886  0.1044676  0.1008350  0.1190414  0.1459341  0.1452049  0.1601602  0.1681580  0.1638250  0.1181780  0.0830800  0.1059028  0.1057810  0.1160217  0.1262073  0.1196250  0.1412192  0.1695563  0.2089747
 2  0.0254748  0.0256448  0.0239304  0.0114528  0.0086357  0.0183843  0.0236217  0.0238878  0.0145866  0.0176431  0.0189407  0.0251661  0.0347008  0.0338281  0.0328561  0.0309130  0.0296899  0.0180383  0.0130935  0.0187833  0.0209167  0.0243852  0.0278298  0.0274994  0.0336496  0.0406621  0.0469996
 3  0.1188967  0.1139794  0.1320364  0.1102376  0.1232780  0.1393869  0.1540311  0.1203419  0.1666675  0.1534409  0.1478556  0.1528891  0.1258802  0.1001782  0.1245640  0.1314666  0.1239321  0.1379934  0.1394619  0.1323377  0.1277706  0.1075099  0.1103946  0.0914068  0.0920390  0.0840279  0.0805241
 4  0.0485996  0.0332582  0.0434520  0.0379826  0.0317657  0.0258614  0.0484997  0.0537955  0.0454288  0.0341039  0.0310896  0.0319214  0.0296395  0.0358284  0.0405953  0.0385470  0.0429212  0.0502714  0.0400041  0.0322752  0.0316968  0.0338973  0.0326630  0.0280410  0.0283905  0.0312047  0.0341994
 1  0.1303734  0.1968530  0.1979550  0.3776659  0.4968323  0.1913111  0.1764286  0.1100570  0.0834649  0.0958200  0.0879834  0.1150316  0.1338697  0.1296551  0.0959473  0.1083483  0.0979412  0.1892182  0.2503510  0.2871709  0.1587105  0.1430678  0.1480199  0.2085892  0.2485919  0.1467826  0.1804085
 2  0.0246442  0.0358230  0.0354643  0.0686204  0.0906395  0.0332654  0.0251218  0.0166053  0.0136927  0.0168891  0.0170919  0.0251182  0.0318091  0.0244945  0.0146343  0.0179616  0.0186128  0.0414390  0.0595382  0.0394261  0.0222203  0.0240610  0.0296344  0.0448565  0.0540403  0.0329704  0.0393170
 3  0.1208495  0.1368379  0.1467042  0.1222142  0.1169500  0.1030471  0.1199919  0.0741168  0.0714586  0.1071141  0.0974526  0.0968485  0.0787936  0.0649267  0.0860952  0.1150135  0.1127060  0.1076366  0.1036261  0.1039871  0.1198043  0.1156515  0.1049653  0.0991702  0.0930401  0.1005806  0.1029026
 4  0.0458997  0.0405171  0.0356064  0.0292435  0.0277136  0.0396279  0.0394177  0.0347172  0.0333866  0.0318680  0.0272261  0.0270405  0.0372070  0.0487698  0.0415526  0.0328379  0.0277654  0.0276981  0.0587475  0.0532107  0.0371085  0.0299159  0.0276775  0.0340583  0.0287176  0.0296482  0.0326805
 1  0.1268093  0.1470103  0.1409486  0.1203420  0.1267483  0.1372708  0.1361686  0.1707091  0.1942253  0.0828507  0.0584203  0.0942802  0.0979918  0.1127951  0.1184001  0.1687495  0.1726742  0.1388416  0.1397385  0.2395757  0.3005901  0.1508259  0.1511515  0.1184325  0.0741453  0.1632040  0.1752502
 2  0.0247688  0.0274311  0.0259710  0.0230311  0.0245325  0.0260960  0.0264574  0.0348163  0.0384743  0.0133590  0.0100253  0.0182536  0.0205218  0.0250195  0.0256140  0.0351308  0.0319008  0.0257889  0.0281250  0.0514472  0.0644744  0.0302978  0.0290630  0.0173580  0.0117040  0.0295492  0.0351006
 3  0.1170336  0.1152368  0.1233946  0.1269396  0.1204841  0.1024323  0.1081940  0.0962021  0.0946041  0.0761255  0.0856077  0.0800783  0.0743760  0.0617412  0.0617642  0.0679256  0.0578813  0.1077999  0.0971645  0.0722367  0.0689641  0.0718658  0.0774609  0.0744503  0.0824935  0.1103379  0.0967529
 4  0.0472314  0.0361839  0.0343624  0.0327589  0.0338784  0.0308836  0.0269521  0.0328019  0.0387023  0.0390795  0.0334975  0.0312693  0.0326084  0.0318282  0.0330437  0.0379598  0.0317330  0.0331775  0.0293883  0.0312108  0.0328459  0.0352741  0.0476947  0.0418577  0.0352430  0.0303236  0.0362249
 1  0.1361934  0.1643699  0.1605587  0.1400001  0.1450128  0.1874753  0.1810884  0.1446956  0.0950423  0.1056619  0.1060632  0.0876037  0.0778924  0.0997904  0.1012824  0.1460762  0.1908873  0.2396315  0.2928263  0.0890005  0.0802590  0.1107470  0.1032720  0.2426550  0.1826357  0.1861674  0.1990128
 2  0.0264105  0.0301796  0.0287583  0.0254307  0.0275449  0.0340684  0.0321518  0.0208635  0.0146299  0.0186881  0.0217785  0.0177770  0.0143443  0.0192411  0.0211054  0.0339854  0.0475230  0.0572927  0.0578641  0.0163291  0.0141015  0.0203611  0.0196749  0.0381365  0.0297263  0.0334758  0.0377493
 3  0.1257440  0.1477746  0.1419986  0.1530553  0.1588695  0.1074853  0.1207111  0.1263597  0.1241571  0.1044146  0.0995696  0.0841738  0.0937821  0.0991415  0.1053547  0.1131934  0.1002958  0.0779742  0.0846658  0.0720732  0.0707104  0.0789985  0.0768463  0.1021719  0.1096618  0.1092993  0.1096970
 4  0.0501259  0.0388407  0.0345544  0.0338303  0.0339302  0.0352315  0.0435804  0.0439370  0.0380390  0.0311944  0.0339664  0.0377732  0.0401240  0.0304737  0.0272200  0.0264786  0.0272817  0.0343241  0.0335314  0.0355288  0.0341087  0.0333187  0.0491091  0.0411291  0.0346912  0.0315149  0.0363548
 1  0.1185326  0.1130652  0.1038336  0.0581163  0.0593481  0.1816802  0.2323901  0.0949667  0.0623183  0.1136804  0.1172739  0.1105621  0.1156580  0.1454542  0.1632158  0.2576870  0.3029774  0.0943852  0.0751161  0.1133921  0.1162889  0.1033129  0.1028337  0.1984425  0.2493268  0.2061041  0.1824262
 2  0.0227503  0.0208344  0.0193914  0.0113361  0.0125845  0.0408993  0.0470589  0.0142553  0.0098673  0.0205444  0.0222897  0.0221879  0.0234910  0.0302296  0.0333987  0.0528550  0.0511268  0.0148912  0.0135174  0.0224542  0.0236917  0.0211614  0.0221086  0.0447262  0.0533685  0.0367551  0.0318874
 3  0.1096772  0.1038809  0.1220523  0.1228251  0.1160302  0.1422894  0.1371460  0.1114892  0.1067388  0.1400015  0.1398562  0.1256278  0.1297409  0.1209436  0.1263282  0.1126433  0.1249540  0.0818952  0.0847466  0.0730346  0.0823799  0.0799262  0.0761674  0.0882739  0.0874706  0.1033973  0.1053161
 4  0.0422451  0.0325709  0.0336864  0.0303885  0.0269670  0.0316328  0.0451105  0.0424716  0.0346461  0.0308169  0.0355145  0.0348940  0.0354755  0.0290923  0.0321424  0.0366503  0.0430696  0.0360023  0.0313437  0.0321617  0.0351940  0.0330965  0.0301147  0.0289364  0.0353790  0.0373230  0.0287682
 1  0.1320631  0.0939170  0.0838598  0.0640754  0.0421218  0.1000761  0.1110855  0.0882755  0.0990945  0.1300289  0.1477660  0.1609932  0.1573223  0.1018114  0.0924644  0.1419308  0.1520981  0.0993241  0.0939126  0.0550567  0.0543408  0.0277431  0.0249863  0.0697774  0.0668781  0.1298594  0.1365477
 2  0.0255619  0.0171283  0.0154604  0.0096161  0.0069011  0.0186889  0.0230237  0.0197134  0.0212966  0.0275868  0.0321682  0.0320349  0.0283870  0.0181510  0.0176300  0.0284304  0.0316980  0.0199629  0.0188549  0.0115750  0.0109462  0.0055354  0.0052321  0.0145785  0.0138965  0.0271396  0.0295756
 3  0.1220465  0.1074104  0.1167846  0.1169950  0.1387761  0.1733229  0.1466945  0.1323237  0.1288766  0.1220394  0.1171895  0.1191222  0.1193410  0.0935816  0.0981304  0.1032162  0.1083177  0.0727728  0.0764357  0.0688783  0.0622676  0.0729925  0.0709518  0.0770806  0.0657222  0.0946004  0.0996964
 4  0.0476083  0.0357904  0.0485887  0.0445977  0.0372649  0.0309668  0.0292040  0.0328688  0.0369666  0.0317102  0.0284079  0.0409598  0.0383931  0.0332127  0.0313950  0.0289583  0.0334875  0.0351506  0.0314053  0.0330224  0.0379835  0.0333364  0.0347679  0.0382555  0.0361700  0.0308034  0.0321534
 1  0.1123856  0.0840909  0.0778218  0.1801617  0.2306906  0.3214450  0.3236998  0.1749194  0.1497849  0.1828072  0.1933259  0.0800339  0.0803937  0.1359193  0.1394511  0.2084900  0.2160170  0.1217788  0.1096115  0.1298068  0.1246029  0.1712016  0.1671769  0.1990176  0.2098611  0.2913238  0.3724733
 2  0.0216566  0.0157973  0.0148680  0.0371154  0.0497814  0.0605515  0.0442524  0.0260592  0.0230582  0.0312187  0.0366236  0.0160621  0.0155549  0.0260661  0.0272829  0.0388963  0.0379822  0.0206177  0.0199066  0.0233155  0.0231147  0.0310892  0.0304039  0.0359737  0.0388477  0.0553065  0.0715254
 3  0.1039106  0.1146316  0.1174673  0.1540452  0.1489079  0.1487391  0.1502797  0.1922257  0.1626488  0.1663215  0.1505576  0.1078891  0.1070916  0.1369624  0.1390417  0.1490823  0.1499662  0.1524298  0.1416039  0.1657934  0.1477285  0.1389478  0.1472496  0.1596294  0.1431473  0.1532620  0.1618927
 4  0.0408804  0.0354533  0.0307505  0.0283435  0.0325190  0.0516163  0.0454365  0.0420366  0.0375274  0.0345891  0.0313809  0.0332916  0.0355503  0.0371752  0.0344807  0.0406559  0.0405515  0.0371977  0.0387571  0.0398261  0.0391708  0.0379596  0.0392477  0.0377615  0.0351407  0.0335207  0.0390677
