FL 2019 2020 2021 2022 2023 2024 2025 2026 2027 2028 2029 2030 2031 2032 2033 2034 2035 2036 2037 2038 2039 2040 2041 2042 2043 2044 2045
 1    4109.00    3559.25    3559.25    3532.91    3532.91    6830.21    6830.21   13182.71   13182.71   10276.27   10276.27    3531.53    3531.53    4714.25    4714.25    6056.36    6056.36    3477.94    3477.94    1220.14    1220.14    2251.33    2251.33    6103.94    6103.94   11363.81   11363.81
 2     783.00     677.95     677.95     672.94     672.94    1300.99    1300.99    2510.99    2510.99    1957.38    1957.38     672.67     672.67     897.95     897.95    1153.59    1153.59     662.46     662.46     232.41     232.41     428.82     428.82    1162.66    1162.66    2164.54    2164.54
 3    3537.00    4520.76    4438.18    4605.44    4394.32   12063.94   13080.94   14032.78    8733.21    6735.74    4213.38    2303.57    2685.95    3726.23    2481.20    1567.31    1567.31    1547.43    1532.23    1442.69    2149.32    4521.38    4193.00    5766.09    5689.93    7115.50    5334.32
 4    1379.00    1538.64    1143.04    1878.82    3372.97    4445.43    2478.18    2093.81    1119.05    1115.89    1007.70    1077.64     820.19     791.77     726.13     901.79     901.79     604.89     734.71    1319.39    1265.04    1563.07    1371.58    2198.58    1680.81    1659.32     959.40
 1    4109.00    3542.15    3542.15    5757.91    5757.91    4695.31    4695.31    4958.18    4958.18    5016.40    5016.40    2798.33    2798.33    3000.23    3000.23    2728.11    2728.11    4016.63    4016.63   20496.17   20496.17   10887.95   10887.95    3721.87    3721.87    1347.65    1347.65
 2     783.00     674.70     674.70    1096.74    1096.74     894.34     894.34     944.42     944.42     955.50     955.50     533.02     533.02     571.47     571.47     519.64     519.64     765.07     765.07    3904.03    3904.03    2073.90    2073.90     708.93     708.93     256.70     256.70
 3    3537.00    3577.78    4366.89    4755.86    4329.98    3379.18    4027.43    4708.21    4353.18    4132.01    4369.01    3908.03    4058.29    3831.52    4018.07    5078.98    3925.32    5809.11    7185.76    9424.08    6436.72    3623.36    3344.24    3344.24    3344.24     978.15    1440.52
 4    1379.00    1227.92    1164.35    1057.27    1031.21    1222.23    1333.63    1288.38    1435.31    1396.98    1119.14    1233.74     993.47    1176.31    1150.90    1378.66    2365.49    2348.08    1825.29    1600.07    1309.51     958.06     720.74     720.74     720.74     637.24     722.87
 1    4109.00    5205.35    5205.35    5276.96    5276.96   11128.66   11128.66    5089.39    5089.39    3283.43    3283.43    4350.65    4350.65    2309.54    2309.54    5828.59    5828.59    5947.79    5947.79    5160.08    5160.08    8151.53    8151.53    3485.33    3485.33    4744.28    4744.28
 2     783.00     991.50     991.50    1005.14    1005.14    2119.74    2119.74     969.41     969.41     625.42     625.42     828.70     828.70     439.91     439.91    1110.21    1110.21    1132.91    1132.91     982.87     982.87    1552.67    1552.67     663.87     663.87     903.67     903.67
 3    3537.00    3981.96    4422.98    5528.23    6672.49    6045.99    5105.70    3554.71    4042.62    3011.59    3016.27    2906.30    2961.53    2720.07    2699.43    3223.94    2550.13    2292.00    2264.56    3111.81    2914.87    2500.40    2212.35    1428.81    2477.16    3487.86    3522.30
 4    1379.00    1270.59    1394.28    1578.98    1504.98    1185.16    1112.56    1003.56    1004.53     735.31     688.76     995.25    1018.53     954.73     978.22    1091.16    1091.77    1090.11    1131.76    1185.91     892.36     795.45    1011.11    1364.51    1615.68    1503.14    1026.22
 1    4109.00    1691.38    1691.38    6588.12    6588.12    5214.59    5214.59    2382.07    2382.07    2355.28    2355.28    4112.26    4112.26    4959.57    4959.57    6394.08    6394.08    9806.87    9806.87    6940.63    6940.63    9894.65    9894.65    9824.89    9824.89    5988.44    5988.44
 2     783.00     322.17     322.17    1254.88    1254.88     993.26     993.26     453.73     453.73     448.62     448.62     783.29     783.29     944.68     944.68    1217.92    1217.92    1867.98    1867.98    1322.02    1322.02    1884.70    1884.70    1871.41    1871.41    1140.66    1140.66
 3    3537.00    3175.26    3603.24    5546.59    5191.52    3721.81    3171.91    2217.24    3027.53    3721.41    5853.43    5559.73    5678.27    7440.85    6954.10    6394.49    4932.20    5150.83    4356.27    3330.05    3616.52    4847.27    4409.88    3957.82    2874.14    2233.52    2071.28
 4    1379.00    1364.01    1355.15    1273.35    1118.62     921.30    1094.00    1317.91    2248.62    2121.16    2297.78    2457.10    2058.17    1735.36    1713.97    1564.83    1665.17    1449.03    1489.32    1586.57    2103.89    2068.10    1508.49    1070.87     901.09     899.51     827.26
 1    4109.00    3185.03    3185.03    4179.25    4179.25    8452.29    8452.29   16795.09   16795.09   14923.99   14923.99    3177.64    3177.64    2309.08    2309.08    8904.59    8904.59    8454.60    8454.60    3500.57    3500.57    8583.50    8583.50    9340.25    9340.25    1562.02    1562.02
 2     783.00     606.67     606.67     796.05     796.05    1609.96    1609.96    3199.06    3199.06    2842.66    2842.66     605.26     605.26     439.82     439.82    1696.11    1696.11    1610.40    1610.40     666.78     666.78    1634.95    1634.95    1779.10    1779.10     297.53     297.53
 3    3537.00    4065.71    4258.11    4420.26    4604.20    8233.14    7788.86    7485.58    5979.30    5387.78    4904.28    2210.76    1784.87    2436.92    3491.46    5564.30    4919.38    3718.51    2674.14    2629.59    2974.31    4175.43    3523.53    2505.73    2505.73    2505.73    1022.59
 4    1379.00    1241.40    1260.17    1434.66    1814.52    2032.66    2127.61    1798.22    1843.17    1299.70     857.52     796.89    1462.76    1522.78    1619.09    1182.27     983.12     890.46    1364.93    1439.73    1075.33     901.24     727.61     582.85     582.85     582.85     890.59
 1    4109.00    6033.26    6033.26    7534.76    7534.76    6569.18    6569.18    3467.31    3467.31    5007.62    5007.62    2937.86    2937.86    4461.53    4461.53    5995.37    5995.37    3814.73    3814.73    1970.43    1970.43    3824.44    3824.44    8882.41    8882.41    2767.84    2767.84
 2     783.00    1149.19    1149.19    1435.19    1435.19    1251.27    1251.27     660.44     660.44     953.83     953.83     559.59     559.59     849.82     849.82    1141.98    1141.98     726.62     726.62     375.32     375.32     728.46     728.46    1691.89    1691.89     527.21     527.21
 3    3537.00    4269.01    4438.04    5100.70    4702.14    4052.58    3858.49    2519.74    3580.84    6581.85    5770.44    3165.62    2587.46    3051.33    3318.81    3218.49    2591.13    1811.60    1542.23    1448.60    1688.81    2361.41    3517.17    4025.91    3200.71    2621.14    3115.90
 4    1379.00    1326.01    1377.45    1220.45    1014.53     849.64     988.74    1325.65    1651.10    1491.99     926.62     793.49     922.90    1086.49    1037.04     809.96     663.08     637.08     694.17     678.83    1169.32    1537.42    1341.93    1100.62    1318.01    1457.09    1341.91
 1    4109.00    5621.15    5621.15    2998.38    2998.38    3273.73    3273.73    2906.90    2906.90    2584.43    2584.43    2034.19    2034.19    1919.15    1919.15    8052.66    8052.66    3829.98    3829.98    2329.87    2329.87    4559.94    4559.94   11117.11   11117.11    7352.73    7352.73
 2     783.00    1070.70    1070.70     571.12     571.12     623.57     623.57     553.70     553.70     492.27     492.27     387.46     387.46     365.55     365.55    1533.84    1533.84     729.52     729.52     443.78     443.78     868.56     868.56    2117.54    2117.54    1400.52    1400.52
 3    3537.00    3920.24    4880.81    3950.99    5156.71    4951.41    3950.81    3513.52    2669.06    2669.06    2332.19    2237.47    3165.84    4409.23    4439.55    5058.32    4221.63    2760.93    2437.96    3890.80    5388.67    6362.77    7357.29    9936.46    8543.63    5277.92    4274.80
 4    1379.00    1277.02    1339.32    1373.76    1196.59     834.67     690.62     624.97     534.62     534.62     654.99    1151.45    1322.81    1223.81    1004.33     913.06     675.33     937.22    1962.38    2393.97    2216.98    2667.77    2478.78    2008.31    1561.07    1136.05     875.23
 1    4109.00     949.87     949.87    1333.33    1333.33    3813.35    3813.35   10279.96   10279.96    6780.77    6780.77   14576.10   14576.10    7208.12    7208.12    2893.51    2893.51    9176.71    9176.71   23629.45   23629.45   13692.29   13692.29    2687.45    2687.45    2400.55    2400.55
 2     783.00     180.93     180.93     253.97     253.97     726.35     726.35    1958.09    1958.09    1291.58    1291.58    2776.40    2776.40    1372.98    1372.98     551.14     551.14    1747.94    1747.94    4500.85    4500.85    2608.06    2608.06     511.90     511.90     457.25     457.25
 3    3537.00    2843.98    3608.38    3644.30    4044.04    3822.14    3175.99    5307.61    5985.53    7045.72    8332.58    7940.01    6232.51    3741.53    2847.48    1743.25    1886.79    6544.59    8971.44    7139.99    5969.35    4493.02    3178.09    1259.10    1831.95    2138.03    3149.46
 4    1379.00    1219.71    1206.98     987.31     839.78    1024.60    1692.36    1944.59    2381.90    2250.32    2101.75    1557.29    1070.26     769.12     707.80    1168.16    2646.68    3168.26    2379.86    2217.03    1647.67     978.45     838.17     808.77    1127.85    1544.44    2132.13
 1    4109.00    5379.53    5379.53    9046.42    9046.42    5409.56    5409.56    1232.15    1232.15    5101.40    5101.40   10297.52   10297.52    7343.49    7343.49    3969.04    3969.04    1893.74    1893.74    2028.64    2028.64    2548.39    2548.39    3626.24    3626.24    8564.09    8564.09
 2     783.00    1024.67    1024.67    1723.13    1723.13    1030.39    1030.39     234.70     234.70     971.70     971.70    1961.43    1961.43    1398.76    1398.76     756.01     756.01     360.71     360.71     386.41     386.41     485.41     485.41     690.71     690.71    1631.26    1631.26
 3    3537.00    4188.61    4409.12    5313.51    4454.11    3166.17    3755.04    2791.17    4664.58    8880.66   10326.59   10330.18    8042.67    5990.26    4607.15    3018.81    2720.94    1619.70    2018.05    2294.01    2525.19    2713.30    2774.28    3207.63    7116.46   13904.45   14005.47
 4    1379.00    1371.52    1245.31    1034.31    1038.57     914.21    1205.61    1665.07    2696.93    2936.22    2179.19    1762.69    1381.08    1191.72     760.49     582.06     655.43     893.57     887.84     968.13    1172.74    1080.15    1631.89    4667.44    5401.88    4119.54    2819.47
 1    4109.00    5736.19    5736.19    4100.25    4100.25    3922.38    3922.38    4074.84    4074.84    3449.29    3449.29    3217.37    3217.37    3374.91    3374.91    4443.52    4443.52    9549.54    9549.54    7866.01    7866.01    8930.92    8930.92    2290.13    2290.13    2559.94    2559.94
 2     783.00    1092.61    1092.61     781.00     781.00     747.12     747.12     776.16     776.16     657.01     657.01     612.83     612.83     642.84     642.84     846.38     846.38    1818.96    1818.96    1498.29    1498.29    1701.13    1701.13     436.22     436.22     487.61     487.61
 3    3537.00    4396.30    4692.86    3829.81    5185.95    5722.56    4609.20    3157.14    2902.65    3042.66    3279.09    3452.19    3560.75    3137.56    3694.77    4606.11    6031.17    8964.91    7344.06    5047.58    3752.07    2724.71    2196.14    1223.78    1282.06    2663.71    3167.36
 4    1379.00    1341.99    1595.26    1686.55    1506.59     999.41     770.44     752.20     699.51     868.36     947.79     803.22     862.36    1196.71    1604.14    2134.68    2260.76    1837.02    1121.96     831.96     708.80     791.52     626.10     677.43     955.84     871.65     903.99
 1    4109.00    2409.79    2409.79    3338.41    3338.41    4809.42    4809.42    5979.20    5979.20    5050.58    5050.58    3585.12    3585.12    9140.21    9140.21    8859.77    8859.77    8644.94    8644.94    4578.42    4578.42    6718.40    6718.40    4399.16    4399.16    5699.69    5699.69
 2     783.00     459.01     459.01     635.89     635.89     916.08     916.08    1138.90    1138.90     962.02     962.02     682.88     682.88    1740.99    1740.99    1687.58    1687.58    1646.66    1646.66     872.08     872.08    1279.70    1279.70     837.94     837.94    1085.66    1085.66
 3    3537.00    3603.96    4509.46    4833.15    4482.35    4286.87    4686.46    6776.96    6709.50    4961.40    3955.56    3425.07    4356.82    8142.80    8133.59    7804.50    8754.67    5507.55    5647.24    5479.68    4381.16    4133.78    3725.49    2450.05    2112.86    2045.97    1686.09
 4    1379.00    1260.48    1209.63    1248.23    1191.31    1227.55    1576.11    1187.32     990.27     971.29    1108.06    2107.29    2005.43    2293.50    2449.04    1737.10    1734.61    1507.78    1413.57    1123.22     917.33     977.58    1005.63     891.93     745.53     793.74    1296.01
 1    4109.00    3878.03    3878.03    5635.01    5635.01    6513.74    6513.74    5629.93    5629.93    3347.19    3347.19    2876.41    2876.41    7509.35    7509.35   12930.46   12930.46   10177.86   10177.86    4221.76    4221.76    5881.26    5881.26   10216.67   10216.67   14267.02   14267.02
 2     783.00     738.67     738.67    1073.34    1073.34    1240.71    1240.71    1072.37    1072.37     637.56     637.56     547.89     547.89    1430.35    1430.35    2462.94    2462.94    1938.64    1938.64     804.14     804.14    1120.24    1120.24    1946.03    1946.03    2717.53    2717.53
 3    3537.00    3467.80    4574.08    4270.64    4575.62    4331.65    3615.12    2252.44    1853.74    1642.65    1927.87    2986.58    3704.20    7641.03    7801.82    6962.96    5498.37    4219.33    3624.48    2309.93    2997.79    5376.18    5160.11    5089.69    7566.27    9024.23    7641.82
 4    1379.00    1223.65    1321.77    1285.17    1143.59     886.15     677.49     599.76     768.76     842.48    1336.08    2134.72    2593.04    2525.60    1748.07    1448.78    1179.83    1293.57    1276.61    1401.60    1701.13    1513.01    2056.39    2977.60    3040.51    2926.05    2445.69
 1    4109.00    4081.77    4081.77    2779.85    2779.85    2991.91    2991.91    2280.89    2280.89    5102.33    5102.33    4655.11    4655.11    4496.18    4496.18    2246.71    2246.71    3792.10    3792.10    3124.51    3124.51    4290.13    4290.13    7389.69    7389.69    5681.68    5681.68
 2     783.00     777.48     777.48     529.50     529.50     569.89     569.89     434.46     434.46     971.87     971.87     886.69     886.69     856.42     856.42     427.94     427.94     722.30     722.30     595.14     595.14     817.17     817.17    1407.56    1407.56    1082.22    1082.22
 3    3537.00    3061.24    3813.36    3805.87    3826.71    5240.20    5407.19    5320.50    5320.50    4122.34    2744.48    2652.59    2500.50    2510.81    2368.33    2036.15    2038.99    2353.15    4175.10    4352.35    4025.71    3777.16    3787.08    2982.50    2743.14    3343.52    5678.22
 4    1379.00    1042.41    1144.63    1012.32    1632.00    1568.64    1316.76     935.54     935.54     602.28     619.75     730.67     770.09     644.79     617.40     560.88     697.18    1220.27    1496.35    1112.00     898.96     811.23     776.77     923.59    1544.86    2743.40    2379.28
 1    4109.00    5537.53    5537.53    9581.42    9581.42    6482.32    6482.32   10216.67   10216.67    5992.14    5992.14    6730.88    6730.88    9280.19    9280.19    5201.20    5201.20    2953.10    2953.10    6109.49    6109.49   14804.33   14804.33    8147.37    8147.37    3740.81    3740.81
 2     783.00    1054.77    1054.77    1825.03    1825.03    1234.73    1234.73    1946.03    1946.03    1141.36    1141.36    1282.07    1282.07    1767.66    1767.66     990.70     990.70     562.50     562.50    1163.71    1163.71    2819.87    2819.87    1551.88    1551.88     712.54     712.54
 3    3537.00    4539.67    4880.61    4921.00    4093.32    2648.03    3382.24    5055.47    4605.99    2655.31    3209.88    3619.03    4578.70    4815.80    4127.03    2058.63    2266.83    3495.39    3446.81    7545.10    8155.69    7530.90    5452.14    2394.54    2231.98    1870.70    1887.17
 4    1379.00    1251.59    1244.80    1076.85    1098.65    1286.89    1427.31    1404.25    1007.93    1056.11    1568.51    1790.96    1621.82    1172.95     984.98    1191.27    1498.71    1741.44    2488.40    2663.38    2150.32    1379.47     931.29     805.80     846.54     822.66     635.33
 1    4109.00    4914.76    4914.76    4611.22    4611.22    3929.77    3929.77    3886.34    3886.34    4226.84    4226.84    1111.11    1111.11    6378.37    6378.37    5145.29    5145.29    6115.03    6115.03    4812.65    4812.65    3247.40    3247.40    2013.40    2013.40    3610.99    3610.99
 2     783.00     936.14     936.14     878.33     878.33     748.53     748.53     740.26     740.26     805.11     805.11     211.64     211.64    1214.93    1214.93     980.06     980.06    1164.77    1164.77     916.70     916.70     618.55     618.55     383.50     383.50     687.81     687.81
 3    3537.00    3689.97    4238.68    3330.57    4147.62    4153.48    4248.79    4248.79    4248.79    4248.79    1986.45    1578.55    3838.43    7735.73    6898.52    5732.95    4695.13    3095.77    2661.40    2232.97    2555.08    2354.93    2332.12    2250.55    2618.37    2927.45    3457.82
 4    1379.00    1101.32    1235.59    1327.21    1596.59    1228.27     857.29     857.29     857.29     857.29    1187.14    1981.21    2088.28    1556.00    1101.47     829.08     748.45     765.85     908.45    1213.87    1156.40     911.32     822.87     898.43    1165.50    1484.50    1755.47
 1    4109.00    4494.80    4494.80    2837.14    2837.14    6915.22    6915.22    8638.01    8638.01    7384.15    7384.15    6962.80    6962.80    6806.65    6806.65    4369.60    4369.60    6249.94    6249.94   11710.31   11710.31   15785.15   15785.15    9314.84    9314.84    7174.40    7174.40
 2     783.00     856.15     856.15     540.41     540.41    1317.18    1317.18    1645.34    1645.34    1406.50    1406.50    1326.25    1326.25    1296.50    1296.50     832.30     832.30    1190.46    1190.46    2230.54    2230.54    3006.70    3006.70    1774.26    1774.26    1366.55    1366.55
 3    3537.00    4619.53    4821.01    3921.45    3868.91    4771.13    4933.10    4984.59    5042.86    5062.56    5778.42    6832.38    6470.27    3527.91    3507.83    3530.96    4292.64    9722.41   11743.28   11829.01    9906.81    7075.85    4378.20    3323.35    4150.90    3392.35    3960.07
 4    1379.00    1422.91    1205.28    1003.43    1181.59    1399.33    1413.62    1468.47    1494.34    1813.36    2005.14    1689.30    1318.33    1173.48    1281.64    1955.97    3964.78    4251.81    3130.22    2082.49    1306.95    1101.44    1336.72    1594.58    2032.39    1976.00    2723.99
 1    4109.00    5696.92    5696.92    3598.06    3598.06    5823.97    5823.97    3465.92    3465.92    2620.93    2620.93    3071.38    3071.38    3858.16    3858.16   11006.69   11006.69   13097.70   13097.70   11863.24   11863.24   12818.65   12818.65    3488.56    3488.56    2275.81    2275.81
 2     783.00    1085.13    1085.13     685.34     685.34    1109.33    1109.33     660.18     660.18     499.22     499.22     585.02     585.02     734.89     734.89    2096.51    2096.51    2494.80    2494.80    2259.66    2259.66    2441.65    2441.65     664.49     664.49     433.49     433.49
 3    3537.00    3719.38    4128.48    3953.47    3956.08    5900.41    5285.07    3380.73    3204.26    3281.73    3746.14    3841.84    4059.26    4411.37    7275.66    9428.17    7587.11    6665.63    5001.05    5981.05    5594.50    4699.54    3137.09    1344.20    1269.19    1645.33    2377.06
 4    1379.00    1202.10    1176.51    1300.50    1434.10    1392.45    1083.85     949.81    1079.87    1212.92    1223.01    1082.87    1863.53    3151.51    2752.97    1939.45    1503.29    1957.69    1900.28    1790.34    1150.80    1021.81     722.07     618.52    1006.08    1041.10     879.98
 1    4109.00    3259.87    3259.87    5199.35    5199.35    5298.22    5298.22    9412.33    9412.33    6771.53    6771.53    3294.98    3294.98    5537.99    5537.99    3654.88    3654.88    4566.87    4566.87    6064.21    6064.21    5681.21    5681.21    8413.94    8413.94    5497.80    5497.80
 2     783.00     620.93     620.93     990.35     990.35    1009.18    1009.18    1792.82    1792.82    1289.82    1289.82     627.62     627.62    1054.86    1054.86     696.17     696.17     869.88     869.88    1155.09    1155.09    1082.14    1082.14    1602.66    1602.66    1047.20    1047.20
 3    3537.00    4656.46    4687.29    5248.93    5586.63    5818.23    6152.77    7750.71    6234.91    4282.27    2948.95    3365.18    3458.62    3620.09    4097.30    3745.53    3692.63    4302.23    3680.85    5100.69    6835.53    8292.26    7774.50    8067.50    6315.89    3857.15    4657.39
 4    1379.00    1493.01    1457.15    1721.68    1669.24    1911.14    1679.97    1174.26     810.65     796.15    1138.62    1146.80     909.42    1343.43    1382.98    1503.38    1412.39    1308.15    1534.62    2744.59    2661.05    2206.44    1431.64    1193.12    1215.83    1917.66    1966.35
 1    4109.00    4582.58    4582.58   12846.37   12846.37    3291.29    3291.29    2585.81    2585.81    2368.21    2368.21    2442.13    2442.13    4121.04    4121.04    2718.41    2718.41    3527.37    3527.37    2205.13    2205.13    3346.73    3346.73    2036.50    2036.50    2549.78    2549.78
 2     783.00     872.87     872.87    2446.93    2446.93     626.91     626.91     492.54     492.54     451.09     451.09     465.17     465.17     784.96     784.96     517.79     517.79     671.88     671.88     420.02     420.02     637.47     637.47     387.90     387.90     485.67     485.67
 3    3537.00    5084.20    5116.11    5362.92    3419.01    3419.01    1529.69    1208.26    1409.76    1962.05    2209.31    2738.85    2505.31    2113.57    2005.58    2207.96    2221.74    2472.61    2483.02    2438.00    2673.65    2618.29    2010.83    1884.76    2358.28    2336.00    2596.57
 4    1379.00    1431.03    1230.10     854.80     585.75     585.75     662.74     672.82     694.40     680.29     973.70     890.22     676.39     805.85     885.06    1109.59     894.62     934.16     939.80    1055.12     815.60     610.08     673.73     804.95    1058.14    1253.55    1363.27
 1    4109.00    3646.57    3646.57    6279.04    6279.04    6760.91    6760.91    7674.74    7674.74    1592.05    1592.05    4219.91    4219.91    6782.16    6782.16   13372.13   13372.13   15622.53   15622.53    6155.69    6155.69    8157.53    8157.53    4155.23    4155.23    2292.44    2292.44
 2     783.00     694.58     694.58    1196.01    1196.01    1287.79    1287.79    1461.86    1461.86     303.25     303.25     803.79     803.79    1291.84    1291.84    2547.07    2547.07    2975.72    2975.72    1172.51    1172.51    1553.82    1553.82     791.47     791.47     436.66     436.66
 3    3537.00    3725.93    3824.13    4282.61    5449.21    8092.66    7029.10    5055.08    3706.75    2655.53    5527.91    6512.26    6330.00    6299.48    6870.03    7717.12    7248.31    5612.41    3727.52    1866.45    3091.41    2800.32    2446.26    1635.94    1887.09    1404.96    1529.42
 4    1379.00    1262.90    1262.84    1641.65    1808.14    1638.20     946.64     718.36    1174.86    1877.22    2084.08    1634.65    1338.25    1635.53    2125.75    1822.72    1581.63    1203.57    1055.73    1143.28    1129.70     833.82     706.00     598.63     644.70     749.04    1048.06
 1    4109.00    3838.30    3838.30    4132.13    4132.13    1864.63    1864.63    3019.63    3019.63    2694.38    2694.38    6595.51    6595.51    8947.55    8947.55   11698.30   11698.30    8792.32    8792.32    4071.61    4071.61    1886.35    1886.35    5429.89    5429.89    5103.71    5103.71
 2     783.00     731.10     731.10     787.07     787.07     355.17     355.17     575.17     575.17     513.22     513.22    1256.29    1256.29    1704.30    1704.30    2228.25    2228.25    1674.73    1674.73     775.54     775.54     359.30     359.30    1034.26    1034.26     972.14     972.14
 3    3537.00    5251.69    5056.94    5415.56    4540.91    4221.18    3862.57    3927.72    4418.04    6287.32    7240.46    9106.83    8592.20    8568.89    6589.11    5794.55    4168.52    3348.50    1922.75    1606.73    2142.83    2433.60    2872.51    3826.12    3453.64    3463.86    4533.56
 4    1379.00    1266.37    1226.50    1135.76     988.98    1011.57    1159.93    1427.12    1982.68    2366.10    2082.29    2241.46    1919.56    1686.48    1289.68    1026.97     699.88     675.17     786.94     867.37    1289.54    1183.37    1190.22    1139.90    1242.63    1868.75    2191.08
 1    4109.00    4263.80    4263.80    3672.90    3672.90    3174.40    3174.40    8221.29    8221.29    1348.12    1348.12    3574.03    3574.03    7886.80    7886.80    6878.72    6878.72    3647.03    3647.03    4238.85    4238.85    4141.37    4141.37    3296.83    3296.83    2808.96    2808.96
 2     783.00     812.15     812.15     699.60     699.60     604.65     604.65    1565.96    1565.96     256.78     256.78     680.77     680.77    1502.25    1502.25    1310.23    1310.23     694.67     694.67     807.40     807.40     788.83     788.83     627.97     627.97     535.04     535.04
 3    3537.00    5160.12    5659.81    4640.94    5206.57    4935.53    4831.48    6305.23    4388.14    2629.30    2910.13    4136.82    4765.78    5611.84    4579.88    2238.77    1924.19    1960.82    2071.08    2013.71    1859.85    3205.57    4106.34    3270.73    3172.03    2897.63    2748.03
 4    1379.00    1525.15    1499.48    1256.27    1488.21    1385.45    1056.86    1027.32    1021.30    1073.13    1602.46    1743.61    1341.48    1090.74     849.37     825.71     741.75     868.07     907.39    1007.33    1170.14    1482.58    1537.12    1088.31     867.07     881.76    1005.02
 1    4109.00    3623.00    3623.00    9015.47    9015.47   20147.36   20147.36    9447.90    9447.90    9653.49    9653.49   15437.27   15437.27    6685.60    6685.60   10693.91   10693.91    5575.88    5575.88    4045.73    4045.73    2002.77    2002.77    6404.71    6404.71    6043.42    6043.42
 2     783.00     690.10     690.10    1717.23    1717.23    3837.59    3837.59    1799.60    1799.60    1838.76    1838.76    2940.43    2940.43    1273.45    1273.45    2036.94    2036.94    1062.07    1062.07     770.62     770.62     381.48     381.48    1219.94    1219.94    1151.13    1151.13
 3    3537.00    4236.80    4317.00    4957.54    6464.99    6149.25    3275.23    4034.46    4613.53    3775.13    4136.50    4293.10    3221.54    2638.82    3814.23    6628.75    8407.35    5211.36    4579.32    3709.04    3557.39    3171.04    3821.09    4813.65    4976.93    4234.34    3263.63
 4    1379.00    1233.86    1341.40    1659.50    1651.15    1412.47    1683.57    1735.30    1188.56    1262.18    1491.84    1326.10    1114.37    1569.61    2670.25    2280.96    1777.98    1188.00    1063.06     989.51     961.59     986.80    1258.63    1105.16     962.67     747.44     982.13
 1    4109.00    4445.36    4445.36    4151.53    4151.53    2941.55    2941.55    2686.07    2686.07    3580.04    3580.04    5273.27    5273.27    3102.79    3102.79    3032.57    3032.57    7571.26    7571.26   30737.79   30737.79   30519.72   30519.72   10876.40   10876.40    5061.67    5061.67
 2     783.00     846.74     846.74     790.77     790.77     560.30     560.30     511.63     511.63     681.91     681.91    1004.43    1004.43     591.01     591.01     577.63     577.63    1442.14    1442.14    5854.82    5854.82    5813.28    5813.28    2071.70    2071.70     964.13     964.13
 3    3537.00    4753.00    5419.68    5400.71    5408.15    2920.63    3320.29    3803.96    3880.32    3833.45    3828.58    4152.74    3278.11    1873.44    2438.78    4271.42    5470.24    9798.21   14923.03   19625.67   18784.02   13928.61    9881.35    6000.61    4183.46    3078.30    3837.69
 4    1379.00    1370.65    1290.50     954.71     835.59     964.50    1015.21    1084.17    1027.90     894.20     773.38     684.73     864.13     982.90    1748.68    2250.74    4132.13    7652.27    6882.78    4973.55    3199.58    1809.90    1410.24    1093.47    1285.71    1526.51    1856.21
 1    4109.00    3956.57    3956.57    4894.89    4894.89    6876.41    6876.41    9059.36    9059.36    2277.20    2277.20    1733.89    1733.89    4350.65    4350.65    6540.07    6540.07    7323.62    7323.62    6961.42    6961.42    7024.71    7024.71    9941.78    9941.78    6414.41    6414.41
 2     783.00     753.63     753.63     932.36     932.36    1309.79    1309.79    1725.59    1725.59     433.75     433.75     330.26     330.26     828.70     828.70    1245.73    1245.73    1394.98    1394.98    1325.98    1325.98    1338.04    1338.04    1893.67    1893.67    1221.79    1221.79
 3    3537.00    6144.06    6063.78    4606.08    4607.19    7297.64    6509.40    3168.09    2858.52    1573.19    1462.82    2140.40    2970.28    4294.82    4315.58    4361.70    5358.81    5717.58    5934.06    3084.27    2700.83    2763.06    5039.94    8580.42    7503.83    3609.41    3096.12
 4    1379.00    1583.15    1543.81    1603.59    1341.14    1538.95    1184.14     780.67     661.96     810.67    1001.93    1499.59    1474.56    1274.65    1119.40    1611.44    1863.75    1428.13    1275.45    1170.18    1510.72    2865.41    2824.87    1777.68    1303.59    1076.28     956.34
 1    4109.00    2627.39    2627.39    3623.93    3623.93    7647.49    7647.49    2166.78    2166.78    2380.22    2380.22    2512.82    2512.82    5973.66    5973.66    3798.56    3798.56    4261.95    4261.95    4498.96    4498.96    3957.49    3957.49    4030.03    4030.03    1621.62    1621.62
 2     783.00     500.46     500.46     690.27     690.27    1456.66    1456.66     412.72     412.72     453.38     453.38     478.63     478.63    1137.84    1137.84     723.54     723.54     811.80     811.80     856.94     856.94     753.81     753.81     767.62     767.62     308.88     308.88
 3    3537.00    4065.49    4898.20    4599.98    5247.12    4764.02    3927.00    2419.13    2856.94    3037.61    4424.66    4085.78    4493.52    7799.79    7575.16    4416.99    4622.66    5117.81    4046.99    2916.65    2808.94    2249.46    2980.96    2858.93    2499.94    2394.09    2444.36
 4    1379.00    1370.23    1296.49    1079.18    1023.09     626.73     736.26     947.65     990.98    1203.62    1602.05    2212.05    2194.30    1970.10    1720.89    1452.64    1363.92    1118.85    1011.22     964.41     978.83    1161.69    1063.92     807.93     956.03     927.29     836.34
 1    4109.00    2562.71    2562.71    4205.12    4205.12    5578.65    5578.65    3004.39    3004.39    3634.09    3634.09    2937.40    2937.40    3465.00    3465.00    4441.67    4441.67    3474.24    3474.24    3527.37    3527.37    1253.41    1253.41    2375.60    2375.60    4136.29    4136.29
 2     783.00     488.14     488.14     800.98     800.98    1062.60    1062.60     572.26     572.26     692.21     692.21     559.50     559.50     660.00     660.00     846.03     846.03     661.76     661.76     671.88     671.88     238.74     238.74     452.50     452.50     787.86     787.86
 3    3537.00    3851.87    4096.32    4299.21    4630.91    4608.80    4682.20    3745.60    3368.92    3539.20    3372.22    5192.51    6293.95    6404.10    5135.98    4666.67    3883.78    3648.26    3868.89    3751.65    3523.41    2788.13    3091.86    3240.29    3579.11    4244.33    5010.88
 4    1379.00    1240.08    1203.05    1164.76    1297.34    1141.14    1104.23     946.19     798.50    1015.36    1644.87    1965.74    1422.73    1057.58     803.55    1000.53    1041.94     904.19     957.94     966.18     896.48    1009.06     885.43    1017.48    1302.06    1691.81    1418.04
 1    4109.00    3336.56    3336.56    3596.21    3596.21    6590.89    6590.89    7327.32    7327.32    4906.44    4906.44    5791.63    5791.63    3489.02    3489.02    5264.49    5264.49    4253.63    4253.63    2443.52    2443.52    3392.93    3392.93    9532.91    9532.91   11600.36   11600.36
 2     783.00     635.54     635.54     684.99     684.99    1255.41    1255.41    1395.68    1395.68     934.56     934.56    1103.17    1103.17     664.58     664.58    1002.76    1002.76     810.22     810.22     465.43     465.43     646.27     646.27    1815.79    1815.79    2209.59    2209.59
 3    3537.00    3506.49    3624.15    4455.94    5177.52    6487.84    7592.36    9165.43    7556.45    4716.49    4319.38    4534.30    4712.47    3999.52    3346.27    4142.49    3237.41    2395.87    2905.79    2768.39    4800.18    5346.45    6338.85    8099.46    7723.37    5807.05    3997.53
 4    1379.00    1345.04    1212.65    1738.25    2168.78    2421.93    1965.33    1377.08    1062.40    1094.16    1068.15    1090.38    1321.81    1171.42     664.95     618.65     727.31    1017.90    1610.55    2303.23    2505.96    2316.21    2424.92    1794.16    1430.52     990.90     753.11
 1    4109.00    3073.22    3073.22    7325.47    7325.47    4986.83    4986.83    3557.86    3557.86    2334.95    2334.95    6970.19    6970.19    6074.84    6074.84    3046.43    3046.43    5346.73    5346.73    6719.33    6719.33    9703.85    9703.85    7605.91    7605.91    3631.78    3631.78
 2     783.00     585.38     585.38    1395.33    1395.33     949.87     949.87     677.69     677.69     444.75     444.75    1327.66    1327.66    1157.11    1157.11     580.27     580.27    1018.42    1018.42    1279.87    1279.87    1848.35    1848.35    1448.74    1448.74     691.77     691.77
 3    3537.00    3950.15    4341.51    4921.60    4215.42    3744.58    3521.67    3159.96    3714.22    4571.22    5665.85    6893.97    6167.89    4000.75    3409.78    3072.37    2992.01    3685.23    3716.12    5843.08    6998.73    5799.28    5919.00    3745.63    3215.25    3455.05    4361.39
 4    1379.00    1372.44    1193.32    1072.84     989.21     925.96     982.99    1338.94    1476.79    1685.04    1535.92    1228.81     921.38     981.31    1119.86    1043.87    1101.46    1544.73    2092.50    2225.12    2020.86    1952.72    1673.95    1320.01    1628.11    1913.12    1918.26
 1    4109.00    4766.45    4766.45    3989.83    3989.83    6971.58    6971.58    2459.69    2459.69    1373.99    1373.99    4372.83    4372.83    9247.39    9247.39    5534.76    5534.76    1341.19    1341.19    5393.85    5393.85   13202.57   13202.57    4709.63    4709.63    7796.71    7796.71
 2     783.00     907.90     907.90     759.97     759.97    1327.92    1327.92     468.51     468.51     261.71     261.71     832.92     832.92    1761.41    1761.41    1054.24    1054.24     255.46     255.46    1027.40    1027.40    2514.78    2514.78     897.07     897.07    1485.09    1485.09
 3    3537.00    4803.66    4903.38    5255.90    4564.92    4221.30    3300.65    1586.13    1920.45    1722.54    3475.38    5817.67    4923.73    4706.01    3443.73    2283.41    2504.32    2278.62    3297.44    5068.24    4225.90    3791.86    3393.85    2270.96    1946.36    3183.50    4665.52
 4    1379.00    1393.51    1300.37    1090.32     875.76     627.63     588.87     697.21    1090.16    1476.55    1662.10    1110.38     923.41     841.77     663.63     833.64    1161.72    1413.64    1385.53    1254.93     978.00    1069.13    1124.97    1261.63    1803.84    2564.11    2940.91
 1    4109.00    3891.89    3891.89    4931.85    4931.85    3575.42    3575.42    7671.97    7671.97    9048.27    9048.27    2625.55    2625.55    2821.90    2821.90    3790.25    3790.25    7471.46    7471.46   11821.19   11821.19    9577.26    9577.26    4775.69    4775.69    3056.59    3056.59
 2     783.00     741.31     741.31     939.40     939.40     681.03     681.03    1461.33    1461.33    1723.48    1723.48     500.10     500.10     537.50     537.50     721.95     721.95    1423.14    1423.14    2251.66    2251.66    1824.24    1824.24     909.66     909.66     582.21     582.21
 3    3537.00    3659.91    4193.11    3940.17    4474.94    2685.36    3818.88    5022.35    5321.03    5424.07    3823.28    1747.91    1977.85    1932.30    1938.96    3795.81    4785.50    6191.37    7344.10    5770.83    4671.19    3819.56    4018.32    3268.02    3005.19    2480.02    2712.68
 4    1379.00    1141.77    1093.28     952.51    1075.94    1291.29    1773.20    1640.80    1141.88     778.46     826.72     733.29     758.51    1071.78    1554.31    2037.44    2707.88    2353.37    1682.31    1497.53    1343.40    1478.51    1382.67    1156.06    1017.02    1069.49    1011.80
 1    4109.00    4727.18    4727.18    2686.07    2686.07    3898.82    3898.82    4157.54    4157.54    2336.33    2336.33    4559.02    4559.02    4781.70    4781.70    5527.37    5527.37    3702.01    3702.01    3162.85    3162.85    1460.38    1460.38    3501.50    3501.50    3316.70    3316.70
 2     783.00     900.42     900.42     511.63     511.63     742.63     742.63     791.91     791.91     445.02     445.02     868.38     868.38     910.80     910.80    1052.83    1052.83     705.14     705.14     602.45     602.45     278.17     278.17     666.95     666.95     631.75     631.75
 3    3537.00    4786.42    4621.43    4660.37    5097.85    5367.73    4663.87    4653.16    4033.16    5751.01    6948.67    8687.50    8417.17    9098.69    8414.30    6206.81    6645.66    5764.82    4539.96    3843.60    3354.09    2745.01    3552.94    3786.55    3417.43    3101.51    4096.18
 4    1379.00    1467.63    1405.03    1263.92    1264.06    1141.00    1062.52    1200.29    1890.34    1969.58    1717.75    2157.64    1935.84    1732.22    1830.37    1728.74    1415.83     940.58     755.27     701.33     626.14     891.64     991.50     800.31     851.94    1222.13    1228.91
 1    4109.00   13289.43   13289.43    6610.30    6610.30    4574.26    4574.26    2882.42    2882.42    2933.70    2933.70    5498.26    5498.26    7038.57    7038.57    4667.12    4667.12    5161.46    5161.46   12346.03   12346.03    5740.35    5740.35    9387.38    9387.38    8701.77    8701.77
 2     783.00    2531.32    2531.32    1259.10    1259.10     871.29     871.29     549.03     549.03     558.80     558.80    1047.29    1047.29    1340.68    1340.68     888.98     888.98     983.14     983.14    2351.62    2351.62    1093.40    1093.40    1788.07    1788.07    1657.48    1657.48
 3    3537.00    5200.58    4042.23    2751.58    2203.97    1969.27    1925.72    1652.30    2848.80    3200.79    2864.43    2914.12    3005.12    4231.36    4422.04    3329.19    2466.55    2994.19    3505.36    4693.07    4026.90    1997.59    4536.40    7437.19    6135.85    3913.93    3056.10
 4    1379.00    1452.94    1188.58     766.89     646.47     608.95     653.21    1057.60    1049.69    1054.88    1160.14    1429.90    1537.60    1435.27    1213.02    1014.47    1254.21    1740.65    1453.18    1085.43    1406.13    2560.57    2733.35    1967.98    1156.21     957.45     907.53
 1    4109.00    1907.60    1907.60    2871.33    2871.33    6407.48    6407.48    6714.25    6714.25    8114.57    8114.57   13344.41   13344.41    6803.87    6803.87     735.50     735.50     495.26     495.26    2352.04    2352.04    6907.36    6907.36    8856.08    8856.08    6011.54    6011.54
 2     783.00     363.35     363.35     546.92     546.92    1220.47    1220.47    1278.90    1278.90    1545.63    1545.63    2541.79    2541.79    1295.98    1295.98     140.10     140.10      94.34      94.34     448.01     448.01    1315.69    1315.69    1686.87    1686.87    1145.06    1145.06
 3    3537.00    3660.73    3832.91    5104.09    6637.09    9083.93    8383.19    8479.76    7550.53    6702.54    7371.36    6043.10    3997.03    3997.03    3997.03    3407.39     483.46    1345.03    3284.35    5879.95    6794.39    7953.59    6626.92    5349.44    4379.47    4796.96    4862.44
 4    1379.00    1200.79    1311.10    2061.95    1857.03    1959.93    2078.00    1842.11    1584.71    1550.44    1439.56     906.06     583.38     583.38     583.38     583.38     875.66    1579.50    2067.42    2070.61    1841.99    1665.43    1187.14    1310.48    1839.41    1759.40    1471.49
 1    4109.00     867.17     867.17    3086.16    3086.16    2952.18    2952.18    3219.68    3219.68    4043.89    4043.89    5084.31    5084.31    6211.59    6211.59    3585.12    3585.12    8626.93    8626.93    7797.17    7797.17    5489.48    5489.48    8015.70    8015.70   11050.58   11050.58
 2     783.00     165.18     165.18     587.84     587.84     562.32     562.32     613.27     613.27     770.26     770.26     968.44     968.44    1183.16    1183.16     682.88     682.88    1643.22    1643.22    1485.18    1485.18    1045.62    1045.62    1526.80    1526.80    2104.87    2104.87
 3    3537.00    2976.28    3309.43    3838.73    4217.53    4122.60    4327.34    5443.66    5498.23    7487.31    8952.31   10408.31    8894.13    6670.91    4506.94    3119.89    4152.11    5841.41    5708.58    4959.57    4769.49    4974.09    5097.27    5269.53    5023.83    4084.53    3229.74
 4    1379.00    1215.15    1176.72    1205.17    1279.44    1513.14    1664.79    1749.26    2848.27    2738.39    2271.56    1800.04    1146.15     924.13    1252.62    1843.60    1722.85    1564.34    1515.06    1497.97    1455.20    1765.97    1684.90    1269.48    1224.37     972.56     833.83
 1    4109.00    2957.72    2957.72    3149.45    3149.45    5623.46    5623.46    7299.14    7299.14    6216.21    6216.21    7308.84    7308.84    2618.62    2618.62    4028.18    4028.18    8494.33    8494.33    6373.75    6373.75    2881.49    2881.49    5604.98    5604.98    7428.50    7428.50
 2     783.00     563.38     563.38     599.90     599.90    1071.14    1071.14    1390.31    1390.31    1184.04    1184.04    1392.16    1392.16     498.78     498.78     767.27     767.27    1617.97    1617.97    1214.05    1214.05     548.86     548.86    1067.62    1067.62    1414.95    1414.95
 3    3537.00    3692.92    4390.01    4992.40    5956.07    7951.52    6390.45    6195.26    6261.63    6206.01    5162.27    4912.57    3523.04    2468.36    2898.99    3664.21    4122.22    4453.23    3194.69    2580.62    2575.82    1601.44    2159.62    4700.57    5383.64    6411.81    7648.32
 4    1379.00    1320.77    1438.58    1790.19    1498.57    1372.70    1414.32    1667.81    1518.67    1341.99     939.30     886.55     932.95     944.40    1057.81    1059.06    1049.54     953.42     970.93     795.92     849.79    1306.71    1712.90    1741.75    2447.37    2618.50    2059.77
 1    4109.00    7058.90    7058.90    4061.44    4061.44    4413.49    4413.49    7701.54    7701.54   10934.62   10934.62    8876.41    8876.41   11401.70   11401.70    6359.89    6359.89    2526.68    2526.68    1724.65    1724.65    2318.32    2318.32    1686.30    1686.30    1914.53    1914.53
 2     783.00    1344.55    1344.55     773.61     773.61     840.66     840.66    1466.96    1466.96    2082.78    2082.78    1690.74    1690.74    2171.75    2171.75    1211.41    1211.41     481.27     481.27     328.50     328.50     441.58     441.58     321.20     321.20     364.67     364.67
 3    3537.00    4204.76    4471.65    4037.51    3611.83    3971.86    4695.16    7304.28    6548.66    8458.05   10070.28   10352.61    7896.07    6301.49    4814.62    2587.59    2598.09    2627.21    2256.16    1592.32    1836.81    1918.49    2023.76    2121.94    2409.64    2872.49    2645.38
 4    1379.00    1290.47    1234.80    1043.85    1195.71    1398.46    1408.68    1986.86    3138.10    3862.16    2583.57    1745.05    1500.18    1230.96     787.36     747.58     726.47     727.62     643.00     575.49     567.02     547.64     670.92     897.98     923.33     839.02     905.83
 1    4109.00    5197.04    5197.04    4133.51    4133.51    3666.43    3666.43    3195.65    3195.65    7515.82    7515.82   11981.51   11981.51    6125.20    6125.20    6038.80    6038.80    3584.66    3584.66    6353.89    6353.89    8568.25    8568.25   11209.51   11209.51   13590.65   13590.65
 2     783.00     989.91     989.91     787.34     787.34     698.37     698.37     608.70     608.70    1431.58    1431.58    2282.19    2282.19    1166.70    1166.70    1150.25    1150.25     682.79     682.79    1210.26    1210.26    1632.05    1632.05    2135.14    2135.14    2588.70    2588.70
 3    3537.00    3949.75    4401.41    4181.75    3792.80    3561.89    3691.14    4512.06    5174.54    6540.87    6773.31    6242.96    4655.20    1681.19    1882.77    2558.38    2608.47    2409.85    3450.10    4975.27    4310.55    4190.55    5438.04    6022.02    7108.16    6221.51    4759.63
 4    1379.00    1295.79    1168.40    1106.79     963.06    1085.26    1544.95    1738.23    1714.66    1611.45    1396.87    1092.24     922.54    1085.53    1203.23    1379.48    1300.75    1385.22    1487.92    1167.90    1427.94    1834.50    2305.98    2201.11    1947.48    1400.74    1372.26
 1    4109.00    2985.91    2985.91    4063.75    4063.75    7662.73    7662.73    8432.89    8432.89    4384.84    4384.84    3397.09    3397.09    6824.66    6824.66    6800.64    6800.64    2943.40    2943.40    2543.77    2543.77    4536.38    4536.38    3394.31    3394.31    4995.61    4995.61
 2     783.00     568.74     568.74     774.05     774.05    1459.57    1459.57    1606.26    1606.26     835.21     835.21     647.06     647.06    1299.94    1299.94    1295.36    1295.36     560.65     560.65     484.53     484.53     864.07     864.07     646.54     646.54     951.54     951.54
 3    3537.00    3872.79    4218.19    4431.39    5074.28    6459.66    6199.54    4829.31    3987.51    2696.73    2389.75    2846.73    5686.13    6210.84    5944.57    5505.95    4343.03    4283.15    4120.76    2381.30    2942.17    3677.44    3670.49    2687.87    2675.19    2953.65    2318.59
 4    1379.00    1336.08    1302.58    1430.12    1408.15    1347.43    1203.55     931.87     854.13     760.90    1050.63    2101.93    2064.65    1398.08    1206.25    1058.66    1056.08    1078.07     959.02    1078.97    1077.50     940.13    1054.28    1094.04     894.65     921.14     918.95
 1    4109.00    3745.90    3745.90    6008.77    6008.77    3856.78    3856.78    9459.91    9459.91   11114.80   11114.80    4448.60    4448.60    3104.18    3104.18    4346.96    4346.96    3127.28    3127.28    2597.36    2597.36    1786.55    1786.55    1658.12    1658.12    5654.42    5654.42
 2     783.00     713.50     713.50    1144.53    1144.53     734.62     734.62    1801.89    1801.89    2117.10    2117.10     847.35     847.35     591.27     591.27     827.99     827.99     595.67     595.67     494.74     494.74     340.30     340.30     315.83     315.83    1077.03    1077.03
 3    3537.00    3220.15    3668.74    5488.21    5200.87    3087.85    3606.62    8054.92    8724.00    7110.15    5273.54    2391.84    2409.39    2901.10    2761.36    2228.50    2297.39    2105.89    1690.95    1685.63    1741.25    1709.65    2080.71    3005.37    3682.50    5140.44    4748.90
 4    1379.00    1141.92    1211.71    1362.78    1253.89    1318.84    2522.99    2834.41    1831.48    1179.24    1057.32    1226.49    1143.58     876.57     837.61     791.95     803.97     675.63     670.62     653.02     694.90     887.68    1516.22    1609.50    1345.66    1088.93    1248.21
 1    4109.00    6209.74    6209.74    5773.61    5773.61    4732.73    4732.73    3326.86    3326.86    2227.76    2227.76    4101.64    4101.64    4236.08    4236.08    3420.19    3420.19    2097.94    2097.94    4840.37    4840.37    6971.12    6971.12    5416.95    5416.95    7370.75    7370.75
 2     783.00    1182.81    1182.81    1099.74    1099.74     901.47     901.47     633.69     633.69     424.34     424.34     781.26     781.26     806.87     806.87     651.46     651.46     399.61     399.61     921.98     921.98    1327.83    1327.83    1031.80    1031.80    1403.95    1403.95
 3    3537.00    4193.14    4573.00    3617.19    3345.12    3103.71    2872.36    1976.92    2278.37    1630.31    2646.44    4439.74    4370.28    3033.32    3107.51    2442.68    2170.98    2762.33    2517.17    4921.01    5740.70    4118.98    3462.99    2985.42    3355.84    3807.35    2978.77
 4    1379.00    1339.83    1154.95    1097.15     956.50     758.64     577.88     611.25     922.21    1322.63    1292.80    1250.16    1363.72    1040.45     866.26     864.86     931.28    1156.36    1595.90    1691.02    1443.76    1380.35    1311.47    1347.71    1300.26    1044.19     712.00
 1    4109.00    7112.49    7112.49    5701.08    5701.08    2938.32    2938.32    5234.00    5234.00    5738.04    5738.04    6490.64    6490.64   12636.16   12636.16    8560.86    8560.86    5178.56    5178.56    7326.40    7326.40    3423.88    3423.88    6040.65    6040.65    3319.01    3319.01
 2     783.00    1354.76    1354.76    1085.92    1085.92     559.68     559.68     996.95     996.95    1092.96    1092.96    1236.31    1236.31    2406.89    2406.89    1630.64    1630.64     986.39     986.39    1395.50    1395.50     652.17     652.17    1150.60    1150.60     632.19     632.19
 3    3537.00    5183.23    4880.98    3582.31    3262.66    2776.95    3761.41    5040.28    5387.40    5328.44    5677.95    5356.38    5372.42    5171.21    3862.46    2686.13    4322.17    4611.46    4387.53    4109.82    3739.92    2754.07    2704.31    2642.35    2735.28    2794.88    3196.86
 4    1379.00    1379.80    1083.80     945.86    1093.97    1220.61    1261.06    1571.57    1570.81    1222.68    1351.89    1393.34    1434.45    1070.82     997.57    1564.82    1511.59    1010.30    1067.10    1101.57    1076.23     940.52     942.54     990.16    1334.37    1361.53    1053.29
 1    4109.00    8272.11    8272.11    7561.55    7561.55    7234.00    7234.00    4463.38    4463.38    2378.84    2378.84    3873.41    3873.41    1238.16    1238.16    4470.77    4470.77    5446.98    5446.98    4355.27    4355.27    4007.85    4007.85    2789.09    2789.09    1496.88    1496.88
 2     783.00    1575.64    1575.64    1440.30    1440.30    1377.90    1377.90     850.17     850.17     453.11     453.11     737.79     737.79     235.84     235.84     851.58     851.58    1037.52    1037.52     829.58     829.58     763.40     763.40     531.26     531.26     285.12     285.12
 3    3537.00    5766.83    5656.26    5386.34    5169.15    4326.78    5401.39    4646.50    4408.69    3513.28    3142.09    3692.83    3820.14    2405.99    2469.59    3308.28    3323.24    2468.00    2338.87    1779.26    2010.49    1906.02    1641.63    1954.16    1868.72    2497.09    3917.37
 4    1379.00    1597.55    1450.89    1552.19    1683.93    1737.97    1546.57    1018.02     860.71     978.93     866.16     866.75     983.75     945.88     967.74     906.16     758.77     625.17     767.81     726.04     839.23     885.94     773.19     933.04    1287.45    1616.34    1584.11
 1    4109.00    4474.47    4474.47    2737.35    2737.35    5824.43    5824.43    7082.46    7082.46   10238.38   10238.38   11168.39   11168.39    8567.79    8567.79    8767.84    8767.84    6778.93    6778.93   10674.51   10674.51   10706.85   10706.85    8832.05    8832.05    8439.35    8439.35
 2     783.00     852.28     852.28     521.40     521.40    1109.42    1109.42    1349.04    1349.04    1950.17    1950.17    2127.31    2127.31    1631.96    1631.96    1670.06    1670.06    1291.22    1291.22    2033.24    2033.24    2039.40    2039.40    1682.30    1682.30    1607.50    1607.50
 3    3537.00    3429.21    4192.40    3729.28    5895.34    7964.32    7965.48    5295.75   10712.11   13737.94   14065.70   13597.40    9235.87    5642.78    6207.81    6330.56    6118.62    7152.19   10181.64   12326.26   12143.84    9392.26    8860.43    6427.35    5501.18    4003.65    3078.81
 4    1379.00    1057.27    1447.85    1897.63    1844.65    1265.55    1655.14    3529.96    4583.30    3477.34    2652.46    2073.96    1315.04    1473.66    1878.03    2002.26    2211.56    3972.26    3985.40    3096.20    2482.67    2330.14    1935.50    1359.96    1070.78     965.30    1001.52
 1    4109.00    6600.59    6600.59   12046.65   12046.65    2893.04    2893.04    2719.33    2719.33    3788.40    3788.40    4857.47    4857.47    4194.50    4194.50    7019.17    7019.17   12459.22   12459.22   12413.94   12413.94   15141.59   15141.59   17663.65   17663.65    8273.96    8273.96
 2     783.00    1257.26    1257.26    2294.60    2294.60     551.06     551.06     517.97     517.97     721.60     721.60     925.23     925.23     798.95     798.95    1336.98    1336.98    2373.18    2373.18    2364.56    2364.56    2884.11    2884.11    3364.50    3364.50    1575.99    1575.99
 3    3537.00    4220.95    4488.84    3597.45    2624.00    1435.88    1754.72    1623.27    2130.86    3913.06    3923.03    3888.29    2740.55    1951.81    3342.05    6742.66    7570.60    6772.30    4942.32    3966.33    8095.79   11220.38   10180.08    8004.53    6214.03    5383.67    4482.84
 4    1379.00    1367.38    1192.03     893.08     622.98     608.24     995.84    1111.92    1204.02    1235.97     966.58     760.80     815.34    1679.70    2577.81    2339.10    1614.81    1154.47    1772.07    4221.31    4338.45    3175.84    2001.81    2072.97    1501.92    1127.90    1090.33
 1    4109.00    4918.45    4918.45    4209.28    4209.28    4444.44    4444.44    5273.27    5273.27    2286.44    2286.44    4256.41    4256.41    4665.28    4665.28    6731.34    6731.34    6012.93    6012.93    9153.61    9153.61    3622.54    3622.54    3229.84    3229.84    8941.09    8941.09
 2     783.00     936.85     936.85     801.77     801.77     846.56     846.56    1004.43    1004.43     435.51     435.51     810.74     810.74     888.62     888.62    1282.16    1282.16    1145.32    1145.32    1743.54    1743.54     690.01     690.01     615.21     615.21    1703.06    1703.06
 3    3537.00    3560.96    3966.87    4126.20    3743.61    3084.73    3293.25    2799.28    2411.40    1902.40    3041.79    3394.55    3066.56    2421.05    2298.39    2537.02    2090.50    4306.46    3934.05    2621.70    1983.36    1612.83    1728.03    1814.79    3207.28    5619.39    4659.60
 4    1379.00    1178.13    1159.18    1001.12     980.10     911.56     752.94     780.62     903.67    1393.20    1380.21    1138.90    1026.58     912.49    1010.82    1231.70    1242.61    1333.11     977.30     838.42     750.94     721.49    1045.30    1734.10    1854.04    1503.92    1405.50
 1    4109.00    5088.01    5088.01    4474.47    4474.47    5308.84    5308.84    4782.62    4782.62    6587.20    6587.20    4909.67    4909.67    7523.21    7523.21    9497.80    9497.80    9041.80    9041.80    2559.02    2559.02    4256.87    4256.87   11485.32   11485.32   12789.08   12789.08
 2     783.00     969.14     969.14     852.28     852.28    1011.21    1011.21     910.98     910.98    1254.70    1254.70     935.18     935.18    1432.99    1432.99    1809.10    1809.10    1722.25    1722.25     487.43     487.43     810.83     810.83    2187.68    2187.68    2436.02    2436.02
 3    3537.00    4214.02    4126.33    4513.09    4566.03    2826.87    3247.81    3730.79    5558.95    6024.22    5859.76    4457.81    5431.10    6928.38    7411.96    7051.61    4801.38    2799.77    2431.49    1903.68    2087.74    2802.36    2959.57    4380.24    6181.38    6978.93    6594.26
 4    1379.00    1203.88    1108.15    1041.37     911.22     988.85    1294.79    2210.72    2398.82    1827.27    1479.03    1794.09    2607.95    2010.38    1453.82    1008.60     771.71     865.74     977.44     972.12    1140.81    1191.55    1805.07    2629.21    2499.87    2002.46    2024.50
 1    4109.00    4244.86    4244.86    2409.79    2409.79    6663.89    6663.89    2695.77    2695.77    6098.40    6098.40    5631.78    5631.78    6776.62    6776.62    9578.65    9578.65    3364.28    3364.28    5265.88    5265.88    4717.48    4717.48    8352.50    8352.50    6179.25    6179.25
 2     783.00     808.54     808.54     459.01     459.01    1269.31    1269.31     513.48     513.48    1161.60    1161.60    1072.72    1072.72    1290.78    1290.78    1824.50    1824.50     640.82     640.82    1003.02    1003.02     898.57     898.57    1590.95    1590.95    1177.00    1177.00
 3    3537.00    3590.79    4609.35    4749.87    4454.29    4979.39    3688.34    2822.74    4134.52    6978.14    6825.39    5986.94    5941.49    5290.68    4939.63    3927.47    3623.09    2606.78    3514.70    3202.78    3510.21    3417.69    3298.31    3539.50    2771.30    2842.65    3254.44
 4    1379.00    1210.99    1290.69    1067.88     780.83     769.22    1133.47    1764.55    1801.92    1491.42    1601.16    1431.31    1418.79    1044.51    1073.84    1070.29    1634.43    1578.66    1289.59    1169.29    1289.00    1233.37    1004.99     798.41     919.03    1226.71    1008.95
 1    4109.00    3069.99    3069.99    2724.41    2724.41    7575.41    7575.41    5115.73    5115.73    6543.77    6543.77    5985.21    5985.21    4228.69    4228.69    6493.87    6493.87    3863.71    3863.71    2286.90    2286.90    1320.40    1320.40    3873.41    3873.41    7878.49    7878.49
 2     783.00     584.76     584.76     518.94     518.94    1442.94    1442.94     974.42     974.42    1246.43    1246.43    1140.04    1140.04     805.46     805.46    1236.93    1236.93     735.94     735.94     435.60     435.60     251.50     251.50     737.79     737.79    1500.66    1500.66
 3    3537.00    3227.65    3940.66    4466.15    8061.40   12270.69    9486.18    7300.57    6283.42    5755.77    4923.10    4165.86    4158.38    3578.21    4185.24    4446.36    4354.75    2655.57    2934.70    2700.54    2465.22    3234.88    3531.58    4041.34    3569.65    5403.33    5431.08
 4    1379.00    1184.18    1707.62    2755.05    2717.43    2003.05    1416.98    1271.70    1500.71    1231.04     866.17    1351.77    1506.08    1387.03    1230.23    1061.98    1087.00    1176.46    1075.28    1020.70    1369.40    1361.22    1393.63    1680.70    1661.94    1471.75    1322.02
 1    4109.00    3294.98    3294.98    7745.89    7745.89    8031.87    8031.87    6225.45    6225.45    8933.69    8933.69    3094.01    3094.01    5752.82    5752.82    8062.82    8062.82    4644.95    4644.95    5554.63    5554.63    7641.48    7641.48    8962.34    8962.34   11085.23   11085.23
 2     783.00     627.62     627.62    1475.41    1475.41    1529.88    1529.88    1185.80    1185.80    1701.66    1701.66     589.34     589.34    1095.78    1095.78    1535.78    1535.78     884.75     884.75    1058.02    1058.02    1455.52    1455.52    1707.11    1707.11    2111.47    2111.47
 3    3537.00    4152.17    4610.66    6217.86    4747.04    3459.11    3261.16    6042.89    6139.07    7426.75    6513.51    3927.29    3849.67    5371.22    5366.84    5365.87    5132.09    5313.71    5543.63    6592.65    6081.40    5760.02    6200.24    6659.78    5659.43    5446.59    4487.90
 4    1379.00    1324.74    1177.07     923.96     768.61    1274.69    1879.05    1935.20    1943.53    1707.11    1223.18    1015.01    1260.29    1416.68    1204.88    1485.26    1581.43    1559.22    1523.70    1696.80    1600.01    1679.03    1720.23    1665.16    1366.07    1125.77     990.04
