2019 2020 2021 2022 2023 2024 2025 2026 2027 2028 2029 2030 2031 2032 2033 2034 2035 2036 2037 2038 2039 2040 2041 2042 2043 2044 2045
 0.3700447  0.4098357  0.3663028  0.3593513  0.3462006  0.2764290  0.2567641  0.3883344  0.4155127  0.4853998  0.7104252  0.5180305  0.5509669  0.6698908  0.9891862  1.2296956  1.3176331  1.2379048  2.5263956  1.0871630  0.5044537  0.1298700  0.1362865  0.2351539  0.1952643  0.3812713  0.4558250
 0.3581629  0.3793820  0.3882421  0.5084445  0.6338031  0.5768031  0.4304809  0.2776048  0.2704787  0.2434770  0.2458559  0.1950939  0.1829086  0.1918221  0.1877074  0.1897824  0.2003914  0.1888802  0.1933205  0.5494924  0.7519836  0.7005139  0.9924219  0.7401271  1.1342098  0.7008205  0.5645803
 0.3469262  0.4929130  0.5156043  0.3725650  0.3747074  0.5986513  0.9001584  0.5975471  0.5948865  0.4457034  0.4867123  0.5699961  0.5341385  0.3522436  0.3266015  0.4369284  0.4381990  0.4279450  0.4171073  0.3799621  0.3967065  0.6434912  0.9130054  0.5388257  0.1885067  0.2036893  0.1879213
 0.3481117  0.2307274  0.2224584  0.3790946  0.4052323  0.3249968  0.3879812  0.2256189  0.2150195  0.1346270  0.1354685  0.1656813  0.1420053  0.1637652  0.1732525  0.2095106  0.2228103  0.3064227  0.3502011  0.2907224  0.2821451  0.3160876  0.3113907  0.3610993  0.4654474  0.4314207  0.5234448
 0.3492800  0.3481355  0.3516129  0.3127041  0.3273683  0.3997294  0.4261010  0.6668641  0.8995032  1.0011535  1.9128231  1.2578559  1.0414868  0.1321099  0.1310502  0.2990507  0.3215623  0.4158154  0.4647602  0.2223610  0.2006120  0.3729477  0.4616816  0.6957770  1.3306127  0.4595872  0.3197486
 0.3398981  0.4785710  0.5228693  0.6423278  0.9240637  1.0251830  2.6393074  1.5952523  0.2061904  0.1615112  0.1445434  0.1420791  0.1433881  0.2242069  0.2266782  0.2897649  0.3422748  0.3029891  0.3388338  0.2138761  0.1904269  0.2329511  0.1855151  0.3471269  0.3964828  0.1993308  0.1704313
 0.3830502  0.5257245  0.5808307  0.2979801  0.3030626  0.2679629  0.3206553  0.3431656  0.4269122  0.4821605  0.6397028  0.5235182  0.3419650  0.2467466  0.2186461  0.4620242  0.5711898  0.5012786  0.2840314  0.1284540  0.1290153  0.1712314  0.1757416  0.2610495  0.2890901  0.2793384  0.3550943
 0.3706689  0.1785389  0.1677697  0.1827049  0.2057900  0.3331754  0.3286319  0.4864994  0.4607153  0.2634846  0.2453376  0.4148605  0.5221871  0.4523521  0.6099556  0.4786971  0.2346165  0.2726409  0.2610094  0.6243464  0.7316704  0.6581985  1.1077438  0.5961320  0.5849864  0.3927299  0.1511909
 0.3644012  0.5407915  0.5734765  0.6694449  1.0741623  0.8290086  0.9590368  0.1539693  0.1380214  0.1847166  0.1913335  0.2944161  0.2998035  0.3023595  0.3729900  0.3590578  0.4928290  0.4359294  0.4175288  0.3877679  0.3624800  0.3178598  0.1955027  0.1485615  0.1024292  0.1645069  0.1717117
 0.3855958  0.4960889  0.5108109  0.3598605  0.3375573  0.2745808  0.3333348  0.3777925  0.4555765  0.4496361  0.4604681  0.4203883  0.4589945  0.4394318  0.1671406  0.1812374  0.1538685  0.2749669  0.2957606  0.3371742  0.4587586  0.7811677  1.4357635  0.8266135  0.7213836  0.4486404  0.4108241
 0.3454323  0.3674638  0.3166623  0.2830649  0.2903829  0.3301654  0.3625630  0.3389605  0.3800441  0.4030357  0.4590334  0.2726386  0.2070645  0.3304755  0.3146092  0.2937171  0.3026541  0.3501536  0.3464774  0.2546080  0.2794073  0.4096887  0.4895219  0.4113493  0.4770058  0.6236030  0.7610807
 0.3874715  0.4156527  0.4170493  0.4167540  0.4745604  0.5161543  0.7370292  0.9196467  1.7352375  1.1102851  0.7760361  0.1369393  0.1162537  0.2073470  0.2125222  0.3245798  0.3779556  0.4369780  0.4863150  0.2763252  0.2268593  0.2504692  0.2555745  0.3302431  0.2539968  0.3389396  0.3306938
 0.4074468  0.4682309  0.5134487  0.3141334  0.3433986  0.2280954  0.2094209  0.1758030  0.1958387  0.3306342  0.4431763  0.5583548  0.6749247  0.6839894  0.8682585  0.6575755  0.6885166  0.5951834  0.1778458  0.1493236  0.1413619  0.2065571  0.2186996  0.4488293  0.5498328  0.3691788  0.2522737
 0.3874858  0.4646913  0.4807399  0.8487975  1.8500703  3.0535272  2.7295670  1.4932720  1.7133684  1.4630274  1.1263609  0.2627175  0.2239156  0.3553935  0.3932732  0.3510705  0.3027184  0.1826641  0.1806515  0.2007861  0.1860431  0.3563820  0.4818181  0.4936243  0.7215824  0.5980375  0.7539826
 0.4330903  0.4580090  0.5183841  0.4188938  0.4224561  0.2834882  0.2966176  0.3009035  0.3959419  0.5567996  0.6877753  0.1186701  0.0934533  0.1983519  0.2066795  0.2062666  0.2461368  0.3567951  0.4429463  0.4431434  0.4288738  0.2921594  0.3026953  0.2382714  0.2200486  0.1928823  0.1733006
 0.3942923  0.4477077  0.4339475  0.3061153  0.3384854  0.4776765  0.5111900  0.5206660  0.5244663  0.4449683  0.4071759  0.3541393  0.3344394  0.3918228  0.4113801  0.3090529  0.2459502  0.1979982  0.1856648  0.2374530  0.2795972  0.4201983  0.6363605  0.5159825  0.4963792  0.3406842  0.2904587
 0.3817389  0.5443899  0.5802499  0.3361910  0.3279391  0.3445939  0.3613559  0.2875185  0.3140681  0.2642317  0.2474315  0.2476218  0.2158220  0.2015244  0.1454830  0.2545161  0.2869701  0.4264406  0.4404258  0.4194863  0.4524615  0.6394908  1.0564426  0.6955162  0.8378361  0.4144730  0.3275925
 0.3184712  0.3764974  0.3616777  0.4473499  0.4796019  0.3347192  0.3259742  0.4014566  0.5139019  0.6018087  0.8189388  0.4836131  0.4546470  0.5286426  0.3156798  0.2214956  0.1840888  0.2219354  0.2316668  0.2813516  0.2165291  0.2021448  0.1849861  0.2542331  0.2987907  0.2789149  0.2235441
 0.3667083  0.4131803  0.3989427  1.0727871        NaN        NaN        NaN        NaN        NaN        NaN  2.6207261  1.8627486  1.8825335        NaN        NaN  3.1391671  1.6344523  1.8000985  2.6006573  2.2318051  1.7482956        NaN        NaN  1.9085126        NaN  1.8703015  0.9496460
 0.3677299  0.4345769  0.4358539  0.4406418  0.4305108  0.3261893  0.3566625  0.4672408  0.6904984  0.1884143  0.1412443  0.1915201  0.2025490  0.2829252  0.2883264  0.4446469  0.5234055  0.7914220  1.4076828  0.9740920  0.7780881  0.8197885  1.0506397  0.7669676  0.9055718  0.5778519  0.4488051
 0.3255887  0.3474006  0.3597154  0.2936695  0.3414265  0.2565029  0.2837774  0.2335562  0.2250855  0.1638320  0.1320547  0.2074487  0.1930729  0.2449449  0.2537205  0.4009486  0.5656322  0.7588393  1.5900216  0.9694279  0.7611858  0.2894220  0.2400492  0.3499540  0.3514571  0.2538450  0.2005876
 0.3397852  0.3557474  0.3644679  0.2990648  0.3416286  0.2490413  0.2586614  0.4509708  0.6198018  0.2805158  0.1738497  0.1933706  0.1946443  0.3166345  0.3778320  0.4522368  0.5983919  0.5018077  0.5101217  0.4728460  0.4250495  0.2213771  0.2065382  0.1827668  0.1875641  0.1972935  0.2088754
 0.3834312  0.3722662  0.3560525  0.5991045  0.6732432  1.5115935        NaN  0.8243719  0.6766213  0.6862707  0.6446895  1.1861769  1.7767891  0.8024914  0.4974284  0.4382115  0.4071874  0.2538777  0.2592844  0.2498464  0.2713985  0.1965441  0.1916678  0.3083948  0.3270645  0.3608726  0.4301590
 0.3568089  0.4077650  0.4069652  0.4328047  0.5800868  0.7186158  0.9417392  0.8365530  0.9303313  1.0665817  1.4948941        NaN        NaN        NaN  2.2177718  0.0939770  0.1115066  0.1809503  0.1366283  0.2993817  0.3176529  0.3833277  0.5360631  0.3222525  0.4293892  0.2732224  0.2649128
 0.3219950  0.3660570  0.3588260  0.3783204  0.3869629  0.3885943  0.4475157  0.6495872  1.1274190  0.6920879  0.6567865  0.3801468  0.1225345  0.1666552  0.1734517  0.2959810  0.2472079  0.2754827  0.2744190  0.3182799  0.3653624  0.3493340  0.2287163  0.2489334  0.2835697  0.2683856  0.3290408
 0.3351417  0.3261777  0.3468249  0.3050743  0.3554976  0.5863064  1.0949725  0.8207122  0.7439771  0.5670293  0.1482073  0.1402875  0.1252414  0.1969328  0.1868449  0.1685866  0.1715093  0.1878176  0.2118741  0.2471979  0.2817563  0.2868009  0.2881259  0.2964336  0.3410126  0.2381928  0.2377117
 0.3404215  0.3496159  0.3379833  0.3467414  0.3611481  0.3726371  0.4316663  0.3033561  0.3254515  0.3567304  0.2698017  0.1627175  0.1337921  0.1513864  0.1699130  0.2363639  0.2536413  0.2541185  0.2767268  0.2778731  0.2828538  0.1726103  0.1688429  0.2006198  0.1746436  0.2208084  0.1902805
 0.3831411  0.4213372  0.3991253  0.3183501  0.3120354  0.3166786  0.2894712  0.2885173  0.3515772  0.3665168  0.4298669  0.5286795  0.6076728  0.4616124  0.4937629  0.7321838  1.2320403  1.2752921  0.8112575  0.1231622  0.0996628  0.1301198  0.1378621  0.2330605  0.2556242  0.3731024  0.5414640
 0.3449323  0.3611727  0.3476446  0.5572322  0.7396118  0.6616918  0.9246716  0.7253542  0.2420786  0.1297591  0.1183814  0.2322726  0.2525959  0.2971073  0.3267730  0.2409734  0.2373412  0.3145631  0.2662879  0.2212122  0.2166068  0.2807236  0.2650197  0.2694662  0.3115589  0.1796569  0.1809052
 0.3105468  0.3933972  0.3942994  0.4226816  0.5760997  1.0845930        NaN        NaN        NaN  2.4660452  0.0777982  0.1309650  0.1266546  0.2906925  0.3345202  0.3386249  0.3301514  0.1544173  0.1306713  0.2571163  0.2751425  0.6407925  0.9134583  0.5050638  0.3426530  0.3167883  0.2376453
 0.3946093  0.4465199  0.4469657  0.5011617  0.6943391  0.5916466  0.3483644  0.3239267  0.2994863  0.4151782  0.5547261  0.3599638  0.3952864  0.4067252  0.3447654  0.2084473  0.1628175  0.2219774  0.2105270  0.3336672  0.3795269  0.3738382  0.3898107  0.2596471  0.2811340  0.2306308  0.2282167
 0.3114949  0.4284082  0.4427629  0.2751059  0.2702766  0.2861006  0.3266554  0.2760580  0.2988255  0.1395672  0.1329466  0.1931396  0.1647019  0.1821068  0.1906667  0.2281449  0.2367860  0.2123072  0.2578661  0.2839312  0.3534386  0.2924497  0.2754027  0.3527546  0.3966347  0.3722369  0.2981688
 0.3588675  0.9676626  1.4274367  1.4833945        NaN        NaN        NaN  1.6082607  0.9400911  0.6780612  0.6024790  0.6233510  0.1961815  0.2100521  0.1841444  0.1915638  0.1986058  0.2450831  0.2372301  0.4809397  0.6107095  0.3271270  0.2094603  0.2382489  0.2651763  0.3133380  0.4138147
 0.3602931  0.2906820  0.3043638  0.2586704  0.2584119  0.3076044  0.3092355  0.3061523  0.3037602  0.3497787  0.3741284  0.6769884  1.2943994  5.2706049        NaN  3.6879778  1.6326266  0.4730280  0.0742872  0.1259583  0.1201921  0.2088456  0.2208206  0.3039486  0.3424752  0.2476485  0.2413814
 0.4004679  0.1774726  0.1658535  0.2646379  0.2809675  0.2225474  0.2232832  0.1970392  0.2011310  0.1671916  0.1562989  0.1705948  0.1863771  0.2498945  0.3183153  0.1983311  0.1843364  0.2961603  0.3182541  0.2922513  0.3213850  0.2601258  0.2438254  0.3057677  0.3478637  0.5554306  0.7975485
 0.3703705  0.3387357  0.3269269  0.2832742  0.2646725  0.3087806  0.3270705  0.3677066  0.3849865  0.3527080  0.4021621  0.5650151  0.7690772  0.4647364  0.4296485  0.4308757  0.4022611  0.6636636  0.8163103  0.7008659  0.8166530  0.5153560  0.1943924  0.2437628  0.2407507  0.2486542  0.2242628
 0.3258980  0.5121779  0.5643166  0.3974183  0.4356757  0.3589468  0.3590686  0.4388308  0.4163155  0.4082428  0.3340974  0.3185213  0.3464849  0.5099248  0.7432994  0.8416048  1.5504738  1.3550167  1.8488210  3.3420762        NaN        NaN        NaN  2.1652903  1.1188420  0.9440101  0.9897378
 0.3571923  0.4637134  0.5109400  0.4541864  0.5906373  0.5458623  0.6109421  0.1946287  0.1688877  0.2635829  0.2721833  0.4570621  0.6144119  0.5935425  0.6112326  0.5307183  0.3733970  0.1850948  0.1544880  0.2438361  0.2599340  0.3484395  0.3214321  0.3493418  0.3394156  0.4294890  0.5445122
 0.3827605  0.3833285  0.3883592  0.3321649  0.3577175  0.4236617  0.4959117  0.6071788  0.8878770  0.7100298  0.8059920  0.2320070  0.1560376  0.2415610  0.2542015  0.2895418  0.3210054  0.2154003  0.2259635  0.2216472  0.2178704  0.2836431  0.3015581  0.2562083  0.2526299  0.3301510  0.3716979
 0.4425226  0.4507555  0.4689164  0.4924668  0.5198880  0.3649367  0.3416441  0.3549052  0.3347731  0.4079527  0.5460375  0.4397459  0.4494115  0.3916757  0.4670119  0.5800434  0.7028056  0.7046187  0.8657241  0.9117279  1.0703667  1.0597369  0.6718099  0.0966153  0.1013766  0.1973943  0.2090302
 0.4173530  0.5240721  0.5780826  0.6141356  0.8609409  0.8364907  1.3677783  1.8033805        NaN  1.1238361  0.5156118  0.4628246  0.4331616  0.4069478  0.4186784  0.4833197  0.5408411  0.4721301  0.4192828  0.1737487  0.1626709  0.2319976  0.2397991  0.2444554  0.2356040  0.3179118  0.3973134
 0.3579241  0.5678795  0.5888341  0.4810140  0.6563842  0.4137577  0.2888574  0.3065893  0.2855850  0.2544112  0.2904090  0.3162494  0.2928724  0.5457276  0.7622076  0.7558655  0.5408756  0.3080229  0.3159243  0.4284537  0.4346395  0.2813115  0.2774674  0.4034662  0.4270496  0.2307453  0.2073828
 0.2962493  0.5338248  0.5866464  0.6222874  0.7367646  0.5151568  0.4695573  0.2689149  0.2964974  0.2493931  0.2491209  0.3045596  0.3322785  0.2421006  0.2411083  0.3571583  0.4003823  0.5160523  0.6660403  0.6588246  0.6363811  0.5557323  0.5413102  0.4568251  0.3891631  0.1256216  0.1178136
 0.3871243  0.4266879  0.4780169  0.2896725  0.2524480  0.2719167  0.3224587  0.3294755  0.2391221  0.2407685  0.2339508  0.2695504  0.2979806  0.3096921  0.3501267  0.3632148  0.3675469  0.2648279  0.2221228  0.2524092  0.2573065  0.2845102  0.2774904  0.2574635  0.3144078  0.4108298  0.5624059
 0.3871017  0.5875862  0.6298034  1.5662077        NaN        NaN        NaN  1.9975384  1.0654575  0.8803802  0.7463310  0.8876720  1.5366189  1.7842441  0.1164619  0.1814827  0.1589729  0.3130327  0.4098369  0.5113143  0.2867868  0.2865593  0.3014600  0.3975900  0.4630489  0.2862080  0.3561966
 0.3782739  0.4753154  0.4898871  0.3948830  0.4854782  0.4639017  0.5298552  0.5640239  0.7197521  0.3798908  0.2530390  0.2763283  0.2876063  0.3295322  0.3491890  0.4274902  0.3140449  0.2574527  0.2498159  0.4349289  0.5677077  0.3802203  0.3961607  0.2445138  0.1700704  0.3216372  0.3489139
 0.4118165  0.4615213  0.4809761  0.4874204  0.6259506  0.8553143  1.1459353  0.2938979  0.2047148  0.2250704  0.2313860  0.2427273  0.2054922  0.2261159  0.2328897  0.3140006  0.4231420  0.6128737  0.8792572  0.4557662  0.4271942  0.4018515  0.2353565  0.3881543  0.2761992  0.3171880  0.3480109
 0.3460531  0.3910361  0.3832668  0.3276167  0.3966312  0.7732167  1.7129134  0.2332105  0.1688953  0.2482796  0.2347492  0.2475232  0.2612435  0.3042514  0.3447193  0.5536893  0.6141125  0.2306564  0.2123494  0.2682043  0.2752358  0.2442711  0.2462605  0.4158807  0.5429647  0.4649106  0.4059532
 0.3952400  0.3823193  0.3872336  0.2557976  0.2164735  0.2820841  0.2884303  0.2544472  0.2507120  0.3058623  0.3628008  0.4176949  0.3825626  0.2483930  0.2230433  0.2838710  0.3023392  0.2361146  0.2288216  0.1730796  0.1692540  0.1191884  0.1222202  0.1873961  0.1756190  0.2740367  0.2714643
 0.3259550  0.3656187  0.3660754  0.6030264  1.0879295        NaN        NaN  0.3092582  0.2593376  0.3530398  0.3378458  0.2324851  0.2112518  0.2990121  0.3171313  0.4390435  0.4622019  0.2865760  0.2466807  0.2924661  0.2683702  0.3252350  0.3358124  0.3977040  0.4089609  0.5859966  0.8278603
