              Isim, Ftarg, Btarg
   1 2019          0.3977734      21560.7846623       5544.3597106
   1 2021          0.4123975      21536.6726158       5605.0599481
   1 2023          0.3860742      21536.2963760       5480.2444866
   1 2025          0.4036230      21502.5208729       5565.2005928
   1 2027          0.4065479      21513.5879009       5612.9005983
   1 2029          0.4036230      21586.6819689       5601.4210444
   1 2031          0.4094727      21523.1458130       5590.6784495
   1 2033          0.4094727      21525.0306186       5590.3258053
   1 2035          0.4094727      21547.4345288       5586.1368499
   1 2037          0.4123975      21561.5147481       5572.2734390
   1 2039          0.4153223      21582.7892349       5557.1490042
   1 2041          0.3743750      21518.2819523       5358.0519635
   1 2043          0.3831494      21536.8415093       5468.8009069
   2 2019          0.3977734      21468.4703596       5520.6210708
   2 2021          0.4123975      21435.1072365       5585.3189975
   2 2023          0.4094727      21399.9860257       5596.8998855
   2 2025          0.3948486      21447.3609946       5528.8669396
   2 2027          0.3889990      21489.2378587       5484.3337363
   2 2029          0.3977734      21386.6041126       5523.8730569
   2 2031          0.3948486      21439.8226699       5495.5709246
   2 2033          0.3948486      21445.4768460       5499.8850722
   2 2035          0.3831494      21404.9764511       5410.9671498
   2 2037          0.3948486      21457.9228234       5488.2154423
   2 2039          0.3977734      21497.0051253       5573.9382733
   2 2041          0.3977734      21496.9447454       5559.8520235
   2 2043          0.3977734      21502.1414051       5525.6977169
   3 2019          0.3977734      21902.4674708       5632.2235072
   3 2021          0.4065479      21894.1313781       5688.3836764
   3 2023          0.3977734      21894.2418394       5658.6834275
   3 2025          0.4006982      21886.9767544       5686.1468450
   3 2027          0.4036230      21829.9528279       5666.7983011
   3 2029          0.4036230      21869.5551444       5645.5020613
   3 2031          0.4036230      21862.8544126       5649.0308414
   3 2033          0.4036230      21911.7795627       5623.8859265
   3 2035          0.4036230      21848.5177802       5656.6799846
   3 2037          0.4036230      21845.6985500       5658.2006227
   3 2039          0.4036230      21853.4541493       5654.0306262
   3 2041          0.4036230      21823.0554472       5670.6227746
   3 2043          0.3656006      21918.2457472       5444.8463447
   4 2019          0.3977734      22238.1558441       5718.5458336
   4 2021          0.4036230      22167.4694918       5726.0005732
   4 2023          0.4036230      22162.9040577       5777.6640063
   4 2025          0.4036230      22165.4954444       5772.0155098
   4 2027          0.3802246      22183.4930216       5600.2075677
   4 2029          0.3831494      22155.5528949       5595.4718287
   4 2031          0.3889990      22209.6559283       5658.1958383
   4 2033          0.3977734      22239.8396584       5712.5839434
   4 2035          0.3948486      22171.3419067       5712.0820198
   4 2037          0.3948486      22176.2643733       5735.7486824
   4 2039          0.3831494      22179.9561316       5661.1871149
   4 2041          0.3977734      22169.9285742       5751.8088976
   4 2043          0.3977734      22169.4004419       5751.5294457
   5 2019          0.3977734      21750.2088158       5593.0701663
   5 2021          0.4123975      21732.9716953       5653.8707616
   5 2023          0.3977734      21669.5372243       5607.1597633
   5 2025          0.3977734      21682.2246125       5613.3441355
   5 2027          0.3977734      21726.6293116       5634.0655115
   5 2029          0.3977734      21722.0986498       5630.5223274
   5 2031          0.3948486      21766.2725849       5555.6022624
   5 2033          0.3685254      21733.6863525       5386.8711618
   5 2035          0.3860742      21663.4807253       5566.8523086
   5 2037          0.3860742      21697.9830011       5571.9675436
   5 2039          0.3802246      21752.0009526       5523.4446251
   5 2041          0.3889990      21675.0055269       5591.5728379
   5 2043          0.3889990      21700.0037284       5595.1655799
   6 2019          0.3977734      22156.6315249       5697.5818401
   6 2021          0.4094727      22100.7913968       5763.0719715
   6 2023          0.4065479      22153.5134731       5763.4048615
   6 2025          0.4094727      22149.6267571       5757.2561573
   6 2027          0.3685254      22090.4301197       5519.6621458
   6 2029          0.3714502      22091.2656084       5552.6948062
   6 2031          0.3685254      22175.7850405       5535.3381352
   6 2033          0.3802246      22082.7342846       5636.2966932
   6 2035          0.3831494      22090.5286208       5662.1597976
   6 2037          0.3772998      22103.6761838       5612.9494559
   6 2039          0.3656006      22175.8686495       5500.9675269
   6 2041          0.3802246      22177.7141419       5617.1169263
   6 2043          0.3919238      22170.5716965       5712.1561415
   7 2019          0.3977734      21768.1921215       5597.6945766
   7 2021          0.4065479      21768.0445220       5656.9101823
   7 2023          0.3977734      21682.6938419       5609.3277331
   7 2025          0.3948486      21768.2432355       5583.4380549
   7 2027          0.3948486      21751.1288952       5568.8378544
   7 2029          0.3948486      21736.8317310       5555.3195722
   7 2031          0.3948486      21718.1457164       5535.0739853
   7 2033          0.3948486      21716.1371030       5532.6658502
   7 2035          0.3977734      21684.2757557       5610.4246155
   7 2037          0.3714502      21739.3049465       5457.7785024
   7 2039          0.3743750      21749.7165057       5424.7205950
   7 2041          0.3860742      21786.6294171       5518.6993485
   7 2043          0.3977734      21802.6427165       5624.1769459
   8 2019          0.3977734      21678.2755930       5574.5725249
   8 2021          0.3977734      21675.9184270       5541.1967494
   8 2023          0.3977734      21675.5795211       5547.5957724
   8 2025          0.3948486      21629.4968928       5570.6020627
   8 2027          0.3889990      21629.6965637       5562.6201655
   8 2029          0.3919238      21639.6046396       5553.0007065
   8 2031          0.3977734      21633.2981500       5613.6331394
   8 2033          0.3977734      21597.0303441       5591.5551865
   8 2035          0.3656006      21684.3663904       5376.5034281
   8 2037          0.3919238      21617.2906820       5552.7322537
   8 2039          0.3977734      21623.4781496       5622.5875702
   8 2041          0.3948486      21692.8267704       5599.6339027
   8 2043          0.3919238      21660.2169212       5521.1804422
   9 2019          0.3977734      21799.3631848       5605.7102212
   9 2021          0.4094727      21761.2336820       5676.2917109
   9 2023          0.4006982      21790.2643606       5659.5267956
   9 2025          0.4036230      21733.5669386       5642.8403703
   9 2027          0.3656006      21780.2972390       5328.6226926
   9 2029          0.3948486      21750.4346208       5575.4978608
   9 2031          0.3977734      21832.1721555       5636.2113354
   9 2033          0.3977734      21833.5715180       5628.7968838
   9 2035          0.4006982      21732.0704444       5614.3636768
   9 2037          0.4006982      21744.6761912       5582.7139459
   9 2039          0.4006982      21749.2031435       5573.9834003
   9 2041          0.3743750      21720.8096629       5434.3836721
   9 2043          0.3553638      21779.1225601       5245.6128660
  10 2019          0.3977734      21758.6010251       5595.2282244
  10 2021          0.4065479      21728.6663531       5650.2775479
  10 2023          0.3919238      21753.2597992       5586.0349044
  10 2025          0.3919238      21685.5879023       5562.4587280
  10 2027          0.3889990      21764.9703376       5541.1285580
  10 2029          0.3889990      21718.3987287       5522.0019240
  10 2031          0.3889990      21692.5753967       5510.6480219
  10 2033          0.3685254      21730.9121415       5419.2307188
  10 2035          0.3714502      21778.4865991       5432.0211153
  10 2037          0.3919238      21694.6789193       5591.0290908
  10 2039          0.3919238      21675.5006287       5586.2865435
  10 2041          0.3919238      21708.9188366       5594.5013854
  10 2043          0.3831494      21770.1060193       5487.5571386
  11 2019          0.3977734      21487.6525524       5525.5537752
  11 2021          0.4123975      21455.7895765       5581.7877064
  11 2023          0.4006982      21464.8309214       5552.0492795
  11 2025          0.3977734      21482.0881803       5541.2052788
  11 2027          0.3977734      21480.2937811       5536.0900252
  11 2029          0.3977734      21477.1303496       5525.3730126
  11 2031          0.3772998      21410.8900970       5402.1699023
  11 2033          0.3919238      21481.7275445       5518.7526346
  11 2035          0.3977734      21468.3602646       5548.9438549
  11 2037          0.3948486      21443.6705692       5540.4874866
  11 2039          0.4006982      21433.9799116       5545.2001557
  11 2041          0.4006982      21428.5421874       5558.2049903
  11 2043          0.4006982      21435.2802828       5542.4097948
  12 2019          0.3977734      21775.3854438       5599.5443407
  12 2021          0.4094727      21728.9079272       5656.9083448
  12 2023          0.3977734      21800.0090360       5625.8014807
  12 2025          0.3977734      21800.4005181       5618.5171694
  12 2027          0.3977734      21802.7045603       5601.1268764
  12 2029          0.4006982      21705.3335104       5569.6865671
  12 2031          0.3597510      21741.4156567       5289.0362102
  12 2033          0.3919238      21705.6667862       5575.7577540
  12 2035          0.3977734      21766.4236348       5641.1524446
  12 2037          0.3948486      21722.1378398       5624.3129317
  12 2039          0.3831494      21773.6291250       5544.1588452
  12 2041          0.3860742      21688.5829791       5546.1941541
  12 2043          0.3802246      21811.7197766       5537.8002865
  13 2019          0.3977734      21428.9070871       5510.4473681
  13 2021          0.4094727      21407.5969302       5578.0739286
  13 2023          0.3919238      21444.2999028       5492.0792957
  13 2025          0.3889990      21417.0501244       5458.7993774
  13 2027          0.3860742      21463.8397069       5424.2039808
  13 2029          0.3889990      21452.4897475       5471.3857177
  13 2031          0.3889990      21452.0383160       5471.2293826
  13 2033          0.3889990      21417.8081331       5459.0755176
  13 2035          0.3860742      21411.1854462       5401.0156821
  13 2037          0.3656006      21464.6496787       5320.1687018
  13 2039          0.3685254      21412.8715253       5344.2205234
  13 2041          0.3772998      21373.5225466       5426.2079536
  13 2043          0.3860742      21432.6991839       5494.9251479
  14 2019          0.3977734      21985.1906771       5653.4957948
  14 2021          0.4094727      21950.3839869       5718.8046774
  14 2023          0.4094727      21902.7579771       5737.1100936
  14 2025          0.4123975      21962.0143632       5729.5482003
  14 2027          0.4153223      21937.6126713       5729.9541237
  14 2029          0.4211719      21950.5167687       5724.8880830
  14 2031          0.3860742      21928.7772018       5585.8791404
  14 2033          0.3919238      21902.4172323       5652.2154400
  14 2035          0.3860742      21931.3530556       5615.2753453
  14 2037          0.3743750      21933.4011112       5494.5333761
  14 2039          0.3919238      21942.8777704       5624.0020389
  14 2041          0.3948486      21947.7828481       5673.6190133
  14 2043          0.3919238      21988.5841670       5641.1817538
  15 2019          0.3977734      21157.9586143       5440.7729189
  15 2021          0.4094727      21086.6312521       5499.5326909
  15 2023          0.3948486      21161.2550111       5452.1623990
  15 2025          0.3948486      21119.6803474       5429.6427938
  15 2027          0.3948486      21095.3021774       5415.0544139
  15 2029          0.3948486      21090.4106159       5411.9765026
  15 2031          0.3597510      21129.2232847       5126.6016834
  15 2033          0.3889990      21114.7166198       5415.9310701
  15 2035          0.3860742      21176.3899533       5395.8455490
  15 2037          0.3889990      21129.6191253       5419.3755536
  15 2039          0.3889990      21106.6883530       5414.0580574
  15 2041          0.3831494      21184.7623031       5360.0243646
  15 2043          0.3802246      21170.4115929       5311.9624631
  16 2019          0.3977734      21860.5064242       5621.4332164
  16 2021          0.4123975      21799.4212673       5690.5346304
  16 2023          0.4006982      21850.2046755       5648.6365809
  16 2025          0.3948486      21835.5850361       5640.0414350
  16 2027          0.3948486      21827.1319010       5640.7411550
  16 2029          0.3919238      21837.1218997       5608.9325332
  16 2031          0.3977734      21879.8929730       5644.6277595
  16 2033          0.3977734      21876.9959656       5645.9236650
  16 2035          0.3685254      21785.1076810       5421.8867990
  16 2037          0.3919238      21805.8654261       5570.9666614
  16 2039          0.4006982      21848.5083119       5650.5440801
  16 2041          0.4036230      21833.7262674       5686.0737112
  16 2043          0.3889990      21819.9881288       5616.2709988
  17 2019          0.3977734      21486.4536654       5525.2454812
  17 2021          0.4065479      21482.3479822       5585.3790570
  17 2023          0.3977734      21412.2657070       5541.3701954
  17 2025          0.3977734      21465.1126482       5542.9022517
  17 2027          0.3977734      21451.1107520       5517.4186563
  17 2029          0.3977734      21444.7107379       5501.3623835
  17 2031          0.3831494      21443.9248430       5428.1801822
  17 2033          0.3802246      21414.6027939       5399.9445864
  17 2035          0.4036230      21412.6832364       5571.9417387
  17 2037          0.3919238      21509.6735349       5535.8597195
  17 2039          0.3977734      21471.7613607       5565.6615997
  17 2041          0.3977734      21473.4696778       5567.2482408
  17 2043          0.3977734      21432.8852108       5522.4409300
  18 2019          0.3977734      22194.9959104       5707.4472488
  18 2021          0.4123975      22184.9931887       5769.7737884
  18 2023          0.4094727      22210.0511259       5770.0283635
  18 2025          0.3977734      22224.8082775       5722.5480619
  18 2027          0.3977734      22223.5286209       5732.3514460
  18 2029          0.3977734      22225.4643667       5718.7491205
  18 2031          0.4006982      22122.8008159       5697.5530350
  18 2033          0.3889990      22180.4574107       5679.9947366
  18 2035          0.3889990      22159.8556589       5650.4876183
  18 2037          0.3919238      22213.1958698       5680.9946826
  18 2039          0.3831494      22180.8458027       5630.7160875
  18 2041          0.4006982      22142.0305889       5718.7867699
  18 2043          0.4036230      22180.8150603       5755.8582389
  19 2019          0.3977734      21551.1935659       5541.8933584
  19 2021          0.4094727      21550.3580678       5600.6488124
  19 2023          0.4036230      21586.9460287       5607.8402675
  19 2025          0.4036230      21550.5436851       5559.2795799
  19 2027          0.4036230      21585.7096735       5512.7054776
  19 2029          0.4065479      21557.9906615       5511.3881297
  19 2031          0.4211719      21547.4958650       5576.8076088
  19 2033          0.4123975      21565.0961971       5549.9706393
  19 2035          0.4211719      21554.3371940       5575.8736055
  19 2037          0.4211719      21520.3885528       5580.5081959
  19 2039          0.4211719      21555.0112585       5575.7815786
  19 2041          0.4006982      21553.1057669       5488.4832805
  19 2043          0.4211719      21572.4919562       5570.0155692
  20 2019          0.3977734      21496.0447617       5527.7118334
  20 2021          0.4065479      21505.2056733       5573.3088092
  20 2023          0.3948486      21495.7617600       5545.2702841
  20 2025          0.3948486      21467.0960692       5532.3934250
  20 2027          0.3948486      21466.7838969       5532.2489689
  20 2029          0.3714502      21478.0104083       5334.8242631
  20 2031          0.3977734      21466.9483565       5522.8581281
  20 2033          0.3919238      21445.0764915       5506.6961349
  20 2035          0.3977734      21509.6838363       5568.9408701
  20 2037          0.3977734      21473.8538572       5576.8517920
  20 2039          0.3977734      21434.0223760       5551.9491343
  20 2041          0.3977734      21436.9794238       5553.9227316
  20 2043          0.3948486      21493.7895269       5507.1847639
  21 2019          0.3977734      22089.4938502       5680.3173748
  21 2021          0.4153223      22038.4107708       5752.6227868
  21 2023          0.4065479      22026.0606845       5733.9995305
  21 2025          0.4094727      22037.9377174       5715.0155743
  21 2027          0.3802246      22105.5929012       5578.4385573
  21 2029          0.3802246      22107.9894251       5559.1524080
  21 2031          0.3919238      22035.7190733       5655.1828471
  21 2033          0.3977734      22029.3274063       5707.6075616
  21 2035          0.3977734      22048.5321295       5719.8970800
  21 2037          0.3977734      22033.4766463       5710.3342519
  21 2039          0.3948486      22098.6209664       5669.0787093
  21 2041          0.3948486      22045.3907672       5615.2310362
  21 2043          0.3948486      22091.3166023       5662.8739581
  22 2019          0.3977734      22239.3547312       5718.8541277
  22 2021          0.4123975      22190.3039756       5782.5366761
  22 2023          0.4006982      22208.9290200       5743.6024887
  22 2025          0.4006982      22176.3867156       5733.8484297
  22 2027          0.4006982      22169.6519224       5756.9629148
  22 2029          0.3802246      22232.0664811       5579.9597576
  22 2031          0.3919238      22249.3880765       5679.3052139
  22 2033          0.3948486      22216.8947506       5727.9657397
  22 2035          0.3948486      22207.8578151       5723.8767533
  22 2037          0.3919238      22256.6644993       5683.3209211
  22 2039          0.3919238      22248.0517179       5678.5587450
  22 2041          0.3860742      22174.1869053       5643.4703578
  22 2043          0.3860742      22163.7281946       5640.4731212
  23 2019          0.3977734      21350.9794290       5490.4082566
  23 2021          0.4094727      21285.9708666       5542.4464807
  23 2023          0.3977734      21367.2281130       5529.8724953
  23 2025          0.3948486      21329.1025698       5534.8008463
  23 2027          0.3948486      21320.6045875       5517.1559814
  23 2029          0.3919238      21352.7047526       5500.8551202
  23 2031          0.3948486      21345.1301077       5530.2238753
  23 2033          0.3802246      21298.3009573       5425.1684910
  23 2035          0.3948486      21294.0037624       5507.0137153
  23 2037          0.3977734      21351.9679496       5510.3105582
  23 2039          0.3977734      21350.2090469       5504.4300679
  23 2041          0.3977734      21344.8746701       5473.0037112
  23 2043          0.3977734      21272.1897559       5513.8100820
  24 2019          0.3977734      21963.6107103       5647.9465024
  24 2021          0.4123975      21970.5822703       5716.7633478
  24 2023          0.4153223      21915.2302401       5719.7130030
  24 2025          0.4182471      21931.1152265       5715.2558981
  24 2027          0.4211719      21981.2919287       5707.2354748
  24 2029          0.4240967      21917.2045305       5711.0969738
  24 2031          0.4123975      21900.6782063       5665.4976236
  24 2033          0.4270215      21929.4741543       5707.0250515
  24 2035          0.3495142      21946.8485659       5168.0223066
  24 2037          0.3656006      21965.8798012       5413.6378884
  24 2039          0.3977734      21980.4802071       5681.6953010
  24 2041          0.4036230      21899.0659405       5721.6602424
  24 2043          0.3948486      21923.7833527       5674.1621124
  25 2019          0.3977734      22606.2141677       5813.1920987
  25 2021          0.4123975      22591.5081450       5873.9450263
  25 2023          0.4006982      22542.2935195       5849.6828874
  25 2025          0.4006982      22589.7676317       5853.6155520
  25 2027          0.4006982      22584.1583426       5858.0788629
  25 2029          0.4036230      22557.0199101       5805.7849771
  25 2031          0.3656006      22539.2834311       5554.0644994
  25 2033          0.3889990      22622.5866459       5770.8805420
  25 2035          0.3831494      22624.3545474       5755.6351102
  25 2037          0.3919238      22620.9860030       5815.7645844
  25 2039          0.3919238      22566.8290486       5814.3432283
  25 2041          0.3772998      22575.1300206       5715.3011562
  25 2043          0.3977734      22642.5509886       5843.1076887
  26 2019          0.3977734      21994.7817735       5655.9621470
  26 2021          0.4153223      21971.4236263       5718.9559349
  26 2023          0.4036230      22010.1758625       5692.0476075
  26 2025          0.4036230      21978.4227945       5701.8037504
  26 2027          0.4094727      21920.5628579       5671.2411027
  26 2029          0.3656006      21930.3184565       5440.5858516
  26 2031          0.3714502      21996.5089147       5446.0192360
  26 2033          0.3919238      21989.6747140       5634.3178203
  26 2035          0.3977734      22020.5037469       5649.5559944
  26 2037          0.3977734      22025.3111579       5661.0285521
  26 2039          0.3977734      22024.9320611       5662.8768579
  26 2041          0.3977734      22026.2316204       5656.9106595
  26 2043          0.3977734      22027.3657245       5652.3765694
  27 2019          0.3977734      21749.0099288       5592.7618722
  27 2021          0.4153223      21694.4268631       5660.5344649
  27 2023          0.4006982      21728.8783350       5630.9080974
  27 2025          0.4006982      21761.5994021       5629.2745885
  27 2027          0.4036230      21713.4873238       5605.6407036
  27 2029          0.3802246      21774.4293114       5499.2095372
  27 2031          0.3714502      21762.6062400       5426.4056668
  27 2033          0.3743750      21749.5725846       5459.8634718
  27 2035          0.3772998      21774.9853287       5497.5774382
  27 2037          0.3772998      21727.8931520       5488.8211859
  27 2039          0.3772998      21690.9298842       5481.7557716
  27 2041          0.3670630      21720.9701366       5351.6870841
  27 2043          0.3831494      21732.9198360       5496.0299372
  28 2019          0.3977734      21689.0655764       5577.3471711
  28 2021          0.4094727      21686.5931904       5632.1306091
  28 2023          0.3948486      21667.7543059       5569.9470011
  28 2025          0.3977734      21713.2890948       5586.7669508
  28 2027          0.3977734      21713.8043060       5582.7179256
  28 2029          0.3977734      21717.0955126       5565.7315244
  28 2031          0.3977734      21716.2135057       5569.4797793
  28 2033          0.3977734      21724.2457402       5543.1468723
  28 2035          0.3977734      21720.5544380       5553.5785329
  28 2037          0.4006982      21618.9136999       5541.2450055
  28 2039          0.3597510      21650.0751627       5262.7540786
  28 2041          0.3860742      21657.4467684       5481.1644576
  28 2043          0.3948486      21657.8822798       5579.4507560
  29 2019          0.3977734      22191.3992493       5706.5223667
  29 2021          0.4123975      22184.4988105       5770.3522380
  29 2023          0.4094727      22125.7104804       5788.5616793
  29 2025          0.4123975      22192.7323164       5779.8695872
  29 2027          0.3743750      22165.2172747       5573.6791647
  29 2029          0.3743750      22219.9058735       5537.3856683
  29 2031          0.3860742      22175.0843937       5674.1171034
  29 2033          0.3860742      22178.2266966       5674.7027333
  29 2035          0.3831494      22156.5130786       5638.4612172
  29 2037          0.3802246      22173.1759253       5632.6982895
  29 2039          0.3860742      22166.2403685       5658.9912381
  29 2041          0.3948486      22169.8550397       5726.1779318
  29 2043          0.3919238      22214.7362447       5700.0552461
  30 2019          0.3977734      22732.0973077       5845.5629711
  30 2021          0.4123975      22682.8433584       5915.3046494
  30 2023          0.4123975      22728.5032609       5909.8157496
  30 2025          0.4123975      22702.4754495       5912.9451002
  30 2027          0.4065479      22708.4886871       5832.5822130
  30 2029          0.3480518      22709.2070487       5336.5024374
  30 2031          0.3626758      22759.4655059       5627.6670964
  30 2033          0.3802246      22713.8641989       5797.2425989
  30 2035          0.3772998      22754.1264276       5777.4796822
  30 2037          0.3743750      22752.8136363       5683.1919317
  30 2039          0.3919238      22711.7472604       5833.0724279
  30 2041          0.3948486      22717.9776010       5878.4631633
  30 2043          0.3743750      22730.2644621       5738.1638570
  31 2019          0.3977734      21311.4161564       5480.2345538
  31 2021          0.4123975      21286.8076189       5548.8379184
  31 2023          0.4123975      21249.1622806       5559.3821666
  31 2025          0.3860742      21323.3831279       5426.1965653
  31 2027          0.3948486      21242.6245324       5477.4106906
  31 2029          0.3948486      21274.7824915       5490.4451402
  31 2031          0.3919238      21267.0527095       5430.1407765
  31 2033          0.3919238      21264.8480581       5429.0022675
  31 2035          0.3685254      21252.5757289       5289.9458465
  31 2037          0.3919238      21326.1161307       5466.6636196
  31 2039          0.3948486      21309.1640615       5502.9596014
  31 2041          0.3948486      21274.4933528       5504.4244799
  31 2043          0.3919238      21288.5785173       5467.5351753
  32 2019          0.3977734      22425.1822236       5766.6397012
  32 2021          0.4123975      22363.5594994       5837.6051574
  32 2023          0.4036230      22371.2394103       5802.4072105
  32 2025          0.4036230      22443.4618482       5804.1044697
  32 2027          0.3889990      22378.9571899       5722.7189804
  32 2029          0.3802246      22435.5700458       5644.7406839
  32 2031          0.3889990      22396.1783907       5717.5183628
  32 2033          0.3919238      22417.1290900       5737.0469495
  32 2035          0.3919238      22377.6601235       5750.9540290
  32 2037          0.3889990      22428.4544831       5720.8532882
  32 2039          0.3889990      22390.3692480       5707.3664874
  32 2041          0.3860742      22385.1164969       5647.2845631
  32 2043          0.3889990      22353.5344214       5693.5953905
  33 2019          0.3977734      21883.2852781       5627.2908028
  33 2021          0.4036230      21854.2959478       5700.4804753
  33 2023          0.4065479      21843.7085311       5694.0086744
  33 2025          0.4036230      21885.6186856       5644.9785303
  33 2027          0.4182471      21890.3227193       5654.5923934
  33 2029          0.4182471      21838.1967775       5662.6433918
  33 2031          0.3743750      21808.7312980       5488.0935735
  33 2033          0.3831494      21881.0314969       5569.8294316
  33 2035          0.3831494      21899.2081596       5573.3410507
  33 2037          0.3919238      21798.6924547       5613.2241518
  33 2039          0.3919238      21914.1020457       5651.5637237
  33 2041          0.3743750      21917.4366753       5514.5697345
  33 2043          0.3802246      21864.7776521       5563.7894420
  34 2019          0.3977734      21463.6748115       5519.3878948
  34 2021          0.4153223      21412.1551637       5571.1169646
  34 2023          0.4006982      21401.2169542       5526.7553694
  34 2025          0.3977734      21483.4518538       5532.9182793
  34 2027          0.4006982      21447.3397101       5544.0600342
  34 2029          0.4006982      21426.2015018       5553.0255003
  34 2031          0.4006982      21414.6144580       5568.8701229
  34 2033          0.3977734      21491.0633943       5538.2242545
  34 2035          0.3948486      21447.2653017       5431.6328211
  34 2037          0.3509766      21400.8956643       5051.3064433
  34 2039          0.3772998      21430.1453607       5365.1618052
  34 2041          0.3919238      21464.6213026       5502.4927414
  34 2043          0.3919238      21387.4770732       5519.0585356
  35 2019          0.3977734      21060.8487635       5415.8011030
  35 2021          0.4006982      21055.1233479       5395.1056759
  35 2023          0.4036230      20997.8982132       5450.3392408
  35 2025          0.3919238      21064.5370037       5393.3691186
  35 2027          0.3831494      20995.5660669       5312.8918174
  35 2029          0.3948486      20989.5039630       5379.3802456
  35 2031          0.4006982      21068.9446702       5418.8160858
  35 2033          0.4006982      21059.6745001       5426.8954342
  35 2035          0.3889990      21071.8577243       5369.8964478
  35 2037          0.3977734      20995.9197886       5436.2636131
  35 2039          0.3977734      20992.7136300       5431.1728263
  35 2041          0.3919238      21026.1811881       5394.4217621
  35 2043          0.4006982      21016.1550551       5449.7158339
  36 2019          0.3977734      21701.0544469       5580.4301113
  36 2021          0.4123975      21640.9820045       5634.7284550
  36 2023          0.4006982      21689.8141383       5599.9084221
  36 2025          0.4006982      21710.8304938       5610.7664083
  36 2027          0.3977734      21671.4741648       5600.5909111
  36 2029          0.3977734      21664.7344624       5591.9823844
  36 2031          0.3977734      21669.2914973       5597.8806170
  36 2033          0.3977734      21641.5375197       5553.8611638
  36 2035          0.3977734      21645.5073829       5561.8359484
  36 2037          0.3977734      21665.3693101       5592.8249632
  36 2039          0.3977734      21656.3194940       5580.0534910
  36 2041          0.3714502      21696.6007901       5415.6732648
  36 2043          0.3831494      21650.1786304       5492.6269485
  37 2019          0.3977734      22039.1405943       5667.3690258
  37 2021          0.4094727      21974.6290291       5741.3262845
  37 2023          0.3977734      22043.1481531       5699.7591681
  37 2025          0.3977734      21950.5708690       5676.4519539
  37 2027          0.3860742      22016.2686282       5616.4675580
  37 2029          0.3948486      22020.8589770       5668.9768712
  37 2031          0.4036230      22047.2448684       5707.7375253
  37 2033          0.4036230      22013.8530220       5717.6964734
  37 2035          0.4065479      21974.9619369       5705.9125530
  37 2037          0.4094727      22009.7811274       5672.8297929
  37 2039          0.4094727      21985.2126744       5650.5724195
  37 2041          0.4006982      22008.8789140       5600.6462883
  37 2043          0.4123975      21993.3971689       5655.1438568
  38 2019          0.3977734      21992.3839994       5655.3455589
  38 2021          0.4094727      22010.9832596       5721.0142036
  38 2023          0.4094727      21991.7323794       5723.3129815
  38 2025          0.4153223      21933.6141894       5721.9735433
  38 2027          0.3831494      21914.9777959       5552.5471024
  38 2029          0.3977734      21993.8826548       5669.5538232
  38 2031          0.3977734      22000.9220489       5691.6802004
  38 2033          0.3977734      21995.0604039       5674.1158749
  38 2035          0.3889990      21915.5363300       5638.6565922
  38 2037          0.3802246      21949.9661395       5559.2268739
  38 2039          0.3889990      21967.8077182       5630.2042001
  38 2041          0.3860742      21964.7627884       5616.9258930
  38 2043          0.3919238      21951.3921800       5658.8713883
  39 2019          0.3977734      21535.6080343       5537.8855361
  39 2021          0.4123975      21481.6357295       5594.2499667
  39 2023          0.4006982      21518.9485827       5563.8307086
  39 2025          0.4006982      21518.5867057       5578.2148694
  39 2027          0.4006982      21521.3007715       5576.1006027
  39 2029          0.4036230      21450.4545870       5558.7758581
  39 2031          0.3743750      21477.0813030       5390.1422040
  39 2033          0.4006982      21469.3587318       5562.8532040
  39 2035          0.3977734      21545.2477136       5562.4372064
  39 2037          0.3977734      21541.5818289       5532.4053673
  39 2039          0.3977734      21541.5527123       5527.8452404
  39 2041          0.3977734      21542.5448612       5546.4963873
  39 2043          0.3977734      21541.5744815       5532.0424143
  40 2019          0.3977734      21237.0851595       5461.1203244
  40 2021          0.4094727      21191.1489778       5520.4936898
  40 2023          0.3977734      21226.2950454       5496.2080866
  40 2025          0.3831494      21244.9094594       5385.6147754
  40 2027          0.4006982      21194.1594881       5490.0990620
  40 2029          0.4006982      21190.8304363       5495.4093994
  40 2031          0.4006982      21211.8217844       5465.3838431
  40 2033          0.4006982      21228.6197664       5445.4417320
  40 2035          0.4006982      21227.7912467       5446.3667474
  40 2037          0.4006982      21245.0845313       5428.0413908
  40 2039          0.4006982      21256.4332601       5416.9561074
  40 2041          0.4036230      21161.0307184       5414.3332242
  40 2043          0.3714502      21171.1954720       5232.5145136
  41 2019          0.3977734      21612.3368053       5557.6163536
  41 2021          0.4094727      21539.8451000       5626.0360588
  41 2023          0.4094727      21539.1822686       5629.2473566
  41 2025          0.4123975      21557.1562014       5621.7932510
  41 2027          0.4182471      21572.5331089       5609.5423383
  41 2029          0.4211719      21612.5849508       5599.3089449
  41 2031          0.4182471      21597.1671948       5606.4022056
  41 2033          0.4182471      21561.4322902       5610.9571034
  41 2035          0.4182471      21580.6293634       5608.5103910
  41 2037          0.4211719      21559.5556116       5606.0665425
  41 2039          0.3802246      21553.5441598       5449.3731846
  41 2041          0.3919238      21548.4953720       5548.1477890
  41 2043          0.3919238      21555.0486441       5541.5736638
  42 2019          0.3977734      21744.2143806       5591.5286961
  42 2021          0.4065479      21757.3165358       5655.3576710
  42 2023          0.4006982      21733.6149943       5638.4100764
  42 2025          0.3889990      21681.5687205       5559.8889191
  42 2027          0.3889990      21739.5543425       5556.1038077
  42 2029          0.3977734      21686.6756668       5599.7764360
  42 2031          0.3919238      21756.2980700       5590.8626333
  42 2033          0.3948486      21736.7294541       5625.3063950
  42 2035          0.3889990      21725.7832457       5591.8432491
  42 2037          0.3948486      21702.2449993       5601.1080698
  42 2039          0.3948486      21739.3204379       5615.1515886
  42 2041          0.3948486      21670.7878713       5588.5220612
  42 2043          0.3948486      21724.6607742       5609.6934481
  43 2019          0.3977734      22819.6160622       5868.0684348
  43 2021          0.4065479      22830.2389415       5933.7698967
  43 2023          0.4036230      22774.4605533       5924.5203328
  43 2025          0.3977734      22734.5616480       5896.5160297
  43 2027          0.3948486      22778.8163128       5847.0400150
  43 2029          0.3919238      22848.1062654       5802.0828044
  43 2031          0.3948486      22761.1603850       5834.9302307
  43 2033          0.3919238      22820.1877071       5775.6478166
  43 2035          0.3948486      22767.4595522       5839.3473815
  43 2037          0.3948486      22777.2513665       5845.9995258
  43 2039          0.3948486      22756.1388063       5831.3253892
  43 2041          0.3948486      22746.3447649       5824.0625621
  43 2043          0.3919238      22843.8868444       5798.3971136
  44 2019          0.3977734      21364.1671865       5493.7994908
  44 2021          0.4094727      21295.1251701       5548.0267378
  44 2023          0.3948486      21330.9952957       5474.5594483
  44 2025          0.4036230      21338.9988158       5524.2584288
  44 2027          0.3772998      21368.5634277       5378.6823752
  44 2029          0.3977734      21352.4242348       5502.9829729
  44 2031          0.4036230      21398.0583658       5543.9626182
  44 2033          0.3948486      21374.7459087       5504.2913774
  44 2035          0.3919238      21283.2395264       5486.3539747
  44 2037          0.3802246      21337.6524647       5392.9685587
  44 2039          0.3977734      21307.3590219       5500.3010497
  44 2041          0.4006982      21327.5360164       5527.0454174
  44 2043          0.4006982      21326.7739943       5529.2786665
  45 2019          0.3977734      21258.6651263       5466.6696168
  45 2021          0.4094727      21198.7556096       5535.6025298
  45 2023          0.4065479      21213.3740414       5538.8218390
  45 2025          0.3948486      21225.0734165       5429.7204325
  45 2027          0.4211719      21273.4086685       5505.8586934
  45 2029          0.4211719      21213.9058111       5513.4400902
  45 2031          0.4211719      21185.3526163       5517.0763644
  45 2033          0.3539014      21205.1582638       5109.1926287
  45 2035          0.3714502      21192.8072346       5319.7600931
  45 2037          0.3948486      21201.3564780       5484.0503704
  45 2039          0.3772998      21185.8541081       5383.4567056
  45 2041          0.3977734      21206.1082970       5494.8430395
  45 2043          0.3977734      21236.6775793       5508.0951017
  46 2019          0.3977734      21685.4689152       5576.4222890
  46 2021          0.4094727      21660.9908741       5643.1058054
  46 2023          0.4006982      21671.8195332       5616.5686308
  46 2025          0.4006982      21687.5850767       5605.0567412
  46 2027          0.4006982      21699.6048859       5596.5858414
  46 2029          0.4036230      21652.5160713       5565.4827114
  46 2031          0.4036230      21618.1120533       5587.9302109
  46 2033          0.4036230      21609.4322014       5593.8575977
  46 2035          0.3860742      21650.9817942       5542.8679479
  46 2037          0.3860742      21636.5038561       5540.1851780
  46 2039          0.3889990      21683.4398496       5576.8839151
  46 2041          0.3831494      21673.9349831       5516.5668776
  46 2043          0.3685254      21718.8664461       5410.9806385
  47 2019          0.3977734      21448.0892798       5515.3800725
  47 2021          0.4094727      21371.8491747       5581.0579169
  47 2023          0.4094727      21416.9463802       5574.4252149
  47 2025          0.4094727      21433.0456193       5572.0579761
  47 2027          0.3743750      21439.2067965       5378.6641008
  47 2029          0.3977734      21425.9605523       5520.2649622
  47 2031          0.3831494      21420.4942055       5430.8502228
  47 2033          0.3919238      21446.9212278       5501.3139691
  47 2035          0.3919238      21473.6684342       5510.9679330
  47 2037          0.3919238      21476.0367975       5511.8049387
  47 2039          0.3889990      21425.8521907       5437.2936161
  47 2041          0.3802246      21389.7850364       5422.6951997
  47 2043          0.3831494      21371.7121608       5461.1598075
  48 2019          0.3977734      22052.3283518       5670.7602601
  48 2021          0.4123975      21987.0493190       5739.8092559
  48 2023          0.4153223      22016.5972182       5731.5442799
  48 2025          0.4123975      21996.6435547       5738.6405018
  48 2027          0.3743750      22044.4687018       5519.4076533
  48 2029          0.3889990      22032.6197932       5635.5241792
  48 2031          0.3977734      22024.9907440       5676.8811376
  48 2033          0.3977734      22033.3132554       5696.2706450
  48 2035          0.3889990      22073.3375585       5674.5997694
  48 2037          0.3919238      22081.9973783       5647.9767254
  48 2039          0.3948486      22024.0021848       5674.3164480
  48 2041          0.3948486      21997.3940267       5668.3713542
  48 2043          0.3948486      22051.4152980       5691.5395531
  49 2019          0.3977734      21265.8584486       5468.5193809
  49 2021          0.4065479      21265.0433070       5499.4976680
  49 2023          0.3919238      21261.1138613       5425.9568309
  49 2025          0.4065479      21251.8288023       5518.2048514
  49 2027          0.3977734      21290.0218857       5477.6146332
  49 2029          0.3977734      21289.1709637       5487.0880176
  49 2031          0.3948486      21203.0951930       5470.4148869
  49 2033          0.3919238      21251.8765245       5450.5735845
  49 2035          0.3919238      21291.2375578       5471.1357587
  49 2037          0.3919238      21229.1044689       5451.1080971
  49 2039          0.3889990      21261.7502797       5414.9968198
  49 2041          0.3860742      21290.6776392       5368.1379545
  49 2043          0.3889990      21238.0247789       5421.4833495
  50 2019          0.3977734      21787.3743143       5602.6272810
  50 2021          0.4123975      21765.3321806       5667.3372010
  50 2023          0.4094727      21759.9236575       5672.2248050
  50 2025          0.4094727      21819.7970723       5665.1372380
  50 2027          0.3831494      21812.7196123       5522.4521490
  50 2029          0.4006982      21735.2765412       5636.7278648
  50 2031          0.3948486      21745.1469161       5583.0608515
  50 2033          0.3977734      21755.7904896       5623.1126424
  50 2035          0.3919238      21768.0815333       5603.4700374
  50 2037          0.3889990      21788.0050123       5576.2381899
  50 2039          0.3919238      21803.7293909       5593.1032123
  50 2041          0.3948486      21767.1789324       5615.5409251
  50 2043          0.3977734      21700.7880178       5635.3675493
