FL 2019 2020 2021 2022 2023 2024 2025 2026 2027 2028 2029 2030 2031 2032 2033 2034 2035 2036 2037 2038 2039 2040 2041 2042 2043 2044 2045
 1    4109.00    3843.84    3843.84    3883.11    3883.11    4341.88    4341.88    7175.78    7175.78    5957.95    5957.95    2410.25    2410.25    2382.53    2382.53    2075.30    2075.30     945.25     945.25     221.76     221.76     547.01     547.01    2200.51    2200.51    5781.01    5781.01
 2     783.00     732.16     732.16     739.64     739.64     827.02     827.02    1366.82    1366.82    1134.85    1134.85     459.10     459.10     453.82     453.82     395.30     395.30     180.05     180.05      42.24      42.24     104.19     104.19     419.14     419.14    1101.14    1101.14
 3    3537.00    5262.49    4315.38    2782.60    2526.01    2996.98    4142.52    4715.68    3058.29    2654.79    2654.79    2654.79    2654.79    2654.79    2654.79    2654.79    2654.79    2654.79    2654.79    2654.79    2654.79     382.60     821.72     949.86    1164.23    1611.69    1611.69
 4    1379.00    1253.93     843.46    1196.34    1771.86    1964.05    1322.41    1194.70     648.37     623.27     623.27     623.27     623.27     623.27     623.27     623.27     623.27     623.27     623.27     623.27     623.27     787.35     767.00    1034.96     980.55     959.29     959.29
 1    4109.00    4466.15    4466.15    6104.41    6104.41    3441.44    3441.44    2162.62    2162.62    2355.74    2355.74    1490.41    1490.41    1635.48    1635.48    1496.88    1496.88    2270.27    2270.27   10511.89   10511.89    6042.50    6042.50    2335.87    2335.87     657.43     657.43
 2     783.00     850.70     850.70    1162.74    1162.74     655.51     655.51     411.93     411.93     448.71     448.71     283.89     283.89     311.52     311.52     285.12     285.12     432.43     432.43    2002.26    2002.26    1150.95    1150.95     444.93     444.93     125.22     125.22
 3    3537.00    4400.57    4456.55    3793.19    3002.51    3002.51    1402.09    1104.82    1246.56    1224.52    1506.86    1506.86    1399.36    1399.36    1399.36    1583.86    1666.71    1762.90    2634.35    2683.36    1781.69    1781.69    1781.69    1781.69    1781.69    1781.69    1781.69
 4    1379.00    1079.06     844.79     657.45     541.05     541.05     695.82     707.83     747.09     662.74     662.98     662.98     641.68     641.68     641.68     658.14    1219.70    1298.65    1169.83     844.84     663.62     663.62     663.62     663.62     663.62     663.62     663.62
 1    4109.00    6493.41    6493.41    4791.86    4791.86    7176.71    7176.71    3027.95    3027.95    1701.08    1701.08    1871.56    1871.56     908.75     908.75    2298.91    2298.91    2395.01    2395.01    2140.91    2140.91    3370.29    3370.29    1399.40    1399.40    1994.45    1994.45
 2     783.00    1236.84    1236.84     912.74     912.74    1366.99    1366.99     576.75     576.75     324.02     324.02     356.49     356.49     173.10     173.10     437.89     437.89     456.19     456.19     407.79     407.79     641.96     641.96     266.55     266.55     379.90     379.90
 3    3537.00    4855.96    4223.80    2042.60    1952.52    2047.25    2047.25    2047.25    2047.25    2047.25    2047.25    2047.25    2047.25    2047.25    2047.25    2047.25    2047.25    2047.25    2047.25    2047.25    2047.25    2047.25    2047.25    2047.25     334.24     857.76     857.76
 4    1379.00    1169.22     966.00     845.77     782.88     644.73     644.73     644.73     644.73     644.73     644.73     644.73     644.73     644.73     644.73     644.73     644.73     644.73     644.73     644.73     644.73     644.73     644.73     644.73     873.05     726.77     726.77
 1    4109.00    2510.05    2510.05    6127.97    6127.97    3928.39    3928.39    1611.46    1611.46    1238.16    1238.16    2081.77    2081.77    2553.94    2553.94    3336.56    3336.56    5252.48    5252.48    3807.34    3807.34    5215.52    5215.52    5175.32    5175.32    3299.60    3299.60
 2     783.00     478.10     478.10    1167.23    1167.23     748.26     748.26     306.94     306.94     235.84     235.84     396.53     396.53     486.46     486.46     635.54     635.54    1000.47    1000.47     725.21     725.21     993.43     993.43     985.78     985.78     628.50     628.50
 3    3537.00    2980.72    3272.28    3174.33    2197.71    1664.38    1664.38    1129.29    1251.54    1048.32    1655.71    1989.81    1854.58    2348.33    2385.75    2223.97    1831.73    1672.52    1492.73    1222.54    1021.07    1316.44    1521.89    1521.89    1521.89    1521.89    1521.89
 4    1379.00    1304.51    1082.77     937.61     632.56     490.99     490.99     765.97    1096.69    1148.79    1192.42    1270.20    1087.99     962.66     928.01     838.30     928.46     799.23     852.85     878.04    1173.89    1053.34     706.99     706.99     706.99     706.99     706.99
 1    4109.00    3921.92    3921.92    4354.35    4354.35    5707.09    5707.09    9464.99    9464.99    8449.06    8449.06    1696.00    1696.00     820.05     820.05    3914.53    3914.53    4288.28    4288.28    2299.37    2299.37    4685.60    4685.60    5068.60    5068.60     919.38     919.38
 2     783.00     747.03     747.03     829.40     829.40    1087.06    1087.06    1802.86    1802.86    1609.34    1609.34     323.05     323.05     156.20     156.20     745.62     745.62     816.82     816.82     437.98     437.98     892.50     892.50     965.45     965.45     175.12     175.12
 3    3537.00    4437.28    4497.87    2255.79    2120.64    2415.17    2412.14    1992.08    2315.40    2315.40    2315.40    2315.40    2315.40     203.72     625.90     625.90     625.90     625.90     625.90     590.17     590.17     590.17     590.17     590.17     590.17     590.17     590.17
 4    1379.00    1078.63     875.46     857.54     951.40     956.72    1074.61     899.78     994.01     994.01     994.01     994.01     994.01     713.19     846.01     846.01     846.01     846.01     846.01     746.81     746.81     746.81     746.81     746.81     746.81     746.81     746.81
 1    4109.00    6447.21    6447.21    7029.79    7029.79    4228.22    4228.22    1176.25    1176.25    1468.24    1468.24    1363.82    1363.82    2772.46    2772.46    3558.79    3558.79    2308.15    2308.15    1087.09    1087.09    1878.49    1878.49    4426.88    4426.88    1570.80    1570.80
 2     783.00    1228.04    1228.04    1339.01    1339.01     805.38     805.38     224.05     224.05     279.66     279.66     259.78     259.78     528.09     528.09     677.86     677.86     439.65     439.65     207.06     207.06     357.81     357.81     843.22     843.22     299.20     299.20
 3    3537.00    4740.50    4529.85    3686.33    3686.33    3686.33    3686.33    3686.33     330.98     330.98     330.98     330.98     330.98     330.98     330.98     330.98     330.98     330.98     330.98     330.98     330.98     690.09     690.09     910.31     910.31    1033.44    1033.44
 4    1379.00    1137.77     946.76     762.13     762.13     762.13     762.13     762.13     743.79     743.79     743.79     743.79     743.79     743.79     743.79     743.79     743.79     743.79     743.79     743.79     743.79     721.27     721.27     613.41     613.41     766.50     766.50
 1    4109.00    6966.04    6966.04    3405.86    3405.86    2303.07    2303.07    1681.68    1681.68    1248.79    1248.79     764.15     764.15     716.10     716.10    3494.11    3494.11    1798.10    1798.10    1127.28    1127.28    2454.14    2454.14    5803.18    5803.18    4052.20    4052.20
 2     783.00    1326.86    1326.86     648.74     648.74     438.68     438.68     320.32     320.32     237.86     237.86     145.55     145.55     136.40     136.40     665.54     665.54     342.50     342.50     214.72     214.72     467.46     467.46    1105.37    1105.37     771.85     771.85
 3    3537.00    4184.41    4221.87    1753.02    1753.02    1753.02    1753.02    1753.02    1753.02    1753.02    1753.02    1753.02    1753.02    1753.02    1753.02    1753.02    1753.02    1753.02     435.22     475.11    1263.39    1690.63    2459.61    2464.79    2579.33    2579.33    2579.33
 4    1379.00    1072.14     923.57     788.12     788.12     788.12     788.12     788.12     788.12     788.12     788.12     788.12     788.12     788.12     788.12     788.12     788.12     788.12     900.27    1113.67    1224.58    1414.59    1518.61    1196.35     952.70     952.70     952.70
 1    4109.00    1392.47    1392.47    1642.41    1642.41    3169.78    3169.78    6105.79    6105.79    3580.50    3580.50    7677.52    7677.52    4199.58    4199.58    1810.12    1810.12    4375.60    4375.60   11902.97   11902.97    7360.12    7360.12    1574.96    1574.96    1000.69    1000.69
 2     783.00     265.23     265.23     312.84     312.84     603.77     603.77    1163.01    1163.01     682.00     682.00    1462.38    1462.38     799.92     799.92     344.78     344.78     833.45     833.45    2267.23    2267.23    1401.93    1401.93     299.99     299.99     190.61     190.61
 3    3537.00    2424.66    2541.00    2541.00    2541.00    2541.00    1696.12    1372.88    1396.62    1451.42    1959.41    1884.75    1884.75    1884.75    1884.75    1884.75     620.13     979.50    2295.50    2956.54    1941.86    1941.86    1941.86    1941.86    1941.86    1941.86     603.12
 4    1379.00    1102.89     992.77     992.77     992.77     992.77     843.43    1065.31    1235.15    1269.62    1110.81     853.68     853.68     853.68     853.68     853.68    1321.65    1539.42    1350.66    1339.20     969.69     969.69     969.69     969.69     969.69     969.69    1042.72
 1    4109.00    6888.42    6888.42    7776.85    7776.85    3507.97    3507.97     528.07     528.07    2497.11    2497.11    5322.70    5322.70    4327.55    4327.55    2440.28    2440.28    1095.40    1095.40     850.08     850.08     910.14     910.14    1261.26    1261.26    4456.91    4456.91
 2     783.00    1312.08    1312.08    1481.30    1481.30     668.18     668.18     100.58     100.58     475.64     475.64    1013.85    1013.85     824.30     824.30     464.82     464.82     208.65     208.65     161.92     161.92     173.36     173.36     240.24     240.24     848.94     848.94
 3    3537.00    4779.11    4276.09    2243.35    2243.35    2243.35    2243.35     542.21    1096.12    1262.37    2528.04    2856.10    2108.57    2108.57    2108.57    2108.57    2108.57    2108.57    2108.57    2108.57    2108.57    2108.57     831.65     708.91    1176.39    2559.36    3982.76
 4    1379.00    1187.09     810.30     694.59     694.59     694.59     694.59     859.36    1314.28    1296.22    1178.66    1013.20     780.25     780.25     780.25     780.25     780.25     780.25     780.25     780.25     780.25     780.25     894.24    2181.16    2685.93    2443.70    1933.56
 1    4109.00    6048.97    6048.97    4423.65    4423.65    2788.17    2788.17    2202.82    2202.82    1541.69    1541.69    1235.39    1235.39    1149.46    1149.46    1716.79    1716.79    4854.23    4854.23    4409.33    4409.33    5221.99    5221.99    1253.41    1253.41     870.41     870.41
 2     783.00    1152.18    1152.18     842.60     842.60     531.08     531.08     419.58     419.58     293.66     293.66     235.31     235.31     218.94     218.94     327.01     327.01     924.62     924.62     839.87     839.87     994.66     994.66     238.74     238.74     165.79     165.79
 3    3537.00    4330.75    3860.69    1873.13    1873.13    1873.13    1873.13    1873.13    1873.13    1873.13    1873.13    1873.13    1873.13    1873.13     391.99     701.52     964.46    1527.32    1527.32    1527.32    1527.32    1527.32    1527.32    1527.32    1527.32    1527.32    1527.32
 4    1379.00    1105.86     918.26    1067.46    1067.46    1067.46    1067.46    1067.46    1067.46    1067.46    1067.46    1067.46    1067.46    1067.46     760.12    1086.53    1247.14    1028.28    1028.28    1028.28    1028.28    1028.28    1028.28    1028.28    1028.28    1028.28    1028.28
 1    4109.00    3446.06    3446.06    3612.38    3612.38    3787.01    3787.01    3333.33    3333.33    2574.26    2574.26    1950.10    1950.10    4764.14    4764.14    4777.54    4777.54    5037.65    5037.65    2744.74    2744.74    3887.27    3887.27    2555.32    2555.32    2722.57    2722.57
 2     783.00     656.39     656.39     688.07     688.07     721.34     721.34     634.92     634.92     490.34     490.34     371.45     371.45     907.46     907.46     910.01     910.01     959.55     959.55     522.81     522.81     740.43     740.43     486.73     486.73     518.58     518.58
 3    3537.00    5268.18    4240.44    2564.69    2171.12    2197.29    2055.53    2055.53    2055.53    2055.53    2055.53     815.60    1037.61    1664.26    1887.15    1878.77    2042.95    2098.68    1581.89    1849.02    1849.02    1849.02    1849.02    1849.02    1849.02    1849.02    1849.02
 4    1379.00    1355.14     867.63     838.39     743.53     711.63     813.25     813.25     813.25     813.25     813.25     983.39    1182.63    1135.61    1092.36     976.87     834.79     887.04     857.33     668.52     668.52     668.52     668.52     668.52     668.52     668.52     668.52
 1    4109.00    4743.35    4743.35    5327.32    5327.32    4383.92    4383.92    2845.00    2845.00    1034.88    1034.88     740.12     740.12    3515.36    3515.36    6478.63    6478.63    5622.08    5622.08    2672.67    2672.67    3128.66    3128.66    5324.55    5324.55    7591.12    7591.12
 2     783.00     903.50     903.50    1014.73    1014.73     835.03     835.03     541.90     541.90     197.12     197.12     140.98     140.98     669.59     669.59    1234.02    1234.02    1070.87    1070.87     509.08     509.08     595.94     595.94    1014.20    1014.20    1445.93    1445.93
 3    3537.00    4077.63    4002.57    2334.02    2334.02    2334.02    2334.02    2334.02    2334.02    2334.02    2334.02     278.20     734.54    1117.15    1898.51    1777.22    1619.42    1619.42    1224.26     894.44     834.84    1243.96    1303.51    1155.39    1159.96    2009.20    2040.14
 4    1379.00    1166.76     881.30     878.25     878.25     878.25     878.25     878.25     878.25     878.25     878.25    1075.29    1348.04    1246.12    1122.51     871.84     668.17     668.17     741.41     867.93     833.22     906.71    1118.63    1564.76    1531.85    1767.17    1526.57
 1    4109.00    5658.58    5658.58    3092.63    3092.63    1995.38    1995.38    1233.08    1233.08    2520.21    2520.21    2512.82    2512.82    2005.54    2005.54     768.31     768.31    1034.42    1034.42    1187.80    1187.80    2151.07    2151.07    4632.01    4632.01    3758.37    3758.37
 2     783.00    1077.82    1077.82     589.07     589.07     380.07     380.07     234.87     234.87     480.04     480.04     478.63     478.63     382.01     382.01     146.34     146.34     197.03     197.03     226.25     226.25     409.73     409.73     882.29     882.29     715.88     715.88
 3    3537.00    3637.47    3774.71    1890.08    1761.53    1570.62    1570.62    1570.62    1570.62    1570.62    1570.62    1570.62    1570.62    1570.62    1570.62    1570.62    1570.62    1570.62     339.88     339.88     339.88     339.88     339.88     339.88     672.95     679.34     899.25
 4    1379.00     872.40     713.66     699.37     923.78     923.93     923.93     923.93     923.93     923.93     923.93     923.93     923.93     923.93     923.93     923.93     923.93     923.93     718.49     718.49     718.49     718.49     718.49     718.49     830.02    1351.11    1340.26
 1    4109.00    5649.34    5649.34    9047.35    9047.35    4649.57    4649.57    3483.48    3483.48    1495.03    1495.03    1769.00    1769.00    4177.40    4177.40    2979.44    2979.44    1731.58    1731.58    3185.03    3185.03    7650.72    7650.72    4461.07    4461.07    1960.27    1960.27
 2     783.00    1076.06    1076.06    1723.30    1723.30     885.63     885.63     663.52     663.52     284.77     284.77     336.95     336.95     795.70     795.70     567.51     567.51     329.82     329.82     606.67     606.67    1457.28    1457.28     849.73     849.73     373.38     373.38
 3    3537.00    4128.12    4073.20    3741.11    3741.11    3741.11    3741.11    3741.11    3741.11    3741.11    3741.11     542.84    1132.13    1132.13    1132.13    1132.13     854.32     850.04    1237.51    1490.63    2091.42    2091.42    2091.42    2091.42    2091.42    2091.42    2091.42
 4    1379.00    1150.05     823.50     619.89     619.89     619.89     619.89     619.89     619.89     619.89     619.89     972.16     824.54     824.54     824.54     824.54     813.92     954.27    1396.23    1448.90    1153.09    1153.09    1153.09    1153.09    1153.09    1153.09    1153.09
 1    4109.00    5167.01    5167.01    4599.67    4599.67    2738.74    2738.74    2004.16    2004.16    1877.11    1877.11     505.43     505.43    3188.26    3188.26    2583.50    2583.50    3404.02    3404.02    3078.77    3078.77    1641.02    1641.02     861.63     861.63    1494.57    1494.57
 2     783.00     984.19     984.19     876.13     876.13     521.66     521.66     381.74     381.74     357.54     357.54      96.27      96.27     607.29     607.29     492.10     492.10     648.38     648.38     586.43     586.43     312.58     312.58     164.12     164.12     284.68     284.68
 3    3537.00    3399.41    3870.82    1829.54    1803.25    1803.25    1803.25    1803.25    1803.25    1803.25    1803.25     393.43     680.87    1160.10    1160.10    1160.10    1160.10    1160.10    1160.10    1160.10    1160.10    1160.10    1160.10    1160.10    1160.10     719.00     832.82
 4    1379.00     925.93     861.42     825.21     863.26     863.26     863.26     863.26     863.26     863.26     863.26    1037.07    1144.80     853.81     853.81     853.81     853.81     853.81     853.81     853.81     853.81     853.81     853.81     853.81     853.81     720.01     972.64
 1    4109.00    4684.22    4684.22    3335.64    3335.64    4997.45    4997.45    4926.77    4926.77    3929.31    3929.31    3805.03    3805.03    3915.91    3915.91    2570.57    2570.57    3253.87    3253.87    5980.59    5980.59    8328.94    8328.94    5513.51    5513.51    3908.52    3908.52
 2     783.00     892.23     892.23     635.36     635.36     951.90     951.90     938.43     938.43     748.44     748.44     724.77     724.77     745.89     745.89     489.63     489.63     619.78     619.78    1139.16    1139.16    1586.46    1586.46    1050.19    1050.19     744.48     744.48
 3    3537.00    4588.66    4151.29    2267.18    2040.97    1719.90    1481.16    1428.61    1394.10    1423.02    1745.42    1963.69    1796.24    2082.54    1774.45    1240.68    1358.11    1967.95    3445.43    3477.47    3477.47    2720.18    2720.18    1222.71     980.66    1371.81    1295.09
 4    1379.00    1145.56     787.02     650.77     684.93     685.42     783.29     716.60     756.89     834.45    1010.42     964.77     682.53     677.46     677.92    1054.42    2233.19    2421.61    1808.99    1166.04    1166.04     664.78     664.78     849.56     962.43    1051.79    1356.11
 1    4109.00    6814.96    6814.96    3556.94    3556.94    3694.61    3694.61    2007.85    2007.85    1376.76    1376.76    1464.54    1464.54    1784.24    1784.24    5568.49    5568.49    6958.64    6958.64    6589.04    6589.04    6955.41    6955.41    2112.26    2112.26    1002.54    1002.54
 2     783.00    1298.09    1298.09     677.51     677.51     703.74     703.74     382.45     382.45     262.24     262.24     278.96     278.96     339.86     339.86    1060.66    1060.66    1325.46    1325.46    1255.06    1255.06    1324.84    1324.84     402.34     402.34     190.96     190.96
 3    3537.00    4475.74    3928.16    1914.52    1650.74    1841.28    1841.28    1841.28    1841.28    1841.28    1841.28    1841.28    1265.89    1363.48    1716.25    2452.21    2689.36    2559.98    1695.53    1730.21    1657.90    1657.90    1657.90    1657.90    1657.90    1657.90    1657.90
 4    1379.00    1068.53     849.77     771.00     737.43     749.81     749.81     749.81     749.81     749.81     749.81     749.81     954.94    1694.11    1452.95    1091.60     816.29    1007.63    1059.98    1013.27     694.24     694.24     694.24     694.24     694.24     694.24     694.24
 1    4109.00    4288.75    4288.75    5230.76    5230.76    3761.60    3761.60    4839.91    4839.91    3425.27    3425.27    1683.99    1683.99    2350.19    2350.19    1493.65    1493.65    2273.96    2273.96    3188.26    3188.26    2953.10    2953.10    4442.13    4442.13    3105.56    3105.56
 2     783.00     816.90     816.90     996.34     996.34     716.50     716.50     921.89     921.89     652.43     652.43     320.76     320.76     447.66     447.66     284.50     284.50     433.14     433.14     607.29     607.29     562.50     562.50     846.12     846.12     591.54     591.54
 3    3537.00    5473.25    4942.07    4696.14    4419.37    2186.59    2244.49    2244.49    2244.49    2244.49    2244.49    2244.49    2244.49    2244.49     961.33    1165.18    1216.55    1529.31    1558.06    1709.27    1685.41    2516.80    2471.42    2471.42    2400.70    1923.73    1457.24
 4    1379.00    1299.52     951.33    1053.36     864.02     924.19     839.48     839.48     839.48     839.48     839.48     839.48     839.48     839.48     655.07     767.22     728.90     683.80     794.07    1319.53    1403.88    1249.99     895.65     895.65     655.43    1012.45    1027.73
 1    4109.00    4831.13    4831.13   11913.13   11913.13    2473.09    2473.09     541.93     541.93     237.93     237.93     263.80     263.80     535.46     535.46     225.92     225.92     420.88     420.88     222.22     222.22     352.51     352.51      36.96      36.96     257.33     257.33
 2     783.00     920.22     920.22    2269.17    2269.17     471.06     471.06     103.22     103.22      45.32      45.32      50.25      50.25     101.99     101.99      43.03      43.03      80.17      80.17      42.33      42.33      67.14      67.14       7.04       7.04      49.02      49.02
 3    3537.00    4656.81    4180.11    4180.11    4180.11    2478.54    2830.07    2085.35    2669.28    2620.09    2781.87    4180.11    4180.11    4130.56    3401.18    4180.11    4180.11    4180.11    4180.11    4180.11    4180.11    4180.11    2367.00    2005.15    4117.81    4180.11    4180.11
 4    1379.00    1098.90     851.62     851.62     851.62     851.62     851.62     851.62     851.62     851.62     851.62     851.62     851.62     851.62     851.62     851.62     851.62     851.62     851.62     851.62     851.62     851.62     851.62     851.62     851.62     851.62     851.62
 1    4109.00    4753.98    4753.98    5733.88    5733.88    4194.04    4194.04    4180.18    4180.18     936.94     936.94    2250.40    2250.40    3656.73    3656.73    7437.74    7437.74    8920.30    8920.30    4040.19    4040.19    4257.33    4257.33    1727.42    1727.42     744.28     744.28
 2     783.00     905.52     905.52    1092.17    1092.17     798.86     798.86     796.22     796.22     178.46     178.46     428.65     428.65     696.52     696.52    1416.71    1416.71    1699.10    1699.10     769.56     769.56     810.92     810.92     329.03     329.03     141.77     141.77
 3    3537.00    4716.67    4023.26    2001.55    1856.73    1856.73    1856.73    1856.73    1856.73     734.44    1001.18    1618.71    1943.44    1895.27    1926.98    1741.51    1970.46    1529.43    1529.43    1529.43    1529.43    1529.43    1529.43    1529.43    1529.43    1529.43    1529.43
 4    1379.00    1036.60     965.36     971.56     921.48     921.48     921.48     921.48     921.48     942.57    1095.66     799.16     786.40     854.83    1118.79     962.06     763.79     682.72     682.72     682.72     682.72     682.72     682.72     682.72     682.72     682.72     682.72
 1    4109.00    4037.42    4037.42    3923.77    3923.77    1704.32    1704.32    2047.12    2047.12    1461.77    1461.77    3384.15    3384.15    4841.30    4841.30    6866.71    6866.71    5205.82    5205.82    2402.40    2402.40     708.25     708.25    2103.49    2103.49    2185.72    2185.72
 2     783.00     769.03     769.03     747.38     747.38     324.63     324.63     389.93     389.93     278.43     278.43     644.60     644.60     922.15     922.15    1307.94    1307.94     991.58     991.58     457.60     457.60     134.90     134.90     400.66     400.66     416.33     416.33
 3    3537.00    4736.46    4802.35    2497.30    2497.30    2497.30    2497.30    1115.97    1300.71    1478.94    1462.86    2058.30    1943.87    1954.46    1723.08    1723.08    1723.08    1723.08    1723.08    1723.08    1723.08    1723.08    1723.08    1723.08    1723.08     861.73     937.27
 4    1379.00    1064.11     841.92     634.10     634.10     634.10     634.10     816.64    1125.45    1332.57    1129.76    1232.78    1111.90    1005.47     769.17     769.17     769.17     769.17     769.17     769.17     769.17     769.17     769.17     769.17     769.17     892.33    1190.78
 1    4109.00    4456.91    4456.91    4132.13    4132.13    2692.54    2692.54    4887.50    4887.50     776.62     776.62    1740.82    1740.82    3975.97    3975.97    3626.24    3626.24    1884.04    1884.04    1715.41    1715.41    1562.02    1562.02    1489.95    1489.95    1365.67    1365.67
 2     783.00     848.94     848.94     787.07     787.07     512.86     512.86     930.95     930.95     147.93     147.93     331.58     331.58     757.33     757.33     690.71     690.71     358.86     358.86     326.74     326.74     297.53     297.53     283.80     283.80     260.13     260.13
 3    3537.00    4399.38    4704.36    2525.33    2618.54    2032.94    2032.94    2032.94    2032.94    2032.94    1082.48    1117.35    1592.21    1592.21    1592.21    1592.21    1592.21    1592.21    1592.21    1592.21    1592.21     671.61    1158.73    1158.73    1158.73    1158.73    1158.73
 4    1379.00    1214.32     936.31     853.68     909.19     744.80     744.80     744.80     744.80     744.80     806.16     782.75     793.05     793.05     793.05     793.05     793.05     793.05     793.05     793.05     793.05     699.08     821.76     821.76     821.76     821.76     821.76
 1    4109.00    4004.62    4004.62    8308.61    8308.61   12905.51   12905.51    4845.92    4845.92    4686.07    4686.07    8315.08    8315.08    3993.53    3993.53    5864.17    5864.17    3075.07    3075.07    2641.72    2641.72    1232.15    1232.15    3407.71    3407.71    3196.12    3196.12
 2     783.00     762.78     762.78    1582.59    1582.59    2458.19    2458.19     923.03     923.03     892.58     892.58    1583.82    1583.82     760.67     760.67    1116.98    1116.98     585.73     585.73     503.18     503.18     234.70     234.70     649.09     649.09     608.78     608.78
 3    3537.00    4085.31    3626.92    2441.01    2336.60    1671.52    1049.21     672.46    1027.58    1027.58    1069.97    1026.16    1026.16     751.06     725.02    1055.31    1673.11    1483.13    1506.59    1506.59    1506.59    1506.59    1506.59    1263.18    1263.18    1263.18    1263.18
 4    1379.00     984.47     845.83    1028.44     898.04     734.56     860.62     691.44     597.16     597.16     712.48     664.96     664.96     792.40    1199.84    1199.80     950.54     714.71     590.89     590.89     590.89     590.89     590.89     583.63     583.63     583.63     583.63
 1    4109.00    4684.22    4684.22    3904.82    3904.82    2417.18    2417.18    1136.52    1136.52     902.75     902.75     903.21     903.21     279.05     279.05     449.53     449.53    3460.84    3460.84   15966.72   15966.72   15946.39   15946.39    6159.85    6159.85    3227.07    3227.07
 2     783.00     892.23     892.23     743.78     743.78     460.42     460.42     216.48     216.48     171.95     171.95     172.04     172.04      53.15      53.15      85.62      85.62     659.21     659.21    3041.28    3041.28    3037.41    3037.41    1173.30    1173.30     614.68     614.68
 3    3537.00    4806.29    4675.62    4675.62    4675.62    4675.62    4675.62    4675.62    4675.62    4675.62    4675.62    4675.62    3185.28    4302.33    4675.62     174.40     764.22    1385.74    2696.99    4433.01    5582.87    4892.43    3481.27    1710.99    1337.04     974.23     979.95
 4    1379.00    1186.74     818.59     818.59     818.59     818.59     818.59     818.59     818.59     818.59     818.59     818.59     818.59     818.59     818.59    1005.38    2089.74    3711.19    4012.50    3655.75    2137.17    1271.49     839.02     624.02     786.64     856.33    1042.17
 1    4109.00    4122.89    4122.89    5421.57    5421.57    4930.00    4930.00    5631.32    5631.32    1118.50    1118.50     561.79     561.79    1573.57    1573.57    3014.09    3014.09    3881.72    3881.72    4155.69    4155.69    4053.13    4053.13    5236.31    5236.31    3475.16    3475.16
 2     783.00     785.31     785.31    1032.68    1032.68     939.05     939.05    1072.63    1072.63     213.05     213.05     107.01     107.01     299.73     299.73     574.11     574.11     739.38     739.38     791.56     791.56     772.02     772.02     997.39     997.39     661.94     661.94
 3    3537.00    5437.27    5027.59    2972.24    2429.75    2189.79    2189.79    2189.79    2189.79    2189.79    2189.79    2189.79     523.06     523.06     989.25    1263.52     999.21    1275.63    1220.81    1220.81    1182.48    1032.32    1025.44    1709.08    2184.50    2184.50    2184.50
 4    1379.00    1176.08     995.64    1037.10     879.95     723.97     723.97     723.97     723.97     723.97     723.97     723.97     781.67     781.67     586.67     915.26     948.87     886.40     723.02     723.02     787.48    1493.36    1570.00    1087.25     805.28     805.28     805.28
 1    4109.00    3383.69    3383.69    3833.68    3833.68    5144.37    5144.37    1250.17    1250.17     838.99     838.99     798.80     798.80    2892.58    2892.58    2038.34    2038.34    2342.80    2342.80    2449.99    2449.99    2121.97    2121.97    1903.90    1903.90     714.71     714.71
 2     783.00     644.51     644.51     730.22     730.22     979.88     979.88     238.13     238.13     159.81     159.81     152.15     152.15     550.97     550.97     388.26     388.26     446.25     446.25     466.66     466.66     404.18     404.18     362.65     362.65     136.14     136.14
 3    3537.00    4743.41    5223.14    2922.73    2922.73    2922.73    2922.73    2922.73    2922.73    2922.73     324.88     726.82    1211.15    1585.78    1691.12    2045.33    2011.23    1779.93    1779.93    1779.93    1779.93    1779.93    1779.93    1779.93    1779.93    1779.93    1779.93
 4    1379.00    1129.21     970.44     810.29     810.29     810.29     810.29     810.29     810.29     810.29     696.35    1082.39    1208.82    1148.06     907.42     864.64     760.01     666.55     666.55     666.55     666.55     666.55     666.55     666.55     666.55     666.55     666.55
 1    4109.00    3527.83    3527.83    4579.81    4579.81    4036.96    4036.96    1677.98    1677.98    1756.99    1756.99    1331.48    1331.48    1756.06    1756.06    2491.57    2491.57    2228.23    2228.23    2041.58    2041.58     662.05     662.05    1122.66    1122.66    2096.56    2096.56
 2     783.00     671.97     671.97     872.34     872.34     768.94     768.94     319.62     319.62     334.66     334.66     253.62     253.62     334.49     334.49     474.58     474.58     424.42     424.42     388.87     388.87     126.10     126.10     213.84     213.84     399.34     399.34
 3    3537.00    4929.50    4529.87    2674.11    2057.89    2024.57    2024.57    2024.57    2024.57    2024.57     967.29     794.52     794.52     794.52     794.52     794.52     794.52     794.52     794.52     794.52     794.52     794.52     794.52     794.52     995.37    1147.80    1273.93
 4    1379.00    1070.14     826.79     790.69     687.05     639.96     639.96     639.96     639.96     639.96     865.84    1010.27    1010.27    1010.27    1010.27    1010.27    1010.27    1010.27    1010.27    1010.27    1010.27    1010.27    1010.27    1010.27     727.68     960.26     838.20
 1    4109.00    4289.67    4289.67    3780.55    3780.55    4312.31    4312.31    3903.90    3903.90    2587.66    2587.66    2833.91    2833.91    1448.83    1448.83    1912.68    1912.68    1069.53    1069.53     635.71     635.71    1447.91    1447.91    4696.69    4696.69    5948.71    5948.71
 2     783.00     817.08     817.08     720.10     720.10     821.39     821.39     743.60     743.60     492.89     492.89     539.79     539.79     275.97     275.97     364.32     364.32     203.72     203.72     121.09     121.09     275.79     275.79     894.61     894.61    1133.09    1133.09
 3    3537.00    4732.34    4107.97    2251.13    2336.03    2548.18    2910.47    2910.47    2910.47    2910.47    2910.47    2910.47    2910.47    2910.47    2910.47    2910.47    2910.47    2910.47    2910.47     384.35     696.66    1286.50    1976.55    2223.37    2223.37    2223.37    2223.37
 4    1379.00    1155.46     872.01     982.00    1099.41    1383.95    1097.90    1097.90    1097.90    1097.90    1097.90    1097.90    1097.90    1097.90    1097.90    1097.90    1097.90    1097.90    1097.90    1134.64    1248.00    1158.83    1225.53    1096.09    1096.09    1096.09    1096.09
 1    4109.00    3978.28    3978.28    7133.74    7133.74    3594.36    3594.36    1489.49    1489.49     803.88     803.88    3285.28    3285.28    3318.55    3318.55    2161.70    2161.70    3294.52    3294.52    3556.48    3556.48    5077.38    5077.38    4171.40    4171.40    2149.22    2149.22
 2     783.00     757.77     757.77    1358.81    1358.81     684.64     684.64     283.71     283.71     153.12     153.12     625.77     625.77     632.10     632.10     411.75     411.75     627.53     627.53     677.42     677.42     967.12     967.12     794.55     794.55     409.38     409.38
 3    3537.00    4835.44    4444.58    4079.29    3253.60    3253.60    3253.60    3253.60     576.71     582.59     863.21     863.21     863.21     863.21     863.21     863.21     863.21     984.91     867.05     928.23    1445.54    1691.14    1482.63    1888.32    1742.59    1123.26    1497.15
 4    1379.00    1096.58     840.56     693.29     546.95     546.95     546.95     546.95     807.92     842.56     810.97     810.97     810.97     810.97     810.97     810.97     810.97     849.81    1110.00    1148.60    1159.66    1126.97     780.92     790.31     954.60     941.00    1152.82
 1    4109.00    5283.43    5283.43    4356.20    4356.20    4862.55    4862.55     802.03     802.03     181.57     181.57    1069.53    1069.53    3331.48    3331.48    2879.65    2879.65     960.04     960.04    3033.49    3033.49    7108.33    7108.33    2775.70    2775.70    3926.54    3926.54
 2     783.00    1006.37    1006.37     829.75     829.75     926.20     926.20     152.77     152.77      34.58      34.58     203.72     203.72     634.57     634.57     548.50     548.50     182.86     182.86     577.81     577.81    1353.97    1353.97     528.70     528.70     747.91     747.91
 3    3537.00    5384.47    5020.51    5020.51    5020.51    5020.51    5020.51    2143.54    3155.00    4694.36     214.23     214.23     214.23     214.23     214.23     214.23     214.23     737.93     793.14    1341.40    1341.40    1341.40    1341.40    1341.40     451.27     679.14    1033.46
 4    1379.00    1184.61     955.80     955.80     955.80     955.80     955.80     955.80     955.80     955.80     714.69     714.69     714.69     714.69     714.69     714.69     714.69     755.00     801.84     773.10     773.10     773.10     773.10     773.10    1014.95    1378.62    1440.51
 1    4109.00    4769.69    4769.69    5275.12    5275.12    2415.80    2415.80    3176.25    3176.25    4270.27    4270.27    1431.74    1431.74    1398.94    1398.94    1670.13    1670.13    3683.06    3683.06    5998.15    5998.15    5209.05    5209.05    2651.88    2651.88    1734.35    1734.35
 2     783.00     908.51     908.51    1004.78    1004.78     460.15     460.15     605.00     605.00     813.38     813.38     272.71     272.71     266.46     266.46     318.12     318.12     701.54     701.54    1142.50    1142.50     992.20     992.20     505.12     505.12     330.35     330.35
 3    3537.00    4594.91    4335.19    3474.50    3474.50    3474.50    1349.07    1577.62    1577.62    1577.62    1577.62    1577.62    1577.62    1577.62    1577.62     641.46     832.34    1559.41    1851.99    2063.94    1614.81    1394.60    1194.82    1194.82    1194.82    1194.82    1194.82
 4    1379.00    1048.48     773.04     559.59     559.59     559.59     942.59     817.45     817.45     817.45     817.45     817.45     817.45     817.45     817.45    1068.47    1383.77    1252.97     991.84     931.05     832.64     775.84     689.63     689.63     689.63     689.63     689.63
 1    4109.00    5854.93    5854.93    3244.16    3244.16    3018.25    3018.25    2540.08    2540.08    1293.14    1293.14    2360.82    2360.82    2705.47    2705.47    3695.08    3695.08    2505.89    2505.89    1978.75    1978.75     760.45     760.45    1554.17    1554.17    1316.70    1316.70
 2     783.00    1115.22    1115.22     617.94     617.94     574.90     574.90     483.82     483.82     246.31     246.31     449.68     449.68     515.33     515.33     703.82     703.82     477.31     477.31     376.90     376.90     144.85     144.85     296.03     296.03     250.80     250.80
 3    3537.00    5418.25    5187.46    2769.47    2252.29    2274.83    2274.83    1328.39    1466.25     862.91    1238.38    1854.88    1601.23    1886.36    1883.05    1679.21    1679.21    1679.21    1679.21    1679.21    1679.21    1679.21    1679.21    1679.21    1679.21    1679.21    1679.21
 4    1379.00    1310.82     981.34     854.16     688.77     626.65     626.65     648.72     950.88    1005.12     972.44    1136.85     984.62     937.70     988.02     998.68     998.68     998.68     998.68     998.68     998.68     998.68     998.68     998.68     998.68     998.68     998.68
 1    4109.00   13289.43   13289.43    6912.91    6912.91    2032.80    2032.80     307.69     307.69     588.59     588.59    1282.05    1282.05    2086.39    2086.39    2203.28    2203.28    3045.04    3045.04    6896.74    6896.74    3289.90    3289.90    4887.96    4887.96    4413.49    4413.49
 2     783.00    2531.32    2531.32    1316.74    1316.74     387.20     387.20      58.61      58.61     112.11     112.11     244.20     244.20     397.41     397.41     419.67     419.67     580.01     580.01    1313.66    1313.66     626.65     626.65     931.04     931.04     840.66     840.66
 3    3537.00    4623.72    3237.95    3237.95    3237.95    3118.25    2336.06    1879.07    3237.95    3237.95    3237.95    3237.95     532.35     688.16     688.16     688.16     688.16     905.47    1220.79    1220.79     960.64     745.00     899.57     899.57     899.57     899.57     899.57
 4    1379.00    1126.05     700.58     700.58     700.58     700.58     700.58     700.58     700.58     700.58     700.58     700.58     759.13     671.46     671.46     671.46     671.46     840.11     789.54     789.54     724.32    1413.09    1409.11    1409.11    1409.11    1409.11    1409.11
 1    4109.00    2537.77    2537.77    3289.44    3289.44    4276.73    4276.73    3845.69    3845.69    4608.91    4608.91    7610.53    7610.53    4464.31    3940.56     263.34     263.34     156.16     156.16     981.29     981.29    3246.94    3246.94    4610.76    4610.76    3491.33    3491.33
 2     783.00     483.38     483.38     626.56     626.56     814.62     814.62     732.51     732.51     877.89     877.89    1449.62    1449.62     850.34     850.34      50.16      50.16      29.74      29.74     186.91     186.91     618.46     618.46     878.24     878.24     665.02     665.02
 3    3537.00    4385.23    4830.46    2426.81    2942.97    3038.74    2576.62    2839.29    2448.50    2229.19    2229.19    2229.19    2229.19    2229.19    2229.19     716.85    1793.91    2229.19     354.90     799.40    1233.92    1724.14    1724.14    1601.56    1226.90    1052.05    1209.87
 4    1379.00    1018.53     995.02    1180.08    1084.25    1026.61     977.74     899.27     832.50     774.32     774.32     774.32     774.32     774.32     774.32     774.32     774.32     774.32     889.13    1061.22    1063.07     932.57     932.57     714.96     892.51     952.81     880.44
 1    4109.00    1248.32    1248.32    3552.78    3552.78    2607.53    2607.53    2044.35    2044.35    2244.86    2244.86    2634.79    2634.79    3267.26    3267.26    2076.23    2076.23    4420.42    4420.42    4030.03    4030.03    2942.02    2942.02    4271.65    4271.65    6013.39    6013.39
 2     783.00     237.78     237.78     676.72     676.72     496.67     496.67     389.40     389.40     427.59     427.59     501.86     501.86     622.34     622.34     395.47     395.47     841.98     841.98     767.62     767.62     560.38     560.38     813.65     813.65    1145.41    1145.41
 3    3537.00    2388.05    2533.42    2636.23    2353.76    1501.76    1622.73    1667.26    2017.90    2157.76    2588.65    2966.39    2966.39    2966.39    2966.39    1214.83    1521.81    1724.36    1827.40    1465.09    1912.42    1602.14    1638.63    1988.66    1981.05    1981.05    1981.05
 4    1379.00    1004.30     895.57     797.10     731.03     794.77     852.74    1077.89    1515.08    1462.78    1227.65    1007.71    1007.71    1007.71    1007.71     955.32     882.75     851.55     814.60     738.94     846.07     895.91     922.37     666.33     697.50     697.50     697.50
 1    4109.00    3486.71    3486.71    3554.63    3554.63    3852.16    3852.16    4376.99    4376.99    3538.46    3538.46    4087.78    4087.78    1465.93    1465.93    1765.76    1765.76    3610.99    3610.99    2676.37    2676.37    1133.75    1133.75    2413.03    2413.03    3653.50    3653.50
 2     783.00     664.14     664.14     677.07     677.07     733.74     733.74     833.71     833.71     673.99     673.99     778.62     778.62     279.22     279.22     336.34     336.34     687.81     687.81     509.78     509.78     215.95     215.95     459.62     459.62     695.90     695.90
 3    3537.00    4350.59    4364.10    2703.75    2613.42    2996.85    2249.86    1808.50    2014.90    2014.90    2014.90    2014.90    2014.90    2014.90    2014.90    2014.90    2014.90    2014.90    2014.90    2014.90    2014.90    2014.90     622.18     886.61    1603.64    1776.16    2390.20
 4    1379.00    1163.98     938.06    1112.11     889.21     749.73     726.61     819.41     834.93     834.93     834.93     834.93     834.93     834.93     834.93     834.93     834.93     834.93     834.93     834.93     834.93     834.93     831.47     979.59    1300.03    1418.47    1154.89
 1    4109.00    7615.61    7615.61    4657.42    4657.42    3307.92    3307.92    4049.89    4049.89    5736.65    5736.65    4832.06    4832.06    6587.66    6587.66    3610.07    3610.07     944.33     944.33     335.41     335.41     183.88     183.88     115.50     115.50     269.35     269.35
 2     783.00    1450.59    1450.59     887.13     887.13     630.08     630.08     771.41     771.41    1092.70    1092.70     920.39     920.39    1254.79    1254.79     687.63     687.63     179.87     179.87      63.89      63.89      35.02      35.02      22.00      22.00      51.30      51.30
 3    3537.00    4747.32    4236.49    2288.53    1651.54    1471.31    1817.10    1897.71    1830.15    2143.52    2833.79    3751.05    3288.73    3288.73    3288.73    3288.73    3288.73    3288.73    3288.73    3288.73    3076.66    2032.69    2438.25    2635.82    3288.73    3288.73    3288.73
 4    1379.00    1018.54     808.49     708.45     649.53     783.00     814.49     965.64    1414.86    1684.27    1361.72    1037.53     903.35     903.35     903.35     903.35     903.35     903.35     903.35     903.35     903.35     903.35     903.35     903.35     903.35     903.35     903.35
 1    4109.00    6055.43    6055.43    4783.55    4783.55    2557.63    2557.63    1314.85    1314.85    3400.32    3400.32    6182.02    6182.02    3810.11    3810.11    3118.50    3118.50    1493.65    1493.65    2984.06    2984.06    4444.90    4444.90    6000.92    6000.92    7306.07    7306.07
 2     783.00    1153.42    1153.42     911.15     911.15     487.17     487.17     250.45     250.45     647.68     647.68    1177.53    1177.53     725.74     725.74     594.00     594.00     284.50     284.50     568.39     568.39     846.65     846.65    1143.03    1143.03    1391.63    1391.63
 3    3537.00    4508.86    4717.69    3420.41    3420.41    3420.41    3420.41     819.40    1140.23    1422.78    1959.37    1959.37    1959.37    1959.37    1959.37    1959.37     769.84     604.58     716.79    1138.35    1122.26    1241.99    1387.73    1248.47    1560.68    1678.56    1499.08
 4    1379.00    1079.06     880.72     638.03     638.03     638.03     638.03     920.88     887.52     916.12     765.61     765.61     765.61     765.61     765.61     765.61     687.28     809.30     722.94     691.63     794.89    1050.87    1231.62    1273.95    1075.21     820.80     820.25
 1    4109.00    3891.43    3891.43    4170.01    4170.01    5081.54    5081.54    4761.37    4761.37    2353.43    2353.43    1412.33    1412.33    3198.43    3198.43    3621.62    3621.62    1710.32    1710.32    1533.38    1533.38    2402.86    2402.86    1695.54    1695.54    2429.20    2429.20
 2     783.00     741.22     741.22     794.29     794.29     967.91     967.91     906.93     906.93     448.27     448.27     269.02     269.02     609.22     609.22     689.83     689.83     325.78     325.78     292.07     292.07     457.69     457.69     322.96     322.96     462.70     462.70
 3    3537.00    4539.87    4624.79    2506.95    2575.36    2138.30    2138.30    2138.30    2138.30    2138.30    2138.30     531.98     813.18    1505.28    1841.38    1599.13    1599.13    1599.13    1599.13    1599.13    1599.13    1599.13    1599.13    1599.13    1599.13    1599.13    1599.13
 4    1379.00    1125.95     969.81     826.40     874.31     705.63     705.63     705.63     705.63     705.63     705.63    1010.66     996.72     846.56     676.62     618.68     618.68     618.68     618.68     618.68     618.68     618.68     618.68     618.68     618.68     618.68     618.68
 1    4109.00    4779.39    4779.39    5453.45    5453.45    2774.31    2774.31    4968.81    4968.81    5780.08    5780.08    2591.36    2591.36    1521.37    1521.37    1561.56    1561.56     882.42     882.42     565.03     565.03     305.38     305.38     311.39     311.39    2083.16    2083.16
 2     783.00     910.36     910.36    1038.75    1038.75     528.44     528.44     946.44     946.44    1100.97    1100.97     493.59     493.59     289.78     289.78     297.44     297.44     168.08     168.08     107.62     107.62      58.17      58.17      59.31      59.31     396.79     396.79
 3    3537.00    3705.41    3702.18    2219.85    1645.28    1578.99    1632.07    1698.56    2667.16    2667.16    2667.16    2667.16    2667.16    2667.16    2667.16    2667.16    2667.16    2667.16    2667.16    2667.16    2667.16    2667.16    2667.16     376.03     757.51     757.51    1070.53
 4    1379.00     871.94     791.44     812.64     673.75     771.26    1286.05    1363.23     941.06     941.06     941.06     941.06     941.06     941.06     941.06     941.06     941.06     941.06     941.06     941.06     941.06     941.06     941.06     712.55     744.79     744.79     591.93
 1    4109.00    6467.08    6467.08    5826.28    5826.28    3301.45    3301.45    1124.05    1124.05     358.97     358.97     965.12     965.12    1199.81    1199.81    1070.45    1070.45     615.85     615.85    1422.04    1422.04    2966.96    2966.96    2781.70    2781.70    3944.09    3944.09
 2     783.00    1231.82    1231.82    1109.77    1109.77     628.85     628.85     214.10     214.10      68.38      68.38     183.83     183.83     228.54     228.54     203.90     203.90     117.30     117.30     270.86     270.86     565.14     565.14     529.85     529.85     751.26     751.26
 3    3537.00    3792.71    3933.17    3259.26    3259.26    3259.26    3259.26    3259.26    3259.26    3259.26    3259.26    3259.26    3259.26    3259.26    3259.26    3259.26    3259.26    3259.26    3259.26     615.56     925.27    1052.19    1098.48    1262.17    1262.17    1262.17    1262.17
 4    1379.00     963.20     804.19     640.68     640.68     640.68     640.68     640.68     640.68     640.68     640.68     640.68     640.68     640.68     640.68     640.68     640.68     640.68     640.68     794.18     857.33     761.55     705.57     762.95     762.95     762.95     762.95
 1    4109.00    7341.18    7341.18    5620.23    5620.23    2338.64    2338.64    2609.38    2609.38    2925.85    2925.85    3571.72    3571.72    7076.92    7076.92    5118.96    5118.96    2827.44    2827.44    4023.56    4023.56    2139.98    2139.98    3483.48    3483.48    1789.33    1789.33
 2     783.00    1398.32    1398.32    1070.52    1070.52     445.46     445.46     497.02     497.02     557.30     557.30     680.33     680.33    1347.98    1347.98     975.04     975.04     538.56     538.56     766.39     766.39     407.62     407.62     663.52     663.52     340.82     340.82
 3    3537.00    5054.69    4043.24    2005.23    2005.23    2005.23     968.39    1194.80    1373.44    1120.74    1738.14    1448.39    1231.83    1231.83    1231.83    1231.83     771.36    1058.94    1058.94    1058.94    1058.94    1058.94    1058.94    1058.94    1058.94    1058.94    1058.94
 4    1379.00    1182.37     820.54     640.97     640.97     640.97     701.22     777.60     866.49     697.17     741.50     757.05     715.64     715.64     715.64     715.64     792.10     551.56     551.56     551.56     551.56     551.56     551.56     551.56     551.56     551.56     551.56
 1    4109.00    8482.78    8482.78    7227.07    7227.07    5273.27    5273.27    2176.02    2176.02    1038.58    1038.58    1708.01    1708.01     533.61     533.61    1866.02    1866.02    2131.21    2131.21    1588.36    1588.36    1369.37    1369.37     956.34     956.34     514.67     514.67
 2     783.00    1615.77    1615.77    1376.58    1376.58    1004.43    1004.43     414.48     414.48     197.82     197.82     325.34     325.34     101.64     101.64     355.43     355.43     405.94     405.94     302.54     302.54     260.83     260.83     182.16     182.16      98.03      98.03
 3    3537.00    5517.00    4795.60    3823.07    3109.85    1627.75    1765.92    1765.92    1765.92    1765.92    1765.92    1765.92    1765.92    1765.92    1765.92    1765.92    1765.92    1765.92    1765.92    1765.92    1765.92    1765.92    1765.92    1765.92    1765.92     562.79     960.54
 4    1379.00    1357.17     993.07     884.12     861.38     965.68     828.24     828.24     828.24     828.24     828.24     828.24     828.24     828.24     828.24     828.24     828.24     828.24     828.24     828.24     828.24     828.24     828.24     828.24     828.24     825.94     803.45
 1    4109.00    4911.98    4911.98    2955.88    2955.88    3514.90    3514.90    3877.57    3877.57    5523.21    5523.21    6163.08    6163.08    5191.96    5191.96    5321.32    5321.32    3899.74    3899.74    5854.46    5854.46    5925.15    5925.15    4977.59    4977.59    4860.70    4860.70
 2     783.00     935.62     935.62     563.02     563.02     669.50     669.50     738.58     738.58    1052.04    1052.04    1173.92    1173.92     988.94     988.94    1013.58    1013.58     742.81     742.81    1115.14    1115.14    1128.60    1128.60     948.11     948.11     925.85     925.85
 3    3537.00    3923.58    4192.80    2096.74    2396.34    2396.34    2795.87    1678.91    2128.29    2902.45    3488.93    3757.50    3317.17    2487.00    2131.92    1755.19    1770.93    1567.97    2359.48    3228.59    3621.28    3865.30    2888.24    2278.29    2278.29    2278.29    2278.29
 4    1379.00     957.87     967.86    1236.56    1117.21    1117.21     833.73    1700.22    2207.25    1832.32    1388.87    1196.71     813.97     817.62    1001.65    1124.21    1205.68    1730.77    2164.61    1820.08    1541.78    1359.14    1002.36     789.23     789.23     789.23     789.23
 1    4109.00    6954.49    6954.49   11083.38   11083.38    1434.97    1434.97     373.76     373.76     735.04     735.04     930.93     930.93     615.38     615.38    2320.63    2320.63    5599.90    5599.90    7102.33    7102.33    8368.67    8368.67    9495.02    9495.02    4705.47    4705.47
 2     783.00    1324.66    1324.66    2111.12    2111.12     273.33     273.33      71.19      71.19     140.01     140.01     177.32     177.32     117.22     117.22     442.02     442.02    1066.65    1066.65    1352.82    1352.82    1594.03    1594.03    1808.58    1808.58     896.28     896.28
 3    3537.00    4842.44    4137.22    4137.22    4137.22    2049.65    1793.34    4137.22    4137.22    4137.22    4137.22    4137.22    4137.22    4137.22     361.50     681.26     681.26     681.26    1548.71    1341.37     995.55    2403.89    2843.36    2618.39    2212.33    1416.84    1416.84
 4    1379.00    1112.43     813.14     813.14     813.14     813.14     813.14     813.14     813.14     813.14     813.14     813.14     813.14     813.14    1109.69    1311.61    1311.61    1311.61     887.75    2145.12    2339.04    1810.10    1262.13    1103.20     951.79     650.78     650.78
 1    4109.00    5580.04    5580.04    4564.10    4564.10    3263.11    3263.11    2591.36    2591.36     875.95     875.95    1662.28    1662.28    1945.94    1945.94    2793.71    2793.71    2668.97    2668.97    4590.89    4590.89    2104.87    2104.87    1709.40    1709.40    4539.15    4539.15
 2     783.00    1062.86    1062.86     869.35     869.35     621.54     621.54     493.59     493.59     166.85     166.85     316.62     316.62     370.66     370.66     532.14     532.14     508.38     508.38     874.46     874.46     400.93     400.93     325.60     325.60     864.60     864.60
 3    3537.00    4345.89    3868.19    1960.18    1960.18    1960.18    1960.18    1960.18    1960.18    1960.18    1960.18    1960.18    1960.18    1960.18    1960.18    1960.18     738.10     738.10     738.10     738.10     738.10     738.10     738.10     481.32     548.16    1268.10    1465.31
 4    1379.00    1021.94     750.96     643.24     643.24     643.24     643.24     643.24     643.24     643.24     643.24     643.24     643.24     643.24     643.24     643.24     710.38     710.38     710.38     710.38     710.38     710.38     710.38     830.98    1031.21     867.38     759.06
 1    4109.00    5362.43    5362.43    4216.67    4216.67    3878.03    3878.03    1969.97    1969.97    2892.12    2892.12    2550.70    2550.70    3975.51    3975.51    4885.19    4885.19    4976.66    4976.66    1337.49    1337.49    1649.34    1649.34    4504.50    4504.50    6388.54    6388.54
 2     783.00    1021.42    1021.42     803.18     803.18     738.67     738.67     375.23     375.23     550.88     550.88     485.85     485.85     757.24     757.24     930.51     930.51     947.94     947.94     254.76     254.76     314.16     314.16     858.00     858.00    1216.86    1216.86
 3    3537.00    3623.97    3425.43    3425.43    3425.43    3425.43    3425.43     600.59    1005.66    1632.19    1995.44    2005.90    1693.34    1950.15    1950.15    1950.15    1950.15    1950.15    1950.15    1950.15    1950.15    1950.15     733.70     779.10    1079.72    1233.51    1654.67
 4    1379.00     894.30     723.10     723.10     723.10     723.10     723.10    1000.31    1228.84     970.71     804.55    1127.64    1341.05    1072.94    1072.94    1072.94    1072.94    1072.94    1072.94    1072.94    1072.94    1072.94     775.95    1306.37    1349.70    1050.65    1103.51
 1    4109.00    4852.39    4852.39    2702.24    2702.24    4650.95    4650.95    1216.45    1216.45    2662.97    2662.97    2836.68    2836.68    3810.58    3810.58    5603.14    5603.14    2033.26    2033.26    2870.87    2870.87    2487.41    2487.41    4260.56    4260.56    3182.26    3182.26
 2     783.00     924.26     924.26     514.71     514.71     885.90     885.90     231.70     231.70     507.23     507.23     540.32     540.32     725.82     725.82    1067.26    1067.26     387.29     387.29     546.83     546.83     473.79     473.79     811.54     811.54     606.14     606.14
 3    3537.00    4616.21    4343.20    4343.20    4343.20    4343.20    4343.20     416.46     809.61    1407.22    1331.30    1591.92    1889.62    1565.44    1565.44    1565.44     844.70     877.71    1310.40    1457.16    1318.33    1261.53    1261.53    1261.53    1261.53    1261.53    1261.53
 4    1379.00    1134.43     833.12     833.12     833.12     833.12     833.12     877.26     897.24     875.86     866.11     855.99     767.52     640.05     640.05     640.05     803.14     821.26     663.55     602.41     649.43     636.83     636.83     636.83     636.83     636.83     636.83
 1    4109.00    3638.25    3638.25    2797.87    2797.87    4549.31    4549.31    2989.60    2989.60    3818.89    3818.89    3445.60    3445.60    2281.82    2281.82    3380.45    3380.45    2194.50    2194.50    1289.44    1289.44     710.09     710.09    1987.52    1987.52    4079.92    4079.92
 2     783.00     693.00     693.00     532.93     532.93     866.54     866.54     569.45     569.45     727.41     727.41     656.30     656.30     434.63     434.63     643.90     643.90     418.00     418.00     245.61     245.61     135.26     135.26     378.58     378.58     777.13     777.13
 3    3537.00    4384.16    4276.36    2209.47    2788.97    3794.78    3307.32    2984.08    2026.46    2026.46    2026.46    2026.46    1522.79    1224.13    1210.18    1089.91    1089.91    1089.91    1089.91    1089.91    1089.91     965.69    1287.40    1360.12    1362.37    1468.90    1280.17
 4    1379.00    1093.16    1122.06    1564.41    1399.62    1059.33     793.53     685.89     763.98     763.98     763.98     763.98     797.56     787.60     668.22     628.70     628.70     628.70     628.70     628.70     628.70     754.84     737.58     888.25     836.36     897.93     742.75
 1    4109.00    4479.09    4479.09    7194.73    7194.73    5499.19    5499.19    1832.75    1832.75    3794.41    3794.41    1730.65    1730.65    3381.84    3381.84    4681.91    4681.91    2704.09    2704.09    3159.62    3159.62    4400.09    4400.09    5291.29    5291.29    6614.92    6614.92
 2     783.00     853.16     853.16    1370.42    1370.42    1047.46    1047.46     349.10     349.10     722.74     722.74     329.65     329.65     644.16     644.16     891.79     891.79     515.06     515.06     601.83     601.83     838.11     838.11    1007.86    1007.86    1259.98    1259.98
 3    3537.00    4916.25    4655.65    4655.65    4655.65    4655.65    4655.65     631.58    1199.90    1766.79    1785.59    1785.59    1378.73    1314.72    1540.29    1483.29    1416.70    1278.79    1129.67    1504.99    1419.01    1198.55    1574.88    1578.88    1455.79    1455.79    1455.79
 4    1379.00    1081.30     878.44     878.44     878.44     878.44     878.44     696.80     902.03     808.84     636.05     636.05     650.20     689.02     640.72     698.84     897.49     868.86     749.95     858.20     774.11     810.44     796.65     829.80     711.81     711.81     711.81
