              Isim, Ftarg, Btarg
   1 2019          0.3977734     129364.7079738      33266.1582637
   1 2021          0.3626758     129150.9862230      31643.7410609
   1 2023          0.3509766     129049.1715674      30674.6116584
   1 2025          0.3889990     129138.0636330      32945.1026448
   1 2027          0.4036230     129476.1901533      33591.3988938
   1 2029          0.3977734     129518.7707604      33503.2203163
   1 2031          0.3919238     129423.0028296      33216.2619313
   1 2033          0.3948486     129228.3677806      33358.1131280
   1 2035          0.3977734     129029.3021165      33469.4960557
   1 2037          0.3860742     129214.5210769      33037.9601573
   1 2039          0.3714502     128905.8660271      32008.3738676
   1 2041          0.3860742     129052.6592013      32695.0006146
   1 2043          0.3919238     129216.7876577      33083.2081805
   2 2019          0.3977734     128814.4188190      33124.6513071
   2 2021          0.3714502     128683.6528834      31893.5441644
   2 2023          0.3860742     128597.9415558      32647.9268093
   2 2025          0.3831494     128879.9724290      32612.5101024
   2 2027          0.3948486     128577.1890771      33037.5177967
   2 2029          0.3977734     128974.7656634      33180.0507500
   2 2031          0.3977734     128891.0846731      33042.8907226
   2 2033          0.3977734     129017.2193334      33013.1768100
   2 2035          0.3802246     128446.1509388      32290.2529624
   2 2037          0.3889990     128543.3061766      32710.5643103
   2 2039          0.4036230     128968.4438113      33527.4519873
   2 2041          0.4036230     128753.9587522      33514.8488044
   2 2043          0.3948486     128569.3375133      33195.2693319
   3 2019          0.3977734     131418.4014862      33794.2659252
   3 2021          0.3656006     131438.8308393      32360.5326613
   3 2023          0.3802246     130908.7116146      33001.8706955
   3 2025          0.3977734     131288.4018146      33976.8634239
   3 2027          0.3948486     131376.2037161      33814.3804383
   3 2029          0.3977734     130932.9259523      33874.4312943
   3 2031          0.3919238     131540.6543749      33757.4833382
   3 2033          0.3860742     131519.3149511      33385.1942378
   3 2035          0.3948486     131476.2776357      33808.7692697
   3 2037          0.3948486     131329.4078933      33810.7363067
   3 2039          0.4006982     131492.9178992      33959.1370598
   3 2041          0.3948486     131433.0745884      33922.0421137
   3 2043          0.3743750     131155.9952726      32912.1286568
   4 2019          0.3977734     133428.9350648      34311.2750019
   4 2021          0.3597510     133450.4557529      32255.0904441
   4 2023          0.3802246     133288.2323615      33660.7097990
   4 2025          0.3889990     133390.3125097      34020.4124138
   4 2027          0.3743750     132996.0464080      33243.2916463
   4 2029          0.3772998     133408.4097676      33344.6599249
   4 2031          0.3919238     133102.7757797      33962.5019380
   4 2033          0.4036230     133597.4393085      34379.4140852
   4 2035          0.3977734     133434.2476135      34316.4234106
   4 2037          0.3977734     133368.9170631      34433.4088605
   4 2039          0.3860742     133361.5716541      33941.4552354
   4 2041          0.4006982     133050.9772972      34500.6287192
   4 2043          0.4036230     132902.0482490      34652.5645420
   5 2019          0.3977734     130501.2528948      33558.4209976
   5 2021          0.3626758     130468.4890188      31884.3247368
   5 2023          0.3641382     130368.2924666      32023.0070350
   5 2025          0.3860742     130568.3644622      33257.9720348
   5 2027          0.3948486     130406.1159823      33715.0836831
   5 2029          0.4036230     130558.5129385      33992.5879186
   5 2031          0.3772998     130365.4298538      32949.3219173
   5 2033          0.3802246     130245.3918358      32800.6931849
   5 2035          0.4006982     130489.9994897      33807.4398372
   5 2037          0.3889990     130325.2287592      33469.7934925
   5 2039          0.3889990     130397.1985851      33288.6608810
   5 2041          0.4006982     130495.0499090      33839.0649332
   5 2043          0.3977734     130549.7467292      33868.5667149
   6 2019          0.3977734     132943.3858106      34186.4159225
   6 2021          0.3685254     133102.5919379      32938.2656494
   6 2023          0.3860742     132815.7959469      33804.4526953
   6 2025          0.3977734     132454.4706890      34281.8055054
   6 2027          0.3802246     132811.0601371      33662.1135349
   6 2029          0.3977734     132772.6023515      34251.3302507
   6 2031          0.3977734     133155.2915993      34146.9587825
   6 2033          0.3977734     132678.7708366      34218.6395878
   6 2035          0.4036230     132698.0570002      34490.9972820
   6 2037          0.3977734     132676.3978053      34260.7743055
   6 2039          0.3772998     133106.0682474      33347.5067923
   6 2041          0.3860742     132711.4274318      33795.4209933
   6 2043          0.3977734     132447.1857232      34310.7074618
   7 2019          0.3977734     130609.1527291      33586.1674596
   7 2021          0.3714502     130275.5633204      32459.2266405
   7 2023          0.3802246     130319.0533580      32691.9169710
   7 2025          0.4006982     130545.3883001      33589.3911795
   7 2027          0.4006982     130337.8032939      33712.1953865
   7 2029          0.3948486     130369.0820643      33556.8577437
   7 2031          0.3772998     130286.2556080      32787.7269060
   7 2033          0.3860742     130356.1308887      33076.9840808
   7 2035          0.4006982     130694.5296083      33872.7013678
   7 2037          0.3772998     130708.2404790      32926.4252050
   7 2039          0.3743750     130702.4590936      32520.1334980
   7 2041          0.3948486     130521.7302628      33344.0937057
   7 2043          0.4036230     130402.2174144      33825.8798521
   8 2019          0.3977734     130069.6535577      33447.4351493
   8 2021          0.3568262     130020.9701338      31113.3467324
   8 2023          0.3772998     130128.0383969      32376.6522472
   8 2025          0.3743750     130156.9671895      32452.9521837
   8 2027          0.3831494     129930.8384694      33083.1724991
   8 2029          0.3860742     130208.9791957      33112.8605779
   8 2031          0.4006982     130044.9821680      33760.8852424
   8 2033          0.3977734     130267.8744467      33654.7601469
   8 2035          0.3685254     129614.5987959      32213.6264994
   8 2037          0.3948486     129930.0387709      33379.4272518
   8 2039          0.4036230     129849.9449481      33834.1400105
   8 2041          0.4036230     129901.9812752      33835.6198576
   8 2043          0.3860742     129579.5222381      32999.5653955
   9 2019          0.3977734     130799.7757697      33635.1862093
   9 2021          0.3714502     130775.4050215      32546.4821547
   9 2023          0.3889990     130666.6632356      33468.8855325
   9 2025          0.3860742     130556.4493880      33340.4574028
   9 2027          0.3656006     130568.0116352      32035.4080331
   9 2029          0.3889990     130922.5022895      33318.6246803
   9 2031          0.4036230     130438.8959501      33891.3861680
   9 2033          0.4036230     130837.3948956      33943.8509456
   9 2035          0.3977734     130642.4625141      33754.1733818
   9 2037          0.3860742     131013.3972865      33230.5871441
   9 2039          0.3860742     130537.0354887      33127.5935637
   9 2041          0.3802246     130575.5180307      32861.5962017
   9 2043          0.3597510     130785.5850206      31759.0500207
  10 2019          0.3977734     130555.2028120      33572.2942286
  10 2021          0.3685254     130101.4633830      32274.8268514
  10 2023          0.3772998     130266.2624837      32607.2294167
  10 2025          0.4036230     130116.2424092      33680.0008180
  10 2027          0.4006982     130654.9081160      33716.8744959
  10 2029          0.3948486     130451.6789007      33500.8213203
  10 2031          0.3919238     130765.3865789      33451.0280123
  10 2033          0.3772998     130389.6604091      32810.1554830
  10 2035          0.3802246     130575.3231042      32920.6556347
  10 2037          0.4036230     130324.5765837      33856.6300036
  10 2039          0.4036230     130137.5143514      33922.5809891
  10 2041          0.3977734     130510.3471641      33860.5785909
  10 2043          0.3860742     130039.7779177      33178.6630684
  11 2019          0.3977734     128929.5119756      33154.2475333
  11 2021          0.3656006     128425.6013321      31520.3712569
  11 2023          0.3802246     128571.8104534      32282.6954133
  11 2025          0.3919238     128480.4391354      32842.6898312
  11 2027          0.3977734     129001.3830290      33234.8396573
  11 2029          0.3977734     128456.3001172      33220.3503553
  11 2031          0.3831494     128611.8351033      32618.9666560
  11 2033          0.3919238     129011.2734130      33065.7146239
  11 2035          0.3977734     128904.7559215      33220.0847750
  11 2037          0.3977734     128634.0122929      33238.4872569
  11 2039          0.4006982     128977.5206631      33279.6936602
  11 2041          0.3977734     128662.2831899      33296.7099518
  11 2043          0.4006982     128602.4646569      33304.2419167
  12 2019          0.3977734     130652.3126628      33597.2660445
  12 2021          0.3656006     130493.4435147      32091.0912598
  12 2023          0.3831494     130209.0351876      32987.1265049
  12 2025          0.4036230     130582.0462030      33836.4859810
  12 2027          0.3977734     130166.1378665      33744.5346726
  12 2029          0.3772998     130595.4285781      32969.9126048
  12 2031          0.3714502     130295.2401599      32410.7773000
  12 2033          0.3977734     130864.4742438      33591.7150288
  12 2035          0.4036230     130251.8239186      33922.5047586
  12 2037          0.3948486     130568.1252265      33714.9312347
  12 2039          0.3889990     130426.0591110      33270.4502654
  12 2041          0.3889990     130552.8722790      33282.5787482
  12 2043          0.3889990     130372.0880567      33355.0694723
  13 2019          0.3977734     128573.4425225      33062.6842085
  13 2021          0.3685254     128346.9801987      31793.3743712
  13 2023          0.3685254     128681.2191863      31711.9816488
  13 2025          0.3889990     128133.9856075      32580.9271008
  13 2027          0.4065479     128217.4950378      33175.6874115
  13 2029          0.4036230     128368.5303967      33318.9854249
  13 2031          0.3948486     128621.5889297      33157.7032837
  13 2033          0.3948486     128611.6495703      33150.8527327
  13 2035          0.3860742     128766.6910856      32726.6121611
  13 2037          0.3831494     128727.1126151      32597.7577380
  13 2039          0.3948486     128683.0249487      32961.0260739
  13 2041          0.4006982     128489.4512192      33204.9749360
  13 2043          0.3860742     128691.5155710      32895.9162919
  14 2019          0.3977734     131911.1440627      33920.9747687
  14 2021          0.3714502     131422.4338078      32784.8458911
  14 2023          0.3860742     131776.1883503      33624.7731163
  14 2025          0.3860742     132043.5157147      33666.1962986
  14 2027          0.3977734     131823.1958583      34160.7297853
  14 2029          0.3860742     131982.6910388      33708.3318814
  14 2031          0.3919238     131865.7800148      33836.6243056
  14 2033          0.3977734     131979.1714781      34121.8880852
  14 2035          0.3860742     131926.6723756      33606.2695303
  14 2037          0.3743750     131802.2354113      32857.2416752
  14 2039          0.3919238     131513.7814570      33667.6220526
  14 2041          0.4036230     131959.1336959      34308.6306334
  14 2043          0.4006982     131492.7752169      34193.9762100
  15 2019          0.3977734     126951.3483472      32645.5623953
  15 2021          0.3685254     126718.2352003      31385.2026146
  15 2023          0.3714502     126804.1210418      31541.8407496
  15 2025          0.3977734     126620.1499797      32591.4413249
  15 2027          0.4123975     126583.7818516      33062.5489089
  15 2029          0.3889990     126658.1492503      32466.6775619
  15 2031          0.3597510     126990.4277965      30830.8597080
  15 2033          0.4036230     126454.5682331      32831.4195569
  15 2035          0.4065479     126769.9590128      32921.9012818
  15 2037          0.3948486     127036.5728017      32707.1917708
  15 2039          0.3919238     127090.7855378      32580.2040922
  15 2041          0.4006982     126748.3274488      32702.3328973
  15 2043          0.3919238     126560.6248917      32264.5082108
  16 2019          0.3977734     131163.0385451      33728.5992983
  16 2021          0.3626758     131374.4554051      32233.1816639
  16 2023          0.3714502     131359.8048016      32569.9218937
  16 2025          0.3860742     130994.5019269      33451.6089203
  16 2027          0.3948486     130807.7020351      33769.9540493
  16 2029          0.3889990     131087.2002031      33567.8520287
  16 2031          0.3977734     131102.9261517      33822.0344134
  16 2033          0.3977734     130636.2191402      33823.1638768
  16 2035          0.3685254     130849.3411625      32476.2206915
  16 2037          0.3860742     130760.9868360      33205.0477791
  16 2039          0.4094727     130875.3214479      34117.9560337
  16 2041          0.3977734     131280.7507201      33983.0234362
  16 2043          0.3889990     131001.7732888      33628.3376096
  17 2019          0.3977734     128918.7219921      33151.4728871
  17 2021          0.3714502     128596.7134709      32058.0222236
  17 2023          0.3743750     129024.1885888      32096.7966019
  17 2025          0.3919238     128932.8871867      33029.6864799
  17 2027          0.3977734     129000.8773694      33125.1263409
  17 2029          0.3977734     128418.7838400      33007.1174821
  17 2031          0.3860742     128998.2458428      32649.5740090
  17 2033          0.3831494     128904.3438141      32467.9421656
  17 2035          0.4036230     128953.6029797      33395.7350098
  17 2037          0.3919238     128915.0811762      33144.8881619
  17 2039          0.3977734     129125.2859427      33342.6733871
  17 2041          0.4036230     128940.0410548      33560.1178739
  17 2043          0.3860742     128537.4882147      32856.4109340
  18 2019          0.3977734     133169.9754626      34244.6834929
  18 2021          0.3656006     132880.3129753      32591.1114869
  18 2023          0.3772998     132845.9333727      33263.0106483
  18 2025          0.3919238     133302.7672652      33947.8876258
  18 2027          0.4036230     133121.1670778      34585.8529681
  18 2029          0.3919238     133019.7281450      34253.5608583
  18 2031          0.3889990     133266.5580315      34049.6048042
  18 2033          0.3919238     133069.6673292      34164.0817768
  18 2035          0.3919238     132982.0322396      33970.1872367
  18 2037          0.3919238     133176.6122781      34010.3005302
  18 2039          0.3802246     132778.0363939      33587.6016280
  18 2041          0.3977734     132775.4129165      34190.0054802
  18 2043          0.4036230     133140.4116574      34482.7618002
  19 2019          0.3977734     129310.7580567      33252.2850327
  19 2021          0.3714502     129093.6135692      32077.9690070
  19 2023          0.4006982     128917.6046059      33495.1929829
  19 2025          0.3919238     128937.5048725      33105.7848771
  19 2027          0.3977734     129065.8848482      33390.7515967
  19 2029          0.3831494     129155.9802800      32820.6706331
  19 2031          0.3948486     129064.9625755      33107.3375824
  19 2033          0.3948486     129359.8695909      33218.8481279
  19 2035          0.3889990     129217.8688541      32940.8503669
  19 2037          0.3948486     128913.8843133      33177.3213618
  19 2039          0.3948486     129372.1109815      33092.7627723
  19 2041          0.4036230     129432.5101195      33425.3388612
  19 2043          0.3831494     128970.6526214      32658.1242775
  20 2019          0.3977734     128979.8652316      33167.1958823
  20 2021          0.3656006     128536.4655386      31609.3798465
  20 2023          0.3714502     128953.7265215      32077.1110696
  20 2025          0.3977734     128874.1261810      33242.2772931
  20 2027          0.3977734     128744.5925255      33307.4749114
  20 2029          0.3743750     128649.7966743      32110.5936238
  20 2031          0.3977734     128654.8414490      33100.9886114
  20 2033          0.3919238     128803.4165516      33008.2631135
  20 2035          0.4065479     128586.5533514      33555.3446497
  20 2037          0.4006982     128955.1741314      33519.7536358
  20 2039          0.3889990     128632.8739647      33085.1061288
  20 2041          0.3977734     128799.6841964      33409.6356835
  20 2043          0.3948486     128936.4762010      33233.5046375
  21 2019          0.3977734     132540.5597626      34082.8291308
  21 2021          0.3685254     132055.8563693      32671.1278786
  21 2023          0.3772998     132669.3073679      33247.5916910
  21 2025          0.3860742     132126.9344129      33418.3661411
  21 2027          0.3772998     132345.3565898      33222.3585040
  21 2029          0.3860742     132209.1683368      33472.4031853
  21 2031          0.3977734     132627.9901114      34043.1097689
  21 2033          0.4036230     132079.9135902      34319.3337572
  21 2035          0.4094727     132229.2148274      34595.9846335
  21 2037          0.3948486     132183.8321079      34277.1614826
  21 2039          0.3772998     132618.4236234      33513.6915036
  21 2041          0.3802246     132517.8253822      33364.2584811
  21 2043          0.3919238     132116.2494538      33954.2267164
  22 2019          0.3977734     133436.1283871      34313.1247660
  22 2021          0.3626758     133253.6652130      32692.9322180
  22 2023          0.3714502     133419.0329413      33104.0622134
  22 2025          0.3948486     133067.3284616      34045.4993949
  22 2027          0.3977734     133534.1005695      34499.3246282
  22 2029          0.3743750     133542.8468806      33228.0979132
  22 2031          0.3919238     132914.8294435      34036.6012510
  22 2033          0.4036230     133277.5743761      34624.3588102
  22 2035          0.4006982     133034.0597380      34574.6482737
  22 2037          0.3889990     133148.4802614      34130.2868008
  22 2039          0.3831494     133580.0626968      33916.3610505
  22 2041          0.3860742     133078.5541174      33889.1816972
  22 2043          0.4006982     133514.9057758      34362.8400794
  23 2019          0.3977734     128105.8765739      32942.4495395
  23 2021          0.3568262     128268.0145928      31040.7028377
  23 2023          0.3802246     128002.9620706      32358.7497669
  23 2025          0.3919238     128158.7401527      33065.6095541
  23 2027          0.3948486     127943.0965165      33091.1056052
  23 2029          0.3977734     128143.6653452      33124.8475584
  23 2031          0.3977734     128028.4356516      33219.6818416
  23 2033          0.3714502     128189.7339511      32136.3474894
  23 2035          0.3948486     128078.6995449      32985.2063218
  23 2037          0.4006982     127840.7458804      33076.2042028
  23 2039          0.4006982     127998.6891568      33030.4767154
  23 2041          0.3919238     128110.4113479      32586.8659977
  23 2043          0.4006982     127812.4632684      33111.3991910
  24 2019          0.3977734     131785.2609227      33888.6038963
  24 2021          0.3714502     131335.1842316      32662.1427126
  24 2023          0.3831494     131550.5449702      33285.6568338
  24 2025          0.3831494     131823.6942471      33318.9122745
  24 2027          0.3919238     131793.9674631      33671.8320767
  24 2029          0.3977734     131723.9379176      33948.3650535
  24 2031          0.3977734     131418.5838405      34013.4805537
  24 2033          0.3743750     131853.4469500      33077.1133479
  24 2035          0.3656006     131291.7303472      32306.2304550
  24 2037          0.3685254     131547.0049591      32577.1793519
  24 2039          0.4006982     131417.4964263      34151.0459205
  24 2041          0.4036230     131914.5195665      34318.1225139
  24 2043          0.3977734     131547.6163435      34071.1946853
  25 2019          0.3977734     135640.8816675      34880.0774744
  25 2021          0.3626758     135137.6007939      33123.9668948
  25 2023          0.3772998     135721.7227925      33950.0360822
  25 2025          0.4006982     135316.5700993      34980.9369488
  25 2027          0.4065479     135557.0342129      35331.9207600
  25 2029          0.3860742     135575.2843524      34468.3125798
  25 2031          0.3772998     135494.5979854      33897.0567123
  25 2033          0.4006982     135660.2461955      34911.5110753
  25 2035          0.3889990     135524.0434677      34632.7504208
  25 2037          0.4006982     135309.4062976      35041.1653623
  25 2039          0.3948486     135235.7229318      34853.4384640
  25 2041          0.3831494     135420.3971226      34351.1911159
  25 2043          0.4065479     135243.1593237      35201.1883462
  26 2019          0.3977734     131968.6906410      33935.7728818
  26 2021          0.3597510     131804.5845702      31993.0898996
  26 2023          0.3802246     132136.1542442      33184.5268544
  26 2025          0.3948486     132010.8224656      34038.5679454
  26 2027          0.3831494     131781.6792719      33401.9591357
  26 2029          0.3831494     131575.0817257      33335.8687759
  26 2031          0.3743750     132183.6055634      32900.9925262
  26 2033          0.3948486     131681.5847996      33830.5680943
  26 2035          0.4006982     131759.1321773      33931.6577788
  26 2037          0.3977734     132040.0945497      33931.2459479
  26 2039          0.3977734     131907.0204909      33985.5966933
  26 2041          0.3948486     131640.8729893      33830.4080780
  26 2043          0.3977734     131951.1933746      33944.8533216
  27 2019          0.3977734     130494.0595726      33556.5712334
  27 2021          0.3626758     130123.2172314      31777.3979772
  27 2023          0.3802246     130164.6492590      32737.0078898
  27 2025          0.3977734     130695.3303628      33539.5363083
  27 2027          0.4006982     130172.0559246      33568.7179578
  27 2029          0.3802246     130259.4169227      32964.2037459
  27 2031          0.3889990     130064.7302355      33134.4184516
  27 2033          0.4094727     130229.2858485      33816.5657320
  27 2035          0.3977734     130515.4715067      33601.9688373
  27 2037          0.3977734     130653.8121405      33548.2237990
  27 2039          0.3977734     130414.7900322      33556.9616253
  27 2041          0.3919238     130537.9967957      33146.4050044
  27 2043          0.3831494     130210.0888619      32923.3223604
  28 2019          0.3977734     130134.3934583      33464.0830265
  28 2021          0.3656006     130069.8993460      31920.0618107
  28 2023          0.3656006     129832.5229322      31860.1174226
  28 2025          0.3919238     130310.0033843      33213.5688872
  28 2027          0.4065479     129980.2923112      33747.4026341
  28 2029          0.3977734     130221.5890207      33511.9251295
  28 2031          0.3948486     129961.4393685      33464.2547561
  28 2033          0.3977734     130024.3840278      33487.0787077
  28 2035          0.4006982     129850.8396072      33670.8963459
  28 2037          0.3831494     129783.5808211      33000.8738582
  28 2039          0.3714502     130057.9782067      32279.3877202
  28 2041          0.3860742     130196.3171197      32895.0556766
  28 2043          0.4065479     129748.4597002      33753.1024828
  29 2019          0.3977734     133148.3954957      34239.1342005
  29 2021          0.3685254     133117.6101309      32794.7809162
  29 2023          0.3860742     132996.7157530      33817.8274774
  29 2025          0.3948486     133250.3318236      34162.3815535
  29 2027          0.3860742     133369.0384820      33836.3393604
  29 2029          0.3860742     132786.3780941      33658.6402600
  29 2031          0.4036230     133051.0702314      34509.4524778
  29 2033          0.3948486     133034.6335349      34269.4915240
  29 2035          0.3948486     132836.2232675      34100.3273592
  29 2037          0.3831494     132933.7056674      33739.4832737
  29 2039          0.3948486     133113.5234345      34120.8707533
  29 2041          0.4006982     132794.1589348      34393.0674160
  29 2043          0.3948486     133207.3621642      34218.2491241
  30 2019          0.3977734     136392.5838463      35073.3778269
  30 2021          0.3714502     136290.6761229      33823.6694343
  30 2023          0.3919238     136002.0285398      34687.3656605
  30 2025          0.3977734     136253.1775088      35258.3402212
  30 2027          0.3802246     136041.6483283      34454.7531229
  30 2029          0.3743750     136565.1115182      33967.7146573
  30 2031          0.4006982     136109.5074480      35160.0945143
  30 2033          0.4006982     136393.7409718      35411.5673256
  30 2035          0.3889990     136155.6010352      34952.6755924
  30 2037          0.3743750     136233.8282119      33920.4669927
  30 2039          0.3977734     135870.6244685      35136.3675373
  30 2041          0.3977734     135882.7349966      35338.2440288
  30 2043          0.3802246     136099.4804578      34507.6058281
  31 2019          0.3977734     127868.4969385      32881.4073229
  31 2021          0.3714502     127473.3399646      31721.5854126
  31 2023          0.3831494     127605.1010459      32285.4223791
  31 2025          0.3802246     127591.7216605      32082.1048437
  31 2027          0.4006982     127509.2069577      33039.5368387
  31 2029          0.4065479     127710.0280474      33267.7172686
  31 2031          0.3889990     127944.8437397      32658.6432110
  31 2033          0.3772998     127479.3990538      32118.2852793
  31 2035          0.3743750     127389.9705655      31898.3200392
  31 2037          0.3948486     127894.9458331      32823.5889236
  31 2039          0.4006982     127507.4765301      33096.9502165
  31 2041          0.3977734     127426.7793960      33029.8961897
  31 2043          0.3948486     127446.1271808      32854.1510212
  32 2019          0.3977734     134551.0933413      34599.8382074
  32 2021          0.3714502     134580.2423714      33378.3820327
  32 2023          0.3831494     134037.1016449      33743.1948249
  32 2025          0.3919238     134224.5038824      34271.3699791
  32 2027          0.3802246     134666.1668878      33960.7582102
  32 2029          0.3860742     134755.9418855      34021.5545678
  32 2031          0.3919238     134314.6316110      34340.5574886
  32 2033          0.3948486     134400.9565167      34448.8594489
  32 2035          0.4036230     134014.9891110      34770.8576217
  32 2037          0.4094727     134385.7786910      34902.0319323
  32 2039          0.4036230     134501.1381088      34793.3850253
  32 2041          0.3889990     134273.9587646      34098.7828030
  32 2043          0.3948486     134662.9644992      34550.3210329
  33 2019          0.3977734     131303.3083296      33764.6696990
  33 2021          0.3802246     131180.4108147      33373.5352609
  33 2023          0.3889990     131012.9798058      33577.6897699
  33 2025          0.3948486     131129.6121300      33870.9672364
  33 2027          0.3831494     131355.7201948      33424.3427126
  33 2029          0.3889990     130982.9641204      33462.0020749
  33 2031          0.3919238     130851.6878147      33607.5058902
  33 2033          0.3977734     131318.8158003      33864.0524311
  33 2035          0.3948486     130950.8634943      33672.6297070
  33 2037          0.3919238     131495.1358617      33594.2109834
  33 2039          0.4006982     131242.9001040      34012.7971238
  33 2041          0.3802246     130918.7391555      33067.2804397
  33 2043          0.4065479     131095.9359823      34083.9577361
  34 2019          0.3977734     128782.0488687      33116.3273685
  34 2021          0.3539014     128751.0204804      30742.0061696
  34 2023          0.3626758     128694.1805604      31396.1410420
  34 2025          0.3889990     128370.8661569      32765.5758640
  34 2027          0.3977734     128989.5690836      33155.0157725
  34 2029          0.3977734     128920.3144461      33248.8575639
  34 2031          0.4006982     128820.4519384      33505.2757242
  34 2033          0.3977734     128596.1273836      33466.5515574
  34 2035          0.3597510     128683.3322328      31541.9069515
  34 2037          0.3568262     128420.0659441      30910.2028088
  34 2039          0.3802246     128690.6742629      32344.3180622
  34 2041          0.4036230     128982.7114993      33310.7291500
  34 2043          0.3919238     128749.8056354      33068.3751453
  35 2019          0.3977734     126365.0925810      32494.8066180
  35 2021          0.3568262     126287.8756624      30189.5187034
  35 2023          0.3714502     126404.5344215      31341.2994974
  35 2025          0.3772998     126546.9328137      31583.8056598
  35 2027          0.3802246     126415.7885432      31668.0890838
  35 2029          0.3977734     126147.4032260      32280.3024655
  35 2031          0.4123975     126046.6034432      32783.6087271
  35 2033          0.4006982     125990.3904505      32591.7293442
  35 2035          0.3860742     126267.4404455      32048.0449284
  35 2037          0.3977734     126001.9794854      32561.8071539
  35 2039          0.3977734     125861.8759862      32542.7573126
  35 2041          0.3860742     126553.1628795      32176.9484569
  35 2043          0.4006982     126233.3223033      32674.2337936
  36 2019          0.3977734     130206.3266812      33482.5806679
  36 2021          0.3568262     129707.9717496      31338.2837513
  36 2023          0.3685254     129978.5368871      32082.6903420
  36 2025          0.3919238     130265.8106297      33288.4238607
  36 2027          0.3948486     130291.3687323      33487.7701573
  36 2029          0.4006982     130278.0894701      33676.9843251
  36 2031          0.3977734     130060.7211354      33683.7157530
  36 2033          0.3860742     130113.6215794      33138.2931463
  36 2035          0.3919238     129970.5071278      33378.2596947
  36 2037          0.3948486     130242.4753710      33599.4370370
  36 2039          0.3948486     130323.5393888      33609.3663882
  36 2041          0.3772998     130372.2364898      32673.5529800
  36 2043          0.3772998     130322.8972654      32776.9789562
  37 2019          0.3977734     132234.8435655      34004.2141549
  37 2021          0.3743750     131727.7844211      33062.6198975
  37 2023          0.3772998     132130.4763258      33106.6105194
  37 2025          0.3860742     131992.4151683      33553.2922160
  37 2027          0.3831494     131823.2523188      33519.5350296
  37 2029          0.3919238     132442.3308056      33946.5491425
  37 2031          0.4094727     132253.5221946      34368.5843214
  37 2033          0.4065479     132209.9262576      34451.6045714
  37 2035          0.3977734     131859.5854457      34191.8135791
  37 2037          0.3919238     131991.8158502      33840.6532359
  37 2039          0.4006982     132230.8874495      34004.7305447
  37 2041          0.3889990     132134.2069065      33749.9013290
  37 2043          0.3772998     131976.4405798      33188.7816670
  38 2019          0.3977734     131954.3039964      33932.0733535
  38 2021          0.3743750     131439.8995422      32877.7760103
  38 2023          0.3889990     131814.3780684      33508.9510807
  38 2025          0.3802246     131630.2399506      33209.8560868
  38 2027          0.3831494     131939.1865658      33326.1369761
  38 2029          0.4006982     131614.4392209      34058.3532383
  38 2031          0.4065479     131800.6567922      34362.4825758
  38 2033          0.3919238     131426.4580946      33874.1449387
  38 2035          0.3919238     131454.7388455      33793.3635397
  38 2037          0.3919238     131985.1439368      33660.0261427
  38 2039          0.3948486     131732.0404221      33868.6856461
  38 2041          0.3860742     132159.2235064      33623.3762593
  38 2043          0.3948486     131922.7372870      33967.8702673
  39 2019          0.3977734     129217.2448670      33228.2380989
  39 2021          0.3656006     128903.1518208      31653.2896914
  39 2023          0.3772998     129206.7689025      32287.5698988
  39 2025          0.3977734     129218.8920721      33304.3462931
  39 2027          0.3977734     129327.9410473      33436.0070183
  39 2029          0.3889990     129165.9762428      33098.1401217
  39 2031          0.3743750     129417.7378355      32416.2107316
  39 2033          0.4036230     128929.7331854      33441.3228964
  39 2035          0.3977734     129063.9399884      33337.4935794
  39 2037          0.3948486     129033.1157078      33080.2265625
  39 2039          0.3919238     129290.1676882      32980.0011932
  39 2041          0.3919238     129401.6211998      33131.5229288
  39 2043          0.3948486     129029.9215933      33142.8455517
  40 2019          0.3977734     127426.1076180      32767.6468284
  40 2021          0.3656006     127158.8985946      31305.6946931
  40 2023          0.3802246     127271.8256532      32127.3958553
  40 2025          0.3714502     127117.1041424      31691.9731375
  40 2027          0.3977734     127117.7592565      32852.9673234
  40 2029          0.4094727     127043.9718815      33209.6267326
  40 2031          0.3948486     127415.0766177      32732.6641336
  40 2033          0.3977734     127472.7427031      32779.6612106
  40 2035          0.4006982     127079.4149177      32880.2244215
  40 2037          0.4006982     127010.4627811      32837.7944352
  40 2039          0.3919238     127552.2741844      32621.2710260
  40 2041          0.3743750     127361.9652234      31767.5737141
  40 2043          0.3860742     127412.8062727      32124.2438033
  41 2019          0.3977734     129677.6174932      33346.6230037
  41 2021          0.3743750     129267.0928936      32444.6037213
  41 2023          0.3860742     129357.5390225      32916.4909634
  41 2025          0.4036230     129157.7239206      33586.5720927
  41 2027          0.3919238     129686.6245330      33248.1193338
  41 2029          0.3802246     129663.2590830      32686.0357343
  41 2031          0.3919238     129263.2406937      33148.2385990
  41 2033          0.4036230     129505.4656058      33500.4431809
  41 2035          0.3977734     129477.0433965      33309.2237385
  41 2037          0.3860742     129332.1243347      32734.4188485
  41 2039          0.3919238     129279.7394164      33147.1083585
  41 2041          0.3977734     129499.2399180      33390.1162655
  41 2043          0.3919238     129415.9703175      33222.5561789
  42 2019          0.3977734     130468.8829446      33550.0970589
  42 2021          0.3743750     130444.8217638      32689.6607965
  42 2023          0.3831494     130177.1079172      33020.6110500
  42 2025          0.3831494     130210.7360766      32966.5068159
  42 2027          0.3889990     130011.8787471      33313.2227141
  42 2029          0.3919238     130487.8904973      33451.5077176
  42 2031          0.3977734     130105.3581140      33625.3005429
  42 2033          0.3977734     130345.8646912      33815.8000537
  42 2035          0.3889990     130277.1382798      33472.5637368
  42 2037          0.3919238     130543.0780990      33482.6973789
  42 2039          0.3948486     130382.3130447      33627.4614586
  42 2041          0.3889990     130607.7179271      33358.7733134
  42 2043          0.3919238     130124.7522794      33477.9054606
  43 2019          0.3977734     136921.2930342      35209.3354910
  43 2021          0.3743750     136484.7869822      34255.8481990
  43 2023          0.3772998     136569.2130729      34356.1161295
  43 2025          0.3948486     136461.6688795      35137.1254265
  43 2027          0.4065479     136582.7398327      35484.5138347
  43 2029          0.3919238     137044.7693091      34968.6738249
  43 2031          0.3948486     137027.7921004      35160.0586650
  43 2033          0.3919238     136892.7575511      34772.6712530
  43 2035          0.4006982     137015.7712838      35391.0717952
  43 2037          0.3977734     137108.5641762      35375.3806889
  43 2039          0.3889990     136736.3454813      35070.8456457
  43 2041          0.3919238     136789.7498067      35127.5294201
  43 2043          0.3860742     136412.8510724      34709.5541592
  44 2019          0.3977734     128188.5997802      32963.7218271
  44 2021          0.3641382     128058.0588040      31407.6288117
  44 2023          0.3626758     127928.3740918      31222.6756679
  44 2025          0.3919238     128252.5397701      32787.2252564
  44 2027          0.3772998     128119.6575078      32187.8452590
  44 2029          0.4006982     127832.9887999      33038.3260545
  44 2031          0.4065479     127827.3526368      33298.1883803
  44 2033          0.3948486     128011.8226929      32980.0680548
  44 2035          0.3919238     127848.1032322      32862.3230124
  44 2037          0.3802246     128303.2960404      32302.0131788
  44 2039          0.4006982     127913.0520168      33048.7945951
  44 2041          0.4094727     128339.4077925      33338.6176110
  44 2043          0.4036230     128362.3028333      33258.1523643
  45 2019          0.3977734     127555.5874191      32800.9425829
  45 2021          0.3714502     127655.9994348      31770.0925493
  45 2023          0.3977734     127202.1043281      32929.3781895
  45 2025          0.3831494     127588.0838587      32359.6701856
  45 2027          0.3919238     127235.8873666      32615.2355624
  45 2029          0.4006982     127342.7434146      32860.6286459
  45 2031          0.4006982     127244.3521443      32928.7436084
  45 2033          0.3685254     127748.2305282      31716.9459206
  45 2035          0.3948486     127296.5796450      32726.0419989
  45 2037          0.3948486     127568.7576350      32878.4633932
  45 2039          0.3802246     127100.2953002      32264.3837530
  45 2041          0.4036230     127170.3490908      33052.6265242
  45 2043          0.4065479     127463.2594074      33202.7605471
  46 2019          0.3977734     130112.8134914      33458.5337341
  46 2021          0.3714502     129989.6811431      32333.9876062
  46 2023          0.3860742     129682.9428174      32940.7856969
  46 2025          0.3919238     130305.4658551      33333.3920221
  46 2027          0.3948486     129826.4273136      33469.6975342
  46 2029          0.3802246     130272.4687350      32804.2933714
  46 2031          0.3977734     129828.6122983      33492.8763253
  46 2033          0.3977734     129766.7131620      33489.6664933
  46 2035          0.3919238     129896.6138176      33383.2607627
  46 2037          0.4006982     130122.8613285      33618.8693659
  46 2039          0.3977734     130148.0154640      33703.5518646
  46 2041          0.3831494     130126.8234266      33068.8403038
  46 2043          0.3743750     129705.4072830      32538.4032081
  47 2019          0.3977734     128688.5356790      33092.2804347
  47 2021          0.3685254     128784.7720359      31907.5386160
  47 2023          0.3802246     128541.7274504      32468.1284101
  47 2025          0.3860742     128402.7965007      32771.9521883
  47 2027          0.3772998     128548.8829067      32409.0617308
  47 2029          0.4006982     128715.3628620      33220.0033774
  47 2031          0.3860742     128533.7024289      32631.6752535
  47 2033          0.4036230     128620.6554905      33272.4015009
  47 2035          0.4036230     128637.2461482      33413.3171338
  47 2037          0.3948486     128633.8532867      33219.2847649
  47 2039          0.3802246     128745.5833501      32468.9942411
  47 2041          0.3889990     128256.5673062      32740.8143408
  47 2043          0.3860742     128687.0394935      32832.1344795
  48 2019          0.3977734     132317.5667718      34025.4864425
  48 2021          0.3714502     131906.2457698      32788.4754539
  48 2023          0.3860742     132301.7995132      33395.3593749
  48 2025          0.3889990     131872.7339850      33810.8964918
  48 2027          0.3772998     132039.8817577      33160.0457365
  48 2029          0.3977734     132346.8300120      34044.2628073
  48 2031          0.3977734     132359.8784047      34041.1990896
  48 2033          0.3977734     132521.7211782      34152.1159072
  48 2035          0.3919238     131855.7629814      34024.6976333
  48 2037          0.3889990     132086.1110795      33704.4246371
  48 2039          0.3977734     132010.2928029      34045.8022309
  48 2041          0.3977734     131842.7803050      34057.3874855
  48 2043          0.3977734     131943.3633955      34203.4463643
  49 2019          0.3977734     127598.7473528      32812.0411678
  49 2021          0.3539014     127653.9555571      30581.7622480
  49 2023          0.3568262     127370.5759008      30637.0103232
  49 2025          0.3977734     127570.1980647      32846.0992648
  49 2027          0.4006982     127194.4737533      32847.4564781
  49 2029          0.4036230     127252.6905969      33069.7771805
  49 2031          0.3889990     127693.2255680      32648.3356098
  49 2033          0.3889990     127717.3068753      32578.5329003
  49 2035          0.3977734     127720.1744021      32913.1367171
  49 2037          0.3919238     127573.0342817      32667.1572438
  49 2039          0.3860742     127729.6366777      32297.9866364
  49 2041          0.3889990     127396.8548092      32224.8705919
  49 2043          0.3889990     127604.0930979      32465.6907374
  50 2019          0.3977734     130727.8425468      33616.6885679
  50 2021          0.3714502     130613.6348002      32350.9960485
  50 2023          0.3919238     130790.1488808      33472.2596212
  50 2025          0.3802246     130652.9778369      33115.9759870
  50 2027          0.3889990     130864.9665864      33411.8920980
  50 2029          0.4006982     130403.0871157      33840.7963778
  50 2031          0.3948486     130543.4926239      33457.2294829
  50 2033          0.3977734     130483.8823232      33683.3920370
  50 2035          0.3919238     130312.3412955      33557.2802914
  50 2037          0.3889990     130425.6887303      33370.8280021
  50 2039          0.3889990     130726.8988297      33421.0249794
  50 2041          0.3948486     130530.6863714      33636.5453290
  50 2043          0.3977734     130522.1219944      33788.2307561
