FL 2019 2020 2021 2022 2023 2024 2025 2026 2027 2028 2029 2030 2031 2032 2033 2034 2035 2036 2037 2038 2039 2040 2041 2042 2043 2044 2045
 1  0.1254765  0.1016565  0.0907109  0.0896805  0.0811122  0.0945739  0.0763724  0.1455077  0.1801541  0.2070641  0.2801662  0.1472764  0.1437427  0.1653171  0.1909205  0.2645708  0.2826942  0.1740865  0.1961382  0.0559430  0.0378808  0.0558407  0.0475554  0.1243012  0.1096305  0.2008288  0.2390849
 2  0.0238751  0.0186097  0.0170336  0.0178851  0.0118939  0.0149687  0.0140488  0.0307477  0.0430199  0.0524833  0.0669817  0.0292199  0.0282390  0.0345513  0.0401867  0.0513604  0.0532385  0.0344485  0.0371827  0.0089674  0.0061100  0.0096763  0.0092600  0.0232374  0.0208499  0.0407694  0.0516811
 3  0.1162273  0.0625484  0.0594123  0.0728126  0.0583862  0.0550436  0.0702292  0.1066987  0.0902389  0.1002287  0.0895765  0.0626906  0.0619298  0.0665606  0.0574963  0.0932276  0.1003078  0.0742205  0.0690176  0.0569198  0.0357150  0.0488011  0.0532047  0.0944564  0.0789499  0.0959443  0.0937526
 4  0.0444602  0.0477548  0.0366459  0.0676007  0.0437101  0.0477057  0.0354782  0.0387187  0.0320466  0.0416934  0.0378339  0.0416147  0.0367263  0.0376162  0.0376750  0.0448695  0.0485693  0.0434521  0.0507654  0.0514871  0.0399006  0.0457006  0.0429173  0.0495373  0.0395447  0.0386026  0.0328270
 1  0.1220670  0.0981552  0.0883292  0.1379993  0.1477127  0.1392700  0.1268197  0.1258945  0.1277553  0.1189087  0.1153035  0.0646849  0.0622451  0.0656162  0.0631251  0.0575103  0.0562228  0.0647433  0.0559255  0.2633298  0.3608045  0.3146620  0.3855989  0.2083039  0.2398415  0.0962767  0.0788583
 2  0.0232303  0.0180890  0.0166737  0.0273327  0.0305094  0.0264514  0.0233785  0.0242568  0.0239251  0.0224820  0.0232560  0.0131338  0.0131667  0.0139808  0.0134332  0.0127728  0.0102107  0.0117079  0.0110528  0.0571826  0.0812736  0.0649360  0.0766218  0.0406956  0.0457904  0.0168200  0.0138335
 3  0.1130934  0.0759052  0.0715735  0.0856253  0.0743919  0.0836331  0.0796771  0.0908758  0.0864855  0.0855637  0.0843538  0.0830340  0.0787708  0.0558650  0.0605540  0.0687122  0.0676349  0.0556415  0.0629490  0.0949193  0.0891189  0.0817759  0.0875586  0.0823806  0.0951041  0.0595299  0.0603013
 4  0.0433681  0.0403219  0.0341405  0.0363576  0.0377652  0.0381372  0.0404329  0.0409749  0.0424196  0.0361051  0.0333453  0.0369327  0.0355713  0.0375443  0.0360224  0.0445783  0.0476590  0.0382819  0.0361218  0.0340598  0.0353899  0.0363505  0.0345625  0.0342380  0.0363754  0.0409728  0.0382497
 1  0.1187765  0.1402300  0.1315109  0.1295090  0.1156951  0.2500663  0.3115197  0.1896689  0.1793011  0.1279052  0.1315880  0.1730966  0.1731316  0.0780478  0.0735998  0.1606283  0.1681934  0.1636389  0.1643282  0.1335464  0.1391388  0.2368041  0.2930163  0.1418072  0.0999756  0.1056985  0.0965402
 2  0.0226444  0.0259647  0.0246347  0.0232041  0.0212665  0.0497390  0.0619231  0.0346192  0.0327907  0.0245638  0.0269876  0.0347476  0.0320767  0.0149610  0.0139305  0.0318630  0.0326801  0.0317261  0.0312557  0.0258299  0.0287400  0.0510902  0.0596619  0.0227861  0.0154296  0.0181385  0.0190001
 3  0.1100329  0.0811871  0.0849379  0.0828517  0.0820925  0.0886173  0.0846429  0.0691734  0.0774374  0.0651977  0.0626113  0.0906105  0.0735860  0.0590007  0.0684270  0.0832063  0.0776585  0.0776082  0.0707131  0.1077258  0.0862629  0.0846064  0.0931412  0.0583662  0.0603619  0.0567798  0.0617581
 4  0.0423910  0.0364885  0.0440828  0.0376098  0.0359825  0.0355354  0.0380249  0.0363448  0.0348832  0.0361502  0.0369746  0.0402661  0.0358837  0.0389971  0.0377849  0.0382248  0.0354837  0.0367256  0.0367142  0.0389255  0.0326814  0.0348849  0.0471189  0.0504132  0.0462141  0.0354296  0.0302856
 1  0.1193897  0.0451615  0.0383063  0.1342054  0.1393433  0.1266177  0.1391206  0.0714180  0.0639485  0.0430482  0.0341617  0.0536602  0.0484520  0.0574170  0.0613312  0.0865034  0.0960742  0.1500740  0.1706127  0.1351828  0.1355089  0.1634417  0.1608113  0.1776463  0.2197368  0.1719301  0.1917713
 2  0.0226910  0.0082681  0.0073070  0.0268543  0.0286294  0.0270432  0.0289315  0.0143603  0.0111334  0.0073516  0.0065287  0.0104926  0.0101293  0.0129991  0.0146055  0.0210958  0.0221292  0.0342125  0.0370262  0.0283516  0.0247568  0.0300105  0.0321306  0.0387783  0.0504280  0.0380352  0.0412833
 3  0.1105887  0.0597690  0.0598538  0.0628786  0.0688579  0.0807266  0.0828965  0.0560923  0.0595299  0.0493193  0.0635216  0.0674344  0.0670782  0.0858107  0.0964433  0.0675852  0.0665079  0.0612005  0.0662421  0.0743706  0.0749336  0.0590529  0.0610818  0.0846089  0.0873345  0.0730955  0.0754744
 4  0.0420011  0.0413162  0.0386343  0.0370136  0.0384801  0.0351596  0.0367198  0.0462244  0.0462738  0.0375505  0.0409813  0.0383879  0.0365644  0.0343314  0.0383766  0.0382798  0.0378371  0.0376626  0.0400124  0.0405751  0.0436813  0.0400828  0.0339956  0.0325685  0.0324443  0.0338115  0.0371684
 1  0.1189860  0.0867447  0.0772667  0.0970217  0.0909484  0.1555546  0.1504996  0.2998235  0.3577641  0.3881187  0.4936211  0.2052354  0.1980638  0.0801414  0.0599486  0.1763918  0.1966337  0.2288660  0.2783656  0.1033590  0.0869193  0.2010323  0.2403714  0.3355550  0.4975583  0.1448080  0.1076387
 2  0.0231473  0.0161684  0.0147116  0.0188468  0.0163335  0.0289161  0.0278596  0.0580017  0.0652006  0.0699214  0.0949954  0.0382254  0.0275530  0.0121330  0.0100503  0.0334845  0.0413820  0.0520662  0.0498585  0.0172965  0.0162410  0.0412231  0.0523463  0.0755805  0.1064596  0.0224672  0.0152754
 3  0.1099257  0.0683154  0.0655779  0.0712626  0.0578720  0.0568659  0.0668549  0.0791716  0.0823853  0.0700296  0.0903317  0.1041999  0.0861530  0.0479320  0.0646188  0.0896654  0.0843166  0.0793718  0.0639427  0.0477206  0.0646423  0.0802959  0.0871081  0.0855192  0.1274432  0.2265208  0.0451032
 4  0.0434759  0.0397325  0.0399991  0.0460252  0.0407037  0.0390983  0.0397165  0.0349339  0.0408189  0.0331025  0.0338580  0.0500432  0.0495543  0.0374458  0.0398210  0.0344198  0.0347735  0.0448483  0.0405554  0.0380743  0.0363689  0.0322569  0.0318807  0.0308894  0.0399549  0.0387061  0.0453015
 1  0.1162521  0.1609616  0.1558970  0.1961030  0.2029574  0.2021081  0.2327582  0.1522265  0.1185914  0.1171064  0.1101868  0.0741806  0.0806069  0.1271754  0.1333109  0.1607537  0.1818541  0.1347178  0.1462102  0.0752121  0.0698220  0.1078162  0.0831519  0.1874364  0.2168731  0.0766303  0.0632273
 2  0.0225599  0.0301525  0.0291646  0.0367547  0.0382005  0.0399422  0.0460458  0.0259762  0.0189393  0.0204707  0.0219080  0.0164715  0.0182834  0.0280107  0.0275667  0.0332744  0.0397625  0.0298994  0.0306593  0.0152838  0.0129762  0.0180242  0.0150310  0.0379953  0.0439063  0.0139968  0.0120101
 3  0.1074261  0.0861971  0.0847618  0.0811725  0.0786881  0.0771637  0.0918653  0.0613586  0.0550260  0.0636756  0.0644654  0.0882889  0.0806950  0.0857330  0.0878484  0.0795349  0.0862412  0.0716296  0.0797333  0.0550535  0.0641948  0.0493657  0.0625106  0.0801960  0.0947994  0.0612236  0.0642767
 4  0.0426515  0.0418442  0.0417555  0.0362733  0.0351371  0.0366130  0.0416059  0.0454152  0.0412908  0.0351841  0.0316330  0.0333173  0.0352378  0.0395265  0.0372510  0.0313201  0.0311129  0.0357875  0.0353265  0.0404704  0.0471644  0.0410590  0.0369582  0.0334672  0.0447200  0.0395559  0.0351296
 1  0.1297236  0.1629250  0.1506688  0.0797177  0.0695689  0.0789753  0.0875838  0.0943112  0.1089967  0.1098882  0.1303112  0.0985122  0.0738845  0.0532516  0.0459539  0.1869003  0.2228553  0.1579815  0.1709897  0.0620450  0.0437012  0.0627770  0.0560485  0.1226693  0.1379294  0.1092073  0.1325868
 2  0.0243926  0.0292131  0.0273720  0.0142806  0.0133234  0.0167126  0.0200449  0.0225453  0.0260483  0.0262468  0.0297014  0.0177645  0.0123065  0.0094289  0.0091280  0.0406741  0.0508435  0.0371432  0.0272614  0.0094062  0.0072944  0.0112748  0.0107641  0.0261249  0.0318318  0.0265055  0.0334897
 3  0.1204050  0.0777859  0.0804510  0.0554227  0.0612906  0.0928096  0.0737338  0.0975539  0.0839407  0.0965865  0.0701984  0.0614129  0.0498581  0.0393768  0.0490271  0.0856665  0.0741111  0.0839130  0.0813029  0.0508638  0.0554677  0.0944759  0.0962133  0.0915189  0.0827241  0.0937267  0.0798480
 4  0.0445032  0.0404852  0.0398720  0.0366995  0.0365756  0.0315996  0.0296309  0.0310943  0.0339681  0.0395311  0.0435453  0.0502353  0.0427723  0.0354347  0.0311910  0.0306533  0.0286818  0.0524683  0.0533772  0.0469655  0.0385036  0.0442137  0.0409796  0.0356005  0.0323855  0.0351134  0.0300588
 1  0.1244105  0.0278125  0.0232142  0.0287758  0.0281357  0.0899400  0.0961515  0.2217695  0.2078355  0.1184294  0.1026782  0.2128653  0.2605145  0.1906920  0.2322449  0.1278942  0.1126640  0.1537025  0.1200287  0.2960233  0.3788612  0.3256940  0.4752215  0.1318464  0.1046917  0.0728994  0.0500593
 2  0.0246932  0.0052100  0.0044767  0.0059662  0.0063425  0.0214496  0.0193684  0.0410205  0.0351691  0.0202111  0.0190444  0.0436688  0.0579022  0.0431798  0.0524718  0.0268611  0.0151079  0.0228155  0.0210523  0.0563729  0.0736524  0.0641397  0.0931833  0.0214822  0.0170714  0.0113867  0.0075787
 3  0.1146225  0.0452508  0.0401491  0.0438438  0.0489287  0.0649300  0.0670968  0.0554461  0.0608922  0.0567380  0.0621978  0.0880161  0.0825584  0.0757813  0.0799159  0.0898871  0.0681969  0.0519211  0.0604546  0.1445032  0.1499919  0.1543541  0.1597121  0.0446081  0.0652474  0.0486516  0.0515976
 4  0.0469218  0.0398376  0.0381177  0.0314086  0.0328009  0.0433707  0.0475637  0.0404679  0.0426798  0.0371043  0.0365951  0.0339348  0.0312985  0.0315528  0.0348257  0.0613156  0.0529594  0.0444235  0.0360815  0.0360620  0.0335121  0.0298141  0.0349160  0.0426770  0.0525098  0.0476357  0.0436390
 1  0.1237088  0.1514107  0.1423083  0.2397476  0.2770784  0.2079489  0.2031521  0.0481184  0.0320778  0.0831231  0.0691501  0.1284660  0.1478833  0.1369092  0.1656930  0.1153550  0.1397006  0.0795396  0.0717101  0.0672825  0.0636597  0.0666931  0.0628540  0.0746041  0.0386939  0.0645104  0.0590012
 2  0.0237626  0.0277731  0.0262679  0.0463970  0.0532111  0.0379454  0.0367061  0.0076801  0.0049608  0.0138978  0.0130705  0.0274205  0.0340423  0.0327461  0.0410809  0.0288887  0.0348198  0.0168932  0.0145956  0.0136355  0.0123005  0.0132087  0.0133600  0.0104181  0.0057119  0.0112176  0.0119840
 3  0.1145732  0.0827930  0.0821228  0.0763509  0.0810663  0.0579208  0.0549474  0.0410251  0.0371164  0.0586505  0.0653873  0.0901165  0.0896222  0.0930232  0.0768843  0.0673366  0.0633737  0.0590702  0.0615037  0.0675907  0.0648927  0.0588640  0.0572698  0.0614226  0.0512251  0.0595970  0.0680788
 4  0.0440699  0.0421207  0.0380823  0.0337370  0.0390555  0.0374229  0.0458646  0.0443433  0.0474100  0.0378942  0.0341537  0.0362477  0.0347634  0.0353619  0.0295508  0.0327534  0.0416708  0.0393450  0.0379420  0.0398044  0.0422618  0.0368812  0.0577094  0.0554600  0.0480330  0.0359880  0.0367664
 1  0.1300004  0.1695394  0.1593208  0.1120032  0.0887089  0.0823055  0.0899766  0.1114659  0.1241336  0.1127176  0.1146978  0.0982743  0.0985767  0.1102368  0.0918097  0.0996927  0.0789710  0.1418337  0.1529796  0.1563882  0.2011992  0.3066472  0.4086921  0.1457737  0.1279401  0.0985930  0.0854625
 2  0.0246276  0.0307237  0.0290120  0.0184656  0.0156818  0.0164845  0.0203210  0.0262157  0.0290087  0.0245090  0.0226780  0.0196171  0.0210181  0.0211540  0.0163828  0.0168976  0.0138638  0.0274575  0.0328946  0.0374676  0.0503231  0.0714669  0.0837796  0.0265397  0.0204520  0.0167359  0.0164003
 3  0.1205402  0.0812933  0.0721419  0.0861478  0.0810464  0.0878900  0.0879901  0.0804804  0.0783131  0.0812440  0.0776477  0.0601284  0.0799670  0.0644470  0.0577456  0.0617317  0.0647806  0.0906040  0.0839773  0.0858155  0.0823416  0.0798288  0.0797256  0.0464095  0.0563017  0.0501026  0.0611864
 4  0.0455741  0.0406051  0.0454144  0.0421098  0.0342342  0.0295683  0.0318564  0.0352639  0.0336264  0.0397772  0.0379597  0.0342114  0.0437302  0.0392911  0.0465709  0.0457485  0.0406345  0.0351791  0.0304887  0.0309461  0.0333490  0.0372017  0.0359016  0.0430529  0.0408447  0.0346969  0.0365887
 1  0.1180277  0.0648099  0.0559757  0.0745671  0.0721826  0.1083007  0.1120122  0.1254167  0.1308776  0.1296923  0.1426196  0.1286039  0.0982262  0.1633362  0.1571804  0.1402539  0.1442539  0.1593076  0.1659546  0.1011438  0.1086715  0.1711710  0.1946352  0.1393087  0.1488206  0.2044560  0.2338959
 2  0.0228373  0.0120688  0.0107877  0.0149025  0.0146165  0.0226481  0.0220621  0.0250988  0.0284211  0.0286937  0.0313891  0.0227748  0.0164189  0.0287706  0.0283966  0.0267531  0.0297303  0.0325939  0.0340760  0.0212119  0.0237793  0.0378318  0.0401883  0.0283749  0.0310621  0.0430739  0.0458309
 3  0.1090697  0.0468659  0.0698395  0.0601546  0.0650618  0.0836192  0.0842425  0.0630697  0.0563310  0.0891732  0.0737870  0.0820683  0.0743548  0.0911580  0.0782299  0.0930495  0.0848603  0.0845074  0.0932899  0.0931850  0.0758955  0.0836542  0.0814831  0.0754934  0.0847271  0.0845860  0.0842014
 4  0.0428520  0.0378677  0.0396688  0.0379706  0.0356655  0.0383066  0.0368085  0.0328187  0.0313685  0.0358865  0.0413029  0.0462338  0.0400657  0.0418710  0.0390450  0.0367385  0.0396426  0.0383831  0.0391563  0.0360903  0.0312002  0.0354903  0.0354370  0.0342804  0.0341444  0.0414478  0.0607592
 1  0.1305073  0.1152266  0.1011988  0.1402865  0.1334377  0.1674369  0.1968024  0.2105391  0.2576825  0.1663344  0.1527973  0.0811726  0.0563010  0.1032543  0.0954791  0.1702219  0.2079884  0.2239911  0.2534351  0.1223025  0.1020810  0.1164700  0.1111151  0.1717803  0.1319127  0.1691105  0.1679593
 2  0.0247657  0.0208515  0.0187647  0.0260687  0.0257138  0.0344898  0.0425958  0.0469375  0.0516034  0.0315320  0.0235169  0.0123918  0.0086166  0.0180441  0.0188642  0.0374411  0.0500767  0.0500706  0.0522368  0.0215774  0.0177511  0.0215106  0.0214081  0.0285268  0.0228226  0.0307105  0.0320767
 3  0.1209417  0.0492948  0.0542798  0.0648184  0.0661901  0.0948945  0.0799616  0.0826806  0.0831186  0.0543051  0.0587082  0.0528946  0.0535004  0.0615286  0.0685960  0.0895961  0.0904141  0.0791838  0.0777576  0.0880287  0.0898336  0.0640206  0.0686200  0.0650804  0.0556688  0.0858471  0.0817326
 4  0.0457994  0.0404046  0.0419319  0.0373619  0.0344136  0.0327949  0.0312204  0.0313683  0.0388455  0.0458653  0.0463858  0.0512826  0.0414326  0.0405238  0.0371781  0.0336533  0.0386979  0.0377532  0.0393630  0.0418191  0.0414059  0.0364521  0.0479373  0.0472513  0.0424722  0.0425595  0.0398616
 1  0.1355563  0.1296076  0.1171460  0.0782155  0.0748171  0.0689030  0.0595858  0.0457236  0.0482845  0.1197323  0.1538008  0.1906453  0.2200124  0.1984284  0.2175096  0.1110569  0.1044652  0.1698538  0.1208604  0.0838185  0.0793695  0.1163875  0.1271504  0.2515910  0.3017404  0.1832232  0.1066771
 2  0.0258173  0.0236284  0.0215408  0.0154430  0.0134818  0.0124361  0.0115701  0.0098357  0.0116681  0.0324213  0.0408225  0.0442286  0.0444912  0.0387481  0.0424055  0.0211018  0.0211970  0.0276747  0.0193058  0.0150571  0.0159506  0.0254305  0.0290530  0.0556273  0.0547005  0.0239121  0.0163423
 3  0.1255444  0.0770685  0.0793212  0.0521535  0.0649588  0.0512291  0.0672333  0.0635216  0.0662853  0.0893638  0.0791095  0.0886641  0.0844773  0.0821044  0.0868148  0.0574429  0.0586908  0.0801285  0.0832445  0.0580283  0.0659979  0.0788988  0.0858653  0.1208262  0.1296547  0.0730787  0.0857630
 4  0.0485933  0.0346702  0.0370082  0.0375353  0.0447950  0.0359600  0.0375163  0.0292442  0.0371655  0.0305006  0.0355940  0.0415561  0.0352789  0.0346715  0.0376651  0.0383976  0.0445486  0.0428485  0.0439999  0.0344751  0.0338813  0.0319491  0.0342866  0.0406270  0.0540636  0.0468168  0.0416768
 1  0.1307984  0.1637958  0.1499594  0.2612066  0.3061657  0.2888986  0.2511345  0.3006756  0.3174550  0.2333172  0.2219800  0.1955148  0.1637551  0.2014975  0.2260481  0.1599578  0.1525534  0.0674430  0.0573903  0.0853658  0.0722501  0.1763629  0.2254066  0.1886807  0.2406278  0.1370425  0.1404045
 2  0.0245606  0.0294990  0.0273931  0.0499472  0.0588589  0.0479188  0.0397127  0.0500727  0.0573868  0.0415833  0.0354320  0.0308004  0.0278282  0.0377958  0.0463462  0.0318403  0.0262684  0.0120949  0.0094346  0.0145824  0.0139710  0.0389383  0.0556670  0.0478946  0.0566797  0.0283477  0.0291065
 3  0.1213701  0.0578361  0.0564147  0.0811197  0.0806253  0.0785005  0.0740840  0.0802260  0.1008490  0.0784448  0.0799885  0.0814837  0.0777356  0.0837763  0.0919403  0.0835478  0.0719035  0.0603622  0.0658147  0.0623429  0.0623770  0.0875514  0.0839561  0.0787171  0.0859440  0.0513730  0.0581596
 4  0.0453260  0.0391761  0.0353042  0.0356592  0.0418132  0.0389253  0.0387223  0.0355978  0.0379302  0.0417555  0.0434449  0.0421414  0.0390451  0.0327940  0.0389673  0.0454903  0.0376749  0.0468956  0.0450327  0.0412041  0.0348812  0.0302850  0.0286888  0.0348080  0.0363967  0.0358313  0.0348617
 1  0.1425452  0.1646896  0.1511666  0.1410981  0.1229388  0.0911330  0.0885158  0.0932351  0.1137889  0.1561536  0.2044629  0.0397025  0.0208309  0.0962028  0.0979718  0.0893097  0.1052498  0.1619438  0.2008594  0.1806922  0.1709037  0.0970760  0.0960748  0.0581884  0.0549138  0.0847168  0.0714033
 2  0.0270896  0.0297057  0.0272968  0.0248476  0.0206767  0.0165689  0.0179965  0.0213876  0.0292723  0.0411447  0.0399506  0.0052337  0.0032121  0.0177761  0.0210065  0.0222517  0.0284678  0.0428173  0.0450556  0.0343445  0.0311986  0.0185222  0.0196669  0.0121309  0.0112229  0.0160269  0.0131747
 3  0.1320490  0.0732118  0.0746916  0.0755686  0.0764566  0.0851371  0.0922207  0.1002292  0.1213158  0.1627178  0.0753714  0.0313434  0.0349681  0.0599529  0.0661088  0.0678759  0.0734529  0.0839894  0.0788278  0.0819786  0.0781401  0.0774213  0.0823304  0.0682634  0.0635947  0.0577090  0.0554573
 4  0.0507192  0.0380374  0.0432074  0.0408630  0.0405555  0.0337575  0.0296823  0.0403746  0.0573900  0.0714267  0.0603401  0.0433986  0.0380518  0.0304422  0.0311495  0.0318128  0.0329894  0.0358813  0.0409412  0.0386396  0.0359308  0.0333714  0.0363655  0.0396527  0.0458084  0.0415190  0.0366637
 1  0.1323154  0.1361319  0.1222197  0.0798602  0.0787286  0.1844724  0.1866326  0.2342627  0.2356560  0.2085886  0.1880480  0.1506435  0.1497102  0.1663662  0.1797082  0.1242770  0.1015978  0.0758406  0.0575116  0.1001988  0.1145466  0.2093665  0.3002822  0.2463230  0.2528314  0.1610418  0.1399352
 2  0.0251284  0.0246228  0.0224726  0.0156569  0.0156461  0.0359095  0.0351180  0.0423914  0.0431250  0.0361218  0.0309361  0.0266970  0.0290626  0.0335543  0.0366588  0.0238154  0.0142088  0.0115456  0.0102878  0.0209797  0.0281543  0.0578703  0.0770722  0.0498006  0.0420885  0.0267679  0.0223185
 3  0.1226001  0.0574636  0.0682494  0.0594180  0.0619245  0.0831115  0.0789972  0.0803794  0.0895794  0.0969171  0.0867781  0.0880626  0.0931463  0.0911644  0.0907482  0.0851501  0.0862548  0.0516614  0.0587569  0.0844150  0.0960203  0.0916732  0.0790858  0.0822662  0.0895063  0.0907842  0.0866208
 4  0.0466048  0.0437715  0.0393881  0.0342527  0.0392885  0.0392787  0.0418717  0.0403302  0.0420320  0.0465477  0.0409779  0.0347131  0.0374308  0.0369856  0.0429790  0.0575045  0.0573849  0.0443359  0.0353268  0.0294505  0.0305640  0.0341677  0.0417651  0.0476984  0.0440822  0.0451724  0.0486724
 1  0.1289129  0.1675016  0.1574087  0.1001549  0.0900155  0.1308217  0.1273852  0.0906072  0.0978047  0.0745186  0.0697980  0.0720068  0.0719783  0.0751136  0.0504447  0.1207289  0.1371819  0.1996941  0.2243783  0.2039431  0.2169918  0.2920625  0.3960216  0.1914076  0.2101586  0.1035484  0.0809934
 2  0.0243850  0.0304557  0.0288296  0.0183659  0.0163862  0.0245408  0.0255714  0.0194422  0.0210980  0.0153262  0.0142909  0.0149874  0.0146413  0.0119739  0.0085383  0.0236577  0.0308271  0.0455495  0.0445780  0.0389233  0.0435254  0.0617507  0.0844118  0.0398265  0.0357665  0.0165509  0.0144448
 3  0.1195341  0.0761291  0.0842765  0.0565805  0.0524279  0.0631524  0.0627810  0.0895584  0.0880406  0.0701596  0.0735259  0.0879594  0.0840494  0.0897186  0.0799568  0.0969756  0.0916731  0.0882285  0.0725653  0.0577129  0.0690261  0.0825519  0.0846533  0.0781376  0.0910047  0.0427736  0.0563993
 4  0.0452728  0.0389908  0.0404929  0.0382985  0.0376593  0.0349768  0.0340912  0.0367100  0.0381214  0.0381859  0.0394926  0.0378212  0.0549937  0.0522992  0.0388221  0.0342736  0.0359003  0.0452062  0.0358153  0.0388103  0.0335680  0.0307744  0.0323639  0.0378138  0.0474930  0.0377507  0.0342220
 1  0.1102676  0.0810587  0.0739084  0.1119230  0.1027984  0.1042975  0.0971956  0.1672619  0.1998672  0.1993099  0.2468288  0.1318115  0.1202455  0.1795409  0.1669889  0.0972180  0.0853583  0.0930070  0.0957856  0.1169856  0.0881809  0.0710791  0.0673650  0.1063876  0.1277256  0.1094090  0.0964263
 2  0.0212429  0.0151811  0.0141805  0.0206989  0.0195287  0.0196695  0.0185141  0.0346606  0.0451989  0.0475074  0.0479091  0.0236732  0.0227747  0.0325949  0.0306198  0.0175650  0.0156789  0.0184822  0.0198741  0.0203608  0.0153282  0.0133277  0.0139731  0.0249838  0.0336750  0.0239895  0.0186606
 3  0.1019949  0.0906631  0.0815415  0.0959448  0.0874734  0.0823086  0.0853785  0.0928170  0.0868401  0.0796931  0.0772573  0.0506089  0.0593584  0.0873270  0.0900653  0.0900504  0.0815597  0.0860303  0.0828934  0.0646589  0.0606479  0.0631664  0.0631393  0.0827702  0.0865864  0.0608574  0.0484796
 4  0.0398775  0.0411455  0.0408399  0.0449612  0.0409218  0.0410136  0.0366715  0.0300125  0.0294221  0.0407022  0.0403062  0.0358476  0.0377006  0.0415336  0.0398454  0.0419784  0.0376043  0.0391448  0.0438163  0.0475119  0.0460394  0.0361025  0.0320961  0.0281243  0.0399175  0.0431702  0.0353673
 1  0.1249681  0.1281330  0.1167830  0.3326293  0.4876493  0.2656750  0.2517693  0.1560405  0.1348287  0.1083278  0.0994194  0.0809018  0.0740777  0.1322071  0.1392906  0.0869745  0.0774536  0.0928229  0.0941573  0.0591776  0.0554377  0.0866852  0.1003136  0.0705437  0.0657157  0.0728931  0.0621128
 2  0.0235296  0.0232448  0.0216393  0.0660972  0.1006344  0.0441667  0.0381586  0.0250705  0.0233947  0.0203781  0.0173300  0.0149135  0.0152484  0.0283541  0.0286905  0.0167839  0.0153514  0.0191750  0.0199862  0.0123385  0.0120857  0.0206374  0.0249252  0.0158873  0.0136723  0.0138474  0.0115284
 3  0.1159195  0.0801500  0.0798202  0.1342021  0.1255143  0.2459173  0.0575849  0.0496164  0.0549918  0.0569671  0.0533037  0.0502906  0.0653905  0.0801236  0.0818383  0.0592661  0.0583223  0.0595810  0.0594424  0.0580251  0.0581768  0.0600328  0.0619679  0.0661601  0.0568194  0.0624764  0.0593885
 4  0.0433172  0.0396712  0.0347057  0.0292230  0.0283595  0.0333861  0.0408243  0.0373702  0.0357277  0.0404679  0.0421295  0.0332633  0.0332902  0.0355910  0.0409397  0.0401803  0.0349914  0.0350940  0.0354668  0.0381095  0.0326479  0.0305722  0.0366167  0.0359330  0.0414449  0.0412716  0.0389720
 1  0.1235830  0.1063336  0.0971590  0.1570340  0.1372520  0.1297489  0.1320130  0.1832126  0.2407623  0.0669594  0.0429905  0.0757234  0.0736721  0.1197969  0.1215838  0.2255535  0.2605190  0.3781635  0.5300609  0.3621045  0.2871459  0.3271351  0.3638987  0.2134444  0.2244367  0.1105619  0.0974604
 2  0.0244388  0.0200164  0.0183708  0.0280892  0.0231851  0.0236376  0.0270813  0.0423707  0.0555624  0.0107319  0.0069846  0.0138813  0.0153340  0.0259784  0.0244102  0.0454787  0.0525097  0.0760087  0.1034449  0.0534679  0.0440376  0.0542596  0.0651896  0.0394361  0.0396734  0.0199386  0.0156766
 3  0.1139036  0.0794617  0.0808239  0.0785580  0.0833898  0.0851013  0.0835042  0.0901359  0.0944039  0.0782169  0.0545336  0.0617758  0.0581830  0.0935606  0.0793392  0.0846801  0.0889318  0.0874884  0.0860905  0.0802300  0.0898551  0.0868375  0.0943541  0.0777053  0.0806393  0.0677836  0.0606573
 4  0.0466939  0.0401782  0.0388249  0.0418697  0.0422287  0.0350565  0.0269904  0.0297949  0.0544473  0.0487752  0.0406812  0.0356531  0.0346022  0.0404069  0.0391856  0.0388432  0.0373317  0.0347322  0.0393818  0.0459436  0.0404013  0.0347527  0.0380878  0.0356166  0.0327772  0.0457814  0.0474156
 1  0.1114495  0.0997521  0.0913131  0.0972120  0.0980389  0.0531442  0.0543369  0.0817217  0.0752929  0.0490779  0.0408378  0.0846946  0.0834438  0.1176974  0.1321591  0.2069018  0.2713757  0.3007730  0.4357278  0.2377453  0.1953067  0.0599184  0.0488545  0.1243038  0.1281953  0.1219677  0.1001485
 2  0.0220729  0.0191440  0.0177492  0.0197227  0.0202097  0.0114510  0.0113567  0.0166107  0.0136023  0.0086971  0.0077999  0.0169146  0.0175721  0.0260592  0.0304658  0.0487852  0.0654774  0.0725938  0.0837451  0.0386473  0.0282067  0.0096912  0.0090121  0.0254065  0.0267369  0.0227727  0.0173555
 3  0.1026403  0.0613674  0.0620530  0.0528855  0.0670368  0.0750925  0.0602909  0.0718590  0.0619224  0.0643835  0.0584039  0.0944381  0.0847405  0.0933800  0.0846012  0.0829521  0.0883656  0.0843149  0.0834838  0.0497974  0.0493564  0.0397035  0.0442919  0.0610076  0.0663822  0.0619390  0.0557086
 4  0.0426156  0.0372054  0.0352207  0.0330196  0.0364886  0.0400801  0.0415357  0.0477105  0.0416595  0.0446301  0.0370211  0.0403706  0.0354222  0.0380951  0.0338782  0.0323450  0.0324311  0.0389465  0.0440931  0.0434850  0.0453767  0.0377289  0.0365710  0.0366741  0.0417579  0.0436493  0.0405121
 1  0.1170474  0.1108915  0.0996746  0.0873950  0.0852216  0.0744135  0.0704769  0.1799536  0.2250895  0.0475836  0.0426905  0.0806287  0.0730356  0.1466871  0.1708814  0.1891485  0.2313950  0.1504056  0.1491289  0.1441890  0.1326763  0.1118258  0.0896953  0.0672580  0.0675572  0.0638367  0.0678192
 2  0.0222378  0.0203095  0.0187632  0.0171628  0.0165553  0.0145780  0.0147330  0.0407834  0.0489968  0.0097582  0.0078054  0.0149218  0.0142805  0.0316070  0.0396331  0.0444148  0.0530434  0.0303500  0.0280275  0.0266423  0.0234149  0.0188841  0.0161164  0.0133176  0.0150543  0.0151942  0.0163577
 3  0.1084871  0.0639455  0.0586973  0.0663491  0.0676954  0.0572616  0.0602695  0.0873186  0.0863701  0.0606525  0.0598087  0.0603130  0.0651032  0.0769691  0.0830811  0.0818842  0.0848546  0.0962027  0.0788969  0.0567649  0.0582675  0.0548297  0.0571885  0.0696835  0.0628320  0.0688705  0.0588757
 4  0.0409754  0.0408694  0.0365082  0.0431126  0.0390918  0.0348313  0.0333877  0.0335600  0.0367040  0.0401050  0.0415259  0.0409180  0.0356674  0.0321365  0.0317870  0.0333120  0.0356549  0.0438677  0.0387759  0.0436361  0.0413309  0.0405500  0.0395651  0.0337807  0.0308999  0.0364600  0.0388255
 1  0.1287303  0.1083194  0.0965578  0.2244881  0.2045102  0.4728422  0.6972965  0.3882514  0.3351937  0.3540159  0.3541348  0.5313641  0.6573762  0.3873933  0.2786519  0.2417300  0.2044895  0.1155505  0.1203747  0.1021849  0.1107183  0.0546327  0.0522125  0.1429097  0.1503682  0.1634275  0.1939170
 2  0.0248432  0.0199418  0.0180888  0.0394562  0.0356599  0.0887308  0.1068064  0.0531455  0.0537411  0.0573786  0.0559770  0.0855894  0.1023686  0.0534444  0.0329149  0.0348203  0.0349517  0.0220787  0.0248495  0.0222279  0.0243975  0.0116256  0.0106963  0.0293268  0.0316380  0.0361834  0.0404344
 3  0.1190409  0.0594514  0.0639402  0.0732743  0.0835260  0.0822851  0.0778622  0.0767272  0.0807146  0.0844585  0.0761142  0.0898990  0.0841401  0.0847650  0.0852349  0.0689571  0.0963820  0.0860613  0.0825807  0.0923696  0.0786824  0.0549799  0.0675657  0.0780485  0.0839914  0.0938124  0.0852599
 4  0.0466638  0.0412756  0.0444963  0.0361301  0.0386481  0.0425896  0.0397397  0.0384761  0.0372227  0.0397212  0.0401862  0.0383134  0.0431666  0.0575782  0.0515705  0.0352935  0.0338790  0.0338868  0.0333204  0.0380388  0.0344400  0.0355263  0.0425872  0.0348299  0.0328127  0.0335688  0.0415962
 1  0.1219628  0.1219804  0.1112071  0.1033186  0.1070794  0.0985764  0.0963477  0.0855044  0.0812037  0.0986121  0.1022387  0.1554155  0.1812852  0.1243534  0.1161563  0.0721048  0.0540747  0.0836719  0.0497526  0.1523811  0.1646152  0.1988918  0.2873184  0.1710901  0.2307260  0.1246576  0.1136275
 2  0.0230466  0.0222855  0.0207408  0.0203984  0.0232107  0.0206771  0.0189998  0.0166480  0.0162821  0.0205744  0.0226735  0.0366715  0.0385482  0.0253728  0.0188612  0.0118031  0.0086638  0.0116990  0.0076340  0.0277025  0.0351095  0.0496338  0.0798920  0.0474702  0.0530031  0.0238536  0.0202248
 3  0.1131144  0.0758444  0.0824901  0.0597961  0.0723492  0.0892816  0.0894467  0.0593456  0.0637657  0.0692903  0.0618345  0.0614661  0.0658317  0.0572060  0.0506259  0.0525445  0.0647656  0.0615985  0.0557853  0.0913015  0.0852383  0.0842014  0.0867131  0.0841663  0.0782326  0.0544017  0.0580540
 4  0.0426943  0.0397704  0.0374804  0.0340624  0.0387207  0.0417238  0.0359228  0.0374622  0.0383046  0.0319023  0.0351727  0.0383363  0.0382672  0.0457085  0.0452834  0.0451271  0.0615099  0.0562963  0.0470284  0.0394367  0.0309617  0.0283038  0.0310656  0.0399010  0.0398560  0.0459275  0.0399148
 1  0.1113715  0.0991147  0.0902555  0.1122494  0.1058093  0.1488190  0.1556404  0.2476866  0.3414332  0.1209948  0.1103244  0.0547284  0.0392079  0.0872083  0.0861496  0.1398642  0.1323385  0.1369425  0.1420939  0.1578012  0.1850288  0.1829722  0.1091183  0.1204084  0.1318878  0.1053975  0.1235839
 2  0.0213932  0.0185077  0.0172565  0.0212180  0.0203426  0.0292371  0.0317516  0.0535034  0.0747683  0.0234684  0.0192352  0.0087922  0.0067257  0.0166312  0.0185976  0.0290232  0.0251299  0.0265946  0.0289927  0.0331212  0.0402552  0.0264454  0.0167682  0.0220427  0.0281799  0.0251749  0.0310420
 3  0.1030635  0.0713806  0.0534774  0.0847123  0.0847825  0.0826802  0.0861837  0.1263189  0.1332433  0.0716585  0.0472394  0.0353335  0.0390276  0.0665706  0.0688254  0.0843190  0.0759617  0.0849372  0.0891404  0.1447286  0.1384187  0.0752144  0.0773731  0.0973004  0.0975453  0.0885956  0.0844202
 4  0.0401234  0.0421486  0.0358166  0.0418970  0.0372524  0.0345966  0.0329144  0.0285838  0.0324641  0.0452710  0.0424953  0.0451091  0.0384260  0.0357698  0.0373871  0.0470798  0.0381292  0.0373193  0.0348694  0.0344518  0.0517143  0.0498124  0.0394026  0.0338478  0.0310344  0.0314211  0.0336727
 1  0.1145158  0.0692925  0.0613953  0.0799136  0.0785846  0.1850892  0.2391192  0.1068787  0.0938158  0.0878677  0.0737292  0.0610314  0.0456767  0.0843530  0.0834142  0.0562126  0.0590792  0.0730756  0.0830091  0.0924484  0.1006408  0.0926240  0.0896932  0.0927565  0.1044215  0.0434307  0.0416845
 2  0.0226344  0.0130720  0.0118293  0.0159308  0.0167969  0.0432079  0.0564268  0.0211570  0.0177890  0.0156633  0.0136851  0.0104088  0.0080877  0.0164156  0.0175740  0.0126576  0.0141700  0.0181251  0.0203534  0.0220959  0.0235813  0.0198620  0.0189133  0.0209784  0.0228132  0.0093007  0.0092462
 3  0.1056338  0.0659845  0.0598662  0.0579918  0.0647461  0.0640526  0.0729800  0.0580249  0.0551627  0.0608726  0.0596318  0.0649053  0.0559418  0.0687718  0.0650657  0.0793080  0.0933442  0.0894214  0.0809549  0.0642179  0.0596943  0.0638407  0.0618595  0.0856928  0.0866944  0.0502092  0.0649508
 4  0.0427542  0.0408818  0.0366278  0.0326676  0.0352608  0.0323339  0.0408306  0.0420904  0.0413708  0.0408040  0.0430647  0.0488691  0.0430207  0.0382244  0.0350682  0.0350836  0.0363225  0.0362384  0.0338484  0.0297001  0.0371348  0.0411050  0.0337275  0.0308669  0.0349173  0.0359160  0.0367075
 1  0.1157815  0.0694723  0.0617966  0.0957522  0.0954415  0.1333067  0.1401981  0.0825871  0.0854172  0.1053392  0.1068352  0.0677654  0.0543150  0.0603379  0.0667183  0.1074877  0.1194961  0.0992356  0.1048020  0.1060883  0.1056205  0.0363259  0.0336225  0.0623479  0.0593341  0.0914107  0.0790364
 2  0.0229241  0.0132355  0.0119890  0.0190532  0.0191137  0.0270660  0.0290292  0.0173611  0.0180335  0.0229716  0.0196930  0.0116722  0.0101873  0.0128525  0.0163427  0.0271695  0.0282996  0.0219479  0.0223996  0.0218582  0.0217435  0.0074015  0.0072172  0.0134923  0.0120828  0.0172233  0.0153791
 3  0.1066490  0.0656598  0.0554975  0.0906591  0.0893435  0.0811693  0.0883878  0.0909332  0.0819611  0.0607174  0.0633475  0.0534354  0.0545275  0.0926092  0.0811700  0.0886954  0.0775654  0.0747732  0.0874350  0.0830393  0.0732175  0.0635411  0.0596251  0.0563808  0.0572033  0.0627400  0.0637340
 4  0.0440659  0.0386436  0.0361835  0.0363093  0.0396928  0.0360896  0.0346019  0.0343594  0.0328722  0.0426610  0.0490037  0.0411467  0.0342873  0.0295364  0.0303329  0.0378108  0.0385765  0.0362180  0.0376790  0.0367699  0.0339555  0.0364086  0.0345032  0.0421673  0.0421105  0.0413667  0.0347353
 1  0.1290325  0.0987184  0.0875374  0.0890993  0.0755205  0.1122113  0.0948167  0.1020995  0.1169191  0.1039259  0.1146750  0.1442360  0.1558086  0.0956566  0.0948275  0.1488589  0.1830165  0.1707161  0.1518306  0.0662682  0.0431512  0.0465738  0.0424817  0.1064227  0.1180413  0.1716754  0.2320139
 2  0.0246445  0.0180101  0.0163030  0.0160280  0.0129851  0.0189925  0.0174670  0.0213244  0.0275894  0.0251684  0.0266991  0.0317735  0.0309664  0.0186289  0.0199961  0.0341432  0.0423052  0.0337394  0.0256853  0.0097745  0.0070350  0.0085926  0.0083737  0.0230391  0.0279180  0.0436220  0.0598852
 3  0.1195162  0.0725208  0.0857881  0.0866145  0.0848771  0.0830984  0.0805667  0.0922582  0.0866812  0.0836777  0.0823720  0.0764767  0.0875561  0.0859034  0.0854856  0.0943795  0.0760590  0.0777126  0.0747390  0.0547883  0.0525873  0.0688961  0.0663751  0.0948137  0.0822504  0.0907986  0.0808372
 4  0.0458670  0.0424417  0.0405727  0.0448761  0.0458134  0.0395625  0.0354399  0.0309950  0.0312702  0.0353940  0.0363915  0.0379850  0.0386702  0.0354484  0.0308368  0.0334041  0.0385686  0.0445470  0.0540778  0.0445707  0.0415124  0.0402074  0.0360014  0.0356538  0.0308709  0.0329755  0.0301414
 1  0.1183230  0.0823829  0.0731377  0.1703347  0.1905634  0.1522421  0.1638518  0.1237451  0.1057348  0.0561106  0.0468468  0.1253413  0.1385329  0.1525621  0.1740313  0.0962453  0.0907505  0.1418179  0.1265601  0.1120431  0.0992910  0.1382863  0.1419093  0.1236117  0.1407627  0.0669066  0.0576246
 2  0.0224026  0.0152347  0.0139454  0.0343733  0.0386749  0.0307899  0.0333010  0.0225475  0.0183367  0.0098392  0.0088068  0.0259624  0.0317163  0.0359410  0.0366258  0.0190081  0.0179739  0.0268300  0.0211669  0.0193664  0.0187487  0.0270795  0.0294289  0.0276995  0.0302473  0.0129365  0.0110285
 3  0.1097152  0.0625051  0.0658883  0.0876908  0.0845118  0.0851147  0.0788112  0.0904791  0.0757447  0.0553952  0.0696050  0.0821583  0.0844754  0.0868505  0.0769859  0.0529912  0.0593817  0.0881479  0.0714119  0.0794799  0.0881781  0.0933320  0.0910669  0.0813870  0.0824064  0.0586512  0.0596769
 4  0.0420017  0.0427222  0.0359434  0.0361432  0.0343156  0.0359246  0.0386358  0.0446956  0.0429712  0.0419947  0.0381815  0.0310697  0.0355371  0.0360386  0.0373402  0.0351434  0.0374194  0.0446615  0.0421079  0.0390963  0.0377297  0.0392705  0.0378848  0.0349205  0.0445399  0.0392369  0.0368973
 1  0.1082802  0.1142389  0.1065270  0.0893067  0.0951364  0.1911679  0.2464199  0.1316736  0.1221733  0.0537839  0.0358450  0.0833063  0.0844861  0.2025061  0.2629889  0.2183723  0.2364946  0.0486594  0.0356714  0.1115163  0.1143768  0.3039205  0.3915177  0.1917591  0.1741608  0.1848756  0.1317631
 2  0.0206362  0.0212219  0.0202145  0.0180697  0.0205485  0.0439017  0.0576186  0.0268253  0.0222694  0.0083470  0.0059898  0.0160717  0.0185388  0.0488152  0.0641677  0.0482343  0.0411324  0.0077665  0.0062156  0.0217608  0.0244517  0.0668701  0.0788940  0.0347223  0.0264746  0.0269010  0.0204461
 3  0.1003378  0.0902530  0.0845970  0.0865613  0.0810283  0.0798064  0.0814318  0.0611616  0.0575832  0.0436322  0.0378748  0.0604107  0.0713204  0.0819619  0.0705008  0.0793823  0.0823296  0.0378772  0.0416581  0.0649322  0.0680448  0.0816952  0.0751875  0.0807000  0.0778752  0.0796322  0.0822605
 4  0.0383101  0.0405503  0.0345614  0.0343866  0.0302729  0.0277608  0.0373498  0.0399691  0.0482486  0.0385773  0.0379044  0.0291191  0.0318591  0.0344143  0.0301459  0.0410464  0.0444803  0.0411882  0.0370196  0.0345331  0.0333861  0.0359958  0.0381780  0.0487306  0.0490025  0.0432712  0.0411570
 1  0.1326288  0.1176636  0.1048485  0.1305216  0.1394183  0.1121087  0.0976976  0.1635326  0.1571501  0.1967490  0.2640453  0.0991431  0.0979052  0.1011391  0.0899399  0.0920327  0.0707443  0.1033090  0.0955999  0.1625880  0.1993329  0.1920750  0.2081511  0.1143499  0.1191279  0.0789420  0.0754834
 2  0.0249980  0.0212418  0.0193345  0.0256619  0.0284313  0.0212978  0.0164466  0.0285299  0.0302153  0.0424166  0.0578588  0.0206475  0.0199520  0.0196520  0.0153094  0.0155082  0.0112446  0.0181525  0.0194118  0.0368387  0.0456625  0.0408287  0.0421057  0.0230530  0.0247958  0.0163786  0.0157439
 3  0.1230205  0.0737249  0.0782761  0.0829771  0.0948833  0.0815931  0.0955794  0.0772900  0.0879336  0.1417534  0.1234400  0.0506874  0.0655540  0.0626589  0.0607576  0.0618076  0.0674411  0.0576531  0.0680379  0.0955116  0.0864888  0.0835109  0.0903832  0.0617350  0.0652808  0.0548325  0.0723243
 4  0.0462208  0.0370292  0.0346933  0.0354406  0.0394380  0.0478847  0.0432905  0.0388005  0.0310665  0.0279280  0.0344370  0.0347178  0.0393880  0.0447580  0.0476393  0.0475242  0.0436280  0.0403590  0.0341389  0.0397839  0.0405170  0.0379801  0.0378147  0.0370092  0.0337253  0.0361573  0.0368446
 1  0.1083181  0.1140063  0.1061041  0.0609446  0.0579841  0.0849287  0.0896224  0.1068724  0.1127334  0.0499184  0.0413356  0.0710682  0.0651837  0.0696278  0.0716614  0.0996189  0.1031780  0.0757735  0.0894069  0.0843763  0.0974306  0.0475382  0.0434437  0.0955384  0.0995057  0.1056860  0.0897803
 2  0.0208560  0.0213050  0.0202131  0.0119224  0.0117592  0.0180922  0.0191876  0.0234798  0.0207861  0.0087726  0.0079650  0.0138466  0.0133562  0.0152758  0.0162143  0.0219248  0.0229296  0.0180163  0.0223982  0.0214528  0.0251917  0.0105452  0.0089610  0.0200915  0.0221431  0.0208340  0.0171151
 3  0.1001866  0.0857399  0.0854977  0.0627358  0.0617031  0.0830274  0.0860394  0.0928276  0.0809962  0.0616723  0.0753117  0.0725954  0.0625369  0.0619321  0.0631123  0.0810455  0.0931318  0.0888754  0.0887657  0.0826780  0.0724252  0.0719394  0.0582343  0.0623266  0.0609876  0.0534764  0.0570710
 4  0.0388983  0.0398700  0.0409029  0.0378913  0.0367713  0.0363226  0.0342254  0.0431706  0.0446537  0.0398396  0.0392498  0.0393928  0.0354663  0.0367297  0.0397947  0.0354530  0.0344549  0.0321612  0.0323355  0.0327133  0.0317779  0.0388646  0.0378088  0.0340128  0.0403767  0.0439815  0.0399792
 1  0.1220607  0.3689111  0.4270637  0.2870568  0.3210263  0.2773345  0.2912163  0.1680507  0.1147079  0.0900081  0.0816302  0.1476625  0.1370662  0.1503850  0.1480575  0.1043415  0.1158678  0.1173406  0.1044088  0.2454434  0.2968317  0.1577198  0.0914514  0.1227314  0.1319595  0.1531638  0.1970581
 2  0.0234936  0.0679193  0.0741009  0.0495950  0.0569480  0.0481253  0.0511575  0.0248376  0.0180768  0.0158256  0.0154752  0.0280004  0.0252247  0.0280741  0.0289951  0.0225391  0.0238791  0.0219355  0.0198907  0.0490436  0.0618893  0.0222673  0.0140157  0.0222403  0.0280324  0.0373910  0.0498152
 3  0.1129126  0.0828460  0.0830314  0.0859499  0.0836492  0.0893314  0.0833668  0.0478238  0.0466106  0.0593902  0.0707663  0.0851605  0.0795980  0.0828353  0.0945345  0.0880842  0.0844945  0.0859809  0.0972797  0.0778621  0.0848940  0.0758108  0.0727882  0.0945699  0.1021719  0.0874016  0.0805421
 4  0.0437848  0.0408009  0.0358753  0.0341049  0.0338896  0.0352558  0.0382421  0.0433216  0.0387320  0.0358416  0.0408146  0.0410719  0.0388282  0.0371736  0.0359118  0.0344121  0.0424140  0.0445292  0.0389950  0.0329521  0.0532855  0.0489722  0.0378759  0.0354059  0.0305193  0.0312734  0.0345779
 1  0.1223909  0.0534962  0.0458598  0.0611726  0.0491218  0.1014134  0.1035310  0.1123847  0.1145069  0.1478466  0.1565878  0.2920539  0.4230276  0.4687111  0.8146283  0.2557407  0.1652439  0.0281460  0.0129474  0.0448833  0.0355465  0.0922049  0.0991032  0.1526191  0.1879063  0.1228161  0.1146883
 2  0.0234945  0.0099101  0.0087989  0.0109036  0.0091357  0.0201311  0.0206708  0.0230604  0.0241958  0.0311553  0.0328421  0.0647713  0.0969069  0.0974669  0.1468720  0.0297378  0.0153627  0.0031001  0.0018643  0.0073342  0.0066592  0.0196333  0.0234269  0.0387184  0.0396375  0.0233356  0.0226615
 3  0.1132614  0.0544499  0.0493891  0.0612575  0.0572505  0.0922264  0.0887609  0.0630087  0.0616994  0.0716020  0.0690839  0.0823833  0.0898254  0.1646262  0.2933433  0.9921368  0.0407039  0.0248712  0.0377003  0.0412713  0.0485051  0.0861424  0.0782637  0.0913819  0.0797505  0.0551847  0.0624985
 4  0.0441167  0.0392855  0.0434805  0.0435579  0.0391681  0.0407473  0.0386202  0.0364147  0.0376147  0.0367919  0.0394735  0.0340739  0.0309254  0.0443837  0.0637076  0.0959111  0.0596262  0.0443802  0.0430390  0.0390114  0.0371344  0.0343015  0.0325066  0.0430222  0.0447709  0.0380950  0.0378119
 1  0.1338174  0.0269737  0.0223172  0.0701200  0.0678499  0.0656652  0.0593279  0.0598567  0.0558142  0.0524954  0.0471572  0.0557094  0.0607887  0.0870094  0.1077513  0.0731136  0.0640998  0.1366426  0.1435476  0.1394079  0.1390993  0.1061200  0.0990618  0.1387345  0.1526314  0.2457784  0.3140873
 2  0.0253898  0.0049197  0.0042403  0.0139767  0.0139045  0.0132406  0.0114250  0.0121472  0.0098767  0.0096555  0.0094569  0.0122334  0.0149436  0.0237478  0.0289590  0.0154027  0.0129204  0.0278575  0.0298751  0.0285497  0.0293037  0.0213223  0.0193267  0.0288843  0.0333678  0.0552399  0.0683242
 3  0.1239903  0.0513404  0.0454871  0.0651943  0.0576708  0.0557228  0.0609960  0.0659933  0.0628908  0.0809955  0.0924357  0.0974497  0.0924229  0.0871843  0.0833428  0.0590017  0.0508173  0.0647084  0.0644882  0.0587680  0.0618646  0.0621133  0.0631349  0.0603020  0.0660945  0.0753450  0.0749309
 4  0.0476223  0.0414861  0.0351281  0.0393368  0.0387952  0.0367622  0.0387199  0.0440165  0.0438419  0.0405837  0.0383093  0.0365310  0.0291326  0.0337660  0.0441743  0.0412023  0.0372308  0.0364567  0.0355882  0.0380950  0.0418137  0.0394774  0.0368284  0.0352165  0.0365555  0.0348382  0.0325469
 1  0.1259169  0.0831957  0.0718324  0.0697967  0.0579242  0.0993689  0.1085712  0.1536252  0.1553262  0.1410328  0.1544269  0.2130634  0.2607859  0.1150964  0.1038753  0.1307501  0.1228477  0.2372487  0.2814216  0.2474001  0.2728553  0.1253850  0.0918723  0.1213391  0.1025097  0.1105982  0.0927763
 2  0.0239017  0.0150352  0.0134306  0.0124362  0.0109374  0.0207641  0.0232154  0.0314897  0.0310421  0.0288214  0.0330680  0.0474576  0.0541836  0.0216183  0.0194098  0.0242464  0.0239450  0.0489948  0.0539123  0.0464539  0.0516856  0.0206316  0.0142996  0.0205502  0.0173888  0.0188808  0.0176790
 3  0.1166749  0.0608937  0.0564013  0.0592004  0.0598250  0.0793221  0.0634638  0.0824472  0.0805396  0.0801728  0.0769450  0.0851747  0.0815596  0.0569681  0.0568707  0.0756771  0.0581208  0.0914433  0.0819435  0.0772156  0.0863177  0.0602954  0.0446416  0.0527453  0.0638127  0.0588733  0.0589119
 4  0.0437607  0.0416491  0.0396279  0.0434166  0.0351967  0.0379092  0.0385114  0.0419771  0.0379645  0.0348356  0.0309455  0.0340980  0.0385975  0.0396100  0.0408374  0.0371703  0.0346833  0.0385226  0.0370265  0.0364564  0.0393765  0.0442830  0.0425867  0.0398349  0.0479931  0.0402382  0.0344289
 1  0.1118120  0.1818013  0.1810203  0.1093785  0.1115084  0.1244322  0.1094259  0.1753209  0.1703816  0.1945935  0.1520617  0.1207883  0.1372218  0.2052769  0.2598704  0.2094631  0.2549361  0.1128736  0.1069398  0.0709122  0.0710818  0.0971732  0.0963806  0.0685722  0.0548589  0.0547954  0.0534005
 2  0.0220355  0.0345272  0.0340106  0.0213173  0.0216889  0.0224058  0.0203793  0.0330905  0.0282394  0.0298855  0.0259386  0.0238786  0.0292003  0.0465302  0.0610979  0.0469312  0.0533850  0.0218054  0.0213339  0.0146517  0.0154557  0.0209958  0.0207905  0.0127852  0.0102093  0.0110944  0.0111476
 3  0.1031050  0.0867717  0.0800564  0.0789414  0.0853516  0.0854397  0.0878277  0.0909426  0.0866356  0.0798976  0.0799657  0.0982177  0.0888790  0.0844252  0.0881944  0.0840897  0.0790307  0.0632269  0.0571613  0.0637418  0.0651851  0.0532429  0.0630510  0.0580936  0.0429117  0.0539122  0.0399493
 4  0.0419424  0.0384073  0.0356613  0.0369751  0.0396656  0.0399348  0.0415648  0.0475591  0.0543799  0.0473358  0.0374517  0.0356232  0.0349383  0.0328442  0.0328789  0.0358272  0.0352907  0.0353486  0.0357994  0.0320362  0.0369912  0.0331841  0.0428338  0.0423246  0.0331919  0.0370473  0.0371319
 1  0.1216805  0.1436062  0.1328701  0.1088100  0.1129375  0.1043456  0.1011095  0.0762448  0.0656939  0.1295545  0.1311979  0.2226135  0.2836500  0.2257260  0.2202815  0.1887617  0.1777856  0.0878778  0.0740446  0.1218818  0.1310131  0.1735025  0.1554454  0.1845156  0.1757652  0.2223578  0.2757603
 2  0.0233076  0.0264306  0.0247519  0.0212489  0.0226997  0.0213447  0.0186798  0.0138098  0.0120589  0.0250196  0.0268435  0.0484039  0.0647629  0.0443128  0.0397833  0.0331239  0.0311063  0.0152601  0.0135527  0.0248466  0.0266014  0.0325278  0.0272423  0.0322287  0.0324757  0.0448443  0.0592983
 3  0.1125661  0.0689965  0.0867821  0.0926951  0.0647084  0.0560247  0.0532799  0.0652712  0.0585771  0.0868064  0.0797138  0.0912818  0.0918202  0.0818755  0.0720359  0.0862175  0.0776735  0.0756018  0.0850746  0.0790850  0.0831357  0.0712063  0.0945539  0.0890877  0.0785252  0.0949851  0.0761074
 4  0.0435238  0.0401281  0.0377044  0.0362173  0.0324969  0.0390288  0.0429068  0.0428167  0.0379513  0.0349981  0.0335007  0.0342950  0.0369059  0.0403048  0.0391267  0.0410018  0.0383917  0.0377812  0.0341714  0.0347395  0.0403594  0.0410290  0.0463111  0.0409053  0.0348365  0.0366332  0.0413948
 1  0.1291358  0.0873879  0.0757097  0.0958019  0.0872911  0.1622634  0.1723754  0.2276645  0.2810056  0.2055903  0.2251554  0.1385007  0.0829119  0.1187869  0.1242147  0.1374681  0.1530573  0.0714698  0.0725002  0.0659419  0.0630424  0.1064329  0.1112239  0.0841659  0.0810720  0.1285918  0.1462740
 2  0.0246433  0.0158362  0.0141192  0.0178202  0.0168510  0.0323139  0.0352622  0.0487210  0.0581175  0.0410207  0.0415849  0.0192248  0.0131104  0.0218387  0.0257221  0.0306400  0.0335043  0.0153705  0.0156205  0.0138406  0.0134925  0.0232689  0.0241971  0.0176553  0.0175003  0.0290595  0.0314422
 3  0.1195893  0.0618470  0.0493812  0.0689412  0.0600814  0.0771375  0.0811284  0.0745081  0.0755872  0.0872965  0.0843077  0.0441183  0.0455890  0.0944180  0.0898424  0.0803666  0.0771674  0.0621343  0.0617382  0.0626897  0.0558571  0.0670176  0.0615583  0.0510721  0.0553649  0.0879046  0.0843754
 4  0.0454104  0.0408916  0.0383040  0.0396047  0.0385407  0.0354791  0.0325663  0.0296667  0.0372805  0.0395100  0.0510749  0.0456921  0.0396418  0.0342553  0.0347038  0.0377205  0.0345600  0.0361180  0.0352265  0.0374019  0.0353745  0.0319461  0.0377382  0.0348261  0.0324346  0.0357517  0.0359613
 1  0.1456978  0.1264619  0.1115124  0.1668601  0.1619469  0.1193102  0.1096531  0.1699152  0.1465294  0.1776409  0.2190763  0.1274785  0.1240940  0.0856584  0.0912716  0.1203632  0.1306350  0.0982328  0.1037361  0.0886938  0.0894592  0.0622642  0.0559068  0.0388683  0.0308286  0.0988727  0.1066511
 2  0.0272533  0.0224436  0.0201146  0.0302730  0.0301727  0.0228425  0.0169697  0.0273031  0.0265277  0.0366383  0.0499343  0.0270417  0.0253145  0.0178971  0.0199533  0.0268607  0.0288071  0.0216397  0.0222695  0.0188957  0.0193019  0.0131566  0.0098521  0.0067121  0.0059433  0.0210440  0.0250783
 3  0.1352938  0.0784738  0.0810798  0.0815877  0.0859742  0.0913358  0.0875530  0.0774453  0.0887815  0.0855961  0.0821425  0.0810994  0.0860816  0.0663290  0.0651884  0.0791371  0.0806856  0.0641938  0.0646894  0.0612251  0.0574833  0.0628330  0.0629268  0.0365917  0.0504689  0.0664698  0.0633892
 4  0.0503031  0.0380137  0.0415235  0.0406405  0.0374141  0.0501886  0.0477463  0.0398327  0.0332378  0.0316728  0.0338804  0.0386496  0.0371667  0.0339195  0.0348784  0.0361304  0.0358013  0.0329048  0.0365766  0.0345450  0.0370609  0.0434414  0.0458517  0.0407421  0.0346956  0.0323308  0.0415301
 1  0.1394635  0.1955862  0.1830405  0.1803013  0.1871340  0.1680929  0.1810727  0.1454949  0.1535190  0.0870597  0.0613351  0.0931851  0.0911262  0.0928387  0.0958426  0.0904393  0.0978638  0.0555996  0.0525328  0.0933178  0.0856402  0.1200395  0.1315262  0.1164366  0.1118289  0.1501498  0.1786003
 2  0.0258566  0.0346084  0.0325829  0.0332106  0.0348286  0.0322075  0.0372009  0.0302157  0.0297023  0.0140125  0.0104422  0.0177195  0.0177935  0.0193444  0.0219153  0.0213073  0.0215562  0.0120232  0.0097933  0.0174450  0.0165484  0.0251485  0.0287844  0.0242777  0.0231910  0.0325326  0.0418967
 3  0.1297000  0.0754262  0.0883119  0.0832702  0.0866835  0.0831608  0.0881563  0.0828910  0.0845615  0.0515200  0.0461374  0.0630908  0.0643078  0.0724261  0.0851552  0.0790573  0.0836449  0.0646596  0.0569785  0.0646811  0.0605878  0.0854620  0.0889919  0.0567170  0.0628388  0.0840585  0.0898499
 4  0.0471594  0.0393599  0.0365632  0.0409493  0.0371040  0.0324617  0.0309539  0.0341193  0.0451374  0.0423445  0.0362512  0.0375252  0.0377490  0.0308348  0.0322502  0.0327380  0.0372880  0.0425923  0.0413571  0.0406674  0.0344558  0.0348733  0.0382534  0.0371898  0.0341282  0.0317102  0.0300844
 1  0.1220500  0.1965221  0.1926565  0.1717632  0.1926848  0.1076018  0.0893544  0.1323223  0.1211640  0.1224080  0.1235722  0.1468080  0.1460828  0.2872672  0.3721326  0.3515389  0.2741915  0.1466070  0.1461756  0.2155070  0.2211521  0.1201980  0.1179679  0.1931760  0.2090441  0.0950842  0.0824718
 2  0.0232430  0.0360705  0.0352870  0.0335827  0.0372829  0.0188301  0.0162462  0.0242023  0.0219756  0.0238399  0.0251495  0.0293666  0.0287746  0.0586070  0.0783230  0.0551994  0.0425249  0.0256518  0.0278017  0.0410483  0.0423096  0.0230857  0.0227338  0.0389204  0.0379180  0.0166650  0.0160055
 3  0.1131263  0.0835337  0.0760863  0.0845017  0.0827632  0.0611653  0.0580931  0.0700219  0.0621598  0.0641985  0.0740223  0.0829838  0.0880506  0.0858859  0.0855422  0.0720090  0.0749003  0.0567957  0.0747808  0.0849579  0.0798687  0.0820309  0.0786101  0.0845374  0.0822787  0.0533056  0.0692532
 4  0.0431712  0.0392851  0.0346559  0.0369124  0.0435149  0.0421203  0.0382966  0.0425038  0.0376600  0.0339470  0.0409307  0.0367316  0.0401948  0.0326888  0.0420883  0.0398804  0.0397757  0.0350001  0.0376813  0.0399839  0.0383362  0.0357482  0.0349998  0.0380852  0.0433021  0.0380819  0.0365356
 1  0.1033990  0.1919849  0.1935373  0.1913177  0.1875298  0.1891832  0.1676603  0.0975589  0.1045748  0.0596611  0.0589466  0.0941933  0.1009115  0.0341852  0.0335901  0.1171503  0.1284957  0.1742140  0.2099651  0.1860343  0.1841006  0.1511775  0.1433308  0.1005511  0.0929992  0.0393710  0.0301835
 2  0.0201090  0.0364634  0.0366330  0.0352351  0.0333193  0.0317640  0.0295475  0.0190209  0.0230427  0.0134876  0.0129977  0.0210471  0.0218647  0.0075196  0.0072801  0.0261171  0.0289515  0.0399211  0.0463434  0.0367366  0.0336283  0.0276210  0.0267211  0.0195124  0.0166993  0.0067335  0.0055971
 3  0.0955240  0.0794210  0.0814633  0.0787293  0.0874233  0.0878469  0.0865763  0.0875012  0.0868297  0.0590447  0.0588854  0.0636142  0.0710301  0.0482068  0.0596924  0.0739351  0.0843191  0.0846964  0.0888411  0.0919957  0.0723088  0.0556915  0.0659843  0.0596162  0.0637896  0.0480173  0.0350831
 4  0.0379955  0.0389317  0.0415350  0.0401378  0.0404887  0.0418107  0.0354343  0.0324336  0.0331180  0.0342376  0.0356132  0.0334808  0.0384039  0.0387586  0.0371485  0.0311501  0.0310036  0.0327691  0.0390308  0.0381163  0.0389401  0.0374425  0.0367281  0.0398028  0.0442547  0.0405126  0.0381559
 1  0.1289827  0.1373227  0.1256431  0.0711568  0.0509524  0.0928565  0.1000662  0.1344362  0.0934927  0.1033930  0.0974609  0.1115140  0.1330685  0.1369587  0.1580070  0.1728973  0.1744095  0.1219545  0.0867969  0.1061455  0.1045101  0.1134640  0.1297366  0.1254500  0.1497159  0.1689101  0.2079684
 2  0.0254748  0.0256448  0.0234728  0.0114932  0.0087332  0.0183330  0.0226489  0.0236029  0.0149137  0.0183128  0.0191292  0.0248232  0.0336938  0.0349576  0.0355759  0.0342678  0.0333401  0.0193452  0.0140359  0.0192309  0.0211282  0.0245327  0.0290979  0.0289684  0.0356507  0.0403599  0.0464608
 3  0.1188967  0.0580584  0.0642990  0.0645464  0.0551175  0.0633273  0.0753337  0.0696656  0.0515990  0.0609700  0.0644263  0.0973734  0.0784659  0.0801198  0.0911109  0.0872571  0.0894297  0.0881255  0.0882110  0.0861264  0.0899489  0.1461870  0.1391239  0.0916129  0.0818240  0.0871904  0.0827567
 4  0.0485996  0.0378642  0.0499260  0.0462480  0.0397042  0.0327229  0.0543216  0.0534725  0.0436862  0.0385698  0.0352055  0.0360379  0.0324577  0.0402295  0.0459808  0.0412028  0.0519582  0.0507723  0.0468138  0.0368707  0.0368032  0.0357601  0.0320787  0.0332140  0.0308012  0.0336969  0.0407218
 1  0.1303734  0.1968530  0.1895043  0.3661416  0.4959406  0.2075680  0.1901557  0.1092310  0.0822350  0.0955974  0.0861095  0.1133427  0.1317673  0.1384917  0.1061529  0.1092558  0.0958074  0.1802103  0.2342947  0.2808013  0.1626474  0.1454411  0.1499240  0.2065973  0.2471674  0.1444157  0.1764643
 2  0.0246442  0.0358230  0.0345163  0.0684040  0.0923313  0.0360756  0.0269984  0.0165191  0.0135493  0.0169677  0.0169598  0.0252517  0.0320524  0.0267331  0.0162383  0.0181221  0.0183285  0.0399576  0.0569081  0.0404413  0.0232309  0.0247527  0.0303146  0.0449355  0.0544260  0.0329606  0.0390962
 3  0.1208495  0.0711567  0.0896321  0.1322336  0.1489924  0.0708625  0.0756570  0.0488853  0.0493717  0.0624770  0.0561826  0.0849179  0.0909339  0.0834616  0.0732926  0.0571687  0.0725884  0.0925606  0.0854515  0.0832465  0.0748069  0.0897253  0.0942643  0.0928037  0.0759941  0.0854575  0.0892647
 4  0.0458997  0.0420103  0.0401686  0.0324317  0.0288323  0.0452588  0.0435021  0.0390443  0.0342164  0.0371904  0.0308471  0.0289407  0.0434213  0.0517915  0.0457419  0.0377204  0.0346788  0.0306459  0.0611405  0.0592512  0.0442155  0.0351006  0.0329627  0.0400349  0.0343246  0.0332323  0.0345946
 1  0.1268093  0.1470103  0.1385158  0.1177737  0.1210000  0.1380703  0.1389159  0.1754500  0.2017089  0.0866739  0.0618437  0.0923470  0.0964462  0.1131111  0.1220562  0.1721798  0.1778517  0.1386864  0.1352182  0.2333338  0.2944741  0.1533615  0.1545443  0.1162913  0.0719754  0.1620568  0.1691480
 2  0.0247688  0.0274311  0.0257365  0.0228942  0.0239819  0.0271055  0.0278318  0.0368247  0.0410359  0.0142346  0.0107247  0.0180800  0.0204177  0.0253928  0.0265422  0.0356820  0.0324656  0.0254439  0.0271161  0.0502134  0.0634191  0.0308222  0.0296912  0.0170085  0.0113868  0.0295114  0.0343191
 3  0.1170336  0.0813748  0.0816147  0.0804491  0.0783491  0.0781352  0.0768200  0.0760088  0.0850231  0.0613808  0.0414058  0.0727599  0.0637111  0.0836492  0.0833430  0.0828690  0.0668558  0.0757940  0.0827726  0.0802227  0.0854629  0.0700667  0.0661123  0.0548522  0.0485543  0.0648498  0.0659997
 4  0.0472314  0.0425798  0.0380072  0.0334008  0.0339910  0.0360448  0.0307600  0.0355659  0.0440148  0.0425292  0.0358040  0.0384812  0.0341217  0.0360303  0.0375898  0.0412233  0.0363622  0.0343776  0.0328180  0.0358023  0.0371252  0.0429408  0.0531007  0.0442489  0.0383792  0.0344068  0.0397727
 1  0.1361934  0.1643699  0.1535896  0.1344512  0.1330749  0.1886491  0.1925602  0.1625643  0.1113177  0.1081550  0.1093704  0.0880753  0.0792250  0.0992195  0.1010841  0.1422320  0.1808712  0.2348373  0.2909490  0.0932733  0.0842954  0.1112711  0.1049680  0.2433347  0.1820399  0.1827380  0.1939580
 2  0.0264105  0.0301796  0.0279838  0.0251740  0.0264221  0.0366872  0.0362267  0.0245450  0.0175104  0.0194034  0.0226879  0.0180387  0.0146540  0.0192064  0.0211504  0.0332755  0.0455802  0.0574366  0.0588590  0.0173095  0.0149247  0.0205827  0.0200386  0.0381575  0.0296941  0.0330719  0.0371441
 3  0.1257440  0.0798635  0.0709256  0.0554468  0.0611675  0.0867392  0.0843799  0.0887520  0.0773735  0.0939024  0.0886019  0.0876246  0.0834725  0.0921820  0.0895543  0.0851294  0.0834333  0.0773296  0.0930294  0.0572440  0.0536754  0.0867775  0.0811797  0.0834198  0.0728328  0.0917968  0.0926758
 4  0.0501259  0.0397928  0.0375003  0.0380372  0.0356052  0.0385747  0.0481226  0.0487620  0.0433864  0.0355352  0.0389957  0.0433980  0.0433253  0.0396592  0.0315118  0.0305568  0.0311884  0.0373085  0.0391807  0.0373782  0.0379391  0.0360748  0.0486780  0.0496503  0.0392097  0.0371471  0.0397128
 1  0.1185326  0.1130652  0.1016553  0.0569152  0.0567661  0.1706910  0.2079606  0.1012303  0.0707297  0.1150725  0.1174098  0.1082644  0.1128571  0.1439335  0.1615432  0.2580894  0.3059905  0.1016227  0.0824425  0.1151012  0.1211783  0.1045557  0.1052634  0.1980348  0.2472675  0.2035929  0.1753690
 2  0.0227503  0.0208344  0.0191373  0.0112782  0.0123170  0.0397219  0.0447520  0.0164472  0.0117237  0.0214470  0.0230166  0.0225387  0.0239253  0.0312924  0.0345912  0.0552694  0.0540464  0.0165207  0.0151257  0.0231312  0.0248348  0.0213786  0.0224879  0.0442913  0.0524999  0.0359466  0.0306759
 3  0.1096772  0.0678279  0.0792000  0.0710061  0.0593389  0.0746295  0.0843824  0.0606107  0.0523126  0.0875221  0.0860764  0.0851739  0.0874704  0.0808269  0.0919253  0.0791911  0.0890414  0.0544278  0.0635877  0.0895880  0.0897443  0.0926713  0.0805562  0.0855303  0.0935595  0.0758687  0.0824620
 4  0.0422451  0.0345630  0.0377014  0.0362352  0.0316156  0.0351882  0.0474172  0.0501540  0.0364510  0.0367222  0.0376423  0.0399668  0.0395999  0.0339556  0.0385091  0.0372201  0.0465782  0.0426321  0.0379373  0.0367319  0.0399591  0.0388215  0.0329633  0.0341187  0.0453170  0.0413109  0.0350130
 1  0.1320631  0.0939170  0.0812035  0.0626815  0.0412445  0.0963056  0.0994647  0.0832549  0.0931885  0.1295661  0.1512401  0.1657682  0.1678828  0.1053125  0.0968428  0.1401388  0.1496346  0.1020921  0.0997952  0.0558441  0.0554877  0.0277011  0.0244194  0.0673405  0.0647346  0.1286259  0.1342468
 2  0.0255619  0.0171283  0.0151540  0.0096634  0.0069284  0.0184755  0.0214539  0.0197482  0.0217729  0.0300437  0.0354063  0.0353678  0.0320197  0.0194885  0.0189884  0.0287756  0.0319612  0.0210869  0.0203541  0.0118557  0.0112441  0.0055367  0.0051458  0.0142129  0.0135933  0.0271595  0.0294484
 3  0.1220465  0.0511115  0.0617029  0.0562846  0.0555589  0.0637013  0.0739026  0.0858440  0.0742045  0.0842316  0.0835561  0.0829952  0.0873176  0.0591353  0.0609516  0.0773673  0.0862109  0.0874420  0.0700675  0.0657462  0.0649932  0.0391928  0.0512140  0.0719296  0.0605095  0.0741043  0.0714909
 4  0.0476083  0.0383925  0.0498776  0.0463727  0.0398106  0.0320405  0.0369795  0.0355110  0.0380696  0.0338375  0.0377194  0.0408679  0.0449116  0.0412512  0.0360510  0.0320349  0.0390153  0.0381005  0.0319713  0.0385439  0.0427188  0.0337014  0.0407043  0.0413602  0.0410866  0.0358655  0.0378489
 1  0.1123856  0.0840909  0.0760658  0.1759580  0.2124239  0.3009385  0.3070988  0.1817463  0.1505711  0.1799058  0.1875526  0.0837349  0.0860936  0.1427337  0.1486100  0.2081227  0.2130758  0.1201901  0.1064514  0.1262627  0.1180418  0.1641700  0.1616899  0.1935511  0.2027079  0.2820890  0.3527065
 2  0.0216566  0.0157973  0.0146571  0.0367354  0.0471417  0.0602479  0.0454305  0.0282987  0.0242766  0.0321685  0.0374016  0.0178843  0.0178317  0.0288483  0.0303586  0.0403701  0.0390886  0.0213062  0.0202644  0.0239953  0.0233906  0.0321928  0.0316885  0.0377807  0.0404676  0.0579287  0.0736585
 3  0.1039106  0.0761761  0.0880384  0.0821841  0.0849313  0.0813792  0.0722504  0.0460256  0.0662697  0.0866733  0.0861003  0.0778605  0.0867251  0.0944560  0.0898769  0.0865673  0.0779322  0.0625749  0.0606360  0.0616281  0.0644814  0.0663334  0.0589503  0.0677841  0.0634751  0.0633993  0.0592858
 4  0.0408804  0.0378962  0.0359652  0.0298545  0.0345361  0.0520236  0.0451377  0.0400507  0.0418065  0.0399916  0.0340780  0.0333826  0.0397799  0.0399216  0.0373064  0.0410718  0.0405295  0.0398661  0.0421802  0.0382783  0.0387968  0.0374274  0.0400923  0.0389562  0.0372409  0.0347602  0.0389366
