2019 2020 2021 2022 2023 2024 2025 2026 2027 2028 2029 2030 2031 2032 2033 2034 2035 2036 2037 2038 2039 2040 2041 2042 2043 2044 2045
 0.3695097  0.2609537  0.2272491  0.2762598  0.2042988  0.2345887  0.2174559  0.3823967  0.4135600  0.4969740  0.6322940  0.3287879  0.3142637  0.3582789  0.3910705  0.6039550  0.6616118  0.3911373  0.4319100  0.1837716  0.1245349  0.1736665  0.1631715  0.3439739  0.2853063  0.4691001  0.5340164
 0.3576641  0.2635441  0.2358759  0.3371161  0.3393831  0.3380674  0.3141204  0.3290888  0.3283278  0.3043927  0.2937405  0.2191585  0.2077062  0.1876746  0.1882465  0.1966162  0.1991244  0.1860598  0.1801575  0.5897209  0.8236344  0.6858644  0.8748109  0.4527721  0.5375511  0.2383151  0.2108080
 0.3464490  0.3327869  0.3336812  0.3178670  0.2936044  0.5483190  0.6820791  0.3989543  0.3911005  0.2915279  0.2953217  0.4113070  0.3771425  0.2102135  0.2148597  0.3741911  0.3758185  0.3688843  0.3600622  0.3640281  0.3352410  0.5173714  0.6734995  0.3103406  0.2445296  0.2424766  0.2308810
 0.3476240  0.1669903  0.1548904  0.3006754  0.3197359  0.3103458  0.3370082  0.2052070  0.1968277  0.1465339  0.1552078  0.1855804  0.1749383  0.2070521  0.2303096  0.2323794  0.2478450  0.3271788  0.3728484  0.3224808  0.3259239  0.3452511  0.3375475  0.4001082  0.4864823  0.3770428  0.4196093
 0.3487996  0.2360361  0.2190527  0.2631221  0.2295821  0.3274583  0.3346696  0.6354721  0.7886553  0.8217277  1.2421826  0.4999849  0.4190876  0.1899996  0.1906423  0.4045561  0.4373552  0.5071510  0.5639702  0.2291922  0.2273334  0.4346028  0.5250074  0.7400094  1.4592340  0.5480240  0.2283225
 0.3394349  0.3831771  0.3719326  0.4300093  0.4374956  0.4371534  0.5277997  0.3308286  0.2618801  0.2689043  0.2567973  0.2335473  0.2379736  0.3254464  0.3352446  0.3612313  0.4087170  0.3126599  0.3433286  0.2033775  0.2134856  0.2411848  0.2194936  0.4105213  0.5077771  0.2116139  0.1914177
 0.3824709  0.3699841  0.3525215  0.2053090  0.1985719  0.2455225  0.2319980  0.2755005  0.2854316  0.3101710  0.3127128  0.2555488  0.1941083  0.1474451  0.1437809  0.4166362  0.4658111  0.3888395  0.3895262  0.1783232  0.1548705  0.2381577  0.2274034  0.3189588  0.3290459  0.2988910  0.3137402
 0.3701290  0.1250195  0.1115966  0.1151431  0.1200000  0.2393584  0.2605776  0.4417517  0.4221304  0.2630232  0.2483221  0.4720539  0.5586404  0.4114237  0.5030601  0.3543261  0.2566109  0.3100027  0.2698646  0.7588991  1.0071848  0.8498312  1.4324220  0.2709552  0.2678057  0.1920736  0.1594751
 0.3638768  0.3611800  0.3398264  0.5025769  0.5965266  0.4160043  0.4129387  0.1467454  0.1249338  0.2136039  0.1996089  0.3269446  0.3588723  0.3463382  0.3662357  0.2715327  0.3165261  0.2158209  0.2039116  0.2065915  0.2015003  0.1921969  0.2016894  0.2033592  0.1480874  0.1873277  0.1904810
 0.3850089  0.3872756  0.3619894  0.2956384  0.2471803  0.2417312  0.2554858  0.2862309  0.3023376  0.2958790  0.2906768  0.2372481  0.2733683  0.2668559  0.2360495  0.2509784  0.2200330  0.3481435  0.3527810  0.3629355  0.4453402  0.6736920  0.9323664  0.3004820  0.2767576  0.2220547  0.2200338
 0.3449682  0.1755640  0.1930231  0.2062519  0.2063897  0.2882572  0.2939125  0.2814943  0.2792905  0.3289215  0.3351032  0.3245205  0.2568813  0.3911796  0.3596618  0.3509624  0.3507246  0.3762680  0.4014463  0.2873193  0.2700223  0.3926565  0.4316113  0.3230935  0.3517904  0.4630929  0.5398350
 0.3868784  0.2547851  0.2422507  0.3119599  0.2997054  0.3969697  0.4270236  0.4580670  0.5630646  0.3493860  0.3192299  0.2113233  0.1695240  0.2516934  0.2467088  0.3960282  0.4768699  0.4912140  0.5455110  0.3176504  0.2873189  0.2712337  0.2826076  0.3702474  0.2893279  0.3967819  0.3860157
 0.4068006  0.3066340  0.2937083  0.1998786  0.2195315  0.1838157  0.1925492  0.1576230  0.1709244  0.3036360  0.3582457  0.4474385  0.4836098  0.4349514  0.4831538  0.2581177  0.2548797  0.3786280  0.3059964  0.2116148  0.2149154  0.2872550  0.3178561  0.6254532  0.7641377  0.3618346  0.2818030
 0.3868869  0.3415562  0.3125383  0.5567080  0.6644417  0.5986679  0.5090969  0.6247043  0.7175096  0.4992017  0.4702321  0.4235118  0.3668263  0.4384027  0.5113968  0.3837850  0.3377849  0.2035493  0.1921986  0.2262609  0.2015126  0.3990652  0.4874337  0.4182102  0.5361607  0.2896586  0.3016256
 0.4323681  0.3632151  0.3494002  0.3291822  0.2995465  0.2561882  0.2571220  0.2867111  0.3684914  0.5368915  0.4680209  0.1140517  0.0997210  0.2275241  0.2393316  0.2281397  0.2629642  0.3796717  0.4501502  0.4077231  0.3790015  0.2555846  0.2645065  0.1940338  0.1908515  0.2220541  0.1936592
 0.3936755  0.3024680  0.2900493  0.2081554  0.2161236  0.4181570  0.4177128  0.5050073  0.5254567  0.4873410  0.4215207  0.3555274  0.3679074  0.3952761  0.4275357  0.3361380  0.2757763  0.1974243  0.1760546  0.2643349  0.3037113  0.4771729  0.6709869  0.5516210  0.5532152  0.3856528  0.3476408
 0.3811711  0.3741240  0.3709445  0.2387534  0.2178927  0.2916102  0.2854143  0.2656480  0.2778079  0.2195792  0.2178942  0.2367062  0.2503471  0.2518464  0.1942638  0.3203398  0.3420492  0.4679147  0.4727429  0.4137545  0.4482377  0.6243064  0.9028415  0.4213774  0.4792688  0.2205172  0.2050419
 0.3180644  0.2578956  0.2346505  0.3187528  0.2869255  0.2830948  0.2708476  0.3896839  0.4412369  0.4453482  0.5307785  0.2758752  0.2725307  0.4158520  0.3947167  0.2821031  0.2481212  0.2678533  0.2729440  0.2841071  0.2342663  0.2022984  0.1918201  0.2709655  0.3230733  0.2696817  0.2211448
 0.3661831  0.3150364  0.2909301  0.8228147  1.3439967  0.8782815  0.4804203  0.3088188  0.2850876  0.2537739  0.2371947  0.1971826  0.2055097  0.3194612  0.3412192  0.2264932  0.2047525  0.2290980  0.2316179  0.1822858  0.1697933  0.2140705  0.2441748  0.2064945  0.1934901  0.2103961  0.1880991
 0.3672031  0.2813321  0.2663327  0.3621541  0.3343260  0.3187320  0.3114496  0.4152115  0.5748523  0.2198026  0.1542529  0.2062934  0.1969518  0.3238307  0.3064091  0.4994099  0.5754638  0.8551302  1.4128436  0.7538072  0.6070726  0.6950349  0.8214440  0.4539201  0.4724714  0.2762989  0.2440791
 0.3251653  0.2443701  0.2302782  0.2249446  0.2490235  0.1945144  0.1816417  0.2427729  0.2122435  0.1814305  0.1544617  0.2681270  0.2474073  0.3172060  0.3240821  0.4551366  0.5986921  0.6695754  1.0391676  0.4523953  0.3689641  0.1571432  0.1485504  0.2810805  0.3018908  0.2861363  0.2388915
 0.3393207  0.2681618  0.2395026  0.2389762  0.2329676  0.1990061  0.1948194  0.4103767  0.5018743  0.1695847  0.1638500  0.2181947  0.2073973  0.3343427  0.3863844  0.4211595  0.5115611  0.3850698  0.3480197  0.3144025  0.2928890  0.2540527  0.2255893  0.2020320  0.1894627  0.1978082  0.1943785
 0.3828618  0.2590152  0.2502967  0.4652016  0.4480868  1.1520088  2.4182231  0.7779687  0.6993024  0.7588286  0.7364212  1.3480890  2.1087297  0.8137973  0.5205593  0.4665293  0.4595305  0.2961496  0.3002302  0.2902210  0.2817548  0.1682599  0.1887077  0.3336959  0.3520786  0.3899477  0.4456173
 0.3563025  0.2997660  0.2894448  0.2441977  0.2710201  0.2858095  0.2743038  0.2208764  0.2208775  0.2467872  0.2464963  0.3363739  0.3895474  0.2863619  0.2566108  0.1955568  0.1993235  0.2223793  0.1701850  0.3710813  0.3744231  0.4344942  0.6352481  0.4002619  0.5083995  0.2843010  0.2628844
 0.3215713  0.2619076  0.2179030  0.3003364  0.2840111  0.3487243  0.3636687  0.6034838  0.8624770  0.3009291  0.2441737  0.1519915  0.1307948  0.2299396  0.2316212  0.3546904  0.3160582  0.3353045  0.3468832  0.4590434  0.5240197  0.3824069  0.2720225  0.3184304  0.3351535  0.2811424  0.3094137
 0.3346949  0.2089566  0.1851555  0.2054545  0.2144127  0.3841667  0.5150319  0.2582487  0.2315072  0.2287687  0.2081826  0.2024038  0.1648297  0.2315792  0.2214854  0.1985113  0.2202181  0.2371323  0.2393708  0.2288684  0.2438524  0.2433496  0.2264491  0.2565448  0.2833372  0.1476423  0.1623016
 0.3399655  0.2062505  0.1799876  0.2753520  0.2775980  0.3232945  0.3430566  0.2527090  0.2442114  0.2578695  0.2710052  0.1896568  0.1659049  0.2140432  0.2082006  0.2935197  0.3012603  0.2609713  0.2875954  0.2828803  0.2651946  0.1542346  0.1422898  0.1883613  0.1854380  0.2386791  0.2133917
 0.3825636  0.2623723  0.2599026  0.2677795  0.2442082  0.2907729  0.2584078  0.2799820  0.2964064  0.2785504  0.2962757  0.3390408  0.3742294  0.2678889  0.2598911  0.3649776  0.4073563  0.3932078  0.3573384  0.1838969  0.1537821  0.1783079  0.1653965  0.2972099  0.2929964  0.4014556  0.5005265
 0.3444544  0.2257852  0.2086856  0.3958885  0.4256614  0.3604665  0.3744593  0.3286140  0.2756114  0.1773042  0.1778176  0.3046205  0.3353986  0.3655151  0.3910827  0.2262971  0.2281823  0.3560157  0.2989550  0.2860550  0.2780917  0.3523980  0.3541577  0.3055727  0.3502053  0.1948249  0.1800668
 0.3101507  0.3085278  0.2815133  0.2573714  0.2543525  0.4130169  0.5387441  0.2988870  0.2839896  0.1508046  0.1241349  0.2081026  0.2262732  0.4475721  0.5465598  0.4835327  0.5129381  0.1423748  0.1278661  0.2632325  0.2709771  0.6631739  0.8732777  0.4349307  0.3814195  0.3914790  0.3168761
 0.3940070  0.2859503  0.2699731  0.3193169  0.3566171  0.3024531  0.2879954  0.3669920  0.3642942  0.5197911  0.6473037  0.2275970  0.2502492  0.2563018  0.2368117  0.2397000  0.2102012  0.2470453  0.2420713  0.3989670  0.4579067  0.4346496  0.4736611  0.2672911  0.2756479  0.2043793  0.2220201
 0.3111018  0.3013311  0.2901884  0.1895078  0.1827835  0.2483725  0.2577316  0.3034583  0.2984425  0.1735692  0.1772891  0.2184305  0.1925522  0.1990775  0.2072432  0.2689514  0.2887773  0.2354180  0.2564002  0.2421930  0.2478439  0.1835221  0.1594761  0.2359658  0.2459317  0.2529532  0.2275346
 0.3583571  0.8196806  0.9633182  0.6071679  0.6816624  0.5953012  0.6180198  0.3222798  0.2421503  0.2233932  0.2322904  0.3578893  0.3282420  0.3535793  0.3659380  0.2817247  0.3079746  0.3134722  0.3007527  0.5172521  0.6735807  0.3385245  0.2378984  0.3205033  0.3410622  0.3593978  0.4372651
 0.3597885  0.1701922  0.1575926  0.1936590  0.1672308  0.2915842  0.2883193  0.2655912  0.2687986  0.3362288  0.3509917  0.6328436  1.0067386  1.4824135        NaN        NaN  0.2276356  0.0886486  0.0952490  0.1409429  0.1360008  0.2609748  0.2589079  0.3793843  0.4323624  0.2729668  0.2695561
 0.3998546  0.1323828  0.1127825  0.2076278  0.1942220  0.1864828  0.1865385  0.1971594  0.1881006  0.2022018  0.2058900  0.2213550  0.2127526  0.2500506  0.2939644  0.2085090  0.1791230  0.3066273  0.3163512  0.3060615  0.3136741  0.2588576  0.2456115  0.3023766  0.3357537  0.5224746  0.6673857
 0.3698310  0.2229813  0.1982954  0.2035949  0.1783759  0.2672967  0.2627632  0.3684901  0.3621284  0.3331517  0.3462363  0.4710618  0.5681052  0.2645916  0.2483964  0.3110468  0.2724578  0.5336226  0.6047739  0.5216757  0.5947989  0.2826305  0.2095064  0.2643657  0.2607220  0.2582209  0.2269730
 0.3254748  0.4165857  0.4006465  0.2814455  0.2967563  0.3166825  0.2984068  0.4226589  0.4066991  0.4232166  0.3486714  0.3234199  0.3391421  0.4538533  0.5730329  0.4664350  0.5456039  0.2649437  0.2483625  0.1982265  0.2054303  0.2265833  0.2478602  0.1999468  0.1516778  0.1685087  0.1504832
 0.3566842  0.3261803  0.3305267  0.2982024  0.2634814  0.2464518  0.2422613  0.2193838  0.1907895  0.3221844  0.3141616  0.4996500  0.6368516  0.4968124  0.4617093  0.4271122  0.3906042  0.2425295  0.2311986  0.2986815  0.3275343  0.3812611  0.3880304  0.4239352  0.3869513  0.5054166  0.5933375
 0.3821883  0.2294964  0.1942092  0.2505527  0.2253363  0.3653605  0.3852851  0.4743222  0.5984124  0.4645468  0.5071753  0.2662846  0.1970118  0.3125763  0.3170940  0.3314414  0.3510746  0.2023594  0.2015974  0.1966267  0.1811423  0.2564355  0.2639402  0.2063738  0.2035276  0.3244772  0.3512417
 0.4417653  0.3067037  0.2916964  0.3835105  0.3777402  0.3286946  0.2932000  0.3729052  0.3486734  0.3987318  0.4770692  0.3187385  0.3169952  0.2253970  0.2332818  0.2999437  0.3192521  0.2412099  0.2550731  0.2248943  0.2241306  0.1967384  0.1892082  0.1302453  0.1290956  0.2434416  0.2605567
 0.4166687  0.4210169  0.4146330  0.4104785  0.4231925  0.3785776  0.4083160  0.3433512  0.3718517  0.2119648  0.1662826  0.2358391  0.2360240  0.2406637  0.2625097  0.2473574  0.2722151  0.1882097  0.1745772  0.2422719  0.2189571  0.3051464  0.3342482  0.2656532  0.2623785  0.3504258  0.4076116
 0.3574196  0.4376853  0.4126957  0.3931834  0.4380246  0.2594383  0.2241726  0.3119896  0.2776640  0.2786081  0.3034372  0.3492609  0.3597971  0.6212991  0.8513638  0.7153589  0.5552234  0.3052889  0.3354168  0.4792557  0.4789837  0.3013722  0.2924080  0.4343397  0.4643418  0.2261861  0.2268500
 0.2958877  0.4246791  0.4338837  0.4220512  0.4260358  0.4283123  0.3832480  0.2683583  0.2788330  0.1785675  0.1798405  0.2348798  0.2612519  0.1343577  0.1463850  0.2815908  0.3141433  0.3961122  0.4793909  0.4334164  0.3976595  0.3160529  0.3175653  0.2452773  0.2433958  0.1430986  0.1147408
 0.3865434  0.2986093  0.3019878  0.2101431  0.1669654  0.2303732  0.2778900  0.3244154  0.2227555  0.2491669  0.2418221  0.3082449  0.3136157  0.3352540  0.3965392  0.4076187  0.4246708  0.3200356  0.2648962  0.2846250  0.2879376  0.3815228  0.3955839  0.3218587  0.3460575  0.3923541  0.4684509
 0.3865238  0.4228846  0.4352494  0.9119944  1.4476040  0.4398751  0.3894587  0.2338866  0.1957951  0.2378369  0.2095860  0.2861062  0.3416406  0.3527897  0.2657184  0.2496289  0.2486829  0.4134959  0.5498012  0.5751669  0.3486970  0.3482791  0.3629311  0.4793615  0.5255462  0.3451031  0.4098037
 0.3777113  0.3531369  0.3330228  0.2922720  0.2959282  0.3264462  0.3191419  0.3872921  0.4602784  0.2248747  0.1614696  0.2485307  0.2383947  0.2934773  0.3111755  0.4001155  0.3752291  0.3197982  0.3233243  0.5041559  0.6489785  0.3505705  0.3557523  0.2511765  0.1835375  0.3425247  0.3655096
 0.4111556  0.3757532  0.3413112  0.2910258  0.2937900  0.4303675  0.4431110  0.3777259  0.2821288  0.2962821  0.2953811  0.2683485  0.2485374  0.2870208  0.2758139  0.3360543  0.4052703  0.5109430  0.6564600  0.2278442  0.2108918  0.2926183  0.2897740  0.5227118  0.3871734  0.4211403  0.4498810
 0.3455751  0.2686100  0.2705999  0.1918949  0.1712183  0.3777523  0.4790585  0.2525443  0.1859323  0.3004914  0.3052189  0.2925198  0.3037346  0.3385200  0.3918530  0.5550112  0.6800879  0.2392806  0.2209684  0.3044440  0.3203593  0.2960539  0.2732601  0.4423921  0.5717162  0.4385848  0.3892903
 0.3946370  0.2228390  0.2287873  0.1852487  0.1535436  0.2351109  0.2587675  0.2468323  0.2532511  0.3202455  0.3592758  0.3900301  0.4021791  0.2544336  0.2377377  0.3238839  0.3620489  0.2844327  0.2498681  0.1854538  0.1904893  0.1115717  0.1271080  0.2144984  0.1961196  0.3065999  0.3141157
 0.3255364  0.2399024  0.2411535  0.3895677  0.4692597  0.6759944  0.6110660  0.3444996  0.3294258  0.4122129  0.4206345  0.2358114  0.2604792  0.3633846  0.3627335  0.4699839  0.4610948  0.2786887  0.2587668  0.2872365  0.2784519  0.3557433  0.3440613  0.4113733  0.4190665  0.5734052  0.7359383
