2019 2020 2021 2022 2023 2024 2025 2026 2027 2028 2029 2030 2031 2032 2033 2034 2035 2036 2037 2038 2039 2040 2041 2042 2043 2044 2045
  25959.53   26051.37   27667.79   28470.55   41063.50   62065.08   69051.71   68285.50   55122.02   42159.51   32289.99   24955.75   24540.63   22572.51   20254.40   19947.48   17843.22   13780.44   13185.75   16029.77   23018.38   30400.37   34123.12   40692.29   44297.18   44135.42   35771.94
  26666.73   26817.68   28222.48   29061.43   26892.73   27413.10   30113.62   30756.18   31877.05   33983.92   33704.47   33407.63   34231.09   34647.49   36565.25   36180.97   42681.57   53838.90   57697.65   58277.03   41754.06   27414.26   21661.68   14297.26   13037.71   13053.96   16057.79
  27337.97   27563.26   27738.39   29774.33   32647.28   32533.15   26740.93   22813.56   23845.90   23234.26   22487.03   22576.53   23395.16   23533.74   26006.19   28568.46   27777.33   27898.64   27858.30   27785.29   25743.57   23028.94   19379.32   19499.73   27327.20   33707.38   35045.81
  27375.08   27902.26   31220.09   33969.00   32744.59   30259.64   28763.59   28215.26   34926.00   46112.47   53559.11   60399.78   65700.20   65366.51   61911.09   55605.48   51785.48   49260.50   43338.69   39314.42   42094.75   46762.85   44573.37   39054.38   31999.05   25575.34   22906.30
  27413.16   27422.00   29159.86   31092.35   35785.48   41769.74   43814.68   44881.56   38519.57   32389.92   23211.44   12387.51   17425.51   25413.69   32599.78   37240.10   32723.06   26609.96   25852.27   28591.36   31235.57   31463.92   26343.77   20161.54   13668.78    8873.48   12535.28
  27916.22   27932.99   27183.29   26894.30   25919.21   23597.42   21184.63   21754.71   28700.42   34631.66   34896.49   32497.11   31567.50   31667.27   30260.49   28110.70   24023.85   19838.76   19136.84   18516.52   21224.63   27835.85   32949.82   33912.35   30616.27   29918.28   34586.11
  25293.69   25675.19   25930.48   27345.75   30718.31   30941.80   28403.37   25850.63   22745.19   19745.43   16935.60   18458.85   24153.98   29448.03   32748.19   34277.87   28541.26   22111.45   25812.25   36611.80   47567.07   58756.08   65292.21   66674.30   58913.89   48728.91   40138.02
  26166.07   25622.66   29324.83   31846.89   32397.80   32133.71   33932.75   39358.52   42265.48   46998.79   51914.70   52762.14   42194.32   30590.54   25369.86   20502.96   31370.48   50104.03   56036.17   58773.42   44569.98   27995.53   18867.20   11773.99   15655.68   21741.78   33311.42
  26381.36   26438.13   26430.43   25715.72   22534.95   20374.93   21183.79   25436.82   39335.37   54859.12   61988.90   62766.65   55097.25   46425.07   37569.01   28731.92   23946.64   22197.91   23736.98   24384.81   26929.26   29911.07   30707.40   49168.91   81155.01  102745.59  107956.79
  25129.66   25193.12   25144.22   29264.98   34775.10   35057.46   32323.07   29377.85   26810.62   25047.90   24931.11   24950.82   24302.91   25905.92   31167.63   39323.65   47542.11   51758.56   46462.81   38366.89   30328.05   24033.80   17852.61   12620.09   16080.34   20407.55   22171.05
  27619.19   27734.69   30524.76   32293.19   34011.40   35189.57   36000.25   36919.80   33929.25   31086.13   28476.28   31344.90   39651.95   46064.26   47757.16   48910.86   45991.37   43724.15   41204.11   36160.96   33566.47   31045.68   28267.22   25726.40   23563.41   21379.54   19424.27
  24999.65   25065.38   26980.52   29671.68   30645.65   29388.64   25040.69   20400.07   17964.02   16380.69   20704.21   29800.29   43121.90   55855.83   58075.87   56061.20   45315.26   35811.76   31280.51   29078.18   34210.89   37286.24   39447.88   49797.40   59142.45   64870.50   63936.21
  23892.22   23434.10   24585.01   24326.76   28706.63   35518.79   39463.97   39724.56   37787.60   33678.37   27657.63   23261.62   20182.96   17876.03   16127.30   14928.45   15422.35   19668.69   26091.65   28880.76   30146.99   30078.74   27696.69   25770.51   22514.05   29489.70   42130.77
  24949.98   25151.37   25843.37   26025.97   22042.81   21160.38   24587.66   26832.63   23989.09   19931.10   23364.45   29360.01   32940.98   33255.57   29055.91   25068.45   28877.39   32750.08   42295.09   56434.06   61581.82   60457.73   46868.83   32956.24   26891.37   21627.59   20384.24
  22802.38   22249.88   22875.35   24804.92   29862.61   33760.64   33634.30   30520.25   25255.05   19660.01   17130.17   26005.03   41007.01   49258.80   48109.80   43235.09   37819.71   32559.11   26787.54   24905.73   25372.62   24800.33   24889.56   24840.07   27179.57   31810.78   37068.23
  24653.49   24614.47   25885.74   25816.00   27268.37   30402.44   30247.21   31054.58   29951.37   29680.10   33864.60   36480.35   35504.40   33486.61   31215.80   30199.23   45535.01   68162.11   80500.71   83348.63   72580.37   57926.90   42716.22   32163.35   32519.48   34899.70   42018.42
  25237.80   25258.33   25273.10   25658.20   29630.31   34003.62   34076.54   31959.02   30847.99   31298.40   32955.73   33441.42   34376.08   46201.20   60865.94   65125.01   56246.73   48981.29   45970.05   44306.79   38998.37   31850.00   23401.17   14642.70   15697.95   19298.84   22773.95
  29448.01   29880.41   31052.82   34635.09   36665.69   38831.61   42097.28   41624.00   34074.19   25999.34   23879.93   24453.63   25364.20   28052.73   29436.78   30775.17   35027.47   36547.65   36077.45   43557.57   53932.84   59727.49   61573.25   58302.02   48629.22   45220.38   49460.42
  26177.49   26590.86   27398.10   26852.27   16970.48    9819.98   11086.24   12986.08   15075.25   16309.40   19831.06   23954.56   24656.00   24729.48   24320.98   25062.03   27169.33   27633.82   27663.31   28701.18   29599.07   27907.00   24698.77   23685.64   25150.30   28375.02   32599.99
  26270.83   25684.57   26669.90   30079.91   35442.76   38822.17   36462.19   31181.34   25136.73   27134.78   38171.22   44579.45   45136.30   46265.45   47724.49   48997.11   40725.10   32500.76   22403.45   16302.47   19317.59   19512.28   16880.29   12647.93   13129.01   13650.53   17504.76
  29044.42   28804.22   29991.65   30323.49   30603.31   29760.40   30833.21   33982.50   39378.12   48746.28   55574.54   61755.72   61954.82   59366.73   52500.10   44322.35   32975.56   21724.74   16638.33   14461.52   19179.65   24711.52   28989.58   32239.97   32418.51   35709.57   43666.26
  27952.23   28601.36   29983.09   31002.02   33193.23   36228.59   37408.26   35855.13   30229.41   26130.87   31418.60   38314.19   40907.33   41092.76   35225.27   28823.08   23634.40   19631.86   19845.66   20648.97   23389.39   28922.12   34148.42   36300.22   35513.56   33828.16   32552.65
  25266.52   24941.75   26541.63   31000.09   33151.01   31711.61   24246.84   21736.03   22152.04   21177.20   22090.52   22694.70   17885.37   14132.59   24379.03   36728.20   38821.13   35476.59   35037.28   33368.29   31454.21   29721.76   32072.42   34451.62   31853.43   27534.18   24521.77
  26685.80   27043.85   27995.45   27760.52   26160.70   25303.43   26880.59   28165.91   29507.59   29921.89   28527.04   26133.62   24026.93   22702.14   27896.56   37815.57   51220.76   85933.94  129725.36  155808.40  136996.60  106140.97   74674.31   45171.04   35864.21   31900.09   35455.16
  29213.68   29706.20   30926.61   34015.37   35685.99   36518.43   34613.44   30370.37   21768.61   14752.96   17382.39   23548.24   31236.60   36754.08   36276.95   37561.44   40266.00   41501.06   38696.52   35327.30   29247.52   35538.65   51131.47   55183.58   49326.74   41356.45   36086.28
  28456.26   28346.14   30388.06   32348.38   32207.52   29582.51   23685.99   20487.66   22779.46   26443.03   30424.83   38254.68   48957.80   55524.63   55557.22   54090.13   51054.51   46472.94   40940.82   36538.51   33443.93   32447.61   32486.10   30276.06   28412.01   27790.20   28337.87
  27992.40   27615.38   29617.73   31823.72   32098.19   32216.47   30599.56   28119.78   27710.39   26874.76   29969.81   37588.72   43145.55   44182.68   39788.69   36237.38   33383.40   30194.50   28316.28   27373.03   27175.17   27592.65   29074.83   30432.45   33395.08   39354.67   42762.42
  25257.70   25172.50   26878.35   30299.90   37219.08   47364.68   52784.40   51345.80   44854.87   38969.91   35909.03   32904.48   31294.03   30493.95   29319.95   26493.27   22157.78   21029.79   24424.36   33845.35   47149.52   56141.49   63032.02   67358.68   59160.97   49263.25   36357.29
  27373.46   27647.46   29707.16   30779.01   27711.73   25005.44   23403.37   24355.84   28796.69   33895.80   39717.97   42214.57   37463.05   32038.56   29573.16   28546.46   29775.66   32948.95   39227.31   47764.18   50837.40   52367.75   49900.36   43409.06   40619.14   41402.14   46977.64
  30096.56   30971.34   31288.67   30345.65   28373.87   25700.87   20166.85   16357.19   18345.46   24652.80   34236.59   39570.68   38770.09   35982.84   27781.26   21269.26   21291.56   24753.53   31788.07   36721.35   35697.35   34317.55   26823.62   20452.29   25439.90   37522.21   49241.63
  24580.27   24581.66   26025.93   26256.69   24776.26   25171.19   31318.37   37703.16   36816.99   31952.58   24514.38   18807.72   19484.34   20667.92   25347.95   33030.71   44777.86   56317.58   56895.24   53185.30   44915.25   38705.27   35130.02   29897.59   28899.37   28724.21   30250.41
  30138.69   30885.72   31226.27   31264.60   33208.37   34230.76   33423.91   31873.63   34144.41   41137.35   46089.17   51201.91   55000.04   55246.52   54901.48   54477.93   51064.16   44161.92   37620.81   32140.33   27564.97   25785.59   27483.30   28320.14   26789.43   28229.58   32107.19
  26759.69   26880.70   21190.65   15901.18   14278.45   12976.47   12589.01   14792.23   20661.13   24439.06   27305.28   31001.54   33624.84   36222.13   35352.48   30978.60   30453.71   34111.73   36064.61   35375.06   28503.45   32085.26   47897.37   53843.76   48429.10   39412.27   31969.13
  26581.09   26545.55   29532.20   36434.16   43517.91   47610.38   48177.03   48305.40   47267.81   46758.02   43490.69   37995.13   25437.68   14030.67    7745.69    2761.60    6260.00   17250.43   30521.45   43174.91   52917.79   57914.51   53401.74   46340.20   41406.61   41564.59   41570.44
  24226.29   23885.80   27658.66   31307.18   32653.09   35329.04   40537.31   43958.67   53049.02   65708.16   69402.39   68819.04   62218.37   52666.38   45019.28   42791.02   45735.43   47208.50   44735.06   43417.46   42381.55   41615.63   44488.87   44689.76   40499.31   35808.84   27915.33
  26100.86   26523.31   28922.84   34439.11   39961.67   41181.99   39552.28   40740.74   39635.47   37079.48   33105.55   28669.57   24514.53   22113.70   24179.20   26991.73   27798.35   27435.55   24289.76   21682.21   19217.51   19435.88   27347.25   35662.12   43554.82   54610.30   60417.94
  29053.97   29015.13   27362.08   25240.86   25709.62   29276.39   32048.63   33536.64   38247.18   50815.92   58003.05   55165.35   50264.47   45180.76   35131.96   25373.50   20956.59   17908.07   18542.18   18235.39   18388.90   18664.15   18738.44   20862.38   24769.19   26837.05   28431.89
  26783.24   26992.21   27465.88   26692.67   26011.61   26195.04   29807.67   35629.39   41015.04   46232.29   44692.05   41141.66   31510.07   24368.50   24768.13   25261.34   26881.32   29650.36   34553.25   36030.36   35225.43   38239.39   42655.31   47173.41   47013.57   43208.09   34433.67
  25371.65   25493.70   27761.79   31558.87   34151.37   36024.56   33822.95   29531.93   24732.10   20389.90   19344.83   26671.52   38177.48   43307.18   41151.26   37302.20   34818.07   32401.57   31552.49   32327.64   33322.99   33681.13   32499.87   31928.96   32273.13   30994.97   28264.29
  22355.18   22021.23   23579.83   25719.32   26207.47   25761.30   33988.66   47061.90   49409.04   45205.23   36802.92   30932.00   31601.62   29062.71   27514.80   26327.17   24563.68   22483.24   21553.53   21016.87   20783.07   21014.49   26038.21   34070.53   39583.52   42000.14   38765.00
  23426.02   23556.33   23530.00   22979.55   22583.92   21773.16   19814.99   17295.68   17566.92   21750.79   28567.65   32287.75   34532.69   36226.68   33924.71   30534.65   29259.07   28188.69   32701.60   39132.89   41474.47   42624.39   39040.27   37194.74   38098.97   35696.35   29270.01
  26696.18   26881.07   25660.28   23346.63   21747.70   23389.84   27327.55   31271.16   34969.54   36945.77   36900.20   37495.19   37261.63   35284.60   26022.62   22260.37   26458.78   25684.19   26216.84   27296.48   26193.07   24305.35   24973.93   25012.70   25089.78   27158.28   29150.24
  31453.20   32108.03   29858.46   28732.03   30096.60   34033.70   36825.65   35053.00   32417.41   29803.44   31214.90   31350.67   29755.03   28056.51   29566.29   31077.53   27943.22   24324.22   20543.54   18276.98   18513.92   18988.31   20033.26   20573.39   24175.54   31043.23   37879.39
  25152.40   24404.06   25293.26   31509.39   41311.87   44948.04   41591.12   48849.93   67906.82   81832.23   83593.28   79181.50   65809.83   55313.92   49239.57   45671.99   43926.93   51032.37   67717.53   77031.62   76216.74   72131.94   62591.88   51809.69   42866.83   34539.36   28959.30
  24973.46   24934.25   24303.37   23033.83   16079.66    9094.57   12960.07   18961.50   24453.27   30147.72   32529.91   31920.58   27766.75   27877.48   38486.02   49660.69   52022.35   48416.81   37861.28   45923.23   67946.07   77238.28   70612.74   61615.89   51979.53   39827.57   33533.64
  25543.06   25011.68   25135.08   24544.93   24304.07   24979.21   24678.64   22997.57   20947.21   23523.43   30230.85   33216.65   32369.92   31368.99   30061.29   29703.67   29734.81   31414.34   30411.60   27493.06   22159.50   17307.67   17552.72   24086.04   34609.84   40509.85   38169.31
  23836.90   23187.76   23413.80   23699.63   23604.35   24178.19   24123.02   30318.62   40851.84   45791.85   43590.02   43072.10   50655.11   56351.65   52697.60   45879.56   36723.69   29434.11   24985.59   21303.24   24623.68   29035.07   30612.81   40959.58   48837.83   49868.30   47301.91
  27623.98   28026.18   29340.50   29345.62   28885.77   27627.05   24443.42   27595.57   36434.51   41323.49   41434.77   40948.86   39776.72   37703.17   33678.60   29542.09   27602.83   29182.70   32878.11   33929.64   33620.01   33526.57   32340.49   29143.13   24300.78   23393.65   25555.04
  24735.90   24440.86   26730.77   37178.22   51374.68   57805.69   56007.41   50597.37   47559.76   45311.40   37206.29   32517.69   32720.38   33257.78   34949.82   35170.71   32847.84   30944.82   31276.83   30383.65   32536.13   36475.84   40063.23   43863.27   45464.98   47177.00   43770.60
  28855.99   29131.48   30583.83   29766.57   24205.01   20974.98   24329.86   29630.04   35732.79   40334.08   37077.40   31949.54   33269.83   34732.87   32578.96   31420.86   31004.48   31941.15   34497.83   36977.69   38819.93   40378.71   40466.43   40047.91   37210.43   33060.10   25736.02
