FL 2019 2020 2021 2022 2023 2024 2025 2026 2027 2028 2029 2030 2031 2032 2033 2034 2035 2036 2037 2038 2039 2040 2041 2042 2043 2044 2045
 1    4109.00    3559.25    3559.25    3750.05    3750.05    7431.73    7431.73   14149.21   14149.21   12249.47   12249.47    4881.03    4881.03    5331.48    5331.48    6889.81    6889.81    3529.22    3529.22    1088.93    1088.93    2210.67    2210.67    6282.74    6282.74   12060.05   12060.05
 2     783.00     677.95     677.95     714.30     714.30    1415.57    1415.57    2695.09    2695.09    2333.23    2333.23     929.72     929.72    1015.52    1015.52    1312.34    1312.34     672.23     672.23     207.42     207.42     421.08     421.08    1196.71    1196.71    2297.15    2297.15
 3    3537.00    2015.96    2155.50    2847.63    2422.44    3847.33    6367.52    9884.02    6801.14    5698.70    3725.06    1932.31    1958.63    2030.30    1519.57    2257.77    2257.77    1411.85    1162.74     999.60     925.63    1775.87    2317.03    4462.12    4171.62    5421.91    4482.60
 4    1379.00    1668.34    1337.33    2308.18    3155.68    4554.38    3013.40    2523.30    1441.18    1395.93    1125.58    1250.41    1055.15     884.24     804.08    1085.36    1085.36     699.17     849.70    1291.52    1385.53    1856.00    1605.52    2441.80    2058.57    1826.41    1135.84
 1    4109.00    3542.15    3542.15    5859.55    5859.55    5148.99    5148.99    5406.32    5406.32    5404.48    5404.48    2909.21    2909.21    3044.12    3044.12    2826.98    2826.98    4392.70    4392.70   20928.60   20928.60   11876.17   11876.17    4509.12    4509.12    1697.39    1697.39
 2     783.00     674.70     674.70    1116.10    1116.10     980.76     980.76    1029.78    1029.78    1029.42    1029.42     554.14     554.14     579.83     579.83     538.47     538.47     836.70     836.70    3986.40    3986.40    2262.13    2262.13     858.88     858.88     323.31     323.31
 3    3537.00    2524.56    2656.37    3397.73    2778.60    2883.15    2976.61    3644.71    3413.95    3601.91    3712.88    3518.71    3462.10    2452.57    2748.39    3199.01    3155.82    3441.37    4640.98    7181.25    4913.86    2899.89    2508.08    1670.98    1670.98     962.29    1191.12
 4    1379.00    1433.40    1260.97    1284.91    1153.07    1356.33    1584.68    1506.49    1685.36    1493.68    1233.66    1357.87    1238.11    1332.27    1335.91    1503.87    2649.38    2604.01    2279.49    1828.96    1365.88    1137.06     895.60     614.71     614.71     777.51     854.01
 1    4109.00    5205.35    5205.35    5331.94    5331.94   11863.24   11863.24    5907.13    5907.13    4214.83    4214.83    5240.00    5240.00    2527.60    2527.60    6171.40    6171.40    6093.32    6093.32    5042.27    5042.27    7656.26    7656.26    3352.27    3352.27    4780.78    4780.78
 2     783.00     991.50     991.50    1015.61    1015.61    2259.66    2259.66    1125.17    1125.17     802.82     802.82     998.10     998.10     481.45     481.45    1175.50    1175.50    1160.63    1160.63     960.43     960.43    1458.34    1458.34     638.53     638.53     910.62     910.62
 3    3537.00    2780.20    3107.60    3145.32    3487.98    3949.49    3031.93    1987.89    2355.03    2006.34    1892.08    2577.63    2054.39    1773.43    2199.50    2981.16    2668.07    2685.44    2443.26    3786.94    2946.03    2595.26    2283.36    1246.69    1809.22    2351.92    2879.26
 4    1379.00    1322.79    1628.55    1598.86    1564.71    1337.96    1201.87    1127.15    1101.45    1016.92     897.60    1039.99    1078.10    1097.03    1195.14    1208.27    1163.54    1199.48    1248.72    1268.59     894.03     803.03    1041.53    1546.86    2021.34    1628.34    1156.51
 1    4109.00    1691.38    1691.38    6536.38    6536.38    5518.59    5518.59    2741.51    2741.51    2491.10    2491.10    4218.06    4218.06    5077.84    5077.84    6451.37    6451.37    9811.96    9811.96    7079.69    7079.69   10049.42   10049.42    9874.79    9874.79    6061.44    6061.44
 2     783.00     322.17     322.17    1245.02    1245.02    1051.16    1051.16     522.19     522.19     474.50     474.50     803.44     803.44     967.21     967.21    1228.83    1228.83    1868.94    1868.94    1348.51    1348.51    1914.18    1914.18    1880.91    1880.91    1154.56    1154.56
 3    3537.00    2059.57    2449.85    2867.15    3036.17    3323.10    3101.68    2010.60    2348.21    2593.96    4316.79    4991.98    5479.59    7228.62    7633.60    4816.81    4245.72    3779.60    3608.36    3656.79    3623.94    3333.48    3590.39    4475.97    3743.36    2436.06    2246.69
 4    1379.00    1544.28    1542.28    1486.76    1425.57    1119.62    1170.43    1492.47    2256.02    2391.84    2518.60    2588.54    2405.64    2003.71    1970.31    1724.72    1802.73    1694.01    1729.70    1661.87    2396.64    2347.22    1666.79    1203.32     955.26     874.30     892.19
 1    4109.00    3185.03    3185.03    4293.83    4293.83    8858.85    8858.85   18459.21   18459.21   17651.63   17651.63    4076.23    4076.23    2649.11    2649.11    9120.34    9120.34    8672.20    8672.20    3816.12    3816.12    8861.16    8861.16    9635.47    9635.47    1659.97    1659.97
 2     783.00     606.67     606.67     817.87     817.87    1687.40    1687.40    3516.04    3516.04    3362.22    3362.22     776.42     776.42     504.59     504.59    1737.21    1737.21    1651.85    1651.85     726.88     726.88    1687.84    1687.84    1835.33    1835.33     316.18     316.18
 3    3537.00    2314.14    2504.00    2940.24    2522.05    2986.78    3665.87    4538.21    3947.47    2921.19    3024.78    1930.92    1570.18    1400.04    2628.43    4332.25    3707.90    2864.76    1840.28    1582.33    2648.87    3352.26    3044.43    2330.91    2330.91    2330.91     613.01
 4    1379.00    1420.62    1502.83    1788.52    2015.94    2066.50    2214.60    1824.76    2090.26    1446.37     993.87     904.54    1685.19    1590.37    1862.72    1472.32    1151.89    1095.62    1461.88    1580.39    1387.42    1043.58     822.40     596.97     596.97     596.97    1040.22
 1    4109.00    6033.26    6033.26    7618.84    7618.84    7079.69    7079.69    4257.33    4257.33    5481.63    5481.63    3408.64    3408.64    5309.77    5309.77    6180.17    6180.17    3717.25    3717.25    1883.11    1883.11    3633.17    3633.17    8830.21    8830.21    2919.84    2919.84
 2     783.00    1149.19    1149.19    1451.21    1451.21    1348.51    1348.51     810.92     810.92    1044.12    1044.12     649.26     649.26    1011.38    1011.38    1177.18    1177.18     708.05     708.05     358.69     358.69     692.03     692.03    1681.94    1681.94     556.16     556.16
 3    3537.00    2985.30    3030.18    2924.10    2742.18    2530.64    2626.68    1569.87    1779.10    2734.05    3022.40    3874.93    3245.39    3371.13    3282.14    2870.26    2784.32    1879.10    1904.43    1287.16    1609.56    1512.10    2510.58    3569.40    3639.19    2147.34    2749.10
 4    1379.00    1508.99    1518.16    1312.08    1202.53    1040.22    1065.56    1462.79    1844.92    1635.49    1196.20     989.78    1045.07    1245.14    1225.55     926.74     720.36     690.48     735.72     837.48    1269.07    1630.89    1533.37    1183.96    1497.09    1544.17    1464.27
 1    4109.00    5621.15    5621.15    3102.33    3102.33    3607.30    3607.30    3437.74    3437.74    3013.16    3013.16    2188.96    2188.96    2061.44    2061.44    8649.56    8649.56    4850.08    4850.08    2722.10    2722.10    4836.68    4836.68   11185.48   11185.48    7381.37    7381.37
 2     783.00    1070.70    1070.70     590.92     590.92     687.10     687.10     654.81     654.81     573.94     573.94     416.94     416.94     392.66     392.66    1647.54    1647.54     923.82     923.82     518.50     518.50     921.27     921.27    2130.57    2130.57    1405.98    1405.98
 3    3537.00    2460.44    2761.44    1989.11    2540.12    4017.50    2903.33    3399.74    2524.74    2524.74    1543.55    1257.93    1333.50    1403.37    2068.50    3773.55    2732.42    2455.63    2093.71    1967.12    3161.29    6758.41    7748.75    7884.10    6409.50    6060.56    4269.98
 4    1379.00    1443.85    1454.16    1444.94    1411.17    1023.00     770.46     700.21     683.48     683.48     698.09    1248.04    1488.80    1357.83    1085.14     977.57     734.64    1026.10    2160.21    2766.55    2585.30    3235.87    3056.64    2310.61    1671.25    1395.00     948.23
 1    4109.00     949.87     949.87    1322.24    1322.24    4078.54    4078.54   11104.63   11104.63    7290.82    7290.82   15669.19   15669.19    8333.09    8333.09    3638.71    3638.71    9404.93    9404.93   23796.70   23796.70   13901.12   13901.12    2274.43    2274.43    2019.86    2019.86
 2     783.00     180.93     180.93     251.86     251.86     776.86     776.86    2115.17    2115.17    1388.73    1388.73    2984.61    2984.61    1587.26    1587.26     693.09     693.09    1791.42    1791.42    4532.70    4532.70    2647.83    2647.83     433.22     433.22     384.74     384.74
 3    3537.00    1426.74    1523.98    1893.11    2189.42    2818.03    2664.19    2543.96    2979.25    3188.10    4106.67    6113.37    4723.75    3151.72    2718.75    2406.73    1936.00    2788.89    4380.53   10930.94    8769.98    6172.10    4381.19     698.57    1286.34    1220.00    1865.92
 4    1379.00    1323.58    1399.96    1104.47    1009.86    1212.77    1902.11    2019.02    2578.69    2424.54    2336.17    1865.10    1247.29     927.82     866.55    1394.75    3111.40    3651.29    2654.17    2451.71    1776.49    1034.43     856.60     877.70    1325.89    1679.82    2360.52
 1    4109.00    5379.53    5379.53    9198.42    9198.42    6023.56    6023.56    1531.53    1531.53    5842.45    5842.45   11155.91   11155.91    8690.22    8690.22    4639.87    4639.87    2253.17    2253.17    2199.12    2199.12    2620.46    2620.46    3675.67    3675.67    8879.64    8879.64
 2     783.00    1024.67    1024.67    1752.08    1752.08    1147.34    1147.34     291.72     291.72    1112.85    1112.85    2124.94    2124.94    1655.28    1655.28     883.78     883.78     429.18     429.18     418.88     418.88     499.14     499.14     700.13     700.13    1691.36    1691.36
 3    3537.00    2707.68    2862.73    2728.44    2513.35    1549.76    1504.31    1186.17    1589.01    3756.41    5153.03    7438.71    6453.65    5631.39    3859.99    2601.93    2015.37    1575.49    1795.68    2079.86    2091.98    2155.60    2256.78    2694.24    4262.58    7555.81    9708.64
 4    1379.00    1492.58    1376.49    1109.37    1151.95    1061.64    1333.75    1785.95    2953.92    2918.66    2446.64    2163.87    1676.12    1404.85     895.87     757.37     813.38     955.59     991.07    1061.90    1322.68    1228.33    1744.81    4739.97    6328.95    4828.37    3945.49
 1    4109.00    5736.19    5736.19    4340.95    4340.95    4280.43    4280.43    4562.71    4562.71    3753.29    3753.29    3330.56    3330.56    3573.57    3573.57    4850.08    4850.08    9988.90    9988.90    8527.13    8527.13    9951.02    9951.02    2566.87    2566.87    2669.90    2669.90
 2     783.00    1092.61    1092.61     826.85     826.85     815.32     815.32     869.09     869.09     714.91     714.91     634.39     634.39     680.68     680.68     923.82     923.82    1902.65    1902.65    1624.22    1624.22    1895.43    1895.43     488.93     488.93     508.55     508.55
 3    3537.00    2527.61    2390.02    3041.59    3623.34    4313.84    4007.70    3151.15    2729.20    2555.03    2366.69    1905.28    2558.30    1953.14    2053.04    2746.53    3649.39    5969.77    5206.34    4487.70    3351.88    2458.58    1812.14     754.98    1025.51    1232.27    1790.91
 4    1379.00    1395.90    1598.29    1968.28    1652.57    1164.52     928.83     932.86     828.13    1035.95    1095.30     955.09    1052.79    1234.13    1909.46    2527.71    2530.86    2050.00    1355.44     976.54     817.52     848.00     730.72     745.04    1038.22     999.94     942.12
 1    4109.00    2409.79    2409.79    3446.52    3446.52    5347.19    5347.19    6325.70    6325.70    5508.89    5508.89    4841.30    4841.30    9989.83    9989.83    9324.55    9324.55    9362.89    9362.89    5115.26    5115.26    7320.39    7320.39    4917.99    4917.99    6039.26    6039.26
 2     783.00     459.01     459.01     656.48     656.48    1018.51    1018.51    1204.90    1204.90    1049.31    1049.31     922.15     922.15    1902.82    1902.82    1776.10    1776.10    1783.41    1783.41     974.34     974.34    1394.36    1394.36     936.76     936.76    1150.34    1150.34
 3    3537.00    1607.56    2790.46    2601.77    2914.92    3884.87    3766.91    2963.91    2586.47    3607.34    2687.97    2847.35    3306.65    5138.25    4612.68    5757.26    5168.95    4681.49    4920.49    4451.35    3385.32    3395.96    2875.30    2490.30    2644.64    2359.46    2028.55
 4    1379.00    1369.49    1523.62    1457.83    1400.88    1449.36    1573.59    1356.25    1033.19    1073.02    1157.89    2000.15    2274.76    2546.27    2380.36    2133.38    1931.72    1855.83    1752.89    1384.87    1022.05    1080.14    1107.01     980.02     849.89     928.43    1413.61
 1    4109.00    3878.03    3878.03    5856.31    5856.31    7175.32    7175.32    6219.44    6219.44    3744.05    3744.05    2958.19    2958.19    7648.41    7648.41   13182.25   13182.25   10639.40   10639.40    4570.57    4570.57    5931.62    5931.62   10153.84   10153.84   14646.32   14646.32
 2     783.00     738.67     738.67    1115.49    1115.49    1366.73    1366.73    1184.66    1184.66     713.15     713.15     563.46     563.46    1456.84    1456.84    2510.90    2510.90    2026.55    2026.55     870.58     870.58    1129.83    1129.83    1934.06    1934.06    2789.78    2789.78
 3    3537.00    1524.09    1919.61    2508.27    2701.61    3835.57    2766.42    2319.61    1880.31    1127.18    1303.37    1714.20    2534.34    4179.69    5177.56    6600.86    5485.91    3569.37    3039.89    3034.32    3672.86    3028.05    3428.80    3514.52    3887.96    6919.57    6637.48
 4    1379.00    1386.12    1524.60    1487.12    1310.17    1063.68     797.53     632.26     839.06     945.19    1575.45    2443.66    2840.18    2932.53    2343.81    1726.93    1446.87    1352.77    1366.26    1697.92    1942.89    1698.33    2205.84    3433.99    3400.92    3518.85    2983.35
 1    4109.00    4081.77    4081.77    2851.00    2851.00    3268.19    3268.19    2561.79    2561.79    5591.59    5591.59    5785.16    5785.16    4846.38    4846.38    2256.41    2256.41    3900.67    3900.67    3337.03    3337.03    4789.55    4789.55    8556.24    8556.24    5808.26    5808.26
 2     783.00     777.48     777.48     543.05     543.05     622.51     622.51     487.96     487.96    1065.06    1065.06    1101.94    1101.94     923.12     923.12     429.79     429.79     742.98     742.98     635.62     635.62     912.30     912.30    1629.76    1629.76    1106.34    1106.34
 3    3537.00    2235.04    2546.80    1774.54    2297.84    2225.16    3450.12    3379.73    3379.73    4037.85    2768.99    2537.85    2077.16    1864.74    1813.21    1085.11    1188.33    1683.36    2399.91    2137.13    2623.38    3083.89    3073.78    3887.57    3381.70    2013.51    4142.98
 4    1379.00    1097.95    1245.17    1120.26    1802.41    1698.84    1729.98    1111.75    1111.75     680.81     752.93     902.42     811.78     721.99     719.84     709.28     758.11    1276.72    1733.49    1274.33    1078.47     909.15     865.47    1039.35    1623.75    2664.21    2795.00
 1    4109.00    5537.53    5537.53   10050.81   10050.81    8126.12    8126.12   11124.04   11124.04    6612.14    6612.14    7379.99    7379.99    9509.35    9509.35    5496.88    5496.88    2985.44    2985.44    6122.89    6122.89   14933.69   14933.69    8685.14    8685.14    4004.15    4004.15
 2     783.00    1054.77    1054.77    1914.44    1914.44    1547.83    1547.83    2118.86    2118.86    1259.46    1259.46    1405.71    1405.71    1811.30    1811.30    1047.02    1047.02     568.66     568.66    1166.26    1166.26    2844.51    2844.51    1654.31    1654.31     762.70     762.70
 3    3537.00    1795.45    1918.10    2902.97    2469.89    2016.14    2151.10    2710.39    3274.09    2062.67    2154.44    2763.59    3207.35    3691.29    3650.89    2695.98    2365.43    2447.15    3144.73    4067.90    4941.35    7077.99    5350.04    3483.34    2943.69    1402.81    1559.71
 4    1379.00    1356.73    1266.53    1205.56    1200.63    1309.31    1540.56    1426.17    1212.04    1180.53    1631.18    1970.99    1827.70    1331.30    1221.59    1355.87    1565.28    2018.74    2806.42    3161.02    2427.47    1640.17    1035.60     915.98     921.31     868.66     762.79
 1    4109.00    4914.76    4914.76    4897.66    4897.66    4327.55    4327.55    4142.29    4142.29    4246.24    4246.24    1073.23    1073.23    6579.34    6579.34    5359.20    5359.20    6938.32    6938.32    5718.17    5718.17    3328.71    3328.71    1951.95    1951.95    3384.15    3384.15
 2     783.00     936.14     936.14     932.89     932.89     824.30     824.30     789.01     789.01     808.81     808.81     204.42     204.42    1253.21    1253.21    1020.80    1020.80    1321.58    1321.58    1089.18    1089.18     634.04     634.04     371.80     371.80     644.60     644.60
 3    3537.00    2007.72    2230.85    2411.46    2777.76    3727.91    4262.09    4262.09    4262.09    4262.09    1452.44     733.87    1602.50    3832.73    4239.06    3919.72    3613.48    3448.38    2571.54    2399.54    2409.65    2475.31    2691.15    2159.82    2118.15    2138.07    2424.99
 4    1379.00    1165.15    1398.07    1486.33    1832.56    1492.43    1078.40    1078.40    1078.40    1078.40    1298.29    2122.55    2420.59    1756.09    1366.93    1013.59     871.63     883.45    1082.59    1186.26    1169.95     985.66     964.18    1040.81    1366.75    1615.64    1685.18
 1    4109.00    4494.80    4494.80    3071.84    3071.84    7660.42    7660.42    9698.77    9698.77    8180.17    8180.17    7589.74    7589.74    7747.74    7747.74    4975.28    4975.28    6389.92    6389.92   11783.31   11783.31   16850.53   16850.53   10225.91   10225.91    7458.99    7458.99
 2     783.00     856.15     856.15     585.11     585.11    1459.13    1459.13    1847.38    1847.38    1558.13    1558.13    1445.66    1445.66    1475.76    1475.76     947.67     947.67    1217.13    1217.13    2244.44    2244.44    3209.62    3209.62    1947.79    1947.79    1420.76    1420.76
 3    3537.00    1743.13    2312.92    2132.27    2269.66    3215.06    3006.63    3075.93    3405.59    3502.51    3423.69    4077.12    4435.47    3997.11    3667.83    3175.59    3734.67    3854.52    6054.30    9443.37    9518.16    7153.16    4246.25    3169.32    3293.95    3810.10    4207.24
 4    1379.00    1475.36    1395.98    1097.33    1298.03    1458.70    1606.11    1659.01    1626.83    1961.90    2082.52    1697.82    1547.86    1383.28    1495.06    2154.20    4656.39    4804.67    3588.39    2342.84    1656.28    1306.74    1487.51    1790.04    2135.77    2308.72    3174.51
 1    4109.00    5696.92    5696.92    3707.55    3707.55    6160.31    6160.31    4101.17    4101.17    3072.30    3072.30    3246.94    3246.94    3905.29    3905.29   11024.71   11024.71   13070.44   13070.44   12082.69   12082.69   13374.44   13374.44    4204.66    4204.66    2563.18    2563.18
 2     783.00    1085.13    1085.13     706.20     706.20    1173.39    1173.39     781.18     781.18     585.20     585.20     618.46     618.46     743.86     743.86    2099.94    2099.94    2489.61    2489.61    2301.46    2301.46    2547.51    2547.51     800.89     800.89     488.22     488.22
 3    3537.00    2381.65    2809.50    1936.91    1996.48    2759.54    2850.91    3846.89    3494.57    2709.41    3030.49    3737.90    3563.00    4223.07    5586.58    8328.11    7063.01    5509.47    3921.14    3160.98    3613.31    3586.90    2697.10    1614.17    1673.76     947.98    1649.05
 4    1379.00    1336.11    1418.32    1368.15    1527.46    1507.44    1298.80    1175.15    1195.09    1318.16    1413.97    1316.92    2052.31    3684.73    3258.92    2436.40    1736.13    2065.54    1945.39    2102.18    1446.34    1015.20     808.83     637.60    1135.96    1139.78    1024.88
 1    4109.00    3259.87    3259.87    5313.00    5313.00    5549.54    5549.54    9860.47    9860.47    7425.26    7425.26    4250.40    4250.40    6531.29    6531.29    3947.33    3947.33    4703.16    4703.16    6048.04    6048.04    5722.79    5722.79    8655.57    8655.57    6034.64    6034.64
 2     783.00     620.93     620.93    1012.00    1012.00    1057.06    1057.06    1878.18    1878.18    1414.34    1414.34     809.60     809.60    1244.06    1244.06     751.87     751.87     895.84     895.84    1152.01    1152.01    1090.06    1090.06    1648.68    1648.68    1149.46    1149.46
 3    3537.00    3368.50    3336.64    4219.87    4185.07    4088.86    4529.25    5153.26    4094.32    2842.32    2165.63    1485.53    1960.49    2953.57    3242.32    3387.62    3486.42    4074.93    3850.16    3070.59    3776.33    4740.47    5069.88    6451.66    5669.45    3173.05    2785.20
 4    1379.00    1585.50    1615.12    2102.43    1889.79    2018.42    1874.41    1311.04     914.83     923.10    1216.41    1172.87    1161.48    1496.62    1487.70    1697.65    1660.17    1581.71    1655.00    2859.55    3350.35    2586.24    1972.07    1345.04    1347.53    2063.36    2077.76
 1    4109.00    4582.58    4582.58   13446.97   13446.97    3844.30    3844.30    2846.84    2846.84    2474.47    2474.47    2561.33    2561.33    4395.01    4395.01    2805.26    2805.26    3481.17    3481.17    2208.82    2208.82    3345.80    3345.80    2111.80    2111.80    2591.36    2591.36
 2     783.00     872.87     872.87    2561.33    2561.33     732.25     732.25     542.26     542.26     471.33     471.33     487.87     487.87     837.14     837.14     534.34     534.34     663.08     663.08     420.73     420.73     637.30     637.30     402.25     402.25     493.59     493.59
 3    3537.00    2633.88    2890.80    5072.15    3264.05    3264.05     780.06     823.29    1070.89    1213.57    1224.07    1462.87    2136.10    2532.71    2418.92    1775.04    1970.84    2108.34    2077.31    2035.93    2185.53    2220.35    1988.08    1873.59    1703.10    2064.62    2289.64
 4    1379.00    1434.83    1289.47     956.67     580.65     580.65     816.30     781.89     750.56     810.46    1156.51     991.56     847.64     860.94    1074.91    1204.84    1064.41    1004.60     983.20    1153.05     927.72     694.26     701.66     825.51    1114.50    1413.81    1542.72
 1    4109.00    3646.57    3646.57    6404.71    6404.71    7071.83    7071.83    8404.70    8404.70    2066.06    2066.06    4651.42    4651.42    7313.00    7313.00   14656.03   14656.03   17216.43   17216.43    7533.83    7533.83    9156.84    9156.84    4100.25    4100.25    2128.43    2128.43
 2     783.00     694.58     694.58    1219.94    1219.94    1347.02    1347.02    1600.90    1600.90     393.54     393.54     885.98     885.98    1392.95    1392.95    2791.62    2791.62    3279.32    3279.32    1435.02    1435.02    1744.16    1744.16     781.00     781.00     405.42     405.42
 3    3537.00    2518.89    2805.53    2953.00    3542.31    4280.63    4233.52    3964.67    3143.96    2176.48    2347.28    3531.11    3488.58    5425.68    4446.16    5126.12    4705.89    3736.62    2608.97    1494.77    2092.93    2231.39    2195.01    1390.77    1359.41    1199.45    1209.63
 4    1379.00    1325.57    1352.07    1784.01    2226.86    1769.69    1044.35     810.42    1306.69    2098.57    2313.15    1943.86    1524.37    1814.26    2116.66    2099.63    1681.05    1279.07    1091.89    1392.75    1320.46    1041.43     887.01     622.66     623.60     854.03    1296.78
 1    4109.00    3838.30    3838.30    4269.80    4269.80    2267.50    2267.50    3680.75    3680.75    3036.26    3036.26    6905.05    6905.05    9450.67    9450.67   12602.90   12602.90    9356.42    9356.42    4519.75    4519.75    1971.35    1971.35    5476.09    5476.09    5396.16    5396.16
 2     783.00     731.10     731.10     813.30     813.30     431.90     431.90     701.10     701.10     578.34     578.34    1315.25    1315.25    1800.13    1800.13    2400.55    2400.55    1782.18    1782.18     860.90     860.90     375.50     375.50    1043.06    1043.06    1027.84    1027.84
 3    3537.00    2189.68    2422.16    2175.77    2749.18    3024.22    2376.82    3023.67    2796.84    3647.02    4047.20    7246.89    6602.77    7115.98    5758.69    4820.60    3921.65    2510.35    1667.98     848.45    1021.58    1176.00    1670.19    2538.96    2672.76    2535.15    2738.40
 4    1379.00    1327.94    1313.93    1165.50    1263.86    1228.55    1400.98    1796.04    2157.92    2848.65    2381.56    2685.98    2198.20    2123.17    1578.44    1242.75     900.20     740.02     950.44     982.08    1542.31    1391.75    1301.79    1217.07    1417.91    1953.00    2420.84
 1    4109.00    4263.80    4263.80    3947.79    3947.79    3725.11    3725.11    9136.51    9136.51    1680.29    1680.29    4026.33    4026.33    8307.22    8307.22    7456.22    7456.22    3911.29    3911.29    3988.45    3988.45    4057.75    4057.75    3355.51    3355.51    2924.92    2924.92
 2     783.00     812.15     812.15     751.96     751.96     709.54     709.54    1740.29    1740.29     320.06     320.06     766.92     766.92    1582.33    1582.33    1420.23    1420.23     745.01     745.01     759.70     759.70     772.90     772.90     639.14     639.14     557.13     557.13
 3    3537.00    2262.05    2323.03    2798.78    2929.66    2670.89    3003.77    4231.55    3323.86    1997.52    2182.13    2772.77    3364.77    4130.91    3861.89    3074.96    2594.04    2340.53    1913.33    1454.84    1615.09    1814.45    2382.20    3266.30    2973.71    3024.67    2418.56
 4    1379.00    1566.00    1441.35    1649.93    1616.97    1509.19    1313.07    1086.45    1129.44    1165.05    1709.84    1925.74    1644.98    1246.69     975.63     848.02     796.21     998.11     967.24    1144.09    1302.86    1661.83    1732.38    1342.99     980.74    1036.09    1068.50
 1    4109.00    3623.00    3623.00    9315.31    9315.31   21814.72   21814.72   11112.95   11112.95   10695.30   10695.30   16760.44   16760.44    7500.11    7500.11   11545.38   11545.38    6031.87    6031.87    4827.44    4827.44    2212.98    2212.98    6545.15    6545.15    6294.29    6294.29
 2     783.00     690.10     690.10    1774.34    1774.34    4155.18    4155.18    2116.75    2116.75    2037.20    2037.20    3192.46    3192.46    1428.59    1428.59    2199.12    2199.12    1148.93    1148.93     919.51     919.51     421.52     421.52    1246.70    1246.70    1198.91    1198.91
 3    3537.00    1832.19    2216.97    2796.55    3472.40    3535.76    2205.44    1896.86    2433.28    2338.45    2070.06    2570.95    1933.18    1442.26    1953.29    2889.45    5022.78    4220.60    3903.95    4126.96    3251.31    2098.94    2688.10    3349.75    3447.47    3431.95    2611.05
 4    1379.00    1370.31    1563.70    1621.62    1827.26    1712.87    1689.84    1656.48    1354.89    1373.02    1475.71    1399.98    1344.65    1692.10    2794.20    2283.77    1862.51    1448.72    1276.72    1290.47    1086.14    1103.85    1502.66    1285.51    1070.78     870.42    1111.58
 1    4109.00    4445.36    4445.36    4261.49    4261.49    3489.49    3489.49    3283.43    3283.43    4026.33    4026.33    5588.81    5588.81    3769.00    3769.00    3396.16    3396.16    7872.94    7872.94   32392.67   32392.67   30673.11   30673.11   10990.06   10990.06    5249.24    5249.24
 2     783.00     846.74     846.74     811.71     811.71     664.66     664.66     625.42     625.42     766.92     766.92    1064.54    1064.54     717.90     717.90     646.89     646.89    1499.61    1499.61    6170.03    6170.03    5842.50    5842.50    2093.34    2093.34     999.86     999.86
 3    3537.00    2544.03    3046.59    2303.73    2729.87    2991.11    3008.29    2124.76    2420.22    2669.93    2310.17    2112.58    1913.76    1612.77    1500.60    2224.06    3705.26    5125.84    7869.52   18001.35   15985.32   12540.45    8976.48    5206.64    3534.22    2111.52    2474.12
 4    1379.00    1446.46    1404.78    1162.98    1055.39    1192.29    1161.28    1262.02    1251.01     987.93     939.43     860.43     974.33    1135.88    1912.85    2468.44    4715.94    8352.25    9474.51    7457.08    3981.08    2222.96    1572.29    1313.36    1457.77    1831.16    1913.20
 1    4109.00    3956.57    3956.57    5315.77    5315.77    7619.77    7619.77   10810.34   10810.34    2504.50    2504.50    1599.44    1599.44    4341.88    4341.88    6675.90    6675.90    7606.83    7606.83    7641.94    7641.94    6964.19    6964.19    9528.75    9528.75    6206.05    6206.05
 2     783.00     753.63     753.63    1012.53    1012.53    1451.38    1451.38    2059.11    2059.11     477.05     477.05     304.66     304.66     827.02     827.02    1271.60    1271.60    1448.92    1448.92    1455.61    1455.61    1326.51    1326.51    1815.00    1815.00    1182.10    1182.10
 3    3537.00    2631.23    2173.54    3727.31    3956.37    3965.87    3964.14    5226.39    4003.01    1383.24     981.89     934.32    1455.03    3099.84    3294.40    3803.79    3529.84    4389.31    4499.94    6622.73    5399.88    2563.66    4353.47    7177.13    6736.99    5008.33    4058.19
 4    1379.00    1622.12    1417.78    1860.29    1653.07    1503.00    1255.38     874.70     718.91     862.36    1062.49    1637.13    1639.04    1508.11    1262.79    1887.60    1861.24    1794.94    1429.39    1259.90    1502.27    3109.27    3189.79    2306.19    1437.63    1089.09     991.28
 1    4109.00    2627.39    2627.39    3696.92    3696.92    8044.81    8044.81    2842.69    2842.69    2981.29    2981.29    2850.08    2850.08    6290.59    6290.59    4093.32    4093.32    4553.47    4553.47    4504.04    4504.04    3866.02    3866.02    3894.66    3894.66    1597.60    1597.60
 2     783.00     500.46     500.46     704.18     704.18    1532.34    1532.34     541.46     541.46     567.86     567.86     542.87     542.87    1198.21    1198.21     779.68     779.68     867.33     867.33     857.91     857.91     736.38     736.38     741.84     741.84     304.30     304.30
 3    3537.00    2312.06    2377.03    2509.22    2876.09    2663.59    2348.21    1437.73    1541.94    1910.85    2228.68    2791.25    3190.93    4800.59    4646.35    5493.94    6175.70    5342.16    4240.63    2983.98    2540.06    2514.17    2498.01    3426.39    3073.30    1731.65    2361.03
 4    1379.00    1483.81    1403.62    1261.90    1190.16     856.61     882.02    1056.48    1168.15    1437.89    1593.12    2607.80    2723.69    2378.95    1908.94    1716.72    1524.38    1350.23    1130.15     935.17    1092.35    1375.28    1119.64     837.60     975.28    1009.57     985.67
 1    4109.00    2562.71    2562.71    4315.54    4315.54    6014.32    6014.32    3244.16    3244.16    3916.37    3916.37    3161.00    3161.00    3726.49    3726.49    5158.23    5158.23    3972.28    3972.28    3837.37    3837.37    1326.86    1326.86    2503.58    2503.58    4461.07    4461.07
 2     783.00     488.14     488.14     822.01     822.01    1145.58    1145.58     617.94     617.94     745.98     745.98     602.10     602.10     709.81     709.81     982.52     982.52     756.62     756.62     730.93     730.93     252.74     252.74     476.87     476.87     849.73     849.73
 3    3537.00    2243.22    2136.84    3819.33    3782.71    3436.52    3569.29    3370.37    2936.77    2133.82    2157.12    2261.53    2946.51    5436.07    4368.18    4094.11    3167.33    2823.50    3129.28    2823.26    2494.71    2180.03    2219.15    2147.85    2258.55    2832.98    3343.75
 4    1379.00    1340.37    1334.30    1382.27    1496.68    1317.93    1150.75    1022.98     956.94    1128.78    1907.61    2125.33    1767.11    1231.83     906.09    1079.26    1162.52    1071.39    1074.50    1077.45     985.23    1097.86     981.18    1262.45    1528.73    1980.25    1677.05
 1    4109.00    3336.56    3336.56    3708.94    3708.94    6897.20    6897.20    7525.98    7525.98    5521.36    5521.36    6371.90    6371.90    3922.38    3922.38    5562.94    5562.94    4546.54    4546.54    2611.69    2611.69    3536.15    3536.15    9626.69    9626.69   11650.25   11650.25
 2     783.00     635.54     635.54     706.46     706.46    1313.75    1313.75    1433.52    1433.52    1051.69    1051.69    1213.70    1213.70     747.12     747.12    1059.61    1059.61     866.01     866.01     497.46     497.46     673.55     673.55    1833.66    1833.66    2219.10    2219.10
 3    3537.00    2255.10    3019.56    3327.26    3809.84    4665.65    5423.10    6448.06    5357.36    4258.18    3753.56    3192.27    3346.96    3275.15    3341.26    3374.25    2202.42    1928.37    2030.60    1925.19    2876.86    4876.83    5195.24    8101.89    6416.30    5930.18    3901.00
 4    1379.00    1443.13    1458.66    1913.47    2476.36    2704.38    2329.74    1604.81    1161.19    1188.17    1211.67    1250.81    1394.44    1262.05     914.56     782.28     781.64    1126.60    1903.22    2525.36    2829.54    2709.57    2475.00    2275.29    1518.96    1219.95     831.62
 1    4109.00    3073.22    3073.22    7634.55    7634.55    5467.31    5467.31    3934.39    3934.39    2497.11    2497.11    7258.94    7258.94    6630.62    6630.62    3637.79    3637.79    6017.09    6017.09    6913.37    6913.37    9725.56    9725.56    7584.19    7584.19    3560.63    3560.63
 2     783.00     585.38     585.38    1454.20    1454.20    1041.39    1041.39     749.41     749.41     475.64     475.64    1382.66    1382.66    1262.98    1262.98     692.91     692.91    1146.11    1146.11    1316.83    1316.83    1852.49    1852.49    1444.61    1444.61     678.22     678.22
 3    3537.00    2151.91    2566.68    3681.37    3181.93    2863.57    2470.80    2664.84    2572.06    2268.14    3452.04    4491.59    4225.33    3609.10    2750.61    1859.98    2230.41    3483.71    3090.66    4472.21    5727.76    6165.39    5861.08    4752.43    4204.45    2890.38    3423.87
 4    1379.00    1554.40    1368.00    1304.57    1117.27    1051.33    1038.46    1461.85    1723.67    1924.14    1807.46    1332.67    1158.28    1016.36    1195.22    1166.01    1261.36    1778.85    2376.45    2534.95    2272.59    2326.54    1973.98    1414.86    1878.72    1961.02    2075.10
 1    4109.00    4766.45    4766.45    4055.90    4055.90    7314.38    7314.38    2925.38    2925.38    1578.65    1578.65    4552.55    4552.55    9899.74    9899.74    6158.46    6158.46    1509.35    1509.35    5593.90    5593.90   13897.88   13897.88    5330.09    5330.09    8296.60    8296.60
 2     783.00     907.90     907.90     772.55     772.55    1393.22    1393.22     557.22     557.22     300.70     300.70     867.15     867.15    1885.66    1885.66    1173.04    1173.04     287.50     287.50    1065.50    1065.50    2647.22    2647.22    1015.26    1015.26    1580.30    1580.30
 3    3537.00    3473.76    3506.48    3683.73    3275.86    2910.39    2307.43    1274.52    1266.82    1154.78    1512.26    3094.62    3669.38    3841.26    2533.35    2114.50    1960.42    1055.62    1620.95    3057.80    3156.71    3542.37    2490.55    2064.63    2146.12    3158.64    4658.69
 4    1379.00    1641.07    1408.28    1233.12     912.44     680.23     710.10     781.40    1184.66    1522.39    1825.13    1284.96    1109.28     998.27     699.78     890.25    1338.42    1572.53    1572.99    1395.95    1152.28    1189.78    1171.69    1350.41    2081.99    2775.56    3200.11
 1    4109.00    3891.89    3891.89    5104.18    5104.18    3852.16    3852.16    8207.89    8207.89    9155.92    9155.92    2628.32    2628.32    2793.71    2793.71    3819.35    3819.35    7645.18    7645.18   11995.37   11995.37    9839.68    9839.68    4794.64    4794.64    3064.45    3064.45
 2     783.00     741.31     741.31     972.22     972.22     733.74     733.74    1563.41    1563.41    1743.98    1743.98     500.63     500.63     532.14     532.14     727.50     727.50    1456.22    1456.22    2284.83    2284.83    1874.22    1874.22     913.26     913.26     583.70     583.70
 3    3537.00    2240.04    2679.51    3029.36    3271.70    2609.74    3431.04    3546.25    4300.22    6277.23    4069.53    1257.32    1653.27    1613.51    1728.04    2329.23    3303.97    3905.50    5140.58    6745.86    4947.42    4014.78    3993.44    2426.78    2482.39    2002.59    2758.29
 4    1379.00    1249.72    1231.16    1149.90    1142.88    1565.07    2007.92    1993.18    1332.66     863.27     861.03     734.56     880.29    1102.43    1719.11    2207.61    2960.71    2940.04    2006.27    1844.78    1681.28    1560.14    1501.42    1237.12    1035.11    1119.10    1184.42
 1    4109.00    4727.18    4727.18    2770.15    2770.15    4155.23    4155.23    4751.67    4751.67    2608.91    2608.91    4757.68    4757.68    5212.75    5212.75    7070.91    7070.91    4651.42    4651.42    3674.75    3674.75    1553.71    1553.71    3640.56    3640.56    3680.29    3680.29
 2     783.00     900.42     900.42     527.65     527.65     791.47     791.47     905.08     905.08     496.94     496.94     906.22     906.22     992.90     992.90    1346.84    1346.84     885.98     885.98     699.95     699.95     295.94     295.94     693.44     693.44     701.01     701.01
 3    3537.00    3280.91    3529.66    2660.90    2767.00    3837.48    3774.27    3901.83    3172.46    2932.15    4438.96    4570.51    4272.98    4399.65    4366.53    5435.76    6032.56    5217.71    4446.27    3454.10    2618.46    2227.58    1938.07    2242.16    2120.62    1745.47    2153.63
 4    1379.00    1594.10    1652.57    1479.81    1416.95    1306.18    1192.59    1348.13    1996.82    2199.53    2080.20    2279.38    2038.05    1919.43    1989.85    1864.46    1653.43    1178.82     932.96     820.78     666.54    1019.72    1113.52     982.67     981.65    1444.60    1523.29
 1    4109.00   13289.43   13289.43    7306.99    7306.99    5432.20    5432.20    3095.86    3095.86    3035.34    3035.34    5937.16    5937.16    7200.27    7200.27    4638.94    4638.94    5063.06    5063.06   11969.96   11969.96    5469.62    5469.62    9365.66    9365.66    8727.18    8727.18
 2     783.00    2531.32    2531.32    1391.81    1391.81    1034.70    1034.70     589.69     589.69     578.16     578.16    1130.89    1130.89    1371.48    1371.48     883.61     883.61     964.39     964.39    2279.99    2279.99    1041.83    1041.83    1783.94    1783.94    1662.32    1662.32
 3    3537.00    2748.26    2357.03    2000.07    1760.52    1609.30    1430.35     791.62    1126.14    1852.08    2462.30    3190.45    3181.50    3675.25    4299.84    3715.54    3196.97    3413.71    4373.73    3572.81    3228.91    2343.22    3840.86    6712.36    6919.67    4799.61    3421.19
 4    1379.00    1458.19    1182.70     889.41     755.34     715.82     713.80    1147.39    1261.29    1172.70    1313.63    1532.61    1650.02    1660.62    1442.90    1033.85    1430.30    1915.64    1690.16    1282.57    1590.30    2836.98    2893.05    2392.03    1395.55     977.05     905.99
 1    4109.00    1907.60    1907.60    2922.15    2922.15    6709.16    6709.16    7370.29    7370.29    9216.90    9216.90   15568.01   15568.01    9548.62    9548.62     960.96     960.96     495.26     495.26    2502.65    2502.65    7187.80    7187.80    9575.41    9575.41    6536.84    6536.84
 2     783.00     363.35     363.35     556.60     556.60    1277.94    1277.94    1403.86    1403.86    1755.60    1755.60    2965.34    2965.34    1818.78    1818.78     183.04     183.04      94.34      94.34     476.70     476.70    1369.10    1369.10    1823.89    1823.89    1245.11    1245.11
 3    3537.00    1790.85    1905.73    2698.16    3136.54    5737.12    5401.05    3875.17    3750.11    4207.44    3822.11    4166.45    3154.85    3154.85    3154.85    3154.85     186.01     362.32    1273.60    2112.70    3181.59    6368.10    5426.65    5512.30    3822.82    2696.44    3337.74
 4    1379.00    1371.38    1625.13    2228.49    2163.73    2198.00    2082.51    1890.88    1829.13    1787.50    1789.41    1223.56     728.90     728.90     728.90     728.90     998.82    1714.14    2213.73    2381.85    2248.90    1892.71    1418.00    1504.12    2015.00    1926.41    1765.57
 1    4109.00     867.17     867.17    3115.27    3115.27    3136.52    3136.52    3582.81    3582.81    4453.68    4453.68    5243.24    5243.24    6348.80    6348.80    3835.99    3835.99    8620.92    8620.92    7961.65    7961.65    5764.37    5764.37    8517.89    8517.89   12026.32   12026.32
 2     783.00     165.18     165.18     593.38     593.38     597.43     597.43     682.44     682.44     848.32     848.32     998.71     998.71    1209.30    1209.30     730.66     730.66    1642.08    1642.08    1516.50    1516.50    1097.98    1097.98    1622.46    1622.46    2290.73    2290.73
 3    3537.00    1519.73    1637.45    2709.66    2488.26    2496.30    2999.29    3696.45    3741.33    6297.91    8221.10    8723.05    7653.16    6162.34    4731.60    2890.76    2824.36    3849.83    3648.94    3154.80    3324.69    3169.94    3414.00    3484.51    3507.82    3499.11    2710.46
 4    1379.00    1337.56    1245.89    1457.42    1422.35    1485.75    1891.57    2081.41    3113.89    3264.46    2860.13    2292.36    1391.88    1165.29    1483.94    1929.58    1880.02    1824.05    1623.91    1792.60    1817.87    1856.41    1890.93    1624.11    1417.26    1165.83     923.85
 1    4109.00    2957.72    2957.72    3241.39    3241.39    5910.37    5910.37    8237.92    8237.92    7197.50    7197.50    8558.55    8558.55    3380.45    3380.45    4660.19    4660.19    8954.02    8954.02    7364.74    7364.74    3092.63    3092.63    5693.69    5693.69    7637.32    7637.32
 2     783.00     563.38     563.38     617.41     617.41    1125.78    1125.78    1569.13    1569.13    1370.95    1370.95    1630.20    1630.20     643.90     643.90     887.66     887.66    1705.53    1705.53    1402.81    1402.81     589.07     589.07    1084.51    1084.51    1454.73    1454.73
 3    3537.00    1986.35    2146.22    2535.61    3094.47    4466.72    3279.21    4140.25    3984.13    3844.87    3395.26    3253.99    2515.81    1544.76    1716.99    2505.82    2055.62    3258.31    2429.64    2120.28    2176.68    1355.73    1347.53    2258.63    3262.11    3716.59    4508.18
 4    1379.00    1514.17    1522.72    2120.76    1762.09    1633.87    1553.08    1890.47    1710.84    1401.60    1021.55     935.94    1050.85    1118.67    1238.53    1252.81    1104.48    1114.64    1101.56     991.43     949.31    1318.93    1858.68    1985.38    2912.82    3013.09    2416.56
 1    4109.00    7058.90    7058.90    4138.60    4138.60    4859.32    4859.32    8021.71    8021.71   11936.69   11936.69    9716.78    9716.78   13033.94   13033.94    7470.54    7470.54    2779.39    2779.39    1808.73    1808.73    2416.26    2416.26    1754.68    1754.68    1999.54    1999.54
 2     783.00    1344.55    1344.55     788.30     788.30     925.58     925.58    1527.94    1527.94    2273.66    2273.66    1850.82    1850.82    2482.66    2482.66    1422.96    1422.96     529.41     529.41     344.52     344.52     460.24     460.24     334.22     334.22     380.86     380.86
 3    3537.00    3117.88    2884.79    2782.82    2965.45    3076.37    3602.12    3890.67    3719.78    4381.97    5723.56    7450.70    5990.55    5078.81    4223.65    2844.92    2174.37    1450.94    1388.41    1535.49    1570.85    1252.51    1488.09    1380.95    1261.87    1852.39    1415.56
 4    1379.00    1407.56    1300.02    1187.62    1295.14    1616.48    1690.52    1970.08    3069.11    3858.50    3013.91    2163.39    1772.03    1387.11    1046.75     910.07     818.06     789.15     760.02     627.24     665.56     627.07     801.61    1116.61    1000.09    1050.83    1064.86
 1    4109.00    5197.04    5197.04    4316.47    4316.47    3917.76    3917.76    3558.32    3558.32    8007.38    8007.38   12661.11   12661.11    7214.13    7214.13    6401.47    6401.47    3441.90    3441.90    6155.23    6155.23    8414.87    8414.87   11367.97   11367.97   13706.15   13706.15
 2     783.00     989.91     989.91     822.18     822.18     746.24     746.24     677.78     677.78    1525.22    1525.22    2411.64    2411.64    1374.12    1374.12    1219.33    1219.33     655.60     655.60    1172.42    1172.42    1602.83    1602.83    2165.33    2165.33    2610.70    2610.70
 3    3537.00    2299.81    3133.99    3428.77    2323.78    1976.18    1915.59    2796.33    2944.10    5007.94    4579.60    4920.66    3900.62    2449.05    2156.29    2694.59    2571.49    2722.25    3657.86    3759.47    3687.07    3191.85    4687.02    5036.17    4710.99    5514.12    3587.59
 4    1379.00    1439.18    1391.29    1214.92    1012.49    1170.74    1692.10    1989.05    1963.89    1849.71    1583.80    1365.94    1067.45    1213.07    1298.69    1438.40    1414.66    1556.69    1494.79    1324.73    1562.50    1955.59    2692.90    2612.48    2040.08    1730.50    1452.26
 1    4109.00    2985.91    2985.91    4215.75    4215.75    8164.93    8164.93    9589.73    9589.73    5855.85    5855.85    4086.85    4086.85    7205.81    7205.81    7097.71    7097.71    3129.13    3129.13    2813.58    2813.58    4792.33    4792.33    3517.21    3517.21    5411.87    5411.87
 2     783.00     568.74     568.74     803.00     803.00    1555.22    1555.22    1826.62    1826.62    1115.40    1115.40     778.45     778.45    1372.54    1372.54    1351.94    1351.94     596.02     596.02     535.92     535.92     912.82     912.82     669.94     669.94    1030.83    1030.83
 3    3537.00    1940.41    1798.88    2813.63    2697.98    3645.32    3609.36    2969.24    2431.87    2316.30    2037.54    1148.28    2005.50    5351.54    4942.21    3947.89    3380.98    2556.55    2521.64    2522.94    2345.85    2860.63    2506.41    2007.95    2264.06    3522.59    2950.33
 4    1379.00    1424.34    1418.88    1667.63    1618.07    1481.68    1208.50     897.69    1025.70     944.00    1306.33    2217.16    2311.39    1807.53    1433.22    1322.11    1214.67    1201.38    1110.74    1261.61    1176.55    1041.39    1196.99    1162.26    1023.98    1005.63    1028.41
 1    4109.00    3745.90    3745.90    6101.17    6101.17    4401.47    4401.47   10154.30   10154.30   11670.58   11670.58    5283.43    5283.43    3519.05    3519.05    4318.31    4318.31    3006.70    3006.70    2504.96    2504.96    1723.72    1723.72    1646.57    1646.57    5625.31    5625.31
 2     783.00     713.50     713.50    1162.13    1162.13     838.38     838.38    1934.15    1934.15    2222.97    2222.97    1006.37    1006.37     670.30     670.30     822.54     822.54     572.70     572.70     477.14     477.14     328.33     328.33     313.63     313.63    1071.49    1071.49
 3    3537.00    2130.34    2502.77    2755.40    3000.41    3147.00    3179.76    4145.67    5707.36    5331.21    4184.29    3169.33    3410.54    2569.48    2391.60    2695.14    2520.72    1857.01    1772.65    1628.84    1521.12    1639.85    1783.38    1408.81    2516.40    3596.48    3195.05
 4    1379.00    1183.31    1384.25    1463.20    1294.23    1621.38    2655.23    2828.87    2093.29    1467.47    1134.45    1316.44    1330.94    1040.74     924.59     904.95     867.13     724.62     800.52     738.44     767.42     942.58    1612.93    1874.94    1544.44    1284.60    1316.24
 1    4109.00    6209.74    6209.74    6195.42    6195.42    5360.12    5360.12    3624.85    3624.85    2284.59    2284.59    4148.30    4148.30    4516.05    4516.05    3729.26    3729.26    2096.09    2096.09    4714.25    4714.25    6957.72    6957.72    5647.49    5647.49    7421.57    7421.57
 2     783.00    1182.81    1182.81    1180.08    1180.08    1020.98    1020.98     690.45     690.45     435.16     435.16     790.15     790.15     860.20     860.20     710.34     710.34     399.26     399.26     897.95     897.95    1325.28    1325.28    1075.71    1075.71    1413.63    1413.63
 3    3537.00    2192.77    2747.59    2647.14    2667.45    2469.20    2460.43    1953.09    1858.78    1223.41    1560.81    2628.95    2751.81    3305.48    3825.58    3119.16    3008.21    2292.44    2113.93    3005.38    3123.51    4670.58    4473.08    2585.24    2970.26    3932.07    3575.16
 4    1379.00    1316.28    1253.58    1314.19    1141.03     899.52     687.90     658.75     984.14    1432.23    1440.73    1405.45    1468.06    1143.52     966.16     864.98    1079.46    1202.11    1704.76    1912.03    1645.72    1473.59    1436.14    1474.39    1388.09    1097.63     746.26
 1    4109.00    7112.49    7112.49    6170.93    6170.93    3382.30    3382.30    5557.40    5557.40    6205.58    6205.58    7249.24    7249.24   13949.17   13949.17    9427.11    9427.11    5483.02    5483.02    7948.25    7948.25    4036.03    4036.03    6711.47    6711.47    3374.45    3374.45
 2     783.00    1354.76    1354.76    1175.42    1175.42     644.25     644.25    1058.55    1058.55    1182.02    1182.02    1380.81    1380.81    2656.98    2656.98    1795.64    1795.64    1044.38    1044.38    1513.95    1513.95     768.77     768.77    1278.38    1278.38     642.75     642.75
 3    3537.00    2784.26    2587.25    2830.19    2484.88    1762.21    2024.90    2737.23    2632.94    3035.62    3506.66    3835.50    4072.44    3915.70    3028.74    1753.25    2281.34    1964.04    2633.56    2920.76    2661.95    2571.26    2508.67    2755.19    2448.98    1725.13    2649.32
 4    1379.00    1410.76    1237.93    1095.80    1238.11    1439.80    1387.90    1713.23    1693.37    1437.63    1632.98    1546.54    1726.03    1249.49    1150.37    1474.18    1706.64    1250.59    1191.66    1348.49    1231.70    1065.86    1046.74    1059.52    1445.88    1412.83    1225.23
 1    4109.00    8272.11    8272.11    7873.87    7873.87    8566.40    8566.40    4980.82    4980.82    2458.30    2458.30    4024.94    4024.94    1303.30    1303.30    4838.06    4838.06    5772.69    5772.69    4443.05    4443.05    3871.10    3871.10    2820.97    2820.97    1516.28    1516.28
 2     783.00    1575.64    1575.64    1499.78    1499.78    1631.70    1631.70     948.73     948.73     468.25     468.25     766.66     766.66     248.25     248.25     921.54     921.54    1099.56    1099.56     846.30     846.30     737.35     737.35     537.33     537.33     288.82     288.82
 3    3537.00    3167.14    3222.22    2997.51    3375.38    3633.14    4059.47    4193.55    3943.76    2320.29    2313.36    2571.44    2684.79    1736.71    2194.37    2883.65    3019.22    2668.09    2314.76    2045.18    1608.88    1317.35    1658.73    1560.66    1791.26    1683.39    1631.52
 4    1379.00    1574.32    1633.34    1603.91    1745.15    2145.45    1787.32    1326.22    1012.96     981.91    1116.07    1005.96    1136.76    1037.42    1094.50     898.88     800.05     711.76     793.21     819.63     942.12     911.99     914.47     952.27    1416.64    1743.10    1752.75
 1    4109.00    4474.47    4474.47    2832.98    2832.98    6034.18    6034.18    7540.76    7540.76   11301.44   11301.44   12381.14   12381.14   10126.58   10126.58   10270.26   10270.26    7408.63    7408.63   11179.94   11179.94   11254.32   11254.32    9131.43    9131.43    8197.27    8197.27
 2     783.00     852.28     852.28     539.62     539.62    1149.37    1149.37    1436.34    1436.34    2152.66    2152.66    2358.31    2358.31    1928.87    1928.87    1956.24    1956.24    1411.17    1411.17    2129.51    2129.51    2143.68    2143.68    1739.32    1739.32    1561.38    1561.38
 3    3537.00    1746.76    2113.82    2333.09    2781.73    3870.20    4357.49    3611.07    3704.09    6130.46    7038.14   10306.73    7034.32    5694.49    5495.37    4828.61    4889.57    4864.30    6766.96    8406.48    9085.92   13767.12   11434.03    6350.94    4767.71    4048.78    3085.85
 4    1379.00    1203.69    1683.27    2348.08    2333.05    1644.03    1964.64    3629.06    4497.58    4107.14    3198.86    2541.31    1584.22    1797.17    2230.96    2202.74    2741.26    4040.66    4711.10    3586.10    2952.05    2524.59    1900.09    1584.89    1138.03    1024.61    1177.57
 1    4109.00    6600.59    6600.59   12555.77   12555.77    3083.85    3083.85    2704.09    2704.09    3851.69    3851.69    5076.92    5076.92    4625.54    4625.54    7027.94    7027.94   12447.67   12447.67   13071.37   13071.37   15723.25   15723.25   17895.57   17895.57    8338.18    8338.18
 2     783.00    1257.26    1257.26    2391.58    2391.58     587.40     587.40     515.06     515.06     733.66     733.66     967.03     967.03     881.06     881.06    1338.66    1338.66    2370.98    2370.98    2489.78    2489.78    2994.90    2994.90    3408.68    3408.68    1588.22    1588.22
 3    3537.00    2194.92    2872.55    4201.87    3499.87     969.61    1093.44    1073.24    1486.99    2328.60    2354.04    3623.73    3364.49    2596.27    2836.35    3327.44    4995.64    6117.68    4359.01    3448.14    5215.88    8907.35    9383.29    7670.21    5178.67    4691.21    4011.94
 4    1379.00    1417.77    1368.55    1019.69     657.19     685.48    1093.37    1248.83    1237.05    1452.84    1112.00     836.44     974.59    1789.58    2824.21    2669.11    2041.35    1309.65    1897.57    4748.79    5179.84    3745.11    2406.11    2447.67    1795.65    1267.35    1161.94
 1    4109.00    4918.45    4918.45    4281.35    4281.35    4844.53    4844.53    5768.99    5768.99    2451.83    2451.83    4286.44    4286.44    4800.18    4800.18    6695.30    6695.30    5798.10    5798.10    9028.87    9028.87    3655.81    3655.81    3144.37    3144.37    9039.95    9039.95
 2     783.00     936.85     936.85     815.50     815.50     922.77     922.77    1098.86    1098.86     467.02     467.02     816.46     816.46     914.32     914.32    1275.30    1275.30    1104.40    1104.40    1719.78    1719.78     696.34     696.34     598.93     598.93    1721.90    1721.90
 3    3537.00    2514.58    2673.21    2723.61    2601.20    2560.65    2507.50    2361.01    2289.14    1576.42    1492.46    3175.06    2690.62    3369.49    3096.45    3014.64    2327.61    2917.27    3338.79    2949.92    2475.88    1560.53    1455.33    1325.02    1893.99    3365.85    3335.45
 4    1379.00    1386.37    1288.09    1035.70    1009.37    1096.97     878.05     864.72    1042.28    1518.35    1474.83    1417.93    1081.00    1040.45    1141.87    1316.98    1403.01    1359.33    1092.03     968.45     848.86     872.25    1152.31    1825.32    2018.64    1721.36    1579.13
 1    4109.00    5088.01    5088.01    4655.57    4655.57    6357.58    6357.58    5776.39    5776.39    6894.43    6894.43    4992.83    4992.83    7488.10    7488.10    9305.14    9305.14    9347.65    9347.65    2709.17    2709.17    4309.54    4309.54   11431.27   11431.27   12748.89   12748.89
 2     783.00     969.14     969.14     886.78     886.78    1210.97    1210.97    1100.26    1100.26    1313.22    1313.22     951.02     951.02    1426.30    1426.30    1772.41    1772.41    1780.50    1780.50     516.03     516.03     820.86     820.86    2177.38    2177.38    2428.36    2428.36
 3    3537.00    2277.43    2160.50    1779.28    2004.93    2738.39    2577.73    2837.99    3585.78    5549.41    5297.35    4697.70    4835.25    6451.22    6285.28    5338.52    4133.71    2935.13    2787.09    1529.35    1598.68    3104.08    3114.35    3547.75    4101.00    5958.17    5705.78
 4    1379.00    1233.39    1223.94    1210.08    1011.42    1157.51    1480.72    2482.09    2743.85    2088.05    1699.21    2059.50    2803.13    2607.12    1669.96    1161.33     893.81     957.99    1150.66    1018.95    1267.54    1289.40    1779.32    3164.32    2813.32    2373.12    2226.61
 1    4109.00    4244.86    4244.86    2462.92    2462.92    6910.60    6910.60    3307.00    3307.00    6586.27    6586.27    6036.03    6036.03    7388.30    7388.30   10485.09   10485.09    3806.88    3806.88    5461.76    5461.76    4682.37    4682.37    8061.44    8061.44    5938.09    5938.09
 2     783.00     808.54     808.54     469.13     469.13    1316.30    1316.30     629.90     629.90    1254.53    1254.53    1149.72    1149.72    1407.30    1407.30    1997.16    1997.16     725.12     725.12    1040.34    1040.34     891.88     891.88    1535.51    1535.51    1131.06    1131.06
 3    3537.00    2344.57    3058.85    2871.78    2440.16    2891.06    2647.53    1789.61    2207.13    4671.64    4547.67    4463.02    4419.14    3914.24    3977.09    3031.62    2814.80    1830.32    2725.21    4019.72    3807.40    3884.44    3379.54    3314.08    2882.19    2026.02    2547.68
 4    1379.00    1285.05    1456.87    1296.17     943.56     895.98    1254.53    2148.62    1927.29    1816.85    1744.82    1694.27    1632.22    1258.50    1326.54    1116.34    1798.05    1887.07    1568.23    1337.66    1449.60    1426.92    1078.80     922.47    1161.46    1341.92    1226.03
 1    4109.00    3069.99    3069.99    2813.58    2813.58    7896.04    7896.04    5866.94    5866.94    7862.32    7862.32    7045.96    7045.96    4640.79    4640.79    6730.88    6730.88    4182.95    4182.95    2340.49    2340.49    1310.69    1310.69    3822.59    3822.59    7924.22    7924.22
 2     783.00     584.76     584.76     535.92     535.92    1504.01    1504.01    1117.51    1117.51    1497.58    1497.58    1342.09    1342.09     883.96     883.96    1282.07    1282.07     796.75     796.75     445.81     445.81     249.66     249.66     728.11     728.11    1509.38    1509.38
 3    3537.00    1535.89    2154.22    2278.90    3419.77    4900.78    5588.84    5793.60    4447.67    4833.98    4145.35    3339.85    3381.35    2409.91    2732.20    3507.33    3660.99    3370.35    2744.96    2602.82    2580.10    1726.83    2590.91    3860.60    3354.75    4302.27    3989.21
 4    1379.00    1270.27    1775.74    2905.68    2953.02    2155.81    1949.77    1506.73    1653.78    1395.89    1220.21    1396.49    1801.15    1740.03    1425.57    1190.18    1286.70    1291.49    1093.33    1188.20    1534.03    1367.08    1641.65    1828.96    1895.10    1715.61    1563.58
 1    4109.00    3294.98    3294.98    7829.51    7829.51    8751.67    8751.67    7090.78    7090.78    9989.83    9989.83    3818.43    3818.43    6645.87    6645.87    8686.99    8686.99    5065.37    5065.37    6188.49    6188.49    8731.80    8731.80   10360.35   10360.35   12956.79   12956.79
 2     783.00     627.62     627.62    1491.34    1491.34    1666.98    1666.98    1350.62    1350.62    1902.82    1902.82     727.32     727.32    1265.88    1265.88    1654.66    1654.66     964.83     964.83    1178.76    1178.76    1663.20    1663.20    1973.40    1973.40    2467.96    2467.96
 3    3537.00    2759.24    3539.79    3438.79    2980.44    2219.37    1828.75    1600.31    2856.52    4434.54    4320.46    3365.70    3619.46    4100.34    3777.19    3377.93    2930.89    2426.74    2683.27    2826.78    3151.09    3306.81    2962.75    3393.35    3033.37    2743.91    2049.60
 4    1379.00    1416.02    1389.35     986.59     856.26    1356.09    1923.45    1901.29    2279.98    2079.58    1411.98    1089.54    1469.71    1556.54    1332.63    1532.12    1622.72    1726.23    1735.27    1711.29    1684.43    1757.97    1859.65    1823.02    1547.96    1253.12    1073.05
