2019 2020 2021 2022 2023 2024 2025 2026 2027 2028 2029 2030 2031 2032 2033 2034 2035 2036 2037 2038 2039 2040 2041 2042 2043 2044 2045
 0.3695097  0.3616494  0.3178506  0.3464437  0.2683885  0.3829418  0.3017367  0.4832346  0.5205341  0.5232307  0.6035467  0.3365973  0.3001693  0.4321389  0.4539953  0.5655096  0.5825009  0.3953233  0.4298672  0.2040051  0.1739960  0.3026028  0.2314095  0.3898678  0.3371460  0.5602906  0.6028641
 0.3576641  0.3116645  0.3098620  0.3864797  0.3908271  0.3026809  0.2920183  0.3397215  0.3283013  0.3056358  0.2961975  0.1949121  0.1892064  0.2302486  0.2379870  0.2251248  0.2209834  0.2083346  0.1806233  0.5793036  0.8109756  0.6450681  0.8085203  0.4268834  0.5041011  0.2337284  0.2357434
 0.3464490  0.3953121  0.3793925  0.4121966  0.3888300  0.6741517  0.8699385  0.4393081  0.3886230  0.3385281  0.3225299  0.3962950  0.3820658  0.2293089  0.2142012  0.3759751  0.3781688  0.3733717  0.3806506  0.3129334  0.3121688  0.5447259  0.6985111  0.3243215  0.2666810  0.3158818  0.2755073
 0.3476240  0.1787100  0.1695273  0.3804135  0.3922506  0.3612564  0.3804552  0.2119061  0.2142475  0.2079997  0.2069180  0.2225285  0.2038574  0.2198064  0.2185429  0.2477243  0.2570749  0.3465053  0.3970607  0.3097357  0.3165749  0.3666528  0.3452547  0.3852019  0.4561939  0.3723506  0.3977307
 0.3487996  0.3051544  0.3056283  0.3212731  0.2949558  0.4217293  0.4333957  0.7703989  0.9802679  0.8278078  1.1488600  0.4108929  0.3398870  0.2721888  0.2661839  0.4618380  0.5037940  0.4907533  0.5454948  0.2482371  0.2169937  0.4774023  0.5749796  0.7225661  1.3435204  0.4296512  0.2419508
 0.3394349  0.4311626  0.4351252  0.5312661  0.5744641  0.4614347  0.5591822  0.3351589  0.2671703  0.3443800  0.3122114  0.2081837  0.2154155  0.3150404  0.3329950  0.3628967  0.4045241  0.2968918  0.3277640  0.2144457  0.2184804  0.3208929  0.2825896  0.4576609  0.5451119  0.2168404  0.1894529
 0.3824709  0.4316320  0.4526336  0.2365587  0.2334360  0.2480533  0.2573865  0.2509438  0.2698331  0.2909754  0.3005340  0.2741925  0.2206882  0.1774499  0.1679458  0.3909737  0.4433906  0.3541447  0.3607240  0.2145352  0.1930658  0.2517061  0.2391130  0.3496308  0.3801446  0.2751972  0.2891869
 0.3701290  0.1554671  0.1484524  0.1901871  0.1899859  0.2811357  0.2981075  0.5215368  0.5052247  0.2992835  0.2629559  0.5063695  0.6108557  0.4023080  0.4761506  0.3081714  0.2483518  0.4095455  0.3690682  0.7572467  0.9417868  0.6576234  0.8931386  0.2713038  0.2848687  0.2802224  0.2470877
 0.3638768  0.4229396  0.4110458  0.6451300  0.7679191  0.4688157  0.4872363  0.1863836  0.1550013  0.2984655  0.2509165  0.3696216  0.3907688  0.3017075  0.3429598  0.2446053  0.3104543  0.2182168  0.2236340  0.2433887  0.2323068  0.2240572  0.2368534  0.1993802  0.1788730  0.2164563  0.2077235
 0.3850089  0.4819840  0.4733276  0.2722461  0.2448251  0.2608438  0.2609759  0.2755722  0.2857067  0.2778180  0.2635913  0.2432677  0.2568538  0.2858963  0.2687008  0.2744689  0.2394387  0.3566277  0.3672643  0.3280292  0.4127719  0.7071850  0.9984390  0.3404429  0.2986889  0.3046698  0.2948805
 0.3449682  0.2122077  0.2120405  0.2747456  0.2594485  0.2944145  0.3175310  0.3485317  0.3477839  0.3091168  0.3309890  0.3120526  0.2586773  0.4139892  0.3795980  0.3571276  0.3705339  0.3520513  0.3703200  0.2537765  0.2593748  0.4197984  0.4625684  0.3207878  0.3429456  0.4779333  0.5541502
 0.3868784  0.3324250  0.3479215  0.3907359  0.3843867  0.4292178  0.4755488  0.4646180  0.5494222  0.3387984  0.3097641  0.2807356  0.2342666  0.3376272  0.3142134  0.4568653  0.5336002  0.4897739  0.5361158  0.2636394  0.2496916  0.3466211  0.3486303  0.4489950  0.3945962  0.4690753  0.4532341
 0.4068006  0.3536810  0.3561003  0.2086078  0.2214602  0.2468116  0.2470982  0.1648613  0.1772247  0.3106359  0.3727786  0.4218680  0.4585625  0.4071515  0.4358370  0.2741727  0.2795093  0.4045081  0.3515165  0.2397833  0.2272529  0.3146955  0.3388036  0.5417229  0.6148427  0.3644726  0.2834740
 0.3868869  0.4738681  0.4624957  0.7229022  0.9071084  0.5842319  0.4755133  0.6927919  0.7502839  0.5021995  0.4632200  0.4513232  0.4079815  0.4263651  0.4958256  0.3455297  0.3152621  0.2649302  0.2392031  0.3084899  0.2776927  0.4439796  0.5654373  0.4033178  0.4822998  0.2893765  0.2632555
 0.4323681  0.4570977  0.4438700  0.4147602  0.3921277  0.2358840  0.2220434  0.2424064  0.2974755  0.4321296  0.4336802  0.1525302  0.1566913  0.3052456  0.3001667  0.2527844  0.2829305  0.3866317  0.4456682  0.3710490  0.3535411  0.2489962  0.2401837  0.1968522  0.1922324  0.2799225  0.2563393
 0.3936755  0.4415166  0.4073760  0.2598834  0.2565189  0.4712349  0.4615473  0.4768645  0.4871673  0.4321453  0.3960009  0.3401226  0.3463904  0.3679426  0.4078750  0.3151736  0.2706837  0.2860765  0.2523804  0.3161636  0.3424612  0.5024393  0.7191611  0.5345522  0.5022347  0.3495548  0.3127343
 0.3811711  0.4320404  0.4315450  0.2623262  0.2555554  0.3713945  0.3324623  0.2389370  0.2430468  0.2522717  0.2455392  0.2277280  0.2608287  0.2310143  0.1837173  0.2863391  0.3090160  0.4108380  0.4385285  0.4368872  0.4645001  0.6563623  0.9907483  0.4356414  0.4573522  0.2472907  0.2179768
 0.3180644  0.2674156  0.2442693  0.3569004  0.3267545  0.2719967  0.2580774  0.4278030  0.4819663  0.4294633  0.4947336  0.3192949  0.3009886  0.3968912  0.3658458  0.2575942  0.2348521  0.2908567  0.3003731  0.3707790  0.2977942  0.2797237  0.2590705  0.3171922  0.3552681  0.3113354  0.2754266
 0.3661831  0.3720750  0.3437064  0.8640717  1.4246824  0.8922692  0.5024110  0.3147849  0.3018385  0.3095425  0.3064206  0.2746141  0.2456186  0.3074798  0.3233799  0.2275585  0.1978297  0.2413990  0.2359008  0.2020846  0.1804156  0.2288954  0.2606797  0.2043942  0.2052571  0.2165728  0.2029514
 0.3672031  0.2993490  0.2689094  0.4012361  0.3882800  0.3961678  0.3651083  0.4521296  0.6046583  0.1932054  0.1814534  0.2773641  0.2701629  0.3366193  0.3508996  0.5559692  0.6235975  0.9420484  1.5327653  0.7156834  0.5570979  0.6859662  0.7837818  0.4393348  0.4582088  0.3020937  0.2726010
 0.3251653  0.3578074  0.3359015  0.3607848  0.3752923  0.2086639  0.2072022  0.2855495  0.2616087  0.1852141  0.1604344  0.2885748  0.2798652  0.3503317  0.3654376  0.4735856  0.5891921  0.6494509  0.9225751  0.4492454  0.3839373  0.2372255  0.2135121  0.3674748  0.3986657  0.3487918  0.3127579
 0.3393207  0.3844664  0.3904947  0.2466408  0.2423540  0.2416234  0.2310043  0.4469668  0.5395735  0.1781672  0.1843315  0.2758873  0.2642458  0.3823253  0.4256253  0.3989055  0.4581911  0.3225559  0.3133866  0.3812783  0.3594834  0.3054302  0.2878247  0.2013009  0.1961155  0.1956775  0.2044857
 0.3828618  0.3594004  0.3391457  0.5814709  0.6008858  1.5091381        NaN  1.0030031  0.8726114  0.7558688  0.6958214  1.3686473  2.1549388  0.7835266  0.5130346  0.5251749  0.4841649  0.2876664  0.2757765  0.2726927  0.2726556  0.1703309  0.1949888  0.3714195  0.3966707  0.4248778  0.4868309
 0.3563025  0.3943766  0.4069714  0.3011058  0.3320263  0.2453751  0.2275326  0.2549078  0.2528795  0.2674220  0.2627468  0.3588065  0.4343604  0.2858984  0.2719837  0.2765976  0.2549008  0.2960711  0.2147382  0.3671880  0.3758446  0.4523123  0.6761533  0.3678956  0.4754840  0.2985342  0.2864608
 0.3215713  0.3204716  0.2835217  0.3408103  0.3431743  0.4512552  0.4721955  0.5599252  0.7448975  0.2640848  0.2501513  0.1875704  0.1823476  0.2945046  0.3049240  0.4151885  0.3756458  0.3662237  0.3683834  0.3301424  0.3704734  0.4067865  0.3226416  0.3451560  0.3654027  0.2560104  0.2777414
 0.3346949  0.2380859  0.2287225  0.2657299  0.2985766  0.4799968  0.6489736  0.2552959  0.2324992  0.2484431  0.2543072  0.2391988  0.2071891  0.2671317  0.2553960  0.1813635  0.1958753  0.2406840  0.2439841  0.2584093  0.2960663  0.2649284  0.2732195  0.2343497  0.2552312  0.1693425  0.1547607
 0.3399655  0.2302180  0.2215794  0.2954042  0.3071450  0.3305937  0.3620552  0.2160213  0.2107363  0.2958402  0.3200033  0.2358385  0.2201407  0.1874754  0.1867505  0.2376709  0.2665194  0.2500053  0.2667330  0.2690185  0.2508194  0.1525042  0.1578096  0.2338607  0.2408393  0.2787118  0.2645196
 0.3825636  0.2796357  0.2588571  0.3119759  0.2783377  0.3165402  0.2942781  0.2998330  0.3198651  0.2552969  0.2637340  0.3610572  0.4001495  0.2639434  0.2300408  0.3623161  0.4285108  0.4313565  0.3887833  0.2108658  0.1894528  0.2191944  0.2046157  0.3303855  0.3404811  0.4249221  0.5414794
 0.3444544  0.2992347  0.2828085  0.4498607  0.4799578  0.3392655  0.3348725  0.3233417  0.2735250  0.1912560  0.1952441  0.3373824  0.3730075  0.3645575  0.3833446  0.2475107  0.2302907  0.3660844  0.3282776  0.3252309  0.3320451  0.3790562  0.3889039  0.2841823  0.3145790  0.2002736  0.1888106
 0.3101507  0.3479694  0.3298110  0.3154272  0.3037569  0.4795241  0.6211347  0.3084048  0.2856947  0.1707736  0.1774071  0.2779721  0.2920802  0.5016956  0.6262212  0.4737598  0.4635435  0.1749295  0.1691652  0.3539020  0.3347000  0.7564074  1.0402215  0.4113414  0.3457967  0.4174279  0.3558041
 0.3940070  0.3454251  0.3337457  0.3578425  0.4231407  0.2721751  0.2585647  0.3870609  0.3860572  0.4748879  0.6151176  0.2644295  0.2563395  0.3014262  0.2883095  0.3163481  0.2784388  0.3154020  0.3075988  0.4426192  0.5143863  0.4079101  0.4093083  0.2662824  0.2573812  0.2401194  0.2433675
 0.3111018  0.3643253  0.3328224  0.2034426  0.1988662  0.2737248  0.2740376  0.2992590  0.2958219  0.1907921  0.1869933  0.2716449  0.2498788  0.2636161  0.2534878  0.2674314  0.2666965  0.1900634  0.2025298  0.2000115  0.2186979  0.1664071  0.1633318  0.2447939  0.2652981  0.2555744  0.2521883
 0.3583571  1.0019845  1.2609340  0.6135129  0.6688552  0.5301918  0.5128607  0.3348926  0.2757738  0.2766893  0.2789260  0.3658764  0.3609457  0.3586713  0.3662335  0.2536982  0.2629447  0.3320905  0.3116489  0.5725354  0.7799454  0.3370718  0.2494613  0.3607714  0.3521770  0.3851838  0.4645579
 0.3597885  0.2059106  0.1988120  0.2582018  0.2425409  0.3299296  0.3185735  0.3443076  0.3506221  0.4172382  0.4227072  0.7188898  1.1132663  1.5244989        NaN        NaN  0.2338752  0.1430404  0.1448808  0.2298381  0.2089032  0.3109266  0.3055589  0.4138885  0.4743150  0.3018056  0.2782738
 0.3998546  0.1651462  0.1445519  0.2448896  0.2672300  0.2518449  0.2487377  0.2192491  0.1929486  0.2111752  0.2003712  0.2353490  0.2160267  0.2631070  0.2956401  0.2088461  0.2020259  0.3656831  0.4027428  0.3773601  0.4084376  0.2769404  0.2655883  0.3521968  0.3914032  0.5161330  0.6456939
 0.3698310  0.2464542  0.2491518  0.2806552  0.2476835  0.3181693  0.3385213  0.4063478  0.4109661  0.3859718  0.3906336  0.5273996  0.6093548  0.2674535  0.2619859  0.3311038  0.3337627  0.6046014  0.6807847  0.4872640  0.5127961  0.2856152  0.2319186  0.3462582  0.3206643  0.3453908  0.3019467
 0.3254748  0.4743100  0.4811880  0.2783539  0.2737482  0.3288372  0.3162308  0.4610383  0.4431748  0.5023193  0.4056807  0.2937222  0.3091369  0.4822025  0.5955036  0.4375071  0.5266200  0.2854685  0.2538841  0.2065321  0.2098758  0.2784402  0.3097040  0.2454037  0.2126101  0.1986570  0.2024780
 0.3566842  0.3910993  0.3840946  0.3338536  0.3280774  0.3015672  0.2885220  0.2739748  0.2435007  0.3720992  0.3643922  0.5482356  0.6715993  0.4507543  0.4144051  0.4323059  0.3940238  0.2407016  0.2209562  0.3347528  0.3445438  0.4507024  0.4469976  0.4745696  0.4717254  0.5571233  0.6747936
 0.3821883  0.2717455  0.2405211  0.3287584  0.3026504  0.4211166  0.4505358  0.5277967  0.6610543  0.4211274  0.4434059  0.3289082  0.2832410  0.3094996  0.3143676  0.3196030  0.3277170  0.2022234  0.2094584  0.2269603  0.2202877  0.2705916  0.2922553  0.2546714  0.2500769  0.3016263  0.3145716
 0.4417653  0.3294557  0.3169990  0.4618692  0.4302184  0.3027001  0.2741143  0.4652681  0.4042735  0.4695530  0.5378379  0.2993141  0.2805716  0.2552317  0.2535944  0.3076368  0.3350042  0.2399193  0.2547074  0.2149934  0.2181156  0.1969044  0.1985518  0.1708022  0.1626778  0.2475022  0.2728278
 0.4166687  0.5375228  0.5515833  0.3974055  0.4091227  0.3854689  0.3912756  0.3306984  0.3511025  0.2380624  0.1974529  0.2600190  0.2530328  0.2361160  0.2438726  0.2172009  0.2350733  0.1853166  0.1823775  0.2535696  0.2493278  0.2854176  0.3022863  0.2666359  0.2740807  0.3547233  0.3834792
 0.3574196  0.5595959  0.5477594  0.3978734  0.4120726  0.2587474  0.2381804  0.3847939  0.3634440  0.3314833  0.3566410  0.3833413  0.3882941  0.6718758  0.9093606  0.6772289  0.5355043  0.3438267  0.3373426  0.5063987  0.5125282  0.2769991  0.2821021  0.4677192  0.4840279  0.2478648  0.2364832
 0.2958877  0.5359581  0.5651936  0.4839478  0.4606939  0.4576036  0.4131337  0.2401893  0.2491940  0.2144929  0.2117448  0.2555280  0.3029805  0.1645689  0.1710620  0.3058802  0.3274929  0.3773297  0.4500912  0.3755585  0.3720167  0.3595381  0.3564260  0.2656260  0.2565975  0.1668269  0.1617106
 0.3865434  0.3701072  0.3952548  0.2051153  0.1859428  0.2901714  0.3187213  0.3854455  0.3170599  0.3276610  0.3082854  0.2870647  0.2963009  0.3293286  0.4073393  0.4382817  0.4464029  0.2893559  0.2501369  0.2650635  0.2565890  0.2727120  0.2891362  0.2681780  0.3061108  0.3751704  0.4674962
 0.3865238  0.5305018  0.5566938  0.7983583  1.1329617  0.4090403  0.3739144  0.2691096  0.2403615  0.3025139  0.2962421  0.3211195  0.3716877  0.3344686  0.2675246  0.3122315  0.2638252  0.4054050  0.5542546  0.5781693  0.3673485  0.3601512  0.3511203  0.4684803  0.5315437  0.3228640  0.3707648
 0.3777113  0.3929755  0.3914363  0.3595898  0.3633077  0.3510301  0.3523756  0.4041372  0.4519979  0.2322900  0.2064445  0.2871137  0.2822954  0.2818891  0.2910297  0.3588080  0.3553017  0.3218305  0.3011611  0.4834152  0.6139055  0.3450829  0.3697520  0.3056787  0.2665947  0.4567620  0.4601264
 0.4111556  0.4830580  0.4471921  0.3567100  0.3536302  0.4486985  0.4710578  0.3353348  0.2693658  0.3143079  0.3035218  0.2503132  0.2411609  0.3092664  0.3060360  0.3764103  0.4555643  0.5138438  0.5953529  0.2250329  0.2235702  0.3024713  0.3222092  0.5688619  0.4700736  0.4074139  0.4230544
 0.3455751  0.3274039  0.3280835  0.1968812  0.1886577  0.4086837  0.5141718  0.2599051  0.2079323  0.3418846  0.3398943  0.3338193  0.3278553  0.3793513  0.3947762  0.6145591  0.6949319  0.2567743  0.2284034  0.3149616  0.3259519  0.2870261  0.2794876  0.4508948  0.5459563  0.4228139  0.3790349
 0.3946370  0.2589705  0.2778935  0.2092270  0.1880805  0.3121394  0.3100550  0.2193500  0.2376848  0.3390849  0.3684785  0.3894649  0.4105715  0.2683900  0.2570329  0.3379314  0.3777726  0.2539841  0.2480307  0.1890123  0.1775312  0.1719698  0.1791230  0.2316912  0.2246138  0.3477392  0.3471089
 0.3255364  0.2567228  0.2329734  0.4254348  0.5065929  0.6592805  0.6167377  0.3912577  0.3457046  0.4585818  0.4662283  0.2198599  0.2274923  0.3736274  0.3842016  0.5230800  0.5370395  0.2866869  0.2711035  0.3411017  0.3376135  0.4283449  0.4329092  0.4865583  0.5067095  0.6786964  0.9132782
