2019 2020 2021 2022 2023 2024 2025 2026 2027 2028 2029 2030 2031 2032 2033 2034 2035 2036 2037 2038 2039 2040 2041 2042 2043 2044 2045
  25959.53   26051.37   26175.84   25868.61   38005.58   58416.94   61970.52   59052.78   45270.35   33080.97   26431.36   22429.39   22953.36   21838.89   18961.97   18494.26   17349.37   14158.98   13481.72   16275.87   23068.76   29764.70   31267.69   36729.46   40527.09   40273.84   31652.93
  26666.73   26817.68   27459.81   27258.18   24850.06   25271.89   29141.16   30545.47   31655.19   33896.09   33677.54   33377.16   34743.70   35474.03   36229.38   34761.79   40893.24   51952.08   55660.04   56696.84   41198.49   27394.83   22129.35   15007.18   13707.66   13665.50   16572.92
  27337.97   27563.26   26801.82   28407.54   30303.30   29245.40   23129.92   19315.88   21152.50   21528.84   20795.68   21090.35   22652.32   23067.66   25429.69   28166.35   27511.80   27714.41   27699.72   27397.87   26275.71   23812.67   19530.54   19381.29   27148.48   33338.75   33363.85
  27375.08   27902.26   31000.13   33477.08   30858.32   27622.01   26088.34   25800.65   33034.67   44430.44   50710.22   56295.09   61056.01   60515.69   57722.23   53101.17   49591.19   47508.66   41720.78   37756.63   41369.99   46549.22   43998.53   38480.63   31961.42   26080.77   23324.26
  27413.16   27422.00   28028.79   28724.71   33022.04   38506.43   39710.79   39974.29   33765.25   28023.00   21087.61   12237.77   17962.71   26543.30   32449.82   35490.41   30311.64   23859.31   24345.01   27972.65   30601.26   31254.07   25521.23   19052.58   13265.66    9063.18   13084.14
  27916.22   27932.99   26475.64   25529.71   23790.77   20686.98   19020.98   20224.48   27639.98   33900.88   33007.40   29853.71   30040.98   31001.09   30041.33   28069.54   24023.55   19910.12   19382.60   18858.59   21354.20   27869.18   31827.21   31771.93   28299.22   27993.05   33042.66
  25293.69   25675.19   25115.48   25457.25   28717.26   28728.96   26705.39   24200.70   22023.48   19498.96   17021.17   18668.75   24157.63   29131.73   31920.02   33021.93   28189.75   22248.28   26351.87   37378.65   47578.22   57564.18   63789.29   64977.84   56472.49   45417.67   38515.14
  26166.07   25622.66   28798.42   30654.91   29756.75   28382.17   30390.92   36258.47   39211.01   43639.99   48548.01   49787.27   39491.13   28142.89   23982.53   20060.00   31644.71   50616.63   54311.50   54025.62   42010.28   27730.75   20927.36   15352.45   18434.44   23696.93   33608.27
  26381.36   26438.13   25574.59   24123.34   19988.48   17540.34   18881.79   23284.26   37051.43   52378.21   57545.46   57212.24   49608.75   41782.50   35659.52   28173.18   24139.97   22474.92   23941.04   24263.30   26247.57   28861.04   29309.59   47398.83   80079.47  100902.99  104684.31
  25129.66   25193.12   23952.99   27046.62   33475.46   34226.02   31346.77   28582.34   26456.73   25089.28   25238.79   25589.62   24709.95   26444.06   31288.38   38841.98   46662.38   50519.07   45328.80   37193.67   30348.01   24595.89   17831.69   12269.78   15562.79   19849.27   20818.29
  27619.19   27734.69   29867.43   31381.73   31953.55   32527.50   33982.81   35127.50   31389.29   27930.35   26659.94   30235.42   39149.79   45835.22   47170.90   48032.39   45223.18   42662.91   41067.13   36815.25   34861.81   32271.31   28571.58   25446.43   23378.75   21368.73   19239.58
  24999.65   25065.38   25861.01   27204.91   27699.15   25964.13   22336.14   18165.82   16597.01   15758.59   20451.90   29802.46   42142.55   53465.65   53487.36   50056.71   39527.70   31178.44   28625.43   27835.42   34301.83   38295.40   38651.70   47680.13   55980.40   59426.29   57968.64
  23892.22   23434.10   23969.71   23024.26   27521.85   34601.97   37547.61   36876.89   35292.95   31580.63   26102.12   22133.43   19823.23   17959.84   16490.39   15581.35   15791.76   19701.04   25875.55   28180.92   29056.00   28951.19   26396.90   24528.56   22765.65   30903.16   43291.70
  24949.98   25151.37   24136.24   22849.93   18542.30   17620.11   22654.66   26119.57   23041.07   19185.52   22894.02   29166.01   32527.71   32309.37   28632.01   25034.87   29394.71   33500.96   41699.01   54794.90   57794.76   54412.43   41340.94   28067.45   24074.20   20743.80   19906.60
  22802.38   22249.88   21808.31   22967.88   27545.84   30798.74   31791.98   30020.62   25911.67   21298.65   19163.94   27514.71   41734.14   48345.20   44709.64   38499.24   33427.81   29020.46   24589.66   23748.28   25184.20   25144.13   25330.99   25585.39   27725.13   32193.89   36297.53
  24653.49   24614.47   24070.70   22891.92   24190.26   27429.54   27690.05   28887.37   29097.17   29828.73   34867.47   37714.35   36752.52   34802.39   32596.31   31418.76   46728.63   69379.08   78409.09   77365.35   65098.53   50785.04   37697.56   29105.44   31157.30   34949.62   42922.29
  25237.80   25258.33   24512.46   24344.96   28280.70   32346.17   31462.40   29129.02   29289.42   30880.01   32147.17   32336.59   33753.92   45572.97   61011.64   65837.03   58265.99   51716.29   49192.84   47103.95   40140.67   32086.09   22993.42   13785.37   15032.64   19028.77   22352.37
  29448.01   29880.41   30876.82   34309.38   35737.04   37350.62   41257.79   41379.98   33113.42   24638.71   23236.84   24448.60   24872.59   27272.86   29182.61   31083.73   35768.86   37449.45   36210.61   43014.69   51683.58   56172.06   55999.53   51276.44   41912.41   39814.40   44982.05
  26177.49   26590.86   26566.11   25421.49   15919.38    9222.60   10781.80   12747.98   14893.36   16053.92   19092.65   22652.82   22611.24   22484.86   22917.65   24380.98   26726.18   27503.30   27407.16   28458.01   29060.42   27268.25   23950.41   22897.43   24611.39   27815.67   32113.22
  26270.83   25684.57   26396.17   29826.54   34707.73   37424.81   33869.24   28146.59   22572.34   25375.39   37304.99   43544.37   42418.49   41915.18   44259.33   45521.68   37628.54   30006.68   20466.40   15262.94   19010.23   19848.40   17236.23   13102.67   13548.19   14014.97   17559.22
  29044.42   28804.22   28088.76   27082.82   25912.29   24347.89   26429.52   30248.33   36071.34   45426.12   53019.47   59681.51   59806.94   56683.21   49520.52   41161.90   30692.45   20651.22   16327.68   14874.58   19542.70   24927.26   28013.14   30047.55   29120.43   31742.19   39731.40
  27952.23   28601.36   28126.91   27111.43   29992.54   33675.31   34676.15   33020.68   27822.16   24275.61   29890.78   36824.43   38614.69   37897.88   31903.08   25960.32   22194.32   19456.15   20450.05   21540.37   23293.29   28004.87   32652.18   33894.19   33593.69   32208.30   31424.19
  25266.52   24941.75   25115.78   28589.95   30192.72   27787.41   20547.11   19081.60   19607.02   18444.68   20619.98   22261.07   17757.02   14145.92   24618.16   37179.65   38370.15   34647.44   34571.21   33537.62   31942.91   30260.54   32464.70   34610.38   31229.99   26304.98   23173.89
  26685.80   27043.85   26592.95   24969.63   23113.46   22175.55   25191.96   27763.56   28794.95   28873.24   27410.75   24999.36   22947.22   21526.21   27103.88   37105.47   49092.96   82654.98  124123.33  148502.55  132298.72  103007.59   71707.10   42416.73   34949.14   31946.87   35323.61
  29213.68   29706.20   29901.19   32001.20   33493.89   33834.87   30967.76   26132.48   19989.73   14908.48   17895.97   23968.28   31139.22   35625.70   33855.20   33965.35   36689.29   37915.61   35672.36   32914.60   30172.29   38726.92   53127.32   55398.85   48353.90   39548.74   35348.91
  28456.26   28346.14   29869.41   31088.91   30032.59   26273.74   20095.57   17198.58   20478.53   24868.07   29139.16   36582.14   46939.33   52762.07   52300.96   50430.95   48881.72   45776.45   40422.31   36117.57   32517.29   30755.84   30863.76   28236.05   27390.00   27606.77   27868.71
  27992.40   27615.38   29193.00   30699.92   30883.61   30797.55   29505.11   27124.77   27659.51   27490.84   29818.65   36736.50   41562.40   41405.19   38396.66   35820.52   34398.48   31601.45   29499.65   28545.30   28217.86   28574.50   29841.52   30683.82   32606.97   37605.77   40620.80
  25257.70   25172.50   26618.61   30113.33   36363.93   46061.28   51250.62   49128.20   42556.85   36679.93   34863.42   32912.15   30969.22   29912.53   28982.26   26825.41   22428.10   20955.79   24002.52   33237.16   46223.58   54386.45   60052.23   63260.04   54911.13   44677.89   32960.58
  27373.46   27647.46   28477.22   28484.36   25353.06   22806.60   22235.54   24156.85   28835.08   34077.80   39651.59   41734.94   36255.99   30315.44   28482.70   27976.22   29052.19   32385.65   38708.09   46896.57   49265.07   49612.94   47187.86   40616.88   39227.58   41324.91   46927.33
  30096.56   30971.34   30587.85   28964.95   26289.64   23319.68   17844.33   14384.28   16940.29   23723.48   33324.87   37794.04   35596.57   31885.18   24274.58   18449.33   19795.17   24368.22   31172.49   35423.96   32745.01   30746.80   23789.72   17978.16   24103.04   37157.75   48775.24
  24580.27   24581.66   25201.98   24696.87   23090.18   23184.59   30298.25   37552.65   36499.82   31348.06   24912.08   19394.53   19501.40   20576.20   24741.38   31898.64   42589.44   52992.62   52241.46   47281.72   39774.45   34494.52   33047.69   29855.25   29071.26   29298.72   30077.67
  30138.69   30885.72   30133.63   29685.34   31690.07   32715.07   31826.51   30444.68   33281.59   40645.78   45386.02   50385.46   52712.21   51508.14   49715.06   49107.76   47389.08   42358.76   37796.68   33795.03   29771.47   27953.09   29337.48   29608.02   27459.56   28304.21   32056.98
  26759.69   26880.70   19664.83   13733.42   12963.38   12363.28   12638.86   15490.14   21177.82   24512.55   26521.41   29544.09   32452.46   34849.32   34363.36   30348.42   30620.07   35083.24   36480.20   35448.77   27582.28   30397.47   46712.53   52764.50   46439.07   37619.36   30153.25
  26581.09   26545.55   28912.60   35125.43   41186.94   43824.22   44390.68   44825.15   42738.67   41398.00   38137.90   32927.69   21590.71   11901.67    7082.09    2946.62    6399.97   17474.36   30234.14   41968.54   49368.32   52193.96   47284.46   40420.37   36926.01   38189.42   38764.19
  24226.29   23885.80   27132.79   30251.66   31077.61   32671.42   37159.67   39964.52   49434.26   62839.63   67060.14   67409.53   60624.70   51421.33   43664.88   41827.20   45089.83   46161.10   42446.84   39746.23   38128.20   36624.48   40534.19   41387.60   37067.84   32326.04   26062.15
  26100.86   26523.31   28539.95   33223.60   37532.38   37603.33   35645.30   36284.72   36001.68   33822.10   30029.55   25886.09   22142.81   20435.87   23014.53   26051.65   26930.67   25885.41   22505.60   20018.64   18579.02   19860.21   27737.68   35718.44   41983.95   51952.32   55912.27
  29053.97   29015.13   26515.52   23592.01   24522.15   28779.33   31605.17   32984.98   37279.83   49618.76   55570.05   51723.04   48686.69   45018.77   34433.67   24627.98   20885.29   18074.04   18467.83   18114.45   18187.26   18450.06   17990.81   19644.74   23340.19   24835.80   26320.29
  26783.24   26992.21   26511.97   25218.19   24417.89   24094.26   27454.16   33225.72   38254.74   42898.76   41185.82   37489.77   28426.27   22345.59   24088.00   25517.22   27119.37   29849.88   34777.29   36443.69   34710.22   37495.92   40919.81   44850.96   44435.28   39525.80   31087.84
  25371.65   25493.70   27116.91   30240.44   31795.15   32715.78   30576.79   26382.95   22151.72   18417.78   18598.79   26885.50   37718.99   41193.66   39546.30   36179.77   34273.43   32509.64   31689.65   32317.96   32701.24   32350.07   31223.44   30491.76   30297.50   28602.99   27057.08
  22355.18   22021.23   23300.37   25170.05   24852.42   24144.57   33205.29   46892.22   47408.89   42194.17   32999.12   27491.17   29482.00   28350.89   26603.99   25361.29   23800.57   21779.64   21091.26   20718.33   20714.88   21070.69   26112.69   34016.02   38721.39   40317.05   37328.85
  23426.02   23556.33   22230.38   20628.89   21106.94   20999.05   19290.16   17198.06   17670.52   22041.72   28545.13   31751.65   33593.85   35118.31   33190.68   30436.70   29825.87   29281.82   33621.14   39684.92   41608.33   41885.88   38964.65   37884.58   38604.68   35805.97   29243.34
  26696.18   26881.07   24116.37   20721.39   19901.16   22488.53   26759.98   30724.19   33413.92   34236.54   33760.22   34173.82   34446.49   32922.50   24121.83   20946.56   26048.20   25767.12   25760.61   26941.53   25629.80   23546.91   24787.25   25074.45   24729.98   26723.01   28523.09
  31453.20   32108.03   28128.62   25808.45   27379.66   31824.65   35068.48   33471.82   31928.62   30174.97   30855.66   30466.83   28725.80   26607.66   27838.26   29243.14   26297.72   23041.08   20006.06   18290.12   19096.49   19676.92   20081.46   20144.82   23572.02   30397.45   36940.12
  25152.40   24404.06   24319.31   29546.20   39894.48   43485.51   38816.93   45712.54   64430.93   76229.35   75939.23   69981.41   60061.58   52055.09   47454.37   44445.01   42607.81   49784.84   67725.42   77871.08   77975.83   75116.16   69579.49   60845.74   50809.91   40794.86   33098.50
  24973.46   24934.25   23011.76   20842.07   15867.86   10190.71   13909.67   19761.72   24714.39   29596.24   30865.23   28802.29   24753.98   25425.70   37098.71   48812.35   49874.00   46223.00   36621.96   45112.55   67576.81   76790.98   69885.00   61585.67   52250.15   39856.66   34079.92
  25543.06   25011.68   24589.56   23385.86   22550.55   22839.41   22879.93   21365.44   19730.71   22899.70   29752.75   32099.29   30693.77   29192.52   28689.99   29120.19   30079.61   32062.04   30900.63   28258.56   22901.61   18029.63   18085.49   24308.35   34170.58   38546.60   34188.68
  23836.90   23187.76   22165.20   21579.30   21225.09   21715.38   22378.46   29007.82   40674.41   46233.69   43570.92   42816.06   50931.21   56812.36   52311.88   44543.22   34648.52   27100.12   23651.86   21204.77   24675.06   28954.46   30417.11   40245.18   47789.34   47388.61   45909.77
  27623.98   28026.18   28391.81   27661.38   27437.07   26156.91   23035.64   26410.85   35582.84   40333.72   39770.24   38908.50   37339.95   35423.80   31424.78   28056.10   26101.35   28305.15   32062.18   33221.28   32926.62   32959.69   32137.97   28915.25   24047.51   23513.97   25839.78
  24735.90   24440.86   26195.27   35976.09   49951.43   55635.58   51549.77   45405.05   44493.28   43574.82   35746.68   31433.80   32095.75   32783.21   34388.20   34382.62   32023.71   30082.63   31225.19   30446.48   32536.30   36747.38   38862.85   41387.60   43087.51   44576.73   40931.85
  28855.99   29131.48   30279.82   29674.66   23554.38   20099.07   23994.98   29433.38   34972.82   39492.13   35592.16   30038.23   32129.66   34582.73   32377.95   30963.13   29970.14   30254.55   33095.91   35726.26   36859.99   37699.54   37205.91   36080.10   33294.76   29064.74   22184.44
