FL 2019 2020 2021 2022 2023 2024 2025 2026 2027 2028 2029 2030 2031 2032 2033 2034 2035 2036 2037 2038 2039 2040 2041 2042 2043 2044 2045
 1  0.1254765  0.0537101  0.0373659  0.0520534  0.0372977  0.0938446  0.0720960  0.1413961  0.1686920  0.1975143  0.2642527  0.1431909  0.1440809  0.1678330  0.1986715  0.2706889  0.2847311  0.1651471  0.1855311  0.0570886  0.0396357  0.0568600  0.0492291  0.1257306  0.1084543  0.1963732  0.2293717
 2  0.0238751  0.0086047  0.0058698  0.0089238  0.0046008  0.0139651  0.0128792  0.0294849  0.0402839  0.0507295  0.0648001  0.0294322  0.0289822  0.0356429  0.0421497  0.0522851  0.0534968  0.0328756  0.0355791  0.0093046  0.0064469  0.0098632  0.0095462  0.0231933  0.0204709  0.0397843  0.0498008
 3  0.1162273  0.0902868  0.0771374  0.0666038  0.0623766  0.0544015  0.0620781  0.0796601  0.0708125  0.0899293  0.0643870  0.0704867  0.0595820  0.0762177  0.0712888  0.0729912  0.0579591  0.0752749  0.0652314  0.0658983  0.0553702  0.0702541  0.0726284  0.0753990  0.0620121  0.0758766  0.0707248
 4  0.0444602  0.0626557  0.0426546  0.0808562  0.0576811  0.0523105  0.0387384  0.0438619  0.0367493  0.0513929  0.0417677  0.0466681  0.0372167  0.0439997  0.0432107  0.0480090  0.0372857  0.0437524  0.0522306  0.0579171  0.0450794  0.0502324  0.0512135  0.0547633  0.0471691  0.0446562  0.0391923
 1  0.1220670  0.0539047  0.0374075  0.0795080  0.0686439  0.0976145  0.0795352  0.1165261  0.1161150  0.1228795  0.1213703  0.0662695  0.0643417  0.0661426  0.0647563  0.0583734  0.0574667  0.0642372  0.0555365  0.2636702  0.3531158  0.3039634  0.3691883  0.2086528  0.2428973  0.0979450  0.0820578
 2  0.0232303  0.0087191  0.0059398  0.0135465  0.0126760  0.0172393  0.0143698  0.0227330  0.0223277  0.0239478  0.0251409  0.0137696  0.0138499  0.0142969  0.0138796  0.0129884  0.0103747  0.0115536  0.0109302  0.0570075  0.0797065  0.0636409  0.0748728  0.0418449  0.0475858  0.0175903  0.0146512
 3  0.1130934  0.0795250  0.0755538  0.0658787  0.0606261  0.0612523  0.0602943  0.0671800  0.0668172  0.0690159  0.0697169  0.0712074  0.0655366  0.0661578  0.0711708  0.0721269  0.0673513  0.0587040  0.0667945  0.0707950  0.0659803  0.0668378  0.0601615  0.0672699  0.0601930  0.0576959  0.0595178
 4  0.0433681  0.0474943  0.0439953  0.0434884  0.0465351  0.0468696  0.0430231  0.0451904  0.0425042  0.0440258  0.0412501  0.0426047  0.0405506  0.0419190  0.0442305  0.0536702  0.0557521  0.0443733  0.0407517  0.0409589  0.0403245  0.0416839  0.0374252  0.0384966  0.0438140  0.0427213  0.0422309
 1  0.1187765  0.0769133  0.0545835  0.0703884  0.0491159  0.2127292  0.2417713  0.1728746  0.1679386  0.1296930  0.1369851  0.1843928  0.1871701  0.0789491  0.0752959  0.1597514  0.1653952  0.1631670  0.1639274  0.1333924  0.1346785  0.2363220  0.2934881  0.1477801  0.1073022  0.1069588  0.0982110
 2  0.0226444  0.0125015  0.0086400  0.0107084  0.0082202  0.0405141  0.0478379  0.0329736  0.0321260  0.0259230  0.0289067  0.0376933  0.0350435  0.0152106  0.0142498  0.0316368  0.0321988  0.0317895  0.0313892  0.0259677  0.0281915  0.0518978  0.0610740  0.0242458  0.0166638  0.0183640  0.0193113
 3  0.1100329  0.0812252  0.0847599  0.0521861  0.0527323  0.0680553  0.0651196  0.0672109  0.0595698  0.0658426  0.0679603  0.0744846  0.0575534  0.0655273  0.0649834  0.0642597  0.0654222  0.0649232  0.0612090  0.0621142  0.0642214  0.0713881  0.0768355  0.0686150  0.0628067  0.0564276  0.0669898
 4  0.0423910  0.0500765  0.0528660  0.0415688  0.0419902  0.0432235  0.0423144  0.0443317  0.0380267  0.0363462  0.0399975  0.0464290  0.0397618  0.0451170  0.0403839  0.0463652  0.0405700  0.0455841  0.0420650  0.0382021  0.0362125  0.0383829  0.0544109  0.0554852  0.0485828  0.0417321  0.0372614
 1  0.1193897  0.0246958  0.0168110  0.0830316  0.0691529  0.0884469  0.0865089  0.0616506  0.0551107  0.0435722  0.0349296  0.0525987  0.0474342  0.0558592  0.0586848  0.0810679  0.0905528  0.1475484  0.1685429  0.1366650  0.1378130  0.1623369  0.1606460  0.1753303  0.2121123  0.1705045  0.1910213
 2  0.0226910  0.0039735  0.0026797  0.0139569  0.0123459  0.0172571  0.0171388  0.0124038  0.0097220  0.0075355  0.0067378  0.0103653  0.0099952  0.0127646  0.0141843  0.0202215  0.0213972  0.0345058  0.0374337  0.0292132  0.0256206  0.0302036  0.0324336  0.0386337  0.0494253  0.0387501  0.0423861
 3  0.1105887  0.0841182  0.0828230  0.0618147  0.0639570  0.0656890  0.0635835  0.0668565  0.0614180  0.0452406  0.0496946  0.0545445  0.0505653  0.0559015  0.0599571  0.0610593  0.0529643  0.0500493  0.0598012  0.0564044  0.0567256  0.0488773  0.0481907  0.0538592  0.0537982  0.0527103  0.0447538
 4  0.0420011  0.0498597  0.0467025  0.0445643  0.0408007  0.0400599  0.0422975  0.0516153  0.0521125  0.0456611  0.0480066  0.0466542  0.0403869  0.0426302  0.0454125  0.0468836  0.0412938  0.0412574  0.0448390  0.0484248  0.0505982  0.0469017  0.0380333  0.0384227  0.0375250  0.0402696  0.0409776
 1  0.1189860  0.0474579  0.0329784  0.0549072  0.0411205  0.1361785  0.1223407  0.2846984  0.3285669  0.3710789  0.4706676  0.2053542  0.2003719  0.0846359  0.0649875  0.1769196  0.1959104  0.2249300  0.2716711  0.1077138  0.0921916  0.2021299  0.2425596  0.3277193  0.4708953  0.1334675  0.0972724
 2  0.0231473  0.0077530  0.0052605  0.0090164  0.0063949  0.0234597  0.0217352  0.0544314  0.0602100  0.0682511  0.0925909  0.0394947  0.0290760  0.0130802  0.0110133  0.0337535  0.0414790  0.0516191  0.0493654  0.0181718  0.0172674  0.0413982  0.0526386  0.0737396  0.1015661  0.0217590  0.0146916
 3  0.1099257  0.0778694  0.0774549  0.0662258  0.0577457  0.0601507  0.0691242  0.0651708  0.0625026  0.0599150  0.0710920  0.0646752  0.0634805  0.0510128  0.0622382  0.0689832  0.0677494  0.0678083  0.0681554  0.0581527  0.0649831  0.0781954  0.0713290  0.0650746  0.0758953  0.0623865  0.0624720
 4  0.0434759  0.0504950  0.0458078  0.0522523  0.0453318  0.0471145  0.0481251  0.0442648  0.0452724  0.0396836  0.0404027  0.0561272  0.0480426  0.0443912  0.0411017  0.0424046  0.0395475  0.0481598  0.0558167  0.0427645  0.0386009  0.0411973  0.0378227  0.0356567  0.0445857  0.0543640  0.0485308
 1  0.1162521  0.0849438  0.0606036  0.1085409  0.0885168  0.1619449  0.1734431  0.1519893  0.1256286  0.1214099  0.1168621  0.0759162  0.0814017  0.1246102  0.1292402  0.1588203  0.1791658  0.1336888  0.1450059  0.0758808  0.0713657  0.1106686  0.0863838  0.1870078  0.2156249  0.0741233  0.0616897
 2  0.0225599  0.0139384  0.0096116  0.0177623  0.0153674  0.0312792  0.0348019  0.0274865  0.0209185  0.0216890  0.0235119  0.0169239  0.0184991  0.0275157  0.0268858  0.0331900  0.0395986  0.0301070  0.0309073  0.0156963  0.0134402  0.0186098  0.0156236  0.0378831  0.0436340  0.0136374  0.0117894
 3  0.1074261  0.0747354  0.0756229  0.0590355  0.0576552  0.0615657  0.0697621  0.0671713  0.0608337  0.0650178  0.0711569  0.0673107  0.0688836  0.0699699  0.0689656  0.0668542  0.0667707  0.0613689  0.0602144  0.0549280  0.0675297  0.0563392  0.0598094  0.0707620  0.0675683  0.0623612  0.0618819
 4  0.0426515  0.0491238  0.0480666  0.0463727  0.0394447  0.0413636  0.0480014  0.0490813  0.0459356  0.0422618  0.0384299  0.0371895  0.0433544  0.0450857  0.0432574  0.0365870  0.0343721  0.0358866  0.0409907  0.0426732  0.0536249  0.0456825  0.0416324  0.0415431  0.0464917  0.0462004  0.0386706
 1  0.1297236  0.0889434  0.0612312  0.0458202  0.0334339  0.0641841  0.0661343  0.0854016  0.0946459  0.1058877  0.1215196  0.1014273  0.0788718  0.0554617  0.0483380  0.1863510  0.2179223  0.1527993  0.1636322  0.0636857  0.0451822  0.0643951  0.0566652  0.1174899  0.1287807  0.1071011  0.1288050
 2  0.0243926  0.0139661  0.0094643  0.0071011  0.0058051  0.0127578  0.0146292  0.0202600  0.0228626  0.0258381  0.0285057  0.0189279  0.0133807  0.0098892  0.0096256  0.0405029  0.0498715  0.0362942  0.0266056  0.0098070  0.0076191  0.0116504  0.0110106  0.0254596  0.0305023  0.0268283  0.0337955
 3  0.1204050  0.0820359  0.0838826  0.0646164  0.0637712  0.0709204  0.0743057  0.0725567  0.0658550  0.0596948  0.0585924  0.0678021  0.0611253  0.0420834  0.0535719  0.0600935  0.0502611  0.0612745  0.0572201  0.0351390  0.0477261  0.0530239  0.0522016  0.0521661  0.0603786  0.0636599  0.0607567
 4  0.0445032  0.0488174  0.0511205  0.0427227  0.0442254  0.0398678  0.0378527  0.0405161  0.0369212  0.0360315  0.0466225  0.0554428  0.0467813  0.0405786  0.0411327  0.0401061  0.0341081  0.0623163  0.0542373  0.0486937  0.0490210  0.0530151  0.0426798  0.0409990  0.0391676  0.0424877  0.0385968
 1  0.1244105  0.0149918  0.0101245  0.0183650  0.0156668  0.0624258  0.0584809  0.2008519  0.1760295  0.1142650  0.0994065  0.2126475  0.2567277  0.1859386  0.2254461  0.1269373  0.1124968  0.1554020  0.1224159  0.2964903  0.3581204  0.2955214  0.3999539  0.1328060  0.1213871  0.0852948  0.0624506
 2  0.0246932  0.0024389  0.0016052  0.0031942  0.0030301  0.0130123  0.0103906  0.0349775  0.0290186  0.0193953  0.0184279  0.0436582  0.0573493  0.0425183  0.0515746  0.0271147  0.0153688  0.0232685  0.0215641  0.0565803  0.0711337  0.0612056  0.0848686  0.0248426  0.0217717  0.0141202  0.0096767
 3  0.1146225  0.0879470  0.0871405  0.0629807  0.0573741  0.0716273  0.0766129  0.0575780  0.0667912  0.0616271  0.0660043  0.0689880  0.0663815  0.0681200  0.0644117  0.0705543  0.0544756  0.0499759  0.0603684  0.0707064  0.0662644  0.0703178  0.0727008  0.0626063  0.0624845  0.0569609  0.0573936
 4  0.0469218  0.0558277  0.0437012  0.0378317  0.0360349  0.0519898  0.0550067  0.0500261  0.0525522  0.0478179  0.0418084  0.0405576  0.0372730  0.0361972  0.0387346  0.0694565  0.0520348  0.0464417  0.0411005  0.0459542  0.0413234  0.0402141  0.0445145  0.0457361  0.0519737  0.0553225  0.0492241
 1  0.1237088  0.0832669  0.0587508  0.1545319  0.1400952  0.1603694  0.1488001  0.0489487  0.0340850  0.0839336  0.0700328  0.1261743  0.1414160  0.1307478  0.1540056  0.1120860  0.1365655  0.0842221  0.0786190  0.0695053  0.0659711  0.0673740  0.0638805  0.0761241  0.0396901  0.0654897  0.0596744
 2  0.0237626  0.0133677  0.0091704  0.0262721  0.0246325  0.0287879  0.0273612  0.0081344  0.0054149  0.0142215  0.0133611  0.0271523  0.0330190  0.0320195  0.0394344  0.0291867  0.0354307  0.0186937  0.0165039  0.0143997  0.0129651  0.0135192  0.0137241  0.0106586  0.0058640  0.0114034  0.0121509
 3  0.1145732  0.0884079  0.0797559  0.0538060  0.0611942  0.0614594  0.0650872  0.0465968  0.0445850  0.0427929  0.0504739  0.0532290  0.0591344  0.0557442  0.0541511  0.0537921  0.0503221  0.0531824  0.0460774  0.0491030  0.0491916  0.0503016  0.0606307  0.0532261  0.0359362  0.0434933  0.0525790
 4  0.0440699  0.0551474  0.0416057  0.0399433  0.0418940  0.0410734  0.0541263  0.0541922  0.0516900  0.0438147  0.0428802  0.0418894  0.0401646  0.0366890  0.0376799  0.0370512  0.0480196  0.0465899  0.0427897  0.0429510  0.0440159  0.0422374  0.0736569  0.0685912  0.0516581  0.0428978  0.0392566
 1  0.1300004  0.0895330  0.0616146  0.0622342  0.0389770  0.0684996  0.0705996  0.1058966  0.1169005  0.1152360  0.1186598  0.1017358  0.1035491  0.1118047  0.0950622  0.0999589  0.0794871  0.1412226  0.1490185  0.1525777  0.1943119  0.2998890  0.4009276  0.1474473  0.1336026  0.1017778  0.0892061
 2  0.0246276  0.0141504  0.0095369  0.0087476  0.0063892  0.0132381  0.0157830  0.0253509  0.0281872  0.0259950  0.0241354  0.0207239  0.0223611  0.0216349  0.0169880  0.0168771  0.0138843  0.0272188  0.0320693  0.0367651  0.0491500  0.0712637  0.0840147  0.0274721  0.0215939  0.0173079  0.0170906
 3  0.1205402  0.0741757  0.0751786  0.0523613  0.0569943  0.0628174  0.0714010  0.0693576  0.0651484  0.0665802  0.0648791  0.0604979  0.0697502  0.0715058  0.0629015  0.0664646  0.0639036  0.0635530  0.0688195  0.0735219  0.0662066  0.0698463  0.0592013  0.0618318  0.0649880  0.0587156  0.0684969
 4  0.0455741  0.0508560  0.0571289  0.0473143  0.0391846  0.0331587  0.0374809  0.0407704  0.0417226  0.0413020  0.0449589  0.0361033  0.0436228  0.0555488  0.0519267  0.0553815  0.0462028  0.0400301  0.0372238  0.0371284  0.0375802  0.0446575  0.0375565  0.0467624  0.0451050  0.0390688  0.0463540
 1  0.1180277  0.0358854  0.0248523  0.0432609  0.0345078  0.0782779  0.0718028  0.1129813  0.1154832  0.1285221  0.1391598  0.1294919  0.1001891  0.1644973  0.1560545  0.1391485  0.1404375  0.1586351  0.1650890  0.1000386  0.1074737  0.1694323  0.1932482  0.1408048  0.1519125  0.2052809  0.2344889
 2  0.0228373  0.0058748  0.0039977  0.0072790  0.0060274  0.0147911  0.0132952  0.0222963  0.0251546  0.0286964  0.0310874  0.0233243  0.0169372  0.0291822  0.0284479  0.0267912  0.0293520  0.0330120  0.0345022  0.0213852  0.0239822  0.0381475  0.0406522  0.0292024  0.0321724  0.0438602  0.0466190
 3  0.1090697  0.0730677  0.0772081  0.0636827  0.0594836  0.0667794  0.0633812  0.0623261  0.0700089  0.0677794  0.0602409  0.0717142  0.0626836  0.0599391  0.0654787  0.0589614  0.0753461  0.0654764  0.0694606  0.0741891  0.0663008  0.0696455  0.0615649  0.0659253  0.0638799  0.0686092  0.0672656
 4  0.0428520  0.0508251  0.0479524  0.0449566  0.0416022  0.0439398  0.0420910  0.0413152  0.0393760  0.0396676  0.0471997  0.0550735  0.0483042  0.0449645  0.0439961  0.0386827  0.0490614  0.0422850  0.0436832  0.0434932  0.0375519  0.0431902  0.0389578  0.0407658  0.0366123  0.0439831  0.0697975
 1  0.1305073  0.0626718  0.0424590  0.0788596  0.0590972  0.1268002  0.1325767  0.1896330  0.2290897  0.1805987  0.1765396  0.0855007  0.0597495  0.1047023  0.0970994  0.1700248  0.2038437  0.2164041  0.2430152  0.1224637  0.1036047  0.1143854  0.1103957  0.1716528  0.1336631  0.1694564  0.1669043
 2  0.0247657  0.0098862  0.0065911  0.0123646  0.0101924  0.0245583  0.0281553  0.0433099  0.0482411  0.0360668  0.0279975  0.0131142  0.0091225  0.0182162  0.0190882  0.0371998  0.0490567  0.0487685  0.0507951  0.0220168  0.0182937  0.0214255  0.0215001  0.0286858  0.0231432  0.0307366  0.0319097
 3  0.1209417  0.0812482  0.0807301  0.0531966  0.0580867  0.0613868  0.0683771  0.0727386  0.0729578  0.0617231  0.0630719  0.0547278  0.0604998  0.0629100  0.0678880  0.0691977  0.0701276  0.0680835  0.0592728  0.0694452  0.0584362  0.0634147  0.0692819  0.0726061  0.0541540  0.0702217  0.0689890
 4  0.0457994  0.0509784  0.0516869  0.0436569  0.0408687  0.0352211  0.0352934  0.0397639  0.0457614  0.0521828  0.0511689  0.0570600  0.0490358  0.0463552  0.0390630  0.0388127  0.0442390  0.0427674  0.0468369  0.0539851  0.0415909  0.0423510  0.0565154  0.0563893  0.0443819  0.0486651  0.0477094
 1  0.1355563  0.0713368  0.0479387  0.0466116  0.0382223  0.0562179  0.0454968  0.0424708  0.0444590  0.1200802  0.1515647  0.1855196  0.2091359  0.1990406  0.2191929  0.1114066  0.1065205  0.1738536  0.1235776  0.0838711  0.0803831  0.1169589  0.1275510  0.2467823  0.2844942  0.1814449  0.1097862
 2  0.0258173  0.0112511  0.0073891  0.0080944  0.0060196  0.0094302  0.0084989  0.0089883  0.0106768  0.0324386  0.0403283  0.0433146  0.0428987  0.0395089  0.0434066  0.0215381  0.0218652  0.0284496  0.0198029  0.0151382  0.0161985  0.0255746  0.0291791  0.0547792  0.0525975  0.0246074  0.0171129
 3  0.1255444  0.0788082  0.0731636  0.0571300  0.0623725  0.0562045  0.0698558  0.0694757  0.0737875  0.0743205  0.0666608  0.0620819  0.0709819  0.0658625  0.0594104  0.0630970  0.0630784  0.0636605  0.0556991  0.0648549  0.0690025  0.0717709  0.0716317  0.0751737  0.0609868  0.0558839  0.0567422
 4  0.0485933  0.0445985  0.0417491  0.0485442  0.0512448  0.0412166  0.0417393  0.0356432  0.0336103  0.0355008  0.0404398  0.0446398  0.0423881  0.0409773  0.0421698  0.0403527  0.0514104  0.0485759  0.0465422  0.0401382  0.0375456  0.0381353  0.0432105  0.0451590  0.0628591  0.0546245  0.0498659
 1  0.1307984  0.0943666  0.0644902  0.1511310  0.1343289  0.2053434  0.1701214  0.2889256  0.3174802  0.2369802  0.2342683  0.2087799  0.1771913  0.2016091  0.2242885  0.1566383  0.1487858  0.0681677  0.0586807  0.0862324  0.0734202  0.1777575  0.2229660  0.1843050  0.2336631  0.1348909  0.1412374
 2  0.0245606  0.0148181  0.0099521  0.0252535  0.0238283  0.0342288  0.0281467  0.0508684  0.0599332  0.0440554  0.0386117  0.0334075  0.0303328  0.0379514  0.0461958  0.0314953  0.0259939  0.0123843  0.0097291  0.0147787  0.0142136  0.0392175  0.0551775  0.0470828  0.0555715  0.0283549  0.0295660
 3  0.1213701  0.0685636  0.0740874  0.0551239  0.0607102  0.0636410  0.0557097  0.0713421  0.0649379  0.0649698  0.0630587  0.0595867  0.0588708  0.0663993  0.0695172  0.0678018  0.0558303  0.0573609  0.0664808  0.0622518  0.0691089  0.0650278  0.0717288  0.0725844  0.0661608  0.0639457  0.0574473
 4  0.0453260  0.0486403  0.0472247  0.0407291  0.0433474  0.0505325  0.0457448  0.0418118  0.0398140  0.0481604  0.0554581  0.0478346  0.0401979  0.0381111  0.0407762  0.0477002  0.0459620  0.0523029  0.0546542  0.0467421  0.0425927  0.0337767  0.0369879  0.0399109  0.0415432  0.0425044  0.0353175
 1  0.1425452  0.0873039  0.0579522  0.0788761  0.0550023  0.0762383  0.0700656  0.0884813  0.1035701  0.1577044  0.1960277  0.0480602  0.0271974  0.0976433  0.0996654  0.0883303  0.1038031  0.1578429  0.1918069  0.1817382  0.1729700  0.0995512  0.0989250  0.0579450  0.0547006  0.0862114  0.0734351
 2  0.0270896  0.0135786  0.0088283  0.0120528  0.0084822  0.0134305  0.0141686  0.0206346  0.0274635  0.0436907  0.0424850  0.0068228  0.0043078  0.0182714  0.0215451  0.0221355  0.0282403  0.0421460  0.0438517  0.0354414  0.0323456  0.0193883  0.0206303  0.0123193  0.0113992  0.0165835  0.0137005
 3  0.1320490  0.0703479  0.0750977  0.0549050  0.0585196  0.0575002  0.0627012  0.0659351  0.0708742  0.0785159  0.0675062  0.0378417  0.0402987  0.0448329  0.0579667  0.0604601  0.0583673  0.0564040  0.0527125  0.0488515  0.0489537  0.0552282  0.0548269  0.0509876  0.0546732  0.0515658  0.0471971
 4  0.0507192  0.0453434  0.0537180  0.0488844  0.0444576  0.0376547  0.0326061  0.0315794  0.0326453  0.0489701  0.0641488  0.0479127  0.0439616  0.0371024  0.0346942  0.0362306  0.0386327  0.0412210  0.0477885  0.0471058  0.0434828  0.0407310  0.0426006  0.0421312  0.0512084  0.0448843  0.0465052
 1  0.1323154  0.0742914  0.0502960  0.0467584  0.0396348  0.1584437  0.1419131  0.2151752  0.2116217  0.2024249  0.1826183  0.1532705  0.1533856  0.1661516  0.1800563  0.1254638  0.1031630  0.0775719  0.0598377  0.1012107  0.1156264  0.2020721  0.2838279  0.2414288  0.2497557  0.1616184  0.1401274
 2  0.0251284  0.0116816  0.0077666  0.0080226  0.0069855  0.0283198  0.0256880  0.0388927  0.0392569  0.0359664  0.0309354  0.0278090  0.0303854  0.0341360  0.0373857  0.0244827  0.0146602  0.0119195  0.0107495  0.0212229  0.0284769  0.0561614  0.0739105  0.0499297  0.0424176  0.0272769  0.0226856
 3  0.1226001  0.0757823  0.0721675  0.0616041  0.0653460  0.0580176  0.0668665  0.0690401  0.0659651  0.0629572  0.0634312  0.0617152  0.0735025  0.0732029  0.0694791  0.0656527  0.0634077  0.0567550  0.0638249  0.0726326  0.0707139  0.0744714  0.0705744  0.0668611  0.0643364  0.0571847  0.0671550
 4  0.0466048  0.0530559  0.0441823  0.0460577  0.0438743  0.0430715  0.0506966  0.0477778  0.0464199  0.0512098  0.0505059  0.0428898  0.0438169  0.0452136  0.0470513  0.0614250  0.0650539  0.0524111  0.0417166  0.0404758  0.0352936  0.0446402  0.0481190  0.0540195  0.0499721  0.0510204  0.0519693
 1  0.1289129  0.0908110  0.0629564  0.0550232  0.0412492  0.1116362  0.1016637  0.0836720  0.0878675  0.0730686  0.0687442  0.0735923  0.0733426  0.0759550  0.0511558  0.1197344  0.1336775  0.1941470  0.2176465  0.2049802  0.2243003  0.2962084  0.4003548  0.1900721  0.2070441  0.1027828  0.0815373
 2  0.0243850  0.0144228  0.0097684  0.0088003  0.0067781  0.0197245  0.0198282  0.0178482  0.0191007  0.0153070  0.0143308  0.0155467  0.0151438  0.0122758  0.0087554  0.0236959  0.0304037  0.0451831  0.0445261  0.0401119  0.0455854  0.0629892  0.0856761  0.0397536  0.0354370  0.0165765  0.0145957
 3  0.1195341  0.0819735  0.0795377  0.0639165  0.0689941  0.0621017  0.0621195  0.0723171  0.0677265  0.0625340  0.0685517  0.0665613  0.0689978  0.0647005  0.0539642  0.0666481  0.0719892  0.0693824  0.0634708  0.0672274  0.0671596  0.0664792  0.0682253  0.0623390  0.0654968  0.0553160  0.0623778
 4  0.0452728  0.0437624  0.0467788  0.0462074  0.0474697  0.0408939  0.0387340  0.0419536  0.0435382  0.0413553  0.0427721  0.0434065  0.0619808  0.0576158  0.0401092  0.0389933  0.0419599  0.0497448  0.0471380  0.0431707  0.0384628  0.0383156  0.0389464  0.0447565  0.0514718  0.0401765  0.0366990
 1  0.1102676  0.0449999  0.0320046  0.0622235  0.0439830  0.0791635  0.0679067  0.1564899  0.1812317  0.1920523  0.2399848  0.1397900  0.1326300  0.1860563  0.1716224  0.0958748  0.0828746  0.0918738  0.0942012  0.1158970  0.0888590  0.0711118  0.0680625  0.1060557  0.1260968  0.1053308  0.0937897
 2  0.0212429  0.0074411  0.0051806  0.0095548  0.0074604  0.0139804  0.0126126  0.0325893  0.0418152  0.0473150  0.0485664  0.0259448  0.0255580  0.0338970  0.0315103  0.0173796  0.0153426  0.0184480  0.0198008  0.0204794  0.0155654  0.0133893  0.0141364  0.0248848  0.0332671  0.0232058  0.0181788
 3  0.1019949  0.0792523  0.0843638  0.0624604  0.0651896  0.0655642  0.0643058  0.0674906  0.0684795  0.0731001  0.0606925  0.0589651  0.0621030  0.0652922  0.0634687  0.0615497  0.0615988  0.0682513  0.0688012  0.0673052  0.0594380  0.0675278  0.0681827  0.0698255  0.0670579  0.0721480  0.0564629
 4  0.0398775  0.0520226  0.0543298  0.0526543  0.0488218  0.0493073  0.0412195  0.0369359  0.0346699  0.0450876  0.0485801  0.0432150  0.0440894  0.0469829  0.0460944  0.0450034  0.0447690  0.0446880  0.0556962  0.0553163  0.0517357  0.0434866  0.0381906  0.0336726  0.0479681  0.0513425  0.0456843
 1  0.1249681  0.0679759  0.0470893  0.2094373  0.2216815  0.1528723  0.1360274  0.1924863  0.1966867  0.1335055  0.1271580  0.0806533  0.0732450  0.1261714  0.1286539  0.0831087  0.0744123  0.0935565  0.0961746  0.0590105  0.0554084  0.0866748  0.1006264  0.0699650  0.0648354  0.0714506  0.0603213
 2  0.0235296  0.0108357  0.0074020  0.0366069  0.0429745  0.0278108  0.0241499  0.0351666  0.0367467  0.0256874  0.0219278  0.0145137  0.0147631  0.0265270  0.0262251  0.0160685  0.0148051  0.0193786  0.0203818  0.0122302  0.0119912  0.0204751  0.0247657  0.0155049  0.0132911  0.0133594  0.0110652
 3  0.1159195  0.0794842  0.0782781  0.0908960  0.0855191  0.0849901  0.0787527  0.0867268  0.0896354  0.0633355  0.0683641  0.0601824  0.0653455  0.0620100  0.0628630  0.0625404  0.0642442  0.0718455  0.0662193  0.0654644  0.0699532  0.0671143  0.0739464  0.0711707  0.0720771  0.0649576  0.0623703
 4  0.0433172  0.0507591  0.0425986  0.0373743  0.0377941  0.0435328  0.0397988  0.0416625  0.0391783  0.0446108  0.0494968  0.0381463  0.0385444  0.0403664  0.0437239  0.0470704  0.0418133  0.0393698  0.0414940  0.0431531  0.0394800  0.0334746  0.0413968  0.0463115  0.0498568  0.0488953  0.0408786
 1  0.1235830  0.0585869  0.0407239  0.0874048  0.0580371  0.1121392  0.1076687  0.1733261  0.2228032  0.0704339  0.0470753  0.0768107  0.0760848  0.1216463  0.1215650  0.2230771  0.2542630  0.3674165  0.5048671  0.3533210  0.2881748  0.3352941  0.3764883  0.2154188  0.2292542  0.1130049  0.1001148
 2  0.0244388  0.0095841  0.0064261  0.0130833  0.0088431  0.0196914  0.0219198  0.0407214  0.0532851  0.0119085  0.0078754  0.0142954  0.0159644  0.0263617  0.0244005  0.0450709  0.0515649  0.0747571  0.1005897  0.0541680  0.0451754  0.0565615  0.0683881  0.0404165  0.0411263  0.0206119  0.0162093
 3  0.1139036  0.0822995  0.0806047  0.0507518  0.0507640  0.0598656  0.0677606  0.0721554  0.0770724  0.0607610  0.0577149  0.0675647  0.0710946  0.0718774  0.0669353  0.0657440  0.0669282  0.0665279  0.0663658  0.0597033  0.0520845  0.0611077  0.0590597  0.0653614  0.0649952  0.0595718  0.0658823
 4  0.0466939  0.0525725  0.0565808  0.0489037  0.0414045  0.0410886  0.0367376  0.0361717  0.0611162  0.0518201  0.0461068  0.0420893  0.0422869  0.0463843  0.0457425  0.0438567  0.0404039  0.0382675  0.0494421  0.0483256  0.0412815  0.0387869  0.0363121  0.0433519  0.0430454  0.0478672  0.0507062
 1  0.1114495  0.0533970  0.0379402  0.0581891  0.0493632  0.0385517  0.0360519  0.0735739  0.0653186  0.0483044  0.0400255  0.0842358  0.0812135  0.1149167  0.1277568  0.2033916  0.2663891  0.2925647  0.4253536  0.2464477  0.2089877  0.0609299  0.0497293  0.1246551  0.1287830  0.1195963  0.0973726
 2  0.0220729  0.0089712  0.0061401  0.0100802  0.0088856  0.0076019  0.0071106  0.0145527  0.0116735  0.0085485  0.0076577  0.0168392  0.0172148  0.0257274  0.0299160  0.0489135  0.0656553  0.0724649  0.0843298  0.0410814  0.0304722  0.0098513  0.0091577  0.0253877  0.0267573  0.0222854  0.0169008
 3  0.1026403  0.0764992  0.0739623  0.0612422  0.0631923  0.0624876  0.0720964  0.0631890  0.0594793  0.0595499  0.0619721  0.0647886  0.0644694  0.0735673  0.0655952  0.0708104  0.0676428  0.0744528  0.0658826  0.0502344  0.0553387  0.0375624  0.0492938  0.0574538  0.0556778  0.0495929  0.0523471
 4  0.0426156  0.0455821  0.0419524  0.0434342  0.0392752  0.0420525  0.0455554  0.0543709  0.0481162  0.0490277  0.0433151  0.0434112  0.0425061  0.0439370  0.0408293  0.0375550  0.0367075  0.0475753  0.0487272  0.0474001  0.0464674  0.0415902  0.0394548  0.0464852  0.0483190  0.0493868  0.0497845
 1  0.1170474  0.0604436  0.0420218  0.0498259  0.0398995  0.0547613  0.0480725  0.1690107  0.2019737  0.0450944  0.0408006  0.0817411  0.0746065  0.1459227  0.1697000  0.1847280  0.2228772  0.1479217  0.1458023  0.1467158  0.1381999  0.1135978  0.0920222  0.0675637  0.0677891  0.0629244  0.0670201
 2  0.0222378  0.0097575  0.0066890  0.0083908  0.0067696  0.0098416  0.0095693  0.0374916  0.0437908  0.0093704  0.0075571  0.0152256  0.0146267  0.0314575  0.0393775  0.0435153  0.0515181  0.0302865  0.0278776  0.0275569  0.0245923  0.0191946  0.0164730  0.0132997  0.0150204  0.0148753  0.0160409
 3  0.1084871  0.0720676  0.0826735  0.0591437  0.0636722  0.0652787  0.0705095  0.0701756  0.0727726  0.0636953  0.0705744  0.0615822  0.0653862  0.0709570  0.0694213  0.0667306  0.0686713  0.0726327  0.0599088  0.0656419  0.0621726  0.0658744  0.0658448  0.0697627  0.0655861  0.0734784  0.0686491
 4  0.0409754  0.0462055  0.0479536  0.0490550  0.0442949  0.0430857  0.0397869  0.0411568  0.0438097  0.0464076  0.0506889  0.0468349  0.0408246  0.0396127  0.0384154  0.0401142  0.0424932  0.0479919  0.0445312  0.0484091  0.0490002  0.0466948  0.0432808  0.0378735  0.0350366  0.0444968  0.0491909
 1  0.1287303  0.0575278  0.0396093  0.1371772  0.0928278  0.3986394  0.5150664  0.3528437  0.3275435  0.3665011  0.3883035  0.5640310  0.7136936  0.3976294  0.2726501  0.2452467  0.2076608  0.1130055  0.1163781  0.1014972  0.1092219  0.0556583  0.0542023  0.1446307  0.1519482  0.1596085  0.1862507
 2  0.0248432  0.0092194  0.0061838  0.0199418  0.0147241  0.0725569  0.0820336  0.0530574  0.0554759  0.0622563  0.0631212  0.0912858  0.1103504  0.0536620  0.0319118  0.0353658  0.0355843  0.0217397  0.0243185  0.0224625  0.0245802  0.0120858  0.0112572  0.0299071  0.0321802  0.0356791  0.0395197
 3  0.1190409  0.0919587  0.0847950  0.0557916  0.0534303  0.0666498  0.0609320  0.0497020  0.0567326  0.0660837  0.0684793  0.0623826  0.0552688  0.0515892  0.0502478  0.0486516  0.0629701  0.0640861  0.0637549  0.0712608  0.0677889  0.0614646  0.0701980  0.0648875  0.0559913  0.0676946  0.0701684
 4  0.0466638  0.0536330  0.0562239  0.0481484  0.0419593  0.0484232  0.0492484  0.0430581  0.0414190  0.0438305  0.0496601  0.0467013  0.0473106  0.0574425  0.0584669  0.0427098  0.0419647  0.0389174  0.0380730  0.0404220  0.0403705  0.0382107  0.0458998  0.0390213  0.0351076  0.0396530  0.0487876
 1  0.1219628  0.0647839  0.0453899  0.0590471  0.0515956  0.0730490  0.0633386  0.0760036  0.0711809  0.0977742  0.1016872  0.1574016  0.1846255  0.1259615  0.1178542  0.0719759  0.0536404  0.0841062  0.0497918  0.1520725  0.1595635  0.1918772  0.2691822  0.1633987  0.2212639  0.1297585  0.1231788
 2  0.0230466  0.0103876  0.0071337  0.0101656  0.0100997  0.0140827  0.0119902  0.0147731  0.0143853  0.0206325  0.0228200  0.0374726  0.0394130  0.0256551  0.0190094  0.0116960  0.0085460  0.0116811  0.0076125  0.0275999  0.0341456  0.0483179  0.0763212  0.0471200  0.0536037  0.0259900  0.0225055
 3  0.1131144  0.0915658  0.0692058  0.0530659  0.0741720  0.0660529  0.0660818  0.0611914  0.0622786  0.0651155  0.0709206  0.0623887  0.0741615  0.0596250  0.0634434  0.0500885  0.0694454  0.0582443  0.0503641  0.0563508  0.0619379  0.0617162  0.0673960  0.0713289  0.0699090  0.0597760  0.0664898
 4  0.0426943  0.0535290  0.0419590  0.0372069  0.0443916  0.0423381  0.0475707  0.0409571  0.0395929  0.0372208  0.0374935  0.0392221  0.0445634  0.0503788  0.0514097  0.0488118  0.0720805  0.0629288  0.0471388  0.0392122  0.0338868  0.0313239  0.0361156  0.0451567  0.0472573  0.0454690  0.0443500
 1  0.1113715  0.0545555  0.0385209  0.0637245  0.0466316  0.1158475  0.1109307  0.2230694  0.2848576  0.1145763  0.1119222  0.0625692  0.0471799  0.0910053  0.0902967  0.1397527  0.1306135  0.1353971  0.1380100  0.1541106  0.1718280  0.1756312  0.1118208  0.1227302  0.1332407  0.1060366  0.1244194
 2  0.0213932  0.0089726  0.0061952  0.0100542  0.0079486  0.0212536  0.0220180  0.0486195  0.0649744  0.0243417  0.0211623  0.0105628  0.0082614  0.0174544  0.0194856  0.0288215  0.0247150  0.0263183  0.0283194  0.0327218  0.0384983  0.0271847  0.0177440  0.0229120  0.0289589  0.0258455  0.0320450
 3  0.1030635  0.0767068  0.0843640  0.0568207  0.0604483  0.0733966  0.0635705  0.0707021  0.0742106  0.0682988  0.0574328  0.0552724  0.0594884  0.0652913  0.0668596  0.0718490  0.0634108  0.0588118  0.0647197  0.0725646  0.0668185  0.0644567  0.0506012  0.0647656  0.0725430  0.0716952  0.0654077
 4  0.0401234  0.0469844  0.0504997  0.0436282  0.0447717  0.0433108  0.0398639  0.0383233  0.0403443  0.0477827  0.0478001  0.0459093  0.0441935  0.0360091  0.0461848  0.0536247  0.0475780  0.0412411  0.0388155  0.0425297  0.0581555  0.0527525  0.0422294  0.0384476  0.0387028  0.0385330  0.0355682
 1  0.1145158  0.0382533  0.0266312  0.0465901  0.0380813  0.1622066  0.1911510  0.0862160  0.0727344  0.0860544  0.0730050  0.0607091  0.0454246  0.0848339  0.0835349  0.0561232  0.0585734  0.0700091  0.0785240  0.0903084  0.0997250  0.0943874  0.0920104  0.0933610  0.1044418  0.0426372  0.0415773
 2  0.0226344  0.0063279  0.0042852  0.0078271  0.0071424  0.0344332  0.0421539  0.0166221  0.0137220  0.0154059  0.0135890  0.0103530  0.0080323  0.0164630  0.0175572  0.0126001  0.0140476  0.0174482  0.0194422  0.0218980  0.0236755  0.0204178  0.0194607  0.0211290  0.0228694  0.0091791  0.0092354
 3  0.1056338  0.0765888  0.0845250  0.0559418  0.0683603  0.0664445  0.0706392  0.0665365  0.0593666  0.0713719  0.0624277  0.0669536  0.0652295  0.0641446  0.0676483  0.0678815  0.0709740  0.0729881  0.0674172  0.0678093  0.0626657  0.0673241  0.0642517  0.0694735  0.0718445  0.0663027  0.0711408
 4  0.0427542  0.0462106  0.0472148  0.0434536  0.0380515  0.0366286  0.0453347  0.0440394  0.0479799  0.0481014  0.0501071  0.0522593  0.0490634  0.0404387  0.0410474  0.0423452  0.0388173  0.0404399  0.0405954  0.0393750  0.0419375  0.0406176  0.0381519  0.0411575  0.0445048  0.0418303  0.0440112
 1  0.1157815  0.0385393  0.0271338  0.0566005  0.0450027  0.0941815  0.0884962  0.0716052  0.0721354  0.1079040  0.1130968  0.0708248  0.0575103  0.0609997  0.0664167  0.1040424  0.1136563  0.1002585  0.1065883  0.1051097  0.1043169  0.0365261  0.0341746  0.0631882  0.0609391  0.0908810  0.0784419
 2  0.0229241  0.0064152  0.0043606  0.0094178  0.0078647  0.0175847  0.0176367  0.0151184  0.0156127  0.0243230  0.0214461  0.0123434  0.0108358  0.0129999  0.0163129  0.0264305  0.0272596  0.0225066  0.0230748  0.0219496  0.0217655  0.0075343  0.0073981  0.0137344  0.0123784  0.0170047  0.0151721
 3  0.1066490  0.0890500  0.0793371  0.0613283  0.0647529  0.0655960  0.0648840  0.0676593  0.0662359  0.0691870  0.0702752  0.0567839  0.0633933  0.0677185  0.0684397  0.0669840  0.0691811  0.0669357  0.0658611  0.0659428  0.0650878  0.0652399  0.0654572  0.0679995  0.0641278  0.0658319  0.0610146
 4  0.0440659  0.0523820  0.0456526  0.0463942  0.0469014  0.0415981  0.0402275  0.0401567  0.0364592  0.0504836  0.0518205  0.0457623  0.0387656  0.0364190  0.0361997  0.0430018  0.0448037  0.0414910  0.0454811  0.0403769  0.0390560  0.0411800  0.0416583  0.0485783  0.0482415  0.0473827  0.0395334
 1  0.1290325  0.0541984  0.0369766  0.0508560  0.0336586  0.0920058  0.0720126  0.0970401  0.1082246  0.1035757  0.1152360  0.1439845  0.1579682  0.0985079  0.0978980  0.1475243  0.1781616  0.1753353  0.1599204  0.0674842  0.0443829  0.0468630  0.0428267  0.1066332  0.1152283  0.1670254  0.2238935
 2  0.0246445  0.0086157  0.0057681  0.0076831  0.0051556  0.0147134  0.0130285  0.0203428  0.0259656  0.0258380  0.0277583  0.0327897  0.0322668  0.0195940  0.0210121  0.0344051  0.0420646  0.0354738  0.0274607  0.0100215  0.0072455  0.0086330  0.0084137  0.0229866  0.0273026  0.0427278  0.0585036
 3  0.1195162  0.0832713  0.0793125  0.0533408  0.0577963  0.0569485  0.0613243  0.0654836  0.0697771  0.0705689  0.0598823  0.0649784  0.0674642  0.0631150  0.0666476  0.0646418  0.0683109  0.0709169  0.0581371  0.0586368  0.0605534  0.0689053  0.0701354  0.0639383  0.0665457  0.0798044  0.0673545
 4  0.0458670  0.0571220  0.0520686  0.0501888  0.0509429  0.0448878  0.0416056  0.0370048  0.0385133  0.0431526  0.0376324  0.0453698  0.0440155  0.0406955  0.0375399  0.0377968  0.0425072  0.0547332  0.0609149  0.0505447  0.0472499  0.0455627  0.0446108  0.0388844  0.0367574  0.0415667  0.0389988
 1  0.1183230  0.0454547  0.0317572  0.0953699  0.0824923  0.1089131  0.1057783  0.1160359  0.1006439  0.0586935  0.0504195  0.1264361  0.1399400  0.1505532  0.1705672  0.0982927  0.0944949  0.1427630  0.1253514  0.1123065  0.0987772  0.1365064  0.1387810  0.1206958  0.1376167  0.0681211  0.0598634
 2  0.0224026  0.0073735  0.0050466  0.0163930  0.0148480  0.0208272  0.0213135  0.0218742  0.0181352  0.0106187  0.0096664  0.0265214  0.0323867  0.0358336  0.0363882  0.0196345  0.0188011  0.0269313  0.0209516  0.0194380  0.0187243  0.0269031  0.0290904  0.0274591  0.0301369  0.0134194  0.0115876
 3  0.1097152  0.0921680  0.0804255  0.0526925  0.0658821  0.0602481  0.0685322  0.0711731  0.0564126  0.0616184  0.0664436  0.0675299  0.0713595  0.0687563  0.0732465  0.0627833  0.0660405  0.0652227  0.0602208  0.0589896  0.0693194  0.0709035  0.0647682  0.0706302  0.0717205  0.0626353  0.0622296
 4  0.0420017  0.0498853  0.0423985  0.0377568  0.0424224  0.0408105  0.0457239  0.0523815  0.0444188  0.0462102  0.0451476  0.0395304  0.0395385  0.0451628  0.0479732  0.0430595  0.0444343  0.0517454  0.0514130  0.0450927  0.0462113  0.0469837  0.0381636  0.0429841  0.0511685  0.0463081  0.0414610
 1  0.1082802  0.0611933  0.0438635  0.0506529  0.0454885  0.1502765  0.1718907  0.1080795  0.0992242  0.0550913  0.0376829  0.0850699  0.0874327  0.2038193  0.2602026  0.2139276  0.2300543  0.0478576  0.0352708  0.1128617  0.1149349  0.2968030  0.3720185  0.1918149  0.1755964  0.1879185  0.1349249
 2  0.0206362  0.0100639  0.0070713  0.0089673  0.0088137  0.0320065  0.0386991  0.0223473  0.0186208  0.0087860  0.0063836  0.0164990  0.0192078  0.0489446  0.0632922  0.0471886  0.0400825  0.0076941  0.0061761  0.0220676  0.0246438  0.0657116  0.0763488  0.0357317  0.0274702  0.0278899  0.0212475
 3  0.1003378  0.0807268  0.0803303  0.0639353  0.0723521  0.0654524  0.0646778  0.0643522  0.0611158  0.0509067  0.0594878  0.0657307  0.0771283  0.0659023  0.0651462  0.0698545  0.0588100  0.0352177  0.0521359  0.0487934  0.0475192  0.0528342  0.0516738  0.0459336  0.0445056  0.0381524  0.0425846
 4  0.0383101  0.0491544  0.0450338  0.0435177  0.0383299  0.0349269  0.0389614  0.0438527  0.0557731  0.0420061  0.0444313  0.0366956  0.0399938  0.0375986  0.0379031  0.0528987  0.0489206  0.0444590  0.0461031  0.0395812  0.0361109  0.0412197  0.0455046  0.0544996  0.0553843  0.0513260  0.0454791
 1  0.1326288  0.0640348  0.0430702  0.0762806  0.0667933  0.0826280  0.0656949  0.1574522  0.1507998  0.1934502  0.2453096  0.0998755  0.1038191  0.1115774  0.1033943  0.0930313  0.0714344  0.1037732  0.0959596  0.1628173  0.1970487  0.1876331  0.2010665  0.1116425  0.1180178  0.0798438  0.0773584
 2  0.0249980  0.0100864  0.0067048  0.0131178  0.0122757  0.0147733  0.0108632  0.0278257  0.0294854  0.0425455  0.0559065  0.0221270  0.0222756  0.0224054  0.0178084  0.0156815  0.0113307  0.0182056  0.0194587  0.0368332  0.0452128  0.0401576  0.0411899  0.0228996  0.0249049  0.0167576  0.0162310
 3  0.1230205  0.0702148  0.0768605  0.0557064  0.0686204  0.0639751  0.0623570  0.0643955  0.0653888  0.0706235  0.0706041  0.0624555  0.0727770  0.0711853  0.0559129  0.0542343  0.0649282  0.0572456  0.0698440  0.0792802  0.0713131  0.0622113  0.0612742  0.0671485  0.0620911  0.0618435  0.0684201
 4  0.0462208  0.0452471  0.0415046  0.0418495  0.0421146  0.0515046  0.0495145  0.0440345  0.0378642  0.0368350  0.0403249  0.0396448  0.0453037  0.0545679  0.0485922  0.0540868  0.0506592  0.0415195  0.0406913  0.0455943  0.0459199  0.0457068  0.0438939  0.0407267  0.0392648  0.0388319  0.0373240
 1  0.1083181  0.0627130  0.0451263  0.0346921  0.0279050  0.0641999  0.0609716  0.0912038  0.0916868  0.0495942  0.0416042  0.0702329  0.0649697  0.0697713  0.0728392  0.0990916  0.1012485  0.0726184  0.0845954  0.0829808  0.0946218  0.0491684  0.0453118  0.0983637  0.1043642  0.1077073  0.0919596
 2  0.0208560  0.0103741  0.0072883  0.0058423  0.0049979  0.0125100  0.0123540  0.0197176  0.0170167  0.0088626  0.0081215  0.0138173  0.0133852  0.0153453  0.0164417  0.0216708  0.0224340  0.0173317  0.0213740  0.0214387  0.0250270  0.0111930  0.0095458  0.0209680  0.0233851  0.0211167  0.0173344
 3  0.1001866  0.0829997  0.0782869  0.0655648  0.0645080  0.0616142  0.0664400  0.0669588  0.0690381  0.0620793  0.0702064  0.0739947  0.0653197  0.0733330  0.0668192  0.0674481  0.0643331  0.0732575  0.0672194  0.0585367  0.0688553  0.0569211  0.0626017  0.0694134  0.0760766  0.0682556  0.0581898
 4  0.0388983  0.0479480  0.0462236  0.0469519  0.0428530  0.0399932  0.0410880  0.0538479  0.0529702  0.0461294  0.0485534  0.0472140  0.0429093  0.0455031  0.0445469  0.0415929  0.0384108  0.0373720  0.0355919  0.0361196  0.0413293  0.0408806  0.0438000  0.0392817  0.0487855  0.0500671  0.0417299
 1  0.1220607  0.2406015  0.1874337  0.1404077  0.1250467  0.2360966  0.2543202  0.1980007  0.1524497  0.0989561  0.0920939  0.1456574  0.1325310  0.1472716  0.1429355  0.1031034  0.1140811  0.1199166  0.1076323  0.2410009  0.2908637  0.1591466  0.0944097  0.1252626  0.1328715  0.1476485  0.1883986
 2  0.0234936  0.0387903  0.0282213  0.0230941  0.0222513  0.0440605  0.0487655  0.0322266  0.0250236  0.0176266  0.0174453  0.0273446  0.0242269  0.0275020  0.0281614  0.0225283  0.0239281  0.0228406  0.0208212  0.0489071  0.0615551  0.0229638  0.0146168  0.0228680  0.0284470  0.0364948  0.0486171
 3  0.1129126  0.0847865  0.0723125  0.0538527  0.0583044  0.0708364  0.0626149  0.0601159  0.0567732  0.0689950  0.0654292  0.0696773  0.0587474  0.0613792  0.0699751  0.0705619  0.0707404  0.0677139  0.0630629  0.0662005  0.0665294  0.0664445  0.0513079  0.0658968  0.0717404  0.0742723  0.0719165
 4  0.0437848  0.0474800  0.0417910  0.0379819  0.0386315  0.0413322  0.0452810  0.0475939  0.0395983  0.0444367  0.0445872  0.0465403  0.0449991  0.0411932  0.0416224  0.0424695  0.0499812  0.0512218  0.0433332  0.0365300  0.0600461  0.0558579  0.0468798  0.0380964  0.0348049  0.0397228  0.0436112
 1  0.1223909  0.0296087  0.0202744  0.0364047  0.0226024  0.0869395  0.0799794  0.1038427  0.1043586  0.1467325  0.1552698  0.2907894  0.4139237  0.4540083  0.7050955  0.1832300  0.1181045  0.0368219  0.0191653  0.0472920  0.0385184  0.0934687  0.0993258  0.1471027  0.1767586  0.1215986  0.1156063
 2  0.0234945  0.0048034  0.0032301  0.0052090  0.0036811  0.0158247  0.0152265  0.0210686  0.0221067  0.0311338  0.0327702  0.0648297  0.0956972  0.0964788  0.1356838  0.0268796  0.0145057  0.0045066  0.0028789  0.0079297  0.0073159  0.0200328  0.0236755  0.0377755  0.0382170  0.0237800  0.0233317
 3  0.1132614  0.0886158  0.0773168  0.0559932  0.0570519  0.0586977  0.0707016  0.0657909  0.0718663  0.0668400  0.0657470  0.0632957  0.0681657  0.0708652  0.0586659  0.0429152  0.0429444  0.0297696  0.0343653  0.0447118  0.0532790  0.0573037  0.0542633  0.0604147  0.0552010  0.0464205  0.0507095
 4  0.0441167  0.0453847  0.0569054  0.0490786  0.0439305  0.0419906  0.0459924  0.0426936  0.0469178  0.0419104  0.0394650  0.0375063  0.0355938  0.0388872  0.0399071  0.0541278  0.0559590  0.0495622  0.0458820  0.0450486  0.0414240  0.0436751  0.0407328  0.0484877  0.0504750  0.0444958  0.0410920
 1  0.1338174  0.0140389  0.0092458  0.0438789  0.0348403  0.0485502  0.0397777  0.0528569  0.0478157  0.0510597  0.0450370  0.0534897  0.0568367  0.0829271  0.1016428  0.0728337  0.0665343  0.1396113  0.1486083  0.1403455  0.1405786  0.1061274  0.0985241  0.1380590  0.1529132  0.2424496  0.3079498
 2  0.0253898  0.0022255  0.0014533  0.0072963  0.0061415  0.0087240  0.0070971  0.0103448  0.0082652  0.0092997  0.0090178  0.0118040  0.0141459  0.0230809  0.0281553  0.0159421  0.0137427  0.0288256  0.0310477  0.0286402  0.0294021  0.0211056  0.0190459  0.0285670  0.0332253  0.0541384  0.0666806
 3  0.1239903  0.0785846  0.0735551  0.0617778  0.0635364  0.0676344  0.0629691  0.0662774  0.0664138  0.0614836  0.0664737  0.0648810  0.0667606  0.0714281  0.0662625  0.0703546  0.0649978  0.0671416  0.0657731  0.0650254  0.0661926  0.0639371  0.0614653  0.0678946  0.0672072  0.0733278  0.0685236
 4  0.0476223  0.0493161  0.0443792  0.0448907  0.0475079  0.0481330  0.0430288  0.0547381  0.0505022  0.0460942  0.0408419  0.0378902  0.0352092  0.0392266  0.0466167  0.0525408  0.0461290  0.0415100  0.0442934  0.0440328  0.0472653  0.0450600  0.0425455  0.0429581  0.0409620  0.0432608  0.0401089
 1  0.1259169  0.0450326  0.0304555  0.0407623  0.0267587  0.0860886  0.0879384  0.1435645  0.1386818  0.1353798  0.1469016  0.2101241  0.2576305  0.1191983  0.1101531  0.1343614  0.1254255  0.2394226  0.2784549  0.2442001  0.2660583  0.1254308  0.0935927  0.1236123  0.1052690  0.1105104  0.0929635
 2  0.0239017  0.0071450  0.0047953  0.0059858  0.0044748  0.0166475  0.0178679  0.0287479  0.0276459  0.0279449  0.0319115  0.0476896  0.0547485  0.0228112  0.0207718  0.0249340  0.0244577  0.0493161  0.0534122  0.0461900  0.0509216  0.0209410  0.0146708  0.0209455  0.0177826  0.0187580  0.0176285
 3  0.1166749  0.0766954  0.0728689  0.0576456  0.0489315  0.0744998  0.0702353  0.0642314  0.0632217  0.0653277  0.0653300  0.0720067  0.0741242  0.0628147  0.0634156  0.0607573  0.0655441  0.0687389  0.0624518  0.0572003  0.0688017  0.0645603  0.0600938  0.0581015  0.0639115  0.0626712  0.0618370
 4  0.0437607  0.0492640  0.0519647  0.0487205  0.0359374  0.0456046  0.0432789  0.0457926  0.0401570  0.0399321  0.0382880  0.0419292  0.0451763  0.0466969  0.0436244  0.0411691  0.0418827  0.0411848  0.0466627  0.0381430  0.0488228  0.0492765  0.0521342  0.0463308  0.0493937  0.0483791  0.0409048
 1  0.1118120  0.0964238  0.0705796  0.0621351  0.0530756  0.0952579  0.0766079  0.1633756  0.1566446  0.1954079  0.1555827  0.1209815  0.1353381  0.2009366  0.2527362  0.2063623  0.2513873  0.1180999  0.1150280  0.0736303  0.0744670  0.0970061  0.0969805  0.0669779  0.0527908  0.0547410  0.0533218
 2  0.0220355  0.0160806  0.0112671  0.0107378  0.0093690  0.0162454  0.0140840  0.0312362  0.0266415  0.0307824  0.0269903  0.0242416  0.0292603  0.0464815  0.0609043  0.0476338  0.0542628  0.0234671  0.0233528  0.0153247  0.0162048  0.0208569  0.0207206  0.0123572  0.0097783  0.0110552  0.0111101
 3  0.1031050  0.0792864  0.0840172  0.0595951  0.0672491  0.0601254  0.0650809  0.0688689  0.0650926  0.0608268  0.0580292  0.0679117  0.0663030  0.0664706  0.0701883  0.0629736  0.0626219  0.0653392  0.0672085  0.0670030  0.0683040  0.0689776  0.0603854  0.0490558  0.0458989  0.0502571  0.0521836
 4  0.0419424  0.0493830  0.0452046  0.0439730  0.0509918  0.0451131  0.0476629  0.0546924  0.0571052  0.0548168  0.0415650  0.0395170  0.0394158  0.0375167  0.0384201  0.0391644  0.0432130  0.0398226  0.0419852  0.0353703  0.0393947  0.0366135  0.0499960  0.0450681  0.0424687  0.0435947  0.0404515
 1  0.1216805  0.0775382  0.0538078  0.0624501  0.0534727  0.0794068  0.0716567  0.0715427  0.0608817  0.1296215  0.1298082  0.2189090  0.2743294  0.2228705  0.2194904  0.1939550  0.1837005  0.0893421  0.0760470  0.1190656  0.1271606  0.1718097  0.1560311  0.1827686  0.1732582  0.2218516  0.2707115
 2  0.0233076  0.0124971  0.0084772  0.0107024  0.0097271  0.0152747  0.0127774  0.0128635  0.0111834  0.0250683  0.0266874  0.0479461  0.0633772  0.0447227  0.0404821  0.0345934  0.0325294  0.0156489  0.0140002  0.0244656  0.0260775  0.0326066  0.0275741  0.0322303  0.0323427  0.0452119  0.0590613
 3  0.1125661  0.0701844  0.0781471  0.0609144  0.0656066  0.0636376  0.0642003  0.0635129  0.0665499  0.0681674  0.0663390  0.0725621  0.0708424  0.0648752  0.0558057  0.0658689  0.0604035  0.0674804  0.0550008  0.0639095  0.0700951  0.0678538  0.0647779  0.0653105  0.0649464  0.0685493  0.0663787
 4  0.0435238  0.0448153  0.0450662  0.0419973  0.0398543  0.0458302  0.0490065  0.0493870  0.0451717  0.0416328  0.0412790  0.0380477  0.0433299  0.0469530  0.0457023  0.0447212  0.0469224  0.0494663  0.0384381  0.0407928  0.0514767  0.0526056  0.0531682  0.0483487  0.0430459  0.0398436  0.0490989
 1  0.1291358  0.0481336  0.0324277  0.0557609  0.0404574  0.1388894  0.1347964  0.2059020  0.2453042  0.2043053  0.2249674  0.1443657  0.0899931  0.1210791  0.1245075  0.1352875  0.1495133  0.0701496  0.0718209  0.0670556  0.0647538  0.1070631  0.1125144  0.0847371  0.0816801  0.1249827  0.1379881
 2  0.0246433  0.0076257  0.0050746  0.0086691  0.0069022  0.0254783  0.0264083  0.0437702  0.0514269  0.0419431  0.0428306  0.0205946  0.0143374  0.0222945  0.0258488  0.0302741  0.0329557  0.0152482  0.0156038  0.0141164  0.0138452  0.0232765  0.0242796  0.0175536  0.0173911  0.0278536  0.0294256
 3  0.1195893  0.0802478  0.0798916  0.0592887  0.0598912  0.0710381  0.0658476  0.0662042  0.0704585  0.0656307  0.0596757  0.0610731  0.0558258  0.0662953  0.0779907  0.0686099  0.0632032  0.0634294  0.0731857  0.0686368  0.0673440  0.0716198  0.0735812  0.0633401  0.0660055  0.0674450  0.0695031
 4  0.0454104  0.0477860  0.0489329  0.0469451  0.0442452  0.0441881  0.0401115  0.0392914  0.0429610  0.0437939  0.0536903  0.0536620  0.0458026  0.0378916  0.0427481  0.0428040  0.0408675  0.0423568  0.0424163  0.0459516  0.0421052  0.0429284  0.0452046  0.0394896  0.0405559  0.0392110  0.0428366
 1  0.1456978  0.0688853  0.0446795  0.0975587  0.0752444  0.0908847  0.0779274  0.1702964  0.1481230  0.1752596  0.2160126  0.1302352  0.1287471  0.0865210  0.0930125  0.1251765  0.1357557  0.0973509  0.1029623  0.0897387  0.0907262  0.0621840  0.0555411  0.0383077  0.0306458  0.1003817  0.1084844
 2  0.0272533  0.0105586  0.0067969  0.0153003  0.0128258  0.0167828  0.0121116  0.0279888  0.0273488  0.0368372  0.0502196  0.0283037  0.0268199  0.0184037  0.0206041  0.0281188  0.0300698  0.0215386  0.0221775  0.0191081  0.0195289  0.0130596  0.0097076  0.0065826  0.0058722  0.0212089  0.0252991
 3  0.1352938  0.0688026  0.0772542  0.0667388  0.0578291  0.0650696  0.0653659  0.0566289  0.0623544  0.0709773  0.0685456  0.0695538  0.0604276  0.0633078  0.0752598  0.0672949  0.0667851  0.0625584  0.0773765  0.0622543  0.0667388  0.0606240  0.0600604  0.0579784  0.0666429  0.0691520  0.0681616
 4  0.0503031  0.0432572  0.0497030  0.0456700  0.0420268  0.0554112  0.0525833  0.0444254  0.0368133  0.0392470  0.0420107  0.0474682  0.0403626  0.0368517  0.0390105  0.0391976  0.0389814  0.0365430  0.0443458  0.0389786  0.0434628  0.0498748  0.0510601  0.0432692  0.0441048  0.0377060  0.0496905
 1  0.1394635  0.1067567  0.0718833  0.0986674  0.0823408  0.1303983  0.1323171  0.1416737  0.1534024  0.0951884  0.0706405  0.0954155  0.0955069  0.0917077  0.0940110  0.0861503  0.0921592  0.0548442  0.0521914  0.0940073  0.0860227  0.1207531  0.1305526  0.1119863  0.1094381  0.1501593  0.1767641
 2  0.0258566  0.0164305  0.0109270  0.0162591  0.0143018  0.0246400  0.0276706  0.0309645  0.0314924  0.0161094  0.0123036  0.0183227  0.0186366  0.0190021  0.0214064  0.0202775  0.0203841  0.0119595  0.0097901  0.0175996  0.0166367  0.0252754  0.0286301  0.0235561  0.0228312  0.0327025  0.0417528
 3  0.1297000  0.0677647  0.0690032  0.0566942  0.0592592  0.0633551  0.0592421  0.0720933  0.0641632  0.0616171  0.0541429  0.0772196  0.0636193  0.0640249  0.0705986  0.0663803  0.0739843  0.0634608  0.0637519  0.0573339  0.0665527  0.0661122  0.0629862  0.0706295  0.0613854  0.0667850  0.0714396
 4  0.0471594  0.0468831  0.0400041  0.0429915  0.0392763  0.0421140  0.0330726  0.0399554  0.0486422  0.0470337  0.0405979  0.0467387  0.0408656  0.0377655  0.0401070  0.0407733  0.0469145  0.0507511  0.0470424  0.0433762  0.0409407  0.0391537  0.0411066  0.0454412  0.0404226  0.0355209  0.0343575
 1  0.1220500  0.1105702  0.0794265  0.0917644  0.0834932  0.0812724  0.0646553  0.1286081  0.1190270  0.1228310  0.1247248  0.1469720  0.1445537  0.2811152  0.3575390  0.3451967  0.2805215  0.1478144  0.1502045  0.2162560  0.2192619  0.1181698  0.1151753  0.1912346  0.2064129  0.0953097  0.0841228
 2  0.0232430  0.0178040  0.0123979  0.0160969  0.0148624  0.0138967  0.0118111  0.0239785  0.0219676  0.0242251  0.0256274  0.0295428  0.0286772  0.0579263  0.0764208  0.0559384  0.0442007  0.0261240  0.0286818  0.0411510  0.0420391  0.0228156  0.0223755  0.0389186  0.0379174  0.0169126  0.0164366
 3  0.1131263  0.0803416  0.0788372  0.0594909  0.0620316  0.0599324  0.0614308  0.0702488  0.0601917  0.0598918  0.0751929  0.0595705  0.0645467  0.0620559  0.0635364  0.0697755  0.0503506  0.0668659  0.0719363  0.0649454  0.0633341  0.0635496  0.0641735  0.0664198  0.0644666  0.0617405  0.0635454
 4  0.0431712  0.0515579  0.0412453  0.0404172  0.0503505  0.0455668  0.0446762  0.0484779  0.0429739  0.0384165  0.0498913  0.0430445  0.0412521  0.0375813  0.0476506  0.0518483  0.0442709  0.0406595  0.0438196  0.0471952  0.0432443  0.0423428  0.0440519  0.0474771  0.0454079  0.0434573  0.0400628
 1  0.1033990  0.1104242  0.0831173  0.1014452  0.0780989  0.1492911  0.1247470  0.0967253  0.1036289  0.0630609  0.0649364  0.1008006  0.1110483  0.0349679  0.0348075  0.1165959  0.1262748  0.1677924  0.1980731  0.1829811  0.1804240  0.1544381  0.1493759  0.1023698  0.0953156  0.0395746  0.0304725
 2  0.0201090  0.0185609  0.0133908  0.0162686  0.0127787  0.0246126  0.0222910  0.0194649  0.0236827  0.0148946  0.0148372  0.0230736  0.0243816  0.0077181  0.0074993  0.0257406  0.0282768  0.0384187  0.0440217  0.0367025  0.0335979  0.0286337  0.0280603  0.0198902  0.0170624  0.0067249  0.0056117
 3  0.0955240  0.0807194  0.0720328  0.0634104  0.0581533  0.0631218  0.0615909  0.0649241  0.0681215  0.0708915  0.0596141  0.0699936  0.0737076  0.0650292  0.0680100  0.0617512  0.0690333  0.0665814  0.0728724  0.0674086  0.0644227  0.0618735  0.0705262  0.0587433  0.0698282  0.0598526  0.0619824
 4  0.0379955  0.0479928  0.0471867  0.0534218  0.0489525  0.0475209  0.0390428  0.0371144  0.0383014  0.0419906  0.0371293  0.0412450  0.0440062  0.0414115  0.0413448  0.0387035  0.0366759  0.0385603  0.0454745  0.0435867  0.0426972  0.0411888  0.0398961  0.0494482  0.0537014  0.0473355  0.0405205
 1  0.1289827  0.0726700  0.0496591  0.0406267  0.0228795  0.0869923  0.0900557  0.1292971  0.0882675  0.1031889  0.0972527  0.1107548  0.1286555  0.1333788  0.1531909  0.1698395  0.1713335  0.1206998  0.0866928  0.1057163  0.1035798  0.1108506  0.1204815  0.1166478  0.1395627  0.1706798  0.2147483
 2  0.0254748  0.0117440  0.0077522  0.0054187  0.0035676  0.0163055  0.0197817  0.0222693  0.0139874  0.0182476  0.0190717  0.0246291  0.0327137  0.0343901  0.0350148  0.0342802  0.0333396  0.0195361  0.0142424  0.0194167  0.0212277  0.0243781  0.0279705  0.0284117  0.0350958  0.0430922  0.0506299
 3  0.1188967  0.0695638  0.0933668  0.0547433  0.0573361  0.0624794  0.0753190  0.0731618  0.0526424  0.0593075  0.0660539  0.0685120  0.0674841  0.0694886  0.0732949  0.0665960  0.0634461  0.0628208  0.0612818  0.0620430  0.0657489  0.0697551  0.0671710  0.0687257  0.0686105  0.0676000  0.0621073
 4  0.0485996  0.0469753  0.0659469  0.0487374  0.0460860  0.0343302  0.0608029  0.0657737  0.0498075  0.0435469  0.0395420  0.0382970  0.0388948  0.0451557  0.0505829  0.0471120  0.0541191  0.0559269  0.0524507  0.0418599  0.0415822  0.0432674  0.0406558  0.0385355  0.0369769  0.0396424  0.0445266
 1  0.1303734  0.1043272  0.0735368  0.2006352  0.1896830  0.1288590  0.1262771  0.1419216  0.1228293  0.1083561  0.1001662  0.1145109  0.1337372  0.1281073  0.0943195  0.1095442  0.0963912  0.1797164  0.2298282  0.2756315  0.1608911  0.1480726  0.1512631  0.2002067  0.2352157  0.1431883  0.1758398
 2  0.0246442  0.0165740  0.0113632  0.0332694  0.0341793  0.0248594  0.0211496  0.0239545  0.0213937  0.0195096  0.0195873  0.0249894  0.0316768  0.0238683  0.0141914  0.0181202  0.0184289  0.0398708  0.0561188  0.0402549  0.0231870  0.0253705  0.0308019  0.0441359  0.0530315  0.0336203  0.0400680
 3  0.1208495  0.0848074  0.0855057  0.0836155  0.0821076  0.0884940  0.0805452  0.0828369  0.0838390  0.0822635  0.0853254  0.0924453  0.0901670  0.0715256  0.0552262  0.0554874  0.0677163  0.0720293  0.0694223  0.0666570  0.0479461  0.0620480  0.0631902  0.0689849  0.0667705  0.0698171  0.0721920
 4  0.0458997  0.0551036  0.0462690  0.0409553  0.0375579  0.0464439  0.0503545  0.0473920  0.0430668  0.0373246  0.0336836  0.0386442  0.0481341  0.0679176  0.0527945  0.0449800  0.0385913  0.0370585  0.0682968  0.0635133  0.0528845  0.0396702  0.0360180  0.0407139  0.0428076  0.0407104  0.0401978
 1  0.1268093  0.0785731  0.0546836  0.0682132  0.0589086  0.1033479  0.0947980  0.1608695  0.1810741  0.0894120  0.0662388  0.0971638  0.1020557  0.1139662  0.1215896  0.1675804  0.1712253  0.1384837  0.1349708  0.2318908  0.2921168  0.1524918  0.1548025  0.1192977  0.0748059  0.1636617  0.1728508
 2  0.0247688  0.0127079  0.0085130  0.0116154  0.0105314  0.0191397  0.0186393  0.0341877  0.0378699  0.0152738  0.0117476  0.0192303  0.0217016  0.0255221  0.0263841  0.0348105  0.0314746  0.0255869  0.0272625  0.0503173  0.0635128  0.0311384  0.0301358  0.0176020  0.0118665  0.0298092  0.0350008
 3  0.1170336  0.0879354  0.0888569  0.0715714  0.0579663  0.0628157  0.0610344  0.0628717  0.0659974  0.0630132  0.0633070  0.0689851  0.0689789  0.0683337  0.0658094  0.0673941  0.0630802  0.0625685  0.0673593  0.0710679  0.0603079  0.0668707  0.0623032  0.0551554  0.0527553  0.0691299  0.0741322
 4  0.0472314  0.0500857  0.0488087  0.0466378  0.0411530  0.0411394  0.0354622  0.0397041  0.0513633  0.0475810  0.0428983  0.0383589  0.0374853  0.0414392  0.0444509  0.0465279  0.0462538  0.0401891  0.0388523  0.0410511  0.0407607  0.0430698  0.0578196  0.0506640  0.0430402  0.0429639  0.0464841
 1  0.1361934  0.0865866  0.0581894  0.0777177  0.0644281  0.1468634  0.1358375  0.1517489  0.1059760  0.1125478  0.1140496  0.0900748  0.0816089  0.0994990  0.1003700  0.1392715  0.1765974  0.2308155  0.2884068  0.0941941  0.0874242  0.1145929  0.1074309  0.2424326  0.1798607  0.1822048  0.1910472
 2  0.0264105  0.0137034  0.0089429  0.0128223  0.0117435  0.0271395  0.0253404  0.0236125  0.0170911  0.0205911  0.0240697  0.0187826  0.0153533  0.0195463  0.0212929  0.0330524  0.0452763  0.0578241  0.0598437  0.0179230  0.0157182  0.0213245  0.0206274  0.0381219  0.0294828  0.0331634  0.0369343
 3  0.1257440  0.0671500  0.0673135  0.0535902  0.0652188  0.0678576  0.0661604  0.0678090  0.0545910  0.0687391  0.0734016  0.0711034  0.0622714  0.0654487  0.0699674  0.0733708  0.0664229  0.0690584  0.0588975  0.0627709  0.0606306  0.0622388  0.0720505  0.0641046  0.0558413  0.0651301  0.0671290
 4  0.0501259  0.0466923  0.0426792  0.0426762  0.0430649  0.0435959  0.0527191  0.0572127  0.0498653  0.0415005  0.0418032  0.0505372  0.0499531  0.0409752  0.0370793  0.0384307  0.0362766  0.0434788  0.0431474  0.0447742  0.0451863  0.0428173  0.0565446  0.0520842  0.0455856  0.0430694  0.0422089
 1  0.1185326  0.0608623  0.0423379  0.0324946  0.0276119  0.1317610  0.1408951  0.0828568  0.0565691  0.1154904  0.1172325  0.1071320  0.1113625  0.1424942  0.1591590  0.2538638  0.3030903  0.1031514  0.0849961  0.1172263  0.1232187  0.1033512  0.1022324  0.1956975  0.2416866  0.2025479  0.1779119
 2  0.0227503  0.0098581  0.0067258  0.0055760  0.0053585  0.0280169  0.0284653  0.0133700  0.0094384  0.0217048  0.0232253  0.0225957  0.0239715  0.0314373  0.0346052  0.0553457  0.0545912  0.0170644  0.0157424  0.0236845  0.0253775  0.0212768  0.0221075  0.0443673  0.0522541  0.0366847  0.0316787
 3  0.1096772  0.0767726  0.0820398  0.0592081  0.0706802  0.0614666  0.0687997  0.0615954  0.0573795  0.0687964  0.0685835  0.0693651  0.0786147  0.0635482  0.0680684  0.0682444  0.0619231  0.0576099  0.0648549  0.0751460  0.0710787  0.0613208  0.0673572  0.0661389  0.0693014  0.0638293  0.0540995
 4  0.0422451  0.0469060  0.0470025  0.0400993  0.0384333  0.0410639  0.0552921  0.0491980  0.0438627  0.0425076  0.0439999  0.0450693  0.0449500  0.0380755  0.0423641  0.0464912  0.0519192  0.0432681  0.0416303  0.0441720  0.0445178  0.0426077  0.0386719  0.0360408  0.0507012  0.0479897  0.0399942
 1  0.1320631  0.0507212  0.0340979  0.0351576  0.0178056  0.0935751  0.0929055  0.0793842  0.0862480  0.1257054  0.1439817  0.1607398  0.1642538  0.1044996  0.0976570  0.1414120  0.1503246  0.1007762  0.0972847  0.0562944  0.0562169  0.0282500  0.0253333  0.0689770  0.0661388  0.1284487  0.1333415
 2  0.0255619  0.0080471  0.0053123  0.0043482  0.0027063  0.0169599  0.0193606  0.0185219  0.0200713  0.0292701  0.0340429  0.0348624  0.0318727  0.0196736  0.0193540  0.0292092  0.0322836  0.0209684  0.0200618  0.0120784  0.0114893  0.0056638  0.0053256  0.0144283  0.0137485  0.0268338  0.0290433
 3  0.1220465  0.0785214  0.0769992  0.0599716  0.0510797  0.0603155  0.0730041  0.0692877  0.0690966  0.0625606  0.0642001  0.0760412  0.0651737  0.0647247  0.0632295  0.0634393  0.0695798  0.0639231  0.0652750  0.0634297  0.0749144  0.0582836  0.0697551  0.0730586  0.0640334  0.0695991  0.0685743
 4  0.0476083  0.0516417  0.0692601  0.0577123  0.0441539  0.0385278  0.0392896  0.0430264  0.0447118  0.0400751  0.0399685  0.0512565  0.0501833  0.0452450  0.0418888  0.0366312  0.0441826  0.0403531  0.0388888  0.0402971  0.0504752  0.0400927  0.0435562  0.0474594  0.0426005  0.0442886  0.0442666
 1  0.1123856  0.0467873  0.0332474  0.0981428  0.0971226  0.2146927  0.1889499  0.1747856  0.1513565  0.1848067  0.1941029  0.0838094  0.0870536  0.1402142  0.1447778  0.2046712  0.2094221  0.1212644  0.1095487  0.1284325  0.1217364  0.1660125  0.1635790  0.1932153  0.2027422  0.2846215  0.3592625
 2  0.0216566  0.0077500  0.0053807  0.0178134  0.0192657  0.0399363  0.0277596  0.0279198  0.0247741  0.0331636  0.0386751  0.0178134  0.0178373  0.0280485  0.0293657  0.0395687  0.0383400  0.0214105  0.0206700  0.0240014  0.0235839  0.0316873  0.0312000  0.0367309  0.0394966  0.0569337  0.0728894
 3  0.1039106  0.0794810  0.0838752  0.0884493  0.0862037  0.0921742  0.0889542  0.0853475  0.0950466  0.0886748  0.0870538  0.0895757  0.0887341  0.0925192  0.0829125  0.0906284  0.0910870  0.0917793  0.0881139  0.0951455  0.0830632  0.0896379  0.0772033  0.0918325  0.0912496  0.0917984  0.0961950
 4  0.0408804  0.0498845  0.0441580  0.0363416  0.0423881  0.0601770  0.0539876  0.0456990  0.0446069  0.0413693  0.0369654  0.0415815  0.0449765  0.0456886  0.0390534  0.0451266  0.0507663  0.0470731  0.0462600  0.0460477  0.0444823  0.0458620  0.0437015  0.0475297  0.0439632  0.0399655  0.0489297
