FL 2019 2020 2021 2022 2023 2024 2025 2026 2027 2028 2029 2030 2031 2032 2033 2034 2035 2036 2037 2038 2039 2040 2041 2042 2043 2044 2045
 1  0.7288134  0.6829873  0.6581188  0.6521119  0.6721972  0.7111677  0.6880179  0.6699591  0.6519961  0.6421037  0.6456771  0.6541329  0.6655271  0.6586739  0.6460731  0.6587130  0.6675955  0.6509499  0.6401588  0.6677486  0.6931612  0.6957624  0.6876887  0.6850843  0.6963593  0.6849304  0.6589400
 2  0.5725724  0.5324563  0.5355262  0.5450175  0.5949831  0.6154996  0.5955289  0.5545252  0.4996857  0.4714962  0.4904483  0.5368475  0.5552969  0.5417768  0.5213274  0.5427616  0.5583432  0.5385875  0.5265537  0.5657622  0.5941002  0.5973060  0.5794721  0.5748459  0.5804069  0.5705802  0.5313386
 3  0.7521145  0.7094340  0.6841918  0.6756644  0.6874408  0.7353423  0.7129810  0.6905784  0.6694804  0.6578149  0.6603164  0.6710681  0.6854189  0.6787737  0.6635243  0.6750190  0.6876035  0.6723883  0.6576179  0.6836482  0.7138445  0.7176234  0.7089433  0.7030733  0.7162420  0.7061978  0.6786010
 4  0.4566311  0.4437178  0.4673372  0.4675745  0.5382609  0.5558531  0.4989555  0.4215172  0.3712611  0.3734552  0.4290547  0.4803834  0.4795331  0.4393969  0.4321471  0.4819360  0.4896922  0.4395558  0.4437455  0.5119764  0.5315982  0.5174580  0.4811109  0.4938030  0.5098686  0.4769354  0.4217190
 1  0.7290193  0.6838820  0.6601290  0.6536733  0.6518677  0.6609376  0.6824884  0.6810104  0.6757819  0.6834466  0.6797131  0.6737870  0.6820045  0.6829880  0.6882468  0.6885763  0.6915844  0.7106986  0.6988313  0.6895059  0.6612899  0.6289979  0.6347714  0.6060827  0.6081416  0.6357906  0.6652378
 2  0.5731135  0.5329778  0.5358456  0.5464766  0.5445678  0.5571408  0.5742063  0.5712501  0.5635071  0.5662151  0.5591666  0.5482814  0.5483235  0.5489952  0.5528071  0.5523874  0.5751070  0.5956570  0.5895757  0.5632390  0.5169082  0.5036774  0.5210665  0.5009794  0.5034989  0.5367572  0.5653832
 3  0.7523618  0.7102255  0.6860089  0.6769003  0.6726115  0.6783274  0.7016495  0.7018073  0.6944224  0.7024103  0.6997479  0.6918548  0.6998913  0.7007161  0.7055282  0.7071241  0.7077204  0.7313946  0.7210247  0.7085874  0.6790184  0.6460168  0.6531286  0.6271696  0.6252563  0.6518255  0.6839939
 4  0.4573780  0.4432885  0.4663154  0.4705680  0.4574467  0.4860352  0.5064008  0.4838275  0.4785673  0.4893615  0.4666342  0.4569899  0.4595509  0.4593260  0.4699808  0.4585883  0.5073984  0.5310243  0.4929637  0.4414031  0.4138926  0.4384731  0.4561744  0.4165536  0.4299440  0.4807168  0.4996433
 1  0.7283085  0.6841639  0.6578310  0.6562228  0.6716065  0.6700848  0.6483319  0.6485669  0.6613595  0.6586633  0.6559534  0.6592581  0.6740842  0.6772503  0.6725466  0.6841733  0.6750631  0.6782900  0.6748161  0.6749754  0.6698890  0.6621655  0.6554663  0.6655727  0.6908322  0.6914731  0.6749867
 2  0.5726575  0.5332084  0.5344821  0.5608390  0.5747134  0.5665015  0.5351635  0.5392688  0.5548308  0.5489912  0.5354373  0.5359996  0.5586200  0.5650027  0.5640903  0.5650065  0.5594950  0.5604978  0.5614952  0.5592497  0.5462333  0.5273739  0.5237194  0.5654598  0.5958348  0.5953727  0.5671235
 3  0.7516802  0.7103537  0.6836907  0.6779658  0.6931565  0.6914856  0.6670868  0.6657865  0.6808053  0.6788068  0.6749714  0.6760698  0.6914985  0.6979299  0.6917843  0.7030177  0.6942095  0.6971971  0.6942588  0.6943924  0.6894840  0.6802371  0.6718674  0.6821643  0.7117648  0.7144277  0.6967353
 4  0.4573648  0.4429854  0.4658857  0.4978213  0.5036490  0.4708833  0.4442627  0.4752806  0.4848873  0.4624770  0.4370438  0.4573937  0.4958087  0.4870511  0.4788419  0.4813966  0.4784035  0.4830196  0.4823020  0.4764061  0.4490022  0.4237546  0.4507035  0.5132902  0.5350244  0.5149723  0.4571553
 1  0.7292546  0.6839832  0.6608269  0.6563050  0.6569143  0.6618168  0.6644143  0.6771253  0.6882473  0.7046733  0.7015316  0.6946904  0.7004419  0.6967901  0.6916915  0.6899222  0.6889366  0.6936856  0.6803026  0.6753276  0.6777444  0.6906831  0.6714700  0.6502345  0.6414909  0.6428712  0.6550334
 2  0.5718989  0.5325022  0.5362216  0.5501955  0.5530980  0.5492199  0.5473286  0.5554679  0.5798641  0.5973857  0.5936188  0.5797842  0.5693647  0.5571738  0.5376192  0.5283804  0.5363401  0.5468464  0.5471608  0.5469757  0.5676100  0.5815518  0.5614584  0.5225579  0.4970547  0.5047210  0.5247522
 3  0.7524902  0.7105481  0.6868310  0.6792384  0.6774727  0.6813571  0.6822102  0.6949633  0.7059433  0.7252271  0.7235054  0.7137611  0.7188390  0.7153208  0.7084726  0.7063314  0.7050227  0.7111105  0.6988055  0.6934616  0.6955097  0.7113167  0.6935227  0.6696997  0.6584214  0.6588627  0.6722275
 4  0.4556608  0.4436466  0.4661984  0.4758950  0.4729582  0.4595863  0.4642312  0.4796543  0.5133466  0.5296721  0.5020141  0.4796524  0.4773396  0.4506871  0.4277552  0.4262579  0.4533633  0.4651124  0.4596368  0.4666971  0.5021031  0.5115564  0.4632131  0.4059023  0.4001111  0.4343027  0.4529343
 1  0.7307392  0.6864747  0.6618297  0.6576123  0.6694891  0.6889126  0.6767798  0.6770772  0.6532352  0.6459836  0.6120420  0.5379164  0.6042149  0.6793464  0.6776451  0.6785087  0.6593304  0.6444918  0.6508851  0.6872105  0.6779175  0.6681606  0.6544573  0.6437023  0.6254369  0.6195724  0.6681145
 2  0.5709265  0.5324007  0.5361662  0.5535210  0.5765328  0.5880111  0.5770615  0.5661605  0.5497453  0.5447130  0.5089802  0.4423961  0.5432601  0.5917596  0.5909878  0.5733992  0.5349485  0.5013499  0.5416050  0.5848912  0.5798401  0.5524375  0.5187487  0.5018886  0.4933296  0.5344647  0.5834416
 3  0.7534590  0.7126204  0.6877581  0.6803338  0.6888260  0.7100742  0.6976873  0.6970477  0.6727961  0.6659830  0.6349090  0.5556987  0.6123861  0.7005482  0.7005402  0.6990892  0.6789825  0.6622279  0.6642625  0.7080534  0.7011164  0.6878183  0.6720957  0.6613988  0.6425369  0.6342895  0.6870221
 4  0.4540021  0.4430379  0.4667893  0.4823158  0.5106654  0.5148419  0.4936528  0.4811751  0.4759530  0.4777523  0.4151572  0.3721488  0.5086681  0.5382563  0.5072864  0.4721786  0.4271427  0.3976284  0.4935520  0.5298474  0.4868203  0.4359283  0.4207506  0.4125852  0.4203450  0.4906262  0.5278261
 1  0.7296156  0.6865135  0.6597803  0.6528591  0.6562587  0.6591640  0.6509916  0.6624664  0.6861564  0.6899121  0.6721855  0.6577823  0.6643105  0.6799490  0.6821753  0.6797178  0.6671598  0.6575830  0.6662431  0.6770585  0.6816835  0.6973097  0.6992147  0.6820705  0.6616654  0.6696934  0.6843560
 2  0.5721350  0.5333712  0.5351317  0.5505477  0.5569049  0.5505905  0.5349880  0.5546858  0.5854034  0.5888137  0.5613902  0.5229935  0.5157996  0.5373718  0.5549864  0.5562284  0.5360445  0.5147350  0.5279578  0.5481812  0.5672894  0.5909557  0.5932962  0.5701502  0.5402366  0.5584021  0.5749195
 3  0.7525046  0.7124216  0.6856374  0.6757233  0.6770950  0.6794478  0.6694333  0.6786753  0.7056189  0.7120664  0.6938164  0.6763612  0.6798410  0.6962234  0.7003610  0.6991092  0.6865385  0.6746772  0.6820953  0.6950518  0.6995840  0.7162099  0.7214371  0.7036289  0.6794561  0.6870073  0.7046964
 4  0.4555682  0.4427927  0.4667100  0.4807702  0.4808841  0.4596334  0.4457766  0.4942202  0.5249285  0.5104612  0.4517467  0.4006172  0.4296342  0.4683141  0.4810010  0.4682735  0.4276756  0.4147290  0.4573134  0.4753707  0.4950449  0.5254522  0.5162124  0.4612208  0.4502488  0.4985183  0.5020122
 1  0.7282820  0.6802620  0.6536923  0.6514485  0.6652217  0.6643434  0.6607017  0.6660070  0.6727291  0.6764510  0.6746701  0.6844566  0.7036959  0.6993079  0.6909660  0.6849053  0.6734232  0.6573753  0.6704476  0.7083958  0.7004786  0.6954506  0.6930155  0.6901273  0.6760283  0.6652606  0.6626670
 2  0.5697585  0.5310939  0.5342594  0.5559167  0.5657965  0.5539409  0.5272109  0.5119998  0.5148247  0.5197240  0.5261230  0.5641074  0.5956937  0.5976833  0.5803507  0.5555058  0.5286741  0.5096059  0.5712230  0.6086724  0.6085629  0.5944515  0.5782741  0.5615705  0.5309829  0.5063509  0.4945277
 3  0.7517544  0.7072754  0.6800261  0.6737856  0.6866184  0.6849745  0.6785736  0.6819974  0.6886678  0.6929738  0.6912512  0.6999721  0.7240813  0.7218235  0.7120450  0.7033883  0.6908171  0.6753832  0.6834897  0.7309572  0.7245130  0.7165189  0.7127603  0.7095176  0.6941769  0.6821390  0.6789587
 4  0.4555172  0.4446611  0.4668791  0.4902137  0.4884451  0.4500416  0.4114810  0.4123466  0.4274439  0.4284677  0.4366885  0.5051385  0.5349130  0.5171402  0.4747792  0.4428118  0.4321894  0.4166614  0.5214214  0.5529435  0.5268893  0.4994862  0.4866698  0.4594080  0.4185998  0.3976373  0.3900188
 1  0.7315684  0.6872715  0.6645220  0.6577148  0.6553141  0.6597783  0.6773404  0.7030096  0.6886083  0.6833941  0.6788310  0.6733556  0.6518048  0.6285767  0.6329245  0.6366265  0.6762702  0.7134354  0.6871539  0.6632745  0.6443545  0.6099187  0.5870084  0.5822319  0.6324078  0.6621548  0.6893023
 2  0.5697771  0.5318252  0.5385192  0.5476759  0.5418452  0.5325583  0.5629078  0.5921245  0.5917075  0.5849978  0.5755627  0.5553466  0.5151476  0.4862312  0.4933621  0.5136951  0.5919827  0.6170370  0.5949436  0.5579008  0.5282700  0.4975797  0.4730582  0.4944885  0.5437132  0.5749559  0.5978625
 3  0.7537993  0.7131676  0.6905108  0.6813964  0.6761470  0.6775848  0.6923611  0.7230515  0.7105432  0.7051230  0.7004324  0.6932110  0.6704727  0.6458685  0.6492405  0.6533763  0.6894739  0.7376832  0.7124850  0.6838212  0.6627410  0.6307605  0.6052277  0.5966381  0.6493256  0.6802645  0.7091436
 4  0.4515532  0.4434329  0.4701444  0.4678930  0.4425779  0.4336776  0.5029771  0.5308929  0.5186353  0.5102836  0.4870239  0.4507828  0.4075173  0.3962350  0.4181325  0.4468327  0.5412610  0.5583430  0.5007087  0.4513052  0.4502453  0.4130789  0.3918810  0.4480896  0.4883395  0.5127650  0.5329396
 1  0.7286303  0.6828830  0.6563583  0.6496069  0.6420424  0.6521845  0.6612803  0.6694615  0.6951873  0.7027814  0.6925610  0.6804031  0.6676059  0.6635363  0.6616998  0.6523328  0.6547566  0.6643325  0.6871823  0.6837945  0.6873450  0.6952983  0.6912576  0.7028086  0.7248196  0.7057355  0.6859080
 2  0.5686480  0.5316152  0.5346529  0.5437449  0.5417508  0.5494835  0.5571124  0.5741206  0.5985039  0.6048936  0.5876369  0.5576716  0.5232789  0.5101061  0.5041756  0.4907830  0.4909047  0.5281824  0.5625577  0.5684094  0.5711427  0.5753106  0.5667461  0.6029347  0.6222171  0.6116824  0.5761525
 3  0.7517398  0.7093301  0.6824498  0.6731906  0.6623553  0.6706862  0.6805230  0.6874967  0.7153010  0.7250708  0.7145787  0.7002521  0.6850300  0.6802217  0.6788588  0.6690044  0.6703523  0.6789552  0.7054758  0.7036438  0.7053970  0.7146386  0.7109698  0.7178818  0.7494133  0.7308365  0.7074760
 4  0.4547156  0.4436557  0.4669469  0.4669189  0.4628442  0.4780769  0.4839619  0.5099798  0.5350468  0.5298842  0.4917272  0.4402590  0.4149659  0.4198360  0.4046525  0.3852761  0.3962303  0.4699996  0.4972517  0.4804436  0.4894268  0.4955256  0.4677671  0.5417969  0.5631437  0.5235216  0.4504238
 1  0.7290541  0.6817587  0.6560446  0.6598656  0.6819977  0.6743239  0.6629898  0.6629049  0.6749292  0.6780568  0.6847914  0.6858568  0.6792128  0.6796081  0.6978160  0.6989514  0.6992240  0.6917495  0.6730033  0.6562994  0.6489955  0.6519171  0.6553348  0.6359762  0.6550994  0.6815477  0.6748621
 2  0.5720311  0.5322537  0.5356293  0.5712229  0.5860184  0.5719749  0.5301219  0.5042548  0.5158860  0.5369435  0.5609901  0.5660410  0.5524574  0.5572287  0.5824647  0.5956225  0.5950863  0.5817226  0.5453722  0.5016708  0.4780058  0.4958503  0.5291031  0.5326941  0.5653958  0.5834216  0.5715949
 3  0.7524456  0.7084427  0.6822703  0.6808315  0.7046252  0.6966085  0.6815401  0.6782301  0.6904933  0.6947964  0.7027019  0.7055507  0.6985671  0.6959295  0.7166839  0.7197963  0.7207231  0.7130641  0.6927805  0.6740942  0.6647080  0.6666325  0.6728514  0.6558232  0.6724299  0.7024680  0.6968233
 4  0.4569095  0.4447763  0.4684580  0.5119724  0.5163797  0.4638647  0.3923847  0.4039197  0.4397194  0.4655498  0.4884486  0.4819268  0.4482003  0.4826366  0.5197435  0.5245333  0.5164627  0.4849667  0.4288570  0.3769214  0.3740949  0.4305330  0.4665838  0.4643385  0.5050274  0.5165467  0.4745502
 1  0.7304056  0.6862663  0.6624796  0.6566945  0.6623771  0.6736732  0.6759745  0.6872300  0.6755570  0.6637030  0.6722946  0.6791703  0.7008387  0.6955308  0.6791387  0.6736142  0.6683984  0.6630484  0.6713622  0.6642463  0.6633257  0.6639095  0.6657909  0.6690463  0.6631900  0.6601629  0.6619920
 2  0.5719358  0.5325228  0.5359363  0.5501367  0.5601366  0.5638906  0.5668233  0.5702114  0.5511790  0.5271344  0.5310796  0.5679797  0.5953155  0.5959114  0.5749290  0.5606241  0.5461741  0.5364269  0.5424553  0.5365517  0.5261407  0.5221098  0.5340117  0.5451817  0.5413352  0.5313936  0.5399031
 3  0.7532408  0.7124399  0.6883398  0.6795669  0.6825726  0.6932324  0.6942495  0.7067072  0.6959137  0.6809172  0.6889315  0.6955237  0.7215733  0.7181142  0.6998232  0.6935008  0.6881468  0.6804872  0.6892457  0.6833643  0.6810622  0.6808455  0.6823102  0.6878837  0.6827067  0.6778599  0.6790268
 4  0.4545313  0.4425846  0.4657635  0.4765718  0.4832383  0.4799616  0.4898756  0.4909353  0.4426867  0.4259039  0.4523114  0.5097095  0.5339252  0.5130170  0.4862783  0.4759810  0.4489084  0.4509570  0.4642366  0.4451435  0.4265123  0.4308998  0.4633160  0.4710941  0.4469363  0.4396888  0.4697436
 1  0.7281665  0.6811525  0.6570627  0.6544352  0.6641492  0.6649011  0.6574433  0.6551971  0.6556381  0.6690483  0.6723895  0.6974612  0.6972531  0.6997413  0.6811401  0.6701499  0.6569210  0.6448125  0.6628491  0.6584263  0.6792051  0.6803712  0.6731448  0.6816906  0.6964365  0.6783540  0.6678228
 2  0.5709774  0.5315600  0.5362088  0.5571643  0.5654257  0.5572970  0.5320281  0.5125408  0.5242259  0.5487313  0.5795487  0.6010414  0.6068160  0.6002048  0.5719302  0.5387846  0.5040202  0.5055442  0.5401226  0.5611953  0.5787566  0.5769219  0.5616405  0.5786664  0.5920081  0.5797328  0.5590255
 3  0.7515019  0.7078046  0.6832717  0.6769317  0.6854920  0.6855023  0.6759904  0.6723502  0.6713453  0.6874023  0.6901577  0.7188894  0.7196983  0.7223193  0.7027303  0.6888481  0.6744693  0.6602410  0.6801820  0.6775669  0.6992119  0.7015509  0.6926673  0.6986503  0.7185036  0.7007012  0.6878995
 4  0.4557197  0.4444463  0.4687426  0.4904815  0.4894997  0.4607880  0.4266518  0.4136721  0.4573747  0.4838961  0.5178653  0.5396587  0.5347977  0.5170937  0.4661093  0.4244479  0.3949592  0.4380509  0.4806964  0.4966482  0.5097467  0.4911747  0.4704984  0.5153753  0.5266156  0.4924570  0.4712806
 1  0.7281973  0.6813801  0.6591483  0.6507583  0.6541642  0.6870334  0.6867167  0.6820688  0.6774782  0.6752677  0.6744958  0.6857119  0.6829153  0.6786704  0.6646207  0.6616887  0.6679640  0.6749824  0.7014948  0.6884340  0.6740369  0.6719681  0.6734571  0.6751696  0.6768191  0.6892897  0.7027427
 2  0.5743464  0.5328744  0.5381605  0.5428599  0.5640398  0.5858893  0.5839858  0.5615390  0.5280826  0.4930581  0.4878107  0.5311084  0.5578661  0.5609882  0.5484195  0.5437525  0.5441426  0.5735868  0.5988853  0.5900161  0.5617707  0.5367095  0.5263921  0.5325793  0.5601612  0.5993463  0.6077728
 3  0.7516029  0.7076443  0.6852031  0.6749156  0.6723243  0.7071163  0.7083920  0.7016804  0.6950165  0.6909080  0.6881978  0.7013055  0.7015339  0.6986196  0.6844028  0.6798320  0.6869110  0.6907967  0.7228109  0.7121939  0.6946750  0.6896071  0.6903792  0.6916779  0.6942063  0.7080572  0.7273715
 4  0.4584144  0.4447439  0.4713349  0.4622931  0.4970819  0.5210453  0.4956224  0.4459841  0.3968052  0.3562347  0.4065736  0.4692327  0.4877198  0.4785436  0.4582575  0.4647592  0.4584985  0.5120152  0.5395999  0.5020457  0.4469755  0.4303297  0.4342417  0.4560961  0.4989356  0.5427554  0.5420670
 1  0.7281184  0.6807090  0.6557880  0.6498668  0.6427175  0.6529112  0.6750318  0.6731217  0.6463416  0.6156446  0.6423236  0.6714943  0.6718978  0.6627854  0.6454506  0.6351949  0.6634170  0.6829765  0.6819830  0.6998080  0.6905047  0.6743750  0.6535326  0.6321405  0.6439705  0.6571222  0.6626320
 2  0.5729084  0.5323670  0.5358422  0.5464105  0.5421754  0.5588653  0.5788566  0.5766357  0.5427599  0.5164797  0.5538638  0.5818633  0.5792099  0.5592491  0.5242745  0.5146205  0.5592604  0.5792983  0.5884251  0.5958827  0.5827831  0.5474088  0.4936097  0.4628243  0.4960070  0.5370727  0.5474128
 3  0.7517145  0.7074706  0.6820454  0.6734112  0.6634967  0.6703128  0.6949336  0.6950427  0.6679065  0.6344102  0.6582227  0.6919398  0.6943421  0.6840376  0.6649218  0.6518027  0.6793514  0.7041517  0.7015593  0.7204803  0.7127228  0.6942523  0.6708736  0.6477449  0.6583317  0.6746664  0.6822614
 4  0.4576816  0.4449541  0.4686867  0.4716306  0.4613231  0.4947298  0.5168447  0.4987724  0.4524491  0.4433973  0.5016794  0.5222525  0.5012800  0.4622454  0.4206203  0.4423035  0.5064205  0.5106354  0.5130498  0.5243089  0.4887667  0.4203807  0.3620347  0.3710179  0.4399966  0.4757799  0.4618253
 1  0.7289669  0.6802509  0.6575528  0.6558564  0.6713067  0.6816921  0.6721245  0.6658935  0.6627584  0.6636276  0.6772438  0.7049949  0.7156919  0.7003573  0.6785693  0.6703219  0.6700451  0.6770498  0.6791746  0.6823568  0.6838617  0.6758435  0.6691838  0.6700399  0.6820069  0.6929152  0.6983587
 2  0.5742236  0.5321444  0.5382036  0.5610324  0.5810303  0.5832368  0.5615499  0.5243536  0.4841329  0.4667350  0.5285885  0.6033407  0.6180846  0.6035391  0.5552218  0.5067090  0.4825569  0.4958893  0.5352843  0.5657126  0.5762356  0.5662620  0.5477205  0.5394243  0.5520827  0.5738713  0.5858863
 3  0.7523603  0.7067756  0.6838246  0.6784121  0.6918512  0.7035806  0.6931471  0.6839618  0.6787255  0.6776066  0.6903408  0.7232223  0.7403387  0.7239780  0.6983104  0.6870592  0.6849103  0.6913326  0.6953724  0.7007469  0.7044971  0.6967855  0.6884589  0.6873950  0.6990579  0.7108521  0.7183708
 4  0.4578898  0.4455059  0.4723567  0.4959226  0.5151589  0.5037588  0.4513307  0.3907314  0.3460628  0.3650544  0.4832075  0.5507214  0.5517472  0.4978998  0.4175515  0.3705685  0.3748652  0.4195631  0.4701682  0.5014234  0.5022787  0.4752618  0.4463064  0.4508381  0.4774820  0.5046847  0.5125027
 1  0.7287269  0.6813673  0.6569121  0.6506037  0.6505807  0.6707715  0.6764576  0.6761756  0.6718924  0.6615475  0.6723619  0.6747288  0.6614957  0.6553753  0.6608913  0.6634314  0.6887541  0.7110335  0.6929810  0.6757279  0.6620912  0.6514131  0.6514222  0.6664075  0.6727867  0.6789038  0.6741499
 2  0.5719461  0.5319569  0.5365378  0.5442732  0.5493526  0.5640253  0.5703559  0.5716169  0.5647869  0.5603714  0.5727796  0.5724992  0.5513225  0.5317689  0.5319230  0.5444514  0.5944457  0.6129955  0.5971741  0.5586844  0.5043671  0.4560729  0.4754252  0.5465094  0.5790807  0.5841682  0.5839192
 3  0.7520538  0.7080049  0.6831850  0.6745266  0.6705066  0.6889365  0.6961537  0.6960066  0.6923980  0.6810276  0.6915316  0.6963825  0.6824372  0.6733345  0.6783400  0.6809617  0.7050597  0.7347412  0.7171723  0.6964058  0.6797131  0.6665542  0.6642940  0.6833119  0.6927486  0.7010325  0.6949597
 4  0.4562514  0.4449012  0.4697036  0.4653726  0.4684732  0.4920207  0.4976907  0.4959945  0.4856089  0.4862871  0.5077295  0.4946310  0.4498831  0.4380861  0.4524029  0.4750559  0.5386685  0.5504415  0.5022223  0.4276871  0.3560933  0.3270199  0.4210215  0.4975542  0.5178002  0.5137781  0.5091273
 1  0.7276935  0.6812072  0.6552226  0.6508644  0.6638688  0.6769424  0.6737312  0.6674937  0.6710940  0.6817305  0.6893458  0.6877469  0.6872803  0.7000971  0.7126088  0.6949217  0.6676483  0.6556526  0.6742421  0.6800556  0.6623132  0.6400982  0.6261724  0.6044985  0.6232117  0.6735037  0.6785024
 2  0.5721492  0.5322268  0.5348612  0.5521717  0.5690641  0.5760624  0.5635295  0.5422330  0.5353928  0.5494360  0.5622315  0.5617222  0.5605833  0.5913192  0.6054046  0.5894463  0.5341294  0.5033411  0.5452020  0.5669860  0.5508039  0.5148142  0.4934085  0.4823441  0.5329643  0.5794177  0.5831005
 3  0.7511928  0.7077284  0.6813038  0.6736495  0.6841424  0.6972215  0.6941839  0.6864257  0.6879124  0.6986296  0.7078886  0.7066188  0.7051738  0.7170776  0.7353758  0.7179855  0.6871998  0.6707969  0.6898180  0.7005907  0.6840011  0.6592752  0.6430990  0.6226635  0.6370326  0.6925759  0.7010595
 4  0.4573467  0.4439921  0.4676465  0.4838892  0.4982469  0.4986277  0.4708370  0.4372784  0.4459577  0.4769267  0.4833715  0.4697344  0.4739664  0.5297201  0.5394629  0.4822588  0.3857018  0.4136663  0.4934647  0.4995184  0.4508205  0.4068664  0.4111534  0.4087288  0.4842045  0.5250628  0.5001153
 1  0.7285885  0.6861851  0.6620218  0.6601401  0.6749927  0.6757053  0.6824737  0.6811582  0.6600157  0.6430371  0.6526882  0.6821690  0.6752432  0.6723092  0.6806607  0.6739729  0.6809928  0.6823259  0.6745591  0.6851639  0.7020643  0.6891671  0.6819507  0.6772076  0.6671489  0.6713297  0.6996226
 2  0.5713707  0.5332933  0.5349763  0.5620272  0.5754849  0.5771280  0.5734220  0.5609385  0.5214104  0.4835258  0.5275279  0.5717091  0.5720731  0.5662370  0.5689562  0.5683216  0.5713264  0.5662475  0.5495074  0.5713395  0.5932092  0.5854144  0.5638494  0.5334156  0.4907656  0.5214928  0.5757290
 3  0.7516385  0.7121700  0.6876872  0.6816314  0.6966268  0.6961596  0.7018166  0.7012723  0.6791667  0.6595699  0.6661590  0.7017006  0.6972071  0.6906426  0.7001196  0.6941733  0.7004524  0.7025448  0.6931622  0.7010325  0.7233404  0.7115928  0.7019685  0.6953643  0.6834306  0.6839450  0.7182334
 4  0.4556943  0.4418778  0.4640399  0.4985838  0.5036001  0.4936588  0.4918205  0.4635169  0.3988125  0.3754323  0.4786672  0.5158487  0.4821717  0.4825499  0.4971449  0.4912341  0.4936925  0.4734676  0.4501938  0.5091131  0.5298047  0.4958832  0.4529171  0.4061756  0.3549693  0.4696791  0.5216556
 1  0.7287496  0.6821007  0.6567411  0.6489645  0.6232818  0.6098431  0.6530033  0.6650882  0.6618326  0.6581358  0.6666330  0.6873465  0.6793241  0.6723303  0.6795854  0.6855402  0.6885236  0.6822607  0.6796096  0.6851226  0.6906519  0.6843238  0.6755358  0.6825769  0.6974911  0.6981516  0.6997239
 2  0.5722266  0.5321358  0.5346531  0.5398909  0.5099136  0.5072048  0.5488084  0.5635166  0.5553507  0.5447678  0.5620336  0.5782368  0.5677052  0.5461073  0.5491489  0.5667012  0.5719461  0.5631569  0.5514768  0.5552125  0.5584110  0.5421142  0.5159673  0.5330477  0.5658972  0.5839880  0.5892870
 3  0.7522206  0.7088684  0.6828788  0.6727412  0.6450004  0.6256569  0.6697166  0.6851611  0.6815291  0.6774367  0.6835973  0.7074889  0.7008113  0.6902009  0.6962305  0.7042068  0.7085124  0.7019751  0.6976735  0.7025433  0.7093435  0.7028978  0.6917571  0.6972926  0.7154053  0.7174920  0.7200532
 4  0.4567510  0.4439026  0.4658623  0.4588206  0.4076986  0.4430788  0.4935217  0.4893671  0.4706822  0.4588830  0.4962951  0.5105600  0.4649197  0.4398199  0.4755355  0.4983210  0.4907186  0.4655081  0.4573979  0.4760622  0.4707790  0.4229583  0.3981082  0.4658178  0.5014092  0.5101080  0.5115721
 1  0.7314508  0.6876579  0.6632366  0.6615746  0.6796339  0.6856157  0.6702214  0.6570098  0.6480748  0.6731060  0.7045268  0.6946921  0.6785853  0.6742503  0.6857812  0.6897915  0.6640352  0.6420626  0.6209149  0.5959493  0.6541639  0.6459236  0.6240648  0.5993316  0.6150321  0.6447128  0.6606089
 2  0.5718119  0.5326729  0.5376219  0.5660400  0.5878012  0.5879605  0.5583880  0.5114909  0.4877569  0.5655875  0.6025439  0.5973785  0.5618703  0.5388607  0.5574258  0.5700160  0.5501027  0.5255829  0.5102956  0.5312046  0.5706138  0.5611483  0.5255297  0.4967223  0.5178060  0.5433933  0.5717443
 3  0.7538355  0.7134097  0.6891651  0.6833788  0.7006871  0.7080371  0.6915363  0.6751237  0.6629679  0.6863635  0.7266581  0.7179779  0.6988200  0.6909778  0.7024321  0.7099535  0.6850776  0.6610402  0.6398120  0.6097112  0.6749578  0.6689999  0.6443991  0.6186703  0.6308064  0.6630500  0.6783156
 4  0.4534029  0.4431864  0.4696611  0.5033290  0.5232302  0.5062555  0.4420117  0.3724104  0.4012056  0.5231704  0.5440455  0.5029243  0.4374466  0.4434098  0.4941159  0.4968188  0.4570638  0.4402220  0.4368911  0.4894979  0.5157324  0.4788617  0.4385759  0.4173295  0.4587715  0.4802682  0.5077344
 1  0.7320621  0.6910884  0.6658703  0.6564953  0.6555078  0.6658153  0.6715349  0.6883007  0.6940463  0.7026236  0.6989661  0.6949454  0.6922894  0.6860075  0.6803069  0.6750610  0.6609425  0.6379103  0.6325085  0.6614274  0.6674958  0.6845726  0.6769644  0.6757646  0.6745584  0.6829523  0.6954287
 2  0.5746545  0.5344151  0.5367406  0.5462345  0.5505962  0.5501649  0.5543778  0.5666754  0.5841998  0.5949936  0.5906595  0.5786041  0.5624992  0.5490116  0.5334812  0.5217592  0.5016232  0.4758077  0.5139857  0.5670150  0.5878914  0.5913589  0.5789009  0.5573838  0.5460832  0.5681391  0.5902536
 3  0.7544364  0.7164504  0.6914791  0.6798413  0.6757159  0.6849783  0.6891509  0.7060955  0.7127435  0.7233792  0.7205062  0.7143735  0.7108705  0.7044894  0.6978680  0.6922039  0.6781823  0.6549601  0.6461378  0.6810400  0.6880142  0.7071317  0.6992916  0.6946384  0.6918705  0.7003672  0.7155549
 4  0.4545522  0.4418585  0.4670749  0.4694286  0.4692407  0.4618861  0.4725595  0.4926629  0.5149094  0.5237921  0.5015093  0.4793300  0.4682494  0.4503031  0.4317972  0.4194697  0.3962030  0.3761605  0.4669605  0.5161471  0.5238999  0.5210880  0.4814052  0.4508455  0.4634701  0.5053005  0.5261223
 1  0.7287904  0.6836471  0.6584921  0.6523481  0.6600300  0.6768851  0.6779623  0.6747281  0.6656600  0.6736734  0.6829116  0.6989385  0.6896293  0.6819953  0.6663675  0.6585990  0.6600991  0.6603849  0.6734761  0.6770031  0.6777204  0.6873896  0.6902380  0.6813686  0.6757238  0.6738140  0.6821264
 2  0.5701777  0.5321565  0.5345798  0.5466788  0.5608016  0.5713800  0.5643302  0.5437166  0.5288351  0.5444201  0.5721445  0.5873636  0.5786468  0.5558079  0.5226743  0.5084431  0.5152794  0.5364738  0.5594099  0.5677673  0.5719589  0.5841428  0.5855419  0.5699887  0.5436651  0.5211483  0.5221509
 3  0.7520664  0.7102563  0.6845029  0.6753673  0.6797238  0.6963918  0.6980913  0.6933865  0.6819444  0.6912983  0.7008246  0.7189503  0.7106028  0.7013741  0.6843995  0.6750983  0.6768368  0.6774009  0.6918801  0.6967740  0.6967269  0.7069682  0.7116665  0.7023128  0.6946740  0.6902990  0.6976360
 4  0.4552733  0.4433234  0.4647289  0.4722645  0.4872005  0.4955837  0.4714931  0.4296798  0.4448667  0.4763651  0.5048265  0.5138232  0.4862722  0.4461924  0.4127241  0.4182694  0.4377330  0.4689212  0.4910883  0.4897469  0.4976765  0.5157502  0.5078209  0.4713008  0.4237372  0.4112694  0.4367806
 1  0.7295185  0.6836929  0.6587607  0.6609298  0.6777564  0.6707621  0.6235678  0.6476901  0.6353024  0.6086098  0.6265202  0.6352774  0.6024881  0.5776879  0.6427601  0.6830826  0.6545720  0.6264006  0.6334206  0.6459828  0.6559053  0.6654992  0.6781112  0.6880969  0.6810078  0.6688668  0.6623067
 2  0.5718653  0.5322704  0.5364371  0.5688492  0.5839122  0.5726384  0.5427715  0.5688663  0.5522027  0.5252123  0.5421060  0.5518594  0.5284854  0.5252944  0.5843881  0.5993122  0.5675120  0.5216848  0.5098840  0.5127743  0.5200065  0.5336168  0.5514970  0.5625582  0.5544649  0.5332255  0.5295907
 3  0.7524887  0.7099336  0.6848326  0.6823361  0.6998200  0.6932492  0.6403637  0.6680270  0.6601819  0.6281059  0.6437595  0.6559604  0.6226469  0.5941506  0.6587397  0.7076255  0.6797419  0.6471198  0.6508114  0.6629190  0.6726167  0.6823509  0.6952992  0.7063704  0.7002715  0.6876239  0.6788131
 4  0.4555759  0.4438953  0.4690699  0.5078334  0.5169741  0.4810682  0.4837053  0.5201209  0.4712886  0.4502913  0.4875540  0.4890499  0.4706122  0.4832264  0.5356263  0.5386201  0.4741506  0.4169086  0.4216452  0.4307050  0.4380372  0.4537502  0.4753710  0.4820602  0.4617910  0.4274078  0.4509609
 1  0.7274045  0.6821151  0.6569514  0.6508405  0.6453692  0.6460744  0.6746154  0.6846729  0.6831919  0.6807680  0.6783394  0.6733836  0.6708396  0.6820066  0.6836891  0.7048089  0.6996157  0.7097355  0.7141221  0.7008973  0.6745166  0.6522401  0.6414869  0.6357062  0.6436476  0.6663172  0.6740009
 2  0.5715916  0.5325075  0.5347763  0.5433622  0.5317707  0.5321849  0.5588582  0.5723374  0.5670208  0.5561586  0.5424001  0.5252813  0.5360089  0.5582800  0.5866487  0.6030749  0.6060731  0.6155452  0.6166537  0.6023022  0.5539361  0.4856990  0.4291852  0.4202418  0.4837546  0.5475750  0.5727028
 3  0.7509238  0.7085997  0.6829432  0.6743579  0.6666108  0.6628310  0.6916613  0.7043473  0.7027358  0.6994858  0.6966032  0.6908533  0.6864976  0.7008878  0.7016809  0.7266426  0.7216769  0.7302541  0.7381623  0.7247115  0.6956233  0.6698537  0.6560232  0.6490291  0.6569926  0.6833182  0.6938133
 4  0.4571408  0.4435036  0.4661893  0.4653140  0.4302120  0.4536245  0.4959365  0.4958561  0.4754896  0.4608977  0.4425400  0.4212003  0.4666606  0.4909636  0.5221474  0.5385425  0.5296291  0.5474990  0.5485196  0.5074873  0.4167041  0.3210973  0.2934106  0.3360102  0.4364876  0.4936864  0.5029791
 1  0.7295224  0.6865397  0.6614109  0.6586699  0.6706628  0.6734969  0.6707791  0.6645561  0.6490696  0.6369030  0.6616563  0.6831148  0.6951060  0.6908846  0.6793386  0.6752228  0.6919771  0.6894290  0.6748706  0.6675008  0.6675203  0.6768071  0.7092479  0.6901472  0.6611775  0.6467692  0.6558438
 2  0.5724896  0.5338179  0.5352948  0.5582109  0.5707749  0.5702732  0.5554966  0.5352542  0.5074792  0.5067169  0.5498671  0.5834976  0.5944622  0.5847459  0.5541785  0.5465559  0.5721173  0.5777891  0.5591942  0.5393515  0.5270594  0.5749775  0.6057027  0.5925749  0.5365732  0.4821629  0.4760990
 3  0.7526309  0.7126323  0.6871684  0.6806745  0.6917754  0.6938894  0.6901629  0.6834666  0.6668344  0.6530437  0.6781304  0.7019444  0.7165306  0.7121441  0.6989977  0.6915191  0.7099707  0.7108381  0.6953934  0.6856985  0.6853600  0.6905356  0.7321329  0.7145952  0.6815923  0.6629220  0.6705043
 4  0.4564538  0.4427864  0.4650044  0.4918891  0.4973447  0.4841980  0.4632885  0.4329995  0.4066365  0.4396254  0.4925561  0.5218876  0.5202825  0.4894729  0.4385854  0.4661555  0.5115145  0.4987408  0.4563673  0.4410778  0.4309007  0.5223631  0.5485912  0.4914078  0.3860193  0.3562153  0.3870495
 1  0.7309671  0.6879792  0.6639363  0.6567665  0.6589963  0.6577710  0.6479093  0.6601282  0.6849593  0.6865652  0.6920876  0.6903694  0.7033741  0.6978618  0.6855094  0.6809676  0.6836656  0.6844025  0.6855685  0.6855954  0.6869016  0.6869056  0.6933512  0.6849550  0.6774387  0.6880767  0.6880350
 2  0.5684563  0.5320879  0.5365578  0.5501855  0.5499151  0.5331078  0.5089645  0.5406206  0.5731809  0.5845259  0.5834503  0.5882960  0.5952012  0.5884171  0.5629087  0.5415475  0.5312736  0.5225768  0.5234414  0.5284168  0.5343922  0.5485846  0.5616934  0.5504461  0.5391867  0.5487246  0.5527771
 3  0.7533426  0.7138513  0.6897165  0.6796997  0.6800882  0.6771300  0.6644305  0.6750585  0.7043261  0.7064799  0.7125416  0.7095654  0.7242365  0.7193469  0.7050045  0.6986888  0.7007576  0.7006092  0.7015733  0.7019786  0.7036241  0.7036086  0.7118199  0.7044001  0.6940407  0.7051993  0.7066591
 4  0.4519946  0.4423668  0.4665553  0.4769032  0.4605809  0.4202761  0.4140161  0.4867970  0.5092520  0.5079772  0.5023240  0.5140850  0.5233374  0.4954383  0.4539468  0.4389374  0.4274308  0.4207440  0.4271543  0.4377519  0.4439241  0.4719134  0.4821908  0.4421925  0.4443587  0.4725559  0.4608700
 1  0.7317671  0.6897918  0.6644876  0.6591680  0.6637503  0.6715514  0.6724398  0.6726529  0.6761423  0.6808560  0.6828129  0.7026037  0.6982685  0.6880532  0.6805087  0.6807993  0.6920786  0.6915411  0.6855262  0.6835024  0.6843817  0.6817553  0.6875346  0.6867401  0.6943948  0.7020345  0.7005105
 2  0.5734793  0.5336857  0.5368113  0.5532019  0.5616261  0.5637272  0.5560695  0.5465975  0.5439425  0.5422072  0.5633579  0.5912322  0.5918095  0.5684860  0.5262645  0.5027483  0.5245518  0.5486191  0.5536620  0.5549212  0.5566592  0.5570558  0.5575455  0.5547536  0.5654993  0.5844102  0.5864163
 3  0.7541083  0.7153043  0.6902164  0.6820469  0.6843102  0.6911605  0.6915663  0.6910235  0.6937288  0.6985805  0.6989514  0.7224603  0.7205681  0.7084230  0.6979458  0.6951888  0.7069384  0.7095522  0.7040111  0.7014603  0.7028950  0.7002605  0.7061649  0.7044455  0.7114699  0.7210099  0.7215924
 4  0.4539986  0.4422516  0.4677749  0.4812220  0.4840405  0.4802331  0.4667461  0.4541266  0.4550955  0.4497012  0.4976750  0.5293350  0.5062211  0.4458471  0.3764843  0.3976813  0.4586239  0.4718090  0.4630138  0.4696151  0.4736749  0.4744431  0.4647733  0.4616527  0.4911287  0.5154389  0.5045637
 1  0.7288535  0.6823293  0.6585041  0.6582465  0.6789025  0.6920575  0.6905425  0.6774059  0.6671681  0.6651372  0.6785399  0.6815730  0.6793900  0.6812539  0.6758208  0.6674718  0.6618607  0.6698667  0.6893467  0.6968577  0.7038763  0.6950718  0.6919160  0.6962308  0.6855042  0.6736032  0.6633170
 2  0.5713388  0.5321053  0.5366559  0.5636005  0.5871585  0.5983677  0.5886521  0.5602004  0.5178590  0.4958686  0.5173017  0.5385386  0.5545756  0.5623374  0.5519376  0.5248308  0.5071083  0.5403882  0.5819382  0.6038047  0.6073278  0.5941418  0.5758152  0.5617858  0.5362066  0.5038464  0.4847169
 3  0.7520863  0.7088090  0.6846268  0.6801551  0.6996096  0.7133656  0.7125472  0.6982628  0.6849966  0.6800263  0.6937888  0.6988329  0.6970990  0.7006242  0.6958790  0.6854800  0.6776914  0.6851829  0.7081360  0.7178825  0.7270914  0.7173372  0.7110630  0.7145352  0.7037040  0.6901400  0.6789708
 4  0.4561338  0.4443320  0.4689387  0.5001512  0.5219507  0.5263309  0.5026865  0.4430511  0.3785896  0.3994045  0.4464991  0.4616413  0.4795757  0.4850421  0.4497739  0.4035422  0.4127871  0.4841839  0.5245961  0.5394825  0.5337692  0.4970555  0.4745850  0.4623104  0.4205287  0.3808646  0.3783836
 1  0.7275399  0.6836449  0.6599230  0.6539978  0.6513773  0.6609240  0.6636920  0.6724531  0.6882552  0.6887906  0.6896668  0.6870056  0.6747357  0.6625937  0.6712781  0.6809070  0.6789031  0.6822705  0.6915005  0.6985891  0.6877117  0.6794146  0.6769665  0.6666026  0.6634745  0.6793994  0.6892066
 2  0.5739787  0.5340538  0.5359262  0.5458258  0.5470193  0.5488529  0.5455593  0.5583293  0.5780484  0.5839085  0.5796753  0.5652749  0.5332987  0.5091248  0.5354641  0.5614582  0.5662238  0.5701737  0.5864509  0.5942995  0.5812349  0.5628080  0.5477143  0.5271536  0.5244133  0.5548037  0.5743141
 3  0.7511398  0.7097905  0.6856593  0.6773020  0.6716726  0.6797662  0.6823506  0.6894581  0.7073558  0.7096250  0.7100876  0.7066147  0.6931951  0.6789865  0.6867982  0.6999892  0.6989250  0.7006481  0.7102713  0.7203279  0.7095605  0.6985664  0.6955649  0.6854819  0.6795196  0.6962265  0.7088079
 4  0.4592037  0.4432500  0.4665230  0.4688852  0.4651826  0.4663333  0.4595202  0.4875664  0.5119617  0.5074051  0.4914578  0.4622616  0.4153078  0.4126050  0.4738905  0.4947191  0.4809956  0.4904306  0.5213201  0.5227235  0.4866222  0.4650020  0.4569316  0.4212158  0.4422991  0.4929602  0.5006709
 1  0.7283414  0.6853510  0.6593415  0.6506176  0.6465802  0.6512797  0.6487543  0.6539433  0.6786098  0.6914635  0.7042800  0.6956231  0.6799973  0.6729180  0.6656590  0.6558401  0.6704859  0.6877978  0.6907727  0.6862420  0.6750930  0.6715709  0.6621599  0.6440679  0.6589292  0.6905320  0.6900684
 2  0.5707404  0.5332294  0.5336545  0.5387405  0.5321744  0.5202340  0.5053929  0.5238252  0.5636926  0.5940743  0.6036135  0.5907094  0.5524076  0.5175395  0.5057656  0.5197105  0.5666326  0.5915599  0.5939248  0.5779183  0.5485570  0.5354404  0.5401742  0.5443597  0.5759419  0.6012137  0.6001351
 3  0.7516474  0.7116269  0.6851073  0.6740798  0.6670958  0.6692547  0.6656590  0.6691385  0.6960694  0.7106677  0.7264990  0.7178617  0.6993465  0.6894565  0.6818387  0.6724869  0.6873781  0.7089690  0.7130798  0.7070022  0.6940243  0.6887562  0.6799031  0.6642196  0.6768055  0.7115639  0.7134309
 4  0.4561331  0.4423514  0.4628585  0.4573084  0.4353392  0.4175914  0.4098241  0.4608129  0.5043411  0.5306549  0.5319565  0.4890890  0.4234975  0.4036704  0.4193877  0.4549086  0.5114258  0.5292034  0.5122762  0.4762571  0.4419159  0.4475051  0.4747519  0.4808242  0.5170376  0.5406870  0.5286993
 1  0.7279220  0.6803871  0.6575976  0.6511307  0.6457467  0.6599798  0.6846508  0.6964558  0.6794862  0.6600153  0.6454139  0.6494984  0.6593415  0.6701193  0.6824131  0.6975200  0.6959235  0.6997213  0.6795434  0.6618196  0.6565692  0.6630608  0.6670907  0.6602222  0.6574999  0.6641750  0.6760303
 2  0.5722626  0.5318336  0.5364839  0.5440650  0.5400814  0.5545101  0.5833468  0.5932645  0.5712712  0.5296987  0.4974982  0.5075969  0.5303679  0.5505056  0.5776667  0.5949526  0.6009445  0.5979213  0.5692598  0.5268343  0.5109040  0.5349269  0.5506898  0.5455354  0.5358855  0.5367594  0.5480023
 3  0.7514597  0.7070823  0.6837271  0.6748552  0.6662482  0.6772602  0.7028611  0.7179499  0.7014573  0.6796745  0.6618654  0.6655091  0.6766410  0.6875165  0.7001579  0.7183806  0.7170450  0.7221460  0.7018120  0.6804003  0.6723136  0.6800438  0.6861388  0.6802423  0.6761931  0.6812542  0.6936592
 4  0.4572140  0.4443800  0.4684834  0.4651705  0.4531581  0.4843644  0.5217635  0.5202682  0.4704408  0.4032635  0.4001762  0.4393142  0.4576430  0.4769616  0.5139481  0.5281765  0.5296839  0.5197751  0.4584322  0.4014752  0.4299188  0.4722546  0.4786323  0.4572696  0.4411012  0.4555240  0.4702030
 1  0.7299583  0.6871291  0.6600560  0.6526531  0.6598990  0.6682184  0.6720142  0.6787240  0.6829057  0.7026127  0.6964020  0.6899963  0.6942454  0.6884460  0.6829394  0.6856798  0.6879233  0.6816137  0.6757228  0.6786283  0.6824253  0.6836385  0.6989513  0.6939864  0.6844948  0.6828156  0.6998527
 2  0.5711477  0.5329857  0.5335254  0.5464125  0.5553834  0.5550547  0.5512732  0.5475022  0.5675469  0.5903771  0.5876801  0.5751197  0.5668071  0.5562690  0.5430432  0.5494725  0.5537387  0.5379598  0.5135129  0.5006728  0.5010388  0.5294060  0.5632823  0.5688129  0.5497751  0.5574776  0.5802646
 3  0.7529014  0.7133254  0.6858805  0.6754527  0.6802558  0.6875011  0.6900313  0.6967428  0.6994014  0.7226907  0.7183869  0.7089120  0.7128191  0.7075798  0.7003237  0.7028770  0.7064726  0.7001361  0.6922853  0.6935167  0.6978364  0.6983995  0.7165904  0.7136500  0.7030227  0.6989149  0.7192053
 4  0.4546550  0.4421283  0.4628466  0.4734162  0.4751963  0.4659198  0.4633611  0.4576881  0.5006780  0.5260902  0.4964543  0.4773799  0.4801944  0.4575059  0.4476242  0.4693412  0.4666934  0.4231821  0.3847709  0.3960719  0.4027406  0.4612310  0.4949049  0.4769214  0.4405768  0.4858829  0.5151162
 1  0.7300844  0.6847040  0.6436931  0.6311842  0.6268645  0.6362197  0.6422908  0.6475180  0.6802727  0.6743295  0.6691569  0.6761410  0.6843800  0.6844925  0.6767979  0.6637624  0.6615394  0.6845975  0.6897905  0.6802205  0.6583886  0.6566119  0.7027707  0.6881822  0.6616932  0.6438537  0.6455395
 2  0.5711411  0.5323297  0.5281891  0.5329196  0.5294910  0.5311589  0.5326770  0.5576898  0.5841986  0.5786410  0.5627810  0.5635427  0.5735306  0.5754726  0.5638417  0.5351564  0.5301798  0.5619602  0.5754307  0.5636647  0.5299279  0.5718250  0.6050983  0.5946720  0.5420703  0.4788836  0.4630484
 3  0.7530262  0.7111078  0.6700318  0.6552801  0.6478523  0.6543348  0.6606422  0.6637652  0.7009579  0.6968953  0.6890513  0.6941942  0.7035416  0.7049651  0.6973199  0.6835148  0.6776347  0.7013368  0.7104075  0.7003770  0.6773319  0.6693920  0.7257941  0.7126657  0.6825124  0.6607478  0.6595596
 4  0.4548105  0.4437284  0.4651716  0.4604952  0.4458103  0.4530489  0.4582320  0.5016732  0.5235121  0.4937230  0.4694036  0.4865243  0.5038254  0.4978823  0.4720610  0.4218871  0.4480185  0.5027519  0.4993151  0.4637050  0.4293502  0.5231139  0.5493520  0.4978023  0.3959243  0.3347645  0.3768286
 1  0.7297766  0.6848594  0.6623199  0.6657092  0.6873499  0.6831873  0.6783545  0.6832977  0.6807680  0.6809285  0.6782275  0.6673858  0.6297301  0.5823296  0.5968573  0.5675880  0.6441485  0.6983800  0.7091429  0.7001331  0.6959397  0.6899699  0.6821643  0.6739671  0.6749359  0.6934141  0.6839092
 2  0.5731114  0.5330533  0.5369758  0.5729845  0.5899380  0.5843202  0.5675714  0.5619641  0.5549932  0.5509920  0.5497015  0.5342440  0.4881905  0.4662052  0.5005921  0.5047906  0.5788807  0.6160849  0.6197128  0.6079205  0.5871994  0.5649487  0.5361178  0.5107737  0.5377788  0.5745677  0.5742418
 3  0.7529155  0.7110679  0.6881399  0.6865352  0.7097267  0.7050027  0.6972503  0.7022286  0.6996972  0.6987162  0.6967642  0.6867050  0.6485922  0.5978260  0.6139612  0.5848193  0.6582869  0.7196696  0.7339263  0.7228776  0.7167030  0.7094466  0.7000185  0.6906364  0.6894227  0.7127525  0.7057430
 4  0.4566960  0.4432916  0.4672364  0.5127742  0.5212819  0.4911148  0.4775312  0.4775776  0.4634334  0.4646058  0.4659995  0.4346022  0.3824342  0.4090657  0.4462643  0.4566500  0.5304507  0.5577181  0.5486574  0.5177157  0.4904870  0.4583338  0.4215304  0.3995883  0.4780127  0.5155410  0.4836958
 1  0.7280549  0.6813184  0.6619581  0.6587858  0.6638319  0.6747494  0.6879184  0.6947149  0.6924043  0.7068655  0.6957600  0.6895226  0.6844519  0.6784151  0.6783412  0.6926492  0.7026809  0.6931008  0.6814306  0.6750777  0.6784243  0.6722725  0.6828600  0.6832888  0.6677684  0.6622747  0.6537375
 2  0.5742871  0.5326443  0.5387816  0.5541657  0.5611689  0.5692453  0.5801893  0.5803770  0.5865696  0.5944789  0.5845592  0.5595701  0.5269562  0.4912824  0.4837337  0.5472032  0.5784196  0.5770015  0.5569488  0.5511203  0.5525188  0.5545546  0.5664006  0.5633392  0.5386222  0.5225881  0.5206290
 3  0.7515398  0.7076519  0.6878787  0.6818233  0.6843807  0.6936614  0.7067972  0.7150931  0.7105209  0.7278175  0.7173805  0.7082326  0.7017003  0.6941565  0.6916973  0.7073899  0.7225661  0.7133708  0.7001995  0.6932896  0.6973349  0.6907105  0.7014866  0.7033949  0.6866790  0.6794538  0.6713645
 4  0.4584217  0.4441404  0.4701041  0.4809874  0.4814230  0.4915449  0.5072522  0.4949726  0.5115441  0.5235462  0.4857087  0.4405888  0.3984153  0.3487791  0.3979057  0.4956133  0.5095743  0.4804622  0.4608019  0.4711495  0.4709121  0.4760142  0.4922720  0.4715709  0.4327383  0.4307747  0.4425664
 1  0.7296925  0.6823790  0.6581060  0.6599958  0.6802171  0.6766364  0.6679320  0.6796714  0.6832282  0.6741358  0.6654339  0.6581844  0.6545008  0.6626757  0.6712330  0.6752508  0.6772932  0.6692429  0.6582181  0.6618576  0.6486095  0.6511944  0.6821895  0.6910390  0.6824287  0.6886106  0.6884005
 2  0.5699182  0.5311662  0.5355573  0.5673759  0.5822608  0.5723420  0.5477349  0.5545048  0.5642660  0.5560673  0.5391388  0.5197234  0.5234567  0.5498708  0.5653463  0.5694926  0.5644111  0.5498376  0.5438889  0.5530292  0.5443384  0.5556288  0.5870880  0.5938813  0.5861134  0.5876239  0.5809094
 3  0.7528275  0.7093079  0.6843738  0.6812326  0.7022698  0.6982501  0.6858109  0.6965847  0.7026712  0.6942660  0.6846835  0.6759076  0.6706201  0.6807245  0.6911673  0.6946030  0.6972055  0.6887992  0.6755331  0.6817189  0.6694347  0.6680777  0.7014971  0.7131561  0.7031440  0.7088871  0.7101314
 4  0.4541773  0.4442349  0.4664812  0.5057881  0.5109740  0.4689032  0.4481997  0.4829221  0.4907496  0.4672526  0.4362101  0.4191729  0.4543747  0.4893091  0.4907701  0.4902690  0.4800277  0.4548598  0.4733943  0.4854460  0.4601282  0.4930238  0.5272480  0.5195883  0.5067071  0.5154189  0.4946531
 1  0.7310651  0.6891377  0.6601113  0.6499550  0.6492629  0.6699969  0.6837746  0.6770657  0.6790835  0.6936633  0.6892876  0.6687659  0.6560484  0.6628096  0.6556871  0.6431290  0.6475686  0.6463479  0.6593815  0.6594953  0.6660538  0.6719260  0.6815753  0.6862719  0.7007847  0.6912681  0.6858269
 2  0.5714015  0.5331544  0.5340323  0.5411375  0.5474192  0.5683962  0.5770192  0.5694132  0.5765152  0.5966160  0.5915336  0.5606705  0.5238678  0.5087233  0.4962608  0.4902854  0.5117765  0.5295421  0.5417923  0.5392289  0.5338242  0.5381152  0.5487166  0.5711774  0.5877319  0.5789262  0.5633073
 3  0.7535218  0.7148145  0.6859341  0.6735584  0.6691390  0.6877955  0.7042831  0.6971478  0.6968436  0.7144265  0.7128501  0.6912408  0.6740802  0.6790034  0.6728881  0.6591972  0.6641696  0.6640922  0.6780250  0.6782747  0.6835277  0.6886960  0.6991683  0.7035417  0.7210776  0.7125954  0.7042203
 4  0.4534606  0.4419255  0.4655207  0.4634999  0.4684829  0.5017490  0.5021733  0.4811513  0.5102892  0.5351169  0.5144180  0.4441260  0.4057718  0.4140112  0.3990055  0.4075315  0.4405448  0.4617418  0.4626635  0.4468648  0.4393128  0.4568454  0.4692074  0.5038271  0.5172746  0.4818578  0.4627863
 1  0.7294815  0.6845464  0.6583032  0.6504968  0.6488885  0.6609317  0.6735638  0.6925809  0.6914621  0.6916620  0.6825426  0.6715274  0.6532227  0.6353706  0.6665582  0.6675651  0.6669606  0.6698856  0.6788850  0.6789511  0.6703341  0.6819316  0.6872636  0.6834202  0.6736976  0.6602170  0.6380004
 2  0.5725402  0.5325944  0.5352050  0.5435612  0.5442440  0.5477642  0.5663731  0.5841088  0.5863511  0.5793629  0.5610466  0.5390235  0.5098256  0.5182369  0.5596841  0.5701026  0.5669658  0.5689240  0.5719941  0.5605573  0.5461070  0.5623978  0.5806634  0.5821944  0.5692063  0.5439915  0.5063256
 3  0.7525449  0.7108985  0.6843749  0.6740780  0.6692932  0.6793593  0.6906793  0.7123237  0.7123395  0.7116994  0.7022048  0.6902680  0.6714625  0.6508434  0.6847389  0.6884857  0.6869183  0.6896474  0.6988939  0.6989674  0.6880555  0.6990245  0.7073530  0.7047791  0.6952039  0.6806596  0.6565738
 4  0.4554746  0.4435669  0.4669737  0.4663757  0.4598497  0.4647141  0.4995277  0.5165774  0.5048884  0.4892865  0.4650289  0.4383940  0.4086871  0.4601237  0.5036340  0.4961305  0.4903207  0.4950258  0.4924274  0.4611033  0.4549487  0.4974056  0.5150245  0.5079818  0.4827092  0.4410730  0.4046277
 1  0.7294027  0.6821283  0.6586950  0.6568999  0.6696660  0.6721554  0.6696547  0.6638201  0.6504797  0.6528606  0.6534722  0.6773521  0.7017909  0.6864701  0.6665380  0.6595008  0.6656680  0.6735536  0.6742024  0.6773187  0.6866779  0.6860645  0.6831497  0.6825531  0.6866179  0.6804646  0.6768824
 2  0.5698543  0.5310466  0.5363907  0.5594812  0.5707281  0.5695528  0.5557260  0.5387381  0.5253090  0.5323464  0.5467316  0.5893151  0.6055380  0.5902681  0.5464614  0.5175108  0.5242310  0.5396689  0.5465635  0.5495075  0.5554248  0.5541555  0.5492621  0.5548014  0.5580079  0.5468987  0.5434296
 3  0.7524993  0.7088904  0.6849166  0.6791115  0.6909646  0.6924691  0.6888907  0.6830010  0.6679859  0.6708706  0.6719601  0.6936958  0.7254342  0.7099537  0.6862194  0.6766799  0.6817208  0.6912301  0.6928281  0.6945849  0.7047305  0.7043413  0.7008287  0.7005646  0.7054536  0.6990809  0.6937494
 4  0.4541562  0.4442550  0.4678956  0.4933360  0.4962868  0.4830045  0.4674285  0.4422167  0.4441080  0.4623331  0.4766772  0.5343993  0.5416750  0.4885283  0.4248864  0.4163033  0.4506862  0.4663478  0.4553109  0.4647322  0.4717186  0.4619046  0.4618802  0.4759501  0.4710091  0.4453322  0.4592315
 1  0.7272826  0.6772132  0.6561100  0.6548421  0.6618033  0.6628849  0.6772598  0.7038239  0.6821866  0.6569942  0.6405222  0.6397616  0.6681332  0.6686525  0.6647348  0.6693510  0.6747720  0.6765493  0.6767862  0.6801280  0.6805311  0.6812792  0.6929476  0.7085730  0.6999797  0.6878487  0.6795600
 2  0.5729577  0.5314222  0.5381159  0.5579953  0.5643252  0.5599625  0.5835922  0.6022764  0.5824288  0.5386903  0.4939188  0.5018270  0.5412768  0.5485769  0.5342344  0.5263235  0.5324693  0.5376383  0.5434101  0.5470178  0.5475242  0.5509415  0.5806750  0.6009633  0.5938837  0.5683736  0.5349139
 3  0.7510606  0.7040831  0.6824249  0.6776861  0.6830902  0.6831516  0.6937118  0.7256742  0.7059724  0.6779805  0.6582826  0.6541380  0.6850530  0.6885197  0.6829226  0.6857991  0.6915405  0.6942992  0.6944133  0.6977887  0.6986189  0.6988734  0.7099236  0.7297620  0.7224076  0.7076748  0.6972180
 4  0.4584400  0.4458372  0.4719828  0.4901486  0.4884542  0.4742025  0.5212763  0.5392452  0.4902985  0.4152636  0.3742681  0.4406909  0.4822630  0.4576988  0.4246639  0.4329891  0.4528923  0.4533522  0.4555625  0.4617489  0.4595782  0.4680816  0.5178706  0.5348862  0.5016857  0.4515778  0.4192562
 1  0.7263195  0.6768438  0.6524125  0.6469977  0.6466139  0.6564201  0.6544798  0.6499888  0.6625394  0.6821765  0.6979959  0.6894424  0.6780886  0.6833255  0.6787655  0.6728126  0.6816868  0.6891769  0.6927246  0.7054101  0.6911269  0.6838594  0.6746619  0.6764474  0.6842061  0.6782968  0.6598428
 2  0.5711790  0.5311018  0.5354230  0.5465311  0.5494325  0.5499918  0.5353246  0.5193530  0.5361310  0.5775290  0.5947198  0.5850666  0.5634412  0.5568132  0.5431886  0.5242890  0.5369961  0.5521279  0.5740427  0.5890966  0.5800908  0.5607676  0.5418783  0.5447428  0.5565421  0.5513758  0.5164468
 3  0.7502776  0.7039171  0.6787845  0.6705511  0.6671083  0.6758792  0.6739430  0.6673488  0.6784951  0.6994410  0.7196901  0.7114139  0.6968009  0.7019413  0.6979305  0.6895044  0.6974518  0.7071813  0.7099703  0.7255728  0.7122746  0.7034024  0.6930641  0.6932448  0.7026259  0.6979785  0.6785450
 4  0.4579942  0.4454369  0.4693248  0.4733577  0.4721675  0.4679966  0.4369076  0.4252922  0.4690277  0.5206752  0.5263262  0.4867950  0.4688200  0.4726424  0.4361021  0.4185944  0.4611965  0.4738156  0.5034452  0.5165754  0.4898794  0.4599305  0.4424923  0.4676637  0.4822363  0.4533543  0.3939952
 1  0.7283663  0.6829579  0.6540393  0.6446250  0.6364211  0.6617329  0.6808223  0.6807146  0.6833447  0.6824027  0.6713431  0.6717870  0.6765831  0.6707789  0.6415108  0.6213042  0.6763024  0.6567246  0.6417471  0.6498727  0.6608998  0.6537876  0.6608345  0.6659759  0.6645972  0.6803441  0.6784061
 2  0.5709641  0.5324889  0.5331283  0.5358655  0.5356138  0.5610266  0.5760006  0.5756636  0.5737006  0.5684426  0.5526032  0.5511670  0.5597848  0.5533216  0.5188030  0.5418699  0.5856590  0.5670436  0.5373984  0.5362368  0.5476603  0.5443157  0.5490243  0.5473174  0.5551842  0.5733583  0.5702176
 3  0.7517058  0.7093843  0.6800921  0.6687351  0.6561441  0.6788202  0.7011203  0.7005036  0.7024477  0.7029688  0.6907620  0.6894682  0.6956295  0.6907612  0.6615115  0.6341353  0.6977559  0.6815109  0.6619354  0.6668147  0.6796061  0.6734752  0.6795295  0.6849016  0.6818315  0.6999193  0.7000449
 4  0.4566222  0.4434897  0.4658257  0.4539686  0.4555331  0.4986051  0.5038891  0.4913257  0.4970971  0.4829351  0.4585972  0.4741314  0.4857293  0.4663162  0.4214142  0.4966068  0.5330831  0.4768762  0.4342787  0.4625911  0.4784672  0.4660993  0.4678191  0.4608652  0.4866478  0.5091872  0.4783579
 1  0.7305319  0.6894320  0.6586996  0.6522345  0.6622384  0.6747614  0.6796836  0.6691318  0.6614907  0.6603875  0.6778784  0.6857249  0.6806839  0.6806272  0.6822196  0.6920068  0.6842044  0.6780231  0.6718856  0.6745245  0.6797414  0.6777952  0.6717921  0.6711340  0.6759494  0.6939595  0.6982579
 2  0.5721984  0.5340459  0.5320668  0.5512929  0.5675633  0.5808909  0.5785585  0.5573610  0.5238087  0.5041946  0.5250280  0.5417194  0.5453377  0.5435151  0.5496375  0.5553120  0.5482982  0.5355301  0.5308293  0.5478303  0.5658361  0.5688378  0.5623555  0.5557624  0.5677217  0.5883806  0.5927101
 3  0.7533336  0.7152156  0.6844257  0.6745052  0.6826313  0.6947578  0.7009045  0.6902330  0.6801347  0.6759207  0.6931405  0.7032707  0.6982784  0.6984600  0.6996390  0.7096982  0.7026876  0.6957057  0.6889583  0.6917356  0.6987307  0.6981840  0.6916650  0.6904150  0.6936820  0.7134798  0.7199343
 4  0.4550996  0.4415642  0.4624310  0.4845222  0.4996591  0.5109820  0.5002308  0.4538220  0.3948710  0.4065762  0.4547489  0.4594409  0.4546193  0.4534451  0.4650496  0.4693687  0.4520467  0.4351226  0.4459619  0.4793012  0.4972056  0.4901824  0.4782156  0.4710515  0.4978776  0.5238560  0.5114245
 1  0.7307829  0.6860537  0.6619854  0.6657038  0.6921086  0.6852071  0.6657741  0.6748422  0.7115045  0.7001430  0.6786057  0.6677963  0.6620617  0.6605828  0.6763922  0.6818669  0.6781206  0.6758361  0.6968134  0.6912123  0.6755662  0.6681245  0.6724686  0.6715820  0.6653293  0.6578291  0.6603963
 2  0.5712566  0.5322089  0.5380571  0.5792674  0.5980277  0.5872937  0.5391475  0.5623769  0.6044237  0.6021264  0.5726898  0.5352353  0.4967894  0.4830771  0.5245611  0.5581642  0.5641987  0.5800393  0.5968096  0.5906146  0.5597007  0.5323206  0.5234160  0.5148768  0.5021796  0.4914527  0.5070139
 3  0.7532018  0.7118875  0.6880200  0.6860838  0.7152663  0.7082800  0.6853329  0.6874721  0.7327487  0.7244288  0.7004565  0.6867101  0.6791401  0.6748419  0.6913272  0.7001768  0.6980659  0.6939736  0.7183148  0.7138550  0.6959790  0.6858263  0.6893554  0.6885493  0.6819983  0.6738399  0.6757098
 4  0.4532831  0.4437037  0.4710258  0.5221294  0.5324622  0.4840970  0.3959752  0.5059328  0.5507152  0.5213369  0.4615898  0.4127973  0.3639769  0.3954837  0.4653818  0.4912662  0.4862000  0.5153244  0.5321549  0.5014647  0.4462749  0.4277410  0.4292840  0.4157473  0.3920575  0.3913851  0.4338617
 1  0.7288303  0.6819875  0.6542461  0.6473269  0.6351975  0.6243138  0.6441903  0.6830482  0.6797261  0.6776963  0.6776308  0.6720898  0.6625146  0.6713827  0.7053274  0.7073670  0.6832914  0.6635426  0.6459659  0.6721688  0.7144959  0.6930294  0.6608815  0.6412901  0.6504988  0.6408375  0.6338888
 2  0.5741911  0.5326797  0.5342876  0.5452747  0.5334692  0.5155046  0.5489309  0.5819975  0.5828801  0.5738726  0.5627452  0.5404312  0.5078486  0.5457400  0.6004252  0.6091525  0.5812529  0.5329578  0.4835647  0.5794533  0.6173317  0.6038775  0.5507835  0.5003159  0.5034602  0.4994854  0.4987078
 3  0.7523075  0.7085226  0.6804283  0.6708230  0.6566524  0.6437282  0.6588763  0.7026482  0.7015141  0.6978649  0.6976730  0.6912545  0.6795064  0.6848718  0.7245235  0.7314056  0.7065406  0.6831743  0.6622643  0.6818685  0.7397147  0.7191043  0.6832430  0.6582295  0.6659905  0.6597032  0.6508597
 4  0.4580154  0.4441960  0.4677985  0.4723213  0.4488143  0.4270471  0.4930568  0.5230340  0.5032363  0.4892097  0.4710326  0.4267819  0.3908735  0.4925416  0.5471994  0.5375234  0.4721931  0.3927248  0.3687886  0.5374634  0.5630464  0.5135491  0.4102739  0.3878422  0.4332516  0.4119565  0.4100432
 1  0.7302531  0.6858863  0.6596372  0.6519447  0.6494801  0.6636204  0.6709816  0.6699962  0.6644375  0.6780794  0.6979870  0.6874923  0.6724929  0.6733396  0.6769129  0.6848226  0.6835052  0.6879138  0.6762372  0.6628692  0.6530281  0.6489933  0.6586330  0.6787824  0.7040045  0.6921058  0.6658336
 2  0.5733499  0.5330521  0.5368395  0.5456728  0.5467269  0.5541198  0.5552505  0.5448330  0.5364692  0.5707728  0.5917055  0.5804436  0.5474038  0.5314215  0.5396522  0.5562409  0.5722441  0.5774337  0.5607920  0.5307894  0.5126022  0.5225281  0.5434240  0.5872928  0.6059754  0.5949203  0.5503841
 3  0.7529906  0.7117295  0.6856622  0.6757941  0.6699280  0.6819232  0.6900149  0.6889257  0.6817057  0.6944009  0.7194263  0.7094711  0.6912325  0.6903348  0.6936667  0.7026995  0.7023548  0.7084220  0.6973077  0.6814421  0.6697004  0.6663330  0.6765655  0.6952316  0.7269006  0.7154736  0.6862088
 4  0.4553468  0.4437381  0.4703758  0.4688154  0.4630647  0.4760645  0.4731581  0.4473107  0.4518587  0.5141741  0.5251050  0.4777159  0.4331836  0.4375369  0.4646499  0.4842266  0.5013393  0.5012845  0.4594941  0.4179647  0.4276920  0.4547853  0.4744753  0.5302766  0.5427422  0.4995558  0.4359896
 1  0.7306463  0.6840731  0.6602269  0.6539094  0.6519200  0.6562774  0.6705881  0.6821769  0.7007700  0.6890095  0.6738627  0.6676124  0.6902839  0.6973899  0.6804015  0.6653754  0.6526580  0.6539921  0.6648197  0.6712875  0.6703482  0.6845018  0.6806351  0.6889606  0.6997239  0.6730457  0.6558247
 2  0.5746519  0.5326979  0.5385827  0.5512566  0.5482949  0.5505379  0.5603762  0.5875901  0.6015400  0.5898324  0.5537793  0.5329983  0.5636543  0.5779558  0.5589827  0.5180138  0.4795220  0.4867887  0.5378646  0.5618253  0.5709339  0.5753088  0.5692299  0.5884315  0.5981225  0.5755921  0.5453479
 3  0.7534515  0.7102220  0.6864734  0.6775202  0.6732113  0.6745489  0.6889709  0.6999984  0.7231010  0.7122358  0.6943190  0.6837424  0.7067079  0.7178498  0.7010345  0.6835780  0.6685943  0.6683380  0.6806470  0.6916919  0.6901376  0.7041188  0.7006093  0.7061279  0.7227615  0.6969693  0.6755431
 4  0.4558021  0.4449969  0.4725189  0.4782867  0.4615284  0.4712753  0.4899440  0.5260914  0.5367032  0.4965157  0.4251519  0.4428866  0.5043842  0.5028718  0.4469494  0.3814254  0.3626288  0.4174407  0.4851426  0.4939579  0.4929249  0.4962569  0.4832093  0.5245374  0.5347353  0.4807691  0.4475226
 1  0.7306384  0.6854802  0.6597649  0.6522441  0.6515975  0.6525517  0.6598273  0.6859630  0.7040741  0.6938344  0.6761168  0.6762649  0.6750425  0.6772115  0.6712142  0.6695841  0.6620519  0.6789983  0.6772090  0.6680527  0.6662723  0.6752158  0.6780629  0.6716439  0.6598481  0.6690340  0.6825258
 2  0.5714296  0.5324455  0.5352652  0.5442696  0.5382081  0.5234083  0.5316632  0.5819686  0.6028782  0.5928285  0.5621196  0.5470435  0.5442234  0.5422345  0.5392680  0.5355963  0.5532167  0.5799552  0.5784536  0.5554823  0.5394211  0.5482070  0.5490598  0.5353346  0.5244676  0.5585210  0.5791144
 3  0.7535934  0.7119734  0.6858232  0.6756339  0.6726250  0.6706961  0.6751350  0.7025008  0.7264907  0.7165807  0.6956051  0.6944606  0.6931519  0.6951400  0.6893289  0.6874684  0.6786209  0.6995533  0.7000571  0.6880034  0.6833281  0.6930202  0.6969686  0.6900515  0.6763765  0.6855959  0.7036874
 4  0.4547070  0.4435713  0.4658002  0.4668129  0.4391379  0.4164616  0.4624460  0.5291511  0.5373945  0.4955454  0.4585599  0.4579939  0.4588772  0.4545113  0.4502241  0.4478792  0.4933473  0.5220171  0.4904140  0.4440494  0.4531852  0.4742840  0.4604101  0.4271299  0.4426257  0.5042329  0.5127329
 1  0.7298247  0.6828713  0.6596333  0.6709064  0.7008529  0.6889946  0.6714880  0.6660882  0.6730735  0.6855304  0.6751117  0.6633680  0.6812189  0.6820259  0.6782336  0.6736396  0.6704498  0.6684748  0.6793807  0.6771209  0.6787296  0.6930726  0.6955250  0.6955026  0.6978127  0.6945837  0.6855287
 2  0.5696666  0.5309110  0.5371961  0.5884780  0.6068242  0.5955348  0.5531561  0.5179929  0.5208561  0.5377254  0.5337609  0.5305191  0.5612802  0.5736167  0.5666042  0.5532400  0.5392182  0.5406642  0.5541726  0.5513261  0.5547300  0.5681648  0.5713881  0.5680784  0.5675611  0.5671120  0.5540670
 3  0.7525837  0.7093723  0.6858660  0.6900865  0.7250426  0.7126650  0.6912240  0.6831513  0.6884490  0.7024009  0.6940070  0.6795719  0.6986212  0.7027131  0.6987470  0.6926967  0.6884748  0.6858595  0.6975865  0.6963893  0.6958838  0.7111616  0.7150243  0.7134042  0.7160053  0.7135088  0.7046894
 4  0.4530319  0.4441794  0.4695231  0.5326081  0.5436524  0.4950126  0.4270628  0.4045717  0.4421617  0.4625827  0.4290400  0.4508038  0.5009655  0.5005613  0.4754579  0.4551333  0.4474112  0.4645780  0.4777858  0.4578778  0.4716040  0.4945852  0.4811134  0.4750985  0.4838956  0.4811902  0.4597746
 1  0.7291441  0.6867212  0.6619448  0.6528855  0.6387308  0.6459519  0.6778697  0.6942666  0.6763344  0.6758045  0.6569953  0.6389468  0.6523258  0.6740929  0.6712433  0.6676619  0.6719499  0.6715081  0.6740312  0.6702847  0.6768732  0.6731950  0.6759016  0.6705231  0.6641151  0.6503710  0.6352416
 2  0.5731839  0.5335482  0.5348953  0.5374556  0.5195563  0.5299095  0.5829078  0.5982234  0.5863010  0.5719397  0.5420882  0.5088310  0.5240385  0.5512120  0.5522904  0.5524793  0.5611578  0.5677803  0.5652295  0.5604524  0.5585561  0.5589733  0.5604501  0.5589422  0.5497988  0.5343356  0.5159612
 3  0.7522081  0.7126218  0.6875879  0.6766388  0.6594933  0.6616059  0.6942373  0.7177187  0.6989347  0.6967314  0.6779877  0.6571763  0.6680188  0.6917007  0.6907654  0.6858651  0.6906321  0.6915756  0.6946462  0.6892578  0.6957804  0.6921780  0.6949655  0.6902540  0.6837777  0.6699634  0.6540785
 4  0.4562852  0.4417735  0.4643806  0.4515392  0.4142500  0.4603968  0.5321128  0.5338511  0.5035530  0.4859258  0.4402340  0.4093401  0.4553809  0.4830742  0.4680301  0.4719936  0.4923571  0.4967147  0.4804886  0.4754433  0.4785001  0.4797003  0.4840682  0.4790914  0.4667331  0.4478592  0.4313325
