2019 2020 2021 2022 2023 2024 2025 2026 2027 2028 2029 2030 2031 2032 2033 2034 2035 2036 2037 2038 2039 2040 2041 2042 2043 2044 2045
 0.3700447  0.4265361  0.3847711  0.4541015  0.3966452  0.2693121  0.2314035  0.3563894  0.3838221  0.4356080  0.6093455  0.4209556  0.4420469  0.5312157  0.7190555  0.9024869  0.9910347  0.8166317  1.1303327  0.5908730  0.3352193  0.1524923  0.1338260  0.2655702  0.2058449  0.4154281  0.5107656
 0.3581629  0.3912818  0.4177141  0.5451992  0.6726177  0.5996615  0.4191896  0.2471327  0.2521330  0.2414778  0.2373170  0.1762499  0.1749834  0.1790514  0.1749032  0.1936757  0.1943405  0.1870340  0.1976464  0.5517115  0.7574975  0.6948803  0.9773478  0.7156130  1.0700333  0.6530356  0.5277738
 0.3469262  0.4878690  0.5316131  0.4468252  0.4765747  0.7289050  1.2447730  0.8874413  0.8845961  0.6576077  0.7383707  0.8989080  0.8187049  0.5513046  0.5095334  0.5958124  0.5881180  0.5632339  0.5377649  0.4978063  0.5206689  0.8421865  1.3554873  0.8595739  0.1768285  0.1937322  0.1769379
 0.3481117  0.2320756  0.2214735  0.3871488  0.4295658  0.3414459  0.4110277  0.2339296  0.1975506  0.1340678  0.1410865  0.1523984  0.1390899  0.1891481  0.1905807  0.2364353  0.2252324  0.3487891  0.4026565  0.3493797  0.3298149  0.3759012  0.3310269  0.3808973  0.4910527  0.4525358  0.5454990
 0.3492800  0.3607111  0.3593271  0.3797208  0.3896218  0.4239527  0.4397596  0.6805948  0.8469675  0.9130731  1.5187755  0.9171550  0.7897230  0.1576070  0.1525855  0.3245958  0.3567347  0.4525562  0.5180575  0.2520078  0.2248248  0.4096596  0.5159471  0.7866173  1.7216120  0.6441312  0.4264416
 0.3398981  0.4933567  0.5371985  0.6530899  0.9436484  1.0489562  2.8656781  1.7031609  0.2371862  0.1791770  0.1589963  0.1573632  0.1595913  0.2405884  0.2434168  0.3094013  0.3672577  0.3256054  0.3659077  0.2415435  0.2159464  0.2170071  0.1699226  0.3397054  0.3851306  0.1925913  0.1654385
 0.3830502  0.5540472  0.5733045  0.3498930  0.3639380  0.3344130  0.4161990  0.4700562  0.6319718  0.7829669  1.2813079  1.1479264  0.5874397  0.3812350  0.3232675  0.6047259  0.7814163  0.7509949  0.6859724  0.1208723  0.1119212  0.1573717  0.1610135  0.2813364  0.2994955  0.2956679  0.3801486
 0.3706689  0.1805391  0.1776227  0.1944582  0.2207356  0.3542498  0.2882858  0.4559351  0.4557169  0.2520638  0.2345878  0.4324552  0.5540181  0.5005554  0.7058152  0.5784627  0.2572972  0.2726513  0.2654470  0.6517486  0.7818490  0.7321206  1.3467146  0.8166641  0.8248432  0.5418816  0.1357125
 0.3644012  0.5440837  0.5886977  0.7452483  1.3187640  1.1627308  1.5277201  0.1507264  0.1265961  0.1901691  0.1790983  0.3031685  0.3161569  0.3266280  0.4096230  0.4095954  0.5865126  0.5455066  0.5229432  0.4881577  0.4572020  0.3912449  0.1783235  0.1459043  0.1024642  0.1729927  0.1722666
 0.3855958  0.5238546  0.5160696  0.4101863  0.3894272  0.3244182  0.4029635  0.4772964  0.6075394  0.6318408  0.6630918  0.5997126  0.6676721  0.6745092  0.1422177  0.1804316  0.1447918  0.2695097  0.2866483  0.3313715  0.4476894  0.7644454  1.3818565  0.7943468  0.6982843  0.4368374  0.4000134
 0.3454323  0.3683503  0.3208404  0.2789426  0.3109862  0.3153110  0.3337065  0.3021896  0.3316140  0.3446509  0.3830963  0.2907930  0.2181432  0.3580652  0.3512855  0.3415606  0.3616272  0.3758487  0.3944280  0.2702835  0.2937780  0.4290366  0.5104098  0.4221110  0.4834040  0.6348484  0.7762492
 0.3874715  0.4435440  0.4337549  0.4896297  0.5817949  0.6657293  1.0845905  1.6985477        NaN        NaN  2.6440885  0.1077981  0.0963874  0.2175611  0.2050859  0.3359798  0.3943566  0.4703292  0.5120009  0.2724243  0.2356368  0.2700289  0.2666603  0.3609162  0.2839924  0.4164898  0.3950959
 0.4074468  0.4689579  0.5306103  0.3002184  0.3280143  0.2088601  0.1902096  0.1574007  0.1735048  0.2983687  0.3910479  0.5057239  0.6096040  0.6102054  0.7588423  0.5380585  0.5511314  0.5051816  0.1968814  0.1586103  0.1503229  0.2169219  0.2317549  0.4667872  0.5882045  0.3682076  0.2507466
 0.3874858  0.4772674  0.4792425  0.8521300  1.8617735  3.1798490  2.8465344  1.5235671  1.7604875  1.5139826  1.1588968  0.3075372  0.2558380  0.3899531  0.4381174  0.3937964  0.3048259  0.1979633  0.1758817  0.1969821  0.1854348  0.3582895  0.4842474  0.4956175  0.7272704  0.6035395  0.7604658
 0.4330903  0.4696039  0.5079735  0.5144564  0.5459517  0.3854132  0.4154932  0.4449343  0.6555728  1.1431832  2.1129770  0.0769984  0.0741270  0.1940311  0.1988928  0.2075286  0.2464639  0.3586912  0.4442593  0.4458558  0.4314864  0.2961852  0.3076999  0.2429992  0.2242441  0.1977987  0.1757462
 0.3942923  0.4593910  0.4354094  0.3566319  0.4028115  0.5087626  0.5283434  0.4851144  0.4856786  0.4372304  0.3951149  0.3594403  0.3693071  0.3855979  0.4136808  0.2755230  0.2318340  0.1887506  0.1906283  0.2873362  0.3515629  0.4613779  0.7265816  0.5342764  0.4968383  0.3166425  0.2775697
 0.3817389  0.5422714  0.5971251  0.4096190  0.4051206  0.3554718  0.3678058  0.2816276  0.3023515  0.2548537  0.2366290  0.2402052  0.2233827  0.2167460  0.1445576  0.2621786  0.2956035  0.3889633  0.3985533  0.4089889  0.4545782  0.6597085  1.1316663  0.7805244  0.9901836  0.4694507  0.3649004
 0.3184712  0.3783585  0.3749632  0.4161077  0.4429376  0.3572749  0.3236668  0.3973445  0.5082419  0.5900347  0.7948209  0.4703561  0.4430419  0.5167442  0.3120766  0.2147707  0.1970186  0.2042784  0.2180498  0.2754321  0.2135457  0.1894139  0.1726756  0.2381633  0.2995081  0.2722645  0.2154807
 0.3667083  0.4129341  0.4191511  1.1466320        NaN        NaN        NaN        NaN        NaN        NaN  3.0838328  2.4845362  2.7372829        NaN        NaN        NaN  2.3478618  3.2405912        NaN        NaN  6.1104563        NaN        NaN  1.9073560        NaN  2.7038011  1.1869028
 0.3677299  0.4412316  0.4441434  0.5257946  0.5375919  0.4185755  0.4718458  0.6485770  1.1665022  0.1619206  0.1323389  0.1987219  0.2009195  0.2702113  0.2611452  0.4361803  0.4940934  0.8177166  1.5430397  1.1879054  0.9544711  0.9411306  1.2500681  0.9965496  1.2863196  0.8284031  0.6287337
 0.3255887  0.3468668  0.3486869  0.3554881  0.4344871  0.3658723  0.4329944  0.2358108  0.2167925  0.1489782  0.1328893  0.2207098  0.2105895  0.2689865  0.2679275  0.4186074  0.5956333  0.8172668  1.9044114  1.0860406  0.8181758  0.3194235  0.2603301  0.3731061  0.3766490  0.2420733  0.1869792
 0.3397852  0.3765425  0.3921509  0.3533802  0.3984622  0.2692979  0.2777449  0.4684186  0.6423798  0.3010870  0.1459242  0.1951764  0.1849284  0.3078920  0.3644013  0.4372455  0.5736274  0.4812166  0.4904544  0.4562166  0.4126594  0.2032170  0.1836876  0.1600404  0.1624921  0.1702509  0.1787680
 0.3834312  0.3933074  0.3893637  0.6990561  0.8332243  1.7374602        NaN  0.7243020  0.5929446  0.6504780  0.6190643  1.1913408  1.8733997  0.8306657  0.5371259  0.4866680  0.4648138  0.2898876  0.3172472  0.3035854  0.3354721  0.2625074  0.2578659  0.3975104  0.4283740  0.4890758  0.6193645
 0.3568089  0.4177231  0.4027408  0.4246292  0.5632767  0.6900843  0.8932545  0.7900344  0.8673433  0.9747047  1.2992914  7.2312955        NaN        NaN  2.1476930  0.0877771  0.0977648  0.1768280  0.1418530  0.3259825  0.3484318  0.3932131  0.5503534  0.3503217  0.4745835  0.2848446  0.2920006
 0.3219950  0.3616307  0.3709574  0.4102931  0.4061432  0.3928991  0.4499337  0.6369889  1.0763446  0.6622101  0.6291342  0.3707069  0.1160709  0.1598218  0.1813617  0.3320706  0.2656782  0.2909499  0.2925026  0.3399564  0.3924762  0.4020897  0.2809095  0.2843378  0.3103695  0.3011302  0.3755689
 0.3351417  0.3285438  0.3367249  0.3083302  0.3602347  0.6003287  1.1482737  0.8902928  0.8087248  0.6125390  0.1630664  0.1435552  0.1265938  0.1890858  0.1894390  0.1620801  0.1660106  0.2051898  0.2350461  0.2794387  0.3254622  0.3331221  0.3372628  0.3436009  0.4034054  0.2989250  0.2987798
 0.3404215  0.3514844  0.3520455  0.3620637  0.3858874  0.3574662  0.4062309  0.2736728  0.2880101  0.3175605  0.2347400  0.1423870  0.1176783  0.1347932  0.1502659  0.2141739  0.2293822  0.2297620  0.2496655  0.2484698  0.2526730  0.1425651  0.1392302  0.1705712  0.1640834  0.1951911  0.1685911
 0.3831411  0.4240425  0.4005688  0.3328994  0.3065796  0.3220012  0.3130914  0.3185659  0.3949003  0.4241959  0.5145708  0.6439512  0.7692891  0.5860924  0.6276373  0.9738227  2.2949154  6.3954834  1.3332181  0.1095125  0.0895269  0.1273751  0.1325759  0.2443737  0.2683185  0.3974133  0.5910333
 0.3449323  0.3631619  0.3461062  0.5690098  0.7443982  0.6619917  0.9213543  0.7243408  0.2419873  0.1583929  0.1438272  0.2601097  0.2865517  0.3386632  0.3788918  0.2772402  0.2722291  0.3083318  0.2572929  0.2510006  0.2472702  0.2881809  0.2755936  0.2926941  0.3528372  0.1951546  0.1894527
 0.3105468  0.4020859  0.4141292  0.4494218  0.6256116  1.2468722        NaN        NaN        NaN  2.6495840  0.0886053  0.1357644  0.1302710  0.3004684  0.3484292  0.3538282  0.3481673  0.1244664  0.1052757  0.2429415  0.2579325  0.6171479  0.8727137  0.4846770  0.3474275  0.3435386  0.2538828
 0.3946093  0.4389395  0.4383559  0.5012697  0.6957686  0.5974286  0.3598776  0.3361902  0.3117735  0.4298026  0.5805330  0.3827893  0.4227461  0.4330725  0.3648887  0.2292450  0.1994144  0.2359781  0.2298412  0.3808669  0.4493900  0.4041888  0.4194399  0.2761595  0.2962067  0.2455774  0.2413342
 0.3114949  0.4376284  0.4326806  0.3207706  0.3240474  0.3067473  0.3511094  0.3527248  0.2904723  0.1640468  0.1514068  0.1882266  0.1726370  0.2132839  0.2011158  0.2141725  0.2181688  0.1886395  0.2242339  0.2471932  0.3003039  0.2371502  0.2231144  0.3003413  0.3334555  0.3151314  0.2580019
 0.3588675  0.9608240  1.4233455  1.4856633        NaN        NaN        NaN  1.7708606  0.9657393  0.6827021  0.6057377  0.6320898  0.1784059  0.2175930  0.1915420  0.1997493  0.2085074  0.2526208  0.2552896  0.5072473  0.6221874  0.3379041  0.2305229  0.2606079  0.2927615  0.3513526  0.4785314
 0.3602931  0.2927934  0.3078141  0.2770064  0.2555266  0.3150379  0.3179472  0.2888340  0.3056599  0.3404001  0.3618946  0.6559773  1.2161884  2.8827765        NaN        NaN  1.7642366  0.4350404  0.0858961  0.1230831  0.1218357  0.1990193  0.2093050  0.3098670  0.3698430  0.2509495  0.2502621
 0.4004679  0.1780881  0.1638227  0.2876536  0.3105560  0.2535289  0.2525367  0.1960611  0.1939111  0.1747976  0.1567413  0.1408761  0.1508538  0.2014228  0.2418069  0.2027003  0.1773917  0.2985345  0.3110219  0.2840778  0.3047441  0.2618015  0.2508921  0.2972126  0.3435349  0.5468777  0.7814188
 0.3703705  0.3582777  0.3612385  0.3287494  0.3263307  0.3176508  0.3350147  0.3820715  0.3586857  0.3259038  0.3621091  0.5128736  0.6740535  0.4048388  0.3753535  0.3869148  0.3628399  0.6038868  0.7356838  0.6419704  0.7448908  0.4525697  0.2141963  0.2607606  0.2469785  0.2518642  0.2252113
 0.3258980  0.5334020  0.5786823  0.4611987  0.5181226  0.3674071  0.3516579  0.4138779  0.3682361  0.3948836  0.3301801  0.3165632  0.3471842  0.5120091  0.7507490  0.8540944  1.6097969  1.4294458  2.0082422  6.6186794        NaN        NaN        NaN  2.2448489  1.1487961  0.9608192  1.0165183
 0.3571923  0.4639591  0.5016636  0.4354130  0.5573526  0.5071958  0.3760325  0.1852044  0.1548636  0.2834322  0.2764711  0.4587555  0.6219235  0.5984167  0.6182904  0.5304113  0.4080823  0.2096919  0.1740625  0.2609675  0.2812162  0.3490885  0.3148090  0.4254454  0.3961028  0.5083528  0.6150918
 0.3827605  0.3851187  0.3742912  0.3239514  0.3630212  0.4207225  0.4921682  0.5994244  0.8713571  0.6932434  0.7843844  0.2198730  0.1555593  0.2318216  0.2482735  0.2995287  0.3357083  0.2295768  0.2429799  0.2377932  0.2346782  0.3021403  0.3225197  0.2763115  0.2728032  0.3493307  0.3938347
 0.4425226  0.4526518  0.4693505  0.5478550  0.6115617  0.3905706  0.3424541  0.3590602  0.3265325  0.4029389  0.5355552  0.4308098  0.4391314  0.3839713  0.4570748  0.5639919  0.6793934  0.6766919  0.8237865  0.8623720  1.0027195  0.9817530  0.6321681  0.0823128  0.0903186  0.1854224  0.1939063
 0.4173530  0.5584878  0.5960045  0.6395075  0.9108081  0.8842078  1.4937342  2.2898230        NaN  1.3319548  0.5649652  0.4996096  0.4688999  0.4356843  0.4484367  0.5242531  0.5911030  0.5182446  0.4580620  0.1648493  0.1489649  0.2285032  0.2413115  0.2491129  0.2407301  0.3244712  0.4071858
 0.3579241  0.5695350  0.6014035  0.5814948  0.8783104  0.6327446  0.3289063  0.2826343  0.2449733  0.2432596  0.2564719  0.3167897  0.3058434  0.5758573  0.8331022  0.8401412  0.6059249  0.3412266  0.3552927  0.4682526  0.4752217  0.3122748  0.3080897  0.4439619  0.4663195  0.2560910  0.2324714
 0.2962493  0.5431121  0.5891602  0.6367385  0.7478151  0.5335470  0.5171886  0.3136782  0.3513663  0.3129132  0.3196132  0.3731349  0.4127094  0.3235199  0.3271130  0.4442722  0.5026204  0.6508072  0.8884081  0.9208015  0.8768029  0.7561431  0.7334616  0.6429246  0.5470354  0.1120981  0.1048002
 0.3871243  0.4405789  0.4779236  0.3305541  0.3144549  0.3383282  0.3325897  0.3329686  0.2563330  0.2592273  0.2507758  0.2727710  0.3039174  0.3318103  0.3717789  0.4133376  0.4037257  0.2810230  0.2429980  0.2934770  0.2995976  0.2878614  0.2996890  0.2786813  0.3421351  0.4494275  0.6290946
 0.3871017  0.5994772  0.6128139  1.4754499        NaN        NaN        NaN  1.6787185  0.9137748  0.7594543  0.6389886  0.7383728  1.1103009  1.2442107  0.1213489  0.1821176  0.1583464  0.3071966  0.4081647  0.5348702  0.3154558  0.3258846  0.3370891  0.4217783  0.4897721  0.3413557  0.4398496
 0.3782739  0.4892142  0.5132653  0.4553144  0.5852279  0.5855899  0.7005832  0.7663891  1.0904061  0.6231243  0.3677309  0.3639748  0.3817338  0.4400772  0.4765866  0.5425121  0.5175158  0.4301188  0.4165511  0.6663446  1.0096242  0.8786304  1.0306502  0.6544180  0.1577887  0.3145139  0.3214137
 0.4118165  0.4714274  0.4933284  0.5049672  0.6551041  0.9100418  1.2569544  0.2940232  0.2261938  0.2681140  0.2480157  0.2406123  0.2034077  0.2483389  0.2566810  0.3496068  0.4856635  0.7242229  1.1304095  0.6033081  0.5662297  0.5070837  0.2154215  0.3709751  0.2740251  0.3848421  0.4272612
 0.3460531  0.3942753  0.3864550  0.3317778  0.4019495  0.7842405  1.7880021  0.2331843  0.1590290  0.2436540  0.2255859  0.2499117  0.2673193  0.2981827  0.3366869  0.5415660  0.6623411  0.2337256  0.2147244  0.2733363  0.2845707  0.2499590  0.2521184  0.4214309  0.5513472  0.4723916  0.4112354
 0.3952400  0.3978749  0.4018444  0.3221094  0.2975471  0.2980135  0.3057669  0.2258265  0.2474570  0.3065392  0.3612890  0.4163692  0.3943575  0.2588553  0.2339358  0.3365161  0.3695784  0.3033615  0.2986750  0.2348794  0.2333963  0.1189675  0.1278877  0.1776154  0.1780816  0.2792438  0.2705872
 0.3259550  0.3694693  0.3865829  0.6412428  1.2240950        NaN        NaN  0.2636099  0.2128948  0.3035479  0.3014077  0.2077251  0.2145441  0.2823578  0.2822692  0.4712025  0.4953638  0.2816799  0.2585075  0.2911022  0.2765405  0.3204871  0.3214216  0.4076263  0.4187703  0.6031836  0.8658323
