FL 2019 2020 2021 2022 2023 2024 2025 2026 2027 2028 2029 2030 2031 2032 2033 2034 2035 2036 2037 2038 2039 2040 2041 2042 2043 2044 2045
 1  0.7288134  0.6828020  0.6372601  0.6132083  0.6229271  0.6783181  0.6790530  0.6741401  0.6692521  0.6676910  0.6730933  0.6737750  0.6760528  0.6657689  0.6552794  0.6598375  0.6617686  0.6293461  0.6098536  0.6487924  0.6831579  0.6869804  0.6932878  0.7002173  0.7118023  0.7067724  0.6915367
 2  0.5725724  0.5236363  0.4857643  0.4611807  0.5219772  0.5769701  0.5793437  0.5520551  0.5073472  0.4774385  0.4849313  0.5266853  0.5464648  0.5349594  0.5200987  0.5417977  0.5569687  0.5253181  0.5161172  0.5726772  0.5996580  0.5998038  0.5918381  0.5878529  0.5872796  0.5796161  0.5483987
 3  0.7521145  0.7089222  0.6615868  0.6336426  0.6352101  0.6974336  0.7014338  0.6934340  0.6858192  0.6826101  0.6872141  0.6900021  0.6949189  0.6851558  0.6724416  0.6761965  0.6823456  0.6520033  0.6268522  0.6637566  0.7055333  0.7100677  0.7148068  0.7182787  0.7312296  0.7267311  0.7100101
 4  0.4566311  0.4168102  0.3805174  0.3549065  0.4801407  0.5253663  0.4864034  0.4174368  0.3678967  0.3615197  0.4079515  0.4630950  0.4672801  0.4306880  0.4289243  0.4829265  0.4913958  0.4326329  0.4496825  0.5274168  0.5402068  0.5225104  0.4918340  0.4983545  0.5083273  0.4790717  0.4267035
 1  0.7290193  0.6837632  0.6406465  0.6143524  0.5994343  0.6009439  0.6384490  0.6527864  0.6652277  0.6835795  0.6878378  0.6892270  0.6985079  0.7009356  0.7077362  0.7093418  0.7110535  0.7225410  0.7126697  0.7057835  0.6874149  0.6664194  0.6620918  0.6303259  0.6198461  0.6328472  0.6584170
 2  0.5731135  0.5245497  0.4873727  0.4617985  0.4471457  0.4800340  0.5340726  0.5497594  0.5577480  0.5651899  0.5613092  0.5528092  0.5514611  0.5507802  0.5544860  0.5550979  0.5748130  0.5938339  0.5916827  0.5690285  0.5293813  0.5136675  0.5212141  0.5026288  0.5011780  0.5383295  0.5682776
 3  0.7523618  0.7097663  0.6647637  0.6345949  0.6168222  0.6147757  0.6545751  0.6727536  0.6832621  0.7019449  0.7070052  0.7065860  0.7156381  0.7177685  0.7242000  0.7266592  0.7269011  0.7423229  0.7336617  0.7240307  0.7044778  0.6832148  0.6800257  0.6506660  0.6369371  0.6489745  0.6782807
 4  0.4573780  0.4167930  0.3800079  0.3578076  0.3556801  0.4305074  0.4824481  0.4708076  0.4745291  0.4852484  0.4643940  0.4540292  0.4534233  0.4529786  0.4625217  0.4519795  0.5005670  0.5247391  0.4915022  0.4420667  0.4142096  0.4322053  0.4463714  0.4115722  0.4277881  0.4884207  0.5075398
 1  0.7283085  0.6840649  0.6344561  0.6060052  0.6178917  0.6224353  0.6108724  0.6103662  0.6324745  0.6256929  0.6204171  0.6210246  0.6467540  0.6546434  0.6457037  0.6605435  0.6544290  0.6606089  0.6583046  0.6604436  0.6548227  0.6445980  0.6339358  0.6442647  0.6759981  0.6900212  0.6880634
 2  0.5726575  0.5248717  0.4822751  0.4709560  0.4918897  0.4970756  0.4891415  0.5161508  0.5443965  0.5354827  0.5212277  0.5278462  0.5608864  0.5646381  0.5585263  0.5597865  0.5574616  0.5584659  0.5588889  0.5560347  0.5417695  0.5208019  0.5192077  0.5667223  0.5949911  0.6017490  0.5846343
 3  0.7516802  0.7099042  0.6586857  0.6253003  0.6350426  0.6406483  0.6275045  0.6255657  0.6517841  0.6466166  0.6401550  0.6375172  0.6641537  0.6768580  0.6657605  0.6799475  0.6741869  0.6798440  0.6781759  0.6801636  0.6749396  0.6630937  0.6501928  0.6599851  0.6977601  0.7135043  0.7095081
 4  0.4573648  0.4163187  0.3769735  0.3925709  0.4223701  0.4105849  0.4118456  0.4678349  0.4844479  0.4598460  0.4370221  0.4661763  0.5084029  0.4938658  0.4816753  0.4868605  0.4831880  0.4870292  0.4846105  0.4780746  0.4493259  0.4238557  0.4557018  0.5202859  0.5382514  0.5222166  0.4711362
 1  0.7292546  0.6838715  0.6531163  0.6395164  0.6318439  0.6324014  0.6408102  0.6566985  0.6767102  0.7005799  0.7050372  0.7054530  0.7137643  0.7134486  0.7128176  0.7129592  0.7110315  0.7133967  0.7015958  0.6950196  0.6938338  0.7011374  0.6872033  0.6756810  0.6703828  0.6699896  0.6734149
 2  0.5718989  0.5240255  0.4972515  0.4798647  0.4687229  0.4697344  0.4886079  0.5187484  0.5615300  0.5892072  0.5922782  0.5839496  0.5741709  0.5627654  0.5453078  0.5354619  0.5390019  0.5466449  0.5486729  0.5482437  0.5663810  0.5802215  0.5663709  0.5365483  0.5085176  0.5076273  0.5212317
 3  0.7524902  0.7101030  0.6770264  0.6593132  0.6488234  0.6484434  0.6559183  0.6725881  0.6929416  0.7199483  0.7260249  0.7238292  0.7315367  0.7310188  0.7287216  0.7284486  0.7263543  0.7298497  0.7189999  0.7124462  0.7112381  0.7210755  0.7081537  0.6942204  0.6867371  0.6856799  0.6901577
 4  0.4556608  0.4177696  0.3861443  0.3678069  0.3716442  0.3795517  0.4128964  0.4492478  0.4996957  0.5222725  0.4992308  0.4794833  0.4750176  0.4493105  0.4259542  0.4210016  0.4449114  0.4556006  0.4530526  0.4594249  0.4956204  0.5063069  0.4639948  0.4101960  0.3964266  0.4238683  0.4432159
 1  0.7307392  0.6865300  0.6446717  0.6221995  0.6256424  0.6495841  0.6549715  0.6648830  0.6534434  0.6518994  0.6236237  0.5528071  0.6095291  0.6818733  0.6856483  0.6931949  0.6876651  0.6864868  0.6919245  0.7052917  0.6949237  0.6891930  0.6840243  0.6789964  0.6648726  0.6438059  0.6752272
 2  0.5709265  0.5237572  0.4890761  0.4710252  0.4933280  0.5263853  0.5416824  0.5468495  0.5433057  0.5433458  0.5120237  0.4467210  0.5489964  0.5959898  0.6014333  0.5885194  0.5572982  0.5267739  0.5477946  0.5831973  0.5820725  0.5615734  0.5330980  0.5146067  0.5025748  0.5407132  0.5867541
 3  0.7534590  0.7122673  0.6686917  0.6421008  0.6414802  0.6665870  0.6731515  0.6833585  0.6721511  0.6713885  0.6457567  0.5708229  0.6174332  0.7045322  0.7089201  0.7137225  0.7065696  0.7033175  0.7064131  0.7255341  0.7168783  0.7080374  0.7010830  0.6959217  0.6816385  0.6599839  0.6952557
 4  0.4540021  0.4161973  0.3814593  0.3720757  0.4292802  0.4610677  0.4660123  0.4648007  0.4689757  0.4729792  0.4148589  0.3724704  0.5145616  0.5428656  0.5165395  0.4818326  0.4378051  0.4038294  0.4863086  0.5230030  0.4858473  0.4387168  0.4213862  0.4100886  0.4176541  0.4942566  0.5315007
 1  0.7296156  0.6865713  0.6368137  0.6052655  0.5962961  0.5896976  0.5785171  0.5949701  0.6599964  0.6810819  0.6810674  0.6851628  0.6983931  0.7128007  0.7147100  0.7120733  0.7034320  0.6985398  0.7051204  0.7079549  0.7091613  0.7167731  0.7157053  0.7072550  0.6970963  0.6996285  0.7067730
 2  0.5721350  0.5249587  0.4826656  0.4608883  0.4651870  0.4710244  0.4795254  0.5439183  0.5890350  0.5984339  0.5841750  0.5562116  0.5394821  0.5459259  0.5589232  0.5630326  0.5477289  0.5295198  0.5389922  0.5553053  0.5746315  0.5965231  0.6001623  0.5860661  0.5596995  0.5640709  0.5750814
 3  0.7525046  0.7120612  0.6609155  0.6252924  0.6133436  0.6070254  0.5947707  0.6054081  0.6812077  0.7051934  0.7031914  0.7033853  0.7137084  0.7284302  0.7316861  0.7300253  0.7211932  0.7146389  0.7207248  0.7256286  0.7269074  0.7358459  0.7373705  0.7276195  0.7144183  0.7168517  0.7259446
 4  0.4555682  0.4155233  0.3775947  0.3703335  0.3931696  0.3995208  0.4202865  0.5093276  0.5373921  0.5239538  0.4732800  0.4219772  0.4326033  0.4606923  0.4736637  0.4633727  0.4266960  0.4145243  0.4549410  0.4736918  0.4963987  0.5263024  0.5186032  0.4708441  0.4532593  0.4902497  0.4941268
 1  0.7282820  0.6798776  0.6240677  0.5922912  0.6060836  0.6140327  0.6214429  0.6326922  0.6451499  0.6484045  0.6408349  0.6481502  0.6847560  0.6784357  0.6692746  0.6650564  0.6582192  0.6431282  0.6560076  0.7032190  0.7037486  0.7063123  0.7106202  0.7123946  0.7059617  0.7008772  0.6978030
 2  0.5697585  0.5218709  0.4787696  0.4624603  0.4764093  0.4762669  0.4673696  0.4700700  0.4884186  0.5024805  0.5148805  0.5699529  0.6019977  0.5949278  0.5742137  0.5510422  0.5282379  0.5097907  0.5745954  0.6118406  0.6169094  0.6066829  0.5914047  0.5740466  0.5450615  0.5217411  0.5046462
 3  0.7517544  0.7066486  0.6492167  0.6122159  0.6234521  0.6315288  0.6373015  0.6475386  0.6604524  0.6651335  0.6580350  0.6620459  0.7076598  0.7032067  0.6918267  0.6844005  0.6760509  0.6617058  0.6675939  0.7267621  0.7280639  0.7272931  0.7299361  0.7308351  0.7228769  0.7166226  0.7129375
 4  0.4555172  0.4185805  0.3781472  0.3817393  0.3982264  0.3797745  0.3621775  0.3808999  0.4113516  0.4235301  0.4434198  0.5243527  0.5475035  0.5202738  0.4760526  0.4466424  0.4386426  0.4223715  0.5277711  0.5578631  0.5347214  0.5067619  0.4907733  0.4619035  0.4206467  0.3953418  0.3825961
 1  0.7315684  0.6873880  0.6605428  0.6492025  0.6482121  0.6548219  0.6688922  0.6934504  0.6898885  0.6890818  0.6888364  0.6879376  0.6767924  0.6638292  0.6634089  0.6574957  0.6812812  0.7154141  0.6993221  0.6874939  0.6720376  0.6479054  0.6260376  0.6029488  0.6330184  0.6520032  0.6797734
 2  0.5697771  0.5223139  0.5000768  0.4828523  0.4655291  0.4580425  0.5064590  0.5614323  0.5805571  0.5823724  0.5776356  0.5611068  0.5272084  0.4995750  0.4969339  0.5121155  0.5912881  0.6177728  0.6066146  0.5781789  0.5424667  0.5116251  0.4821472  0.4930161  0.5408065  0.5718912  0.5969171
 3  0.7537993  0.7128146  0.6838685  0.6689359  0.6650947  0.6694933  0.6817583  0.7106797  0.7100381  0.7099053  0.7096351  0.7070496  0.6945660  0.6804237  0.6793469  0.6741416  0.6948749  0.7397811  0.7240244  0.7075620  0.6903933  0.6675670  0.6438843  0.6182411  0.6502401  0.6704345  0.7002005
 4  0.4515532  0.4146470  0.3893605  0.3629154  0.3402012  0.3453010  0.4531950  0.5042817  0.5086727  0.5053748  0.4852634  0.4506636  0.4088069  0.3925761  0.4083179  0.4399681  0.5413840  0.5591877  0.5112315  0.4621661  0.4492089  0.4135540  0.3872852  0.4416684  0.4881198  0.5154577  0.5369504
 1  0.7286303  0.6826911  0.6296809  0.5944496  0.5733111  0.5721639  0.6014887  0.6190769  0.6807171  0.7006043  0.7006183  0.6982671  0.6945469  0.6947590  0.6925991  0.6846183  0.6829762  0.6823167  0.6918164  0.6764741  0.6750338  0.6826457  0.6776378  0.7006927  0.7275831  0.7183044  0.7081648
 2  0.5686480  0.5225831  0.4801664  0.4503413  0.4432008  0.4797964  0.5231137  0.5591774  0.6003752  0.6111225  0.5994583  0.5743680  0.5409806  0.5213979  0.5098755  0.4961610  0.4952118  0.5318567  0.5663923  0.5665892  0.5692027  0.5754790  0.5663891  0.6072170  0.6250957  0.6228875  0.5957687
 3  0.7517398  0.7088155  0.6543261  0.6151727  0.5902104  0.5860348  0.6184956  0.6345612  0.7009981  0.7232582  0.7224297  0.7174771  0.7112978  0.7105894  0.7085556  0.7001906  0.6980293  0.6972196  0.7110220  0.6974767  0.6936130  0.7029589  0.6984973  0.7158561  0.7519770  0.7425718  0.7287428
 4  0.4547156  0.4168095  0.3777011  0.3525613  0.3718530  0.4369130  0.4719182  0.5120265  0.5414870  0.5361950  0.5003601  0.4497939  0.4183941  0.4138861  0.3958278  0.3775939  0.3903853  0.4722684  0.5031422  0.4823814  0.4954988  0.5028076  0.4731188  0.5448358  0.5647285  0.5327406  0.4642447
 1  0.7290541  0.6814757  0.6288740  0.6053257  0.6287058  0.6306735  0.6318896  0.6400469  0.6591175  0.6634693  0.6702019  0.6672661  0.6545908  0.6517774  0.6825168  0.6978151  0.7066215  0.7069958  0.6997720  0.6967196  0.6975897  0.7026588  0.6970052  0.6596949  0.6626899  0.6814853  0.6716957
 2  0.5720311  0.5230618  0.4811019  0.4832488  0.5107867  0.5066986  0.4816873  0.4741593  0.5006853  0.5302093  0.5585670  0.5622306  0.5447479  0.5562262  0.5883246  0.6066423  0.6067292  0.5958513  0.5657033  0.5282282  0.5026433  0.5096993  0.5353178  0.5348010  0.5695585  0.5870015  0.5751740
 3  0.7524456  0.7078604  0.6536075  0.6240164  0.6465062  0.6501194  0.6488716  0.6545274  0.6741864  0.6803090  0.6885218  0.6882003  0.6753880  0.6678020  0.7024619  0.7194815  0.7283568  0.7278428  0.7185933  0.7132297  0.7122621  0.7169850  0.7143323  0.6801576  0.6806364  0.7040028  0.6949745
 4  0.4569095  0.4176880  0.3795302  0.4157119  0.4430249  0.4052007  0.3529726  0.3828674  0.4310457  0.4653537  0.4940875  0.4866136  0.4511260  0.4952515  0.5327546  0.5351742  0.5241173  0.4930601  0.4391430  0.3866159  0.3748980  0.4225770  0.4610407  0.4646429  0.5130874  0.5245129  0.4813556
 1  0.7304056  0.6863066  0.6457187  0.6255097  0.6281763  0.6401377  0.6525456  0.6714486  0.6717862  0.6706185  0.6815997  0.6887853  0.7075731  0.7043365  0.6933671  0.6901487  0.6843177  0.6795929  0.6845727  0.6778806  0.6783927  0.6789409  0.6801133  0.6796818  0.6705898  0.6634378  0.6612994
 2  0.5719358  0.5241406  0.4894404  0.4704272  0.4739189  0.4882197  0.5154971  0.5390895  0.5344839  0.5215024  0.5271209  0.5644206  0.5935175  0.5981017  0.5818961  0.5675938  0.5508459  0.5392653  0.5432401  0.5380959  0.5296043  0.5247550  0.5344140  0.5436968  0.5392121  0.5285839  0.5387792
 3  0.7532408  0.7120878  0.6697437  0.6454778  0.6449203  0.6560581  0.6678913  0.6887263  0.6905503  0.6869472  0.6976505  0.7048790  0.7277454  0.7262199  0.7135707  0.7095288  0.7033800  0.6966435  0.7020848  0.6963639  0.6956021  0.6954205  0.6963603  0.6980185  0.6896863  0.6810177  0.6783932
 4  0.4545313  0.4161992  0.3809808  0.3660687  0.3862414  0.4060622  0.4465217  0.4627944  0.4261399  0.4160829  0.4423330  0.5040431  0.5304299  0.5129329  0.4877651  0.4752347  0.4467204  0.4472583  0.4593184  0.4420399  0.4238361  0.4265814  0.4573720  0.4655918  0.4424515  0.4371928  0.4709579
 1  0.7281665  0.6808234  0.6340386  0.6100917  0.6114923  0.6104030  0.6052499  0.5913222  0.5851089  0.6328106  0.6059008  0.6764016  0.6943115  0.7066736  0.6991129  0.6990456  0.6946095  0.6899866  0.6930680  0.6837181  0.6945209  0.6947824  0.6924334  0.7006104  0.7089330  0.6975865  0.6885388
 2  0.5709774  0.5221279  0.4849416  0.4713725  0.4783061  0.4790002  0.4713783  0.4681636  0.5137371  0.5614550  0.5669853  0.5993449  0.6175741  0.6151707  0.5927053  0.5627554  0.5256790  0.5173991  0.5365348  0.5582852  0.5763961  0.5777890  0.5678427  0.5812402  0.5925874  0.5863599  0.5673425
 3  0.7515019  0.7071882  0.6586265  0.6299890  0.6288438  0.6280024  0.6219682  0.6076838  0.5977690  0.6553898  0.6191426  0.7001316  0.7182877  0.7298319  0.7202977  0.7170601  0.7110682  0.7049975  0.7096824  0.7020589  0.7138193  0.7150167  0.7112074  0.7176208  0.7300720  0.7187683  0.7080436
 4  0.4557197  0.4170906  0.3818479  0.3837608  0.4009215  0.3938956  0.3852758  0.3986507  0.4759943  0.5150820  0.5228020  0.5499886  0.5473356  0.5291700  0.4803435  0.4352346  0.3981477  0.4271546  0.4643217  0.4874475  0.5025571  0.4874966  0.4693545  0.5107421  0.5222569  0.4939747  0.4706015
 1  0.7281973  0.6810513  0.6347508  0.6035671  0.6090639  0.6481991  0.6650442  0.6738687  0.6826131  0.6929407  0.7036930  0.7131538  0.7060385  0.6927823  0.6741267  0.6651938  0.6699729  0.6767916  0.7045188  0.6996076  0.6959368  0.7023616  0.7085929  0.7142161  0.7103485  0.7066556  0.7109292
 2  0.5743464  0.5232414  0.4846050  0.4547837  0.4807386  0.5286170  0.5478415  0.5417358  0.5214501  0.4964823  0.4929432  0.5311983  0.5575987  0.5611461  0.5506031  0.5478230  0.5509655  0.5834234  0.6062231  0.6044563  0.5843579  0.5606125  0.5442889  0.5430978  0.5639828  0.5989018  0.6084285
 3  0.7516029  0.7069893  0.6589529  0.6243950  0.6244904  0.6640366  0.6838020  0.6918370  0.6989110  0.7074560  0.7166410  0.7281793  0.7240919  0.7127409  0.6941408  0.6838961  0.6899777  0.6929706  0.7271582  0.7234819  0.7161507  0.7194936  0.7247071  0.7297876  0.7274154  0.7257886  0.7350316
 4  0.4584144  0.4155433  0.3824296  0.3512487  0.4188818  0.4723764  0.4652174  0.4267623  0.3852521  0.3483283  0.3945983  0.4576046  0.4823491  0.4775807  0.4614765  0.4737461  0.4692988  0.5235724  0.5475852  0.5153916  0.4628771  0.4389322  0.4341571  0.4505035  0.4921913  0.5394625  0.5407152
 1  0.7281184  0.6803456  0.6315170  0.6030015  0.5751163  0.5600540  0.6306517  0.6166226  0.5903893  0.5555023  0.6111733  0.6585797  0.6728842  0.6744708  0.6691177  0.6685927  0.6856701  0.6970675  0.6975871  0.7115606  0.7073685  0.7015661  0.6936562  0.6879589  0.6943055  0.6911423  0.6802318
 2  0.5729084  0.5231594  0.4836182  0.4586535  0.4431033  0.4956719  0.5646145  0.5459338  0.5143928  0.4969690  0.5556475  0.5846802  0.5891560  0.5749721  0.5440886  0.5295035  0.5596927  0.5785293  0.5909812  0.5982934  0.5902131  0.5640533  0.5190377  0.4888875  0.5033742  0.5381567  0.5456991
 3  0.7517145  0.7068348  0.6562021  0.6235934  0.5923842  0.5703470  0.6492719  0.6403905  0.6125671  0.5723284  0.6244729  0.6802672  0.6960614  0.6957344  0.6881823  0.6851686  0.7019508  0.7174035  0.7166996  0.7317208  0.7284193  0.7200894  0.7097423  0.7025715  0.7085622  0.7086629  0.7000352
 4  0.4576816  0.4178749  0.3811108  0.3600210  0.3680284  0.4661352  0.5196318  0.4856060  0.4457952  0.4468602  0.5146159  0.5292608  0.5110984  0.4731483  0.4294801  0.4407822  0.4994901  0.5057999  0.5114539  0.5217197  0.4910042  0.4288492  0.3698789  0.3666378  0.4267720  0.4688383  0.4586026
 1  0.7289669  0.6798174  0.6328970  0.6068635  0.6176373  0.6379602  0.6399528  0.6376867  0.6382042  0.6402779  0.6599176  0.6951732  0.7163990  0.7087781  0.7010322  0.7046527  0.7125173  0.7224778  0.7219058  0.7158864  0.7056516  0.6918787  0.6880251  0.6913163  0.7020680  0.7099567  0.7140604
 2  0.5742236  0.5219689  0.4845316  0.4744301  0.5057281  0.5292761  0.5227596  0.4942168  0.4622850  0.4583430  0.5520724  0.6167418  0.6283992  0.6197814  0.5828015  0.5391853  0.5093255  0.5111313  0.5430453  0.5700907  0.5789944  0.5697700  0.5566913  0.5507471  0.5615718  0.5807852  0.5927589
 3  0.7523603  0.7060461  0.6573379  0.6265902  0.6338967  0.6564374  0.6594574  0.6553234  0.6542395  0.6543942  0.6725887  0.7161029  0.7429628  0.7327612  0.7203448  0.7206435  0.7264177  0.7359608  0.7373385  0.7338763  0.7259555  0.7125658  0.7070012  0.7085776  0.7192018  0.7280208  0.7338712
 4  0.4578898  0.4160871  0.3839773  0.3945061  0.4480600  0.4601482  0.4216531  0.3697921  0.3349975  0.3763191  0.5141304  0.5628251  0.5623417  0.5137720  0.4386126  0.3860616  0.3781463  0.4123386  0.4627469  0.4971764  0.5003484  0.4756784  0.4509898  0.4561385  0.4813526  0.5073715  0.5149140
 1  0.7287269  0.6810465  0.6332893  0.6067564  0.6024906  0.6216582  0.6429724  0.6549185  0.6640381  0.6630073  0.6771211  0.6822848  0.6732754  0.6690625  0.6735189  0.6761353  0.6974350  0.7161700  0.7065068  0.6986127  0.6906992  0.6868487  0.6875834  0.6867028  0.6851802  0.6866259  0.6846942
 2  0.5719461  0.5224118  0.4844890  0.4584860  0.4566969  0.4892599  0.5255881  0.5478180  0.5552585  0.5583912  0.5723832  0.5740996  0.5560392  0.5364952  0.5339433  0.5448334  0.5929017  0.6127723  0.6057560  0.5761891  0.5253499  0.4772587  0.4803442  0.5383325  0.5740326  0.5824783  0.5863240
 3  0.7520538  0.7073838  0.6578717  0.6275194  0.6193718  0.6362788  0.6595841  0.6730430  0.6835739  0.6819580  0.6959662  0.7033382  0.6935721  0.6867107  0.6906930  0.6933716  0.7139141  0.7392158  0.7296657  0.7182501  0.7073601  0.7011220  0.7004363  0.7030760  0.7044725  0.7081463  0.7051343
 4  0.4562514  0.4171398  0.3822642  0.3535544  0.3725567  0.4291393  0.4636590  0.4792340  0.4780895  0.4830539  0.5046383  0.4931584  0.4505925  0.4365725  0.4483299  0.4707709  0.5352552  0.5485685  0.5082321  0.4388142  0.3654552  0.3295999  0.4059333  0.4831339  0.5106760  0.5097267  0.5081598
 1  0.7276935  0.6808899  0.6277317  0.5941580  0.6041597  0.6281702  0.6442449  0.6496325  0.6627736  0.6794006  0.6904960  0.6930051  0.6961676  0.7091460  0.7201993  0.7099535  0.6968185  0.6940889  0.7033861  0.7033113  0.6871479  0.6684365  0.6547621  0.6287032  0.6325950  0.6729788  0.6726773
 2  0.5721492  0.5231672  0.4797113  0.4590514  0.4820935  0.5126026  0.5240288  0.5178359  0.5218854  0.5420066  0.5583198  0.5616869  0.5630701  0.5921519  0.6066140  0.5983442  0.5575375  0.5246613  0.5447958  0.5635218  0.5547601  0.5238240  0.5007548  0.4850184  0.5338724  0.5828789  0.5828857
 3  0.7511928  0.7071239  0.6523660  0.6142204  0.6205459  0.6447230  0.6622334  0.6673213  0.6788254  0.6957286  0.7085476  0.7114059  0.7137020  0.7261299  0.7423135  0.7318649  0.7151487  0.7089303  0.7188194  0.7223406  0.7072826  0.6866837  0.6714917  0.6467915  0.6466722  0.6931029  0.6964348
 4  0.4573467  0.4167572  0.3779678  0.3745679  0.4171320  0.4470179  0.4391650  0.4171958  0.4340181  0.4695841  0.4788411  0.4678375  0.4727201  0.5276160  0.5381430  0.4887207  0.4019448  0.4112557  0.4792088  0.4896229  0.4478990  0.4058286  0.4064522  0.4041096  0.4867791  0.5314067  0.5022403
 1  0.7285885  0.6862186  0.6450917  0.6245373  0.6308505  0.6342797  0.6541859  0.6640557  0.6581499  0.6526399  0.6626272  0.6839519  0.6719686  0.6676338  0.6794871  0.6819293  0.6930624  0.6966748  0.6960479  0.7058950  0.7156793  0.7078072  0.7033631  0.7018624  0.7014820  0.7046564  0.7167097
 2  0.5713707  0.5254495  0.4885552  0.4787957  0.4921053  0.5090434  0.5316586  0.5360942  0.5126988  0.4836949  0.5266088  0.5713302  0.5690979  0.5647852  0.5712325  0.5763630  0.5794064  0.5738037  0.5599303  0.5743460  0.5928201  0.5907474  0.5730243  0.5451804  0.5090797  0.5238287  0.5699292
 3  0.7516385  0.7118235  0.6689330  0.6437098  0.6480803  0.6512250  0.6708740  0.6827061  0.6762609  0.6685715  0.6762249  0.7038092  0.6944026  0.6860703  0.6992299  0.7020899  0.7123600  0.7162864  0.7138830  0.7218612  0.7359634  0.7288474  0.7223239  0.7189214  0.7165105  0.7175122  0.7343930
 4  0.4556943  0.4160292  0.3785436  0.3920987  0.4154913  0.4364306  0.4594907  0.4429144  0.3899503  0.3694714  0.4753934  0.5159694  0.4804412  0.4851325  0.5013639  0.4967485  0.4959986  0.4747512  0.4516327  0.5034302  0.5242550  0.4963733  0.4541497  0.4072539  0.3579035  0.4565095  0.5096650
 1  0.7287496  0.6818591  0.6364577  0.6086651  0.5486797  0.4003548  0.6956675  0.5010102  0.5637988  0.5751981  0.6008375  0.6647041  0.6000800  0.5095796  0.6131310  0.6398772  0.6162075  0.5839494  0.5641464  0.5931005  0.6161547  0.5434247  0.4027728  0.6427506  0.6783162  0.6326376  0.6390025
 2  0.5722266  0.5235127  0.4861025  0.4555999  0.3961411  0.4510688  0.6038331  0.4636924  0.5149467  0.5196550  0.5626567  0.5854627  0.5203121  0.4679139  0.5628500  0.5716727  0.5462338  0.5180939  0.5111962  0.5440710  0.5441853  0.4694411  0.4139019  0.5890464  0.5978895  0.5692336  0.5693154
 3  0.7522206  0.7083418  0.6610375  0.6293938  0.5671749  0.3821244  0.7263731  0.5175763  0.5807404  0.5947693  0.6120095  0.6898540  0.6276215  0.5216051  0.6269981  0.6630688  0.6392631  0.6056502  0.5797443  0.6087192  0.6392759  0.5682650  0.4003924  0.6568586  0.7045906  0.6545270  0.6604551
 4  0.4567510  0.4181136  0.3803675  0.3447906  0.2967279  0.4586286  0.5503477  0.4369162  0.4779698  0.4758345  0.5233464  0.5335086  0.4347064  0.4321303  0.5260741  0.5193402  0.4917044  0.4577718  0.4681393  0.5038229  0.4886925  0.3908223  0.4129155  0.5460300  0.5422390  0.5152502  0.5184749
 1  0.7314508  0.6878004  0.6424570  0.6197431  0.6306779  0.6448707  0.6410525  0.6316075  0.6279568  0.6590608  0.7035791  0.7015917  0.6958780  0.6986908  0.7079537  0.7108673  0.6923404  0.6769627  0.6525703  0.6153665  0.6514764  0.6305580  0.6105109  0.5811908  0.5955115  0.6284421  0.6404753
 2  0.5718119  0.5234790  0.4862008  0.4820751  0.5158525  0.5351800  0.5210118  0.4829343  0.4740901  0.5717358  0.6083313  0.6080716  0.5802900  0.5557269  0.5618536  0.5714131  0.5589882  0.5380575  0.5159009  0.5281467  0.5655498  0.5479624  0.5172393  0.4896738  0.5169722  0.5464648  0.5725363
 3  0.7538355  0.7130726  0.6663717  0.6389510  0.6472072  0.6640337  0.6609130  0.6492977  0.6423849  0.6710414  0.7263141  0.7248154  0.7156449  0.7151284  0.7243407  0.7297513  0.7119260  0.6952190  0.6710217  0.6305374  0.6721097  0.6540682  0.6307838  0.6005047  0.6103245  0.6476818  0.6582325
 4  0.4534029  0.4143047  0.3815758  0.4036713  0.4583827  0.4628953  0.4128488  0.3525033  0.3992608  0.5321245  0.5500086  0.5126266  0.4502977  0.4461527  0.4874072  0.4908663  0.4569019  0.4374859  0.4292677  0.4824654  0.5122409  0.4698218  0.4367327  0.4183860  0.4678429  0.4917180  0.5155373
 1  0.7320621  0.6914412  0.6522767  0.6290556  0.6215871  0.6260250  0.6337838  0.6547286  0.6772998  0.6979567  0.7033284  0.7055515  0.7079775  0.7068708  0.7041171  0.7004299  0.6915971  0.6759487  0.6649556  0.6642766  0.6530147  0.6706772  0.6657242  0.6691601  0.6741331  0.6865224  0.7026287
 2  0.5746545  0.5263231  0.4906140  0.4673683  0.4618594  0.4693753  0.4943234  0.5310267  0.5693253  0.5897366  0.5914605  0.5830137  0.5685397  0.5562751  0.5402384  0.5279812  0.5101466  0.4865182  0.5167930  0.5671431  0.5802782  0.5840881  0.5761602  0.5590923  0.5508691  0.5711118  0.5927905
 3  0.7544364  0.7162697  0.6755832  0.6489693  0.6384355  0.6418500  0.6488639  0.6705832  0.6945997  0.7176886  0.7239690  0.7242642  0.7258126  0.7243066  0.7206726  0.7165506  0.7076912  0.6919044  0.6793748  0.6846121  0.6736473  0.6938485  0.6888698  0.6884140  0.6915969  0.7039683  0.7224601
 4  0.4545522  0.4138657  0.3806860  0.3587411  0.3705712  0.3849611  0.4261261  0.4690063  0.5053737  0.5186415  0.4999406  0.4787810  0.4661961  0.4480065  0.4276533  0.4136899  0.3908248  0.3711898  0.4612971  0.5170084  0.5212502  0.5212787  0.4835607  0.4553696  0.4675493  0.5060350  0.5258403
 1  0.7287904  0.6835164  0.6403602  0.6148459  0.6145450  0.6316946  0.6480436  0.6550520  0.6567229  0.6669483  0.6778701  0.6993894  0.6990242  0.6996764  0.6943110  0.6929897  0.6921490  0.6858525  0.6879167  0.6831023  0.6815298  0.6897375  0.6987124  0.6975820  0.6991983  0.7040432  0.7142686
 2  0.5701777  0.5238196  0.4879232  0.4633216  0.4691356  0.4964317  0.5128572  0.5089543  0.5091934  0.5325297  0.5657308  0.5861850  0.5845786  0.5675236  0.5381606  0.5213688  0.5196794  0.5377003  0.5596515  0.5675847  0.5739425  0.5865711  0.5924683  0.5822056  0.5600183  0.5378446  0.5328146
 3  0.7520664  0.7098105  0.6647506  0.6350991  0.6309966  0.6473658  0.6651541  0.6720723  0.6720117  0.6838619  0.6953690  0.7190396  0.7193173  0.7182488  0.7113084  0.7087268  0.7081457  0.7026628  0.7063895  0.7030957  0.7007906  0.7095920  0.7199794  0.7178892  0.7172646  0.7196649  0.7290463
 4  0.4552733  0.4179815  0.3803048  0.3591439  0.3908772  0.4292866  0.4271314  0.3987441  0.4267543  0.4664172  0.5008170  0.5123898  0.4892580  0.4503258  0.4150348  0.4131566  0.4288034  0.4636513  0.4894094  0.4900079  0.5003937  0.5183155  0.5121542  0.4779804  0.4306548  0.4129957  0.4305112
 1  0.7295185  0.6835518  0.6403787  0.6212359  0.6251649  0.6173833  0.5771756  0.6557113  0.6417096  0.6243745  0.6430145  0.6536147  0.6292708  0.6020973  0.6476724  0.6846985  0.6669060  0.6491349  0.6557791  0.6649474  0.6716665  0.6769898  0.6849800  0.6923640  0.6858730  0.6755027  0.6681393
 2  0.5718653  0.5230020  0.4875768  0.4858712  0.5080784  0.5082076  0.5143668  0.5796894  0.5631654  0.5414309  0.5506127  0.5585772  0.5386538  0.5312599  0.5819966  0.5983398  0.5764272  0.5374220  0.5196574  0.5153190  0.5185789  0.5316110  0.5491108  0.5610672  0.5549195  0.5355032  0.5309199
 3  0.7524887  0.7094268  0.6644980  0.6402740  0.6425085  0.6372085  0.5898401  0.6796833  0.6682327  0.6447581  0.6611063  0.6739262  0.6496706  0.6203117  0.6640650  0.7084763  0.6912045  0.6694188  0.6730063  0.6815048  0.6879139  0.6935025  0.7019309  0.7104110  0.7048768  0.6940065  0.6846073
 4  0.4555759  0.4158283  0.3824774  0.4081149  0.4459970  0.4292773  0.4741805  0.5327069  0.4822371  0.4600986  0.4875605  0.4887591  0.4706272  0.4798401  0.5313755  0.5363204  0.4803726  0.4235151  0.4193647  0.4239095  0.4306361  0.4477193  0.4712271  0.4795209  0.4607338  0.4272481  0.4507338
 1  0.7274045  0.6818744  0.6369424  0.6114995  0.5996175  0.5929790  0.6234982  0.6365919  0.6331905  0.6242417  0.6156195  0.5869719  0.5636079  0.6522588  0.6141968  0.6780865  0.6915740  0.7133034  0.7217504  0.7149204  0.6966114  0.6835958  0.6772124  0.6753766  0.6782416  0.6868173  0.6897775
 2  0.5715916  0.5239169  0.4858847  0.4589863  0.4347407  0.4429569  0.5068421  0.5407565  0.5395280  0.5307320  0.5194437  0.4959958  0.5277761  0.5745737  0.5725680  0.5985816  0.6158943  0.6251747  0.6243686  0.6135754  0.5709373  0.5107215  0.4533402  0.4351338  0.4825116  0.5397931  0.5681394
 3  0.7509238  0.7080620  0.6612560  0.6319437  0.6174373  0.6070633  0.6370664  0.6556538  0.6530435  0.6435224  0.6349981  0.6059989  0.5712635  0.6771515  0.6282929  0.7023450  0.7151303  0.7345437  0.7457052  0.7380177  0.7167367  0.7002444  0.6910695  0.6882964  0.6915063  0.7032198  0.7085529
 4  0.4571408  0.4171220  0.3797092  0.3518356  0.3225129  0.3795844  0.4635500  0.4788664  0.4660013  0.4589252  0.4461638  0.4257708  0.4969673  0.5242354  0.5254654  0.5486772  0.5425647  0.5533179  0.5523058  0.5147130  0.4282691  0.3361250  0.2997553  0.3275883  0.4199006  0.4788831  0.4944485
 1  0.7295224  0.6865967  0.6452222  0.6230143  0.6266916  0.6335628  0.6440437  0.6460897  0.6373564  0.6218385  0.6494204  0.6726234  0.6872399  0.6937788  0.6967252  0.7007961  0.7112618  0.7087560  0.6973248  0.6915017  0.6897180  0.6940410  0.7145759  0.6971609  0.6798266  0.6740186  0.6799490
 2  0.5724896  0.5259165  0.4892403  0.4748200  0.4848994  0.4992518  0.5088003  0.5049212  0.4889368  0.4967259  0.5502209  0.5850989  0.5951410  0.5936415  0.5735974  0.5617158  0.5743704  0.5799644  0.5660929  0.5475032  0.5327151  0.5734167  0.6037342  0.5941715  0.5513024  0.5017655  0.4850041
 3  0.7526309  0.7122956  0.6690876  0.6424683  0.6437286  0.6504172  0.6608364  0.6635924  0.6543744  0.6374762  0.6657826  0.6920378  0.7095255  0.7152861  0.7159278  0.7169055  0.7288609  0.7288707  0.7166883  0.7089800  0.7068577  0.7084789  0.7369036  0.7209250  0.6994414  0.6897258  0.6943035
 4  0.4564538  0.4168345  0.3796774  0.3830094  0.4065415  0.4213643  0.4239987  0.4073044  0.3918805  0.4383603  0.4990863  0.5271484  0.5242155  0.4981557  0.4516350  0.4666348  0.5046101  0.4950846  0.4562261  0.4390066  0.4263357  0.5173075  0.5453094  0.4919995  0.3972514  0.3609184  0.3808227
 1  0.7309671  0.6881320  0.6496130  0.6281650  0.6265036  0.6260353  0.6217397  0.6299820  0.6607890  0.6541675  0.6666692  0.6831197  0.7060240  0.7074955  0.7055129  0.7070559  0.7100397  0.7121473  0.7119772  0.7098574  0.7069889  0.7023799  0.7018274  0.6906062  0.6824880  0.6894699  0.6875650
 2  0.5684563  0.5234431  0.4913326  0.4716114  0.4624061  0.4486082  0.4445288  0.5144359  0.5649282  0.5725373  0.5753651  0.5940674  0.6025730  0.5978076  0.5780011  0.5560674  0.5413192  0.5292449  0.5280398  0.5303742  0.5342548  0.5470565  0.5595859  0.5487895  0.5392502  0.5490074  0.5531085
 3  0.7533426  0.7135582  0.6733451  0.6480518  0.6438529  0.6422267  0.6361360  0.6428695  0.6805108  0.6748317  0.6879621  0.7026452  0.7269888  0.7285312  0.7242719  0.7239479  0.7261461  0.7272825  0.7270203  0.7252671  0.7229046  0.7186115  0.7199439  0.7097442  0.6989826  0.7066833  0.7063921
 4  0.4519946  0.4152868  0.3820508  0.3670427  0.3577401  0.3346099  0.3583616  0.4762211  0.5099815  0.5067140  0.5062800  0.5217233  0.5279705  0.5010343  0.4608722  0.4402891  0.4238071  0.4144256  0.4184885  0.4282870  0.4351493  0.4654704  0.4777070  0.4390124  0.4439366  0.4737697  0.4620102
 1  0.7317671  0.6900678  0.6509296  0.6290616  0.6281188  0.6370314  0.6474588  0.6536114  0.6650728  0.6746627  0.6820959  0.7052689  0.7075224  0.7061604  0.7091237  0.7186990  0.7305773  0.7294497  0.7240360  0.7210072  0.7200978  0.7177762  0.7208611  0.7222934  0.7278119  0.7277175  0.7232484
 2  0.5734793  0.5252307  0.4907115  0.4728025  0.4765532  0.4924432  0.5068812  0.5146194  0.5254150  0.5308657  0.5580554  0.5887328  0.5949717  0.5797076  0.5468356  0.5249684  0.5339518  0.5538389  0.5619751  0.5649786  0.5670577  0.5678618  0.5688689  0.5681714  0.5762543  0.5898850  0.5927473
 3  0.7541083  0.7150693  0.6743942  0.6488083  0.6450568  0.6532064  0.6639394  0.6704818  0.6816855  0.6917456  0.6977974  0.7244652  0.7288121  0.7253976  0.7253423  0.7322559  0.7446851  0.7458428  0.7409948  0.7379471  0.7376425  0.7353391  0.7384773  0.7389618  0.7444178  0.7460807  0.7432760
 4  0.4539986  0.4140657  0.3817553  0.3722097  0.3914650  0.4145060  0.4246093  0.4278058  0.4395597  0.4393683  0.4923924  0.5252718  0.5067191  0.4518603  0.3868610  0.3985598  0.4480247  0.4630122  0.4587216  0.4669271  0.4717239  0.4739222  0.4648296  0.4632949  0.4899923  0.5129387  0.5036221
 1  0.7288535  0.6820883  0.6378219  0.6175837  0.6351047  0.6595030  0.6729352  0.6688225  0.6641192  0.6651038  0.6771226  0.6761869  0.6690598  0.6652888  0.6540078  0.6335152  0.6185137  0.6245682  0.6622430  0.6714697  0.6983701  0.7001398  0.7043111  0.7121677  0.7078858  0.7043926  0.6991367
 2  0.5713388  0.5228276  0.4867147  0.4801212  0.5126035  0.5484809  0.5596000  0.5427384  0.5072242  0.4891213  0.5131988  0.5356701  0.5523411  0.5592476  0.5447805  0.5096912  0.4986181  0.5570266  0.5920071  0.5998819  0.6128670  0.6075695  0.5910281  0.5740069  0.5487700  0.5198205  0.5001157
 3  0.7520863  0.7082459  0.6621608  0.6370130  0.6515319  0.6767736  0.6923174  0.6883508  0.6812577  0.6796601  0.6922610  0.6937704  0.6871296  0.6854571  0.6754531  0.6528451  0.6344247  0.6381755  0.6838734  0.6939153  0.7228513  0.7227499  0.7234088  0.7300587  0.7251031  0.7198413  0.7138633
 4  0.4561338  0.4167630  0.3822652  0.3975573  0.4501766  0.4854230  0.4782356  0.4271779  0.3676481  0.3916921  0.4437740  0.4618978  0.4833486  0.4898249  0.4506851  0.4027298  0.4318420  0.5164063  0.5416794  0.5430156  0.5425768  0.5096108  0.4831819  0.4657210  0.4239043  0.3835380  0.3754069
 1  0.7275399  0.6835103  0.6440454  0.6233054  0.6062132  0.6036035  0.6110322  0.6187044  0.6568999  0.6776911  0.6901891  0.6964818  0.6954809  0.6968903  0.7039081  0.7058705  0.7008172  0.7005243  0.7060186  0.7101243  0.7020419  0.6968088  0.6978414  0.6933084  0.6905612  0.6979052  0.7036644
 2  0.5739787  0.5258796  0.4896336  0.4659442  0.4529698  0.4677948  0.4915236  0.5305908  0.5709141  0.5877225  0.5878520  0.5759914  0.5487141  0.5268839  0.5411946  0.5614598  0.5678078  0.5727455  0.5887625  0.5968838  0.5873036  0.5708864  0.5563748  0.5377007  0.5302486  0.5534464  0.5726101
 3  0.7511398  0.7093131  0.6678104  0.6433366  0.6232157  0.6191732  0.6275344  0.6335389  0.6756452  0.6988779  0.7106876  0.7157355  0.7131318  0.7124401  0.7192038  0.7240603  0.7198594  0.7185306  0.7246854  0.7313396  0.7231335  0.7154458  0.7158010  0.7109655  0.7061020  0.7144066  0.7224127
 4  0.4592037  0.4164436  0.3804559  0.3574410  0.3667754  0.4020431  0.4252946  0.4814021  0.5164025  0.5141694  0.4975989  0.4677465  0.4214871  0.4129784  0.4648336  0.4865483  0.4767547  0.4881133  0.5194709  0.5217559  0.4884626  0.4661752  0.4556059  0.4212886  0.4358808  0.4840056  0.4943560
 1  0.7283414  0.6853327  0.6406533  0.6128155  0.5978733  0.5893847  0.5664846  0.5798108  0.6652485  0.6463195  0.6661167  0.6748493  0.6775644  0.6895027  0.6980197  0.7037876  0.7081475  0.7105592  0.7111510  0.7113689  0.7064615  0.7062960  0.6958378  0.6745005  0.6757515  0.6979449  0.6994482
 2  0.5707404  0.5255412  0.4863986  0.4547968  0.4307483  0.4195675  0.4253515  0.5491291  0.5899243  0.5855555  0.5873558  0.5933818  0.5732373  0.5476668  0.5289738  0.5318946  0.5667497  0.5904314  0.5972022  0.5883859  0.5636978  0.5476061  0.5443600  0.5470636  0.5746688  0.6003832  0.6037258
 3  0.7516474  0.7112628  0.6647907  0.6332444  0.6152855  0.6046984  0.5812839  0.5877554  0.6898651  0.6662293  0.6913810  0.6996021  0.6979220  0.7061745  0.7136523  0.7193730  0.7248400  0.7307432  0.7321706  0.7308352  0.7241923  0.7225704  0.7129853  0.6940568  0.6938934  0.7187618  0.7223141
 4  0.4561331  0.4174347  0.3772219  0.3418674  0.3245107  0.3296208  0.3641626  0.5168105  0.5402726  0.5363785  0.5334312  0.5032881  0.4470762  0.4218730  0.4219009  0.4457121  0.5000748  0.5221550  0.5101022  0.4784617  0.4438706  0.4428750  0.4655842  0.4746390  0.5124309  0.5381469  0.5296481
 1  0.7279220  0.6800036  0.6336542  0.6065402  0.5930424  0.5980286  0.6392831  0.6731255  0.6721750  0.6673589  0.6637998  0.6707223  0.6773745  0.6832692  0.6906772  0.7016346  0.7048019  0.7106245  0.6998087  0.6937311  0.6908441  0.6911331  0.6891566  0.6805154  0.6783989  0.6831479  0.6915294
 2  0.5722626  0.5225433  0.4848160  0.4577221  0.4437050  0.4774616  0.5473492  0.5774241  0.5685982  0.5382245  0.5089137  0.5126642  0.5314354  0.5524532  0.5807985  0.5976592  0.6071426  0.6052880  0.5840155  0.5494335  0.5244841  0.5351778  0.5476954  0.5461561  0.5390481  0.5385862  0.5479062
 3  0.7514597  0.7064343  0.6581993  0.6272137  0.6103920  0.6116645  0.6538851  0.6935067  0.6936413  0.6864639  0.6799243  0.6866365  0.6944171  0.7007474  0.7087824  0.7228517  0.7259928  0.7327159  0.7210022  0.7113065  0.7062529  0.7075191  0.7071989  0.6995187  0.6962798  0.6997854  0.7086358
 4  0.4572140  0.4171446  0.3812885  0.3526861  0.3535216  0.4284872  0.5025120  0.5113944  0.4698778  0.4085602  0.4010912  0.4342544  0.4540746  0.4777718  0.5168040  0.5307481  0.5331341  0.5226867  0.4678278  0.4115502  0.4237289  0.4598367  0.4685737  0.4509702  0.4363166  0.4493933  0.4641012
 1  0.7299583  0.6872195  0.6396952  0.6118786  0.6127211  0.6229783  0.6369907  0.6527018  0.6651454  0.6943617  0.6977782  0.6991620  0.7077660  0.7077124  0.7075968  0.7100101  0.7109023  0.7073456  0.7065040  0.7120877  0.7178873  0.7204780  0.7253483  0.7172401  0.7099120  0.7088453  0.7165885
 2  0.5711477  0.5252501  0.4847626  0.4601713  0.4610888  0.4714617  0.4897719  0.5067557  0.5449837  0.5797391  0.5854816  0.5787911  0.5714121  0.5624876  0.5500903  0.5530653  0.5552987  0.5420264  0.5239862  0.5130496  0.5130699  0.5394536  0.5699842  0.5766625  0.5625880  0.5694053  0.5869407
 3  0.7529014  0.7130312  0.6639694  0.6320244  0.6296410  0.6388189  0.6522540  0.6688128  0.6802039  0.7132138  0.7187789  0.7174427  0.7256558  0.7256587  0.7239811  0.7263123  0.7281906  0.7243703  0.7217958  0.7261285  0.7323123  0.7348250  0.7428755  0.7363001  0.7278966  0.7251322  0.7361809
 4  0.4546550  0.4171442  0.3766939  0.3592318  0.3731969  0.3873188  0.4111685  0.4225112  0.4847276  0.5175140  0.4939183  0.4766501  0.4765740  0.4552740  0.4432265  0.4604144  0.4576247  0.4176807  0.3831762  0.3925408  0.3985318  0.4601584  0.4946735  0.4794168  0.4469610  0.4906880  0.5174813
 1  0.7300844  0.6846392  0.6014307  0.5215622  0.4905193  0.5007494  0.5899970  0.5730388  0.6796302  0.6519060  0.6354309  0.6454695  0.6635604  0.6824397  0.6878537  0.6901307  0.6951069  0.7102796  0.7104668  0.7018495  0.6853981  0.6815419  0.7105344  0.6984045  0.6866391  0.6862616  0.6985438
 2  0.5711411  0.5235489  0.4603980  0.4107785  0.4097166  0.4793845  0.5271057  0.5537566  0.5980615  0.5742196  0.5517088  0.5595107  0.5746057  0.5857869  0.5784056  0.5571136  0.5452897  0.5627970  0.5741799  0.5664430  0.5388236  0.5723530  0.6029581  0.5973591  0.5612539  0.5130862  0.4938490
 3  0.7530262  0.7106776  0.6268741  0.5418813  0.5059437  0.5070589  0.6122051  0.5746290  0.7060055  0.6781073  0.6565742  0.6637187  0.6832996  0.7032556  0.7081044  0.7088200  0.7107499  0.7265920  0.7296813  0.7207410  0.7034745  0.6960875  0.7328069  0.7219070  0.7063374  0.7021154  0.7121309
 4  0.4548105  0.4170595  0.3681948  0.3396207  0.3604819  0.4596708  0.4851050  0.5224584  0.5462156  0.4976084  0.4733025  0.4960093  0.5122395  0.5076158  0.4807187  0.4327559  0.4453157  0.4917538  0.4912600  0.4598912  0.4276748  0.5175455  0.5450943  0.4989219  0.4104862  0.3517756  0.3794199
 1  0.7297766  0.6848057  0.6492887  0.6343567  0.6517447  0.6581580  0.6643988  0.6753719  0.6790213  0.6827886  0.6851802  0.6808409  0.6577496  0.6196354  0.5920419  0.4074396  0.6763483  0.7002812  0.7024582  0.7014592  0.7069429  0.7090009  0.7095491  0.7111219  0.7102091  0.7147778  0.7049460
 2  0.5731114  0.5244942  0.4930914  0.4939475  0.5164157  0.5252745  0.5297796  0.5384463  0.5406713  0.5421753  0.5460604  0.5356260  0.4991751  0.4744657  0.4977056  0.4466962  0.6083966  0.6185571  0.6172802  0.6161963  0.6026644  0.5834414  0.5558663  0.5309323  0.5432528  0.5712813  0.5754679
 3  0.7529155  0.7106406  0.6730208  0.6530369  0.6692402  0.6761390  0.6808269  0.6925761  0.6967072  0.6997649  0.7028952  0.6991308  0.6755695  0.6357783  0.6095537  0.3922707  0.6953180  0.7260915  0.7296225  0.7251620  0.7279355  0.7280178  0.7265377  0.7265496  0.7246190  0.7331043  0.7251996
 4  0.4566960  0.4162671  0.3833344  0.4141873  0.4419978  0.4351402  0.4432858  0.4543757  0.4481467  0.4539049  0.4581774  0.4301058  0.3822974  0.4027979  0.4482214  0.4476770  0.5584596  0.5625873  0.5514813  0.5279381  0.5020104  0.4686092  0.4287007  0.4017669  0.4674157  0.5047913  0.4794983
 1  0.7280549  0.6809974  0.6554921  0.6471252  0.6455319  0.6529364  0.6703491  0.6829295  0.6904836  0.7087440  0.7045300  0.7044516  0.7070775  0.7100603  0.7171853  0.7219930  0.7228258  0.7136978  0.7058320  0.7011087  0.7021980  0.6970499  0.7017391  0.6996002  0.6906153  0.6874797  0.6779244
 2  0.5742871  0.5233197  0.4996930  0.4868213  0.4815186  0.4983376  0.5327140  0.5508240  0.5730599  0.5879316  0.5839652  0.5647839  0.5379403  0.5082871  0.4962537  0.5428926  0.5723209  0.5764506  0.5633216  0.5567953  0.5555265  0.5570607  0.5670528  0.5639654  0.5460827  0.5299637  0.5235478
 3  0.7515398  0.7070218  0.6789390  0.6666067  0.6623089  0.6683432  0.6860609  0.7010545  0.7072844  0.7283459  0.7248614  0.7222116  0.7231901  0.7244415  0.7296967  0.7362101  0.7411514  0.7324677  0.7236090  0.7184907  0.7200798  0.7145965  0.7197066  0.7187016  0.7085058  0.7039964  0.6949176
 4  0.4584217  0.4157221  0.3887281  0.3758936  0.3843359  0.4221669  0.4660813  0.4675564  0.4991500  0.5144724  0.4822585  0.4395617  0.3981992  0.3506020  0.3857114  0.4780463  0.4965684  0.4742684  0.4571824  0.4652438  0.4635472  0.4697493  0.4853000  0.4663011  0.4319328  0.4257224  0.4346156
 1  0.7296925  0.6821534  0.6395845  0.6198178  0.6343017  0.6368701  0.6420707  0.6622697  0.6763751  0.6766876  0.6742821  0.6720080  0.6719185  0.6748484  0.6779075  0.6793617  0.6821528  0.6773402  0.6693983  0.6700637  0.6538466  0.6509510  0.6809859  0.6953893  0.6948136  0.7031427  0.7031344
 2  0.5699182  0.5222040  0.4889938  0.4840629  0.5010329  0.4996029  0.4978016  0.5241798  0.5475342  0.5488849  0.5377270  0.5210327  0.5243806  0.5483977  0.5635145  0.5686976  0.5659762  0.5541808  0.5484941  0.5550299  0.5444903  0.5551309  0.5880412  0.5988582  0.5954641  0.5952456  0.5870184
 3  0.7528275  0.7087934  0.6642609  0.6390974  0.6517673  0.6550146  0.6577056  0.6774761  0.6942504  0.6955849  0.6926019  0.6890371  0.6877995  0.6927055  0.6975985  0.6986188  0.7019615  0.6966748  0.6867889  0.6898618  0.6745945  0.6678014  0.7005232  0.7175293  0.7153813  0.7232046  0.7241053
 4  0.4541773  0.4185686  0.3830750  0.4024557  0.4243802  0.4002604  0.4055250  0.4565590  0.4747816  0.4581064  0.4299007  0.4135131  0.4480897  0.4844154  0.4877071  0.4891680  0.4804586  0.4567237  0.4738090  0.4846260  0.4592471  0.4947648  0.5295583  0.5235815  0.5111091  0.5160328  0.4947540
 1  0.7310651  0.6893614  0.6362557  0.5995553  0.5915563  0.6144735  0.6491715  0.6571809  0.6726936  0.6948108  0.6949461  0.6799287  0.6700509  0.6754262  0.6678717  0.6514045  0.6453756  0.6199905  0.6191389  0.5833367  0.5630915  0.5726231  0.6230237  0.6159527  0.6694542  0.6359809  0.6113177
 2  0.5714015  0.5249206  0.4804500  0.4489876  0.4508209  0.4997314  0.5378251  0.5484946  0.5687214  0.5939678  0.5926732  0.5663961  0.5308147  0.5125670  0.4981166  0.4905047  0.5125893  0.5264163  0.5339361  0.5112298  0.5043449  0.5324155  0.5561028  0.5715289  0.5898188  0.5579926  0.5358706
 3  0.7535218  0.7145680  0.6603908  0.6201589  0.6082828  0.6283614  0.6667894  0.6758833  0.6895481  0.7147314  0.7177009  0.7015854  0.6876635  0.6914068  0.6846988  0.6674577  0.6623572  0.6383416  0.6392302  0.6037304  0.5789324  0.5869307  0.6445496  0.6302495  0.6945448  0.6622861  0.6301829
 4  0.4534606  0.4148438  0.3756934  0.3484420  0.3743175  0.4510129  0.4733401  0.4660464  0.5033120  0.5313169  0.5133201  0.4468557  0.4068731  0.4113519  0.3961643  0.4071111  0.4465126  0.4709529  0.4735900  0.4497159  0.4611528  0.4951082  0.5101260  0.5270093  0.5386959  0.4775297  0.4694791
 1  0.7294815  0.6844707  0.6358788  0.6042314  0.5965802  0.6034880  0.6263196  0.6663195  0.6823675  0.6937384  0.6931162  0.6915599  0.6823460  0.6706339  0.6818677  0.6717477  0.6691269  0.6742412  0.6871319  0.6920599  0.6900556  0.7001448  0.7032804  0.7013871  0.6899624  0.6775933  0.6622410
 2  0.5725402  0.5238844  0.4839593  0.4551068  0.4485990  0.4652262  0.5188525  0.5631191  0.5799680  0.5804102  0.5658308  0.5477983  0.5204986  0.5231939  0.5559813  0.5644636  0.5649239  0.5705058  0.5764371  0.5680786  0.5554028  0.5650383  0.5808104  0.5856897  0.5728818  0.5491008  0.5154943
 3  0.7525449  0.7104590  0.6603333  0.6248669  0.6137959  0.6187235  0.6402739  0.6842734  0.7022976  0.7130619  0.7119927  0.7093453  0.6994975  0.6862693  0.6998919  0.6924814  0.6890174  0.6939681  0.7069159  0.7114580  0.7072855  0.7169724  0.7225457  0.7217677  0.7106274  0.6972574  0.6801745
 4  0.4554746  0.4167696  0.3796206  0.3528828  0.3609997  0.3966742  0.4706159  0.5040111  0.5008280  0.4875690  0.4638211  0.4373092  0.4059566  0.4509451  0.4954479  0.4904546  0.4890414  0.4955922  0.4935598  0.4636750  0.4550449  0.4910426  0.5096551  0.5054049  0.4801812  0.4395847  0.4040002
 1  0.7294027  0.6818774  0.6389242  0.6182261  0.6278141  0.6360470  0.6460833  0.6476197  0.6430531  0.6445503  0.6434347  0.6683768  0.7027508  0.6962629  0.6908846  0.6919496  0.6964630  0.6995583  0.6969712  0.6977387  0.7023282  0.7008068  0.6996718  0.6982731  0.6991408  0.6946060  0.6921115
 2  0.5698543  0.5217168  0.4881257  0.4769140  0.4880629  0.5004878  0.5101194  0.5091257  0.5096967  0.5232756  0.5412839  0.5887759  0.6090278  0.6013695  0.5691120  0.5385138  0.5316615  0.5392873  0.5468303  0.5504676  0.5556100  0.5552811  0.5527957  0.5575381  0.5592579  0.5502125  0.5477042
 3  0.7524993  0.7083400  0.6635115  0.6380177  0.6450768  0.6528326  0.6626323  0.6652609  0.6596717  0.6621386  0.6618515  0.6841177  0.7264964  0.7192983  0.7099261  0.7084985  0.7120180  0.7163103  0.7144894  0.7143623  0.7197560  0.7184132  0.7168222  0.7158135  0.7174764  0.7126227  0.7087303
 4  0.4541562  0.4175816  0.3832351  0.3874054  0.4067772  0.4200673  0.4278964  0.4164909  0.4311406  0.4571100  0.4757595  0.5370021  0.5453200  0.4982782  0.4383469  0.4187338  0.4418781  0.4556365  0.4475764  0.4583782  0.4658385  0.4580698  0.4590580  0.4725827  0.4675926  0.4440595  0.4581608
 1  0.7272826  0.6765279  0.6306166  0.6066893  0.6070054  0.6108466  0.6437679  0.6887120  0.6836062  0.6719257  0.6630883  0.6641492  0.6820043  0.6766704  0.6698268  0.6717731  0.6752688  0.6706046  0.6621664  0.6592057  0.6520596  0.6447849  0.6650568  0.6933194  0.6983813  0.6999860  0.7045511
 2  0.5729577  0.5210785  0.4848326  0.4716504  0.4797192  0.4918490  0.5524248  0.5898826  0.5839715  0.5513753  0.5086419  0.5077313  0.5400824  0.5463940  0.5330827  0.5285482  0.5388953  0.5429248  0.5458152  0.5501774  0.5498650  0.5525980  0.5899302  0.6066207  0.6087560  0.5922256  0.5623014
 3  0.7510606  0.7032012  0.6552695  0.6267174  0.6243689  0.6279614  0.6571137  0.7090290  0.7064190  0.6920710  0.6802616  0.6787416  0.6988753  0.6963569  0.6879833  0.6884458  0.6927088  0.6895964  0.6811249  0.6784298  0.6722793  0.6638720  0.6820485  0.7171501  0.7222322  0.7200600  0.7218558
 4  0.4584400  0.4170217  0.3843151  0.3858928  0.4058875  0.4199123  0.5034497  0.5313386  0.4921866  0.4230690  0.3775331  0.4351115  0.4770785  0.4538549  0.4245898  0.4398527  0.4640087  0.4648175  0.4689725  0.4801885  0.4777534  0.4890088  0.5369363  0.5469340  0.5191896  0.4715143  0.4333007
 1  0.7263195  0.6761652  0.6212414  0.5873130  0.5784912  0.5845813  0.5878259  0.5574024  0.5910735  0.6481204  0.6736936  0.6563018  0.6461433  0.6609749  0.6565457  0.6487317  0.6583548  0.6667593  0.6673566  0.6880912  0.6908185  0.6976454  0.6971162  0.7027031  0.7078760  0.7034458  0.6945803
 2  0.5711790  0.5212492  0.4785829  0.4523916  0.4541949  0.4744101  0.4799437  0.4715227  0.5354112  0.5884425  0.5929915  0.5738319  0.5555511  0.5552133  0.5402281  0.5191552  0.5354383  0.5527812  0.5736485  0.5889237  0.5913910  0.5788748  0.5583137  0.5539337  0.5585508  0.5560266  0.5302767
 3  0.7502776  0.7030711  0.6463049  0.6079880  0.5953785  0.6004873  0.6059212  0.5731346  0.6029585  0.6663077  0.6992077  0.6812222  0.6655706  0.6801532  0.6768763  0.6660487  0.6742487  0.6859112  0.6850173  0.7092419  0.7123061  0.7169307  0.7148257  0.7190311  0.7253156  0.7216918  0.7117145
 4  0.4579942  0.4180866  0.3796749  0.3611470  0.3835963  0.4140444  0.4043547  0.4175994  0.4997381  0.5404931  0.5345090  0.4859292  0.4734768  0.4804578  0.4400282  0.4224709  0.4712186  0.4836951  0.5103690  0.5237429  0.5018010  0.4704055  0.4465251  0.4627993  0.4742563  0.4489461  0.3959278
 1  0.7283663  0.6827752  0.6269282  0.5894139  0.5717366  0.5922319  0.6339835  0.6512720  0.6738286  0.6858362  0.6862066  0.6927660  0.6965018  0.6943916  0.6753885  0.6576592  0.6838755  0.6634248  0.6558832  0.6663437  0.6765862  0.6732793  0.6790367  0.6841664  0.6836211  0.6934963  0.6917205
 2  0.5709641  0.5238797  0.4780654  0.4417913  0.4339942  0.4931887  0.5403790  0.5583412  0.5703672  0.5713856  0.5607732  0.5578107  0.5618228  0.5573712  0.5304099  0.5452651  0.5821276  0.5665010  0.5446883  0.5427575  0.5511556  0.5495076  0.5542557  0.5528761  0.5601425  0.5759877  0.5750026
 3  0.7517058  0.7088831  0.6515597  0.6104447  0.5884778  0.6044982  0.6519715  0.6703190  0.6923594  0.7057250  0.7048175  0.7099152  0.7146645  0.7130853  0.6941010  0.6726268  0.7048753  0.6875668  0.6757355  0.6833732  0.6950399  0.6924074  0.6974145  0.7026495  0.7008616  0.7129951  0.7127652
 4  0.4566222  0.4170227  0.3756509  0.3370027  0.3589930  0.4553361  0.4834762  0.4830471  0.4949630  0.4829033  0.4597570  0.4692438  0.4783631  0.4614856  0.4206319  0.4894297  0.5274649  0.4751980  0.4370192  0.4617110  0.4759428  0.4656821  0.4668110  0.4601321  0.4862035  0.5080431  0.4797565
 1  0.7305319  0.6896581  0.6357527  0.6005928  0.6003899  0.6190767  0.6462161  0.6430292  0.6436499  0.6486893  0.6710293  0.6808929  0.6781264  0.6802313  0.6814250  0.6896739  0.6808634  0.6734868  0.6632743  0.6607766  0.6612439  0.6556583  0.6459931  0.6464073  0.6532902  0.6810959  0.6968178
 2  0.5721984  0.5266032  0.4797663  0.4582699  0.4794719  0.5227415  0.5478505  0.5361823  0.5114948  0.4989761  0.5244343  0.5424367  0.5472380  0.5463932  0.5521172  0.5571272  0.5500683  0.5370171  0.5325596  0.5513306  0.5678110  0.5654955  0.5567840  0.5514397  0.5680949  0.5912799  0.6009827
 3  0.7533336  0.7150011  0.6599302  0.6203563  0.6166404  0.6349966  0.6653073  0.6637948  0.6622915  0.6641381  0.6862810  0.6987424  0.6959527  0.6982895  0.6991005  0.7077910  0.6998596  0.6916563  0.6809129  0.6786063  0.6814552  0.6773947  0.6668350  0.6664889  0.6711126  0.7013180  0.7191280
 4  0.4550996  0.4161370  0.3730471  0.3726232  0.4189367  0.4709302  0.4808259  0.4403966  0.3882421  0.4063110  0.4575410  0.4623553  0.4582299  0.4575022  0.4689250  0.4739321  0.4564744  0.4408177  0.4543818  0.4913299  0.5066676  0.4960807  0.4834275  0.4785953  0.5069437  0.5317125  0.5207168
 1  0.7307829  0.6860838  0.6404149  0.6201655  0.6482365  0.6519421  0.6456753  0.6626016  0.7055617  0.7032483  0.6915991  0.6876707  0.6849591  0.6854051  0.6944434  0.6952103  0.6906805  0.6884909  0.7046955  0.6999565  0.6897159  0.6851666  0.6883748  0.6875582  0.6853938  0.6812915  0.6804818
 2  0.5712566  0.5225106  0.4858913  0.4977796  0.5333797  0.5337853  0.5017258  0.5427393  0.5950567  0.6012702  0.5811248  0.5480515  0.5084965  0.4888405  0.5219465  0.5545234  0.5638353  0.5807285  0.5968905  0.5923019  0.5668555  0.5400819  0.5276373  0.5170842  0.5077413  0.4975444  0.5076747
 3  0.7532018  0.7114615  0.6644154  0.6382654  0.6662560  0.6719952  0.6635880  0.6743780  0.7251816  0.7263824  0.7125491  0.7058108  0.7011716  0.6992156  0.7091017  0.7128495  0.7099137  0.7065562  0.7256661  0.7218851  0.7094494  0.7023958  0.7048099  0.7038934  0.7012939  0.6965753  0.6954823
 4  0.4532831  0.4141112  0.3827914  0.4347979  0.4702995  0.4348632  0.3639612  0.4910016  0.5431422  0.5203076  0.4658473  0.4161197  0.3644088  0.3877045  0.4542603  0.4836264  0.4817974  0.5120106  0.5290185  0.5005133  0.4487286  0.4273243  0.4251911  0.4111121  0.3887046  0.3857216  0.4251762
 1  0.7288303  0.6817250  0.6242554  0.5889714  0.5351303  0.4727709  0.6334008  0.6873713  0.6391665  0.6332638  0.6370000  0.6256092  0.6048931  0.6207456  0.6917740  0.7073209  0.6980581  0.6964926  0.6975920  0.7091393  0.7236116  0.7024131  0.6803308  0.6697874  0.6771094  0.6719457  0.6658018
 2  0.5741911  0.5237030  0.4770433  0.4505878  0.4219444  0.4450319  0.5887843  0.5992044  0.5658229  0.5575925  0.5517046  0.5263034  0.4899223  0.5531798  0.6121724  0.6215432  0.6040927  0.5692018  0.5246488  0.5746669  0.6119815  0.6041857  0.5637196  0.5186061  0.5104780  0.5035557  0.5030275
 3  0.7523075  0.7079528  0.6490078  0.6095394  0.5524052  0.4845972  0.6427236  0.7167111  0.6652540  0.6543244  0.6586101  0.6468692  0.6232335  0.6297192  0.7130825  0.7327753  0.7211988  0.7152504  0.7130098  0.7221167  0.7472171  0.7273723  0.7016799  0.6863361  0.6925189  0.6892863  0.6819318
 4  0.4580154  0.4169323  0.3768469  0.3594061  0.3556714  0.4203420  0.5460120  0.5461675  0.4992830  0.4940249  0.4785163  0.4295977  0.3964238  0.5152054  0.5602887  0.5497714  0.4922605  0.4186405  0.3819073  0.5245164  0.5566167  0.5124747  0.4199145  0.3925115  0.4245667  0.4055104  0.4015365
 1  0.7302531  0.6859038  0.6371414  0.6061243  0.5973404  0.6067261  0.6242954  0.6231390  0.6180228  0.6435441  0.6798054  0.6696794  0.6590822  0.6630723  0.6667793  0.6742912  0.6722781  0.6773118  0.6666657  0.6546700  0.6434621  0.6331968  0.6342646  0.6545782  0.6925947  0.6907164  0.6805571
 2  0.5733499  0.5237260  0.4835725  0.4574937  0.4538418  0.4790671  0.5074026  0.5088062  0.5142064  0.5685498  0.5922905  0.5779884  0.5465737  0.5303309  0.5377327  0.5539485  0.5694989  0.5741655  0.5577102  0.5281155  0.5090056  0.5185284  0.5379337  0.5857554  0.6055616  0.6027106  0.5701642
 3  0.7529906  0.7113011  0.6611863  0.6266958  0.6145490  0.6217056  0.6410441  0.6416777  0.6346304  0.6579104  0.7026164  0.6931413  0.6784150  0.6802594  0.6836272  0.6922996  0.6912387  0.6980207  0.6880932  0.6734282  0.6601325  0.6505268  0.6524384  0.6695078  0.7166628  0.7146427  0.7007853
 4  0.4553468  0.4144629  0.3810129  0.3579104  0.3703447  0.4181771  0.4414450  0.4271789  0.4490121  0.5229350  0.5316178  0.4795852  0.4357004  0.4391463  0.4656342  0.4853716  0.5018236  0.5014652  0.4590372  0.4173231  0.4274448  0.4568207  0.4777929  0.5354967  0.5469112  0.5088982  0.4496434
 1  0.7306463  0.6839494  0.6363638  0.6078674  0.5993805  0.5981864  0.6203722  0.6383539  0.6888697  0.6880568  0.6804386  0.6811083  0.7007924  0.7080019  0.6977310  0.6918172  0.6886614  0.6925124  0.6917978  0.6755490  0.6618667  0.6727217  0.6683205  0.6898863  0.7069226  0.6937957  0.6805550
 2  0.5746519  0.5227490  0.4849208  0.4645599  0.4579793  0.4758914  0.5197307  0.5722780  0.6008498  0.5962263  0.5647611  0.5432169  0.5647605  0.5781172  0.5665267  0.5342861  0.4994283  0.4975899  0.5406586  0.5601047  0.5666097  0.5726637  0.5695841  0.5955475  0.6046633  0.5924095  0.5611992
 3  0.7534515  0.7096860  0.6606456  0.6283195  0.6171641  0.6132839  0.6359381  0.6534637  0.7113522  0.7114060  0.7007335  0.6971928  0.7171431  0.7276385  0.7172363  0.7089530  0.7036812  0.7065779  0.7079809  0.6968833  0.6822974  0.6931406  0.6893258  0.7074504  0.7297940  0.7166460  0.6998424
 4  0.4558021  0.4152092  0.3840638  0.3710656  0.3697662  0.4156210  0.4691828  0.5240150  0.5402311  0.5037984  0.4339352  0.4441805  0.4998649  0.4996357  0.4498459  0.3878207  0.3640013  0.4099275  0.4821130  0.4939614  0.4946731  0.5027507  0.4900063  0.5301725  0.5381585  0.4929426  0.4526290
 1  0.7306384  0.6854690  0.6408191  0.6152925  0.6089123  0.6061514  0.6075074  0.6420956  0.6901353  0.6916709  0.6877462  0.6956007  0.6975538  0.7002632  0.6948288  0.6923640  0.6832729  0.6895799  0.6885693  0.6838628  0.6868477  0.6941591  0.6964338  0.6930402  0.6871116  0.6901931  0.6934118
 2  0.5714296  0.5239925  0.4874651  0.4616352  0.4429900  0.4291331  0.4651805  0.5704302  0.6027712  0.5997878  0.5769575  0.5602872  0.5516468  0.5464295  0.5430301  0.5388375  0.5526498  0.5776732  0.5798064  0.5619536  0.5468682  0.5502045  0.5493362  0.5394253  0.5310727  0.5578420  0.5767716
 3  0.7535934  0.7115947  0.6652152  0.6357367  0.6265476  0.6216428  0.6200605  0.6551795  0.7129625  0.7146908  0.7070987  0.7133956  0.7148698  0.7173111  0.7119879  0.7094328  0.6997825  0.7095928  0.7104264  0.7030540  0.7035430  0.7113167  0.7142968  0.7103711  0.7031215  0.7068008  0.7139651
 4  0.4547070  0.4177429  0.3807471  0.3540713  0.3307795  0.3270833  0.4190300  0.5304887  0.5415334  0.5036414  0.4671846  0.4590754  0.4554500  0.4486001  0.4443160  0.4410045  0.4861061  0.5162963  0.4888166  0.4450960  0.4495298  0.4666643  0.4534544  0.4230609  0.4371869  0.4966743  0.5075516
 1  0.7298247  0.6826669  0.6383123  0.6247908  0.6587675  0.6600585  0.6581521  0.6614270  0.6737265  0.6882658  0.6846746  0.6806643  0.6916275  0.6913628  0.6908837  0.6895451  0.6878880  0.6861484  0.6915280  0.6884030  0.6898395  0.7004300  0.7056886  0.7090810  0.7140520  0.7141722  0.7096166
 2  0.5696666  0.5211598  0.4871297  0.5093468  0.5470347  0.5480448  0.5241145  0.5004250  0.5074779  0.5259688  0.5288769  0.5303825  0.5570041  0.5711965  0.5688780  0.5585150  0.5442672  0.5426855  0.5530637  0.5510835  0.5552835  0.5673846  0.5734408  0.5722820  0.5722939  0.5720258  0.5610894
 3  0.7525837  0.7088277  0.6627859  0.6422462  0.6773452  0.6805988  0.6760806  0.6774539  0.6883731  0.7041810  0.7022906  0.6963002  0.7085670  0.7112320  0.7106065  0.7079193  0.7053388  0.7030582  0.7092487  0.7070150  0.7066724  0.7181839  0.7244968  0.7263882  0.7315436  0.7320661  0.7275507
 4  0.4530319  0.4162894  0.3836372  0.4501918  0.4856504  0.4517653  0.4007076  0.3845838  0.4243736  0.4469066  0.4197272  0.4423129  0.4919854  0.4954231  0.4734652  0.4538113  0.4440874  0.4591402  0.4717063  0.4536485  0.4681128  0.4907675  0.4795291  0.4736753  0.4803400  0.4776176  0.4566076
 1  0.7291441  0.6867886  0.6459823  0.6198136  0.5892143  0.5621688  0.6361398  0.6501838  0.6516875  0.6721812  0.6692207  0.6684576  0.6810367  0.6952445  0.6953681  0.6936294  0.6909627  0.6858893  0.6884553  0.6868013  0.6937645  0.6927455  0.6960543  0.6922954  0.6876941  0.6786908  0.6656617
 2  0.5731839  0.5256805  0.4886380  0.4562960  0.4157421  0.4433639  0.5866789  0.5668621  0.5799410  0.5800586  0.5599718  0.5330477  0.5319702  0.5496085  0.5527840  0.5558882  0.5605370  0.5665087  0.5669521  0.5643795  0.5626811  0.5628785  0.5642302  0.5627801  0.5551721  0.5414320  0.5233161
 3  0.7522081  0.7122912  0.6697238  0.6402020  0.6069890  0.5734261  0.6481450  0.6784472  0.6759060  0.6937578  0.6899684  0.6861791  0.6965806  0.7120868  0.7134318  0.7109581  0.7090505  0.7053435  0.7083130  0.7052297  0.7120920  0.7109622  0.7143901  0.7110482  0.7064594  0.6972155  0.6838050
 4  0.4562852  0.4155206  0.3786216  0.3376951  0.3039119  0.4112080  0.5457462  0.5149297  0.5070353  0.4952351  0.4532180  0.4175209  0.4468679  0.4710702  0.4604524  0.4649469  0.4841021  0.4910093  0.4774126  0.4733268  0.4746845  0.4760623  0.4788284  0.4744978  0.4620484  0.4439416  0.4259033
