2019 2020 2021 2022 2023 2024 2025 2026 2027 2028 2029 2030 2031 2032 2033 2034 2035 2036 2037 2038 2039 2040 2041 2042 2043 2044 2045
  25959.53   25118.94   22119.59   19007.79   22134.35   30183.96   33123.67   32529.48   26914.03   21125.99   16865.31   13020.08   12025.36   10258.95    8451.44    7562.38    6753.23    4963.40    4329.32    5416.25    8377.63   11502.26   14152.34   18340.82   21647.12   22925.90   19216.24
  26666.73   25889.19   23099.84   19399.58   14662.96   11958.61   12267.89   12608.33   14602.64   16806.41   17486.84   17914.36   18580.14   18847.58   19549.05   19160.24   22112.98   27522.97   29261.57   29069.60   21325.53   14426.75   11164.36    6943.99    5547.77    4866.95    5718.61
  27337.97   26615.99   22266.74   18855.75   17854.83   15475.51   11495.52    8330.11    8273.65    7440.91    6796.66    6541.69    7296.03    7597.52    8394.16    9380.56    9605.76   10117.98   10490.46   10734.49   10039.72    8640.73    6845.26    6977.74   10378.36   14689.69   16454.55
  27375.08   26940.54   26763.19   25539.32   21231.69   17014.64   15165.67   13826.65   16885.24   22543.62   26538.75   30307.18   33637.34   34168.57   32568.48   29791.40   27205.72   25881.82   22133.30   19539.60   20641.51   23027.42   21685.29   19178.68   16008.65   12805.17   10986.71
  27413.16   26481.38   23945.23   21226.89   20663.56   21049.73   20733.67   20241.49   17587.21   14998.84   10606.11    5242.34    7209.38   10746.65   14785.11   17825.11   16754.07   14495.23   14182.85   15232.75   16078.72   16016.57   13558.40   10407.38    6882.17    4195.45    5803.08
  27916.22   26974.74   22362.17   17914.37   13953.16    9456.65    6662.78    5639.32    8703.45   12888.68   14935.31   15703.49   16565.49   17537.65   17217.81   16311.82   13962.25   11519.41   10616.62    9787.66   10689.61   13823.49   16501.21   17472.85   16393.14   16639.05   18830.24
  25293.69   24733.79   20423.59   16945.58   16482.07   14552.53   12552.98   10229.10    8368.08    6353.13    4759.06    5003.38    7481.71    9744.14   10829.40   11206.40    9371.93    6807.65    9030.05   14995.39   21754.70   28604.77   33849.00   36049.24   32436.70   26967.84   21921.43
  26166.07   24685.14   25159.49   24212.69   21907.75   19160.07   17747.81   19653.34   20859.05   22920.05   25625.03   26349.49   21642.24   15726.96   12310.34    8985.50   13782.88   23562.14   27479.44   29217.66   23556.97   16344.60   11377.54    6711.57    6830.07    8310.48   12982.84
  26381.36   25495.33   20832.26   15916.96   11359.56    7560.18    6843.98    7844.69   15303.61   23663.00   28497.45   30084.13   27319.29   23884.48   19595.11   14519.71   11012.88    8982.69    8808.30    8367.82    9146.36   10265.07   10468.88   20837.78   38358.68   50923.13   54503.76
  25129.66   24252.08   20277.54   18716.54   19282.83   17239.49   14829.79   12269.68   10402.91    8867.47    8570.67    8210.26    7344.86    7842.88   10337.88   16131.15   21954.60   25865.11   24761.80   21551.71   17380.98   13542.23    9294.31    5440.22    6078.96    7382.50    7740.80
  27619.19   26805.37   24188.60   21727.94   20359.21   18732.69   18294.93   18056.09   16368.54   14579.49   13458.53   14784.40   19408.26   23149.64   24422.93   25000.16   23527.70   22081.66   20718.78   18210.77   17045.98   15480.83   13796.68   12111.06   10613.94    9134.11    8018.36
  24999.65   24123.67   21194.05   18782.86   16366.82   12923.72    9513.55    5764.38    4137.68    3245.08    4839.77    8974.96   16970.24   24955.32   27539.25   28052.14   23907.74   19808.49   16988.43   15516.43   18125.11   19874.70   20640.63   25735.01   30248.68   33026.37   32005.55
  23892.22   22507.37   19397.85   15197.31   15718.03   17719.23   19278.93   19382.21   18542.90   16631.96   13964.06   11610.13    9773.31    8175.47    6858.67    5851.93    5561.85    7230.50   10702.30   13353.52   14831.79   15716.18   15228.59   14806.19   13300.04   16539.39   22266.35
  24949.98   24200.58   20886.16   17265.38   11380.19    7351.19    7926.14    7683.52    6658.20    5336.91    7187.67   10453.65   14152.16   16147.30   14901.39   13515.81   15101.79   17055.16   21696.43   28835.14   31784.30   31389.57   25048.17   17680.55   13687.36    9967.29    8052.13
  22802.38   21334.82   18577.40   16178.59   16070.59   15640.96   14516.73   11995.49    9135.68    6254.78    5312.48    9319.11   17517.14   22503.88   23143.96   21849.68   19720.82   17334.83   14327.80   13025.53   12717.24   11965.34   11744.29   11565.31   12538.35   14768.91   17835.07
  24653.49   23669.07   20650.36   17282.71   15462.55   14772.47   14053.54   13945.88   14084.68   14589.68   17168.51   18677.61   18049.76   16917.89   15789.02   15308.83   23412.34   35158.95   41404.59   42233.71   36011.95   27744.24   20800.78   15337.45   15965.62   17692.02   21889.04
  25237.80   24329.11   20018.76   15960.98   15628.22   15847.06   15463.35   13963.92   13789.31   14296.59   15180.41   15595.13   16355.60   22757.11   30631.40   33741.22   30316.42   26981.94   25644.23   24686.71   21073.18   16741.66   11865.19    6607.11    6319.65    7568.21    8764.98
  29448.01   28920.55   25711.71   23444.77   21433.31   19640.45   20145.12   19295.74   15893.49   11797.73   10457.15   10327.66   10260.81   11180.84   12241.99   14243.59   17323.52   18821.88   19321.73   23469.89   28316.07   31228.81   32079.07   30533.81   26040.33   24128.69   25691.59
  26177.49   25658.79   22829.54   18920.11    9114.30    1905.68    3105.49    1957.83    2432.58    2326.81    3489.06    5116.55    4087.92    2882.74    3453.88    4550.53    4742.04    4303.98    3779.67    4013.09    4150.61    2651.31    1246.92    2535.14    4142.73    5204.17    6713.15
  26270.83   24754.89   21262.01   19161.78   18968.93   18290.61   16222.02   12530.92    9155.17    9813.47   16406.59   20491.95   21467.62   22370.57   24124.25   25373.15   21666.30   17839.82   12164.55    8157.17    8780.03    8181.83    6776.94    4629.01    4416.05    4258.86    5697.06
  29044.42   27848.87   24980.51   21427.31   18345.83   15020.10   13752.79   13545.09   17086.95   22368.51   26747.57   30616.47   31828.69   31185.38   28263.23   24464.33   18348.60   11923.67    8219.52    5971.59    7429.54    9481.86   11053.34   12249.25   12619.47   14800.78   20001.76
  27952.23   27639.59   24960.51   21390.21   19588.40   18380.87   17912.29   16156.93   13435.24   11239.66   13357.94   17407.71   19441.14   20165.24   17796.02   14879.43   12079.28    9656.26    9326.52    9199.75   10125.52   12602.58   15988.62   17809.42   18136.32   17730.69   17359.59
  25266.52   24018.39   21509.57   20397.85   17607.05   13554.93    9452.25    8716.53    9893.99   10401.38   11434.88   12137.09    9668.93    7487.14   12387.56   18426.84   19271.74   17558.92   17428.09   16431.06   15399.10   14166.19   14647.54   15488.60   14205.99   12042.92   10539.22
  26685.80   26093.95   23034.36   19458.20   15255.31   11643.17   10349.87    9135.93    8482.89    7543.11    6242.92    4393.72    3528.13    3927.94    6148.55   10746.19   19427.88   39352.73   63396.71   78518.90   71498.22   56551.54   40994.35   26088.43   20639.73   17680.58   18847.58
  29213.68   28728.50   25870.61   23211.88   20890.03   18842.16   17021.33   14031.02   10016.25    6357.07    6882.03    9115.51   12317.32   15621.01   16817.46   18519.73   20318.83   21521.33   20446.97   19083.99   16748.96   20172.31   27054.72   28489.94   25814.61   21836.97   18598.00
  28456.26   27394.94   25105.42   22184.72   19356.51   15393.93   10444.38    7068.58    7270.90    8177.49    9746.09   14950.28   21731.56   26310.10   27723.49   27849.78   26944.82   25364.33   22476.32   19735.96   17141.54   15620.35   14929.91   13152.88   12069.74   11578.90   11263.83
  27992.40   26674.80   24008.44   21124.01   18762.41   16740.12   15212.85   13308.94   13064.20   12490.96   13827.32   18208.06   21688.74   23021.19   22110.83   21011.51   19954.90   18109.65   16519.32   15600.81   15164.77   14974.62   15491.51   15953.63   17383.70   20315.32   22302.69
  25257.70   24234.52   21447.01   19820.86   21363.77   24874.34   26657.57   24779.01   21068.11   17292.37   15037.27   12798.26   11421.43   10539.18    9486.02    7496.07    5290.83    4461.41    6163.78   10931.01   18913.19   25102.72   30317.24   33784.36   31045.52   26380.20   19453.48
  27373.46   26687.76   24188.20   21117.83   15753.82   11296.54    9134.96    8256.66   10268.98   14022.59   17777.10   20053.68   18767.48   16827.75   15707.49   14965.26   14890.99   15976.66   19580.71   24275.89   26224.53   27324.31   26771.46   24196.76   22262.94   21923.56   24351.12
  30096.56   29988.25   26322.66   21547.60   16553.50   11205.34    5567.25    2127.51    3475.37    5882.43    8832.47   12294.11   14005.01   15079.24   13755.20   12321.89   12513.12   14391.25   17680.28   20051.77   19278.92   18322.92   14345.80   10612.00   12655.93   18861.96   25088.37
  24580.27   23660.01   20853.93   17377.22   13635.24   11056.07   12904.76   16233.86   16912.15   15633.87   13013.78   10334.98    9572.71    9233.77   10870.50   14300.24   20665.13   26962.95   27808.42   26453.62   22691.13   19609.01   18025.19   15697.43   14926.85   14526.10   14849.46
  30138.69   29915.91   25614.36   21335.28   19369.95   17403.77   16109.81   14450.82   15537.30   19500.38   22347.97   25515.78   28000.09   28447.78   27854.96   27600.20   26692.11   24107.64   21138.08   18315.85   15455.29   13669.27   13814.75   13544.66   12320.01   12636.49   14451.70
  26759.69   25934.26   16841.30    8943.60    5345.89    2488.97    2152.30    2925.94    5853.58    6955.23    7576.16    9112.29   11227.48   15097.02   17159.05   17386.64   17906.49   20159.65   20861.82   20157.43   15736.89   17069.82   24649.42   27466.04   25601.76   21708.10   17848.84
  26581.09   25617.32   24326.98   24187.06   25318.62   25054.06   24319.56   23644.33   22805.30   22207.30   20885.62   18295.71   12216.75    6214.43    2845.99     814.25    2781.96    7103.48   12441.18   18720.07   24042.63   27129.14   26600.04   24251.81   22407.20   22538.27   22294.47
  24226.29   22974.99   23798.41   23833.95   21490.99   19917.90   20909.08   21322.51   25841.22   32175.30   34746.08   35700.87   34167.59   30313.97   26584.67   24785.72   25329.63   25339.24   23542.43   22490.35   21957.61   21411.70   22616.46   22520.08   20397.30   17885.71   13745.41
  26100.86   25584.81   23653.05   22675.06   22652.55   20478.69   18783.82   18633.83   18445.95   17636.31   16075.00   13946.55   11787.80   10281.47   10728.42   11651.58   12058.58   11713.26   10577.62    9443.24    8284.41    8440.65   12004.03   16410.61   20737.21   26752.27   29969.90
  29053.97   28062.01   22462.11   16826.99   14173.39   13769.62   14886.99   15371.07   18236.28   25188.65   29322.69   28237.53   25780.41   22931.64   17133.40   11202.34    7890.08    5159.44    4340.67    3137.66    2254.22    1955.11    2232.40    3294.23    5028.53    5170.00    5208.74
  26783.24   26041.11   22264.43   17748.69   14768.56   11929.99   12178.69   14743.64   18406.92   22011.00   22229.20   21142.86   16639.99   12825.75   12197.09   11630.19   12130.48   13756.06   16704.18   18217.74   18268.88   20118.46   22342.07   25117.34   24510.25   22130.13   17456.53
  25371.65   24562.30   22337.80   20525.19   19768.87   18313.05   16353.65   13335.91   10649.15    8122.42    7570.08   11168.61   17672.14   21099.70   21437.24   20388.50   19118.87   17552.09   16423.38   16149.47   16153.33   15832.81   15055.53   14576.42   14455.56   13597.77   12679.11
  22355.18   21102.74   18755.74   16487.72   14179.38   11851.39   15688.98   22070.09   23820.09   22348.03   18291.10   14976.26   14597.01   12764.81   11211.94    9817.54    8588.82    7198.01    6276.54    5548.81    4949.71    4599.52    6692.76   10572.32   14581.53   17291.94   17623.88
  23426.02   22621.61   18860.34   14895.54   11881.78    8768.19    6473.02    3924.00    3598.37    5407.53    8191.33    9404.74   10470.63   11482.14   10756.27    9638.57    9264.49    8931.85   10788.46   13799.38   17122.24   19598.71   19567.44   20012.50   20439.98   19108.91   15783.87
  26696.18   25940.66   20818.57   15408.35   11850.03   10040.32   10668.72   12522.66   15425.63   17341.79   18109.78   19133.27   19317.38   18721.65   14008.40   11688.29   13037.13   12395.37   12456.54   13011.76   12738.73   11942.63   12261.49   12219.67   12285.94   13358.92   14140.45
  31453.20   31121.11   24668.11   19200.76   16258.45   15401.70   16420.66   14929.03   13776.88   12539.60   12759.67   12443.77   11588.45   10716.74   10856.61   11163.48    9953.61    8474.73    6938.18    6060.63    6159.83    6258.79    6370.26    6359.40    7696.98   10948.80   15266.63
  25152.40   23480.07   20288.57   19686.91   22489.55   21859.32   18563.46   21860.38   31956.83   38870.00   40143.50   38181.82   32776.50   27819.66   24790.96   23239.91   22171.63   25872.83   34701.48   39698.01   38835.38   36286.00   33404.98   29177.54   24363.79   19245.36   15130.36
  24973.46   24014.83   19149.48   14765.92    7336.87    1638.31    3069.93    5352.82    6498.43    7922.67    8514.84    7708.75    5967.29    6723.64   12733.42   20945.87   24381.26   25034.78   21617.66   26229.77   36345.91   40789.39   37323.41   32776.05   28127.76   21646.66   17910.87
  25543.06   24073.85   20191.07   16048.93   13370.21   11214.08    9886.79    7870.68    6638.74    7845.56   10889.39   11991.71   11847.33   11408.21   11079.76   11206.64   11922.34   13099.97   12727.26   11389.57    8843.50    6404.30    5843.38    8543.39   13506.83   17347.87   17456.08
  23836.90   22260.20   19141.51   15855.53   12862.08   10348.61    8844.28   10636.12   17527.28   21427.25   21343.07   22056.14   26211.22   29608.50   28057.63   24580.23   19409.26   14730.97   11267.50    8390.41    8877.51   10035.24   10730.64   17459.87   23795.39   26305.19   25385.41
  27623.98   27072.44   24121.28   20531.06   17283.53   13460.21    9352.15    8870.31   14477.18   18037.21   19687.64   20928.78   20957.95   20170.00   18172.41   16148.85   14663.40   15112.00   16898.33   17374.58   17422.08   17544.57   17209.61   15544.64   12939.19   12230.22   12895.92
  24735.90   23521.13   21183.10   22906.53   27558.25   27926.19   25785.52   22573.72   21962.43   21395.30   18031.07   15957.64   15978.68   16445.06   17311.84   17516.80   16254.20   15275.54   15322.61   14524.89   15258.46   17009.76   18942.13   21047.75   22602.16   23818.67   22485.65
  28855.99   28189.20   25149.78   20652.61   13346.32    7504.22    7219.86    8197.46   12764.05   17203.52   17738.44   16954.34   17982.73   18922.98   18203.09   17775.75   16729.50   16418.26   17476.57   18589.05   19404.28   20178.15   20605.50   20541.99   18994.55   16777.26   12785.03
