FL 2019 2020 2021 2022 2023 2024 2025 2026 2027 2028 2029 2030 2031 2032 2033 2034 2035 2036 2037 2038 2039 2040 2041 2042 2043 2044 2045
 1  0.1254765  0.0537101  0.0385931  0.0518657  0.0371483  0.0890708  0.0701098  0.1479493  0.1831741  0.2116118  0.2935308  0.1463052  0.1387006  0.1614379  0.1869296  0.2444983  0.2404484  0.1581231  0.1770940  0.0589608  0.0414643  0.0579214  0.0502214  0.1237899  0.1071084  0.1952630  0.2277550
 2  0.0238751  0.0086047  0.0059736  0.0087042  0.0044364  0.0130433  0.0122935  0.0301555  0.0421950  0.0513395  0.0658405  0.0269988  0.0258188  0.0323868  0.0377685  0.0454876  0.0446873  0.0316324  0.0345030  0.0098191  0.0068544  0.0101765  0.0098432  0.0231839  0.0205352  0.0401441  0.0501799
 3  0.1162273  0.1605781  0.1528433  0.1057863  0.0911965  0.1571956  0.1216904  0.1368125  0.1179919  0.1484154  0.1366454  0.0996006  0.0904278  0.1026921  0.0861676  0.0616272  0.0594763  0.0693765  0.0632854  0.0530583  0.0360619  0.0536465  0.0496466  0.0601059  0.0465464  0.0624585  0.0500266
 4  0.0444602  0.0612850  0.0461058  0.0888218  0.0610254  0.0422425  0.0261805  0.0317727  0.0284146  0.0410621  0.0457936  0.0514852  0.0409415  0.0437957  0.0434876  0.0451937  0.0364022  0.0457869  0.0500198  0.0539888  0.0444376  0.0516552  0.0467340  0.0548011  0.0420676  0.0460589  0.0372465
 1  0.1220670  0.0539047  0.0384046  0.0805479  0.0691648  0.0969050  0.0808857  0.1159358  0.1128773  0.1159076  0.1119739  0.0642322  0.0615112  0.0646771  0.0631277  0.0576656  0.0561736  0.0645807  0.0557169  0.2599990  0.3440743  0.2994584  0.3629804  0.2115840  0.2466325  0.1019740  0.0864757
 2  0.0232303  0.0087191  0.0060276  0.0134418  0.0125265  0.0167024  0.0141203  0.0217170  0.0208753  0.0218570  0.0226166  0.0130784  0.0130731  0.0138699  0.0134671  0.0128078  0.0101887  0.0116915  0.0110382  0.0566384  0.0785276  0.0638674  0.0751387  0.0432968  0.0493740  0.0186590  0.0156470
 3  0.1130934  0.1352179  0.1558968  0.0855693  0.0891856  0.1433814  0.1470666  0.0838376  0.0924591  0.0843976  0.0847302  0.0706320  0.0654200  0.0682291  0.0663756  0.0569382  0.0561690  0.0454254  0.0535372  0.0582582  0.0562001  0.0532336  0.0443424  0.0455316  0.0504563  0.0476521  0.0397797
 4  0.0433681  0.0474244  0.0445958  0.0428169  0.0477722  0.0460382  0.0427485  0.0406065  0.0469320  0.0402064  0.0414030  0.0434631  0.0399017  0.0434946  0.0415121  0.0556641  0.0571432  0.0452020  0.0425350  0.0411533  0.0428065  0.0406553  0.0361081  0.0401066  0.0429732  0.0427546  0.0412887
 1  0.1187765  0.0769133  0.0564596  0.0706417  0.0505832  0.2195824  0.2613722  0.1773102  0.1635591  0.1244883  0.1290295  0.1733246  0.1714888  0.0762517  0.0714535  0.1564068  0.1604456  0.1622679  0.1614178  0.1343982  0.1360915  0.2399798  0.2965388  0.1488860  0.1086228  0.1088173  0.0997142
 2  0.0226444  0.0125015  0.0088036  0.0104732  0.0082031  0.0402938  0.0488533  0.0311693  0.0292758  0.0236388  0.0261757  0.0341763  0.0312315  0.0144219  0.0133647  0.0307953  0.0311736  0.0316669  0.0310995  0.0263980  0.0287731  0.0532846  0.0626389  0.0248706  0.0171146  0.0188844  0.0197840
 3  0.1100329  0.1505553  0.1647506  0.1581727  0.1555913  0.1575856  0.1428225  0.0911319  0.0900429  0.0906422  0.0950549  0.0919281  0.0849697  0.0617439  0.0645005  0.0642011  0.0637817  0.0500165  0.0478131  0.0507300  0.0502064  0.0506057  0.0556654  0.0468879  0.0421053  0.0418866  0.0483991
 4  0.0423910  0.0501293  0.0537636  0.0444922  0.0389970  0.0379515  0.0407331  0.0461168  0.0423107  0.0382070  0.0442546  0.0506600  0.0428005  0.0445101  0.0399933  0.0434964  0.0399434  0.0447599  0.0410699  0.0424696  0.0381510  0.0410459  0.0503860  0.0523071  0.0481183  0.0393234  0.0367969
 1  0.1193897  0.0246958  0.0173030  0.0826263  0.0714482  0.0886974  0.0891509  0.0586139  0.0504615  0.0403744  0.0319702  0.0525477  0.0467068  0.0559570  0.0589716  0.0822691  0.0920712  0.1487231  0.1708454  0.1353632  0.1362588  0.1617846  0.1595473  0.1778584  0.2175595  0.1670087  0.1833729
 2  0.0226910  0.0039735  0.0027235  0.0136154  0.0123643  0.0166073  0.0166746  0.0110369  0.0083641  0.0067084  0.0059983  0.0100720  0.0096142  0.0125242  0.0139587  0.0201079  0.0212813  0.0340707  0.0371471  0.0283615  0.0248308  0.0296822  0.0318573  0.0387749  0.0499960  0.0372585  0.0400688
 3  0.1105887  0.1464676  0.1520849  0.1588356  0.1547355  0.1489646  0.1379859  0.0919413  0.0835914  0.0802233  0.0905526  0.0655209  0.0636442  0.0724230  0.0720288  0.0749432  0.0633742  0.0685852  0.0691451  0.0700949  0.0656033  0.0606991  0.0648811  0.0701341  0.0657081  0.0510337  0.0478221
 4  0.0420011  0.0498304  0.0447502  0.0440699  0.0392556  0.0392686  0.0404863  0.0547863  0.0532642  0.0452229  0.0461732  0.0439225  0.0408364  0.0425968  0.0432160  0.0471664  0.0414044  0.0436521  0.0429386  0.0545593  0.0481943  0.0455729  0.0372209  0.0376333  0.0387016  0.0374329  0.0435321
 1  0.1189860  0.0474579  0.0339438  0.0550342  0.0408864  0.1359563  0.1267078  0.2960402  0.3500640  0.3874636  0.4778412  0.1888180  0.1749835  0.0807472  0.0615319  0.1771174  0.1960899  0.2247933  0.2743195  0.1076226  0.0908034  0.1983487  0.2323175  0.3247348  0.4679500  0.1357350  0.1012436
 2  0.0231473  0.0077530  0.0053452  0.0088638  0.0062431  0.0230715  0.0219035  0.0545744  0.0608703  0.0669607  0.0895220  0.0347809  0.0246120  0.0124012  0.0104134  0.0338185  0.0415903  0.0517025  0.0498340  0.0181237  0.0170291  0.0408276  0.0510638  0.0745847  0.1035984  0.0228727  0.0156302
 3  0.1099257  0.1388424  0.1406384  0.0854188  0.0846222  0.1478317  0.1416388  0.1301424  0.1428916  0.0793491  0.0895838  0.0673370  0.0596168  0.0493471  0.0618744  0.0674314  0.0657928  0.0750630  0.0697721  0.0388824  0.0445117  0.0544225  0.0579615  0.0544085  0.0510417  0.0467521  0.0401183
 4  0.0434759  0.0503880  0.0419557  0.0525479  0.0485509  0.0406191  0.0411727  0.0380142  0.0412485  0.0370636  0.0382104  0.0587182  0.0493258  0.0433781  0.0442870  0.0421064  0.0375886  0.0506310  0.0548728  0.0404055  0.0389836  0.0369915  0.0396317  0.0378023  0.0422342  0.0508862  0.0435381
 1  0.1162521  0.0849438  0.0626296  0.1093219  0.0914599  0.1589502  0.1762513  0.1406647  0.1076201  0.1174073  0.1117374  0.0747072  0.0793126  0.1214130  0.1247121  0.1568833  0.1742548  0.1318775  0.1439167  0.0776348  0.0733536  0.1106955  0.0868934  0.1867836  0.2127854  0.0746459  0.0625350
 2  0.0225599  0.0139384  0.0097904  0.0174277  0.0153376  0.0294751  0.0333902  0.0234667  0.0169957  0.0203693  0.0220515  0.0163995  0.0178054  0.0265855  0.0258258  0.0327596  0.0386603  0.0300124  0.0311277  0.0162579  0.0139581  0.0188001  0.0158291  0.0380840  0.0435026  0.0139286  0.0120969
 3  0.1074261  0.1399047  0.1684861  0.1534108  0.1456382  0.1572277  0.1558432  0.0824670  0.0848417  0.0842236  0.0899588  0.0664135  0.0686034  0.0689137  0.0659576  0.0504393  0.0501423  0.0551755  0.0579013  0.0482464  0.0504486  0.0481210  0.0480088  0.0540497  0.0565265  0.0527171  0.0526226
 4  0.0426515  0.0504070  0.0501523  0.0440948  0.0383728  0.0360095  0.0474218  0.0503361  0.0460530  0.0403472  0.0367508  0.0376651  0.0443781  0.0441488  0.0433147  0.0359789  0.0369594  0.0427319  0.0408139  0.0426647  0.0514285  0.0476448  0.0396887  0.0392878  0.0479283  0.0471891  0.0396720
 1  0.1297236  0.0889434  0.0629874  0.0460458  0.0334414  0.0629377  0.0676434  0.0876724  0.0955461  0.0983550  0.1109831  0.0954839  0.0716813  0.0536071  0.0472248  0.1881877  0.2201273  0.1525158  0.1607043  0.0616329  0.0437182  0.0642855  0.0563316  0.1174924  0.1291713  0.1072614  0.1285359
 2  0.0243926  0.0139661  0.0096127  0.0069805  0.0057033  0.0122961  0.0145474  0.0198747  0.0219469  0.0228884  0.0249802  0.0171932  0.0119501  0.0094890  0.0093397  0.0405996  0.0499228  0.0357745  0.0258069  0.0094636  0.0073657  0.0116333  0.0109564  0.0254949  0.0306326  0.0268980  0.0337652
 3  0.1204050  0.1439315  0.1605129  0.0890892  0.0888218  0.1476708  0.1455411  0.0874914  0.0789790  0.0808354  0.0787972  0.0672538  0.0609509  0.0673131  0.0652954  0.0669183  0.0669472  0.0566068  0.0502529  0.0370313  0.0468408  0.0510675  0.0517308  0.0540599  0.0604028  0.0601956  0.0604880
 4  0.0445032  0.0483130  0.0518349  0.0475701  0.0423507  0.0321959  0.0338405  0.0355496  0.0345676  0.0353973  0.0497464  0.0536540  0.0477737  0.0412982  0.0376417  0.0363669  0.0377553  0.0596834  0.0501209  0.0506790  0.0486560  0.0486292  0.0430491  0.0416067  0.0406821  0.0407837  0.0374374
 1  0.1244105  0.0149918  0.0104163  0.0182889  0.0155331  0.0638068  0.0623062  0.2024741  0.1786041  0.1142269  0.0965144  0.2134001  0.2570278  0.1871002  0.2220067  0.1224118  0.1060062  0.1554973  0.1220342  0.2935657  0.3495446  0.2891321  0.3837140  0.1336822  0.1248742  0.0882159  0.0655707
 2  0.0246932  0.0024389  0.0016298  0.0031232  0.0029542  0.0130310  0.0105667  0.0337290  0.0281294  0.0185923  0.0173420  0.0426820  0.0559929  0.0417144  0.0497925  0.0258042  0.0144549  0.0233423  0.0215661  0.0563184  0.0701145  0.0608185  0.0832139  0.0258725  0.0230717  0.0149635  0.0103318
 3  0.1146225  0.1514742  0.1528812  0.0802186  0.0906552  0.1518186  0.1362774  0.1434685  0.1478443  0.0773216  0.0864496  0.0884039  0.0861688  0.0608759  0.0640875  0.0578307  0.0448933  0.0356333  0.0459738  0.0560816  0.0514816  0.0495635  0.0543709  0.0497140  0.0474986  0.0442035  0.0426663
 4  0.0469218  0.0546563  0.0426225  0.0358359  0.0379962  0.0528867  0.0556308  0.0459613  0.0467703  0.0438597  0.0414955  0.0353345  0.0376391  0.0348026  0.0421096  0.0669059  0.0520972  0.0470368  0.0455296  0.0427986  0.0442221  0.0383464  0.0430475  0.0440350  0.0466908  0.0513950  0.0471718
 1  0.1237088  0.0832669  0.0603795  0.1532938  0.1447169  0.1671794  0.1561290  0.0468714  0.0312573  0.0820251  0.0694281  0.1341998  0.1558724  0.1385618  0.1637809  0.1123583  0.1340452  0.0752641  0.0668049  0.0650487  0.0609367  0.0663809  0.0618549  0.0739704  0.0383135  0.0655955  0.0596996
 2  0.0237626  0.0133677  0.0093065  0.0255769  0.0246453  0.0286058  0.0271649  0.0072673  0.0047148  0.0134279  0.0128120  0.0278131  0.0345577  0.0316119  0.0389997  0.0271952  0.0325111  0.0155713  0.0133647  0.0130453  0.0117146  0.0131125  0.0131605  0.0103174  0.0056576  0.0114217  0.0121587
 3  0.1145732  0.1475610  0.1486088  0.1479016  0.1568150  0.1378158  0.1541734  0.0907898  0.0798041  0.1267809  0.1224423  0.1215892  0.1231735  0.0911924  0.0849437  0.0702038  0.0734751  0.0655780  0.0583958  0.0610610  0.0682894  0.0451816  0.0566108  0.0539305  0.0389272  0.0428276  0.0510659
 4  0.0440699  0.0538663  0.0416113  0.0396162  0.0436859  0.0385349  0.0501652  0.0588344  0.0504205  0.0353001  0.0294609  0.0291401  0.0326941  0.0399577  0.0361342  0.0386516  0.0449883  0.0459749  0.0388130  0.0450458  0.0465076  0.0375642  0.0748184  0.0633292  0.0532976  0.0417133  0.0394966
 1  0.1300004  0.0895330  0.0634617  0.0615383  0.0382231  0.0676906  0.0727750  0.1082149  0.1183917  0.1089276  0.1090196  0.0968942  0.0966415  0.1078685  0.0905063  0.0980605  0.0766349  0.1398929  0.1464657  0.1498806  0.1885464  0.2963722  0.3953571  0.1514164  0.1392843  0.1036407  0.0909660
 2  0.0246276  0.0141504  0.0096916  0.0084613  0.0061728  0.0129201  0.0159498  0.0249563  0.0272889  0.0233966  0.0213458  0.0191948  0.0204902  0.0205983  0.0160742  0.0165153  0.0134233  0.0271145  0.0317732  0.0365355  0.0485210  0.0720637  0.0850241  0.0289156  0.0229573  0.0178593  0.0176034
 3  0.1205402  0.1386139  0.1448223  0.0812951  0.0758152  0.1332812  0.1287796  0.0876012  0.0887080  0.0825630  0.0910979  0.0619841  0.0753327  0.0709292  0.0647364  0.0475124  0.0499111  0.0496133  0.0523975  0.0567297  0.0599701  0.0541597  0.0455799  0.0484826  0.0419553  0.0441231  0.0491790
 4  0.0455741  0.0502183  0.0523396  0.0500260  0.0376450  0.0263585  0.0303306  0.0389963  0.0432474  0.0415987  0.0463249  0.0363891  0.0487565  0.0564445  0.0547374  0.0507377  0.0491052  0.0403020  0.0356434  0.0387070  0.0376350  0.0418498  0.0405384  0.0463249  0.0443832  0.0380636  0.0453810
 1  0.1180277  0.0358854  0.0256274  0.0433181  0.0345811  0.0763473  0.0723556  0.1159180  0.1215035  0.1354357  0.1431444  0.1156202  0.0835056  0.1597161  0.1530234  0.1404732  0.1436103  0.1605686  0.1651760  0.0984503  0.1032718  0.1648090  0.1858004  0.1428576  0.1537657  0.2106841  0.2442502
 2  0.0228373  0.0058748  0.0040668  0.0071285  0.0059092  0.0141323  0.0129442  0.0219584  0.0252688  0.0284299  0.0300504  0.0194766  0.0136459  0.0279568  0.0276073  0.0267820  0.0296505  0.0328329  0.0340007  0.0208195  0.0229683  0.0372773  0.0395757  0.0300835  0.0330363  0.0456774  0.0492016
 3  0.1090697  0.1379107  0.1548423  0.0921575  0.0825361  0.1446794  0.1379662  0.1398623  0.1434353  0.0862048  0.0909925  0.0724128  0.0549402  0.0897224  0.0853764  0.0829717  0.0931346  0.0669800  0.0654100  0.0541373  0.0503902  0.0570522  0.0560965  0.0498378  0.0504371  0.0597730  0.0566816
 4  0.0428520  0.0507670  0.0440370  0.0499885  0.0420259  0.0418580  0.0412598  0.0342059  0.0322610  0.0386506  0.0546755  0.0561364  0.0476528  0.0471308  0.0434057  0.0399853  0.0454808  0.0412016  0.0421341  0.0420431  0.0373362  0.0413055  0.0435317  0.0375187  0.0363493  0.0498693  0.0718675
 1  0.1305073  0.0626718  0.0437518  0.0786255  0.0586929  0.1242612  0.1364388  0.2011451  0.2509305  0.1624168  0.1479940  0.0779003  0.0530856  0.1048935  0.0980817  0.1738513  0.2129806  0.2239518  0.2475531  0.1161249  0.0946725  0.1123136  0.1084710  0.1717239  0.1335189  0.1712689  0.1694486
 2  0.0247657  0.0098862  0.0067020  0.0120368  0.0099145  0.0235941  0.0280588  0.0437250  0.0488877  0.0298502  0.0220147  0.0116351  0.0080158  0.0181811  0.0191923  0.0377503  0.0505562  0.0491162  0.0504209  0.0204720  0.0166252  0.0210919  0.0212273  0.0289075  0.0232534  0.0311712  0.0324423
 3  0.1209417  0.1461202  0.1673335  0.0863785  0.0856588  0.1467439  0.1436030  0.1378749  0.1389050  0.0864945  0.0879864  0.0559823  0.0619455  0.0843931  0.0887260  0.0919255  0.0917925  0.0673500  0.0564093  0.0492487  0.0453968  0.0642070  0.0683462  0.0645765  0.0602239  0.0696088  0.0628298
 4  0.0457994  0.0514078  0.0513643  0.0465806  0.0402097  0.0331270  0.0319620  0.0382176  0.0427485  0.0558306  0.0532925  0.0570678  0.0515796  0.0419012  0.0391866  0.0401920  0.0422484  0.0439611  0.0462562  0.0476612  0.0440039  0.0407824  0.0549273  0.0501896  0.0503572  0.0499226  0.0448268
 1  0.1355563  0.0713368  0.0490632  0.0475148  0.0390396  0.0539815  0.0437931  0.0418424  0.0441810  0.1200303  0.1517346  0.1799341  0.2014219  0.1905342  0.2042407  0.1090734  0.1031535  0.1735600  0.1256439  0.0846640  0.0803352  0.1171635  0.1271918  0.2504980  0.2905273  0.1896645  0.1161930
 2  0.0258173  0.0112511  0.0074821  0.0080857  0.0059791  0.0088699  0.0080351  0.0087075  0.0104229  0.0318358  0.0394163  0.0409024  0.0402892  0.0371669  0.0401339  0.0211110  0.0213376  0.0289076  0.0203838  0.0154162  0.0163419  0.0259335  0.0295510  0.0567604  0.0549284  0.0260870  0.0182133
 3  0.1255444  0.1306450  0.1675061  0.0865020  0.0780535  0.0870880  0.0917904  0.0933805  0.0845340  0.0862020  0.0828900  0.0845167  0.0853704  0.0597429  0.0610327  0.0446047  0.0453760  0.0547479  0.0392936  0.0418398  0.0496191  0.0568299  0.0540007  0.0564016  0.0510760  0.0431069  0.0364234
 4  0.0485933  0.0440545  0.0459153  0.0529445  0.0483026  0.0450256  0.0413238  0.0346092  0.0318033  0.0332831  0.0397890  0.0451744  0.0397874  0.0386147  0.0398202  0.0409040  0.0476656  0.0523893  0.0465697  0.0398505  0.0362075  0.0369601  0.0410999  0.0443785  0.0619598  0.0543311  0.0454512
 1  0.1307984  0.0943666  0.0663983  0.1498069  0.1392199  0.2018931  0.1647291  0.2974022  0.3349031  0.2459101  0.2269665  0.1841740  0.1496655  0.1965964  0.2170834  0.1589468  0.1515309  0.0703637  0.0606662  0.0862310  0.0730862  0.1744406  0.2168728  0.1810207  0.2284918  0.1372551  0.1453504
 2  0.0245606  0.0148181  0.0101175  0.0245485  0.0239062  0.0318984  0.0258504  0.0497742  0.0599939  0.0424572  0.0350706  0.0285462  0.0253556  0.0370559  0.0450265  0.0324085  0.0269382  0.0129270  0.0101593  0.0149052  0.0142617  0.0388433  0.0543166  0.0471115  0.0558239  0.0296586  0.0310867
 3  0.1213701  0.1294042  0.1465156  0.1606627  0.1544194  0.1528708  0.1631143  0.1586380  0.1535637  0.0684502  0.0579036  0.0584499  0.0591806  0.0614976  0.0650482  0.0525197  0.0488536  0.0443145  0.0499288  0.0463901  0.0502150  0.0535621  0.0587343  0.0590724  0.0554727  0.0521038  0.0526515
 4  0.0453260  0.0501038  0.0431770  0.0395296  0.0441199  0.0480370  0.0473522  0.0395666  0.0376910  0.0490042  0.0501316  0.0487355  0.0435419  0.0363467  0.0415330  0.0461546  0.0463681  0.0517186  0.0513885  0.0443046  0.0406264  0.0348557  0.0387157  0.0403321  0.0417092  0.0410187  0.0379725
 1  0.1425452  0.0873039  0.0594250  0.0791560  0.0566649  0.0735227  0.0696996  0.0869127  0.1012203  0.1431150  0.1707787  0.0428858  0.0238216  0.0970276  0.1004168  0.0901214  0.1065958  0.1596073  0.1942386  0.1762096  0.1632760  0.0965453  0.0952630  0.0575606  0.0544676  0.0867055  0.0739674
 2  0.0270896  0.0135786  0.0089502  0.0118395  0.0084674  0.0125293  0.0135621  0.0193421  0.0255351  0.0374426  0.0347766  0.0058956  0.0037222  0.0180116  0.0215320  0.0223484  0.0285536  0.0417037  0.0432620  0.0334690  0.0300628  0.0186769  0.0198178  0.0122545  0.0113872  0.0167503  0.0138580
 3  0.1320490  0.1258918  0.1572771  0.1555665  0.1519758  0.1509777  0.1355933  0.0869967  0.0931025  0.0952436  0.0858760  0.0580287  0.0538464  0.0670854  0.0734823  0.0716014  0.0712785  0.0722284  0.0710725  0.0493891  0.0475028  0.0544812  0.0519865  0.0520505  0.0517826  0.0464831  0.0483027
 4  0.0507192  0.0457255  0.0518681  0.0510187  0.0428386  0.0342583  0.0288617  0.0304637  0.0346692  0.0489807  0.0620720  0.0507507  0.0431354  0.0390886  0.0354791  0.0346295  0.0389691  0.0414059  0.0479517  0.0460652  0.0440711  0.0402042  0.0376907  0.0418421  0.0503358  0.0453639  0.0437920
 1  0.1323154  0.0742914  0.0519833  0.0462042  0.0389542  0.1549386  0.1436278  0.2193942  0.2192081  0.2087961  0.1806051  0.1478822  0.1435813  0.1617130  0.1722024  0.1254806  0.1025351  0.0768167  0.0594147  0.1013242  0.1150395  0.2023351  0.2851667  0.2440259  0.2513807  0.1594455  0.1375814
 2  0.0251284  0.0116816  0.0079128  0.0077725  0.0067265  0.0271202  0.0251384  0.0379725  0.0387430  0.0349245  0.0291194  0.0259525  0.0278502  0.0328580  0.0356728  0.0245872  0.0147257  0.0118938  0.0107249  0.0213253  0.0284304  0.0564411  0.0745823  0.0505973  0.0428635  0.0270566  0.0224430
 3  0.1226001  0.1446855  0.1441672  0.0850260  0.0904763  0.1463781  0.1461447  0.1496891  0.1514373  0.0860255  0.0901340  0.0589749  0.0706889  0.0677915  0.0705662  0.0481655  0.0468474  0.0555599  0.0645648  0.0671121  0.0711751  0.0761850  0.0739739  0.0545183  0.0466510  0.0444800  0.0455496
 4  0.0466048  0.0550373  0.0410090  0.0424778  0.0479160  0.0428867  0.0411447  0.0443848  0.0461974  0.0494343  0.0482613  0.0420516  0.0426274  0.0409586  0.0513102  0.0590895  0.0602234  0.0494157  0.0413959  0.0358846  0.0346646  0.0421118  0.0512043  0.0540997  0.0466665  0.0498367  0.0473419
 1  0.1289129  0.0908110  0.0649207  0.0556558  0.0409685  0.1083400  0.1027921  0.0845236  0.0879233  0.0689451  0.0632700  0.0708941  0.0692319  0.0733957  0.0488136  0.1197531  0.1334028  0.1938092  0.2164136  0.2035885  0.2193084  0.2894297  0.3873155  0.1905448  0.2107077  0.1074148  0.0860367
 2  0.0243850  0.0144228  0.0099383  0.0086890  0.0065974  0.0188061  0.0195047  0.0173477  0.0182944  0.0138060  0.0127264  0.0145589  0.0140122  0.0117043  0.0083083  0.0236321  0.0302795  0.0450371  0.0442556  0.0398979  0.0448136  0.0621918  0.0843108  0.0409008  0.0371359  0.0176405  0.0155791
 3  0.1195341  0.1454762  0.1665562  0.0759408  0.0923727  0.1530282  0.1358839  0.0932098  0.0928472  0.0764087  0.0905933  0.0658191  0.0713546  0.0655399  0.0573787  0.0674799  0.0714769  0.0677994  0.0584942  0.0470608  0.0506749  0.0540345  0.0516275  0.0517171  0.0504379  0.0384581  0.0468524
 4  0.0452728  0.0449073  0.0508108  0.0445744  0.0464447  0.0387921  0.0330466  0.0405518  0.0442987  0.0414754  0.0435342  0.0437533  0.0646353  0.0570809  0.0433860  0.0373814  0.0421962  0.0481396  0.0425871  0.0419498  0.0402362  0.0398848  0.0394689  0.0468772  0.0507552  0.0412143  0.0390311
 1  0.1102676  0.0449999  0.0329644  0.0626562  0.0439509  0.0778532  0.0683330  0.1617382  0.1939755  0.2046903  0.2499330  0.1222905  0.1094082  0.1731389  0.1570958  0.0950294  0.0822396  0.0917334  0.0933313  0.1155008  0.0894387  0.0708906  0.0674873  0.1040464  0.1233665  0.1043732  0.0941006
 2  0.0212429  0.0074411  0.0052684  0.0093795  0.0073047  0.0134693  0.0123220  0.0325111  0.0428291  0.0473647  0.0466047  0.0213935  0.0204120  0.0311338  0.0288378  0.0173732  0.0154004  0.0186267  0.0198898  0.0208060  0.0158944  0.0135025  0.0141814  0.0247286  0.0330410  0.0235888  0.0186500
 3  0.1019949  0.1387842  0.1665443  0.0940195  0.0932117  0.1411852  0.1340559  0.1337730  0.1375318  0.0848344  0.0830094  0.0560501  0.0636742  0.0670946  0.0577057  0.0494811  0.0465102  0.0503114  0.0570204  0.0557381  0.0460075  0.0481592  0.0504751  0.0600019  0.0548897  0.0595207  0.0469729
 4  0.0398775  0.0526404  0.0553337  0.0554005  0.0475252  0.0420153  0.0356409  0.0292874  0.0302351  0.0457416  0.0467687  0.0426676  0.0433160  0.0457072  0.0443362  0.0462263  0.0404948  0.0426582  0.0530255  0.0523410  0.0466787  0.0439928  0.0370225  0.0369799  0.0459365  0.0498568  0.0453035
 1  0.1249681  0.0679759  0.0485000  0.2097320  0.2303002  0.1529018  0.1287405  0.1785857  0.1747201  0.1291440  0.1244302  0.0824705  0.0746450  0.1266716  0.1302475  0.0827150  0.0731086  0.0915688  0.0931461  0.0587370  0.0551627  0.0867726  0.1001441  0.0706490  0.0656858  0.0728609  0.0621283
 2  0.0235296  0.0108357  0.0075254  0.0359353  0.0434273  0.0263127  0.0218840  0.0317316  0.0322577  0.0248849  0.0215511  0.0148319  0.0150393  0.0265913  0.0264407  0.0159053  0.0145207  0.0190107  0.0198838  0.0123290  0.0120957  0.0207757  0.0250261  0.0160069  0.0137842  0.0139441  0.0115971
 3  0.1159195  0.1421365  0.1547988  0.1669398  0.1609390  0.0875204  0.0789756  0.0787652  0.0879662  0.0808689  0.0926705  0.0549063  0.0692654  0.0709061  0.0672591  0.0500400  0.0478703  0.0564927  0.0516754  0.0542515  0.0520563  0.0527574  0.0565268  0.0512408  0.0490284  0.0523397  0.0489836
 4  0.0433172  0.0508779  0.0434211  0.0356591  0.0387418  0.0461657  0.0406663  0.0371873  0.0384600  0.0426254  0.0495259  0.0368309  0.0376311  0.0431202  0.0453449  0.0465704  0.0396921  0.0403323  0.0421844  0.0420447  0.0367841  0.0332614  0.0401442  0.0444941  0.0503092  0.0465844  0.0460779
 1  0.1235830  0.0585869  0.0416795  0.0869762  0.0588484  0.1078261  0.1067478  0.1814885  0.2422703  0.0636294  0.0388349  0.0758843  0.0746937  0.1214483  0.1214138  0.2232672  0.2535962  0.3713152  0.5191340  0.3581831  0.2783569  0.3190844  0.3517217  0.2135881  0.2260534  0.1152995  0.1029790
 2  0.0244388  0.0095841  0.0065033  0.0127335  0.0087135  0.0183668  0.0209789  0.0407680  0.0539516  0.0096293  0.0061411  0.0136740  0.0153050  0.0257336  0.0237688  0.0441218  0.0504462  0.0740203  0.1008145  0.0527260  0.0428615  0.0534509  0.0639015  0.0404214  0.0411801  0.0213983  0.0169665
 3  0.1139036  0.1346669  0.1610172  0.1438886  0.1491473  0.1514893  0.1377478  0.1303465  0.1373722  0.0841237  0.0849894  0.0900672  0.0847161  0.0936765  0.0881381  0.0836194  0.0924805  0.0936846  0.0916747  0.0561118  0.0495726  0.0644156  0.0626241  0.0505976  0.0461713  0.0450570  0.0462374
 4  0.0466939  0.0502434  0.0528419  0.0505106  0.0416652  0.0355242  0.0296333  0.0310380  0.0577152  0.0568120  0.0478373  0.0394948  0.0392880  0.0481104  0.0483030  0.0421936  0.0417806  0.0430760  0.0481499  0.0470344  0.0416874  0.0395242  0.0369080  0.0407559  0.0408493  0.0472786  0.0493110
 1  0.1114495  0.0533970  0.0390855  0.0588973  0.0514046  0.0387635  0.0358671  0.0675950  0.0608690  0.0462331  0.0373045  0.0836297  0.0802426  0.1158240  0.1288739  0.2049643  0.2661921  0.2911545  0.4142230  0.2362425  0.1970394  0.0609632  0.0499876  0.1255540  0.1300039  0.1203707  0.0984400
 2  0.0220729  0.0089712  0.0062426  0.0099646  0.0089373  0.0073234  0.0067426  0.0128097  0.0103294  0.0077928  0.0068838  0.0162124  0.0165449  0.0252827  0.0294167  0.0480052  0.0641604  0.0707108  0.0808970  0.0393516  0.0289480  0.0099513  0.0092793  0.0257546  0.0271759  0.0225371  0.0171240
 3  0.1026403  0.1355689  0.1632324  0.1499103  0.1496969  0.0899937  0.0907425  0.1485884  0.1449989  0.0836749  0.0848485  0.0866835  0.0825191  0.0942785  0.0883549  0.0734382  0.0723608  0.0700172  0.0626719  0.0362118  0.0374875  0.0347748  0.0502005  0.0572393  0.0540826  0.0505394  0.0482375
 4  0.0426156  0.0465200  0.0455820  0.0386558  0.0401266  0.0435794  0.0477920  0.0526317  0.0518562  0.0474214  0.0443239  0.0442191  0.0397063  0.0403128  0.0385952  0.0409133  0.0381368  0.0467777  0.0478935  0.0443010  0.0459845  0.0391253  0.0408106  0.0423198  0.0508703  0.0487264  0.0463555
 1  0.1170474  0.0604436  0.0432968  0.0501572  0.0396806  0.0543835  0.0498584  0.1772711  0.2130205  0.0419683  0.0366069  0.0798507  0.0718763  0.1445366  0.1658237  0.1843238  0.2229328  0.1490892  0.1453442  0.1489873  0.1397853  0.1131362  0.0917968  0.0681008  0.0679287  0.0634163  0.0669639
 2  0.0222378  0.0097575  0.0068034  0.0082744  0.0066051  0.0096037  0.0096528  0.0379620  0.0441281  0.0083370  0.0065464  0.0145998  0.0139528  0.0310103  0.0384594  0.0435289  0.0517155  0.0306640  0.0280369  0.0282477  0.0251775  0.0193617  0.0166279  0.0135599  0.0152348  0.0152053  0.0163051
 3  0.1084871  0.1344687  0.1543451  0.0754806  0.0884857  0.1574380  0.1306600  0.0930378  0.0877035  0.0588583  0.0671014  0.0608705  0.0642924  0.0634530  0.0703551  0.0682399  0.0659966  0.0515102  0.0491512  0.0456010  0.0450479  0.0477707  0.0486910  0.0511592  0.0540984  0.0568742  0.0575224
 4  0.0409754  0.0467235  0.0441566  0.0443984  0.0453483  0.0408125  0.0305806  0.0402943  0.0451586  0.0463294  0.0487261  0.0463354  0.0397134  0.0355561  0.0372610  0.0385378  0.0397198  0.0452446  0.0423818  0.0467867  0.0461695  0.0474399  0.0426984  0.0384730  0.0351633  0.0381776  0.0467922
 1  0.1287303  0.0575278  0.0409257  0.1358646  0.0929003  0.4138588  0.5652709  0.3584781  0.3153785  0.3576183  0.3682884  0.5455651  0.6841006  0.3910690  0.2713705  0.2451526  0.2083755  0.1133696  0.1155803  0.1008014  0.1078846  0.0553790  0.0541146  0.1425650  0.1494848  0.1606568  0.1865147
 2  0.0248432  0.0092194  0.0062981  0.0193027  0.0143746  0.0731057  0.0843609  0.0502959  0.0513823  0.0588409  0.0585826  0.0875152  0.1055061  0.0530272  0.0318560  0.0353872  0.0357159  0.0217930  0.0241775  0.0224117  0.0244927  0.0121657  0.0113831  0.0298863  0.0320982  0.0363731  0.0402010
 3  0.1190409  0.1593872  0.1541981  0.1405511  0.1594185  0.1524080  0.1477077  0.0768544  0.0889046  0.0882590  0.0866842  0.0868803  0.0824045  0.0563837  0.0516991  0.0503434  0.0663563  0.0513471  0.0489646  0.0576781  0.0533317  0.0518507  0.0502489  0.0522668  0.0524585  0.0500896  0.0599355
 4  0.0466638  0.0551366  0.0543366  0.0463871  0.0400554  0.0422996  0.0494311  0.0469156  0.0426651  0.0444081  0.0443085  0.0462050  0.0457216  0.0617565  0.0579176  0.0446537  0.0426458  0.0389963  0.0379255  0.0445620  0.0405017  0.0422579  0.0417213  0.0390134  0.0398343  0.0412491  0.0462680
 1  0.1219628  0.0647839  0.0467270  0.0597022  0.0547208  0.0747906  0.0632669  0.0692512  0.0660610  0.0956505  0.0978748  0.1553382  0.1801956  0.1153603  0.1046436  0.0703132  0.0523997  0.0841129  0.0499622  0.1526558  0.1594587  0.1915412  0.2688898  0.1645140  0.2207390  0.1285334  0.1216791
 2  0.0230466  0.0103876  0.0072497  0.0100678  0.0103930  0.0136475  0.0113257  0.0128655  0.0127473  0.0192005  0.0209965  0.0354294  0.0368201  0.0227869  0.0165888  0.0113793  0.0083405  0.0117000  0.0076460  0.0277173  0.0341357  0.0482526  0.0762720  0.0474353  0.0536494  0.0259300  0.0224148
 3  0.1131144  0.1527642  0.1485761  0.1584544  0.1627219  0.0988803  0.0828385  0.1475801  0.1411618  0.0888065  0.0938508  0.0823324  0.0846876  0.0575823  0.0640049  0.0522741  0.0672776  0.0589739  0.0520871  0.0533388  0.0603430  0.0627724  0.0721145  0.0594893  0.0562422  0.0487789  0.0522256
 4  0.0426943  0.0533485  0.0427351  0.0359360  0.0417520  0.0492330  0.0452146  0.0376831  0.0362947  0.0390160  0.0380389  0.0410681  0.0418815  0.0526033  0.0512427  0.0509981  0.0673708  0.0639774  0.0491412  0.0360166  0.0324500  0.0309206  0.0386115  0.0470544  0.0466645  0.0448244  0.0462754
 1  0.1113715  0.0545555  0.0396967  0.0636678  0.0465049  0.1140348  0.1132829  0.2258167  0.2845548  0.1076433  0.1011780  0.0588788  0.0437212  0.0901623  0.0891654  0.1401559  0.1310734  0.1352120  0.1371506  0.1539613  0.1683707  0.1738190  0.1112211  0.1224204  0.1312474  0.1040787  0.1210982
 2  0.0213932  0.0089726  0.0062998  0.0098326  0.0077810  0.0205369  0.0218308  0.0471296  0.0620193  0.0217540  0.0184090  0.0097356  0.0075840  0.0172130  0.0192074  0.0288295  0.0247197  0.0262123  0.0280864  0.0326339  0.0378379  0.0271743  0.0177834  0.0229899  0.0287095  0.0256314  0.0316915
 3  0.1030635  0.1391966  0.1496567  0.0870720  0.0882503  0.1549199  0.1493827  0.0860480  0.0978838  0.0765019  0.0589947  0.0561737  0.0626115  0.0625506  0.0734884  0.0755106  0.0647424  0.0586089  0.0681440  0.0530887  0.0598126  0.0513052  0.0354164  0.0471272  0.0578320  0.0584513  0.0578837
 4  0.0401234  0.0466343  0.0480290  0.0475420  0.0444869  0.0385266  0.0360890  0.0376189  0.0414840  0.0477733  0.0474918  0.0475442  0.0473543  0.0388105  0.0444985  0.0540900  0.0483272  0.0380513  0.0390023  0.0394211  0.0635482  0.0543916  0.0423085  0.0370081  0.0394775  0.0380057  0.0387639
 1  0.1145158  0.0382533  0.0273483  0.0470662  0.0383609  0.1651125  0.2060694  0.0849397  0.0678187  0.0795704  0.0657019  0.0590418  0.0435798  0.0838759  0.0825263  0.0559132  0.0586164  0.0696111  0.0778105  0.0902457  0.0992889  0.0952285  0.0923336  0.0929036  0.1032006  0.0426339  0.0413953
 2  0.0226344  0.0063279  0.0043495  0.0077331  0.0070506  0.0343229  0.0436602  0.0152047  0.0121195  0.0136957  0.0119404  0.0098906  0.0076335  0.0162089  0.0173073  0.0125499  0.0140540  0.0173635  0.0193000  0.0219292  0.0236317  0.0206510  0.0196294  0.0211621  0.0228098  0.0092832  0.0093124
 3  0.1056338  0.1317946  0.1683466  0.0827281  0.0965954  0.1447435  0.1420355  0.0832478  0.0753718  0.0889859  0.0828858  0.0682120  0.0581096  0.0668542  0.0659500  0.0725840  0.0667748  0.0686462  0.0662075  0.0641020  0.0642215  0.0541781  0.0522096  0.0571672  0.0609392  0.0500824  0.0538561
 4  0.0427542  0.0466405  0.0487165  0.0437915  0.0384281  0.0327970  0.0451429  0.0461957  0.0437580  0.0445062  0.0504753  0.0532736  0.0457770  0.0405657  0.0413104  0.0436102  0.0398490  0.0407706  0.0402656  0.0364781  0.0401210  0.0416800  0.0394126  0.0411420  0.0440982  0.0418159  0.0419237
 1  0.1157815  0.0385393  0.0280316  0.0562893  0.0443431  0.0929514  0.0905552  0.0735260  0.0732042  0.1011189  0.1032393  0.0673506  0.0536556  0.0597068  0.0650103  0.1046748  0.1139773  0.0980985  0.1032022  0.1055855  0.1049304  0.0365639  0.0342014  0.0623258  0.0595004  0.0927643  0.0804889
 2  0.0229241  0.0064152  0.0044382  0.0091643  0.0076014  0.0170508  0.0175493  0.0148948  0.0151788  0.0218972  0.0188338  0.0114725  0.0099914  0.0126447  0.0159053  0.0265181  0.0273062  0.0220735  0.0224783  0.0222414  0.0221219  0.0076364  0.0074924  0.0137255  0.0122916  0.0176664  0.0158014
 3  0.1066490  0.1569111  0.1485207  0.0831279  0.0855240  0.1432644  0.1436842  0.0881120  0.0893502  0.0821284  0.0845762  0.0564780  0.0618990  0.0724849  0.0729607  0.0636885  0.0556759  0.0528291  0.0581159  0.0552823  0.0502530  0.0524503  0.0489606  0.0480226  0.0520519  0.0487929  0.0509593
 4  0.0440659  0.0517568  0.0440462  0.0436496  0.0439649  0.0373173  0.0358499  0.0388600  0.0409234  0.0480492  0.0514594  0.0451852  0.0379830  0.0366697  0.0385560  0.0442333  0.0427163  0.0419836  0.0431765  0.0424787  0.0430435  0.0424984  0.0392644  0.0421284  0.0483397  0.0475631  0.0416379
 1  0.1290325  0.0541984  0.0381144  0.0507492  0.0331270  0.0888052  0.0714335  0.1006334  0.1160261  0.1023681  0.1109045  0.1390066  0.1484662  0.0911876  0.0887535  0.1440103  0.1732946  0.1716213  0.1546116  0.0668246  0.0439803  0.0472338  0.0429295  0.1047246  0.1128474  0.1649218  0.2172718
 2  0.0246445  0.0086157  0.0058633  0.0074794  0.0049736  0.0139801  0.0126478  0.0205238  0.0268303  0.0240891  0.0251033  0.0299452  0.0289916  0.0175884  0.0186868  0.0331908  0.0405936  0.0346728  0.0266867  0.0100186  0.0072383  0.0087733  0.0085274  0.0228828  0.0271349  0.0429072  0.0579724
 3  0.1195162  0.1507336  0.1633922  0.0772012  0.0778919  0.1406974  0.1316505  0.1260813  0.1251052  0.0872009  0.0846147  0.0845354  0.0880819  0.0676990  0.0669560  0.0712653  0.0643342  0.0585387  0.0411875  0.0417327  0.0442295  0.0497565  0.0503414  0.0529829  0.0531215  0.0585295  0.0535565
 4  0.0458670  0.0558723  0.0532064  0.0517123  0.0486453  0.0418317  0.0307502  0.0266287  0.0306458  0.0401647  0.0439499  0.0449285  0.0444698  0.0426435  0.0381871  0.0379743  0.0448344  0.0532126  0.0569200  0.0483588  0.0464302  0.0469489  0.0421855  0.0390333  0.0373156  0.0381978  0.0380885
 1  0.1183230  0.0454547  0.0327453  0.0957985  0.0834136  0.1058296  0.1022491  0.1127672  0.0963851  0.0579816  0.0491098  0.1255060  0.1381535  0.1494603  0.1694908  0.0976833  0.0931522  0.1421526  0.1251903  0.1130175  0.0994791  0.1349536  0.1374862  0.1206812  0.1363706  0.0696935  0.0616537
 2  0.0224026  0.0073735  0.0051341  0.0161227  0.0146698  0.0197704  0.0201286  0.0207557  0.0170499  0.0103340  0.0093266  0.0261621  0.0318411  0.0355186  0.0361557  0.0195612  0.0186358  0.0271074  0.0212070  0.0197766  0.0190309  0.0268927  0.0291596  0.0278084  0.0303539  0.0139809  0.0121241
 3  0.1097152  0.1556921  0.1563512  0.0865299  0.0879945  0.0836816  0.0872523  0.0872464  0.0803802  0.0590457  0.0675381  0.0677040  0.0685241  0.0714813  0.0663689  0.0489958  0.0456888  0.0513414  0.0472173  0.0464826  0.0484507  0.0614309  0.0531380  0.0535806  0.0568444  0.0495131  0.0507417
 4  0.0420017  0.0501482  0.0443809  0.0427045  0.0418847  0.0394805  0.0441075  0.0494806  0.0477705  0.0445281  0.0440103  0.0378962  0.0379793  0.0447776  0.0428119  0.0416868  0.0444094  0.0527620  0.0509405  0.0447843  0.0471618  0.0499317  0.0408020  0.0414814  0.0475999  0.0459731  0.0437870
 1  0.1082802  0.0611933  0.0451884  0.0508880  0.0455411  0.1452533  0.1727338  0.1085266  0.0961544  0.0520520  0.0347280  0.0840717  0.0870581  0.2066308  0.2694762  0.2174920  0.2270624  0.0465352  0.0340640  0.1112910  0.1131495  0.2979571  0.3737546  0.1903276  0.1737618  0.1865097  0.1335944
 2  0.0206362  0.0100639  0.0071902  0.0088240  0.0086467  0.0302984  0.0375973  0.0212265  0.0172069  0.0080199  0.0057833  0.0161526  0.0189590  0.0490844  0.0643564  0.0466731  0.0387058  0.0074022  0.0059327  0.0217118  0.0242443  0.0659021  0.0765483  0.0353930  0.0271611  0.0276832  0.0210576
 3  0.1003378  0.1419205  0.1560382  0.0849018  0.0929543  0.1371480  0.1303812  0.0813471  0.0800320  0.0540903  0.0600354  0.0854892  0.0923327  0.0905033  0.0805531  0.0653177  0.0631193  0.0356722  0.0468500  0.0495081  0.0551477  0.0533063  0.0492991  0.0452622  0.0461524  0.0370270  0.0411737
 4  0.0383101  0.0486951  0.0432910  0.0412745  0.0393722  0.0304418  0.0359105  0.0446941  0.0547206  0.0471758  0.0430887  0.0351515  0.0359982  0.0386562  0.0380848  0.0466599  0.0515432  0.0461947  0.0446613  0.0401945  0.0414244  0.0419824  0.0449147  0.0554939  0.0517316  0.0495182  0.0441730
 1  0.1326288  0.0640348  0.0442360  0.0764989  0.0677950  0.0804050  0.0629088  0.1539609  0.1460751  0.1942784  0.2477995  0.0997393  0.1020245  0.1082700  0.0988430  0.0929709  0.0715956  0.1037435  0.0961443  0.1626307  0.1964230  0.1872555  0.2013160  0.1120103  0.1170016  0.0798703  0.0772757
 2  0.0249980  0.0100864  0.0068040  0.0129083  0.0121863  0.0140117  0.0101640  0.0267212  0.0281755  0.0422112  0.0556587  0.0216938  0.0215554  0.0215179  0.0169661  0.0156659  0.0113521  0.0181981  0.0194894  0.0367759  0.0450839  0.0401132  0.0412662  0.0229738  0.0247584  0.0168739  0.0163643
 3  0.1230205  0.1299237  0.1518095  0.0952298  0.0868149  0.0805438  0.0900946  0.0810814  0.0844036  0.0853021  0.0873686  0.0593414  0.0715927  0.0663168  0.0595821  0.0581672  0.0641369  0.0593377  0.0685149  0.0772303  0.0701424  0.0651538  0.0638696  0.0521149  0.0493322  0.0500373  0.0493557
 4  0.0462208  0.0446761  0.0425438  0.0457231  0.0447295  0.0526158  0.0493045  0.0400623  0.0350107  0.0338130  0.0441210  0.0369405  0.0435718  0.0513653  0.0502196  0.0547007  0.0505226  0.0426517  0.0387668  0.0458330  0.0413909  0.0455829  0.0437939  0.0392984  0.0398910  0.0411797  0.0390945
 1  0.1083181  0.0627130  0.0465020  0.0355003  0.0281761  0.0634101  0.0631060  0.0903735  0.0894635  0.0452019  0.0367351  0.0687754  0.0631332  0.0693976  0.0721600  0.0999409  0.1021182  0.0727129  0.0845102  0.0837991  0.0954443  0.0482027  0.0446299  0.0980829  0.1031280  0.1068423  0.0913138
 2  0.0208560  0.0103741  0.0074141  0.0058360  0.0049394  0.0121070  0.0123512  0.0186677  0.0157185  0.0077882  0.0070246  0.0133762  0.0129484  0.0152474  0.0163142  0.0218866  0.0226686  0.0173804  0.0213880  0.0216680  0.0252722  0.0110177  0.0094413  0.0210142  0.0232599  0.0212625  0.0175005
 3  0.1001866  0.1425489  0.1648820  0.0809457  0.0864038  0.1499770  0.1393296  0.0960548  0.0831296  0.0572336  0.0673234  0.0722349  0.0637873  0.0703675  0.0719705  0.0636244  0.0614328  0.0701415  0.0726387  0.0552592  0.0565475  0.0563961  0.0507063  0.0563640  0.0548685  0.0505937  0.0450832
 4  0.0388983  0.0488106  0.0490438  0.0448288  0.0408396  0.0387433  0.0376898  0.0524773  0.0503092  0.0448465  0.0463704  0.0479977  0.0397813  0.0439577  0.0471167  0.0430167  0.0364998  0.0367065  0.0383402  0.0369116  0.0409029  0.0454138  0.0409296  0.0369927  0.0417974  0.0462166  0.0445768
 1  0.1220607  0.2406015  0.2051221  0.1436260  0.1293669  0.2203886  0.2307854  0.1771115  0.1257159  0.0917889  0.0858234  0.1437872  0.1304310  0.1478478  0.1449620  0.1018137  0.1111188  0.1151662  0.1019075  0.2381925  0.2867154  0.1599255  0.0948167  0.1254519  0.1312601  0.1444543  0.1811201
 2  0.0234936  0.0387903  0.0295658  0.0221893  0.0216007  0.0381474  0.0410881  0.0266329  0.0198452  0.0160309  0.0160088  0.0265574  0.0234726  0.0271933  0.0281068  0.0218701  0.0228981  0.0216544  0.0195834  0.0482342  0.0607337  0.0231719  0.0147461  0.0229938  0.0282442  0.0360209  0.0475379
 3  0.1129126  0.2519360  0.3009138  0.1668841  0.1667112  0.1558638  0.1560394  0.0817446  0.0795082  0.1020436  0.0953171  0.0869367  0.0804380  0.0891828  0.0918822  0.0685772  0.0714688  0.0680958  0.0607699  0.0655873  0.0688187  0.0516152  0.0380647  0.0457574  0.0534618  0.0573470  0.0580973
 4  0.0437848  0.0461569  0.0399983  0.0380524  0.0406883  0.0395853  0.0459218  0.0480338  0.0424214  0.0461426  0.0466398  0.0489681  0.0468846  0.0441021  0.0395046  0.0421146  0.0489687  0.0492888  0.0417639  0.0379709  0.0604887  0.0560471  0.0490118  0.0373164  0.0353878  0.0370691  0.0395148
 1  0.1223909  0.0296087  0.0207629  0.0363768  0.0223321  0.0853423  0.0821361  0.1080269  0.1106999  0.1527825  0.1626228  0.3049025  0.4630124  0.4676106  0.6289373  0.1303624  0.0853281  0.0388102  0.0206454  0.0479344  0.0391623  0.0935864  0.0996640  0.1488033  0.1786682  0.1215887  0.1157383
 2  0.0234945  0.0048034  0.0032728  0.0050895  0.0035829  0.0153054  0.0151786  0.0210498  0.0222849  0.0305770  0.0323282  0.0639579  0.0992593  0.0875128  0.1106666  0.0194595  0.0108291  0.0048536  0.0031321  0.0080842  0.0074622  0.0200977  0.0237735  0.0381888  0.0385775  0.0237435  0.0233228
 3  0.1132614  0.1403321  0.1526583  0.0770823  0.0882031  0.1458278  0.1313699  0.1334299  0.1213262  0.1285172  0.1330954  0.1477563  0.1441879  0.0637243  0.0555033  0.0543468  0.0423774  0.0294120  0.0364755  0.0438892  0.0523202  0.0589393  0.0582331  0.0586449  0.0541923  0.0496535  0.0497816
 4  0.0441167  0.0448881  0.0567281  0.0525898  0.0471414  0.0404949  0.0393701  0.0361604  0.0343473  0.0361310  0.0344459  0.0344537  0.0323454  0.0358679  0.0390740  0.0556393  0.0565562  0.0479777  0.0481191  0.0440131  0.0421736  0.0430896  0.0410730  0.0475927  0.0492698  0.0445553  0.0412445
 1  0.1338174  0.0140389  0.0095133  0.0434281  0.0342090  0.0482024  0.0393681  0.0520046  0.0469494  0.0501903  0.0445352  0.0546728  0.0584150  0.0846266  0.1047271  0.0730406  0.0648118  0.1375406  0.1451590  0.1392606  0.1396145  0.1061198  0.0986167  0.1380970  0.1514752  0.2416500  0.3048599
 2  0.0253898  0.0022255  0.0014767  0.0070708  0.0059133  0.0084882  0.0068886  0.0100074  0.0079566  0.0089964  0.0087840  0.0118692  0.0142843  0.0230915  0.0282065  0.0154250  0.0130649  0.0279738  0.0300541  0.0282986  0.0291482  0.0210761  0.0190310  0.0285253  0.0328854  0.0540021  0.0662320
 3  0.1239903  0.1414390  0.1529661  0.0843918  0.0881688  0.0867466  0.0840986  0.0873756  0.0886099  0.0872407  0.0910780  0.0817873  0.0831121  0.0894761  0.0848583  0.0686042  0.0591095  0.0698185  0.0659465  0.0674063  0.0680721  0.0656783  0.0629864  0.0620433  0.0650882  0.0676533  0.0686782
 4  0.0476223  0.0498817  0.0442131  0.0428019  0.0482239  0.0513747  0.0445410  0.0514302  0.0533567  0.0482710  0.0397673  0.0371479  0.0324645  0.0364773  0.0499784  0.0507452  0.0450650  0.0418766  0.0439064  0.0473025  0.0503605  0.0471779  0.0438524  0.0385283  0.0410114  0.0412133  0.0405611
 1  0.1259169  0.0450326  0.0314167  0.0404639  0.0261175  0.0851263  0.0897769  0.1477818  0.1445764  0.1397153  0.1540129  0.2171413  0.2715164  0.1082501  0.0934370  0.1207273  0.1108223  0.2363473  0.2743800  0.2400555  0.2581265  0.1216106  0.0900478  0.1225271  0.1044179  0.1096377  0.0918130
 2  0.0239017  0.0071450  0.0048831  0.0057956  0.0042934  0.0162087  0.0177493  0.0283738  0.0274079  0.0272912  0.0316195  0.0461508  0.0529365  0.0189407  0.0165901  0.0215461  0.0210670  0.0477926  0.0517404  0.0446959  0.0489229  0.0202814  0.0141902  0.0209147  0.0178072  0.0188035  0.0175957
 3  0.1166749  0.1406227  0.1550645  0.0791218  0.0774594  0.1433505  0.1281979  0.1302105  0.1389044  0.1352989  0.1319125  0.1420546  0.1460372  0.0805749  0.0845322  0.0916130  0.0901057  0.0865436  0.0869383  0.0577084  0.0628489  0.0499264  0.0427677  0.0416348  0.0471275  0.0431685  0.0480610
 4  0.0437607  0.0519046  0.0515477  0.0471647  0.0388418  0.0336304  0.0399703  0.0433252  0.0365039  0.0334116  0.0317447  0.0386866  0.0426626  0.0463120  0.0446626  0.0441775  0.0417824  0.0410576  0.0444682  0.0410101  0.0456399  0.0501010  0.0491029  0.0515655  0.0493961  0.0473627  0.0399350
 1  0.1118120  0.0964238  0.0728846  0.0617430  0.0525624  0.0921148  0.0762963  0.1722665  0.1687807  0.1931800  0.1509604  0.1215006  0.1354922  0.2029066  0.2559157  0.2061450  0.2445723  0.1107756  0.1048581  0.0717648  0.0718070  0.0970073  0.0974771  0.0677979  0.0544869  0.0553117  0.0540900
 2  0.0220355  0.0160806  0.0114692  0.0104454  0.0090776  0.0153937  0.0136385  0.0316698  0.0270701  0.0287531  0.0250917  0.0234578  0.0282437  0.0452077  0.0593579  0.0457092  0.0511377  0.0215688  0.0211246  0.0149616  0.0157683  0.0211748  0.0211717  0.0127242  0.0101859  0.0112289  0.0113050
 3  0.1031050  0.1419130  0.1565030  0.0849689  0.0832995  0.1477771  0.1551173  0.1485814  0.1433114  0.1463760  0.1299039  0.0899760  0.0914813  0.0886712  0.0897925  0.0649191  0.0631918  0.0511422  0.0527074  0.0486712  0.0545372  0.0573903  0.0491251  0.0543442  0.0445907  0.0516695  0.0521413
 4  0.0419424  0.0501202  0.0425797  0.0429203  0.0449918  0.0438742  0.0408559  0.0484956  0.0539857  0.0468308  0.0308876  0.0376101  0.0408208  0.0398853  0.0357525  0.0393655  0.0436877  0.0401063  0.0398497  0.0376907  0.0409854  0.0400809  0.0470247  0.0481464  0.0387931  0.0428417  0.0407937
 1  0.1216805  0.0775382  0.0556994  0.0625018  0.0536320  0.0771699  0.0721609  0.0694583  0.0573674  0.1284483  0.1282757  0.2220203  0.2799897  0.2168096  0.2048435  0.1853045  0.1734375  0.0890928  0.0750927  0.1188145  0.1259019  0.1700348  0.1540858  0.1811690  0.1728176  0.2196949  0.2657373
 2  0.0233076  0.0124971  0.0086458  0.0104759  0.0095351  0.0145011  0.0123460  0.0119305  0.0101743  0.0241751  0.0257669  0.0475361  0.0631352  0.0420883  0.0370486  0.0328118  0.0307163  0.0156839  0.0139393  0.0246262  0.0261285  0.0327953  0.0277240  0.0324678  0.0327112  0.0453513  0.0588660
 3  0.1125661  0.1397205  0.1565973  0.0902532  0.0877490  0.1477156  0.1429463  0.0802374  0.0894721  0.0898261  0.0921196  0.0920888  0.0901540  0.0601692  0.0546418  0.0643308  0.0595017  0.0492943  0.0488129  0.0469253  0.0525460  0.0473903  0.0486872  0.0518853  0.0511236  0.0517539  0.0539387
 4  0.0435238  0.0470472  0.0450033  0.0455437  0.0394486  0.0478268  0.0483886  0.0476736  0.0463005  0.0434897  0.0416311  0.0377348  0.0444382  0.0449486  0.0459657  0.0450001  0.0468180  0.0443359  0.0416367  0.0407936  0.0463366  0.0489765  0.0492526  0.0510914  0.0422566  0.0401372  0.0516804
 1  0.1291358  0.0481336  0.0332420  0.0557961  0.0402218  0.1405014  0.1417288  0.2156696  0.2682091  0.1921821  0.1971855  0.1268809  0.0757651  0.1188778  0.1216402  0.1339639  0.1481519  0.0699836  0.0706958  0.0661512  0.0635700  0.1058721  0.1105650  0.0840054  0.0817043  0.1277093  0.1421279
 2  0.0246433  0.0076257  0.0051455  0.0084908  0.0067382  0.0252904  0.0268986  0.0438559  0.0526008  0.0362603  0.0350871  0.0173262  0.0118785  0.0216888  0.0251242  0.0299277  0.0326519  0.0152340  0.0154261  0.0140645  0.0137603  0.0233643  0.0242750  0.0177656  0.0177399  0.0289765  0.0308340
 3  0.1195893  0.1345342  0.1589929  0.0867894  0.0898685  0.1520839  0.1405635  0.1436363  0.1495240  0.0803363  0.0938365  0.0801501  0.0819878  0.0665539  0.0745255  0.0711610  0.0616758  0.0464622  0.0519942  0.0548748  0.0518023  0.0559851  0.0546184  0.0514010  0.0535944  0.0568726  0.0528759
 4  0.0454104  0.0480518  0.0493157  0.0479037  0.0455006  0.0383591  0.0359508  0.0355706  0.0402960  0.0435955  0.0610184  0.0518165  0.0435042  0.0403527  0.0420167  0.0433025  0.0418997  0.0393825  0.0408056  0.0422517  0.0406416  0.0380256  0.0442273  0.0435606  0.0390146  0.0425549  0.0421016
 1  0.1456978  0.0688853  0.0459495  0.0968194  0.0769205  0.0923382  0.0802989  0.1659738  0.1442793  0.1827593  0.2335288  0.1228370  0.1122243  0.0756727  0.0789326  0.1180967  0.1275393  0.0961404  0.1005396  0.0886421  0.0894865  0.0632737  0.0573053  0.0390106  0.0312198  0.0988140  0.1059827
 2  0.0272533  0.0105586  0.0069035  0.0148774  0.0127471  0.0163638  0.0116586  0.0258524  0.0254905  0.0367798  0.0513931  0.0244122  0.0218079  0.0154041  0.0170166  0.0262108  0.0281430  0.0213124  0.0217931  0.0190972  0.0195447  0.0135225  0.0101866  0.0067826  0.0060360  0.0210716  0.0250034
 3  0.1352938  0.1323710  0.1522535  0.1602668  0.1678306  0.1561244  0.1548909  0.1498027  0.1404833  0.1368904  0.1298002  0.0666671  0.0656646  0.0643512  0.0720322  0.0753138  0.0662354  0.0474866  0.0550552  0.0493457  0.0521257  0.0557492  0.0473105  0.0438400  0.0477513  0.0545981  0.0511486
 4  0.0503031  0.0438247  0.0493053  0.0477400  0.0421972  0.0554803  0.0562406  0.0405851  0.0300661  0.0301945  0.0353755  0.0469460  0.0394507  0.0395081  0.0391540  0.0419158  0.0388655  0.0354080  0.0385119  0.0387274  0.0435728  0.0526835  0.0483578  0.0423439  0.0396866  0.0375209  0.0503170
 1  0.1394635  0.1067567  0.0741015  0.0993044  0.0868605  0.1283496  0.1327036  0.1367687  0.1413708  0.0848272  0.0606086  0.0941531  0.0935822  0.0904433  0.0918782  0.0838953  0.0895906  0.0537312  0.0505308  0.0933595  0.0849892  0.1194710  0.1294845  0.1117555  0.1085657  0.1499598  0.1759557
 2  0.0258566  0.0164305  0.0111190  0.0160038  0.0145309  0.0231179  0.0262341  0.0277993  0.0270287  0.0135670  0.0102283  0.0177197  0.0179505  0.0184454  0.0206662  0.0195526  0.0196693  0.0116731  0.0095001  0.0175805  0.0165673  0.0252636  0.0287555  0.0238283  0.0229800  0.0330819  0.0420956
 3  0.1297000  0.1311913  0.1582745  0.1733737  0.1543285  0.1538609  0.1453414  0.0908106  0.0929265  0.0893374  0.0786644  0.0935744  0.0843516  0.0654161  0.0710066  0.0698614  0.0686353  0.0508787  0.0486043  0.0443841  0.0500616  0.0560616  0.0558789  0.0530451  0.0493598  0.0539217  0.0545339
 4  0.0471594  0.0492804  0.0437396  0.0440872  0.0402346  0.0345215  0.0324864  0.0406564  0.0516338  0.0504938  0.0417363  0.0411467  0.0418753  0.0384428  0.0404695  0.0458751  0.0416154  0.0499679  0.0424002  0.0414019  0.0419528  0.0455820  0.0445721  0.0429134  0.0394322  0.0367596  0.0344971
 1  0.1220500  0.1105702  0.0822840  0.0923827  0.0882367  0.0796713  0.0629813  0.1324920  0.1233840  0.1232957  0.1275974  0.1479085  0.1443260  0.2887038  0.3729509  0.3484201  0.2560536  0.1416487  0.1406045  0.2119672  0.2143885  0.1189813  0.1150223  0.1890583  0.2026532  0.0975505  0.0865433
 2  0.0232430  0.0178040  0.0126431  0.0158670  0.0151238  0.0128832  0.0109045  0.0233157  0.0213946  0.0229155  0.0245581  0.0276760  0.0267014  0.0556505  0.0745622  0.0511431  0.0385168  0.0244717  0.0265263  0.0402682  0.0412154  0.0230763  0.0225040  0.0388138  0.0377696  0.0175600  0.0171044
 3  0.1131263  0.1517389  0.1532965  0.1611937  0.1529501  0.1489945  0.1488558  0.1541689  0.1421359  0.1427417  0.1395084  0.1336287  0.1456051  0.1317358  0.1359767  0.0909973  0.0745285  0.0641802  0.0679410  0.0669483  0.0651697  0.0458120  0.0496235  0.0504259  0.0527262  0.0477084  0.0475475
 4  0.0431712  0.0519820  0.0426069  0.0410368  0.0511955  0.0451112  0.0414387  0.0456030  0.0397980  0.0372816  0.0401437  0.0403278  0.0400556  0.0324178  0.0422520  0.0553264  0.0437685  0.0391152  0.0422845  0.0458167  0.0443578  0.0417002  0.0404086  0.0473265  0.0453970  0.0444932  0.0394098
 1  0.1033990  0.1104242  0.0857648  0.1028698  0.0810433  0.1458383  0.1222279  0.0922704  0.0976735  0.0589798  0.0596877  0.0954381  0.1020833  0.0336340  0.0330995  0.1126925  0.1208018  0.1673997  0.1977728  0.1873604  0.1862735  0.1577510  0.1530076  0.1021795  0.0947429  0.0396124  0.0303959
 2  0.0201090  0.0185609  0.0136272  0.0160884  0.0128054  0.0230325  0.0209245  0.0177807  0.0214483  0.0133646  0.0131273  0.0211717  0.0219446  0.0073352  0.0071057  0.0249739  0.0272801  0.0387968  0.0445970  0.0381583  0.0351234  0.0295140  0.0289608  0.0200024  0.0171039  0.0067978  0.0056482
 3  0.0955240  0.1401808  0.1519990  0.1608810  0.1506197  0.1515830  0.1363885  0.0897016  0.0868637  0.0868696  0.0804234  0.0631410  0.0747359  0.0550839  0.0520390  0.0492703  0.0578695  0.0574178  0.0621973  0.0553585  0.0502721  0.0485719  0.0535969  0.0485450  0.0529738  0.0433823  0.0489447
 4  0.0379955  0.0485215  0.0498766  0.0500400  0.0483971  0.0445756  0.0327985  0.0340895  0.0361778  0.0408563  0.0398077  0.0395857  0.0384147  0.0443119  0.0433242  0.0390514  0.0405154  0.0401979  0.0474110  0.0448032  0.0445357  0.0447127  0.0416184  0.0468411  0.0546199  0.0441624  0.0436023
 1  0.1289827  0.0726700  0.0509707  0.0406364  0.0225813  0.0863379  0.0932510  0.1393907  0.0921261  0.1024853  0.0963276  0.1157612  0.1351703  0.1367798  0.1539943  0.1659788  0.1651242  0.1187935  0.0847719  0.1049111  0.1029875  0.1118796  0.1217409  0.1167867  0.1397160  0.1702454  0.2110844
 2  0.0254748  0.0117440  0.0078615  0.0052845  0.0034683  0.0159868  0.0201008  0.0227411  0.0139437  0.0174678  0.0183179  0.0249372  0.0332331  0.0338185  0.0338926  0.0326428  0.0316332  0.0190724  0.0138821  0.0192548  0.0211027  0.0245965  0.0282456  0.0284202  0.0350939  0.0429438  0.0499168
 3  0.1188967  0.1260613  0.1786094  0.0795567  0.0816920  0.1349236  0.1368455  0.1255577  0.1351739  0.1141076  0.1116844  0.0871656  0.0839805  0.0703769  0.0681651  0.0720120  0.0640523  0.0642090  0.0578473  0.0650080  0.0698663  0.0700583  0.0670736  0.0692696  0.0669881  0.0547355  0.0550252
 4  0.0485996  0.0466982  0.0643248  0.0540355  0.0427447  0.0266653  0.0509490  0.0592013  0.0419317  0.0288464  0.0266949  0.0354558  0.0368839  0.0470982  0.0487520  0.0509710  0.0560653  0.0561947  0.0488128  0.0425338  0.0426898  0.0433131  0.0411069  0.0382839  0.0363925  0.0369684  0.0448453
 1  0.1303734  0.1043272  0.0761649  0.2016112  0.1956910  0.1295830  0.1222177  0.1320509  0.1107716  0.1061317  0.0980056  0.1148572  0.1320326  0.1262115  0.0937959  0.1100227  0.0971854  0.1810038  0.2314847  0.2757215  0.1611685  0.1469916  0.1501917  0.2006273  0.2356620  0.1430912  0.1730948
 2  0.0246442  0.0165740  0.0115877  0.0326692  0.0342361  0.0239879  0.0195784  0.0217092  0.0190557  0.0190343  0.0191558  0.0250902  0.0314140  0.0238474  0.0142625  0.0182982  0.0186332  0.0402065  0.0565313  0.0402365  0.0232178  0.0251848  0.0305902  0.0442298  0.0531393  0.0335827  0.0395828
 3  0.1208495  0.1558834  0.1654930  0.1613206  0.1603746  0.0877849  0.0883923  0.0810577  0.0884894  0.0843135  0.0881026  0.0749093  0.0705001  0.0713938  0.0545154  0.0574474  0.0731450  0.0706999  0.0682808  0.0666755  0.0452168  0.0620691  0.0666815  0.0679975  0.0664605  0.0536836  0.0538184
 4  0.0458997  0.0564160  0.0483470  0.0394218  0.0345711  0.0474179  0.0482798  0.0450807  0.0441646  0.0382983  0.0373458  0.0371912  0.0496345  0.0613514  0.0524925  0.0430063  0.0415580  0.0360209  0.0654454  0.0660741  0.0494759  0.0409168  0.0371678  0.0411164  0.0395112  0.0397276  0.0403534
 1  0.1268093  0.0785731  0.0565989  0.0674915  0.0575306  0.1033116  0.0983224  0.1631415  0.1825033  0.0828727  0.0584187  0.0935535  0.0973445  0.1127857  0.1203132  0.1684494  0.1700233  0.1366711  0.1318230  0.2304435  0.2896983  0.1574529  0.1604538  0.1219438  0.0770598  0.1636818  0.1707356
 2  0.0247688  0.0127079  0.0086785  0.0112637  0.0101036  0.0187808  0.0187658  0.0333257  0.0364925  0.0134900  0.0101167  0.0182925  0.0205780  0.0252381  0.0261502  0.0350268  0.0314261  0.0254543  0.0268816  0.0506145  0.0640271  0.0327288  0.0317820  0.0182773  0.0123351  0.0300166  0.0348540
 3  0.1170336  0.1562974  0.1564223  0.0859192  0.0865480  0.1421660  0.1338285  0.0881111  0.0945659  0.0546495  0.0567530  0.0687995  0.0685206  0.0694247  0.0705135  0.0488206  0.0461689  0.0442338  0.0537849  0.0602274  0.0532305  0.0487420  0.0460595  0.0392370  0.0380253  0.0501269  0.0602802
 4  0.0472314  0.0526325  0.0436022  0.0406842  0.0432294  0.0392792  0.0331319  0.0387989  0.0531180  0.0481881  0.0429227  0.0391389  0.0386874  0.0418613  0.0433323  0.0458381  0.0432884  0.0370261  0.0377002  0.0411905  0.0402669  0.0416608  0.0569329  0.0479196  0.0439398  0.0401707  0.0467494
 1  0.1361934  0.0865866  0.0597713  0.0781922  0.0676937  0.1460521  0.1343347  0.1422272  0.0930604  0.1063779  0.1070164  0.0888138  0.0797291  0.0983055  0.0984749  0.1392680  0.1757221  0.2302128  0.2844519  0.0947117  0.0876995  0.1149293  0.1069711  0.2403878  0.1790408  0.1821750  0.1895651
 2  0.0264105  0.0137034  0.0090770  0.0126328  0.0119508  0.0256565  0.0236500  0.0206673  0.0144983  0.0190565  0.0222385  0.0182292  0.0148187  0.0191765  0.0208146  0.0329792  0.0450133  0.0577166  0.0593741  0.0181524  0.0159005  0.0215618  0.0207431  0.0383108  0.0296491  0.0334444  0.0370289
 3  0.1257440  0.1234269  0.1513322  0.1632679  0.1581679  0.1409696  0.1475529  0.0869198  0.0832002  0.0885187  0.0942369  0.0735203  0.0609838  0.0622226  0.0739655  0.0704068  0.0651644  0.0571633  0.0527605  0.0489699  0.0482807  0.0441843  0.0564471  0.0488830  0.0400112  0.0474851  0.0505471
 4  0.0501259  0.0483800  0.0467829  0.0420331  0.0403074  0.0398502  0.0547765  0.0575192  0.0469860  0.0380027  0.0427551  0.0537865  0.0475671  0.0412990  0.0393639  0.0368928  0.0364677  0.0425111  0.0441626  0.0453265  0.0453284  0.0406359  0.0613262  0.0512618  0.0461364  0.0427949  0.0429827
 1  0.1185326  0.0608623  0.0434808  0.0329483  0.0281227  0.1308972  0.1470217  0.0798624  0.0520354  0.1146073  0.1165793  0.1072091  0.1119612  0.1440726  0.1615713  0.2544214  0.2969192  0.0993493  0.0804037  0.1143346  0.1181859  0.1046801  0.1042848  0.1940842  0.2394069  0.2024694  0.1784441
 2  0.0227503  0.0098581  0.0068248  0.0055451  0.0053557  0.0272338  0.0283770  0.0121034  0.0083806  0.0210455  0.0226015  0.0221158  0.0235115  0.0310012  0.0342464  0.0540498  0.0523191  0.0162528  0.0148388  0.0231573  0.0246040  0.0219118  0.0229341  0.0447143  0.0527298  0.0374124  0.0322909
 3  0.1096772  0.1343591  0.1540721  0.0892511  0.0969308  0.1443513  0.1351771  0.0834839  0.0833661  0.0936654  0.0904845  0.0922429  0.0978991  0.0847378  0.0890540  0.0638599  0.0698751  0.0444247  0.0439661  0.0552029  0.0574669  0.0514552  0.0478897  0.0529162  0.0585414  0.0451139  0.0465273
 4  0.0422451  0.0460631  0.0456009  0.0412632  0.0376779  0.0395554  0.0575037  0.0545472  0.0475138  0.0429565  0.0423044  0.0477734  0.0446692  0.0404005  0.0420516  0.0495390  0.0538506  0.0434808  0.0411480  0.0425073  0.0455014  0.0451303  0.0357546  0.0390413  0.0489067  0.0440443  0.0398575
 1  0.1320631  0.0507212  0.0349704  0.0351045  0.0173912  0.0934469  0.0968630  0.0837398  0.0905531  0.1250390  0.1422027  0.1605269  0.1605521  0.1033409  0.0967370  0.1420991  0.1526408  0.0980030  0.0934203  0.0543847  0.0534640  0.0273566  0.0244765  0.0672526  0.0641317  0.1276265  0.1319753
 2  0.0255619  0.0080471  0.0053860  0.0042286  0.0026081  0.0167530  0.0197973  0.0188938  0.0201626  0.0278674  0.0324001  0.0335332  0.0301934  0.0190128  0.0188058  0.0288255  0.0321396  0.0199385  0.0189390  0.0115393  0.0108693  0.0055001  0.0051757  0.0142134  0.0135124  0.0270636  0.0291983
 3  0.1220465  0.1350332  0.1640626  0.0840227  0.0773796  0.1369164  0.1273194  0.0830001  0.0815307  0.0865991  0.0883045  0.0901497  0.0838812  0.0915975  0.0840469  0.0877934  0.0826042  0.0680769  0.0646388  0.0517082  0.0550610  0.0494845  0.0512275  0.0563265  0.0513083  0.0536117  0.0555817
 4  0.0476083  0.0511891  0.0715976  0.0564559  0.0442506  0.0303345  0.0307561  0.0422729  0.0431180  0.0387184  0.0415844  0.0496386  0.0490370  0.0456902  0.0391132  0.0402919  0.0410502  0.0445328  0.0412869  0.0418891  0.0457081  0.0419814  0.0431636  0.0473484  0.0427454  0.0430833  0.0445507
 1  0.1123856  0.0467873  0.0343224  0.0976441  0.0945980  0.2080099  0.1872714  0.1751529  0.1481103  0.1834603  0.1923029  0.0829277  0.0860396  0.1399879  0.1447992  0.2059330  0.2101354  0.1208548  0.1069690  0.1258758  0.1183818  0.1636618  0.1610359  0.1909283  0.1992302  0.2800094  0.3523228
 2  0.0216566  0.0077500  0.0054765  0.0173828  0.0184948  0.0382423  0.0268845  0.0273923  0.0239460  0.0327275  0.0381769  0.0175937  0.0176207  0.0280140  0.0293737  0.0397514  0.0383859  0.0213069  0.0202738  0.0237823  0.0232998  0.0318665  0.0313756  0.0370867  0.0396624  0.0574509  0.0735056
 3  0.1039106  0.1452729  0.1497521  0.0792441  0.0870855  0.1516027  0.1573226  0.0771208  0.0927786  0.0914678  0.0860856  0.0899246  0.0881013  0.0943511  0.0887418  0.0898366  0.0890108  0.0625491  0.0640344  0.0709351  0.0641510  0.0665593  0.0569464  0.0671000  0.0608726  0.0682818  0.0700671
 4  0.0408804  0.0492858  0.0399898  0.0346965  0.0425529  0.0612309  0.0549312  0.0457694  0.0463367  0.0427279  0.0354007  0.0422422  0.0453968  0.0460930  0.0440602  0.0442334  0.0506059  0.0462630  0.0438847  0.0464810  0.0449534  0.0465132  0.0409208  0.0445265  0.0396512  0.0412002  0.0481127
