FL 2019 2020 2021 2022 2023 2024 2025 2026 2027 2028 2029 2030 2031 2032 2033 2034 2035 2036 2037 2038 2039 2040 2041 2042 2043 2044 2045
 1  0.7288134  0.6829873  0.6581188  0.6521119  0.6771067  0.7140246  0.6945292  0.6807606  0.6676951  0.6606159  0.6594979  0.6608730  0.6711759  0.6672383  0.6626377  0.6737631  0.6812311  0.6682596  0.6638041  0.6839460  0.7046255  0.7095525  0.7084902  0.7102280  0.7168740  0.7086647  0.6937347
 2  0.5725724  0.5324563  0.5355262  0.5450175  0.5966502  0.6164559  0.6001606  0.5630161  0.5103677  0.4782543  0.4877223  0.5326150  0.5535475  0.5441283  0.5292278  0.5454603  0.5595761  0.5440485  0.5356832  0.5671977  0.5944203  0.6016838  0.5909251  0.5851957  0.5851858  0.5775309  0.5485270
 3  0.7521145  0.7094340  0.6841918  0.6756644  0.6928373  0.7379536  0.7190038  0.7009531  0.6848123  0.6759736  0.6740146  0.6776715  0.6907337  0.6869190  0.6798687  0.6901588  0.7007309  0.6888466  0.6810752  0.7002716  0.7247811  0.7306025  0.7287269  0.7278005  0.7360959  0.7285800  0.7121950
 4  0.4566311  0.4437178  0.4673372  0.4675745  0.5383031  0.5555572  0.5025798  0.4268163  0.3736511  0.3686828  0.4196954  0.4746266  0.4764552  0.4395387  0.4330959  0.4781754  0.4863276  0.4404043  0.4438627  0.5078339  0.5288601  0.5179171  0.4852165  0.4934601  0.5056630  0.4769403  0.4269911
 1  0.7290193  0.6838820  0.6601290  0.6536733  0.6575572  0.6698277  0.6874595  0.6860240  0.6851941  0.6933968  0.6912393  0.6881769  0.6966262  0.6987282  0.7053714  0.7068276  0.7109923  0.7237863  0.7141740  0.7092120  0.6928670  0.6741526  0.6715059  0.6484360  0.6464621  0.6599878  0.6807897
 2  0.5731135  0.5329778  0.5358456  0.5464766  0.5485347  0.5611613  0.5749378  0.5722559  0.5674770  0.5692678  0.5626173  0.5528717  0.5527910  0.5531771  0.5570786  0.5572811  0.5781916  0.5964814  0.5940697  0.5729426  0.5342272  0.5181927  0.5248103  0.5116868  0.5112641  0.5364658  0.5638879
 3  0.7523618  0.7102255  0.6860089  0.6769003  0.6782106  0.6872823  0.7065144  0.7065287  0.7036277  0.7120998  0.7107134  0.7058379  0.7141047  0.7159060  0.7221653  0.7245283  0.7270276  0.7438668  0.7353040  0.7274480  0.7098867  0.6909325  0.6893440  0.6681588  0.6635150  0.6763713  0.6991613
 4  0.4573780  0.4432885  0.4663154  0.4705680  0.4593208  0.4861337  0.5050162  0.4832969  0.4786708  0.4876793  0.4658433  0.4564074  0.4576632  0.4575552  0.4671620  0.4560990  0.5042281  0.5272190  0.4937217  0.4453412  0.4171531  0.4338889  0.4466797  0.4149829  0.4242411  0.4728300  0.4939812
 1  0.7283085  0.6841639  0.6578310  0.6562228  0.6724092  0.6718387  0.6525223  0.6533081  0.6678796  0.6690485  0.6689525  0.6727563  0.6852953  0.6880075  0.6880573  0.6984545  0.6937941  0.6959558  0.6932516  0.6933800  0.6908976  0.6873050  0.6831970  0.6864769  0.7023227  0.7030752  0.6955360
 2  0.5726575  0.5332084  0.5344821  0.5608390  0.5752412  0.5677051  0.5375405  0.5401010  0.5558988  0.5527155  0.5407782  0.5397422  0.5598343  0.5671186  0.5700262  0.5699699  0.5655690  0.5648548  0.5657608  0.5643564  0.5533144  0.5375589  0.5314577  0.5660288  0.5952975  0.5986951  0.5800184
 3  0.7516802  0.7103537  0.6836907  0.6779658  0.6939331  0.6931495  0.6712214  0.6705542  0.6870904  0.6887541  0.6875497  0.6894346  0.7026619  0.7082121  0.7068421  0.7169096  0.7123422  0.7144220  0.7121209  0.7122692  0.7096740  0.7046280  0.6993903  0.7034498  0.7229126  0.7253663  0.7163055
 4  0.4573648  0.4429854  0.4658857  0.4978213  0.5038284  0.4714476  0.4445057  0.4736008  0.4834037  0.4626827  0.4373234  0.4557953  0.4933296  0.4860188  0.4797369  0.4799716  0.4775965  0.4804692  0.4803452  0.4747860  0.4489015  0.4245084  0.4471028  0.5082588  0.5319410  0.5152866  0.4645140
 1  0.7292546  0.6839832  0.6608269  0.6563050  0.6578784  0.6628742  0.6656772  0.6787328  0.6923673  0.7094967  0.7079337  0.7037449  0.7114499  0.7100839  0.7103362  0.7116913  0.7114293  0.7142984  0.7039052  0.6991636  0.6991021  0.7055956  0.6928310  0.6810056  0.6752582  0.6754363  0.6815032
 2  0.5718989  0.5325022  0.5362216  0.5501955  0.5537325  0.5497177  0.5476505  0.5557065  0.5809604  0.5987100  0.5962706  0.5842789  0.5747742  0.5633572  0.5471346  0.5381291  0.5427044  0.5502414  0.5526938  0.5526763  0.5701638  0.5828989  0.5699457  0.5400281  0.5120382  0.5114579  0.5251362
 3  0.7524902  0.7105481  0.6868310  0.6792384  0.6784228  0.6823829  0.6834435  0.6965203  0.7100020  0.7298443  0.7295123  0.7225171  0.7295826  0.7280657  0.7265192  0.7274174  0.7269387  0.7309962  0.7214663  0.7167001  0.7166277  0.7256433  0.7136866  0.6994841  0.6916081  0.6911606  0.6980881
 4  0.4556608  0.4436466  0.4661984  0.4758950  0.4731727  0.4595326  0.4638918  0.4790698  0.5130058  0.5291633  0.5027311  0.4813123  0.4780991  0.4521455  0.4298673  0.4255355  0.4496354  0.4599670  0.4570266  0.4629130  0.4979425  0.5078827  0.4664010  0.4127237  0.3993342  0.4262293  0.4438268
 1  0.7307392  0.6864747  0.6618297  0.6576123  0.6738526  0.6940018  0.6832480  0.6833413  0.6614988  0.6536529  0.6272203  0.5709143  0.6218357  0.6831987  0.6872985  0.6929434  0.6841887  0.6779233  0.6799489  0.6989773  0.6921873  0.6884754  0.6832681  0.6781464  0.6640392  0.6503999  0.6811379
 2  0.5709265  0.5324007  0.5361662  0.5535210  0.5787965  0.5903349  0.5798450  0.5684527  0.5520955  0.5462450  0.5161275  0.4585768  0.5414656  0.5880974  0.5939848  0.5816145  0.5495423  0.5177847  0.5432310  0.5824175  0.5831785  0.5634411  0.5339172  0.5145391  0.5010122  0.5343809  0.5806624
 3  0.7534590  0.7126204  0.6877581  0.6803338  0.6932540  0.7150022  0.7039204  0.7031151  0.6809302  0.6735208  0.6494187  0.5893289  0.6324579  0.7037078  0.7092870  0.7128905  0.7029331  0.6948565  0.6942330  0.7194049  0.7143232  0.7073836  0.7003548  0.6950201  0.6805955  0.6664491  0.6999378
 4  0.4540021  0.4430379  0.4667893  0.4823158  0.5111525  0.5149344  0.4941379  0.4806379  0.4750626  0.4757858  0.4183321  0.3754146  0.5022263  0.5333066  0.5085437  0.4747703  0.4315900  0.3991331  0.4863502  0.5241022  0.4877703  0.4407880  0.4221929  0.4096474  0.4138533  0.4824371  0.5225053
 1  0.7296156  0.6865135  0.6597803  0.6528591  0.6571063  0.6611657  0.6529836  0.6636334  0.6891476  0.6954199  0.6860094  0.6784552  0.6866033  0.6992184  0.7009763  0.6990793  0.6903589  0.6844580  0.6911825  0.6965308  0.7002877  0.7116408  0.7126602  0.7034110  0.6925895  0.6962180  0.7042458
 2  0.5721350  0.5333712  0.5351317  0.5505477  0.5574535  0.5518407  0.5356559  0.5542828  0.5856326  0.5911070  0.5709986  0.5369231  0.5253123  0.5398169  0.5562752  0.5600970  0.5440014  0.5244398  0.5330134  0.5497193  0.5693511  0.5924420  0.5965341  0.5812884  0.5557270  0.5635374  0.5759205
 3  0.7525046  0.7124216  0.6856374  0.6757233  0.6779313  0.6813827  0.6713776  0.6798432  0.7084652  0.7172118  0.7069494  0.6964163  0.7019071  0.7151220  0.7184558  0.7176101  0.7086934  0.7009043  0.7068124  0.7140154  0.7177493  0.7302656  0.7340792  0.7237781  0.7099336  0.7135534  0.7236924
 4  0.4555682  0.4427927  0.4667100  0.4807702  0.4810644  0.4600123  0.4453800  0.4932001  0.5240535  0.5109861  0.4575990  0.4064258  0.4275375  0.4621707  0.4760944  0.4651793  0.4275275  0.4136998  0.4521899  0.4701032  0.4918191  0.5223864  0.5150804  0.4668182  0.4521590  0.4923114  0.4964452
 1  0.7282820  0.6802620  0.6536923  0.6514485  0.6694484  0.6737406  0.6703128  0.6737284  0.6822905  0.6875223  0.6880168  0.6972611  0.7127128  0.7103432  0.7053671  0.7038517  0.6981367  0.6888906  0.6965681  0.7178219  0.7116263  0.7099437  0.7117503  0.7126544  0.7074592  0.7038490  0.7025577
 2  0.5697585  0.5310939  0.5342594  0.5559167  0.5685783  0.5604918  0.5325911  0.5142631  0.5168564  0.5216572  0.5288971  0.5643933  0.5951871  0.6007867  0.5875178  0.5660101  0.5401874  0.5206726  0.5712402  0.6067202  0.6115795  0.6016878  0.5882250  0.5727891  0.5466119  0.5248233  0.5088741
 3  0.7517544  0.7072754  0.6800261  0.6737856  0.6907789  0.6940055  0.6879117  0.6895587  0.6979770  0.7036456  0.7041514  0.7128051  0.7326445  0.7321254  0.7257189  0.7216651  0.7149156  0.7058622  0.7108642  0.7397078  0.7347974  0.7304582  0.7309352  0.7311197  0.7243832  0.7195834  0.7175996
 4  0.4555172  0.4446611  0.4668791  0.4902137  0.4895755  0.4536016  0.4128347  0.4108320  0.4248663  0.4255149  0.4336395  0.5011568  0.5318396  0.5174158  0.4775326  0.4458423  0.4318514  0.4146142  0.5153749  0.5488363  0.5277350  0.5020789  0.4888124  0.4616710  0.4224275  0.3978959  0.3850953
 1  0.7315684  0.6872715  0.6645220  0.6577148  0.6607081  0.6693725  0.6829718  0.7056924  0.6918181  0.6871885  0.6859254  0.6838070  0.6712657  0.6580498  0.6624128  0.6646247  0.6912859  0.7185674  0.7015881  0.6905928  0.6792803  0.6590241  0.6445465  0.6341596  0.6592448  0.6788811  0.6996049
 2  0.5697771  0.5318252  0.5385192  0.5476759  0.5460081  0.5386250  0.5638296  0.5919738  0.5927643  0.5868143  0.5795616  0.5612827  0.5263474  0.4992929  0.4992888  0.5146881  0.5878267  0.6150291  0.6039048  0.5773691  0.5458177  0.5169040  0.4916022  0.4996096  0.5374792  0.5693317  0.5955013
 3  0.7537993  0.7131676  0.6905108  0.6813964  0.6814047  0.6870192  0.6981232  0.7256809  0.7136473  0.7088205  0.7072518  0.7033025  0.6893716  0.6748717  0.6783643  0.6809494  0.7055194  0.7419981  0.7257930  0.7104186  0.6975471  0.6784377  0.6621147  0.6501457  0.6761108  0.6965121  0.7188927
 4  0.4515532  0.4434329  0.4701444  0.4678930  0.4449460  0.4352609  0.5019881  0.5301520  0.5189316  0.5104845  0.4883587  0.4527206  0.4107795  0.3955312  0.4102284  0.4368798  0.5355659  0.5552296  0.5077314  0.4610960  0.4500231  0.4153862  0.3899863  0.4332398  0.4734470  0.5038316  0.5281732
 1  0.7286303  0.6828830  0.6563583  0.6496069  0.6428412  0.6534694  0.6627004  0.6711081  0.6986425  0.7080980  0.6996097  0.6899816  0.6808431  0.6771883  0.6769106  0.6706249  0.6747878  0.6825105  0.6998918  0.6985760  0.7034704  0.7098762  0.7087918  0.7190709  0.7325537  0.7197822  0.7095152
 2  0.5686480  0.5316152  0.5346529  0.5437449  0.5422674  0.5500025  0.5574181  0.5742286  0.5994196  0.6072416  0.5915655  0.5633735  0.5299947  0.5130281  0.5057867  0.4938431  0.4945864  0.5275887  0.5604631  0.5701606  0.5750130  0.5781013  0.5721189  0.6046844  0.6229303  0.6199558  0.5943858
 3  0.7517398  0.7093301  0.6824498  0.6731906  0.6631516  0.6719695  0.6818908  0.6891267  0.7186554  0.7300904  0.7212444  0.7094120  0.6979090  0.6934691  0.6934262  0.6866275  0.6899034  0.6970685  0.7176318  0.7175070  0.7210724  0.7285828  0.7275583  0.7348560  0.7565755  0.7438838  0.7300043
 4  0.4547156  0.4436557  0.4669469  0.4669189  0.4630133  0.4778862  0.4835526  0.5093841  0.5345692  0.5304564  0.4933942  0.4423775  0.4145130  0.4147310  0.3989168  0.3806315  0.3902111  0.4627885  0.4906127  0.4781207  0.4868934  0.4922171  0.4670780  0.5398510  0.5617430  0.5294905  0.4629632
 1  0.7290541  0.6817587  0.6560446  0.6598656  0.6853358  0.6828340  0.6746592  0.6759512  0.6878615  0.6914772  0.6961585  0.6961112  0.6931767  0.6954788  0.7097608  0.7103923  0.7114271  0.7072000  0.6981395  0.6921647  0.6899816  0.6915363  0.6874223  0.6660517  0.6757243  0.6942368  0.6914800
 2  0.5720311  0.5322537  0.5356293  0.5712229  0.5881615  0.5785278  0.5389531  0.5107084  0.5176474  0.5364140  0.5607015  0.5665530  0.5571732  0.5615578  0.5839566  0.5976961  0.5995048  0.5894349  0.5611791  0.5239846  0.4979332  0.5034504  0.5287212  0.5349221  0.5659812  0.5841036  0.5777949
 3  0.7524456  0.7084427  0.6822703  0.6808315  0.7078627  0.7046529  0.6928191  0.6910933  0.7031537  0.7077521  0.7136684  0.7152837  0.7118685  0.7116855  0.7284355  0.7308266  0.7324919  0.7278415  0.7169766  0.7088418  0.7048465  0.7059020  0.7042836  0.6852697  0.6932821  0.7146729  0.7124386
 4  0.4569095  0.4447763  0.4684580  0.5119724  0.5171945  0.4686139  0.3973379  0.4025313  0.4339801  0.4602496  0.4841370  0.4789372  0.4483389  0.4811491  0.5170364  0.5238181  0.5170433  0.4877354  0.4363007  0.3850621  0.3738335  0.4192114  0.4549936  0.4586597  0.5005894  0.5131533  0.4765320
 1  0.7304056  0.6862663  0.6624796  0.6566945  0.6671683  0.6809468  0.6831656  0.6929586  0.6815195  0.6702135  0.6796977  0.6876977  0.7073518  0.7046719  0.6931240  0.6903833  0.6852996  0.6809556  0.6875205  0.6826993  0.6858741  0.6887767  0.6919892  0.6940571  0.6885108  0.6860713  0.6857917
 2  0.5719358  0.5325228  0.5359363  0.5501367  0.5631124  0.5678460  0.5690932  0.5711401  0.5522685  0.5285186  0.5320482  0.5679244  0.5952599  0.5993021  0.5821675  0.5684048  0.5525267  0.5414255  0.5461394  0.5417944  0.5347134  0.5304599  0.5389486  0.5476267  0.5456391  0.5370385  0.5433413
 3  0.7532408  0.7124399  0.6883398  0.6795669  0.6873352  0.7003330  0.7013137  0.7121754  0.7014955  0.6872474  0.6961830  0.7040314  0.7277455  0.7266702  0.7134246  0.7098781  0.7044615  0.6980864  0.7051177  0.7011344  0.7029765  0.7050729  0.7080923  0.7119437  0.7068522  0.7030645  0.7025743
 4  0.4545313  0.4425846  0.4657635  0.4765718  0.4843523  0.4807889  0.4890812  0.4892488  0.4417362  0.4244224  0.4492749  0.5072507  0.5319277  0.5140027  0.4885276  0.4767096  0.4487655  0.4496784  0.4616027  0.4444639  0.4264952  0.4283191  0.4567737  0.4639914  0.4426994  0.4355581  0.4646333
 1  0.7281665  0.6811525  0.6570627  0.6544352  0.6691258  0.6736466  0.6662620  0.6630644  0.6608629  0.6706509  0.6774442  0.7019810  0.7056906  0.7102860  0.6982282  0.6927954  0.6848827  0.6771535  0.6859243  0.6800098  0.6938504  0.6957848  0.6937218  0.7015399  0.7097743  0.6976043  0.6913539
 2  0.5709774  0.5315600  0.5362088  0.5571643  0.5686752  0.5628620  0.5362685  0.5146496  0.5239136  0.5479678  0.5812138  0.6025786  0.6111118  0.6064041  0.5827918  0.5527305  0.5177563  0.5136125  0.5391637  0.5616182  0.5792662  0.5805299  0.5698994  0.5824964  0.5935046  0.5866035  0.5699526
 3  0.7515019  0.7078046  0.6832717  0.6769317  0.6903962  0.6939387  0.6845672  0.6800280  0.6765689  0.6890227  0.6952714  0.7233061  0.7278562  0.7324502  0.7190524  0.7108511  0.7016562  0.6924319  0.7028997  0.6986367  0.7133772  0.7161402  0.7125638  0.7186415  0.7310740  0.7189173  0.7109060
 4  0.4557197  0.4444463  0.4687426  0.4904815  0.4907841  0.4631650  0.4270922  0.4121728  0.4555225  0.4831058  0.5182965  0.5394574  0.5365654  0.5193551  0.4716444  0.4291339  0.3961337  0.4317081  0.4708636  0.4917616  0.5055223  0.4899699  0.4711255  0.5119745  0.5231553  0.4944808  0.4727607
 1  0.7281973  0.6813801  0.6591483  0.6507583  0.6598308  0.6925353  0.6944618  0.6938017  0.6937843  0.6967226  0.6982193  0.7037571  0.6980683  0.6902503  0.6797088  0.6780155  0.6859929  0.6941196  0.7120288  0.7035422  0.6969167  0.6987880  0.7009336  0.7033326  0.6993312  0.7018878  0.7101708
 2  0.5743464  0.5328744  0.5381605  0.5428599  0.5671306  0.5879561  0.5873162  0.5680999  0.5380143  0.5059657  0.4949821  0.5303320  0.5562315  0.5608204  0.5528615  0.5490044  0.5497405  0.5764998  0.5988890  0.5961684  0.5754694  0.5516655  0.5369200  0.5380044  0.5612562  0.5989216  0.6089957
 3  0.7516029  0.7076443  0.6852031  0.6749156  0.6781316  0.7125066  0.7156685  0.7128883  0.7107050  0.7116655  0.7115291  0.7189716  0.7160720  0.7097359  0.6989853  0.6959760  0.7043643  0.7101996  0.7328800  0.7262340  0.7165960  0.7157768  0.7171677  0.7191805  0.7165376  0.7209377  0.7343648
 4  0.4584144  0.4447439  0.4713349  0.4622931  0.4979625  0.5203551  0.4965158  0.4487292  0.4002248  0.3588780  0.4002066  0.4600490  0.4819022  0.4751423  0.4581819  0.4636774  0.4570788  0.5089822  0.5361117  0.5048698  0.4539988  0.4329668  0.4314618  0.4503061  0.4932449  0.5402977  0.5413647
 1  0.7281184  0.6807090  0.6557880  0.6498668  0.6436701  0.6544290  0.6759226  0.6745949  0.6496292  0.6206176  0.6495407  0.6781293  0.6822939  0.6785659  0.6707691  0.6671455  0.6854991  0.6974569  0.6987039  0.7127705  0.7083539  0.7027966  0.6941463  0.6867734  0.6912969  0.6916278  0.6896327
 2  0.5729084  0.5323670  0.5358422  0.5464105  0.5428183  0.5593315  0.5787313  0.5769840  0.5444870  0.5183293  0.5548069  0.5825237  0.5836432  0.5678977  0.5389414  0.5260482  0.5590129  0.5780879  0.5911436  0.5987118  0.5905925  0.5649121  0.5197796  0.4885334  0.4995617  0.5324401  0.5448619
 3  0.7517145  0.7074706  0.6820454  0.6734112  0.6644417  0.6718669  0.6957601  0.6963958  0.6710825  0.6394146  0.6657553  0.6982773  0.7041833  0.6992202  0.6895916  0.6836805  0.7017217  0.7177475  0.7177650  0.7329672  0.7294541  0.7213447  0.7102694  0.7014188  0.7054055  0.7082754  0.7079210
 4  0.4576816  0.4449541  0.4686867  0.4716306  0.4615717  0.4943430  0.5161756  0.4985678  0.4528947  0.4430139  0.4995687  0.5206817  0.5024819  0.4655211  0.4252701  0.4393636  0.4987149  0.5049339  0.5114867  0.5220482  0.4913037  0.4298074  0.3711791  0.3665802  0.4212060  0.4595275  0.4511191
 1  0.7289669  0.6802509  0.6575528  0.6558564  0.6718943  0.6834774  0.6748664  0.6698622  0.6715496  0.6759161  0.6887508  0.7102509  0.7202873  0.7101862  0.6990399  0.6974936  0.6999437  0.7058540  0.7039936  0.7018328  0.6995427  0.6924467  0.6905916  0.6939902  0.7038283  0.7120194  0.7153461
 2  0.5742236  0.5321444  0.5382036  0.5610324  0.5813620  0.5844752  0.5632731  0.5267565  0.4898421  0.4720522  0.5274647  0.6012045  0.6185889  0.6099992  0.5720433  0.5271236  0.4981930  0.5026819  0.5363222  0.5655272  0.5773978  0.5710242  0.5572778  0.5488989  0.5568447  0.5757503  0.5883416
 3  0.7523603  0.7067756  0.6838246  0.6784121  0.6924385  0.7052624  0.6957324  0.6877744  0.6872444  0.6896691  0.7019800  0.7283576  0.7444025  0.7330996  0.7179936  0.7135138  0.7141177  0.7196411  0.7196598  0.7197695  0.7195713  0.7127162  0.7091712  0.7108636  0.7204365  0.7294586  0.7346231
 4  0.4578898  0.4455059  0.4723567  0.4959226  0.5152149  0.5042544  0.4520425  0.3913798  0.3474535  0.3629963  0.4777430  0.5482039  0.5512246  0.5026662  0.4286452  0.3784626  0.3744616  0.4117793  0.4619766  0.4956827  0.4990931  0.4751512  0.4485158  0.4499910  0.4730740  0.5002458  0.5094785
 1  0.7287269  0.6813673  0.6569121  0.6506037  0.6560525  0.6775140  0.6812224  0.6804161  0.6737893  0.6628883  0.6765467  0.6813497  0.6754184  0.6745911  0.6801745  0.6836291  0.7023324  0.7185238  0.7071316  0.6994208  0.6950827  0.6946108  0.6966923  0.6983883  0.6942589  0.6924668  0.6888867
 2  0.5719461  0.5319569  0.5365378  0.5442732  0.5529996  0.5669965  0.5711433  0.5721473  0.5641496  0.5599893  0.5742258  0.5755725  0.5600646  0.5421802  0.5385112  0.5482357  0.5944457  0.6135515  0.6055771  0.5766998  0.5298262  0.4843625  0.4844717  0.5393547  0.5745793  0.5834468  0.5874386
 3  0.7520538  0.7080049  0.6831850  0.6745266  0.6759527  0.6956792  0.7007747  0.7000943  0.6942058  0.6823272  0.6957182  0.7027549  0.6958331  0.6922658  0.6973576  0.7008670  0.7190778  0.7417167  0.7303867  0.7190975  0.7116535  0.7086967  0.7094766  0.7146387  0.7134420  0.7139242  0.7093324
 4  0.4562514  0.4449012  0.4697036  0.4653726  0.4699769  0.4917014  0.4965828  0.4950626  0.4842727  0.4856555  0.5076344  0.4955142  0.4544647  0.4402400  0.4502653  0.4719114  0.5359577  0.5489577  0.5079969  0.4395215  0.3690054  0.3328437  0.4047108  0.4800038  0.5095504  0.5096551  0.5087658
 1  0.7276935  0.6812072  0.6552226  0.6508644  0.6681926  0.6839036  0.6801280  0.6739643  0.6795949  0.6905408  0.6984894  0.6985135  0.7012759  0.7125782  0.7220569  0.7101731  0.6958708  0.6932180  0.7021302  0.7010339  0.6859061  0.6700113  0.6603988  0.6450335  0.6548029  0.6863801  0.6909753
 2  0.5721492  0.5322268  0.5348612  0.5521717  0.5716399  0.5797388  0.5659866  0.5441064  0.5378879  0.5507176  0.5634438  0.5644981  0.5653171  0.5929585  0.6069417  0.5975685  0.5560064  0.5246594  0.5467758  0.5652218  0.5565484  0.5273936  0.5056794  0.4921514  0.5331124  0.5765038  0.5845777
 3  0.7511928  0.7077284  0.6813038  0.6736495  0.6884649  0.7040056  0.7002984  0.6926346  0.6962416  0.7072606  0.7166383  0.7168940  0.7187519  0.7296530  0.7442198  0.7321573  0.7142816  0.7081011  0.7177329  0.7204559  0.7062997  0.6883357  0.6771233  0.6626881  0.6696484  0.7052178  0.7125807
 4  0.4573467  0.4439921  0.4676465  0.4838892  0.4990339  0.4992685  0.4706253  0.4365341  0.4445545  0.4744436  0.4812519  0.4687598  0.4729824  0.5276151  0.5381027  0.4877830  0.4008785  0.4134794  0.4828754  0.4923021  0.4504090  0.4091885  0.4085870  0.4039085  0.4764621  0.5187545  0.4987314
 1  0.7285885  0.6861851  0.6620218  0.6601401  0.6790745  0.6828221  0.6887881  0.6884045  0.6711874  0.6559702  0.6643656  0.6880540  0.6843478  0.6855714  0.6942005  0.6916155  0.6990206  0.7007464  0.6989408  0.7079987  0.7173861  0.7090753  0.7053149  0.7039559  0.7026110  0.7082824  0.7202851
 2  0.5713707  0.5332933  0.5349763  0.5620272  0.5779339  0.5810901  0.5761144  0.5639771  0.5272901  0.4885700  0.5266921  0.5690842  0.5739859  0.5718268  0.5733847  0.5741788  0.5767981  0.5724817  0.5594116  0.5752879  0.5941467  0.5919980  0.5749866  0.5474338  0.5107443  0.5274031  0.5722844
 3  0.7516385  0.7121700  0.6876872  0.6816314  0.7006311  0.7030835  0.7079918  0.7081413  0.6898391  0.6722347  0.6781540  0.7072705  0.7056385  0.7037207  0.7133827  0.7112351  0.7180035  0.7201296  0.7166756  0.7240320  0.7378395  0.7302188  0.7243210  0.7210446  0.7176904  0.7211894  0.7381107
 4  0.4556943  0.4418778  0.4640399  0.4985838  0.5044211  0.4951314  0.4917796  0.4637822  0.4007180  0.3736245  0.4732080  0.5115224  0.4823846  0.4832539  0.4956276  0.4912963  0.4923461  0.4726681  0.4510092  0.5047997  0.5255502  0.4975564  0.4560272  0.4094510  0.3599624  0.4591235  0.5109715
 1  0.7287496  0.6821007  0.6567411  0.6489645  0.6245760  0.6120547  0.6559806  0.6709785  0.6727156  0.6721961  0.6802378  0.6967723  0.6929848  0.6909087  0.6979827  0.7027095  0.7062346  0.7035431  0.7032110  0.7073309  0.7115120  0.7084225  0.7057072  0.7109183  0.7185302  0.7173851  0.7174340
 2  0.5722266  0.5321358  0.5346531  0.5398909  0.5109333  0.5080908  0.5489633  0.5653820  0.5606240  0.5507971  0.5646129  0.5786101  0.5728534  0.5551448  0.5547363  0.5690368  0.5753550  0.5709103  0.5601510  0.5602678  0.5625539  0.5500277  0.5295576  0.5388886  0.5653915  0.5844748  0.5926712
 3  0.7522206  0.7088684  0.6828788  0.6727412  0.6462662  0.6279430  0.6727340  0.6907256  0.6920809  0.6911311  0.6972422  0.7165602  0.7135954  0.7082445  0.7144531  0.7208656  0.7253972  0.7222798  0.7205498  0.7242041  0.7293125  0.7257454  0.7209567  0.7253714  0.7356711  0.7358672  0.7369964
 4  0.4567510  0.4439026  0.4658623  0.4588206  0.4083178  0.4428859  0.4921778  0.4895574  0.4717755  0.4587922  0.4937381  0.5074706  0.4667969  0.4419483  0.4723793  0.4945511  0.4884275  0.4658056  0.4560968  0.4719810  0.4668221  0.4231068  0.3988031  0.4578979  0.4930395  0.5056033  0.5090511
 1  0.7314508  0.6876579  0.6632366  0.6615746  0.6801820  0.6868785  0.6726194  0.6615430  0.6544003  0.6763111  0.7069283  0.7012263  0.6925938  0.6937827  0.7027322  0.7052917  0.6852037  0.6678343  0.6455335  0.6183837  0.6613190  0.6548566  0.6425057  0.6260415  0.6402733  0.6623214  0.6765948
 2  0.5718119  0.5326729  0.5376219  0.5660400  0.5881075  0.5888315  0.5600949  0.5147566  0.4901414  0.5636378  0.6014254  0.6008392  0.5724873  0.5501440  0.5604666  0.5712960  0.5573916  0.5354896  0.5162571  0.5326247  0.5693951  0.5636798  0.5360737  0.5092425  0.5234399  0.5432696  0.5718582
 3  0.7538355  0.7134097  0.6891651  0.6833788  0.7012277  0.7092218  0.6938037  0.6795068  0.6692681  0.6897333  0.7286642  0.7239610  0.7122488  0.7102206  0.7192479  0.7246374  0.7052841  0.6864307  0.6642578  0.6337441  0.6818838  0.6774233  0.6626976  0.6452486  0.6565906  0.6803600  0.6941329
 4  0.4534029  0.4431864  0.4696611  0.5033290  0.5232890  0.5066385  0.4429575  0.3738702  0.3994833  0.5206092  0.5424224  0.5052141  0.4439070  0.4444888  0.4895273  0.4931259  0.4580563  0.4396952  0.4334184  0.4856841  0.5122653  0.4793391  0.4422637  0.4194035  0.4541347  0.4734929  0.5036159
 1  0.7320621  0.6910884  0.6658703  0.6564953  0.6562389  0.6665587  0.6764760  0.6950995  0.6990694  0.7063235  0.7051843  0.7032412  0.7044188  0.7021783  0.6977713  0.6927156  0.6841419  0.6689298  0.6640774  0.6768902  0.6792530  0.6936213  0.6923172  0.6966409  0.6993814  0.7063802  0.7128787
 2  0.5746545  0.5344151  0.5367406  0.5462345  0.5510763  0.5504808  0.5570305  0.5690085  0.5844168  0.5951172  0.5931519  0.5826307  0.5686038  0.5564641  0.5398517  0.5271461  0.5101957  0.4875276  0.5174651  0.5637761  0.5876637  0.5935584  0.5872837  0.5696067  0.5560668  0.5717860  0.5908339
 3  0.7544364  0.7164504  0.6914791  0.6798413  0.6764381  0.6857049  0.6939916  0.7127265  0.7176124  0.7268742  0.7263616  0.7223678  0.7226362  0.7200307  0.7147515  0.7093046  0.7006879  0.6852113  0.6785009  0.6961729  0.6994660  0.7157666  0.7138071  0.7149037  0.7162268  0.7235371  0.7323941
 4  0.4545522  0.4418585  0.4670749  0.4694286  0.4693869  0.4617829  0.4730827  0.4916312  0.5134201  0.5226641  0.5021148  0.4804680  0.4691604  0.4511542  0.4308977  0.4175018  0.3954110  0.3756473  0.4593959  0.5088516  0.5217025  0.5200826  0.4856314  0.4547153  0.4617316  0.5001103  0.5218741
 1  0.7287904  0.6836471  0.6584921  0.6523481  0.6646901  0.6831981  0.6840111  0.6815750  0.6772817  0.6844439  0.6946050  0.7085799  0.7045262  0.7029643  0.6957329  0.6921466  0.6904108  0.6857030  0.6924258  0.6932457  0.6948091  0.7020518  0.7050187  0.7009032  0.6999441  0.7013422  0.7092086
 2  0.5701777  0.5321565  0.5345798  0.5466788  0.5635777  0.5743205  0.5664865  0.5461439  0.5329156  0.5455342  0.5729920  0.5885403  0.5847727  0.5671618  0.5378881  0.5210164  0.5195511  0.5371042  0.5592340  0.5693641  0.5758210  0.5872460  0.5900455  0.5788696  0.5566464  0.5341707  0.5301292
 3  0.7520664  0.7102563  0.6845029  0.6753673  0.6843850  0.7025863  0.7038458  0.6999126  0.6934190  0.7018658  0.7122145  0.7281448  0.7246669  0.7214823  0.7127508  0.7079549  0.7064336  0.7023438  0.7103993  0.7124312  0.7134794  0.7213694  0.7258001  0.7209374  0.7179357  0.7170434  0.7241256
 4  0.4552733  0.4433234  0.4647289  0.4722645  0.4880462  0.4956127  0.4712131  0.4294537  0.4432345  0.4725883  0.5023768  0.5114831  0.4878615  0.4496974  0.4154052  0.4140622  0.4290567  0.4613458  0.4853457  0.4866649  0.4961695  0.5139391  0.5074117  0.4740209  0.4279478  0.4117705  0.4310165
 1  0.7295185  0.6836929  0.6587607  0.6609298  0.6781746  0.6734396  0.6301655  0.6501945  0.6427702  0.6230722  0.6386541  0.6463586  0.6193638  0.5932925  0.6487844  0.6871771  0.6705173  0.6556813  0.6645505  0.6759585  0.6843741  0.6906982  0.6993332  0.7069823  0.7024955  0.6959099  0.6926718
 2  0.5718653  0.5322704  0.5364371  0.5688492  0.5841791  0.5748015  0.5455103  0.5685267  0.5569411  0.5335254  0.5455571  0.5545022  0.5349960  0.5300016  0.5847569  0.6009017  0.5797653  0.5428900  0.5256705  0.5209384  0.5233122  0.5358815  0.5523208  0.5639020  0.5593294  0.5432548  0.5381609
 3  0.7524887  0.7099336  0.6848326  0.6823361  0.7002251  0.6957983  0.6473068  0.6704515  0.6671690  0.6427139  0.6563537  0.6668224  0.6398092  0.6110048  0.6653106  0.7111289  0.6947763  0.6758955  0.6817369  0.6923717  0.7003667  0.7069148  0.7159016  0.7244664  0.7207276  0.7135736  0.7087044
 4  0.4555759  0.4438953  0.4690699  0.5078334  0.5170653  0.4824841  0.4835752  0.5184723  0.4744993  0.4530819  0.4855825  0.4880096  0.4713423  0.4823987  0.5338718  0.5382159  0.4829511  0.4271249  0.4219381  0.4249883  0.4305570  0.4462752  0.4685485  0.4764862  0.4590920  0.4272940  0.4468432
 1  0.7274045  0.6821151  0.6569514  0.6508405  0.6464138  0.6484926  0.6783683  0.6904111  0.6888967  0.6869869  0.6884774  0.6872242  0.6875006  0.6951448  0.6971374  0.7132007  0.7099205  0.7188383  0.7229672  0.7140199  0.6960282  0.6842698  0.6786498  0.6771072  0.6822662  0.6916462  0.6936168
 2  0.5715916  0.5325075  0.5347763  0.5433622  0.5326142  0.5333503  0.5594069  0.5735324  0.5684152  0.5579432  0.5465218  0.5305041  0.5393038  0.5582657  0.5870911  0.6037231  0.6093088  0.6183624  0.6203556  0.6105208  0.5699049  0.5116544  0.4551299  0.4371438  0.4861235  0.5431212  0.5706693
 3  0.7509238  0.7085997  0.6829432  0.6743579  0.6676243  0.6652679  0.6953849  0.7097573  0.7081464  0.7054422  0.7063464  0.7041646  0.7030224  0.7134970  0.7149832  0.7345961  0.7315231  0.7393955  0.7466391  0.7371028  0.7161740  0.7009043  0.6924873  0.6900410  0.6955759  0.7082174  0.7125091
 4  0.4571408  0.4435036  0.4661893  0.4653140  0.4307138  0.4534316  0.4943627  0.4951375  0.4748631  0.4599713  0.4419901  0.4203708  0.4625188  0.4854882  0.5196232  0.5363678  0.5301351  0.5474791  0.5493595  0.5124256  0.4278128  0.3371690  0.3009927  0.3294960  0.4229966  0.4812373  0.4962793
 1  0.7295224  0.6865397  0.6614109  0.6586699  0.6748384  0.6812937  0.6782455  0.6724287  0.6626206  0.6538887  0.6745457  0.6933185  0.7048118  0.7045488  0.7008346  0.7008415  0.7109755  0.7068154  0.6955953  0.6898150  0.6901840  0.6971302  0.7177501  0.7023093  0.6880563  0.6855522  0.6935086
 2  0.5724896  0.5338179  0.5352948  0.5582109  0.5733073  0.5748434  0.5588777  0.5380167  0.5132348  0.5105955  0.5494691  0.5828606  0.5959649  0.5904456  0.5667209  0.5564066  0.5739138  0.5798848  0.5664944  0.5481213  0.5350439  0.5762790  0.6052474  0.5979195  0.5583535  0.5114298  0.4936307
 3  0.7526309  0.7126323  0.6871684  0.6806745  0.6958958  0.7014528  0.6974104  0.6910392  0.6800551  0.6700301  0.6910110  0.7118219  0.7256138  0.7250236  0.7195655  0.7168329  0.7286863  0.7272394  0.7151775  0.7074547  0.7074312  0.7117186  0.7401810  0.7258192  0.7073721  0.7010463  0.7076756
 4  0.4564538  0.4427864  0.4650044  0.4918891  0.4982117  0.4858641  0.4634337  0.4324836  0.4066731  0.4362529  0.4876601  0.5185093  0.5185864  0.4908078  0.4435139  0.4644107  0.5058498  0.4960126  0.4576770  0.4411530  0.4292254  0.5192313  0.5458988  0.4951672  0.4029684  0.3661550  0.3825438
 1  0.7309671  0.6879792  0.6639363  0.6567665  0.6644955  0.6669647  0.6572553  0.6664852  0.6902672  0.6945077  0.7014115  0.7027061  0.7142384  0.7110973  0.7052233  0.7047832  0.7072889  0.7088670  0.7102924  0.7100807  0.7096327  0.7084284  0.7114129  0.7055157  0.7021466  0.7091953  0.7100261
 2  0.5684563  0.5320879  0.5365578  0.5501855  0.5538275  0.5392718  0.5130220  0.5405500  0.5728681  0.5867607  0.5872460  0.5924373  0.5981526  0.5931171  0.5734337  0.5530303  0.5401253  0.5295429  0.5301998  0.5338959  0.5385125  0.5512492  0.5635652  0.5557975  0.5475925  0.5532783  0.5575824
 3  0.7533426  0.7138513  0.6897165  0.6796997  0.6854650  0.6860245  0.6736598  0.6815389  0.7093897  0.7140828  0.7214847  0.7216522  0.7346669  0.7318019  0.7239296  0.7217734  0.7235984  0.7242548  0.7255541  0.7256493  0.7255830  0.7245517  0.7291795  0.7238218  0.7181311  0.7258501  0.7276029
 4  0.4519946  0.4423668  0.4665553  0.4769032  0.4625125  0.4230996  0.4136336  0.4845264  0.5073076  0.5079493  0.5021407  0.5136537  0.5217589  0.4960558  0.4575091  0.4397005  0.4253243  0.4175519  0.4228822  0.4326900  0.4385396  0.4665793  0.4770393  0.4410177  0.4431829  0.4675868  0.4578505
 1  0.7317671  0.6897918  0.6644876  0.6591680  0.6688994  0.6800797  0.6800857  0.6792037  0.6854323  0.6912062  0.6955639  0.7107470  0.7085339  0.7023695  0.6994624  0.7028573  0.7131780  0.7120273  0.7073079  0.7053903  0.7062764  0.7055801  0.7098077  0.7109025  0.7169856  0.7210719  0.7183395
 2  0.5734793  0.5336857  0.5368113  0.5532019  0.5649164  0.5683696  0.5587428  0.5476752  0.5464495  0.5447654  0.5652327  0.5910741  0.5947717  0.5759727  0.5384747  0.5145595  0.5288249  0.5507534  0.5582354  0.5601243  0.5617433  0.5625531  0.5629194  0.5611438  0.5694195  0.5857116  0.5893484
 3  0.7541083  0.7153043  0.6902164  0.6820469  0.6894001  0.6994909  0.6989610  0.6973350  0.7027309  0.7085457  0.7116215  0.7302636  0.7300876  0.7219591  0.7161531  0.7168359  0.7277160  0.7291435  0.7248760  0.7226801  0.7240286  0.7232488  0.7275100  0.7276807  0.7335012  0.7392896  0.7383755
 4  0.4539986  0.4422516  0.4677749  0.4812220  0.4852554  0.4811295  0.4660228  0.4524600  0.4535682  0.4477119  0.4950246  0.5264070  0.5064692  0.4494657  0.3823683  0.3981162  0.4525561  0.4666365  0.4600098  0.4662480  0.4699736  0.4712911  0.4612738  0.4586618  0.4855794  0.5102376  0.5015184
 1  0.7288535  0.6823293  0.6585041  0.6582465  0.6823095  0.6974565  0.6960195  0.6857490  0.6754230  0.6728661  0.6859920  0.6901276  0.6903827  0.6924205  0.6908616  0.6877906  0.6870433  0.6935067  0.7044918  0.7084539  0.7143173  0.7095920  0.7099321  0.7151688  0.7107813  0.7073079  0.7023027
 2  0.5713388  0.5321053  0.5366559  0.5636005  0.5890056  0.6012069  0.5914176  0.5651776  0.5219730  0.4975638  0.5168305  0.5381254  0.5562148  0.5644468  0.5574586  0.5344680  0.5176057  0.5421443  0.5798834  0.6041978  0.6105848  0.6016811  0.5854467  0.5706219  0.5486571  0.5216702  0.5023594
 3  0.7520863  0.7088090  0.6846268  0.6801551  0.7030244  0.7186152  0.7177407  0.7061510  0.6929308  0.6876250  0.7010752  0.7070097  0.7077646  0.7113546  0.7101432  0.7050134  0.7024322  0.7087967  0.7229078  0.7291129  0.7369416  0.7310796  0.7285316  0.7328641  0.7278918  0.7226881  0.7169362
 4  0.4561338  0.4443320  0.4689387  0.5001512  0.5224173  0.5270750  0.5032853  0.4454084  0.3792281  0.3964577  0.4419637  0.4581979  0.4772843  0.4828127  0.4503143  0.4060815  0.4108539  0.4765067  0.5188736  0.5375140  0.5337561  0.5003580  0.4773996  0.4630064  0.4237388  0.3848464  0.3759836
 1  0.7275399  0.6836449  0.6599230  0.6539978  0.6566745  0.6689719  0.6754539  0.6843245  0.6984997  0.7004133  0.7034145  0.7036536  0.6977881  0.6939776  0.6986419  0.7013330  0.6990547  0.7014746  0.7075917  0.7114608  0.7035045  0.6997668  0.7005127  0.6955595  0.6951419  0.7036243  0.7082690
 2  0.5739787  0.5340538  0.5359262  0.5458258  0.5505198  0.5531031  0.5507097  0.5609473  0.5792189  0.5867628  0.5847641  0.5725889  0.5451068  0.5228521  0.5388887  0.5605485  0.5683073  0.5736232  0.5885670  0.5963458  0.5872730  0.5726602  0.5582591  0.5396166  0.5344535  0.5573250  0.5751805
 3  0.7511398  0.7097905  0.6856593  0.6773020  0.6769244  0.6877111  0.6937886  0.7012230  0.7173075  0.7206918  0.7232309  0.7225241  0.7153315  0.7096156  0.7139973  0.7195996  0.7180582  0.7193542  0.7261531  0.7326130  0.7245477  0.7183601  0.7185305  0.7133041  0.7107144  0.7202236  0.7270577
 4  0.4592037  0.4432500  0.4665230  0.4688852  0.4666911  0.4669120  0.4596815  0.4855870  0.5093825  0.5066188  0.4915780  0.4632031  0.4182429  0.4114855  0.4651868  0.4869786  0.4772176  0.4873180  0.5182629  0.5208597  0.4883714  0.4676072  0.4573573  0.4232174  0.4395211  0.4861143  0.4956886
 1  0.7283414  0.6853510  0.6593415  0.6506176  0.6519368  0.6606669  0.6575245  0.6616542  0.6850114  0.6981904  0.7115186  0.7074637  0.6983272  0.6966819  0.6910362  0.6821689  0.6876256  0.6967187  0.7019924  0.7035711  0.7008392  0.7020838  0.6934873  0.6770172  0.6821744  0.7013336  0.7015629
 2  0.5707404  0.5332294  0.5336545  0.5387405  0.5361394  0.5261809  0.5086545  0.5239067  0.5626111  0.5941874  0.6056251  0.5971581  0.5644428  0.5313165  0.5142175  0.5224199  0.5652008  0.5905015  0.5977677  0.5879595  0.5639802  0.5484562  0.5457765  0.5496514  0.5773146  0.6009782  0.6038990
 3  0.7516474  0.7116269  0.6851073  0.6740798  0.6723421  0.6784791  0.6742479  0.6768589  0.7022993  0.7171673  0.7332606  0.7289355  0.7169075  0.7126326  0.7066916  0.6984129  0.7046264  0.7176018  0.7236953  0.7235819  0.7189218  0.7185828  0.7107636  0.6965231  0.7003762  0.7221272  0.7243729
 4  0.4561331  0.4423514  0.4628585  0.4573084  0.4374783  0.4192842  0.4087722  0.4576557  0.5009980  0.5290739  0.5313977  0.4923000  0.4297168  0.4057890  0.4149542  0.4479492  0.5059249  0.5261977  0.5132889  0.4806762  0.4466721  0.4458948  0.4678525  0.4760035  0.5126733  0.5376445  0.5293598
 1  0.7279220  0.6803871  0.6575976  0.6511307  0.6523068  0.6687819  0.6921516  0.7038837  0.6918017  0.6791062  0.6689786  0.6713589  0.6789849  0.6872320  0.6972056  0.7089499  0.7094743  0.7131223  0.7015581  0.6942737  0.6930152  0.6945382  0.6929389  0.6841912  0.6828109  0.6884887  0.6974364
 2  0.5722626  0.5318336  0.5364839  0.5440650  0.5446924  0.5583468  0.5845415  0.5948504  0.5775035  0.5418283  0.5090861  0.5119909  0.5314780  0.5516154  0.5784070  0.5960765  0.6047809  0.6034432  0.5824606  0.5478724  0.5258189  0.5375545  0.5499613  0.5483648  0.5421973  0.5420961  0.5508683
 3  0.7514597  0.7070823  0.6837271  0.6748552  0.6727291  0.6861464  0.7103117  0.7249361  0.7130954  0.6980665  0.6851172  0.6872890  0.6957792  0.7042607  0.7147732  0.7293142  0.7301639  0.7349143  0.7225826  0.7118019  0.7084203  0.7109586  0.7110282  0.7032352  0.7006775  0.7051126  0.7144523
 4  0.4572140  0.4443800  0.4684834  0.4651705  0.4553556  0.4840349  0.5200726  0.5194051  0.4733104  0.4091732  0.4006699  0.4337646  0.4522618  0.4722774  0.5103526  0.5257258  0.5296804  0.5202127  0.4658718  0.4105182  0.4253573  0.4614547  0.4699957  0.4525842  0.4386287  0.4510771  0.4646949
 1  0.7299583  0.6871291  0.6600560  0.6526531  0.6644671  0.6762855  0.6783340  0.6847559  0.6909697  0.7087419  0.7069159  0.7052784  0.7111643  0.7091243  0.7090416  0.7110933  0.7103295  0.7043344  0.7000276  0.7020937  0.7062211  0.7074723  0.7165831  0.7131114  0.7081144  0.7078995  0.7171952
 2  0.5711477  0.5329857  0.5335254  0.5464125  0.5583267  0.5596936  0.5530916  0.5485923  0.5686183  0.5906479  0.5920697  0.5828120  0.5739946  0.5643955  0.5527402  0.5557425  0.5571246  0.5423799  0.5216426  0.5087196  0.5082402  0.5330598  0.5639226  0.5724558  0.5590165  0.5637166  0.5814315
 3  0.7529014  0.7133254  0.6858805  0.6754527  0.6847703  0.6953605  0.6961891  0.7025379  0.7074085  0.7285139  0.7281477  0.7236830  0.7292469  0.7272741  0.7255713  0.7275823  0.7279163  0.7217262  0.7156865  0.7164496  0.7209329  0.7218629  0.7336843  0.7316724  0.7256353  0.7237682  0.7359448
 4  0.4546550  0.4421283  0.4628466  0.4734162  0.4763357  0.4670609  0.4623126  0.4560569  0.4989701  0.5240128  0.4981605  0.4794573  0.4792683  0.4576609  0.4464121  0.4638894  0.4608238  0.4198899  0.3841481  0.3935678  0.3987331  0.4557019  0.4887162  0.4748020  0.4413599  0.4818743  0.5094706
 1  0.7300844  0.6847040  0.6340166  0.6141702  0.6153679  0.6291277  0.6394826  0.6492546  0.6839641  0.6836839  0.6824964  0.6895378  0.6964918  0.6970987  0.6899934  0.6805740  0.6813614  0.6993408  0.7023910  0.6962994  0.6818007  0.6804330  0.7112487  0.7003374  0.6874350  0.6830891  0.6879832
 2  0.5711411  0.5323297  0.5240763  0.5241373  0.5252036  0.5301505  0.5338140  0.5594766  0.5855436  0.5841100  0.5701534  0.5682533  0.5760088  0.5784284  0.5682413  0.5429599  0.5373873  0.5635406  0.5767053  0.5694012  0.5414926  0.5744101  0.6040085  0.5991771  0.5619722  0.5099664  0.4842788
 3  0.7530262  0.7111078  0.6602267  0.6382226  0.6363609  0.6472060  0.6578712  0.6655765  0.7044605  0.7056892  0.7020264  0.7074377  0.7153943  0.7170850  0.7100126  0.6996862  0.6972818  0.7160632  0.7223808  0.7157204  0.7001520  0.6949686  0.7336632  0.7238050  0.7071315  0.6990293  0.7016522
 4  0.4548105  0.4437284  0.4640632  0.4567571  0.4456082  0.4548098  0.4602391  0.5021686  0.5229149  0.4964807  0.4714301  0.4854109  0.5018404  0.4969369  0.4720463  0.4240517  0.4472868  0.4988087  0.4969603  0.4648907  0.4317402  0.5193536  0.5458253  0.5005053  0.4111434  0.3495030  0.3723308
 1  0.7297766  0.6848594  0.6623199  0.6657092  0.6905948  0.6905107  0.6869656  0.6911107  0.6863592  0.6850704  0.6824809  0.6730893  0.6388216  0.5906804  0.6050912  0.5792267  0.6494944  0.7011554  0.7149252  0.7127427  0.7146704  0.7144972  0.7125742  0.7108344  0.7105896  0.7159018  0.7051248
 2  0.5731114  0.5330533  0.5369758  0.5729845  0.5918901  0.5892643  0.5722835  0.5645961  0.5552131  0.5504505  0.5499285  0.5357556  0.4916340  0.4663878  0.4993257  0.5063057  0.5782671  0.6160232  0.6230545  0.6166496  0.5999177  0.5792505  0.5518176  0.5275563  0.5439140  0.5732844  0.5766598
 3  0.7529155  0.7110679  0.6881399  0.6865352  0.7128769  0.7119919  0.7057069  0.7097940  0.7050527  0.7027071  0.7008211  0.6920860  0.6573853  0.6063989  0.6222590  0.5968170  0.6641077  0.7221504  0.7392017  0.7349078  0.7347996  0.7329710  0.7293212  0.7262562  0.7250502  0.7344642  0.7256058
 4  0.4566960  0.4432916  0.4672364  0.5127742  0.5219305  0.4939248  0.4783896  0.4764507  0.4613509  0.4626312  0.4644329  0.4338465  0.3821224  0.4054923  0.4418822  0.4554271  0.5283609  0.5568114  0.5501964  0.5224939  0.4952715  0.4625327  0.4244342  0.3997734  0.4695502  0.5069892  0.4809245
 1  0.7280549  0.6813184  0.6619581  0.6587858  0.6686059  0.6819325  0.6961801  0.7039398  0.7047662  0.7170533  0.7079227  0.7039322  0.7032347  0.7019989  0.7044537  0.7121782  0.7163615  0.7083408  0.7014892  0.6982732  0.6996191  0.6949228  0.7011481  0.7001080  0.6916549  0.6900565  0.6825344
 2  0.5742871  0.5326443  0.5387816  0.5541657  0.5643074  0.5728169  0.5830825  0.5835658  0.5904628  0.5972110  0.5887074  0.5661504  0.5372841  0.5050331  0.4928842  0.5457070  0.5758033  0.5788218  0.5648342  0.5588115  0.5572235  0.5590869  0.5696355  0.5668966  0.5490097  0.5337630  0.5278988
 3  0.7515398  0.7076519  0.6878787  0.6818233  0.6890968  0.7007594  0.7148968  0.7238635  0.7227182  0.7375442  0.7287734  0.7220682  0.7197710  0.7168805  0.7173723  0.7267720  0.7353916  0.7276793  0.7196259  0.7159306  0.7178444  0.7127537  0.7193838  0.7194499  0.7096964  0.7066708  0.6995696
 4  0.4584217  0.4441404  0.4701041  0.4809874  0.4826713  0.4919694  0.5067139  0.4947185  0.5112236  0.5218924  0.4863714  0.4423917  0.4010068  0.3524162  0.3918262  0.4862511  0.5027014  0.4785168  0.4610072  0.4690861  0.4671201  0.4733506  0.4889952  0.4697179  0.4352225  0.4294529  0.4376811
 1  0.7296925  0.6823790  0.6581060  0.6599958  0.6838017  0.6844653  0.6781882  0.6882120  0.6904874  0.6816715  0.6713044  0.6625774  0.6584248  0.6643318  0.6762525  0.6835655  0.6883241  0.6852490  0.6779275  0.6787101  0.6675213  0.6675123  0.6927663  0.7023455  0.7002411  0.7070761  0.7068641
 2  0.5699182  0.5311662  0.5355573  0.5673759  0.5845120  0.5778666  0.5536241  0.5562813  0.5643786  0.5568172  0.5392526  0.5189790  0.5226332  0.5487218  0.5668599  0.5729658  0.5690286  0.5568185  0.5495758  0.5554732  0.5485565  0.5582019  0.5880006  0.5973567  0.5943736  0.5952020  0.5878731
 3  0.7528275  0.7093079  0.6843738  0.6812326  0.7057584  0.7056847  0.6958756  0.7050214  0.7095489  0.7013582  0.6902492  0.6801167  0.6744909  0.6823097  0.6959439  0.7026753  0.7078380  0.7041764  0.6951719  0.6981176  0.6876155  0.6846740  0.7119985  0.7238764  0.7204887  0.7270165  0.7277146
 4  0.4541773  0.4442349  0.4664812  0.5057881  0.5117673  0.4723125  0.4493030  0.4801946  0.4879635  0.4653486  0.4337777  0.4165324  0.4521100  0.4877319  0.4906692  0.4903908  0.4798764  0.4557863  0.4708556  0.4811965  0.4588316  0.4908509  0.5250586  0.5198048  0.5090306  0.5152676  0.4947659
 1  0.7310651  0.6891377  0.6601113  0.6499550  0.6551603  0.6774254  0.6884150  0.6827190  0.6833344  0.6963648  0.6905737  0.6698676  0.6614227  0.6702432  0.6663676  0.6573178  0.6630559  0.6647260  0.6769991  0.6799786  0.6885038  0.6959362  0.7028137  0.7063609  0.7155934  0.7106441  0.7093040
 2  0.5714015  0.5331544  0.5340323  0.5411375  0.5512166  0.5712644  0.5776051  0.5706995  0.5766539  0.5964538  0.5910030  0.5602216  0.5272608  0.5124344  0.5003669  0.4950719  0.5152482  0.5328046  0.5447466  0.5448012  0.5404033  0.5431219  0.5510166  0.5720255  0.5885476  0.5853931  0.5733317
 3  0.7535218  0.7148145  0.6859341  0.6735584  0.6750136  0.6952823  0.7086914  0.7025252  0.7010963  0.7169631  0.7139647  0.6922157  0.6793267  0.6863755  0.6832656  0.6732278  0.6795160  0.6821809  0.6950799  0.6979669  0.7052953  0.7120645  0.7196837  0.7232166  0.7351675  0.7307210  0.7268999
 4  0.4534606  0.4419255  0.4655207  0.4634999  0.4699627  0.5010831  0.5007136  0.4805380  0.5088068  0.5340284  0.5133274  0.4432626  0.4071642  0.4140314  0.3991533  0.4069472  0.4375822  0.4585033  0.4590813  0.4449220  0.4362237  0.4514584  0.4625710  0.4987596  0.5128584  0.4830410  0.4638773
 1  0.7294815  0.6845464  0.6583032  0.6504968  0.6548956  0.6689817  0.6792814  0.6962172  0.6986149  0.7008772  0.6951286  0.6896499  0.6768473  0.6637557  0.6826994  0.6811468  0.6820277  0.6848083  0.6940151  0.6968580  0.6947614  0.7043302  0.7066007  0.7037987  0.6952492  0.6854692  0.6747367
 2  0.5725402  0.5325944  0.5352050  0.5435612  0.5483638  0.5519220  0.5671957  0.5839908  0.5891854  0.5837183  0.5670445  0.5479009  0.5199982  0.5240384  0.5582449  0.5700706  0.5708400  0.5729977  0.5765506  0.5672830  0.5561680  0.5666994  0.5823805  0.5869715  0.5765931  0.5547803  0.5239390
 3  0.7525449  0.7108985  0.6843749  0.6740780  0.6752343  0.6873254  0.6963958  0.7158026  0.7191374  0.7205784  0.7143408  0.7078103  0.6944205  0.6795303  0.7007039  0.7014293  0.7016279  0.7042718  0.7135432  0.7160476  0.7118785  0.7212116  0.7259592  0.7242782  0.7158803  0.7049812  0.6924388
 4  0.4554746  0.4435669  0.4669737  0.4663757  0.4616883  0.4650557  0.4981446  0.5152436  0.5055957  0.4900565  0.4661413  0.4400374  0.4092645  0.4548971  0.4965803  0.4928504  0.4892213  0.4937354  0.4913187  0.4616920  0.4552049  0.4920560  0.5106513  0.5064429  0.4826842  0.4430730  0.4080337
 1  0.7294027  0.6821283  0.6586950  0.6568999  0.6740965  0.6805143  0.6769595  0.6710996  0.6581646  0.6567282  0.6605772  0.6833542  0.7061091  0.6946351  0.6865468  0.6861819  0.6915472  0.6968815  0.6974919  0.7010636  0.7075444  0.7080461  0.7078598  0.7076577  0.7093730  0.7060924  0.7037484
 2  0.5698543  0.5310466  0.5363907  0.5594812  0.5735472  0.5745000  0.5587135  0.5408654  0.5267413  0.5315139  0.5480787  0.5896594  0.6063709  0.5949632  0.5618462  0.5335567  0.5314169  0.5417499  0.5506384  0.5544903  0.5587933  0.5583981  0.5554257  0.5597860  0.5615568  0.5533370  0.5501833
 3  0.7524993  0.7088904  0.6849166  0.6791115  0.6953246  0.7005831  0.6960098  0.6900073  0.6755581  0.6746647  0.6789078  0.6999540  0.7293972  0.7175720  0.7056423  0.7028846  0.7072923  0.7138866  0.7151121  0.7176679  0.7248181  0.7253348  0.7246957  0.7248347  0.7272146  0.7235164  0.7200078
 4  0.4541562  0.4442550  0.4678956  0.4933360  0.4973144  0.4847660  0.4671650  0.4413842  0.4423816  0.4600256  0.4757811  0.5331402  0.5410691  0.4916754  0.4335082  0.4186968  0.4456516  0.4597871  0.4514123  0.4603965  0.4661478  0.4580327  0.4578270  0.4705232  0.4654784  0.4426808  0.4551612
 1  0.7272826  0.6772132  0.6561100  0.6548421  0.6623778  0.6642336  0.6781158  0.7039021  0.6859880  0.6653296  0.6477910  0.6449027  0.6739643  0.6781739  0.6798630  0.6869681  0.6930457  0.6953828  0.6961530  0.6996055  0.7018276  0.7042870  0.7126913  0.7216543  0.7168600  0.7126057  0.7106127
 2  0.5729577  0.5314222  0.5381159  0.5579953  0.5647152  0.5608019  0.5835068  0.6018798  0.5854677  0.5455141  0.4979048  0.5017094  0.5399564  0.5506109  0.5411544  0.5330503  0.5360826  0.5401199  0.5467403  0.5508622  0.5523220  0.5559621  0.5819237  0.6011530  0.5998454  0.5824185  0.5526203
 3  0.7510606  0.7040831  0.6824249  0.6776861  0.6836543  0.6844551  0.6945956  0.7256903  0.7095096  0.6860097  0.6654034  0.6593550  0.6906972  0.6973984  0.6974452  0.7030152  0.7093262  0.7124206  0.7131022  0.7166390  0.7190732  0.7211516  0.7294948  0.7421213  0.7380977  0.7312542  0.7272456
 4  0.4584400  0.4458372  0.4719828  0.4901486  0.4885982  0.4743869  0.5207029  0.5387235  0.4926591  0.4193950  0.3743254  0.4380540  0.4786237  0.4570545  0.4260164  0.4308365  0.4480820  0.4486278  0.4516735  0.4576169  0.4559412  0.4638778  0.5128524  0.5310433  0.5033457  0.4576409  0.4222983
 1  0.7263195  0.6768438  0.6524125  0.6469977  0.6475592  0.6585759  0.6568498  0.6526835  0.6680127  0.6875701  0.7032293  0.6980063  0.6929018  0.6993455  0.6970635  0.6952325  0.7019711  0.7064638  0.7100563  0.7187841  0.7107558  0.7089773  0.7035948  0.7046354  0.7085922  0.7036859  0.6940793
 2  0.5711790  0.5311018  0.5354230  0.5465311  0.5500504  0.5511619  0.5362269  0.5199073  0.5370305  0.5771778  0.5952611  0.5890388  0.5716631  0.5632894  0.5494751  0.5323181  0.5415523  0.5541353  0.5759838  0.5911972  0.5880018  0.5731633  0.5539425  0.5521563  0.5597079  0.5576587  0.5317978
 3  0.7502776  0.7039171  0.6787845  0.6705511  0.6680491  0.6779923  0.6762071  0.6699673  0.6839498  0.7047775  0.7245417  0.7194296  0.7112883  0.7175261  0.7153329  0.7112465  0.7174565  0.7238518  0.7269564  0.7383396  0.7308184  0.7275493  0.7209911  0.7209820  0.7262088  0.7221154  0.7113504
 4  0.4579942  0.4454369  0.4693248  0.4733577  0.4723578  0.4680591  0.4366747  0.4244887  0.4670911  0.5186862  0.5251971  0.4885414  0.4708790  0.4711628  0.4355808  0.4178839  0.4567593  0.4691933  0.5006591  0.5137990  0.4919875  0.4622107  0.4422358  0.4631549  0.4765039  0.4512728  0.3980190
 1  0.7283663  0.6829579  0.6540393  0.6446250  0.6373510  0.6624338  0.6811645  0.6814557  0.6843966  0.6842196  0.6746318  0.6764364  0.6805035  0.6759003  0.6507955  0.6316103  0.6789645  0.6650200  0.6591502  0.6692304  0.6786541  0.6752844  0.6817346  0.6871855  0.6873019  0.6969623  0.6958081
 2  0.5709641  0.5324889  0.5331283  0.5358655  0.5362055  0.5611594  0.5759082  0.5758835  0.5740251  0.5691852  0.5540709  0.5525133  0.5598550  0.5541584  0.5224908  0.5417251  0.5834878  0.5710607  0.5489212  0.5443522  0.5509116  0.5489080  0.5543079  0.5527964  0.5592567  0.5746605  0.5744299
 3  0.7517058  0.7093843  0.6800921  0.6687351  0.6570757  0.6795387  0.7014305  0.7012046  0.7034658  0.7046746  0.6939159  0.6940346  0.6993551  0.6955674  0.6704455  0.6453402  0.7000328  0.6890859  0.6789581  0.6862498  0.6969919  0.6942467  0.6999292  0.7053966  0.7043488  0.7161152  0.7164104
 4  0.4566222  0.4434897  0.4658257  0.4539686  0.4556811  0.4983426  0.5036325  0.4912699  0.4968504  0.4828664  0.4586597  0.4728831  0.4838168  0.4650811  0.4214199  0.4929861  0.5296312  0.4796650  0.4395835  0.4610041  0.4743011  0.4641786  0.4651516  0.4579095  0.4829470  0.5047171  0.4775572
 1  0.7305319  0.6894320  0.6586996  0.6522345  0.6632705  0.6764102  0.6810587  0.6723133  0.6695398  0.6722335  0.6886792  0.6963438  0.6954951  0.6978506  0.7025783  0.7117631  0.7075008  0.7044976  0.6992170  0.6978869  0.6976200  0.6940444  0.6899551  0.6902043  0.6958847  0.7093796  0.7127771
 2  0.5721984  0.5340459  0.5320668  0.5512929  0.5681406  0.5816016  0.5789369  0.5591802  0.5295031  0.5102800  0.5269056  0.5423176  0.5492764  0.5487005  0.5546546  0.5587999  0.5539341  0.5437536  0.5371643  0.5506545  0.5668811  0.5721944  0.5686366  0.5629854  0.5731568  0.5909525  0.5963806
 3  0.7533336  0.7152156  0.6844257  0.6745052  0.6836589  0.6963762  0.7021996  0.6932305  0.6878955  0.6875940  0.7038186  0.7134148  0.7125147  0.7150585  0.7192733  0.7286647  0.7248488  0.7212136  0.7155487  0.7147884  0.7162387  0.7139620  0.7093664  0.7090770  0.7134815  0.7286111  0.7336386
 4  0.4550996  0.4415642  0.4624310  0.4845222  0.4997664  0.5109129  0.4999032  0.4545765  0.3976291  0.4063872  0.4511183  0.4560289  0.4530689  0.4505449  0.4613274  0.4639839  0.4488687  0.4323423  0.4412016  0.4739580  0.4935037  0.4890434  0.4788644  0.4712254  0.4963843  0.5211831  0.5106849
 1  0.7307829  0.6860537  0.6619854  0.6657038  0.6948222  0.6919003  0.6773709  0.6850198  0.7146110  0.7044193  0.6875984  0.6800064  0.6772177  0.6782998  0.6916563  0.6952889  0.6935709  0.6931055  0.7078821  0.7033446  0.6952222  0.6932501  0.6966885  0.6962050  0.6936356  0.6897117  0.6909872
 2  0.5712566  0.5322089  0.5380571  0.5792674  0.5996947  0.5924804  0.5487477  0.5640894  0.6030702  0.6031903  0.5787589  0.5431301  0.5046663  0.4878053  0.5241944  0.5572309  0.5670820  0.5837541  0.5985363  0.5943292  0.5710644  0.5460406  0.5327278  0.5215787  0.5121377  0.5024808  0.5124024
 3  0.7532018  0.7118875  0.6880200  0.6860838  0.7178895  0.7145815  0.6964828  0.6982182  0.7355495  0.7282411  0.7089976  0.6985001  0.6937555  0.6922762  0.7064487  0.7130827  0.7128770  0.7112805  0.7289988  0.7252588  0.7148421  0.7103510  0.7130300  0.7123886  0.7094109  0.7048700  0.7058611
 4  0.4532831  0.4437037  0.4710258  0.5221294  0.5330606  0.4879388  0.4025366  0.5030543  0.5484833  0.5217153  0.4648103  0.4146208  0.3642657  0.3910875  0.4582969  0.4865048  0.4842999  0.5136756  0.5298769  0.5019407  0.4517705  0.4304731  0.4272008  0.4128805  0.3908547  0.3880863  0.4248298
 1  0.7288303  0.6819875  0.6542461  0.6473269  0.6363821  0.6274243  0.6503805  0.6872360  0.6879546  0.6893863  0.6904736  0.6867267  0.6841178  0.6926859  0.7150540  0.7157228  0.7005256  0.6903576  0.6824210  0.6979815  0.7205995  0.7006525  0.6799139  0.6710629  0.6796107  0.6750657  0.6718515
 2  0.5741911  0.5326797  0.5342876  0.5452747  0.5343167  0.5173769  0.5503282  0.5816728  0.5859651  0.5794903  0.5683891  0.5465630  0.5183444  0.5484067  0.5983826  0.6101628  0.5925402  0.5533945  0.5070218  0.5756113  0.6138020  0.6053384  0.5654765  0.5213919  0.5135008  0.5062876  0.5077065
 3  0.7523075  0.7085226  0.6804283  0.6708230  0.6578211  0.6468042  0.6653382  0.7066256  0.7092433  0.7092349  0.7100570  0.7052869  0.7004579  0.7066595  0.7340584  0.7390619  0.7227674  0.7090057  0.6980742  0.7103296  0.7447633  0.7259295  0.7013915  0.6876362  0.6950987  0.6924679  0.6879436
 4  0.4580154  0.4441960  0.4677985  0.4723213  0.4492161  0.4274760  0.4916061  0.5208852  0.5041823  0.4902955  0.4713202  0.4275443  0.3927830  0.4869051  0.5432878  0.5368040  0.4800517  0.4052402  0.3739557  0.5290406  0.5588221  0.5140046  0.4219643  0.3952171  0.4271478  0.4075862  0.4046412
 1  0.7302531  0.6858863  0.6596372  0.6519447  0.6552416  0.6713163  0.6771341  0.6756288  0.6738550  0.6863414  0.7050068  0.6999201  0.6942865  0.6978946  0.7009380  0.7049885  0.7015045  0.7022896  0.6943030  0.6876020  0.6813590  0.6764991  0.6820266  0.6948209  0.7127696  0.7049647  0.6919091
 2  0.5733499  0.5330521  0.5368395  0.5456728  0.5507013  0.5579179  0.5568292  0.5457940  0.5396019  0.5713468  0.5923827  0.5866126  0.5614643  0.5432485  0.5447049  0.5573340  0.5737385  0.5795306  0.5676705  0.5435336  0.5237232  0.5278261  0.5454188  0.5871777  0.6063917  0.6007222  0.5683581
 3  0.7529906  0.7117295  0.6856622  0.6757941  0.6756320  0.6895852  0.6959911  0.6943198  0.6909550  0.7028008  0.7259992  0.7210698  0.7123338  0.7143696  0.7171593  0.7222687  0.7198836  0.7222886  0.7144761  0.7054022  0.6976965  0.6935460  0.6995448  0.7116793  0.7351012  0.7274530  0.7114249
 4  0.4553468  0.4437381  0.4703758  0.4688154  0.4648441  0.4761656  0.4720835  0.4462870  0.4510873  0.5119708  0.5235038  0.4811799  0.4389452  0.4363588  0.4592113  0.4782396  0.4976962  0.4987594  0.4612925  0.4218684  0.4260333  0.4495137  0.4692328  0.5268349  0.5406217  0.5026333  0.4453559
 1  0.7306463  0.6840731  0.6602269  0.6539094  0.6529458  0.6576407  0.6719161  0.6828296  0.7036083  0.6958933  0.6850797  0.6823525  0.7022879  0.7086963  0.6988978  0.6923784  0.6881371  0.6911984  0.6938972  0.6907510  0.6892077  0.6996587  0.6983819  0.7064646  0.7117524  0.6934998  0.6825095
 2  0.5746519  0.5326979  0.5385827  0.5512566  0.5490579  0.5511408  0.5605606  0.5872482  0.6026039  0.5943803  0.5621056  0.5410165  0.5663331  0.5799786  0.5688132  0.5361171  0.5004371  0.4959871  0.5349463  0.5593838  0.5724518  0.5780263  0.5744769  0.5919050  0.6002653  0.5865393  0.5603227
 3  0.7534515  0.7102220  0.6864734  0.6775202  0.6742148  0.6759072  0.6902579  0.7006345  0.7257975  0.7187199  0.7050975  0.6983787  0.7188036  0.7286187  0.7185607  0.7096213  0.7032295  0.7051892  0.7094546  0.7103108  0.7083179  0.7187935  0.7176230  0.7238392  0.7341796  0.7162665  0.7017329
 4  0.4558021  0.4449969  0.4725189  0.4782867  0.4618840  0.4711273  0.4893375  0.5255983  0.5366834  0.4994576  0.4304139  0.4443382  0.5023596  0.5017635  0.4523315  0.3901789  0.3654902  0.4061863  0.4727269  0.4860400  0.4898383  0.4934184  0.4825632  0.5225588  0.5329163  0.4873506  0.4526647
 1  0.7306384  0.6854802  0.6597649  0.6522441  0.6566480  0.6615211  0.6665458  0.6897110  0.7077857  0.7012368  0.6907089  0.6933319  0.6927020  0.6939749  0.6880521  0.6858678  0.6809045  0.6915764  0.6910178  0.6882202  0.6924765  0.6999236  0.7020578  0.6982188  0.6918025  0.6952194  0.6994448
 2  0.5714296  0.5324455  0.5352652  0.5442696  0.5420653  0.5293376  0.5334025  0.5814316  0.6033724  0.5971352  0.5718682  0.5556238  0.5495314  0.5459584  0.5432689  0.5397607  0.5565644  0.5811262  0.5828114  0.5663417  0.5515862  0.5541630  0.5527619  0.5429104  0.5339461  0.5592611  0.5781880
 3  0.7535934  0.7119734  0.6858232  0.6756339  0.6775486  0.6794709  0.6819022  0.7063078  0.7299305  0.7235198  0.7098232  0.7112068  0.7103207  0.7114389  0.7056711  0.7033795  0.6976145  0.7119071  0.7130097  0.7073997  0.7091984  0.7171331  0.7199176  0.7154913  0.7077946  0.7118561  0.7197689
 4  0.4547070  0.4435713  0.4658002  0.4668129  0.4413368  0.4186111  0.4611140  0.5278011  0.5369053  0.4981731  0.4627641  0.4581418  0.4571532  0.4520888  0.4484472  0.4460324  0.4910686  0.5191704  0.4914013  0.4487073  0.4527076  0.4689939  0.4555681  0.4253943  0.4382958  0.4960889  0.5070372
 1  0.7298247  0.6828713  0.6596333  0.6709064  0.7031719  0.6967328  0.6831106  0.6792025  0.6876893  0.6985190  0.6911413  0.6847571  0.6956435  0.6947389  0.6915485  0.6878799  0.6866971  0.6861905  0.6948753  0.6947231  0.6991620  0.7105068  0.7130485  0.7150934  0.7182992  0.7172533  0.7123769
 2  0.5696666  0.5309110  0.5371961  0.5884780  0.6083156  0.6019765  0.5625016  0.5258241  0.5249782  0.5382242  0.5376166  0.5364614  0.5612555  0.5739933  0.5694648  0.5578626  0.5449052  0.5447691  0.5564442  0.5556736  0.5604533  0.5710819  0.5748090  0.5732419  0.5733265  0.5733283  0.5629049
 3  0.7525837  0.7093723  0.6858660  0.6900865  0.7272295  0.7199326  0.7024749  0.6959662  0.7028765  0.7149654  0.7091598  0.7006551  0.7128628  0.7147562  0.7114319  0.7064358  0.7043116  0.7032257  0.7126452  0.7131743  0.7158506  0.7280724  0.7315874  0.7322361  0.7357695  0.7351659  0.7303563
 4  0.4530319  0.4441794  0.4695231  0.5326081  0.5442628  0.5001619  0.4323536  0.4052818  0.4386747  0.4576183  0.4276539  0.4476320  0.4950539  0.4973614  0.4743224  0.4546620  0.4462682  0.4617961  0.4739723  0.4562017  0.4694136  0.4901130  0.4783208  0.4732836  0.4807629  0.4786231  0.4581942
 1  0.7291441  0.6867212  0.6619448  0.6528855  0.6452594  0.6561801  0.6821850  0.6965678  0.6835689  0.6850299  0.6728990  0.6635545  0.6739493  0.6892102  0.6873139  0.6842774  0.6858733  0.6840326  0.6879407  0.6870134  0.6942771  0.6936088  0.6958321  0.6918661  0.6877796  0.6795344  0.6671472
 2  0.5731839  0.5335482  0.5348953  0.5374556  0.5246699  0.5345903  0.5825555  0.5981432  0.5905763  0.5774876  0.5515586  0.5221611  0.5290658  0.5513581  0.5540805  0.5559243  0.5631139  0.5696189  0.5695101  0.5665224  0.5644255  0.5647226  0.5653211  0.5641173  0.5569808  0.5438145  0.5257232
 3  0.7522081  0.7126218  0.6875879  0.6766388  0.6658620  0.6720237  0.6987131  0.7197960  0.7059137  0.7057992  0.6933119  0.6813477  0.6896349  0.7064845  0.7060811  0.7021093  0.7043247  0.7037759  0.7080287  0.7055754  0.7127580  0.7119534  0.7143727  0.7108300  0.7067247  0.6981816  0.6853618
 4  0.4562852  0.4417735  0.4643806  0.4515392  0.4173464  0.4600301  0.5305914  0.5332554  0.5058799  0.4874614  0.4442387  0.4123137  0.4507992  0.4772395  0.4651014  0.4696581  0.4892502  0.4947710  0.4802659  0.4756511  0.4768395  0.4781311  0.4809183  0.4767581  0.4646048  0.4465223  0.4280521
