FL 2019 2020 2021 2022 2023 2024 2025 2026 2027 2028 2029 2030 2031 2032 2033 2034 2035 2036 2037 2038 2039 2040 2041 2042 2043 2044 2045
 1  0.1254765  0.1016565  0.0972569  0.0925814  0.0840910  0.0908905  0.0766810  0.1582871  0.2082664  0.2199858  0.2968537  0.1238604  0.1148330  0.1630450  0.1944826  0.2382379  0.2441872  0.1579354  0.1834764  0.0549133  0.0350632  0.0532808  0.0469214  0.1264125  0.1075837  0.1995056  0.2510773
 2  0.0238751  0.0186097  0.0178228  0.0177179  0.0114847  0.0137050  0.0134983  0.0318489  0.0464031  0.0504827  0.0621692  0.0218552  0.0207152  0.0318734  0.0380201  0.0425256  0.0429057  0.0296545  0.0327497  0.0081257  0.0053692  0.0088802  0.0087744  0.0223668  0.0195439  0.0390128  0.0518998
 3  0.1162273  0.1700635  0.1584049  0.1505250  0.1616908  0.2120067  0.1826625  0.1900683  0.1384517  0.1556582  0.1279132  0.1630213  0.1602413  0.1650535  0.1287830  0.1887978  0.1945579  0.1802797  0.2101958  0.1047247  0.1052299  0.1623725  0.1235953  0.1186911  0.1071939  0.1854127  0.1650736
 4  0.0444602  0.0485873  0.0378438  0.0603923  0.0465626  0.0518229  0.0335396  0.0369172  0.0293202  0.0371507  0.0371650  0.0402600  0.0321004  0.0334699  0.0364406  0.0415744  0.0443855  0.0410153  0.0398933  0.0442191  0.0372683  0.0396388  0.0374823  0.0464713  0.0339479  0.0404233  0.0329532
 1  0.1220670  0.0981552  0.0917949  0.1414348  0.1522056  0.1334097  0.1212941  0.1249794  0.1292495  0.1129264  0.1066805  0.0614773  0.0585547  0.0643735  0.0635499  0.0576263  0.0580182  0.0589394  0.0515496  0.2847736  0.4069396  0.3310375  0.3787577  0.1775328  0.2081965  0.0904407  0.0696492
 2  0.0232303  0.0180890  0.0170640  0.0272516  0.0304329  0.0243544  0.0214945  0.0230925  0.0229836  0.0201425  0.0204920  0.0119198  0.0119063  0.0131841  0.0128851  0.0121175  0.0096861  0.0099627  0.0096150  0.0581343  0.0847195  0.0605012  0.0677337  0.0321191  0.0368098  0.0144731  0.0114465
 3  0.1130934  0.1441625  0.1416329  0.1222313  0.1060599  0.1445545  0.1724386  0.1748119  0.1771645  0.1262384  0.1260633  0.1202750  0.1230323  0.1322997  0.1468087  0.1641206  0.1454638  0.1683710  0.1700289  0.1548322  0.1539224  0.1314177  0.1557885  0.2076269  0.2443457  0.1122355  0.1224737
 4  0.0433681  0.0337378  0.0302511  0.0297490  0.0332306  0.0366192  0.0378538  0.0317354  0.0353535  0.0330380  0.0310997  0.0338400  0.0325380  0.0349001  0.0358630  0.0465942  0.0503514  0.0404426  0.0345023  0.0361114  0.0335500  0.0307852  0.0311676  0.0444361  0.0477080  0.0355483  0.0340205
 1  0.1187765  0.1402300  0.1389189  0.1339791  0.1184749  0.2509998  0.3272785  0.1957067  0.1850671  0.1209937  0.1228248  0.1607347  0.1565862  0.0745102  0.0711579  0.1513553  0.1592729  0.1538424  0.1550950  0.1276890  0.1319618  0.2252630  0.2725278  0.1301117  0.0929021  0.1035105  0.0980677
 2  0.0226444  0.0259647  0.0254991  0.0231171  0.0210187  0.0482646  0.0620348  0.0334052  0.0316629  0.0218204  0.0237814  0.0302985  0.0273639  0.0136087  0.0128032  0.0286800  0.0294463  0.0284372  0.0281058  0.0235635  0.0261028  0.0465472  0.0532128  0.0203952  0.0139884  0.0173053  0.0187177
 3  0.1100329  0.1655858  0.1590782  0.1202204  0.1284918  0.1691693  0.1537219  0.1617390  0.1631921  0.1298338  0.1261809  0.1478470  0.1579381  0.1399951  0.1213851  0.1513530  0.1378543  0.1490992  0.1451118  0.1571100  0.1377322  0.1139339  0.1130619  0.1458260  0.1658692  0.1503584  0.1320321
 4  0.0423910  0.0340336  0.0360536  0.0343391  0.0290941  0.0325380  0.0374267  0.0371911  0.0346378  0.0293518  0.0288009  0.0400317  0.0372187  0.0334841  0.0322492  0.0374589  0.0357685  0.0375223  0.0361016  0.0349273  0.0306865  0.0321145  0.0410929  0.0477410  0.0415024  0.0333863  0.0263800
 1  0.1193897  0.0451615  0.0396644  0.1416884  0.1560773  0.1316305  0.1449621  0.0637305  0.0551241  0.0394195  0.0311955  0.0529899  0.0496122  0.0607655  0.0664804  0.0886983  0.1006867  0.1537251  0.1746549  0.1354813  0.1333309  0.1574986  0.1586329  0.1905116  0.2432910  0.1530849  0.1567742
 2  0.0226910  0.0082681  0.0074677  0.0276971  0.0306659  0.0262821  0.0278606  0.0119075  0.0089694  0.0064535  0.0057756  0.0100168  0.0099172  0.0130174  0.0147920  0.0200520  0.0211556  0.0319833  0.0346307  0.0260206  0.0222842  0.0271389  0.0298863  0.0390911  0.0516330  0.0306458  0.0311753
 3  0.1105887  0.1234523  0.1199429  0.1624677  0.1784022  0.1420913  0.1275884  0.1113718  0.0948004  0.1110119  0.1206558  0.1574744  0.1531045  0.1556896  0.1569388  0.1486435  0.1365869  0.1361184  0.1438209  0.1452472  0.1368681  0.1756392  0.1604568  0.1490350  0.1467776  0.0807194  0.0838035
 4  0.0420011  0.0368617  0.0316762  0.0294233  0.0283093  0.0325107  0.0329213  0.0401784  0.0416341  0.0342324  0.0374927  0.0395842  0.0364792  0.0272721  0.0298078  0.0380262  0.0368367  0.0350090  0.0361046  0.0447823  0.0422226  0.0381288  0.0296168  0.0307809  0.0322276  0.0364114  0.0361252
 1  0.1189860  0.0867447  0.0809973  0.1004589  0.0960521  0.1591459  0.1642042  0.3224676  0.3930420  0.3857900  0.4932209  0.1868156  0.1571317  0.0717738  0.0532638  0.1769669  0.2030637  0.2371202  0.2909489  0.0977211  0.0832765  0.2080921  0.2623730  0.3436901  0.4825966  0.1194841  0.0838861
 2  0.0231473  0.0161684  0.0151366  0.0188329  0.0163767  0.0279964  0.0281754  0.0570792  0.0642527  0.0626859  0.0866576  0.0313899  0.0201273  0.0105997  0.0088078  0.0332721  0.0420406  0.0524619  0.0495603  0.0157315  0.0150407  0.0412035  0.0541797  0.0718707  0.0961418  0.0180885  0.0119970
 3  0.1099257  0.1510112  0.1548067  0.1509919  0.1561711  0.2234082  0.2206563  0.1899750  0.1924883  0.2244655  0.2090544  0.0999195  0.0986338  0.0735532  0.0917368  0.1379962  0.1266841  0.1114577  0.1059726  0.1407804  0.1332130  0.1598661  0.1529543  0.0846051  0.1192981  0.1867584  0.0575655
 4  0.0434759  0.0327061  0.0326172  0.0377954  0.0342258  0.0314665  0.0327294  0.0328130  0.0363929  0.0256030  0.0260345  0.0481302  0.0440628  0.0394409  0.0410859  0.0291253  0.0299021  0.0374499  0.0406852  0.0335429  0.0287732  0.0320339  0.0314387  0.0287005  0.0356276  0.0328635  0.0379866
 1  0.1162521  0.1609616  0.1629465  0.2057885  0.2209831  0.2076659  0.2421168  0.1388636  0.1032062  0.1151272  0.1117832  0.0728347  0.0780428  0.1131767  0.1135939  0.1495410  0.1718008  0.1341484  0.1436620  0.0708603  0.0672974  0.1057701  0.0810179  0.1925739  0.2338626  0.0710018  0.0570542
 2  0.0225599  0.0301525  0.0299822  0.0373367  0.0396449  0.0388134  0.0448927  0.0219583  0.0155631  0.0192631  0.0213138  0.0153756  0.0166172  0.0233934  0.0223392  0.0298750  0.0363598  0.0286100  0.0288701  0.0139124  0.0119956  0.0168850  0.0140853  0.0375207  0.0446622  0.0120459  0.0101815
 3  0.1074261  0.1517882  0.1571704  0.1658344  0.1545789  0.1461844  0.1562073  0.1400076  0.1644310  0.1651984  0.1449919  0.1186254  0.1087561  0.1102428  0.1277795  0.1418093  0.1532823  0.0952924  0.0970987  0.1325521  0.1450062  0.1251385  0.1470153  0.1594891  0.1499663  0.1326793  0.1485456
 4  0.0426515  0.0403500  0.0408726  0.0324763  0.0288660  0.0319600  0.0404386  0.0450639  0.0395594  0.0346130  0.0282370  0.0266485  0.0351792  0.0342952  0.0308326  0.0292681  0.0291877  0.0309810  0.0316759  0.0374260  0.0494245  0.0374735  0.0301351  0.0352491  0.0438878  0.0380805  0.0335074
 1  0.1297236  0.1629250  0.1579251  0.0827805  0.0732136  0.0796455  0.0904317  0.0904238  0.1015699  0.0975039  0.1109341  0.0932642  0.0687413  0.0519165  0.0470553  0.2020908  0.2515031  0.1473343  0.1496642  0.0524612  0.0362634  0.0616316  0.0549571  0.1244739  0.1449557  0.1133655  0.1422664
 2  0.0243926  0.0292131  0.0282028  0.0142953  0.0134379  0.0160333  0.0195398  0.0201074  0.0225436  0.0217975  0.0239517  0.0160151  0.0110302  0.0088918  0.0089828  0.0415967  0.0529228  0.0310244  0.0208664  0.0074962  0.0058324  0.0106737  0.0101641  0.0255327  0.0318359  0.0258887  0.0333962
 3  0.1204050  0.1506343  0.1683333  0.1308778  0.1558846  0.1600244  0.1527512  0.1262304  0.1072928  0.1184519  0.1241577  0.1244069  0.1413229  0.1627159  0.1561128  0.1662785  0.1710879  0.1444767  0.1463348  0.1407528  0.1510529  0.1459345  0.1348183  0.1657807  0.1542977  0.1630670  0.1302593
 4  0.0445032  0.0400220  0.0409991  0.0334546  0.0322610  0.0280464  0.0308576  0.0305104  0.0270661  0.0307876  0.0408529  0.0437920  0.0399606  0.0321842  0.0313354  0.0258775  0.0239041  0.0547981  0.0493289  0.0417658  0.0369027  0.0402347  0.0353626  0.0248663  0.0246246  0.0329741  0.0271690
 1  0.1244105  0.0278125  0.0242226  0.0307523  0.0318740  0.0922760  0.1004229  0.2200236  0.2010431  0.1166678  0.1035913  0.2238315  0.2819167  0.1970797  0.2333723  0.1120711  0.0925436  0.1448715  0.1165732  0.3181244  0.4071424  0.3156294  0.4344757  0.1151692  0.0920163  0.0739124  0.0519673
 2  0.0246932  0.0052100  0.0045980  0.0062010  0.0068828  0.0206842  0.0183258  0.0373623  0.0317461  0.0188344  0.0181804  0.0432786  0.0584494  0.0407925  0.0479537  0.0214163  0.0113895  0.0207581  0.0198637  0.0581020  0.0751281  0.0591171  0.0821644  0.0187831  0.0150714  0.0115801  0.0078317
 3  0.1146225  0.1207653  0.1181492  0.1461710  0.1408168  0.1450534  0.1451121  0.1408668  0.1613771  0.1771410  0.1538328  0.1557876  0.1535012  0.1177213  0.1436270  0.1562492  0.1489907  0.1882429  0.1709152  0.1659874  0.1585212  0.1529518  0.1634202  0.0696920  0.0953646  0.0838352  0.0800206
 4  0.0469218  0.0365558  0.0326139  0.0299062  0.0285689  0.0423262  0.0472123  0.0429655  0.0438543  0.0393645  0.0332010  0.0323525  0.0318051  0.0244168  0.0288294  0.0625567  0.0512203  0.0432063  0.0356978  0.0401056  0.0360249  0.0313814  0.0364837  0.0411752  0.0451952  0.0507262  0.0423200
 1  0.1237088  0.1514107  0.1488738  0.2546275  0.3086476  0.2132139  0.2052546  0.0456118  0.0293685  0.0791153  0.0671843  0.1363073  0.1669246  0.1405146  0.1686532  0.1161744  0.1392654  0.0699722  0.0595006  0.0626897  0.0564331  0.0617890  0.0591500  0.0739430  0.0368564  0.0637682  0.0601931
 2  0.0237626  0.0277731  0.0270350  0.0477763  0.0563407  0.0363360  0.0347302  0.0067523  0.0042733  0.0125735  0.0121091  0.0276183  0.0356340  0.0304130  0.0377026  0.0260859  0.0311921  0.0131252  0.0110017  0.0117158  0.0102386  0.0116964  0.0120353  0.0096653  0.0052408  0.0107278  0.0118061
 3  0.1145732  0.1506770  0.1603352  0.1512174  0.1418662  0.1323384  0.1662429  0.1401269  0.1579841  0.1675957  0.1539870  0.1946789  0.1651569  0.1566470  0.1623749  0.1274779  0.1410277  0.1363851  0.1607486  0.0884625  0.0924634  0.1374133  0.1363638  0.1419616  0.1837720  0.1501128  0.1518944
 4  0.0440699  0.0419852  0.0394404  0.0321610  0.0341111  0.0364012  0.0448521  0.0438665  0.0400252  0.0407947  0.0327405  0.0297278  0.0275380  0.0284838  0.0229971  0.0302025  0.0381505  0.0408065  0.0368801  0.0378009  0.0387512  0.0321080  0.0567108  0.0592449  0.0490164  0.0299290  0.0300586
 1  0.1300004  0.1695394  0.1661049  0.1147122  0.0900714  0.0800669  0.0903500  0.1097078  0.1218241  0.1056276  0.1028438  0.0912043  0.0921661  0.1081938  0.0906069  0.0961764  0.0746017  0.1426000  0.1677970  0.1705878  0.2264605  0.3005879  0.3685543  0.1229323  0.1021207  0.0941781  0.0864984
 2  0.0246276  0.0307237  0.0297805  0.0182077  0.0153736  0.0155156  0.0196674  0.0244817  0.0267197  0.0213784  0.0192138  0.0174687  0.0189287  0.0198766  0.0154492  0.0155031  0.0125730  0.0266130  0.0341392  0.0377154  0.0510682  0.0616282  0.0677658  0.0208597  0.0156757  0.0157319  0.0162152
 3  0.1205402  0.1453637  0.1577314  0.1472837  0.1404111  0.1556978  0.1480928  0.1290719  0.1367535  0.1119145  0.1178096  0.1235754  0.1316156  0.1352553  0.1554220  0.1236960  0.1312271  0.2357014  0.1993899  0.1500214  0.1257537  0.1342731  0.1627956  0.0788994  0.0761031  0.1678866  0.1564565
 4  0.0455741  0.0395898  0.0453842  0.0368212  0.0282431  0.0258176  0.0290355  0.0312192  0.0331829  0.0334001  0.0305404  0.0274371  0.0370781  0.0428862  0.0477976  0.0367292  0.0341571  0.0277703  0.0223709  0.0278711  0.0313117  0.0291716  0.0286766  0.0394305  0.0419507  0.0343151  0.0364018
 1  0.1180277  0.0648099  0.0593311  0.0770159  0.0777258  0.1024654  0.1014591  0.1213956  0.1367575  0.1457096  0.1618332  0.1102079  0.0755008  0.1574252  0.1530291  0.1458730  0.1516928  0.1671549  0.1743858  0.1002256  0.1081205  0.1723074  0.1944197  0.1279096  0.1333198  0.1909750  0.2097789
 2  0.0228373  0.0120688  0.0111929  0.0148160  0.0148665  0.0201023  0.0188489  0.0233177  0.0281518  0.0296640  0.0321002  0.0171371  0.0116956  0.0265259  0.0265707  0.0266301  0.0298331  0.0320229  0.0333809  0.0196509  0.0221648  0.0355601  0.0372850  0.0242537  0.0262160  0.0379968  0.0391745
 3  0.1090697  0.1460089  0.1612445  0.1644507  0.1379685  0.1038889  0.1109862  0.2136719  0.1975060  0.1721628  0.1653495  0.1350836  0.1347115  0.1678570  0.1604338  0.1526504  0.1651233  0.1543682  0.1444648  0.1577483  0.1423096  0.1397472  0.1601807  0.1318205  0.1531390  0.1139937  0.1176862
 4  0.0428520  0.0334891  0.0324382  0.0310581  0.0301039  0.0299912  0.0344220  0.0242756  0.0240989  0.0301543  0.0358242  0.0475711  0.0379514  0.0399955  0.0397697  0.0324871  0.0392951  0.0363892  0.0340122  0.0344954  0.0319259  0.0346753  0.0377309  0.0304431  0.0307876  0.0364417  0.0582096
 1  0.1305073  0.1152266  0.1067829  0.1448660  0.1435066  0.1658704  0.1913720  0.1938726  0.2327549  0.1513695  0.1374961  0.0769706  0.0527031  0.1036961  0.1032047  0.1866127  0.2324753  0.2347051  0.2547644  0.1065429  0.0832130  0.1122858  0.1134198  0.1821858  0.1369986  0.1742600  0.1745047
 2  0.0247657  0.0208515  0.0194157  0.0258637  0.0261775  0.0320486  0.0388941  0.0407796  0.0439602  0.0275516  0.0204186  0.0114801  0.0079422  0.0179052  0.0198387  0.0392149  0.0526691  0.0479496  0.0483009  0.0175826  0.0139802  0.0204007  0.0212612  0.0286982  0.0226836  0.0302239  0.0318170
 3  0.1209417  0.1378176  0.1539143  0.1716297  0.1634489  0.1340663  0.1076465  0.1325528  0.1300142  0.1161614  0.1200559  0.0815285  0.0850924  0.1817619  0.1605961  0.1260694  0.1345091  0.1130584  0.1169501  0.0931988  0.0983350  0.1665925  0.1577020  0.1246369  0.1433445  0.1488831  0.1358223
 4  0.0457994  0.0385521  0.0398179  0.0385703  0.0335448  0.0295447  0.0256442  0.0313420  0.0370723  0.0405379  0.0402806  0.0471157  0.0423672  0.0406598  0.0319584  0.0302543  0.0321028  0.0371760  0.0381236  0.0403118  0.0424529  0.0352183  0.0473263  0.0439042  0.0389267  0.0401086  0.0361693
 1  0.1355563  0.1296076  0.1216429  0.0794460  0.0792629  0.0669469  0.0579035  0.0445202  0.0474672  0.1223548  0.1587796  0.1730790  0.1902983  0.1803962  0.2000981  0.1083203  0.1071610  0.1621554  0.1097096  0.0795491  0.0787219  0.1116498  0.1213276  0.2237138  0.2445141  0.1641718  0.0994694
 2  0.0258173  0.0236284  0.0220407  0.0152952  0.0136125  0.0114484  0.0106974  0.0091367  0.0109474  0.0314920  0.0394143  0.0371519  0.0360864  0.0337326  0.0374631  0.0197077  0.0205510  0.0243585  0.0165353  0.0136109  0.0150072  0.0228247  0.0256923  0.0454737  0.0419973  0.0211567  0.0149379
 3  0.1255444  0.1402033  0.1441129  0.1444574  0.1544216  0.1309858  0.1326924  0.1124878  0.1183896  0.1227289  0.1287233  0.1296596  0.1413196  0.1649489  0.1657300  0.1852526  0.1449042  0.1763119  0.2344369  0.1790740  0.1553573  0.1368817  0.1388793  0.1389153  0.1732348  0.2283340  0.2275995
 4  0.0485933  0.0311487  0.0311541  0.0328446  0.0409355  0.0321920  0.0295619  0.0252198  0.0323068  0.0284492  0.0343935  0.0393060  0.0332621  0.0323225  0.0361250  0.0374827  0.0442401  0.0392192  0.0324929  0.0316629  0.0316595  0.0314620  0.0336882  0.0358272  0.0514511  0.0457901  0.0356571
 1  0.1307984  0.1637958  0.1587898  0.2791735  0.3417483  0.2712802  0.2170088  0.2910511  0.3169425  0.2288165  0.2159722  0.1812698  0.1530889  0.2059029  0.2369918  0.1547594  0.1436616  0.0615979  0.0535745  0.0865953  0.0776035  0.1988668  0.2591316  0.1833714  0.2175394  0.1070060  0.1089587
 2  0.0245606  0.0294990  0.0283881  0.0512793  0.0619775  0.0413633  0.0325901  0.0470220  0.0555440  0.0391930  0.0329391  0.0276547  0.0252896  0.0374236  0.0467025  0.0290300  0.0232599  0.0106111  0.0084165  0.0141259  0.0141746  0.0409123  0.0589582  0.0419286  0.0459804  0.0206301  0.0213803
 3  0.1213701  0.1490137  0.1576248  0.1587647  0.1452597  0.1314658  0.1433549  0.1739747  0.1600926  0.1375799  0.1241425  0.1706998  0.1677196  0.1481140  0.1480245  0.1358624  0.1204191  0.1571700  0.1712271  0.2328329  0.2076123  0.1290640  0.1168789  0.0870740  0.0911665  0.1484400  0.1517677
 4  0.0453260  0.0365493  0.0378840  0.0340215  0.0370062  0.0395929  0.0350197  0.0356003  0.0329681  0.0419573  0.0411687  0.0417249  0.0343811  0.0270268  0.0284845  0.0415190  0.0367019  0.0464526  0.0503939  0.0362503  0.0278505  0.0225552  0.0232487  0.0306642  0.0324228  0.0336188  0.0304796
 1  0.1425452  0.1646896  0.1574530  0.1434863  0.1242849  0.0874280  0.0864173  0.0905004  0.1147399  0.1562004  0.2178451  0.0317350  0.0155289  0.0942251  0.1027547  0.0966623  0.1192780  0.1624720  0.1919149  0.1485456  0.1327043  0.0900963  0.0915442  0.0558796  0.0519660  0.0815220  0.0701956
 2  0.0270896  0.0297057  0.0279904  0.0244294  0.0201483  0.0153494  0.0169622  0.0199784  0.0281231  0.0380243  0.0363505  0.0037755  0.0022899  0.0168323  0.0210897  0.0226161  0.0293093  0.0378103  0.0379746  0.0256161  0.0227369  0.0164774  0.0179539  0.0111176  0.0101286  0.0147347  0.0123313
 3  0.1320490  0.1380522  0.1581490  0.1233823  0.1456142  0.1569982  0.1511886  0.1681109  0.2113958  0.3041968  0.1553210  0.1306735  0.1601202  0.1862304  0.1494280  0.1482207  0.1443197  0.1311936  0.1359973  0.1619697  0.1537319  0.1639021  0.1333168  0.1035483  0.1076664  0.1569459  0.1529010
 4  0.0507192  0.0364131  0.0399346  0.0373831  0.0363100  0.0302884  0.0267701  0.0369964  0.0537062  0.0679829  0.0526602  0.0423303  0.0354638  0.0236849  0.0226003  0.0212516  0.0267607  0.0356138  0.0407804  0.0398898  0.0387180  0.0318086  0.0313877  0.0341766  0.0380822  0.0412568  0.0393856
 1  0.1323154  0.1361319  0.1300952  0.0819578  0.0842568  0.1917122  0.1929198  0.2302489  0.2261048  0.2067419  0.1817430  0.1501243  0.1561595  0.1653426  0.1767354  0.1118891  0.0881596  0.0738807  0.0583113  0.1109579  0.1350886  0.2274339  0.3268418  0.2357434  0.2195625  0.1485452  0.1271072
 2  0.0251284  0.0246228  0.0233783  0.0154575  0.0158207  0.0346860  0.0336639  0.0388254  0.0390329  0.0338341  0.0284859  0.0255355  0.0288905  0.0312161  0.0335297  0.0198615  0.0114836  0.0108503  0.0100887  0.0222885  0.0313747  0.0578624  0.0737940  0.0413074  0.0330898  0.0234639  0.0195338
 3  0.1226001  0.1561815  0.1633587  0.1547804  0.1538753  0.1621937  0.1531375  0.1544353  0.1681742  0.1559213  0.1753541  0.2083032  0.1879356  0.1546364  0.1564243  0.1605944  0.1669618  0.1895497  0.1825482  0.1662709  0.1498816  0.1231850  0.1538973  0.1663352  0.1733290  0.1588752  0.1573608
 4  0.0466048  0.0427884  0.0367306  0.0351038  0.0388252  0.0412055  0.0393482  0.0377090  0.0418753  0.0439803  0.0416287  0.0291572  0.0295246  0.0359331  0.0398022  0.0636536  0.0587895  0.0469535  0.0369113  0.0311229  0.0278924  0.0282877  0.0344561  0.0409000  0.0380817  0.0436907  0.0458283
 1  0.1289129  0.1675016  0.1651905  0.1020796  0.0936151  0.1347040  0.1323078  0.0865201  0.0937525  0.0694533  0.0648261  0.0704952  0.0677165  0.0692601  0.0456922  0.1222535  0.1387132  0.2038814  0.2331113  0.2085260  0.2301579  0.3164181  0.4500996  0.1759113  0.1961205  0.0800991  0.0583927
 2  0.0243850  0.0304557  0.0297298  0.0181292  0.0163208  0.0240474  0.0252761  0.0176136  0.0190397  0.0134000  0.0124743  0.0137749  0.0130558  0.0105326  0.0074887  0.0232831  0.0303580  0.0449135  0.0439405  0.0377153  0.0437810  0.0626774  0.0875763  0.0325044  0.0284418  0.0117468  0.0099390
 3  0.1195341  0.1483366  0.1524139  0.1352337  0.1380422  0.1306965  0.1230780  0.1484935  0.1421366  0.1459980  0.1694037  0.1008830  0.1078766  0.1549648  0.1666633  0.1226594  0.1142434  0.1400812  0.1390227  0.1620220  0.1582637  0.1583831  0.1552900  0.2542601  0.1514445  0.0798809  0.0889619
 4  0.0452728  0.0390361  0.0351587  0.0343663  0.0359330  0.0333202  0.0284351  0.0330877  0.0390343  0.0357850  0.0395488  0.0344894  0.0554341  0.0507600  0.0381614  0.0246878  0.0292682  0.0434852  0.0411481  0.0367934  0.0301779  0.0318800  0.0318751  0.0484362  0.0469437  0.0385417  0.0340168
 1  0.1102676  0.0810587  0.0769846  0.1148545  0.1063825  0.1030331  0.0941786  0.1676385  0.2157884  0.2088155  0.2591148  0.1074612  0.0942137  0.1629240  0.1477521  0.0931870  0.0829360  0.0907094  0.0931612  0.1151874  0.0866363  0.0731505  0.0723739  0.1161326  0.1462108  0.1101532  0.0896915
 2  0.0212429  0.0151811  0.0145421  0.0205492  0.0194175  0.0184648  0.0171221  0.0333411  0.0462116  0.0458918  0.0444164  0.0175921  0.0167410  0.0280902  0.0260609  0.0162740  0.0146965  0.0173639  0.0185621  0.0191816  0.0144701  0.0131852  0.0143561  0.0257684  0.0358311  0.0212986  0.0157458
 3  0.1019949  0.1595394  0.1596162  0.1645553  0.1788121  0.1253872  0.1360960  0.2114061  0.1831743  0.1536048  0.1520642  0.1425502  0.1264414  0.1415817  0.1503585  0.1582967  0.1575237  0.1302505  0.1106964  0.1424710  0.1528976  0.1615469  0.1626075  0.1553605  0.1319031  0.1173527  0.1193008
 4  0.0398775  0.0359023  0.0358514  0.0345425  0.0339955  0.0347701  0.0313118  0.0233815  0.0204575  0.0352690  0.0375251  0.0324961  0.0325132  0.0406979  0.0404515  0.0423798  0.0348675  0.0291317  0.0422652  0.0453311  0.0394650  0.0350859  0.0321396  0.0241218  0.0327361  0.0432517  0.0330310
 1  0.1249681  0.1281330  0.1230030  0.3493456  0.5164875  0.2597982  0.2330680  0.1506475  0.1321798  0.1051517  0.0982961  0.0770316  0.0720828  0.1322245  0.1347435  0.0775695  0.0700016  0.0899520  0.0942138  0.0563999  0.0511196  0.0800733  0.0956668  0.0683428  0.0626062  0.0698692  0.0587307
 2  0.0235296  0.0232448  0.0223800  0.0673266  0.1030413  0.0405853  0.0338607  0.0234283  0.0221740  0.0190632  0.0162309  0.0134545  0.0140963  0.0265768  0.0258986  0.0141329  0.0131222  0.0176449  0.0188143  0.0109395  0.0104863  0.0181558  0.0225142  0.0143059  0.0121200  0.0123383  0.0102371
 3  0.1159195  0.1595876  0.1544045  0.1509206  0.1474461  0.3025277  0.1637021  0.1431009  0.1202643  0.1386975  0.1442376  0.1522805  0.1652650  0.1115007  0.1067269  0.1596910  0.1383668  0.1537543  0.1333637  0.0888045  0.0800927  0.1381098  0.1303729  0.1275954  0.1497645  0.1473710  0.1616333
 4  0.0433172  0.0402456  0.0338618  0.0276062  0.0302877  0.0355543  0.0398482  0.0340445  0.0302858  0.0406753  0.0401215  0.0320189  0.0323319  0.0315455  0.0354297  0.0377905  0.0294642  0.0334469  0.0329571  0.0362553  0.0381953  0.0229938  0.0336367  0.0375466  0.0421677  0.0391317  0.0393122
 1  0.1235830  0.1063336  0.1022314  0.1613210  0.1384939  0.1289942  0.1376521  0.1940443  0.2650304  0.0595059  0.0351814  0.0740980  0.0756069  0.1294824  0.1276334  0.2268231  0.2609034  0.3834209  0.5444948  0.3453320  0.2472188  0.2982841  0.3445151  0.2084184  0.2379414  0.1107061  0.0925525
 2  0.0244388  0.0200164  0.0189438  0.0278302  0.0226113  0.0228306  0.0273036  0.0429789  0.0569250  0.0085719  0.0054059  0.0130251  0.0150436  0.0260665  0.0234046  0.0420490  0.0488803  0.0718728  0.0983373  0.0462691  0.0363457  0.0484213  0.0600475  0.0371842  0.0393102  0.0182034  0.0136419
 3  0.1139036  0.1634179  0.1541378  0.1108776  0.1327044  0.1803758  0.1608151  0.1460163  0.1414385  0.1320538  0.1799259  0.1730457  0.1634701  0.1337178  0.1619762  0.1645240  0.1570226  0.1732552  0.1769355  0.1384615  0.1500737  0.2070015  0.1769568  0.2319642  0.2689246  0.1370392  0.1298756
 4  0.0466939  0.0348334  0.0346340  0.0351236  0.0347281  0.0343074  0.0268368  0.0270450  0.0526694  0.0517191  0.0404646  0.0332606  0.0352345  0.0401872  0.0421685  0.0363365  0.0342103  0.0291448  0.0335450  0.0441285  0.0359992  0.0275952  0.0262609  0.0349098  0.0330887  0.0399827  0.0388996
 1  0.1114495  0.0997521  0.0959771  0.1040891  0.1103256  0.0517338  0.0532001  0.0749841  0.0678768  0.0456090  0.0381343  0.0882334  0.0867355  0.1191861  0.1356987  0.2070275  0.2730174  0.3023973  0.4294695  0.2024058  0.1625174  0.0568560  0.0481366  0.1371505  0.1434912  0.1206616  0.0964712
 2  0.0220729  0.0191440  0.0183176  0.0204284  0.0215902  0.0104529  0.0102929  0.0141110  0.0113507  0.0075883  0.0068886  0.0165946  0.0171468  0.0246992  0.0291066  0.0453592  0.0610563  0.0672792  0.0752562  0.0311056  0.0225707  0.0089676  0.0086231  0.0267871  0.0280295  0.0209129  0.0156582
 3  0.1026403  0.1387062  0.1424122  0.1443175  0.1469449  0.1475801  0.1323687  0.1557065  0.1549689  0.1663734  0.1548652  0.1552117  0.1481671  0.1618075  0.1397534  0.1457247  0.1444203  0.1326039  0.1407811  0.1582439  0.1478686  0.1518920  0.1618060  0.1158785  0.1064626  0.1355208  0.1471333
 4  0.0426156  0.0353052  0.0368544  0.0336735  0.0311606  0.0366777  0.0387151  0.0443287  0.0460534  0.0431394  0.0358484  0.0362065  0.0347783  0.0346064  0.0315807  0.0253855  0.0233902  0.0332386  0.0378154  0.0415372  0.0409705  0.0342628  0.0342417  0.0306947  0.0381052  0.0403352  0.0369323
 1  0.1170474  0.1108915  0.1053025  0.0903587  0.0896656  0.0721802  0.0695722  0.1899320  0.2431989  0.0422479  0.0372915  0.0769497  0.0698245  0.1516887  0.1784221  0.1779591  0.2063114  0.1295576  0.1256705  0.1412120  0.1348809  0.1084859  0.0884822  0.0658781  0.0652719  0.0602878  0.0627487
 2  0.0222378  0.0203095  0.0194438  0.0171265  0.0165754  0.0133537  0.0137133  0.0404477  0.0488146  0.0079763  0.0062692  0.0133031  0.0128455  0.0307653  0.0387283  0.0386655  0.0440433  0.0248827  0.0228104  0.0253592  0.0228663  0.0174386  0.0151043  0.0123353  0.0138067  0.0135453  0.0142616
 3  0.1084871  0.1503413  0.1454337  0.1370718  0.1454893  0.1481413  0.1500900  0.1484086  0.1296622  0.1427138  0.1629726  0.1567941  0.1592088  0.1297625  0.1423457  0.1001413  0.1019150  0.1476303  0.1504060  0.1571707  0.1520624  0.1693684  0.1711114  0.1056626  0.1060142  0.0952439  0.1035533
 4  0.0409754  0.0403495  0.0338510  0.0349403  0.0359680  0.0345128  0.0294532  0.0324804  0.0342036  0.0399347  0.0440475  0.0376084  0.0336970  0.0283363  0.0308657  0.0297042  0.0321658  0.0384879  0.0364389  0.0379413  0.0408180  0.0419846  0.0391905  0.0295594  0.0290621  0.0297988  0.0394849
 1  0.1287303  0.1083194  0.1028894  0.2365459  0.2160909  0.4895882  0.7564349  0.3733893  0.3308056  0.3696712  0.3611116  0.5357001  0.6561054  0.3742940  0.2605097  0.2281594  0.2104890  0.1185020  0.1227434  0.0854192  0.0877643  0.0478970  0.0449787  0.1382617  0.1456301  0.1667286  0.2008380
 2  0.0248432  0.0199418  0.0188312  0.0397452  0.0359432  0.0875518  0.1066376  0.0480965  0.0507739  0.0557906  0.0526093  0.0799557  0.0952406  0.0484646  0.0291007  0.0317135  0.0343704  0.0209778  0.0229461  0.0166996  0.0175195  0.0094209  0.0086109  0.0268109  0.0291219  0.0351474  0.0394406
 3  0.1190409  0.1608762  0.1555391  0.1363823  0.1711725  0.1663990  0.1539905  0.3224872  0.2497266  0.2038197  0.2371682  0.2233811  0.2294893  0.2686221  0.3001097  0.3489518  0.2883708  0.1634157  0.1449636  0.1359105  0.1377333  0.1171620  0.1248691  0.1406930  0.1449951  0.1455585  0.1315861
 4  0.0466638  0.0395303  0.0437141  0.0385615  0.0359941  0.0416908  0.0439356  0.0331815  0.0290290  0.0341434  0.0355564  0.0337546  0.0345012  0.0527435  0.0471582  0.0228245  0.0216315  0.0328737  0.0326184  0.0339490  0.0324624  0.0319788  0.0353461  0.0332927  0.0311021  0.0334114  0.0370354
 1  0.1219628  0.1219804  0.1164975  0.1097176  0.1225548  0.0987043  0.0923391  0.0747331  0.0715644  0.0927430  0.0953782  0.1570520  0.1862805  0.1120927  0.1033117  0.0651204  0.0490029  0.0844021  0.0494927  0.1514692  0.1726969  0.2214461  0.3418454  0.1919063  0.2501519  0.1023844  0.0842201
 2  0.0230466  0.0222855  0.0213696  0.0209875  0.0252356  0.0189539  0.0166437  0.0135225  0.0134173  0.0181022  0.0198387  0.0346786  0.0364410  0.0211249  0.0154212  0.0100714  0.0074494  0.0111169  0.0072495  0.0264612  0.0351931  0.0520530  0.0868064  0.0459996  0.0478256  0.0168846  0.0135884
 3  0.1131144  0.1486645  0.1651947  0.1868923  0.1759351  0.1447213  0.1491854  0.1671850  0.1595227  0.1321670  0.1210090  0.1342998  0.1450234  0.1533238  0.1523485  0.1671718  0.1928921  0.1807806  0.1662898  0.1948113  0.1810121  0.1420899  0.1376795  0.1396297  0.1676980  0.1322768  0.1390668
 4  0.0426943  0.0388932  0.0364862  0.0278362  0.0295761  0.0385248  0.0367493  0.0362271  0.0375190  0.0291722  0.0296258  0.0339811  0.0378528  0.0474900  0.0472526  0.0470121  0.0631958  0.0614548  0.0416439  0.0386568  0.0318800  0.0209090  0.0255233  0.0294640  0.0371320  0.0392674  0.0387083
 1  0.1113715  0.0991147  0.0956645  0.1167986  0.1109291  0.1499900  0.1571893  0.2308857  0.3037535  0.1059861  0.0958998  0.0556089  0.0407964  0.0883844  0.0925423  0.1515796  0.1431113  0.1386243  0.1452494  0.1454317  0.1530961  0.1531113  0.0899191  0.1207484  0.1374028  0.1066283  0.1273259
 2  0.0213932  0.0185077  0.0179198  0.0211583  0.0202761  0.0279110  0.0303919  0.0473433  0.0637979  0.0202632  0.0166522  0.0089027  0.0069303  0.0166108  0.0194037  0.0295150  0.0250398  0.0248593  0.0275032  0.0280961  0.0315294  0.0217908  0.0138164  0.0220830  0.0291622  0.0250435  0.0310319
 3  0.1030635  0.1608812  0.1522758  0.1543207  0.1495617  0.1430251  0.1372863  0.1433656  0.1349033  0.0956863  0.0873991  0.0873932  0.0864427  0.1614945  0.1565652  0.1626667  0.1927249  0.1920687  0.1886525  0.1086484  0.1095145  0.0962029  0.1208730  0.1526745  0.1274770  0.1202965  0.1049332
 4  0.0401234  0.0414998  0.0407866  0.0376293  0.0323128  0.0327674  0.0315711  0.0265162  0.0304020  0.0373634  0.0412017  0.0441281  0.0410369  0.0320899  0.0364833  0.0427010  0.0357121  0.0251420  0.0282768  0.0322011  0.0532952  0.0455816  0.0354820  0.0260960  0.0262714  0.0280528  0.0267505
 1  0.1145158  0.0692925  0.0646746  0.0837738  0.0857683  0.2071705  0.2929477  0.0956176  0.0758385  0.0779661  0.0624762  0.0563755  0.0409038  0.0854782  0.0872487  0.0541567  0.0562500  0.0694039  0.0772121  0.0884594  0.0974878  0.0877849  0.0824258  0.0877969  0.0999302  0.0412235  0.0397298
 2  0.0226344  0.0130720  0.0122185  0.0160904  0.0174393  0.0453568  0.0624938  0.0161127  0.0127387  0.0125366  0.0107776  0.0089293  0.0068285  0.0157611  0.0173503  0.0113556  0.0125427  0.0159771  0.0176831  0.0198464  0.0214410  0.0175262  0.0163467  0.0188136  0.0206093  0.0083336  0.0083205
 3  0.1056338  0.1538461  0.1555457  0.1514052  0.1676981  0.1770918  0.1667689  0.1614862  0.2037895  0.1486223  0.1606536  0.1464056  0.1550907  0.1636519  0.1533573  0.1270315  0.1277049  0.1229196  0.1218381  0.1312495  0.1316545  0.1123558  0.1243592  0.1414122  0.1438124  0.1177787  0.1204352
 4  0.0427542  0.0359420  0.0311822  0.0286482  0.0279653  0.0210373  0.0329767  0.0370119  0.0347577  0.0397176  0.0450050  0.0447316  0.0394484  0.0350982  0.0331124  0.0310874  0.0320329  0.0312849  0.0294067  0.0302542  0.0364035  0.0324867  0.0299813  0.0310565  0.0387731  0.0310953  0.0289772
 1  0.1157815  0.0694723  0.0652830  0.1006543  0.1014322  0.1264679  0.1298790  0.0762449  0.0770539  0.1016539  0.1072873  0.0666267  0.0540670  0.0613813  0.0693461  0.1012597  0.1096548  0.0895806  0.0951039  0.1009309  0.1003028  0.0350395  0.0323248  0.0601634  0.0571935  0.0847676  0.0722991
 2  0.0229241  0.0132355  0.0124072  0.0192343  0.0193330  0.0242705  0.0255557  0.0153739  0.0157491  0.0216327  0.0190129  0.0109839  0.0097292  0.0125019  0.0161774  0.0238227  0.0238520  0.0183462  0.0188990  0.0193475  0.0192432  0.0066282  0.0064832  0.0121261  0.0107650  0.0147537  0.0131613
 3  0.1066490  0.1556648  0.1589315  0.1504597  0.1574227  0.1203210  0.1149972  0.1079522  0.1021293  0.1397579  0.1436237  0.1491936  0.1628185  0.1482470  0.1419285  0.1296682  0.1340671  0.1697345  0.1778009  0.1687932  0.1668621  0.1384380  0.1323421  0.1360615  0.1485462  0.1597664  0.1574666
 4  0.0440659  0.0346412  0.0325787  0.0311661  0.0325724  0.0302463  0.0299774  0.0292046  0.0277014  0.0413461  0.0491813  0.0379630  0.0321237  0.0255269  0.0279699  0.0343309  0.0338293  0.0275978  0.0302949  0.0315596  0.0304174  0.0336754  0.0311630  0.0367748  0.0427289  0.0379789  0.0307629
 1  0.1290325  0.0987184  0.0921697  0.0901086  0.0778807  0.1065804  0.0878074  0.1011344  0.1218549  0.1003276  0.1087061  0.1407770  0.1526231  0.0904976  0.0907263  0.1530683  0.1924493  0.1566126  0.1330767  0.0612345  0.0397391  0.0450084  0.0427653  0.1132267  0.1289842  0.1852161  0.2540081
 2  0.0246445  0.0180101  0.0168327  0.0156665  0.0127890  0.0171840  0.0155962  0.0205120  0.0277679  0.0230569  0.0238711  0.0293448  0.0287194  0.0167757  0.0182753  0.0334719  0.0418903  0.0285910  0.0210979  0.0086159  0.0062500  0.0080120  0.0080281  0.0230567  0.0283884  0.0432563  0.0597615
 3  0.1195162  0.1595911  0.1556457  0.1770678  0.1746004  0.1301451  0.1125442  0.1685194  0.1397494  0.1131576  0.1163620  0.1373570  0.1510323  0.1598809  0.1446785  0.1497888  0.1281645  0.1435339  0.1634085  0.1642728  0.1518328  0.1689695  0.1589830  0.1733387  0.1560598  0.1383073  0.1229650
 4  0.0458670  0.0381747  0.0337961  0.0409447  0.0371976  0.0327412  0.0272712  0.0313466  0.0309912  0.0338631  0.0329062  0.0376259  0.0380646  0.0349338  0.0282432  0.0294725  0.0395553  0.0465318  0.0530455  0.0404976  0.0320919  0.0398346  0.0363005  0.0277080  0.0241321  0.0307082  0.0293970
 1  0.1183230  0.0823829  0.0771951  0.1714377  0.1918608  0.1442912  0.1583476  0.1205031  0.1014444  0.0542703  0.0470977  0.1311463  0.1495151  0.1575388  0.1782491  0.0846614  0.0802016  0.1303028  0.1100149  0.1031270  0.0919184  0.1417843  0.1493698  0.1282616  0.1463801  0.0618149  0.0528806
 2  0.0224026  0.0152347  0.0144169  0.0334880  0.0374771  0.0281643  0.0309252  0.0209225  0.0168417  0.0091385  0.0084264  0.0256653  0.0320434  0.0340306  0.0339143  0.0153275  0.0147027  0.0228372  0.0172925  0.0171130  0.0167828  0.0267573  0.0295710  0.0271909  0.0293713  0.0111004  0.0094690
 3  0.1097152  0.1562243  0.1367021  0.1265788  0.1043191  0.1546512  0.1439777  0.1506546  0.1541401  0.1888845  0.1766417  0.1648228  0.1536592  0.1464020  0.1447732  0.1662763  0.1507254  0.1331520  0.1281635  0.1486004  0.1548122  0.1647170  0.1598272  0.1260938  0.1484314  0.1497427  0.1707044
 4  0.0420017  0.0351995  0.0296970  0.0277388  0.0308348  0.0346405  0.0368373  0.0415521  0.0405864  0.0336103  0.0294647  0.0245241  0.0247469  0.0399350  0.0378498  0.0402413  0.0395400  0.0446754  0.0385262  0.0408058  0.0379547  0.0381530  0.0346839  0.0276004  0.0393294  0.0409767  0.0378332
 1  0.1082802  0.1142389  0.1110133  0.0923656  0.0996012  0.1964887  0.2599776  0.1241810  0.1135244  0.0503887  0.0319755  0.0834832  0.0892193  0.2157621  0.2876840  0.2141370  0.2162028  0.0422870  0.0303787  0.1129284  0.1239497  0.3289756  0.4253688  0.1717436  0.1417022  0.1656072  0.1186515
 2  0.0206362  0.0212219  0.0207552  0.0181960  0.0208077  0.0433509  0.0577589  0.0235928  0.0192933  0.0073497  0.0051651  0.0156898  0.0189324  0.0493705  0.0649698  0.0424720  0.0342647  0.0064308  0.0051362  0.0214897  0.0254501  0.0677753  0.0786760  0.0285552  0.0204416  0.0237796  0.0182563
 3  0.1003378  0.1545603  0.1525695  0.1273906  0.1239612  0.1299286  0.1234970  0.1489886  0.1475473  0.0652322  0.0929388  0.1507167  0.1478412  0.1380482  0.1364416  0.1252211  0.1289688  0.0826824  0.0920697  0.1717650  0.1531299  0.1262516  0.1323665  0.0828980  0.0698306  0.1368189  0.1466420
 4  0.0383101  0.0387211  0.0362312  0.0289474  0.0295839  0.0256976  0.0323980  0.0387135  0.0488795  0.0387623  0.0391350  0.0277622  0.0306651  0.0259603  0.0275997  0.0414053  0.0426361  0.0403150  0.0373199  0.0346288  0.0330697  0.0332591  0.0385373  0.0495664  0.0441420  0.0425498  0.0390691
 1  0.1326288  0.1176636  0.1093986  0.1330652  0.1471606  0.1105885  0.0948234  0.1508689  0.1425086  0.1940564  0.2439499  0.0962414  0.0996281  0.1058216  0.0975238  0.0937998  0.0728357  0.1030575  0.0976013  0.1748218  0.2196715  0.1948316  0.2074357  0.1117883  0.1171302  0.0734181  0.0708193
 2  0.0249980  0.0212418  0.0198692  0.0255029  0.0288719  0.0198132  0.0149928  0.0251198  0.0264607  0.0406996  0.0528899  0.0201616  0.0202205  0.0202527  0.0160411  0.0151885  0.0110618  0.0174415  0.0190633  0.0377329  0.0468992  0.0381281  0.0388379  0.0211600  0.0229526  0.0142972  0.0137989
 3  0.1230205  0.1416461  0.1406284  0.1551426  0.1650790  0.1535906  0.1667032  0.1336540  0.1183342  0.0976480  0.1218742  0.1138597  0.1123976  0.1367693  0.1397401  0.1496332  0.1386532  0.1459308  0.1450675  0.1452406  0.1265276  0.1451111  0.1529352  0.1347788  0.1275685  0.1424510  0.1396352
 4  0.0462208  0.0366758  0.0304747  0.0306347  0.0405427  0.0468606  0.0412313  0.0341411  0.0270284  0.0257625  0.0336724  0.0316649  0.0326183  0.0430899  0.0450041  0.0473638  0.0403629  0.0333847  0.0313299  0.0352498  0.0374693  0.0367589  0.0338894  0.0329876  0.0322024  0.0350565  0.0334405
 1  0.1083181  0.1140063  0.1114933  0.0625677  0.0623428  0.0843031  0.0875821  0.0967333  0.0988501  0.0468433  0.0396294  0.0748805  0.0719684  0.0743948  0.0772239  0.0882330  0.0881671  0.0664123  0.0790890  0.0790977  0.0916817  0.0446868  0.0398951  0.0948021  0.1007913  0.0994661  0.0821625
 2  0.0208560  0.0213050  0.0208487  0.0118377  0.0120215  0.0168720  0.0175856  0.0200967  0.0172961  0.0079406  0.0073817  0.0139751  0.0138526  0.0150649  0.0159393  0.0176865  0.0180929  0.0148168  0.0186924  0.0189692  0.0223112  0.0092456  0.0077497  0.0187874  0.0211131  0.0180682  0.0145482
 3  0.1001866  0.1649918  0.1607723  0.1690752  0.1540346  0.1229029  0.1177044  0.1218070  0.1299301  0.1530118  0.1575384  0.1925226  0.1907942  0.1324980  0.1218448  0.1361390  0.1256671  0.1492914  0.1366668  0.1352835  0.1183153  0.1237284  0.1608879  0.1457805  0.1353631  0.1387289  0.1541293
 4  0.0388983  0.0358404  0.0332803  0.0330130  0.0292057  0.0321207  0.0327448  0.0388558  0.0434295  0.0381093  0.0373638  0.0359468  0.0300352  0.0337280  0.0371094  0.0362937  0.0305978  0.0288420  0.0295098  0.0286671  0.0322020  0.0351489  0.0362539  0.0284037  0.0363402  0.0427862  0.0358848
 1  0.1220607  0.3689111  0.4560492  0.2960591  0.3284820  0.2596000  0.2612957  0.1602002  0.1082772  0.0888640  0.0838790  0.1404944  0.1243018  0.1419922  0.1384017  0.1013945  0.1107798  0.1113308  0.0981376  0.2404761  0.3059116  0.1598239  0.0872715  0.1213424  0.1311450  0.1514217  0.2045430
 2  0.0234936  0.0679193  0.0770571  0.0486239  0.0554265  0.0426614  0.0440068  0.0226835  0.0164962  0.0150739  0.0151620  0.0249583  0.0216093  0.0253812  0.0262034  0.0212696  0.0222400  0.0204479  0.0184978  0.0478027  0.0626514  0.0213182  0.0130563  0.0217040  0.0275526  0.0366065  0.0504530
 3  0.1129126  0.1613904  0.1721040  0.1403133  0.1490615  0.1413541  0.1717682  0.1422082  0.1725995  0.1670440  0.1534672  0.1189040  0.1183946  0.1309438  0.1389687  0.0913655  0.0889509  0.0966133  0.0965831  0.1454567  0.1505514  0.0772862  0.0781392  0.1201793  0.1022115  0.1452297  0.1336726
 4  0.0437848  0.0412078  0.0371220  0.0306658  0.0305117  0.0324740  0.0429291  0.0420690  0.0381727  0.0360216  0.0404590  0.0385551  0.0358459  0.0328183  0.0310648  0.0355199  0.0428547  0.0462938  0.0406650  0.0312220  0.0559543  0.0511625  0.0402201  0.0295345  0.0236348  0.0273844  0.0310855
 1  0.1223909  0.0534962  0.0481767  0.0646058  0.0529989  0.1092077  0.1134320  0.1138311  0.1184003  0.1582799  0.1657572  0.3117804  0.4711968  0.4348206  0.6810154  0.1691152  0.1088683  0.0270461  0.0129288  0.0429767  0.0359812  0.1000336  0.1105762  0.1629386  0.1946661  0.1125782  0.1043439
 2  0.0234945  0.0099101  0.0090702  0.0110657  0.0093886  0.0203887  0.0210787  0.0217129  0.0231043  0.0303949  0.0317154  0.0628628  0.0970433  0.0783687  0.1090447  0.0200534  0.0104289  0.0030052  0.0018550  0.0069103  0.0065109  0.0201295  0.0243124  0.0376477  0.0365048  0.0196395  0.0192912
 3  0.1132614  0.1432287  0.1420784  0.1651205  0.1993875  0.1691839  0.1501338  0.1614925  0.1664931  0.1518571  0.1854172  0.1760343  0.1585971  0.3096286  0.4977555  0.9990000  0.1561718  0.1333129  0.1516163  0.1695466  0.1711924  0.1554007  0.1695713  0.1233862  0.1145675  0.1617480  0.1682403
 4  0.0441167  0.0323359  0.0359518  0.0384608  0.0331430  0.0400448  0.0377876  0.0368648  0.0379300  0.0295663  0.0284076  0.0218716  0.0225146  0.0322736  0.0439739  0.0601353  0.0527851  0.0412763  0.0384477  0.0367233  0.0362625  0.0313550  0.0336240  0.0386554  0.0411600  0.0352105  0.0352746
 1  0.1338174  0.0269737  0.0233647  0.0732973  0.0738586  0.0665220  0.0604054  0.0567685  0.0537533  0.0470462  0.0412078  0.0561683  0.0617978  0.0903827  0.1113221  0.0649261  0.0556063  0.1450526  0.1574002  0.1474614  0.1474658  0.1102766  0.1004502  0.1405600  0.1611324  0.2509112  0.3239401
 2  0.0253898  0.0049197  0.0043651  0.0141881  0.0144655  0.0125716  0.0108044  0.0107440  0.0087045  0.0080608  0.0078090  0.0117226  0.0144559  0.0233733  0.0279804  0.0126947  0.0105565  0.0279400  0.0307488  0.0278874  0.0285795  0.0201246  0.0179578  0.0270914  0.0323392  0.0511354  0.0630101
 3  0.1239903  0.1344480  0.1206307  0.1530202  0.1542204  0.1417515  0.1614537  0.1711650  0.1565852  0.1365069  0.1443651  0.1461633  0.1544349  0.1075427  0.1132676  0.1258721  0.1544775  0.1523336  0.1441780  0.1407038  0.1569507  0.1411801  0.1534398  0.1843329  0.1557683  0.1735168  0.1902555
 4  0.0476223  0.0372481  0.0320621  0.0360661  0.0359070  0.0392506  0.0420481  0.0475889  0.0487414  0.0372489  0.0325745  0.0307184  0.0272214  0.0263507  0.0383022  0.0403459  0.0382240  0.0341342  0.0376002  0.0381052  0.0397450  0.0398903  0.0377141  0.0243474  0.0274028  0.0291868  0.0287453
 1  0.1259169  0.0831957  0.0758003  0.0718990  0.0611045  0.1059282  0.1233295  0.1601659  0.1569846  0.1359809  0.1451139  0.2140533  0.2580301  0.1017341  0.0909461  0.1253973  0.1166227  0.2484646  0.2959736  0.2175523  0.2292495  0.1150997  0.0852809  0.1225630  0.1094903  0.1140707  0.0991280
 2  0.0239017  0.0150352  0.0138840  0.0122914  0.0109659  0.0209110  0.0243095  0.0293921  0.0282115  0.0251750  0.0286394  0.0439848  0.0491776  0.0177581  0.0159756  0.0218882  0.0215411  0.0481769  0.0524626  0.0382869  0.0413675  0.0183956  0.0129212  0.0201618  0.0176725  0.0182920  0.0176207
 3  0.1166749  0.1568504  0.1535893  0.1693205  0.1721731  0.2032216  0.1810762  0.1785501  0.1994596  0.1484936  0.1592309  0.1365744  0.1341148  0.1532326  0.1635483  0.1478001  0.1751653  0.1524624  0.1265929  0.1373143  0.1349892  0.1423859  0.1490938  0.1968489  0.1837112  0.2154952  0.1938398
 4  0.0437607  0.0354285  0.0336742  0.0373235  0.0280714  0.0268496  0.0311041  0.0348592  0.0317956  0.0320653  0.0317831  0.0348094  0.0370405  0.0400165  0.0382383  0.0351286  0.0338337  0.0328576  0.0334853  0.0301793  0.0363667  0.0426563  0.0440938  0.0343181  0.0392457  0.0380778  0.0267889
 1  0.1118120  0.1818013  0.1897397  0.1136925  0.1195665  0.1169433  0.0992799  0.1736795  0.1775336  0.1970955  0.1533701  0.1237336  0.1453194  0.2038910  0.2576444  0.1941909  0.2264043  0.1001691  0.0941581  0.0704299  0.0699031  0.0926806  0.0913418  0.0668627  0.0534771  0.0548002  0.0555743
 2  0.0220355  0.0345272  0.0349995  0.0213630  0.0220744  0.0197798  0.0176067  0.0314616  0.0276163  0.0280764  0.0246006  0.0230971  0.0288262  0.0425587  0.0554349  0.0396518  0.0438101  0.0182052  0.0178587  0.0138324  0.0144979  0.0190851  0.0188148  0.0118375  0.0094907  0.0105652  0.0109038
 3  0.1031050  0.1562417  0.1688338  0.1635736  0.1500369  0.1396588  0.1386418  0.2219247  0.2541287  0.2401307  0.2118136  0.1788886  0.1472304  0.1471714  0.1490120  0.1396125  0.1385275  0.1387012  0.1539209  0.0987950  0.0977361  0.0990559  0.1216929  0.1399475  0.1514199  0.1563294  0.1452009
 4  0.0419424  0.0352675  0.0293983  0.0294435  0.0370802  0.0336100  0.0316567  0.0406423  0.0514352  0.0388325  0.0262745  0.0333431  0.0343883  0.0314081  0.0287649  0.0345168  0.0336990  0.0311827  0.0321037  0.0292946  0.0317140  0.0298793  0.0379462  0.0392428  0.0316365  0.0328441  0.0339074
 1  0.1216805  0.1436062  0.1387875  0.1116599  0.1169718  0.1025312  0.0999178  0.0716406  0.0628467  0.1332752  0.1374956  0.2352891  0.3070845  0.2020083  0.1786147  0.1654473  0.1530407  0.0842647  0.0719674  0.1258911  0.1393925  0.1733486  0.1575294  0.1858000  0.1750969  0.2347403  0.2991428
 2  0.0233076  0.0264306  0.0254417  0.0211527  0.0226450  0.0200180  0.0174146  0.0123426  0.0109643  0.0244016  0.0265248  0.0477040  0.0646313  0.0354059  0.0298007  0.0275321  0.0257610  0.0141527  0.0127303  0.0246947  0.0267915  0.0304249  0.0256231  0.0302781  0.0304976  0.0445540  0.0599422
 3  0.1125661  0.1369279  0.1631691  0.1382388  0.1257727  0.1223875  0.1120219  0.1687076  0.1581611  0.1663407  0.1715193  0.1598574  0.1557456  0.1370290  0.1595824  0.1581608  0.1521391  0.1473335  0.1672672  0.1551976  0.1385410  0.1974222  0.2152505  0.1790494  0.1827879  0.1631589  0.1461456
 4  0.0435238  0.0387762  0.0368825  0.0315335  0.0279541  0.0372205  0.0394898  0.0433836  0.0384063  0.0353776  0.0356320  0.0308784  0.0373250  0.0409578  0.0381784  0.0407911  0.0401720  0.0396779  0.0356438  0.0261151  0.0374534  0.0394595  0.0381954  0.0337253  0.0306279  0.0324321  0.0455732
 1  0.1291358  0.0873879  0.0806810  0.0983021  0.0919717  0.1701532  0.1886121  0.2391190  0.2966474  0.1773675  0.1797943  0.1176728  0.0681711  0.1151058  0.1247150  0.1417954  0.1592174  0.0712058  0.0731609  0.0638281  0.0610698  0.1095326  0.1181156  0.0823118  0.0760789  0.1147933  0.1248157
 2  0.0246433  0.0158362  0.0146919  0.0175368  0.0168310  0.0317705  0.0356172  0.0465258  0.0549762  0.0315977  0.0303196  0.0153963  0.0104611  0.0206372  0.0250359  0.0302073  0.0327390  0.0143619  0.0148151  0.0125086  0.0122004  0.0222803  0.0236292  0.0157771  0.0152350  0.0243559  0.0255612
 3  0.1195893  0.1708306  0.1432584  0.1693749  0.1615417  0.1994343  0.2103049  0.1566426  0.1769881  0.1567669  0.1613626  0.1335278  0.1430560  0.1703428  0.1491527  0.1293805  0.1198990  0.1404164  0.1417056  0.1402285  0.1356003  0.1702883  0.1429039  0.0910859  0.0895900  0.1022160  0.0951106
 4  0.0454104  0.0362742  0.0324851  0.0341166  0.0311855  0.0269024  0.0267363  0.0265633  0.0321288  0.0378861  0.0478882  0.0449192  0.0342696  0.0307890  0.0312238  0.0318447  0.0298738  0.0328855  0.0341843  0.0370966  0.0307641  0.0295602  0.0289263  0.0303382  0.0274222  0.0312748  0.0314070
 1  0.1456978  0.1264619  0.1161045  0.1765650  0.1762305  0.1179570  0.1040459  0.1635281  0.1445131  0.1861782  0.2508282  0.1203686  0.1076709  0.0716972  0.0783739  0.1155466  0.1256681  0.0918288  0.0968767  0.0847708  0.0842630  0.0602222  0.0529943  0.0366583  0.0299908  0.1085744  0.1226824
 2  0.0272533  0.0224436  0.0206100  0.0309736  0.0313842  0.0213041  0.0151424  0.0253362  0.0253308  0.0371217  0.0539098  0.0228262  0.0199760  0.0140639  0.0161804  0.0242851  0.0259449  0.0189680  0.0195256  0.0169373  0.0171120  0.0119852  0.0088033  0.0060470  0.0055274  0.0219070  0.0269258
 3  0.1352938  0.1497335  0.1733905  0.1644408  0.1824301  0.1246649  0.1366734  0.1800955  0.1603030  0.1986311  0.1581241  0.1076417  0.1072149  0.1658742  0.1436728  0.1456830  0.1375151  0.1302535  0.1447415  0.1139460  0.1164512  0.1089280  0.1330411  0.1621002  0.1718266  0.1542566  0.1369080
 4  0.0503031  0.0332957  0.0314435  0.0336409  0.0328699  0.0446008  0.0451901  0.0421931  0.0314083  0.0239928  0.0275292  0.0384913  0.0318085  0.0323122  0.0290846  0.0322369  0.0353943  0.0292649  0.0314885  0.0270545  0.0328867  0.0395071  0.0414463  0.0377985  0.0323814  0.0302215  0.0397414
 1  0.1394635  0.1955862  0.1922088  0.1823097  0.1920322  0.1578818  0.1734175  0.1390846  0.1458240  0.0811272  0.0563030  0.0950809  0.0998972  0.0877883  0.0887994  0.0810342  0.0840756  0.0501124  0.0466610  0.0926874  0.0889449  0.1280058  0.1437000  0.1179613  0.1123533  0.1531511  0.1843775
 2  0.0258566  0.0346084  0.0336171  0.0325778  0.0343500  0.0290669  0.0341213  0.0274908  0.0266987  0.0124110  0.0092342  0.0174761  0.0184207  0.0170150  0.0189626  0.0178094  0.0174634  0.0104261  0.0084405  0.0170025  0.0166970  0.0257361  0.0297841  0.0230447  0.0218097  0.0312348  0.0408415
 3  0.1297000  0.1481104  0.1553451  0.1450480  0.1251596  0.1654567  0.1499751  0.1373463  0.1352054  0.1284104  0.1359323  0.1984248  0.1584730  0.1152429  0.1271967  0.0941526  0.0890895  0.0847640  0.0770697  0.1564186  0.1548314  0.1425181  0.1210702  0.1172368  0.1380776  0.1379735  0.1559926
 4  0.0471594  0.0405383  0.0366459  0.0365795  0.0331450  0.0306558  0.0282763  0.0341082  0.0444023  0.0406303  0.0331877  0.0321045  0.0328082  0.0307838  0.0316956  0.0323899  0.0347903  0.0425414  0.0424743  0.0390287  0.0341678  0.0338613  0.0324470  0.0342501  0.0299714  0.0291311  0.0285878
 1  0.1220500  0.1965221  0.2032811  0.1736684  0.1959137  0.1021663  0.0854384  0.1366266  0.1272851  0.1240243  0.1289929  0.1485807  0.1451885  0.2882801  0.3761108  0.3540515  0.2668200  0.1505793  0.1598716  0.2239265  0.2178709  0.1022538  0.0999017  0.1789530  0.1853902  0.0835520  0.0742000
 2  0.0232430  0.0360705  0.0365046  0.0328479  0.0363587  0.0170482  0.0148433  0.0237653  0.0217547  0.0227352  0.0244577  0.0273675  0.0264340  0.0548678  0.0740654  0.0507332  0.0387231  0.0248894  0.0282925  0.0382784  0.0376792  0.0179808  0.0177932  0.0333658  0.0312389  0.0139884  0.0138215
 3  0.1131263  0.1604967  0.1511309  0.1267350  0.1284688  0.1538823  0.1568395  0.1671183  0.1588269  0.1628793  0.1550166  0.1557019  0.1529981  0.1609758  0.1638019  0.2160283  0.2847160  0.2153507  0.2069000  0.1582297  0.1527311  0.2063173  0.2107201  0.1358286  0.1244094  0.1661977  0.1633553
 4  0.0431712  0.0390733  0.0314542  0.0325068  0.0370333  0.0430303  0.0369765  0.0390050  0.0379967  0.0347558  0.0371117  0.0383547  0.0348756  0.0259273  0.0370869  0.0435576  0.0333612  0.0264831  0.0339875  0.0388433  0.0334190  0.0305806  0.0318026  0.0356172  0.0395062  0.0369783  0.0317284
 1  0.1033990  0.1919849  0.2036981  0.2017075  0.2047039  0.1802945  0.1520830  0.0898948  0.0979108  0.0590094  0.0596168  0.0920621  0.1001056  0.0331651  0.0331781  0.1101696  0.1188386  0.1561381  0.1778883  0.1667841  0.1629283  0.1500208  0.1453389  0.0986878  0.0937877  0.0378658  0.0284141
 2  0.0201090  0.0364634  0.0378615  0.0357726  0.0343696  0.0283047  0.0255713  0.0169145  0.0208437  0.0127640  0.0123883  0.0192519  0.0202075  0.0067759  0.0066091  0.0225493  0.0247212  0.0332966  0.0370559  0.0317238  0.0289972  0.0267659  0.0263214  0.0185415  0.0160508  0.0061755  0.0050884
 3  0.0955240  0.1484893  0.1564465  0.1792317  0.1868690  0.1375850  0.1373236  0.1496083  0.1417275  0.1348547  0.1419388  0.1474837  0.1621390  0.1448594  0.1488436  0.1375128  0.1403849  0.1011267  0.1214669  0.1381603  0.1442577  0.1212556  0.1138133  0.1415529  0.1278986  0.0809070  0.0829226
 4  0.0379955  0.0400799  0.0400937  0.0343139  0.0369551  0.0379111  0.0315428  0.0285443  0.0275339  0.0304983  0.0274141  0.0267751  0.0304503  0.0337391  0.0353809  0.0275308  0.0270544  0.0285922  0.0362650  0.0363961  0.0401690  0.0335043  0.0301019  0.0386182  0.0421053  0.0401874  0.0358591
 1  0.1289827  0.1373227  0.1325076  0.0728397  0.0518179  0.0957933  0.1097570  0.1434413  0.0924475  0.1047392  0.1028607  0.1198663  0.1482260  0.1449554  0.1620184  0.1660953  0.1635367  0.1207655  0.0824030  0.1077981  0.1128573  0.1203454  0.1307591  0.1176313  0.1416703  0.1729286  0.2111047
 2  0.0254748  0.0256448  0.0242609  0.0112551  0.0085275  0.0181764  0.0237160  0.0228012  0.0137571  0.0175909  0.0191909  0.0251196  0.0348232  0.0331392  0.0323210  0.0297198  0.0287746  0.0176405  0.0125902  0.0185722  0.0214998  0.0239548  0.0271110  0.0253713  0.0316058  0.0384295  0.0436605
 3  0.1188967  0.1412914  0.1543829  0.1468744  0.1568822  0.1654673  0.1449908  0.1264566  0.1768304  0.1769436  0.1591365  0.1674869  0.1350192  0.1337620  0.1485018  0.1920933  0.2055672  0.1832905  0.2199225  0.2308150  0.2016183  0.1500364  0.1443850  0.1648652  0.1699992  0.1312471  0.1412441
 4  0.0485996  0.0361299  0.0462008  0.0421273  0.0305138  0.0290672  0.0497571  0.0547220  0.0496643  0.0399398  0.0317632  0.0324458  0.0306770  0.0401050  0.0437311  0.0356558  0.0415488  0.0461570  0.0377358  0.0283354  0.0286700  0.0364444  0.0319406  0.0244294  0.0238303  0.0303618  0.0403112
 1  0.1303734  0.1968530  0.1986880  0.3787255  0.5002404  0.1921329  0.1821442  0.1076774  0.0808190  0.0941033  0.0888813  0.1164640  0.1387713  0.1256318  0.0890451  0.1065657  0.0981239  0.1977425  0.2728522  0.2903840  0.1438917  0.1389582  0.1478457  0.2171863  0.2655304  0.1546824  0.1983679
 2  0.0246442  0.0358230  0.0355527  0.0685565  0.0908512  0.0331028  0.0252911  0.0159503  0.0130984  0.0164190  0.0169817  0.0247783  0.0317730  0.0220403  0.0127413  0.0169815  0.0180431  0.0417818  0.0613801  0.0355779  0.0193303  0.0229039  0.0290745  0.0453070  0.0549229  0.0326037  0.0399779
 3  0.1208495  0.1414131  0.1578956  0.1271712  0.1296824  0.1612350  0.1531740  0.0799486  0.0826000  0.1604273  0.1632539  0.1404642  0.1431171  0.1335541  0.1710116  0.2054367  0.1753927  0.1662578  0.1585143  0.1706623  0.1881780  0.1765356  0.1491028  0.1466721  0.1552256  0.1883806  0.1798104
 4  0.0458997  0.0410820  0.0356058  0.0316521  0.0280865  0.0417996  0.0426157  0.0423467  0.0376298  0.0364950  0.0328020  0.0262871  0.0384409  0.0564227  0.0490979  0.0298441  0.0242533  0.0211519  0.0597066  0.0527047  0.0326484  0.0314473  0.0291293  0.0359435  0.0333644  0.0263141  0.0293140
 1  0.1268093  0.1470103  0.1444955  0.1217871  0.1311180  0.1345209  0.1316845  0.1622088  0.1873480  0.0803879  0.0551179  0.0909688  0.0959299  0.1117548  0.1230309  0.1631481  0.1697551  0.1332427  0.1312744  0.2234588  0.2793744  0.1433542  0.1406485  0.1101184  0.0679696  0.1648604  0.1786666
 2  0.0247688  0.0274311  0.0264099  0.0229676  0.0248104  0.0248003  0.0248759  0.0323322  0.0360868  0.0125196  0.0092625  0.0173588  0.0197789  0.0242888  0.0255585  0.0321663  0.0293569  0.0233438  0.0252218  0.0459492  0.0571508  0.0273337  0.0258431  0.0155745  0.0105005  0.0292920  0.0350795
 3  0.1170336  0.1471906  0.1575684  0.1677477  0.1591739  0.1268531  0.1245952  0.1455798  0.1393457  0.0927004  0.1017186  0.1145582  0.1055312  0.1386062  0.1295799  0.1599060  0.1395317  0.1525724  0.1424997  0.1264024  0.1415761  0.1099372  0.1092521  0.1284798  0.1458081  0.1401425  0.1219288
 4  0.0472314  0.0400574  0.0368895  0.0359382  0.0341246  0.0309845  0.0274010  0.0336946  0.0432330  0.0378553  0.0320293  0.0314384  0.0315177  0.0347056  0.0351151  0.0427846  0.0389508  0.0331390  0.0300698  0.0297174  0.0344664  0.0340838  0.0474973  0.0448569  0.0342607  0.0289381  0.0348962
 1  0.1361934  0.1643699  0.1610005  0.1431919  0.1494609  0.1851491  0.1781228  0.1394426  0.0917965  0.1071088  0.1090309  0.0866661  0.0773135  0.1007906  0.1044618  0.1531013  0.2044784  0.2276034  0.2675392  0.0804075  0.0701455  0.1061847  0.0982433  0.2439356  0.1845931  0.1888900  0.2103750
 2  0.0264105  0.0301796  0.0288108  0.0258582  0.0280931  0.0331283  0.0311416  0.0198957  0.0140219  0.0187265  0.0220636  0.0170496  0.0136369  0.0186186  0.0209341  0.0341537  0.0482457  0.0504897  0.0489186  0.0140213  0.0119123  0.0191349  0.0184254  0.0377124  0.0296005  0.0334911  0.0389204
 3  0.1257440  0.1512878  0.1644560  0.1766957  0.1792282  0.1279534  0.1261251  0.1532469  0.1851257  0.1392799  0.1389235  0.1311809  0.1644717  0.1626716  0.1678803  0.1510322  0.1313391  0.1233004  0.1487909  0.0851201  0.0856535  0.0996404  0.1033418  0.1372444  0.1434962  0.1676819  0.1636910
 4  0.0501259  0.0392660  0.0380858  0.0268403  0.0306968  0.0344566  0.0407084  0.0481776  0.0447352  0.0274348  0.0347517  0.0438217  0.0457762  0.0360002  0.0289514  0.0271889  0.0288419  0.0384129  0.0380170  0.0405623  0.0378627  0.0306192  0.0437078  0.0452489  0.0363814  0.0359623  0.0392041
 1  0.1185326  0.1130652  0.1065664  0.0587351  0.0602461  0.1845670  0.2241746  0.0899301  0.0606114  0.1166149  0.1234240  0.1110348  0.1176001  0.1471758  0.1664182  0.2590156  0.3110060  0.0880055  0.0687167  0.1098180  0.1138717  0.0988030  0.0997690  0.2041538  0.2664671  0.1916698  0.1574219
 2  0.0227503  0.0208344  0.0197218  0.0112639  0.0125330  0.0405074  0.0447173  0.0135496  0.0095635  0.0208863  0.0230418  0.0217511  0.0230877  0.0294324  0.0326760  0.0508388  0.0492482  0.0132015  0.0119481  0.0210730  0.0223271  0.0193546  0.0204370  0.0437420  0.0531300  0.0312621  0.0260995
 3  0.1096772  0.1434330  0.1646147  0.1476492  0.1556476  0.1046851  0.1156996  0.1558119  0.1640355  0.1757370  0.1588079  0.1704788  0.1738823  0.1665993  0.1764431  0.1873129  0.2006499  0.1395154  0.1371186  0.1215911  0.1360401  0.1468912  0.1454404  0.1646101  0.1529441  0.1388916  0.1491670
 4  0.0422451  0.0331043  0.0312483  0.0273970  0.0249517  0.0299377  0.0426648  0.0477815  0.0378108  0.0356495  0.0376645  0.0319667  0.0312054  0.0275135  0.0293305  0.0361494  0.0425204  0.0355632  0.0301548  0.0329206  0.0369994  0.0357582  0.0287867  0.0263103  0.0384673  0.0429601  0.0325592
 1  0.1320631  0.0939170  0.0854709  0.0650988  0.0430317  0.1028572  0.1142226  0.0894268  0.0967655  0.1237569  0.1415571  0.1617576  0.1599390  0.1015531  0.0936673  0.1442188  0.1567729  0.0966764  0.0900011  0.0526871  0.0516805  0.0266862  0.0236601  0.0686493  0.0678222  0.1374732  0.1432187
 2  0.0255619  0.0171283  0.0156397  0.0095920  0.0069174  0.0187884  0.0231277  0.0193511  0.0202247  0.0258786  0.0304787  0.0318662  0.0283998  0.0176789  0.0174069  0.0280818  0.0315240  0.0184976  0.0172703  0.0106284  0.0099815  0.0051251  0.0048054  0.0139074  0.0135343  0.0272723  0.0295298
 3  0.1220465  0.1406805  0.1604360  0.1748483  0.2196038  0.1992091  0.1852515  0.1129880  0.1072803  0.1453862  0.1316680  0.1497713  0.1770262  0.1457175  0.1351970  0.1503125  0.1624127  0.1113619  0.1254559  0.1035817  0.0972209  0.0927273  0.1068143  0.1519694  0.1495328  0.1225360  0.1224653
 4  0.0476083  0.0336302  0.0427545  0.0426417  0.0343973  0.0228561  0.0238588  0.0310732  0.0353905  0.0338865  0.0312234  0.0389323  0.0360954  0.0352349  0.0330912  0.0265184  0.0315367  0.0349607  0.0319259  0.0304543  0.0359726  0.0309260  0.0354450  0.0390819  0.0366238  0.0317572  0.0310794
 1  0.1123856  0.0840909  0.0792954  0.1826224  0.2243096  0.3039618  0.3123004  0.1764316  0.1509260  0.1846522  0.2001280  0.0810478  0.0833746  0.1373162  0.1399702  0.2045446  0.2073363  0.1201317  0.1079459  0.1310241  0.1265899  0.1761277  0.1813121  0.2078066  0.2112081  0.2932588  0.3952266
 2  0.0216566  0.0157973  0.0150424  0.0371072  0.0481444  0.0581029  0.0434151  0.0264399  0.0233485  0.0315851  0.0376901  0.0160534  0.0157304  0.0255579  0.0266380  0.0372729  0.0358877  0.0201492  0.0194666  0.0233311  0.0231779  0.0313300  0.0317011  0.0356313  0.0374953  0.0535883  0.0721003
 3  0.1039106  0.1455673  0.1568066  0.1173262  0.1092445  0.1618933  0.1621949  0.1825137  0.1695640  0.2016700  0.1729913  0.1485698  0.1477858  0.1595307  0.1492090  0.1549633  0.1614731  0.1647944  0.1598652  0.1952613  0.1919464  0.2378273  0.2347595  0.1790960  0.1831131  0.2512968  0.2496083
 4  0.0408804  0.0335046  0.0278013  0.0256541  0.0291346  0.0514831  0.0431924  0.0386346  0.0387889  0.0294358  0.0262148  0.0369138  0.0398047  0.0383610  0.0354452  0.0416875  0.0448247  0.0373939  0.0384700  0.0325028  0.0303278  0.0344149  0.0306851  0.0300288  0.0257288  0.0287711  0.0330034
