              Isim, Ftarg, Btarg
   1 2019          0.3977734      43121.5693246      11088.7194212
   1 2021          0.4094727      43045.8532775      11156.2311249
   1 2023          0.3889990      43000.8267780      10912.8185032
   1 2025          0.4182471      43038.8453770      11210.2724398
   1 2027          0.4123975      43052.3229749      11255.6970659
   1 2029          0.4036230      43085.6650565      11203.3088420
   1 2031          0.4123975      43062.3348319      11198.2771819
   1 2033          0.4036230      43181.3485802      11178.0764294
   1 2035          0.4065479      43043.1460327      11185.7952820
   1 2037          0.4094727      43181.0423536      11193.0403059
   1 2039          0.3889990      43145.5047542      10892.6989079
   1 2041          0.4094727      42972.9834905      11115.1715550
   1 2043          0.4006982      43138.6110452      11112.4304435
   2 2019          0.3977734      42938.1396063      11041.5504357
   2 2021          0.4123975      42846.2812117      11140.3104243
   2 2023          0.4036230      42962.9687756      11124.0825517
   2 2025          0.4094727      42857.1966665      11119.8173616
   2 2027          0.4094727      43001.7043176      11131.2317682
   2 2029          0.4094727      42925.1375940      11137.7364869
   2 2031          0.4123975      42927.7481781      11120.7284728
   2 2033          0.4153223      42807.7473316      11134.1479752
   2 2035          0.3919238      42947.8091261      10891.5858610
   2 2037          0.4182471      42935.6834392      11145.5799468
   2 2039          0.4065479      42891.5684949      11193.5011805
   2 2041          0.4036230      43006.6221617      11167.9775100
   2 2043          0.4094727      42978.9508735      11142.5855741
   3 2019          0.3977734      43806.1338287      11264.7553084
   3 2021          0.4094727      43702.6722220      11360.6739795
   3 2023          0.4094727      43640.3589578      11361.4481015
   3 2025          0.4036230      43860.8193989      11381.8763169
   3 2027          0.4065479      43784.4681495      11359.0063345
   3 2029          0.4094727      43861.7549703      11378.9324197
   3 2031          0.4036230      43878.5932254      11323.4620668
   3 2033          0.4065479      43751.3088128      11300.3592016
   3 2035          0.4065479      43680.6739536      11351.8187855
   3 2037          0.4065479      43715.6841910      11348.1535065
   3 2039          0.4123975      43721.4965249      11397.3062440
   3 2041          0.4006982      43712.5414013      11348.1264004
   3 2043          0.3977734      43860.9407046      11212.6167981
   4 2019          0.3977734      44476.3116883      11437.0916673
   4 2021          0.4094727      44463.0322414      11464.6171890
   4 2023          0.4153223      44512.4050189      11600.4306761
   4 2025          0.4065479      44439.5842236      11529.9853658
   4 2027          0.3860742      44446.2617331      11231.4939903
   4 2029          0.4065479      44480.9686585      11420.1433424
   4 2031          0.4153223      44505.6832359      11523.2397788
   4 2033          0.4240967      44403.9180608      11615.4535168
   4 2035          0.4094727      44458.3657784      11523.9495190
   4 2037          0.4094727      44306.9964663      11556.6349831
   4 2039          0.3977734      44424.1484855      11420.4606310
   4 2041          0.4123975      44498.2709107      11581.6326873
   4 2043          0.4094727      44432.5161319      11590.1440156
   5 2019          0.3977734      43500.4176316      11186.1403325
   5 2021          0.4123975      43512.8729303      11275.9674017
   5 2023          0.4065479      43506.2415747      11230.6140448
   5 2025          0.4153223      43447.3371446      11328.1158815
   5 2027          0.4036230      43530.9912993      11299.3439925
   5 2029          0.4094727      43437.3712934      11362.1563368
   5 2031          0.3802246      43451.3478915      10989.4189701
   5 2033          0.3889990      43546.5552438      11028.9588513
   5 2035          0.4094727      43429.0985922      11331.2841570
   5 2037          0.3948486      43442.3745664      11214.9535697
   5 2039          0.4123975      43464.4687840      11286.4016228
   5 2041          0.4094727      43461.3840625      11339.1090389
   5 2043          0.4006982      43532.1824144      11309.5509977
   6 2019          0.3977734      44314.4619369      11395.4719742
   6 2021          0.4065479      44191.4142865      11475.4992851
   6 2023          0.4094727      44212.9871648      11534.2198094
   6 2025          0.4036230      44367.2007018      11489.3354744
   6 2027          0.4006982      44226.2182409      11374.5681370
   6 2029          0.4153223      44267.3396160      11542.1064760
   6 2031          0.4065479      44325.8060791      11451.3226854
   6 2033          0.4094727      44256.5177968      11496.0477919
   6 2035          0.4153223      44210.4599321      11569.4529474
   6 2037          0.4036230      44200.0883543      11473.3271404
   6 2039          0.3977734      44312.7633251      11320.7253971
   6 2041          0.4123975      44226.3048138      11485.5633703
   6 2043          0.4036230      44272.4593184      11482.7420259
   7 2019          0.3977734      43536.3842430      11195.3891532
   7 2021          0.4065479      43465.5960107      11269.4714914
   7 2023          0.4153223      43436.9020367      11298.1947513
   7 2025          0.4211719      43398.0547303      11365.2257581
   7 2027          0.4123975      43469.1602443      11326.3835802
   7 2029          0.4065479      43523.3532251      11266.7080706
   7 2031          0.3977734      43540.7076634      11128.2091874
   7 2033          0.4211719      43451.8032033      11322.0473260
   7 2035          0.4153223      43419.9367708      11388.1258469
   7 2037          0.3860742      43522.4115738      11044.9231697
   7 2039          0.4065479      43476.7413476      11171.5645886
   7 2041          0.4094727      43511.2176692      11235.3760127
   7 2043          0.4182471      43518.1147843      11383.5990348
   8 2019          0.3977734      43356.5511859      11149.1450498
   8 2021          0.4094727      43338.8146554      11148.7661772
   8 2023          0.4270215      43260.0139550      11308.6917810
   8 2025          0.3977734      43380.4025334      11109.1982783
   8 2027          0.3977734      43420.5944387      11163.0013776
   8 2029          0.4094727      43386.8167369      11231.3000031
   8 2031          0.4094727      43304.7568120      11305.7687913
   8 2033          0.4094727      43326.6362365      11298.2696528
   8 2035          0.3772998      43396.4046816      10840.5559898
   8 2037          0.4094727      43422.5982739      11234.8240656
   8 2039          0.4036230      43375.0908638      11276.3541511
   8 2041          0.4036230      43410.3793500      11280.4179459
   8 2043          0.3889990      43236.7150031      11021.1750630
   9 2019          0.3977734      43599.9252566      11211.7287364
   9 2021          0.4065479      43553.3672519      11286.5159292
   9 2023          0.4036230      43594.3903024      11326.1320619
   9 2025          0.4036230      43452.2804948      11272.8486890
   9 2027          0.3977734      43499.6755342      11077.5642696
   9 2029          0.4153223      43510.1847675      11309.6723348
   9 2031          0.4153223      43652.1584471      11383.9045567
   9 2033          0.4182471      43596.8503152      11409.7774780
   9 2035          0.4123975      43478.7034561      11342.8195630
   9 2037          0.4123975      43550.3233848      11273.2287390
   9 2039          0.3948486      43537.5903865      11120.5760022
   9 2041          0.4036230      43449.4670665      11186.0320059
   9 2043          0.3948486      43478.9317716      11046.2547547
  10 2019          0.3977734      43518.4009373      11190.7647429
  10 2021          0.4036230      43412.0571305      11241.2204221
  10 2023          0.4094727      43553.0904436      11270.8329207
  10 2025          0.4211719      43465.1666130      11367.5943704
  10 2027          0.4123975      43475.3535593      11318.6443878
  10 2029          0.4065479      43465.1243506      11259.2802225
  10 2031          0.4094727      43571.4748080      11276.0586454
  10 2033          0.3977734      43562.5379444      11139.8797857
  10 2035          0.4036230      43536.7325150      11199.7302424
  10 2037          0.4211719      43554.7381571      11399.9734991
  10 2039          0.4094727      43417.5698563      11342.5315004
  10 2041          0.4065479      43489.7291503      11337.0632966
  10 2043          0.3831494      43403.6969571      11012.4347230
  11 2019          0.3977734      42976.5039919      11051.4158444
  11 2021          0.4153223      43012.9331837      11143.8769912
  11 2023          0.4123975      42989.9358179      11145.2307287
  11 2025          0.4036230      42846.3311282      11086.5716487
  11 2027          0.4240967      42927.4890542      11262.4975802
  11 2029          0.4094727      43042.2758938      11165.1555926
  11 2031          0.3977734      42910.2071421      10991.2017178
  11 2033          0.4065479      42871.4089259      11123.0066319
  11 2035          0.4094727      43032.4645649      11158.7248061
  11 2037          0.4094727      42833.7944172      11168.9611797
  11 2039          0.4153223      42852.0300366      11187.1929855
  11 2041          0.4065479      42988.3484680      11150.2965406
  11 2043          0.4153223      42827.0967950      11196.9843023
  12 2019          0.3977734      43550.7708876      11199.0886815
  12 2021          0.4065479      43506.5462842      11249.6657932
  12 2023          0.4094727      43594.5576560      11304.4993306
  12 2025          0.4094727      43389.5281950      11346.5924867
  12 2027          0.4036230      43431.2080788      11290.3352611
  12 2029          0.3919238      43452.8525888      11124.5029098
  12 2031          0.3802246      43544.9875616      10924.5748268
  12 2033          0.4153223      43555.0835802      11331.3227393
  12 2035          0.4094727      43527.5138247      11353.0924929
  12 2037          0.4006982      43520.3566316      11280.5756525
  12 2039          0.3919238      43456.6550458      11098.5922781
  12 2041          0.4065479      43420.9487411      11245.6248342
  12 2043          0.4006982      43576.3674296      11220.9745902
  13 2019          0.3977734      42857.8141742      11020.8947362
  13 2021          0.4094727      42792.0845729      11114.4953751
  13 2023          0.4036230      42776.4666357      11014.0521901
  13 2025          0.4153223      42717.9284740      11113.7454963
  13 2027          0.4211719      42711.4641341      11158.6680329
  13 2029          0.4094727      42924.0283117      11151.0869493
  13 2031          0.4065479      42805.1787244      11123.5943809
  13 2033          0.4094727      42771.1244751      11141.3019481
  13 2035          0.4065479      42769.1784289      11071.8128733
  13 2037          0.4153223      42740.2102314      11123.9006821
  13 2039          0.4182471      42747.2508374      11152.5545965
  13 2041          0.4123975      42802.8067562      11144.3192255
  13 2043          0.4006982      42723.3724363      11061.1967233
  14 2019          0.3977734      43970.3813542      11306.9915896
  14 2021          0.4065479      43897.3272315      11387.7288392
  14 2023          0.4036230      43904.4823407      11423.6673197
  14 2025          0.4006982      43850.5149655      11357.5747127
  14 2027          0.4065479      43897.8792587      11441.9681806
  14 2029          0.3948486      43876.4889615      11302.2341830
  14 2031          0.4094727      43814.4619713      11404.4379845
  14 2033          0.4094727      43978.9841309      11459.6472190
  14 2035          0.3977734      43846.3691469      11303.0345004
  14 2037          0.3977734      43837.1079403      11196.5227843
  14 2039          0.4270215      43833.0170050      11498.0977574
  14 2041          0.4094727      43945.2159055      11480.8998596
  14 2043          0.4006982      43985.6313959      11397.8159924
  15 2019          0.3977734      42317.1161157      10881.8541318
  15 2021          0.4036230      42369.7316246      10937.5786255
  15 2023          0.4036230      42168.3595722      10911.5443865
  15 2025          0.4211719      42191.7202555      11045.5456910
  15 2027          0.4211719      42231.1406370      11042.3874475
  15 2029          0.3948486      42226.1383823      10859.7201209
  15 2031          0.4036230      42346.0770585      10799.7095604
  15 2033          0.4211719      42339.5986404      11067.7759274
  15 2035          0.4211719      42189.0382905      11072.8768271
  15 2037          0.4036230      42253.3691063      10956.0127439
  15 2039          0.4036230      42346.3663327      10924.4722929
  15 2041          0.4123975      42295.9246128      10986.8324266
  15 2043          0.4036230      42162.7898125      10864.5888651
  16 2019          0.3977734      43721.0128484      11242.8664328
  16 2021          0.4094727      43603.4757165      11330.2292814
  16 2023          0.4094727      43680.5596082      11303.6364048
  16 2025          0.4036230      43679.3021802      11313.2275583
  16 2027          0.4036230      43722.3611382      11321.8282427
  16 2029          0.4006982      43754.6682869      11272.3530233
  16 2031          0.4153223      43760.1688779      11399.4431671
  16 2033          0.4065479      43698.8714488      11335.2289167
  16 2035          0.3802246      43679.4603976      10953.2238871
  16 2037          0.4153223      43720.5535624      11325.5843487
  16 2039          0.4211719      43555.2747681      11445.5444281
  16 2041          0.4065479      43735.5973541      11386.4119707
  16 2043          0.4006982      43715.9027382      11286.5920759
  17 2019          0.3977734      42972.9073307      11050.4909624
  17 2021          0.4065479      42944.9959129      11138.3563052
  17 2023          0.4036230      43015.6558722      11074.4457921
  17 2025          0.4094727      42941.4756671      11165.3822336
  17 2027          0.4094727      42952.4109467      11125.4026030
  17 2029          0.4153223      42822.6643684      11133.9316209
  17 2031          0.3919238      42940.6425713      10929.6795527
  17 2033          0.4094727      42800.0468875      11057.1888169
  17 2035          0.4123975      42905.4442532      11199.4397245
  17 2037          0.4006982      42984.9840559      11114.7559360
  17 2039          0.4094727      42990.5939562      11193.1839591
  17 2041          0.4065479      42854.6522130      11203.9574785
  17 2043          0.3919238      42968.4602824      10995.1021130
  18 2019          0.3977734      44389.9918209      11414.8944976
  18 2021          0.4123975      44367.4495828      11497.8984302
  18 2023          0.4153223      44272.8663690      11537.5312140
  18 2025          0.4094727      44351.7063236      11496.6734600
  18 2027          0.4182471      44405.0532069      11628.1841532
  18 2029          0.4006982      44396.4387319      11482.4710868
  18 2031          0.4065479      44397.2100531      11475.2970664
  18 2033          0.4036230      44374.3096810      11467.3148313
  18 2035          0.4094727      44412.6125987      11478.7614544
  18 2037          0.4036230      44229.4934305      11441.2457692
  18 2039          0.4036230      44327.8006662      11418.9636534
  18 2041          0.4211719      44260.5495084      11567.6844442
  18 2043          0.4153223      44295.0106662      11587.5879857
  19 2019          0.3977734      43103.5860189      11084.0950109
  19 2021          0.4094727      43057.5475323      11174.7000820
  19 2023          0.4036230      43168.8322632      11231.9224666
  19 2025          0.3977734      43124.8922520      11107.8890302
  19 2027          0.4036230      43103.0053085      11145.1852049
  19 2029          0.4006982      43012.6798371      11067.9020308
  19 2031          0.4211719      42971.5591887      11230.6879464
  19 2033          0.4006982      43120.2995167      11125.6217609
  19 2035          0.4153223      42967.3522672      11188.8090474
  19 2037          0.4123975      42994.2115249      11187.7186568
  19 2039          0.3977734      43073.2796876      11032.7553026
  19 2041          0.4153223      43096.4011958      11223.3173097
  19 2043          0.4065479      43123.0286255      11099.2940102
  20 2019          0.3977734      42993.2884105      11055.7319608
  20 2021          0.4094727      43001.6013036      11134.6036612
  20 2023          0.4006982      42973.3044327      11080.8665701
  20 2025          0.4182471      42908.5015866      11230.6098635
  20 2027          0.4036230      42848.7622340      11146.0040459
  20 2029          0.4036230      43028.3775294      10999.0986639
  20 2031          0.4182471      42980.7623235      11186.5407269
  20 2033          0.4036230      43049.2364316      11092.7068952
  20 2035          0.4065479      43008.4626423      11179.7060642
  20 2037          0.4036230      43034.8335977      11194.9217484
  20 2039          0.4006982      42884.2965587      11113.0774327
  20 2041          0.4094727      42924.0832382      11216.0646855
  20 2043          0.4153223      42936.2799792      11210.7974399
  21 2019          0.3977734      44180.1865875      11360.9430436
  21 2021          0.4094727      44050.6284642      11433.8447809
  21 2023          0.4123975      44175.2200446      11479.3504043
  21 2025          0.4065479      44199.6331751      11372.7211042
  21 2027          0.3977734      44213.8887536      11285.5942700
  21 2029          0.4153223      44044.0264003      11420.6672166
  21 2031          0.4123975      44201.3394471      11460.6652267
  21 2033          0.4123975      44191.7573049      11501.3273367
  21 2035          0.4123975      44096.2508940      11549.5130467
  21 2037          0.4006982      44111.2992537      11463.4576934
  21 2039          0.3948486      44052.4279667      11316.6224960
  21 2041          0.4153223      44209.9395761      11441.3164437
  21 2043          0.4006982      44162.3694338      11405.8012352
  22 2019          0.3977734      44478.7094624      11437.7082553
  22 2021          0.4094727      44417.0917542      11521.9947350
  22 2023          0.4094727      44364.6308986      11504.6433412
  22 2025          0.4182471      44474.6423357      11574.3539203
  22 2027          0.4036230      44542.5286381      11547.2367379
  22 2029          0.4036230      44330.4101198      11372.8551307
  22 2031          0.4153223      44396.0348914      11538.2184647
  22 2033          0.4123975      44431.2504448      11596.5427452
  22 2035          0.4036230      44472.2680349      11547.8252888
  22 2037          0.4065479      44464.4959693      11507.1359646
  22 2039          0.4036230      44335.1297894      11472.1773762
  22 2041          0.4094727      44371.7417517      11492.3735412
  22 2043          0.4153223      44329.7914310      11559.0019275
  23 2019          0.3977734      42701.9588580      10980.8165132
  23 2021          0.4036230      42756.2962173      11003.2776789
  23 2023          0.4065479      42591.6202032      11075.9522596
  23 2025          0.3977734      42587.1008326      11070.3189284
  23 2027          0.4123975      42633.1146986      11140.5596278
  23 2029          0.4065479      42630.6460953      11095.2635373
  23 2031          0.4036230      42671.7902516      11111.7889363
  23 2033          0.3977734      42621.5111245      10960.2141266
  23 2035          0.4240967      42651.8206476      11197.3156459
  23 2037          0.4094727      42721.0691689      11078.8503623
  23 2039          0.4123975      42687.4905408      11081.2494759
  23 2041          0.4094727      42571.3208281      11004.6237952
  23 2043          0.4123975      42633.3893753      11114.8046607
  24 2019          0.3977734      43928.4203076      11296.2012988
  24 2021          0.4094727      43932.2144200      11381.5875973
  24 2023          0.4211719      43790.3070294      11481.4934983
  24 2025          0.4065479      43920.6446108      11340.6224550
  24 2027          0.4123975      43918.0585518      11373.2369189
  24 2029          0.4123975      43915.9612297      11416.9289302
  24 2031          0.4065479      43807.7561743      11392.3699770
  24 2033          0.3919238      43865.7951573      11179.4727729
  24 2035          0.3919238      43876.4104998      11109.8068494
  24 2037          0.3977734      43954.2343262      11196.6417533
  24 2039          0.4153223      43999.7401987      11465.8416544
  24 2041          0.4094727      43923.3310753      11478.6702097
  24 2043          0.4065479      43859.9707983      11408.5646225
  25 2019          0.3977734      45213.6272225      11626.6924915
  25 2021          0.4065479      45221.5346323      11674.0808921
  25 2023          0.4094727      45245.2386151      11720.6430372
  25 2025          0.4094727      45165.7301955      11752.0374568
  25 2027          0.4065479      45224.4103094      11779.2678002
  25 2029          0.3889990      45239.9952510      11517.0700546
  25 2031          0.3889990      45101.1627780      11433.4414605
  25 2033          0.4153223      45273.6094504      11759.7674829
  25 2035          0.4094727      45248.7167302      11722.1251898
  25 2037          0.4182471      45170.8380919      11804.9900018
  25 2039          0.3977734      45204.4875856      11642.1205008
  25 2041          0.3977734      45066.1704719      11582.1649062
  25 2043          0.4153223      45154.7087039      11803.0840776
  26 2019          0.3977734      43989.5635470      11311.9242939
  26 2021          0.4153223      43986.7289055      11412.7054796
  26 2023          0.4211719      43998.5541852      11481.7403415
  26 2025          0.4094727      43977.2098188      11469.8754592
  26 2027          0.4153223      43962.8996078      11404.9059049
  26 2029          0.4036230      44036.9006032      11294.1069719
  26 2031          0.4065479      43875.8050774      11289.8817574
  26 2033          0.4153223      44007.2360208      11436.3569007
  26 2035          0.4182471      43942.7696222      11439.8816684
  26 2037          0.4153223      44036.2681115      11446.0189550
  26 2039          0.4123975      43901.7741320      11422.5377268
  26 2041          0.4123975      43893.5896592      11414.2060382
  26 2043          0.4094727      43994.6564931      11394.1644280
  27 2019          0.3977734      43498.0198575      11185.5237445
  27 2021          0.4153223      43474.1670401      11283.0062772
  27 2023          0.4153223      43327.3539040      11307.6811741
  27 2025          0.4094727      43340.8838344      11297.2473383
  27 2027          0.4094727      43485.3389827      11272.8681167
  27 2029          0.3977734      43372.3341989      11140.4024261
  27 2031          0.4153223      43567.6576768      11274.4268252
  27 2033          0.4240967      43512.5540052      11374.3269498
  27 2035          0.4094727      43561.1078579      11284.7730915
  27 2037          0.4211719      43370.5309978      11349.0967940
  27 2039          0.4153223      43539.6399107      11315.2841608
  27 2041          0.4182471      43473.4216603      11276.9728118
  27 2043          0.4065479      43412.6081602      11187.9273468
  28 2019          0.3977734      43378.1311528      11154.6943422
  28 2021          0.4094727      43447.7256734      11229.2712828
  28 2023          0.4094727      43208.1528287      11193.1563708
  28 2025          0.4094727      43235.9486192      11237.7353070
  28 2027          0.4153223      43446.4629456      11313.7649674
  28 2029          0.4094727      43315.6557812      11256.2358322
  28 2031          0.4065479      43331.2030396      11235.3156948
  28 2033          0.4182471      43306.9127884      11306.8295205
  28 2035          0.4065479      43310.9202387      11264.8564969
  28 2037          0.3948486      43280.2580501      11087.3625937
  28 2039          0.4094727      43282.0379459      11163.8398813
  28 2041          0.4153223      43363.5963883      11224.8616460
  28 2043          0.4211719      43292.1450102      11353.9644335
  29 2019          0.3977734      44382.7984986      11413.0447335
  29 2021          0.4123975      44326.2001511      11506.3245713
  29 2023          0.4036230      44345.4743894      11513.9216061
  29 2025          0.4094727      44225.1481677      11525.0389596
  29 2027          0.4036230      44234.8348221      11422.8722521
  29 2029          0.4211719      44377.4093612      11540.1167633
  29 2031          0.4182471      44324.2591833      11605.7510335
  29 2033          0.4036230      44422.2748717      11487.5385916
  29 2035          0.4094727      44250.6596529      11466.8627367
  29 2037          0.3948486      44422.2383563      11359.4435811
  29 2039          0.4094727      44390.3238658      11484.7011011
  29 2041          0.4123975      44311.6570244      11546.5680862
  29 2043          0.4094727      44205.9550828      11513.9930008
  30 2019          0.3977734      45464.1946154      11691.1259423
  30 2021          0.4094727      45403.8965105      11777.7063790
  30 2023          0.4123975      45481.1053918      11819.3980918
  30 2025          0.4065479      45456.0053856      11837.7692610
  30 2027          0.3977734      45355.5290390      11649.7058329
  30 2029          0.3889990      45384.0813325      11477.1110042
  30 2031          0.4211719      45291.4445386      11868.3481193
  30 2033          0.4094727      45392.4168516      11864.6319819
  30 2035          0.3948486      45411.1170826      11686.3589248
  30 2037          0.3919238      45510.9250342      11522.0330355
  30 2039          0.4153223      45365.7359557      11842.0546810
  30 2041          0.4006982      45444.9441058      11803.6204681
  30 2043          0.3802246      45357.6832694      11497.2686814
  31 2019          0.3977734      42622.8323128      10960.4691076
  31 2021          0.4094727      42593.8585714      11049.2494600
  31 2023          0.4094727      42609.8854608      11059.8942400
  31 2025          0.4006982      42598.4734863      10936.2154215
  31 2027          0.4094727      42540.9095890      11080.3622683
  31 2029          0.4065479      42565.9891263      11090.8696866
  31 2031          0.4065479      42612.4432219      11030.4696825
  31 2033          0.3948486      42641.0535147      10889.6501740
  31 2035          0.3948486      42617.7551579      10866.3285510
  31 2037          0.4153223      42577.8233089      11090.3403157
  31 2039          0.4065479      42501.8200149      11076.3122718
  31 2041          0.4065479      42642.9058484      11068.4013739
  31 2043          0.4094727      42579.3563561      11060.1861153
  32 2019          0.3977734      44850.3644471      11533.2794025
  32 2021          0.4123975      44787.3240365      11644.1387141
  32 2023          0.4182471      44844.6097104      11661.2577521
  32 2025          0.4094727      44759.3586377      11617.0699661
  32 2027          0.3977734      44741.7440676      11490.0049330
  32 2029          0.4153223      44797.2161268      11599.9499300
  32 2031          0.4240967      44735.6285221      11704.2250903
  32 2033          0.4094727      44742.5764740      11602.2874518
  32 2035          0.4123975      44824.7093971      11646.2796888
  32 2037          0.4211719      44812.9799955      11711.8506467
  32 2039          0.4153223      44777.0746844      11679.0534218
  32 2041          0.4153223      44856.2010578      11603.0390157
  32 2043          0.4123975      44781.7541991      11647.9335219
  33 2019          0.3977734      43767.7694432      11254.8898997
  33 2021          0.4036230      43678.9973618      11378.6264054
  33 2023          0.4036230      43798.0641229      11374.0028344
  33 2025          0.4036230      43696.1078741      11338.8500460
  33 2027          0.4036230      43722.9472795      11269.4074404
  33 2029          0.4094727      43628.3162738      11309.3714671
  33 2031          0.4006982      43708.8294370      11277.1947151
  33 2033          0.4094727      43777.2371265      11368.3713501
  33 2035          0.3948486      43779.0329022      11227.5721646
  33 2037          0.3977734      43676.6932850      11237.9940416
  33 2039          0.4036230      43618.9302763      11353.2333834
  33 2041          0.3831494      43674.2025850      11064.5852502
  33 2043          0.4123975      43713.6143649      11412.4019613
  34 2019          0.3977734      42927.3496229      11038.7757895
  34 2021          0.4094727      42984.7474612      11071.4219624
  34 2023          0.4211719      42842.0167350      11157.5916340
  34 2025          0.4094727      42791.7375006      11117.8038411
  34 2027          0.4123975      42875.7691004      11146.4190317
  34 2029          0.4153223      42936.9434936      11197.1092678
  34 2031          0.4094727      42800.4646022      11221.5553782
  34 2033          0.4153223      42823.2931886      11227.3558701
  34 2035          0.3685254      42953.8743516      10604.9812701
  34 2037          0.3977734      42950.1539818      10888.0655425
  34 2039          0.4182471      42853.9787593      11119.0706256
  34 2041          0.4211719      42778.3002986      11213.1786487
  34 2043          0.3977734      42883.8263224      11067.0027382
  35 2019          0.3977734      42121.6975270      10831.6022060
  35 2021          0.4094727      42149.8490922      10831.5312035
  35 2023          0.4153223      41975.2963068      10928.5332256
  35 2025          0.4065479      42095.8662921      10836.2653754
  35 2027          0.3948486      42123.8245902      10708.2254008
  35 2029          0.4182471      41998.3688260      10922.8645723
  35 2031          0.4270215      42148.2320414      11025.6953531
  35 2033          0.4094727      42069.3610111      10933.3100736
  35 2035          0.4123975      42020.6324272      10885.5720535
  35 2037          0.4094727      41971.3661886      10937.2901462
  35 2039          0.4094727      42017.8595530      10928.7648043
  35 2041          0.4065479      42130.3501716      10879.5765277
  35 2043          0.4153223      42043.4557724      10992.1666679
  36 2019          0.3977734      43402.1088937      11160.8602226
  36 2021          0.4123975      43326.3135461      11240.7048360
  36 2023          0.4211719      43295.4744623      11297.4659259
  36 2025          0.4182471      43321.1171560      11319.0778953
  36 2027          0.4153223      43317.9931683      11305.3785842
  36 2029          0.4153223      43262.9037242      11312.4263667
  36 2031          0.4036230      43330.9937805      11260.7647940
  36 2033          0.4094727      43305.6994746      11219.7490952
  36 2035          0.4153223      43282.7205296      11288.9913220
  36 2037          0.4036230      43232.2467366      11268.1080292
  36 2039          0.4036230      43363.9893522      11253.8245501
  36 2041          0.3948486      43349.0587259      11068.6214896
  36 2043          0.4065479      43379.9090910      11201.1217302
  37 2019          0.3977734      44078.2811885      11334.7380516
  37 2021          0.4123975      43958.9750180      11480.8790028
  37 2023          0.4094727      43914.2928295      11418.7363199
  37 2025          0.4094727      43995.0948927      11416.3466618
  37 2027          0.4036230      44127.6701771      11363.6593766
  37 2029          0.4153223      44136.9791092      11485.0946358
  37 2031          0.4094727      44144.2262549      11450.7797052
  37 2033          0.4094727      44116.4905448      11495.1464934
  37 2035          0.4065479      44008.5247195      11454.7823315
  37 2037          0.4153223      43948.8152619      11457.1732322
  37 2039          0.4094727      43903.1408978      11407.8632578
  37 2041          0.4065479      44075.1671735      11393.8083619
  37 2043          0.4123975      44090.1547304      11397.9340263
  38 2019          0.3977734      43984.7679988      11310.6911178
  38 2021          0.4094727      43887.0556510      11405.2319042
  38 2023          0.4094727      44037.4034360      11421.4217054
  38 2025          0.3977734      43834.0605073      11278.5213986
  38 2027          0.4094727      43876.9731175      11344.4668057
  38 2029          0.4123975      43993.7756221      11435.0578990
  38 2031          0.4094727      43811.9326693      11466.7524457
  38 2033          0.4036230      43930.4641129      11372.0399900
  38 2035          0.4036230      43893.1911133      11359.2706649
  38 2037          0.4123975      43950.9267080      11384.1655266
  38 2039          0.4065479      43937.9427385      11391.2745872
  38 2041          0.4094727      43950.2091322      11398.2421487
  38 2043          0.4123975      43950.9384533      11448.7373779
  39 2019          0.3977734      43072.4149557      11076.0793663
  39 2021          0.4094727      43087.2728490      11142.7331332
  39 2023          0.4153223      42968.4491669      11192.0409912
  39 2025          0.4182471      43032.8046204      11259.0422675
  39 2027          0.4094727      42965.3027026      11222.0358625
  39 2029          0.4006982      42976.5706745      11099.8313414
  39 2031          0.4036230      42963.9711116      11064.6280665
  39 2033          0.4153223      43001.9699997      11223.1159279
  39 2035          0.4094727      42912.8487088      11199.4373883
  39 2037          0.4153223      42960.5740622      11182.6350994
  39 2039          0.4153223      43040.4232007      11178.0281311
  39 2041          0.4153223      42917.4475946      11217.5908603
  39 2043          0.4065479      43040.7576280      11142.1667751
  40 2019          0.3977734      42475.3692060      10922.5489428
  40 2021          0.4123975      42474.8345136      11029.1635855
  40 2023          0.4123975      42372.5317414      11051.9637245
  40 2025          0.3889990      42449.5088493      10786.8034180
  40 2027          0.4123975      42352.0283562      11044.6986105
  40 2029          0.4123975      42444.2624993      11093.7895659
  40 2031          0.4036230      42398.6244606      10969.7153415
  40 2033          0.4182471      42477.4705383      11064.5876788
  40 2035          0.4094727      42448.4182683      11022.6386299
  40 2037          0.4153223      42350.6641954      11046.6995877
  40 2039          0.4094727      42408.2383687      11000.9883991
  40 2041          0.3948486      42515.7570000      10811.2781310
  40 2043          0.4211719      42528.7667854      11026.3011750
  41 2019          0.3977734      43225.8724977      11115.5410012
  41 2021          0.4036230      43287.5789565      11191.2511182
  41 2023          0.4036230      43184.3412729      11200.3596415
  41 2025          0.4123975      43208.9660507      11266.2321111
  41 2027          0.4006982      43149.9037134      11137.6795635
  41 2029          0.4065479      43098.9000022      11121.9976046
  41 2031          0.4123975      43208.4730405      11216.6964136
  41 2033          0.4153223      43129.2942602      11246.4725168
  41 2035          0.4006982      43214.4061898      11130.0461673
  41 2037          0.3860742      43063.8481721      10905.4900602
  41 2039          0.4123975      43205.9771742      11209.1891943
  41 2041          0.4094727      43114.6846962      11232.9472609
  41 2043          0.4123975      43118.8421652      11232.0867124
  42 2019          0.3977734      43489.6276482      11183.3656863
  42 2021          0.4065479      43499.1691330      11292.7740748
  42 2023          0.4036230      43414.1625537      11265.0535020
  42 2025          0.4094727      43364.0209240      11239.3368642
  42 2027          0.4065479      43381.3974768      11241.8372222
  42 2029          0.4094727      43466.0293573      11278.5254038
  42 2031          0.4094727      43346.5186192      11282.7214363
  42 2033          0.4065479      43435.7529167      11327.5471065
  42 2035          0.4123975      43423.4316706      11320.2293643
  42 2037          0.4153223      43434.6486020      11327.6815162
  42 2039          0.4065479      43390.7389756      11290.3460320
  42 2041          0.4211719      43347.5820333      11338.1057584
  42 2043          0.3977734      43462.3515365      11203.7856075
  43 2019          0.3977734      45640.4310114      11736.4451637
  43 2021          0.4065479      45499.3140024      11837.5126074
  43 2023          0.4065479      45640.4082429      11833.4214505
  43 2025          0.4065479      45522.8939155      11826.2771461
  43 2027          0.4211719      45465.4913867      11925.6747761
  43 2029          0.4211719      45479.4731682      11887.9324095
  43 2031          0.4182471      45535.1910833      11893.3293062
  43 2033          0.4153223      45681.2817040      11802.6300492
  43 2035          0.4153223      45618.5390806      11896.6591644
  43 2037          0.4065479      45514.7714236      11846.7741235
  43 2039          0.4036230      45520.0863793      11794.7264208
  43 2041          0.4036230      45671.4301997      11815.4947221
  43 2043          0.3977734      45559.3791389      11691.8489756
  44 2019          0.3977734      42729.5332601      10987.9072757
  44 2021          0.4036230      42635.4846983      11021.1473677
  44 2023          0.4123975      42668.5658810      11041.1813273
  44 2025          0.4094727      42713.1415246      11072.4744463
  44 2027          0.3948486      42660.6449165      10890.0539950
  44 2029          0.4153223      42685.6810724      11115.3943666
  44 2031          0.4153223      42664.5441698      11155.3021537
  44 2033          0.4036230      42744.1654939      11047.9355643
  44 2035          0.4094727      42744.7258720      11081.7870606
  44 2037          0.4123975      42602.2953323      11046.1602358
  44 2039          0.4211719      42781.7188515      11162.2855869
  44 2041          0.4123975      42729.9047942      11117.7565924
  44 2043          0.4211719      42714.5908875      11188.9945477
  45 2019          0.3977734      42518.5291397      10933.6475276
  45 2021          0.4065479      42460.2136315      11030.6552353
  45 2023          0.4036230      42453.9461706      11076.0942079
  45 2025          0.3919238      42560.8115610      10876.6780069
  45 2027          0.3889990      42532.1655580      10820.2920079
  45 2029          0.4153223      42541.3166517      11051.5870366
  45 2031          0.4123975      42496.1410693      11065.6302450
  45 2033          0.3919238      42408.7839691      10798.0385862
  45 2035          0.4211719      42558.3168930      11106.7619135
  45 2037          0.4036230      42531.1463602      11027.3891033
  45 2039          0.4036230      42423.0946874      10963.0705040
  45 2041          0.4153223      42450.0010549      11092.6609819
  45 2043          0.4094727      42415.4650833      11079.1965612
  46 2019          0.3977734      43370.9378305      11152.8445780
  46 2021          0.4065479      43395.2135791      11230.9953887
  46 2023          0.4123975      43255.0774241      11269.8832256
  46 2025          0.4094727      43338.4826446      11267.7067955
  46 2027          0.4036230      43299.5929536      11224.1991363
  46 2029          0.3977734      43437.1074612      11098.2075700
  46 2031          0.4094727      43280.7731130      11249.6290314
  46 2033          0.4094727      43240.9756647      11251.2459613
  46 2035          0.4006982      43364.6919567      11190.8146260
  46 2037          0.4123975      43329.8547386      11283.7299589
  46 2039          0.4065479      43323.3946925      11286.0338962
  46 2041          0.3948486      43350.7572252      11127.5161265
  46 2043          0.4036230      43284.8598395      11141.1750065
  47 2019          0.3977734      42896.1785597      11030.7601449
  47 2021          0.4065479      42867.3112908      11110.1447498
  47 2023          0.4153223      42839.4273244      11179.0927303
  47 2025          0.4006982      42774.1724326      11071.9187163
  47 2027          0.4006982      42926.5867991      11000.8642106
  47 2029          0.4123975      42910.0797359      11149.6692757
  47 2031          0.4036230      42774.6666498      11015.3186648
  47 2033          0.4211719      42780.8014178      11203.8389900
  47 2035          0.4123975      42815.7861580      11198.4029568
  47 2037          0.4036230      42795.1951039      11123.0049395
  47 2039          0.3919238      42770.7634401      10925.0929157
  47 2041          0.3977734      42797.7049147      11007.3768191
  47 2043          0.4006982      42900.8020145      11075.8344412
  48 2019          0.3977734      44105.8555906      11341.8288142
  48 2021          0.4153223      43955.5865674      11468.2167429
  48 2023          0.4270215      44004.3571262      11536.7184872
  48 2025          0.4006982      44015.2353649      11409.9689429
  48 2027          0.4036230      44157.5724680      11322.1919046
  48 2029          0.4094727      44103.5478736      11433.9801304
  48 2031          0.4153223      44145.8969655      11482.2896047
  48 2033          0.4153223      44050.9188697      11504.3072413
  48 2035          0.4036230      43970.0320700      11423.7742489
  48 2037          0.4123975      44019.1168428      11423.4898112
  48 2039          0.4094727      43951.4748132      11430.0646662
  48 2041          0.4153223      44148.1027077      11483.3969122
  48 2043          0.4065479      44014.0806615      11464.7741917
  49 2019          0.3977734      42532.9157843      10937.3470559
  49 2021          0.4065479      42510.7339938      10967.5153464
  49 2023          0.4182471      42529.6036604      11019.1894601
  49 2025          0.4240967      42529.2347898      11139.5901854
  49 2027          0.4036230      42586.0154042      10982.9747604
  49 2029          0.4123975      42487.9619257      11077.0260025
  49 2031          0.4094727      42426.7057542      11033.5666658
  49 2033          0.4094727      42521.6713908      11016.9507615
  49 2035          0.4153223      42384.3423498      11089.8942637
  49 2037          0.4094727      42459.0199402      11015.7277021
  49 2039          0.4006982      42476.3754737      10902.7032814
  49 2041          0.4094727      42466.1904401      10936.8940596
  49 2043          0.4123975      42544.1015977      11013.9013429
  50 2019          0.3977734      43575.9475156      11205.5628560
  50 2021          0.4182471      43486.4420856      11341.7326769
  50 2023          0.4065479      43550.8523822      11343.1710164
  50 2025          0.3948486      43518.4969171      11213.0112863
  50 2027          0.4036230      43505.6802750      11245.3830410
  50 2029          0.4153223      43475.4723633      11380.4426426
  50 2031          0.4065479      43566.7336366      11240.9696797
  50 2033          0.4094727      43519.8863808      11309.0922381
  50 2035          0.4036230      43402.3317337      11267.9313512
  50 2037          0.4094727      43512.4692952      11282.1659656
  50 2039          0.4182471      43458.4189628      11361.2993616
  50 2041          0.4182471      43464.5642756      11375.1787368
  50 2043          0.4153223      43417.2632558      11377.8384019
