FL 2019 2020 2021 2022 2023 2024 2025 2026 2027 2028 2029 2030 2031 2032 2033 2034 2035 2036 2037 2038 2039 2040 2041 2042 2043 2044 2045
 1  0.1254765  0.0537101  0.0386677  0.0523142  0.0391276  0.0838141  0.0676615  0.1546982  0.2010789  0.2208010  0.3039853  0.1218297  0.1112533  0.1597036  0.1949767  0.2325964  0.2302719  0.1465940  0.1681124  0.0550095  0.0378460  0.0555776  0.0506026  0.1248653  0.1067552  0.2058108  0.2533860
 2  0.0238751  0.0086047  0.0059812  0.0087632  0.0045540  0.0120349  0.0116639  0.0308414  0.0446512  0.0504788  0.0629324  0.0210583  0.0197984  0.0309726  0.0376227  0.0407117  0.0402022  0.0277844  0.0306597  0.0084989  0.0058775  0.0092228  0.0093301  0.0213220  0.0186035  0.0385481  0.0505246
 3  0.1162273  0.1634443  0.1617954  0.1989763  0.1728948  0.2220640  0.1809126  0.1886384  0.1545188  0.1722620  0.1452923  0.1671539  0.1549917  0.1934284  0.1469521  0.1706669  0.1416339  0.1665761  0.1487014  0.1604346  0.1689507  0.2063301  0.1711408  0.1799785  0.1781432  0.1916725  0.1614689
 4  0.0444602  0.0620293  0.0462652  0.0878986  0.0658650  0.0578145  0.0383913  0.0407626  0.0359416  0.0490102  0.0443678  0.0495106  0.0346368  0.0443282  0.0449246  0.0502243  0.0331755  0.0414930  0.0490935  0.0536710  0.0471720  0.0536905  0.0488279  0.0587339  0.0494590  0.0433239  0.0355227
 1  0.1220670  0.0539047  0.0384974  0.0804622  0.0727198  0.0998603  0.0812487  0.1105832  0.1109796  0.1108470  0.1074396  0.0631036  0.0607928  0.0631204  0.0638042  0.0562379  0.0557498  0.0580286  0.0511286  0.2858438  0.4111025  0.3275739  0.3758616  0.1690441  0.1854549  0.0836185  0.0685280
 2  0.0232303  0.0087191  0.0060366  0.0134279  0.0129897  0.0166138  0.0137607  0.0201954  0.0198088  0.0200986  0.0208609  0.0122739  0.0123189  0.0128349  0.0127494  0.0116547  0.0091629  0.0097062  0.0094587  0.0578807  0.0845983  0.0589355  0.0661590  0.0302958  0.0329952  0.0139862  0.0115836
 3  0.1130934  0.1394827  0.1516413  0.1720444  0.1716475  0.1600031  0.1722929  0.1594915  0.1499382  0.1437132  0.1428456  0.1324215  0.1254941  0.1631932  0.1580389  0.1568229  0.1573857  0.1840998  0.1763814  0.1639451  0.1562282  0.1524006  0.1570600  0.1588265  0.1450659  0.1439798  0.1536665
 4  0.0433681  0.0479268  0.0448426  0.0424294  0.0464471  0.0477159  0.0463593  0.0424281  0.0438197  0.0387587  0.0365934  0.0387324  0.0347910  0.0477465  0.0412320  0.0546909  0.0597250  0.0501214  0.0410539  0.0411580  0.0424074  0.0416080  0.0355729  0.0360026  0.0425130  0.0385123  0.0418118
 1  0.1187765  0.0769133  0.0565160  0.0708720  0.0509198  0.2222107  0.2695473  0.1794963  0.1699996  0.1222840  0.1267924  0.1632105  0.1587357  0.0730819  0.0708823  0.1540621  0.1626628  0.1510191  0.1496247  0.1247084  0.1269973  0.2258939  0.2860967  0.1313673  0.0902115  0.1001304  0.0943520
 2  0.0226444  0.0125015  0.0088095  0.0104980  0.0082453  0.0406312  0.0498798  0.0309224  0.0295020  0.0223387  0.0247075  0.0307502  0.0276590  0.0133599  0.0127141  0.0289581  0.0297237  0.0275493  0.0268870  0.0228883  0.0251028  0.0466571  0.0550776  0.0198211  0.0132764  0.0165660  0.0179009
 3  0.1100329  0.1519450  0.1668725  0.1629674  0.1723197  0.1763599  0.1636300  0.1611734  0.1656539  0.1417659  0.1317960  0.1422563  0.1383747  0.1567366  0.1457373  0.1588115  0.1476658  0.1423959  0.1513611  0.1454588  0.1467765  0.1547273  0.1576391  0.1484214  0.1605854  0.1539141  0.1362493
 4  0.0423910  0.0505472  0.0556899  0.0471667  0.0438817  0.0418363  0.0452401  0.0479449  0.0400956  0.0338663  0.0341105  0.0462494  0.0406634  0.0404379  0.0408243  0.0429456  0.0398649  0.0414442  0.0408713  0.0367266  0.0333378  0.0423840  0.0547142  0.0542964  0.0445414  0.0376593  0.0265473
 1  0.1193897  0.0246958  0.0173452  0.0832104  0.0719518  0.0891010  0.0893098  0.0577531  0.0509298  0.0400954  0.0323388  0.0531239  0.0492211  0.0578077  0.0630268  0.0851124  0.0970442  0.1521193  0.1746743  0.1299845  0.1256223  0.1542800  0.1562933  0.1919288  0.2485026  0.1485727  0.1549312
 2  0.0226910  0.0039735  0.0027279  0.0136672  0.0124034  0.0165705  0.0165720  0.0107880  0.0082753  0.0065103  0.0059175  0.0098118  0.0096131  0.0121164  0.0137484  0.0189838  0.0200866  0.0312122  0.0340350  0.0245158  0.0206569  0.0263628  0.0292656  0.0391069  0.0520666  0.0292319  0.0299899
 3  0.1105887  0.1502242  0.1671895  0.1645632  0.1748992  0.1523003  0.1440564  0.1475251  0.1373650  0.1536897  0.1683547  0.1666402  0.1644655  0.1615543  0.1489560  0.1632463  0.1505444  0.1601397  0.1572205  0.1485652  0.1421023  0.1873657  0.1751870  0.1641569  0.1501367  0.1344755  0.1354407
 4  0.0420011  0.0507677  0.0483538  0.0439116  0.0429396  0.0402947  0.0400295  0.0516974  0.0507215  0.0429096  0.0448264  0.0493555  0.0425678  0.0397698  0.0384212  0.0485241  0.0454337  0.0427986  0.0444742  0.0506718  0.0473877  0.0469155  0.0397563  0.0367446  0.0394375  0.0369359  0.0393567
 1  0.1189860  0.0474579  0.0339620  0.0555330  0.0429724  0.1361403  0.1277907  0.2988514  0.3602118  0.3815508  0.4907329  0.1954176  0.1782710  0.0709655  0.0537744  0.1802116  0.2127853  0.2315534  0.2799875  0.0891943  0.0746723  0.2085110  0.2605089  0.3301404  0.4779797  0.1164131  0.0790649
 2  0.0231473  0.0077530  0.0053471  0.0089199  0.0064366  0.0225398  0.0214966  0.0536753  0.0604851  0.0639452  0.0886235  0.0335592  0.0224528  0.0102904  0.0087023  0.0330415  0.0426365  0.0491169  0.0448044  0.0139025  0.0132425  0.0406835  0.0531589  0.0685190  0.0934310  0.0171760  0.0112059
 3  0.1099257  0.1396810  0.1543093  0.1681269  0.1607778  0.1840971  0.1697025  0.1718458  0.1659180  0.1726436  0.1859735  0.1802105  0.1552658  0.1582804  0.1543478  0.1801460  0.1569886  0.1404900  0.1386956  0.1587511  0.1583847  0.1578004  0.1484079  0.1364214  0.1464044  0.1547221  0.1740644
 4  0.0434759  0.0505692  0.0461061  0.0550529  0.0480443  0.0498476  0.0467605  0.0474048  0.0477721  0.0411814  0.0388671  0.0597624  0.0514990  0.0412586  0.0381615  0.0430739  0.0358686  0.0484248  0.0503123  0.0404498  0.0348373  0.0385728  0.0350673  0.0320894  0.0422268  0.0498708  0.0467644
 1  0.1162521  0.0849438  0.0626992  0.1101128  0.0922829  0.1591642  0.1748742  0.1402456  0.1095604  0.1196802  0.1195743  0.0744509  0.0810769  0.1106578  0.1123518  0.1422316  0.1614354  0.1262530  0.1389553  0.0697023  0.0656944  0.0996510  0.0756595  0.1943026  0.2359212  0.0684346  0.0544492
 2  0.0225599  0.0139384  0.0097974  0.0175058  0.0154181  0.0293409  0.0329687  0.0232186  0.0169880  0.0203131  0.0229095  0.0156548  0.0170045  0.0223147  0.0214206  0.0276550  0.0334220  0.0264462  0.0271327  0.0132340  0.0113018  0.0154785  0.0129160  0.0372667  0.0441778  0.0113787  0.0095738
 3  0.1074261  0.1415631  0.1810714  0.1615223  0.1636805  0.1517605  0.1665756  0.1425754  0.1542204  0.1792120  0.1620657  0.1355368  0.1340175  0.1515441  0.1544837  0.1581553  0.1587814  0.1509415  0.1511192  0.1574569  0.1583309  0.1564557  0.1790318  0.1689470  0.1558649  0.1459086  0.1491104
 4  0.0426515  0.0507911  0.0534312  0.0440357  0.0412144  0.0367122  0.0527764  0.0484693  0.0461392  0.0408983  0.0336364  0.0357547  0.0444235  0.0436211  0.0407978  0.0349885  0.0353585  0.0400702  0.0445588  0.0472320  0.0533465  0.0457712  0.0426129  0.0399252  0.0526850  0.0440188  0.0366149
 1  0.1297236  0.0889434  0.0630417  0.0456376  0.0341216  0.0655260  0.0718694  0.0820137  0.0917887  0.0970308  0.1116287  0.0901083  0.0657500  0.0519856  0.0470465  0.2003541  0.2442344  0.1385300  0.1398159  0.0540704  0.0379914  0.0614001  0.0550569  0.1264405  0.1488368  0.1124642  0.1357683
 2  0.0243926  0.0139661  0.0096181  0.0069277  0.0057719  0.0125852  0.0151016  0.0181105  0.0203120  0.0215535  0.0237661  0.0151091  0.0103461  0.0087522  0.0088615  0.0406729  0.0509790  0.0293198  0.0196684  0.0077704  0.0061094  0.0106269  0.0101559  0.0257689  0.0324611  0.0254065  0.0316888
 3  0.1204050  0.1452571  0.1536903  0.1561022  0.1657303  0.1773031  0.1450715  0.1461667  0.1422206  0.1441445  0.1374263  0.1498095  0.1813981  0.1717045  0.1625138  0.1513905  0.1412637  0.1409875  0.1417326  0.1592632  0.1417603  0.1525856  0.1571069  0.1665023  0.1675841  0.1323387  0.1297646
 4  0.0445032  0.0486331  0.0479632  0.0416182  0.0385939  0.0385300  0.0343806  0.0382730  0.0355276  0.0349489  0.0465852  0.0558441  0.0514271  0.0422680  0.0374508  0.0362077  0.0339743  0.0578808  0.0596597  0.0457077  0.0385429  0.0440913  0.0421115  0.0399786  0.0423899  0.0334425  0.0318528
 1  0.1244105  0.0149918  0.0104242  0.0183684  0.0162031  0.0661886  0.0626572  0.1968300  0.1759417  0.1143499  0.1008065  0.2269059  0.2936435  0.1984877  0.2362266  0.1074169  0.0860951  0.1485645  0.1207319  0.3251141  0.4167767  0.3184529  0.4431549  0.1115192  0.0906111  0.0719918  0.0501550
 2  0.0246932  0.0024389  0.0016306  0.0031283  0.0030444  0.0131896  0.0103364  0.0322585  0.0272865  0.0183631  0.0176792  0.0437526  0.0603452  0.0404298  0.0475175  0.0201137  0.0104052  0.0211897  0.0205038  0.0588811  0.0759232  0.0586842  0.0821078  0.0177154  0.0143530  0.0108591  0.0072869
 3  0.1146225  0.1525892  0.1695003  0.1508131  0.1547639  0.1423250  0.1384061  0.1809963  0.1732655  0.1688216  0.1723273  0.1758153  0.1565507  0.1334592  0.1436424  0.1496992  0.1473241  0.1961781  0.1875304  0.1692815  0.1689461  0.1712046  0.1732047  0.1574245  0.1648111  0.1544698  0.1558121
 4  0.0469218  0.0550050  0.0446782  0.0340818  0.0352638  0.0503836  0.0504636  0.0564105  0.0537085  0.0462338  0.0416974  0.0417573  0.0375834  0.0329807  0.0407992  0.0727982  0.0588645  0.0514626  0.0444336  0.0445223  0.0426764  0.0376342  0.0453733  0.0458435  0.0484742  0.0535180  0.0488672
 1  0.1237088  0.0832669  0.0604787  0.1552289  0.1486436  0.1696829  0.1593013  0.0461653  0.0309118  0.0811429  0.0699648  0.1381359  0.1660235  0.1377523  0.1637323  0.1135770  0.1370802  0.0704408  0.0606239  0.0630307  0.0594469  0.0620156  0.0586743  0.0715391  0.0347920  0.0640598  0.0611443
 2  0.0237626  0.0133677  0.0093165  0.0258485  0.0251570  0.0287241  0.0273673  0.0070388  0.0045673  0.0130005  0.0126383  0.0279297  0.0355041  0.0299989  0.0369692  0.0259109  0.0311186  0.0133888  0.0112933  0.0118320  0.0106545  0.0114707  0.0116994  0.0090516  0.0048783  0.0107012  0.0119161
 3  0.1145732  0.1499680  0.1585332  0.1679146  0.1753268  0.1537025  0.1702132  0.1459383  0.1449594  0.1751698  0.1638600  0.1657036  0.1485125  0.1403871  0.1364246  0.1297228  0.1345832  0.1367898  0.1571634  0.1490406  0.1431198  0.1417134  0.1542423  0.1606217  0.1862402  0.1639442  0.1495942
 4  0.0440699  0.0545035  0.0430644  0.0416823  0.0459530  0.0440482  0.0553109  0.0568754  0.0487674  0.0464793  0.0382658  0.0400532  0.0398028  0.0355913  0.0305991  0.0304067  0.0425149  0.0446860  0.0424815  0.0442340  0.0436159  0.0378254  0.0732727  0.0708233  0.0551158  0.0375924  0.0328869
 1  0.1300004  0.0895330  0.0635249  0.0617222  0.0393708  0.0684711  0.0757432  0.1038099  0.1149857  0.1019878  0.1019626  0.0902820  0.0926955  0.1033613  0.0848982  0.0935791  0.0726747  0.1413047  0.1579579  0.1637142  0.2133543  0.3005613  0.3858969  0.1304772  0.1130560  0.0924901  0.0825014
 2  0.0246276  0.0141504  0.0096977  0.0084589  0.0062844  0.0128387  0.0162153  0.0230611  0.0251597  0.0206287  0.0188465  0.0170391  0.0186876  0.0184528  0.0141474  0.0148036  0.0120595  0.0260553  0.0322272  0.0367514  0.0493213  0.0636517  0.0723597  0.0221164  0.0168901  0.0149408  0.0151115
 3  0.1205402  0.1402162  0.1587241  0.1590893  0.1616344  0.1735663  0.1545162  0.1423410  0.1347789  0.1505661  0.1471231  0.1582128  0.1461742  0.1495510  0.1755891  0.1490071  0.1416241  0.1757927  0.1658620  0.1296495  0.1176196  0.1405628  0.1659272  0.1503664  0.1578087  0.1661048  0.1749291
 4  0.0455741  0.0505390  0.0543069  0.0491656  0.0375004  0.0334014  0.0337638  0.0408491  0.0403288  0.0474876  0.0411061  0.0355982  0.0432795  0.0549495  0.0588416  0.0482254  0.0385197  0.0391669  0.0348861  0.0301377  0.0319937  0.0405325  0.0429571  0.0458184  0.0464603  0.0400740  0.0473891
 1  0.1180277  0.0358854  0.0256840  0.0437289  0.0361105  0.0775676  0.0730060  0.1148638  0.1199782  0.1358734  0.1474788  0.1120365  0.0787170  0.1602232  0.1573382  0.1463932  0.1522738  0.1657655  0.1674115  0.0980240  0.1043745  0.1710215  0.1983615  0.1289298  0.1377436  0.1882507  0.2109967
 2  0.0228373  0.0058748  0.0040729  0.0071723  0.0060773  0.0139960  0.0126758  0.0211962  0.0244050  0.0277933  0.0297906  0.0177867  0.0122749  0.0269993  0.0271944  0.0265092  0.0297080  0.0313947  0.0319769  0.0192697  0.0215427  0.0356902  0.0382784  0.0244990  0.0269513  0.0371188  0.0385960
 3  0.1090697  0.1410383  0.1700720  0.1631231  0.1572994  0.1646422  0.1624076  0.1609993  0.1710648  0.1460542  0.1559062  0.1456386  0.1434232  0.1728947  0.1677693  0.1558831  0.1719734  0.1277570  0.1363032  0.1420580  0.1288667  0.1545606  0.1595216  0.1557183  0.1547051  0.1513257  0.1482896
 4  0.0428520  0.0517394  0.0485273  0.0481226  0.0437290  0.0451425  0.0489101  0.0362654  0.0390737  0.0409727  0.0533677  0.0543884  0.0442232  0.0477454  0.0476227  0.0397305  0.0457630  0.0386045  0.0360280  0.0343298  0.0325625  0.0430653  0.0451456  0.0381348  0.0363417  0.0424503  0.0714290
 1  0.1305073  0.0626718  0.0438192  0.0787655  0.0612037  0.1260902  0.1378006  0.1912639  0.2320757  0.1554907  0.1463328  0.0773093  0.0542554  0.1028485  0.1000540  0.1861408  0.2377939  0.2396386  0.2574673  0.1019290  0.0785607  0.1108102  0.1104164  0.1795144  0.1340963  0.1752612  0.1779856
 2  0.0247657  0.0098862  0.0067088  0.0120558  0.0102158  0.0234513  0.0276994  0.0406060  0.0443303  0.0284097  0.0213977  0.0113248  0.0079522  0.0173011  0.0188468  0.0383882  0.0525938  0.0470105  0.0467949  0.0160603  0.0126978  0.0194829  0.0201462  0.0275028  0.0217620  0.0298537  0.0318001
 3  0.1209417  0.1484752  0.1655702  0.1637788  0.1560210  0.1586797  0.1511319  0.1427895  0.1428467  0.1574590  0.1497214  0.1709715  0.1458586  0.1798959  0.1774040  0.1600253  0.1662734  0.1433296  0.1691309  0.1548960  0.1512042  0.1778691  0.1688191  0.1614975  0.1706577  0.1799663  0.1623675
 4  0.0457994  0.0520154  0.0526431  0.0484109  0.0379169  0.0344435  0.0339808  0.0366526  0.0423232  0.0512253  0.0542430  0.0550683  0.0438809  0.0437997  0.0424759  0.0386314  0.0459566  0.0469553  0.0488807  0.0484532  0.0406159  0.0447856  0.0623904  0.0540957  0.0469373  0.0508418  0.0452923
 1  0.1355563  0.0713368  0.0490898  0.0473726  0.0407336  0.0537099  0.0437551  0.0419694  0.0457377  0.1187691  0.1544349  0.1592349  0.1714996  0.1747518  0.1922983  0.1040344  0.0990255  0.1648870  0.1136535  0.0809675  0.0804415  0.1121406  0.1222893  0.2213441  0.2421488  0.1619432  0.0978077
 2  0.0258173  0.0112511  0.0074849  0.0080690  0.0061410  0.0085975  0.0078101  0.0084625  0.0103832  0.0299998  0.0371918  0.0332400  0.0318153  0.0322459  0.0357053  0.0188820  0.0191622  0.0251348  0.0173113  0.0139962  0.0154538  0.0230353  0.0259532  0.0450318  0.0415761  0.0209893  0.0148124
 3  0.1255444  0.1313559  0.1604653  0.1675780  0.1647681  0.1472845  0.1548923  0.1551094  0.1491036  0.1416610  0.1307334  0.1499279  0.1653205  0.1666289  0.1578408  0.1402704  0.1408344  0.1523533  0.1872505  0.1681047  0.1536274  0.1361741  0.1340086  0.1374696  0.1423028  0.1775118  0.1940655
 4  0.0485933  0.0443548  0.0448515  0.0507179  0.0522680  0.0392944  0.0376470  0.0341816  0.0305362  0.0338948  0.0420860  0.0455663  0.0453721  0.0424462  0.0405049  0.0368613  0.0468639  0.0543247  0.0491653  0.0363381  0.0382224  0.0351115  0.0382751  0.0441098  0.0622574  0.0604795  0.0500086
 1  0.1307984  0.0943666  0.0664557  0.1515943  0.1417916  0.2002333  0.1611173  0.2953546  0.3390896  0.2477987  0.2371635  0.1792101  0.1462648  0.1985622  0.2330539  0.1516223  0.1394053  0.0609230  0.0532483  0.0854230  0.0749201  0.1933242  0.2617879  0.1921430  0.2356285  0.1040444  0.1033131
 2  0.0245606  0.0148181  0.0101230  0.0247412  0.0242016  0.0313337  0.0251335  0.0492558  0.0603261  0.0420736  0.0352015  0.0265375  0.0237616  0.0358322  0.0455885  0.0281333  0.0223066  0.0104014  0.0082642  0.0138512  0.0137415  0.0401515  0.0598576  0.0434880  0.0481414  0.0191468  0.0195800
 3  0.1213701  0.1308173  0.1695403  0.1712595  0.1621601  0.1544795  0.1691005  0.1842922  0.1793242  0.1582631  0.1614082  0.1694204  0.1521429  0.1742686  0.1589304  0.1397377  0.1382437  0.1732619  0.1615114  0.1865191  0.1770064  0.1591099  0.1503484  0.1261805  0.1330421  0.1670994  0.1548277
 4  0.0453260  0.0503769  0.0483010  0.0428921  0.0492641  0.0472637  0.0462824  0.0437112  0.0446040  0.0477717  0.0554069  0.0455935  0.0364660  0.0388905  0.0400888  0.0497847  0.0436671  0.0532399  0.0549730  0.0508105  0.0397750  0.0339454  0.0342587  0.0363401  0.0408390  0.0434363  0.0387436
 1  0.1425452  0.0873039  0.0594686  0.0788197  0.0565507  0.0742544  0.0705400  0.0867350  0.1049259  0.1443406  0.1742993  0.0402352  0.0219376  0.0964412  0.1068193  0.0979529  0.1197503  0.1581203  0.1843089  0.1487811  0.1329109  0.0907998  0.0934176  0.0556316  0.0524936  0.0803591  0.0678210
 2  0.0270896  0.0135786  0.0089541  0.0117731  0.0084346  0.0126016  0.0136621  0.0191693  0.0260327  0.0365812  0.0335208  0.0052552  0.0033266  0.0174508  0.0220814  0.0229401  0.0294371  0.0367992  0.0365230  0.0256301  0.0227518  0.0165403  0.0181961  0.0109262  0.0100141  0.0141228  0.0116807
 3  0.1320490  0.1272483  0.1648676  0.1612958  0.1728147  0.1578626  0.1508048  0.1371931  0.1304463  0.1376024  0.1353297  0.1467998  0.1496626  0.1777866  0.1604364  0.1313119  0.1370421  0.1224226  0.1465899  0.1589804  0.1690333  0.1766655  0.1507939  0.1367261  0.1419050  0.1597345  0.1720937
 4  0.0507192  0.0458896  0.0503223  0.0523953  0.0482094  0.0349800  0.0313327  0.0266500  0.0300276  0.0474627  0.0677961  0.0529758  0.0367827  0.0362572  0.0343892  0.0294787  0.0381714  0.0399819  0.0468217  0.0459581  0.0431488  0.0401041  0.0378229  0.0414776  0.0468434  0.0509720  0.0500421
 1  0.1323154  0.0742914  0.0520419  0.0468509  0.0411352  0.1546513  0.1415042  0.2181399  0.2154858  0.2090840  0.1873484  0.1520144  0.1562644  0.1616445  0.1702567  0.1115246  0.0879230  0.0747370  0.0590422  0.1094422  0.1319054  0.2268835  0.3392587  0.2342546  0.2170792  0.1457009  0.1231556
 2  0.0251284  0.0116816  0.0079184  0.0078610  0.0069945  0.0263724  0.0241994  0.0369519  0.0374589  0.0343368  0.0292218  0.0256869  0.0288551  0.0305253  0.0324172  0.0198524  0.0114540  0.0109798  0.0102161  0.0220189  0.0307505  0.0580475  0.0763578  0.0407758  0.0324871  0.0229785  0.0189417
 3  0.1226001  0.1465320  0.1595381  0.1597408  0.1475139  0.1618158  0.1698923  0.1652405  0.1799898  0.1705531  0.1818267  0.1801276  0.1712699  0.1409274  0.1599930  0.1558750  0.1612762  0.1873281  0.1677166  0.1560152  0.1506084  0.1476521  0.1409999  0.1623487  0.1564959  0.1451887  0.1479692
 4  0.0466048  0.0553977  0.0432208  0.0413679  0.0442529  0.0485135  0.0477588  0.0457816  0.0522468  0.0545534  0.0510578  0.0440056  0.0423256  0.0392479  0.0476800  0.0700028  0.0647070  0.0491165  0.0385441  0.0316032  0.0310678  0.0413492  0.0499723  0.0547191  0.0475873  0.0457359  0.0442029
 1  0.1289129  0.0908110  0.0650173  0.0550572  0.0426827  0.1088118  0.1028894  0.0814026  0.0857079  0.0667345  0.0618385  0.0693612  0.0688549  0.0701762  0.0459997  0.1218277  0.1453583  0.2161243  0.2413334  0.2047167  0.2220717  0.3131630  0.4363943  0.1674487  0.1694156  0.0857565  0.0669693
 2  0.0243850  0.0144228  0.0099480  0.0086193  0.0067849  0.0184583  0.0190893  0.0163092  0.0172676  0.0128608  0.0119318  0.0136424  0.0132359  0.0104850  0.0074537  0.0230370  0.0314246  0.0458998  0.0433655  0.0357553  0.0413508  0.0609217  0.0837860  0.0308324  0.0254525  0.0128923  0.0114409
 3  0.1195341  0.1476756  0.1499541  0.1672914  0.1662168  0.1759393  0.1595008  0.1380590  0.1348426  0.1388089  0.1520985  0.1396490  0.1437571  0.1659589  0.1673011  0.1754839  0.1629961  0.1429842  0.1506515  0.1773544  0.1786575  0.1572370  0.1573419  0.1454563  0.1485670  0.1602926  0.1654534
 4  0.0452728  0.0454934  0.0464586  0.0483115  0.0470945  0.0426754  0.0367576  0.0379236  0.0430362  0.0414047  0.0426498  0.0390733  0.0578305  0.0624147  0.0415424  0.0353802  0.0394703  0.0522657  0.0495830  0.0441220  0.0386695  0.0372870  0.0367346  0.0432469  0.0532332  0.0418613  0.0383512
 1  0.1102676  0.0449999  0.0330196  0.0631789  0.0461466  0.0789419  0.0699563  0.1614487  0.1966918  0.1994522  0.2438874  0.1113033  0.1005869  0.1681605  0.1536261  0.0911254  0.0794367  0.0883887  0.0938829  0.1180522  0.0892096  0.0739165  0.0746219  0.1127611  0.1357956  0.1064289  0.0872333
 2  0.0212429  0.0074411  0.0052741  0.0094471  0.0075614  0.0133032  0.0122281  0.0314849  0.0420641  0.0444201  0.0428434  0.0186166  0.0180458  0.0288762  0.0268099  0.0157395  0.0140026  0.0169420  0.0186379  0.0193032  0.0146347  0.0131020  0.0145255  0.0246010  0.0329755  0.0205082  0.0152648
 3  0.1019949  0.1413982  0.1698108  0.1820595  0.1745526  0.1845640  0.1686271  0.1701689  0.1636458  0.1330989  0.1342686  0.1541684  0.1492350  0.1531826  0.1470605  0.1451770  0.1395988  0.1638213  0.1418187  0.1676504  0.1758236  0.1949249  0.1590532  0.1219523  0.1283022  0.1316758  0.1266655
 4  0.0398775  0.0531600  0.0553750  0.0555291  0.0472523  0.0521038  0.0442670  0.0352212  0.0336533  0.0459503  0.0459857  0.0385457  0.0389312  0.0477019  0.0421878  0.0426037  0.0365204  0.0402338  0.0533133  0.0626795  0.0478327  0.0470716  0.0381092  0.0260254  0.0422344  0.0514581  0.0374096
 1  0.1249681  0.0679759  0.0485784  0.2106420  0.2331356  0.1538343  0.1327231  0.1809082  0.1829803  0.1221966  0.1187405  0.0765196  0.0706498  0.1260390  0.1309721  0.0777454  0.0692735  0.0875230  0.0910462  0.0554931  0.0516632  0.0822696  0.0979495  0.0645098  0.0578991  0.0655258  0.0551036
 2  0.0235296  0.0108357  0.0075331  0.0360151  0.0438136  0.0262617  0.0221263  0.0312042  0.0324668  0.0225323  0.0193905  0.0131444  0.0136479  0.0251465  0.0248925  0.0138962  0.0128091  0.0169582  0.0179694  0.0106109  0.0103692  0.0181302  0.0223809  0.0130299  0.0108943  0.0113787  0.0094896
 3  0.1159195  0.1447967  0.1660128  0.1757228  0.1687414  0.1439890  0.1627273  0.1626526  0.1355685  0.1562156  0.1448386  0.1497888  0.1485753  0.1426060  0.1498457  0.1578631  0.1505396  0.1579005  0.1499974  0.1455597  0.1410715  0.1446364  0.1392270  0.1405588  0.1417887  0.1653565  0.1718994
 4  0.0433172  0.0513465  0.0455436  0.0382038  0.0386438  0.0459262  0.0434076  0.0390763  0.0333696  0.0466911  0.0460200  0.0354316  0.0333258  0.0414220  0.0460339  0.0466370  0.0391090  0.0384915  0.0399563  0.0407483  0.0326033  0.0294984  0.0406789  0.0464566  0.0462326  0.0494536  0.0477480
 1  0.1235830  0.0585869  0.0417374  0.0870707  0.0600184  0.1098555  0.1101668  0.1854235  0.2498559  0.0601855  0.0361213  0.0742449  0.0758234  0.1270681  0.1283607  0.2264834  0.2610524  0.3875817  0.5530007  0.3414241  0.2408789  0.2960478  0.3299223  0.2084449  0.2267092  0.1087554  0.0969726
 2  0.0244388  0.0095841  0.0065088  0.0127778  0.0088562  0.0185636  0.0214331  0.0410158  0.0541488  0.0087587  0.0055600  0.0130802  0.0151188  0.0257159  0.0235215  0.0419306  0.0487962  0.0721900  0.0991311  0.0450181  0.0350863  0.0476609  0.0576168  0.0374218  0.0383738  0.0186646  0.0146582
 3  0.1139036  0.1370565  0.1457634  0.1688225  0.1880856  0.1731763  0.1633858  0.1454998  0.1486770  0.1465390  0.1621344  0.1680909  0.1473311  0.1529245  0.1615491  0.1650529  0.1675368  0.1701820  0.1725063  0.1591649  0.1752303  0.1658215  0.1747439  0.1574394  0.1651486  0.1615722  0.1652943
 4  0.0466939  0.0505810  0.0536279  0.0564297  0.0528166  0.0394516  0.0312880  0.0323613  0.0648851  0.0574285  0.0415884  0.0372933  0.0368025  0.0515413  0.0505281  0.0418867  0.0414847  0.0407847  0.0471170  0.0503117  0.0430290  0.0377094  0.0374322  0.0409852  0.0426410  0.0513753  0.0515029
 1  0.1114495  0.0533970  0.0391391  0.0589513  0.0520666  0.0388516  0.0373107  0.0678515  0.0592268  0.0446745  0.0364078  0.0852063  0.0856022  0.1210072  0.1367877  0.2051872  0.2660048  0.2948752  0.4296648  0.2058603  0.1658149  0.0574840  0.0481831  0.1344891  0.1455055  0.1238050  0.0986525
 2  0.0220729  0.0089712  0.0062483  0.0099588  0.0090121  0.0072817  0.0068555  0.0124348  0.0097731  0.0073814  0.0065801  0.0161462  0.0170261  0.0251306  0.0294146  0.0450396  0.0598892  0.0664718  0.0758368  0.0316043  0.0228997  0.0090043  0.0085887  0.0262067  0.0281194  0.0208761  0.0155800
 3  0.1026403  0.1375066  0.1700087  0.1665625  0.1722930  0.1574016  0.1483771  0.1502286  0.1672622  0.1408948  0.1243422  0.1679655  0.1617075  0.1493310  0.1347439  0.1257134  0.1286405  0.1477633  0.1439493  0.1562854  0.1652947  0.1456888  0.1489029  0.1538450  0.1563506  0.1604120  0.1810638
 4  0.0426156  0.0470894  0.0461249  0.0426326  0.0427801  0.0421377  0.0466624  0.0509232  0.0552529  0.0412670  0.0341060  0.0469078  0.0410758  0.0374411  0.0349842  0.0305208  0.0300874  0.0435363  0.0515799  0.0498460  0.0494562  0.0351075  0.0355058  0.0406749  0.0514351  0.0567825  0.0526928
 1  0.1170474  0.0604436  0.0433515  0.0501511  0.0416812  0.0538962  0.0487077  0.1703525  0.2084136  0.0408215  0.0363217  0.0772925  0.0709368  0.1513509  0.1830945  0.1794036  0.2136007  0.1265803  0.1202296  0.1343305  0.1249277  0.1061446  0.0858413  0.0648348  0.0663334  0.0613287  0.0663511
 2  0.0222378  0.0097575  0.0068089  0.0082596  0.0068188  0.0092653  0.0092141  0.0356676  0.0417256  0.0077970  0.0061761  0.0135213  0.0131577  0.0308875  0.0397253  0.0386331  0.0446502  0.0235206  0.0212189  0.0236201  0.0209217  0.0169921  0.0146649  0.0121856  0.0140030  0.0136501  0.0147173
 3  0.1084871  0.1365005  0.1624028  0.1621364  0.1573619  0.1701670  0.1530627  0.1450347  0.1357025  0.1415483  0.1360635  0.1533607  0.1534673  0.1522976  0.1567896  0.1338654  0.1335845  0.1619857  0.1670629  0.1499497  0.1477643  0.1568887  0.1566703  0.1438226  0.1307010  0.1446531  0.1400290
 4  0.0409754  0.0471154  0.0442278  0.0488209  0.0445212  0.0430351  0.0358653  0.0353245  0.0404765  0.0448633  0.0454534  0.0432650  0.0364299  0.0347049  0.0380551  0.0376061  0.0388443  0.0466598  0.0450749  0.0443964  0.0494775  0.0476333  0.0403052  0.0333912  0.0311012  0.0396798  0.0450315
 1  0.1287303  0.0575278  0.0409556  0.1357401  0.0935547  0.4183249  0.5906870  0.3586127  0.3264581  0.3776335  0.3898607  0.5481861  0.6849726  0.3767935  0.2545985  0.2414830  0.2147151  0.1183505  0.1249392  0.0916501  0.0969374  0.0497091  0.0475151  0.1388774  0.1481458  0.1641552  0.1962977
 2  0.0248432  0.0092194  0.0063010  0.0192480  0.0144172  0.0734338  0.0861406  0.0491558  0.0519217  0.0592792  0.0582890  0.0830188  0.0999715  0.0488503  0.0287436  0.0339685  0.0357503  0.0216659  0.0242432  0.0185085  0.0197945  0.0098880  0.0091076  0.0267905  0.0293436  0.0341784  0.0379674
 3  0.1190409  0.1606052  0.1632324  0.1593496  0.1846184  0.1819801  0.1685905  0.1938577  0.1859417  0.1670879  0.1699019  0.1850493  0.1692355  0.1810585  0.1988016  0.1911268  0.1858967  0.1485192  0.1404635  0.1392680  0.1336749  0.1285055  0.1369801  0.1583041  0.1601455  0.1484843  0.1429727
 4  0.0466638  0.0553418  0.0543560  0.0487789  0.0431473  0.0489632  0.0536692  0.0475074  0.0440702  0.0465007  0.0468223  0.0479123  0.0467316  0.0621243  0.0659397  0.0453101  0.0398055  0.0358955  0.0369735  0.0377579  0.0376699  0.0384715  0.0404187  0.0402028  0.0376659  0.0399832  0.0460148
 1  0.1219628  0.0647839  0.0468440  0.0600570  0.0556692  0.0755428  0.0648590  0.0693477  0.0657077  0.0922374  0.0980206  0.1614416  0.1930903  0.1070592  0.0968306  0.0642719  0.0483460  0.0848135  0.0496041  0.1516821  0.1647789  0.2094125  0.3168163  0.1887066  0.2565286  0.1130208  0.0974091
 2  0.0230466  0.0103876  0.0072618  0.0101020  0.0105280  0.0136304  0.0113687  0.0125400  0.0123952  0.0181443  0.0203955  0.0353125  0.0369230  0.0197929  0.0142107  0.0098788  0.0073199  0.0111630  0.0072712  0.0265392  0.0338558  0.0501229  0.0831495  0.0476633  0.0517927  0.0192419  0.0158506
 3  0.1131144  0.1564148  0.1606755  0.1741691  0.1837737  0.1448933  0.1400313  0.1631459  0.1573635  0.1640927  0.1554591  0.1474070  0.1451515  0.1553672  0.1511038  0.1664457  0.1738458  0.1701701  0.1556347  0.1420800  0.1367502  0.1274407  0.1375415  0.1352440  0.1447155  0.1481544  0.1568223
 4  0.0426943  0.0543408  0.0459140  0.0399527  0.0423629  0.0474120  0.0398727  0.0423767  0.0408330  0.0380022  0.0372175  0.0410164  0.0455392  0.0538005  0.0525613  0.0552306  0.0732418  0.0655001  0.0449155  0.0318755  0.0276306  0.0273925  0.0351781  0.0434069  0.0493236  0.0467293  0.0436662
 1  0.1113715  0.0545555  0.0397880  0.0645262  0.0488218  0.1158833  0.1146352  0.2138506  0.2742430  0.1022335  0.0965846  0.0564106  0.0415719  0.0871531  0.0906342  0.1480513  0.1374972  0.1333548  0.1388334  0.1430905  0.1538265  0.1541668  0.0905575  0.1210426  0.1401983  0.1038594  0.1226647
 2  0.0213932  0.0089726  0.0063092  0.0099172  0.0080343  0.0202509  0.0214099  0.0431881  0.0573174  0.0196224  0.0165802  0.0088149  0.0068868  0.0159330  0.0185558  0.0280176  0.0235413  0.0237911  0.0263084  0.0277407  0.0315760  0.0214687  0.0136699  0.0218375  0.0293597  0.0238406  0.0290311
 3  0.1030635  0.1427352  0.1687880  0.1682625  0.1856488  0.1810351  0.1785903  0.1517431  0.1474615  0.1549898  0.1471401  0.1454428  0.1494117  0.1733280  0.1653180  0.1690062  0.1633644  0.1769101  0.1790274  0.1371995  0.1369006  0.1440784  0.1629077  0.1737027  0.1562311  0.1290444  0.1291774
 4  0.0401234  0.0473953  0.0549066  0.0484199  0.0473076  0.0443024  0.0408275  0.0336420  0.0410014  0.0495682  0.0483250  0.0478997  0.0382988  0.0404632  0.0465784  0.0595254  0.0490932  0.0412705  0.0421149  0.0348628  0.0597241  0.0586337  0.0410819  0.0349721  0.0326297  0.0313756  0.0347348
 1  0.1145158  0.0382533  0.0273896  0.0469927  0.0402528  0.1747344  0.2176659  0.0803545  0.0641298  0.0784723  0.0642405  0.0578717  0.0425038  0.0851970  0.0880918  0.0536930  0.0556007  0.0691299  0.0788631  0.0865049  0.0955293  0.0858343  0.0816860  0.0870993  0.0990112  0.0392361  0.0377444
 2  0.0226344  0.0063279  0.0043537  0.0077254  0.0073066  0.0355106  0.0447478  0.0138346  0.0110414  0.0129704  0.0112713  0.0092677  0.0071323  0.0157844  0.0175537  0.0112697  0.0124076  0.0159161  0.0179680  0.0192378  0.0207984  0.0168876  0.0159129  0.0182786  0.0198690  0.0077163  0.0077077
 3  0.1056338  0.1342458  0.1627546  0.1707982  0.1685190  0.1492620  0.1512472  0.1515053  0.1539580  0.1420611  0.1533947  0.1433134  0.1369458  0.1701911  0.1504401  0.1232950  0.1270791  0.1470131  0.1312964  0.1386266  0.1446273  0.1448187  0.1693499  0.1542114  0.1600096  0.1409969  0.1324033
 4  0.0427542  0.0471007  0.0486484  0.0434163  0.0360871  0.0332063  0.0500779  0.0486258  0.0465311  0.0439911  0.0519836  0.0524790  0.0388483  0.0415798  0.0392383  0.0327742  0.0317788  0.0402876  0.0375694  0.0398628  0.0435223  0.0442432  0.0421230  0.0379772  0.0461012  0.0385794  0.0322895
 1  0.1157815  0.0385393  0.0281131  0.0566558  0.0468387  0.0940424  0.0905099  0.0703053  0.0707803  0.0972336  0.1023716  0.0632691  0.0512870  0.0593289  0.0679107  0.0972957  0.1047407  0.0873731  0.0922239  0.0977454  0.0951481  0.0341714  0.0316778  0.0610634  0.0594084  0.0840178  0.0719506
 2  0.0229241  0.0064152  0.0044472  0.0091988  0.0078892  0.0167320  0.0170135  0.0138112  0.0141510  0.0202643  0.0176118  0.0102466  0.0091214  0.0119831  0.0157044  0.0226457  0.0225204  0.0177113  0.0182223  0.0186767  0.0183040  0.0065250  0.0064058  0.0123816  0.0111633  0.0145484  0.0130352
 3  0.1066490  0.1605098  0.1594250  0.1727049  0.1701065  0.1612461  0.1664634  0.1405355  0.1330301  0.1626298  0.1463309  0.1670770  0.1694152  0.1663423  0.1376998  0.1352485  0.1472838  0.1622038  0.1688245  0.1449070  0.1389250  0.1356170  0.1350649  0.1529904  0.1489403  0.1634068  0.1738188
 4  0.0440659  0.0533305  0.0476214  0.0468588  0.0444489  0.0404927  0.0421052  0.0367829  0.0339995  0.0522978  0.0584520  0.0489638  0.0362183  0.0326811  0.0308722  0.0411246  0.0448848  0.0423217  0.0450173  0.0384075  0.0367835  0.0365778  0.0341974  0.0478681  0.0531806  0.0504098  0.0429333
 1  0.1290325  0.0541984  0.0381802  0.0506789  0.0344780  0.0878979  0.0704872  0.1020856  0.1221023  0.0955164  0.1028153  0.1369547  0.1473824  0.0860915  0.0845306  0.1506055  0.1901077  0.1590714  0.1347157  0.0615998  0.0397561  0.0445574  0.0418118  0.1117060  0.1268946  0.1847950  0.2592174
 2  0.0246445  0.0086157  0.0058696  0.0074684  0.0050990  0.0134913  0.0122076  0.0203373  0.0274107  0.0214611  0.0219820  0.0278875  0.0271621  0.0157541  0.0169397  0.0329077  0.0414193  0.0288363  0.0211939  0.0086070  0.0062339  0.0079177  0.0078533  0.0228260  0.0281445  0.0435015  0.0610509
 3  0.1195162  0.1536658  0.1613217  0.1671478  0.1659279  0.1737507  0.1763402  0.1729397  0.1519180  0.1324626  0.1274141  0.1534065  0.1552613  0.1480643  0.1393872  0.1525211  0.1490554  0.1458362  0.1634681  0.1555236  0.1461372  0.1539249  0.1467362  0.1581057  0.1576732  0.1540333  0.1495641
 4  0.0458670  0.0563469  0.0530910  0.0548727  0.0542289  0.0493860  0.0412957  0.0362855  0.0355653  0.0432821  0.0372925  0.0454624  0.0448302  0.0383274  0.0309412  0.0363053  0.0463217  0.0523670  0.0639430  0.0493549  0.0398072  0.0410696  0.0399303  0.0391016  0.0363609  0.0366507  0.0375641
 1  0.1183230  0.0454547  0.0328585  0.0953485  0.0871816  0.1083654  0.1073805  0.1085869  0.0916117  0.0559430  0.0486936  0.1324137  0.1511539  0.1570394  0.1751023  0.0838642  0.0793355  0.1293207  0.1113777  0.1028604  0.0921928  0.1436291  0.1507483  0.1258493  0.1448847  0.0582444  0.0483463
 2  0.0224026  0.0073735  0.0051448  0.0160353  0.0151086  0.0196668  0.0202853  0.0189174  0.0153744  0.0094747  0.0087599  0.0259676  0.0324492  0.0338161  0.0331119  0.0151135  0.0144863  0.0225579  0.0172774  0.0168457  0.0166095  0.0265893  0.0292739  0.0262165  0.0283971  0.0102603  0.0085831
 3  0.1097152  0.1617783  0.1551965  0.1676208  0.1663624  0.1559065  0.1414248  0.1557521  0.1741000  0.1693086  0.1781179  0.1553519  0.1569122  0.1399279  0.1467469  0.1683726  0.1531844  0.1636753  0.1508057  0.1732741  0.1850733  0.1734036  0.1659734  0.1470412  0.1490131  0.1331565  0.1409429
 4  0.0420017  0.0508131  0.0433392  0.0435000  0.0419537  0.0377346  0.0411457  0.0508834  0.0507014  0.0487818  0.0443056  0.0353707  0.0380368  0.0414522  0.0470344  0.0451249  0.0438133  0.0569290  0.0498193  0.0455796  0.0485836  0.0478413  0.0408774  0.0371524  0.0499448  0.0422826  0.0373674
 1  0.1082802  0.0611933  0.0452924  0.0508571  0.0474198  0.1482949  0.1772401  0.1043200  0.0929199  0.0510525  0.0341081  0.0858269  0.0923378  0.2173308  0.2883760  0.2016631  0.1995185  0.0410502  0.0304723  0.1171248  0.1275199  0.3242314  0.4165838  0.1642841  0.1384892  0.1595982  0.1134205
 2  0.0206362  0.0100639  0.0072012  0.0088116  0.0088997  0.0303046  0.0376096  0.0197499  0.0160103  0.0075616  0.0054896  0.0159342  0.0192974  0.0485736  0.0634618  0.0389108  0.0308750  0.0061734  0.0050647  0.0217636  0.0255515  0.0650162  0.0749628  0.0266992  0.0192904  0.0221909  0.0170480
 3  0.1003378  0.1452490  0.1575787  0.1571585  0.1416492  0.1536930  0.1456722  0.1424260  0.1482275  0.1433959  0.1585024  0.1618456  0.1702899  0.1421943  0.1442243  0.1461945  0.1458311  0.1679325  0.1647804  0.1742264  0.1586889  0.1466916  0.1628928  0.1701788  0.1505519  0.1810065  0.1833304
 4  0.0383101  0.0495599  0.0436300  0.0373105  0.0329625  0.0336751  0.0396580  0.0451392  0.0534540  0.0466203  0.0383408  0.0338303  0.0366124  0.0373564  0.0381166  0.0514798  0.0473936  0.0445879  0.0398043  0.0421954  0.0395204  0.0435640  0.0470219  0.0549645  0.0518391  0.0573223  0.0484339
 1  0.1326288  0.0640348  0.0442726  0.0771173  0.0713155  0.0825566  0.0651922  0.1430204  0.1386056  0.2021043  0.2673020  0.0920587  0.0925429  0.0990259  0.0900589  0.0920466  0.0718538  0.1050182  0.1013475  0.1811843  0.2293128  0.1918737  0.1970510  0.1050528  0.1092367  0.0714411  0.0682601
 2  0.0249980  0.0100864  0.0068077  0.0129822  0.0126246  0.0138990  0.0100467  0.0238873  0.0257629  0.0420861  0.0563639  0.0184164  0.0179784  0.0182651  0.0143258  0.0146016  0.0106947  0.0174780  0.0194690  0.0381879  0.0471989  0.0358859  0.0356953  0.0195015  0.0210857  0.0137173  0.0131562
 3  0.1230205  0.1312178  0.1656211  0.1742721  0.1641272  0.1596620  0.1457269  0.1732964  0.1739515  0.1440853  0.1398218  0.1264231  0.1400834  0.1692214  0.1593287  0.1810834  0.1742065  0.1797305  0.1802973  0.1609063  0.1524248  0.1513192  0.1635556  0.1500492  0.1452958  0.1442120  0.1610616
 4  0.0462208  0.0449936  0.0460144  0.0411090  0.0460653  0.0553148  0.0451514  0.0419694  0.0355634  0.0320124  0.0391138  0.0362950  0.0384886  0.0526271  0.0525191  0.0609286  0.0531928  0.0441548  0.0392974  0.0438866  0.0462402  0.0440595  0.0431725  0.0372937  0.0404031  0.0409554  0.0426021
 1  0.1083181  0.0627130  0.0466531  0.0354672  0.0294060  0.0652824  0.0648277  0.0856107  0.0863031  0.0429929  0.0362987  0.0740257  0.0694485  0.0691397  0.0712659  0.0874819  0.0891864  0.0664478  0.0792249  0.0762749  0.0882582  0.0449819  0.0396931  0.0901654  0.0955497  0.0983202  0.0814973
 2  0.0208560  0.0103741  0.0074296  0.0058210  0.0050816  0.0121290  0.0122866  0.0171128  0.0144092  0.0070821  0.0066305  0.0135184  0.0131939  0.0139690  0.0147051  0.0175444  0.0182496  0.0147418  0.0185942  0.0181392  0.0213059  0.0091420  0.0075989  0.0177261  0.0199105  0.0177113  0.0143066
 3  0.1001866  0.1475353  0.1692036  0.1619782  0.1722213  0.1713871  0.1656793  0.1665353  0.1520753  0.1825869  0.1813198  0.1749060  0.1565463  0.1327876  0.1257004  0.1550883  0.1417817  0.1525224  0.1359900  0.1398628  0.1459400  0.1275667  0.1487953  0.1494937  0.1460878  0.1515033  0.1666188
 4  0.0388983  0.0498181  0.0493826  0.0460737  0.0429555  0.0443183  0.0430990  0.0518601  0.0550365  0.0521750  0.0479759  0.0522705  0.0407614  0.0362740  0.0371326  0.0469881  0.0354879  0.0327530  0.0345795  0.0356881  0.0421594  0.0427666  0.0426643  0.0352540  0.0449508  0.0537075  0.0448143
 1  0.1220607  0.2406015  0.1944730  0.1407376  0.1308699  0.2351170  0.2526333  0.1867052  0.1377740  0.0924755  0.0875269  0.1371548  0.1218452  0.1400037  0.1356865  0.0996013  0.1117652  0.1095991  0.0977133  0.2495175  0.3178902  0.1467478  0.0777279  0.1202113  0.1353611  0.1594380  0.2150086
 2  0.0234936  0.0387903  0.0287887  0.0226043  0.0224941  0.0416291  0.0455957  0.0280070  0.0213171  0.0156957  0.0157356  0.0241364  0.0209309  0.0247145  0.0254365  0.0207243  0.0219984  0.0195296  0.0178315  0.0478110  0.0627972  0.0186392  0.0113215  0.0210909  0.0278620  0.0372597  0.0504228
 3  0.1129126  0.1517378  0.1549946  0.1617539  0.1615509  0.1437049  0.1609785  0.1596239  0.1683551  0.1679237  0.1542916  0.1385920  0.1388439  0.1382236  0.1465742  0.1359323  0.1322071  0.1590162  0.1711208  0.1639108  0.1577889  0.1523115  0.1484862  0.1818570  0.1642232  0.1505993  0.1437049
 4  0.0437848  0.0490343  0.0414929  0.0371673  0.0396135  0.0384922  0.0481305  0.0505213  0.0434193  0.0391176  0.0438509  0.0452955  0.0427260  0.0365271  0.0345562  0.0333082  0.0443301  0.0490843  0.0422414  0.0389015  0.0633420  0.0580519  0.0389353  0.0355485  0.0320458  0.0359157  0.0430656
 1  0.1223909  0.0296087  0.0207936  0.0365786  0.0229919  0.0857610  0.0833235  0.1089172  0.1119923  0.1567642  0.1660209  0.3095710  0.4677445  0.4270859  0.5596302  0.1205360  0.0816050  0.0368437  0.0200402  0.0457699  0.0390916  0.0991288  0.1105110  0.1595934  0.1915337  0.1138183  0.1048180
 2  0.0234945  0.0048034  0.0032759  0.0050929  0.0036406  0.0150681  0.0149955  0.0205776  0.0218217  0.0301426  0.0317416  0.0625001  0.0965991  0.0768804  0.0953309  0.0177319  0.0101175  0.0045039  0.0029689  0.0074584  0.0070949  0.0199459  0.0242330  0.0368482  0.0357927  0.0196978  0.0193026
 3  0.1132614  0.1428472  0.1725026  0.1548561  0.1690851  0.1775818  0.1688503  0.1623539  0.1669414  0.1574690  0.1746442  0.1661313  0.1560494  0.1413073  0.1478748  0.1610048  0.1388187  0.1676430  0.1666327  0.1717818  0.1595804  0.1609818  0.1580915  0.1301173  0.1373580  0.1528207  0.1376901
 4  0.0441167  0.0452935  0.0600710  0.0503996  0.0433196  0.0469505  0.0500956  0.0439306  0.0461116  0.0438969  0.0446054  0.0367502  0.0348389  0.0374207  0.0345783  0.0599715  0.0595111  0.0517332  0.0445373  0.0456380  0.0389063  0.0374630  0.0382748  0.0443863  0.0502008  0.0422987  0.0330674
 1  0.1338174  0.0140389  0.0095186  0.0437449  0.0361395  0.0489106  0.0403433  0.0502184  0.0464435  0.0470411  0.0421730  0.0568769  0.0630196  0.0887554  0.1103721  0.0614249  0.0515496  0.1408635  0.1528716  0.1476090  0.1494910  0.1108825  0.1008827  0.1390827  0.1571625  0.2480348  0.3156888
 2  0.0253898  0.0022255  0.0014773  0.0071155  0.0061531  0.0083616  0.0067824  0.0092848  0.0074310  0.0080303  0.0079402  0.0117480  0.0145527  0.0226374  0.0270965  0.0116516  0.0095906  0.0268390  0.0296407  0.0276990  0.0286667  0.0199103  0.0177225  0.0264482  0.0313280  0.0502803  0.0614448
 3  0.1239903  0.1423905  0.1572622  0.1702087  0.1641965  0.1563886  0.1501501  0.1719481  0.1627632  0.1704715  0.1673751  0.1580011  0.1584779  0.1251780  0.1281974  0.1368260  0.1439833  0.1616412  0.1560066  0.1610774  0.1738314  0.1589806  0.1588752  0.1664066  0.1587799  0.1574867  0.1637046
 4  0.0476223  0.0500573  0.0473139  0.0453373  0.0469796  0.0492918  0.0445712  0.0546823  0.0578632  0.0464614  0.0401731  0.0381086  0.0337584  0.0318466  0.0501727  0.0475435  0.0387468  0.0413104  0.0448690  0.0460873  0.0502782  0.0474331  0.0443024  0.0388981  0.0393254  0.0422704  0.0391899
 1  0.1259169  0.0450326  0.0314463  0.0405677  0.0272095  0.0863644  0.0924068  0.1483571  0.1432455  0.1347458  0.1468725  0.2111271  0.2626597  0.1048548  0.0939551  0.1216074  0.1135057  0.2473069  0.2992054  0.2192935  0.2322039  0.1116446  0.0805659  0.1212891  0.1069536  0.1153063  0.0991149
 2  0.0239017  0.0071450  0.0048861  0.0058083  0.0044194  0.0161335  0.0177636  0.0273961  0.0261852  0.0255651  0.0294895  0.0441401  0.0504387  0.0181953  0.0163654  0.0210917  0.0208361  0.0477496  0.0524684  0.0378486  0.0410378  0.0173233  0.0119533  0.0197044  0.0171717  0.0184185  0.0176626
 3  0.1166749  0.1421742  0.1545569  0.1652375  0.1571759  0.1710253  0.1631305  0.1583635  0.1570618  0.1519460  0.1348109  0.1563427  0.1528669  0.1596951  0.1511506  0.1598117  0.1728428  0.1665430  0.1644002  0.1596128  0.1594939  0.1524769  0.1600375  0.1740038  0.1809740  0.1835222  0.1715644
 4  0.0437607  0.0522093  0.0530869  0.0501326  0.0377665  0.0415775  0.0492356  0.0488371  0.0414849  0.0374047  0.0327156  0.0417471  0.0465262  0.0467693  0.0428694  0.0429924  0.0454986  0.0450033  0.0474224  0.0394259  0.0462104  0.0527780  0.0484078  0.0505573  0.0583976  0.0531457  0.0395269
 1  0.1118120  0.0964238  0.0729956  0.0623271  0.0559730  0.0932180  0.0758352  0.1705854  0.1641394  0.1908382  0.1508796  0.1260043  0.1439103  0.2056572  0.2610938  0.1985635  0.2366435  0.1050411  0.1012100  0.0710388  0.0724112  0.0943602  0.0939455  0.0626446  0.0480751  0.0521561  0.0524322
 2  0.0220355  0.0160806  0.0114807  0.0105347  0.0095066  0.0150756  0.0131998  0.0305863  0.0257601  0.0280213  0.0247848  0.0239751  0.0292101  0.0439870  0.0575518  0.0416312  0.0466740  0.0192594  0.0191917  0.0138642  0.0147717  0.0188089  0.0186088  0.0105912  0.0083048  0.0098866  0.0101565
 3  0.1031050  0.1439838  0.1597139  0.1724410  0.1550467  0.1696141  0.1769466  0.1576947  0.1572185  0.1826870  0.1829133  0.1339851  0.1318253  0.1301968  0.1204331  0.1341378  0.1368877  0.1538350  0.1624890  0.1411825  0.1527561  0.1422421  0.1480910  0.1444960  0.1603275  0.1584081  0.1528744
 4  0.0419424  0.0507406  0.0430299  0.0454287  0.0481077  0.0483970  0.0446433  0.0516510  0.0588928  0.0564748  0.0425796  0.0300749  0.0361204  0.0334887  0.0288948  0.0358056  0.0383296  0.0387679  0.0384923  0.0325651  0.0388245  0.0397288  0.0457620  0.0453714  0.0400360  0.0389243  0.0433339
 1  0.1216805  0.0775382  0.0557610  0.0622520  0.0558050  0.0793750  0.0726728  0.0672599  0.0571864  0.1299536  0.1335875  0.2327976  0.3036476  0.2035628  0.1817355  0.1676928  0.1574641  0.0839353  0.0710738  0.1221109  0.1360910  0.1743362  0.1555090  0.1847675  0.1777189  0.2347899  0.3035660
 2  0.0233076  0.0124971  0.0086521  0.0104353  0.0098033  0.0145510  0.0121040  0.0113037  0.0098555  0.0237179  0.0257772  0.0473891  0.0642824  0.0358617  0.0303284  0.0278317  0.0262828  0.0139157  0.0124236  0.0238375  0.0260760  0.0303439  0.0252940  0.0302430  0.0309427  0.0444921  0.0603874
 3  0.1125661  0.1413733  0.1543003  0.1652338  0.1559834  0.1520823  0.1645890  0.1628435  0.1428135  0.1655419  0.1619885  0.1553524  0.1536200  0.1416322  0.1615260  0.1773068  0.1670488  0.1558417  0.1437571  0.1577138  0.1566206  0.1638741  0.1832573  0.1863122  0.1755529  0.1767637  0.1670205
 4  0.0435238  0.0474681  0.0435891  0.0446037  0.0392375  0.0465892  0.0525471  0.0495306  0.0400207  0.0408951  0.0396804  0.0362547  0.0440325  0.0456316  0.0475075  0.0479213  0.0485753  0.0416061  0.0384750  0.0400781  0.0544681  0.0566791  0.0571208  0.0500407  0.0438419  0.0396170  0.0540753
 1  0.1291358  0.0481336  0.0333519  0.0567541  0.0427020  0.1435884  0.1440709  0.2131113  0.2619682  0.1739955  0.1818096  0.1231686  0.0741676  0.1177328  0.1259447  0.1401678  0.1612358  0.0685723  0.0692197  0.0605083  0.0575234  0.1103317  0.1168422  0.0798843  0.0755134  0.1145540  0.1270247
 2  0.0246433  0.0076257  0.0051566  0.0085983  0.0070275  0.0250127  0.0264006  0.0418057  0.0494853  0.0321210  0.0315181  0.0163805  0.0113762  0.0209574  0.0250849  0.0295824  0.0325422  0.0135071  0.0137596  0.0116678  0.0113457  0.0221123  0.0231546  0.0151766  0.0148928  0.0237440  0.0250774
 3  0.1195893  0.1398090  0.1766061  0.1825247  0.1930249  0.1789622  0.1698789  0.1651247  0.1428677  0.1536304  0.1463378  0.1666644  0.1849942  0.1569748  0.1459154  0.1589769  0.1474479  0.1417113  0.1456124  0.1499936  0.1641818  0.1537631  0.1459450  0.1344150  0.1405560  0.1455702  0.1499616
 4  0.0454104  0.0492624  0.0537909  0.0491746  0.0519675  0.0456873  0.0418047  0.0395827  0.0385951  0.0446001  0.0576317  0.0578337  0.0443246  0.0341034  0.0359867  0.0447062  0.0424217  0.0384049  0.0396407  0.0433156  0.0426676  0.0403333  0.0433926  0.0384221  0.0347784  0.0393122  0.0398404
 1  0.1456978  0.0688853  0.0459662  0.0964944  0.0771920  0.0926959  0.0805476  0.1649782  0.1477128  0.1885251  0.2472720  0.1189250  0.1079930  0.0725432  0.0782759  0.1139295  0.1226854  0.0893141  0.0937855  0.0828733  0.0846560  0.0603024  0.0534200  0.0352233  0.0287330  0.1063231  0.1202629
 2  0.0272533  0.0105586  0.0069052  0.0148312  0.0127700  0.0163747  0.0116352  0.0256065  0.0258948  0.0374645  0.0532265  0.0225554  0.0198950  0.0140633  0.0159951  0.0236107  0.0250011  0.0182488  0.0187256  0.0164657  0.0169965  0.0117439  0.0085747  0.0056838  0.0052168  0.0212110  0.0261192
 3  0.1352938  0.1328878  0.1507585  0.1729600  0.1769224  0.1581120  0.1590443  0.1900347  0.1743497  0.1632486  0.1560096  0.1332749  0.1457905  0.1588067  0.1603308  0.1452407  0.1416546  0.1361280  0.1414693  0.1503991  0.1573317  0.1433380  0.1386629  0.1782011  0.1710819  0.1631333  0.1567507
 4  0.0503031  0.0440100  0.0479910  0.0477357  0.0453011  0.0580178  0.0585493  0.0514842  0.0364189  0.0349610  0.0426689  0.0459461  0.0386288  0.0357197  0.0386173  0.0407473  0.0394526  0.0334908  0.0374858  0.0378906  0.0416769  0.0531408  0.0524476  0.0483962  0.0380510  0.0368241  0.0516307
 1  0.1394635  0.1067567  0.0741371  0.0996651  0.0884838  0.1275813  0.1323421  0.1345987  0.1431088  0.0847876  0.0604255  0.0960568  0.0997982  0.0872919  0.0895633  0.0812766  0.0867214  0.0500376  0.0471463  0.0884539  0.0830542  0.1239904  0.1397048  0.1180138  0.1130139  0.1508266  0.1823690
 2  0.0258566  0.0164305  0.0111223  0.0160596  0.0147443  0.0228424  0.0259908  0.0271565  0.0268242  0.0131511  0.0099284  0.0176012  0.0183682  0.0168768  0.0190120  0.0176460  0.0175311  0.0100317  0.0080948  0.0155203  0.0150765  0.0243807  0.0283751  0.0225062  0.0213741  0.0301009  0.0395794
 3  0.1297000  0.1320353  0.1579243  0.1919414  0.1658198  0.1630160  0.1485412  0.1394457  0.1411407  0.1479161  0.1504664  0.1751796  0.1597288  0.1365833  0.1470049  0.1397025  0.1454959  0.1437701  0.1389885  0.1762239  0.1546553  0.1646801  0.1494977  0.1489785  0.1568385  0.1587582  0.1514841
 4  0.0471594  0.0494062  0.0454195  0.0484845  0.0406156  0.0379637  0.0342239  0.0407665  0.0507365  0.0499382  0.0367613  0.0442369  0.0460324  0.0343751  0.0366139  0.0404497  0.0413510  0.0473050  0.0475334  0.0470853  0.0392324  0.0407981  0.0434434  0.0432634  0.0401347  0.0348136  0.0321364
 1  0.1220500  0.1105702  0.0824271  0.0922227  0.0885301  0.0793135  0.0630758  0.1328788  0.1257138  0.1247284  0.1300702  0.1499933  0.1460042  0.2892862  0.3826325  0.3497007  0.2501446  0.1454531  0.1551369  0.2203636  0.2215037  0.1082175  0.1019053  0.1733936  0.1825289  0.0863843  0.0763046
 2  0.0232430  0.0178040  0.0126581  0.0158486  0.0151668  0.0128180  0.0109082  0.0233119  0.0216244  0.0229114  0.0246454  0.0273704  0.0263138  0.0544857  0.0744900  0.0489329  0.0363769  0.0243653  0.0278845  0.0386152  0.0389034  0.0190398  0.0182745  0.0327975  0.0311098  0.0144688  0.0142164
 3  0.1131263  0.1539355  0.1468847  0.1662608  0.1530591  0.1538259  0.1576478  0.1734425  0.1675005  0.1617927  0.1751122  0.1574554  0.1631138  0.1723643  0.1627420  0.1666835  0.1976046  0.1925035  0.1646072  0.1646792  0.1808692  0.1423551  0.1568716  0.1401052  0.1484993  0.1554724  0.1527037
 4  0.0431712  0.0528233  0.0425141  0.0425440  0.0488372  0.0501606  0.0419601  0.0530845  0.0469257  0.0405795  0.0489202  0.0472113  0.0431446  0.0392909  0.0515328  0.0574308  0.0511258  0.0410323  0.0432915  0.0474680  0.0460292  0.0383680  0.0421877  0.0435407  0.0475502  0.0384542  0.0337818
 1  0.1033990  0.1104242  0.0860142  0.1030531  0.0824301  0.1459557  0.1220992  0.0913633  0.0994644  0.0593795  0.0607154  0.0916784  0.1011887  0.0323650  0.0323746  0.1067624  0.1168969  0.1557629  0.1836024  0.1632773  0.1568302  0.1448976  0.1415539  0.0985562  0.0928214  0.0368010  0.0282551
 2  0.0201090  0.0185609  0.0136532  0.0160769  0.0129340  0.0227771  0.0206748  0.0174011  0.0214476  0.0130056  0.0127274  0.0192897  0.0204416  0.0066141  0.0064327  0.0218670  0.0242839  0.0331181  0.0376351  0.0302364  0.0272734  0.0253759  0.0251330  0.0180821  0.0154581  0.0058687  0.0049334
 3  0.0955240  0.1441411  0.1602862  0.1858872  0.1790894  0.1666830  0.1590027  0.1406568  0.1340986  0.1353431  0.1402945  0.1533663  0.1501837  0.1446144  0.1311814  0.1517699  0.1474780  0.1425510  0.1471001  0.1493105  0.1692247  0.1568012  0.1588268  0.1539668  0.1455155  0.1578890  0.1499659
 4  0.0379955  0.0495936  0.0513396  0.0558262  0.0549040  0.0490188  0.0395976  0.0307711  0.0316070  0.0401421  0.0407989  0.0399469  0.0398366  0.0396384  0.0372593  0.0380163  0.0359388  0.0345015  0.0427371  0.0457790  0.0460470  0.0411024  0.0412578  0.0475173  0.0511919  0.0466429  0.0378950
 1  0.1289827  0.0726700  0.0510873  0.0403678  0.0230138  0.0875929  0.0982255  0.1397779  0.0877926  0.1040794  0.1021001  0.1201716  0.1490726  0.1470331  0.1606448  0.1623572  0.1546787  0.1149993  0.0818361  0.1096054  0.1124660  0.1172782  0.1249836  0.1158245  0.1370900  0.1727759  0.2172209
 2  0.0254748  0.0117440  0.0078721  0.0052432  0.0034987  0.0159752  0.0207452  0.0215060  0.0128169  0.0173301  0.0189315  0.0250387  0.0348341  0.0331264  0.0316176  0.0288656  0.0274296  0.0172518  0.0126807  0.0190843  0.0217353  0.0238039  0.0265395  0.0256871  0.0316148  0.0400019  0.0466525
 3  0.1188967  0.1302924  0.1791731  0.1596430  0.1673401  0.1807809  0.1718552  0.1495731  0.1794422  0.1831667  0.1651217  0.1697522  0.1555178  0.1234905  0.1379782  0.1452508  0.1379264  0.1829785  0.1940499  0.1738764  0.1644965  0.1187652  0.1186020  0.1215766  0.1316503  0.1273181  0.1226541
 4  0.0485996  0.0471040  0.0667153  0.0532517  0.0406751  0.0360346  0.0623479  0.0711087  0.0557566  0.0441967  0.0385735  0.0392217  0.0389009  0.0419138  0.0466177  0.0448281  0.0503877  0.0656291  0.0543450  0.0432843  0.0405871  0.0328414  0.0308790  0.0313622  0.0328817  0.0354954  0.0421511
 1  0.1303734  0.1043272  0.0762117  0.2020399  0.1977070  0.1311567  0.1279966  0.1282314  0.1083861  0.1042867  0.0975188  0.1093364  0.1324780  0.1196888  0.0831396  0.1083648  0.1000674  0.1975012  0.2754285  0.2836101  0.1392646  0.1455713  0.1568944  0.2210342  0.2690497  0.1530674  0.1899290
 2  0.0246442  0.0165740  0.0115921  0.0326716  0.0344515  0.0240660  0.0198981  0.0204378  0.0180687  0.0180777  0.0183786  0.0229931  0.0299068  0.0206813  0.0118163  0.0172218  0.0184088  0.0417589  0.0619273  0.0343054  0.0186754  0.0239545  0.0307559  0.0455264  0.0546257  0.0317575  0.0380736
 3  0.1208495  0.1568528  0.1769351  0.1745868  0.1825639  0.1523241  0.1452102  0.1563385  0.1558306  0.1483076  0.1324848  0.1657133  0.1464522  0.1325918  0.1768882  0.1868924  0.1711808  0.1647666  0.1480190  0.1581341  0.1931399  0.1815501  0.1564339  0.1506932  0.1540051  0.1574671  0.1492634
 4  0.0458997  0.0566017  0.0491033  0.0408930  0.0412910  0.0470268  0.0474134  0.0423954  0.0410521  0.0398493  0.0310704  0.0359545  0.0488200  0.0598529  0.0577759  0.0455926  0.0350230  0.0363487  0.0797077  0.0773902  0.0527494  0.0365601  0.0337675  0.0428452  0.0390050  0.0375112  0.0415458
 1  0.1268093  0.0785731  0.0566382  0.0682031  0.0606874  0.1050018  0.0980965  0.1594635  0.1836419  0.0802651  0.0564709  0.0933495  0.1017865  0.1073825  0.1164006  0.1486698  0.1478130  0.1278990  0.1264799  0.2218799  0.2814433  0.1388039  0.1392988  0.1074279  0.0648092  0.1650296  0.1843087
 2  0.0247688  0.0127079  0.0086823  0.0113716  0.0105164  0.0186091  0.0182992  0.0318309  0.0354447  0.0124764  0.0093907  0.0175334  0.0204297  0.0224223  0.0230780  0.0282068  0.0250411  0.0222257  0.0241813  0.0453651  0.0569482  0.0262071  0.0251490  0.0147943  0.0098784  0.0290833  0.0357446
 3  0.1170336  0.1573661  0.1613580  0.1616832  0.1476659  0.1491491  0.1615166  0.1515981  0.1418324  0.1454206  0.1655893  0.1665666  0.1431585  0.1598441  0.1447117  0.1554432  0.1550093  0.1656333  0.1578557  0.1436755  0.1365030  0.1530383  0.1419141  0.1409283  0.1516541  0.1741105  0.1760712
 4  0.0472314  0.0528733  0.0443069  0.0392527  0.0406664  0.0386637  0.0388760  0.0365518  0.0529184  0.0488708  0.0421812  0.0359879  0.0363600  0.0427270  0.0459085  0.0505228  0.0457885  0.0401133  0.0343633  0.0375354  0.0389725  0.0428461  0.0574375  0.0519090  0.0423667  0.0391006  0.0480506
 1  0.1361934  0.0865866  0.0597875  0.0774577  0.0676273  0.1471952  0.1366972  0.1395279  0.0928093  0.1054325  0.1081048  0.0883214  0.0800741  0.1001516  0.1044720  0.1529813  0.2054750  0.2273379  0.2650358  0.0785805  0.0709533  0.1055254  0.1009240  0.2476251  0.1787291  0.1900254  0.2090375
 2  0.0264105  0.0137034  0.0090786  0.0125346  0.0119376  0.0257702  0.0238936  0.0201247  0.0142512  0.0185681  0.0220098  0.0174682  0.0141228  0.0185215  0.0209255  0.0341143  0.0484029  0.0500655  0.0480057  0.0136376  0.0118533  0.0186015  0.0183285  0.0361310  0.0277418  0.0329063  0.0378681
 3  0.1257440  0.1238129  0.1415474  0.1742168  0.1729739  0.1566075  0.1482386  0.1553730  0.1491228  0.1401796  0.1432399  0.1398828  0.1525810  0.1688815  0.1657189  0.1529966  0.1404404  0.1239787  0.1486942  0.1514905  0.1356780  0.1661167  0.1762715  0.1594552  0.1835506  0.1723957  0.1813149
 4  0.0501259  0.0485084  0.0427179  0.0427547  0.0414293  0.0428331  0.0534701  0.0525717  0.0410343  0.0314195  0.0367456  0.0523182  0.0503554  0.0392183  0.0351898  0.0333251  0.0372150  0.0419851  0.0447198  0.0426665  0.0392148  0.0433592  0.0640765  0.0596893  0.0476069  0.0413839  0.0489053
 1  0.1185326  0.0608623  0.0435117  0.0328722  0.0291942  0.1366107  0.1526605  0.0755166  0.0485722  0.1146799  0.1224876  0.1111011  0.1188031  0.1464082  0.1648516  0.2532585  0.2972585  0.0876183  0.0700724  0.1113029  0.1199953  0.0958552  0.0961688  0.2022480  0.2578685  0.1851615  0.1515207
 2  0.0227503  0.0098581  0.0068280  0.0055259  0.0054990  0.0277523  0.0284850  0.0110690  0.0076377  0.0206043  0.0229425  0.0217965  0.0233247  0.0292398  0.0323400  0.0498365  0.0475683  0.0133629  0.0122766  0.0214016  0.0232530  0.0184536  0.0193940  0.0427158  0.0509725  0.0300418  0.0250131
 3  0.1096772  0.1353851  0.1603514  0.1631618  0.1694925  0.1542176  0.1482808  0.1408652  0.1544669  0.1804832  0.1642791  0.1694608  0.1718684  0.1551364  0.1579831  0.1557122  0.1609061  0.1525699  0.1475664  0.1599394  0.1427103  0.1543254  0.1629564  0.1468593  0.1525911  0.1515257  0.1545505
 4  0.0422451  0.0463669  0.0445798  0.0377838  0.0342254  0.0429787  0.0601877  0.0511704  0.0416422  0.0425002  0.0447415  0.0459603  0.0453321  0.0400047  0.0411702  0.0496755  0.0572730  0.0408774  0.0319347  0.0437638  0.0417043  0.0435491  0.0386770  0.0373425  0.0532899  0.0467762  0.0376964
 1  0.1320631  0.0507212  0.0350085  0.0350693  0.0178779  0.0940813  0.1003665  0.0842598  0.0911533  0.1255890  0.1473661  0.1659728  0.1612741  0.0977546  0.0902048  0.1428103  0.1559010  0.0929444  0.0871461  0.0520344  0.0528090  0.0266966  0.0242018  0.0656456  0.0627745  0.1327743  0.1405731
 2  0.0255619  0.0080471  0.0053899  0.0042182  0.0026539  0.0166124  0.0200763  0.0183948  0.0193127  0.0264815  0.0317338  0.0321717  0.0281697  0.0168676  0.0166245  0.0275914  0.0311143  0.0177013  0.0165950  0.0104102  0.0099939  0.0049691  0.0047396  0.0126945  0.0120479  0.0254932  0.0280646
 3  0.1220465  0.1366629  0.1694186  0.1721176  0.1668623  0.1796426  0.1608616  0.1190091  0.1287870  0.1675927  0.1581282  0.1420197  0.1614500  0.1598915  0.1406086  0.1549927  0.1492798  0.1321763  0.1398513  0.1520619  0.1520965  0.1567131  0.1610951  0.1590264  0.1679958  0.1697877  0.1596012
 4  0.0476083  0.0516650  0.0716802  0.0612532  0.0428220  0.0378489  0.0381928  0.0342872  0.0413111  0.0407064  0.0406223  0.0519041  0.0528140  0.0413959  0.0363204  0.0390534  0.0415832  0.0395871  0.0364943  0.0405506  0.0495533  0.0422614  0.0422721  0.0487307  0.0480920  0.0460923  0.0420006
 1  0.1123856  0.0467873  0.0343993  0.0991985  0.1024416  0.2119730  0.1803155  0.1711796  0.1511217  0.1906629  0.2068567  0.0822777  0.0839297  0.1353510  0.1400082  0.2036069  0.2071240  0.1202287  0.1081043  0.1328649  0.1248767  0.1724541  0.1673893  0.1981005  0.2100983  0.2980370  0.3836880
 2  0.0216566  0.0077500  0.0054850  0.0175965  0.0196760  0.0372155  0.0248918  0.0263066  0.0238075  0.0328693  0.0392577  0.0163410  0.0158267  0.0251772  0.0265447  0.0369159  0.0355987  0.0200025  0.0193736  0.0233666  0.0228037  0.0307215  0.0299133  0.0352612  0.0383300  0.0554371  0.0719938
 3  0.1039106  0.1482053  0.1703172  0.1709230  0.1628332  0.1565047  0.1771067  0.1806603  0.1812528  0.1731080  0.1707910  0.1368498  0.1407990  0.1749760  0.1490051  0.1630072  0.1702094  0.1670956  0.1836926  0.1579437  0.1706515  0.1518781  0.1560188  0.1780403  0.1785832  0.1697500  0.1708462
 4  0.0408804  0.0503599  0.0427530  0.0372317  0.0411722  0.0604451  0.0584897  0.0490681  0.0498979  0.0415737  0.0388659  0.0401037  0.0425507  0.0474601  0.0398057  0.0493742  0.0513472  0.0471156  0.0487564  0.0467994  0.0469083  0.0436258  0.0443260  0.0475409  0.0463032  0.0416026  0.0495528
