2019 2020 2021 2022 2023 2024 2025 2026 2027 2028 2029 2030 2031 2032 2033 2034 2035 2036 2037 2038 2039 2040 2041 2042 2043 2044 2045
 0.3673849  0.3260951  0.2816650  0.4027669  0.2651582  0.4495259  0.3535686  0.5316833  0.5646429  0.6664794  0.8086478  0.4421226  0.3853175  0.5558476  0.5494853  0.6774014  0.5867667  0.4787670  0.5006286  0.3110050  0.2917866  0.3894731  0.3250120  0.4816748  0.4325703  0.6507915  0.6908995
 0.3556829  0.2784296  0.2674733  0.3651795  0.3588696  0.3867584  0.3731021  0.4021501  0.3907234  0.3748227  0.3656927  0.2823120  0.2637700  0.3360651  0.3216351  0.3211065  0.3227623  0.3553720  0.3247430  0.7901982  1.1754672  0.8659118  1.0020261  0.4987872  0.5178419  0.3245295  0.3191613
 0.3445536  0.3350212  0.3252006  0.3301626  0.3181645  0.6528908  0.7481655  0.5397730  0.5168029  0.3848283  0.3794438  0.4797379  0.4522633  0.3314011  0.3140461  0.4830992  0.4763843  0.4477755  0.4583856  0.3990071  0.4017029  0.6288029  0.7997885  0.4159957  0.3545831  0.3659661  0.3203789
 0.3456866  0.2510239  0.2597835  0.3595682  0.3579435  0.3522727  0.3413099  0.3077952  0.2764751  0.2744358  0.2877217  0.3264856  0.3077799  0.3133571  0.3029648  0.3730651  0.3740432  0.4847543  0.5265009  0.4325561  0.4029451  0.5324149  0.5098867  0.5610679  0.6684213  0.4281117  0.4430221
 0.3468916  0.2725829  0.2649665  0.3290431  0.2868068  0.4922770  0.4521012  0.8427149  0.9978473  1.0678774  1.6212495  0.6190012  0.4632977  0.3158621  0.2917698  0.5712819  0.5913560  0.6236240  0.7035111  0.3522391  0.3289769  0.5866189  0.6836737  0.8318675  1.4183346  0.3908584  0.3524188
 0.3375950  0.3347811  0.3542547  0.3976559  0.3720305  0.4710332  0.5530790  0.4292385  0.3857088  0.4439981  0.4107467  0.2991055  0.3212110  0.3956679  0.3982017  0.4493654  0.4885153  0.4173617  0.4477790  0.3363228  0.3346134  0.3718417  0.3692713  0.5770021  0.6670627  0.3097902  0.2863163
 0.3801714  0.3388021  0.3072227  0.2791375  0.2785189  0.3463367  0.3064956  0.3304486  0.3385770  0.3489361  0.3790962  0.3632327  0.3592849  0.3191319  0.2941968  0.5564282  0.6315612  0.4454084  0.4086065  0.2931999  0.2504755  0.3112698  0.3065141  0.4408812  0.4902420  0.3563766  0.3924368
 0.3679856  0.2446630  0.2482501  0.2298038  0.2339437  0.3127401  0.2960609  0.6156833  0.5487579  0.4213022  0.4027539  0.6669440  0.7885269  0.5171175  0.6280629  0.4154670  0.2993632  0.5162851  0.4640570  0.9080632  1.2139540  0.8785106  1.3548161  0.3953488  0.3729436  0.3279373  0.2878812
 0.3617941  0.3459799  0.3066873  0.4901997  0.4983060  0.5001241  0.5240204  0.2808212  0.2470177  0.3742244  0.3340771  0.4611839  0.4890482  0.4171953  0.4523535  0.3509507  0.4156277  0.3076207  0.3153235  0.3103163  0.2955198  0.2909545  0.3389413  0.3133181  0.3077021  0.3217538  0.2931454
 0.3826794  0.3358379  0.3189026  0.3016640  0.2772460  0.3387679  0.3237999  0.3665239  0.3743738  0.3847305  0.3685173  0.3572973  0.3535078  0.3913321  0.3966505  0.3563575  0.3049869  0.4803557  0.4921543  0.4401404  0.5233483  0.7835000  1.0956749  0.4223069  0.3920553  0.3717602  0.3817849
 0.3431245  0.2585659  0.2767465  0.2988607  0.2761907  0.3559480  0.3505078  0.4043136  0.4338146  0.4293295  0.4823463  0.3868196  0.3180699  0.5195276  0.5080004  0.4582739  0.5068353  0.4509167  0.4630907  0.3463097  0.3360351  0.5138181  0.5807650  0.4251734  0.4375708  0.5401438  0.6137098
 0.3845243  0.3058818  0.2990947  0.3504877  0.3060378  0.4181303  0.4291401  0.5243168  0.6179608  0.4916264  0.4395684  0.3570107  0.2787907  0.4185218  0.4121211  0.5458169  0.6871236  0.6465884  0.7326476  0.3781776  0.3280242  0.4330705  0.4428172  0.5315059  0.4602522  0.5692094  0.5374077
 0.4042364  0.2874809  0.2932421  0.3137818  0.2932548  0.2814162  0.2792653  0.2718470  0.2638430  0.3797469  0.4453507  0.4877275  0.5330631  0.5356250  0.5536864  0.3557759  0.3596319  0.4849875  0.4447700  0.3542814  0.3374856  0.3633276  0.3826613  0.5902809  0.6529798  0.4885265  0.4290029
 0.3845102  0.3298962  0.3361115  0.4889959  0.4681818  0.5546656  0.5025740  0.8434908  0.9706121  0.6768022  0.6438983  0.5284475  0.4399603  0.5914229  0.6451756  0.4570869  0.4127582  0.3474253  0.3154660  0.4049560  0.3634486  0.5510700  0.6936844  0.5007988  0.6094241  0.4048437  0.3785206
 0.4295039  0.3069021  0.3172952  0.3463137  0.3250366  0.3264024  0.3082244  0.3097894  0.3349711  0.4404126  0.5166008  0.2454796  0.2317412  0.3960089  0.3871674  0.3238698  0.3827009  0.4351764  0.5322245  0.4726274  0.4556226  0.3903981  0.3549848  0.2791065  0.2872173  0.3607131  0.3560265
 0.3912276  0.3252336  0.2941826  0.2920029  0.2713820  0.4919908  0.4789328  0.6228159  0.6581575  0.6221829  0.5840880  0.5103886  0.5064375  0.4642161  0.5252469  0.4288733  0.3450191  0.3743776  0.3213701  0.3812469  0.4132460  0.6209809  0.9226000  0.6677355  0.5847584  0.4358446  0.3976845
 0.3789167  0.3426309  0.3044627  0.3182599  0.2986039  0.4218192  0.3817230  0.3172760  0.3275407  0.2999080  0.3115149  0.3015973  0.3275502  0.3490022  0.3002927  0.4377758  0.4684830  0.6053939  0.6596774  0.6167548  0.6526872  0.8373018  1.2485849  0.4842814  0.4847318  0.3469047  0.3298853
 0.3164474  0.2756560  0.2941194  0.3556619  0.3172382  0.3953397  0.3484481  0.5057365  0.5667076  0.5394186  0.6242663  0.3853750  0.3639737  0.5040945  0.4579539  0.3464927  0.3129455  0.3682309  0.3625148  0.4472765  0.3909706  0.3978907  0.3356005  0.3319264  0.4005945  0.3696779  0.3076984
 0.3640976  0.3100131  0.3023768  0.6138849  0.6579655  0.4579090  0.4425192  0.5310687  0.4832616  0.4233063  0.3928021  0.3196313  0.3075473  0.4056372  0.4313522  0.3493934  0.3160105  0.3561740  0.3531465  0.2904565  0.2675502  0.3163729  0.3497210  0.3060853  0.2944076  0.3415940  0.3321073
 0.3651112  0.2859915  0.2712428  0.3714701  0.3559239  0.4149201  0.3928062  0.5100587  0.7147089  0.2935953  0.2739219  0.3452705  0.3184274  0.4385514  0.4507196  0.6426757  0.7291091  1.1071310  2.0264116  0.8345895  0.6592715  0.7846746  0.9108641  0.5842688  0.6353608  0.4094187  0.3821079
 0.3234829  0.2768115  0.2953124  0.3224548  0.3217474  0.2799765  0.2722014  0.3268970  0.3375114  0.2634700  0.2238986  0.3789300  0.3625469  0.4019177  0.4053966  0.5165859  0.6544811  0.7905656  1.1976096  0.5656042  0.4868283  0.2793116  0.2751064  0.4360430  0.4767548  0.4407356  0.4179268
 0.3374752  0.2834776  0.2881001  0.3083203  0.2838267  0.3217346  0.2825744  0.4832248  0.5538646  0.2651462  0.2503180  0.3368176  0.3195244  0.4572723  0.5346911  0.4889448  0.5592326  0.4423445  0.4334631  0.4308227  0.4140528  0.3896291  0.3509673  0.2925287  0.2737527  0.2956326  0.3043638
 0.3806015  0.3196970  0.2915273  0.4262389  0.4004864  1.2698299  2.1225327  0.9889010  0.9235096  1.0311979  1.0584834  1.9153678  4.1072010  0.9801240  0.6502900  0.6880380  0.6423288  0.3906903  0.3939326  0.3364060  0.3376936  0.2553293  0.2657808  0.4513834  0.4684524  0.4838991  0.5486928
 0.3542913  0.3249763  0.2926501  0.3322920  0.3430238  0.3287163  0.2936790  0.3375840  0.3221804  0.3731817  0.3695372  0.4795072  0.5450800  0.4027450  0.3573508  0.3369625  0.3369224  0.3589097  0.2863504  0.4326735  0.4470989  0.5232229  0.8208781  0.5205536  0.6956243  0.3906799  0.3717323
 0.3198878  0.2845184  0.3029701  0.3333403  0.3378901  0.4467557  0.4378386  0.5808019  0.7274068  0.3926139  0.3629907  0.2902368  0.2667584  0.3801852  0.3816618  0.5159855  0.4630520  0.4686644  0.4860201  0.4186795  0.4695257  0.4357772  0.3584523  0.4317274  0.4383506  0.3339626  0.3723333
 0.3329194  0.2485531  0.2701043  0.3096634  0.2899322  0.4948661  0.6170169  0.3442816  0.3182010  0.3212808  0.3250967  0.2977991  0.2529684  0.3738585  0.3476708  0.2477165  0.2534027  0.3123722  0.3038014  0.3303365  0.3583017  0.3443137  0.3686281  0.3488192  0.3916200  0.2559523  0.2342822
 0.3381536  0.2908683  0.2649274  0.3301577  0.3108711  0.3732204  0.3785556  0.3014934  0.2891116  0.3977785  0.3862230  0.3354970  0.3085937  0.3126253  0.2836708  0.3455109  0.3822383  0.3686192  0.3898098  0.3551914  0.3397553  0.2389939  0.2304535  0.3180168  0.3158680  0.3714714  0.3581529
 0.3802713  0.3055871  0.2845479  0.3100381  0.2851024  0.3828620  0.3558998  0.4000679  0.4033102  0.3416974  0.3391980  0.4491457  0.4679291  0.3392150  0.3151385  0.4594769  0.5492794  0.4826635  0.4630205  0.2996678  0.2589377  0.2829578  0.2690614  0.4004097  0.4232771  0.5324368  0.6950489
 0.3425564  0.2985650  0.2618367  0.3854530  0.3699132  0.3866687  0.3687878  0.4027145  0.3975974  0.3304526  0.3274600  0.4274983  0.4696526  0.4606050  0.5125024  0.3726667  0.3414040  0.4597731  0.3875438  0.4084826  0.4171320  0.4954966  0.4872746  0.4055034  0.4633079  0.2772123  0.2671796
 0.3085766  0.3010439  0.2858195  0.2916699  0.2618528  0.4525046  0.5055929  0.3714217  0.3640907  0.2719367  0.2662720  0.3517809  0.3791963  0.5817228  0.7555958  0.5719396  0.5335003  0.2898789  0.2725543  0.4373131  0.4296874  0.8620080  1.2022542  0.5244523  0.4146094  0.5102270  0.4378668
 0.3916163  0.2770508  0.2946886  0.3612978  0.3454383  0.3658355  0.2995516  0.4778006  0.4667198  0.5399401  0.6935237  0.3173578  0.3397422  0.4099206  0.3692697  0.4147935  0.3565483  0.4221644  0.4137609  0.5453510  0.6408165  0.5481698  0.5769759  0.3723413  0.3779351  0.3139876  0.3348405
 0.3095393  0.3071799  0.3095595  0.2824314  0.2857251  0.3452904  0.3359663  0.3820194  0.3608044  0.3304128  0.3157390  0.3770207  0.3273288  0.2884828  0.2838738  0.3655244  0.3332037  0.3051590  0.3055709  0.3086115  0.3438535  0.2536798  0.2718833  0.3449235  0.3603320  0.3850797  0.3650640
 0.3563299  0.6378420  0.5256451  0.4439428  0.4351435  0.6117988  0.7011949  0.5327007  0.4531986  0.3761572  0.3564138  0.4203943  0.3888209  0.4130505  0.4178265  0.3376114  0.3696677  0.4088043  0.3973882  0.6910279  0.9030752  0.4109136  0.3116863  0.4429132  0.4406406  0.4727902  0.5913677
 0.3577839  0.2432376  0.2807911  0.2617136  0.2679827  0.3913945  0.3803314  0.4075463  0.4237656  0.4899561  0.5380937  0.8505421  1.3956985  1.1440966  1.7942629  0.4172406  0.2869223  0.2576496  0.2566764  0.3125770  0.2798071  0.3797176  0.3965463  0.4530000  0.5338635  0.3954651  0.3480722
 0.3974204  0.2234260  0.2332738  0.3046602  0.2891256  0.3013728  0.2742893  0.3323247  0.3127710  0.3149589  0.2970837  0.3046705  0.3080523  0.3018676  0.3697464  0.2965722  0.2783499  0.4614381  0.4807346  0.4809428  0.5111617  0.4092000  0.3865491  0.4614076  0.4860182  0.6852782  0.8647388
 0.3676888  0.2715282  0.2657695  0.2853736  0.2541406  0.3763101  0.3871765  0.4809594  0.4572464  0.4289473  0.4188582  0.5984053  0.7158933  0.3962677  0.3601301  0.4217835  0.4331915  0.7022986  0.8248110  0.6049767  0.6465047  0.3924264  0.3432557  0.4473099  0.4425340  0.4552360  0.3961274
 0.3237930  0.3585029  0.3299317  0.3396531  0.3085131  0.3885568  0.3692598  0.5236352  0.5035222  0.5878842  0.5085845  0.3747756  0.4146481  0.5286962  0.6246737  0.5245477  0.6108050  0.3801074  0.3861860  0.2981103  0.3240828  0.3485061  0.3620733  0.3011254  0.2948644  0.2986618  0.2978336
 0.3546661  0.3166465  0.2950472  0.3285867  0.3007751  0.3429630  0.3534965  0.3392587  0.2857072  0.4449654  0.4461816  0.6346414  0.8237024  0.5525106  0.5394739  0.5400296  0.5040157  0.3461433  0.3077639  0.4180894  0.4643824  0.5474865  0.5366933  0.5933967  0.5562866  0.6817632  0.8689676
 0.3799165  0.2694114  0.2994967  0.3402875  0.3445922  0.4973717  0.4800141  0.6119356  0.6775294  0.5149902  0.5285213  0.4096780  0.3695765  0.3988176  0.4018468  0.4626119  0.4821887  0.3028511  0.3101865  0.3077645  0.3209208  0.3932375  0.3972566  0.3111583  0.3074572  0.3866671  0.4173377
 0.4387626  0.2823098  0.2759349  0.3927352  0.3703365  0.3860760  0.3472567  0.5534799  0.4834507  0.5482144  0.6821500  0.3856382  0.3733135  0.3285370  0.3441145  0.3879975  0.3967572  0.3225608  0.3430372  0.3375867  0.3553840  0.3084576  0.2822671  0.3058691  0.2776960  0.3943436  0.4285860
 0.4139543  0.3477771  0.3271411  0.4330788  0.3674895  0.4316286  0.4146846  0.4155014  0.4444407  0.3386275  0.2945797  0.4027913  0.3906119  0.3207379  0.3414332  0.3230228  0.3428966  0.2855877  0.2735089  0.3936123  0.3445764  0.4339957  0.4445032  0.4034247  0.4015776  0.4667898  0.5139160
 0.3554158  0.3957774  0.3252270  0.3776532  0.3604858  0.3447437  0.3168759  0.4792088  0.4463247  0.4288656  0.4736717  0.4792960  0.4740145  0.8081441  1.0997553  0.9092523  0.7380323  0.5129527  0.4931446  0.6336448  0.6639731  0.3662697  0.3831792  0.4904379  0.5221186  0.3462285  0.3229885
 0.2944503  0.3819683  0.3617922  0.4345237  0.3883427  0.4753658  0.4151754  0.3275299  0.3327663  0.2814436  0.2921808  0.3596548  0.3718854  0.2502788  0.2316529  0.3808547  0.3898627  0.4512717  0.5262465  0.4894784  0.5062497  0.4563771  0.4550718  0.3794103  0.3569887  0.2775162  0.2485491
 0.3842375  0.2934384  0.3396638  0.2641598  0.2607175  0.3849352  0.4217490  0.4533310  0.3880861  0.4257143  0.3913444  0.4327830  0.4643544  0.4189334  0.4707102  0.4776047  0.4566496  0.4573607  0.4094251  0.4227391  0.4119375  0.3443746  0.3551564  0.3446608  0.3982235  0.4632038  0.5545531
 0.3842294  0.3924053  0.3628650  0.5910144  0.6058330  0.4332066  0.4039698  0.4187054  0.3869583  0.3701809  0.3267994  0.4021873  0.4317826  0.3926688  0.3715402  0.4371678  0.3911857  0.5734846  0.7983495  0.6555803  0.4801991  0.4874621  0.4704065  0.6125796  0.7238914  0.4737826  0.5401627
 0.3754776  0.3468925  0.3053328  0.3256604  0.2984670  0.3716078  0.3798268  0.4739742  0.5289806  0.3268130  0.3166803  0.3743781  0.3567879  0.4002273  0.3990485  0.4793223  0.4635380  0.4377454  0.4180647  0.5906644  0.7176978  0.4457021  0.4436222  0.3484550  0.3047603  0.5211342  0.5822804
 0.4085333  0.3060859  0.2807026  0.3617289  0.3457279  0.4632816  0.4419032  0.4329701  0.3445920  0.3494304  0.3664084  0.3513370  0.3499593  0.3945783  0.3924908  0.4599179  0.5538340  0.5795204  0.7032851  0.3337941  0.2952002  0.4034189  0.4380371  0.6646332  0.5636121  0.5710186  0.6459113
 0.3436765  0.2818565  0.2863386  0.2717174  0.2713253  0.4444079  0.4866615  0.3071221  0.2851116  0.4414101  0.4363836  0.4257172  0.4438392  0.4606464  0.5030605  0.7036179  0.8084694  0.3397182  0.3023665  0.4074778  0.3954913  0.3732243  0.3794476  0.5549345  0.7179952  0.5237074  0.4558016
 0.3922435  0.2719641  0.3027363  0.2633641  0.2528032  0.3965237  0.3816812  0.2912307  0.3273659  0.4440006  0.4680016  0.4956224  0.5124619  0.3774124  0.3324129  0.4515387  0.4714153  0.3309787  0.3276659  0.2917911  0.3060557  0.2615215  0.2626092  0.3357841  0.3422602  0.4674565  0.4594788
 0.3238730  0.2839597  0.2852843  0.3913258  0.3915826  0.6164711  0.5380960  0.5428290  0.5131343  0.5736800  0.6058857  0.3196512  0.3318697  0.4810595  0.4368827  0.6001944  0.6183116  0.4334137  0.4431387  0.4460171  0.4516545  0.5065428  0.5040765  0.6119357  0.6384572  0.8297488  1.1178191
