FL 2019 2020 2021 2022 2023 2024 2025 2026 2027 2028 2029 2030 2031 2032 2033 2034 2035 2036 2037 2038 2039 2040 2041 2042 2043 2044 2045
 1  0.7288134  0.6829873  0.6579279  0.6513814  0.6716349  0.7107868  0.6874037  0.6682227  0.6497836  0.6401622  0.6424969  0.6514473  0.6641317  0.6590195  0.6466994  0.6591785  0.6674799  0.6513476  0.6414114  0.6680765  0.6935845  0.6957009  0.6870979  0.6841245  0.6949649  0.6823531  0.6559197
 2  0.5725724  0.5324563  0.5354312  0.5446048  0.5948852  0.6153678  0.5951415  0.5530817  0.4982583  0.4709767  0.4906998  0.5380785  0.5565864  0.5440230  0.5228358  0.5433209  0.5583479  0.5390759  0.5275565  0.5659375  0.5943070  0.5970757  0.5787765  0.5742050  0.5798665  0.5692271  0.5299684
 3  0.7521145  0.7094340  0.6840058  0.6749477  0.6868188  0.7350071  0.7124213  0.6889068  0.6673118  0.6558987  0.6571602  0.6684813  0.6842151  0.6792067  0.6641978  0.6755185  0.6875429  0.6728019  0.6588871  0.6839977  0.7142262  0.7175421  0.7083594  0.7021062  0.7148973  0.7037916  0.6756823
 4  0.4566311  0.4437178  0.4673171  0.4674109  0.5383217  0.5558695  0.4986769  0.4206318  0.3710529  0.3739866  0.4310454  0.4827594  0.4814988  0.4416646  0.4331158  0.4822004  0.4897912  0.4400751  0.4442672  0.5120315  0.5316508  0.5171421  0.4805363  0.4936223  0.5100420  0.4763418  0.4216738
 1  0.7290193  0.6838820  0.6598337  0.6537915  0.6509121  0.6590088  0.6811801  0.6802204  0.6750856  0.6834282  0.6800194  0.6743153  0.6827929  0.6835700  0.6883009  0.6879459  0.6902788  0.7097363  0.6948347  0.6816955  0.6529408  0.6214768  0.6311665  0.6073285  0.6107140  0.6385467  0.6663981
 2  0.5731135  0.5329778  0.5356991  0.5466125  0.5439140  0.5563861  0.5741563  0.5715960  0.5636536  0.5664465  0.5593572  0.5484092  0.5485177  0.5489784  0.5525186  0.5519104  0.5748916  0.5958237  0.5869792  0.5576167  0.5135418  0.5040498  0.5231147  0.5045687  0.5060908  0.5373178  0.5647171
 3  0.7523618  0.7102255  0.6857194  0.6770177  0.6716756  0.6763784  0.7003860  0.7010801  0.6937532  0.7023831  0.7000239  0.6923596  0.7006534  0.7012681  0.7055845  0.7065322  0.7064154  0.7305557  0.7173689  0.7011035  0.6708488  0.6384900  0.6496509  0.6284826  0.6279182  0.6546579  0.6850845
 4  0.4573780  0.4432885  0.4662793  0.4706784  0.4571836  0.4862917  0.5070480  0.4844589  0.4787879  0.4893958  0.4666026  0.4568360  0.4593438  0.4590489  0.4697903  0.4584837  0.5079291  0.5317598  0.4911553  0.4390129  0.4155928  0.4421681  0.4594279  0.4197038  0.4308470  0.4796419  0.4984308
 1  0.7283085  0.6841639  0.6577372  0.6560814  0.6721510  0.6704595  0.6488510  0.6488781  0.6610980  0.6576407  0.6558100  0.6595719  0.6748250  0.6794075  0.6746785  0.6847184  0.6759949  0.6779628  0.6746018  0.6743258  0.6696369  0.6619337  0.6551466  0.6655190  0.6906506  0.6913017  0.6776891
 2  0.5726575  0.5332084  0.5344353  0.5607968  0.5751252  0.5666893  0.5354039  0.5393614  0.5546934  0.5485287  0.5358662  0.5366012  0.5589632  0.5660392  0.5646052  0.5644540  0.5593810  0.5598286  0.5612436  0.5588703  0.5462605  0.5274032  0.5237036  0.5655655  0.5957990  0.5953645  0.5698318
 3  0.7516802  0.7103537  0.6835995  0.6778242  0.6936933  0.6918504  0.6676014  0.6661085  0.6805861  0.6778466  0.6748571  0.6763999  0.6922338  0.6999381  0.6938312  0.7035136  0.6950862  0.6968584  0.6940412  0.6937558  0.6892437  0.6800141  0.6715507  0.6821135  0.7116202  0.7142879  0.6993368
 4  0.4573648  0.4429854  0.4658770  0.4978594  0.5038809  0.4709200  0.4443086  0.4753298  0.4849639  0.4625365  0.4376995  0.4578105  0.4957082  0.4872837  0.4784131  0.4805238  0.4779846  0.4825745  0.4822002  0.4763305  0.4491586  0.4238683  0.4508295  0.5134110  0.5350712  0.5150947  0.4592508
 1  0.7292546  0.6839832  0.6605867  0.6552235  0.6567659  0.6607261  0.6638845  0.6772764  0.6881077  0.7048268  0.7001170  0.6905401  0.6955167  0.6892770  0.6847137  0.6847518  0.6834236  0.6891780  0.6763566  0.6727901  0.6770232  0.6910378  0.6722027  0.6519040  0.6392245  0.6392397  0.6529081
 2  0.5718989  0.5325022  0.5360980  0.5495892  0.5532953  0.5486867  0.5473894  0.5558527  0.5798948  0.5975263  0.5923352  0.5767589  0.5671360  0.5543646  0.5367104  0.5290862  0.5369003  0.5478745  0.5481588  0.5480363  0.5687444  0.5823746  0.5621332  0.5237340  0.4952598  0.5041003  0.5258573
 3  0.7524902  0.7105481  0.6865978  0.6781772  0.6773270  0.6803052  0.6816968  0.6951195  0.7058130  0.7253712  0.7221882  0.7097350  0.7141262  0.7082985  0.7018200  0.7014053  0.6997286  0.7068981  0.6951140  0.6910490  0.6948359  0.7116687  0.6942126  0.6713215  0.6561787  0.6552528  0.6702026
 4  0.4556608  0.4436466  0.4661695  0.4757126  0.4732801  0.4595129  0.4645600  0.4799289  0.5133965  0.5297394  0.5010160  0.4786854  0.4784808  0.4513311  0.4303973  0.4296917  0.4564938  0.4683601  0.4621166  0.4686574  0.5031329  0.5120320  0.4635789  0.4063126  0.3996942  0.4360590  0.4551524
 1  0.7307392  0.6864747  0.6617744  0.6567714  0.6686210  0.6877708  0.6760006  0.6767252  0.6523432  0.6469012  0.6119702  0.5313140  0.6013727  0.6793203  0.6785898  0.6799165  0.6607644  0.6458080  0.6508504  0.6867749  0.6776369  0.6673790  0.6544108  0.6432788  0.6252515  0.6192424  0.6675100
 2  0.5709265  0.5324007  0.5361388  0.5530396  0.5762950  0.5876086  0.5771427  0.5664871  0.5496072  0.5454793  0.5087547  0.4382982  0.5439423  0.5926985  0.5925881  0.5749742  0.5359293  0.5017947  0.5413721  0.5849360  0.5800462  0.5521245  0.5190508  0.5018902  0.4934307  0.5343670  0.5832727
 3  0.7534590  0.7126204  0.6877044  0.6795060  0.6879471  0.7090149  0.6969674  0.6967316  0.6719303  0.6668993  0.6348386  0.5488756  0.6089631  0.7006738  0.7015294  0.7004967  0.6803872  0.6635219  0.6642205  0.7076892  0.7008915  0.6870766  0.6720612  0.6609907  0.6423533  0.6339414  0.6864264
 4  0.4540021  0.4430379  0.4667834  0.4821746  0.5108892  0.5150539  0.4941128  0.4816868  0.4761323  0.4780989  0.4148317  0.3708176  0.5102078  0.5393002  0.5086373  0.4730465  0.4273528  0.3974542  0.4935165  0.5301253  0.4871357  0.4359219  0.4211110  0.4127657  0.4204155  0.4905844  0.5278572
 1  0.7296156  0.6865135  0.6596659  0.6519815  0.6560108  0.6591271  0.6520098  0.6627344  0.6861711  0.6896472  0.6723631  0.6572916  0.6636405  0.6795568  0.6827022  0.6811249  0.6675113  0.6552687  0.6634063  0.6738644  0.6787971  0.6956483  0.6987153  0.6823119  0.6612282  0.6691720  0.6839139
 2  0.5721350  0.5333712  0.5350762  0.5500693  0.5569753  0.5507621  0.5357714  0.5546581  0.5852983  0.5884961  0.5615509  0.5225604  0.5155964  0.5376224  0.5556362  0.5571468  0.5357076  0.5126314  0.5273066  0.5483107  0.5678964  0.5916490  0.5941643  0.5712712  0.5402879  0.5583748  0.5749241
 3  0.7525046  0.7124216  0.6855259  0.6748558  0.6768481  0.6794179  0.6704378  0.6789498  0.7056172  0.7118117  0.6939828  0.6758829  0.6791768  0.6958531  0.7008672  0.7004446  0.6868585  0.6723929  0.6792726  0.6920511  0.6968417  0.7146537  0.7210290  0.7038962  0.6790335  0.6864929  0.7042977
 4  0.4555682  0.4427927  0.4666993  0.4806296  0.4811017  0.4598139  0.4460304  0.4940558  0.5248234  0.5102002  0.4518909  0.4004284  0.4300138  0.4688657  0.4813887  0.4684382  0.4269548  0.4140789  0.4585778  0.4771103  0.4967133  0.5267066  0.5172607  0.4622324  0.4502736  0.4987258  0.5022319
 1  0.7282820  0.6802620  0.6536022  0.6517663  0.6657448  0.6649133  0.6598552  0.6651087  0.6719852  0.6753036  0.6735863  0.6840982  0.7038892  0.6983984  0.6881594  0.6810158  0.6704957  0.6563308  0.6710939  0.7086569  0.7000777  0.6949368  0.6937088  0.6909809  0.6765782  0.6658814  0.6630013
 2  0.5697585  0.5310939  0.5342141  0.5561096  0.5660774  0.5541081  0.5261042  0.5112811  0.5146482  0.5195780  0.5262444  0.5646277  0.5960890  0.5970188  0.5780860  0.5531308  0.5282208  0.5107263  0.5715156  0.6084712  0.6077611  0.5937500  0.5787333  0.5620337  0.5309709  0.5063394  0.4943057
 3  0.7517544  0.7072754  0.6799378  0.6741024  0.6871181  0.6855060  0.6777346  0.6811052  0.6879438  0.6918876  0.6902209  0.6996310  0.7242972  0.7209939  0.7093834  0.6996401  0.6879707  0.6743857  0.6842198  0.7310990  0.7240797  0.7159941  0.7134181  0.7103217  0.6946951  0.6827333  0.6792795
 4  0.4555172  0.4446611  0.4668678  0.4902480  0.4884028  0.4498846  0.4107102  0.4122372  0.4277550  0.4289623  0.4374531  0.5057512  0.5352056  0.5167010  0.4735749  0.4425929  0.4335160  0.4181609  0.5210893  0.5525378  0.5261195  0.4990663  0.4868537  0.4594366  0.4182568  0.3972794  0.3896671
 1  0.7315684  0.6872715  0.6644559  0.6565926  0.6543503  0.6590319  0.6767454  0.7027609  0.6880845  0.6837589  0.6769556  0.6687962  0.6470084  0.6244327  0.6308468  0.6358980  0.6762832  0.7134362  0.6866539  0.6622442  0.6431508  0.6091379  0.5844250  0.5783674  0.6313216  0.6621554  0.6889600
 2  0.5697771  0.5318252  0.5384869  0.5469511  0.5413740  0.5324042  0.5631462  0.5924416  0.5915798  0.5853909  0.5740309  0.5520198  0.5129599  0.4857482  0.4943631  0.5146887  0.5924134  0.6171812  0.5945528  0.5571426  0.5278147  0.4976091  0.4719539  0.4943004  0.5448512  0.5760506  0.5981147
 3  0.7537993  0.7131676  0.6904472  0.6803049  0.6752101  0.6768573  0.6917590  0.7228155  0.7100492  0.7054820  0.6986336  0.6888052  0.6658130  0.6417910  0.6471944  0.6526788  0.6894950  0.7377162  0.7120267  0.6828107  0.6615284  0.6300049  0.6026446  0.5925167  0.6482628  0.6803326  0.7088576
 4  0.4515532  0.4434329  0.4701388  0.4675360  0.4425258  0.4339634  0.5035271  0.5313102  0.5185980  0.5104762  0.4860728  0.4494169  0.4077656  0.3978214  0.4198575  0.4478774  0.5415406  0.5584864  0.5003740  0.4510107  0.4505032  0.4134084  0.3918234  0.4497238  0.4899801  0.5137038  0.5332389
 1  0.7286303  0.6828830  0.6561950  0.6488413  0.6404174  0.6505873  0.6600836  0.6685970  0.6954938  0.7032026  0.6925392  0.6803024  0.6682405  0.6647806  0.6626091  0.6527594  0.6550542  0.6638422  0.6870754  0.6833728  0.6869107  0.6948807  0.6908774  0.7021864  0.7247238  0.7059751  0.6863480
 2  0.5686480  0.5316152  0.5345720  0.5432911  0.5408916  0.5489867  0.5570082  0.5742745  0.5990261  0.6053216  0.5876269  0.5576345  0.5238239  0.5106051  0.5040589  0.4902778  0.4904649  0.5277732  0.5625547  0.5682337  0.5709812  0.5752397  0.5666866  0.6029910  0.6223902  0.6121311  0.5766987
 3  0.7517398  0.7093301  0.6822905  0.6724408  0.6607335  0.6690851  0.6793690  0.6866458  0.7156438  0.7255062  0.7145761  0.7001646  0.6856541  0.6814295  0.6797240  0.6694011  0.6706248  0.6784570  0.7053667  0.7032424  0.7049744  0.7142398  0.7106212  0.7172182  0.7493520  0.7310757  0.7079040
 4  0.4547156  0.4436557  0.4669296  0.4667339  0.4626681  0.4783519  0.4843903  0.5104534  0.5354512  0.5301889  0.4917408  0.4403033  0.4151424  0.4194840  0.4039668  0.3845552  0.3955601  0.4699431  0.4973566  0.4803845  0.4894829  0.4956721  0.4678776  0.5420824  0.5633905  0.5239518  0.4508018
 1  0.7290541  0.6817587  0.6559354  0.6590384  0.6817654  0.6734243  0.6617346  0.6623801  0.6748086  0.6785882  0.6846975  0.6852569  0.6775874  0.6778542  0.6970196  0.6970413  0.6977870  0.6909937  0.6718896  0.6551515  0.6481722  0.6521700  0.6551696  0.6346584  0.6541500  0.6813157  0.6747042
 2  0.5720311  0.5322537  0.5355758  0.5708820  0.5860476  0.5713319  0.5292142  0.5041381  0.5158502  0.5370214  0.5607472  0.5656478  0.5514789  0.5568881  0.5827897  0.5951199  0.5948410  0.5820594  0.5453321  0.5015726  0.4780270  0.4960000  0.5287701  0.5318495  0.5651136  0.5835399  0.5716623
 3  0.7524456  0.7084427  0.6821631  0.6799765  0.7043986  0.6957658  0.6803294  0.6777124  0.6903676  0.6952963  0.7026095  0.7049884  0.6970233  0.6941840  0.7159546  0.7180232  0.7193994  0.7123922  0.6917376  0.6729935  0.6639061  0.6668770  0.6726622  0.6545055  0.6714453  0.7022297  0.6966698
 4  0.4569095  0.4447763  0.4684453  0.5119292  0.5165601  0.4633986  0.3919592  0.4039468  0.4395676  0.4653696  0.4883248  0.4818696  0.4479302  0.4832195  0.5204679  0.5246479  0.5169393  0.4857664  0.4292448  0.3772025  0.3744307  0.4302737  0.4661724  0.4639346  0.5051261  0.5167536  0.4746183
 1  0.7304056  0.6862663  0.6622835  0.6556411  0.6617485  0.6727480  0.6760626  0.6876144  0.6756100  0.6628301  0.6705547  0.6774368  0.7003205  0.6953602  0.6787042  0.6736452  0.6661335  0.6574100  0.6682077  0.6621907  0.6627135  0.6643657  0.6667326  0.6696034  0.6626644  0.6584594  0.6608718
 2  0.5719358  0.5325228  0.5358361  0.5495489  0.5600256  0.5637100  0.5674516  0.5707028  0.5511682  0.5264779  0.5306421  0.5683768  0.5959176  0.5963872  0.5749248  0.5608531  0.5446314  0.5337757  0.5427257  0.5378744  0.5279577  0.5235671  0.5344930  0.5449408  0.5403931  0.5301506  0.5398651
 3  0.7532408  0.7124399  0.6881507  0.6785350  0.6819607  0.6923581  0.6943580  0.7071058  0.6959801  0.6800599  0.6872356  0.6938066  0.7211308  0.7179954  0.6994170  0.6935418  0.6859864  0.6749373  0.6862163  0.6814751  0.6805330  0.6813225  0.6832464  0.6884083  0.6821888  0.6761809  0.6779179
 4  0.4545313  0.4425846  0.4657439  0.4764102  0.4835619  0.4803780  0.4904491  0.4911609  0.4425603  0.4258143  0.4531558  0.5107111  0.5346779  0.5135155  0.4863891  0.4761994  0.4482316  0.4514559  0.4666692  0.4474351  0.4283446  0.4316910  0.4629911  0.4705231  0.4461937  0.4395444  0.4704003
 1  0.7281665  0.6811525  0.6569106  0.6544917  0.6645872  0.6648259  0.6578078  0.6557946  0.6561034  0.6692601  0.6724576  0.6976957  0.6972956  0.7002174  0.6817956  0.6701927  0.6569546  0.6443125  0.6623677  0.6568312  0.6778674  0.6799552  0.6728617  0.6818290  0.6963975  0.6788795  0.6680977
 2  0.5709774  0.5315600  0.5361332  0.5572293  0.5657290  0.5571829  0.5323258  0.5129012  0.5243032  0.5486764  0.5794277  0.6010576  0.6066729  0.6004918  0.5723187  0.5385323  0.5038303  0.5054351  0.5405749  0.5611115  0.5786887  0.5775462  0.5621010  0.5789985  0.5921019  0.5801753  0.5591151
 3  0.7515019  0.7078046  0.6831233  0.6769903  0.6859328  0.6854376  0.6763508  0.6729382  0.6718136  0.6875977  0.6902218  0.7190889  0.7197215  0.7227602  0.7033451  0.6888847  0.6744965  0.6597400  0.6797572  0.6760438  0.6979613  0.7012002  0.6924219  0.6988057  0.7184511  0.7011997  0.6881656
 4  0.4557197  0.4444463  0.4687257  0.4905529  0.4896777  0.4607139  0.4268374  0.4137227  0.4572648  0.4837644  0.5177036  0.5395238  0.5346209  0.5172046  0.4662488  0.4241237  0.3947854  0.4384700  0.4816016  0.4971018  0.5103627  0.4920746  0.4709774  0.5155388  0.5267116  0.4927218  0.4711351
 1  0.7281973  0.6813801  0.6591069  0.6512055  0.6541152  0.6866078  0.6865157  0.6817784  0.6776490  0.6765380  0.6755444  0.6857403  0.6829145  0.6773417  0.6622963  0.6588930  0.6669477  0.6753141  0.7014887  0.6880755  0.6722910  0.6697134  0.6722317  0.6752175  0.6778331  0.6906505  0.7023372
 2  0.5743464  0.5328744  0.5381401  0.5431833  0.5639614  0.5857138  0.5840579  0.5614666  0.5283699  0.4940905  0.4878533  0.5306621  0.5576101  0.5600684  0.5472295  0.5429957  0.5448048  0.5742805  0.5988666  0.5895444  0.5600869  0.5352603  0.5264157  0.5333873  0.5605251  0.5993219  0.6068704
 3  0.7516029  0.7076443  0.6851633  0.6753504  0.6722724  0.7066949  0.7082021  0.7014049  0.6951804  0.6921311  0.6892267  0.7013220  0.7015271  0.6973484  0.6821686  0.6770695  0.6859494  0.6911605  0.7227818  0.7118392  0.6929775  0.6873931  0.6891886  0.6917301  0.6951925  0.7093928  0.7269277
 4  0.4584144  0.4447439  0.4713321  0.4624871  0.4970518  0.5211124  0.4957891  0.4459590  0.3969718  0.3565029  0.4057614  0.4687713  0.4875259  0.4782604  0.4581754  0.4654931  0.4596836  0.5121965  0.5394080  0.5015760  0.4459385  0.4303494  0.4351069  0.4566974  0.4985831  0.5422671  0.5411346
 1  0.7281184  0.6807090  0.6556923  0.6482996  0.6416899  0.6528885  0.6755656  0.6743047  0.6466173  0.6142635  0.6411591  0.6707009  0.6713410  0.6625527  0.6455713  0.6357653  0.6643178  0.6837906  0.6816156  0.6990648  0.6891988  0.6733529  0.6522205  0.6329444  0.6448885  0.6579620  0.6623686
 2  0.5729084  0.5323670  0.5357951  0.5454185  0.5418387  0.5592789  0.5793152  0.5774237  0.5425911  0.5153381  0.5536461  0.5818565  0.5792959  0.5595753  0.5247602  0.5150419  0.5591500  0.5792244  0.5875716  0.5951767  0.5818601  0.5470140  0.4931276  0.4636199  0.4957603  0.5365184  0.5463735
 3  0.7517145  0.7074706  0.6819514  0.6718731  0.6624808  0.6702975  0.6954617  0.6961658  0.6681565  0.6329969  0.6569869  0.6912191  0.6938551  0.6838449  0.6650604  0.6523846  0.6802631  0.7048531  0.7011555  0.7197432  0.7114962  0.6932833  0.6696021  0.6485406  0.6592478  0.6754482  0.6819795
 4  0.4576816  0.4449541  0.4686754  0.4711937  0.4615510  0.4951948  0.5170405  0.4990943  0.4519973  0.4428782  0.5020598  0.5225803  0.5016408  0.4627240  0.4210602  0.4422755  0.5058246  0.5102082  0.5123810  0.5240536  0.4883043  0.4204245  0.3621538  0.3710452  0.4389881  0.4748497  0.4608913
 1  0.7289669  0.6802509  0.6574636  0.6553018  0.6713474  0.6821023  0.6730430  0.6667404  0.6634013  0.6643402  0.6776233  0.7048708  0.7155479  0.6998302  0.6771141  0.6681216  0.6671786  0.6739790  0.6779854  0.6822328  0.6833821  0.6746971  0.6671194  0.6684317  0.6810633  0.6922818  0.6978165
 2  0.5742236  0.5321444  0.5381617  0.5607524  0.5811141  0.5835482  0.5621568  0.5247073  0.4841761  0.4667352  0.5283666  0.6032863  0.6179610  0.6030739  0.5539448  0.5051568  0.4814760  0.4960557  0.5363559  0.5664558  0.5761877  0.5655699  0.5465250  0.5391433  0.5524347  0.5742532  0.5860734
 3  0.7523603  0.7067756  0.6837366  0.6778522  0.6918862  0.7039545  0.6940073  0.6847687  0.6793390  0.6783026  0.6907230  0.7231063  0.7402241  0.7234911  0.6969081  0.6849175  0.6821149  0.6883323  0.6942254  0.7006378  0.7040503  0.6956939  0.6864674  0.6858247  0.6981545  0.7102641  0.7178781
 4  0.4578898  0.4455059  0.4723470  0.4958058  0.5151655  0.5038419  0.4515813  0.3906601  0.3457197  0.3646893  0.4828923  0.5507143  0.5516636  0.4975351  0.4167968  0.3703077  0.3756483  0.4216611  0.4716099  0.5019508  0.5022769  0.4749978  0.4461259  0.4514913  0.4782823  0.5052652  0.5128781
 1  0.7287269  0.6813673  0.6567892  0.6495107  0.6494827  0.6700521  0.6762251  0.6760174  0.6702568  0.6586553  0.6692541  0.6711334  0.6557648  0.6478238  0.6562713  0.6606267  0.6876201  0.7106896  0.6926802  0.6765605  0.6634256  0.6546547  0.6542355  0.6671758  0.6723283  0.6783495  0.6744729
 2  0.5719461  0.5319569  0.5364781  0.5435647  0.5488754  0.5639518  0.5705392  0.5717640  0.5638726  0.5591698  0.5721690  0.5715021  0.5487900  0.5291247  0.5325004  0.5461340  0.5957054  0.6135369  0.5976196  0.5601413  0.5059813  0.4585050  0.4753304  0.5454798  0.5782155  0.5836326  0.5842558
 3  0.7520538  0.7080049  0.6830644  0.6734598  0.6694130  0.6882201  0.6959442  0.6958620  0.6908195  0.6781694  0.6884706  0.6930478  0.6770120  0.6659113  0.6738432  0.6782759  0.7039528  0.7345840  0.7169679  0.6972486  0.6810283  0.6697328  0.6671344  0.6840259  0.6922599  0.7004864  0.6952822
 4  0.4562514  0.4449012  0.4696897  0.4650204  0.4685080  0.4923125  0.4979681  0.4961765  0.4853706  0.4864181  0.5087179  0.4951554  0.4494995  0.4394819  0.4555900  0.4776590  0.5399636  0.5511262  0.5028290  0.4289834  0.3571056  0.3274118  0.4192017  0.4963485  0.5172087  0.5135576  0.5094072
 1  0.7276935  0.6812072  0.6550745  0.6518026  0.6634224  0.6767363  0.6733766  0.6665190  0.6703419  0.6817674  0.6891299  0.6872473  0.6873775  0.6999487  0.7125882  0.6948565  0.6682842  0.6573753  0.6743344  0.6784677  0.6574961  0.6300552  0.6158727  0.5958037  0.6197642  0.6737131  0.6788662
 2  0.5721492  0.5322268  0.5347883  0.5527505  0.5686169  0.5758936  0.5633185  0.5416259  0.5351921  0.5497505  0.5623110  0.5615867  0.5609384  0.5913858  0.6054592  0.5894424  0.5347933  0.5042370  0.5450411  0.5662428  0.5474824  0.5085277  0.4907216  0.4830279  0.5359953  0.5811516  0.5840272
 3  0.7511928  0.7077284  0.6811590  0.6745812  0.6836956  0.6970148  0.6938416  0.6854822  0.6871759  0.6986747  0.7076997  0.7061601  0.7052806  0.7169355  0.7353596  0.7179238  0.6878151  0.6725286  0.6899213  0.6991426  0.6794418  0.6494312  0.6327618  0.6141328  0.6334454  0.6928776  0.7014625
 4  0.4573467  0.4439921  0.4676313  0.4841082  0.4979282  0.4985755  0.4707922  0.4370720  0.4461847  0.4772439  0.4835584  0.4698671  0.4743080  0.5297991  0.5395087  0.4822619  0.3861967  0.4132310  0.4932760  0.4992389  0.4489809  0.4052423  0.4143606  0.4129910  0.4874433  0.5263478  0.5007933
 1  0.7285885  0.6861851  0.6618437  0.6598290  0.6743613  0.6736718  0.6801693  0.6799007  0.6598093  0.6427070  0.6521959  0.6818455  0.6742579  0.6715593  0.6810542  0.6762562  0.6828875  0.6833676  0.6751607  0.6863853  0.7025088  0.6893038  0.6766796  0.6694244  0.6638858  0.6698531  0.6990220
 2  0.5713707  0.5332933  0.5348860  0.5619151  0.5751583  0.5758745  0.5724481  0.5611683  0.5225795  0.4840320  0.5275115  0.5717623  0.5715389  0.5660427  0.5693803  0.5697378  0.5719537  0.5660780  0.5489856  0.5712709  0.5929934  0.5851225  0.5589472  0.5276750  0.4907630  0.5221328  0.5755136
 3  0.7516385  0.7121700  0.6875141  0.6813168  0.6960149  0.6941902  0.6995749  0.7001003  0.6789915  0.6592574  0.6656532  0.7014138  0.6963009  0.6899067  0.7005145  0.6963781  0.7022854  0.7035085  0.6937189  0.7022619  0.7237265  0.7116914  0.6968580  0.6878654  0.6802799  0.6824649  0.7175668
 4  0.4556943  0.4418778  0.4640202  0.4985824  0.5035404  0.4932425  0.4921807  0.4645192  0.4000784  0.3756485  0.4787263  0.5160250  0.4818642  0.4827103  0.4973722  0.4917628  0.4933091  0.4726765  0.4494643  0.5086200  0.5294229  0.4955259  0.4500715  0.4041845  0.3570735  0.4699013  0.5212805
 1  0.7287496  0.6821007  0.6565573  0.6480850  0.6228230  0.6095189  0.6526148  0.6640904  0.6606417  0.6588399  0.6667243  0.6878038  0.6799931  0.6725933  0.6800151  0.6862688  0.6888426  0.6830909  0.6794320  0.6832007  0.6892419  0.6831117  0.6753754  0.6825262  0.6971277  0.6979511  0.6996174
 2  0.5722266  0.5321358  0.5345606  0.5393334  0.5097784  0.5073208  0.5491434  0.5634580  0.5552003  0.5459656  0.5623201  0.5785229  0.5681100  0.5461239  0.5492806  0.5668731  0.5717914  0.5635188  0.5510823  0.5542340  0.5582469  0.5422210  0.5168335  0.5333265  0.5658035  0.5839131  0.5892468
 3  0.7522206  0.7088684  0.6826987  0.6718849  0.6445565  0.6253200  0.6693593  0.6842696  0.6804111  0.6781538  0.6837098  0.7079448  0.7014488  0.6904576  0.6966586  0.7049051  0.7088145  0.7027637  0.6974958  0.7006689  0.7080134  0.7017751  0.6916196  0.6972499  0.7150423  0.7172925  0.7199451
 4  0.4567510  0.4439026  0.4658387  0.4585603  0.4077979  0.4433890  0.4941891  0.4896837  0.4711546  0.4598303  0.4964667  0.5106551  0.4651687  0.4398088  0.4754884  0.4981978  0.4904281  0.4655867  0.4571463  0.4761919  0.4714065  0.4235942  0.3988315  0.4658646  0.5013836  0.5100743  0.5115482
 1  0.7314508  0.6876579  0.6630763  0.6624482  0.6794411  0.6842172  0.6679668  0.6538693  0.6457820  0.6722386  0.7044567  0.6945922  0.6790939  0.6764134  0.6872664  0.6909910  0.6658551  0.6440855  0.6183773  0.5902533  0.6533324  0.6441508  0.6264695  0.6035002  0.6177375  0.6444698  0.6598982
 2  0.5718119  0.5326729  0.5375467  0.5665002  0.5876053  0.5868349  0.5567600  0.5094914  0.4873896  0.5662142  0.6029110  0.5975726  0.5625612  0.5403334  0.5574873  0.5698703  0.5506663  0.5261427  0.5083049  0.5301621  0.5712170  0.5606098  0.5281404  0.4993322  0.5180861  0.5422821  0.5711168
 3  0.7538355  0.7134097  0.6890084  0.6842644  0.7005037  0.7067261  0.6894068  0.6720938  0.6606871  0.6854497  0.7266485  0.7179136  0.6993273  0.6931257  0.7039086  0.7110575  0.6867963  0.6630327  0.6372589  0.6034288  0.6742361  0.6673806  0.6468541  0.6228588  0.6336088  0.6628000  0.6775815
 4  0.4534029  0.4431864  0.4696455  0.5035126  0.5231512  0.5056408  0.4411515  0.3717948  0.4020760  0.5238520  0.5443885  0.5031515  0.4380071  0.4434493  0.4933736  0.4962758  0.4570413  0.4398015  0.4358951  0.4902694  0.5168487  0.4788335  0.4402330  0.4180377  0.4576806  0.4792687  0.5076027
 1  0.7320621  0.6910884  0.6657461  0.6559489  0.6546964  0.6640710  0.6696567  0.6874400  0.6940880  0.7028206  0.6992187  0.6953013  0.6920968  0.6855870  0.6786431  0.6723141  0.6614285  0.6419374  0.6357905  0.6624640  0.6675759  0.6842266  0.6778355  0.6766823  0.6751085  0.6833725  0.6949344
 2  0.5746545  0.5344151  0.5366805  0.5459342  0.5502026  0.5492709  0.5539614  0.5670219  0.5847615  0.5952037  0.5907011  0.5786480  0.5621394  0.5486944  0.5324656  0.5205101  0.5030854  0.4788526  0.5136468  0.5657881  0.5869967  0.5907696  0.5796704  0.5580983  0.5462214  0.5680666  0.5898450
 3  0.7544364  0.7164504  0.6913596  0.6793074  0.6749141  0.6832862  0.6873202  0.7052744  0.7127881  0.7235559  0.7207274  0.7147046  0.7106794  0.7040794  0.6962626  0.6895621  0.6786624  0.6588892  0.6495621  0.6819566  0.6880094  0.7067633  0.7001162  0.6955357  0.6924118  0.7007811  0.7151040
 4  0.4545522  0.4418585  0.4670662  0.4693186  0.4692126  0.4618976  0.4730892  0.4934007  0.5152574  0.5237324  0.5013605  0.4791952  0.4680221  0.4502063  0.4315922  0.4197195  0.3976158  0.3770978  0.4649169  0.5145665  0.5232131  0.5208059  0.4821056  0.4511069  0.4632446  0.5050709  0.5259800
 1  0.7287904  0.6836471  0.6583535  0.6517014  0.6586738  0.6757613  0.6780732  0.6751802  0.6671022  0.6748194  0.6835681  0.6991204  0.6911612  0.6848564  0.6701844  0.6613915  0.6617939  0.6613003  0.6729977  0.6754280  0.6770884  0.6873050  0.6904485  0.6820686  0.6765842  0.6744766  0.6825686
 2  0.5701777  0.5321565  0.5345091  0.5463230  0.5601411  0.5711031  0.5651408  0.5445972  0.5297100  0.5442723  0.5715787  0.5868448  0.5794532  0.5576466  0.5245152  0.5087253  0.5147650  0.5360963  0.5589127  0.5670147  0.5722068  0.5845442  0.5859542  0.5706208  0.5442763  0.5213728  0.5221690
 3  0.7520664  0.7102563  0.6843676  0.6747281  0.6783686  0.6953066  0.6982144  0.6938394  0.6833796  0.6923935  0.7014300  0.7190911  0.7120285  0.7041107  0.6880813  0.6778369  0.6784939  0.6783063  0.6914339  0.6952819  0.6961317  0.7069138  0.7118831  0.7029922  0.6955044  0.6909450  0.6980730
 4  0.4552733  0.4433234  0.4647111  0.4721333  0.4871893  0.4959651  0.4724245  0.4303269  0.4446197  0.4754111  0.5040595  0.5132580  0.4866593  0.4467991  0.4126619  0.4171069  0.4366906  0.4684687  0.4910196  0.4897695  0.4982607  0.5161524  0.5081256  0.4716659  0.4239699  0.4111543  0.4366526
 1  0.7295185  0.6836929  0.6586781  0.6603477  0.6770515  0.6708043  0.6226637  0.6473414  0.6325989  0.6011865  0.6230810  0.6338509  0.6027435  0.5815398  0.6439283  0.6828221  0.6552391  0.6265904  0.6331689  0.6457018  0.6557327  0.6660427  0.6783904  0.6886065  0.6809850  0.6686313  0.6613288
 2  0.5718653  0.5322704  0.5363975  0.5685907  0.5835853  0.5729742  0.5423906  0.5688572  0.5499295  0.5207237  0.5419888  0.5525558  0.5293875  0.5270649  0.5845043  0.5988051  0.5678728  0.5215307  0.5094841  0.5125498  0.5200106  0.5339861  0.5515284  0.5627019  0.5541745  0.5328913  0.5291815
 3  0.7524887  0.7099336  0.6847516  0.6817411  0.6991236  0.6932878  0.6394146  0.6676770  0.6576128  0.6204813  0.6401484  0.6546592  0.6229783  0.5983759  0.6600528  0.7072776  0.6803317  0.6472885  0.6505503  0.6626404  0.6724489  0.6828827  0.6955743  0.7068523  0.7002472  0.6873957  0.6778438
 4  0.4555759  0.4438953  0.4690611  0.5077675  0.5169307  0.4814521  0.4836341  0.5202714  0.4695270  0.4492380  0.4894541  0.4903377  0.4713839  0.4836223  0.5352291  0.5379901  0.4743515  0.4166409  0.4213760  0.4306719  0.4381621  0.4538223  0.4752561  0.4819722  0.4614877  0.4272226  0.4512664
 1  0.7274045  0.6821151  0.6567067  0.6499094  0.6444726  0.6450510  0.6742725  0.6843901  0.6834784  0.6819920  0.6787438  0.6735079  0.6708516  0.6818907  0.6830005  0.7044185  0.6982250  0.7078531  0.7134561  0.7006745  0.6740661  0.6526200  0.6378293  0.6290011  0.6387227  0.6645495  0.6738626
 2  0.5715916  0.5325075  0.5346529  0.5428049  0.5313296  0.5319648  0.5590292  0.5724494  0.5674354  0.5570032  0.5423155  0.5249383  0.5357954  0.5581891  0.5864299  0.6030616  0.6052654  0.6147663  0.6167394  0.6027481  0.5540917  0.4865333  0.4266444  0.4200717  0.4885409  0.5521973  0.5760595
 3  0.7509238  0.7085997  0.6827047  0.6734514  0.6657466  0.6618050  0.6913255  0.7040832  0.7030133  0.7006693  0.6969866  0.6909644  0.6865032  0.7007839  0.7009937  0.7262780  0.7203507  0.7283789  0.7375826  0.7245452  0.6952174  0.6702342  0.6524272  0.6423918  0.6521007  0.6818899  0.6939797
 4  0.4571408  0.4435036  0.4661632  0.4651008  0.4301867  0.4539018  0.4962319  0.4960236  0.4757281  0.4610850  0.4421421  0.4208020  0.4665151  0.4909621  0.5221942  0.5387497  0.5292972  0.5476370  0.5490215  0.5081237  0.4169561  0.3217618  0.2932876  0.3417258  0.4438865  0.4990672  0.5061699
 1  0.7295224  0.6865397  0.6611703  0.6574480  0.6697023  0.6709766  0.6688094  0.6626036  0.6481846  0.6387836  0.6624398  0.6836473  0.6955382  0.6917976  0.6807282  0.6759432  0.6916467  0.6880331  0.6706624  0.6597351  0.6619827  0.6744155  0.7088341  0.6889761  0.6604458  0.6472871  0.6560134
 2  0.5724896  0.5338179  0.5351735  0.5576398  0.5705039  0.5690140  0.5550992  0.5351543  0.5081787  0.5080077  0.5496742  0.5832175  0.5942716  0.5851232  0.5549294  0.5466002  0.5721565  0.5772947  0.5565607  0.5353601  0.5263505  0.5763506  0.6063416  0.5919368  0.5362599  0.4829066  0.4763764
 3  0.7526309  0.7126323  0.6869343  0.6794558  0.6908525  0.6914821  0.6882819  0.6816208  0.6659973  0.6549417  0.6789134  0.7024263  0.7169159  0.7129899  0.7003248  0.6922313  0.7097005  0.7096018  0.6913984  0.6781034  0.6800098  0.6880368  0.7317978  0.7135400  0.6809040  0.6634428  0.6706785
 4  0.4564538  0.4427864  0.4649782  0.4918476  0.4976610  0.4840782  0.4640218  0.4338352  0.4076325  0.4395538  0.4918952  0.5214414  0.5199213  0.4895668  0.4388038  0.4660361  0.5119731  0.4987542  0.4553711  0.4413555  0.4334715  0.5237513  0.5491622  0.4907658  0.3858937  0.3567443  0.3872477
 1  0.7309671  0.6879792  0.6637753  0.6570525  0.6584803  0.6556435  0.6462833  0.6589730  0.6843411  0.6860761  0.6932302  0.6924190  0.7048523  0.6989357  0.6860381  0.6812696  0.6842192  0.6845748  0.6855720  0.6857711  0.6863675  0.6858315  0.6921260  0.6820609  0.6739417  0.6848219  0.6860306
 2  0.5684563  0.5320879  0.5364783  0.5503909  0.5494969  0.5314854  0.5084106  0.5411696  0.5738511  0.5850554  0.5848396  0.5895164  0.5956729  0.5884326  0.5625808  0.5412647  0.5313544  0.5223655  0.5231427  0.5283020  0.5340420  0.5485038  0.5618274  0.5493372  0.5383974  0.5490457  0.5541453
 3  0.7533426  0.7138513  0.6895602  0.6799828  0.6795901  0.6750807  0.6628246  0.6738974  0.7038274  0.7060774  0.7136908  0.7116115  0.7256566  0.7203426  0.7054963  0.6989711  0.7012796  0.7007635  0.7015661  0.7021463  0.7031287  0.7025884  0.7107083  0.7017455  0.6906450  0.7020950  0.7048474
 4  0.4519946  0.4423668  0.4665381  0.4770202  0.4603616  0.4194526  0.4143801  0.4879699  0.5102450  0.5087025  0.5032368  0.5143491  0.5230413  0.4950205  0.4534567  0.4386157  0.4272437  0.4203536  0.4267970  0.4376040  0.4440659  0.4726162  0.4831533  0.4420776  0.4456104  0.4750519  0.4632749
 1  0.7317671  0.6897918  0.6642737  0.6584016  0.6625867  0.6701871  0.6717887  0.6715837  0.6761302  0.6811617  0.6830072  0.7024968  0.6969197  0.6832874  0.6724275  0.6721416  0.6866776  0.6883523  0.6824458  0.6800355  0.6831373  0.6827857  0.6883921  0.6880194  0.6948978  0.7021570  0.6998995
 2  0.5734793  0.5336857  0.5367060  0.5528129  0.5611246  0.5632803  0.5563393  0.5465489  0.5445931  0.5428056  0.5635113  0.5912056  0.5908364  0.5644274  0.5197332  0.4989198  0.5250174  0.5497599  0.5536883  0.5541760  0.5572254  0.5584750  0.5579980  0.5548492  0.5648238  0.5837925  0.5855448
 3  0.7541083  0.7153043  0.6900126  0.6812983  0.6831680  0.6898485  0.6909589  0.6900153  0.6937396  0.6988874  0.6991540  0.7223817  0.7193270  0.7038978  0.6901661  0.6866554  0.7015963  0.7064923  0.7010592  0.6980947  0.7016835  0.7012426  0.7069533  0.7056387  0.7119192  0.7210737  0.7209859
 4  0.4539986  0.4422516  0.4677637  0.4811559  0.4841303  0.4805249  0.4674183  0.4545771  0.4557687  0.4501090  0.4976979  0.5293823  0.5055985  0.4431138  0.3731776  0.3997496  0.4616294  0.4738233  0.4638055  0.4702654  0.4746831  0.4750433  0.4643391  0.4608229  0.4901134  0.5148005  0.5039030
 1  0.7288535  0.6823293  0.6583073  0.6582665  0.6781915  0.6909359  0.6899141  0.6769101  0.6624191  0.6589469  0.6744957  0.6793487  0.6783287  0.6806786  0.6762615  0.6682876  0.6623531  0.6696265  0.6891147  0.6965162  0.7036107  0.6949077  0.6898688  0.6932698  0.6824327  0.6702285  0.6587281
 2  0.5713388  0.5321053  0.5365599  0.5636498  0.5867844  0.5978006  0.5885962  0.5603376  0.5140504  0.4932056  0.5181049  0.5404215  0.5559823  0.5630652  0.5529525  0.5257772  0.5074805  0.5404287  0.5820208  0.6037044  0.6072657  0.5941862  0.5743615  0.5602664  0.5353200  0.5031604  0.4836849
 3  0.7520863  0.7088090  0.6844338  0.6801754  0.6989042  0.7122901  0.7119676  0.6978099  0.6804075  0.6738979  0.6898457  0.6967551  0.6961233  0.7001126  0.6963297  0.6862848  0.6781866  0.6849494  0.7079160  0.7175648  0.7268512  0.7171938  0.7090770  0.7116996  0.7008058  0.6869066  0.6745157
 4  0.4561338  0.4443320  0.4689161  0.5001951  0.5218947  0.5262736  0.5030131  0.4434299  0.3765930  0.4009995  0.4498568  0.4643594  0.4810772  0.4858331  0.4506403  0.4041543  0.4129574  0.4843911  0.5247430  0.5394916  0.5338609  0.4971987  0.4741534  0.4625329  0.4211390  0.3817725  0.3800295
 1  0.7275399  0.6836449  0.6594940  0.6537904  0.6501480  0.6588640  0.6626131  0.6711445  0.6881426  0.6887026  0.6881969  0.6835129  0.6715146  0.6610089  0.6702540  0.6801682  0.6774867  0.6802411  0.6901589  0.6977094  0.6850430  0.6738708  0.6722112  0.6612560  0.6580168  0.6760407  0.6877894
 2  0.5739787  0.5340538  0.5357149  0.5458039  0.5462872  0.5479112  0.5457008  0.5583990  0.5785116  0.5840792  0.5786241  0.5629040  0.5319737  0.5096833  0.5358558  0.5615173  0.5655433  0.5693811  0.5865042  0.5944637  0.5797395  0.5595408  0.5464040  0.5262436  0.5243929  0.5560255  0.5758448
 3  0.7511398  0.7097905  0.6852379  0.6770962  0.6704585  0.6777407  0.6813136  0.6881746  0.7072555  0.7095471  0.7086836  0.7032813  0.6901124  0.6774540  0.6857759  0.6992754  0.6975749  0.6986589  0.7089670  0.7195424  0.7070602  0.6931695  0.6909682  0.6804306  0.6741531  0.6929602  0.7075480
 4  0.4592037  0.4432500  0.4664737  0.4689364  0.4649877  0.4665019  0.4602556  0.4881281  0.5123791  0.5075182  0.4909791  0.4614538  0.4156510  0.4138655  0.4743537  0.4948770  0.4807790  0.4907320  0.5220057  0.5232357  0.4859145  0.4645209  0.4585189  0.4226548  0.4447189  0.4955972  0.5026379
 1  0.7283414  0.6853510  0.6591132  0.6503654  0.6456119  0.6512655  0.6484873  0.6540356  0.6785488  0.6917546  0.7045027  0.6952666  0.6793912  0.6720939  0.6652347  0.6550473  0.6695285  0.6872077  0.6897722  0.6859400  0.6743720  0.6706022  0.6606728  0.6431719  0.6586166  0.6905443  0.6904258
 2  0.5707404  0.5332294  0.5335365  0.5386337  0.5315644  0.5204542  0.5052957  0.5236872  0.5634409  0.5940691  0.6036165  0.5901814  0.5517143  0.5169323  0.5057184  0.5196344  0.5666797  0.5916418  0.5935487  0.5781514  0.5483478  0.5351665  0.5398854  0.5443887  0.5761083  0.6013466  0.6004128
 3  0.7516474  0.7116269  0.6848855  0.6738350  0.6661496  0.6692385  0.6653883  0.6692246  0.6959889  0.7109327  0.7266876  0.7175086  0.6987549  0.6886448  0.6814195  0.6717041  0.6864191  0.7084304  0.7121542  0.7067312  0.6933374  0.6878044  0.6784307  0.6633405  0.6764920  0.7115688  0.7137656
 4  0.4561331  0.4423514  0.4628326  0.4573049  0.4350993  0.4177914  0.4096583  0.4604702  0.5040739  0.5305505  0.5318366  0.4885710  0.4230211  0.4035756  0.4195787  0.4551159  0.5118201  0.5295106  0.5122279  0.4766395  0.4419994  0.4476358  0.4750493  0.4811336  0.5172237  0.5407504  0.5288083
 1  0.7279220  0.6803871  0.6575151  0.6501833  0.6448790  0.6585248  0.6833245  0.6963715  0.6792457  0.6590764  0.6434831  0.6474734  0.6587183  0.6705258  0.6824244  0.6977163  0.6957418  0.6995108  0.6800751  0.6619766  0.6567326  0.6627874  0.6659963  0.6581563  0.6559466  0.6629164  0.6750536
 2  0.5722626  0.5318336  0.5364425  0.5434363  0.5397149  0.5540830  0.5833159  0.5939048  0.5715353  0.5291592  0.4965334  0.5076217  0.5313422  0.5514679  0.5778194  0.5950623  0.6008168  0.5978153  0.5699137  0.5270270  0.5109787  0.5348518  0.5502975  0.5445814  0.5357693  0.5371276  0.5485731
 3  0.7514597  0.7070823  0.6836465  0.6739339  0.6653919  0.6757918  0.7015642  0.7179036  0.7012516  0.6787762  0.6599526  0.6635043  0.6760546  0.6879379  0.7001843  0.7185867  0.7168749  0.7219555  0.7023224  0.6805570  0.6724779  0.6797816  0.6851071  0.6782830  0.6747114  0.6800454  0.6927569
 4  0.4572140  0.4443800  0.4684741  0.4648693  0.4531966  0.4846885  0.5222994  0.5209897  0.4707281  0.4029762  0.4003555  0.4406074  0.4588672  0.4775169  0.5139976  0.5282312  0.5296602  0.5198026  0.4590577  0.4015794  0.4298610  0.4723211  0.4787036  0.4572879  0.4419150  0.4566603  0.4712968
 1  0.7299583  0.6871291  0.6597034  0.6521351  0.6588473  0.6665454  0.6695810  0.6770585  0.6808161  0.7014018  0.6941071  0.6851443  0.6902245  0.6852838  0.6840268  0.6888685  0.6894086  0.6816390  0.6731006  0.6748105  0.6790384  0.6799861  0.6971432  0.6932152  0.6850806  0.6840956  0.7002772
 2  0.5711477  0.5329857  0.5333464  0.5461929  0.5548486  0.5542830  0.5504469  0.5476258  0.5676943  0.5906874  0.5866532  0.5723868  0.5657781  0.5566455  0.5463518  0.5516438  0.5531964  0.5358828  0.5100192  0.4985503  0.5011480  0.5304955  0.5647002  0.5702262  0.5517158  0.5587204  0.5805554
 3  0.7529014  0.7133254  0.6855371  0.6749408  0.6792244  0.6858848  0.6876785  0.6951616  0.6973395  0.7215660  0.7162977  0.7042081  0.7089710  0.7046395  0.7014346  0.7059752  0.7078611  0.7001235  0.6897256  0.6897794  0.6945984  0.6948454  0.7149471  0.7130294  0.7036536  0.7002316  0.7196825
 4  0.4546550  0.4421283  0.4628043  0.4733936  0.4751549  0.4660101  0.4638519  0.4587776  0.5015478  0.5268534  0.4959594  0.4770373  0.4818437  0.4595219  0.4498235  0.4688406  0.4648678  0.4208903  0.3829360  0.3972945  0.4053205  0.4638897  0.4971568  0.4786665  0.4422914  0.4863442  0.5152570
 1  0.7300844  0.6847040  0.6436931  0.6311842  0.6263745  0.6355908  0.6424806  0.6485453  0.6803190  0.6741095  0.6690654  0.6757365  0.6854035  0.6867477  0.6795225  0.6680029  0.6645983  0.6860231  0.6895251  0.6777069  0.6546298  0.6542784  0.7025016  0.6883633  0.6613999  0.6443591  0.6443484
 2  0.5711411  0.5323297  0.5281891  0.5329196  0.5291432  0.5308968  0.5330760  0.5582464  0.5841632  0.5784283  0.5627445  0.5633373  0.5740651  0.5765183  0.5649372  0.5371714  0.5302046  0.5610483  0.5740601  0.5610126  0.5274549  0.5723086  0.6057871  0.5955056  0.5421996  0.4795960  0.4627663
 3  0.7530262  0.7111078  0.6700318  0.6552801  0.6473653  0.6537065  0.6608438  0.6648363  0.7010148  0.6966889  0.6889615  0.6937931  0.7045177  0.7070946  0.6998984  0.6875471  0.6806518  0.7027038  0.7101124  0.6979409  0.6736488  0.6667798  0.7256106  0.7128858  0.6822508  0.6612526  0.6583742
 4  0.4548105  0.4437284  0.4651716  0.4604952  0.4456566  0.4532100  0.4586919  0.5018365  0.5234508  0.4935724  0.4693975  0.4865009  0.5038452  0.4979529  0.4718670  0.4221248  0.4465518  0.5012705  0.4979822  0.4620164  0.4289714  0.5242366  0.5501695  0.4986627  0.3960738  0.3351787  0.3775821
 1  0.7297766  0.6848594  0.6621544  0.6645468  0.6869535  0.6821680  0.6780555  0.6828605  0.6781722  0.6759298  0.6745055  0.6635440  0.6270966  0.5799918  0.5983279  0.5754264  0.6455104  0.6985197  0.7086116  0.6992557  0.6954973  0.6901254  0.6816770  0.6736969  0.6753618  0.6932169  0.6830327
 2  0.5731114  0.5330533  0.5368936  0.5725274  0.5899510  0.5837733  0.5676629  0.5618606  0.5534578  0.5489419  0.5496509  0.5343139  0.4891409  0.4667058  0.5012711  0.5073284  0.5779746  0.6155021  0.6188395  0.6070035  0.5869064  0.5652304  0.5357592  0.5105368  0.5378281  0.5744528  0.5736303
 3  0.7529155  0.7110679  0.6879783  0.6853405  0.7093442  0.7040400  0.6969625  0.7018176  0.6972284  0.6938778  0.6932232  0.6831160  0.6460908  0.5954379  0.6154263  0.5929472  0.6597858  0.7196803  0.7333567  0.7220058  0.7162598  0.7095846  0.6995363  0.6903655  0.6898485  0.7125648  0.7049243
 4  0.4566960  0.4432916  0.4672176  0.5127471  0.5215328  0.4908716  0.4776827  0.4776392  0.4630599  0.4654088  0.4681448  0.4363397  0.3842950  0.4101148  0.4460703  0.4564996  0.5290855  0.5571325  0.5479496  0.5171559  0.4904273  0.4585285  0.4212227  0.3993909  0.4778356  0.5155111  0.4832846
 1  0.7280549  0.6813184  0.6618993  0.6585434  0.6627695  0.6730877  0.6866985  0.6938529  0.6914298  0.7068871  0.6941437  0.6859251  0.6812896  0.6750579  0.6768303  0.6918066  0.7020488  0.6924463  0.6812585  0.6755513  0.6768073  0.6682665  0.6792274  0.6784356  0.6638053  0.6594391  0.6513090
 2  0.5742871  0.5326443  0.5387525  0.5540172  0.5605569  0.5686046  0.5801851  0.5805648  0.5866440  0.5949014  0.5833675  0.5567774  0.5253570  0.4901345  0.4843203  0.5470526  0.5780513  0.5765085  0.5569354  0.5514263  0.5514753  0.5527568  0.5657964  0.5621656  0.5386588  0.5234120  0.5213267
 3  0.7515398  0.7076519  0.6878214  0.6815899  0.6833394  0.6920366  0.7056276  0.7143187  0.7095771  0.7278553  0.7158811  0.7047728  0.6986675  0.6909401  0.6902180  0.7065196  0.7219349  0.7127336  0.7000247  0.6937457  0.6957819  0.6868137  0.6979843  0.6989098  0.6829443  0.6767273  0.6690333
 4  0.4584217  0.4441404  0.4700979  0.4809570  0.4813581  0.4918423  0.5078891  0.4955494  0.5119335  0.5239475  0.4848027  0.4394250  0.3987036  0.3494265  0.3986546  0.4953759  0.5092732  0.4801707  0.4608877  0.4711481  0.4705318  0.4761201  0.4938403  0.4724472  0.4345462  0.4328871  0.4442185
 1  0.7296925  0.6823790  0.6580036  0.6600123  0.6799994  0.6755779  0.6680798  0.6796464  0.6837234  0.6757488  0.6661482  0.6592122  0.6556738  0.6635073  0.6713433  0.6755210  0.6780652  0.6699792  0.6577583  0.6609740  0.6478828  0.6495766  0.6816985  0.6912278  0.6827997  0.6886980  0.6853116
 2  0.5699182  0.5311662  0.5355050  0.5674121  0.5821366  0.5714916  0.5481469  0.5547626  0.5647258  0.5571437  0.5391864  0.5198989  0.5235353  0.5497555  0.5649815  0.5694659  0.5647945  0.5500654  0.5434864  0.5527950  0.5443658  0.5554183  0.5874975  0.5945704  0.5866503  0.5877604  0.5785478
 3  0.7528275  0.7093079  0.6842738  0.6812498  0.7020698  0.6972598  0.6859678  0.6965795  0.7031506  0.6958092  0.6853682  0.6769032  0.6717869  0.6815404  0.6912665  0.6948606  0.6979487  0.6895105  0.6750676  0.6808822  0.6687605  0.6664162  0.7010563  0.7133882  0.7035377  0.7089937  0.7072402
 4  0.4541773  0.4442349  0.4664672  0.5058430  0.5109780  0.4683430  0.4486361  0.4832600  0.4910284  0.4676868  0.4358056  0.4188886  0.4539821  0.4889224  0.4904089  0.4901992  0.4800946  0.4548022  0.4733705  0.4857145  0.4604838  0.4936752  0.5279423  0.5202608  0.5070609  0.5155360  0.4933033
 1  0.7310651  0.6891377  0.6599680  0.6496389  0.6482227  0.6693858  0.6831253  0.6772301  0.6798412  0.6948273  0.6877262  0.6619876  0.6482762  0.6561967  0.6503709  0.6400018  0.6466217  0.6486537  0.6606654  0.6596129  0.6661295  0.6718473  0.6810727  0.6851332  0.7003641  0.6920556  0.6855630
 2  0.5714015  0.5331544  0.5339631  0.5409754  0.5468601  0.5684206  0.5770657  0.5701186  0.5770701  0.5970044  0.5897409  0.5541750  0.5183877  0.5067541  0.4969005  0.4921084  0.5130813  0.5309319  0.5416367  0.5381605  0.5330999  0.5376936  0.5483925  0.5708859  0.5878394  0.5798785  0.5630860
 3  0.7535218  0.7148145  0.6857953  0.6732501  0.6681041  0.6871884  0.7036987  0.6973348  0.6976277  0.7155348  0.7113474  0.6847643  0.6664237  0.6724770  0.6678022  0.6561496  0.6632483  0.6663349  0.6792271  0.6783456  0.6835690  0.6886043  0.6986837  0.7024178  0.7206673  0.7133374  0.7039618
 4  0.4534606  0.4419255  0.4655090  0.4634533  0.4684529  0.5022089  0.5025860  0.4817995  0.5103615  0.5349937  0.5128891  0.4389450  0.4043529  0.4165670  0.4022199  0.4100781  0.4416029  0.4617255  0.4616559  0.4456636  0.4386815  0.4565876  0.4692130  0.5039831  0.5175308  0.4826180  0.4626683
 1  0.7294815  0.6845464  0.6581925  0.6505618  0.6490919  0.6601314  0.6732942  0.6923674  0.6910532  0.6916643  0.6814167  0.6717169  0.6537895  0.6361796  0.6669890  0.6668215  0.6663786  0.6689887  0.6779557  0.6783352  0.6692737  0.6813778  0.6868865  0.6831630  0.6703445  0.6539819  0.6323058
 2  0.5725402  0.5325944  0.5351503  0.5436442  0.5443724  0.5472520  0.5664376  0.5841398  0.5861454  0.5795381  0.5603804  0.5395609  0.5103634  0.5183629  0.5594287  0.5691864  0.5665281  0.5684884  0.5716676  0.5605057  0.5457711  0.5625574  0.5808573  0.5823146  0.5669524  0.5400498  0.5043752
 3  0.7525449  0.7108985  0.6842671  0.6741394  0.6694954  0.6785728  0.6904090  0.7121234  0.7119611  0.7117106  0.7011318  0.6904541  0.6720195  0.6516700  0.6851347  0.6877490  0.6863287  0.6887632  0.6979919  0.6983874  0.6870208  0.6984872  0.7070180  0.7045619  0.6919829  0.6746422  0.6510073
 4  0.4554746  0.4435669  0.4669619  0.4664347  0.4598873  0.4646514  0.4997106  0.5166527  0.5048281  0.4895420  0.4648598  0.4388731  0.4088766  0.4597928  0.5031375  0.4954322  0.4901996  0.4949906  0.4924937  0.4612958  0.4551128  0.4978806  0.5153658  0.5082256  0.4817458  0.4397273  0.4055963
 1  0.7294027  0.6821283  0.6583576  0.6556757  0.6681483  0.6690959  0.6668672  0.6611273  0.6489752  0.6530492  0.6543603  0.6785389  0.7018113  0.6833901  0.6668333  0.6620997  0.6658029  0.6727636  0.6734524  0.6766675  0.6856215  0.6837134  0.6819604  0.6822040  0.6862286  0.6812863  0.6781926
 2  0.5698543  0.5310466  0.5362204  0.5589052  0.5700731  0.5679262  0.5548973  0.5384900  0.5261369  0.5334690  0.5474427  0.5894287  0.6050558  0.5869330  0.5468971  0.5194094  0.5239549  0.5392825  0.5466410  0.5498974  0.5556039  0.5535816  0.5497502  0.5555220  0.5582741  0.5478662  0.5441294
 3  0.7524993  0.7088904  0.6845878  0.6778840  0.6894788  0.6895261  0.6862043  0.6804577  0.6665406  0.6710765  0.6728460  0.6949394  0.7254434  0.7070336  0.6865091  0.6792427  0.6818712  0.6905165  0.6921529  0.6939835  0.7037649  0.7021416  0.6997109  0.7002525  0.7051047  0.6998741  0.6950417
 4  0.4541562  0.4442550  0.4678539  0.4932545  0.4963701  0.4827185  0.4682227  0.4433634  0.4455813  0.4631505  0.4768512  0.5340232  0.5410733  0.4856183  0.4254391  0.4166713  0.4503352  0.4665732  0.4559972  0.4655878  0.4725388  0.4624002  0.4629879  0.4766961  0.4713182  0.4459318  0.4591169
 1  0.7272826  0.6772132  0.6560796  0.6548956  0.6615807  0.6630483  0.6774235  0.7035972  0.6825093  0.6578310  0.6371574  0.6338350  0.6657926  0.6676661  0.6629794  0.6667609  0.6734705  0.6759530  0.6756176  0.6795536  0.6802820  0.6809073  0.6933402  0.7086772  0.6998296  0.6878268  0.6791917
 2  0.5729577  0.5314222  0.5381006  0.5580377  0.5641779  0.5600843  0.5835004  0.6019998  0.5826783  0.5394080  0.4911894  0.5010625  0.5432474  0.5506222  0.5348443  0.5262569  0.5334345  0.5387411  0.5437336  0.5475754  0.5481348  0.5511570  0.5809361  0.6009014  0.5935912  0.5683119  0.5346115
 3  0.7510606  0.7040831  0.6823953  0.6777381  0.6828620  0.6832982  0.6938780  0.7254445  0.7062698  0.6787877  0.6549737  0.6480690  0.6828254  0.6877135  0.6813075  0.6833053  0.6903216  0.6937834  0.6933314  0.6972731  0.6984026  0.6985290  0.7103182  0.7298579  0.7222631  0.7076498  0.6968569
 4  0.4584400  0.4458372  0.4719798  0.4901597  0.4883404  0.4741632  0.5210293  0.5390135  0.4905212  0.4157406  0.3732519  0.4437339  0.4854445  0.4601533  0.4259396  0.4345466  0.4546559  0.4547133  0.4564084  0.4626757  0.4602755  0.4683466  0.5178470  0.5347322  0.5014121  0.4515500  0.4191151
 1  0.7263195  0.6768438  0.6523548  0.6470127  0.6461614  0.6568582  0.6550261  0.6510306  0.6635820  0.6827489  0.6984494  0.6891923  0.6780257  0.6837244  0.6788025  0.6722320  0.6803690  0.6876191  0.6909078  0.7046674  0.6911755  0.6857016  0.6737827  0.6743461  0.6822852  0.6760882  0.6594859
 2  0.5711790  0.5311018  0.5353948  0.5465401  0.5491657  0.5504152  0.5357041  0.5199124  0.5363592  0.5774577  0.5947313  0.5845740  0.5633139  0.5570551  0.5431186  0.5238380  0.5367415  0.5522147  0.5742511  0.5896022  0.5809739  0.5626256  0.5409157  0.5437887  0.5565441  0.5511628  0.5178203
 3  0.7502776  0.7039171  0.6787276  0.6705693  0.6666587  0.6763117  0.6744772  0.6683738  0.6795426  0.7000152  0.7201198  0.7111727  0.6967372  0.7023361  0.6979749  0.6889438  0.6961605  0.7057377  0.7082279  0.7249115  0.7123519  0.7051993  0.6922221  0.6911735  0.7008027  0.6959327  0.6782437
 4  0.4579942  0.4454369  0.4693175  0.4733808  0.4721374  0.4682805  0.4370557  0.4253727  0.4687930  0.5204729  0.5262163  0.4863502  0.4688059  0.4727380  0.4359985  0.4185835  0.4619526  0.4747450  0.5043211  0.5174611  0.4907199  0.4607572  0.4417247  0.4681910  0.4833316  0.4540221  0.3955508
 1  0.7283663  0.6829579  0.6538886  0.6449932  0.6372174  0.6622669  0.6809828  0.6806451  0.6826556  0.6813013  0.6704139  0.6709178  0.6758681  0.6713547  0.6422195  0.6225834  0.6761317  0.6535522  0.6349109  0.6438498  0.6574107  0.6501730  0.6592751  0.6654475  0.6659376  0.6819765  0.6795119
 2  0.5709641  0.5324889  0.5330531  0.5361527  0.5360929  0.5611133  0.5758162  0.5754373  0.5732625  0.5679595  0.5525816  0.5513132  0.5599898  0.5543246  0.5194651  0.5420378  0.5854417  0.5641243  0.5322622  0.5344266  0.5483542  0.5446926  0.5500519  0.5483766  0.5565423  0.5739734  0.5702269
 3  0.7517058  0.7093843  0.6799456  0.6690967  0.6569427  0.6793655  0.7012782  0.7004311  0.7017800  0.7019444  0.6898882  0.6886288  0.6949657  0.6913329  0.6622128  0.6355404  0.6976291  0.6785320  0.6551612  0.6607009  0.6762484  0.6700515  0.6780638  0.6844477  0.6832029  0.7014937  0.7010510
 4  0.4566222  0.4434897  0.4658123  0.4541656  0.4556688  0.4983880  0.5036104  0.4911780  0.4971288  0.4830386  0.4590823  0.4747474  0.4862722  0.4671191  0.4216868  0.4962886  0.5329249  0.4743979  0.4323258  0.4644012  0.4808381  0.4675590  0.4694066  0.4620887  0.4871873  0.5089089  0.4778359
 1  0.7305319  0.6894320  0.6584075  0.6515099  0.6614914  0.6739238  0.6788759  0.6687699  0.6612360  0.6598938  0.6771192  0.6845588  0.6795347  0.6809843  0.6832055  0.6930311  0.6848382  0.6789500  0.6718956  0.6738670  0.6786871  0.6766175  0.6706020  0.6700711  0.6753746  0.6942864  0.6976141
 2  0.5721984  0.5340459  0.5319224  0.5509816  0.5673242  0.5806643  0.5783578  0.5576319  0.5241543  0.5044194  0.5254303  0.5420421  0.5456702  0.5446237  0.5505495  0.5557290  0.5481969  0.5356625  0.5302999  0.5472386  0.5653827  0.5684775  0.5622056  0.5557279  0.5680725  0.5889015  0.5922797
 3  0.7533336  0.7152156  0.6841417  0.6737814  0.6818880  0.6939452  0.7001593  0.6899209  0.6799144  0.6754476  0.6924168  0.7022214  0.6972174  0.6988363  0.7006123  0.7106892  0.7032834  0.6965888  0.6889488  0.6910716  0.6977174  0.6970752  0.6905329  0.6894098  0.6931320  0.7138196  0.7193487
 4  0.4550996  0.4415642  0.4624033  0.4844924  0.4997732  0.5111659  0.5004708  0.4543592  0.3954085  0.4072445  0.4557859  0.4603482  0.4555274  0.4543596  0.4653402  0.4691454  0.4516100  0.4347927  0.4453388  0.4790139  0.4972408  0.4904270  0.4786475  0.4715733  0.4984495  0.5241865  0.5111212
 1  0.7307829  0.6860537  0.6616997  0.6655967  0.6920683  0.6838453  0.6644596  0.6732933  0.7110390  0.6999057  0.6771697  0.6657958  0.6557197  0.6506881  0.6704411  0.6781426  0.6780308  0.6791069  0.6969096  0.6870895  0.6710131  0.6631267  0.6689451  0.6686622  0.6667014  0.6615536  0.6635629
 2  0.5712566  0.5322089  0.5379257  0.5792883  0.5980688  0.5860502  0.5381165  0.5621534  0.6046670  0.6023604  0.5716829  0.5339355  0.4924119  0.4803061  0.5275296  0.5613336  0.5676510  0.5827488  0.5964800  0.5866674  0.5563574  0.5302767  0.5235908  0.5157887  0.5053795  0.4941695  0.5068673
 3  0.7532018  0.7118875  0.6877396  0.6859700  0.7152363  0.7070076  0.6840739  0.6858219  0.7323601  0.7242441  0.6990910  0.6847719  0.6730267  0.6650456  0.6854958  0.6968136  0.6981530  0.6973721  0.7184659  0.7099811  0.6916090  0.6809551  0.6859534  0.6857811  0.6833432  0.6774638  0.6788153
 4  0.4532831  0.4437037  0.4709972  0.5222066  0.5325621  0.4830385  0.3953653  0.5063799  0.5510735  0.5216281  0.4610332  0.4124883  0.3624999  0.3997160  0.4719206  0.4955379  0.4893369  0.5160668  0.5314929  0.4985045  0.4451447  0.4288147  0.4315706  0.4178511  0.3942528  0.3912773  0.4313799
 1  0.7288303  0.6819875  0.6541765  0.6464942  0.6346005  0.6237967  0.6437555  0.6828254  0.6804345  0.6791758  0.6787566  0.6730922  0.6633486  0.6720812  0.7052663  0.7063479  0.6822709  0.6622015  0.6432301  0.6710803  0.7143313  0.6883428  0.6544597  0.6350302  0.6468203  0.6393142  0.6317216
 2  0.5741911  0.5326797  0.5342542  0.5447807  0.5332342  0.5153573  0.5490242  0.5821739  0.5837335  0.5750266  0.5632601  0.5406762  0.5078507  0.5454385  0.6000676  0.6081438  0.5803622  0.5319239  0.4820147  0.5800913  0.6174536  0.5993200  0.5449112  0.4966975  0.5036246  0.5012086  0.4990678
 3  0.7523075  0.7085226  0.6803598  0.6699995  0.6560599  0.6432198  0.6584176  0.7024767  0.7022177  0.6993300  0.6987667  0.6922105  0.6803120  0.6855935  0.7244070  0.7304322  0.7055648  0.6818770  0.6595631  0.6806004  0.7397347  0.7147533  0.6770855  0.6519980  0.6622985  0.6582561  0.6487488
 4  0.4580154  0.4441960  0.4677910  0.4721044  0.4488197  0.4271340  0.4933682  0.5233528  0.5039267  0.4896502  0.4709425  0.4265862  0.3905872  0.4919315  0.5468808  0.5367008  0.4715914  0.3922402  0.3690145  0.5381532  0.5630814  0.5093967  0.4058892  0.3880309  0.4357459  0.4142838  0.4109847
 1  0.7302531  0.6858863  0.6595654  0.6515740  0.6489577  0.6628708  0.6711719  0.6692630  0.6632171  0.6774720  0.6975267  0.6862862  0.6725097  0.6742584  0.6766907  0.6845010  0.6825742  0.6863243  0.6735531  0.6600687  0.6516845  0.6496432  0.6590929  0.6793335  0.7043926  0.6923532  0.6673147
 2  0.5733499  0.5330521  0.5368062  0.5454496  0.5464625  0.5538140  0.5556425  0.5444377  0.5360044  0.5708840  0.5917702  0.5797105  0.5478414  0.5321475  0.5393053  0.5559748  0.5719205  0.5768995  0.5595918  0.5298937  0.5131336  0.5235710  0.5437165  0.5873676  0.6060506  0.5948610  0.5514728
 3  0.7529906  0.7117295  0.6855921  0.6754322  0.6694102  0.6811819  0.6902038  0.6882335  0.6805059  0.6937879  0.7190092  0.7083550  0.6912621  0.6912380  0.6934489  0.7023949  0.7014666  0.7069403  0.6948079  0.6787550  0.6683937  0.6669829  0.6770248  0.6958003  0.7272515  0.7156976  0.6876488
 4  0.4553468  0.4437381  0.4703698  0.4687154  0.4630055  0.4761575  0.4735306  0.4471888  0.4519877  0.5144917  0.5253213  0.4772253  0.4336055  0.4375517  0.4643040  0.4841899  0.5015395  0.5016198  0.4592939  0.4184116  0.4289182  0.4553687  0.4744660  0.5301700  0.5426796  0.4994118  0.4365975
 1  0.7306463  0.6840731  0.6602035  0.6544745  0.6525133  0.6561480  0.6701001  0.6816673  0.7004516  0.6890893  0.6738550  0.6671143  0.6896464  0.6962980  0.6794184  0.6647287  0.6524483  0.6536932  0.6653156  0.6713233  0.6706160  0.6848360  0.6798926  0.6877974  0.6990956  0.6722162  0.6508719
 2  0.5746519  0.5326979  0.5385716  0.5516411  0.5486052  0.5501515  0.5598860  0.5873192  0.6014438  0.5900701  0.5538256  0.5326324  0.5637178  0.5778021  0.5590301  0.5183318  0.4800135  0.4871312  0.5381400  0.5617869  0.5710550  0.5754572  0.5684884  0.5879884  0.5980266  0.5753390  0.5420375
 3  0.7534515  0.7102220  0.6864507  0.6780704  0.6737847  0.6744106  0.6884659  0.6994689  0.7227766  0.7123021  0.6943070  0.6832422  0.7060930  0.7168997  0.7001486  0.6829804  0.6684050  0.6680524  0.6811423  0.6917273  0.6903968  0.7044263  0.6998840  0.7049303  0.7222256  0.6962204  0.6706412
 4  0.4558021  0.4449969  0.4725170  0.4784566  0.4614833  0.4707944  0.4896100  0.5260022  0.5367252  0.4967470  0.4251206  0.4427442  0.5048828  0.5031082  0.4474206  0.3820468  0.3631436  0.4179894  0.4852122  0.4938763  0.4929377  0.4961619  0.4826584  0.5246825  0.5349615  0.4807821  0.4466516
 1  0.7306384  0.6854802  0.6596983  0.6517353  0.6505090  0.6498166  0.6572180  0.6849116  0.7039693  0.6938503  0.6755843  0.6760016  0.6727441  0.6733837  0.6664582  0.6647937  0.6588747  0.6788554  0.6773041  0.6684954  0.6686114  0.6777066  0.6788365  0.6706217  0.6595009  0.6690226  0.6823199
 2  0.5714296  0.5324455  0.5352311  0.5439794  0.5375030  0.5216024  0.5310642  0.5824746  0.6034316  0.5932153  0.5618718  0.5470364  0.5431200  0.5408830  0.5382945  0.5352991  0.5544636  0.5811660  0.5792488  0.5563253  0.5409991  0.5487722  0.5480521  0.5333838  0.5240636  0.5587416  0.5792282
 3  0.7535934  0.7119734  0.6857586  0.6751312  0.6715598  0.6680166  0.6724987  0.7014530  0.7264286  0.7166205  0.6950932  0.6942079  0.6909507  0.6914742  0.6847859  0.6828745  0.6754566  0.6995106  0.7002227  0.6884656  0.6856696  0.6954319  0.6976910  0.6890464  0.6760221  0.6855985  0.7035128
 4  0.4547070  0.4435713  0.4657927  0.4666838  0.4387894  0.4158092  0.4632673  0.5299006  0.5379538  0.4958967  0.4585187  0.4581658  0.4588577  0.4552784  0.4516906  0.4501790  0.4954823  0.5231608  0.4911468  0.4447252  0.4533296  0.4734235  0.4589613  0.4257207  0.4427301  0.5045385  0.5129250
 1  0.7298247  0.6828713  0.6595332  0.6705952  0.7006161  0.6884585  0.6709876  0.6656510  0.6736402  0.6858772  0.6747189  0.6637368  0.6811147  0.6814855  0.6776595  0.6732939  0.6701765  0.6683460  0.6796579  0.6785913  0.6796833  0.6930713  0.6939162  0.6919627  0.6956549  0.6928789  0.6841362
 2  0.5696666  0.5309110  0.5371464  0.5883857  0.6067013  0.5951415  0.5528620  0.5178363  0.5212874  0.5378212  0.5333170  0.5306397  0.5611377  0.5732938  0.5663714  0.5533260  0.5393728  0.5408167  0.5543614  0.5521789  0.5548172  0.5678480  0.5702692  0.5662403  0.5674845  0.5674955  0.5544331
 3  0.7525837  0.7093723  0.6857691  0.6897526  0.7248258  0.7121662  0.6907414  0.6827280  0.6890113  0.7027359  0.6936340  0.6799395  0.6985250  0.7022099  0.6982108  0.6923755  0.6882170  0.6857369  0.6978488  0.6977756  0.6968121  0.7111736  0.7135303  0.7100049  0.7139528  0.7119239  0.7033970
 4  0.4530319  0.4441794  0.4695125  0.5326087  0.5436229  0.4947269  0.4269536  0.4046778  0.4422774  0.4624948  0.4286635  0.4505738  0.5008478  0.5004510  0.4755580  0.4554708  0.4476928  0.4646930  0.4777493  0.4581343  0.4712672  0.4944494  0.4806822  0.4751514  0.4851635  0.4823225  0.4606656
 1  0.7291441  0.6867212  0.6617592  0.6513263  0.6348605  0.6416177  0.6767297  0.6944846  0.6741591  0.6721535  0.6541693  0.6366948  0.6511755  0.6735184  0.6709956  0.6681998  0.6716588  0.6702717  0.6722224  0.6656303  0.6745209  0.6707435  0.6746005  0.6692969  0.6629842  0.6490892  0.6325258
 2  0.5731839  0.5335482  0.5348004  0.5364334  0.5169247  0.5288198  0.5837806  0.5991341  0.5848668  0.5695604  0.5411636  0.5087581  0.5246766  0.5516958  0.5526426  0.5530600  0.5610235  0.5672105  0.5644248  0.5582904  0.5587218  0.5592482  0.5609944  0.5590739  0.5495901  0.5339342  0.5147266
 3  0.7522081  0.7126218  0.6874095  0.6751321  0.6557244  0.6571547  0.6930805  0.7179795  0.6968350  0.6931518  0.6752827  0.6549783  0.6668809  0.6911534  0.6905457  0.6864061  0.6903570  0.6903927  0.6929431  0.6847239  0.6935230  0.6898515  0.6937298  0.6890802  0.6826790  0.6687117  0.6513973
 4  0.4562852  0.4417735  0.4643655  0.4510142  0.4130824  0.4618645  0.5332655  0.5346556  0.5026952  0.4853825  0.4406653  0.4102400  0.4563545  0.4837160  0.4684104  0.4722291  0.4923506  0.4967129  0.4805864  0.4755818  0.4801684  0.4808398  0.4849675  0.4794662  0.4668345  0.4478758  0.4313277
