2019 2020 2021 2022 2023 2024 2025 2026 2027 2028 2029 2030 2031 2032 2033 2034 2035 2036 2037 2038 2039 2040 2041 2042 2043 2044 2045
  25959.53   29781.11   39148.93   48019.54   91334.65  157003.80  168097.60  158990.16  120635.14   87896.01   67119.48   56108.39   58505.44   55589.57   47246.38   47378.51   45482.63   38920.55   36665.63   45299.42   64020.76   80766.96   83501.80   97155.76  108137.36  105957.65   82003.41
  26666.73   30531.55   40522.79   50356.75   54133.25   64116.83   77213.18   81855.15   85699.86   92535.07   91148.82   89362.91   91207.52   92131.35   92419.71   88110.06  105744.57  137145.24  141600.07  136165.88   92153.58   57263.36   48354.82   34138.42   33193.99   36343.95   44711.23
  27337.97   31352.20   40477.24   57131.39   74401.61   80507.05   67435.51   60713.23   62852.17   60163.90   57412.50   57714.70   61875.46   63102.81   67939.97   74025.11   71496.22   72156.20   73160.98   72941.97   68935.97   61121.13   50517.85   52397.56   75182.96   92087.11   91689.79
  27375.08   31749.17   42705.57   54436.73   61894.59   64753.04   67752.84   73300.15   92734.23  125407.43  141169.81  152820.52  160830.09  153760.72  142588.82  129375.38  118485.52  113294.38   98761.41   90426.42  102663.12  120431.82  109694.37   90293.78   70590.25   55732.39   53653.56
  27413.16   31184.50   41250.55   53912.88   75658.66   99238.13  105972.51  111074.81   94452.59   80693.27   55989.25   28068.80   45098.14   70848.77   88904.05   98943.24   81072.92   62055.02   63324.28   74801.53   80887.67   79541.63   63422.68   46736.49   32653.70   24670.23   38128.20
  27916.22   31765.90   40845.10   51403.49   59845.37   62489.18   58309.50   62369.05   81557.44   95554.37   89120.87   76759.85   75190.24   76864.99   76038.59   72616.55   61488.26   50431.42   48360.70   47166.09   53820.71   72556.63   85906.49   84304.28   72936.70   73228.07   86957.70
  25293.69   29440.80   39031.10   53853.41   67520.89   70745.63   65056.57   60353.93   54761.95   48645.46   43033.48   48938.36   65444.14   77383.37   80918.95   79939.70   64799.49   48477.06   64718.53  101155.45  130507.59  158354.63  174845.65  175097.98  146703.14  113128.10   93680.33
  26166.07   29372.72   39974.37   48939.62   53797.95   56710.77   70973.01   95801.91  107067.98  122544.91  131690.69  127736.22   95298.63   64510.55   55147.13   46656.31   83081.33  140746.46  148394.36  143497.10  108632.48   67441.40   48174.60   33822.17   44014.63   60765.83   91860.26
  26381.36   30209.24   39305.43   47798.06   50290.09   54504.45   58013.53   70293.08  107713.18  148142.45  159114.15  152605.76  127729.75  104708.76   85869.74   65621.10   55093.87   52844.47   58892.41   60691.01   67833.73   76205.48   77272.29  129436.05  221688.55  270525.71  268671.93
  25129.66   28957.18   38502.95   61189.32   84361.04   89573.16   80559.55   73170.59   66876.91   63449.19   64322.35   65195.76   61430.80   66467.76   81179.87  101816.27  124670.57  135402.93  115967.00   89804.74   70257.71   56878.12   44082.54   32319.87   42505.18   54747.58   57018.12
  27619.19   31451.88   41627.74   52566.39   64138.72   74166.60   83843.11   92458.43   83405.75   72884.89   67651.31   77163.76  104925.70  125153.76  126824.45  125611.47  115897.42  105902.75  102818.11   92135.68   86284.66   79971.38   71850.61   64360.98   58670.26   53440.59   49952.81
  24999.65   28832.24   38889.35   53322.78   64972.09   69464.64   63227.75   54750.05   48793.14   45483.06   56721.94   82379.89  117554.71  150074.55  146250.20  131364.42  100528.68   76354.10   70535.60   69501.61   88326.88  100201.92  101129.50  127541.54  153209.55  163124.01  156383.52
  23892.22   27141.02   37363.03   44600.93   60555.87   84543.84   97098.15   98014.77   89397.31   76580.15   62854.58   54806.77   51142.49   47565.88   42716.30   40096.44   40692.46   52489.34   71367.55   77025.55   75865.01   72581.28   66951.16   63630.30   61747.05   88535.32  121899.23
  24949.98   28954.52   38783.30   47705.07   50113.88   60413.26   74197.16   82193.23   66535.53   50676.26   60219.69   77247.26   88012.48   89052.82   73608.25   62167.11   75609.42   88219.90  112049.73  149428.98  154639.65  140808.95  101737.23   65979.00   57196.62   50757.31   49126.70
  22802.38   25910.03   35903.66   50538.84   72130.84   88308.33   88456.21   80131.10   66441.55   53919.61   51093.37   77230.32  117121.86  132969.00  117631.30   96910.15   81748.57   69378.46   61719.02   62051.35   66846.08   66331.53   63715.38   62959.31   69209.57   82042.06   95231.97
  24653.49   28396.05   38236.98   46446.68   55089.74   69240.66   74976.78   81780.41   79439.76   78589.88   90427.20   95535.59   88959.96   81364.72   77985.31   76976.73  123721.72  190946.19  212967.01  205003.76  167233.63  125815.57   90826.07   71431.93   81005.60   94769.92  117720.76
  25237.80   28975.21   38240.94   50686.31   66524.66   82175.59   82901.51   77939.61   77359.35   81234.55   86050.90   86404.41   89730.32  124919.42  166265.24  172571.38  140213.54  116417.80  111707.25  108435.07   92007.44   70813.47   50650.05   30611.44   37740.19   52343.29   61123.06
  29448.01   33719.86   43686.23   61841.36   78279.63   93012.23  104616.07  105585.80   83643.80   61137.77   58685.79   63915.93   66234.67   73713.28   78533.99   83510.20   95708.69   99437.51   94932.17  115962.09  142046.51  152027.03  145246.09  129726.29  107406.07  104634.39  122394.73
  26177.49   30319.03   40023.65   47157.71   39508.82   35597.56   42397.58   46365.85   45410.70   43610.10   50681.75   60490.35   60766.12   59842.88   60229.77   63957.26   68863.50   69076.40   67422.00   69568.18   71562.39   66075.32   56926.60   55315.40   60993.02   71042.24   82510.58
  26270.83   29403.21   39137.83   57657.88   83368.67  100170.39   93608.47   78463.03   61950.10   70498.38  103737.24  118591.09  113011.35  111410.23  116770.38  119803.73   99066.89   78346.16   52815.08   39812.88   52350.59   54728.13   46987.03   34934.71   35326.70   35933.68   46259.16
  29044.42   32625.52   42374.79   50915.43   58228.21   62545.84   69499.94   81414.37  100005.46  126181.43  145139.44  161489.44  158171.04  147039.17  128726.86  108070.06   81043.88   53991.40   42135.82   39021.15   53204.37   68541.12   77402.68   81728.64   78496.42   86436.77  109080.18
  27952.23   32448.48   42719.59   53264.05   66762.96   82381.80   87053.52   84433.46   73330.64   66948.17   81895.71  101472.44  106022.87  102956.65   84406.21   66242.63   56033.06   49626.55   52584.58   55499.58   62450.77   77341.96   89834.78   92483.34   88116.46   81999.26   77688.81
  25266.52   28635.19   38057.94   58396.73   78372.74   84894.35   67616.38   65949.23   63244.36   56375.81   57469.85   57705.84   44886.10   36839.80   68552.63  103607.99  102286.96   86886.00   84864.27   80562.39   78145.40   76026.25   82451.58   89292.21   80924.84   67996.58   60830.62
  26685.80   30843.38   40376.00   48931.69   49855.82   53323.20   63965.97   73023.72   75835.48   75987.68   70000.88   61662.19   56190.06   54087.49   70720.65  100506.59  135893.60  232211.55  351509.87  412513.47  356801.81  266018.93  177826.31   98672.75   80060.03   75261.62   88669.32
  29213.68   33616.88   43741.32   59324.10   74731.74   84722.40   83645.35   75397.50   58218.45   44629.87   50693.16   66619.13   85276.04   95780.79   88551.78   88508.24   97194.39  101091.77   93239.40   83590.99   75833.40  102277.75  148592.46  156154.05  130292.03  102786.07   89150.23
  28456.26   32150.95   42564.86   53749.06   59301.26   57952.70   48337.45   46964.84   56446.28   68416.27   79953.37  100711.59  130262.97  146325.64  138899.04  129788.77  124041.43  115173.78  101229.23   91055.42   82211.98   79361.50   80394.51   72079.14   67917.15   67388.30   68081.39
  27992.40   31377.67   40881.54   52729.58   63131.06   72088.94   74005.36   72220.24   73001.43   71787.91   78153.48   99762.35  111493.90  107857.36   92988.31   83717.85   80243.77   74444.07   69875.34   68133.91   69146.59   71111.46   74454.01   76965.72   83215.45   98842.09  107193.01
  25257.70   28924.43   38819.46   56593.51   84212.73  119690.40  137095.27  131310.98  108555.67   91364.35   86621.42   82648.58   79398.81   78847.27   75946.94   68270.44   55730.26   52564.71   64442.32   92643.05  128772.26  149637.31  163086.66  169439.67  143993.65  113253.26   80293.76
  27373.46   31486.29   41422.45   51234.86   56186.01   60438.13   60862.03   68278.99   81214.26   93101.42  103718.97  104315.29   88634.19   72760.69   69956.67   70042.57   72572.29   81735.23  101983.44  127485.92  132873.10  131995.53  122202.57  102550.28   96351.18  102088.49  119735.80
  30096.56   34903.69   44705.79   52263.95   54959.13   55333.22   46606.66   42908.05   49822.88   68676.97   93996.58  103240.36   94167.40   81229.52   61276.98   46212.34   52168.61   67385.17   84688.98   93399.86   84766.96   78208.17   61701.10   47787.66   65831.41  104775.37  137082.26
  24580.27   28268.26   38604.52   46686.96   50356.15   60097.54   81771.93  104808.05   99948.51   83302.27   65265.95   50943.71   51845.70   54737.17   66378.65   87220.62  116984.06  145566.54  138140.85  119066.21   98306.33   85801.78   82252.17   72791.69   70560.85   70669.87   74530.81
  30138.69   34764.99   44224.43   54634.99   65204.83   71918.90   74349.15   74664.73   85421.48  109221.65  117985.49  126893.29  132327.87  129125.53  128422.83  130759.04  123996.26  109432.80   92232.45   79543.14   67954.06   63672.55   70101.26   71188.38   65751.62   69609.18   80618.39
  26759.69   30666.32   35628.36   40349.64   42723.51   44872.01   41577.95   45480.72   58484.67   63926.01   68029.41   76680.17   87030.61   96334.45   95197.23   83294.62   81738.65   93024.98   97600.82   93661.43   70950.27   82460.55  130805.13  147005.14  124426.00   95721.16   74401.84
  26581.09   30258.48   40861.56   64544.96   91761.85  106713.50  113336.64  117889.22  113390.88  109899.42  101666.82   85121.19   53723.66   28099.79   21268.95   14943.63   28354.48   60171.55   94182.60  121958.66  137527.51  140807.18  124133.50  102165.82   96942.55  103976.43  104325.11
  24226.29   27529.05   38521.71   50674.48   60790.70   73913.37   92488.11  105637.64  131109.95  166151.94  173494.45  169215.75  149557.74  121438.45  104758.30  104840.42  115796.62  119380.22  109122.40  103250.01   98454.21   94663.85  104035.29  104365.21   91576.22   79521.67   62396.94
  26100.86   30277.31   40773.91   62467.83   84097.26   91696.14   90091.98   96088.58   96862.96   92267.63   82217.03   71441.80   60637.69   55781.92   61265.86   68914.97   70980.10   66948.27   58784.62   52581.25   48480.76   52341.88   75046.08   96319.01  112868.09  138806.86  147178.12
  29053.97   32827.61   41131.17   48299.78   55649.53   72648.62   83641.73   89373.28  103403.09  140590.16  156321.06  139789.51  127077.27  113288.96   87506.60   64474.05   54672.76   47953.30   48670.27   45951.66   45484.88   45284.20   45195.87   51746.90   63439.05   66684.22   68647.89
  26783.24   30796.61   40446.98   49110.15   54852.09   61029.33   73841.09   91771.38  105881.58  119320.53  112656.91  100074.98   74147.68   57103.92   63559.68   67521.74   72089.83   79427.52   91754.81   94609.98   89556.89   96978.46  108732.01  120934.93  118170.83  103978.93   78749.25
  25371.65   29219.18   39698.76   55115.69   69298.54   78392.76   76792.79   69510.39   58638.04   50990.68   51052.78   75706.55  106536.50  113356.19  104665.43   92826.88   84330.59   78063.95   76253.19   78307.50   80859.25   79664.15   75956.26   74978.90   76688.78   73173.85   69250.35
  22355.18   25695.07   36275.51   50243.61   60154.73   65930.37   92747.71  132485.47  131570.21  113481.99   85935.47   69182.88   75768.13   72699.68   67869.33   63884.08   60217.24   55907.27   54040.10   52983.45   51612.86   51228.74   65834.36   89461.33   99332.28   99788.26   87049.36
  23426.02   27295.08   36990.56   46573.25   52613.94   57775.49   53726.22   48742.76   49029.98   61232.79   78656.25   85221.41   85776.36   86930.62   81065.54   72718.32   71506.60   70739.99   83716.66  101999.17  104907.68  104798.60   93127.74   89543.38   91648.05   84381.17   67423.32
  26696.18   30642.64   38869.39   44830.63   49093.73   62554.59   74455.36   84862.63   91269.50   92555.91   88993.92   88492.73   89772.58   85802.16   61212.33   54581.51   69708.86   66579.21   62998.71   64955.58   63449.61   58274.47   62706.71   63460.32   66359.24   74501.94   77668.82
  31453.20   36055.63   43908.98   56233.56   70563.36   91473.61  102640.83   99283.94   89623.34   80849.34   81821.78   79552.62   73272.13   68257.64   70913.06   75230.47   67546.76   59426.54   51613.79   48148.93   50448.38   51437.10   52536.48   52512.88   61433.97   80918.91   97391.48
  25152.40   28099.88   37845.75   64253.20   97760.56  109004.34   95007.89  116666.90  175337.21  208789.36  202113.82  180817.66  142822.50  114843.63  109729.62  110517.10  112433.64  139976.36  185010.69  203316.44  191148.21  173825.70  162689.67  143435.10  119730.68   95033.51   78270.71
  24973.46   28611.82   37013.30   45407.30   43768.13   38451.66   47549.71   63212.18   72222.73   80591.36   82854.69   77382.68   64264.31   67840.48  103716.53  135475.00  132410.58  114507.78   83023.19  111152.74  183792.53  207367.79  178054.51  148787.53  123574.30   89929.44   75323.04
  25543.06   28762.98   37821.97   46032.13   52203.48   60746.41   63637.52   60643.54   55034.22   64260.33   82674.70   85769.82   79597.40   74784.00   71838.18   73170.79   76888.37   83302.71   78725.77   69465.30   55836.01   44970.46   45969.29   66019.65   96178.97  108908.78   94668.81
  23836.90   26898.00   36799.43   47298.64   51874.26   58015.86   62863.24   85852.91  117550.01  130529.57  121656.16  116971.26  137445.88  150694.76  136230.61  112207.94   84685.63   65546.07   60280.04   55947.88   65118.01   77454.99   80352.30  107875.43  131222.67  128599.80  117372.75
  27623.98   31841.05   42026.23   51055.13   54647.92   54328.82   53446.12   71609.68   99976.75  111829.43  106607.00  101957.28   96396.14   89412.43   79737.77   70658.77   68523.36   77281.41   87122.20   88613.77   86118.67   86719.81   83546.80   73164.48   60192.92   59630.66   67990.11
  24735.90   28119.68   38389.04   75019.67  120261.53  138875.62  128106.10  112533.83  110690.23  108407.35   87606.17   77294.91   81689.04   85332.42   88612.63   88563.56   80680.78   76052.36   80177.70   78133.90   82635.63   92387.51   97711.63  104249.08  108536.55  111051.75  100587.88
  28855.99   32900.52   42545.05   48374.18   45533.58   49103.38   67753.40   88613.49   99425.65  105708.59   91991.60   73877.06   78978.20   86240.91   81071.64   80508.31   80209.22   82478.32   86890.29   89489.86   92899.36   94994.37   96362.84   95361.80   86854.32   74197.55   55563.70
