FL 2019 2020 2021 2022 2023 2024 2025 2026 2027 2028 2029 2030 2031 2032 2033 2034 2035 2036 2037 2038 2039 2040 2041 2042 2043 2044 2045
 1    4109.00    1983.83    1983.83    3553.24    3553.24   16231.91   16231.91   36024.45   36024.45   28467.98   28467.98    9179.94    9179.94   13013.62   13013.62   14510.96   14510.96    8519.74    8519.74    3033.49    3033.49    5895.58    5895.58   15165.61   15165.61   30494.77   30494.77
 2     783.00     377.87     377.87     676.81     676.81    3091.79    3091.79    6861.80    6861.80    5422.47    5422.47    1748.56    1748.56    2478.78    2478.78    2763.99    2763.99    1622.81    1622.81     577.81     577.81    1122.97    1122.97    2888.69    2888.69    5808.53    5808.53
 3    3537.00    5456.19    7395.21   12295.61   13461.93   37476.36   40084.64   41577.87   26373.40   21156.09   12757.39   11500.71   11759.90   14795.25    9194.56    9761.11    8155.77    9046.89    7027.09    7933.76   12128.53   19976.97   18528.36   20182.95   23014.86   26487.74   18254.69
 4    1379.00    3006.89    3098.10    6467.13   12944.34   15543.96    8823.52    6999.17    4177.37    4232.60    3510.78    4111.47    2775.52    2926.84    2626.78    3399.92    2129.51    2021.04    2439.84    4010.52    4817.30    6245.02    5011.64    8063.48    7261.38    5681.38    3317.14
 1    4109.00    2048.51    2048.51    5654.42    5654.42    8296.60    8296.60   12592.27   12592.27   13754.20   13754.20    7660.88    7660.88    7874.79    7874.79    6881.95    6881.95   10084.54   10084.54   54722.05   54722.05   26662.95   26662.95    9043.19    9043.19    4127.51    4127.51
 2     783.00     390.19     390.19    1077.03    1077.03    1580.30    1580.30    2398.53    2398.53    2619.85    2619.85    1459.22    1459.22    1499.96    1499.96    1310.85    1310.85    1920.86    1920.86   10423.25   10423.25    5078.66    5078.66    1722.51    1722.51     786.19     786.19
 3    3537.00    4799.14    7209.17   10997.12   12339.19   12187.32   15984.40   16852.13   15773.19   16416.88   17096.42   15075.80   14794.81   19176.85   18221.55   18039.62   17793.18   28788.46   32402.58   29659.21   19568.76   11456.67   10189.00    7881.02    6555.25    6477.64    8448.30
 4    1379.00    2349.90    3047.61    3281.02    3460.41    4621.94    5140.74    4459.10    5017.78    4659.40    3910.55    4105.32    3484.93    4887.91    4311.46    5101.14    9457.30    9748.10    7157.99    5951.62    4351.41    3464.32    2521.60    1804.52    2061.90    2168.25    2750.66
 1    4109.00    3005.31    3005.31    5133.28    5133.28   25679.81   25679.81   14778.46   14778.46   10543.76   10543.76   12766.45   12766.45    6420.41    6420.41   15544.45   15544.45   14735.03   14735.03   12531.75   12531.75   19733.87   19733.87    8303.99    8303.99   12476.77   12476.77
 2     783.00     572.44     572.44     977.77     977.77    4891.39    4891.39    2814.94    2814.94    2008.34    2008.34    2431.70    2431.70    1222.94    1222.94    2960.85    2960.85    2806.67    2806.67    2387.00    2387.00    3758.83    3758.83    1581.71    1581.71    2376.53    2376.53
 3    3537.00    5381.12    7918.25   10532.01   15687.85   18965.15   14544.04   12140.72   13190.11   11338.84   10277.35   10378.10   10176.90   12700.96   12275.72   14830.02   13115.91   12803.53   13791.63   13514.32   13585.32   12769.72   10134.60    8387.95   13096.22   17457.73   16882.08
 4    1379.00    2527.71    3819.19    4784.35    5025.29    4312.28    3977.00    4279.48    3608.99    2689.17    2329.52    3406.78    3545.48    3297.21    3696.70    3872.81    3735.81    3879.73    4010.43    3441.73    2645.70    2813.35    3476.26    4867.09    5712.86    5031.93    2870.33
 1    4109.00     973.90     973.90    6216.21    6216.21    8244.85    8244.85    5719.56    5719.56    6285.97    6285.97   10678.21   10678.21   12373.28   12373.28   15208.58   15208.58   23462.21   23462.21   16031.40   16031.40   24696.67   24696.67   25641.00   25641.00   11768.99   11768.99
 2     783.00     185.50     185.50    1184.04    1184.04    1570.45    1570.45    1089.44    1089.44    1197.33    1197.33    2033.94    2033.94    2356.82    2356.82    2896.87    2896.87    4468.99    4468.99    3053.60    3053.60    4704.13    4704.13    4884.00    4884.00    2241.71    2241.71
 3    3537.00    5355.08    8392.03   11158.54   13875.07   13103.44   12393.24   13521.27   14057.61   21714.56   30316.80   31329.18   33170.65   32694.36   27736.00   27651.36   22198.69   23061.06   19786.28   16979.42   16550.11   27237.61   25844.84   20717.17   14639.71    9936.30    9577.51
 4    1379.00    2606.53    3448.54    3742.58    3828.13    3322.65    3494.65    4770.62    7148.34    7955.76    7830.91    9345.82    7777.46    6322.44    5351.14    5997.55    5944.99    5289.76    5265.09    5719.41    7387.74    7905.74    5416.48    3643.06    3092.36    2568.54    2638.92
 1    4109.00    1834.60    1834.60    4028.64    4028.64   18052.65   18052.65   45807.76   45807.76   43842.42   43842.42    9234.92    9234.92    6513.74    6513.74   25086.60   25086.60   21204.41   21204.41    8644.48    8644.48   23768.05   23768.05   22754.89   22754.89    3713.56    3713.56
 2     783.00     349.45     349.45     767.36     767.36    3438.60    3438.60    8725.29    8725.29    8350.94    8350.94    1759.03    1759.03    1240.71    1240.71    4778.40    4778.40    4038.94    4038.94    1646.57    1646.57    4527.25    4527.25    4334.26    4334.26     707.34     707.34
 3    3537.00    4893.96    7450.63   11029.81   13520.72   22117.39   22057.49   24264.09   19372.57   17972.23   15431.79    7852.45    6979.40   12722.11   17118.80   23308.37   17447.00   12163.75    9554.72   13637.79   17004.75   16940.99   12740.87    8847.53    6520.95    4394.00    7209.95
 4    1379.00    2498.79    3169.07    4777.94    6196.19    7219.65    7194.66    6890.59    6834.49    5060.55    3131.78    2932.47    5070.37    5159.42    5156.04    5255.90    3280.26    3201.62    5189.35    4854.20    3770.41    3493.31    2491.65    1688.40    1769.27    2284.83    3260.32
 1    4109.00    3351.81    3351.81    7662.73    7662.73   14402.85   14402.85   11090.31   11090.31   15510.26   15510.26    8344.64    8344.64   11404.93   11404.93   14372.36   14372.36    9047.81    9047.81    4508.20    4508.20    8718.40    8718.40   23347.17   23347.17    6417.18    6417.18
 2     783.00     638.44     638.44    1459.57    1459.57    2743.40    2743.40    2112.44    2112.44    2954.34    2954.34    1589.46    1589.46    2172.37    2172.37    2737.59    2737.59    1723.39    1723.39     858.70     858.70    1660.65    1660.65    4447.08    4447.08    1222.32    1222.32
 3    3537.00    5070.44    8638.93   10141.55   12400.57   12756.35   12833.39   10268.67   13984.14   21197.19   19712.68   14424.93   13011.51   14564.52   14578.24   14896.45   13360.14   10227.36    9168.00    9429.85   10001.24   12288.92   18793.77   19060.44   14405.65   12412.21   16104.16
 4    1379.00    2538.36    3679.58    3718.76    3717.44    2955.75    3906.64    4605.48    6068.10    5505.67    3526.21    2850.51    3647.19    3863.93    3834.37    2970.76    2321.93    2193.39    2646.08    2784.19    4091.77    5250.02    5064.25    3918.85    4873.69    4865.43    4342.70
 1    4109.00    3241.39    3241.39    3222.91    3222.91    6775.69    6775.69    6993.29    6993.29    6612.14    6612.14    5263.10    5263.10    5334.71    5334.71   22237.45   22237.45    9719.09    9719.09    6543.77    6543.77   12878.71   12878.71   30860.22   30860.22   18249.00   18249.00
 2     783.00     617.41     617.41     613.89     613.89    1290.61    1290.61    1332.06    1332.06    1259.46    1259.46    1002.50    1002.50    1016.14    1016.14    4235.70    4235.70    1851.26    1851.26    1246.43    1246.43    2453.09    2453.09    5878.14    5878.14    3476.00    3476.00
 3    3537.00    4763.59    7022.32    9878.16   14273.55   17200.54   12975.21   11826.47   10257.31    9301.40    7692.42    7986.85   12981.62   16097.58   17208.93   15872.36   12098.39    9334.82    8771.72   16813.09   22214.86   29552.51   34105.65   38203.84   33031.44   20403.22   16648.34
 4    1379.00    2399.24    3274.99    3889.83    3796.54    3243.93    2324.61    2284.56    1943.66    1671.07    2114.33    4041.78    5230.37    4622.76    3587.48    3114.99    2351.95    3028.18    7008.22    7958.63    7540.80    9319.46    9080.82    7428.86    6102.73    3575.30    2739.98
 1    4109.00     541.00     541.00    1271.89    1271.89    5329.17    5329.17   23682.12   23682.12   18423.64   18423.64   41483.44   41483.44   19128.65   19128.65    7122.65    7122.65   25473.30   25473.30   65285.68   65285.68   33785.60   33785.60    5515.36    5515.36    5547.23    5547.23
 2     783.00     103.05     103.05     242.26     242.26    1015.08    1015.08    4510.88    4510.88    3509.26    3509.26    7901.61    7901.61    3643.55    3643.55    1356.70    1356.70    4852.06    4852.06   12435.37   12435.37    6435.35    6435.35    1050.54    1050.54    1056.62    1056.62
 3    3537.00    4987.85    7848.97    9523.99   11340.05   10783.12   10744.24   19583.69   21079.86   24571.05   29050.92   30097.60   20861.84   12105.40   10892.70    9221.31   10493.94   29282.98   36404.29   31759.67   24384.39   16873.83   12301.92    7041.25    9057.39   10703.70   15317.34
 4    1379.00    2576.32    2991.30    2480.46    2393.98    3285.22    5416.59    7974.91    9232.68    8643.49    7468.42    6291.53    3986.41    2531.46    2727.33    4559.76   10141.91   12491.86    9240.24    8286.92    6276.64    3585.16    3152.13    2796.07    3580.57    5534.44    7715.07
 1    4109.00    3120.35    3120.35   10524.36   10524.36   12706.39   12706.39    3998.15    3998.15   15415.55   15415.55   29969.48   29969.48   20403.31   20403.31   10844.99   10844.99    4796.02    4796.02    5215.06    5215.06    6290.13    6290.13    9001.61    9001.61   23559.23   23559.23
 2     783.00     594.35     594.35    2004.64    2004.64    2420.26    2420.26     761.55     761.55    2936.30    2936.30    5708.47    5708.47    3886.34    3886.34    2065.71    2065.71     913.53     913.53     993.34     993.34    1198.12    1198.12    1714.59    1714.59    4487.47    4487.47
 3    3537.00    5079.30    7281.13   10347.15   11399.24   10524.16   12449.04   11393.54   16661.19   30095.31   33450.21   33966.76   25399.26   19650.42   16145.06   11816.29   10114.30    8664.94   11419.74   11516.24   11603.86   13276.04   15523.76   17666.80   41737.78   55189.89   54333.86
 4    1379.00    2677.53    2916.70    3088.17    3495.83    3575.87    4639.73    6669.76    8814.55   10324.88    7683.16    6532.93    5187.30    3816.94    2525.97    1913.88    2271.93    3067.79    3159.08    3331.78    3880.41    3596.57    6255.62   17687.72   21211.44   14290.15    9683.35
 1    4109.00    3203.05    3203.05    4499.88    4499.88    8993.29    8993.29   10587.19   10587.19    8623.23    8623.23    8066.98    8066.98    8620.92    8620.92   11794.86   11794.86   26474.45   26474.45   21732.94   21732.94   23660.41   23660.41    5980.59    5980.59    6757.67    6757.67
 2     783.00     610.10     610.10     857.12     857.12    1713.01    1713.01    2016.61    2016.61    1642.52    1642.52    1536.57    1536.57    1642.08    1642.08    2246.64    2246.64    5042.75    5042.75    4139.61    4139.61    4506.74    4506.74    1139.16    1139.16    1287.18    1287.18
 3    3537.00    4522.72    7111.15   10206.47   16571.93   21371.18   17485.49   13811.79   11680.92   11934.38   11488.69   13126.34   11973.44   11558.93   16108.13   16993.38   20891.83   30620.72   26246.23   16411.83   11433.63   10402.93    9395.12    6305.82    7494.64   10926.42   13344.78
 4    1379.00    2427.98    3643.34    5773.81    4898.17    3633.92    2654.59    2961.51    2756.62    3494.61    3382.33    2842.12    2920.32    4956.23    6944.87    7625.48    6891.08    6534.52    4321.52    2567.02    2135.51    2585.70    2493.29    2280.25    3430.89    3347.59    3432.41
 1    4109.00    1403.09    1403.09    3142.99    3142.99    7964.42    7964.42   14476.77   14476.77   13746.81   13746.81   10250.39   10250.39   26800.16   26800.16   25360.11   25360.11   24008.29   24008.29   12900.43   12900.43   19185.01   19185.01   11574.95   11574.95   14164.46   14164.46
 2     783.00     267.26     267.26     598.66     598.66    1517.03    1517.03    2757.48    2757.48    2618.44    2618.44    1952.46    1952.46    5104.79    5104.79    4830.50    4830.50    4573.01    4573.01    2457.22    2457.22    3654.29    3654.29    2204.75    2204.75    2697.99    2697.99
 3    3537.00    4999.75    8316.89   10637.30   12527.72   15622.04   16347.62   18705.01   19485.04   13962.87   13564.56   12093.14   16649.94   26488.91   26343.00   24940.66   26813.26   17287.06   18102.37   17543.04   15006.45   16368.15   14360.07   12947.53   12194.41   10674.01    9208.69
 4    1379.00    2569.34    3333.63    3969.06    4155.35    4399.90    5730.75    4197.93    3529.93    3313.93    4123.16    6693.08    7292.14    8447.60    8334.36    6526.52    6252.03    5193.47    4563.74    3761.21    3046.97    3744.52    4014.22    3067.72    2531.66    2678.98    4781.38
 1    4109.00    2231.00    2231.00    5514.43    5514.43   12619.53   12619.53   15135.12   15135.12    9725.10    9725.10    7759.75    7759.75   20670.34   20670.34   34944.76   34944.76   24894.41   24894.41    9128.66    9128.66   15322.23   15322.23   26935.99   26935.99   38763.65   38763.65
 2     783.00     424.95     424.95    1050.37    1050.37    2403.72    2403.72    2882.88    2882.88    1852.40    1852.40    1478.05    1478.05    3937.21    3937.21    6656.14    6656.14    4741.79    4741.79    1738.79    1738.79    2918.52    2918.52    5130.66    5130.66    7383.55    7383.55
 3    3537.00    4763.30    7494.65   10287.08   12793.15   14814.15   13042.49   10683.07    8684.85    9033.09    8939.87   15128.66   18657.55   32931.82   34327.40   28370.70   23205.99   13940.01   14971.80   12594.63   15856.55   22698.26   21774.78   21852.18   30745.63   36733.73   32602.24
 4    1379.00    2495.73    3550.23    4422.19    3668.56    3010.02    2414.64    2118.21    2648.80    3090.28    5383.46    7675.82    8737.34    9127.67    7462.89    5353.31    4560.20    4514.72    4674.89    5532.85    5480.33    6070.74    8121.71   11266.14   10754.12   11815.84    9412.00
 1    4109.00    2383.00    2383.00    3051.97    3051.97    5884.96    5884.96    5863.24    5863.24   13004.38   13004.38   11543.07   11543.07   11501.49   11501.49    5736.65    5736.65   10032.79   10032.79    8715.17    8715.17   11428.49   11428.49   18933.68   18933.68   15442.81   15442.81
 2     783.00     453.90     453.90     581.33     581.33    1120.94    1120.94    1116.81    1116.81    2477.02    2477.02    2198.68    2198.68    2190.76    2190.76    1092.70    1092.70    1911.01    1911.01    1660.03    1660.03    2176.86    2176.86    3606.42    3606.42    2941.49    2941.49
 3    3537.00    3959.84    6917.98    9842.01   11171.04   14479.67   19291.01   20441.38   18272.16   14931.49   10520.67   10131.97   10305.07   10128.25    8800.66    7147.45    7603.56    8396.62   14630.19   16644.60   15649.03   13087.85   11811.47   11033.68   10163.37   14703.19   27118.15
 4    1379.00    2001.53    2910.20    3384.32    5431.76    5090.96    4795.47    3563.17    2434.16    1981.05    2412.18    2758.48    3008.08    2571.12    2230.44    1978.24    2294.49    4723.27    5662.31    3841.65    3378.76    2747.83    2690.42    3203.65    5536.43   10397.94    9887.05
 1    4109.00    3375.37    3375.37   10151.53   10151.53   15479.77   15479.77   33206.25   33206.25   18082.22   18082.22   17733.41   17733.41   25447.42   25447.42   13140.20   13140.20    7325.93    7325.93   16280.42   16280.42   39537.50   39537.50   18632.46   18632.46    7282.04    7282.04
 2     783.00     642.93     642.93    1933.62    1933.62    2948.53    2948.53    6325.00    6325.00    3444.23    3444.23    3377.79    3377.79    4847.13    4847.13    2502.90    2502.90    1395.42    1395.42    3101.03    3101.03    7530.95    7530.95    3549.04    3549.04    1387.06    1387.06
 3    3537.00    4214.77    7648.56   10389.82   10661.32   10820.28   14555.16   18929.91   16219.01   10632.19   10976.37   14885.32   16761.71   20742.57   16286.50   11274.54   11761.68   18939.65   20237.89   32032.31   35697.00   30876.59   21690.70   11647.20    9838.86   10777.74   10161.57
 4    1379.00    2440.14    3273.02    3261.53    3679.78    4696.01    5539.05    5297.91    4102.39    3784.95    5950.19    6115.60    4908.92    4549.60    3519.39    4182.22    5267.05    6661.23    9876.72   11211.24    7693.68    4897.76    3200.18    2433.58    2798.70    2964.75    2372.86
 1    4109.00    2770.15    2770.15    5156.84    5156.84    9051.50    9051.50   10177.86   10177.86   10921.68   10921.68    3239.54    3239.54   18094.69   18094.69   13767.60   13767.60   14965.10   14965.10   11841.98   11841.98    8447.21    8447.21    4806.65    4806.65    8323.85    8323.85
 2     783.00     527.65     527.65     982.26     982.26    1724.10    1724.10    1938.64    1938.64    2080.32    2080.32     617.06     617.06    3446.61    3446.61    2622.40    2622.40    2850.50    2850.50    2255.62    2255.62    1608.99    1608.99     915.55     915.55    1585.50    1585.50
 3    3537.00    3633.47    6802.22    9424.36   14077.79   17564.84   18201.38   15357.30   12179.16   10002.75    7859.35   10222.42   19587.36   31076.72   25833.81   17653.91   15115.74   10982.23   11098.59   11553.87   13760.49   15237.63   12790.76   11065.58   12074.28   15197.86   19293.64
 4    1379.00    2015.42    3193.40    4665.84    5942.71    4367.34    3199.21    1987.69    1590.31    2110.94    4457.73    7792.74    6873.53    5945.66    4081.37    2457.50    2665.67    2638.82    3471.97    4058.25    4082.44    3431.08    2827.31    3081.05    3992.33    5717.64    6578.74
 1    4109.00    2597.83    2597.83    3116.65    3116.65   14167.23   14167.23   23598.04   23598.04   21741.72   21741.72   20267.48   20267.48   18656.95   18656.95   11488.55   11488.55   17629.46   17629.46   32624.13   32624.13   41589.70   41589.70   21790.69   21790.69   18417.17   18417.17
 2     783.00     494.82     494.82     593.65     593.65    2698.52    2698.52    4494.86    4494.86    4141.28    4141.28    3860.47    3860.47    3553.70    3553.70    2188.30    2188.30    3357.99    3357.99    6214.12    6214.12    7921.85    7921.85    4150.61    4150.61    3508.03    3508.03
 3    3537.00    4616.16    7070.44    9667.61   10293.69   13558.27   15566.24   16372.40   18069.52   16214.85   18956.34   21896.93   20731.22   15186.14   16293.53   14821.36   18379.12   38847.91   46205.37   44024.62   35721.88   26102.86   16346.08   13729.91   14057.26   16486.30   20052.96
 4    1379.00    2627.72    2888.27    2942.75    3612.63    4825.50    5116.58    5404.12    5800.86    6608.12    7495.11    6116.94    4848.06    4053.77    4683.99    7508.84   15415.32   15647.19   11074.59    6831.62    4437.02    4101.34    4779.47    5676.52    6610.07    6848.80    8508.73
 1    4109.00    3262.64    3262.64    3750.52    3750.52   12077.14   12077.14    9064.44    9064.44    7163.77    7163.77    8179.25    8179.25    9770.38    9770.38   30017.99   30017.99   34367.26   34367.26   30122.86   30122.86   33220.57   33220.57    8077.61    8077.61    5744.51    5744.51
 2     783.00     621.46     621.46     714.38     714.38    2300.41    2300.41    1726.56    1726.56    1364.53    1364.53    1557.95    1557.95    1861.02    1861.02    5717.71    5717.71    6546.14    6546.14    5737.69    5737.69    6327.73    6327.73    1538.59    1538.59    1094.19    1094.19
 3    3537.00    4789.51    6689.85   10260.16   13223.34   17862.59   17409.94   14484.01   13400.89   13849.57   16383.88   15423.29   15943.50   20699.43   31824.81   40496.75   32150.98   21535.35   19626.40   23831.33   22575.95   15678.67   11153.06    6499.32    6395.54    9507.48   13033.12
 4    1379.00    2172.79    3089.61    4097.41    4995.06    5014.19    3814.05    3316.91    3781.75    4094.70    4375.93    3868.27    6190.04   12895.46   10161.99    7144.49    5229.60    6575.35    7631.34    6709.28    4529.88    3262.53    2441.19    1918.73    3617.65    3711.58    3307.91
 1    4109.00    1898.82    1898.82    4914.29    4914.29    9813.34    9813.34   24271.63   24271.63   17920.52   17920.52    9413.25    9413.25   16164.46   16164.46   10114.57   10114.57   12318.77   12318.77   16184.78   16184.78   15403.54   15403.54   21282.95   21282.95   13625.30   13625.30
 2     783.00     361.68     361.68     936.06     936.06    1869.21    1869.21    4623.17    4623.17    3413.43    3413.43    1793.00    1793.00    3078.94    3078.94    1926.58    1926.58    2346.43    2346.43    3082.82    3082.82    2934.01    2934.01    4053.90    4053.90    2595.30    2595.30
 3    3537.00    5421.23    8755.82   12661.44   16803.01   21126.50   21717.98   23924.48   19201.33   11376.61    9076.59   11732.69   12966.16   13586.73   14133.04   14842.19   16336.35   21292.05   17520.18   20919.45   28670.92   37584.08   30783.66   21895.17   19313.71   15727.60   17892.99
 4    1379.00    2789.41    3955.51    6000.38    5590.35    7032.94    6293.17    4284.21    2848.22    2804.71    3938.37    3644.64    3426.60    4948.40    4561.20    5026.05    4711.86    4725.69    5765.89   10973.84   10000.57    9486.45    6311.61    3258.33    3749.16    6923.10    6291.64
 1    4109.00    2561.79    2561.79   14359.42   14359.42    7612.84    7612.84   11627.15   11627.15    7542.61    7542.61    6184.79    6184.79   10372.36   10372.36    6464.30    6464.30    8374.67    8374.67    5100.94    5100.94    7783.31    7783.31    4572.41    4572.41    5874.79    5874.79
 2     783.00     487.96     487.96    2735.13    2735.13    1450.06    1450.06    2214.70    2214.70    1436.69    1436.69    1178.06    1178.06    1975.69    1975.69    1231.30    1231.30    1595.18    1595.18     971.61     971.61    1482.54    1482.54     870.94     870.94    1119.01    1119.01
 3    3537.00    4925.06    7805.57   10932.96    9700.24    6577.04    8443.08    9609.42    7956.92    8953.59    8400.54   10994.51   12204.08   11079.09   11005.00   12068.28   12993.40   14155.00   12934.85   12449.41   13011.00   13031.10   10572.87    9316.10   10314.47   13628.89   16753.85
 4    1379.00    2552.03    3113.56    2692.30    2016.61    2550.87    2814.22    2601.66    2068.24    2644.37    3590.89    2994.62    2357.53    2780.68    3428.80    4020.54    3383.03    3095.09    3088.00    3462.52    2589.22    1835.88    2116.28    2984.40    3520.60    4843.70    5383.54
 1    4109.00    2121.50    2121.50    6249.94    6249.94   15207.65   15207.65   21699.68   21699.68    4704.08    4704.08   12274.88   12274.88   19035.32   19035.32   36628.75   36628.75   43675.63   43675.63   17112.94   17112.94   23358.72   23358.72   11226.60   11226.60    5558.32    5558.32
 2     783.00     404.10     404.10    1190.46    1190.46    2896.70    2896.70    4133.27    4133.27     896.02     896.02    2338.07    2338.07    3625.78    3625.78    6976.90    6976.90    8319.17    8319.17    3259.61    3259.61    4449.28    4449.28    2138.40    2138.40    1058.73    1058.73
 3    3537.00    4502.06    6606.77   10794.45   17406.93   21885.86   21230.02   16263.13   12243.50   10159.65   18725.51   25722.09   22535.56   21596.05   22051.68   24598.31   21922.45   17817.40   12565.70    6988.41   10931.16   11958.17   11392.25    7869.78    7497.32    7529.76    8565.92
 4    1379.00    2351.59    3534.18    5791.02    7558.92    5608.85    3360.74    2404.59    4304.89    7159.80    6889.91    5797.97    4468.49    6397.29    7720.27    6354.10    5203.55    4178.72    3610.88    4323.23    4093.71    3323.52    2551.12    2100.15    2352.33    2740.02    4059.46
 1    4109.00    2159.85    2159.85    4197.73    4197.73    3461.30    3461.30    7269.11    7269.11    7143.91    7143.91   18381.59   18381.59   24592.26   24592.26   31306.05   31306.05   23541.21   23541.21   10589.96   10589.96    5270.03    5270.03   15334.70   15334.70   13299.59   13299.59
 2     783.00     411.40     411.40     799.57     799.57     659.30     659.30    1384.59    1384.59    1360.74    1360.74    3501.26    3501.26    4684.24    4684.24    5963.06    5963.06    4484.04    4484.04    2017.14    2017.14    1003.82    1003.82    2920.90    2920.90    2533.26    2533.26
 3    3537.00    5068.77    8403.85   10801.86   12795.40   13019.07   12826.63   14834.31   18733.06   20401.61   22577.58   33901.29   32473.52   28614.48   22905.25   18180.33   14381.49   11229.50    7261.62    7130.86    9366.07   11945.63   15148.37   16471.04   15388.79   15711.22   21941.26
 4    1379.00    2333.94    3186.82    3274.54    3582.63    3300.34    4230.13    5301.76    8175.92    7526.17    6274.46    8944.47    7221.28    5825.29    4550.92    3270.56    2342.06    2343.51    3206.63    3290.49    4939.32    3787.27    3618.36    3786.98    4873.61    7174.66    8975.80
 1    4109.00    2443.98    2443.98    3702.47    3702.47    5983.82    5983.82   20580.25   20580.25    3715.40    3715.40   10270.72   10270.72   21967.64   21967.64   16755.35   16755.35    8436.58    8436.58   10082.23   10082.23   10321.54   10321.54    8410.25    8410.25    6996.99    6996.99
 2     783.00     465.52     465.52     705.23     705.23    1139.78    1139.78    3920.05    3920.05     707.70     707.70    1956.33    1956.33    4184.31    4184.31    3191.50    3191.50    1606.97    1606.97    1920.42    1920.42    1966.01    1966.01    1601.95    1601.95    1332.76    1332.76
 3    3537.00    4990.89    8183.80   10868.03   12748.18   17289.91   17531.28   16602.79   12595.52   11905.56   12782.88   18602.82   20699.50   20820.39   17877.37   11806.33    9851.12   10006.05   10750.84   10360.49   10912.42   13790.56   17209.38   17415.05   15703.39   15728.62   13951.05
 4    1379.00    2463.34    3169.67    4075.83    4595.56    4991.69    3779.87    3058.02    3451.19    3721.93    5394.12    5873.58    4774.76    3755.31    3205.95    2600.44    2418.69    3055.11    3278.61    3386.86    4525.25    5661.69    5056.83    3739.85    2742.83    3127.23    3447.00
 1    4109.00    2033.72    2033.72    9667.81    9667.81   50830.63   50830.63   31089.83   31089.83   30652.78   30652.78   44137.17   44137.17   18864.85   18864.85   32452.27   32452.27   15561.08   15561.08   10726.72   10726.72    5229.84    5229.84   16685.13   16685.13   16015.69   16015.69
 2     783.00     387.38     387.38    1841.49    1841.49    9682.02    9682.02    5921.87    5921.87    5838.62    5838.62    8407.08    8407.08    3593.30    3593.30    6181.38    6181.38    2964.02    2964.02    2043.18    2043.18     996.16     996.16    3178.12    3178.12    3050.61    3050.61
 3    3537.00    5132.82    7211.60   10049.43   17036.93   20432.92   13032.66   14526.20   16070.60   12350.56   11887.90   13349.21    9693.13    7844.03   12387.27   22396.52   25806.75   18223.55   16373.62   15289.01   13916.33   12651.72   14046.35   17692.49   16894.95   13674.13   10916.24
 4    1379.00    2579.31    3558.73    5272.76    5526.59    5664.67    6714.00    6172.11    4675.61    4584.59    4894.66    4914.74    4075.28    5199.82   10501.76    8554.93    6128.10    4184.29    3910.97    3555.68    3364.46    3420.36    4081.07    4257.95    3477.09    2883.25    3471.73
 1    4109.00    2487.87    2487.87    4177.40    4177.40    5454.83    5454.83    6836.68    6836.68    9642.40    9642.40   14054.04   14054.04    7869.25    7869.25    8058.67    8058.67   21294.97   21294.97   86819.97   86819.97   84004.08   84004.08   27717.69   27717.69   11289.43   11289.43
 2     783.00     473.88     473.88     795.70     795.70    1039.02    1039.02    1302.22    1302.22    1836.65    1836.65    2676.96    2676.96    1498.90    1498.90    1534.98    1534.98    4056.18    4056.18   16537.14   16537.14   16000.78   16000.78    5279.56    5279.56    2150.37    2150.37
 3    3537.00    5430.19    7607.67   11029.75   12871.40    9743.56   10755.14   14860.19   15257.93   16079.30   14406.99   12180.12    9844.07   10479.90   11051.07   18536.61   26157.28   37305.76   58998.80   74989.25   68410.91   49213.52   35232.61   18988.31   14644.17   13406.16   16558.96
 4    1379.00    2725.92    3165.83    2983.74    2667.78    3480.32    3545.90    4062.53    3752.42    3300.01    2742.10    2505.97    3222.97    3734.00    6400.13    8777.91   16190.91   28316.92   26247.54   17203.25   10082.93    5985.25    4862.17    3783.72    4959.36    5205.76    5955.08
 1    4109.00    2287.82    2287.82    4955.87    4955.87   13513.50   13513.50   23336.08   23336.08    6375.14    6375.14    4644.95    4644.95   11471.00   11471.00   16844.98   16844.98   18396.38   18396.38   16822.34   16822.34   16810.33   16810.33   27363.34   27363.34   15624.38   15624.38
 2     783.00     435.78     435.78     943.98     943.98    2574.00    2574.00    4444.97    4444.97    1214.31    1214.31     884.75     884.75    2184.95    2184.95    3208.57    3208.57    3504.07    3504.07    3204.26    3204.26    3201.97    3201.97    5212.06    5212.06    2976.07    2976.07
 3    3537.00    5433.96    8689.41   11605.35   17091.41   19498.00   19571.66   15588.93   11854.64    9008.43    8872.87   10781.85   15161.31   21209.22   19748.61   17987.47   18147.77   22456.02   22183.73   15102.66   14055.26   13992.06   26570.59   36529.60   29080.48   18562.92   15664.37
 4    1379.00    2496.90    3966.68    4878.55    5343.42    5181.88    4256.05    2840.72    2607.17    2865.51    3590.59    5109.05    4725.72    4829.24    4310.12    6613.58    6765.32    5553.38    4769.76    3506.89    4995.81   10961.81    9895.08    6951.29    4237.36    2995.55    2857.88
 1    4109.00    1525.52    1525.52    3449.75    3449.75   15009.46   15009.46    4800.64    4800.64    6865.32    6865.32    7090.78    7090.78   16996.52   16996.52    9632.70    9632.70   10961.41   10961.41   10726.72   10726.72    8863.01    8863.01    8977.58    8977.58    3558.32    3558.32
 2     783.00     290.58     290.58     657.10     657.10    2858.94    2858.94     914.41     914.41    1307.68    1307.68    1350.62    1350.62    3237.43    3237.43    1834.80    1834.80    2087.89    2087.89    2043.18    2043.18    1688.19    1688.19    1710.02    1710.02     677.78     677.78
 3    3537.00    4861.70    8116.61   11379.05   13357.21   12115.85    9850.72    8276.95   10484.21   11384.57   15026.12   16024.15   20699.04   31591.41   27313.08   20889.17   20883.89   22222.75   17317.16   16293.42   15332.72   13980.21   17047.49   15031.68   13676.78   11861.24   11743.77
 4    1379.00    2360.10    3401.51    3644.21    2837.88    2122.61    2733.43    3363.07    3711.20    4446.57    5518.13    8073.84    7114.88    7439.39    5967.56    4422.77    3721.75    4257.43    3538.72    3550.88    3581.23    4166.68    3948.98    2820.02    3574.50    3035.39    2405.29
 1    4109.00    1496.42    1496.42    4038.80    4038.80    9340.25    9340.25    7088.47    7088.47    9710.78    9710.78    7814.27    7814.27    9201.65    9201.65   11075.99   11075.99    8801.56    8801.56    8936.00    8936.00    3261.26    3261.26    6302.14    6302.14   10345.10   10345.10
 2     783.00     285.03     285.03     769.30     769.30    1779.10    1779.10    1350.18    1350.18    1849.67    1849.67    1488.43    1488.43    1752.70    1752.70    2109.71    2109.71    1676.49    1676.49    1702.10    1702.10     621.19     621.19    1200.41    1200.41    1970.50    1970.50
 3    3537.00    5670.27    7588.41   11148.17   13412.00   14788.46   15997.63   13275.09   12496.55   15279.85   12778.60   18524.59   23791.01   24378.82   17890.94   14710.61   14585.47   15278.19   15090.93   12344.37   12138.19   12070.01   13027.55   14885.24   14636.55   18400.47   23005.16
 4    1379.00    2578.17    3216.37    3917.92    4146.65    3932.73    3859.51    3094.19    2825.43    3971.12    6536.62    7314.52    5279.99    3719.69    2456.81    3198.63    3820.12    3557.13    3618.50    3182.33    3046.43    3165.82    2768.15    4065.55    5480.41    6880.08    5852.22
 1    4109.00    1936.70    1936.70    3621.62    3621.62   13261.25   13261.25   19469.14   19469.14   12115.03   12115.03   15407.70   15407.70    9227.06    9227.06   14811.26   14811.26   10613.53   10613.53    6598.28    6598.28    9140.21    9140.21   25966.71   25966.71   29909.42   29909.42
 2     783.00     368.90     368.90     689.83     689.83    2525.95    2525.95    3708.41    3708.41    2307.62    2307.62    2934.80    2934.80    1757.54    1757.54    2821.19    2821.19    2021.62    2021.62    1256.82    1256.82    1740.99    1740.99    4946.04    4946.04    5697.03    5697.03
 3    3537.00    4956.48    7280.85   10649.09   15516.73   23573.23   30427.38   31117.17   23155.32   15982.90   14078.93   16180.38   15035.68   14633.23   14300.23   14292.11   11000.07    8967.06   11548.96   14704.57   21762.71   29282.62   29977.18   34481.69   30690.36   23851.08   16458.29
 4    1379.00    2683.40    3549.38    5528.79    7821.80    9505.46    7662.13    5214.65    3545.89    3937.08    3456.49    4260.62    4608.46    3902.17    2606.50    2405.72    2642.19    3772.78    6541.62    8189.93    7880.21    7930.63    7804.09    7023.13    4946.64    3639.44    2750.73
 1    4109.00    1785.63    1785.63    6860.70    6860.70    9198.42    9198.42    9549.08    9549.08    6837.60    6837.60   19337.01   19337.01   15965.33   15965.33    7886.80    7886.80   13714.01   13714.01   17037.64   17037.64   25850.29   25850.29   18848.68   18848.68    7698.31    7698.31
 2     783.00     340.12     340.12    1306.80    1306.80    1752.08    1752.08    1818.87    1818.87    1302.40    1302.40    3683.24    3683.24    3041.02    3041.02    1502.25    1502.25    2612.19    2612.19    3245.26    3245.26    4923.86    4923.86    3590.22    3590.22    1466.34    1466.34
 3    3537.00    5761.51    7533.55   10981.80   12060.91   12239.27   11293.56   12618.48   16475.13   18936.43   23116.43   21269.53   19038.26   13490.52   12386.50   14528.14   14132.00   15994.73   16696.97   25946.49   31712.94   29105.33   26497.13   20810.29   18183.94   16086.37   20637.35
 4    1379.00    2556.90    3015.52    3386.43    3402.79    3032.54    3136.24    4891.23    5968.66    6471.50    5932.14    4182.87    3353.70    3158.96    4223.96    4234.49    4120.58    6405.55    8115.53    8559.80    8327.19    7946.24    5910.00    4103.26    5859.83    6006.50    6017.20
 1    4109.00    2677.29    2677.29    3824.44    3824.44   12023.55   12023.55    5964.88    5964.88    4122.89    4122.89   12432.42   12432.42   24810.79   24810.79   12670.81   12670.81    3468.23    3468.23   15232.60   15232.60   34675.41   34675.41   10865.78   10865.78   19920.52   19920.52
 2     783.00     509.96     509.96     728.46     728.46    2290.20    2290.20    1136.17    1136.17     785.31     785.31    2368.08    2368.08    4725.86    4725.86    2413.49    2413.49     660.62     660.62    2901.45    2901.45    6604.84    6604.84    2069.67    2069.67    3794.38    3794.38
 3    3537.00    5766.97    8346.35   10810.08   10666.06   11743.98    9351.48    7575.92    8670.75   10359.54   17250.11   21861.12   21778.29   15448.73   11726.41    8550.02    8319.94   12618.96   17123.74   21133.89   17844.90   14723.51   12465.23   10190.03   10475.09   19788.23   28790.13
 4    1379.00    2713.17    3218.72    2853.19    2327.82    2069.13    1983.88    2522.76    3808.36    5404.27    5356.87    4203.58    3460.36    2880.89    2377.79    3036.00    4085.04    5015.75    4870.67    4782.06    3711.11    3910.95    3998.57    4231.42    6377.98   10874.74   11001.34
 1    4109.00    2239.78    2239.78    5138.83    5138.83    6508.19    6508.19   19771.75   19771.75   24964.63   24964.63    6667.58    6667.58    7291.28    7291.28   10099.78   10099.78   20304.90   20304.90   31166.52   31166.52   22288.27   22288.27   10995.14   10995.14    6941.09    6941.09
 2     783.00     426.62     426.62     978.82     978.82    1239.66    1239.66    3766.05    3766.05    4755.17    4755.17    1270.02    1270.02    1388.82    1388.82    1923.77    1923.77    3867.60    3867.60    5936.48    5936.48    4245.38    4245.38    2094.31    2094.31    1322.11    1322.11
 3    3537.00    4136.33    7456.98   10573.57   10946.92   11530.58   13057.93   21754.63   23134.06   16872.40   12368.17    8525.33    9431.69   11536.69   11686.73   17853.77   21970.93   31505.27   33904.19   26310.90   19465.47   16239.36   17061.51   14580.69   13706.81   13064.47   15243.56
 4    1379.00    2120.66    3060.41    2923.26    3263.05    4942.40    5995.34    6302.34    4379.72    2777.79    2803.88    2226.59    2476.40    3735.73    5462.57    8169.26   10358.03    9127.32    6305.96    5359.25    5157.13    4955.29    4785.89    3497.88    3469.12    3565.41    3854.55
 1    4109.00    2725.80    2725.80    2663.89    2663.89    6614.45    6614.45    8925.84    8925.84    5935.31    5935.31   12389.45   12389.45   12420.87   12420.87   15192.41   15192.41   10399.16   10399.16    8418.10    8418.10    3657.65    3657.65    8787.24    8787.24    8468.00    8468.00
 2     783.00     519.20     519.20     507.41     507.41    1259.90    1259.90    1700.16    1700.16    1130.54    1130.54    2359.90    2359.90    2365.88    2365.88    2893.79    2893.79    1980.79    1980.79    1603.45    1603.45     696.70     696.70    1673.76    1673.76    1612.95    1612.95
 3    3537.00    5822.37    8858.99   11039.16   14331.74   16145.19   15783.84   16241.06   14431.47   22686.86   27498.57   27311.26   25866.95   22443.34   20652.08   25196.83   22630.82   22702.39   17106.90   14727.47   13268.79    9745.72   12635.83   13659.03   12683.19   12100.09   15739.45
 4    1379.00    2693.42    3596.81    3965.39    4010.28    4037.07    3960.69    4363.07    6981.64    8326.21    7117.80    8405.81    6455.92    5158.25    5113.28    6942.97    4767.92    3372.75    2773.32    2513.20    2475.03    3181.81    3599.04    2870.14    3033.88    5009.86    4870.56
 1    4109.00    9136.97    9136.97    8266.57    8266.57   15113.41   15113.41   10476.77   10476.77    8237.00    8237.00   13773.14   13773.14   18023.08   18023.08   12138.59   12138.59   12958.64   12958.64   32711.91   32711.91   12681.44   12681.44   25360.57   25360.57   22841.28   22841.28
 2     783.00    1740.38    1740.38    1574.58    1574.58    2878.74    2878.74    1995.58    1995.58    1568.95    1568.95    2623.46    2623.46    3432.97    3432.97    2312.11    2312.11    2468.31    2468.31    6230.84    6230.84    2415.51    2415.51    4830.58    4830.58    4350.72    4350.72
 3    3537.00    5211.07    6426.67    8571.76    9402.38    8532.51    8894.05    8063.42   11406.06   13747.07   13478.81   12830.43   14338.62   16370.46   18114.91   15659.94   13507.21   17182.15   20922.40   20121.72   15211.06   11495.36   21144.97   35537.95   29260.71   20714.75   14543.69
 4    1379.00    2426.31    2720.08    2506.90    2547.38    2453.07    2759.93    4010.34    4116.63    3589.50    3915.14    4758.96    5236.65    4742.17    4036.04    2896.92    4350.39    6195.62    5318.63    4335.30    5263.10    9729.68    8692.24    6944.69    4072.48    3049.18    3070.68
 1    4109.00    1112.50    1112.50    2796.02    2796.02   12656.95   12656.95   17522.74   17522.74   23285.26   23285.26   38306.73   38306.73   18273.02   18273.02    2599.21    2599.21    2393.62    2393.62    7291.28    7291.28   19356.41   19356.41   23043.64   23043.64   15337.01   15337.01
 2     783.00     211.90     211.90     532.58     532.58    2410.85    2410.85    3337.66    3337.66    4435.29    4435.29    7296.52    7296.52    3480.58    3480.58     495.09     495.09     455.93     455.93    1388.82    1388.82    3686.94    3686.94    4389.26    4389.26    2921.34    2921.34
 3    3537.00    4862.07    8251.88   10451.90   18421.90   24300.26   23783.98   24244.52   24445.17   21812.50   22761.72   19310.10   12075.68    5584.28    4396.87    3116.15    3808.29    9286.93   17663.74   25072.08   27561.30   29608.62   26282.55   17926.91   15338.10   18647.60   18727.70
 4    1379.00    2191.61    4081.19    6096.72    6186.12    6726.57    7381.95    6323.43    6157.29    5847.22    5540.83    3523.03    2141.71    1612.95    1185.26    1784.81    3574.03    6362.67    6903.99    8095.20    6642.96    5702.17    4540.53    4135.03    6380.16    6148.06    4369.73
 1    4109.00     477.71     477.71    3015.01    3015.01    4781.70    4781.70    7259.87    7259.87   10133.51   10133.51   13466.38   13466.38   15485.78   15485.78    7914.52    7914.52   22866.69   22866.69   20394.53   20394.53   13934.84   13934.84   20519.73   20519.73   27882.16   27882.16
 2     783.00      90.99      90.99     574.29     574.29     910.80     910.80    1382.83    1382.83    1930.19    1930.19    2565.02    2565.02    2949.67    2949.67    1507.53    1507.53    4355.56    4355.56    3884.67    3884.67    2654.26    2654.26    3908.52    3908.52    5310.89    5310.89
 3    3537.00    4375.16    7036.05   10629.30   12556.90   14043.26   16249.44   22989.30   23263.31   33243.46   37611.14   35356.09   32337.02   21063.71   17217.72   16255.66   20322.01   24572.23   21797.70   20698.94   22005.75   18525.99   20090.95   22864.01   19535.51   16615.80   13491.55
 4    1379.00    2275.96    3085.75    3627.52    4150.71    5195.79    5934.65    7128.31   11612.04   10572.64    8368.91    6610.94    4403.78    2918.59    4633.22    6357.42    5598.34    5857.26    5694.24    6011.01    5992.99    6112.10    6307.10    4916.60    4105.53    3812.29    3030.72
 1    4109.00    1688.15    1688.15    3101.87    3101.87   11420.64   11420.64   18656.02   18656.02   17355.49   17355.49   21587.41   21587.41    7829.51    7829.51   11164.23   11164.23   23284.34   23284.34   16109.02   16109.02    7422.03    7422.03   15461.29   15461.29   20320.61   20320.61
 2     783.00     321.55     321.55     590.83     590.83    2175.36    2175.36    3553.53    3553.53    3305.81    3305.81    4111.89    4111.89    1491.34    1491.34    2126.52    2126.52    4435.11    4435.11    3068.38    3068.38    1413.72    1413.72    2945.01    2945.01    3870.59    3870.59
 3    3537.00    4802.59    7399.96   11214.53   16149.53   21163.76   18931.39   18399.09   18859.37   18235.55   14978.87   15110.59   11701.49   10884.71   11574.26   13505.63   15721.08   14692.08   11780.57   10674.49   10251.07    9157.11   13104.89   20099.61   23866.54   29218.11   32371.07
 4    1379.00    2609.59    3683.21    5733.25    4813.81    4668.66    5294.10    6043.48    5222.48    4225.31    3013.62    3212.14    3574.27    3762.26    3685.67    4125.36    4110.43    3604.06    3953.80    2992.60    3164.97    4601.57    6186.21    7278.26   10070.37   11276.45    7654.21
 1    4109.00    3933.47    3933.47    4288.28    4288.28    8655.11    8655.11   20671.73   20671.73   32185.69   32185.69   26381.59   26381.59   33560.14   33560.14   18418.55   18418.55    7009.46    7009.46    4655.11    4655.11    5790.25    5790.25    3976.43    3976.43    4835.75    4835.75
 2     783.00     749.23     749.23     816.82     816.82    1648.59    1648.59    3937.47    3937.47    6130.61    6130.61    5025.06    5025.06    6392.41    6392.41    3508.30    3508.30    1335.14    1335.14     886.69     886.69    1102.90    1102.90     757.42     757.42     921.10     921.10
 3    3537.00    5343.20    7689.03   10804.47   10926.08   14291.02   18467.77   17757.35   17894.84   27311.67   35339.74   26324.28   22888.78   19997.99   14700.53   11729.33    9936.80    9507.59   10450.23    8682.01    9234.36    8186.63    8507.50    8414.71   12054.80   13728.03   13232.22
 4    1379.00    2561.81    2961.69    3333.29    3988.81    5436.59    5130.69    6112.02    9647.35   13494.48    9845.80    5052.17    5139.77    3983.05    2590.72    2603.27    2570.21    2524.08    2344.14    1789.11    1949.86    2098.56    2389.81    3419.44    3465.60    3087.34    3446.59
 1    4109.00    2958.19    2958.19    4331.25    4331.25    6759.98    6759.98    7985.67    7985.67   20873.16   20873.16   32961.39   32961.39   15380.44   15380.44   15310.22   15310.22    8851.92    8851.92   16460.14   16460.14   21498.25   21498.25   29374.42   29374.42   35828.56   35828.56
 2     783.00     563.46     563.46     825.00     825.00    1287.62    1287.62    1521.08    1521.08    3975.84    3975.84    6278.36    6278.36    2929.61    2929.61    2916.23    2916.23    1686.08    1686.08    3135.26    3135.26    4094.90    4094.90    5595.13    5595.13    6824.49    6824.49
 3    3537.00    4878.46    7296.39   10460.32   11184.92   12007.51   14008.62   17538.53   18344.96   24628.31   23656.88   20698.02   15750.21    9883.28   12340.14   14806.79   14826.65   15001.58   16446.79   19909.34   17766.92   18473.52   22929.19   26899.86   26675.84   25204.66   18532.77
 4    1379.00    2358.00    3004.33    3357.52    3045.98    3718.56    5786.84    6520.94    5862.07    6123.54    5258.90    3983.52    3476.37    3827.77    4547.47    4887.29    5180.66    4951.51    4836.68    4353.34    5957.69    7686.85    9449.52    9073.83    7187.59    5113.63    5101.66
 1    4109.00    1737.12    1737.12    4051.28    4051.28   15483.93   15483.93   21373.97   21373.97   12539.14   12539.14   10223.14   10223.14   19027.47   19027.47   18455.98   18455.98    7386.92    7386.92    6349.27    6349.27   12012.00   12012.00    7972.73    7972.73   11708.93   11708.93
 2     783.00     330.88     330.88     771.67     771.67    2949.32    2949.32    4071.23    4071.23    2388.41    2388.41    1947.26    1947.26    3624.28    3624.28    3515.42    3515.42    1407.03    1407.03    1209.38    1209.38    2288.00    2288.00    1518.62    1518.62    2230.27    2230.27
 3    3537.00    4547.33    8194.43   11672.64   16610.09   17830.95   16913.01   15520.54   10876.91   10207.28    9305.58   12103.87   22617.48   23595.30   20801.91   19798.42   15804.40   14201.21   14584.50   14706.65   16889.31   15730.41   14031.59   12476.21   13845.55   14055.22   12949.08
 4    1379.00    2382.16    3653.68    4690.26    5446.44    4977.66    4138.41    3242.58    2915.74    3017.11    4273.71    8345.63    7544.30    5048.29    4142.39    4381.30    4172.88    3567.91    3476.89    4084.62    3962.30    3621.42    3782.71    3553.56    3048.04    3049.06    3221.10
 1    4109.00    2170.94    2170.94    6422.72    6422.72    8552.54    8552.54   27503.32   27503.32   31857.21   31857.21   11184.10   11184.10    7614.68    7614.68   10119.19   10119.19    6931.85    6931.85    6001.38    6001.38    4137.67    4137.67    3929.77    3929.77   14789.54   14789.54
 2     783.00     413.51     413.51    1223.38    1223.38    1629.06    1629.06    5238.73    5238.73    6068.04    6068.04    2130.30    2130.30    1450.42    1450.42    1927.46    1927.46    1320.35    1320.35    1143.12    1143.12     788.13     788.13     748.53     748.53    2817.06    2817.06
 3    3537.00    3758.35    6305.74   10334.14   13391.61   13493.14   15109.94   28190.29   29966.96   26028.41   19104.69   11661.56   13862.38   15598.73   14748.33   12151.16   10948.92    9908.27    9812.93   10179.59   10460.16    9187.61    9738.92   17868.11   21672.18   21432.03   18269.14
 4    1379.00    1956.91    3089.48    4085.66    4124.57    5244.34    9476.01   10705.43    6475.14    4439.98    3820.33    4251.97    3886.14    3103.28    2853.58    2836.05    2683.55    2083.66    2326.26    2301.59    2431.11    3232.10    5301.78    6446.67    4733.56    3971.87    4348.66
 1    4109.00    3595.28    3595.28    6495.72    6495.72   10470.77   10470.77    9350.88    9350.88    6198.19    6198.19   11433.11   11433.11   10407.47   10407.47    8195.42    8195.42    4817.74    4817.74   11746.35   11746.35   18090.53   18090.53   13993.06   13993.06   18157.52   18157.52
 2     783.00     684.82     684.82    1237.28    1237.28    1994.43    1994.43    1781.12    1781.12    1180.61    1180.61    2177.74    2177.74    1982.38    1982.38    1561.03    1561.03     917.66     917.66    2237.40    2237.40    3445.82    3445.82    2665.34    2665.34    3458.58    3458.58
 3    3537.00    3991.00    6782.34   11311.29   11137.82   12350.16   11027.97    9135.82    8548.66    9723.66   13928.47   19419.40   17066.23   15123.13   16175.76   13387.44   12856.16   12908.99   13074.06   21317.99   20331.35   22479.08   18254.41   16424.59   17971.06   17931.57   14345.87
 4    1379.00    2322.81    3001.75    3664.78    3271.58    2972.28    2161.80    2288.26    3216.33    4966.29    4239.50    4695.71    4984.86    3519.20    3019.41    2956.31    3376.36    3797.63    5642.57    6369.20    5284.52    4787.49    4492.53    4805.02    4572.49    3306.65    2144.79
 1    4109.00    4216.21    4216.21    6068.37    6068.37    6384.38    6384.38   15005.30   15005.30   16036.94   16036.94   17711.69   17711.69   34927.20   34927.20   22613.51   22613.51   14334.47   14334.47   19598.50   19598.50    8882.87    8882.87   15545.38   15545.38    8449.52    8449.52
 2     783.00     803.09     803.09    1155.88    1155.88    1216.07    1216.07    2858.15    2858.15    3054.66    3054.66    3373.66    3373.66    6652.80    6652.80    4307.34    4307.34    2730.38    2730.38    3733.05    3733.05    1691.98    1691.98    2961.02    2961.02    1609.43    1609.43
 3    3537.00    5309.71    6684.45    9987.08    9691.49   11214.81   14585.36   18128.04   18304.83   19239.18   20198.11   17191.64   18223.61   19355.71   13908.45    9598.16   15609.38   17429.09   14163.96   13485.18   14656.99   10787.04   12635.34   11693.91   11631.19   13769.55   15729.33
 4    1379.00    2618.25    2866.61    2841.78    3580.47    4900.16    4358.84    6133.12    5979.16    4775.27    5365.32    5487.97    5167.89    4192.88    3854.86    6051.67    6306.21    4117.95    3721.37    4427.51    4132.73    3178.64    3575.58    3431.29    4608.27    4187.46    3252.38
 1    4109.00    4982.67    4982.67    7685.37    7685.37   17151.29   17151.29   13171.16   13171.16    6678.21    6678.21   10075.76   10075.76    3060.75    3060.75   10895.35   10895.35   12923.53   12923.53   10385.30   10385.30   10146.91   10146.91    7171.63    7171.63    3698.31    3698.31
 2     783.00     949.08     949.08    1463.88    1463.88    3266.91    3266.91    2508.79    2508.79    1272.04    1272.04    1919.19    1919.19     583.00     583.00    2075.30    2075.30    2461.62    2461.62    1978.15    1978.15    1932.74    1932.74    1366.02    1366.02     704.44     704.44
 3    3537.00    5923.83    8313.05   12473.45   15049.44   17691.80   20374.82   18983.54   16896.93   14472.85   14449.82   15844.22   14069.06   12813.71   11646.22   14490.78   12974.20   11163.02    9742.69    8771.25   10264.67   10083.06   10525.94   10372.46   10298.41   14275.70   18015.34
 4    1379.00    2716.17    3735.84    5282.80    6311.78    7217.25    5799.97    3672.63    2779.92    3314.50    3650.77    3373.60    3279.62    2945.75    3055.83    3070.14    2586.29    2095.21    2478.05    2868.58    3269.17    2910.07    2940.09    3219.34    4680.03    5792.38    4949.74
 1    4109.00    2506.35    2506.35    2924.00    2924.00   13826.74   13826.74   18069.74   18069.74   29375.81   29375.81   31643.31   31643.31   23386.44   23386.44   23642.39   23642.39   19122.64   19122.64   30876.39   30876.39   28726.70   28726.70   23671.49   23671.49   23380.43   23380.43
 2     783.00     477.40     477.40     556.95     556.95    2633.66    2633.66    3441.86    3441.86    5595.39    5595.39    6027.30    6027.30    4454.56    4454.56    4503.31    4503.31    3642.41    3642.41    5881.22    5881.22    5471.75    5471.75    4508.86    4508.86    4453.42    4453.42
 3    3537.00    4068.77    7819.38   10068.04   18865.81   26595.13   23067.61   17528.44   32303.18   47123.18   44430.29   42294.49   31597.52   18693.08   18610.80   19446.54   19389.30   27415.61   40430.67   45127.02   42400.46   27424.93   25682.17   23591.84   21666.95   16445.71   12438.55
 4    1379.00    2129.40    4321.03    6857.17    6486.01    4909.79    5839.79   13597.97   16526.24   13240.34    9532.22    7336.64    4926.67    4921.42    6248.93    6820.55    7646.40   15412.03   15908.75   11955.93    9001.53    6367.82    5258.15    4431.90    3588.15    3150.70    3534.59
 1    4109.00    3696.00    3696.00   12844.06   12844.06    7576.34    7576.34   10516.51   10516.51   11304.22   11304.22   12237.92   12237.92    9678.90    9678.90   19129.11   19129.11   33513.48   33513.48   30059.11   30059.11   42792.29   42792.29   47539.80   47539.80   20790.46   20790.46
 2     783.00     704.00     704.00    2446.49    2446.49    1443.11    1443.11    2003.14    2003.14    2153.18    2153.18    2331.03    2331.03    1843.60    1843.60    3643.64    3643.64    6383.52    6383.52    5725.54    5725.54    8150.91    8150.91    9055.20    9055.20    3960.09    3960.09
 3    3537.00    5016.54    7618.09   10037.74   10912.39    8190.21    7788.57   11481.99   13855.18   14792.12   14288.69   17564.74   12911.25    9847.56   18042.00   29638.81   30537.76   26617.31   17167.38   14417.45   35659.30   48747.11   40337.22   30746.79   25349.19   20153.09   15391.76
 4    1379.00    2665.86    3188.56    3005.20    2638.98    2477.24    3780.49    4179.75    4348.29    4406.36    3133.82    2847.10    2955.70    5898.81   10493.41    9381.01    5712.59    4145.70    6484.13   17843.32   18007.42   11125.89    6756.58    7190.20    5655.44    3854.28    3763.27
 1    4109.00    2780.78    2780.78    4450.45    4450.45    8705.93    8705.93   13788.85   13788.85    6132.59    6132.59   11380.45   11380.45   11138.82   11138.82   14462.45   14462.45   14320.61   14320.61   22205.11   22205.11    8738.27    8738.27    7881.72    7881.72   25082.44   25082.44
 2     783.00     529.67     529.67     847.70     847.70    1658.27    1658.27    2626.45    2626.45    1168.11    1168.11    2167.70    2167.70    2121.68    2121.68    2754.75    2754.75    2727.74    2727.74    4229.54    4229.54    1664.43    1664.43    1501.28    1501.28    4777.61    4777.61
 3    3537.00    5045.18    7040.48    9585.77    9991.16   11401.03   13301.34   12318.13    9964.82    9997.02   16233.18   18993.73   15117.29   15608.78   12953.24   13998.28   13889.34   16938.81   16721.26   13592.01   10105.26    8933.99    8220.60    9138.24   16348.31   24509.62   22524.73
 4    1379.00    2441.55    2893.32    2787.69    3063.86    3219.63    3121.98    2512.09    3568.55    5100.92    5050.19    3709.45    3173.89    3397.80    3902.56    4577.10    5100.10    4586.05    3238.85    2847.22    2526.67    2514.85    3609.07    6308.65    6534.69    5600.22    5252.98
 1    4109.00    2845.92    2845.92    5055.67    5055.67   11575.87   11575.87   13805.48   13805.48   19252.00   19252.00   13720.01   13720.01   20425.02   20425.02   25241.83   25241.83   20688.36   20688.36    6062.36    6062.36   10996.99   10996.99   30269.78   30269.78   34823.71   34823.71
 2     783.00     542.08     542.08     962.98     962.98    2204.93    2204.93    2629.62    2629.62    3667.05    3667.05    2613.34    2613.34    3890.48    3890.48    4807.97    4807.97    3940.64    3940.64    1154.74    1154.74    2094.66    2094.66    5765.67    5765.67    6633.09    6633.09
 3    3537.00    3672.63    5975.92   10286.21   11928.71   11391.92   11495.23   13732.26   19720.76   23668.25   24141.54   20471.43   23859.45   31744.06   30556.14   24088.59   16523.84   10648.64   10678.01   10649.96   10663.56   15872.25   17835.38   17428.40   27604.22   29212.39   28070.08
 4    1379.00    2156.89    2742.95    3234.30    2995.06    3501.21    4682.56    7919.49    7688.36    5434.45    4662.22    7215.99    9505.33    7428.53    5254.53    3452.36    2853.58    2908.17    3729.93    3379.28    3785.22    4480.16    6705.62   11007.96    9885.10    7427.28    7626.37
 1    4109.00    2404.71    2404.71    2366.36    2366.36   10820.50   10820.50    6187.10    6187.10   17889.10   17889.10   15690.44   15690.44   18257.78   18257.78   25208.11   25208.11    8699.92    8699.92   14058.20   14058.20   11258.48   11258.48   21159.14   21159.14   13742.65   13742.65
 2     783.00     458.04     458.04     450.74     450.74    2061.05    2061.05    1178.50    1178.50    3407.45    3407.45    2988.66    2988.66    3477.67    3477.67    4801.54    4801.54    1657.13    1657.13    2677.75    2677.75    2144.47    2144.47    4030.31    4030.31    2617.65    2617.65
 3    3537.00    4839.34    7917.64   10694.99   12808.36   11546.37    9763.54   10252.33   17595.41   26131.64   22466.55   22314.25   21261.70   18074.13   16399.44   14462.20   12417.04   13438.17   16898.82   19008.33   15630.71   16839.61   17883.40   14545.85   11738.93   10163.34   12673.89
 4    1379.00    2366.05    3142.75    2940.59    2359.82    2625.45    4214.37    6326.76    6438.41    6041.89    5831.19    5435.83    5193.81    4088.60    3918.55    4138.80    6308.97    5240.52    3789.54    4544.39    4302.48    4593.08    3616.90    2826.87    3844.50    4366.63    3829.62
 1    4109.00    1754.21    1754.21    2758.14    2758.14   18554.38   18554.38   13540.76   13540.76   18575.17   18575.17   16977.11   16977.11   11154.53   11154.53   17605.90   17605.90    9504.26    9504.26    5715.40    5715.40    3233.08    3233.08    9005.77    9005.77   19658.56   19658.56
 2     783.00     334.14     334.14     525.36     525.36    3534.17    3534.17    2579.19    2579.19    3538.13    3538.13    3233.74    3233.74    2124.67    2124.67    3353.50    3353.50    1810.34    1810.34    1088.65    1088.65     615.82     615.82    1715.38    1715.38    3744.49    3744.49
 3    3537.00    4262.00    7553.87   11607.19   22651.49   32922.92   28107.88   18169.27   18040.53   23211.35   18883.98   13619.96   15481.81   16713.05   16137.06   17911.34   15789.96   12598.69   14136.65   15681.80   15374.74   17504.13   20116.33   20432.42   22375.90   23438.02   20879.44
 4    1379.00    2399.39    4726.62    9767.68    8574.31    6886.09    5271.66    3805.03    4934.14    4687.49    3588.12    4941.24    6029.94    4989.21    4059.04    4091.71    3825.03    3783.38    3581.90    3565.59    5065.94    4877.91    4730.12    5961.67    6176.84    6105.05    4724.27
 1    4109.00    1924.23    1924.23    7019.63    7019.63   13847.06   13847.06   19805.94   19805.94   28051.26   28051.26    8974.81    8974.81   15875.71   15875.71   22005.98   22005.98   13176.70   13176.70   15969.03   15969.03   21913.58   21913.58   25727.86   25727.86   31732.47   31732.47
 2     783.00     366.52     366.52    1337.07    1337.07    2637.54    2637.54    3772.56    3772.56    5343.10    5343.10    1709.49    1709.49    3023.94    3023.94    4191.62    4191.62    2509.85    2509.85    3041.72    3041.72    4174.02    4174.02    4900.54    4900.54    6044.28    6044.28
 3    3537.00    5540.84    8538.52   11096.88   10471.34    9441.71   11927.75   18593.03   21655.07   23298.48   21680.00   14030.99   14012.80   18930.85   15747.41   16335.78   16522.70   16691.59   20642.70   17587.08   20102.02   17878.20   18763.73   21376.70   20200.41   16832.69   13115.74
 4    1379.00    2570.78    2981.54    2541.75    2358.20    4278.86    7342.84    7009.74    7873.23    6105.59    4449.11    3527.95    4381.34    5252.55    4008.65    5267.54    5895.49    5824.00    5626.59    5803.82    5633.34    5662.41    5716.49    6189.44    5280.24    4043.14    3622.85
