              Isim, Ftarg, Btarg
   1 2019          0.3977734      21560.7846623       5544.3597106
   1 2021          0.4123975      21561.0634124       5603.1998247
   1 2023          0.3919238      21575.3858039       5505.9672490
   1 2025          0.4182471      21503.9547678       5615.7433765
   1 2027          0.4182471      21505.3510351       5632.7722175
   1 2029          0.4211719      21494.4863175       5633.9805677
   1 2031          0.4211719      21533.7676276       5593.2784954
   1 2033          0.3919238      21521.1031994       5454.2209418
   1 2035          0.4153223      21545.8173484       5554.1990509
   1 2037          0.3802246      21571.9391181       5381.7644604
   1 2039          0.4299463      21539.5906254       5607.0003020
   1 2041          0.4328711      21590.5764064       5628.7343212
   1 2043          0.3977734      21582.7659599       5498.7605957
   2 2019          0.3977734      21468.4703596       5520.6210708
   2 2021          0.4123975      21437.4851414       5583.6118213
   2 2023          0.4065479      21478.8686569       5588.8637057
   2 2025          0.4036230      21497.6582579       5561.3288496
   2 2027          0.4036230      21492.3640341       5544.2046943
   2 2029          0.4153223      21403.9889510       5584.9008204
   2 2031          0.4182471      21414.0264431       5579.4651546
   2 2033          0.4153223      21503.3572443       5573.0785035
   2 2035          0.3919238      21480.0017300       5447.9098366
   2 2037          0.4211719      21400.1303206       5583.0763309
   2 2039          0.4065479      21413.5280415       5598.9766482
   2 2041          0.4094727      21450.0309213       5591.9019636
   2 2043          0.4182471      21419.6675846       5585.7882364
   3 2019          0.3977734      21902.4674708       5632.2235072
   3 2021          0.4065479      21915.8074901       5687.1569791
   3 2023          0.4094727      21848.9730360       5696.8403201
   3 2025          0.4094727      21853.4631207       5711.7290338
   3 2027          0.4153223      21899.1964018       5703.0667255
   3 2029          0.4211719      21893.0690810       5699.4499934
   3 2031          0.4211719      21889.1613123       5699.8296711
   3 2033          0.4270215      21817.6658242       5702.5502534
   3 2035          0.4211719      21838.2270020       5704.7738824
   3 2037          0.4211719      21821.1616151       5706.4285332
   3 2039          0.4211719      21831.2455763       5705.4509125
   3 2041          0.4153223      21914.4999586       5701.5778271
   3 2043          0.3977734      21814.6025759       5590.3601512
   4 2019          0.3977734      22238.1558441       5718.5458336
   4 2021          0.4182471      22192.0864039       5783.1860856
   4 2023          0.4094727      22252.3077010       5796.4844703
   4 2025          0.4153223      22193.8597119       5799.1645167
   4 2027          0.3948486      22247.4274765       5665.6468345
   4 2029          0.4182471      22173.5435378       5753.8996200
   4 2031          0.4182471      22223.9784099       5773.9580120
   4 2033          0.4211719      22177.1571029       5797.6440102
   4 2035          0.4123975      22187.3870027       5773.7246175
   4 2037          0.4065479      22200.5743049       5770.8377582
   4 2039          0.3977734      22244.1317309       5714.0809192
   4 2041          0.4094727      22170.6613175       5770.2107155
   4 2043          0.4094727      22168.4639261       5770.6322499
   5 2019          0.3977734      21750.2088158       5593.0701663
   5 2021          0.4123975      21732.5862057       5654.0529121
   5 2023          0.4065479      21699.8015739       5639.5166761
   5 2025          0.4036230      21762.9691487       5636.9163201
   5 2027          0.4006982      21759.3944331       5642.5594879
   5 2029          0.4036230      21665.6977409       5645.6474682
   5 2031          0.4065479      21689.1927350       5597.3264406
   5 2033          0.4065479      21705.5042634       5581.8932290
   5 2035          0.4036230      21695.4558555       5627.1348279
   5 2037          0.4036230      21687.2435122       5631.1006927
   5 2039          0.4065479      21695.3201342       5612.7442609
   5 2041          0.4036230      21714.9071936       5635.5577973
   5 2043          0.4036230      21713.9613132       5635.9051765
   6 2019          0.3977734      22156.6315249       5697.5818401
   6 2021          0.4094727      22129.3539057       5762.5463585
   6 2023          0.4094727      22098.9184269       5771.6577178
   6 2025          0.4123975      22114.7267213       5765.3856174
   6 2027          0.3889990      22170.8911629       5631.3733078
   6 2029          0.3919238      22074.9774672       5648.9980634
   6 2031          0.3919238      22073.1747350       5648.2169795
   6 2033          0.3919238      22160.9880364       5683.5362625
   6 2035          0.3948486      22085.9359474       5705.3968052
   6 2037          0.3919238      22129.4986418       5671.4601739
   6 2039          0.3889990      22149.3062899       5621.1615270
   6 2041          0.3977734      22131.2740029       5684.1386291
   6 2043          0.3977734      22148.4577966       5724.5882555
   7 2019          0.3977734      21768.1921215       5597.6945766
   7 2021          0.4065479      21733.3382741       5656.4179763
   7 2023          0.4094727      21719.3031699       5649.7154387
   7 2025          0.4094727      21793.7092317       5636.5016461
   7 2027          0.4123975      21762.7446048       5631.6177439
   7 2029          0.4153223      21727.4312375       5627.5302059
   7 2031          0.4153223      21802.5021097       5614.2631931
   7 2033          0.4153223      21795.3438358       5615.5265965
   7 2035          0.4094727      21788.9439532       5637.3467008
   7 2037          0.4153223      21702.1007111       5632.0156254
   7 2039          0.4065479      21729.8526631       5573.4355548
   7 2041          0.4094727      21788.1221118       5616.5611097
   7 2043          0.4153223      21716.4568642       5679.8158094
   8 2019          0.3977734      21678.2755930       5574.5725249
   8 2021          0.4211719      21622.6492400       5633.1334228
   8 2023          0.4211719      21598.0349011       5635.9447819
   8 2025          0.4153223      21680.7779886       5634.1182655
   8 2027          0.3977734      21624.8105474       5582.1004579
   8 2029          0.4123975      21654.2643993       5622.0597831
   8 2031          0.4094727      21689.1890395       5647.8311244
   8 2033          0.4153223      21664.7369962       5646.1998132
   8 2035          0.3685254      21710.2821239       5359.0256314
   8 2037          0.4153223      21599.9043281       5625.9433862
   8 2039          0.4065479      21622.8725157       5647.2683846
   8 2041          0.4094727      21616.1593107       5642.0524883
   8 2043          0.4182471      21654.4622163       5618.5036749
   9 2019          0.3977734      21799.3631848       5605.7102212
   9 2021          0.4094727      21747.4306811       5673.9521059
   9 2023          0.4094727      21729.1409219       5686.4291157
   9 2025          0.4153223      21734.7845230       5681.3461730
   9 2027          0.3889990      21819.8748523       5486.3455986
   9 2029          0.4153223      21818.8581157       5648.7478138
   9 2031          0.4123975      21754.8359270       5679.0652466
   9 2033          0.4153223      21725.2660560       5679.2997336
   9 2035          0.4182471      21775.0723060       5671.2353279
   9 2037          0.4240967      21777.4370966       5665.2883670
   9 2039          0.4270215      21719.3706483       5668.5093302
   9 2041          0.3889990      21797.9461914       5497.6125130
   9 2043          0.3948486      21790.7558374       5510.9448190
  10 2019          0.3977734      21758.6010251       5595.2282244
  10 2021          0.4065479      21762.9953328       5652.7833726
  10 2023          0.4036230      21727.4520183       5626.8969716
  10 2025          0.4036230      21771.7194174       5608.5252001
  10 2027          0.4065479      21695.2595269       5604.6596371
  10 2029          0.4065479      21735.0668758       5588.6527421
  10 2031          0.4065479      21756.9668851       5580.0092736
  10 2033          0.3889990      21766.4575714       5501.1522406
  10 2035          0.4065479      21700.5886772       5586.9251284
  10 2037          0.4123975      21748.8052655       5659.6725339
  10 2039          0.4123975      21765.6223685       5657.7273358
  10 2041          0.4123975      21759.9484470       5658.3836987
  10 2043          0.4094727      21682.7010368       5583.6576767
  11 2019          0.3977734      21487.6525524       5525.5537752
  11 2021          0.4123975      21455.7895765       5581.7877064
  11 2023          0.4123975      21456.3952333       5589.6032127
  11 2025          0.4065479      21477.8777337       5573.7563430
  11 2027          0.4094727      21403.8398717       5575.9250531
  11 2029          0.4094727      21442.7824327       5568.0588082
  11 2031          0.3977734      21515.6110889       5498.2425394
  11 2033          0.4065479      21496.9201893       5565.2691135
  11 2035          0.4094727      21521.0733210       5583.1560720
  11 2037          0.4094727      21430.5728903       5585.8126004
  11 2039          0.4153223      21513.8107038       5595.3424849
  11 2041          0.4153223      21417.2359969       5604.2224958
  11 2043          0.4182471      21472.9471675       5597.5590178
  12 2019          0.3977734      21775.3854438       5599.5443407
  12 2021          0.4094727      21768.7912154       5657.7156549
  12 2023          0.4094727      21702.8670448       5663.1879239
  12 2025          0.4094727      21744.8077400       5656.7090007
  12 2027          0.4123975      21764.6477329       5645.6792078
  12 2029          0.4182471      21749.9142934       5632.0860970
  12 2031          0.3948486      21746.1813139       5509.1304926
  12 2033          0.4153223      21780.1680754       5660.5117979
  12 2035          0.4094727      21802.0947587       5673.7055762
  12 2037          0.4036230      21732.0707650       5647.3530295
  12 2039          0.4036230      21787.8482575       5603.6012939
  12 2041          0.4036230      21733.8713064       5613.2630257
  12 2043          0.4065479      21756.2129597       5631.3610816
  13 2019          0.3977734      21428.9070871       5510.4473681
  13 2021          0.4094727      21403.5491471       5576.4560142
  13 2023          0.4006982      21419.5228001       5524.7649044
  13 2025          0.4094727      21388.4986981       5539.1590852
  13 2027          0.4094727      21450.4239712       5524.5333911
  13 2029          0.4094727      21375.2993671       5542.2925704
  13 2031          0.4094727      21410.3554356       5533.9828927
  13 2033          0.4094727      21450.9847160       5524.4015061
  13 2035          0.4094727      21388.3304146       5497.6534934
  13 2037          0.4123975      21433.2773780       5512.3108379
  13 2039          0.4123975      21391.0523623       5522.2100257
  13 2041          0.4094727      21442.6968014       5526.3517861
  13 2043          0.4094727      21387.4024588       5539.4191108
  14 2019          0.3977734      21985.1906771       5653.4957948
  14 2021          0.4094727      22006.3212442       5719.2248459
  14 2023          0.4094727      21907.4754804       5737.9464019
  14 2025          0.4123975      21972.8502773       5730.5101963
  14 2027          0.4153223      21946.1471242       5731.4552650
  14 2029          0.4211719      21960.2281754       5727.1955680
  14 2031          0.4094727      21931.5773088       5687.0972821
  14 2033          0.4065479      21928.2186959       5704.4907265
  14 2035          0.3977734      21971.4620674       5652.6842216
  14 2037          0.3977734      21937.2369299       5603.5716985
  14 2039          0.4182471      21955.8085574       5718.9438629
  14 2041          0.4123975      21933.2994832       5727.4546752
  14 2043          0.4153223      22008.8192150       5716.3555323
  15 2019          0.3977734      21157.9586143       5440.7729189
  15 2021          0.4094727      21078.4677465       5499.6239221
  15 2023          0.4036230      21179.0333479       5479.2020023
  15 2025          0.4065479      21144.8276338       5468.2771570
  15 2027          0.4094727      21091.3052119       5462.8014541
  15 2029          0.4094727      21116.5808213       5455.8570068
  15 2031          0.4036230      21179.1466905       5396.7922797
  15 2033          0.4182471      21113.8924051       5509.8436766
  15 2035          0.4182471      21130.8203145       5508.1639451
  15 2037          0.4182471      21116.7185644       5509.5633064
  15 2039          0.4211719      21150.1960526       5503.9996518
  15 2041          0.4240967      21140.9131242       5502.6813551
  15 2043          0.4270215      21119.0371578       5502.6114676
  16 2019          0.3977734      21860.5064242       5621.4332164
  16 2021          0.4094727      21844.6726835       5680.1464255
  16 2023          0.4094727      21871.6390285       5680.1428056
  16 2025          0.4036230      21849.4829000       5669.8758886
  16 2027          0.4036230      21851.4327117       5669.1011637
  16 2029          0.4006982      21861.2910133       5640.6757677
  16 2031          0.4123975      21800.6627431       5689.1169467
  16 2033          0.4123975      21797.6110916       5689.4899173
  16 2035          0.3831494      21787.3077333       5496.6909539
  16 2037          0.4182471      21871.4275805       5677.5090338
  16 2039          0.4182471      21845.6055459       5707.2330266
  16 2041          0.4153223      21869.3195100       5705.1779181
  16 2043          0.3919238      21823.0370646       5610.7036079
  17 2019          0.3977734      21486.4536654       5525.2454812
  17 2021          0.4094727      21428.9090162       5593.2477525
  17 2023          0.4065479      21466.8976333       5568.5477469
  17 2025          0.4094727      21449.7483504       5579.3163899
  17 2027          0.4123975      21481.3722658       5565.2839923
  17 2029          0.4153223      21451.8658234       5561.2953661
  17 2031          0.3977734      21470.4659717       5487.6248714
  17 2033          0.4123975      21452.9252322       5538.9584314
  17 2035          0.4153223      21492.5954543       5607.6007218
  17 2037          0.4036230      21421.0318931       5568.4663503
  17 2039          0.4094727      21489.6119339       5598.9724025
  17 2041          0.4094727      21464.0550464       5601.4112773
  17 2043          0.4211719      21423.6319370       5597.7470020
  18 2019          0.3977734      22194.9959104       5707.4472488
  18 2021          0.4123975      22184.9931887       5769.7737884
  18 2023          0.4094727      22179.0701416       5769.0126845
  18 2025          0.4094727      22209.9104853       5759.3993624
  18 2027          0.4094727      22167.2257953       5765.9057070
  18 2029          0.4123975      22168.5020439       5757.7949102
  18 2031          0.4182471      22135.2612321       5747.0865683
  18 2033          0.4153223      22187.5309816       5747.0065079
  18 2035          0.4036230      22158.2245215       5696.4036503
  18 2037          0.4065479      22212.0633499       5719.7156256
  18 2039          0.4036230      22204.0774296       5708.4023887
  18 2041          0.4211719      22149.6264988       5789.5405451
  18 2043          0.4153223      22131.9766301       5792.5053294
  19 2019          0.3977734      21551.1935659       5541.8933584
  19 2021          0.4094727      21550.3580678       5600.6488124
  19 2023          0.4036230      21586.9460287       5607.8402675
  19 2025          0.4036230      21550.5436851       5559.2795799
  19 2027          0.4036230      21585.7096735       5512.7054776
  19 2029          0.4065479      21557.9906615       5511.3881297
  19 2031          0.4211719      21547.4958650       5576.8076088
  19 2033          0.4123975      21565.0961971       5549.9706393
  19 2035          0.4211719      21554.3371940       5575.8736055
  19 2037          0.4211719      21520.3885528       5580.5081959
  19 2039          0.4211719      21555.0112585       5575.7815786
  19 2041          0.4006982      21553.1057669       5488.4832805
  19 2043          0.4211719      21572.4919562       5570.0155692
  20 2019          0.3977734      21496.0447617       5527.7118334
  20 2021          0.4065479      21505.2056733       5573.3088092
  20 2023          0.4036230      21493.5613863       5571.6970083
  20 2025          0.4065479      21429.7135140       5568.2740992
  20 2027          0.4065479      21438.5520632       5565.7220528
  20 2029          0.4036230      21429.6542123       5493.7465885
  20 2031          0.4211719      21463.8823169       5600.1776719
  20 2033          0.4036230      21476.1433325       5548.3516786
  20 2035          0.4065479      21486.0601344       5591.7894126
  20 2037          0.4065479      21453.2442202       5596.5089709
  20 2039          0.4094727      21520.8491316       5580.0009181
  20 2041          0.4123975      21440.5493638       5584.7649827
  20 2043          0.4153223      21509.7608907       5568.0726222
  21 2019          0.3977734      22089.4938502       5680.3173748
  21 2021          0.4153223      22040.5543240       5753.2824619
  21 2023          0.4153223      22125.2415113       5760.9742761
  21 2025          0.4240967      22084.9682081       5764.0244170
  21 2027          0.3977734      22085.1758382       5651.3269654
  21 2029          0.4153223      22026.1461720       5708.7612342
  21 2031          0.4123975      22059.4242587       5732.4602486
  21 2033          0.4153223      22027.4875159       5760.9181933
  21 2035          0.4123975      22048.3564097       5760.4834825
  21 2037          0.4153223      22042.7808062       5759.5334745
  21 2039          0.4240967      22095.3721620       5750.3941588
  21 2041          0.4270215      22110.3270538       5747.5779586
  21 2043          0.4211719      22125.9580645       5749.0790307
  22 2019          0.3977734      22239.3547312       5718.8541277
  22 2021          0.4123975      22184.3504686       5783.7434509
  22 2023          0.4094727      22273.4730326       5776.8551789
  22 2025          0.4153223      22182.9325291       5782.9195764
  22 2027          0.4094727      22271.5525916       5781.4696323
  22 2029          0.4211719      22243.4923926       5766.3002885
  22 2031          0.4153223      22204.6640849       5761.3721303
  22 2033          0.4094727      22223.2056542       5774.8127650
  22 2035          0.4094727      22240.0120432       5772.2140571
  22 2037          0.4153223      22160.6055009       5768.1752894
  22 2039          0.4153223      22178.0185698       5765.4859956
  22 2041          0.4094727      22228.5244875       5738.6068492
  22 2043          0.4094727      22220.4385934       5740.5693893
  23 2019          0.3977734      21350.9794290       5490.4082566
  23 2021          0.4094727      21316.0051771       5541.8527670
  23 2023          0.4065479      21296.4687780       5556.2344276
  23 2025          0.3977734      21284.7554481       5539.2646509
  23 2027          0.3977734      21355.3696186       5517.5949759
  23 2029          0.4006982      21308.1918056       5527.6850615
  23 2031          0.4036230      21278.0713508       5554.4309905
  23 2033          0.3860742      21336.5099421       5445.8387443
  23 2035          0.4123975      21287.5690279       5558.0422847
  23 2037          0.4153223      21325.0120470       5559.8367216
  23 2039          0.4182471      21310.9358790       5558.8617268
  23 2041          0.4240967      21290.9761478       5556.0892291
  23 2043          0.4153223      21381.5297699       5554.1468048
  24 2019          0.3977734      21963.6107103       5647.9465024
  24 2021          0.4123975      21933.6461339       5716.1604302
  24 2023          0.4153223      21876.0184943       5718.9006988
  24 2025          0.4153223      21982.8486614       5706.7516922
  24 2027          0.4211719      21921.7627341       5706.0992882
  24 2029          0.4211719      21955.2806988       5702.2888228
  24 2031          0.4153223      21952.9378317       5680.9440756
  24 2033          0.4240967      21960.1409476       5697.9447849
  24 2035          0.3831494      21912.3623136       5477.1029018
  24 2037          0.3977734      21996.9425543       5594.3617998
  24 2039          0.4153223      21980.0973808       5734.5896172
  24 2041          0.4123975      21956.4567221       5741.1426104
  24 2043          0.4240967      21957.9409222       5749.2131325
  25 2019          0.3977734      22606.2141677       5813.1920987
  25 2021          0.4123975      22591.5081450       5873.9450263
  25 2023          0.4094727      22528.3595585       5879.0402453
  25 2025          0.4094727      22541.1815575       5880.4840580
  25 2027          0.4094727      22539.6436075       5880.7087858
  25 2029          0.4182471      22542.1808586       5858.2544331
  25 2031          0.4065479      22556.0379390       5791.0489638
  25 2033          0.4036230      22600.8518963       5814.7734318
  25 2035          0.4065479      22537.9256773       5841.2306978
  25 2037          0.4123975      22579.9467006       5883.9479366
  25 2039          0.4036230      22554.5559513       5849.5478816
  25 2041          0.4036230      22540.2443292       5818.1345147
  25 2043          0.4182471      22576.2892864       5900.8324308
  26 2019          0.3977734      21994.7817735       5655.9621470
  26 2021          0.4153223      21971.4236263       5718.9559349
  26 2023          0.4153223      22004.0291137       5730.7738618
  26 2025          0.4153223      21927.1747783       5737.6110621
  26 2027          0.4270215      21941.2470685       5731.2135748
  26 2029          0.4270215      22029.1693809       5723.4030442
  26 2031          0.4006982      22010.6897906       5601.7446665
  26 2033          0.4153223      21982.5848288       5708.8895209
  26 2035          0.4211719      22020.6341559       5733.0807985
  26 2037          0.4211719      21960.8459560       5737.9307447
  26 2039          0.4211719      21943.7802269       5739.3126607
  26 2041          0.4211719      22014.9649346       5733.5412480
  26 2043          0.4240967      21942.2193165       5738.9337646
  27 2019          0.3977734      21749.0099288       5592.7618722
  27 2021          0.4153223      21694.4268631       5660.5344649
  27 2023          0.4094727      21680.0634426       5655.1143000
  27 2025          0.4123975      21709.8710913       5667.7487540
  27 2027          0.4182471      21759.3951554       5658.2109013
  27 2029          0.4211719      21668.9723530       5664.8777947
  27 2031          0.4006982      21720.7735037       5565.0640315
  27 2033          0.4006982      21712.3685064       5577.4357321
  27 2035          0.4006982      21704.2163286       5590.9030863
  27 2037          0.4006982      21709.1456076       5582.5560891
  27 2039          0.4006982      21711.4819627       5578.8206150
  27 2041          0.4006982      21736.5515741       5544.6141043
  27 2043          0.4006982      21725.2146841       5558.9926553
  28 2019          0.3977734      21689.0655764       5577.3471711
  28 2021          0.4094727      21686.5931904       5632.1306091
  28 2023          0.4036230      21667.4611879       5600.4170315
  28 2025          0.4123975      21694.3139409       5637.3818440
  28 2027          0.4153223      21620.9367180       5641.7694535
  28 2029          0.4182471      21639.9725271       5635.0165183
  28 2031          0.4182471      21646.9772979       5634.1719516
  28 2033          0.4211719      21675.4459278       5626.2901785
  28 2035          0.4094727      21616.4359157       5582.2222826
  28 2037          0.4240967      21661.3414890       5623.5502826
  28 2039          0.4036230      21636.1366841       5532.1271465
  28 2041          0.4153223      21638.8509749       5603.9020903
  28 2043          0.4153223      21671.5307622       5648.1826144
  29 2019          0.3977734      22191.3992493       5706.5223667
  29 2021          0.4123975      22171.6339793       5770.0278284
  29 2023          0.4065479      22198.6059383       5780.9549470
  29 2025          0.4123975      22148.8836526       5780.0295739
  29 2027          0.3977734      22178.6486339       5688.8079300
  29 2029          0.4153223      22195.2612915       5738.5934444
  29 2031          0.4094727      22187.8238686       5757.5799688
  29 2033          0.4094727      22211.8374979       5753.6950184
  29 2035          0.4153223      22141.1488837       5747.3300255
  29 2037          0.3977734      22123.4380199       5677.8825761
  29 2039          0.4123975      22145.5012781       5750.9810625
  29 2041          0.4123975      22162.2613705       5777.8712812
  29 2043          0.4065479      22132.2582639       5748.4746248
  30 2019          0.3977734      22732.0973077       5845.5629711
  30 2021          0.4153223      22643.8807545       5923.8099590
  30 2023          0.4153223      22695.2122677       5918.4779215
  30 2025          0.4153223      22673.3539587       5920.7493619
  30 2027          0.4065479      22698.9196441       5828.0861515
  30 2029          0.4006982      22664.5446253       5778.9653988
  30 2031          0.3977734      22761.9735136       5812.6239146
  30 2033          0.3977734      22753.3329096       5866.2077934
  30 2035          0.3977734      22753.8419393       5853.0152869
  30 2037          0.4123975      22740.4698044       5863.5726902
  30 2039          0.4153223      22673.6005792       5921.7122780
  30 2041          0.4094727      22666.8729936       5927.8328637
  30 2043          0.3889990      22674.4797756       5787.6305439
  31 2019          0.3977734      21311.4161564       5480.2345538
  31 2021          0.4153223      21242.3860298       5554.9976714
  31 2023          0.4123975      21286.7784975       5558.3831204
  31 2025          0.3977734      21285.6968157       5470.2034703
  31 2027          0.4036230      21311.5003477       5506.9257248
  31 2029          0.4036230      21286.6852416       5516.2263791
  31 2031          0.4065479      21289.5604787       5484.9632020
  31 2033          0.4065479      21300.5140569       5481.0088056
  31 2035          0.3977734      21317.7133863       5434.0617651
  31 2037          0.4182471      21280.2109981       5553.1008149
  31 2039          0.4065479      21253.8819162       5539.1149492
  31 2041          0.4065479      21302.2015637       5534.8988784
  31 2043          0.4094727      21315.5650185       5522.4892104
  32 2019          0.3977734      22425.1822236       5766.6397012
  32 2021          0.4123975      22420.9227328       5836.8806451
  32 2023          0.4153223      22399.0083964       5844.4820326
  32 2025          0.4153223      22421.8040752       5845.0174227
  32 2027          0.4006982      22370.8925887       5768.0806242
  32 2029          0.4182471      22431.3266650       5812.4525044
  32 2031          0.4153223      22351.8370512       5821.9288989
  32 2033          0.4123975      22425.0270951       5816.0467435
  32 2035          0.4123975      22371.1012814       5819.3848677
  32 2037          0.4153223      22338.7312664       5815.9597421
  32 2039          0.4153223      22380.7920684       5809.3455357
  32 2041          0.4182471      22402.6584583       5797.4254924
  32 2043          0.4153223      22451.6883135       5798.2073696
  33 2019          0.3977734      21883.2852781       5627.2908028
  33 2021          0.4036230      21881.1107168       5699.0469732
  33 2023          0.4065479      21884.1740469       5692.1340489
  33 2025          0.4036230      21796.5103762       5635.8177753
  33 2027          0.4211719      21856.1572512       5663.8433743
  33 2029          0.4211719      21803.0232192       5671.2386605
  33 2031          0.3977734      21851.4180825       5602.6765018
  33 2033          0.4094727      21846.2603732       5662.8667003
  33 2035          0.4094727      21843.9536771       5663.3690132
  33 2037          0.4094727      21878.1593175       5668.6857271
  33 2039          0.4006982      21895.7952063       5673.2669333
  33 2041          0.4036230      21817.9933581       5620.8955756
  33 2043          0.4006982      21894.7385947       5636.4886979
  34 2019          0.3977734      21463.6748115       5519.3878948
  34 2021          0.4153223      21412.1551637       5571.1169646
  34 2023          0.4094727      21494.7060511       5559.8707328
  34 2025          0.4094727      21421.7282633       5568.1553008
  34 2027          0.4094727      21440.6367634       5572.5652492
  34 2029          0.4094727      21400.6943750       5579.1891669
  34 2031          0.4065479      21414.6645545       5585.3644972
  34 2033          0.4036230      21418.3630719       5548.8962493
  34 2035          0.4006982      21455.5521977       5455.8218946
  34 2037          0.3948486      21423.8069394       5420.7093399
  34 2039          0.4153223      21404.4010237       5543.9570747
  34 2041          0.4153223      21455.6084024       5584.8438084
  34 2043          0.3977734      21497.8274533       5535.8338656
  35 2019          0.3977734      21060.8487635       5415.8011030
  35 2021          0.4211719      21037.3665068       5473.5857488
  35 2023          0.4123975      21025.4138416       5478.6047261
  35 2025          0.4094727      21044.1478167       5448.0390391
  35 2027          0.3977734      21072.7589388       5378.8023324
  35 2029          0.4211719      20989.3602776       5475.6283557
  35 2031          0.4240967      21062.9552824       5498.9093455
  35 2033          0.4240967      21019.5031470       5502.0224640
  35 2035          0.4094727      21092.6698721       5434.8954022
  35 2037          0.4094727      21091.4515363       5471.6194437
  35 2039          0.4065479      21065.1389058       5458.8800212
  35 2041          0.4094727      21063.9666593       5454.3583598
  35 2043          0.4123975      21036.8711326       5484.1121154
  36 2019          0.3977734      21701.0544469       5580.4301113
  36 2021          0.4123975      21640.9820045       5634.7284550
  36 2023          0.4153223      21645.4490438       5646.9879669
  36 2025          0.4094727      21680.5088314       5639.9887915
  36 2027          0.4094727      21637.0087615       5640.7360099
  36 2029          0.4094727      21679.4825247       5633.9316322
  36 2031          0.4094727      21652.2259284       5638.2974747
  36 2033          0.4153223      21649.1784865       5621.7355227
  36 2035          0.4153223      21620.9838191       5626.2427563
  36 2037          0.4094727      21679.2656988       5633.9663524
  36 2039          0.4123975      21652.1234945       5629.7752769
  36 2041          0.3919238      21679.6184336       5510.4477636
  36 2043          0.4006982      21680.8544536       5563.9720095
  37 2019          0.3977734      22039.1405943       5667.3690258
  37 2021          0.4094727      22010.1396178       5742.3208734
  37 2023          0.4036230      22066.0230107       5719.2103351
  37 2025          0.4094727      21971.4680876       5719.0188041
  37 2027          0.3948486      22007.7595603       5650.7981809
  37 2029          0.4094727      22040.4380566       5719.0967898
  37 2031          0.4153223      21979.2101357       5744.1100232
  37 2033          0.4123975      22011.8806119       5743.0636648
  37 2035          0.4182471      22004.2342463       5739.5473175
  37 2037          0.4182471      21974.7395354       5699.5379196
  37 2039          0.4036230      21950.3719893       5611.6139929
  37 2041          0.4065479      22051.2664371       5629.7666454
  37 2043          0.4299463      21985.1952198       5732.8787432
  38 2019          0.3977734      21992.3839994       5655.3455589
  38 2021          0.4094727      21952.3277856       5721.6556408
  38 2023          0.4123975      21946.5053685       5731.9913879
  38 2025          0.4153223      22004.3570120       5723.9779415
  38 2027          0.4094727      21984.7595853       5673.4030964
  38 2029          0.4123975      21949.9550696       5717.9282797
  38 2031          0.4094727      21937.5637836       5725.0133904
  38 2033          0.4123975      21983.8725118       5713.5283084
  38 2035          0.4153223      21937.3666671       5714.0946655
  38 2037          0.4094727      21947.4728201       5674.6265006
  38 2039          0.4065479      21943.2995150       5690.3860328
  38 2041          0.4036230      21933.4772903       5676.9667701
  38 2043          0.4094727      21967.6041500       5715.0347567
  39 2019          0.3977734      21535.6080343       5537.8855361
  39 2021          0.4123975      21481.6357295       5594.2499667
  39 2023          0.4123975      21501.0227875       5603.8386494
  39 2025          0.4094727      21493.8752509       5604.9262071
  39 2027          0.4094727      21525.6803901       5600.8337161
  39 2029          0.4153223      21515.8683777       5591.6059332
  39 2031          0.4036230      21516.6945515       5516.3803928
  39 2033          0.4153223      21515.3739984       5607.4430913
  39 2035          0.4153223      21472.8710302       5611.7063615
  39 2037          0.4211719      21471.4619367       5607.0710413
  39 2039          0.4211719      21529.5128451       5601.2513403
  39 2041          0.4182471      21524.4462010       5604.1453005
  39 2043          0.4211719      21517.7865992       5602.4277812
  40 2019          0.3977734      21237.0851595       5461.1203244
  40 2021          0.4094727      21191.1489778       5520.4936898
  40 2023          0.4094727      21152.4739286       5532.4854432
  40 2025          0.3919238      21212.2696057       5419.7207232
  40 2027          0.4123975      21205.2875326       5526.4336955
  40 2029          0.4094727      21261.7295264       5523.7927787
  40 2031          0.4182471      21180.2035855       5521.5409587
  40 2033          0.4211719      21199.4780439       5515.4178717
  40 2035          0.4211719      21207.0319932       5514.5426901
  40 2037          0.4153223      21212.9401549       5477.4523589
  40 2039          0.4123975      21191.1964487       5453.6108190
  40 2041          0.4211719      21232.2137511       5490.3563592
  40 2043          0.4270215      21151.5151604       5513.2079383
  41 2019          0.3977734      21612.3368053       5557.6163536
  41 2021          0.4094727      21546.5139289       5627.9517094
  41 2023          0.4094727      21526.4141759       5629.7446586
  41 2025          0.4094727      21637.8644707       5615.0948566
  41 2027          0.4153223      21647.7380085       5602.7079912
  41 2029          0.4211719      21586.3193855       5599.7302615
  41 2031          0.4182471      21569.8538393       5607.4094120
  41 2033          0.4153223      21633.2237721       5604.6151630
  41 2035          0.4182471      21554.7621472       5609.3905608
  41 2037          0.4211719      21533.5620003       5606.6531937
  41 2039          0.4123975      21619.5111782       5597.7795043
  41 2041          0.4094727      21592.1783822       5611.0584032
  41 2043          0.4065479      21581.2574644       5593.5617721
  42 2019          0.3977734      21744.2143806       5591.5286961
  42 2021          0.4065479      21751.1794633       5653.7739566
  42 2023          0.4094727      21761.8676242       5667.0825365
  42 2025          0.4065479      21740.7297940       5628.2715482
  42 2027          0.4065479      21717.8388214       5620.0113929
  42 2029          0.4123975      21682.7413952       5647.0415536
  42 2031          0.4094727      21680.9835800       5646.7305297
  42 2033          0.4036230      21773.8277088       5650.8380791
  42 2035          0.4036230      21677.4868428       5633.4030390
  42 2037          0.4036230      21723.3611519       5612.2215196
  42 2039          0.4036230      21697.0325662       5624.2717237
  42 2041          0.4036230      21760.8506945       5595.5154838
  42 2043          0.4036230      21722.9210069       5612.4207260
  43 2019          0.3977734      22819.6160622       5868.0684348
  43 2021          0.4094727      22729.1320986       5942.4259997
  43 2023          0.4036230      22759.5050370       5924.6121919
  43 2025          0.4065479      22749.4705233       5926.0495938
  43 2027          0.4094727      22777.7818651       5903.5884789
  43 2029          0.4123975      22775.9755447       5888.0612380
  43 2031          0.4094727      22844.3040270       5888.7575719
  43 2033          0.4153223      22736.8605365       5880.9226640
  43 2035          0.4094727      22845.5911856       5888.4716063
  43 2037          0.4094727      22834.9394154       5890.8392181
  43 2039          0.4123975      22776.6316361       5887.9154205
  43 2041          0.4123975      22790.5102126       5884.8331639
  43 2043          0.4123975      22818.2089391       5878.6945116
  44 2019          0.3977734      21364.1671865       5493.7994908
  44 2021          0.4094727      21351.4103589       5547.9270988
  44 2023          0.4094727      21346.8686698       5532.5609282
  44 2025          0.4094727      21360.3401253       5545.9207371
  44 2027          0.3977734      21300.7135875       5464.7251441
  44 2029          0.4153223      21356.8726605       5558.2285643
  44 2031          0.4153223      21383.7724777       5580.7470227
  44 2033          0.4065479      21338.4153828       5538.6420088
  44 2035          0.4036230      21305.5599919       5524.6021720
  44 2037          0.4036230      21309.8928660       5486.3403212
  44 2039          0.4153223      21291.6025296       5558.3740660
  44 2041          0.4123975      21361.8676393       5560.9305700
  44 2043          0.4153223      21316.0725752       5562.8754231
  45 2019          0.3977734      21258.6651263       5466.6696168
  45 2021          0.4065479      21257.2299979       5526.5691997
  45 2023          0.4036230      21283.4885620       5530.1440855
  45 2025          0.3919238      21280.4049875       5417.5696942
  45 2027          0.4211719      21177.4376574       5501.1269642
  45 2029          0.4182471      21221.6120075       5501.9031897
  45 2031          0.4182471      21195.4902713       5505.8624376
  45 2033          0.3831494      21211.5665022       5325.0700217
  45 2035          0.4065479      21216.7196955       5474.8181338
  45 2037          0.4036230      21175.7258006       5509.7551828
  45 2039          0.3977734      21269.7124775       5455.3939793
  45 2041          0.4153223      21260.1339781       5547.0144931
  45 2043          0.4065479      21243.4507827       5536.3010949
  46 2019          0.3977734      21685.4689152       5576.4222890
  46 2021          0.4094727      21649.1579376       5641.4127080
  46 2023          0.4094727      21651.2606855       5644.6967307
  46 2025          0.4123975      21633.1103421       5642.1741284
  46 2027          0.4153223      21609.7708894       5640.2991592
  46 2029          0.4211719      21631.7483972       5628.1029913
  46 2031          0.4153223      21715.5719686       5627.2338364
  46 2033          0.4153223      21683.0995939       5631.2458600
  46 2035          0.4153223      21618.6157341       5639.2076397
  46 2037          0.4153223      21621.0437650       5638.9079797
  46 2039          0.4094727      21709.6437885       5637.4809873
  46 2041          0.4153223      21714.2290017       5627.3997984
  46 2043          0.4036230      21671.2689393       5557.2914311
  47 2019          0.3977734      21448.0892798       5515.3800725
  47 2021          0.4094727      21411.4794941       5580.3727845
  47 2023          0.4094727      21459.7817815       5573.9955814
  47 2025          0.4123975      21384.2118413       5578.4014355
  47 2027          0.3977734      21479.4687491       5485.5109391
  47 2029          0.4153223      21471.5709298       5581.7662954
  47 2031          0.4036230      21422.6991036       5513.2797929
  47 2033          0.4123975      21460.7576062       5569.4080054
  47 2035          0.4123975      21410.4808756       5575.9302798
  47 2037          0.4123975      21454.2265994       5570.2554172
  47 2039          0.4211719      21433.1115110       5557.0445573
  47 2041          0.4211719      21428.1132987       5557.6922425
  47 2043          0.4036230      21454.4388584       5507.3979173
  48 2019          0.3977734      22052.3283518       5670.7602601
  48 2021          0.4094727      22064.9664712       5730.5642307
  48 2023          0.4153223      21984.0546449       5729.6816875
  48 2025          0.4094727      22076.4290184       5729.0397058
  48 2027          0.4036230      21976.6015713       5658.3594962
  48 2029          0.4094727      22068.4477685       5715.2209208
  48 2031          0.4094727      22063.5552150       5719.0941468
  48 2033          0.4094727      22082.0998861       5734.5194450
  48 2035          0.4094727      22001.6063956       5744.0209412
  48 2037          0.4153223      21969.4691666       5723.3183011
  48 2039          0.4123975      21992.4842638       5727.3827591
  48 2041          0.4123975      22032.0074467       5721.4958894
  48 2043          0.4094727      22015.6210575       5731.4450056
  49 2019          0.3977734      21265.8584486       5468.5193809
  49 2021          0.4065479      21265.0433070       5499.4976680
  49 2023          0.4123975      21204.6298526       5504.8801217
  49 2025          0.4153223      21199.6417275       5545.0618960
  49 2027          0.4123975      21221.5888267       5522.5357871
  49 2029          0.4094727      21277.5200602       5521.2939661
  49 2031          0.4006982      21252.7227136       5489.2122830
  49 2033          0.4123975      21251.5843377       5517.7282782
  49 2035          0.4094727      21245.6056477       5525.6096976
  49 2037          0.4123975      21250.1438485       5517.9394746
  49 2039          0.4153223      21248.0270988       5511.2641078
  49 2041          0.4211719      21217.8128256       5515.1707209
  49 2043          0.4153223      21227.8093119       5513.4890510
  50 2019          0.3977734      21787.3743143       5602.6272810
  50 2021          0.4123975      21765.3321806       5667.3372010
  50 2023          0.4094727      21759.9236575       5672.2248050
  50 2025          0.4094727      21819.7970723       5665.1372380
  50 2027          0.3977734      21761.6075281       5582.3355701
  50 2029          0.4123975      21745.6213350       5674.4734942
  50 2031          0.4182471      21758.6426417       5666.8214699
  50 2033          0.4094727      21739.0169368       5658.1558010
  50 2035          0.4036230      21741.9150168       5642.2347828
  50 2037          0.4094727      21712.7463217       5645.3115096
  50 2039          0.4094727      21743.1290821       5649.4728154
  50 2041          0.4094727      21744.3490926       5660.7225756
  50 2043          0.4065479      21775.9131843       5662.7556199
