2019 2020 2021 2022 2023 2024 2025 2026 2027 2028 2029 2030 2031 2032 2033 2034 2035 2036 2037 2038 2039 2040 2041 2042 2043 2044 2045
 0.3695097  0.2797827  0.2346857  0.2945300  0.2094515  0.2673279  0.2268232  0.3469775  0.3670395  0.4342457  0.5372805  0.3362999  0.3423443  0.3919942  0.4287812  0.5662798  0.5984613  0.3972646  0.4186204  0.1995000  0.1738862  0.2267188  0.1941968  0.3240193  0.2847755  0.4332996  0.4888451
 0.3576641  0.2430141  0.2415396  0.3091986  0.3291357  0.3183773  0.3134008  0.3109589  0.3008770  0.2776522  0.2710700  0.1936619  0.1941445  0.1933338  0.1975385  0.2007721  0.2049474  0.2077849  0.1906133  0.6211043  0.9014013  0.6816664  0.8442869  0.4207331  0.4846641  0.2369140  0.2246140
 0.3464490  0.3264583  0.3122127  0.3066394  0.2787419  0.5308439  0.6436228  0.4092699  0.3898657  0.3009663  0.3165344  0.4143909  0.3844483  0.2398897  0.2102364  0.3513337  0.3536572  0.3545801  0.3598095  0.3139668  0.3211788  0.5201718  0.6923560  0.3415950  0.2732355  0.2786746  0.2482691
 0.3476240  0.1787100  0.1695273  0.3206676  0.3293388  0.2846325  0.3006198  0.2174074  0.2091559  0.1679919  0.1736709  0.1919988  0.1829568  0.1803177  0.1973757  0.2167197  0.2310594  0.3266962  0.3803897  0.3164240  0.3287754  0.3781269  0.3622567  0.3822031  0.4583465  0.3710028  0.3966612
 0.3487996  0.2390200  0.2419828  0.2662699  0.2531445  0.3671424  0.3471912  0.6042520  0.7339379  0.8769264  1.3560842  0.4777268  0.3986303  0.2309541  0.2118102  0.4184154  0.4613132  0.5409474  0.6046743  0.2689680  0.2462697  0.4514529  0.5269531  0.7383448  1.4234501  0.5495817  0.2573359
 0.3394349  0.3620068  0.3564856  0.4125976  0.4295751  0.4229158  0.5142831  0.3471644  0.2928420  0.2955428  0.2712985  0.2156678  0.2234007  0.2870172  0.2977453  0.3417055  0.3715300  0.3000305  0.3287349  0.2029825  0.2247161  0.2749810  0.2429595  0.4022600  0.4700416  0.2300146  0.1906990
 0.3824709  0.3556123  0.3411046  0.2300691  0.2160640  0.2221997  0.2270746  0.2390292  0.2591342  0.2837937  0.3112658  0.2699116  0.2245652  0.1941841  0.1748940  0.4123079  0.4592660  0.3466472  0.3564838  0.2135654  0.1999968  0.2052017  0.1873871  0.2709552  0.2918286  0.2589587  0.2856311
 0.3701290  0.1554671  0.1484524  0.1423502  0.1328862  0.2235481  0.2459437  0.4506833  0.4408257  0.2897607  0.2657728  0.4559705  0.5297472  0.3691741  0.4447744  0.3091345  0.2477834  0.3633145  0.3056921  0.7197963  0.9319327  0.7214820  1.0659536  0.2935127  0.2748604  0.2459449  0.2018387
 0.3638768  0.3450975  0.3095233  0.4983115  0.5771070  0.4347726  0.4422961  0.1844807  0.1714275  0.2300522  0.2051356  0.2961410  0.3314893  0.3070161  0.3341120  0.2684857  0.2967044  0.2162881  0.2248387  0.2255030  0.2090874  0.2011826  0.2165417  0.2165003  0.1784927  0.1982578  0.1878034
 0.3850089  0.3700613  0.3525677  0.2871573  0.2395665  0.2293137  0.2301821  0.2695417  0.2696330  0.2670797  0.2849092  0.2519824  0.2619264  0.3012978  0.2533558  0.2647275  0.2289655  0.3233792  0.3225895  0.3251810  0.3852566  0.6225362  0.8736238  0.3344559  0.3204918  0.2579680  0.2366794
 0.3449682  0.1970008  0.1920311  0.2099674  0.2043576  0.2647161  0.2671330  0.2984170  0.2914760  0.2940287  0.3197533  0.3035864  0.2608437  0.3650931  0.3465151  0.3182370  0.3274476  0.3419571  0.3621532  0.2639519  0.2626028  0.3736458  0.4164162  0.3290715  0.3341165  0.4314114  0.5064503
 0.3868784  0.2677391  0.2613631  0.3316510  0.3236148  0.3660276  0.4123696  0.4440118  0.5130310  0.3708349  0.3263773  0.2363030  0.1976612  0.2721085  0.2499911  0.3666618  0.4347341  0.4535847  0.4989394  0.3002908  0.2686981  0.2882926  0.2867386  0.3810700  0.3229945  0.3956701  0.3613036
 0.4068006  0.2962211  0.2792215  0.2124543  0.2148635  0.2067936  0.2028225  0.1571648  0.1696378  0.2764284  0.3286389  0.4126505  0.4564733  0.4192730  0.4753116  0.2774691  0.2810022  0.3723706  0.3098681  0.2273202  0.2239551  0.2717447  0.2998000  0.5716767  0.6696130  0.3849354  0.2924951
 0.3868869  0.3589582  0.3217208  0.5439133  0.6508637  0.5718264  0.5346542  0.6448589  0.6817571  0.4849153  0.4791601  0.4276170  0.3587028  0.4520536  0.5161292  0.3550481  0.3360375  0.2140529  0.2045654  0.2351382  0.2223948  0.3800642  0.4662155  0.3816429  0.4775574  0.3110837  0.2999666
 0.4323681  0.3471656  0.3261876  0.3289631  0.3060758  0.2378029  0.2289654  0.2510114  0.3137402  0.4511528  0.4368000  0.1659232  0.1555357  0.2463307  0.2441746  0.2222816  0.2507332  0.3429960  0.4191423  0.3838816  0.3670723  0.2466408  0.2463123  0.1987210  0.1968250  0.2264024  0.2225831
 0.3936755  0.3288608  0.2873820  0.2277479  0.2206887  0.3931793  0.4032918  0.4919308  0.5064029  0.4491273  0.4136377  0.3395957  0.3354092  0.3843817  0.4289858  0.3124393  0.2590225  0.2294509  0.1961456  0.2495217  0.2760987  0.4217137  0.5782748  0.5151840  0.5194722  0.3490213  0.3432653
 0.3811711  0.3699091  0.3372845  0.2668157  0.2523585  0.3027023  0.2900714  0.2504283  0.2412565  0.2217318  0.2132066  0.2137773  0.2261353  0.2286759  0.1942131  0.3278664  0.3610751  0.4472543  0.4606427  0.4443647  0.4656548  0.6138443  0.8703036  0.4019956  0.4384277  0.2542841  0.2346624
 0.3180644  0.2437610  0.2257397  0.2967545  0.2687830  0.2628781  0.2551095  0.3880773  0.4445680  0.4159205  0.5258303  0.2991565  0.2943247  0.3935732  0.3745267  0.2630150  0.2322158  0.2390512  0.2469451  0.2926888  0.2479101  0.2091976  0.2015269  0.2527955  0.2888808  0.2599061  0.2372892
 0.3661831  0.3154574  0.2815317  0.7453091  1.2005419  0.7683127  0.5111835  0.3492552  0.3299562  0.2570456  0.2613899  0.2229519  0.2053180  0.2961179  0.3114431  0.2370562  0.2027838  0.2463486  0.2407549  0.1995451  0.1841660  0.2244616  0.2481817  0.2034705  0.2066181  0.2221191  0.2064447
 0.3672031  0.2769825  0.2512411  0.3513891  0.3187351  0.3231737  0.2816063  0.3734084  0.4997403  0.2013256  0.1974587  0.2169531  0.2189127  0.2893534  0.2936991  0.4634771  0.5328394  0.7931264  1.2898494  0.7351759  0.6243342  0.7727103  0.9080224  0.5843388  0.6512816  0.2671617  0.2558648
 0.3251653  0.2525965  0.2450612  0.2512880  0.2549652  0.1937487  0.1796439  0.2379765  0.2267283  0.1915404  0.1718840  0.2408584  0.2249073  0.2855012  0.2953649  0.4465875  0.5859848  0.6284716  0.9643617  0.4903747  0.4276368  0.2080533  0.1915002  0.3025204  0.3063855  0.2825383  0.2571325
 0.3393207  0.2744574  0.2437423  0.2489982  0.2323619  0.2135677  0.2073235  0.4187457  0.4983250  0.1763281  0.1684540  0.2316586  0.2094620  0.3152722  0.3615862  0.3953964  0.4597674  0.3420089  0.3308806  0.3422475  0.3282221  0.2776411  0.2647728  0.2143882  0.1840965  0.1959140  0.1973186
 0.3828618  0.2833365  0.2617978  0.4697090  0.4359229  1.1135913  2.2388069  0.7999108  0.6957213  0.7484472  0.7874702  1.3406142  2.0803297  0.8191518  0.5468713  0.4969907  0.4300831  0.2737500  0.2604664  0.2680317  0.2563832  0.1796323  0.1878278  0.3210089  0.3417017  0.3450432  0.4124668
 0.3563025  0.2953604  0.2903601  0.2720994  0.2701118  0.2520092  0.2380271  0.2266936  0.2239271  0.2507711  0.2629229  0.3455654  0.4083177  0.2929324  0.2661612  0.2206584  0.2064864  0.2436827  0.1762670  0.3160151  0.3224674  0.3952042  0.5705980  0.3471936  0.4458785  0.3099486  0.3015055
 0.3215713  0.2672942  0.2477344  0.2726969  0.2668458  0.3266096  0.3325818  0.5832122  0.7849271  0.3003981  0.2712696  0.2070160  0.1840831  0.2577176  0.2462665  0.3331407  0.2997725  0.3133852  0.3130230  0.3848107  0.4264520  0.3673300  0.2747388  0.3106311  0.3236410  0.2711220  0.2963430
 0.3346949  0.2190596  0.2035323  0.2337896  0.2242461  0.3878453  0.5076034  0.2583180  0.2377654  0.2357411  0.2208200  0.2118913  0.1934149  0.2494923  0.2214800  0.1762415  0.1864361  0.2033317  0.2168670  0.2303552  0.2540529  0.2386979  0.2408562  0.2485743  0.2635312  0.1640848  0.1612446
 0.3399655  0.2067880  0.1948919  0.2501665  0.2490217  0.2999596  0.3251666  0.2305535  0.2273863  0.2637849  0.2770664  0.2105113  0.1856915  0.1912817  0.1828693  0.2484284  0.2667326  0.2535837  0.2762256  0.2742613  0.2648689  0.1571832  0.1645899  0.1986144  0.1818593  0.2394060  0.2163359
 0.3825636  0.2531628  0.2483888  0.2517344  0.2198082  0.2819785  0.2581489  0.2783886  0.2890750  0.2557522  0.2690553  0.3183920  0.3338815  0.2572507  0.2493952  0.3144748  0.3864251  0.3923684  0.3662551  0.2045720  0.1848354  0.1895250  0.1738143  0.2575097  0.2674752  0.3612374  0.4498345
 0.3444544  0.2339193  0.2155387  0.3769758  0.4150701  0.3710301  0.3744391  0.3160227  0.2573785  0.1998751  0.1780344  0.3019107  0.3264137  0.3333550  0.3577778  0.2463925  0.2358527  0.3432732  0.2999508  0.2784764  0.2709919  0.3562566  0.3373364  0.2856245  0.3170502  0.2024202  0.1943115
 0.3101507  0.2768242  0.2555529  0.2454856  0.2435875  0.3876785  0.5058580  0.3039502  0.3045767  0.1828813  0.1764144  0.2282556  0.2327294  0.4191138  0.5195211  0.4501164  0.4821838  0.1854705  0.1704413  0.2861859  0.2865970  0.6522485  0.8828672  0.4209620  0.3595911  0.3886066  0.3135608
 0.3940070  0.2792694  0.2497174  0.3043949  0.3241316  0.2740435  0.2644487  0.3779933  0.3568407  0.4530456  0.5921659  0.2586714  0.2496754  0.2607278  0.2542453  0.2614889  0.2275631  0.2754344  0.2399295  0.3661645  0.4115964  0.3964316  0.4306670  0.2758409  0.2928154  0.2229191  0.2130542
 0.3111018  0.2880960  0.2650628  0.2007901  0.1882728  0.2495841  0.2439206  0.2660948  0.2622329  0.1864968  0.1843029  0.2280330  0.2098392  0.2095070  0.2071545  0.2592704  0.2519392  0.2030470  0.2133014  0.2171889  0.2277043  0.1734428  0.1722570  0.2405851  0.2609441  0.2623389  0.2493283
 0.3583571  0.7960204  0.9297726  0.5832060  0.6579001  0.5669824  0.5924881  0.3469558  0.2773990  0.2505858  0.2380311  0.3321045  0.3058655  0.3352752  0.3372279  0.2628705  0.2688421  0.2962157  0.2799552  0.5313221  0.7014602  0.3389734  0.2610304  0.2959622  0.2995960  0.3286352  0.3857939
 0.3597885  0.1872441  0.1824657  0.2308668  0.1909884  0.2676483  0.2485083  0.2700436  0.2696526  0.3409087  0.3566768  0.5944517  0.9341106  1.2392763        NaN  2.1429152  0.2811600  0.1530729  0.1514964  0.1770934  0.1615598  0.2448870  0.2433403  0.3447088  0.4077640  0.3009779  0.2794508
 0.3998546  0.1651462  0.1445519  0.2009052  0.2103049  0.1967145  0.2048595  0.2116122  0.1867450  0.1849572  0.1828858  0.1748920  0.1849593  0.2095068  0.2392776  0.2117765  0.2036532  0.3005155  0.3396612  0.3262201  0.3409727  0.2700753  0.2690742  0.3154465  0.3482916  0.5272534  0.6667742
 0.3698310  0.2300977  0.2214579  0.2235654  0.1875110  0.2675497  0.2593934  0.3524185  0.3494068  0.3300048  0.3281831  0.4576948  0.5217815  0.2716736  0.2755837  0.3121388  0.3000789  0.5095513  0.5760052  0.5018077  0.5522170  0.3158631  0.2451056  0.2986484  0.2940187  0.2790901  0.2362225
 0.3254748  0.3944777  0.3752159  0.2831106  0.2788648  0.2919770  0.2836516  0.4024634  0.3874011  0.4201503  0.3422642  0.3174251  0.3542554  0.4726179  0.5727078  0.4127281  0.5350414  0.2898383  0.2628600  0.1974066  0.2196810  0.2408562  0.2553270  0.2099862  0.1792040  0.1903317  0.1832544
 0.3566842  0.3232194  0.3097950  0.2758917  0.2594303  0.2673547  0.2533962  0.2414131  0.2015357  0.2993641  0.3022845  0.4631278  0.5824573  0.4700701  0.4526715  0.4168615  0.3793553  0.2358437  0.2259752  0.2730521  0.3032873  0.3729921  0.3545925  0.4038196  0.3744022  0.4496079  0.5788562
 0.3821883  0.2476830  0.2172414  0.2731262  0.2389153  0.3706102  0.3690921  0.4583453  0.5802547  0.4411206  0.4600845  0.2934584  0.2424527  0.3176934  0.3078390  0.3072647  0.3266299  0.2191142  0.2080855  0.2119204  0.1894792  0.2617221  0.2768150  0.2215030  0.2145921  0.2972691  0.3059043
 0.4417653  0.3011276  0.2846138  0.3769791  0.3676784  0.3056826  0.2592146  0.3863496  0.3331108  0.4033611  0.4723440  0.2949069  0.2873456  0.2354325  0.2406648  0.2849751  0.2941149  0.2318088  0.2501764  0.2211299  0.2292853  0.2016213  0.2056275  0.1801974  0.1577230  0.2394300  0.2656744
 0.4166687  0.4111842  0.3939261  0.3810353  0.3919857  0.3604110  0.3832932  0.3282101  0.3445673  0.2435721  0.2068822  0.2662584  0.2562800  0.2396971  0.2490498  0.2244268  0.2355455  0.1923561  0.1854891  0.2561121  0.2452876  0.2804374  0.3078395  0.2706717  0.2628695  0.3428955  0.3703572
 0.3574196  0.4195614  0.4028547  0.3919595  0.4130911  0.2827717  0.2361607  0.3318090  0.3034409  0.3016948  0.3050756  0.3451013  0.3299074  0.5863542  0.7794779  0.6771875  0.5641720  0.3517198  0.3535209  0.4651401  0.4687328  0.2756205  0.2676608  0.4096428  0.4456869  0.2514299  0.2305857
 0.2958877  0.4102488  0.4242475  0.4117118  0.4092957  0.4317502  0.3935442  0.2444630  0.2602796  0.1833861  0.1725889  0.2480801  0.2644069  0.1636152  0.1556857  0.2754327  0.2962119  0.3550744  0.4355333  0.3814651  0.3886639  0.3332759  0.3286529  0.2585400  0.2479773  0.1744933  0.1589381
 0.3865434  0.3028378  0.3162763  0.2274999  0.2046802  0.2454925  0.2701129  0.3076031  0.2571638  0.2658745  0.2532773  0.2721305  0.2831343  0.2900023  0.3401378  0.3610939  0.3816381  0.2990874  0.2576137  0.2595901  0.2568899  0.3284726  0.3317207  0.2838100  0.3134610  0.3821530  0.4759502
 0.3865238  0.4177209  0.4114136  0.8502350  1.2655358  0.4194822  0.3758704  0.2728886  0.2386603  0.2535543  0.2206298  0.2592048  0.2977259  0.3093750  0.2617963  0.2805935  0.2582525  0.3884755  0.5160990  0.5609318  0.3634784  0.3456468  0.3310759  0.4317737  0.4948697  0.3182272  0.3818629
 0.3777113  0.3248474  0.3180699  0.2853648  0.3023270  0.3189677  0.3248290  0.3775390  0.4325212  0.2356246  0.1988361  0.2579281  0.2440685  0.2589764  0.2762202  0.3685295  0.3643860  0.3327584  0.3175287  0.5158423  0.6476687  0.3414023  0.3592865  0.2858618  0.2314617  0.3656886  0.3860725
 0.4111556  0.3581648  0.3373231  0.2959941  0.3146417  0.3941987  0.4510480  0.3528770  0.2803305  0.2920322  0.3062520  0.2397337  0.2303847  0.2568727  0.2461909  0.3046557  0.3642335  0.4713207  0.5925271  0.2486204  0.2405712  0.2889763  0.2836514  0.5007850  0.4009900  0.4211675  0.4423046
 0.3455751  0.2616506  0.2516862  0.2094304  0.1802122  0.3620132  0.4503891  0.2555798  0.2299796  0.2863023  0.2903470  0.2772640  0.2693682  0.3145015  0.3587883  0.5287557  0.6391101  0.2711245  0.2305685  0.2819366  0.2886862  0.2812405  0.2456490  0.4086108  0.5049277  0.4350575  0.3847485
 0.3946370  0.2399595  0.2532832  0.1948261  0.1771647  0.2501394  0.2505096  0.2143333  0.2358345  0.3072742  0.3219263  0.3588524  0.3813335  0.2735797  0.2571139  0.3122309  0.3441593  0.2635706  0.2608927  0.1823909  0.2002011  0.1407474  0.1431562  0.2232964  0.2086464  0.3065175  0.3124076
 0.3255364  0.2378553  0.2216233  0.3917215  0.4528479  0.6778986  0.6602291  0.4116775  0.3588894  0.3854434  0.3990959  0.2146147  0.2203507  0.3271646  0.3262467  0.4252604  0.4627865  0.3103627  0.2781180  0.3109931  0.2979180  0.3596961  0.3570551  0.4324275  0.4227803  0.6023077  0.7812446
