FL 2019 2020 2021 2022 2023 2024 2025 2026 2027 2028 2029 2030 2031 2032 2033 2034 2035 2036 2037 2038 2039 2040 2041 2042 2043 2044 2045
 1  0.7288134  0.6828411  0.6529883  0.6429880  0.6600138  0.7015262  0.6927830  0.6843780  0.6777720  0.6757194  0.6795794  0.6803187  0.6839008  0.6764763  0.6701455  0.6774663  0.6799404  0.6611179  0.6539017  0.6771182  0.7003765  0.7045389  0.7017523  0.7021409  0.7096846  0.7003784  0.6842131
 2  0.5725724  0.5257627  0.5084572  0.5037290  0.5612800  0.5971242  0.5918699  0.5611423  0.5145232  0.4832848  0.4882510  0.5283370  0.5485111  0.5394670  0.5256503  0.5416868  0.5556891  0.5368650  0.5295461  0.5660027  0.5944948  0.6002787  0.5873665  0.5812410  0.5823673  0.5738543  0.5435150
 3  0.7521145  0.7090282  0.6773586  0.6640068  0.6741373  0.7226442  0.7157443  0.7037964  0.6943475  0.6905968  0.6937071  0.6965001  0.7024597  0.6953343  0.6869805  0.6936692  0.6993141  0.6819657  0.6712265  0.6932857  0.7206479  0.7258162  0.7222636  0.7198380  0.7289745  0.7206065  0.7029226
 4  0.4566311  0.4242774  0.4159208  0.4073347  0.5092650  0.5392371  0.4954582  0.4238789  0.3722829  0.3641540  0.4088946  0.4622803  0.4664438  0.4313900  0.4264385  0.4731187  0.4829875  0.4351574  0.4424353  0.5093105  0.5300236  0.5176712  0.4836164  0.4922144  0.5053223  0.4754060  0.4245678
 1  0.7290193  0.6837882  0.6554377  0.6447259  0.6428329  0.6515991  0.6750074  0.6793580  0.6799789  0.6899394  0.6895794  0.6873354  0.6958633  0.6975309  0.7043156  0.7053326  0.7079600  0.7207255  0.7099813  0.7033845  0.6795909  0.6517262  0.6530301  0.6285177  0.6297416  0.6487357  0.6737409
 2  0.5731135  0.5265721  0.5093423  0.5048835  0.5008539  0.5212138  0.5515764  0.5589283  0.5587722  0.5640610  0.5595968  0.5506596  0.5503693  0.5501528  0.5542787  0.5544208  0.5749733  0.5941600  0.5909260  0.5683401  0.5244689  0.5078764  0.5205599  0.5056586  0.5072160  0.5346842  0.5628108
 3  0.7523618  0.7098613  0.6795980  0.6654910  0.6611545  0.6672403  0.6922901  0.6988232  0.6978824  0.7082671  0.7087796  0.7048098  0.7131358  0.7145449  0.7209348  0.7228781  0.7238763  0.7406365  0.7311825  0.7217503  0.6968384  0.6686638  0.6710645  0.6487981  0.6468642  0.6649229  0.6920736
 4  0.4573780  0.4241020  0.4148842  0.4101670  0.4049636  0.4524273  0.4858534  0.4716986  0.4716304  0.4832618  0.4629177  0.4534908  0.4542185  0.4540678  0.4639226  0.4530753  0.5017131  0.5256872  0.4913812  0.4420105  0.4127042  0.4329110  0.4488488  0.4146527  0.4252527  0.4737616  0.4942630
 1  0.7283085  0.6840857  0.6507222  0.6415971  0.6560527  0.6606371  0.6507902  0.6539381  0.6672790  0.6678218  0.6684805  0.6727368  0.6845021  0.6876404  0.6856799  0.6959873  0.6907253  0.6928931  0.6891592  0.6880678  0.6844670  0.6791678  0.6725808  0.6766896  0.6964854  0.6976942  0.6878419
 2  0.5726575  0.5268711  0.5057675  0.5170185  0.5362159  0.5368223  0.5203674  0.5306043  0.5494212  0.5479054  0.5377658  0.5373251  0.5571617  0.5651643  0.5669085  0.5673972  0.5631370  0.5627664  0.5632550  0.5612055  0.5496210  0.5327199  0.5264449  0.5637736  0.5944143  0.5968151  0.5753667
 3  0.7516802  0.7099972  0.6749552  0.6614383  0.6748310  0.6797970  0.6682069  0.6705481  0.6859436  0.6871967  0.6868540  0.6892598  0.7016641  0.7076091  0.7043830  0.7143582  0.7092378  0.7113062  0.7080276  0.7069885  0.7033764  0.6966616  0.6888154  0.6934457  0.7170876  0.7201703  0.7089167
 4  0.4573648  0.4236758  0.4131556  0.4432774  0.4622157  0.4411858  0.4276254  0.4636339  0.4769940  0.4580611  0.4339284  0.4524050  0.4903232  0.4837839  0.4771083  0.4779785  0.4759277  0.4790656  0.4788642  0.4732140  0.4470896  0.4223011  0.4459991  0.5087242  0.5323642  0.5146867  0.4617368
 1  0.7292546  0.6838950  0.6586254  0.6513887  0.6503817  0.6550579  0.6621120  0.6765556  0.6904155  0.7074695  0.7069351  0.7032134  0.7100023  0.7076123  0.7077473  0.7086950  0.7089824  0.7119031  0.7018311  0.6968693  0.6966337  0.7030499  0.6887837  0.6755010  0.6694068  0.6698475  0.6753369
 2  0.5718989  0.5260567  0.5119888  0.5109899  0.5108147  0.5116809  0.5208859  0.5388467  0.5706934  0.5928453  0.5927457  0.5818025  0.5719365  0.5598738  0.5439252  0.5346387  0.5394670  0.5468302  0.5495669  0.5494583  0.5671911  0.5803436  0.5663282  0.5352799  0.5075875  0.5078009  0.5217789
 3  0.7524902  0.7101951  0.6828617  0.6719119  0.6684744  0.6723508  0.6782737  0.6931822  0.7072380  0.7271484  0.7280870  0.7217641  0.7279540  0.7255144  0.7238655  0.7243563  0.7243699  0.7284128  0.7192157  0.7142411  0.7139760  0.7229078  0.7096451  0.6940470  0.6857867  0.6855306  0.6919229
 4  0.4556608  0.4248787  0.4163014  0.4159112  0.4209553  0.4192037  0.4379037  0.4619261  0.5040038  0.5239525  0.4992706  0.4783924  0.4749099  0.4488822  0.4267683  0.4221635  0.4460402  0.4562627  0.4537118  0.4595960  0.4952137  0.5056623  0.4634954  0.4093153  0.3965638  0.4240422  0.4422197
 1  0.7307392  0.6865184  0.6573556  0.6470421  0.6569567  0.6778221  0.6762520  0.6817250  0.6677938  0.6635202  0.6312120  0.5603747  0.6132547  0.6798975  0.6831569  0.6879850  0.6757103  0.6658828  0.6672467  0.6920831  0.6854006  0.6797278  0.6716131  0.6639045  0.6460845  0.6263558  0.6648165
 2  0.5709265  0.5258337  0.5095593  0.5109689  0.5372288  0.5595202  0.5631066  0.5604801  0.5509410  0.5474282  0.5134865  0.4477760  0.5385524  0.5878979  0.5926360  0.5789439  0.5441893  0.5105124  0.5393692  0.5812720  0.5807082  0.5581402  0.5266957  0.5074042  0.4943890  0.5303122  0.5796526
 3  0.7534590  0.7123403  0.6814995  0.6675082  0.6740903  0.6964924  0.6954315  0.7006350  0.6866677  0.6830244  0.6530252  0.5785440  0.6229770  0.7004800  0.7053907  0.7080958  0.6946979  0.6830549  0.6812165  0.7123870  0.7078094  0.6988757  0.6888791  0.6810324  0.6628411  0.6414174  0.6835996
 4  0.4540021  0.4236161  0.4154733  0.4233798  0.4702446  0.4874085  0.4803028  0.4722705  0.4712405  0.4724155  0.4139841  0.3690491  0.5022807  0.5340959  0.5079229  0.4735605  0.4290360  0.3961589  0.4862305  0.5247643  0.4864809  0.4375877  0.4195579  0.4081699  0.4133215  0.4854890  0.5256340
 1  0.7296156  0.6865591  0.6511355  0.6368765  0.6387020  0.6427859  0.6434325  0.6579212  0.6850396  0.6925632  0.6836891  0.6775710  0.6847476  0.6971402  0.6990068  0.6967852  0.6863500  0.6783179  0.6847174  0.6907573  0.6952787  0.7074159  0.7085758  0.6973574  0.6848043  0.6887396  0.6976766
 2  0.5721350  0.5269808  0.5050384  0.5055083  0.5145663  0.5158192  0.5143103  0.5438862  0.5804512  0.5879221  0.5685458  0.5357721  0.5227983  0.5369461  0.5537233  0.5575764  0.5401841  0.5194344  0.5289508  0.5467828  0.5671045  0.5905975  0.5945652  0.5773742  0.5508949  0.5602878  0.5736060
 3  0.7525046  0.7121357  0.6753453  0.6575276  0.6571781  0.6611893  0.6606214  0.6734221  0.7038134  0.7141026  0.7045291  0.6954477  0.6999926  0.7129178  0.7163391  0.7152017  0.7046955  0.6948130  0.7003121  0.7082270  0.7127104  0.7259528  0.7300348  0.7179400  0.7022431  0.7059987  0.7172121
 4  0.4555682  0.4230816  0.4135337  0.4228878  0.4364861  0.4274070  0.4277831  0.4852679  0.5202895  0.5084781  0.4555440  0.4048163  0.4245487  0.4592702  0.4737013  0.4628595  0.4244979  0.4105760  0.4502043  0.4687797  0.4906740  0.5215766  0.5141848  0.4642426  0.4498539  0.4916288  0.4959822
 1  0.7282820  0.6799588  0.6436605  0.6325229  0.6478914  0.6549955  0.6602418  0.6699735  0.6798815  0.6858056  0.6864399  0.6946571  0.7102391  0.7075082  0.7022332  0.7002086  0.6938505  0.6840892  0.6916314  0.7149251  0.7072290  0.7030908  0.7046095  0.7053266  0.6992476  0.6954122  0.6939063
 2  0.5697585  0.5240958  0.5043314  0.5107324  0.5245899  0.5211080  0.5053094  0.4966763  0.5020384  0.5091617  0.5191238  0.5583332  0.5921812  0.5983508  0.5849658  0.5630830  0.5369917  0.5175743  0.5687888  0.6055416  0.6088214  0.5968643  0.5838105  0.5686835  0.5421508  0.5196576  0.5030553
 3  0.7517544  0.7067786  0.6686518  0.6529811  0.6666727  0.6733554  0.6765389  0.6849362  0.6948322  0.7012978  0.7021257  0.7098755  0.7298856  0.7292114  0.7225957  0.7180597  0.7106534  0.7010946  0.7057186  0.7366926  0.7305378  0.7237582  0.7239121  0.7239676  0.7163746  0.7112812  0.7090713
 4  0.4555172  0.4257960  0.4148749  0.4339336  0.4425131  0.4156742  0.3868024  0.3902105  0.4071233  0.4112767  0.4236367  0.4966275  0.5297760  0.5156728  0.4756207  0.4437222  0.4298846  0.4128605  0.5139872  0.5482982  0.5258085  0.4993305  0.4869319  0.4598928  0.4201327  0.3949129  0.3816144
 1  0.7315684  0.6873634  0.6639536  0.6563711  0.6569796  0.6647326  0.6798409  0.7021664  0.6945242  0.6914296  0.6882984  0.6855625  0.6734071  0.6609106  0.6643966  0.6655058  0.6898030  0.7170109  0.6968046  0.6819488  0.6639812  0.6338003  0.6118381  0.5995617  0.6403708  0.6683827  0.6935074
 2  0.5697771  0.5246284  0.5140626  0.5108695  0.5025238  0.4965979  0.5327152  0.5734888  0.5854462  0.5843990  0.5770175  0.5591122  0.5250479  0.4986528  0.4975397  0.5120041  0.5850985  0.6135736  0.5995240  0.5700803  0.5360858  0.5043668  0.4776475  0.4918131  0.5381104  0.5712896  0.5959316
 3  0.7537993  0.7128878  0.6878172  0.6771563  0.6750785  0.6804289  0.6936142  0.7201582  0.7150420  0.7123761  0.7091886  0.7047835  0.6913048  0.6775610  0.6801957  0.6816580  0.7038701  0.7402548  0.7211820  0.7019563  0.6822947  0.6538407  0.6298183  0.6147520  0.6571026  0.6860691  0.7128847
 4  0.4515532  0.4227631  0.4201095  0.4092537  0.3889157  0.3872888  0.4722934  0.5124154  0.5116033  0.5063441  0.4846265  0.4495687  0.4082746  0.3928868  0.4065971  0.4329724  0.5334804  0.5541731  0.5039358  0.4563340  0.4472450  0.4113509  0.3872783  0.4386139  0.4797342  0.5073552  0.5295365
 1  0.7286303  0.6827316  0.6480525  0.6348480  0.6249229  0.6335976  0.6504936  0.6657028  0.6960599  0.7066021  0.7025772  0.6973905  0.6932427  0.6925268  0.6907383  0.6842396  0.6847379  0.6897764  0.7030098  0.6989123  0.7012730  0.7070485  0.7044168  0.7143052  0.7299509  0.7156558  0.7031337
 2  0.5686480  0.5247601  0.5052730  0.4994809  0.4964522  0.5150472  0.5379025  0.5662818  0.5958919  0.6050947  0.5931881  0.5683520  0.5373848  0.5189484  0.5085158  0.4959512  0.4940301  0.5245154  0.5568709  0.5661100  0.5711373  0.5754088  0.5689417  0.6026698  0.6220269  0.6172701  0.5892118
 3  0.7517398  0.7089221  0.6726012  0.6560591  0.6431367  0.6502256  0.6683017  0.6829480  0.7155335  0.7282941  0.7238842  0.7164212  0.7099192  0.7083564  0.7066834  0.6996975  0.6995022  0.7041575  0.7203851  0.7176235  0.7187763  0.7257022  0.7232737  0.7298515  0.7538547  0.7399063  0.7238441
 4  0.4547156  0.4242532  0.4145556  0.4063724  0.4149353  0.4492529  0.4688140  0.5036682  0.5317400  0.5285229  0.4938565  0.4444981  0.4156885  0.4124777  0.3950248  0.3762977  0.3839699  0.4562895  0.4854723  0.4738211  0.4841449  0.4906459  0.4651644  0.5388972  0.5614916  0.5274161  0.4588957
 1  0.7290541  0.6815356  0.6455548  0.6389121  0.6630232  0.6633764  0.6629277  0.6703129  0.6838381  0.6895363  0.6955001  0.6961234  0.6922215  0.6935692  0.7066490  0.7073998  0.7075727  0.7021131  0.6909151  0.6831704  0.6802048  0.6827810  0.6798616  0.6575930  0.6691555  0.6891031  0.6856090
 2  0.5720311  0.5252907  0.5049835  0.5276341  0.5514717  0.5452331  0.5161975  0.4975241  0.5072168  0.5282902  0.5549347  0.5623963  0.5528818  0.5576437  0.5808931  0.5955106  0.5968011  0.5857554  0.5557333  0.5173697  0.4912783  0.4983406  0.5249393  0.5311102  0.5633851  0.5819794  0.5746669
 3  0.7524456  0.7079812  0.6702983  0.6581720  0.6827428  0.6836864  0.6802200  0.6849746  0.6986596  0.7053005  0.7125149  0.7148330  0.7106453  0.7096186  0.7250948  0.7276912  0.7285781  0.7228220  0.7099173  0.7000488  0.6952185  0.6971419  0.6966475  0.6767681  0.6865351  0.7095124  0.7067609
 4  0.4569095  0.4252592  0.4160029  0.4638302  0.4808038  0.4379634  0.3776830  0.3890501  0.4223401  0.4514824  0.4775177  0.4739550  0.4436874  0.4775508  0.5148231  0.5222478  0.5151854  0.4852799  0.4327359  0.3811699  0.3704982  0.4166442  0.4531491  0.4569086  0.4995305  0.5124537  0.4747791
 1  0.7304056  0.6862981  0.6598497  0.6512053  0.6563665  0.6682367  0.6761881  0.6891805  0.6841943  0.6802731  0.6878429  0.6933631  0.7086066  0.7028273  0.6920512  0.6899833  0.6854060  0.6821371  0.6880107  0.6821959  0.6827630  0.6837005  0.6860572  0.6877125  0.6813629  0.6784281  0.6786240
 2  0.5719358  0.5261459  0.5108633  0.5100812  0.5184713  0.5282482  0.5431244  0.5554416  0.5446288  0.5279512  0.5293490  0.5634466  0.5915496  0.5950625  0.5798892  0.5670489  0.5515062  0.5406062  0.5442193  0.5390643  0.5303559  0.5256413  0.5351689  0.5447264  0.5422424  0.5334614  0.5404227
 3  0.7532408  0.7121606  0.6838809  0.6716604  0.6741267  0.6853566  0.6926175  0.7070693  0.7030618  0.6966404  0.7038411  0.7093911  0.7285166  0.7246207  0.7122062  0.7093295  0.7044003  0.6991129  0.7054029  0.7004456  0.6997976  0.7000065  0.7021505  0.7056694  0.6998936  0.6955455  0.6953792
 4  0.4545313  0.4234454  0.4150173  0.4165119  0.4325861  0.4407921  0.4655593  0.4732329  0.4325705  0.4184853  0.4409759  0.5009951  0.5279070  0.5101188  0.4863242  0.4748626  0.4470419  0.4472231  0.4582806  0.4411938  0.4227407  0.4252318  0.4551823  0.4631716  0.4414232  0.4344982  0.4636057
 1  0.7281665  0.6808930  0.6510552  0.6430380  0.6504102  0.6533113  0.6530752  0.6544569  0.6597077  0.6740473  0.6795412  0.7025214  0.7044648  0.7080433  0.6968349  0.6928658  0.6867797  0.6810430  0.6880147  0.6805805  0.6916213  0.6912752  0.6883114  0.6968039  0.7064470  0.6932753  0.6864528
 2  0.5709774  0.5244168  0.5087277  0.5155543  0.5253281  0.5229893  0.5094686  0.4984220  0.5163584  0.5436493  0.5774849  0.6003902  0.6086869  0.6038284  0.5812500  0.5524128  0.5181254  0.5128856  0.5359225  0.5583754  0.5758051  0.5763177  0.5659487  0.5802446  0.5921552  0.5843807  0.5669380
 3  0.7515019  0.7073161  0.6756141  0.6634620  0.6691592  0.6718319  0.6702163  0.6707836  0.6749561  0.6917949  0.6970519  0.7234205  0.7264079  0.7300811  0.7175774  0.7108157  0.7033587  0.6961439  0.7046776  0.6989365  0.7109551  0.7116485  0.7072044  0.7138017  0.7276863  0.7146661  0.7060086
 4  0.4557197  0.4247425  0.4177116  0.4348719  0.4444143  0.4266786  0.4045374  0.3983759  0.4474781  0.4763741  0.5141843  0.5368892  0.5344108  0.5172384  0.4702705  0.4279274  0.3943620  0.4272576  0.4656172  0.4881429  0.5027272  0.4870618  0.4689490  0.5110585  0.5226616  0.4930365  0.4707426
 1  0.7281973  0.6811210  0.6509680  0.6394634  0.6455132  0.6769180  0.6841655  0.6860278  0.6892891  0.6945153  0.6977980  0.7039965  0.6985785  0.6902232  0.6774993  0.6729128  0.6794150  0.6866289  0.7074780  0.6978152  0.6892548  0.6899844  0.6924249  0.6946498  0.6897071  0.6943381  0.7058425
 2  0.5743464  0.5256035  0.5087317  0.5014804  0.5251933  0.5577626  0.5665139  0.5530994  0.5280122  0.4989013  0.4890617  0.5243250  0.5515361  0.5574214  0.5490106  0.5447793  0.5460039  0.5740882  0.5980670  0.5935778  0.5707059  0.5460067  0.5322927  0.5342960  0.5580764  0.5973025  0.6077476
 3  0.7516029  0.7071254  0.6752350  0.6609000  0.6620924  0.6944716  0.7037831  0.7043515  0.7057569  0.7091617  0.7108848  0.7188279  0.7161636  0.7094150  0.6966679  0.6908397  0.6979051  0.7026051  0.7283053  0.7207668  0.7091982  0.7071521  0.7087929  0.7105983  0.7068748  0.7130919  0.7300961
 4  0.4584144  0.4238650  0.4194020  0.4040177  0.4564479  0.4933058  0.4783583  0.4350620  0.3902689  0.3506105  0.3916583  0.4520388  0.4766700  0.4714808  0.4549740  0.4616809  0.4559206  0.5088778  0.5365939  0.5034305  0.4510011  0.4304290  0.4300276  0.4493763  0.4929093  0.5402376  0.5411633
 1  0.7281184  0.6804225  0.6449352  0.6324839  0.6225322  0.6299253  0.6629802  0.6667344  0.6520545  0.6335881  0.6555352  0.6789581  0.6799761  0.6738061  0.6624918  0.6551334  0.6767057  0.6913303  0.6924762  0.7076824  0.7029807  0.6952679  0.6841835  0.6746341  0.6800307  0.6821016  0.6813776
 2  0.5729084  0.5253939  0.5052116  0.5015824  0.4968681  0.5270408  0.5654250  0.5703774  0.5468007  0.5255591  0.5543805  0.5802001  0.5801667  0.5633315  0.5326430  0.5198582  0.5570126  0.5770533  0.5892715  0.5967226  0.5878764  0.5598770  0.5124415  0.4804934  0.4942234  0.5289201  0.5415703
 3  0.7517145  0.7069668  0.6697068  0.6537284  0.6411513  0.6453591  0.6815146  0.6882043  0.6732644  0.6523813  0.6719203  0.6989018  0.7017846  0.6945151  0.6814607  0.6717055  0.6927637  0.7117212  0.7116101  0.7278728  0.7242426  0.7140734  0.7005598  0.6894815  0.6941603  0.6987290  0.6997527
 4  0.4576816  0.4254499  0.4163156  0.4124176  0.4143119  0.4724338  0.5082855  0.4945932  0.4543031  0.4441340  0.4962238  0.5180247  0.4996723  0.4624853  0.4220068  0.4381131  0.4993747  0.5055097  0.5108145  0.5214025  0.4898962  0.4264691  0.3670308  0.3635858  0.4199043  0.4586595  0.4498416
 1  0.7289669  0.6799096  0.6466650  0.6382687  0.6542266  0.6707985  0.6712483  0.6725082  0.6759370  0.6819563  0.6930039  0.7118955  0.7201509  0.7076981  0.6952828  0.6937286  0.6967789  0.7028755  0.7022971  0.7003416  0.6968222  0.6880479  0.6852694  0.6880475  0.6976329  0.7058745  0.7100995
 2  0.5742236  0.5244783  0.5070587  0.5182592  0.5467108  0.5599945  0.5494265  0.5209516  0.4864060  0.4703361  0.5276860  0.6019241  0.6188402  0.6081831  0.5691125  0.5241331  0.4953760  0.4991813  0.5331703  0.5628483  0.5745666  0.5673002  0.5532723  0.5450648  0.5537599  0.5734421  0.5865205
 3  0.7523603  0.7061980  0.6712677  0.6587052  0.6723152  0.6905691  0.6907774  0.6896320  0.6911374  0.6954359  0.7062725  0.7302030  0.7443890  0.7307958  0.7143827  0.7098206  0.7109637  0.7165869  0.7177815  0.7180416  0.7167060  0.7083226  0.7039084  0.7049675  0.7142790  0.7233467  0.7294232
 4  0.4578898  0.4245232  0.4203281  0.4443757  0.4821144  0.4817583  0.4390648  0.3836804  0.3406730  0.3579013  0.4779658  0.5488187  0.5516413  0.5012247  0.4263902  0.3761280  0.3717426  0.4080130  0.4584539  0.4929823  0.4968104  0.4725285  0.4460224  0.4481496  0.4721718  0.4997780  0.5090249
 1  0.7287269  0.6811145  0.6478885  0.6359925  0.6388768  0.6595231  0.6716732  0.6767197  0.6764319  0.6697010  0.6800192  0.6828921  0.6744619  0.6720951  0.6755108  0.6767599  0.6968834  0.7153031  0.7033355  0.6948475  0.6900225  0.6889574  0.6918333  0.6947791  0.6907501  0.6886921  0.6841953
 2  0.5719461  0.5247374  0.5068884  0.5008834  0.5066912  0.5297573  0.5492598  0.5607914  0.5603750  0.5596969  0.5725855  0.5738113  0.5568982  0.5386590  0.5345963  0.5444085  0.5926641  0.6125195  0.6035354  0.5735731  0.5258751  0.4796345  0.4799397  0.5347573  0.5710722  0.5803135  0.5841255
 3  0.7520538  0.7075128  0.6725579  0.6574403  0.6567441  0.6756873  0.6894414  0.6953153  0.6960942  0.6887356  0.6989428  0.7040063  0.6947525  0.6897088  0.6926522  0.6939841  0.7133616  0.7384740  0.7267290  0.7146674  0.7067116  0.7031415  0.7045830  0.7107011  0.7096207  0.7099547  0.7045497
 4  0.4562514  0.4249534  0.4178855  0.4057020  0.4205053  0.4581914  0.4775409  0.4847483  0.4789889  0.4826628  0.5045281  0.4930111  0.4512776  0.4372567  0.4478624  0.4701724  0.5354247  0.5487244  0.5066484  0.4372014  0.3661755  0.3295730  0.4006133  0.4756248  0.5066653  0.5072837  0.5066176
 1  0.7276935  0.6809570  0.6452275  0.6338368  0.6464673  0.6646806  0.6712195  0.6717623  0.6788794  0.6905516  0.6980313  0.6985669  0.7000279  0.7108055  0.7202744  0.7069511  0.6878221  0.6810863  0.6926163  0.6939531  0.6775991  0.6591999  0.6481336  0.6318943  0.6439525  0.6803688  0.6859108
 2  0.5721492  0.5253584  0.5043192  0.5075877  0.5286456  0.5469739  0.5470146  0.5340266  0.5304378  0.5448081  0.5584949  0.5610967  0.5618284  0.5902944  0.6051337  0.5944364  0.5480013  0.5151146  0.5429051  0.5635496  0.5528873  0.5212832  0.4993798  0.4869333  0.5302329  0.5750934  0.5826172
 3  0.7511928  0.7072493  0.6698275  0.6545008  0.6643891  0.6827348  0.6899234  0.6895536  0.6950147  0.7068256  0.7157861  0.7166293  0.7173078  0.7276595  0.7422056  0.7289606  0.7064623  0.6960724  0.7081203  0.7134598  0.6982567  0.6777521  0.6649005  0.6496234  0.6585129  0.6990064  0.7076222
 4  0.4573467  0.4243489  0.4148769  0.4271808  0.4567231  0.4710426  0.4538116  0.4258973  0.4357614  0.4674081  0.4758360  0.4648203  0.4693639  0.5253418  0.5366195  0.4850190  0.3943206  0.4095352  0.4826759  0.4924454  0.4487067  0.4062449  0.4066437  0.4028255  0.4759627  0.5186477  0.4977611
 1  0.7285885  0.6862115  0.6578253  0.6512136  0.6626554  0.6674085  0.6803046  0.6846931  0.6734197  0.6636616  0.6707071  0.6899790  0.6838855  0.6825586  0.6908235  0.6866476  0.6931234  0.6942700  0.6914134  0.7012376  0.7127057  0.7037385  0.6988185  0.6961923  0.6938625  0.6990094  0.7145228
 2  0.5713707  0.5273137  0.5088880  0.5199866  0.5358899  0.5465884  0.5556605  0.5517260  0.5221184  0.4883091  0.5226715  0.5647625  0.5695694  0.5672714  0.5703457  0.5710553  0.5736947  0.5690507  0.5555153  0.5726457  0.5924942  0.5893422  0.5708650  0.5419497  0.5045023  0.5225237  0.5697204
 3  0.7516385  0.7118951  0.6817476  0.6708193  0.6813576  0.6856024  0.6979948  0.7034342  0.6913584  0.6794741  0.6844773  0.7087119  0.7048789  0.7005787  0.7099015  0.7063028  0.7121512  0.7138250  0.7093351  0.7171754  0.7331196  0.7250324  0.7179883  0.7134947  0.7091585  0.7118742  0.7322123
 4  0.4556943  0.4230688  0.4122975  0.4424116  0.4584966  0.4645610  0.4737295  0.4515839  0.3942233  0.3686501  0.4658882  0.5063825  0.4778778  0.4799187  0.4938696  0.4896552  0.4911456  0.4713404  0.4493935  0.5038824  0.5250621  0.4959911  0.4535271  0.4063342  0.3566027  0.4573175  0.5099199
 1  0.7287496  0.6819100  0.6483462  0.6352118  0.6012816  0.5629661  0.6247158  0.6479393  0.6591413  0.6666649  0.6796361  0.6982847  0.6935311  0.6912528  0.6974919  0.7011828  0.7032001  0.6994517  0.6979294  0.7013688  0.7052316  0.7013804  0.6976798  0.7035059  0.7123305  0.7114620  0.7123061
 2  0.5722266  0.5255809  0.5059220  0.4962836  0.4575616  0.4599133  0.5356130  0.5594652  0.5605101  0.5539389  0.5670240  0.5794770  0.5716377  0.5533897  0.5524260  0.5666146  0.5724826  0.5675528  0.5562728  0.5566835  0.5591312  0.5458705  0.5243846  0.5350632  0.5629533  0.5822812  0.5904413
 3  0.7522206  0.7084508  0.6730290  0.6565628  0.6208081  0.5760918  0.6396119  0.6683648  0.6789754  0.6858221  0.6966612  0.7178020  0.7139287  0.7084681  0.7138338  0.7191906  0.7223033  0.7182161  0.7153133  0.7182611  0.7231176  0.7189142  0.7131124  0.7179705  0.7294742  0.7299907  0.7318988
 4  0.4567510  0.4252016  0.4139616  0.3968361  0.3511471  0.4178124  0.4933035  0.4906230  0.4758493  0.4629325  0.4944326  0.5065317  0.4646732  0.4393381  0.4695121  0.4922895  0.4862202  0.4634438  0.4537663  0.4702570  0.4653036  0.4208534  0.3961968  0.4567341  0.4925038  0.5047777  0.5080589
 1  0.7314508  0.6877703  0.6576260  0.6505003  0.6647019  0.6753804  0.6687152  0.6647498  0.6643943  0.6846545  0.7093024  0.7022854  0.6945008  0.6954581  0.7049104  0.7072296  0.6882735  0.6716725  0.6500628  0.6231221  0.6604713  0.6492178  0.6300457  0.6058076  0.6189621  0.6441104  0.6646189
 2  0.5718119  0.5257133  0.5093534  0.5249308  0.5538446  0.5641528  0.5453120  0.5094512  0.4893332  0.5565399  0.5964095  0.5969895  0.5707509  0.5484323  0.5583740  0.5692341  0.5567732  0.5354630  0.5159407  0.5307245  0.5667409  0.5579982  0.5265431  0.4980319  0.5173065  0.5416345  0.5732623
 3  0.7538355  0.7131425  0.6816385  0.6702958  0.6830670  0.6956677  0.6886384  0.6819732  0.6789241  0.6982431  0.7301653  0.7244965  0.7138356  0.7117209  0.7211847  0.7261736  0.7080003  0.6900448  0.6685536  0.6387254  0.6807817  0.6718193  0.6502155  0.6250955  0.6348445  0.6624362  0.6823092
 4  0.4534029  0.4224447  0.4177632  0.4518176  0.4899107  0.4837261  0.4292496  0.3670676  0.3909937  0.5116046  0.5370521  0.5009529  0.4411598  0.4408429  0.4855147  0.4899369  0.4560755  0.4373092  0.4303801  0.4820648  0.5096047  0.4748793  0.4375462  0.4162210  0.4568582  0.4789346  0.5078331
 1  0.7320621  0.6913670  0.6625799  0.6503336  0.6500091  0.6600664  0.6699390  0.6888437  0.6983208  0.7085186  0.7072189  0.7049131  0.7057076  0.7038089  0.7003577  0.6958922  0.6846997  0.6665326  0.6607200  0.6733611  0.6747168  0.6885744  0.6849877  0.6876542  0.6902901  0.6982608  0.7071208
 2  0.5746545  0.5282665  0.5098756  0.5054912  0.5090627  0.5144423  0.5286539  0.5503380  0.5751124  0.5909197  0.5899507  0.5800223  0.5663160  0.5547134  0.5388758  0.5263328  0.5072725  0.4827302  0.5131034  0.5613706  0.5851859  0.5906150  0.5825833  0.5640076  0.5518498  0.5692069  0.5893965
 3  0.7544364  0.7163070  0.6861848  0.6710078  0.6678919  0.6770485  0.6859059  0.7052638  0.7158594  0.7281976  0.7277803  0.7236776  0.7236383  0.7213867  0.7170663  0.7121973  0.7010380  0.6827160  0.6750181  0.6924392  0.6948469  0.7107555  0.7067768  0.7061446  0.7072685  0.7153965  0.7266075
 4  0.4545522  0.4216404  0.4148675  0.4097855  0.4197096  0.4225302  0.4465818  0.4741054  0.5044330  0.5171078  0.4977089  0.4767132  0.4655446  0.4479953  0.4279614  0.4142199  0.3911216  0.3708412  0.4556987  0.5073398  0.5203321  0.5189406  0.4829512  0.4522718  0.4610223  0.4999084  0.5216292
 1  0.7287904  0.6835439  0.6522603  0.6417011  0.6475733  0.6661431  0.6758789  0.6792957  0.6754808  0.6813505  0.6911886  0.7056274  0.7012818  0.6995370  0.6920262  0.6885151  0.6870336  0.6825770  0.6884784  0.6886467  0.6893433  0.6964515  0.6995707  0.6935864  0.6911107  0.6926747  0.7014030
 2  0.5701777  0.5258088  0.5074116  0.5043895  0.5171147  0.5370085  0.5425960  0.5316132  0.5218027  0.5370751  0.5670351  0.5847148  0.5813645  0.5638521  0.5344798  0.5177080  0.5164821  0.5343883  0.5564500  0.5664907  0.5728339  0.5847163  0.5876829  0.5747610  0.5510278  0.5290985  0.5261495
 3  0.7520664  0.7099026  0.6767535  0.6624695  0.6650920  0.6833057  0.6938928  0.6965054  0.6910248  0.6982503  0.7084501  0.7248998  0.7213108  0.7180117  0.7090380  0.7042885  0.7029906  0.6991073  0.7063554  0.7078200  0.7080021  0.7157450  0.7204311  0.7138496  0.7093708  0.7085666  0.7164143
 4  0.4552733  0.4248972  0.4133742  0.4115651  0.4384914  0.4611594  0.4487326  0.4139675  0.4313225  0.4644290  0.4975966  0.5083340  0.4851250  0.4469556  0.4126412  0.4112732  0.4264981  0.4590714  0.4834972  0.4849861  0.4947848  0.5131428  0.5066066  0.4718092  0.4249442  0.4096729  0.4298375
 1  0.7295185  0.6835816  0.6531206  0.6476610  0.6595839  0.6578604  0.6239849  0.6454877  0.6374708  0.6172700  0.6361110  0.6448154  0.6203172  0.5960475  0.6470089  0.6845175  0.6660602  0.6505713  0.6578673  0.6693613  0.6770706  0.6839697  0.6932516  0.7010525  0.6965235  0.6880936  0.6840091
 2  0.5718653  0.5252527  0.5085879  0.5270667  0.5484756  0.5462348  0.5344638  0.5662322  0.5538405  0.5307469  0.5447185  0.5538708  0.5353402  0.5302788  0.5829397  0.5987694  0.5761309  0.5390735  0.5209899  0.5169055  0.5192968  0.5323819  0.5493173  0.5609594  0.5562416  0.5386394  0.5336582
 3  0.7524887  0.7095319  0.6774133  0.6672393  0.6788276  0.6784686  0.6402257  0.6655126  0.6621500  0.6369161  0.6537149  0.6651785  0.6406977  0.6139472  0.6633788  0.7083980  0.6904404  0.6708484  0.6750728  0.6857842  0.6931102  0.7002004  0.7098217  0.7185741  0.7148615  0.7059361  0.7001122
 4  0.4555759  0.4237087  0.4174356  0.4570728  0.4816510  0.4568844  0.4765911  0.5183291  0.4726703  0.4520900  0.4851306  0.4874002  0.4707247  0.4810939  0.5324055  0.5368528  0.4802350  0.4244288  0.4191923  0.4228584  0.4286186  0.4446492  0.4671551  0.4751872  0.4576520  0.4250295  0.4450804
 1  0.7274045  0.6819251  0.6504059  0.6376228  0.6352791  0.6407109  0.6682714  0.6819719  0.6877211  0.6911562  0.6926891  0.6916293  0.6914524  0.6973823  0.6968217  0.7120951  0.7075291  0.7164343  0.7206485  0.7112719  0.6925506  0.6806718  0.6735804  0.6707111  0.6752964  0.6862258  0.6884609
 2  0.5715916  0.5259799  0.5069671  0.4994574  0.4869249  0.4939073  0.5302149  0.5540083  0.5589039  0.5542180  0.5432692  0.5275084  0.5362457  0.5554200  0.5843196  0.6020449  0.6073229  0.6169641  0.6191066  0.6087263  0.5672738  0.5086562  0.4503871  0.4311246  0.4798841  0.5383558  0.5666849
 3  0.7509238  0.7081733  0.6748037  0.6587158  0.6540200  0.6559689  0.6835547  0.6999804  0.7059881  0.7088611  0.7099856  0.7081181  0.7067379  0.7154212  0.7145148  0.7333200  0.7290933  0.7368618  0.7442406  0.7343838  0.7127738  0.6973690  0.6874846  0.6836457  0.6885084  0.7025019  0.7071864
 4  0.4571408  0.4243994  0.4142573  0.4037271  0.3756539  0.4134208  0.4674382  0.4776797  0.4649079  0.4533117  0.4356732  0.4146396  0.4572797  0.4813573  0.5172472  0.5350725  0.5287590  0.5466517  0.5486699  0.5111243  0.4257131  0.3347908  0.2972295  0.3247622  0.4180896  0.4773477  0.4934061
 1  0.7295224  0.6865847  0.6564830  0.6478681  0.6581309  0.6650010  0.6700782  0.6703271  0.6555477  0.6411332  0.6655214  0.6873252  0.7001644  0.6996592  0.6944869  0.6944648  0.7065159  0.7034448  0.6915457  0.6861187  0.6825484  0.6878810  0.7133279  0.6964173  0.6768106  0.6704495  0.6781260
 2  0.5724896  0.5278014  0.5085027  0.5154901  0.5305527  0.5388237  0.5368505  0.5255551  0.5001531  0.5002385  0.5456223  0.5814672  0.5946062  0.5883365  0.5628739  0.5529687  0.5716424  0.5781658  0.5636730  0.5452930  0.5295891  0.5731569  0.6042679  0.5946531  0.5490295  0.4990406  0.4837958
 3  0.7526309  0.7123651  0.6805340  0.6678447  0.6765521  0.6831345  0.6877775  0.6879745  0.6725772  0.6570143  0.6817598  0.7057585  0.7210455  0.7202820  0.7134065  0.7104995  0.7240832  0.7237703  0.7111359  0.7037401  0.6998904  0.7021042  0.7357077  0.7202360  0.6965471  0.6862245  0.6924782
 4  0.4564538  0.4239397  0.4131644  0.4348330  0.4520930  0.4530928  0.4432358  0.4193468  0.3955047  0.4318970  0.4871571  0.5186014  0.5183943  0.4898963  0.4413166  0.4626519  0.5044617  0.4948891  0.4554546  0.4388651  0.4264383  0.5185958  0.5460701  0.4926819  0.3954280  0.3597232  0.3800778
 1  0.7309671  0.6880999  0.6605654  0.6512303  0.6530369  0.6553202  0.6535932  0.6646872  0.6869916  0.6911928  0.6992648  0.7010697  0.7122656  0.7078395  0.7006694  0.7000688  0.7033011  0.7049655  0.7067869  0.7063816  0.7061190  0.7048165  0.7081787  0.7011367  0.6959122  0.7032668  0.7037887
 2  0.5684563  0.5255169  0.5105735  0.5103798  0.5079323  0.4952808  0.4826225  0.5208125  0.5597929  0.5780906  0.5823591  0.5894510  0.5958336  0.5899916  0.5694687  0.5494528  0.5372353  0.5264304  0.5268769  0.5301509  0.5349003  0.5478773  0.5607816  0.5522589  0.5430189  0.5496354  0.5540925
 3  0.7533426  0.7136188  0.6844883  0.6717043  0.6714527  0.6723656  0.6686399  0.6788900  0.7050158  0.7101285  0.7189079  0.7197645  0.7324799  0.7285252  0.7194331  0.7170976  0.7195992  0.7203387  0.7219923  0.7218877  0.7219923  0.7208582  0.7258554  0.7194951  0.7119593  0.7199008  0.7214677
 4  0.4519946  0.4227639  0.4153894  0.4178709  0.4074013  0.3769583  0.3817945  0.4649365  0.4948625  0.5007561  0.4977817  0.5110607  0.5197663  0.4935608  0.4547281  0.4374552  0.4231741  0.4148370  0.4196930  0.4293548  0.4353674  0.4639152  0.4749169  0.4384685  0.4404619  0.4658558  0.4561153
 1  0.7317671  0.6900097  0.6639416  0.6555276  0.6584859  0.6672485  0.6727394  0.6751522  0.6820998  0.6886364  0.6936993  0.7095387  0.7067532  0.6996362  0.6963076  0.7001626  0.7101744  0.7088237  0.7030169  0.6996848  0.6999723  0.6986169  0.7028057  0.7031202  0.7098302  0.7154689  0.7133259
 2  0.5734793  0.5272679  0.5118333  0.5136625  0.5215912  0.5309185  0.5339576  0.5322195  0.5357441  0.5371742  0.5600958  0.5879752  0.5918783  0.5724842  0.5348405  0.5113811  0.5250391  0.5471465  0.5541984  0.5556646  0.5576336  0.5587042  0.5591381  0.5568563  0.5661093  0.5837156  0.5873778
 3  0.7541083  0.7151179  0.6875663  0.6758513  0.6765262  0.6845824  0.6900446  0.6923278  0.6987946  0.7055385  0.7094542  0.7286722  0.7281100  0.7191867  0.7130130  0.7141286  0.7245813  0.7257918  0.7205298  0.7169621  0.7177496  0.7163581  0.7206053  0.7200530  0.7263896  0.7336892  0.7334192
 4  0.4539986  0.4219226  0.4165089  0.4230086  0.4361392  0.4451832  0.4429813  0.4375467  0.4432682  0.4400593  0.4902240  0.5233648  0.5037860  0.4463881  0.3793299  0.3946641  0.4486899  0.4634445  0.4568217  0.4634380  0.4678396  0.4694862  0.4595367  0.4567350  0.4846671  0.5097763  0.5007619
 1  0.7288535  0.6821393  0.6538460  0.6473112  0.6650022  0.6832313  0.6897022  0.6842911  0.6784408  0.6798474  0.6916329  0.6946744  0.6939581  0.6951075  0.6914278  0.6861041  0.6850747  0.6906487  0.7012648  0.7044838  0.7105070  0.7039730  0.7025678  0.7073788  0.7021715  0.6978194  0.6922997
 2  0.5713388  0.5250791  0.5099102  0.5223543  0.5517177  0.5755455  0.5773007  0.5575136  0.5196922  0.4977626  0.5142901  0.5348754  0.5535001  0.5623113  0.5543920  0.5300900  0.5138883  0.5388114  0.5776472  0.6021545  0.6084816  0.5979740  0.5805945  0.5659164  0.5437055  0.5159911  0.4961838
 3  0.7520863  0.7083627  0.6782020  0.6672718  0.6830479  0.7021786  0.7100153  0.7039220  0.6954573  0.6943207  0.7064266  0.7111431  0.7110112  0.7136785  0.7104515  0.7032319  0.7003852  0.7058190  0.7195187  0.7250586  0.7331593  0.7256448  0.7213221  0.7252309  0.7195330  0.7134421  0.7071216
 4  0.4561338  0.4244854  0.4179641  0.4468033  0.4859085  0.5057196  0.4908759  0.4377648  0.3753791  0.3914939  0.4353412  0.4526334  0.4728100  0.4790805  0.4464194  0.4017332  0.4070775  0.4738018  0.5174708  0.5364770  0.5327335  0.4980527  0.4748129  0.4610162  0.4215256  0.3821302  0.3733898
 1  0.7275399  0.6835386  0.6569709  0.6480244  0.6422552  0.6480812  0.6545908  0.6651234  0.6866455  0.6933672  0.6977662  0.6988309  0.6925338  0.6882637  0.6940261  0.6982630  0.6955268  0.6969670  0.7025506  0.7066809  0.6979160  0.6919080  0.6904583  0.6835998  0.6828624  0.6939064  0.7008687
 2  0.5739787  0.5278422  0.5103711  0.5055801  0.5027992  0.5106977  0.5199364  0.5438344  0.5720533  0.5835798  0.5819840  0.5698577  0.5414867  0.5187477  0.5357026  0.5582898  0.5656326  0.5704666  0.5858731  0.5941062  0.5841577  0.5676688  0.5522623  0.5329528  0.5286596  0.5536010  0.5725474
 3  0.7511398  0.7094119  0.6808708  0.6686915  0.6602689  0.6649869  0.6717713  0.6812790  0.7050117  0.7134912  0.7175609  0.7177207  0.7101399  0.7039498  0.7092896  0.7163737  0.7144803  0.7148016  0.7210067  0.7278267  0.7190932  0.7106356  0.7086103  0.7016750  0.6985678  0.7104271  0.7196834
 4  0.4592037  0.4238584  0.4150127  0.4085855  0.4142792  0.4300596  0.4370393  0.4765894  0.5062922  0.5052476  0.4899820  0.4614478  0.4157428  0.4088244  0.4629406  0.4851943  0.4751718  0.4852943  0.5170373  0.5198902  0.4865141  0.4648600  0.4549549  0.4203618  0.4375469  0.4851847  0.4948605
 1  0.7283414  0.6853366  0.6539656  0.6413318  0.6386992  0.6448665  0.6469820  0.6528526  0.6772985  0.6921906  0.7072977  0.7027653  0.6947884  0.6949644  0.6918220  0.6854791  0.6891060  0.6960757  0.6989128  0.6983485  0.6930432  0.6928438  0.6831647  0.6651728  0.6729889  0.6963125  0.6969804
 2  0.5707404  0.5273625  0.5069154  0.4965784  0.4859133  0.4774403  0.4718047  0.5004827  0.5492698  0.5875033  0.6018511  0.5931630  0.5617811  0.5299381  0.5131459  0.5205699  0.5621013  0.5880503  0.5942584  0.5831976  0.5578695  0.5428071  0.5416109  0.5457440  0.5750953  0.5999023  0.6020766
 3  0.7516474  0.7113379  0.6781553  0.6622817  0.6568293  0.6608823  0.6622360  0.6671422  0.6937002  0.7105671  0.7287530  0.7242561  0.7133906  0.7108716  0.7072966  0.7014165  0.7058636  0.7166722  0.7205454  0.7184365  0.7112900  0.7094792  0.7004917  0.6847790  0.6910124  0.7170078  0.7198510
 4  0.4561331  0.4241758  0.4109364  0.3942881  0.3779948  0.3691701  0.3725804  0.4375142  0.4905829  0.5247380  0.5289214  0.4893848  0.4277487  0.4037556  0.4115517  0.4433307  0.5020564  0.5238902  0.5105179  0.4773728  0.4432416  0.4438006  0.4672317  0.4755162  0.5125927  0.5376935  0.5285670
 1  0.7279220  0.6800847  0.6496606  0.6392184  0.6362045  0.6489458  0.6765522  0.6934151  0.6839147  0.6719030  0.6606493  0.6622548  0.6715303  0.6821620  0.6936356  0.7063889  0.7065082  0.7100660  0.6969266  0.6894718  0.6881750  0.6909542  0.6899219  0.6808713  0.6781432  0.6824133  0.6913015
 2  0.5722626  0.5247952  0.5079402  0.5020456  0.4971001  0.5183773  0.5618631  0.5823413  0.5688366  0.5345342  0.5023542  0.5070826  0.5285943  0.5499255  0.5769309  0.5946917  0.6029731  0.6014677  0.5790037  0.5443467  0.5221079  0.5343538  0.5471336  0.5454066  0.5381843  0.5377550  0.5474767
 3  0.7514597  0.7065687  0.6742080  0.6604458  0.6544683  0.6644958  0.6929210  0.7135033  0.7048904  0.6908014  0.6767705  0.6780992  0.6883575  0.6991455  0.7110753  0.7266150  0.7271172  0.7318140  0.7180750  0.7070944  0.7035668  0.7072397  0.7078428  0.6998049  0.6959927  0.6990321  0.7083497
 4  0.4572140  0.4247517  0.4169401  0.4053121  0.4022799  0.4500340  0.5039251  0.5100367  0.4666173  0.4038161  0.3969547  0.4322447  0.4515549  0.4716066  0.5092837  0.5246531  0.5284540  0.5189675  0.4633693  0.4078911  0.4222563  0.4585721  0.4675165  0.4500496  0.4356150  0.4488016  0.4634243
 1  0.7299583  0.6872006  0.6546506  0.6428215  0.6499089  0.6614976  0.6697534  0.6805435  0.6882941  0.7063653  0.7041284  0.7009219  0.7065464  0.7041264  0.7043029  0.7070378  0.7064748  0.7006852  0.6964725  0.6990409  0.7026759  0.7038694  0.7126986  0.7089833  0.7035566  0.7026406  0.7128404
 2  0.5711477  0.5270822  0.5065577  0.5036635  0.5113218  0.5177161  0.5236206  0.5294932  0.5561317  0.5833095  0.5860885  0.5770146  0.5693790  0.5602043  0.5492947  0.5526882  0.5539938  0.5391296  0.5183098  0.5053606  0.5041627  0.5291257  0.5605035  0.5690846  0.5553842  0.5602637  0.5791619
 3  0.7529014  0.7130919  0.6789040  0.6633999  0.6678390  0.6784271  0.6859290  0.6970703  0.7039327  0.7253496  0.7249665  0.7191864  0.7245104  0.7222888  0.7208321  0.7234503  0.7239887  0.7180588  0.7121327  0.7133519  0.7173336  0.7181753  0.7296411  0.7275318  0.7211045  0.7184741  0.7315201
 4  0.4546550  0.4239010  0.4109841  0.4121432  0.4225877  0.4248995  0.4342085  0.4357382  0.4876016  0.5172097  0.4926199  0.4748940  0.4759926  0.4547958  0.4439521  0.4613560  0.4582487  0.4172238  0.3813042  0.3899682  0.3948946  0.4523216  0.4861314  0.4723116  0.4387277  0.4800157  0.5085000
 1  0.7300844  0.6846528  0.6216386  0.5824282  0.5807405  0.5951232  0.6205208  0.6412333  0.6812334  0.6832287  0.6838258  0.6914083  0.6979626  0.6981817  0.6914384  0.6826508  0.6819440  0.6989731  0.7011934  0.6930565  0.6752901  0.6714683  0.7072232  0.6946180  0.6784964  0.6717146  0.6760097
 2  0.5711411  0.5256631  0.4882426  0.4716125  0.4763018  0.4946388  0.5177380  0.5550839  0.5841348  0.5839010  0.5707753  0.5679874  0.5747264  0.5769106  0.5673731  0.5425800  0.5352140  0.5609573  0.5743075  0.5657620  0.5360344  0.5712818  0.6032641  0.5961146  0.5550178  0.5005758  0.4761365
 3  0.7530262  0.7107667  0.6469618  0.6042280  0.5995560  0.6112759  0.6377972  0.6569222  0.7013994  0.7050326  0.7031953  0.7091470  0.7166155  0.7178917  0.7111969  0.7015117  0.6977629  0.7155006  0.7209957  0.7124583  0.6936997  0.6854730  0.7295959  0.7183883  0.6985358  0.6879342  0.6898019
 4  0.4548105  0.4244444  0.4081135  0.3977835  0.4020606  0.4321318  0.4516304  0.5001088  0.5218513  0.4960972  0.4706623  0.4831282  0.4992108  0.4946027  0.4700757  0.4222508  0.4439869  0.4958105  0.4946284  0.4618919  0.4284794  0.5188635  0.5461762  0.4982348  0.4056242  0.3437741  0.3696871
 1  0.7297766  0.6848170  0.6599888  0.6575683  0.6755222  0.6787317  0.6825691  0.6910448  0.6916175  0.6936964  0.6925487  0.6859943  0.6637479  0.6325542  0.6182372  0.5112139  0.6320218  0.6999730  0.7119361  0.7065372  0.7076215  0.7069119  0.7042003  0.7019731  0.7019444  0.7092354  0.6981827
 2  0.5731114  0.5265539  0.5120102  0.5330153  0.5548524  0.5587109  0.5544370  0.5544352  0.5505868  0.5485384  0.5493123  0.5374487  0.5021177  0.4779302  0.4936384  0.4829942  0.5834052  0.6214612  0.6254643  0.6160478  0.5978194  0.5767419  0.5484456  0.5233219  0.5400782  0.5709304  0.5736249
 3  0.7529155  0.7107291  0.6839276  0.6767079  0.6947364  0.6980957  0.6999702  0.7087265  0.7094316  0.7106849  0.7102446  0.7041927  0.6813979  0.6486834  0.6355120  0.5237097  0.6434962  0.7228760  0.7374578  0.7294180  0.7281844  0.7257631  0.7212478  0.7176380  0.7163969  0.7277625  0.7188663
 4  0.4566960  0.4237589  0.4165202  0.4620565  0.4820636  0.4650089  0.4613152  0.4645078  0.4536547  0.4563795  0.4588733  0.4303309  0.3829950  0.3973987  0.4317154  0.4517654  0.5413130  0.5634775  0.5540711  0.5237004  0.4958404  0.4626913  0.4237320  0.3982528  0.4681911  0.5064830  0.4794647
 1  0.7280549  0.6810653  0.6588821  0.6542505  0.6594677  0.6711523  0.6869079  0.6965221  0.6994001  0.7138894  0.7068833  0.7040001  0.7043685  0.7040051  0.7079313  0.7152046  0.7178473  0.7084090  0.7013646  0.6966630  0.6971090  0.6911657  0.6978190  0.6962010  0.6870356  0.6849338  0.6759570
 2  0.5742871  0.5255907  0.5134650  0.5157411  0.5216914  0.5364892  0.5585959  0.5672683  0.5809567  0.5919762  0.5858208  0.5643455  0.5360141  0.5040142  0.4913345  0.5413448  0.5716648  0.5748036  0.5617929  0.5552649  0.5538280  0.5554937  0.5667785  0.5637557  0.5454219  0.5300406  0.5239158
 3  0.7515398  0.7071526  0.6828441  0.6746951  0.6774613  0.6878576  0.7038529  0.7152908  0.7166789  0.7337775  0.7273390  0.7218858  0.7206585  0.7186577  0.7206626  0.7294807  0.7363280  0.7274118  0.7192642  0.7141566  0.7151780  0.7089124  0.7159247  0.7155158  0.7051111  0.7015588  0.6930045
 4  0.4584217  0.4237373  0.4196185  0.4235147  0.4326401  0.4568822  0.4854625  0.4797547  0.5038085  0.5171016  0.4834959  0.4395124  0.3978435  0.3492818  0.3859093  0.4791646  0.4974365  0.4740245  0.4571202  0.4654409  0.4640148  0.4704997  0.4866836  0.4673645  0.4326744  0.4271508  0.4357141
 1  0.7296925  0.6822010  0.6529596  0.6480133  0.6659768  0.6698506  0.6713732  0.6855253  0.6920642  0.6876745  0.6816468  0.6773453  0.6753192  0.6801454  0.6858220  0.6884583  0.6906708  0.6863086  0.6786103  0.6792014  0.6657610  0.6639246  0.6887723  0.6980284  0.6940381  0.7003643  0.6996595
 2  0.5699182  0.5243568  0.5094438  0.5256774  0.5442716  0.5419853  0.5303724  0.5423468  0.5563328  0.5536589  0.5405693  0.5229767  0.5242402  0.5473839  0.5637741  0.5693629  0.5661217  0.5542577  0.5476914  0.5540565  0.5459064  0.5552700  0.5859041  0.5951824  0.5910271  0.5916912  0.5841665
 3  0.7528275  0.7089000  0.6776645  0.6676593  0.6850155  0.6889815  0.6877688  0.7014027  0.7101683  0.7065333  0.6999022  0.6942920  0.6911395  0.6976664  0.7048782  0.7071726  0.7098651  0.7050221  0.6957353  0.6984128  0.6857708  0.6809578  0.7078917  0.7196201  0.7143634  0.7203245  0.7206938
 4  0.4541773  0.4256261  0.4162846  0.4524102  0.4677022  0.4369885  0.4275906  0.4654721  0.4783739  0.4597457  0.4306155  0.4135051  0.4456230  0.4802854  0.4843822  0.4853267  0.4760316  0.4526353  0.4683671  0.4791743  0.4563410  0.4889339  0.5241975  0.5187965  0.5073016  0.5139281  0.4932580
 1  0.7310651  0.6893144  0.6511312  0.6331403  0.6344071  0.6562309  0.6764882  0.6784382  0.6851855  0.6999856  0.6965125  0.6797202  0.6685584  0.6734830  0.6667961  0.6561669  0.6616575  0.6613087  0.6720000  0.6741372  0.6821944  0.6885944  0.6966119  0.7001163  0.7108573  0.7055500  0.7029875
 2  0.5714015  0.5268909  0.5033064  0.4947928  0.5029801  0.5357739  0.5573463  0.5606748  0.5730505  0.5948374  0.5922554  0.5652276  0.5292949  0.5114361  0.4979537  0.4924017  0.5127896  0.5297170  0.5412236  0.5411180  0.5367546  0.5393619  0.5482658  0.5695854  0.5867247  0.5828460  0.5695611
 3  0.7535218  0.7146189  0.6753432  0.6543680  0.6522285  0.6720799  0.6950843  0.6972839  0.7024545  0.7200645  0.7193059  0.7014306  0.6862173  0.6894911  0.6835914  0.6720223  0.6780111  0.6786785  0.6900740  0.6922072  0.6990603  0.7048048  0.7135254  0.7169602  0.7304214  0.7257781  0.7207096
 4  0.4534606  0.4223056  0.4118584  0.4020905  0.4207833  0.4726669  0.4839045  0.4716483  0.5037429  0.5309414  0.5126753  0.4458429  0.4060881  0.4112041  0.3962182  0.4042033  0.4349456  0.4561238  0.4569889  0.4430061  0.4345759  0.4501102  0.4616463  0.4978996  0.5122887  0.4816673  0.4618339
 1  0.7294815  0.6844867  0.6506839  0.6367788  0.6370666  0.6498697  0.6670200  0.6900761  0.6942898  0.6983978  0.6946084  0.6904642  0.6795062  0.6676152  0.6830086  0.6788393  0.6783623  0.6807621  0.6895335  0.6909251  0.6877984  0.6977051  0.7008762  0.6980857  0.6886876  0.6779661  0.6659517
 2  0.5725402  0.5259815  0.5062972  0.4997556  0.5004760  0.5104691  0.5418870  0.5706915  0.5802783  0.5781148  0.5638181  0.5458380  0.5188588  0.5219165  0.5548980  0.5664295  0.5675058  0.5703630  0.5739857  0.5636661  0.5520926  0.5636205  0.5802757  0.5845965  0.5732367  0.5504355  0.5187257
 3  0.7525449  0.7105500  0.6751794  0.6579781  0.6552625  0.6663611  0.6825505  0.7083003  0.7140214  0.7176135  0.7134545  0.7083160  0.6967590  0.6832429  0.7007654  0.6989980  0.6978885  0.7001787  0.7090605  0.7102455  0.7050135  0.7145356  0.7202265  0.7186188  0.7094231  0.6976303  0.6837805
 4  0.4554746  0.4241928  0.4149054  0.4059328  0.4095018  0.4266081  0.4776855  0.5031725  0.4976716  0.4846498  0.4622387  0.4364549  0.4057314  0.4499824  0.4927159  0.4898231  0.4871230  0.4923394  0.4899800  0.4596107  0.4531577  0.4910541  0.5100362  0.5054537  0.4810364  0.4407027  0.4052104
 1  0.7294027  0.6819304  0.6523798  0.6461029  0.6569024  0.6646156  0.6697947  0.6698488  0.6649758  0.6667881  0.6661127  0.6850683  0.7062042  0.6938743  0.6816527  0.6793433  0.6857850  0.6920138  0.6911865  0.6942911  0.7008887  0.7014360  0.7013973  0.7011145  0.7031100  0.6997289  0.6967070
 2  0.5698543  0.5239712  0.5091353  0.5182812  0.5311562  0.5386796  0.5371912  0.5287618  0.5224499  0.5289853  0.5435931  0.5865846  0.6047664  0.5930849  0.5565135  0.5276677  0.5274737  0.5387143  0.5464460  0.5503224  0.5551381  0.5551052  0.5522346  0.5566276  0.5585644  0.5500629  0.5462493
 3  0.7524993  0.7084541  0.6770076  0.6663519  0.6755216  0.6826570  0.6873441  0.6877365  0.6817168  0.6841899  0.6840527  0.7015522  0.7291973  0.7166998  0.7008037  0.6960987  0.7014891  0.7089383  0.7088713  0.7109349  0.7182267  0.7188444  0.7183124  0.7183556  0.7210298  0.7172769  0.7130077
 4  0.4541562  0.4249877  0.4172000  0.4377323  0.4509544  0.4517546  0.4470365  0.4283958  0.4342241  0.4522222  0.4694586  0.5303045  0.5394599  0.4898040  0.4293552  0.4151844  0.4431821  0.4576793  0.4487803  0.4583165  0.4647117  0.4566686  0.4564609  0.4693120  0.4642860  0.4410186  0.4529868
 1  0.7272826  0.6766737  0.6463783  0.6386058  0.6451276  0.6507824  0.6710525  0.7013748  0.6899116  0.6758310  0.6638364  0.6631807  0.6832338  0.6828996  0.6805402  0.6851413  0.6907003  0.6928647  0.6927590  0.6956370  0.6974517  0.6994391  0.7083849  0.7178567  0.7116278  0.7054750  0.7031687
 2  0.5729577  0.5236270  0.5083192  0.5153676  0.5252613  0.5301353  0.5681171  0.5950904  0.5851033  0.5513454  0.5069885  0.5049248  0.5365504  0.5464272  0.5359819  0.5283830  0.5328767  0.5376002  0.5438034  0.5478466  0.5493770  0.5529928  0.5797076  0.5993472  0.5966376  0.5774320  0.5475975
 3  0.7510606  0.7033850  0.6710851  0.6592739  0.6639574  0.6691100  0.6862969  0.7219951  0.7125881  0.6958614  0.6809805  0.6777336  0.6996735  0.7017030  0.6979299  0.7010998  0.7068897  0.7098230  0.7096782  0.7126512  0.7147140  0.7163150  0.7250844  0.7382887  0.7330516  0.7243729  0.7199837
 4  0.4584400  0.4252542  0.4206623  0.4361890  0.4468483  0.4461362  0.5091075  0.5323852  0.4914195  0.4220121  0.3757896  0.4313663  0.4714069  0.4511307  0.4206052  0.4270235  0.4454651  0.4464395  0.4494239  0.4556631  0.4541900  0.4621435  0.5116194  0.5302105  0.5013315  0.4545858  0.4198576
 1  0.7263195  0.6763092  0.6386647  0.6238881  0.6272523  0.6403627  0.6468022  0.6479885  0.6645758  0.6854261  0.7021367  0.6971393  0.6926777  0.6992442  0.6960665  0.6929302  0.6989016  0.7038131  0.7062707  0.7152118  0.7056183  0.7019874  0.6957939  0.6965986  0.7014939  0.6966683  0.6854246
 2  0.5711790  0.5236523  0.5030486  0.4993930  0.5071043  0.5170093  0.5139350  0.5066831  0.5282235  0.5721390  0.5925573  0.5869032  0.5702525  0.5618870  0.5473054  0.5292404  0.5382114  0.5512755  0.5728457  0.5886287  0.5844681  0.5684279  0.5494009  0.5481670  0.5567068  0.5542504  0.5264707
 3  0.7502776  0.7032470  0.6637098  0.6452468  0.6455884  0.6579173  0.6647962  0.6645447  0.6800319  0.7021856  0.7230403  0.7183461  0.7109390  0.7172746  0.7142342  0.7089111  0.7142979  0.7210640  0.7230714  0.7346916  0.7258010  0.7207224  0.7133673  0.7129941  0.7191549  0.7152478  0.7029302
 4  0.4579942  0.4257769  0.4165872  0.4147458  0.4282224  0.4372483  0.4167851  0.4121680  0.4588248  0.5144496  0.5226273  0.4863657  0.4689181  0.4690219  0.4332217  0.4150212  0.4537339  0.4665424  0.4983588  0.5121860  0.4898044  0.4598237  0.4403554  0.4616783  0.4754613  0.4496819  0.3950228
 1  0.7283663  0.6828137  0.6433635  0.6246621  0.6170969  0.6419944  0.6689778  0.6773421  0.6866720  0.6903566  0.6852743  0.6890177  0.6921175  0.6895988  0.6690299  0.6526842  0.6844796  0.6662463  0.6557935  0.6635509  0.6731769  0.6693614  0.6757055  0.6814132  0.6807916  0.6914646  0.6901749
 2  0.5709641  0.5259476  0.5018701  0.4882548  0.4879385  0.5269570  0.5559929  0.5664645  0.5709213  0.5688213  0.5563854  0.5547246  0.5605482  0.5565641  0.5285697  0.5437824  0.5810948  0.5672632  0.5427291  0.5391442  0.5478888  0.5463614  0.5513858  0.5498903  0.5562447  0.5724796  0.5718464
 3  0.7517058  0.7089869  0.6679931  0.6463602  0.6349305  0.6571177  0.6875203  0.6960942  0.7050831  0.7100962  0.7039220  0.7062605  0.7104640  0.7085467  0.6879715  0.6675252  0.7051094  0.6899700  0.6755117  0.6804673  0.6914629  0.6883670  0.6939237  0.6996744  0.6978058  0.7105811  0.7109326
 4  0.4566222  0.4243291  0.4122537  0.3910278  0.4063600  0.4708293  0.4873309  0.4829293  0.4915668  0.4792460  0.4566224  0.4690115  0.4794839  0.4625517  0.4208953  0.4883267  0.5254115  0.4753044  0.4345612  0.4584264  0.4732030  0.4630411  0.4637914  0.4565659  0.4816588  0.5041003  0.4763980
 1  0.7305319  0.6896108  0.6499886  0.6326113  0.6420567  0.6582979  0.6707428  0.6653243  0.6650146  0.6686413  0.6866831  0.6955921  0.6938007  0.6961944  0.6991066  0.7073024  0.7018304  0.6975983  0.6921818  0.6911223  0.6923200  0.6893893  0.6852514  0.6856717  0.6909167  0.7050613  0.7082056
 2  0.5721984  0.5283647  0.5017896  0.5035126  0.5265545  0.5536433  0.5637470  0.5493271  0.5232899  0.5058217  0.5234314  0.5394401  0.5457726  0.5454621  0.5505459  0.5547710  0.5496619  0.5390681  0.5331795  0.5473534  0.5645555  0.5698134  0.5658636  0.5600816  0.5701984  0.5887523  0.5937657
 3  0.7533336  0.7150453  0.6742185  0.6529155  0.6600057  0.6761980  0.6905982  0.6857509  0.6831499  0.6838902  0.7016497  0.7123831  0.7106429  0.7132363  0.7157294  0.7241588  0.7192566  0.7144170  0.7085771  0.7079746  0.7108423  0.7092478  0.7046315  0.7045007  0.7084406  0.7241594  0.7291148
 4  0.4550996  0.4230248  0.4084556  0.4258362  0.4593470  0.4889936  0.4881670  0.4466543  0.3926396  0.4025384  0.4471430  0.4525067  0.4492615  0.4469881  0.4579310  0.4611929  0.4462460  0.4298761  0.4393424  0.4724610  0.4922444  0.4874990  0.4769590  0.4692118  0.4946338  0.5200494  0.5091147
 1  0.7307829  0.6860775  0.6545324  0.6503302  0.6775306  0.6783105  0.6722064  0.6852379  0.7151065  0.7084190  0.6943355  0.6892571  0.6866571  0.6881616  0.6983962  0.6992938  0.6956033  0.6925777  0.7063059  0.7001814  0.6916029  0.6893887  0.6897724  0.6865842  0.6846488  0.6811311  0.6813026
 2  0.5712566  0.5248832  0.5085128  0.5395639  0.5687180  0.5658128  0.5325650  0.5558013  0.5978127  0.6021334  0.5811642  0.5479877  0.5091070  0.4902936  0.5225947  0.5545580  0.5647248  0.5809565  0.5963912  0.5912554  0.5678997  0.5428448  0.5276051  0.5155999  0.5071049  0.4978997  0.5076167
 3  0.7532018  0.7115500  0.6787048  0.6690727  0.6976065  0.6993275  0.6903303  0.6982186  0.7350652  0.7314330  0.7152087  0.7073571  0.7028248  0.7019249  0.7129845  0.7167437  0.7145813  0.7105877  0.7272064  0.7220796  0.7112477  0.7064954  0.7061769  0.7029724  0.7006004  0.6964233  0.6962260
 4  0.4532831  0.4225278  0.4190099  0.4790053  0.5024693  0.4625707  0.3877096  0.4942673  0.5430501  0.5200732  0.4652853  0.4156907  0.3645036  0.3877623  0.4526617  0.4821692  0.4809082  0.5109308  0.5280282  0.4994506  0.4493237  0.4279050  0.4243621  0.4102073  0.3888243  0.3862107  0.4234049
 1  0.7288303  0.6817804  0.6434218  0.6265593  0.6013056  0.5672865  0.6119075  0.6720723  0.6805763  0.6875061  0.6907691  0.6899744  0.6878621  0.6951392  0.7153847  0.7143060  0.6973103  0.6856739  0.6770235  0.6930825  0.7185048  0.6969312  0.6735172  0.6635312  0.6728215  0.6683988  0.6646519
 2  0.5741911  0.5258759  0.5028862  0.4981525  0.4814317  0.4633947  0.5341489  0.5800616  0.5880598  0.5826995  0.5703132  0.5490654  0.5193695  0.5460242  0.5959606  0.6078872  0.5889924  0.5487633  0.5021248  0.5727072  0.6128928  0.6024307  0.5596652  0.5151907  0.5089008  0.5026407  0.5035062
 3  0.7523075  0.7080710  0.6681308  0.6478062  0.6205829  0.5849334  0.6240270  0.6913677  0.7021746  0.7074292  0.7102803  0.7082866  0.7039713  0.7090596  0.7340626  0.7374675  0.7195784  0.7044087  0.6927291  0.7050800  0.7424494  0.7223224  0.6952037  0.6802037  0.6882509  0.6858285  0.6807843
 4  0.4580154  0.4245422  0.4146133  0.4129537  0.4002383  0.3966582  0.4912161  0.5245841  0.5078667  0.4925555  0.4717121  0.4279620  0.3909774  0.4825573  0.5409134  0.5348228  0.4770091  0.4015183  0.3702415  0.5273972  0.5583997  0.5115057  0.4171147  0.3913036  0.4246930  0.4057320  0.4021522
 1  0.7302531  0.6859001  0.6537080  0.6394462  0.6386246  0.6518683  0.6647670  0.6681355  0.6687077  0.6829585  0.7020767  0.6961007  0.6893954  0.6932354  0.6974549  0.7025316  0.6980952  0.6984292  0.6879388  0.6788183  0.6697707  0.6637517  0.6718496  0.6875434  0.7084437  0.6989448  0.6830819
 2  0.5733499  0.5260023  0.5079153  0.5026308  0.5048099  0.5197631  0.5328496  0.5310626  0.5302478  0.5663160  0.5891781  0.5829644  0.5571144  0.5394858  0.5419860  0.5550454  0.5709568  0.5767666  0.5629508  0.5372925  0.5172995  0.5233007  0.5431026  0.5858551  0.6052856  0.5973520  0.5622804
 3  0.7529906  0.7113900  0.6778565  0.6607117  0.6568878  0.6683460  0.6821741  0.6859975  0.6853241  0.6990116  0.7227935  0.7172377  0.7074876  0.7097019  0.7135969  0.7196502  0.7163573  0.7183554  0.7082814  0.6968214  0.6862132  0.6808792  0.6894458  0.7041526  0.7308172  0.7217133  0.7028541
 4  0.4553468  0.4227668  0.4182200  0.4103287  0.4161786  0.4431788  0.4517772  0.4331798  0.4430650  0.5080854  0.5210245  0.4782315  0.4357489  0.4337727  0.4569624  0.4759440  0.4955421  0.4969668  0.4581470  0.4185373  0.4244185  0.4496013  0.4697028  0.5268581  0.5405388  0.5004124  0.4416884
 1  0.7306463  0.6839757  0.6496804  0.6364613  0.6386403  0.6464226  0.6644794  0.6777327  0.7002403  0.6928323  0.6816293  0.6782122  0.6987132  0.7057414  0.6952645  0.6887305  0.6844588  0.6872884  0.6903422  0.6868400  0.6844602  0.6943242  0.6916178  0.7003017  0.7072888  0.6867093  0.6714638
 2  0.5746519  0.5252001  0.5072632  0.5072049  0.5084689  0.5190701  0.5402389  0.5773752  0.5980131  0.5907408  0.5584452  0.5373526  0.5634580  0.5777260  0.5658451  0.5329693  0.4968633  0.4915499  0.5308517  0.5561579  0.5690538  0.5745307  0.5703630  0.5892441  0.5985427  0.5823627  0.5528300
 3  0.7534515  0.7097975  0.6741734  0.6576898  0.6575937  0.6630028  0.6813566  0.6946269  0.7218430  0.7154927  0.7016225  0.6942120  0.7150357  0.7255343  0.7149351  0.7059905  0.6995555  0.7012088  0.7057129  0.7062171  0.7035157  0.7134014  0.7109573  0.7175165  0.7296811  0.7097240  0.6908491
 4  0.4558021  0.4237556  0.4204097  0.4224171  0.4167175  0.4410005  0.4709267  0.5185291  0.5333394  0.4965186  0.4273683  0.4416139  0.5001733  0.5000215  0.4499136  0.3875263  0.3620124  0.4016244  0.4691595  0.4836641  0.4875300  0.4914532  0.4803803  0.5214950  0.5323698  0.4844614  0.4486659
 1  0.7306384  0.6854714  0.6542733  0.6421785  0.6429826  0.6483514  0.6573108  0.6813454  0.7023163  0.6965204  0.6883517  0.6924000  0.6925871  0.6954961  0.6905979  0.6889267  0.6822522  0.6905847  0.6875835  0.6819269  0.6850695  0.6927600  0.6938416  0.6899756  0.6833479  0.6884245  0.6937788
 2  0.5714296  0.5260166  0.5083160  0.5023199  0.4936609  0.4830993  0.4991992  0.5634882  0.5941916  0.5900156  0.5680265  0.5531590  0.5473558  0.5444947  0.5418666  0.5381876  0.5535575  0.5786673  0.5790294  0.5605486  0.5462771  0.5503917  0.5489021  0.5387221  0.5297348  0.5567067  0.5761646
 3  0.7535934  0.7116730  0.6787204  0.6631682  0.6614848  0.6644942  0.6713491  0.6965228  0.7233578  0.7183986  0.7072446  0.7100679  0.7099755  0.7126566  0.7078904  0.7061181  0.6987836  0.7106471  0.7095600  0.7012210  0.7018216  0.7099913  0.7118698  0.7074490  0.6994155  0.7049195  0.7141118
 4  0.4547070  0.4248329  0.4146224  0.4057806  0.3832713  0.3702769  0.4282990  0.5140576  0.5294923  0.4920753  0.4591300  0.4548097  0.4540056  0.4487250  0.4447983  0.4418705  0.4873222  0.5169113  0.4881968  0.4445693  0.4502229  0.4677136  0.4540703  0.4235141  0.4367203  0.4952968  0.5063860
 1  0.7298247  0.6827102  0.6538385  0.6555447  0.6869082  0.6856105  0.6808693  0.6829567  0.6914596  0.7013901  0.6939912  0.6881999  0.6977559  0.6956780  0.6926818  0.6888955  0.6885350  0.6879609  0.6950669  0.6928025  0.6958102  0.7063414  0.7084678  0.7097313  0.7124513  0.7112185  0.7055639
 2  0.5696666  0.5235318  0.5098169  0.5500822  0.5798851  0.5782968  0.5496936  0.5202056  0.5185970  0.5313050  0.5321653  0.5325757  0.5575243  0.5708822  0.5675602  0.5562840  0.5439396  0.5431175  0.5540164  0.5523246  0.5569508  0.5681025  0.5720758  0.5701679  0.5700897  0.5702619  0.5594498
 3  0.7525837  0.7089407  0.6783411  0.6735114  0.7076561  0.7070297  0.6991629  0.6990237  0.7061687  0.7172483  0.7114206  0.7037867  0.7146191  0.7153230  0.7122670  0.7072446  0.7059334  0.7047964  0.7126462  0.7111626  0.7124583  0.7238730  0.7270753  0.7269581  0.7299878  0.7292613  0.7237098
 4  0.4530319  0.4241191  0.4187927  0.4920749  0.5156309  0.4775981  0.4194098  0.3953481  0.4278067  0.4476968  0.4201592  0.4415620  0.4897424  0.4936951  0.4716586  0.4520575  0.4435148  0.4586195  0.4709004  0.4531096  0.4668830  0.4885524  0.4769097  0.4716456  0.4794315  0.4774664  0.4568913
 1  0.7291441  0.6867744  0.6587967  0.6468793  0.6306420  0.6315974  0.6648099  0.6865017  0.6754171  0.6797186  0.6706600  0.6635290  0.6753916  0.6907015  0.6896091  0.6868315  0.6887616  0.6856684  0.6869738  0.6847008  0.6914135  0.6898378  0.6923769  0.6879513  0.6829783  0.6742823  0.6613878
 2  0.5731839  0.5275537  0.5091333  0.4970977  0.4714746  0.4868840  0.5641246  0.5900413  0.5851734  0.5744147  0.5510760  0.5226305  0.5282573  0.5491899  0.5521418  0.5542764  0.5614837  0.5676023  0.5663326  0.5631847  0.5615794  0.5618885  0.5630480  0.5615806  0.5539244  0.5407086  0.5224201
 3  0.7522081  0.7123594  0.6826377  0.6678256  0.6490490  0.6458669  0.6793444  0.7092602  0.6977023  0.7004290  0.6910091  0.6812345  0.6909643  0.7076780  0.7079813  0.7043859  0.7069165  0.7051106  0.7068676  0.7031714  0.7097983  0.7081554  0.7108416  0.7068971  0.7019210  0.6929688  0.6796118
 4  0.4562852  0.4226940  0.4126323  0.3890448  0.3563670  0.4225434  0.5200560  0.5280448  0.5028273  0.4860306  0.4442333  0.4114735  0.4475460  0.4731564  0.4617158  0.4660448  0.4856234  0.4917572  0.4769891  0.4728687  0.4747115  0.4762356  0.4793204  0.4750648  0.4628179  0.4447997  0.4262962
