FL 2019 2020 2021 2022 2023 2024 2025 2026 2027 2028 2029 2030 2031 2032 2033 2034 2035 2036 2037 2038 2039 2040 2041 2042 2043 2044 2045
 1  0.1254765  0.0537101  0.0371124  0.0519608  0.0377138  0.0889639  0.0678805  0.1405378  0.1659216  0.1993033  0.2593386  0.1458639  0.1494124  0.1737202  0.2076508  0.2738265  0.2872527  0.1666919  0.1878333  0.0567342  0.0390249  0.0563308  0.0488878  0.1259585  0.1075987  0.1973363  0.2291882
 2  0.0238751  0.0086047  0.0058355  0.0088970  0.0046145  0.0131606  0.0120616  0.0291989  0.0395227  0.0511535  0.0642496  0.0304649  0.0303634  0.0370018  0.0439508  0.0524916  0.0535253  0.0328442  0.0355992  0.0091367  0.0062945  0.0096998  0.0094086  0.0231136  0.0202725  0.0398970  0.0497077
 3  0.1162273  0.0872241  0.0922452  0.1005154  0.0838325  0.0780708  0.0622006  0.0817350  0.0744044  0.0661532  0.0659889  0.0749119  0.0754144  0.0828408  0.0759682  0.0795643  0.0788504  0.0886462  0.0752079  0.0766035  0.0760682  0.0915617  0.0740823  0.0719806  0.0705902  0.0760032  0.0687099
 4  0.0444602  0.0550965  0.0421695  0.0763752  0.0529557  0.0409913  0.0266607  0.0305668  0.0258685  0.0371232  0.0414934  0.0410793  0.0339661  0.0370800  0.0389580  0.0424270  0.0330853  0.0399544  0.0480315  0.0514667  0.0381369  0.0430491  0.0418092  0.0462614  0.0373361  0.0361321  0.0315580
 1  0.1220670  0.0539047  0.0370547  0.0800580  0.0701008  0.0995931  0.0810441  0.1178473  0.1174691  0.1213243  0.1185487  0.0664652  0.0639800  0.0676733  0.0660295  0.0594133  0.0584231  0.0645894  0.0561420  0.2661090  0.3738674  0.3334733  0.4113813  0.2032713  0.2241324  0.0866382  0.0704863
 2  0.0232303  0.0087191  0.0059000  0.0136719  0.0129190  0.0174884  0.0145363  0.0227931  0.0223824  0.0234696  0.0244229  0.0137657  0.0137698  0.0146318  0.0141820  0.0132390  0.0105992  0.0116595  0.0110560  0.0575158  0.0831211  0.0663783  0.0783735  0.0379804  0.0412868  0.0149441  0.0122852
 3  0.1130934  0.0669372  0.0752182  0.0911125  0.0776931  0.0734017  0.0778091  0.0791407  0.0712958  0.0706748  0.0740366  0.0657142  0.0736104  0.0617468  0.0708155  0.0719848  0.0660912  0.0701311  0.0713748  0.1226199  0.1292794  0.1056073  0.1221202  0.0798852  0.0683235  0.0781007  0.0838590
 4  0.0433681  0.0423197  0.0405510  0.0389716  0.0409465  0.0398010  0.0376652  0.0393436  0.0398787  0.0360710  0.0344430  0.0351049  0.0355159  0.0361366  0.0360278  0.0452401  0.0471635  0.0373740  0.0321567  0.0295054  0.0338933  0.0359131  0.0326295  0.0345768  0.0375558  0.0381116  0.0396104
 1  0.1187765  0.0769133  0.0545101  0.0702117  0.0495053  0.2142615  0.2455646  0.1768404  0.1685411  0.1292103  0.1360556  0.1827569  0.1827211  0.0803140  0.0773455  0.1594682  0.1648784  0.1615000  0.1619959  0.1350479  0.1381114  0.2342806  0.2844086  0.1459618  0.1061965  0.1086211  0.1005631
 2  0.0226444  0.0125015  0.0086258  0.0106880  0.0082636  0.0405713  0.0480531  0.0330716  0.0317475  0.0254928  0.0284004  0.0370680  0.0341785  0.0154316  0.0145562  0.0314023  0.0318856  0.0312903  0.0308534  0.0261144  0.0286405  0.0509497  0.0589248  0.0240330  0.0165490  0.0186330  0.0196955
 3  0.1100329  0.0833329  0.0830547  0.0739174  0.0795835  0.0933888  0.0961597  0.0653952  0.0722098  0.0771652  0.0699873  0.0662853  0.0777806  0.0850267  0.0691054  0.0750407  0.0713871  0.0772056  0.0814569  0.0834559  0.0669684  0.0605460  0.0787395  0.0733872  0.0877122  0.0780935  0.0699359
 4  0.0423910  0.0467837  0.0510155  0.0407286  0.0349800  0.0323798  0.0374980  0.0369144  0.0342657  0.0311569  0.0346028  0.0412637  0.0381947  0.0401445  0.0351077  0.0392777  0.0351560  0.0377050  0.0403107  0.0372502  0.0313967  0.0331795  0.0485344  0.0473168  0.0432410  0.0335270  0.0294285
 1  0.1193897  0.0246958  0.0167014  0.0825526  0.0694480  0.0889311  0.0876801  0.0614663  0.0549088  0.0432204  0.0347521  0.0541899  0.0487638  0.0571454  0.0599810  0.0822496  0.0918060  0.1503235  0.1730125  0.1377421  0.1393061  0.1642884  0.1627699  0.1799332  0.2181375  0.1712647  0.1911814
 2  0.0226910  0.0039735  0.0026671  0.0138926  0.0123696  0.0172711  0.0172397  0.0122751  0.0096128  0.0074361  0.0066593  0.0106022  0.0102006  0.0129583  0.0143773  0.0203814  0.0215998  0.0350187  0.0381983  0.0292275  0.0256882  0.0303183  0.0325450  0.0392121  0.0501610  0.0382823  0.0417123
 3  0.1105887  0.0755659  0.0856450  0.0840688  0.0793863  0.0821438  0.0664392  0.0782265  0.0674583  0.0690183  0.0672562  0.0633936  0.0579284  0.0646522  0.0582394  0.0652576  0.0606944  0.0618974  0.0671514  0.0682705  0.0699871  0.0688950  0.0673250  0.0640233  0.0671471  0.0633591  0.0665819
 4  0.0420011  0.0460355  0.0429124  0.0398670  0.0347016  0.0379122  0.0366866  0.0463802  0.0447739  0.0363276  0.0358924  0.0369029  0.0303000  0.0317153  0.0334601  0.0384835  0.0371736  0.0337438  0.0372800  0.0430707  0.0429378  0.0354401  0.0294957  0.0284851  0.0334076  0.0342945  0.0361223
 1  0.1189860  0.0474579  0.0328236  0.0550229  0.0414850  0.1356839  0.1218853  0.2842846  0.3274942  0.3769883  0.5052430  0.2261645  0.2147617  0.0750272  0.0559160  0.1749154  0.1947665  0.2296169  0.2812099  0.1029527  0.0869176  0.2028074  0.2450707  0.3327346  0.4882814  0.1319038  0.0926243
 2  0.0231473  0.0077530  0.0052400  0.0090318  0.0064311  0.0232660  0.0215290  0.0540898  0.0597331  0.0688077  0.0971038  0.0407557  0.0283777  0.0110674  0.0091966  0.0327591  0.0404950  0.0515659  0.0493917  0.0169089  0.0159825  0.0409862  0.0524235  0.0735650  0.1025740  0.0207089  0.0136875
 3  0.1099257  0.0747898  0.0862544  0.0863029  0.0753012  0.0771987  0.0746621  0.0784878  0.0863253  0.1306378  0.1519630  0.1172533  0.1043152  0.0888617  0.0792942  0.1022097  0.0967192  0.0972659  0.0962448  0.0837045  0.0798010  0.1008193  0.0913008  0.0941056  0.0992847  0.0760739  0.0947821
 4  0.0434759  0.0457988  0.0422204  0.0470820  0.0395636  0.0389680  0.0374637  0.0332774  0.0391636  0.0303675  0.0323196  0.0528707  0.0458698  0.0393907  0.0372930  0.0347616  0.0295947  0.0435221  0.0448494  0.0366232  0.0324104  0.0331938  0.0310087  0.0297127  0.0377132  0.0443400  0.0442290
 1  0.1162521  0.0849438  0.0604194  0.1075919  0.0887214  0.1616110  0.1731083  0.1510465  0.1239422  0.1228419  0.1180189  0.0752491  0.0800982  0.1246796  0.1293474  0.1627667  0.1844485  0.1363696  0.1495104  0.0758883  0.0716327  0.1098091  0.0859988  0.1883724  0.2180538  0.0737903  0.0607824
 2  0.0225599  0.0139384  0.0095858  0.0176104  0.0153468  0.0310617  0.0345103  0.0271299  0.0205568  0.0218299  0.0236153  0.0166997  0.0181749  0.0276133  0.0270248  0.0341206  0.0408064  0.0306705  0.0317373  0.0155894  0.0133600  0.0183137  0.0154202  0.0378430  0.0436820  0.0134034  0.0114991
 3  0.1074261  0.0737510  0.0788135  0.0861024  0.0701947  0.0744606  0.0797552  0.0712147  0.0835921  0.0755063  0.0698047  0.0643849  0.0615370  0.0696583  0.0711657  0.0695584  0.0727779  0.0694881  0.0673344  0.0718214  0.0766573  0.0810419  0.0741398  0.0875531  0.0852569  0.0692655  0.0685964
 4  0.0426515  0.0455041  0.0432072  0.0413994  0.0326797  0.0333901  0.0432613  0.0424205  0.0417825  0.0338502  0.0296764  0.0316793  0.0375026  0.0388195  0.0369062  0.0297454  0.0314561  0.0368998  0.0369967  0.0377099  0.0471360  0.0412421  0.0326357  0.0325493  0.0411087  0.0380819  0.0320894
 1  0.1297236  0.0889434  0.0609556  0.0452998  0.0333788  0.0650682  0.0667999  0.0850330  0.0934083  0.1072503  0.1234352  0.1038790  0.0810061  0.0554167  0.0491155  0.1910761  0.2227259  0.1509360  0.1608111  0.0616981  0.0440865  0.0639006  0.0556914  0.1190433  0.1316786  0.1092812  0.1304149
 2  0.0243926  0.0139661  0.0094299  0.0070299  0.0057868  0.0128826  0.0147001  0.0200730  0.0224956  0.0261257  0.0289363  0.0193579  0.0137066  0.0098333  0.0096931  0.0410147  0.0502212  0.0352186  0.0256228  0.0094161  0.0073675  0.0114563  0.0107271  0.0255900  0.0308353  0.0270186  0.0337766
 3  0.1204050  0.0786562  0.0847279  0.0847668  0.0834087  0.0761729  0.0742674  0.0685573  0.0668687  0.0619568  0.0666630  0.0737509  0.0787295  0.0798916  0.0744139  0.0658488  0.0636261  0.0778791  0.0640920  0.0757872  0.0716274  0.0659684  0.0598821  0.0740832  0.0742834  0.0648479  0.0613701
 4  0.0445032  0.0447136  0.0446393  0.0402987  0.0380769  0.0312068  0.0338508  0.0344169  0.0311169  0.0334800  0.0434619  0.0517612  0.0415807  0.0357418  0.0323801  0.0322770  0.0309426  0.0550572  0.0506715  0.0436627  0.0366612  0.0375334  0.0347066  0.0297841  0.0299276  0.0316875  0.0316082
 1  0.1244105  0.0149918  0.0100476  0.0181387  0.0156621  0.0645556  0.0603408  0.2000288  0.1752464  0.1140582  0.0983603  0.2130767  0.2584673  0.1897290  0.2293756  0.1276625  0.1126312  0.1543364  0.1216448  0.2971220  0.3754236  0.3187603  0.4522389  0.1331121  0.1111176  0.0757630  0.0529874
 2  0.0246932  0.0024389  0.0015961  0.0031658  0.0030297  0.0134181  0.0106730  0.0347139  0.0287678  0.0192934  0.0181891  0.0437054  0.0575971  0.0431751  0.0522871  0.0271908  0.0154186  0.0230621  0.0213559  0.0565252  0.0731763  0.0632863  0.0901873  0.0223853  0.0183996  0.0118786  0.0079746
 3  0.1146225  0.0789781  0.0739484  0.0848377  0.0752936  0.0740481  0.0774206  0.0737994  0.0787393  0.0671910  0.0661631  0.0809287  0.0788564  0.0645029  0.0651107  0.0697768  0.0748687  0.0724273  0.0689661  0.1310672  0.1359133  0.1304423  0.1481610  0.0768507  0.0854155  0.0804590  0.0780523
 4  0.0469218  0.0505556  0.0388024  0.0331955  0.0341048  0.0462570  0.0508293  0.0413128  0.0442460  0.0352054  0.0332359  0.0312255  0.0289797  0.0311746  0.0349428  0.0598970  0.0500212  0.0369897  0.0316791  0.0350930  0.0332548  0.0280506  0.0375229  0.0428484  0.0467862  0.0475377  0.0445155
 1  0.1237088  0.0832669  0.0582833  0.1540993  0.1423112  0.1624094  0.1510008  0.0489633  0.0341256  0.0832121  0.0693600  0.1278255  0.1427218  0.1311914  0.1544752  0.1139311  0.1397701  0.0857747  0.0797773  0.0708961  0.0672878  0.0673903  0.0639681  0.0752135  0.0385939  0.0631551  0.0568828
 2  0.0237626  0.0133677  0.0091168  0.0262555  0.0249512  0.0289613  0.0275168  0.0080396  0.0053519  0.0139149  0.0130632  0.0271713  0.0329049  0.0318035  0.0392002  0.0293891  0.0358883  0.0187662  0.0165192  0.0144484  0.0130036  0.0132900  0.0135021  0.0103552  0.0056564  0.0109249  0.0115237
 3  0.1145732  0.0793450  0.0770427  0.0826744  0.0782979  0.0761359  0.0832594  0.0750586  0.0805376  0.0700692  0.0612616  0.0624501  0.0566273  0.0621353  0.0629482  0.0650490  0.0671703  0.0640212  0.0788483  0.0668071  0.0723986  0.0740630  0.0730339  0.0689859  0.0633806  0.0519761  0.0495313
 4  0.0440699  0.0499700  0.0377579  0.0379137  0.0389469  0.0368689  0.0501919  0.0503852  0.0489050  0.0358837  0.0313239  0.0314883  0.0333911  0.0315878  0.0292753  0.0317517  0.0409420  0.0394001  0.0384681  0.0374190  0.0381214  0.0354694  0.0630170  0.0578196  0.0391801  0.0286409  0.0275954
 1  0.1300004  0.0895330  0.0613566  0.0622087  0.0394196  0.0685486  0.0705438  0.1048512  0.1142788  0.1159731  0.1191946  0.1040074  0.1067995  0.1128640  0.0958902  0.1005838  0.0795897  0.1415625  0.1497824  0.1519649  0.1910102  0.2983383  0.3996329  0.1515304  0.1395329  0.1018223  0.0900178
 2  0.0246276  0.0141504  0.0095021  0.0087538  0.0064398  0.0131852  0.0156850  0.0249832  0.0275235  0.0261896  0.0243249  0.0212224  0.0230458  0.0218173  0.0171087  0.0169323  0.0138633  0.0272142  0.0321243  0.0365232  0.0483407  0.0713663  0.0844682  0.0283878  0.0225506  0.0172462  0.0171286
 3  0.1205402  0.0727102  0.0787516  0.0848693  0.0755975  0.0694349  0.0680518  0.0614383  0.0680256  0.0631006  0.0705218  0.0708222  0.0727008  0.0756048  0.0758948  0.0750036  0.0716995  0.0736323  0.0644870  0.0656944  0.0618203  0.0690333  0.0661215  0.0773418  0.0774020  0.0837257  0.0810750
 4  0.0455741  0.0459462  0.0512131  0.0426965  0.0328905  0.0274948  0.0314142  0.0340826  0.0351724  0.0351755  0.0364100  0.0311077  0.0392702  0.0479083  0.0458852  0.0435963  0.0392134  0.0339215  0.0294721  0.0298073  0.0328808  0.0376738  0.0353260  0.0416494  0.0431411  0.0348077  0.0398776
 1  0.1180277  0.0358854  0.0247653  0.0430139  0.0346044  0.0785429  0.0718546  0.1140762  0.1160626  0.1284387  0.1384115  0.1309099  0.1021365  0.1645778  0.1562188  0.1394475  0.1410173  0.1568689  0.1629548  0.1012298  0.1082826  0.1708143  0.1951230  0.1450107  0.1572724  0.2102131  0.2416143
 2  0.0228373  0.0058748  0.0039855  0.0072454  0.0060350  0.0147940  0.0132611  0.0224210  0.0251632  0.0285930  0.0309141  0.0236435  0.0172718  0.0291456  0.0284005  0.0268006  0.0294000  0.0327034  0.0341967  0.0217383  0.0242890  0.0386853  0.0413506  0.0301888  0.0333232  0.0447879  0.0477672
 3  0.1090697  0.0714223  0.0752955  0.0842611  0.0730748  0.0730578  0.0735919  0.0671788  0.0690686  0.0657300  0.0636268  0.0789855  0.0723444  0.0708347  0.0662977  0.0668418  0.0632762  0.0648375  0.0709516  0.0695977  0.0672201  0.0665874  0.0693816  0.0697561  0.0711334  0.0738526  0.0773642
 4  0.0428520  0.0468577  0.0397904  0.0390043  0.0360297  0.0365047  0.0385082  0.0319648  0.0317188  0.0340764  0.0440409  0.0528850  0.0409024  0.0375954  0.0364373  0.0332741  0.0365603  0.0356234  0.0343130  0.0338327  0.0326481  0.0366386  0.0373038  0.0335083  0.0321196  0.0406612  0.0661442
 1  0.1305073  0.0626718  0.0423313  0.0777324  0.0589367  0.1278706  0.1347688  0.1901529  0.2258927  0.1791602  0.1757411  0.0862768  0.0609079  0.1042148  0.0956772  0.1699227  0.2033642  0.2194374  0.2461794  0.1255563  0.1055005  0.1157563  0.1115216  0.1724459  0.1329226  0.1700679  0.1668526
 2  0.0247657  0.0098862  0.0065756  0.0122053  0.0101404  0.0246622  0.0284454  0.0431050  0.0473945  0.0357741  0.0279017  0.0132282  0.0092581  0.0180256  0.0187028  0.0370064  0.0486649  0.0491985  0.0513526  0.0224662  0.0185564  0.0215603  0.0216028  0.0287365  0.0230009  0.0308315  0.0318840
 3  0.1209417  0.0784954  0.0792348  0.0802030  0.0738341  0.0748645  0.0733418  0.0623467  0.0719952  0.0722773  0.0735174  0.0856210  0.0817411  0.0694868  0.0717863  0.0772812  0.0788984  0.0656786  0.0736769  0.0716591  0.0774941  0.0690723  0.0699426  0.0706108  0.0652765  0.0769649  0.0787655
 4  0.0457994  0.0484739  0.0440780  0.0392986  0.0329712  0.0333784  0.0322061  0.0343550  0.0394822  0.0454069  0.0476345  0.0505434  0.0424313  0.0346900  0.0340434  0.0285123  0.0334024  0.0386656  0.0436041  0.0431699  0.0378943  0.0372481  0.0470596  0.0437439  0.0374305  0.0355177  0.0351366
 1  0.1355563  0.0713368  0.0476440  0.0468945  0.0388829  0.0558428  0.0453340  0.0422115  0.0438405  0.1197478  0.1491908  0.1886578  0.2157251  0.2016550  0.2244334  0.1129585  0.1081150  0.1720275  0.1216742  0.0836608  0.0803127  0.1172344  0.1269836  0.2418136  0.2785483  0.1848041  0.1129994
 2  0.0258173  0.0112511  0.0073592  0.0081513  0.0061039  0.0093186  0.0084116  0.0088823  0.0104831  0.0322789  0.0398682  0.0444843  0.0445310  0.0401693  0.0444169  0.0217058  0.0220095  0.0279254  0.0194131  0.0150035  0.0160695  0.0254284  0.0288480  0.0535485  0.0515789  0.0250565  0.0175406
 3  0.1255444  0.0689389  0.0766768  0.0819873  0.0792580  0.0774595  0.0696806  0.0679325  0.0688933  0.0632443  0.0614128  0.0685039  0.0658960  0.0768632  0.0745341  0.0744744  0.0683396  0.0696091  0.0880208  0.0814179  0.0792542  0.0707306  0.0599344  0.0827794  0.0844490  0.0831819  0.0817223
 4  0.0485933  0.0421115  0.0396206  0.0429436  0.0441780  0.0354217  0.0323694  0.0293001  0.0288633  0.0313718  0.0386485  0.0390914  0.0368784  0.0358732  0.0384073  0.0347926  0.0451523  0.0471234  0.0385460  0.0331056  0.0327107  0.0347048  0.0325037  0.0393014  0.0553533  0.0500955  0.0391230
 1  0.1307984  0.0943666  0.0645074  0.1492211  0.1345716  0.2051931  0.1682031  0.2921892  0.3202625  0.2373293  0.2334552  0.2076874  0.1769221  0.2028029  0.2286914  0.1569865  0.1470198  0.0671563  0.0575838  0.0854838  0.0726425  0.1762878  0.2205888  0.1856032  0.2336505  0.1374554  0.1460023
 2  0.0245606  0.0148181  0.0099496  0.0249073  0.0237428  0.0339217  0.0276527  0.0510851  0.0600936  0.0438189  0.0382588  0.0330526  0.0301133  0.0379493  0.0466309  0.0310890  0.0253778  0.0120991  0.0094900  0.0146135  0.0140249  0.0388489  0.0545472  0.0474325  0.0559686  0.0291340  0.0306767
 3  0.1213701  0.0714630  0.0802016  0.0869220  0.0767920  0.0707036  0.0783398  0.0776358  0.0753439  0.0742429  0.0809137  0.0823524  0.0749601  0.0938626  0.0854175  0.0680045  0.0665716  0.0728430  0.0698355  0.0732853  0.0622777  0.0703406  0.0774018  0.0622541  0.0652858  0.0729405  0.0688724
 4  0.0453260  0.0471789  0.0423665  0.0375407  0.0400091  0.0425611  0.0409944  0.0362036  0.0319671  0.0388594  0.0464168  0.0416897  0.0351675  0.0308091  0.0349994  0.0430700  0.0386831  0.0419621  0.0443665  0.0373290  0.0311897  0.0253585  0.0281753  0.0349725  0.0362130  0.0379397  0.0349851
 1  0.1425452  0.0873039  0.0577611  0.0785688  0.0551219  0.0759633  0.0700446  0.0884821  0.1023941  0.1551534  0.1903893  0.0486074  0.0281880  0.0970853  0.1000381  0.0898805  0.1054086  0.1598111  0.1945180  0.1799212  0.1706823  0.0991130  0.0987097  0.0584102  0.0553383  0.0865736  0.0736153
 2  0.0270896  0.0135786  0.0088036  0.0119813  0.0084616  0.0133094  0.0140699  0.0204859  0.0269897  0.0428947  0.0416061  0.0069952  0.0044716  0.0181041  0.0214744  0.0222923  0.0282887  0.0420132  0.0437646  0.0345538  0.0314885  0.0190460  0.0203034  0.0122291  0.0113353  0.0163548  0.0135198
 3  0.1320490  0.0688312  0.0935866  0.0785425  0.0767806  0.0749943  0.0691718  0.0593552  0.0596632  0.0686243  0.0610713  0.0696031  0.0778476  0.0688401  0.0679481  0.0644101  0.0660083  0.0662129  0.0643888  0.0702700  0.0780527  0.0766848  0.0739733  0.0723046  0.0763226  0.0717857  0.0771014
 4  0.0507192  0.0416121  0.0491372  0.0446921  0.0399123  0.0324298  0.0286290  0.0271303  0.0286292  0.0442921  0.0558438  0.0452768  0.0341940  0.0293619  0.0289080  0.0292022  0.0350391  0.0376771  0.0407470  0.0398052  0.0369439  0.0337835  0.0333165  0.0364645  0.0429884  0.0413457  0.0408644
 1  0.1323154  0.0742914  0.0500155  0.0467257  0.0401735  0.1582495  0.1416227  0.2152016  0.2101706  0.2030274  0.1832462  0.1530265  0.1545686  0.1669031  0.1816991  0.1265438  0.1030801  0.0749467  0.0572365  0.1008759  0.1135512  0.2053481  0.2896245  0.2477593  0.2575410  0.1634798  0.1422966
 2  0.0251284  0.0116816  0.0077331  0.0080083  0.0070398  0.0280635  0.0254003  0.0385251  0.0386955  0.0358881  0.0309096  0.0276253  0.0304149  0.0340696  0.0373964  0.0243913  0.0145462  0.0114784  0.0102560  0.0211310  0.0279511  0.0570686  0.0756765  0.0513252  0.0438004  0.0274895  0.0229086
 3  0.1226001  0.0704941  0.0870062  0.0936788  0.0798292  0.0741617  0.0833100  0.0782078  0.0750401  0.0734398  0.0785990  0.0837856  0.0779678  0.0897555  0.0907723  0.0665831  0.0709184  0.0698057  0.0635709  0.0705052  0.0771466  0.0786665  0.0792250  0.0671219  0.0800327  0.0755814  0.0735719
 4  0.0466048  0.0485276  0.0405704  0.0410079  0.0411086  0.0378069  0.0415724  0.0399918  0.0405084  0.0451336  0.0396820  0.0385226  0.0354895  0.0365378  0.0383972  0.0570296  0.0527076  0.0370077  0.0302408  0.0231593  0.0240271  0.0300350  0.0398505  0.0435151  0.0450882  0.0431853  0.0430885
 1  0.1289129  0.0908110  0.0628536  0.0544967  0.0410297  0.1111484  0.1017968  0.0843051  0.0879404  0.0731374  0.0686944  0.0745902  0.0742405  0.0771815  0.0519989  0.1195837  0.1342133  0.1984752  0.2238961  0.2089183  0.2254916  0.2965636  0.4121815  0.1963371  0.2120940  0.0976838  0.0768811
 2  0.0243850  0.0144228  0.0097538  0.0087214  0.0067361  0.0196121  0.0197845  0.0179011  0.0190577  0.0153054  0.0143228  0.0157486  0.0153257  0.0124966  0.0089007  0.0236361  0.0303986  0.0458964  0.0453633  0.0403026  0.0453792  0.0625965  0.0868769  0.0398027  0.0350290  0.0154115  0.0135587
 3  0.1195341  0.0817843  0.0791277  0.0771020  0.0759744  0.0792591  0.0706632  0.0703493  0.0678113  0.0625887  0.0749619  0.0690221  0.0723854  0.0690123  0.0621126  0.0870023  0.0850890  0.0803914  0.0852337  0.0658913  0.0731626  0.1031391  0.1084230  0.0763014  0.0769110  0.0850240  0.0831194
 4  0.0452728  0.0416123  0.0418171  0.0419324  0.0394790  0.0350017  0.0314192  0.0357102  0.0385083  0.0366543  0.0359227  0.0357771  0.0540873  0.0485290  0.0328589  0.0257035  0.0310154  0.0401259  0.0374519  0.0336684  0.0324626  0.0307039  0.0335078  0.0427164  0.0439133  0.0368036  0.0317665
 1  0.1102676  0.0449999  0.0318001  0.0624035  0.0445717  0.0787672  0.0673978  0.1569520  0.1832625  0.1957919  0.2430287  0.1397799  0.1328958  0.1839369  0.1684083  0.0967012  0.0838360  0.0923603  0.0941800  0.1159888  0.0884950  0.0710843  0.0673775  0.1064899  0.1253829  0.1052577  0.0949934
 2  0.0212429  0.0074411  0.0051548  0.0095904  0.0075334  0.0138497  0.0124605  0.0325587  0.0420129  0.0477941  0.0488233  0.0257634  0.0254262  0.0333159  0.0308199  0.0174625  0.0154473  0.0184556  0.0197055  0.0204972  0.0155339  0.0134036  0.0140349  0.0251029  0.0333163  0.0236983  0.0188014
 3  0.1019949  0.0730967  0.0907318  0.0909679  0.0775378  0.0758421  0.0671726  0.0851838  0.0813014  0.0680310  0.0673122  0.0756715  0.0698909  0.0689631  0.0802124  0.0743646  0.0692519  0.0734658  0.0687531  0.0639560  0.0637631  0.0620488  0.0605451  0.0590339  0.0562176  0.0609686  0.0701620
 4  0.0398775  0.0470859  0.0494597  0.0465946  0.0410102  0.0412030  0.0360251  0.0294375  0.0283183  0.0418895  0.0434969  0.0374778  0.0368041  0.0406492  0.0414247  0.0391019  0.0369010  0.0343378  0.0448881  0.0450043  0.0348006  0.0317144  0.0293483  0.0272689  0.0371819  0.0445838  0.0356741
 1  0.1249681  0.0679759  0.0467728  0.2084013  0.2192710  0.1532057  0.1357055  0.1951273  0.1976520  0.1338294  0.1283209  0.0821265  0.0755840  0.1284557  0.1310425  0.0828542  0.0743765  0.0932342  0.0952981  0.0587704  0.0550546  0.0880639  0.1022660  0.0690684  0.0641044  0.0728905  0.0618079
 2  0.0235296  0.0108357  0.0073647  0.0364646  0.0425781  0.0280140  0.0242829  0.0358743  0.0371874  0.0259652  0.0223232  0.0148336  0.0152272  0.0269090  0.0265703  0.0159140  0.0146769  0.0191797  0.0200961  0.0121487  0.0118909  0.0207449  0.0251112  0.0153464  0.0131959  0.0136677  0.0113360
 3  0.1159195  0.0720103  0.0800591  0.0873704  0.0822894  0.0720524  0.0784351  0.0730852  0.0784734  0.0664238  0.0763977  0.0774112  0.0774490  0.0655760  0.0698907  0.0789459  0.0690991  0.0737168  0.0672436  0.0688136  0.0771667  0.0688873  0.0632213  0.0700444  0.0782313  0.0752054  0.0748486
 4  0.0433172  0.0461404  0.0388985  0.0335013  0.0349688  0.0388704  0.0374180  0.0331870  0.0355752  0.0385195  0.0416871  0.0356828  0.0325645  0.0366426  0.0408318  0.0416559  0.0353988  0.0343175  0.0357115  0.0365164  0.0326725  0.0295106  0.0363567  0.0435635  0.0441796  0.0397825  0.0372085
 1  0.1235830  0.0585869  0.0403190  0.0868097  0.0583763  0.1123357  0.1080224  0.1746472  0.2218062  0.0697882  0.0471993  0.0770686  0.0758710  0.1221390  0.1211476  0.2231121  0.2585350  0.3784162  0.5384804  0.3738309  0.2924953  0.3157192  0.3534674  0.2121733  0.2219663  0.1103039  0.0977500
 2  0.0244388  0.0095841  0.0063807  0.0130430  0.0088861  0.0196367  0.0218489  0.0407118  0.0527270  0.0118330  0.0078951  0.0143042  0.0158695  0.0264475  0.0244247  0.0452929  0.0523185  0.0762738  0.1049202  0.0542845  0.0444172  0.0521251  0.0629933  0.0390114  0.0391348  0.0199094  0.0157143
 3  0.1139036  0.0695394  0.0784643  0.0767931  0.0802881  0.0775347  0.0734381  0.0661926  0.0712396  0.0749377  0.0770711  0.0719323  0.0663962  0.0628751  0.0651970  0.0915668  0.0930317  0.0996447  0.1052432  0.0799032  0.0803314  0.1148924  0.1119616  0.0772661  0.0745105  0.0771822  0.0854683
 4  0.0466939  0.0467400  0.0497457  0.0442244  0.0391902  0.0326003  0.0283968  0.0294101  0.0527466  0.0509522  0.0391924  0.0319541  0.0345117  0.0403436  0.0402677  0.0329384  0.0313648  0.0330933  0.0393692  0.0461346  0.0358899  0.0349513  0.0332886  0.0349416  0.0355825  0.0437107  0.0470310
 1  0.1114495  0.0533970  0.0377728  0.0581351  0.0494142  0.0391678  0.0369883  0.0724021  0.0638329  0.0481759  0.0397727  0.0845667  0.0808508  0.1146377  0.1255367  0.2030102  0.2735039  0.3134185  0.4656838  0.2446946  0.2025071  0.0587823  0.0485923  0.1282927  0.1310619  0.1204127  0.0971367
 2  0.0220729  0.0089712  0.0061190  0.0100614  0.0088676  0.0076852  0.0072360  0.0142129  0.0113329  0.0084834  0.0075735  0.0168673  0.0171495  0.0257412  0.0295902  0.0492722  0.0675578  0.0767262  0.0898956  0.0393617  0.0287884  0.0093741  0.0088236  0.0256927  0.0267156  0.0219903  0.0165909
 3  0.1026403  0.0724644  0.0853268  0.0762115  0.0782277  0.0811849  0.0740251  0.0724598  0.0709582  0.0711153  0.0618250  0.0592000  0.0586026  0.0606991  0.0605149  0.0975828  0.1049972  0.0821492  0.0778301  0.0802723  0.0826532  0.0870469  0.0817739  0.0649414  0.0731475  0.0639769  0.0771541
 4  0.0426156  0.0419810  0.0415291  0.0358035  0.0341783  0.0407511  0.0404218  0.0441745  0.0424453  0.0385622  0.0351505  0.0357587  0.0326389  0.0326483  0.0331133  0.0294041  0.0298569  0.0386640  0.0428993  0.0422840  0.0427570  0.0380384  0.0344557  0.0345739  0.0443223  0.0444650  0.0397721
 1  0.1170474  0.0604436  0.0418252  0.0496656  0.0403722  0.0554883  0.0487042  0.1702427  0.2038511  0.0452167  0.0407624  0.0818432  0.0748587  0.1465372  0.1697740  0.1832694  0.2208426  0.1502054  0.1486616  0.1513799  0.1428105  0.1142919  0.0925172  0.0679024  0.0682046  0.0626944  0.0655875
 2  0.0222378  0.0097575  0.0066638  0.0083778  0.0068318  0.0099125  0.0096254  0.0374766  0.0437898  0.0093099  0.0074988  0.0151821  0.0146112  0.0314862  0.0392785  0.0432177  0.0512269  0.0309024  0.0285416  0.0283993  0.0253310  0.0192347  0.0164927  0.0132984  0.0150281  0.0147462  0.0156771
 3  0.1084871  0.0682409  0.0790310  0.0887713  0.0868042  0.0777992  0.0762820  0.0818019  0.0804012  0.0681935  0.0731924  0.0749074  0.0655825  0.0736704  0.0602053  0.0669739  0.0718193  0.0725156  0.0779291  0.0715945  0.0687745  0.0764794  0.0804101  0.0791714  0.0665686  0.0612668  0.0614454
 4  0.0409754  0.0420840  0.0402063  0.0441598  0.0411126  0.0374470  0.0321796  0.0328488  0.0373815  0.0426784  0.0441517  0.0404792  0.0338444  0.0317591  0.0332315  0.0356460  0.0363031  0.0417353  0.0404038  0.0400298  0.0405366  0.0398008  0.0369066  0.0324250  0.0305227  0.0335635  0.0384220
 1  0.1287303  0.0575278  0.0393883  0.1354851  0.0926462  0.4016872  0.5368074  0.3648108  0.3364761  0.3658189  0.3905341  0.5660208  0.7202237  0.3980144  0.2636076  0.2361299  0.1993370  0.1123343  0.1154679  0.1019769  0.1089148  0.0557290  0.0547220  0.1447846  0.1519208  0.1619510  0.1882606
 2  0.0248432  0.0092194  0.0061568  0.0197548  0.0146815  0.0727992  0.0837617  0.0529961  0.0555532  0.0605339  0.0614606  0.0886976  0.1077013  0.0518501  0.0301604  0.0337005  0.0338913  0.0214707  0.0239854  0.0224527  0.0244342  0.0120904  0.0113533  0.0299060  0.0321245  0.0360979  0.0398620
 3  0.1190409  0.0870125  0.0812663  0.0787383  0.0829202  0.1164790  0.1200441  0.0948117  0.0792806  0.1255111  0.1323342  0.1293906  0.1290220  0.0943789  0.0944531  0.0849266  0.0778435  0.0710976  0.0683107  0.0684382  0.0675566  0.0701769  0.0710225  0.0681360  0.0651509  0.0663121  0.0773796
 4  0.0466638  0.0489234  0.0479196  0.0440093  0.0366423  0.0371584  0.0467954  0.0390336  0.0360003  0.0398246  0.0425269  0.0405622  0.0423345  0.0567165  0.0524237  0.0374676  0.0337985  0.0341478  0.0341056  0.0341787  0.0366027  0.0387467  0.0401353  0.0336095  0.0314980  0.0334502  0.0436488
 1  0.1219628  0.0647839  0.0448102  0.0596180  0.0530525  0.0735491  0.0635954  0.0755874  0.0710736  0.0984091  0.1022482  0.1560831  0.1829833  0.1256001  0.1181307  0.0730538  0.0548140  0.0826356  0.0485475  0.1485874  0.1519927  0.1853489  0.2518354  0.1556192  0.2096529  0.1345671  0.1347883
 2  0.0230466  0.0103876  0.0070695  0.0102799  0.0103530  0.0140972  0.0119642  0.0146074  0.0142790  0.0206529  0.0228245  0.0370452  0.0390334  0.0256452  0.0191041  0.0118635  0.0086989  0.0114629  0.0074237  0.0269901  0.0326256  0.0470162  0.0726189  0.0464831  0.0538204  0.0285659  0.0256189
 3  0.1131144  0.0742984  0.0786412  0.0841692  0.0814424  0.0702522  0.0700586  0.0749323  0.0704591  0.0699820  0.0625072  0.0658021  0.0684144  0.0690172  0.0754870  0.0714138  0.0732838  0.0638382  0.0482437  0.0414938  0.0426416  0.0408653  0.0484517  0.0545236  0.0599588  0.0654882  0.0752204
 4  0.0426943  0.0468104  0.0395273  0.0341535  0.0401784  0.0401827  0.0377444  0.0376996  0.0367293  0.0333732  0.0315987  0.0361969  0.0396193  0.0437771  0.0507842  0.0431568  0.0560538  0.0493103  0.0323503  0.0255619  0.0236121  0.0248557  0.0283624  0.0371982  0.0385890  0.0401320  0.0396135
 1  0.1113715  0.0545555  0.0384081  0.0636726  0.0471247  0.1170173  0.1114439  0.2246613  0.2928005  0.1181570  0.1136350  0.0606961  0.0456385  0.0901355  0.0885187  0.1387772  0.1289246  0.1357994  0.1386996  0.1570429  0.1770141  0.1785831  0.1127525  0.1222338  0.1321949  0.1061471  0.1244253
 2  0.0213932  0.0089726  0.0061802  0.0100670  0.0080214  0.0213875  0.0220332  0.0487078  0.0659581  0.0244429  0.0209624  0.0100562  0.0078793  0.0170802  0.0189226  0.0284494  0.0243527  0.0263710  0.0284145  0.0332912  0.0394305  0.0272985  0.0177604  0.0226711  0.0285390  0.0257118  0.0318556
 3  0.1030635  0.0747385  0.0788704  0.0779577  0.0779915  0.0764767  0.0733156  0.1015840  0.1099771  0.0743254  0.0693769  0.0812307  0.0812272  0.0681869  0.0658249  0.0729691  0.0686257  0.0684443  0.0713977  0.0887294  0.0841319  0.0713717  0.0699311  0.0786794  0.0739198  0.0765588  0.0716756
 4  0.0401234  0.0441388  0.0438171  0.0410095  0.0380979  0.0356143  0.0317747  0.0276779  0.0334716  0.0424120  0.0452571  0.0442366  0.0382470  0.0304032  0.0358654  0.0463175  0.0384673  0.0333184  0.0360734  0.0344205  0.0538851  0.0505197  0.0342120  0.0261917  0.0259029  0.0310463  0.0299483
 1  0.1145158  0.0382533  0.0264297  0.0461570  0.0382160  0.1664860  0.1969167  0.0862710  0.0729238  0.0855650  0.0719297  0.0611766  0.0455990  0.0845297  0.0829919  0.0560106  0.0580015  0.0701872  0.0783485  0.0908510  0.1009084  0.0976860  0.0962594  0.0967737  0.1086603  0.0427427  0.0418133
 2  0.0226344  0.0063279  0.0042635  0.0077864  0.0071651  0.0352470  0.0432152  0.0165082  0.0136524  0.0152056  0.0133278  0.0103901  0.0080398  0.0163652  0.0174186  0.0125905  0.0139540  0.0176013  0.0195753  0.0222844  0.0242151  0.0213620  0.0205109  0.0219433  0.0237829  0.0091945  0.0092642
 3  0.1056338  0.0648784  0.0724257  0.0819652  0.0835039  0.0708046  0.0742822  0.0782003  0.0699209  0.0740115  0.0769834  0.0718808  0.0689272  0.0677618  0.0619502  0.0623296  0.0646708  0.0637956  0.0590727  0.0676741  0.0619322  0.0671399  0.0745286  0.0726435  0.0669280  0.0744464  0.0752161
 4  0.0427542  0.0431232  0.0392334  0.0364752  0.0341285  0.0315557  0.0423225  0.0439750  0.0394006  0.0404981  0.0443475  0.0450201  0.0378272  0.0336466  0.0326383  0.0329691  0.0333139  0.0349539  0.0342914  0.0330293  0.0363639  0.0370936  0.0324998  0.0345581  0.0382015  0.0366085  0.0365654
 1  0.1157815  0.0385393  0.0269969  0.0561997  0.0452217  0.0954793  0.0895801  0.0718527  0.0723609  0.1087048  0.1136051  0.0702934  0.0573778  0.0620296  0.0672485  0.1046136  0.1137456  0.1014094  0.1084048  0.1075615  0.1076122  0.0371310  0.0345997  0.0643759  0.0615154  0.0910644  0.0782691
 2  0.0229241  0.0064152  0.0043423  0.0093681  0.0078874  0.0177402  0.0177491  0.0150815  0.0155737  0.0243810  0.0214668  0.0122468  0.0107814  0.0131697  0.0164493  0.0265369  0.0273429  0.0228469  0.0235263  0.0224756  0.0224255  0.0076354  0.0074642  0.0139238  0.0124595  0.0170138  0.0151241
 3  0.1066490  0.0857615  0.0751004  0.0860533  0.0846416  0.0730536  0.0689336  0.0739099  0.0710611  0.0713593  0.0660942  0.0743250  0.0745668  0.0689038  0.0599909  0.0625725  0.0669795  0.0715713  0.0731368  0.0727539  0.0711410  0.0667000  0.0768640  0.0646156  0.0678853  0.0674359  0.0701010
 4  0.0440659  0.0473101  0.0405817  0.0417734  0.0411697  0.0356946  0.0342659  0.0359220  0.0333332  0.0452874  0.0471880  0.0393105  0.0314814  0.0293222  0.0285282  0.0359674  0.0379364  0.0359236  0.0378093  0.0378235  0.0365399  0.0344815  0.0368644  0.0391896  0.0441879  0.0392443  0.0314061
 1  0.1290325  0.0541984  0.0368381  0.0504022  0.0338707  0.0905700  0.0707993  0.0970482  0.1063609  0.1029076  0.1130878  0.1451889  0.1596172  0.1008216  0.1007673  0.1506808  0.1815708  0.1771756  0.1620579  0.0678343  0.0447488  0.0462916  0.0417138  0.1058011  0.1130474  0.1659018  0.2214196
 2  0.0246445  0.0086157  0.0057489  0.0076253  0.0051701  0.0143958  0.0127259  0.0202072  0.0253810  0.0256564  0.0274195  0.0333757  0.0329015  0.0201931  0.0216979  0.0351637  0.0429043  0.0359582  0.0278912  0.0100600  0.0072868  0.0085041  0.0081942  0.0228777  0.0269361  0.0428089  0.0584358
 3  0.1195162  0.0821665  0.0783529  0.0842620  0.0826061  0.0744795  0.0709476  0.0582643  0.0641697  0.0581304  0.0588885  0.0628882  0.0664707  0.0674750  0.0722783  0.0605490  0.0637387  0.0730049  0.0775372  0.0746111  0.0707761  0.0641166  0.0602407  0.0540770  0.0576536  0.0778246  0.0763165
 4  0.0458670  0.0525221  0.0467232  0.0493351  0.0460337  0.0394493  0.0330275  0.0257078  0.0335537  0.0356582  0.0354670  0.0358903  0.0386572  0.0332222  0.0308989  0.0318671  0.0383008  0.0466368  0.0490410  0.0442419  0.0369591  0.0326195  0.0334158  0.0300823  0.0292436  0.0297402  0.0308428
 1  0.1183230  0.0454547  0.0314926  0.0954387  0.0839752  0.1088397  0.1059852  0.1159242  0.0997023  0.0589232  0.0504733  0.1287714  0.1417707  0.1506305  0.1692237  0.0986972  0.0953738  0.1462049  0.1298252  0.1121784  0.0986463  0.1368034  0.1393901  0.1228275  0.1392840  0.0678096  0.0595379
 2  0.0224026  0.0073735  0.0050170  0.0164360  0.0150700  0.0207041  0.0211947  0.0216779  0.0178660  0.0106092  0.0096339  0.0268720  0.0326374  0.0357202  0.0361590  0.0198019  0.0190296  0.0276316  0.0216695  0.0193529  0.0186242  0.0268923  0.0290966  0.0277705  0.0303513  0.0133428  0.0115269
 3  0.1097152  0.0808726  0.0809553  0.0802920  0.0764504  0.0748213  0.0761093  0.0751400  0.0694832  0.0710491  0.0790124  0.0692329  0.0696523  0.0630560  0.0690525  0.0698905  0.0740629  0.0762016  0.0675295  0.0708579  0.0709263  0.0839674  0.0790429  0.0704723  0.0675843  0.0649128  0.0668663
 4  0.0420017  0.0455357  0.0407227  0.0361079  0.0361687  0.0358042  0.0397900  0.0443503  0.0406362  0.0375851  0.0371076  0.0301825  0.0326497  0.0380571  0.0400074  0.0356114  0.0387670  0.0481225  0.0433877  0.0381751  0.0371924  0.0363217  0.0324221  0.0346093  0.0412520  0.0399862  0.0357884
 1  0.1082802  0.0611933  0.0437036  0.0502735  0.0455309  0.1503806  0.1725737  0.1080101  0.0998018  0.0555661  0.0381764  0.0852814  0.0871782  0.2019311  0.2578686  0.2132767  0.2291668  0.0489343  0.0368680  0.1155827  0.1187396  0.3031562  0.3845572  0.1873125  0.1679040  0.1819513  0.1300564
 2  0.0206362  0.0100639  0.0070483  0.0089024  0.0088001  0.0319154  0.0386312  0.0222259  0.0186204  0.0088110  0.0064304  0.0164395  0.0190454  0.0483392  0.0626391  0.0471509  0.0401206  0.0078674  0.0064144  0.0223470  0.0250571  0.0656984  0.0765050  0.0335954  0.0254320  0.0265255  0.0202231
 3  0.1003378  0.0795008  0.0814889  0.0844731  0.0805310  0.0754708  0.0632225  0.0771180  0.0722802  0.0686030  0.0754702  0.0685763  0.0688869  0.0702202  0.0638795  0.0700936  0.0755507  0.0790647  0.0889990  0.0729327  0.0664823  0.0812673  0.0894678  0.0791480  0.0712731  0.0789747  0.0741463
 4  0.0383101  0.0448533  0.0404734  0.0377193  0.0363380  0.0302309  0.0339945  0.0434879  0.0477464  0.0413685  0.0364753  0.0308646  0.0327579  0.0350883  0.0332164  0.0450878  0.0451402  0.0426226  0.0380769  0.0335254  0.0353350  0.0354097  0.0378226  0.0478802  0.0482936  0.0456279  0.0364089
 1  0.1326288  0.0640348  0.0429537  0.0752313  0.0667422  0.0830198  0.0657190  0.1557094  0.1477369  0.1939617  0.2517766  0.1039070  0.1074977  0.1084014  0.0988424  0.0931686  0.0717619  0.1028356  0.0943369  0.1617132  0.1939429  0.1902890  0.2040205  0.1129359  0.1203740  0.0814935  0.0795706
 2  0.0249980  0.0100864  0.0066892  0.0129288  0.0122106  0.0147467  0.0107929  0.0273398  0.0287364  0.0424738  0.0568331  0.0225189  0.0225529  0.0214013  0.0168569  0.0156103  0.0113088  0.0179501  0.0190377  0.0364874  0.0445581  0.0408885  0.0419931  0.0232156  0.0254126  0.0171017  0.0166611
 3  0.1230205  0.0689508  0.0841967  0.0854417  0.0797938  0.0728010  0.0763233  0.0720173  0.0723732  0.1010115  0.1052811  0.0703540  0.0692146  0.0759890  0.0718946  0.0770673  0.0752304  0.0652968  0.0654642  0.0792256  0.0779112  0.0598394  0.0658772  0.0761695  0.0640890  0.0705088  0.0698610
 4  0.0462208  0.0422052  0.0362409  0.0369956  0.0417010  0.0458107  0.0444496  0.0342283  0.0292738  0.0297639  0.0339730  0.0370544  0.0384097  0.0462610  0.0462251  0.0467180  0.0427403  0.0303726  0.0305572  0.0331890  0.0377833  0.0362105  0.0350030  0.0358106  0.0333935  0.0357132  0.0333773
 1  0.1083181  0.0627130  0.0450064  0.0348311  0.0282256  0.0650203  0.0621411  0.0915338  0.0920243  0.0487380  0.0407056  0.0712108  0.0652308  0.0698780  0.0719508  0.1001008  0.1029720  0.0748109  0.0866283  0.0853681  0.0984595  0.0495561  0.0459879  0.1023903  0.1092383  0.1086604  0.0926664
 2  0.0208560  0.0103741  0.0072736  0.0058680  0.0050433  0.0126150  0.0125073  0.0196341  0.0169142  0.0086625  0.0079079  0.0139765  0.0134491  0.0154048  0.0163546  0.0221284  0.0230558  0.0179903  0.0220412  0.0222365  0.0261930  0.0113806  0.0097499  0.0218632  0.0244457  0.0212830  0.0174601
 3  0.1001866  0.0802857  0.0800368  0.0842083  0.0784572  0.0767002  0.0756354  0.0795870  0.0682964  0.0721392  0.0728765  0.0678193  0.0605896  0.0607854  0.0625458  0.0649908  0.0646157  0.0636169  0.0611004  0.0642143  0.0607616  0.0580702  0.0738470  0.0754134  0.0757049  0.0686285  0.0772455
 4  0.0388983  0.0460569  0.0428301  0.0422675  0.0355632  0.0363809  0.0368828  0.0464352  0.0486366  0.0373191  0.0377636  0.0364881  0.0309824  0.0341616  0.0376922  0.0372277  0.0300629  0.0298629  0.0308701  0.0312412  0.0377639  0.0359782  0.0355194  0.0316642  0.0401106  0.0438055  0.0365436
 1  0.1220607  0.2406015  0.1858643  0.1404138  0.1269221  0.2402483  0.2570333  0.1972891  0.1513250  0.0987678  0.0923655  0.1448474  0.1303794  0.1477632  0.1431869  0.1030958  0.1132137  0.1196775  0.1077453  0.2452167  0.3061863  0.1647765  0.0944651  0.1234466  0.1307985  0.1481220  0.1878842
 2  0.0234936  0.0387903  0.0280577  0.0231102  0.0224968  0.0444521  0.0488279  0.0318120  0.0246625  0.0174693  0.0173435  0.0269266  0.0236646  0.0274057  0.0280456  0.0224113  0.0237000  0.0228713  0.0208738  0.0496957  0.0641089  0.0229065  0.0143512  0.0222321  0.0276680  0.0361810  0.0478860
 3  0.1129126  0.0755299  0.0813016  0.0850413  0.0825027  0.0745558  0.0703519  0.0749762  0.0797966  0.0914594  0.0770454  0.0720050  0.0740869  0.0706497  0.0735529  0.0691938  0.0637823  0.0755562  0.0804500  0.1030697  0.1102572  0.0766192  0.0809471  0.0890361  0.0790435  0.0787213  0.0764850
 4  0.0437848  0.0429371  0.0391056  0.0325775  0.0345349  0.0345195  0.0400374  0.0426182  0.0368960  0.0380177  0.0406422  0.0407672  0.0390707  0.0354028  0.0333581  0.0355159  0.0409181  0.0417289  0.0365562  0.0311782  0.0512080  0.0529836  0.0389736  0.0276972  0.0260022  0.0299659  0.0346991
 1  0.1223909  0.0296087  0.0200859  0.0363600  0.0228075  0.0869375  0.0801995  0.1041143  0.1037723  0.1469923  0.1548188  0.2939735  0.4294865  0.4730520  0.7669231  0.1981590  0.1166638  0.0340725  0.0175594  0.0452608  0.0367574  0.0942459  0.0994170  0.1485397  0.1778864  0.1226317  0.1174116
 2  0.0234945  0.0048034  0.0032105  0.0052167  0.0037079  0.0157626  0.0151785  0.0210173  0.0218997  0.0311944  0.0327882  0.0657684  0.0989530  0.0988027  0.1421624  0.0265063  0.0134967  0.0040643  0.0025981  0.0074697  0.0068673  0.0198568  0.0232716  0.0375084  0.0379379  0.0237324  0.0234356
 3  0.1132614  0.0729124  0.0826244  0.0815204  0.0779863  0.0737195  0.0704573  0.0661534  0.0655295  0.0627302  0.0683843  0.0861510  0.0837185  0.1068342  0.1043163  0.0862351  0.0783605  0.0873891  0.0870220  0.0751168  0.0674738  0.0681687  0.0589382  0.0669780  0.0651621  0.0701837  0.0692143
 4  0.0441167  0.0422972  0.0495674  0.0443469  0.0378073  0.0356457  0.0375278  0.0334433  0.0352296  0.0342209  0.0339655  0.0300440  0.0296184  0.0335121  0.0346040  0.0536976  0.0535451  0.0476047  0.0434420  0.0375603  0.0333061  0.0318446  0.0318020  0.0416703  0.0452432  0.0392619  0.0332147
 1  0.1338174  0.0140389  0.0092105  0.0435224  0.0347524  0.0490042  0.0400949  0.0529842  0.0477624  0.0502075  0.0439430  0.0534860  0.0562434  0.0826234  0.0998421  0.0734140  0.0678154  0.1421095  0.1524750  0.1412529  0.1429362  0.1081245  0.1007437  0.1387874  0.1521141  0.2447717  0.3145852
 2  0.0253898  0.0022255  0.0014489  0.0072349  0.0061082  0.0087682  0.0071236  0.0103170  0.0082144  0.0091220  0.0087819  0.0118136  0.0140393  0.0231123  0.0280277  0.0164689  0.0142821  0.0297378  0.0321718  0.0290889  0.0300678  0.0215756  0.0195095  0.0286987  0.0330255  0.0547130  0.0679618
 3  0.1239903  0.0749704  0.0808542  0.0810510  0.0762157  0.0747511  0.0758450  0.0770318  0.0657482  0.0651439  0.0565020  0.0572465  0.0581893  0.0574811  0.0544801  0.0627612  0.0667717  0.0665973  0.0602770  0.0701640  0.0725308  0.0664687  0.0674266  0.0666382  0.0675718  0.0877127  0.0985592
 4  0.0476223  0.0460345  0.0418650  0.0389854  0.0403026  0.0432330  0.0391958  0.0436988  0.0429710  0.0348950  0.0296146  0.0280825  0.0286813  0.0309691  0.0426618  0.0425814  0.0355177  0.0340481  0.0342497  0.0385862  0.0389176  0.0383080  0.0355450  0.0291171  0.0341744  0.0326555  0.0325371
 1  0.1259169  0.0450326  0.0303883  0.0404209  0.0266900  0.0868488  0.0882509  0.1427999  0.1370637  0.1353084  0.1461113  0.2132497  0.2597923  0.1204364  0.1114783  0.1367515  0.1284001  0.2423230  0.2823500  0.2461370  0.2707498  0.1263251  0.0937694  0.1214399  0.1034190  0.1097245  0.0913751
 2  0.0239017  0.0071450  0.0047877  0.0059391  0.0044505  0.0167107  0.0178207  0.0284746  0.0272599  0.0278998  0.0317396  0.0483938  0.0553922  0.0231717  0.0210996  0.0254034  0.0249959  0.0497383  0.0539758  0.0463457  0.0514597  0.0208841  0.0145861  0.0204377  0.0173660  0.0185597  0.0172834
 3  0.1166749  0.0737322  0.0755802  0.0825645  0.0736576  0.0812834  0.0678000  0.0652981  0.0666179  0.0644440  0.0713741  0.0642206  0.0688585  0.0657691  0.0766047  0.0701168  0.0723817  0.0715411  0.0683975  0.0749118  0.0824684  0.0742770  0.0783798  0.0761983  0.0703780  0.0662053  0.0667023
 4  0.0437607  0.0480153  0.0477516  0.0412464  0.0335670  0.0353839  0.0369972  0.0385430  0.0356426  0.0334299  0.0312908  0.0349382  0.0381138  0.0363652  0.0387763  0.0348251  0.0329076  0.0373818  0.0392977  0.0340287  0.0424675  0.0455985  0.0410897  0.0402958  0.0435663  0.0356649  0.0297714
 1  0.1118120  0.0964238  0.0700663  0.0616634  0.0530059  0.0957151  0.0776796  0.1658132  0.1583210  0.1960384  0.1549371  0.1210076  0.1357425  0.2052267  0.2648817  0.2192128  0.2659470  0.1135900  0.1082916  0.0727625  0.0726896  0.0955423  0.0951292  0.0667383  0.0533674  0.0555063  0.0546899
 2  0.0220355  0.0160806  0.0112073  0.0106786  0.0093554  0.0163231  0.0142406  0.0315542  0.0268256  0.0307845  0.0267965  0.0241725  0.0292399  0.0471803  0.0629176  0.0491403  0.0556657  0.0218945  0.0214931  0.0148755  0.0156202  0.0203878  0.0202520  0.0123071  0.0098368  0.0111123  0.0112464
 3  0.1031050  0.0711600  0.0809645  0.0777121  0.0729974  0.0771702  0.0789919  0.0740892  0.0739963  0.0703747  0.0664931  0.0836075  0.0819590  0.0961251  0.1083033  0.0689172  0.0702340  0.0754790  0.0874234  0.0692275  0.0687003  0.0699857  0.0624983  0.0762189  0.0768639  0.0791680  0.0679091
 4  0.0419424  0.0447829  0.0392680  0.0359637  0.0420077  0.0417632  0.0380486  0.0444165  0.0515674  0.0412574  0.0317234  0.0275237  0.0308900  0.0300697  0.0293736  0.0346413  0.0371637  0.0345732  0.0349709  0.0297846  0.0367436  0.0356541  0.0393251  0.0407388  0.0348947  0.0358672  0.0375392
 1  0.1216805  0.0775382  0.0538949  0.0624419  0.0538883  0.0805461  0.0727803  0.0708849  0.0598199  0.1295913  0.1284573  0.2202578  0.2814006  0.2302973  0.2254997  0.1926041  0.1817901  0.0878844  0.0741682  0.1200975  0.1272431  0.1717045  0.1553124  0.1833658  0.1733695  0.2220151  0.2767466
 2  0.0233076  0.0124971  0.0084831  0.0106787  0.0097522  0.0153789  0.0128506  0.0126359  0.0109159  0.0249624  0.0263826  0.0482718  0.0647106  0.0455337  0.0410132  0.0338733  0.0318164  0.0152637  0.0135718  0.0245259  0.0259907  0.0325599  0.0274803  0.0323341  0.0323581  0.0452006  0.0599190
 3  0.1125661  0.0747544  0.0880331  0.0846154  0.0824056  0.0768163  0.0727445  0.0716260  0.0701769  0.0644518  0.0681010  0.0958477  0.0950556  0.0689186  0.0742562  0.0822861  0.0696401  0.0762530  0.0717317  0.0643501  0.0707299  0.0686490  0.0768247  0.0700375  0.0728051  0.1013063  0.1053587
 4  0.0435238  0.0440932  0.0421497  0.0363166  0.0362564  0.0418987  0.0435067  0.0402258  0.0371952  0.0333967  0.0351949  0.0300582  0.0352477  0.0422710  0.0400163  0.0417114  0.0387701  0.0395800  0.0335873  0.0318395  0.0441087  0.0436332  0.0429144  0.0385521  0.0333698  0.0285425  0.0424053
 1  0.1291358  0.0481336  0.0321682  0.0558500  0.0408692  0.1407818  0.1362097  0.2070186  0.2446640  0.2048351  0.2257781  0.1453320  0.0908566  0.1196586  0.1220088  0.1336765  0.1464380  0.0702789  0.0723600  0.0687471  0.0667104  0.1081245  0.1130667  0.0856116  0.0834244  0.1263116  0.1390357
 2  0.0246433  0.0076257  0.0050464  0.0086969  0.0069607  0.0257028  0.0265341  0.0437594  0.0511092  0.0419298  0.0428944  0.0206407  0.0143993  0.0218947  0.0251958  0.0298600  0.0323719  0.0153744  0.0158007  0.0145741  0.0143408  0.0236206  0.0245389  0.0178462  0.0178270  0.0282140  0.0297620
 3  0.1195893  0.0684711  0.0850590  0.0794619  0.0824571  0.0774776  0.0687136  0.0647408  0.0772023  0.0711829  0.0757130  0.0819927  0.0812382  0.0697859  0.0704558  0.0646590  0.0596662  0.0680947  0.0664270  0.0700647  0.0654212  0.0659110  0.0739384  0.0709221  0.0644347  0.0632456  0.0712347
 4  0.0454104  0.0438151  0.0440958  0.0425478  0.0385244  0.0369078  0.0339669  0.0323732  0.0377379  0.0390545  0.0499325  0.0501383  0.0347047  0.0304558  0.0330761  0.0345339  0.0348775  0.0359535  0.0340885  0.0380255  0.0344094  0.0328400  0.0394788  0.0365115  0.0314783  0.0329449  0.0373831
 1  0.1456978  0.0688853  0.0446423  0.0963486  0.0746581  0.0926713  0.0789763  0.1681689  0.1457607  0.1739288  0.2169881  0.1355988  0.1327894  0.0864873  0.0924897  0.1226308  0.1329976  0.0976740  0.1031440  0.0897843  0.0917620  0.0626788  0.0561173  0.0383632  0.0307903  0.1014001  0.1089709
 2  0.0272533  0.0105586  0.0067882  0.0150983  0.0126950  0.0169925  0.0121672  0.0274727  0.0267640  0.0364208  0.0500718  0.0289661  0.0272467  0.0181491  0.0202589  0.0273568  0.0293173  0.0215490  0.0221767  0.0191035  0.0196887  0.0131200  0.0097843  0.0065704  0.0058708  0.0213050  0.0252870
 3  0.1352938  0.0720013  0.0836818  0.0829146  0.0919220  0.0709956  0.0715337  0.0732292  0.0637873  0.0985882  0.1024794  0.0679584  0.0710860  0.0698239  0.0703072  0.0745775  0.0694728  0.0643856  0.0772237  0.0784252  0.0692099  0.0662842  0.0706557  0.0764752  0.0773572  0.0694232  0.0641727
 4  0.0503031  0.0401281  0.0453744  0.0423246  0.0403088  0.0492929  0.0458696  0.0362607  0.0294706  0.0262665  0.0328407  0.0427916  0.0349299  0.0311724  0.0342653  0.0375135  0.0354282  0.0320499  0.0374899  0.0355763  0.0352052  0.0473310  0.0467384  0.0365257  0.0346956  0.0311087  0.0415270
 1  0.1394635  0.1067567  0.0717146  0.0979614  0.0825694  0.1307898  0.1330495  0.1427081  0.1539381  0.0953856  0.0703271  0.0964056  0.0951708  0.0928471  0.0949007  0.0871249  0.0924859  0.0546233  0.0525200  0.0952206  0.0876080  0.1211430  0.1305994  0.1135339  0.1101996  0.1519966  0.1792513
 2  0.0258566  0.0164305  0.0109048  0.0161503  0.0143008  0.0246014  0.0276164  0.0308950  0.0313241  0.0159955  0.0121720  0.0183818  0.0184886  0.0191434  0.0215103  0.0204154  0.0204369  0.0119361  0.0098743  0.0178186  0.0168876  0.0252792  0.0285685  0.0238387  0.0229876  0.0330785  0.0422973
 3  0.1297000  0.0669132  0.0690856  0.0807073  0.0724870  0.0811640  0.0722698  0.0745017  0.0756466  0.0690777  0.0778077  0.0731765  0.0762938  0.0661715  0.0743853  0.0601684  0.0640935  0.0761870  0.0746660  0.0718098  0.0653918  0.0683875  0.0685598  0.0659503  0.0647089  0.0687864  0.0704345
 4  0.0471594  0.0441677  0.0365365  0.0381271  0.0348478  0.0325285  0.0304769  0.0379256  0.0461703  0.0422171  0.0347381  0.0370699  0.0371757  0.0326822  0.0331892  0.0356986  0.0365254  0.0468149  0.0443247  0.0365681  0.0322225  0.0331890  0.0372478  0.0373731  0.0333097  0.0317714  0.0300760
 1  0.1220500  0.1105702  0.0791582  0.0919323  0.0850184  0.0815202  0.0649254  0.1301435  0.1197377  0.1235337  0.1248603  0.1475329  0.1455359  0.2818861  0.3629966  0.3555244  0.2854932  0.1493369  0.1505710  0.2157983  0.2161904  0.1184876  0.1156976  0.1931663  0.2076839  0.0949060  0.0840011
 2  0.0232430  0.0178040  0.0123605  0.0161353  0.0150833  0.0138390  0.0117603  0.0240499  0.0219415  0.0242061  0.0255164  0.0295738  0.0288034  0.0579200  0.0770641  0.0564399  0.0443150  0.0260292  0.0283935  0.0406178  0.0411147  0.0227166  0.0223391  0.0390675  0.0379520  0.0167830  0.0163361
 3  0.1131263  0.0795774  0.0774166  0.0856317  0.0805808  0.0783548  0.0757036  0.0762062  0.0709732  0.0641644  0.0750130  0.0673689  0.0711612  0.0815566  0.0947786  0.0817149  0.0885103  0.0785107  0.0765442  0.0697256  0.0776005  0.0763012  0.0754747  0.0720317  0.0685648  0.0782347  0.0772838
 4  0.0431712  0.0474368  0.0367436  0.0387335  0.0428572  0.0410197  0.0371297  0.0411536  0.0372649  0.0316261  0.0408834  0.0379591  0.0342615  0.0310255  0.0421031  0.0486569  0.0385098  0.0317670  0.0368730  0.0377924  0.0372032  0.0361694  0.0375818  0.0381252  0.0416431  0.0363197  0.0340538
 1  0.1033990  0.1104242  0.0824485  0.1014918  0.0788533  0.1505975  0.1251735  0.0952465  0.1016036  0.0631525  0.0643248  0.1037889  0.1143679  0.0350243  0.0349199  0.1174824  0.1274531  0.1693259  0.2000526  0.1842100  0.1816796  0.1576235  0.1533966  0.1012204  0.0942649  0.0386508  0.0297293
 2  0.0201090  0.0185609  0.0133155  0.0162908  0.0128545  0.0246380  0.0221952  0.0190254  0.0230545  0.0148451  0.0147001  0.0237396  0.0250929  0.0077318  0.0075287  0.0259614  0.0285416  0.0387680  0.0444313  0.0369108  0.0337855  0.0290730  0.0285818  0.0195070  0.0167034  0.0065300  0.0054459
 3  0.0955240  0.0705758  0.0797330  0.0910957  0.0870691  0.0761997  0.0711386  0.0724653  0.0679996  0.0622824  0.0714828  0.0698374  0.0670081  0.0687456  0.0681001  0.0659338  0.0710327  0.0690804  0.0754419  0.0707279  0.0849959  0.0781364  0.0747468  0.0768496  0.0713022  0.0757605  0.0742607
 4  0.0379955  0.0439947  0.0449996  0.0453998  0.0459368  0.0391491  0.0324694  0.0301428  0.0325083  0.0349163  0.0341689  0.0355635  0.0358159  0.0366311  0.0360540  0.0322830  0.0350510  0.0325094  0.0417107  0.0382429  0.0419406  0.0361536  0.0358791  0.0419289  0.0444952  0.0390192  0.0351911
 1  0.1289827  0.0726700  0.0492744  0.0401670  0.0229786  0.0864883  0.0899094  0.1287161  0.0869329  0.1029127  0.0960062  0.1104725  0.1279473  0.1348430  0.1557546  0.1739335  0.1770104  0.1228969  0.0885589  0.1043321  0.1012546  0.1103966  0.1202157  0.1189498  0.1434703  0.1749049  0.2244176
 2  0.0254748  0.0117440  0.0077087  0.0053898  0.0035828  0.0161657  0.0196598  0.0221645  0.0138349  0.0182200  0.0188561  0.0246612  0.0326619  0.0350582  0.0360245  0.0353996  0.0346264  0.0199641  0.0145597  0.0191544  0.0207660  0.0244140  0.0280824  0.0291107  0.0361626  0.0441849  0.0526567
 3  0.1188967  0.0602372  0.0824698  0.0822824  0.0824468  0.0765670  0.0681595  0.0619011  0.0658676  0.0575839  0.0547031  0.0696358  0.0663872  0.0672390  0.0789284  0.0671966  0.0688930  0.0694163  0.0650294  0.0608328  0.0545061  0.0746640  0.0740082  0.0751109  0.0727631  0.0850408  0.0891848
 4  0.0485996  0.0418995  0.0554887  0.0463546  0.0366783  0.0285718  0.0476985  0.0521065  0.0412718  0.0306936  0.0280876  0.0281617  0.0290428  0.0365799  0.0377996  0.0396653  0.0449906  0.0456702  0.0366536  0.0311265  0.0318612  0.0307914  0.0276009  0.0299968  0.0290544  0.0306060  0.0396371
 1  0.1303734  0.1043272  0.0732090  0.2013895  0.1903925  0.1302214  0.1263954  0.1429218  0.1236363  0.1086178  0.1004627  0.1139882  0.1301167  0.1292917  0.0970184  0.1098887  0.0978519  0.1798281  0.2287425  0.2786006  0.1642369  0.1445966  0.1457120  0.1971237  0.2336751  0.1476885  0.1807205
 2  0.0246442  0.0165740  0.0113221  0.0334321  0.0343330  0.0251438  0.0212917  0.0242291  0.0215926  0.0196393  0.0197383  0.0250436  0.0311570  0.0247716  0.0149399  0.0183232  0.0187380  0.0398848  0.0557758  0.0408895  0.0237032  0.0247257  0.0296250  0.0436233  0.0528963  0.0345590  0.0410894
 3  0.1208495  0.0818324  0.0843058  0.0851620  0.0823242  0.0767249  0.0802371  0.0861283  0.0756209  0.0768725  0.0690927  0.0701625  0.0677992  0.0612353  0.0742406  0.0768754  0.0669695  0.0740350  0.0768119  0.0671035  0.0702407  0.0635434  0.0542058  0.0823858  0.0923035  0.0659743  0.0630673
 4  0.0458997  0.0509015  0.0426775  0.0373453  0.0331528  0.0403876  0.0464741  0.0381720  0.0383175  0.0359254  0.0309643  0.0294177  0.0441878  0.0546649  0.0445012  0.0365087  0.0299513  0.0262743  0.0563319  0.0609705  0.0368058  0.0286804  0.0286923  0.0306653  0.0304195  0.0321569  0.0350937
 1  0.1268093  0.0785731  0.0544988  0.0677576  0.0585844  0.1056735  0.0976311  0.1631496  0.1844737  0.0884025  0.0655825  0.0975898  0.1024045  0.1141610  0.1211246  0.1694071  0.1732582  0.1399529  0.1370858  0.2329243  0.2982547  0.1521328  0.1528417  0.1182526  0.0738399  0.1635812  0.1722533
 2  0.0247688  0.0127079  0.0084919  0.0115552  0.0104801  0.0195637  0.0191457  0.0345025  0.0382963  0.0149999  0.0115617  0.0191993  0.0216484  0.0254414  0.0262095  0.0351222  0.0318077  0.0257817  0.0275634  0.0502826  0.0641446  0.0305561  0.0293370  0.0172675  0.0116364  0.0296010  0.0346469
 3  0.1170336  0.0842200  0.0837600  0.0828803  0.0688351  0.0744191  0.0725625  0.0728409  0.0671541  0.0768759  0.0776645  0.0770647  0.0697606  0.0668855  0.0694941  0.0718505  0.0739188  0.0757254  0.0719532  0.0951104  0.0774548  0.0738072  0.0765984  0.0723660  0.0781867  0.0814046  0.0751232
 4  0.0472314  0.0477511  0.0402608  0.0378828  0.0349320  0.0364417  0.0319097  0.0348182  0.0448460  0.0462778  0.0362065  0.0324053  0.0319973  0.0368856  0.0378076  0.0401044  0.0401043  0.0350878  0.0307013  0.0340346  0.0337579  0.0370082  0.0525312  0.0464345  0.0370554  0.0337741  0.0372983
 1  0.1361934  0.0865866  0.0581249  0.0767195  0.0643858  0.1472304  0.1355795  0.1531259  0.1065055  0.1123926  0.1143565  0.0904004  0.0807898  0.0996784  0.0997361  0.1382761  0.1732495  0.2309498  0.2938948  0.0998336  0.0942098  0.1135758  0.1055929  0.2413190  0.1798613  0.1826247  0.1943071
 2  0.0264105  0.0137034  0.0089305  0.0126613  0.0116930  0.0270626  0.0251738  0.0237039  0.0171044  0.0204457  0.0239558  0.0186933  0.0151538  0.0195303  0.0211228  0.0328288  0.0445945  0.0585329  0.0617478  0.0189511  0.0167829  0.0208957  0.0200559  0.0377188  0.0292838  0.0329909  0.0371031
 3  0.1257440  0.0691267  0.0663567  0.0843643  0.0787136  0.0719071  0.0798790  0.0782310  0.0800345  0.0905274  0.0824148  0.0625791  0.0673929  0.0646589  0.0609074  0.0664140  0.0603354  0.0766011  0.0880057  0.0859548  0.0727732  0.0715033  0.0741938  0.0890784  0.0836716  0.1047475  0.1033601
 4  0.0501259  0.0438433  0.0370137  0.0363485  0.0353316  0.0381976  0.0475222  0.0485828  0.0402191  0.0312550  0.0347903  0.0431573  0.0402986  0.0312631  0.0280146  0.0299177  0.0312128  0.0390487  0.0400348  0.0424466  0.0388439  0.0361326  0.0484731  0.0464514  0.0335992  0.0298060  0.0340493
 1  0.1185326  0.0608623  0.0420080  0.0324816  0.0279120  0.1339225  0.1438404  0.0822148  0.0563673  0.1151499  0.1159865  0.1077403  0.1118530  0.1416991  0.1582466  0.2560825  0.3059339  0.1046272  0.0870005  0.1179566  0.1233633  0.1025406  0.1010296  0.1963798  0.2424566  0.2045669  0.1811784
 2  0.0227503  0.0098581  0.0066877  0.0055874  0.0054124  0.0284088  0.0289307  0.0132329  0.0093741  0.0215414  0.0228866  0.0226543  0.0240142  0.0312634  0.0344627  0.0559640  0.0554225  0.0173142  0.0160633  0.0237315  0.0253169  0.0211016  0.0218473  0.0445576  0.0526212  0.0372166  0.0322764
 3  0.1096772  0.0670203  0.0779037  0.0808641  0.0803437  0.0689083  0.0655986  0.0752526  0.0774803  0.0727052  0.0716260  0.0731111  0.0706733  0.0659448  0.0690747  0.0658727  0.0732833  0.0785215  0.0741343  0.0762727  0.0640107  0.0631340  0.0687020  0.0639544  0.0724617  0.0724469  0.0792739
 4  0.0422451  0.0422273  0.0397361  0.0351526  0.0332115  0.0367234  0.0493734  0.0476062  0.0378752  0.0334346  0.0375305  0.0389360  0.0354186  0.0330429  0.0350442  0.0402439  0.0435338  0.0372869  0.0335101  0.0372250  0.0359240  0.0335509  0.0324998  0.0329317  0.0451673  0.0418057  0.0367074
 1  0.1320631  0.0507212  0.0338911  0.0347730  0.0176942  0.0923316  0.0911184  0.0782492  0.0838427  0.1257365  0.1444810  0.1629865  0.1673720  0.1071349  0.1008668  0.1437192  0.1534352  0.1003683  0.0969356  0.0572056  0.0569306  0.0282839  0.0254266  0.0699895  0.0667018  0.1300876  0.1346477
 2  0.0255619  0.0080471  0.0052875  0.0043109  0.0026858  0.0166834  0.0189251  0.0182566  0.0196353  0.0295762  0.0344245  0.0356975  0.0328189  0.0202605  0.0199926  0.0296149  0.0328308  0.0208219  0.0199441  0.0122273  0.0115948  0.0056672  0.0053402  0.0146446  0.0139001  0.0272503  0.0293982
 3  0.1220465  0.0725200  0.0810198  0.0833554  0.0767160  0.0665165  0.0582988  0.0584570  0.0626963  0.0637703  0.0649703  0.0698508  0.0750810  0.0751926  0.0710838  0.0686320  0.0665968  0.0680075  0.0782958  0.0649555  0.0669520  0.0648085  0.0696396  0.0676679  0.0668435  0.0676401  0.0682715
 4  0.0476083  0.0467595  0.0615951  0.0496355  0.0364770  0.0291593  0.0299689  0.0329234  0.0369808  0.0309698  0.0336407  0.0441162  0.0449045  0.0371146  0.0337812  0.0336894  0.0378375  0.0372634  0.0367989  0.0344306  0.0417350  0.0356828  0.0344107  0.0388575  0.0371533  0.0353133  0.0359299
 1  0.1123856  0.0467873  0.0331488  0.0965886  0.0947724  0.2189057  0.1935246  0.1757156  0.1512435  0.1833871  0.1914924  0.0852404  0.0885387  0.1420717  0.1446237  0.2059522  0.2106235  0.1216795  0.1095475  0.1293474  0.1223394  0.1651404  0.1617402  0.1936630  0.2028842  0.2805704  0.3513201
 2  0.0216566  0.0077500  0.0053669  0.0175587  0.0188685  0.0410896  0.0288028  0.0282548  0.0249297  0.0331729  0.0384475  0.0182845  0.0183784  0.0287536  0.0297481  0.0404746  0.0392868  0.0219043  0.0210402  0.0246469  0.0241841  0.0322043  0.0315590  0.0376272  0.0403458  0.0574800  0.0732247
 3  0.1039106  0.0780281  0.0737634  0.0790174  0.0796475  0.0772083  0.0816949  0.0735471  0.0795591  0.0856166  0.0846850  0.0823742  0.0837011  0.0668893  0.0699253  0.0712217  0.0692366  0.0692492  0.0739219  0.0720169  0.0690711  0.0642316  0.0655594  0.0721137  0.0611177  0.0688917  0.0764075
 4  0.0408804  0.0466295  0.0351503  0.0335689  0.0346875  0.0554402  0.0468606  0.0384557  0.0388704  0.0305636  0.0303744  0.0352487  0.0386852  0.0361539  0.0348920  0.0385406  0.0408152  0.0382111  0.0378915  0.0384275  0.0363505  0.0365709  0.0360591  0.0387092  0.0319320  0.0335841  0.0400242
