2019 2020 2021 2022 2023 2024 2025 2026 2027 2028 2029 2030 2031 2032 2033 2034 2035 2036 2037 2038 2039 2040 2041 2042 2043 2044 2045
 0.3673849  0.2200660  0.1894599  0.2559178  0.1664815  0.2422522  0.1842822  0.3273420  0.3567811  0.4217500  0.5505213  0.3441321  0.3394730  0.3965365  0.4521365  0.5937096  0.6015931  0.3943275  0.4222338  0.2084755  0.1699251  0.2228748  0.1886980  0.3103473  0.2680084  0.4274133  0.4709447
 0.3556829  0.1824824  0.1681141  0.2515659  0.2230722  0.2601871  0.2360797  0.2978286  0.2881300  0.2887800  0.2868450  0.1982769  0.2038092  0.1961406  0.2050006  0.2041435  0.1997732  0.2022187  0.1859475  0.6392389  0.9554121  0.7776399  1.0313515  0.4377426  0.4621284  0.2433704  0.2292528
 0.3445536  0.2405924  0.2110511  0.2105235  0.1876041  0.4768888  0.5547208  0.3732720  0.3654193  0.3037388  0.3098368  0.3941308  0.4040531  0.2477243  0.2178356  0.3616630  0.3604031  0.3659705  0.3767495  0.3299199  0.3053390  0.4706455  0.6300182  0.3357191  0.2856589  0.2718266  0.2462919
 0.3456866  0.1562749  0.1549993  0.2465194  0.2172734  0.2545947  0.2321337  0.2179271  0.1919493  0.1684045  0.1546283  0.1797334  0.1574651  0.1780991  0.1760492  0.2228138  0.2328681  0.3238166  0.3749810  0.3217712  0.3247577  0.3542561  0.3435531  0.3685068  0.4524778  0.3625978  0.4040272
 0.3468916  0.1870178  0.1764552  0.2142695  0.1724654  0.3191775  0.2941913  0.5954213  0.7176507  0.9307591  1.5371111  0.5655204  0.4582652  0.2323330  0.1990778  0.4208253  0.4452313  0.5365149  0.6330922  0.2714092  0.2412964  0.4711188  0.5396931  0.7469688  1.2899651  0.3084406  0.2703858
 0.3375950  0.2395208  0.2070122  0.2874301  0.2308925  0.3554951  0.3979603  0.3422357  0.3107714  0.2922305  0.2736708  0.2036698  0.2158181  0.2984549  0.3053963  0.3486187  0.3940398  0.3139605  0.3340762  0.2219328  0.2317334  0.2849202  0.2326580  0.4217729  0.4881925  0.2154187  0.1894239
 0.3801714  0.2470693  0.2142491  0.1901268  0.1744085  0.2032715  0.2060148  0.2274122  0.2350815  0.2528137  0.2964422  0.2834523  0.2390099  0.1988747  0.1794513  0.3964805  0.4518382  0.3705862  0.3450881  0.2036107  0.1722004  0.1961986  0.1748772  0.2821888  0.3039597  0.2568742  0.2868448
 0.3679856  0.1520688  0.1286532  0.1493257  0.1360861  0.2162801  0.2193963  0.4263995  0.3912534  0.2670834  0.2425303  0.4570792  0.5443668  0.3923802  0.4736815  0.3243194  0.2643290  0.3294317  0.2778504  0.7312933  0.9584454  0.7744705  1.2948110  0.3180634  0.2978944  0.2345035  0.1944355
 0.3617941  0.2475346  0.1956484  0.3553271  0.3329952  0.3614023  0.3703144  0.1954454  0.1786731  0.2253146  0.1914995  0.2824084  0.3024203  0.2895746  0.3267160  0.2649250  0.3208350  0.2316937  0.2383898  0.2081737  0.2110024  0.2100758  0.2285420  0.2133858  0.1513298  0.1675195  0.1551282
 0.3826794  0.2424421  0.2125467  0.2076393  0.1660156  0.1955772  0.2001670  0.2491368  0.2743261  0.2715209  0.2869586  0.2561271  0.2715721  0.2972170  0.2644596  0.2662134  0.2275532  0.3220938  0.3187303  0.3254879  0.3944087  0.6355133  0.8752001  0.3520912  0.3266318  0.2695367  0.2559687
 0.3431245  0.1685137  0.1508382  0.1881092  0.1612819  0.2250577  0.2192759  0.2675528  0.2727543  0.2925673  0.3175344  0.3343057  0.2618510  0.3580500  0.3378089  0.3086844  0.3113590  0.3404805  0.3572494  0.2537959  0.2598833  0.3689881  0.4177354  0.3240865  0.3445927  0.4563378  0.5530564
 0.3845243  0.2134298  0.1813770  0.2300088  0.1924575  0.3006246  0.3095785  0.3932414  0.4835263  0.3994774  0.3820702  0.2579478  0.2097761  0.2555515  0.2471393  0.3703883  0.4423307  0.4619342  0.5311922  0.3032292  0.2722803  0.2780099  0.2840239  0.3746862  0.2970755  0.3750389  0.3730529
 0.4042364  0.2069983  0.1821276  0.1947133  0.1788146  0.1940429  0.1688864  0.1580226  0.1592935  0.2698018  0.3288494  0.4095477  0.4493615  0.4355458  0.4786796  0.2788987  0.2739232  0.3725266  0.3064436  0.2388837  0.2315055  0.2811612  0.2803996  0.5341300  0.6253561  0.3893163  0.2838954
 0.3845102  0.2489159  0.2123910  0.3516145  0.3188944  0.4293526  0.3744458  0.6089416  0.6661423  0.4984811  0.5013475  0.4469431  0.3796459  0.4533890  0.4994687  0.3526669  0.3230029  0.2127795  0.1966239  0.2352953  0.1975418  0.3672027  0.4666042  0.3880772  0.4876129  0.3228487  0.3259361
 0.4295039  0.2278167  0.2238937  0.2314695  0.1935820  0.2182409  0.1989711  0.2118803  0.2348169  0.3530392  0.4213513  0.1724140  0.1534960  0.2388876  0.2423506  0.2221166  0.2558348  0.3523916  0.4157432  0.3912308  0.3805066  0.2584039  0.2540542  0.1955395  0.2036654  0.2422949  0.2285788
 0.3912276  0.2200954  0.1985864  0.2077353  0.1825091  0.3524608  0.3432571  0.4636491  0.4508033  0.4395893  0.4012486  0.3596987  0.3521490  0.3938350  0.4248185  0.3139213  0.2553684  0.2095969  0.1753861  0.2400635  0.2699232  0.4436872  0.6429731  0.5235134  0.5511218  0.3660264  0.3267018
 0.3789167  0.2511387  0.2077273  0.1964242  0.1755459  0.2801137  0.2517859  0.2300419  0.2366241  0.2063629  0.2137596  0.2144459  0.2379772  0.2259611  0.1684306  0.2938562  0.3220018  0.4459904  0.4961832  0.4280099  0.4694128  0.6739022  1.0170914  0.4336455  0.4515921  0.2627377  0.2288844
 0.3164474  0.1840590  0.1878063  0.2275604  0.1847374  0.2341093  0.2017567  0.3596577  0.4006586  0.4224542  0.5144833  0.3255186  0.3057623  0.3947207  0.3848780  0.2571012  0.2294210  0.2446674  0.2533635  0.2793279  0.2250341  0.1956967  0.1855471  0.2395437  0.2753409  0.2652649  0.2471796
 0.3640976  0.2116206  0.1852285  0.4537731  0.4731243  0.3443642  0.3211663  0.4102136  0.4277246  0.3046656  0.3110836  0.2350887  0.2218142  0.2946388  0.3104441  0.2469398  0.2139544  0.2466974  0.2435403  0.1928336  0.1920787  0.2261208  0.2486949  0.2182113  0.2206224  0.2240659  0.2041025
 0.3651112  0.1972934  0.1837380  0.2387974  0.2008529  0.2763209  0.2611396  0.3638686  0.4936987  0.2265090  0.1856457  0.2164395  0.2101903  0.2860199  0.2882216  0.4968038  0.5685701  0.8813902  1.5396531  0.7765976  0.5917723  0.7243084  0.8217526  0.4495341  0.4623461  0.2857161  0.2755677
 0.3234829  0.1898147  0.1827982  0.1970214  0.1866651  0.1828318  0.1718772  0.2247413  0.2070563  0.1808581  0.1548289  0.2172710  0.2073126  0.2618353  0.2796072  0.4672201  0.6312742  0.6964968  1.1255932  0.5104902  0.4227304  0.2115357  0.1899779  0.2898026  0.3187816  0.2864612  0.2600378
 0.3374752  0.1927959  0.1786256  0.2087808  0.1904540  0.1985936  0.1812462  0.3830260  0.4513008  0.1780875  0.1801866  0.2377876  0.2084568  0.3289907  0.3531427  0.3911138  0.4704788  0.3481034  0.3489955  0.3425055  0.3224843  0.2846766  0.2556768  0.2130108  0.1946216  0.1839601  0.1938201
 0.3806015  0.2179844  0.1825165  0.3118863  0.2535637  0.9828391  1.5074316  0.7784632  0.7020745  0.8872835  0.9677058  1.6993457  4.2502538  0.8307793  0.4971137  0.4830108  0.4210531  0.2715244  0.2743616  0.2537267  0.2669184  0.1916024  0.1936399  0.3215941  0.3266092  0.3475282  0.4264007
 0.3542913  0.2110262  0.1814089  0.2076036  0.2020217  0.2197618  0.2016954  0.2257545  0.2122218  0.2491892  0.2431813  0.3410357  0.3984974  0.3018087  0.2981311  0.2169499  0.2038146  0.2150963  0.1433425  0.2771765  0.2848341  0.3421097  0.4874989  0.3261028  0.4381452  0.3103115  0.3213268
 0.3198878  0.1956852  0.1769981  0.2090693  0.1861269  0.2875466  0.2710278  0.5101654  0.6877656  0.2976384  0.2839475  0.2146063  0.1887241  0.2296461  0.2297851  0.3355152  0.3008450  0.3053048  0.3180982  0.3728989  0.4247441  0.3800650  0.2631515  0.2863197  0.2971030  0.2659745  0.2892592
 0.3329194  0.1604592  0.1492605  0.1876842  0.1773248  0.3581386  0.4343837  0.2540232  0.2162168  0.2414082  0.2285643  0.2062819  0.1738567  0.2248930  0.2141246  0.1754052  0.1803224  0.1992692  0.2051174  0.2343221  0.2461435  0.2505276  0.2511729  0.2503153  0.2682277  0.1759004  0.1744907
 0.3381536  0.1901864  0.1542104  0.2119852  0.1958582  0.2501017  0.2349043  0.2165786  0.2111990  0.2802364  0.2838849  0.2167964  0.1908692  0.1873879  0.1815334  0.2523868  0.2768417  0.2599109  0.2746709  0.2731330  0.2689924  0.1568133  0.1663134  0.1979311  0.2040145  0.2411941  0.2159976
 0.3802713  0.2109521  0.1751237  0.2025056  0.1758222  0.2433475  0.2070595  0.2220472  0.2521326  0.2437271  0.2614905  0.3195781  0.3516142  0.2495925  0.2522632  0.3187652  0.3863335  0.4020464  0.3733226  0.2090891  0.1718193  0.1633816  0.1541412  0.2362153  0.2507746  0.3680013  0.4730552
 0.3425564  0.1909632  0.1675033  0.2572123  0.2369378  0.2735056  0.2757597  0.2957661  0.2566828  0.1953824  0.1931213  0.2917690  0.3168805  0.3310318  0.3751682  0.2523064  0.2556767  0.3511588  0.3004085  0.2736435  0.2539159  0.3327091  0.3257488  0.2892302  0.3227022  0.2049329  0.1902371
 0.3085766  0.2118204  0.1856619  0.1991959  0.1868042  0.3361011  0.3627113  0.2868675  0.2687437  0.1860962  0.1689500  0.2232739  0.2284095  0.4291195  0.5288223  0.4647517  0.4894993  0.1923230  0.1858945  0.2786941  0.2782203  0.6584381  0.8846307  0.4225693  0.3605092  0.3890364  0.2973571
 0.3916163  0.1969773  0.1810163  0.2347724  0.2218656  0.2408070  0.2158748  0.3403389  0.3243711  0.4511976  0.5865121  0.2632048  0.2690722  0.2873948  0.2625443  0.2593857  0.2195449  0.2431164  0.2325611  0.3649436  0.4303158  0.3933178  0.4239676  0.2827370  0.2757947  0.2271550  0.2209090
 0.3095393  0.2166246  0.1877566  0.1806968  0.1587044  0.2101647  0.2060170  0.2650367  0.2545131  0.1816377  0.1717915  0.2092329  0.1850342  0.1951109  0.2045392  0.2510803  0.2458490  0.1999792  0.2153306  0.2185960  0.2405750  0.1663854  0.1788952  0.2605782  0.2801990  0.2769229  0.2528859
 0.3563299  0.4962397  0.3959649  0.3270643  0.3085185  0.4992149  0.5342913  0.4184555  0.3422558  0.2806491  0.2562267  0.3333954  0.3095637  0.3293751  0.3245602  0.2563092  0.2742383  0.3001386  0.2807183  0.5578009  0.7446222  0.3523900  0.2531896  0.3034853  0.3016138  0.3367296  0.4138195
 0.3577839  0.1561813  0.1601069  0.1716568  0.1510567  0.2371314  0.2265282  0.2528071  0.2539414  0.3191647  0.3396851  0.6380090  1.0093626  1.2385722        NaN  0.4112331  0.2475244  0.1604069  0.1563120  0.1793860  0.1552482  0.2381518  0.2339349  0.3356662  0.3930733  0.2946264  0.2769685
 0.3974204  0.1404381  0.1376060  0.1847085  0.1696549  0.1915886  0.1763906  0.2000397  0.1782231  0.1728779  0.1483095  0.1599549  0.1639860  0.2029839  0.2408712  0.2155515  0.2019909  0.3155344  0.3239463  0.3255232  0.3310078  0.2660376  0.2519221  0.3030764  0.3337644  0.5377577  0.7151461
 0.3676888  0.1831409  0.1641337  0.1774853  0.1476811  0.2467880  0.2346793  0.3204501  0.3087522  0.3003753  0.3249664  0.4400657  0.5446216  0.2809793  0.2835539  0.3100601  0.2978953  0.5083117  0.5861759  0.5115199  0.5890119  0.3045606  0.2517896  0.2955033  0.2644333  0.2600190  0.2287794
 0.3237930  0.2535897  0.2201727  0.2039286  0.1931207  0.2606835  0.2330653  0.3765952  0.3660790  0.4057890  0.3273194  0.2936162  0.3218240  0.4686731  0.6154719  0.4595170  0.5565123  0.2810797  0.2889280  0.2050053  0.2119485  0.2482661  0.2409850  0.2172949  0.1916849  0.1985307  0.1859300
 0.3546661  0.2269694  0.2080338  0.2139537  0.2004145  0.2391853  0.2237068  0.2158008  0.1954081  0.2897242  0.2961800  0.4962673  0.6353840  0.4882597  0.4770518  0.4292558  0.3863144  0.2456300  0.2140084  0.2726093  0.3092987  0.3787638  0.3580342  0.3905904  0.3727730  0.5028681  0.6521789
 0.3799165  0.1764669  0.1745470  0.2009205  0.1832012  0.3287731  0.3070759  0.4232472  0.5256518  0.4382707  0.4950133  0.3327173  0.2462563  0.2758192  0.2852374  0.2995682  0.3159444  0.2076493  0.2057888  0.2105497  0.1969420  0.2587633  0.2853346  0.2353345  0.2171217  0.2837869  0.3223876
 0.4387626  0.2027970  0.1899800  0.2643954  0.2460530  0.2567915  0.2253396  0.3604202  0.3080941  0.4043761  0.5049825  0.3198520  0.3079244  0.2277770  0.2409299  0.2992602  0.3073596  0.2395728  0.2715876  0.2496241  0.2402302  0.2060301  0.1993911  0.1704669  0.1601326  0.2496650  0.2653744
 0.4139543  0.2561327  0.2016227  0.2620601  0.2273425  0.3125270  0.3026441  0.3324208  0.3630793  0.2480273  0.2156857  0.2530921  0.2567749  0.2349681  0.2482398  0.2217205  0.2375868  0.2055136  0.1995494  0.2491072  0.2250961  0.2818804  0.3032943  0.2734474  0.2612853  0.3322412  0.3800920
 0.3554158  0.2863897  0.2249465  0.2624298  0.2508078  0.2395241  0.2087042  0.3154590  0.2869008  0.2774932  0.3068855  0.3303154  0.3269914  0.5989881  0.8481711  0.7644989  0.6000453  0.3349057  0.3438950  0.4514326  0.4637525  0.2914422  0.2880377  0.4154080  0.4383935  0.2555250  0.2362518
 0.2944503  0.2739367  0.2428178  0.2872701  0.2496105  0.3398319  0.2881149  0.2426673  0.2488040  0.1878708  0.2011206  0.2603467  0.2742211  0.1569472  0.1568806  0.2729162  0.2994044  0.3641574  0.4431349  0.3987657  0.4178916  0.3566568  0.3451770  0.2711134  0.2545990  0.1721813  0.1555089
 0.3842375  0.1997431  0.2034917  0.1729848  0.1542676  0.2318476  0.2454088  0.3015115  0.2276801  0.2341760  0.2187323  0.2603294  0.2850446  0.3092806  0.3637325  0.3785510  0.3897119  0.2923076  0.2265560  0.2418965  0.2309272  0.2708735  0.2823488  0.2847882  0.3208872  0.3967452  0.5115952
 0.3842294  0.2825411  0.2302600  0.4388229  0.4144441  0.3146241  0.3166012  0.3412442  0.2983532  0.2750719  0.2475487  0.2682601  0.3078253  0.3101210  0.2525751  0.2746340  0.2387717  0.3796003  0.5169146  0.5522164  0.3370411  0.3021875  0.2949103  0.4313650  0.5202527  0.3223759  0.3797834
 0.3754776  0.2443442  0.2008611  0.2212204  0.1887218  0.2685253  0.2489226  0.3601720  0.4028242  0.2533466  0.2110413  0.2546509  0.2528368  0.2739947  0.2911599  0.3773635  0.3833440  0.3228968  0.3088312  0.5256335  0.6363528  0.3455793  0.3670746  0.2781263  0.2199745  0.3674969  0.3806300
 0.4085333  0.2309697  0.1804519  0.2334228  0.2094220  0.3335471  0.3353449  0.3507658  0.2756184  0.2931025  0.2900724  0.2394523  0.2271489  0.2413275  0.2325920  0.3028929  0.3577518  0.5050334  0.6586958  0.2817310  0.2508198  0.2759105  0.2810817  0.5226803  0.3910150  0.4295309  0.4584765
 0.3436765  0.1921659  0.1772385  0.1664815  0.1576940  0.3074807  0.3350561  0.2390766  0.1976767  0.2766641  0.2834824  0.2743984  0.2743949  0.3131499  0.3484902  0.5336804  0.6476503  0.2686300  0.2355924  0.2917892  0.2838491  0.2474253  0.2506525  0.4050279  0.5258665  0.4384189  0.3983617
 0.3922435  0.1878805  0.1839580  0.1617520  0.1391019  0.2282198  0.2179021  0.2021389  0.2227631  0.2827308  0.3167148  0.3709124  0.3844651  0.2733196  0.2541665  0.3200621  0.3392048  0.2552307  0.2622056  0.1818064  0.1938043  0.1436884  0.1427119  0.2102213  0.2021183  0.2994016  0.3079002
 0.3238730  0.1919388  0.1564681  0.2561690  0.2560122  0.4929632  0.4152441  0.3740975  0.3464598  0.4033456  0.4205323  0.2460781  0.2590030  0.3183929  0.3247305  0.4385369  0.4445149  0.2882604  0.2756533  0.3064110  0.2881936  0.3530066  0.3477659  0.4175392  0.4078920  0.5777222  0.7706501
