FL 2019 2020 2021 2022 2023 2024 2025 2026 2027 2028 2029 2030 2031 2032 2033 2034 2035 2036 2037 2038 2039 2040 2041 2042 2043 2044 2045
 1    4109.00    3559.25    3559.25    3436.82    3436.82    6957.72    6957.72   13706.15   13706.15   11778.23   11778.23    4747.51    4747.51    5361.97    5361.97    6804.80    6804.80    3608.22    3608.22    1193.81    1193.81    2298.45    2298.45    6273.96    6273.96   12264.71   12264.71
 2     783.00     677.95     677.95     654.63     654.63    1325.28    1325.28    2610.70    2610.70    2243.47    2243.47     904.29     904.29    1021.33    1021.33    1296.15    1296.15     687.28     687.28     227.39     227.39     437.80     437.80    1195.04    1195.04    2336.14    2336.14
 3    3537.00    5154.76    4927.02    3418.80    2643.95    6080.65    8080.63    9799.48    6601.82    5059.25    3298.97    1924.29    2082.23    2499.96    1624.03    1606.01    1606.01     890.03     995.26     863.71    1158.76    1719.09    2068.07    2702.56    2548.86    3151.35    2503.16
 4    1379.00    1681.34    1302.57    2182.72    3238.13    4451.94    2706.54    2525.26    1378.32    1261.15    1218.69    1320.31    1067.46     983.35     835.82     988.34     988.34     717.04     847.26    1403.81    1401.25    1849.06    1654.32    2363.69    2074.30    1981.18    1199.19
 1    4109.00    3542.15    3542.15    5635.01    5635.01    4633.40    4633.40    5246.01    5246.01    5556.94    5556.94    3137.90    3137.90    3362.44    3362.44    3059.83    3059.83    4601.52    4601.52   21181.31   21181.31   12564.09   12564.09    5448.37    5448.37    1991.68    1991.68
 2     783.00     674.70     674.70    1073.34    1073.34     882.55     882.55     999.24     999.24    1058.46    1058.46     597.70     597.70     640.46     640.46     582.82     582.82     876.48     876.48    4034.54    4034.54    2393.16    2393.16    1037.78    1037.78     379.37     379.37
 3    3537.00    4345.02    5136.96    3359.31    2867.85    2699.43    3120.70    2419.50    2427.70    2268.39    2958.89    2081.89    2411.41    2086.00    2654.84    2652.51    2373.54    2843.96    3586.51    4123.42    3149.23    1646.76    1599.02    1175.28    1175.28     627.99     881.01
 4    1379.00    1328.00    1263.81    1215.86    1095.92    1341.51    1578.30    1459.73    1569.55    1459.63    1331.05    1397.15    1191.18    1402.19    1429.01    1591.92    2586.44    2789.63    2319.36    1962.69    1604.46    1114.32     960.63     716.97     716.97     744.93     864.60
 1    4109.00    5205.35    5205.35    5129.59    5129.59   11334.25   11334.25    5857.70    5857.70    4268.88    4268.88    5422.96    5422.96    2626.93    2626.93    6401.47    6401.47    6504.50    6504.50    5496.41    5496.41    8560.86    8560.86    3722.80    3722.80    4942.94    4942.94
 2     783.00     991.50     991.50     977.06     977.06    2158.90    2158.90    1115.75    1115.75     813.12     813.12    1032.94    1032.94     500.37     500.37    1219.33    1219.33    1238.95    1238.95    1046.94    1046.94    1630.64    1630.64     709.10     709.10     941.51     941.51
 3    3537.00    4941.71    4891.34    2785.50    3070.87    3821.00    2874.88    1725.44    1751.25    2144.92    1829.93    1725.55    1701.32    1603.57    1748.42    1637.85    1440.74    1689.93    1540.32    1881.16    1979.04    1873.47    1395.16    1136.10    1143.22    1726.18    2376.37
 4    1379.00    1354.01    1462.81    1608.38    1452.56    1342.81    1181.46    1225.52    1209.19    1007.83     902.95    1072.40    1157.77    1114.64    1157.59    1260.61    1176.91    1312.70    1313.48    1299.93     966.30     906.19    1082.47    1599.99    1864.38    1622.06    1277.75
 1    4109.00    1691.38    1691.38    6525.29    6525.29    5029.33    5029.33    2334.49    2334.49    2314.62    2314.62    4104.41    4104.41    5037.65    5037.65    6387.61    6387.61   10087.77   10087.77    7177.63    7177.63   10066.98   10066.98   10167.70   10167.70    6649.10    6649.10
 2     783.00     322.17     322.17    1242.91    1242.91     957.97     957.97     444.66     444.66     440.88     440.88     781.79     781.79     959.55     959.55    1216.69    1216.69    1921.48    1921.48    1367.17    1367.17    1917.52    1917.52    1936.70    1936.70    1266.50    1266.50
 3    3537.00    2920.86    3621.09    6404.97    5850.86    2921.59    2812.16    2833.32    2829.90    2633.38    4039.73    5121.12    5302.53    5790.80    5479.75    4891.54    4495.31    4128.60    3859.93    2567.32    2050.92    2821.83    2605.85    2942.22    2761.37    1949.10    1389.55
 4    1379.00    1539.17    1669.72    1247.06    1134.13    1065.14    1120.93    1450.98    2076.73    2362.32    2481.36    2883.05    2401.17    2184.48    1867.29    1821.64    1859.75    1751.20    1727.14    1842.76    2351.01    2196.97    1641.27    1298.73    1085.82     962.62     940.55
 1    4109.00    3185.03    3185.03    4063.75    4063.75    8264.72    8264.72   17799.01   17799.01   17320.84   17320.84    4264.26    4264.26    2952.64    2952.64    9328.70    9328.70    8866.24    8866.24    4108.57    4108.57    9035.80    9035.80   10007.84   10007.84    1920.53    1920.53
 2     783.00     606.67     606.67     774.05     774.05    1574.23    1574.23    3390.29    3390.29    3299.21    3299.21     812.24     812.24     562.41     562.41    1776.90    1776.90    1688.81    1688.81     782.58     782.58    1721.10    1721.10    1906.26    1906.26     365.82     365.82
 3    3537.00    5047.88    5379.44    3160.15    2995.87    3970.87    4774.02    4021.09    3647.42    2221.79    2114.07    1510.11    1106.23    1734.79    2560.65    3119.57    2851.75    2322.32    1845.16    1383.53    2100.07    1908.75    1768.75    1424.51    1424.51    1424.51     447.64
 4    1379.00    1297.89    1388.46    1691.23    1885.79    2061.13    2182.98    1830.70    1916.94    1456.92    1004.78     972.08    1555.90    1762.04    1783.57    1543.13    1105.32    1121.62    1591.07    1637.55    1351.05    1079.45     874.40     725.24     725.24     725.24    1025.62
 1    4109.00    6033.26    6033.26    7369.36    7369.36    6423.65    6423.65    3539.38    3539.38    5392.00    5392.00    3423.42    3423.42    5533.84    5533.84    6688.37    6688.37    4117.81    4117.81    2114.57    2114.57    3905.75    3905.75    8894.42    8894.42    3015.47    3015.47
 2     783.00    1149.19    1149.19    1403.69    1403.69    1223.55    1223.55     674.17     674.17    1027.05    1027.05     652.08     652.08    1054.06    1054.06    1273.98    1273.98     784.34     784.34     402.78     402.78     743.95     743.95    1694.18    1694.18     574.38     574.38
 3    3537.00    5056.64    5308.93    4384.91    5087.36    2366.86    2498.72    1403.56    1632.83    2846.05    3198.73    2291.50    2379.27    2013.07    2089.32    1935.62    1546.79    1409.05    1624.19     993.96    1398.64    1527.19    1809.59    2331.31    2018.34    1806.69    1891.33
 4    1379.00    1443.56    1514.79    1264.97    1130.72     942.99    1049.90    1391.51    1902.55    1620.86    1223.89    1001.58    1210.26    1146.75    1184.72    1018.54     777.49     753.19     803.71     804.25    1359.70    1715.69    1536.10    1317.75    1485.77    1621.53    1385.11
 1    4109.00    5621.15    5621.15    2926.31    2926.31    3256.18    3256.18    3188.72    3188.72    2946.17    2946.17    2364.05    2364.05    2113.19    2113.19    8651.87    8651.87    5036.72    5036.72    2927.69    2927.69    5064.91    5064.91   11529.67   11529.67    8089.62    8089.62
 2     783.00    1070.70    1070.70     557.39     557.39     620.22     620.22     607.38     607.38     561.18     561.18     450.30     450.30     402.51     402.51    1647.98    1647.98     959.38     959.38     557.66     557.66     964.74     964.74    2196.13    2196.13    1540.88    1540.88
 3    3537.00    4544.74    4890.24    2820.55    3522.33    3315.33    3171.47    2262.17    1816.43    1816.43    1548.55    1419.34    1017.70    1507.31    1875.30    2522.60    1913.61    1771.26    1311.90    1396.53    2554.09    3767.59    4010.64    4895.19    4879.19    4761.68    3445.31
 4    1379.00    1412.02    1432.33    1520.46    1304.69     931.15     774.52     784.70     685.88     685.88     676.48    1317.04    1453.32    1379.94    1106.22    1121.53     789.28    1090.07    2142.19    2529.82    2707.74    3191.67    2825.91    2323.07    1957.49    1539.50    1147.66
 1    4109.00     949.87     949.87    1333.33    1333.33    3762.53    3762.53    9920.53    9920.53    6927.23    6927.23   15359.19   15359.19    8316.00    8316.00    3940.86    3940.86    9948.71    9948.71   24331.69   24331.69   15077.37   15077.37    3618.38    3618.38    2840.84    2840.84
 2     783.00     180.93     180.93     253.97     253.97     716.67     716.67    1889.62    1889.62    1319.47    1319.47    2925.56    2925.56    1584.00    1584.00     750.64     750.64    1894.99    1894.99    4634.61    4634.61    2871.88    2871.88     689.22     689.22     541.11     541.11
 3    3537.00    2457.12    3176.32    5022.46    5693.76    3150.10    2866.30    3154.63    4155.26    2989.05    4771.96    4246.27    3816.29    1969.81    1693.67    1453.26    1425.91    2015.55    2995.33    4036.30    3254.89    2369.86    2067.92    1286.36    1258.99    1227.39    1677.91
 4    1379.00    1304.02    1296.84     924.30     952.44    1108.27    1856.34    2100.17    2486.62    2528.96    2653.05    1872.17    1342.68     966.55     898.29    1484.86    3006.13    3475.46    2722.59    2788.43    2073.46    1288.84    1115.30    1004.27    1268.69    1711.04    2451.62
 1    4109.00    5379.53    5379.53    8957.72    8957.72    5165.62    5165.62    1303.30    1303.30    5594.36    5594.36   11095.39   11095.39    8801.10    8801.10    4937.86    4937.86    2525.29    2525.29    2364.52    2364.52    2705.01    2705.01    3743.59    3743.59    9003.92    9003.92
 2     783.00    1024.67    1024.67    1706.23    1706.23     983.93     983.93     248.25     248.25    1065.59    1065.59    2113.41    2113.41    1676.40    1676.40     940.54     940.54     481.01     481.01     450.38     450.38     515.24     515.24     713.06     713.06    1715.03    1715.03
 3    3537.00    4683.70    5466.84    5199.23    3688.78    1525.87    2110.05    1420.19    1937.73    3159.40    4864.11    5833.61    4579.79    4481.24    3369.84    2255.65    1810.14    1345.89    1800.35    1897.55    1940.42    1641.90    1876.89    2325.50    2698.15    5408.00    7827.58
 4    1379.00    1475.96    1329.29    1089.96    1041.52    1000.20    1342.73    1918.79    2695.02    2835.72    2389.08    2166.48    1635.58    1415.81    1013.83     798.92     759.20    1027.24     996.50    1075.25    1255.69    1166.14    1906.73    4513.31    5543.25    5234.10    3857.32
 1    4109.00    5736.19    5736.19    4125.66    4125.66    4040.19    4040.19    4408.40    4408.40    3676.60    3676.60    3409.10    3409.10    3712.63    3712.63    5042.73    5042.73   10022.63   10022.63    8802.95    8802.95   10772.45   10772.45    3021.94    3021.94    2927.23    2927.23
 2     783.00    1092.61    1092.61     785.84     785.84     769.56     769.56     839.70     839.70     700.30     700.30     649.35     649.35     707.17     707.17     960.52     960.52    1909.07    1909.07    1676.75    1676.75    2051.90    2051.90     575.61     575.61     557.57     557.57
 3    3537.00    4217.16    4603.10    2583.82    3357.09    4495.40    3761.03    3328.42    2445.24    2055.30    1631.10    1971.87    1878.97    1538.75    1686.35    2419.90    2419.76    3565.52    2984.43    3439.88    2480.04    1713.77    1098.27     673.85     830.12     814.05    1176.60
 4    1379.00    1338.57    1426.77    1964.06    1741.82    1149.90     917.26     912.28     885.03     989.32    1100.68     943.96     990.72    1476.42    1949.99    2680.10    2564.53    2157.28    1445.30    1163.12     888.56     907.14     772.15     787.88    1049.59    1084.84    1038.95
 1    4109.00    2409.79    2409.79    3407.25    3407.25    5170.24    5170.24    6189.41    6189.41    5397.08    5397.08    4671.74    4671.74   10055.43   10055.43    9656.72    9656.72    9927.92    9927.92    5383.22    5383.22    7695.53    7695.53    5546.31    5546.31    6663.43    6663.43
 2     783.00     459.01     459.01     649.00     649.00     984.81     984.81    1178.94    1178.94    1028.02    1028.02     889.86     889.86    1915.32    1915.32    1839.38    1839.38    1891.03    1891.03    1025.38    1025.38    1465.82    1465.82    1056.44    1056.44    1269.22    1269.22
 3    3537.00    2311.09    3226.16    3365.51    3477.68    3748.12    3651.04    3881.80    3523.02    2621.52    2131.26    2282.72    2198.46    3869.69    3503.74    3868.74    4527.59    4242.31    3596.40    2531.98    2691.37    2465.04    2035.49    1802.32    1681.87    1558.91    1232.79
 4    1379.00    1353.75    1484.60    1413.78    1453.80    1498.39    1641.01    1306.79    1116.42    1071.87    1206.22    1969.85    2215.79    2664.65    2309.97    2044.97    2024.77    1881.78    1715.89    1464.42    1281.57    1137.99    1248.65    1046.46     901.84     861.13    1486.83
 1    4109.00    3878.03    3878.03    5500.57    5500.57    6407.94    6407.94    5890.04    5890.04    3720.02    3720.02    3049.66    3049.66    7663.19    7663.19   13173.01   13173.01   10874.09   10874.09    4953.56    4953.56    6118.73    6118.73   10464.76   10464.76   15004.84   15004.84
 2     783.00     738.67     738.67    1047.73    1047.73    1220.56    1220.56    1121.91    1121.91     708.58     708.58     580.89     580.89    1459.66    1459.66    2509.14    2509.14    2071.26    2071.26     943.54     943.54    1165.47    1165.47    1993.29    1993.29    2858.06    2858.06
 3    3537.00    4030.61    4871.21    3271.64    3361.64    3208.87    2729.48    2190.67    1694.76    1092.69    1228.72    1801.72    2800.63    4307.97    4924.74    4957.61    4086.65    3374.13    2475.05    1708.73    2002.40    2591.73    2505.22    2721.98    2800.39    4372.77    4229.47
 4    1379.00    1314.87    1438.09    1500.02    1329.91    1062.54     716.92     678.82     791.32     930.57    1651.96    2293.18    2911.21    2937.35    2214.90    1698.11    1359.20    1455.72    1389.42    1681.82    2119.62    1930.34    2249.56    3392.36    3217.19    3505.55    3031.61
 1    4109.00    4081.77    4081.77    2702.70    2702.70    3026.56    3026.56    2423.19    2423.19    5245.09    5245.09    5486.71    5486.71    5003.46    5003.46    2494.80    2494.80    4354.81    4354.81    3545.39    3545.39    5062.13    5062.13    9111.10    9111.10    6635.71    6635.71
 2     783.00     777.48     777.48     514.80     514.80     576.49     576.49     461.56     461.56     999.06     999.06    1045.09    1045.09     953.04     953.04     475.20     475.20     829.49     829.49     675.31     675.31     964.22     964.22    1735.45    1735.45    1263.94    1263.94
 3    3537.00    3828.83    3911.20    2418.73    2570.83    3155.37    4695.35    3571.19    3571.19    3190.75    2319.54    1771.35    1236.63    1133.51    1032.13     886.07    1115.70     951.11    1264.69    1507.55    2067.75    2201.18    2197.04    1693.44    1354.27    1317.92    1790.76
 4    1379.00    1099.77    1149.28    1111.41    1699.39    1707.88    1704.58    1268.50    1268.50     673.26     789.71     900.96     834.75     776.61     742.33     677.32     816.53    1300.22    1637.88    1289.10    1104.63     946.28    1008.71    1027.98    1701.52    2801.75    2917.92
 1    4109.00    5537.53    5537.53    9625.77    9625.77    6584.89    6584.89   10538.22   10538.22    6229.61    6229.61    7291.75    7291.75    9711.70    9711.70    5855.85    5855.85    3254.33    3254.33    6342.34    6342.34   15213.66   15213.66    9134.66    9134.66    4466.15    4466.15
 2     783.00    1054.77    1054.77    1833.48    1833.48    1254.26    1254.26    2007.28    2007.28    1186.59    1186.59    1388.90    1388.90    1849.85    1849.85    1115.40    1115.40     619.87     619.87    1208.06    1208.06    2897.84    2897.84    1739.94    1739.94     850.70     850.70
 3    3537.00    4336.22    4849.54    4707.25    3739.40    1652.91    2059.66    5281.59    4127.62    1424.32    1431.99    1793.01    2564.93    2924.99    2752.96    1724.90    1261.34    1803.37    2746.46    3057.38    4186.71    4363.87    4240.09    2379.33    2230.55    1422.30    1276.54
 4    1379.00    1251.25    1230.83    1119.59    1084.43    1372.27    1632.35    1452.29     952.57    1225.89    1850.10    2074.64    1796.85    1444.02    1160.77    1357.67    1576.91    1963.48    2915.03    2867.34    2730.37    1779.49    1373.34     932.28     954.64     936.52     739.28
 1    4109.00    4914.76    4914.76    4643.56    4643.56    3815.20    3815.20    3730.19    3730.19    4212.52    4212.52    1183.18    1183.18    6699.46    6699.46    5366.13    5366.13    6866.24    6866.24    5669.20    5669.20    3535.22    3535.22    2100.71    2100.71    3696.00    3696.00
 2     783.00     936.14     936.14     884.49     884.49     726.70     726.70     710.51     710.51     802.38     802.38     225.37     225.37    1276.09    1276.09    1022.12    1022.12    1307.86    1307.86    1079.85    1079.85     673.38     673.38     400.14     400.14     704.00     704.00
 3    3537.00    3527.69    4159.09    4257.61    4946.22    3124.65    3558.35    3558.35    3558.35    3558.35    1199.91     828.71    1594.18    4152.41    4548.87    4357.72    4092.54    2276.84    1460.03    1499.28    1459.17    1548.04    1587.11    1784.69    1811.55    1902.50    2098.47
 4    1379.00    1100.81    1206.81    1421.16    1733.12    1455.68    1022.33    1022.33    1022.33    1022.33    1351.95    2134.16    2518.77    1952.73    1352.43    1013.18     911.46     950.11    1082.29    1248.90    1338.43    1087.84    1007.30    1007.29    1363.95    1525.37    1845.15
 1    4109.00    4494.80    4494.80    2860.24    2860.24    7035.80    7035.80    8866.24    8866.24    7661.81    7661.81    7757.44    7757.44    8192.65    8192.65    5591.59    5591.59    6637.55    6637.55   12066.05   12066.05   17305.60   17305.60   11495.02   11495.02    8241.16    8241.16
 2     783.00     856.15     856.15     544.81     544.81    1340.15    1340.15    1688.81    1688.81    1459.39    1459.39    1477.61    1477.61    1560.50    1560.50    1065.06    1065.06    1264.30    1264.30    2298.30    2298.30    3296.30    3296.30    2189.53    2189.53    1569.74    1569.74
 3    3537.00    4410.09    4666.19    2554.84    2636.90    5519.06    4954.61    3059.60    2906.46    2115.02    2293.08    2674.23    3211.11    3159.90    3081.85    2113.47    2122.35    2875.38    4605.83    5905.02    6141.46    4807.70    3129.72    2309.31    1994.07    1763.92    2443.11
 4    1379.00    1420.44    1250.98    1167.85    1200.78    1433.92    1497.79    1616.97    1601.97    1833.75    2050.59    1872.45    1519.92    1403.00    1606.27    2074.04    4203.90    4636.17    3837.50    2901.69    1976.70    1402.93    1588.91    1765.20    2256.08    2102.80    3098.72
 1    4109.00    5696.92    5696.92    3487.64    3487.64    5788.40    5788.40    3715.87    3715.87    2924.92    2924.92    3281.59    3281.59    4075.30    4075.30   11439.58   11439.58   14056.81   14056.81   13288.97   13288.97   14160.76   14160.76    4673.59    4673.59    2749.82    2749.82
 2     783.00    1085.13    1085.13     664.31     664.31    1102.55    1102.55     707.78     707.78     557.13     557.13     625.06     625.06     776.25     776.25    2178.97    2178.97    2677.49    2677.49    2531.23    2531.23    2697.29    2697.29     890.21     890.21     523.78     523.78
 3    3537.00    4407.69    4526.41    2661.86    2902.74    3687.18    3341.55    2833.84    2880.97    2475.54    2670.83    2604.72    2202.32    2332.10    2821.64    4365.47    5183.92    4004.46    3045.60    2588.16    2571.64    2345.07    2017.45    1127.50    1049.70     832.10    1284.49
 4    1379.00    1326.16    1246.46    1335.14    1694.48    1642.94    1146.67    1170.41    1246.95    1389.02    1403.17    1363.01    2016.08    3471.65    2983.28    2487.99    2035.72    2170.37    2349.95    2049.06    1508.16    1142.37     925.56     749.86    1171.39    1132.98    1092.67
 1    4109.00    3259.87    3259.87    5313.00    5313.00    5549.54    5549.54    9860.47    9860.47    7425.26    7425.26    4250.40    4250.40    6531.29    6531.29    4032.80    4032.80    4915.22    4915.22    6450.91    6450.91    5953.33    5953.33    8878.72    8878.72    6285.05    6285.05
 2     783.00     620.93     620.93    1012.00    1012.00    1057.06    1057.06    1878.18    1878.18    1414.34    1414.34     809.60     809.60    1244.06    1244.06     768.15     768.15     936.23     936.23    1228.74    1228.74    1133.97    1133.97    1691.18    1691.18    1197.15    1197.15
 3    3537.00    3368.50    3336.64    4219.87    4185.07    4088.86    4529.25    5153.26    4094.32    2842.32    2165.63    1485.53    1960.49    2195.34    2155.55    1725.95    1976.04    2342.78    2512.07    2384.37    2906.59    3872.23    4196.81    4239.90    4374.80    3236.37    2361.07
 4    1379.00    1585.50    1615.12    2102.43    1889.79    2018.42    1874.41    1311.04     914.83     923.10    1216.41    1172.87    1161.48    1493.56    1637.67    1796.58    1563.76    1572.21    1773.36    3033.43    2955.71    2963.79    2125.39    1530.45    1484.65    2199.01    2217.25
 1    4109.00    4582.58    4582.58   12915.67   12915.67    3389.69    3389.69    2728.57    2728.57    2479.09    2479.09    2572.88    2572.88    4404.25    4404.25    2884.27    2884.27    3738.50    3738.50    2343.26    2343.26    3457.61    3457.61    2197.27    2197.27    2634.79    2634.79
 2     783.00     872.87     872.87    2460.13    2460.13     645.66     645.66     519.73     519.73     472.21     472.21     490.07     490.07     838.90     838.90     549.38     549.38     712.10     712.10     446.34     446.34     658.59     658.59     418.53     418.53     501.86     501.86
 3    3537.00    4905.32    4709.07    5169.49    3122.76    3122.76    1104.98     814.25    1011.37    1339.53    1287.57    1577.30    1792.34    1722.84    1397.96    1556.92    1481.41    1524.10    1826.13    1981.29    1847.85    1973.03    1831.73    1745.23    1395.99    1725.57    1953.08
 4    1379.00    1424.50    1237.59     858.05     624.71     624.71     717.43     731.54     751.61     801.51    1107.33    1020.14     784.89     903.86    1010.43    1216.79     978.01     973.29    1033.39    1130.99     980.89     681.12     753.21     921.78    1137.52    1446.48    1607.23
 1    4109.00    3646.57    3646.57    6404.71    6404.71    6827.44    6827.44    7581.42    7581.42    1544.00    1544.00    4361.74    4361.74    7133.28    7133.28   14200.96   14200.96   17029.78   17029.78    7531.99    7531.99    9501.95    9501.95    4396.85    4396.85    2378.84    2378.84
 2     783.00     694.58     694.58    1219.94    1219.94    1300.46    1300.46    1444.08    1444.08     294.10     294.10     830.81     830.81    1358.72    1358.72    2704.94    2704.94    3243.77    3243.77    1434.66    1434.66    1809.90    1809.90     837.50     837.50     453.11     453.11
 3    3537.00    2518.89    2805.53    5118.04    5844.88    8111.25    6781.85    5376.74    3548.11    1658.79    2987.25    4710.62    5305.07    4760.03    4461.06    4726.86    5001.12    3631.28    2271.26    1112.39    1293.51    1678.37    1376.31     657.68    1018.41     912.95    1000.33
 4    1379.00    1325.57    1352.07    1758.89    2002.51    1760.90     993.85     734.32    1163.05    1958.94    2128.09    1830.23    1582.08    1879.07    2171.68    2015.50    1816.67    1259.18    1103.69    1396.25    1269.57    1077.33     908.68     673.99     679.66     834.15    1226.49
 1    4109.00    3838.30    3838.30    4128.89    4128.89    1893.28    1893.28    3031.64    3031.64    2784.47    2784.47    6723.49    6723.49    9285.74    9285.74   12607.06   12607.06    9553.24    9553.24    4877.80    4877.80    2051.28    2051.28    5569.41    5569.41    5452.52    5452.52
 2     783.00     731.10     731.10     786.46     786.46     360.62     360.62     577.46     577.46     530.38     530.38    1280.66    1280.66    1768.71    1768.71    2401.34    2401.34    1819.66    1819.66     929.10     929.10     390.72     390.72    1060.84    1060.84    1038.58    1038.58
 3    3537.00    4925.74    4973.28    5126.36    5102.02    3072.37    3020.00    3006.59    3775.10    4398.02    5609.52    6200.02    6295.62    6613.74    5896.48    3677.96    3034.18    2423.58    1272.38     701.44     827.94     929.96    1541.65    2146.42    2046.88    1848.47    1952.63
 4    1379.00    1251.05    1286.36    1127.29    1113.69    1175.42    1378.72    1526.92    2239.73    2658.95    2484.29    2624.71    2292.84    1959.57    1573.87    1259.15     865.62     818.55     910.52     976.94    1439.61    1348.97    1328.47    1277.33    1378.21    1933.27    2537.20
 1    4109.00    4263.80    4263.80    3693.69    3693.69    3229.38    3229.38    8538.22    8538.22    1510.74    1510.74    3952.41    3952.41    8249.47    8249.47    7413.71    7413.71    4089.62    4089.62    4407.48    4407.48    4262.87    4262.87    3528.29    3528.29    3058.90    3058.90
 2     783.00     812.15     812.15     703.56     703.56     615.12     615.12    1626.33    1626.33     287.76     287.76     752.84     752.84    1571.33    1571.33    1412.14    1412.14     778.98     778.98     839.52     839.52     811.98     811.98     672.06     672.06     582.65     582.65
 3    3537.00    4946.05    5891.52    3202.29    3855.84    3578.17    4044.11    4257.33    2844.02    2020.81    2010.05    2676.44    3618.27    3670.20    3220.46    2447.28    1961.02    1376.91    1130.08    1048.98    1189.40    1523.73    2064.68    2339.08    2250.66    2593.37    2253.15
 4    1379.00    1521.43    1575.94    1411.23    1721.03    1541.65    1278.13    1108.72    1113.70    1299.79    1888.47    1870.13    1674.89    1204.58    1006.43     887.46     820.12     961.64     997.33    1076.61    1239.27    1573.22    1693.75    1245.06    1031.51    1103.62    1137.59
 1    4109.00    3623.00    3623.00    8893.50    8893.50   19732.94   19732.94    9495.95    9495.95    9745.43    9745.43   16090.54   16090.54    7598.05    7598.05   12020.32   12020.32    6105.33    6105.33    5155.92    5155.92    2497.57    2497.57    6945.71    6945.71    6637.55    6637.55
 2     783.00     690.10     690.10    1694.00    1694.00    3758.66    3758.66    1808.75    1808.75    1856.27    1856.27    3064.86    3064.86    1447.25    1447.25    2289.58    2289.58    1162.92    1162.92     982.08     982.08     475.73     475.73    1322.99    1322.99    1264.30    1264.30
 3    3537.00    4720.10    4566.35    5483.95    5820.20    6136.78    3495.63    3827.75    4401.73    2283.98    2210.29    2306.12    2091.12     992.12    1382.97    2161.07    3325.02    2513.70    2178.28    2238.04    2392.85    2124.97    2377.29    2106.43    2295.39    2032.65    1839.47
 4    1379.00    1302.66    1418.78    1818.58    1585.99    1468.32    1822.41    1739.40    1197.99    1329.93    1619.73    1406.28    1321.31    1735.40    2938.52    2689.17    2015.66    1507.81    1352.17    1297.03    1213.65    1220.79    1425.07    1248.33    1112.74     912.57    1127.92
 1    4109.00    4445.36    4445.36    4141.37    4141.37    3056.13    3056.13    2973.89    2973.89    3872.02    3872.02    5534.76    5534.76    3717.71    3717.71    3387.85    3387.85    7972.27    7972.27   32756.26   32756.26   31731.09   31731.09   12269.33   12269.33    6431.04    6431.04
 2     783.00     846.74     846.74     788.83     788.83     582.12     582.12     566.46     566.46     737.53     737.53    1054.24    1054.24     708.14     708.14     645.30     645.30    1518.53    1518.53    6239.29    6239.29    6044.02    6044.02    2337.02    2337.02    1224.96    1224.96
 3    3537.00    4544.95    5209.65    3456.63    3325.87    2522.42    2702.24    2960.08    2921.38    2260.25    2650.40    2109.29    2026.89    1243.91    1245.08    1506.84    2979.73    4134.21    5303.40    8486.48   10869.05    8511.61    6483.09    4589.66    2721.42    2270.32    2121.39
 4    1379.00    1365.11    1232.26    1237.15    1086.49    1072.59    1143.27    1263.00    1222.76     984.40     957.84     856.22     974.85    1176.13    1840.28    2373.61    4736.13    9002.22    8765.35    7061.04    4757.12    2398.59    1781.29    1384.69    1554.72    1835.20    1995.28
 1    4109.00    3956.57    3956.57    4954.03    4954.03    6787.70    6787.70    9216.90    9216.90    2528.06    2528.06    1859.55    1859.55    4546.54    4546.54    6704.08    6704.08    7806.41    7806.41    8253.17    8253.17    8023.09    8023.09   10350.65   10350.65    6925.84    6925.84
 2     783.00     753.63     753.63     943.62     943.62    1292.90    1292.90    1755.60    1755.60     481.54     481.54     354.20     354.20     866.01     866.01    1276.97    1276.97    1486.94    1486.94    1572.03    1572.03    1528.21    1528.21    1971.55    1971.55    1319.21    1319.21
 3    3537.00    5811.11    5646.88    5770.45    6029.12    3948.84    3536.17    3397.23    2438.23    1679.43    1364.12    1088.44    1793.57    2456.18    2552.24    2599.58    2189.12    2176.21    2828.51    2324.89    2372.20    2307.19    1891.34    3525.54    4230.50    3729.36    2807.38
 4    1379.00    1568.20    1499.80    1709.73    1499.96    1671.47    1275.18     935.38     769.92     910.38    1113.93    1640.58    1614.22    1475.54    1373.89    1973.07    1925.07    1646.57    1527.64    1352.29    1681.34    3560.93    2849.76    2235.02    1597.97    1377.05     960.51
 1    4109.00    2627.39    2627.39    3680.75    3680.75    7787.93    7787.93    2556.25    2556.25    2825.13    2825.13    2837.14    2837.14    6363.59    6363.59    4173.25    4173.25    4626.01    4626.01    4879.18    4879.18    4431.97    4431.97    4198.66    4198.66    1685.84    1685.84
 2     783.00     500.46     500.46     701.10     701.10    1483.42    1483.42     486.90     486.90     538.12     538.12     540.41     540.41    1212.11    1212.11     794.90     794.90     881.14     881.14     929.37     929.37     844.18     844.18     799.74     799.74     321.11     321.11
 3    3537.00    2948.07    3578.54    3683.32    3615.93    3311.02    2500.08    1383.36    1457.03    1779.30    2238.13    2079.87    2262.44    3941.31    3627.17    3751.75    3840.62    3387.88    3069.54    2601.16    2245.10    2302.98    2247.98    1895.06    2251.82    1985.62    1823.78
 4    1379.00    1472.89    1445.87    1281.83    1136.57     761.54     801.08    1004.62    1119.74    1444.97    1582.73    2523.16    2590.17    2493.40    1938.69    1838.21    1687.05    1280.27    1188.62    1129.63    1161.15    1316.25    1240.47     961.99    1079.72    1084.39     940.85
 1    4109.00    2562.71    2562.71    4261.95    4261.95    5845.69    5845.69    3225.22    3225.22    4028.18    4028.18    3282.05    3282.05    3841.07    3841.07    5445.13    5445.13    4461.07    4461.07    4253.17    4253.17    1469.16    1469.16    2708.71    2708.71    4693.92    4693.92
 2     783.00     488.14     488.14     811.80     811.80    1113.46    1113.46     614.33     614.33     767.27     767.27     625.15     625.15     731.63     731.63    1037.17    1037.17     849.73     849.73     810.13     810.13     279.84     279.84     515.94     515.94     894.08     894.08
 3    3537.00    2828.27    3024.66    3317.18    3655.35    3278.75    3673.44    2531.67    2018.53    2305.51    2135.44    1753.64    2430.96    3025.24    3149.68    2569.91    2301.57    1717.18    1978.17    1864.02    1717.51    1722.00    1857.46    2207.24    1941.11    2045.52    2322.69
 4    1379.00    1335.09    1357.79    1326.13    1523.33    1186.30    1262.47    1001.38     947.47    1187.21    1900.92    2081.85    1747.32    1448.24    1041.57    1154.77    1217.41    1067.68    1100.10    1057.47    1056.96    1127.10     974.29    1193.94    1440.73    1888.49    1694.15
 1    4109.00    3336.56    3336.56    3708.94    3708.94    6897.20    6897.20    7525.98    7525.98    5521.36    5521.36    6398.70    6398.70    4108.10    4108.10    5808.73    5808.73    5343.95    5343.95    2840.84    2840.84    3644.26    3644.26    9766.68    9766.68   12153.37   12153.37
 2     783.00     635.54     635.54     706.46     706.46    1313.75    1313.75    1433.52    1433.52    1051.69    1051.69    1218.80    1218.80     782.50     782.50    1106.42    1106.42    1017.90    1017.90     541.11     541.11     694.14     694.14    1860.32    1860.32    2314.93    2314.93
 3    3537.00    2255.10    3019.56    3327.26    3809.84    4665.65    5423.10    6448.06    5357.36    3426.76    3102.34    2355.56    2454.87    1938.00    2087.10    2026.54    1518.51    1598.93    1219.76    1490.60    2219.57    3347.03    4177.05    4640.45    4552.56    4403.07    2804.32
 4    1379.00    1443.13    1458.66    1913.47    2476.36    2704.38    2329.74    1604.81    1161.19    1226.91    1262.69    1288.45    1417.90    1313.07     986.52     831.48     800.29    1283.30    1828.86    2550.52    2845.24    2852.87    2558.16    2233.71    1692.90    1371.93     961.77
 1    4109.00    3073.22    3073.22    7136.98    7136.98    4953.10    4953.10    3920.53    3920.53    2604.76    2604.76    7451.14    7451.14    6781.24    6781.24    3901.59    3901.59    6231.46    6231.46    7161.92    7161.92   10111.79   10111.79    8217.13    8217.13    4199.12    4199.12
 2     783.00     585.38     585.38    1359.42    1359.42     943.45     943.45     746.77     746.77     496.14     496.14    1419.26    1419.26    1291.66    1291.66     743.16     743.16    1186.94    1186.94    1364.18    1364.18    1926.06    1926.06    1565.17    1565.17     799.83     799.83
 3    3537.00    4872.39    4946.33    3283.78    2704.47    1925.22    1939.86    2040.79    1709.56    2603.58    3102.52    3730.72    3302.23    3088.34    2621.62    1535.89    1738.33    2024.62    1902.25    2333.84    2912.50    3772.35    3758.61    3129.13    2915.24    2700.35    3038.58
 4    1379.00    1476.09    1228.52    1272.14    1172.17    1104.25    1113.94    1537.28    1706.40    2007.16    1751.17    1469.38    1088.05    1048.08    1348.40    1209.32    1226.99    1832.17    2374.66    2643.75    2392.65    2419.84    1926.17    1591.21    1867.63    2039.12    2020.14
 1    4109.00    4766.45    4766.45    3872.48    3872.48    6878.72    6878.72    2778.47    2778.47    1587.89    1587.89    4534.07    4534.07    9812.42    9812.42    6160.77    6160.77    1605.45    1605.45    5726.49    5726.49   13997.21   13997.21    5753.29    5753.29    8744.27    8744.27
 2     783.00     907.90     907.90     737.62     737.62    1310.23    1310.23     529.23     529.23     302.46     302.46     863.63     863.63    1869.03    1869.03    1173.48    1173.48     305.80     305.80    1090.76    1090.76    2666.14    2666.14    1095.86    1095.86    1665.58    1665.58
 3    3537.00    5621.60    5480.38    3583.09    3143.42    2753.77    2190.45    1179.19    1171.16    1372.21    2189.06    3120.91    3775.56    2946.27    2456.43    1015.06    1243.90    1181.42    1946.09    2360.49    2395.44    2165.68    1808.71    1056.94    1237.92    1453.79    2168.60
 4    1379.00    1543.03    1303.62    1250.54     907.61     722.81     664.78     736.88    1142.26    1650.78    1736.24    1376.08    1115.25     981.81     756.89     989.63    1287.79    1510.41    1570.16    1542.90    1209.59    1292.90    1343.80    1256.21    2021.01    2848.67    3407.82
 1    4109.00    3891.89    3891.89    4841.30    4841.30    3559.71    3559.71    8083.15    8083.15    9398.93    9398.93    3079.23    3079.23    3354.58    3354.58    4019.40    4019.40    7807.34    7807.34   12182.94   12182.94   10327.09   10327.09    5252.48    5252.48    3507.04    3507.04
 2     783.00     741.31     741.31     922.15     922.15     678.04     678.04    1539.65    1539.65    1790.27    1790.27     586.52     586.52     638.97     638.97     765.60     765.60    1487.11    1487.11    2320.56    2320.56    1967.06    1967.06    1000.47    1000.47     668.01     668.01
 3    3537.00    4071.94    4473.78    2966.64    3066.74    2480.26    3080.68    2408.24    3458.41    2919.53    2352.67    1341.06    1308.94    1475.91    1484.93    1603.35    2252.86    3010.34    4564.72    4165.58    3216.52    2494.66    2506.51    1904.38    2065.76    1931.74    2198.07
 4    1379.00    1227.75    1069.57    1056.98    1131.97    1435.27    1953.76    1994.77    1475.28     997.48     903.02     871.09     891.82    1129.63    1708.06    2073.76    2891.36    2790.57    2296.61    1907.35    1638.32    1582.65    1546.16    1253.51    1157.11    1233.54    1104.03
 1    4109.00    4727.18    4727.18    2624.16    2624.16    3767.61    3767.61    4330.79    4330.79    2599.67    2599.67    4822.82    4822.82    5295.91    5295.91    7061.67    7061.67    4699.46    4699.46    3987.98    3987.98    1762.99    1762.99    4002.77    4002.77    3897.43    3897.43
 2     783.00     900.42     900.42     499.84     499.84     717.64     717.64     824.91     824.91     495.18     495.18     918.63     918.63    1008.74    1008.74    1345.08    1345.08     895.14     895.14     759.62     759.62     335.81     335.81     762.43     762.43     742.37     742.37
 3    3537.00    5725.73    5878.57    3301.30    3973.37    3530.78    3744.79    2568.08    2228.81    2631.78    4164.60    4472.15    4707.05    4946.05    4562.22    4020.13    4376.95    3457.29    2917.46    2477.05    1919.59    2063.75    1735.21    1931.49    1836.21    1625.06    1727.57
 4    1379.00    1549.55    1506.98    1496.23    1367.06    1230.80    1281.14    1368.08    2050.40    2176.64    2141.32    2291.06    2181.44    1987.97    1909.48    1856.63    1647.32    1237.80     965.55     894.58     774.40    1048.77    1147.58     885.53    1064.38    1391.46    1504.03
 1    4109.00   13289.43   13289.43    6673.59    6673.59    4836.22    4836.22    3166.09    3166.09    3173.94    3173.94    6050.35    6050.35    7416.49    7416.49    5071.84    5071.84    5744.05    5744.05   12678.67   12678.67    6276.73    6276.73    9837.83    9837.83    9221.98    9221.98
 2     783.00    2531.32    2531.32    1271.16    1271.16     921.18     921.18     603.06     603.06     604.56     604.56    1152.45    1152.45    1412.66    1412.66     966.06     966.06    1094.10    1094.10    2414.98    2414.98    1195.57    1195.57    1873.87    1873.87    1756.57    1756.57
 3    3537.00    4986.54    3927.05    1708.98    1563.51    1058.09    1086.41     957.12    1137.60    1911.72    2331.90    1641.59    1884.66    1881.48    2407.56    2461.60    2113.15    2297.45    2185.18    2305.57    2142.93    1587.41    1821.23    3409.68    4106.66    3337.41    3100.31
 4    1379.00    1451.22    1160.24     913.93     711.62     760.04     780.01    1160.00    1198.62    1301.04    1242.69    1584.81    1780.02    1667.83    1436.97    1101.38    1421.98    2075.84    1590.12    1285.41    1762.09    2812.33    3012.67    2407.29    1468.99    1075.26    1017.71
 1    4109.00    1907.60    1907.60    2912.91    2912.91    6508.66    6508.66    7153.61    7153.61    9156.38    9156.38   15255.70   15255.70    9355.96    9355.96    1066.76    1066.76     550.24     550.24    2491.10    2491.10    7127.27    7127.27    9475.62    9475.62    6672.67    6672.67
 2     783.00     363.35     363.35     554.84     554.84    1239.74    1239.74    1362.59    1362.59    1744.07    1744.07    2905.85    2905.85    1782.09    1782.09     203.19     203.19     104.81     104.81     474.50     474.50    1357.58    1357.58    1804.88    1804.88    1270.98    1270.98
 3    3537.00    2406.25    3231.65    3715.75    4117.57    5490.76    4948.23    4769.32    4894.82    5153.47    4395.49    3768.92    2612.85    2612.85    2612.85    2612.85     219.57     690.98    2021.10    3104.59    3853.99    5107.47    4624.61    4577.59    3072.54    1967.15    2878.90
 4    1379.00    1335.08    1668.22    2184.96    2004.38    2084.00    2085.88    1789.41    1799.93    1723.87    1485.26    1112.89     670.89     670.89     670.89     670.89    1004.15    1728.54    2169.57    2470.68    2195.80    2144.75    1463.31    1517.98    1983.43    1947.12    1819.48
 1    4109.00     867.17     867.17    3100.02    3100.02    2894.89    2894.89    3126.82    3126.82    4083.62    4083.62    5096.32    5096.32    6489.71    6489.71    4119.65    4119.65    8908.75    8908.75    8016.16    8016.16    5757.91    5757.91    8448.59    8448.59   11921.45   11921.45
 2     783.00     165.18     165.18     590.48     590.48     551.41     551.41     595.58     595.58     777.83     777.83     970.73     970.73    1236.14    1236.14     784.70     784.70    1696.90    1696.90    1526.89    1526.89    1096.74    1096.74    1609.26    1609.26    2270.75    2270.75
 3    3537.00    2505.74    2984.74    5291.97    5661.71    3141.91    3799.54    4187.71    4574.73    4198.77    5599.63    6307.64    5894.42    5973.66    3816.60    3704.52    3404.11    3677.09    3680.20    3113.69    3644.15    3173.69    3563.66    3454.94    3941.83    2569.63    1814.30
 4    1379.00    1277.82    1213.72    1236.93    1307.06    1541.38    2016.90    2082.68    3164.42    3178.39    2838.50    2237.07    1570.11    1177.33    1507.83    2202.34    1927.85    1802.26    1744.53    1643.07    1900.79    1970.57    1988.01    1555.02    1445.15    1217.55    1017.75
 1    4109.00    2957.72    2957.72    3197.04    3197.04    5823.51    5823.51    7941.78    7941.78    6957.72    6957.72    8415.33    8415.33    3323.63    3323.63    4715.63    4715.63    9045.96    9045.96    7561.55    7561.55    3224.30    3224.30    5846.61    5846.61    7728.34    7728.34
 2     783.00     563.38     563.38     608.96     608.96    1109.24    1109.24    1512.72    1512.72    1325.28    1325.28    1602.92    1602.92     633.07     633.07     898.22     898.22    1723.04    1723.04    1440.30    1440.30     614.15     614.15    1113.64    1113.64    1472.06    1472.06
 3    3537.00    2650.69    2927.21    3593.04    3850.92    5439.94    4617.61    3582.87    4127.95    4210.97    3539.55    3173.76    2336.21    1541.90    1777.89    2081.96    2391.81    2616.19    2110.65    1242.14    1194.48    1006.04    1326.86    1535.38    2408.59    2691.76    3691.60
 4    1379.00    1485.46    1468.12    2031.86    1631.14    1594.65    1614.40    1712.91    1660.66    1443.17     992.72     941.69    1007.02    1156.55    1154.13    1231.09    1102.64    1133.34    1251.24    1014.60     941.85    1404.38    2016.19    2023.45    2829.24    2916.81    2477.67
 1    4109.00    7058.90    7058.90    3929.31    3929.31    4425.04    4425.04    7915.91    7915.91   12044.80   12044.80    9781.46    9781.46   13286.66   13286.66    7784.24    7784.24    3124.04    3124.04    1983.37    1983.37    2569.18    2569.18    1842.92    1842.92    2042.04    2042.04
 2     783.00    1344.55    1344.55     748.44     748.44     842.86     842.86    1507.79    1507.79    2294.25    2294.25    1863.14    1863.14    2530.79    2530.79    1482.71    1482.71     595.06     595.06     377.78     377.78     489.37     489.37     351.03     351.03     388.96     388.96
 3    3537.00    5149.42    4878.40    2574.02    2791.79    2741.61    3358.87    4080.34    3584.20    4490.35    5691.92    5323.69    4961.41    4603.54    3327.48    1819.62    1426.08    1212.20    1107.15    1286.46    1240.35    1201.98    1216.03    1495.24    1363.45    1886.20    1712.71
 4    1379.00    1351.92    1243.18    1142.97    1253.97    1620.89    1517.48    1944.29    3036.76    3743.63    2935.82    2123.00    1910.49    1508.08    1012.99     876.13     935.16     787.60     738.72     628.02     690.35     641.78     795.05    1054.14    1047.12    1049.83    1161.46
 1    4109.00    5197.04    5197.04    4097.94    4097.94    3564.33    3564.33    3317.62    3317.62    7825.82    7825.82   12673.12   12673.12    7715.40    7715.40    7088.93    7088.93    3635.48    3635.48    6311.84    6311.84    8886.11    8886.11   11839.67   11839.67   14541.91   14541.91
 2     783.00     989.91     989.91     780.56     780.56     678.92     678.92     631.93     631.93    1490.63    1490.63    2413.93    2413.93    1469.60    1469.60    1350.27    1350.27     692.47     692.47    1202.26    1202.26    1692.59    1692.59    2255.18    2255.18    2769.89    2769.89
 3    3537.00    4315.27    5196.48    3142.45    2513.87    2845.97    2792.94    2460.27    2941.33    3755.32    3684.49    3895.64    2683.75    1790.89    1283.39    1982.89    1461.26    1551.90    1871.97    2437.93    2414.40    2416.54    2429.48    2695.68    2925.75    3442.38    2523.81
 4    1379.00    1384.69    1376.09    1183.63     989.50    1186.56    1722.52    2000.66    1853.17    1974.35    1681.07    1426.09    1112.20    1298.98    1314.46    1508.35    1538.37    1663.86    1554.51    1440.71    1689.83    2143.60    2642.75    2593.63    2189.62    1669.19    1680.41
 1    4109.00    2985.91    2985.91    4181.56    4181.56    7975.97    7975.97    9098.63    9098.63    5543.54    5543.54    4195.88    4195.88    7294.52    7294.52    7221.98    7221.98    3270.04    3270.04    3013.63    3013.63    4876.41    4876.41    3568.03    3568.03    5478.40    5478.40
 2     783.00     568.74     568.74     796.49     796.49    1519.23    1519.23    1733.07    1733.07    1055.91    1055.91     799.22     799.22    1389.43    1389.43    1375.62    1375.62     622.86     622.86     574.02     574.02     928.84     928.84     679.62     679.62    1043.50    1043.50
 3    3537.00    2580.32    2821.82    3465.02    3982.99    3879.56    3406.05    3176.78    2357.87    1566.32    1506.53    1539.95    2249.84    3576.67    3791.07    3276.62    2771.22    2938.45    2961.82    2153.86    2430.04    2065.75    2144.70    1860.32    2163.00    2371.44    1877.12
 4    1379.00    1417.49    1424.16    1674.01    1650.22    1538.99    1217.08    1009.73     961.80     923.41    1387.79    2361.41    2326.45    1874.36    1416.33    1263.59    1232.55    1160.63    1137.70    1220.69    1262.03    1185.88    1192.80    1199.75    1120.80    1089.87    1019.85
 1    4109.00    3745.90    3745.90    6101.17    6101.17    4105.33    4105.33    9766.68    9766.68   11546.30   11546.30    5142.06    5142.06    3469.62    3469.62    4408.87    4408.87    3138.83    3138.83    2720.72    2720.72    1835.53    1835.53    1708.48    1708.48    5720.48    5720.48
 2     783.00     713.50     713.50    1162.13    1162.13     781.97     781.97    1860.32    1860.32    2199.30    2199.30     979.44     979.44     660.88     660.88     839.78     839.78     597.87     597.87     518.23     518.23     349.62     349.62     325.42     325.42    1089.62    1089.62
 3    3537.00    2130.34    2502.77    5043.95    4580.35    3043.16    2665.13    4301.13    6023.73    5778.39    4721.36    2322.58    2613.09    2684.60    2306.60    1846.75    1498.60    1509.52    1643.09    1312.78    1308.61    1276.32    1163.36    1518.01    2506.93    2901.56    2536.94
 4    1379.00    1183.31    1384.25    1366.14    1137.85    1505.77    2661.62    3088.92    2202.62    1521.41    1216.31    1302.77    1332.09    1067.34     917.60     904.40     843.51     722.24     759.01     754.36     756.09    1027.68    1504.41    1725.57    1600.73    1375.27    1336.85
 1    4109.00    6209.74    6209.74    5832.29    5832.29    4964.65    4964.65    3704.32    3704.32    2349.73    2349.73    4159.85    4159.85    4534.07    4534.07    3671.51    3671.51    2179.72    2179.72    4918.91    4918.91    7238.62    7238.62    5835.52    5835.52    7864.63    7864.63
 2     783.00    1182.81    1182.81    1110.91    1110.91     945.65     945.65     705.58     705.58     447.57     447.57     792.35     792.35     863.63     863.63     699.34     699.34     415.18     415.18     936.94     936.94    1378.78    1378.78    1111.53    1111.53    1498.02    1498.02
 3    3537.00    4006.10    4132.82    2370.47    2153.97    2181.19    2364.09    2127.16    1837.48    1286.13    1830.26    2704.93    3010.72    2603.67    2836.31    2163.79    1743.42    1922.72    1712.98    2229.66    2697.43    2569.61    2705.30    2379.94    2478.24    2477.70    2640.46
 4    1379.00    1336.24    1129.79    1267.62    1132.03     887.24     655.14     726.78     924.60    1400.77    1461.98    1362.92    1519.15    1200.98    1000.83     964.96    1095.23    1229.80    1837.23    1796.42    1617.89    1539.78    1516.89    1527.95    1438.19    1206.42     856.23
 1    4109.00    7112.49    7112.49    5746.82    5746.82    3032.11    3032.11    5407.25    5407.25    6035.11    6035.11    6978.97    6978.97   13689.06   13689.06    9364.28    9364.28    5465.00    5465.00    8082.69    8082.69    4413.95    4413.95    7166.54    7166.54    3724.64    3724.64
 2     783.00    1354.76    1354.76    1094.63    1094.63     577.54     577.54    1029.95    1029.95    1149.54    1149.54    1329.33    1329.33    2607.44    2607.44    1783.67    1783.67    1040.95    1040.95    1539.56    1539.56     840.75     840.75    1365.06    1365.06     709.46     709.46
 3    3537.00    5004.59    4657.73    2704.82    2300.63    2310.11    2895.19    3409.84    3367.42    3798.51    4079.95    3671.57    3932.29    4143.10    3257.14    1451.99    1566.81    1472.99    1670.18    1783.71    1546.11    1488.78    1683.56    1692.49    1505.92    1489.15    1981.56
 4    1379.00    1378.14    1131.46    1085.89    1165.26    1344.87    1398.55    1681.79    1658.03    1374.12    1521.55    1540.88    1563.38    1281.79    1184.78    1820.35    1731.46    1217.81    1203.46    1367.88    1237.96    1126.11    1158.48    1155.69    1586.41    1472.29    1111.80
 1    4109.00    8272.11    8272.11    7594.36    7594.36    7748.66    7748.66    4880.57    4880.57    2516.05    2516.05    4128.43    4128.43    1309.31    1309.31    4812.65    4812.65    5909.44    5909.44    4826.51    4826.51    4285.05    4285.05    3000.23    3000.23    1559.71    1559.71
 2     783.00    1575.64    1575.64    1446.54    1446.54    1475.94    1475.94     929.63     929.63     479.25     479.25     786.37     786.37     249.39     249.39     916.70     916.70    1125.61    1125.61     919.34     919.34     816.20     816.20     571.47     571.47     297.09     297.09
 3    3537.00    5498.54    5849.46    2803.42    2776.85    3643.76    4249.85    3801.92    3834.23    2465.72    2511.54    2617.37    2555.39    1935.70    2157.90    1728.68    2318.26    1706.31    1785.80    1102.50     986.47    1046.99    1351.38    1344.45    1304.45    1398.68    2259.98
 4    1379.00    1596.91    1612.20    1529.45    1698.59    2077.63    1906.23    1267.38     949.43     972.82    1148.82    1070.84    1083.85    1074.97    1079.12     968.72     865.20     769.23     863.76     798.80     943.09     958.18     873.41     974.77    1600.67    1740.67    1753.30
 1    4109.00    4474.47    4474.47    2672.21    2672.21    5770.38    5770.38    7255.25    7255.25   10935.08   10935.08   11928.84   11928.84    9820.73    9820.73   10186.64   10186.64    7617.92    7617.92   11496.41   11496.41   11710.31   11710.31    9960.26    9960.26    9638.71    9638.71
 2     783.00     852.28     852.28     508.99     508.99    1099.12    1099.12    1381.95    1381.95    2082.87    2082.87    2272.16    2272.16    1870.62    1870.62    1940.31    1940.31    1451.03    1451.03    2189.79    2189.79    2230.54    2230.54    1897.19    1897.19    1835.94    1835.94
 3    3537.00    4003.14    4433.39    2721.54    4000.40    5162.49    5358.77    4430.73    5667.86    8428.09    9251.76    7058.32    6339.03    4826.22    3960.72    3791.39    3496.83    3664.07    4909.44    6338.46    6856.06    7020.10    6195.24    5365.17    4753.64    3047.92    2252.62
 4    1379.00    1134.53    1470.20    2277.54    2198.23    1503.12    1811.76    3668.29    4999.10    4103.57    3079.90    2454.52    1747.51    1754.12    2285.01    2448.64    2798.63    3795.86    4817.86    3840.84    2904.99    2681.41    2106.93    1746.61    1353.34    1058.89    1254.85
 1    4109.00    6600.59    6600.59   12147.83   12147.83    2827.90    2827.90    2284.13    2284.13    3610.53    3610.53    4828.36    4828.36    4513.28    4513.28    7218.29    7218.29   12547.00   12547.00   13375.82   13375.82   16124.72   16124.72   18423.64   18423.64    8881.49    8881.49
 2     783.00    1257.26    1257.26    2313.87    2313.87     538.65     538.65     435.07     435.07     687.72     687.72     919.69     919.69     859.67     859.67    1374.91    1374.91    2389.90    2389.90    2547.78    2547.78    3071.38    3071.38    3509.26    3509.26    1691.71    1691.71
 3    3537.00    4045.72    4259.46    4218.70    3472.33    3472.33    1020.46    1303.05    2347.24    3041.48    2942.61    2402.28    2593.10    2222.49    2060.39    3828.45    4646.44    4773.51    3508.28    2457.75    3151.65    6233.86    7811.73    6246.08    4026.62    3418.36    2385.71
 4    1379.00    1362.07    1177.69     928.86     679.54     679.54    1142.05    1234.67    1371.93    1391.01    1037.75     901.22     938.20    1859.23    2903.94    2830.75    1956.28    1357.11    1902.10    4797.56    5086.06    3859.29    2672.56    2351.63    1741.73    1499.54    1255.11
 1    4109.00    4918.45    4918.45    4106.26    4106.26    4373.75    4373.75    5400.32    5400.32    2450.45    2450.45    4440.28    4440.28    5095.40    5095.40    7075.07    7075.07    6185.72    6185.72    9568.48    9568.48    4162.62    4162.62    3516.74    3516.74    9178.55    9178.55
 2     783.00     936.85     936.85     782.14     782.14     833.10     833.10    1028.63    1028.63     466.75     466.75     845.77     845.77     970.55     970.55    1347.63    1347.63    1178.23    1178.23    1822.57    1822.57     792.88     792.88     669.86     669.86    1748.30    1748.30
 3    3537.00    4314.31    4717.27    2645.22    2826.87    2782.08    2449.66    2046.91    1890.81    1188.64    1215.16    2037.97    2364.26    1803.23    2158.51    1775.83    1645.27    1809.90    1912.32    2045.84    1733.47    1164.62    1233.90    1145.37    1426.48    2586.44    2603.92
 4    1379.00    1299.22    1265.11    1024.36    1066.79    1081.37     921.97     904.29    1018.90    1634.71    1474.41    1367.23    1087.37    1004.98    1251.11    1206.36    1580.84    1470.13    1106.00    1020.06     882.58     834.32    1140.56    1795.20    2166.72    1890.93    1533.02
 1    4109.00    5088.01    5088.01    4494.80    4494.80    5632.70    5632.70    5416.49    5416.49    6917.06    6917.06    5200.27    5200.27    7773.15    7773.15    9783.31    9783.31   10069.75   10069.75    3073.22    3073.22    4690.69    4690.69   11831.82   11831.82   13361.96   13361.96
 2     783.00     969.14     969.14     856.15     856.15    1072.90    1072.90    1031.71    1031.71    1317.54    1317.54     990.53     990.53    1480.60    1480.60    1863.49    1863.49    1918.05    1918.05     585.38     585.38     893.46     893.46    2253.68    2253.68    2545.14    2545.14
 3    3537.00    4042.72    4075.19    2581.37    2213.88    2622.92    2480.02    2930.94    3679.08    3901.82    4122.40    4209.26    3464.61    4458.78    5296.20    4436.01    3472.04    1990.33    1830.44    1096.99    1452.10    1505.78    1872.76    1980.85    1965.08    3425.78    3297.29
 4    1379.00    1200.85    1120.20    1147.31     957.92    1164.52    1345.62    2524.64    2667.33    2116.15    1776.33    2084.17    2738.48    2243.23    1794.70    1171.34     899.89    1051.89    1089.43    1074.55    1224.08    1221.09    1855.15    2854.45    2879.57    2473.87    2139.09
 1    4109.00    4244.86    4244.86    2366.83    2366.83    6531.29    6531.29    2919.84    2919.84    6473.08    6473.08    6107.18    6107.18    7573.10    7573.10   11116.18   11116.18    4098.40    4098.40    5780.08    5780.08    4978.51    4978.51    8539.15    8539.15    6551.62    6551.62
 2     783.00     808.54     808.54     450.82     450.82    1244.06    1244.06     556.16     556.16    1232.97    1232.97    1163.27    1163.27    1442.50    1442.50    2117.37    2117.37     780.65     780.65    1100.97    1100.97     948.29     948.29    1626.50    1626.50    1247.93    1247.93
 3    3537.00    4332.39    5637.42    3274.13    3490.25    3164.26    2698.60    1604.49    2112.93    3453.76    3569.27    3637.13    3198.10    3415.06    3234.13    2472.37    2112.42    1398.32    2292.44    2539.18    2378.92    2457.79    2229.34    2047.11    2143.44    1292.85    1736.12
 4    1379.00    1254.64    1357.10    1178.94     883.98     828.74    1297.98    1949.50    1854.53    1960.89    1708.05    1737.87    1565.97    1331.19    1360.00    1313.86    1773.48    1606.70    1599.10    1440.63    1457.54    1436.96    1179.11    1006.44    1143.61    1348.78    1280.55
 1    4109.00    3069.99    3069.99    2766.92    2766.92    7757.90    7757.90    5538.46    5538.46    7553.24    7553.24    7071.83    7071.83    4784.01    4784.01    6931.85    6931.85    4381.61    4381.61    2517.44    2517.44    1412.33    1412.33    3957.95    3957.95    8086.85    8086.85
 2     783.00     584.76     584.76     527.03     527.03    1477.70    1477.70    1054.94    1054.94    1438.71    1438.71    1347.02    1347.02     911.24     911.24    1320.35    1320.35     834.59     834.59     479.51     479.51     269.02     269.02     753.90     753.90    1540.35    1540.35
 3    3537.00    2203.76    2895.51    3273.29    4783.96    7309.52    6516.80    4161.83    3856.76    3520.33    3220.10    3123.99    2621.50    2764.73    2592.23    2503.49    2807.05    2085.09    1937.75    1899.43    2494.49    1788.47    2766.21    2896.87    2756.92    3584.37    2950.74
 4    1379.00    1292.97    1811.00    2947.30    2894.56    2413.55    1727.63    1445.98    1580.43    1412.23    1169.88    1546.90    1785.97    1646.02    1358.46    1268.27    1340.01    1386.58    1254.22    1208.85    1491.16    1404.50    1606.55    1818.50    1812.20    1838.71    1533.33
 1    4109.00    3294.98    3294.98    7829.51    7829.51    8389.92    8389.92    6722.56    6722.56    9849.84    9849.84    3945.48    3945.48    6987.75    6987.75    9422.95    9422.95    5546.77    5546.77    6446.75    6446.75    8886.57    8886.57   10509.58   10509.58   13312.07   13312.07
 2     783.00     627.62     627.62    1491.34    1491.34    1598.08    1598.08    1280.49    1280.49    1876.16    1876.16     751.52     751.52    1331.00    1331.00    1794.85    1794.85    1056.53    1056.53    1227.95    1227.95    1692.68    1692.68    2001.82    2001.82    2535.63    2535.63
 3    3537.00    2759.24    3539.79    5808.66    4115.38    2365.03    2101.60    1765.46    2840.57    2827.08    3167.85    2282.20    2523.12    2399.53    2076.20    2155.34    2119.90    2096.48    2027.46    2384.78    2598.14    2897.65    1999.57    2577.53    2358.74    2301.23    1739.43
 4    1379.00    1416.02    1389.35     899.85     731.99    1318.03    1873.92    1845.83    2246.05    1915.38    1420.82    1163.82    1514.43    1593.23    1268.97    1510.79    1907.57    1930.73    1803.79    1746.14    1784.94    1895.10    1679.96    1888.12    1561.87    1333.81    1076.16
