FL 2019 2020 2021 2022 2023 2024 2025 2026 2027 2028 2029 2030 2031 2032 2033 2034 2035 2036 2037 2038 2039 2040 2041 2042 2043 2044 2045
 1  0.1254765  0.1113135  0.1156368  0.1301752  0.1439949  0.1043115  0.0901988  0.1598969  0.2102693  0.2522313  0.4632024  0.1756908  0.1564504  0.1519411  0.2555088  0.0985699  0.0665893  0.1270755  0.2566049  0.0109110  0.0052600  0.0446186  0.0457798  0.1007410  0.0634287  0.1372209  0.1336222
 2  0.0238751  0.0211859  0.0228730  0.0272000  0.0224239  0.0164529  0.0162207  0.0325550  0.0473110  0.0567924  0.0839736  0.0206789  0.0210241  0.0214473  0.0285707  0.0104904  0.0088041  0.0188225  0.0257317  0.0010629  0.0006318  0.0058834  0.0066423  0.0110874  0.0081711  0.0214848  0.0241599
 3  0.1162273  0.1666046  0.1511672  0.1719297  0.1468652  0.1747235  0.1570274  0.1790743  0.2341077  0.3717177  0.7047755  0.9990000  0.9990000  0.9990000  0.9990000  0.9990000  0.9990000  0.9990000  0.9990000  0.9990000  0.9990000  0.9309103  0.9365306  0.9990000  0.2051836  0.1850553  0.1762448
 4  0.0444602  0.0400129  0.0327435  0.0511300  0.0464203  0.0399730  0.0274629  0.0320712  0.0475384  0.0693898  0.0842909  0.0956224  0.1094668  0.1717632  0.1871693  0.1335312  0.1336759  0.2140816  0.2108129  0.1088385  0.0745994  0.0683836  0.0845890  0.0582673  0.0408431  0.0361500  0.0458275
 1  0.1220670  0.1254239  0.1292936  0.2001593  0.2556237  0.1908103  0.1912736  0.1217031  0.1204922  0.1058132  0.0999600  0.0619678  0.0603780  0.0641639  0.0635423  0.0554135  0.0533033  0.0580957  0.0503909  0.2791731  0.3904852  0.3239152  0.4149836  0.2105559  0.3091871  0.0948871  0.0760427
 2  0.0232303  0.0240070  0.0258381  0.0418575  0.0547295  0.0357694  0.0332824  0.0218248  0.0209942  0.0187837  0.0191590  0.0119702  0.0121436  0.0129075  0.0125995  0.0114307  0.0088549  0.0098225  0.0094261  0.0574225  0.0825718  0.0611771  0.0739812  0.0360478  0.0473696  0.0113546  0.0096077
 3  0.1130934  0.1343128  0.1444139  0.1301952  0.1289449  0.1750061  0.1432504  0.1458171  0.1540184  0.1406129  0.1509409  0.1571338  0.1535197  0.1568059  0.1565148  0.1310869  0.1478456  0.1584725  0.1462207  0.1389021  0.1367611  0.2200399  0.2861554  0.4636940  0.6947606  0.9990000  0.8052400
 4  0.0433681  0.0336975  0.0317217  0.0281524  0.0316940  0.0311271  0.0327170  0.0349240  0.0361481  0.0303112  0.0327160  0.0330069  0.0351868  0.0348116  0.0336048  0.0389242  0.0446148  0.0363809  0.0291986  0.0301499  0.0287909  0.0354308  0.0437031  0.0690206  0.0797653  0.0739635  0.0657011
 1  0.1187765  0.1772624  0.1951828  0.1705705  0.1797177  0.2963286  0.4138066  0.2302694  0.2291667  0.1126576  0.1216879  0.1484066  0.1407746  0.0593222  0.0568858  0.1286382  0.1286851  0.1289128  0.1247418  0.1120286  0.1146971  0.2140738  0.2866272  0.1254590  0.0815143  0.0828998  0.0720016
 2  0.0226444  0.0340864  0.0385795  0.0325496  0.0343066  0.0589056  0.0789651  0.0368253  0.0359914  0.0185194  0.0212147  0.0238129  0.0204926  0.0094595  0.0089447  0.0215285  0.0211415  0.0215409  0.0207701  0.0193483  0.0214480  0.0416723  0.0503957  0.0164121  0.0107635  0.0130256  0.0133402
 3  0.1100329  0.1437714  0.1454426  0.1275093  0.1471077  0.1454661  0.2038959  0.3137330  0.3130834  0.3289652  0.3511882  0.4078387  0.3980007  0.3381826  0.3204639  0.2792815  0.2768917  0.2607356  0.2505988  0.2380868  0.2397589  0.2777153  0.3790854  0.4609837  0.1742947  0.1102172  0.0923836
 4  0.0423910  0.0358165  0.0364073  0.0331331  0.0311693  0.0295082  0.0369132  0.0399858  0.0404921  0.0478140  0.0570377  0.0528113  0.0431295  0.0465812  0.0413442  0.0410802  0.0382456  0.0376527  0.0356602  0.0370223  0.0442460  0.0540536  0.0568733  0.0398788  0.0410414  0.0381653  0.0454555
 1  0.1193897  0.0679200  0.0664833  0.1698398  0.2101957  0.1608114  0.2036597  0.0775608  0.0726686  0.0337970  0.0256650  0.0498598  0.0443432  0.0575636  0.0617769  0.0870190  0.0973628  0.1551093  0.1772075  0.1353800  0.1337511  0.1595809  0.1626306  0.1957889  0.2757342  0.1770769  0.2454400
 2  0.0226910  0.0129094  0.0133442  0.0358831  0.0449314  0.0342782  0.0403086  0.0139033  0.0107358  0.0051624  0.0045421  0.0090427  0.0086473  0.0121810  0.0137199  0.0198324  0.0208075  0.0328505  0.0357177  0.0264068  0.0227174  0.0277677  0.0307733  0.0401021  0.0570409  0.0317239  0.0388333
 3  0.1105887  0.1465722  0.1422782  0.1408651  0.1436044  0.1867529  0.2380964  0.2932155  0.1368256  0.1484313  0.1652103  0.1390772  0.1369363  0.1415902  0.1385149  0.1291895  0.1293755  0.1260003  0.1282145  0.1335448  0.1328342  0.1811052  0.1798363  0.2155579  0.3041508  0.5070552  0.7176156
 4  0.0420011  0.0366802  0.0317595  0.0286986  0.0277890  0.0362031  0.0387226  0.0406014  0.0414651  0.0357726  0.0353525  0.0347214  0.0296421  0.0287748  0.0296155  0.0324981  0.0334709  0.0321782  0.0331181  0.0414335  0.0409223  0.0354167  0.0436039  0.0608804  0.0809977  0.1002077  0.1179801
 1  0.1189860  0.1082440  0.1102183  0.1344632  0.1494741  0.1848633  0.1985067  0.3279795  0.4076120  0.3981598  0.5236196  0.2240601  0.2513035  0.0576041  0.0379249  0.1547552  0.1630585  0.2159780  0.2683018  0.0983415  0.0833270  0.2054055  0.2517994  0.3476289  0.6017781  0.1724935  0.1101731
 2  0.0231473  0.0209637  0.0222235  0.0278607  0.0285967  0.0349237  0.0360284  0.0603998  0.0689762  0.0661105  0.0934164  0.0363780  0.0257051  0.0074717  0.0057679  0.0274129  0.0325188  0.0470746  0.0452534  0.0155583  0.0148706  0.0403338  0.0520903  0.0731225  0.1136772  0.0188304  0.0123441
 3  0.1099257  0.1334888  0.1344752  0.1318060  0.1220793  0.1351642  0.1328539  0.1476406  0.1529933  0.1798865  0.2307599  0.5230034  0.6518598  0.1531902  0.1490867  0.1174109  0.1213784  0.1426910  0.1835407  0.1593422  0.1292925  0.1285019  0.1575132  0.2152758  0.3773458  0.9990000  0.6476315
 4  0.0434759  0.0335772  0.0302108  0.0336905  0.0312172  0.0355163  0.0335668  0.0337870  0.0382468  0.0453598  0.0704220  0.1257762  0.0632065  0.0330228  0.0339295  0.0362830  0.0454846  0.0608332  0.0409821  0.0337624  0.0374678  0.0446215  0.0565365  0.0784124  0.1080256  0.1088200  0.0732065
 1  0.1162521  0.1743033  0.1919804  0.2531559  0.3267889  0.2798782  0.4243091  0.1709948  0.1105359  0.0763698  0.0622186  0.0600983  0.0614963  0.1168221  0.1191246  0.1602249  0.1832947  0.1376657  0.1575345  0.0767978  0.0744423  0.1024948  0.0775494  0.1848864  0.2095463  0.0720785  0.0613629
 2  0.0225599  0.0339334  0.0382627  0.0506477  0.0635891  0.0529251  0.0729225  0.0201780  0.0133069  0.0114960  0.0112776  0.0125822  0.0135565  0.0257660  0.0250691  0.0339413  0.0410252  0.0313099  0.0334164  0.0155028  0.0133892  0.0163905  0.0134890  0.0363351  0.0413847  0.0130047  0.0114209
 3  0.1074261  0.1388959  0.1531986  0.1533136  0.1987217  0.2898681  0.4433772  0.7453819  0.1463231  0.0809568  0.0631529  0.0607153  0.0622419  0.0607809  0.0621439  0.0630997  0.0713672  0.0897698  0.1041079  0.1120610  0.1094592  0.1205365  0.0900152  0.0794819  0.0901991  0.1376252  0.1166080
 4  0.0426515  0.0350519  0.0349429  0.0329369  0.0405251  0.0581208  0.0723840  0.0596087  0.0359141  0.0320488  0.0372561  0.0453299  0.0446881  0.0417597  0.0396490  0.0436380  0.0563579  0.0690076  0.0657037  0.0677207  0.0521785  0.0344784  0.0328033  0.0382291  0.0399530  0.0372593  0.0354893
 1  0.1297236  0.2047868  0.2215302  0.1287162  0.1340302  0.0988455  0.1205212  0.1004757  0.1310378  0.1085496  0.1625915  0.0877129  0.0470650  0.0341319  0.0286464  0.1686001  0.2003419  0.1227876  0.1337468  0.0382431  0.0237137  0.0567620  0.0495297  0.1214642  0.1400275  0.1102643  0.1387961
 2  0.0243926  0.0381699  0.0424190  0.0243614  0.0263463  0.0207489  0.0266468  0.0221224  0.0275038  0.0214386  0.0279216  0.0092667  0.0055833  0.0048850  0.0047925  0.0305339  0.0373507  0.0230349  0.0149208  0.0048930  0.0036202  0.0095286  0.0089847  0.0246534  0.0306402  0.0253003  0.0328224
 3  0.1204050  0.1341443  0.1376679  0.1320716  0.1371385  0.1544820  0.1871434  0.2477296  0.3255863  0.4564920  0.6951271  0.9990000  0.5361801  0.3271783  0.2650699  0.2600980  0.3105386  0.4186791  0.5006072  0.1630804  0.1656526  0.1583008  0.1336742  0.1590189  0.1346606  0.1638636  0.2054888
 4  0.0445032  0.0334215  0.0339315  0.0310216  0.0354129  0.0464623  0.0608964  0.0760444  0.0897485  0.1155809  0.1347087  0.0792516  0.0539624  0.0489307  0.0549496  0.0599798  0.0733600  0.1003395  0.0418036  0.0396072  0.0383853  0.0393831  0.0332778  0.0316819  0.0283044  0.0370803  0.0476506
 1  0.1244105  0.0413573  0.0398832  0.0476776  0.0541256  0.1213481  0.1542714  0.2341778  0.2193089  0.1195257  0.1030259  0.2231692  0.2785410  0.2065142  0.2946684  0.1380452  0.1173799  0.1177561  0.0840322  0.3055008  0.3718873  0.3068134  0.4640356  0.1541187  0.1636689  0.0680100  0.0407372
 2  0.0246932  0.0080751  0.0081449  0.0104282  0.0127202  0.0294526  0.0298098  0.0403764  0.0346285  0.0191348  0.0180597  0.0431638  0.0579231  0.0425574  0.0571607  0.0220021  0.0104498  0.0154817  0.0138575  0.0550819  0.0693746  0.0590050  0.0887094  0.0225613  0.0216378  0.0080335  0.0048395
 3  0.1146225  0.1407042  0.1287163  0.1319025  0.1483208  0.1804661  0.1127146  0.1409455  0.1733934  0.1410852  0.1526168  0.1493374  0.1848368  0.2791433  0.4030334  0.6934508  0.1417953  0.1636850  0.1833307  0.1435361  0.1514004  0.2095968  0.3168545  0.6884613  0.7502094  0.6804296  0.1649044
 4  0.0469218  0.0356249  0.0311612  0.0371470  0.0475748  0.0588161  0.0406412  0.0375757  0.0419195  0.0360082  0.0306307  0.0281042  0.0390883  0.0553348  0.0700957  0.0844066  0.0463024  0.0377754  0.0358316  0.0322061  0.0324972  0.0485738  0.0707388  0.0904793  0.0840724  0.0609830  0.0424255
 1  0.1237088  0.1965694  0.2192196  0.3041728  0.4326767  0.3005801  0.3544766  0.0454423  0.0253181  0.0680848  0.0530023  0.1325335  0.1510670  0.1336186  0.1620505  0.1226501  0.1738238  0.0843258  0.0784625  0.0555035  0.0545123  0.0464406  0.0427006  0.0446066  0.0174823  0.0611826  0.0580820
 2  0.0237626  0.0374854  0.0425741  0.0609386  0.0836661  0.0494423  0.0536911  0.0055207  0.0031908  0.0100274  0.0091658  0.0261902  0.0322294  0.0295877  0.0372557  0.0281797  0.0381389  0.0135146  0.0118477  0.0084852  0.0076303  0.0068565  0.0070299  0.0047187  0.0023466  0.0100576  0.0112307
 3  0.1145732  0.1490238  0.1514424  0.1464401  0.2087536  0.3490555  0.4174197  0.4675276  0.1816702  0.1571285  0.1624220  0.1385427  0.1300451  0.1524474  0.1840634  0.2570503  0.3676182  0.5707300  0.5455715  0.5449675  0.5492325  0.4449284  0.1513985  0.1397225  0.1914583  0.1768852  0.1523799
 4  0.0440699  0.0374442  0.0327329  0.0290172  0.0376807  0.0464672  0.0492164  0.0355617  0.0485509  0.0351623  0.0308300  0.0277359  0.0285562  0.0342267  0.0451892  0.0622068  0.0800464  0.0651268  0.0626978  0.0656816  0.0537277  0.0497333  0.0693584  0.0544543  0.0453312  0.0350375  0.0275694
 1  0.1300004  0.1813853  0.1956179  0.1613187  0.1556315  0.1019625  0.1233327  0.1168773  0.1464195  0.1088867  0.1165867  0.0796925  0.0879737  0.0881897  0.0614736  0.0609137  0.0414062  0.1318235  0.1402470  0.1602621  0.2299997  0.3790576  0.7166958  0.1798967  0.1209970  0.0567695  0.0556753
 2  0.0246276  0.0342159  0.0379017  0.0290642  0.0287646  0.0206240  0.0274698  0.0257804  0.0303432  0.0194840  0.0183430  0.0127759  0.0150782  0.0118628  0.0081033  0.0085008  0.0064926  0.0237564  0.0285239  0.0363608  0.0532380  0.0739926  0.1027521  0.0198723  0.0118518  0.0072833  0.0083858
 3  0.1205402  0.1423914  0.1337978  0.1353872  0.1311209  0.1401585  0.1675359  0.2268078  0.2888223  0.3765852  0.4142162  0.4090787  0.4438025  0.5409511  0.1652778  0.1672580  0.1438547  0.1539712  0.1609190  0.1967355  0.2825710  0.4753402  0.9499625  0.9990000  0.9990000  0.8424339  0.7805782
 4  0.0455741  0.0360204  0.0318711  0.0365122  0.0392535  0.0527167  0.0755037  0.0885278  0.0996132  0.0984935  0.0892126  0.0964444  0.1218209  0.0850663  0.0450390  0.0418752  0.0338612  0.0309100  0.0407491  0.0590937  0.0809867  0.0934751  0.1171215  0.1828328  0.0999154  0.0859718  0.1127095
 1  0.1180277  0.0938898  0.0963976  0.1100261  0.1252056  0.1415871  0.1593446  0.1363978  0.1486052  0.1399667  0.1597483  0.1130450  0.0741423  0.1568553  0.1496021  0.1440227  0.1471774  0.1627675  0.1659301  0.1013344  0.1095578  0.1796398  0.2138501  0.1327686  0.1488266  0.1908433  0.2332671
 2  0.0228373  0.0181486  0.0194422  0.0231045  0.0263697  0.0297658  0.0306001  0.0258786  0.0303521  0.0284044  0.0314597  0.0170105  0.0112698  0.0260494  0.0257424  0.0261775  0.0289791  0.0314835  0.0323797  0.0202469  0.0228493  0.0374644  0.0406623  0.0244100  0.0278818  0.0350833  0.0378164
 3  0.1090697  0.1554261  0.1345524  0.1357057  0.1381168  0.1311840  0.1435594  0.1470429  0.1569277  0.1944197  0.2251950  0.1347503  0.1667079  0.1636662  0.1590926  0.1380389  0.1468772  0.1190275  0.1428357  0.1473241  0.1587550  0.1817097  0.2197985  0.2482074  0.2749052  0.3358530  0.4199242
 4  0.0428520  0.0414476  0.0302037  0.0317703  0.0324718  0.0325174  0.0323627  0.0345197  0.0447444  0.0510495  0.0547424  0.0440154  0.0399705  0.0388432  0.0373828  0.0303375  0.0337731  0.0312879  0.0329799  0.0281128  0.0331030  0.0363710  0.0357718  0.0401057  0.0477092  0.0546811  0.0522827
 1  0.1305073  0.1430011  0.1475746  0.1846798  0.2110571  0.2112679  0.2912236  0.2561930  0.4339236  0.1353858  0.1203964  0.0425910  0.0226800  0.0937948  0.0864834  0.1766797  0.2208968  0.2302160  0.2618798  0.1019098  0.0783086  0.1111372  0.1107124  0.1775828  0.1319302  0.1759495  0.1764820
 2  0.0247657  0.0269414  0.0288629  0.0363103  0.0419101  0.0428646  0.0593579  0.0488265  0.0609551  0.0172944  0.0116273  0.0050045  0.0029660  0.0149136  0.0157453  0.0359743  0.0488895  0.0462616  0.0479253  0.0162607  0.0128204  0.0197572  0.0204252  0.0278408  0.0218753  0.0304966  0.0321368
 3  0.1209417  0.1341076  0.1397496  0.1371380  0.1568869  0.1952826  0.2689169  0.4584346  0.8155084  0.9990000  0.9855436  0.1941200  0.1809088  0.1916223  0.1547491  0.1576645  0.1468290  0.2000710  0.1449168  0.1341158  0.1410790  0.1715734  0.1392448  0.1187236  0.1666952  0.1521561  0.1478667
 4  0.0457994  0.0379133  0.0318412  0.0323979  0.0382815  0.0507967  0.0702105  0.1040798  0.1005702  0.1177593  0.0626870  0.0527212  0.0420291  0.0345473  0.0297378  0.0364845  0.0334798  0.0341340  0.0389037  0.0369996  0.0344252  0.0360771  0.0447067  0.0389147  0.0363987  0.0376244  0.0376560
 1  0.1355563  0.1824441  0.1955829  0.1270615  0.1434859  0.0821973  0.0764336  0.0462081  0.0515529  0.1192941  0.1703114  0.1729029  0.2120272  0.1695957  0.2168275  0.1003518  0.1123714  0.1162927  0.0420302  0.0546971  0.0525576  0.0951773  0.1077818  0.1998177  0.2180913  0.1227272  0.0602700
 2  0.0258173  0.0347184  0.0381530  0.0260499  0.0266895  0.0146544  0.0143179  0.0094577  0.0117371  0.0300340  0.0399826  0.0328692  0.0337030  0.0261506  0.0322054  0.0129496  0.0154862  0.0097458  0.0050620  0.0083935  0.0091589  0.0176849  0.0203759  0.0348373  0.0312032  0.0136976  0.0087664
 3  0.1255444  0.1274299  0.1449118  0.1303985  0.1280327  0.1530134  0.1396173  0.1420865  0.1565929  0.1907772  0.2749926  0.3847897  0.4797146  0.5595716  0.7110153  0.9990000  0.9990000  0.9990000  0.4529355  0.2810312  0.2621036  0.2766960  0.3138317  0.3693146  0.4193128  0.1551372  0.1613735
 4  0.0485933  0.0309355  0.0306255  0.0307175  0.0407598  0.0351978  0.0374657  0.0468191  0.0617620  0.0874328  0.0935547  0.0934927  0.0891762  0.1049619  0.1236757  0.1347375  0.1750089  0.0783141  0.0524336  0.0553125  0.0655045  0.0731422  0.0829147  0.0808145  0.0638258  0.0468905  0.0371601
 1  0.1307984  0.1695620  0.1794341  0.3349147  0.4954956  0.4540726  0.4446624  0.3166852  0.3266226  0.1864101  0.1687014  0.1355139  0.0964691  0.1858744  0.2070001  0.1543026  0.1521684  0.0619845  0.0538776  0.0844594  0.0719174  0.1883949  0.2549202  0.2186007  0.3670197  0.1479327  0.1829569
 2  0.0245606  0.0317910  0.0347811  0.0673581  0.0968425  0.0653754  0.0577659  0.0442112  0.0505727  0.0271908  0.0213536  0.0182330  0.0150863  0.0331454  0.0408862  0.0295491  0.0247088  0.0106294  0.0083835  0.0137420  0.0132960  0.0396055  0.0593116  0.0497638  0.0670990  0.0192701  0.0251366
 3  0.1213701  0.1377810  0.1505441  0.1456145  0.2159574  0.4079927  0.4145699  0.3779513  0.3813277  0.4944943  0.4659979  0.1661179  0.1594963  0.1367181  0.1502853  0.1869093  0.1356037  0.1749275  0.1536810  0.1509833  0.1493957  0.1510490  0.2029723  0.3485714  0.6054221  0.9990000  0.9990000
 4  0.0453260  0.0372002  0.0302533  0.0274646  0.0381027  0.0391465  0.0347685  0.0373009  0.0467939  0.0516419  0.0362871  0.0414307  0.0315627  0.0352321  0.0460263  0.0486311  0.0387836  0.0412512  0.0437249  0.0366201  0.0284832  0.0374759  0.0583014  0.0869117  0.0963349  0.1151598  0.1580004
 1  0.1425452  0.1759241  0.1852116  0.1890003  0.2009942  0.1117358  0.1159655  0.0931007  0.1217467  0.1504815  0.2163053  0.0326676  0.0139346  0.0856400  0.0889384  0.0943305  0.1218798  0.1727225  0.2386766  0.1511293  0.1339215  0.0759339  0.0824533  0.0494802  0.0498178  0.0580069  0.0411507
 2  0.0270896  0.0331628  0.0358628  0.0358798  0.0354123  0.0202399  0.0230239  0.0204703  0.0295486  0.0359048  0.0339765  0.0034220  0.0019704  0.0149577  0.0180677  0.0220283  0.0298930  0.0388992  0.0421984  0.0213959  0.0192077  0.0118593  0.0135946  0.0077389  0.0071425  0.0076492  0.0057804
 3  0.1320490  0.1255974  0.1467844  0.1415745  0.1417670  0.1395908  0.1415846  0.1670949  0.2167624  0.3285939  0.5020086  0.1560383  0.1711531  0.1524741  0.1547030  0.1788418  0.2305062  0.3158642  0.4489976  0.5508398  0.4865778  0.4590548  0.4917767  0.5813239  0.5979529  0.5079053  0.1568822
 4  0.0507192  0.0339566  0.0354453  0.0338200  0.0348825  0.0385712  0.0486270  0.0696341  0.1035127  0.1346950  0.0891169  0.0407613  0.0314180  0.0265526  0.0354256  0.0498198  0.0623688  0.0693332  0.0648949  0.0561481  0.0533011  0.0608152  0.0715317  0.0731657  0.0634930  0.0461261  0.0376554
 1  0.1323154  0.1439949  0.1508560  0.1213509  0.1425369  0.2300150  0.2569894  0.2553050  0.2500548  0.2065541  0.1780070  0.1474738  0.1473246  0.1667283  0.1836667  0.1205712  0.0942542  0.0733445  0.0576308  0.1099946  0.1319060  0.2348477  0.4089989  0.3154135  0.3330914  0.0868115  0.0612079
 2  0.0251284  0.0271413  0.0293447  0.0249846  0.0294064  0.0447329  0.0465421  0.0429903  0.0428655  0.0335524  0.0278860  0.0251984  0.0276850  0.0324380  0.0358177  0.0217405  0.0124895  0.0108450  0.0100189  0.0222094  0.0308784  0.0601007  0.0871374  0.0425141  0.0375697  0.0120037  0.0087108
 3  0.1226001  0.1545180  0.1398607  0.1463064  0.1360678  0.1443014  0.1484674  0.1262985  0.1451940  0.1407192  0.1579403  0.1442596  0.1412849  0.1546014  0.1712674  0.1274977  0.1574312  0.1784952  0.1724362  0.1500132  0.1775840  0.2481439  0.4434880  0.8955922  0.1789420  0.1697042  0.1712298
 4  0.0466048  0.0381069  0.0318025  0.0295680  0.0326647  0.0348632  0.0373479  0.0327182  0.0377423  0.0389175  0.0351046  0.0306361  0.0306076  0.0338294  0.0366187  0.0499414  0.0533369  0.0414525  0.0325762  0.0277186  0.0417846  0.0621061  0.0683496  0.0684471  0.0442470  0.0421953  0.0419871
 1  0.1289129  0.2032378  0.2258032  0.1432948  0.1540631  0.1576440  0.1671353  0.0926637  0.1044386  0.0674943  0.0630718  0.0639540  0.0632921  0.0606349  0.0372777  0.1193580  0.1389662  0.2093174  0.2336196  0.2039152  0.2199663  0.3092577  0.4541861  0.2131098  0.3020591  0.0716020  0.0516140
 2  0.0243850  0.0384447  0.0436246  0.0275616  0.0287656  0.0290689  0.0320662  0.0184407  0.0203055  0.0121807  0.0113376  0.0117889  0.0114028  0.0086394  0.0059473  0.0224011  0.0300022  0.0451125  0.0431223  0.0365114  0.0417556  0.0616003  0.0885217  0.0371954  0.0361011  0.0086701  0.0077089
 3  0.1195341  0.1457752  0.1515227  0.1430667  0.1415178  0.1551384  0.1630637  0.1915732  0.2171897  0.2300561  0.2150022  0.2073332  0.1371336  0.1540560  0.1792031  0.1634164  0.1406205  0.1337348  0.1304280  0.1522930  0.1493134  0.1850179  0.2745757  0.5448116  0.8239168  0.6028843  0.4058134
 4  0.0452728  0.0348062  0.0325144  0.0346989  0.0351487  0.0337657  0.0398570  0.0500778  0.0511281  0.0461805  0.0447443  0.0463022  0.0505881  0.0493717  0.0347386  0.0277633  0.0288432  0.0412293  0.0383749  0.0326963  0.0270043  0.0357539  0.0487327  0.0810849  0.0569296  0.0446909  0.0474336
 1  0.1102676  0.1079712  0.1126166  0.1519052  0.1667582  0.1351339  0.1374320  0.1794072  0.2242026  0.2134098  0.3067909  0.1105912  0.1013059  0.1496718  0.1276088  0.0754197  0.0629661  0.0720585  0.0709870  0.1124709  0.0820414  0.0722030  0.0712464  0.1125365  0.1409724  0.1083037  0.0898527
 2  0.0212429  0.0209596  0.0228230  0.0303248  0.0333462  0.0258637  0.0256740  0.0355922  0.0480540  0.0467815  0.0488657  0.0160272  0.0162769  0.0222873  0.0195494  0.0116211  0.0100829  0.0130260  0.0135995  0.0182525  0.0136035  0.0129974  0.0141432  0.0251308  0.0349860  0.0215173  0.0160782
 3  0.1019949  0.1494798  0.1453322  0.1453811  0.1421824  0.1410805  0.1434140  0.1465540  0.1804065  0.2704472  0.4074455  0.4019704  0.3523337  0.3638942  0.3133817  0.2778670  0.1481437  0.1509285  0.1374820  0.1321168  0.1511507  0.1606574  0.1332371  0.1411621  0.1154042  0.1108755  0.1291183
 4  0.0398775  0.0373788  0.0335461  0.0359328  0.0315396  0.0363346  0.0307884  0.0372209  0.0538817  0.0790055  0.0584749  0.0551909  0.0622343  0.0516906  0.0479764  0.0430511  0.0322929  0.0296451  0.0417207  0.0427390  0.0361636  0.0337702  0.0266050  0.0347601  0.0328065  0.0394756  0.0332044
 1  0.1249681  0.1369230  0.1414405  0.3955896  0.7277183  0.8907228  0.7058150  0.2094210  0.1697020  0.0777434  0.0695180  0.0410827  0.0411072  0.1207743  0.1285544  0.0415366  0.0342122  0.0626298  0.0727990  0.0368748  0.0324639  0.0640863  0.1571295  0.0124622  0.0061457  0.0420005  0.0294949
 2  0.0235296  0.0257902  0.0277832  0.0830307  0.1545502  0.0950303  0.0805611  0.0231488  0.0206403  0.0098379  0.0068926  0.0053559  0.0064289  0.0164977  0.0147291  0.0050103  0.0046304  0.0090417  0.0099696  0.0045488  0.0045662  0.0101673  0.0188230  0.0012013  0.0007534  0.0049794  0.0037854
 3  0.1159195  0.1442145  0.1375612  0.1545348  0.2832609  0.9990000  0.9990000  0.9990000  0.9990000  0.9990000  0.9990000  0.8031974  0.7535101  0.9990000  0.9990000  0.9660382  0.7763351  0.7665097  0.9033343  0.9705296  0.8362018  0.9990000  0.9990000  0.9990000  0.9990000  0.8695668  0.6066914
 4  0.0433172  0.0336452  0.0303945  0.0395841  0.0748527  0.1365021  0.1266478  0.1584611  0.1508943  0.1672673  0.0973670  0.0854812  0.1198117  0.1296723  0.1065520  0.0870133  0.0889155  0.0999210  0.1037685  0.0909264  0.1046463  0.1664768  0.2342164  0.1373376  0.1024891  0.0753635  0.0617691
 1  0.1235830  0.1405912  0.1513532  0.2048973  0.2201712  0.1500689  0.1606179  0.1959782  0.2862581  0.0637598  0.0335944  0.0694229  0.0682096  0.1265540  0.1251187  0.2233546  0.2585046  0.3823525  0.5617538  0.4110797  0.3260557  0.2879477  0.3371522  0.2011145  0.2821652  0.0866898  0.0797544
 2  0.0244388  0.0275778  0.0302811  0.0393040  0.0385495  0.0271257  0.0321889  0.0435023  0.0607822  0.0083834  0.0049786  0.0119981  0.0134971  0.0256468  0.0232355  0.0421800  0.0491573  0.0727194  0.1021744  0.0511664  0.0434676  0.0424745  0.0529326  0.0306386  0.0351692  0.0111744  0.0083369
 3  0.1139036  0.1538661  0.1439702  0.1521688  0.1280837  0.1252193  0.1308463  0.1648874  0.2431553  0.1137341  0.1800076  0.1494926  0.1494076  0.1326189  0.1265782  0.1584382  0.1466527  0.1807262  0.2677213  0.5296410  0.4238830  0.3966971  0.4631600  0.7063832  0.9990000  0.9990000  0.9990000
 4  0.0466939  0.0355993  0.0345977  0.0383354  0.0318730  0.0355735  0.0476691  0.0718969  0.0840268  0.0413181  0.0381157  0.0287846  0.0311699  0.0366138  0.0395781  0.0339812  0.0304556  0.0370642  0.0503953  0.0474193  0.0457247  0.0530142  0.0694674  0.0986599  0.0955783  0.1082484  0.0668938
 1  0.1114495  0.1062878  0.1107721  0.1212491  0.1446736  0.0726846  0.0858302  0.0908931  0.0804397  0.0425906  0.0345387  0.0870274  0.0838118  0.1182520  0.1340048  0.2049817  0.2741451  0.3286995  0.6139476  0.2195842  0.1787925  0.0413365  0.0336765  0.1104405  0.1155934  0.0963248  0.0656188
 2  0.0220729  0.0212015  0.0229003  0.0261574  0.0313384  0.0157579  0.0171783  0.0166331  0.0130227  0.0069435  0.0061857  0.0163495  0.0166914  0.0248281  0.0292245  0.0458300  0.0626016  0.0735461  0.0950176  0.0271051  0.0199035  0.0056357  0.0053481  0.0190182  0.0193856  0.0142183  0.0097167
 3  0.1026403  0.1343418  0.1387220  0.1422508  0.1693738  0.2092786  0.2482349  0.1398314  0.1410835  0.1489732  0.1482541  0.1314006  0.1291910  0.1476702  0.1184402  0.1378729  0.1841179  0.3014881  0.5941407  0.8256120  0.6705858  0.4008815  0.3080795  0.2922921  0.3081428  0.1664730  0.1483860
 4  0.0426156  0.0333715  0.0289017  0.0265648  0.0310227  0.0390801  0.0380254  0.0415067  0.0406961  0.0368843  0.0329365  0.0306318  0.0297192  0.0312972  0.0283021  0.0342362  0.0481515  0.0743288  0.0682149  0.0700571  0.0459874  0.0417440  0.0445935  0.0480907  0.0450136  0.0435602  0.0382031
 1  0.1170474  0.1174287  0.1186698  0.1217424  0.1411487  0.0987945  0.1049975  0.2063204  0.2880293  0.0468178  0.0438412  0.0629436  0.0509202  0.1330480  0.1511208  0.1693406  0.2129658  0.1401947  0.1445557  0.1283324  0.1205871  0.0888786  0.0627844  0.0589170  0.0591117  0.0603926  0.0661644
 2  0.0222378  0.0223059  0.0236729  0.0254716  0.0290557  0.0196853  0.0215061  0.0442814  0.0563338  0.0080563  0.0064419  0.0097728  0.0087684  0.0259592  0.0321321  0.0367183  0.0447225  0.0252196  0.0237546  0.0206275  0.0181629  0.0128975  0.0102223  0.0108039  0.0123527  0.0134344  0.0147079
 3  0.1084871  0.1265783  0.1291476  0.1416967  0.1456094  0.1540151  0.1625011  0.1889511  0.2672610  0.3603521  0.3416161  0.1484510  0.1475991  0.1336536  0.1499991  0.1839922  0.2326835  0.3109905  0.3264453  0.3208621  0.3043446  0.1314217  0.1613075  0.1375919  0.1357421  0.1506399  0.1665038
 4  0.0409754  0.0351916  0.0292159  0.0332007  0.0338212  0.0324753  0.0378772  0.0491556  0.0529727  0.0585629  0.0407695  0.0352856  0.0293039  0.0343514  0.0430452  0.0518219  0.0599565  0.0596284  0.0551100  0.0537836  0.0442720  0.0322194  0.0341221  0.0374556  0.0475800  0.0540449  0.0563101
 1  0.1287303  0.1214578  0.1242646  0.2765993  0.3200283  0.5931754  0.9990000  0.3840938  0.2931808  0.3313868  0.3197090  0.5255859  0.6534824  0.4037721  0.2943369  0.2261987  0.1935206  0.1165659  0.1239934  0.0977372  0.1064153  0.0531004  0.0527390  0.1378491  0.1438138  0.1574170  0.1940274
 2  0.0248432  0.0232892  0.0247228  0.0530344  0.0581788  0.1092715  0.1442888  0.0472079  0.0447834  0.0516172  0.0489293  0.0825649  0.0993371  0.0535210  0.0330082  0.0317605  0.0323488  0.0216513  0.0245604  0.0201571  0.0220553  0.0105618  0.0099380  0.0258972  0.0278510  0.0321908  0.0365632
 3  0.1190409  0.1348271  0.1284508  0.1410771  0.1548389  0.1322276  0.1486678  0.1694130  0.1511737  0.1541455  0.1629180  0.1492901  0.1868280  0.2636876  0.1622781  0.1717809  0.1657345  0.1462441  0.1411224  0.1518718  0.1650368  0.1827178  0.1826695  0.1700365  0.1759711  0.1995714  0.2484452
 4  0.0466638  0.0331750  0.0326784  0.0337891  0.0323253  0.0370785  0.0436616  0.0334886  0.0311780  0.0312622  0.0357789  0.0339245  0.0399736  0.0429535  0.0451088  0.0315586  0.0310019  0.0284596  0.0291363  0.0330221  0.0354121  0.0363002  0.0323825  0.0309109  0.0349893  0.0447025  0.0433850
 1  0.1219628  0.1302858  0.1356421  0.1274471  0.1576033  0.1397181  0.1671447  0.0909640  0.0964648  0.0862774  0.1000399  0.1438200  0.2266795  0.0638575  0.0557476  0.0352355  0.0203443  0.0769861  0.0424895  0.1497607  0.1669070  0.2152728  0.3241450  0.2047225  0.3548899  0.1261740  0.1144592
 2  0.0230466  0.0247232  0.0268174  0.0266644  0.0354266  0.0292255  0.0302953  0.0152796  0.0162295  0.0145107  0.0172884  0.0245588  0.0273110  0.0083620  0.0054377  0.0043845  0.0027380  0.0096133  0.0061286  0.0260453  0.0340658  0.0509773  0.0838183  0.0496120  0.0612618  0.0158501  0.0142277
 3  0.1131144  0.1470923  0.1391265  0.1556787  0.1906006  0.2704996  0.3336811  0.3776714  0.3995206  0.4458986  0.5158959  0.7091390  0.9990000  0.9990000  0.9330002  0.1568850  0.1725466  0.1744082  0.1706569  0.1783572  0.1628898  0.1235652  0.1854072  0.3639334  0.6542700  0.9990000  0.9045843
 4  0.0426943  0.0366495  0.0288287  0.0364209  0.0516125  0.0576600  0.0553511  0.0580725  0.0633992  0.0703061  0.0870430  0.1160107  0.0968316  0.1025773  0.0516878  0.0451018  0.0602676  0.0546318  0.0412752  0.0342569  0.0285437  0.0230164  0.0360072  0.0588838  0.0547634  0.0535038  0.0467571
 1  0.1113715  0.1046022  0.1081230  0.1569373  0.1788149  0.1818686  0.2067050  0.2606620  0.3778957  0.1276364  0.1327977  0.0457360  0.0296696  0.0689897  0.0640351  0.1255123  0.1110021  0.1294897  0.1326134  0.1501181  0.1719109  0.1646209  0.0981665  0.1213142  0.1380404  0.1089309  0.1462595
 2  0.0213932  0.0202620  0.0218667  0.0318717  0.0360801  0.0360656  0.0412515  0.0533316  0.0769343  0.0212932  0.0184081  0.0058224  0.0043060  0.0115725  0.0124540  0.0233694  0.0193206  0.0237190  0.0258613  0.0301826  0.0361396  0.0233638  0.0148740  0.0218833  0.0289265  0.0249513  0.0334577
 3  0.1030635  0.1505728  0.1440097  0.1475191  0.1358709  0.1292737  0.1470573  0.1814141  0.2632166  0.4908194  0.5309911  0.4167875  0.1832753  0.1336732  0.1213180  0.1452052  0.1361943  0.1404981  0.1472501  0.1631446  0.1294771  0.1455117  0.1685511  0.1629690  0.1808480  0.2409932  0.3261489
 4  0.0401234  0.0338964  0.0345489  0.0348054  0.0312378  0.0291459  0.0343859  0.0452219  0.0639579  0.0779560  0.0610088  0.0416662  0.0366637  0.0363166  0.0443598  0.0456271  0.0361053  0.0298503  0.0315607  0.0354974  0.0487167  0.0440901  0.0341157  0.0255306  0.0384943  0.0535897  0.0668970
 1  0.1145158  0.0904078  0.0917576  0.1135656  0.1323778  0.2329261  0.3900408  0.1518219  0.1416059  0.0671766  0.0504967  0.0391090  0.0217916  0.0733251  0.0700154  0.0490791  0.0506053  0.0677550  0.0756506  0.0907016  0.1031230  0.0899707  0.0882039  0.0859039  0.1016405  0.0387908  0.0390309
 2  0.0226344  0.0177182  0.0186983  0.0239988  0.0293826  0.0544454  0.0859017  0.0213058  0.0188379  0.0083880  0.0070215  0.0048886  0.0032029  0.0125384  0.0133292  0.0100948  0.0111971  0.0156236  0.0173853  0.0203438  0.0224736  0.0174527  0.0166919  0.0174782  0.0195054  0.0071601  0.0074049
 3  0.1056338  0.1380456  0.1442794  0.1407682  0.1631825  0.2116505  0.3569710  0.8021083  0.7652862  0.7199924  0.5378501  0.1637969  0.1577423  0.1618585  0.1411995  0.1385370  0.1190924  0.1270369  0.1423910  0.1617200  0.1847537  0.2114037  0.2093417  0.2180566  0.2592834  0.2731609  0.2707580
 4  0.0427542  0.0345490  0.0324080  0.0284615  0.0366348  0.0527148  0.0743732  0.0714389  0.0679852  0.0555755  0.0520625  0.0442705  0.0344777  0.0336677  0.0316866  0.0301257  0.0283941  0.0312996  0.0347430  0.0371073  0.0407934  0.0361871  0.0366749  0.0466818  0.0453329  0.0450126  0.0490775
 1  0.1157815  0.0969098  0.1004365  0.1443344  0.1701871  0.1688926  0.1932183  0.0866949  0.0928106  0.0984085  0.1025810  0.0573804  0.0436474  0.0551788  0.0599933  0.0972992  0.1084922  0.0939421  0.1029013  0.0998440  0.1017289  0.0341297  0.0324714  0.0569327  0.0541346  0.0740709  0.0586444
 2  0.0229241  0.0192028  0.0205928  0.0303432  0.0354812  0.0344233  0.0389419  0.0171541  0.0181082  0.0195928  0.0166102  0.0088599  0.0076033  0.0111224  0.0141075  0.0236477  0.0245929  0.0197986  0.0208095  0.0191868  0.0193250  0.0063127  0.0063164  0.0109549  0.0095597  0.0121554  0.0103562
 3  0.1066490  0.1466876  0.1462785  0.1441430  0.1326165  0.1296437  0.1483713  0.1783574  0.1913325  0.2031897  0.2170544  0.1454872  0.1071132  0.0964523  0.1032039  0.1220842  0.1386796  0.1524822  0.1670417  0.1821025  0.1862837  0.1920340  0.1820224  0.1860155  0.1805236  0.1462669  0.1549835
 4  0.0440659  0.0344237  0.0308265  0.0313761  0.0314654  0.0296898  0.0338638  0.0395536  0.0408209  0.0459829  0.0304409  0.0361101  0.0361276  0.0449588  0.0629570  0.0663769  0.0627425  0.0646768  0.0685431  0.0671927  0.0685695  0.0667021  0.0726380  0.0695791  0.0555765  0.0376640  0.0297141
 1  0.1290325  0.1287604  0.1341922  0.1290718  0.1312302  0.1301476  0.1167081  0.1115813  0.1384772  0.1046702  0.1308651  0.1432579  0.1736491  0.0729940  0.0793796  0.1433590  0.3300805  0.0602161  0.0274661  0.0382377  0.0184320  0.0368795  0.0328619  0.1074868  0.1176070  0.1819701  0.2700887
 2  0.0246445  0.0244595  0.0263729  0.0249269  0.0237495  0.0223058  0.0212626  0.0225595  0.0310795  0.0227937  0.0254339  0.0247757  0.0254726  0.0104750  0.0127419  0.0230766  0.0381785  0.0057390  0.0030532  0.0041994  0.0026078  0.0061573  0.0059069  0.0213906  0.0257690  0.0427203  0.0630646
 3  0.1195162  0.1551546  0.1382176  0.1463802  0.1299117  0.1324078  0.1682207  0.1757569  0.2155742  0.3060133  0.3917603  0.4961062  0.6190818  0.6511017  0.6865625  0.9990000  0.9990000  0.9990000  0.9990000  0.1873601  0.1596270  0.1632961  0.1509972  0.1479896  0.1594346  0.1974442  0.2942546
 4  0.0458670  0.0380210  0.0325710  0.0392548  0.0363366  0.0359572  0.0318268  0.0423073  0.0619841  0.0721682  0.0750528  0.0805096  0.0744453  0.0786132  0.1077930  0.1670484  0.2152446  0.1341934  0.0789745  0.0458231  0.0374036  0.0349372  0.0351618  0.0297810  0.0386235  0.0528625  0.0747412
 1  0.1183230  0.1080783  0.1110636  0.2199220  0.2917104  0.2047962  0.2543850  0.1345882  0.1106818  0.0454187  0.0363794  0.1263977  0.1418082  0.1578006  0.1902847  0.0887965  0.0864567  0.1233244  0.0955472  0.0941771  0.0820462  0.1381823  0.1411387  0.1251382  0.1445665  0.0625468  0.0531690
 2  0.0224026  0.0207619  0.0223454  0.0467865  0.0617716  0.0411230  0.0488850  0.0213011  0.0166635  0.0072013  0.0063328  0.0245083  0.0305040  0.0343742  0.0355924  0.0153099  0.0149769  0.0200586  0.0142117  0.0151701  0.0147104  0.0258271  0.0279801  0.0267965  0.0294259  0.0114358  0.0096875
 3  0.1097152  0.1430007  0.1310719  0.1315638  0.1317758  0.1846853  0.2301005  0.2950916  0.1490502  0.1441698  0.1612613  0.1449206  0.1605421  0.2030488  0.2516115  0.2661901  0.2563289  0.1407975  0.1496180  0.1698240  0.1591634  0.1430743  0.1375451  0.1315306  0.1303655  0.1217122  0.1386828
 4  0.0420017  0.0335422  0.0292058  0.0303877  0.0292115  0.0370184  0.0431905  0.0370925  0.0395231  0.0360533  0.0330836  0.0367328  0.0492464  0.0579071  0.0509983  0.0501072  0.0507176  0.0468694  0.0399823  0.0361513  0.0346586  0.0323806  0.0293336  0.0300242  0.0407827  0.0329002  0.0314078
 1  0.1082802  0.1281870  0.1344448  0.1279651  0.1640388  0.2623396  0.5219407  0.3038458  0.1802578  0.0306747  0.0162346  0.0535258  0.0488699  0.1754547  0.2075253  0.1868613  0.1971991  0.0448857  0.0335479  0.1172847  0.1240583  0.3263922  0.4357252  0.1807705  0.1611505  0.1435855  0.0954864
 2  0.0206362  0.0246608  0.0269992  0.0273154  0.0367833  0.0595198  0.1072163  0.0304601  0.0201703  0.0031222  0.0020921  0.0086903  0.0092809  0.0372521  0.0460074  0.0387177  0.0325636  0.0069450  0.0056708  0.0220512  0.0252428  0.0668113  0.0792209  0.0286564  0.0212857  0.0194278  0.0142992
 3  0.1003378  0.1452493  0.1486256  0.1706663  0.2170828  0.3192981  0.6422920  0.9990000  0.9990000  0.9990000  0.1750739  0.1078655  0.0955399  0.0955058  0.1131877  0.1411825  0.1541338  0.1428410  0.1527179  0.1422467  0.1490025  0.1662918  0.2268648  0.3170573  0.1420180  0.1499087  0.1569462
 4  0.0383101  0.0326188  0.0300631  0.0394702  0.0542860  0.0803740  0.1319814  0.1654627  0.1194909  0.0652871  0.0345340  0.0354842  0.0425983  0.0482697  0.0577065  0.0599198  0.0427527  0.0367959  0.0324446  0.0268775  0.0317949  0.0334227  0.0359633  0.0409499  0.0453444  0.0406326  0.0368204
 1  0.1326288  0.1463043  0.1532919  0.1965024  0.2531921  0.1515996  0.1455790  0.1402037  0.1274504  0.1814556  0.2355397  0.0960334  0.1096150  0.1043235  0.0961321  0.0816225  0.0564512  0.1003571  0.0944735  0.1749038  0.2181109  0.1928451  0.2015434  0.1091850  0.1157315  0.0756292  0.0741886
 2  0.0249980  0.0274896  0.0298174  0.0401858  0.0525632  0.0273666  0.0219234  0.0224316  0.0230705  0.0374465  0.0501807  0.0195349  0.0209875  0.0181014  0.0138549  0.0119799  0.0081008  0.0165310  0.0181172  0.0372161  0.0460032  0.0373612  0.0376181  0.0207848  0.0228244  0.0147503  0.0143886
 3  0.1230205  0.1545636  0.1680068  0.1503123  0.1928049  0.2702615  0.1607158  0.1414428  0.1246410  0.1325707  0.1719556  0.2320532  0.2651656  0.2953605  0.2803305  0.1474952  0.1642936  0.1748024  0.1543912  0.1478395  0.1329416  0.1360681  0.1298148  0.1393209  0.1464264  0.1569303  0.1544090
 4  0.0462208  0.0346562  0.0309292  0.0283201  0.0365265  0.0371882  0.0416758  0.0321780  0.0378616  0.0520232  0.0636519  0.0765609  0.0782255  0.0736053  0.0486893  0.0420891  0.0410865  0.0311096  0.0284887  0.0351671  0.0364119  0.0344178  0.0327364  0.0384425  0.0425753  0.0427162  0.0415610
 1  0.1083181  0.1429281  0.1527550  0.1006196  0.1141273  0.1100728  0.1250905  0.1115302  0.1202783  0.0447213  0.0367971  0.0735559  0.0684835  0.0712155  0.0754091  0.0912880  0.0918690  0.0687944  0.0828599  0.0809822  0.1030454  0.0485457  0.0461393  0.0813991  0.0923008  0.0853341  0.0627078
 2  0.0208560  0.0276615  0.0306572  0.0207244  0.0239551  0.0234664  0.0260777  0.0231681  0.0204526  0.0073751  0.0067454  0.0136084  0.0132547  0.0147108  0.0158573  0.0186023  0.0190974  0.0154850  0.0197656  0.0194202  0.0245669  0.0090739  0.0077583  0.0140524  0.0167782  0.0121263  0.0090658
 3  0.1001866  0.1449329  0.1604526  0.1501037  0.1347669  0.1324086  0.1506469  0.1705329  0.1379895  0.1439379  0.1522268  0.1527781  0.1301496  0.1474858  0.1196675  0.1274082  0.1280016  0.1379882  0.1649598  0.2093505  0.2672440  0.3713026  0.3640497  0.3513438  0.3961678  0.4791387  0.3594343
 4  0.0388983  0.0362743  0.0327734  0.0334274  0.0269710  0.0265033  0.0283131  0.0327698  0.0388765  0.0359312  0.0371190  0.0371340  0.0299848  0.0300686  0.0314604  0.0329108  0.0357380  0.0467305  0.0607815  0.0722047  0.0920181  0.0745250  0.0673213  0.0728112  0.0919898  0.0626652  0.0520584
 1  0.1220607  0.3739779  0.5067676  0.4426300  0.7612485  0.5685410  0.6760874  0.1150317  0.0419886  0.0627211  0.0592625  0.1077762  0.0871336  0.0995285  0.0873539  0.0888771  0.0987856  0.1141902  0.1013691  0.2463308  0.3083881  0.1496923  0.0830398  0.1233088  0.1355969  0.1566680  0.2318499
 2  0.0234936  0.0715663  0.0934484  0.0777129  0.1249828  0.0671777  0.0804923  0.0094848  0.0051761  0.0091784  0.0091270  0.0158116  0.0127680  0.0160336  0.0156343  0.0182173  0.0195689  0.0205852  0.0187015  0.0478061  0.0620630  0.0199287  0.0123364  0.0217866  0.0281608  0.0371420  0.0547420
 3  0.1129126  0.1422837  0.1510144  0.2558996  0.4424766  0.9990000  0.9990000  0.9990000  0.6284812  0.4422161  0.4132250  0.3803406  0.1348259  0.1594871  0.1372971  0.1346910  0.1501906  0.1412282  0.1412544  0.1381308  0.1275459  0.1343893  0.1741365  0.1316844  0.1410039  0.1850712  0.2763877
 4  0.0437848  0.0351851  0.0305854  0.0487859  0.0745682  0.1213621  0.1480916  0.0860017  0.0613869  0.0622572  0.0625492  0.0502485  0.0351961  0.0316231  0.0340094  0.0439447  0.0396990  0.0395473  0.0313012  0.0349074  0.0476837  0.0496808  0.0379603  0.0440084  0.0664571  0.1017567  0.1296735
 1  0.1223909  0.0721368  0.0709573  0.0962099  0.0935548  0.1211585  0.1341492  0.1198865  0.1259837  0.1566362  0.1660779  0.3066295  0.4734364  0.5611088  0.9990000  0.0980782  0.0336597  0.0228369  0.0107207  0.0362285  0.0284255  0.0945347  0.1014819  0.1575154  0.1995437  0.1102818  0.0987535
 2  0.0234945  0.0138895  0.0143899  0.0186534  0.0182753  0.0244005  0.0263255  0.0235717  0.0251308  0.0307766  0.0324596  0.0633264  0.0999677  0.0960957  0.1805394  0.0083742  0.0029661  0.0023274  0.0014433  0.0055155  0.0049341  0.0184503  0.0218854  0.0361985  0.0365777  0.0189099  0.0181445
 3  0.1132614  0.1358759  0.1464205  0.1385666  0.1293859  0.1525390  0.1298364  0.1333453  0.1280686  0.1354826  0.1441272  0.1601231  0.2459071  0.6163632  0.9990000  0.9990000  0.9990000  0.6041232  0.1772972  0.1672492  0.1588266  0.1498615  0.1593639  0.1887195  0.1193709  0.1385913  0.1563225
 4  0.0441167  0.0325133  0.0349872  0.0381198  0.0323888  0.0341232  0.0350894  0.0318811  0.0314996  0.0316438  0.0339553  0.0435705  0.0692978  0.1108291  0.1899706  0.2730563  0.0981919  0.0423200  0.0390429  0.0363945  0.0344375  0.0307523  0.0388230  0.0493283  0.0430384  0.0316676  0.0315837
 1  0.1338174  0.0394052  0.0374849  0.1078311  0.1246614  0.0874988  0.0861201  0.0618194  0.0585208  0.0486742  0.0435779  0.0565447  0.0624058  0.0905319  0.1243007  0.0709710  0.0553923  0.1358196  0.1391589  0.1419251  0.1397320  0.1098634  0.1024781  0.1424145  0.1592377  0.2549767  0.3413209
 2  0.0253898  0.0074898  0.0075469  0.0228649  0.0267458  0.0178280  0.0161958  0.0119800  0.0097259  0.0084864  0.0083367  0.0118813  0.0146680  0.0235096  0.0305792  0.0125358  0.0098419  0.0251164  0.0267079  0.0268599  0.0273517  0.0203920  0.0185148  0.0276541  0.0324071  0.0526774  0.0667411
 3  0.1239903  0.1439961  0.1392295  0.1504530  0.1340081  0.1257939  0.1300249  0.1349864  0.1326672  0.1476681  0.1396369  0.1443255  0.1577128  0.1940365  0.2688207  0.1253996  0.1422808  0.1343901  0.1359414  0.1273969  0.1467125  0.1530764  0.1472246  0.1408595  0.1557093  0.1840693  0.2483043
 4  0.0476223  0.0335637  0.0308925  0.0310690  0.0320132  0.0339474  0.0319435  0.0380572  0.0418493  0.0341078  0.0287956  0.0292674  0.0387622  0.0558647  0.0591848  0.0420425  0.0348063  0.0309710  0.0329547  0.0326119  0.0358474  0.0382039  0.0338531  0.0271300  0.0325775  0.0381103  0.0456139
 1  0.1259169  0.0994288  0.0978719  0.1051021  0.1066310  0.1218732  0.1469702  0.1667542  0.1689905  0.1394280  0.1520858  0.2178305  0.2812428  0.1098663  0.1020696  0.1164990  0.1066079  0.2379294  0.2851446  0.2082087  0.2307609  0.1102051  0.0771677  0.1077542  0.0882065  0.1091909  0.0924859
 2  0.0239017  0.0186622  0.0193233  0.0203195  0.0210866  0.0257387  0.0306770  0.0320191  0.0313572  0.0265966  0.0306993  0.0456065  0.0535043  0.0182815  0.0168484  0.0189595  0.0184802  0.0436564  0.0474113  0.0341627  0.0385826  0.0155776  0.0104631  0.0167148  0.0138847  0.0175683  0.0167097
 3  0.1166749  0.1339932  0.1333717  0.1516181  0.1407492  0.1530896  0.1246296  0.1449318  0.1320005  0.1351012  0.1460458  0.1737394  0.2280194  0.2770356  0.2560657  0.2379882  0.2164769  0.2174468  0.2655997  0.2848075  0.3099808  0.3551853  0.1618129  0.1578822  0.1465262  0.1617799  0.1517274
 4  0.0437607  0.0355432  0.0318143  0.0362219  0.0300426  0.0295891  0.0327447  0.0356610  0.0310787  0.0349131  0.0428472  0.0526101  0.0536481  0.0525479  0.0500605  0.0451194  0.0475812  0.0530746  0.0503763  0.0556035  0.0636763  0.0499577  0.0406118  0.0359008  0.0389239  0.0408225  0.0280374
 1  0.1118120  0.1986539  0.2249319  0.1718163  0.2115371  0.1607157  0.1502573  0.1876933  0.1834496  0.1877773  0.1441796  0.1225392  0.1429818  0.2107710  0.2819850  0.2249311  0.3322141  0.1253498  0.1511315  0.0524643  0.0612967  0.0405331  0.0320843  0.0347800  0.0184669  0.0382311  0.0455623
 2  0.0220355  0.0391743  0.0449855  0.0353461  0.0427396  0.0287967  0.0271293  0.0335972  0.0283931  0.0272493  0.0236258  0.0233733  0.0291104  0.0451104  0.0615051  0.0445267  0.0567084  0.0169258  0.0203438  0.0068167  0.0078234  0.0046458  0.0040634  0.0035056  0.0023679  0.0057351  0.0063444
 3  0.1031050  0.1344497  0.1389029  0.1431879  0.1190262  0.1349415  0.1552874  0.1583011  0.1534575  0.1687286  0.1658560  0.1588103  0.1471409  0.1690228  0.2244177  0.3707306  0.5616914  0.9866102  0.9990000  0.9990000  0.9990000  0.9990000  0.9990000  0.9990000  0.8041951  0.6894593  0.8335798
 4  0.0419424  0.0309289  0.0278899  0.0291646  0.0336650  0.0333507  0.0351520  0.0440028  0.0487633  0.0440095  0.0323459  0.0300131  0.0348493  0.0421052  0.0577450  0.0770576  0.0909438  0.1063622  0.1325097  0.1730229  0.1978134  0.1743720  0.1680424  0.0961379  0.0797812  0.0961070  0.0946867
 1  0.1216805  0.1696245  0.1821448  0.1692986  0.2079859  0.1462630  0.1661487  0.0743398  0.0596825  0.1272399  0.1252968  0.2266379  0.2973797  0.2209532  0.2231899  0.1625072  0.1511580  0.0735193  0.0557715  0.1133991  0.1202481  0.1683107  0.1482987  0.1836347  0.1778996  0.2342993  0.3019262
 2  0.0233076  0.0324498  0.0358512  0.0347747  0.0433570  0.0293616  0.0279907  0.0118056  0.0098557  0.0225107  0.0238025  0.0459274  0.0629512  0.0380526  0.0344422  0.0245261  0.0229509  0.0110966  0.0092051  0.0213988  0.0227556  0.0296889  0.0247070  0.0307784  0.0315781  0.0451795  0.0611915
 3  0.1125661  0.1383362  0.1364012  0.1380312  0.1688783  0.2211704  0.2570630  0.1502339  0.1594711  0.1469963  0.1563634  0.1666273  0.2177774  0.3458119  0.3617521  0.3543534  0.3307589  0.1455601  0.1349426  0.1427108  0.1325727  0.1355165  0.1626705  0.1716651  0.1603047  0.1642972  0.1301126
 4  0.0435238  0.0334906  0.0304671  0.0286136  0.0352279  0.0423601  0.0339147  0.0368112  0.0378070  0.0326229  0.0317512  0.0378872  0.0532468  0.0518795  0.0475149  0.0463130  0.0436960  0.0349740  0.0302947  0.0304327  0.0379586  0.0427100  0.0417395  0.0398237  0.0354463  0.0314418  0.0379315
 1  0.1291358  0.1155133  0.1168480  0.1359066  0.1457457  0.2004961  0.2353587  0.2580102  0.3602230  0.2017513  0.2348696  0.0990843  0.0444231  0.1003077  0.1017763  0.1343814  0.1525928  0.0745835  0.0793195  0.0646406  0.0631255  0.1065253  0.1140105  0.0772732  0.0749302  0.1096681  0.1252915
 2  0.0246433  0.0217718  0.0229417  0.0268230  0.0292554  0.0399420  0.0464420  0.0511474  0.0654075  0.0327610  0.0339840  0.0104709  0.0063345  0.0172500  0.0199901  0.0286040  0.0315783  0.0149866  0.0158284  0.0122823  0.0120830  0.0205759  0.0216503  0.0139364  0.0139471  0.0213451  0.0228060
 3  0.1195893  0.1468590  0.1403724  0.1263599  0.1469446  0.1449314  0.1708851  0.2174879  0.3069008  0.4471076  0.5245059  0.1522320  0.1765476  0.1469918  0.1361121  0.1484873  0.1700444  0.1868112  0.1973806  0.2126079  0.2085795  0.2117987  0.2280063  0.2409883  0.2331328  0.2449873  0.2832056
 4  0.0454104  0.0362459  0.0332550  0.0319746  0.0321914  0.0285330  0.0335367  0.0439835  0.0502177  0.0615765  0.0578099  0.0438594  0.0345295  0.0265982  0.0279851  0.0324249  0.0325033  0.0348432  0.0378825  0.0359534  0.0367459  0.0380824  0.0393176  0.0372338  0.0399587  0.0460905  0.0441605
 1  0.1456978  0.1639748  0.1696974  0.2133820  0.2459026  0.1526499  0.1496393  0.1696315  0.1475105  0.1844710  0.2427263  0.1300692  0.1345081  0.0742300  0.0912856  0.1114297  0.1448806  0.0819239  0.1086092  0.0479515  0.0481241  0.0334528  0.0223838  0.0186004  0.0131970  0.0877353  0.0999513
 2  0.0272533  0.0303982  0.0324983  0.0412237  0.0475944  0.0290581  0.0221755  0.0259866  0.0256411  0.0365190  0.0522854  0.0242141  0.0230339  0.0131586  0.0165618  0.0187819  0.0216102  0.0113658  0.0136117  0.0060206  0.0062660  0.0040100  0.0021949  0.0023042  0.0020347  0.0151012  0.0186089
 3  0.1352938  0.1391245  0.1299938  0.1301569  0.1407482  0.1433668  0.1546089  0.1662580  0.1590507  0.1674022  0.2185875  0.3310561  0.3502936  0.3780833  0.4616004  0.6212180  0.8277329  0.9990000  0.9990000  0.9990000  0.9990000  0.9990000  0.9990000  0.5343867  0.3551388  0.3325913  0.3777011
 4  0.0503031  0.0314851  0.0307186  0.0296457  0.0318846  0.0473159  0.0474449  0.0396469  0.0271227  0.0374336  0.0536050  0.0539994  0.0523167  0.0656079  0.0823559  0.0917730  0.0989635  0.1234044  0.1344202  0.1379537  0.1467533  0.1334244  0.0637833  0.0456149  0.0488797  0.0558715  0.0715143
 1  0.1394635  0.2068314  0.2219307  0.2377384  0.2983455  0.2304122  0.3003244  0.1717350  0.2160434  0.0617524  0.0342800  0.0695317  0.0661574  0.0727735  0.0734951  0.0747564  0.0822948  0.0480577  0.0458468  0.0769871  0.0654606  0.1169200  0.1256699  0.1151688  0.1109079  0.1516172  0.1831429
 2  0.0258566  0.0381356  0.0420835  0.0464648  0.0576726  0.0430016  0.0570632  0.0294930  0.0301014  0.0068644  0.0047188  0.0113530  0.0110401  0.0130993  0.0147491  0.0154245  0.0156186  0.0089844  0.0072014  0.0126176  0.0114742  0.0226295  0.0256205  0.0225229  0.0216002  0.0310893  0.0408634
 3  0.1297000  0.1333602  0.1401762  0.1378655  0.1729825  0.2332107  0.3020293  0.5075977  0.6697083  0.6012083  0.3205904  0.2367572  0.2240788  0.1985378  0.1958026  0.2246319  0.2522120  0.2533237  0.2457116  0.1411003  0.1543535  0.1351096  0.1243404  0.1313374  0.1270363  0.1285397  0.1532447
 4  0.0471594  0.0322541  0.0288639  0.0306230  0.0368505  0.0471862  0.0657106  0.0871643  0.0764274  0.0456761  0.0380696  0.0406991  0.0375096  0.0382919  0.0479080  0.0542209  0.0489683  0.0504615  0.0336128  0.0347150  0.0327307  0.0295945  0.0333544  0.0344224  0.0337390  0.0401542  0.0571631
 1  0.1220500  0.2055958  0.2328774  0.2225514  0.2960924  0.1506096  0.1395097  0.1314193  0.1161460  0.1187820  0.1198395  0.1449441  0.1398712  0.2827084  0.3642337  0.3607613  0.2838626  0.1434533  0.1479399  0.2189689  0.2226089  0.1104285  0.1089070  0.1756262  0.1895824  0.0839746  0.0727418
 2  0.0232430  0.0391999  0.0452169  0.0454578  0.0592133  0.0253096  0.0233609  0.0218142  0.0192135  0.0214035  0.0225855  0.0268460  0.0258029  0.0547590  0.0734983  0.0531000  0.0412185  0.0239848  0.0267900  0.0390137  0.0396949  0.0197249  0.0195865  0.0330522  0.0316781  0.0137202  0.0133323
 3  0.1131263  0.1536696  0.1419747  0.1423448  0.1889575  0.2568488  0.1643867  0.1642291  0.1594628  0.1484353  0.1445486  0.1344744  0.1268255  0.1241868  0.1588279  0.2400257  0.1704603  0.1474526  0.1497494  0.1569889  0.1605162  0.1719834  0.1697866  0.1678179  0.1837817  0.1623881  0.1365708
 4  0.0431712  0.0366069  0.0321832  0.0277884  0.0336214  0.0319839  0.0330724  0.0369054  0.0346617  0.0297294  0.0353740  0.0341118  0.0325718  0.0361891  0.0509512  0.0376006  0.0345973  0.0422089  0.0485676  0.0452483  0.0472449  0.0512480  0.0513817  0.0558567  0.0455092  0.0402689  0.0453098
 1  0.1033990  0.1992275  0.2288726  0.2436437  0.2967462  0.2405679  0.2270608  0.0970793  0.1076597  0.0565681  0.0593907  0.0834026  0.0928428  0.0297244  0.0313355  0.0966708  0.1077061  0.1387411  0.1843094  0.1433293  0.1377570  0.1079336  0.1065400  0.0772170  0.0729047  0.0246636  0.0164389
 2  0.0201090  0.0391881  0.0459127  0.0480794  0.0549371  0.0398083  0.0384366  0.0178824  0.0222544  0.0116112  0.0114119  0.0160558  0.0171594  0.0055463  0.0055522  0.0174607  0.0196814  0.0256191  0.0309545  0.0201179  0.0181761  0.0151115  0.0151362  0.0113384  0.0091930  0.0031820  0.0025153
 3  0.0955240  0.1411757  0.1382226  0.1476811  0.1289902  0.1466184  0.1602862  0.1685670  0.1838304  0.2280352  0.2442278  0.2461547  0.2737845  0.2959936  0.3119058  0.3012976  0.3317622  0.3979167  0.5345934  0.6906372  0.6721011  0.6010406  0.5868713  0.5805892  0.5602342  0.3662355  0.1536409
 4  0.0379955  0.0371524  0.0322870  0.0347190  0.0352176  0.0359878  0.0301723  0.0389564  0.0532563  0.0573840  0.0530051  0.0570140  0.0585917  0.0659417  0.0605222  0.0628318  0.0714451  0.0878925  0.0945412  0.0882537  0.0785254  0.0802117  0.0798788  0.0845948  0.0587081  0.0406182  0.0311357
 1  0.1289827  0.1529872  0.1626835  0.1095913  0.0952893  0.1067797  0.1255298  0.1478306  0.0977077  0.1038080  0.0999103  0.1203820  0.1476543  0.1472058  0.1651113  0.1688240  0.1639433  0.1175960  0.0806398  0.1073916  0.1090225  0.1173366  0.1297843  0.1212849  0.1515443  0.1888440  0.2821910
 2  0.0254748  0.0298158  0.0323657  0.0192903  0.0169127  0.0210878  0.0278212  0.0239524  0.0146150  0.0174805  0.0187448  0.0254154  0.0350473  0.0341025  0.0334396  0.0305326  0.0292788  0.0176589  0.0126211  0.0188948  0.0213254  0.0242453  0.0278829  0.0269635  0.0345574  0.0420616  0.0541241
 3  0.1188967  0.1325669  0.1635469  0.1501180  0.1415342  0.1331308  0.1310842  0.1274223  0.1628035  0.1532106  0.1552533  0.1543244  0.1378844  0.1221237  0.1441476  0.1497589  0.1446928  0.1335397  0.1743893  0.1614344  0.1516933  0.1447474  0.1445382  0.1674543  0.2087332  0.2948036  0.4510795
 4  0.0485996  0.0337892  0.0393400  0.0394481  0.0308489  0.0384888  0.0431995  0.0492072  0.0428258  0.0325173  0.0306762  0.0293782  0.0268152  0.0369370  0.0408418  0.0373854  0.0434932  0.0436939  0.0422583  0.0321449  0.0343261  0.0320298  0.0314351  0.0386390  0.0516334  0.0668912  0.0749124
 1  0.1303734  0.2103821  0.2383709  0.4695907  0.8834528  0.5880351  0.6054078  0.0616235  0.0456825  0.0729617  0.0634522  0.0848063  0.1131166  0.0985900  0.0510388  0.0795154  0.0657381  0.1812614  0.2458975  0.2794008  0.1435546  0.1436276  0.1543734  0.2208193  0.2665242  0.1521135  0.1959136
 2  0.0246442  0.0398379  0.0458568  0.0920697  0.1624074  0.0728455  0.0483722  0.0073337  0.0061199  0.0103282  0.0100241  0.0151213  0.0210439  0.0116968  0.0056646  0.0115973  0.0116575  0.0379709  0.0562931  0.0360407  0.0197368  0.0238930  0.0305057  0.0460351  0.0550751  0.0321530  0.0397689
 3  0.1208495  0.1593395  0.1470051  0.1809737  0.3434092  0.9990000  0.9990000  0.7876379  0.5516710  0.4440859  0.3774909  0.3867633  0.5120466  0.7132025  0.1734236  0.1770770  0.1392569  0.1419077  0.1326224  0.1209128  0.1827692  0.1740461  0.1550423  0.1348801  0.1386459  0.1770663  0.2282915
 4  0.0458997  0.0368936  0.0335543  0.0432899  0.0740101  0.1944153  0.0991754  0.0745939  0.0665829  0.0590354  0.0635492  0.0843144  0.1150187  0.0622730  0.0425148  0.0354128  0.0428655  0.0593280  0.0615867  0.0520475  0.0399590  0.0322743  0.0305320  0.0325155  0.0307269  0.0430033  0.0501378
 1  0.1268093  0.1692310  0.1849153  0.1784155  0.2174786  0.1859793  0.2133162  0.1875277  0.2400385  0.0735699  0.0457992  0.0767375  0.0793164  0.0988827  0.1065416  0.1432139  0.1406209  0.1189317  0.1142410  0.2134825  0.2808134  0.1490525  0.1687908  0.0993023  0.0519905  0.1536036  0.1631036
 2  0.0247688  0.0329358  0.0366171  0.0366131  0.0448043  0.0360063  0.0401597  0.0353490  0.0413555  0.0094687  0.0067680  0.0133666  0.0150670  0.0197438  0.0202299  0.0259570  0.0227973  0.0199741  0.0213484  0.0429665  0.0555725  0.0264895  0.0273540  0.0115231  0.0072360  0.0257140  0.0306243
 3  0.1170336  0.1430433  0.1405036  0.1245820  0.1513160  0.1916313  0.2206904  0.2738169  0.3547248  0.3922599  0.2398037  0.1882609  0.1919881  0.2034681  0.2206570  0.2206860  0.2191115  0.1877051  0.1755064  0.1943404  0.2578663  0.3661533  0.4198990  0.3998645  0.1784600  0.1839711  0.1389973
 4  0.0472314  0.0351701  0.0314803  0.0292365  0.0349213  0.0385877  0.0437237  0.0562010  0.0583765  0.0365975  0.0313810  0.0358426  0.0412834  0.0450669  0.0420055  0.0394631  0.0318061  0.0307539  0.0368647  0.0458347  0.0548512  0.0634830  0.0621884  0.0310243  0.0350039  0.0326338  0.0323014
 1  0.1361934  0.1759543  0.1878762  0.1726855  0.2105005  0.2512439  0.3083523  0.1563563  0.0847239  0.0924010  0.0923591  0.0818527  0.0717739  0.0980541  0.1012571  0.1513302  0.2162620  0.2719639  0.4415230  0.0825350  0.0903171  0.0729849  0.0674576  0.1569469  0.0674741  0.1562399  0.1598525
 2  0.0264105  0.0337645  0.0367490  0.0344882  0.0431428  0.0472732  0.0517428  0.0190010  0.0120500  0.0155815  0.0182526  0.0158813  0.0126266  0.0182437  0.0204518  0.0341219  0.0513075  0.0568295  0.0631570  0.0108442  0.0105609  0.0092918  0.0090171  0.0158668  0.0093819  0.0260105  0.0289162
 3  0.1257440  0.1295439  0.1403309  0.1623151  0.1969297  0.2665881  0.3358658  0.1509977  0.1738379  0.1665677  0.1431105  0.1286591  0.1353542  0.1549409  0.1563805  0.1834859  0.2614515  0.4386054  0.7555838  0.9962208  0.9990000  0.8516986  0.7596753  0.1602345  0.1858457  0.1639235  0.1547836
 4  0.0501259  0.0324786  0.0305344  0.0371637  0.0478220  0.0523276  0.0546322  0.0456942  0.0409011  0.0291498  0.0306927  0.0398341  0.0366486  0.0336613  0.0424314  0.0615242  0.0874115  0.1059325  0.0949250  0.1171239  0.0997724  0.0931174  0.0918124  0.0451047  0.0357793  0.0304415  0.0344174
 1  0.1185326  0.1309629  0.1351106  0.0844648  0.0981694  0.2177146  0.3407470  0.1205056  0.0672281  0.1050094  0.1040332  0.1054876  0.1077894  0.1434498  0.1606047  0.2589623  0.3158536  0.0933329  0.0751178  0.1128552  0.1195881  0.0980714  0.0982615  0.2020463  0.2672295  0.1965492  0.1653511
 2  0.0227503  0.0250517  0.0268897  0.0177180  0.0221871  0.0512402  0.0685045  0.0151944  0.0097626  0.0179815  0.0189746  0.0206029  0.0215146  0.0295460  0.0326954  0.0528169  0.0521323  0.0142304  0.0131234  0.0216354  0.0232117  0.0188849  0.0198042  0.0427269  0.0525315  0.0306347  0.0259587
 3  0.1096772  0.1358538  0.1288189  0.1434864  0.1651220  0.2136353  0.3418664  0.1608544  0.1631525  0.1558644  0.1432178  0.1266237  0.1335851  0.1273459  0.1421039  0.1603775  0.2005953  0.1628458  0.1500165  0.1453238  0.1548847  0.1567617  0.1556789  0.1721334  0.2301225  0.2829629  0.2384558
 4  0.0422451  0.0337557  0.0292901  0.0365543  0.0488683  0.0657527  0.0714742  0.0429149  0.0360660  0.0306191  0.0326864  0.0344348  0.0329676  0.0289119  0.0311356  0.0357612  0.0278258  0.0355086  0.0306351  0.0351987  0.0351333  0.0345238  0.0388284  0.0480144  0.0515573  0.0403861  0.0376579
 1  0.1320631  0.1129398  0.1147070  0.0915421  0.0727902  0.1091257  0.1232749  0.0901477  0.1021688  0.1324611  0.1544973  0.1696226  0.1735667  0.0921578  0.0822693  0.1405184  0.1502228  0.0951256  0.0921793  0.0534281  0.0543355  0.0266206  0.0236191  0.0654493  0.0618881  0.1334569  0.1401027
 2  0.0255619  0.0214588  0.0225774  0.0155161  0.0127266  0.0210522  0.0260340  0.0202749  0.0220370  0.0280712  0.0334541  0.0329577  0.0296670  0.0156337  0.0150732  0.0272051  0.0303257  0.0184568  0.0177148  0.0107149  0.0102839  0.0049457  0.0046391  0.0127922  0.0120809  0.0261747  0.0286112
 3  0.1220465  0.1490753  0.1548883  0.1330909  0.1537493  0.1520998  0.1353969  0.1289081  0.1354349  0.1423475  0.1641235  0.2106844  0.1629533  0.1417331  0.1352088  0.1318558  0.1409178  0.1556218  0.1518548  0.1518996  0.1553166  0.1343335  0.1390166  0.1364538  0.1448529  0.1451402  0.1381618
 4  0.0476083  0.0369424  0.0433525  0.0410213  0.0341595  0.0268332  0.0292320  0.0304478  0.0350856  0.0369909  0.0479512  0.0455805  0.0368562  0.0346724  0.0302326  0.0320867  0.0362774  0.0350892  0.0346945  0.0390614  0.0335793  0.0321027  0.0319541  0.0366858  0.0345419  0.0332991  0.0305544
 1  0.1123856  0.1157457  0.1204621  0.2221546  0.3307371  0.4772028  0.7163160  0.1480647  0.0985053  0.1578197  0.1538187  0.0738100  0.0768805  0.1426961  0.1466613  0.2035026  0.2088412  0.1212009  0.1080472  0.1303421  0.1225535  0.1715774  0.1685196  0.1989548  0.2119056  0.2975356  0.3932899
 2  0.0216566  0.0225475  0.0244876  0.0484567  0.0750293  0.0866894  0.0735239  0.0187192  0.0137153  0.0256248  0.0284157  0.0147797  0.0149213  0.0271483  0.0284133  0.0377713  0.0366894  0.0205614  0.0197188  0.0235696  0.0230436  0.0316331  0.0310726  0.0364316  0.0395992  0.0567078  0.0750885
 3  0.1039106  0.1391929  0.1486274  0.1690710  0.2497662  0.5028138  0.8605123  0.1658533  0.1605226  0.1527595  0.1421719  0.1572504  0.1651605  0.1455355  0.1192488  0.1499964  0.1532127  0.1369626  0.1382227  0.1307056  0.1418151  0.1289026  0.1349981  0.1577702  0.1542902  0.1744721  0.2315603
 4  0.0408804  0.0321653  0.0281800  0.0376648  0.0590026  0.0707949  0.0457021  0.0390631  0.0367646  0.0290922  0.0277180  0.0343937  0.0306311  0.0330702  0.0310718  0.0379385  0.0397597  0.0343229  0.0304421  0.0332880  0.0342220  0.0339207  0.0324904  0.0353598  0.0300293  0.0349867  0.0471738
