2019 2020 2021 2022 2023 2024 2025 2026 2027 2028 2029 2030 2031 2032 2033 2034 2035 2036 2037 2038 2039 2040 2041 2042 2043 2044 2045
 0.3700447  0.4130349  0.3877916  0.4703159  0.4306062  0.4011448  0.3427977  0.5127420  0.7607284  1.3581346        NaN        NaN        NaN        NaN        NaN        NaN        NaN        NaN        NaN  1.7917490  4.8683934        NaN        NaN        NaN  0.3497146  0.4725682  0.4756925
 0.3581629  0.3808625  0.4006814  0.5082137  0.6307441  0.5653325  0.5088061  0.3897155  0.4008785  0.3489922  0.3588566  0.3059547  0.3007591  0.3114982  0.3087312  0.2658533  0.2880028  0.3021517  0.2673624  0.6997761  1.0098121  1.0207546  1.6956638  1.4936428        NaN        NaN  2.2972608
 0.3469262  0.4944320  0.5345381  0.4511399  0.4967309  0.7519045  1.3169876  0.9516441  0.9466196  0.7028778  0.7946174  0.9798881  0.8860926  0.5945300  0.5496005  0.6291210  0.6188381  0.5897156  0.5604714  0.5192211  0.5429355  0.8798904  1.4576435  0.9327772  0.3396989  0.2765745  0.2512206
 0.3481117  0.3058582  0.2914683  0.4671513  0.5522228  0.5365352  0.7331891  0.5481593  0.2888684  0.2459733  0.2608180  0.2644111  0.2469760  0.2721056  0.2757641  0.3076339  0.3280620  0.4215414  0.4669585  0.4073446  0.3969893  0.5145985  0.5372276  0.7099200  1.2509786  1.6752641        NaN
 0.3492800  0.3503811  0.3508724  0.3940959  0.4017461  0.4928706  0.5111125  0.8395143  1.0941283  1.1581955  2.4720884  2.1647577  1.7658397  0.2661363  0.2525215  0.4077115  0.4467407  0.6140411  0.7615812  0.3603080  0.3067308  0.5391901  0.7231852  1.2347456        NaN        NaN  1.3238157
 0.3398981  0.4801376  0.5395947  0.6707503  0.9899945  1.1350564        NaN  2.3565402  0.3243801  0.2199187  0.1900144  0.1924027  0.1972361  0.2775063  0.2804553  0.3540606  0.4239220  0.3868058  0.4439255  0.3133729  0.2830003  0.3142621  0.2395412  0.4106050  0.4771334  0.2996674  0.2541590
 0.3830502  0.5270750  0.5698046  0.3792048  0.4032468  0.3819203  0.4932178  0.5814645  0.8450649  1.1999184        NaN  4.2022216  0.8684595  0.5168339  0.4334325  0.7298669  0.9677084  1.0563908  0.9249081  0.2532060  0.2572603  0.3043842  0.2549816  0.4080693  0.4017211  0.4031403  0.5413344
 0.3706689  0.2552040  0.2318784  0.2539915  0.2963627  0.4783522  0.4101864  0.5971299  0.6217995  0.3743518  0.3616031  0.5844615  0.8149773  0.8695019  1.7289685  2.3601840  0.2490250  0.3806815  0.3785428  0.7664550  0.9783687  0.9732701  2.7736686  2.6073365  3.2550084  1.3210146  0.2467036
 0.3644012  0.5441223  0.5887224  0.7742476  1.4325152  1.3448110  1.9539459  0.7101539  0.2622037  0.3064507  0.2939626  0.3908123  0.4148201  0.4259800  0.5493642  0.6221986  1.0561946  1.2790154  1.1542685  1.0867519  1.0274101  0.7698539  0.2924452  0.2061041  0.2723439  0.3309888  0.2851146
 0.3855958  0.4995228  0.5070155  0.4486171  0.4369103  0.3751649  0.4856429  0.6026438  0.8230418  0.9143900  0.9849367  0.8944568  1.0764729  1.1240778  0.2965002  0.3084006  0.2517402  0.4150108  0.4587197  0.5880134  1.0132389        NaN        NaN        NaN  3.3030756  2.7263058  2.6789913
 0.3454323  0.3684235  0.3277590  0.3547715  0.3862977  0.4046290  0.4547564  0.4201544  0.4742306  0.5311307  0.6296715  0.3528387  0.3349701  0.4823822  0.4625417  0.4121835  0.4385983  0.4215756  0.4668198  0.3510049  0.3887837  0.5673299  0.7118112  0.5876113  0.6890377  0.9526203  1.2902906
 0.3874715  0.4173275  0.4260239  0.4936415  0.5919721  0.6887141  1.1592548  1.9864277        NaN        NaN  3.1059868  0.2864463  0.2615014  0.4032281  0.3369133  0.5184310  0.5900042  0.7129754  0.6758773  0.3349747  0.3065106  0.4114881  0.3742915  0.4411667  0.4363913  0.5023723  0.4988122
 0.4074468  0.4696101  0.5249047  0.3738889  0.4127579  0.3340093  0.3109563  0.2771970  0.3207102  0.5267081  0.8475570  1.1416555  1.6240759  1.8627958        NaN        NaN        NaN  1.7255002  0.6953145  0.5010607  0.4911889  0.6187885  0.7391212  1.1354163  1.1946400  0.3392578  0.3005836
 0.3874858  0.4708200  0.5010116  0.8528636  1.8581613  2.8829951  2.4740995  1.4165924  1.5883553  1.3479093  1.0600763  0.4211077  0.3556618  0.4942412  0.5825550  0.5398865  0.4257824  0.3358500  0.2922914  0.3327788  0.3044457  0.5328386  0.8336136  1.1878578        NaN        NaN        NaN
 0.4330903  0.4586364  0.5142574  0.5092591  0.5306077  0.3701211  0.3962724  0.4201366  0.6051605  1.0007494  1.6160927  0.1983689  0.2364492  0.3268826  0.3491049  0.4111804  0.5712988  0.8952142  1.5583046  1.4027367  1.1261005  0.9189381  1.0629641  1.2042155  1.1813264  0.8863205  0.2620768
 0.3942923  0.4509066  0.4323478  0.3862167  0.4140487  0.6030067  0.6688435  0.6068197  0.6407003  0.5364669  0.5003123  0.4247340  0.4243021  0.4885782  0.5547697  0.3766772  0.3415471  0.3506257  0.3175099  0.3681720  0.4692207  0.8910888        NaN        NaN  0.7651249  0.3496721  0.3180717
 0.3817389  0.5471490  0.6020732  0.4269686  0.4441434  0.4697455  0.5122663  0.4317143  0.4968925  0.4378574  0.4049912  0.3975712  0.2979920  0.2964699  0.2931908  0.4033980  0.4071954  0.5558102  0.5876965  0.5522073  0.5742442  0.8911193  1.9972478  2.0261475        NaN  1.1302700  0.7026565
 0.3184712  0.3783655  0.3750264  0.4504206  0.4657233  0.4118944  0.4105785  0.5060791  0.6957818  0.9185717  1.6513750  0.8376448  0.7460467  0.8545112  0.6907715  0.5125442  0.2887493  0.3075104  0.3026886  0.3571587  0.3287822  0.3271925  0.2798188  0.3699648  0.3796393  0.3279392  0.3105795
 0.3667083  0.4152629  0.4099029  1.1071570        NaN        NaN        NaN        NaN        NaN        NaN  2.5778771  2.1680075  2.3968106        NaN        NaN        NaN  1.9967132  2.4267856        NaN        NaN  2.9639748        NaN        NaN  1.7658774        NaN  2.2847113  1.0742908
 0.3677299  0.4412404  0.4441872  0.5682207  0.5400108  0.4113041  0.4599934  0.6290521  1.0968208  0.2279950  0.2864345  0.2996932  0.3015474  0.3852480  0.3765194  0.6104286  0.6611165  1.1135597  3.8279187  4.0055136  1.6498770  1.4578933  2.4415953        NaN        NaN        NaN  4.0040480
 0.3255887  0.3485830  0.3565978  0.3768641  0.4686645  0.4059953  0.4915516  0.3376399  0.3153656  0.2647545  0.2498420  0.3076088  0.2988849  0.3858739  0.3673547  0.5431512  0.8262030  1.4652896        NaN        NaN  1.7501640  0.6368250  0.4919910  0.6301602  0.6599318  0.3684930  0.2931495
 0.3397852  0.3578602  0.3561777  0.3855937  0.4280994  0.3626416  0.3932226  0.6613544  1.0890157  0.6315248  0.5448010  0.2902300  0.2691224  0.3936409  0.4667094  0.5762482  0.7917759  0.7625136  0.7853822  0.7267111  0.6456032  0.2969052  0.3095480  0.2800255  0.2891939  0.3203320  0.3554187
 0.3834312  0.3740316  0.3691267  0.7005706  0.8306042  2.0339020        NaN  0.9173654  0.7214910  0.8265555  0.8194419  1.5347624  3.4312868  1.3022768  0.6461777  0.5965360  0.5460116  0.3739279  0.3823554  0.3582859  0.3964238  0.3305892  0.3245182  0.4524092  0.4806528  0.5634683  0.7366943
 0.3568089  0.4124880  0.3996894  0.4216800  0.5598209  0.6831638  0.8775552  0.7731182  0.8494126  0.9519836  1.2646735  4.1591026        NaN        NaN  1.9948230  0.2391706  0.2615683  0.3308696  0.2896312  0.4899488  0.4942414  0.5225411  0.9604560  1.1014567        NaN        NaN        NaN
 0.3219950  0.3690616  0.3668044  0.4617992  0.4790489  0.4706589  0.5586119  0.7721838  1.5058246  1.2325413  1.2329607  0.6463983  0.2824367  0.2871004  0.2736251  0.4132058  0.3579259  0.3897115  0.4094408  0.4742543  0.4776964  0.4428636  0.3701107  0.4017634  0.4816130  0.5479995  0.8354432
 0.3351417  0.3285233  0.3366640  0.3639504  0.4429577  0.7834341  2.3019935        NaN  2.9631120  1.6056756  0.9708629  0.2551919  0.2365582  0.3289822  0.2947144  0.2568805  0.2315301  0.2722904  0.3098827  0.3665411  0.4275987  0.4378032  0.4312059  0.4542477  0.5535842  0.4514841  0.4544896
 0.3404215  0.3515480  0.3520959  0.4281297  0.4589102  0.4483983  0.5325964  0.3863803  0.4189308  0.4524727  0.4480139  0.2774905  0.2156526  0.2297027  0.2609909  0.3582910  0.4017388  0.3980990  0.4414335  0.4575998  0.4686655  0.3548611  0.3442021  0.3877333  0.3516737  0.3104396  0.2916860
 0.3831411  0.4240712  0.4006002  0.4131203  0.3851912  0.3844536  0.4114025  0.4304342  0.5777803  0.6970957  0.9709879  1.3440904  2.0387009  1.5694082  2.1217208        NaN        NaN  1.9134111  3.0957122  0.2547068  0.2345095  0.2742056  0.2543544  0.3645387  0.4118500  0.6290263  1.1776830
 0.3449323  0.3633804  0.3461599  0.5552702  0.7179336  0.6276581  0.8540035  0.6548929  0.3677260  0.2607604  0.2697119  0.4025080  0.4736803  0.5953347  0.7487509  0.5407219  0.5202949  0.3931387  0.3423384  0.3740310  0.3417660  0.4137506  0.4077777  0.3719069  0.4210207  0.2582192  0.2644926
 0.3105468  0.4004584  0.4140246  0.4501116  0.6281978  1.2461145        NaN        NaN        NaN  2.4937968  0.2360684  0.2284624  0.2166909  0.4348646  0.5429564  0.5504901  0.5461113  0.2560650  0.2526593  0.3675868  0.3978088  0.8941942  1.4953581  0.8163451  0.4215568  0.4081070  0.3528774
 0.3946093  0.4497601  0.4799049  0.5337358  0.7602490  0.6610599  0.4467299  0.4051169  0.3742741  0.5092655  0.7286050  0.5474899  0.6388376  0.6632030  0.5457836  0.3168907  0.3001948  0.3869181  0.3484981  0.4970511  0.5644081  0.5104586  0.5124249  0.3661665  0.3944911  0.3411718  0.3340453
 0.3114949  0.4323121  0.4705255  0.3613800  0.3542153  0.3432039  0.3987093  0.4082967  0.3774536  0.2606467  0.2636035  0.3237690  0.2759290  0.3035947  0.2753206  0.3137604  0.3189721  0.3062760  0.3846498  0.4677859  0.6431811  0.6964403  0.6553829  0.7296569  0.8946335  0.9458289  0.6326871
 0.3588675  0.9728906  1.5172663  1.7283704        NaN        NaN        NaN  1.5869612  1.1412791  0.8281058  0.7634894  0.7736534  0.3033985  0.3623715  0.3198307  0.3314258  0.3668097  0.3773236  0.3450684  0.6272819  0.7765985  0.3944054  0.3560537  0.3856297  0.4540005  0.6236047  1.1361856
 0.3602931  0.2928084  0.3079746  0.3440081  0.3184051  0.4014705  0.3923141  0.3676614  0.3701887  0.4364351  0.4711689  0.8455217  2.1430245        NaN        NaN  1.5093220  1.3600839  0.8156763  0.2398476  0.2758772  0.2561302  0.3461137  0.3829215  0.5526946  0.5060326  0.3531885  0.3622623
 0.4004679  0.2536053  0.2411011  0.3713262  0.3784395  0.3061990  0.3063484  0.2802827  0.2741085  0.2715360  0.2481149  0.2744621  0.3115404  0.4313008  0.6443547  0.2859064  0.2759145  0.3937964  0.4056644  0.3978522  0.4276782  0.3866332  0.3585631  0.4109439  0.4751081  0.7498827  1.2056756
 0.3703705  0.3382311  0.3300070  0.3750674  0.3532374  0.3972503  0.4050681  0.4756770  0.4503673  0.4082469  0.4611739  0.6656453  0.9541662  0.6032017  0.5460373  0.5358672  0.4900750  0.7982041  1.0330488  0.8618966  1.0130825  0.7084829  0.3187130  0.3749442  0.3322269  0.3943946  0.3401129
 0.3258980  0.5146378  0.5719589  0.4742851  0.5196212  0.4411960  0.4562817  0.5463653  0.5171133  0.5365776  0.4521553  0.4052970  0.4345029  0.6231697  0.9685512  1.2561073        NaN        NaN        NaN        NaN        NaN        NaN        NaN  2.3227180  1.9007082  1.6782798  2.7907180
 0.3571923  0.4669884  0.4842916  0.4604740  0.6038709  0.5741270  0.6563450  0.3126554  0.3073357  0.3980268  0.4099833  0.6446057  0.9841284  1.0566065  1.0657572  0.8608469  0.7736884  0.2998303  0.2597258  0.3660192  0.3743209  0.4680808  0.4679930  0.5504948  0.5177600  0.6422549  0.7500519
 0.3827605  0.3851809  0.3743317  0.3859717  0.4350369  0.5324948  0.6635447  0.8401995  1.5191121  1.3268602  1.7202097  0.2851012  0.2920414  0.3428492  0.3345722  0.4174702  0.4869630  0.3713654  0.3987809  0.3929929  0.3850735  0.4715054  0.5137340  0.4597760  0.4479857  0.5450908  0.6434377
 0.4425226  0.4527968  0.4492840  0.5336696  0.6254817  0.4602882  0.4470166  0.5020987  0.4436296  0.5508633  0.8243165  0.7722355  0.8144293  0.7542447  1.0496505  1.8143320        NaN        NaN        NaN        NaN        NaN        NaN  2.1057866  0.8214780  0.5355309  0.6736901  0.8256994
 0.4173530  0.5270901  0.5659329  0.6004453  0.8318673  0.8045571  1.2821301  1.5604301  2.9129243  1.0003488  0.4829033  0.4392413  0.4109835  0.3886172  0.3997453  0.4563021  0.5081282  0.4429105  0.3949565  0.3044901  0.3056737  0.3609449  0.3669646  0.3605717  0.3462180  0.4295970  0.5573423
 0.3579241  0.5694769  0.6002627  0.5730250  0.8584138  0.6187792  0.4423094  0.4331019  0.3961738  0.3816227  0.3874674  0.4147205  0.3920601  0.6865332  1.0293433  1.1245108  0.7314339  0.4387587  0.4642457  0.6140429  0.6316439  0.4338804  0.4286700  0.5614762  0.5915354  0.3528975  0.3103903
 0.2962493  0.5373847  0.5866288  0.6401830  0.7223398  0.6155555  0.6050200  0.3881702  0.4505484  0.4335135  0.4578888  0.5125082  0.5827635  0.5030062  0.5244605  0.6474695  0.7540128  1.0426204  1.8096052  2.3352561  1.9600738  1.4921645  1.4416216  1.3047187  1.0415025  0.5223056  0.2232356
 0.3871243  0.4282337  0.5038830  0.3811255  0.3337514  0.3535687  0.3859357  0.4143110  0.3680723  0.3645240  0.3620268  0.3959217  0.4183181  0.4102741  0.4814582  0.4865609  0.4748914  0.3604883  0.3633644  0.3841399  0.3780065  0.3808592  0.4024271  0.4320842  0.5799172  0.8833374  1.9579173
 0.3871017  0.5897542  0.6231967  1.5338480        NaN        NaN        NaN  1.8475119  1.0128261  0.8388178  0.7126068  0.8425977  1.3909426  1.5231822  0.2564600  0.3520378  0.2994669  0.5354294  0.6611487  0.5885483  0.4608857  0.4656602  0.4587973  0.5661916  0.6721171  0.5128423  0.7178263
 0.3782739  0.4772305  0.4983730  0.4574509  0.5916814  0.6001504  0.7272471  0.8001191  1.1634565  0.6529959  0.3813208  0.3756325  0.3953595  0.4544703  0.4917724  0.5569467  0.5280067  0.4391649  0.4259761  0.6814129  1.0417762  0.9217734  1.0905481  0.6742265  0.3028964  0.5012478  0.4513663
 0.4118165  0.4635494  0.5017122  0.5197081  0.6841433  0.9572811  1.3513934  0.4067905  0.3574924  0.3605029  0.3313014  0.3077698  0.2942575  0.3627311  0.3832845  0.5480245  0.9255403  2.0265240        NaN        NaN        NaN  3.1270258  1.9912996  0.3620079  0.3380771  0.4696397  0.4731408
 0.3460531  0.3929125  0.3843409  0.3288030  0.3986396  0.7728614  1.7020570  0.3674686  0.3120477  0.3682378  0.3542140  0.3366881  0.3495286  0.3968846  0.4545994  0.7032619  0.8953807  0.3562960  0.3119024  0.3762596  0.4033019  0.3675994  0.3726970  0.6177604  0.9137614  0.7784890  0.6197129
 0.3952400  0.3852209  0.4050224  0.3265022  0.3178550  0.3684010  0.3729678  0.3094927  0.3469135  0.4125306  0.5027170  0.6117966  0.5109693  0.3320477  0.3037458  0.4014927  0.4397526  0.3619150  0.3505857  0.2919077  0.2915491  0.2201042  0.2208409  0.2884868  0.2909681  0.4114624  0.4090233
 0.3259550  0.3694780  0.3866060  0.6412884  1.2242702        NaN        NaN  0.4228603  0.3543228  0.4506868  0.4325980  0.3261942  0.3383370  0.4270708  0.3917977  0.5586530  0.5733473  0.3729580  0.3497524  0.3816137  0.3860869  0.4545515  0.4555498  0.5580339  0.5704642  0.8271657  1.3626332
