FL 2019 2020 2021 2022 2023 2024 2025 2026 2027 2028 2029 2030 2031 2032 2033 2034 2035 2036 2037 2038 2039 2040 2041 2042 2043 2044 2045
 1  0.7288134  0.6828020  0.6392306  0.6155533  0.6236994  0.6785822  0.6727815  0.6593478  0.6437609  0.6248838  0.6048267  0.6179682  0.6042094  0.5050905  0.4807555  0.6499154  0.6452098  0.5415593  0.4556971  0.6870499  0.6820166  0.6348291  0.5887437  0.5611717  0.6546450  0.6574832  0.6465052
 2  0.5725724  0.5236363  0.4870642  0.4625069  0.5226265  0.5777101  0.5745400  0.5395012  0.4884834  0.4574976  0.4843115  0.5579132  0.5343894  0.4501478  0.4787630  0.5846940  0.5668682  0.4714731  0.4819691  0.6109380  0.6012097  0.5628793  0.5184434  0.5346306  0.5805546  0.5814790  0.5485321
 3  0.7521145  0.7089222  0.6635124  0.6359733  0.6359881  0.6978338  0.6957054  0.6792265  0.6608936  0.6405033  0.6187428  0.6378068  0.6280942  0.5263703  0.4817403  0.6703058  0.6716174  0.5667744  0.4456998  0.7101018  0.7087829  0.6591709  0.6112320  0.5699638  0.6772159  0.6822717  0.6676518
 4  0.4566311  0.4168102  0.3812158  0.3555997  0.4808484  0.5262184  0.4821618  0.4089202  0.3614713  0.3667482  0.4416459  0.5139664  0.4819009  0.3997948  0.4645300  0.5389792  0.5104853  0.4047961  0.4744601  0.5596581  0.5441154  0.5047256  0.4589019  0.4996653  0.5338815  0.4980410  0.4414258
 1  0.7290193  0.6837632  0.6422122  0.6176175  0.6044790  0.6061891  0.6411549  0.6502905  0.6552897  0.6711575  0.6728933  0.6694700  0.6778356  0.6780518  0.6842146  0.6850203  0.6894462  0.7091196  0.6966860  0.6863659  0.6606151  0.6314104  0.6279296  0.5783908  0.5488682  0.5849144  0.6296419
 2  0.5731135  0.5245497  0.4884220  0.4637857  0.4496205  0.4806793  0.5330639  0.5463919  0.5509826  0.5600290  0.5563007  0.5462367  0.5454872  0.5456370  0.5505226  0.5504993  0.5739073  0.5945496  0.5875967  0.5602940  0.5162205  0.5033902  0.5166606  0.4845684  0.4786803  0.5425106  0.5630830
 3  0.7523618  0.7097663  0.6662915  0.6378287  0.6218581  0.6201892  0.6572812  0.6703117  0.6733822  0.6897689  0.6927945  0.6874335  0.6956346  0.6957905  0.7014510  0.7035654  0.7055020  0.7296153  0.7188586  0.7054813  0.6782868  0.6483601  0.6461540  0.5998628  0.5634342  0.5969360  0.6517256
 4  0.4573780  0.4167930  0.3805768  0.3586899  0.3561382  0.4290083  0.4804181  0.4680629  0.4723968  0.4865801  0.4652384  0.4552373  0.4574163  0.4573799  0.4688500  0.4575900  0.5062208  0.5299943  0.4912044  0.4392270  0.4129136  0.4361622  0.4536741  0.4078176  0.4317227  0.5081430  0.5124705
 1  0.7283085  0.6840649  0.6351649  0.6075313  0.6192174  0.6225577  0.6094514  0.6076592  0.6302718  0.6222286  0.6157941  0.6156490  0.6432728  0.6517006  0.6414430  0.6568195  0.6506072  0.6572782  0.6551638  0.6575834  0.6516780  0.6406609  0.6292339  0.6408800  0.6743997  0.6828062  0.6767881
 2  0.5726575  0.5248717  0.4826521  0.4719732  0.4929741  0.4976033  0.4890859  0.5164932  0.5447049  0.5343771  0.5193377  0.5265469  0.5609589  0.5640378  0.5569076  0.5585497  0.5565140  0.5577043  0.5581762  0.5552427  0.5407059  0.5192006  0.5180008  0.5667295  0.5947877  0.5961486  0.5758837
 3  0.7516802  0.7099042  0.6593964  0.6268401  0.6364094  0.6408424  0.6261219  0.6227530  0.6496855  0.6432764  0.6355970  0.6319898  0.6605921  0.6741015  0.6615593  0.6762417  0.6704335  0.6765346  0.6750934  0.6773459  0.6718901  0.6592250  0.6453986  0.6563671  0.6962435  0.7066506  0.6987452
 4  0.4573648  0.4163187  0.3772115  0.3934699  0.4234343  0.4113816  0.4127050  0.4693717  0.4854953  0.4598616  0.4369155  0.4669586  0.5096442  0.4941363  0.4814223  0.4873031  0.4834728  0.4874622  0.4848618  0.4782745  0.4492637  0.4236444  0.4562057  0.5210264  0.5384626  0.5186030  0.4658031
 1  0.7292546  0.6838715  0.6467399  0.6281558  0.6175108  0.6156952  0.6194622  0.6340463  0.6534013  0.6886384  0.6916075  0.6855957  0.6942711  0.6910764  0.6879582  0.6877242  0.6871488  0.6921374  0.6810874  0.6774582  0.6798933  0.6918264  0.6727811  0.6512206  0.6331015  0.6173908  0.6125506
 2  0.5718989  0.5240255  0.4926005  0.4728779  0.4627148  0.4658609  0.4868415  0.5211663  0.5654987  0.5936708  0.5919453  0.5772522  0.5678348  0.5554533  0.5371355  0.5277788  0.5346163  0.5445924  0.5463532  0.5463788  0.5661098  0.5800412  0.5605308  0.5214100  0.4906628  0.5013190  0.5246020
 3  0.7524902  0.7101030  0.6708824  0.6481614  0.6345856  0.6319229  0.6347260  0.6502475  0.6698522  0.7090730  0.7139639  0.7048910  0.7127789  0.7098222  0.7048095  0.7041020  0.7031533  0.7094167  0.6993678  0.6953747  0.6974867  0.7121548  0.6945494  0.6705558  0.6500810  0.6333032  0.6309558
 4  0.4556608  0.4177696  0.3836186  0.3654977  0.3724110  0.3835462  0.4210420  0.4627159  0.5104971  0.5307756  0.5029422  0.4795518  0.4779240  0.4508159  0.4279527  0.4252601  0.4510702  0.4625860  0.4578996  0.4640881  0.4992982  0.5091208  0.4616885  0.4040041  0.3991661  0.4461204  0.4705373
 1  0.7307392  0.6865300  0.6464192  0.6248344  0.6268506  0.6496418  0.6514380  0.6587340  0.6411868  0.6378754  0.6035655  0.4966234  0.5904383  0.6862285  0.6792235  0.6807187  0.6700470  0.6637222  0.6651833  0.6892077  0.6782563  0.6696589  0.6601928  0.6488986  0.6175534  0.5777904  0.6560576
 2  0.5709265  0.5237572  0.4902313  0.4725624  0.4939378  0.5267637  0.5402825  0.5443789  0.5388506  0.5392604  0.5033008  0.4200962  0.5607420  0.6032032  0.6006195  0.5822645  0.5489458  0.5168547  0.5440261  0.5841598  0.5789533  0.5531687  0.5222541  0.5037156  0.4900024  0.5442110  0.5870934
 3  0.7534590  0.7122673  0.6703955  0.6447152  0.6427117  0.6666827  0.6697601  0.6773497  0.6600278  0.6574397  0.6265090  0.5125240  0.5919310  0.7121552  0.7041488  0.7021346  0.6897920  0.6812598  0.6791773  0.7100608  0.7014454  0.6892829  0.6777715  0.6665947  0.6348796  0.5862703  0.6783933
 4  0.4540021  0.4161973  0.3820865  0.3727930  0.4298029  0.4617240  0.4658606  0.4651397  0.4690165  0.4747361  0.4113948  0.3677304  0.5293532  0.5498179  0.5171058  0.4810700  0.4370598  0.4036160  0.4913665  0.5289844  0.4859752  0.4361442  0.4214330  0.4126543  0.4233430  0.5132146  0.5377301
 1  0.7296156  0.6865713  0.6386968  0.6074977  0.5969773  0.5884051  0.5744117  0.5897948  0.6599340  0.6777431  0.6750333  0.6767189  0.6884670  0.7030877  0.7050962  0.7025329  0.6922102  0.6844380  0.6903033  0.6935284  0.6945543  0.7055572  0.7051902  0.6943150  0.6824700  0.6870919  0.6937182
 2  0.5721350  0.5249587  0.4838966  0.4620730  0.4656316  0.4710116  0.4789668  0.5455963  0.5896035  0.5961876  0.5801036  0.5507562  0.5347130  0.5435140  0.5573582  0.5607296  0.5433608  0.5231160  0.5344148  0.5523234  0.5717850  0.5946186  0.5969566  0.5798544  0.5529449  0.5615342  0.5730200
 3  0.7525046  0.7120612  0.6627568  0.6275277  0.6140441  0.6057747  0.5906148  0.5992063  0.6817187  0.7022910  0.6975595  0.6952718  0.7039799  0.7189683  0.7224319  0.7208881  0.7104638  0.7009305  0.7061376  0.7116358  0.7126442  0.7247768  0.7273774  0.7153733  0.7001054  0.7044454  0.7135244
 4  0.4555682  0.4155233  0.3782363  0.3709400  0.3938077  0.4003777  0.4215702  0.5123862  0.5382930  0.5230026  0.4711199  0.4196758  0.4328573  0.4628394  0.4755064  0.4644048  0.4261357  0.4139104  0.4568475  0.4760601  0.4977623  0.5276677  0.5185366  0.4679668  0.4526505  0.4933804  0.4967301
 1  0.7282820  0.6798776  0.6268509  0.5960169  0.6074411  0.6133199  0.6185679  0.6277164  0.6383850  0.6368661  0.6188438  0.6245176  0.6820634  0.6676158  0.6540653  0.6468440  0.6405061  0.6235647  0.6410991  0.7017483  0.6960917  0.6914266  0.6913612  0.6914377  0.6782299  0.6706761  0.6647336
 2  0.5697585  0.5218709  0.4805994  0.4643665  0.4770584  0.4760791  0.4665403  0.4702068  0.4908373  0.5045937  0.5138898  0.5751374  0.6029987  0.5881707  0.5648070  0.5423625  0.5238655  0.5070242  0.5777767  0.6144085  0.6128280  0.5965382  0.5802113  0.5643998  0.5329159  0.5089570  0.4925590
 3  0.7517544  0.7066486  0.6519397  0.6159721  0.6248467  0.6309130  0.6345420  0.6426819  0.6539565  0.6541880  0.6364047  0.6348094  0.7072332  0.6935114  0.6773258  0.6666401  0.6585619  0.6426805  0.6503384  0.7263479  0.7212430  0.7129746  0.7112828  0.7107857  0.6962596  0.6873293  0.6808803
 4  0.4555172  0.4185805  0.3791184  0.3825439  0.3989447  0.3803673  0.3635320  0.3853975  0.4187331  0.4316895  0.4520946  0.5344650  0.5502139  0.5171326  0.4726986  0.4464694  0.4431355  0.4270137  0.5332510  0.5610032  0.5320945  0.5022360  0.4886455  0.4612711  0.4188704  0.3960575  0.3858079
 1  0.7315684  0.6873880  0.6542261  0.6384463  0.6334519  0.6360931  0.6485078  0.6816299  0.6771853  0.6750927  0.6734015  0.6679549  0.6499440  0.6249016  0.6161489  0.5934001  0.6502555  0.7114444  0.6896602  0.6696820  0.6527735  0.6238643  0.5912354  0.5509930  0.6072414  0.6258773  0.6634356
 2  0.5697771  0.5223139  0.4955264  0.4761100  0.4573821  0.4497404  0.5055081  0.5651457  0.5802441  0.5782323  0.5715868  0.5515527  0.5144095  0.4834808  0.4865456  0.5061430  0.6003913  0.6236061  0.6046518  0.5682419  0.5340189  0.5030618  0.4693974  0.4868843  0.5469350  0.5680558  0.5931728
 3  0.7537993  0.7128146  0.6777983  0.6584429  0.6506378  0.6510381  0.6609837  0.6993000  0.6980103  0.6963322  0.6948585  0.6878002  0.6685210  0.6421440  0.6324499  0.6097915  0.6583544  0.7378043  0.7156457  0.6904334  0.6712627  0.6441966  0.6093475  0.5627548  0.6242661  0.6440975  0.6843308
 4  0.4515532  0.4146470  0.3870267  0.3604138  0.3383282  0.3461095  0.4605976  0.5117054  0.5110744  0.5060877  0.4845462  0.4484378  0.4067269  0.3939865  0.4193645  0.4569228  0.5532212  0.5664278  0.5108300  0.4579093  0.4499063  0.4132048  0.3868176  0.4540563  0.5025202  0.5198706  0.5399979
 1  0.7286303  0.6826911  0.6296788  0.5944463  0.5717159  0.5686128  0.5982389  0.6140317  0.6713789  0.6907555  0.6867649  0.6779528  0.6699112  0.6687445  0.6651960  0.6511552  0.6429753  0.6353226  0.6602298  0.6322618  0.6267363  0.6479735  0.6392627  0.6785075  0.7208839  0.7052477  0.6853639
 2  0.5686480  0.5225831  0.4801649  0.4503395  0.4425263  0.4800095  0.5239140  0.5588205  0.5966009  0.6066981  0.5920490  0.5624111  0.5282669  0.5122015  0.5022202  0.4851465  0.4832625  0.5309171  0.5705642  0.5529203  0.5531414  0.5672932  0.5524922  0.6066983  0.6257462  0.6156223  0.5781652
 3  0.7517398  0.7088155  0.6543241  0.6151693  0.5885906  0.5822643  0.6152931  0.6290954  0.6919991  0.7142308  0.7094388  0.6980816  0.6873360  0.6852186  0.6820720  0.6677460  0.6587289  0.6493744  0.6807929  0.6553460  0.6440411  0.6689513  0.6617943  0.6915266  0.7460261  0.7305553  0.7070220
 4  0.4547156  0.4168095  0.3777004  0.3525611  0.3719757  0.4387341  0.4739774  0.5134237  0.5420033  0.5356876  0.4977390  0.4449386  0.4167200  0.4170063  0.3996940  0.3800970  0.3975978  0.4866501  0.5172791  0.4790451  0.4978463  0.5079287  0.4710496  0.5485757  0.5673545  0.5275254  0.4520152
 1  0.7290541  0.6814757  0.6316229  0.6083200  0.6293738  0.6290961  0.6278834  0.6340955  0.6534268  0.6538810  0.6590505  0.6524735  0.6316388  0.6246349  0.6731209  0.6876134  0.6946275  0.6915688  0.6760475  0.6623129  0.6496977  0.6391228  0.6088114  0.4952494  0.6147437  0.6658128  0.6021241
 2  0.5720311  0.5230618  0.4829041  0.4845804  0.5110876  0.5055996  0.4790117  0.4733198  0.5049437  0.5347166  0.5610059  0.5601464  0.5357849  0.5529814  0.5918073  0.6064015  0.6028745  0.5889727  0.5522502  0.5078624  0.4781033  0.4982214  0.5342035  0.4678001  0.5704761  0.5857373  0.5250423
 3  0.7524456  0.7078604  0.6562971  0.6270608  0.6472252  0.6487000  0.6450238  0.6486261  0.6687837  0.6713584  0.6779247  0.6744026  0.6533843  0.6389567  0.6938408  0.7103189  0.7171694  0.7133386  0.6959031  0.6800069  0.6654707  0.6539917  0.6272903  0.5068093  0.6275156  0.6918695  0.6289649
 4  0.4569095  0.4176880  0.3804723  0.4160766  0.4434624  0.4046109  0.3523710  0.3878242  0.4405799  0.4736651  0.5016066  0.4901871  0.4507602  0.5024340  0.5403791  0.5376263  0.5249251  0.4917968  0.4339320  0.3797821  0.3751113  0.4437916  0.4876669  0.4465854  0.5304552  0.5328266  0.4482305
 1  0.7304056  0.6863066  0.6457137  0.6250471  0.6227308  0.6323602  0.6428687  0.6613670  0.6571127  0.6480906  0.6576562  0.6647141  0.6958894  0.6920764  0.6777690  0.6742591  0.6682633  0.6616354  0.6707894  0.6634949  0.6624394  0.6609174  0.6605749  0.6594503  0.6467072  0.6336426  0.6303458
 2  0.5719358  0.5241406  0.4894368  0.4701207  0.4713300  0.4865077  0.5152896  0.5394243  0.5310687  0.5133555  0.5231755  0.5659100  0.5964939  0.5962427  0.5757209  0.5616650  0.5455890  0.5345398  0.5413018  0.5353625  0.5248723  0.5194373  0.5311853  0.5415289  0.5331369  0.5193275  0.5339616
 3  0.7532408  0.7120878  0.6697390  0.6450231  0.6394970  0.6483776  0.6583252  0.6790510  0.6768208  0.6649567  0.6740990  0.6807087  0.7167694  0.7148919  0.6985051  0.6940807  0.6879372  0.6790299  0.6885794  0.6825341  0.6801093  0.6778404  0.6770383  0.6784443  0.6667661  0.6515897  0.6470969
 4  0.4545313  0.4161992  0.3809790  0.3659776  0.3865709  0.4085001  0.4506013  0.4679943  0.4274991  0.4179818  0.4512800  0.5120437  0.5364224  0.5140604  0.4868968  0.4759311  0.4476844  0.4492805  0.4629289  0.4439120  0.4250100  0.4290143  0.4623851  0.4707397  0.4439985  0.4396242  0.4775720
 1  0.7281665  0.6808234  0.6370973  0.6136957  0.6142843  0.6124414  0.6064521  0.5907392  0.5824544  0.6437656  0.6062202  0.6772883  0.6882862  0.6956130  0.6777446  0.6706790  0.6589371  0.6490888  0.6595986  0.6563974  0.6780575  0.6807630  0.6738677  0.6835061  0.6984553  0.6813077  0.6718554
 2  0.5709774  0.5221279  0.4869741  0.4732491  0.4794550  0.4797917  0.4720440  0.4689679  0.5163877  0.5677819  0.5677919  0.5999218  0.6123894  0.6058907  0.5765712  0.5438955  0.5070354  0.5059957  0.5368042  0.5594381  0.5776730  0.5768380  0.5613542  0.5779624  0.5916269  0.5798893  0.5599313
 3  0.7515019  0.7071882  0.6616117  0.6335923  0.6316731  0.6300705  0.6232161  0.6071659  0.5947443  0.6682991  0.6191682  0.7013029  0.7124886  0.7192070  0.6998842  0.6895305  0.6764623  0.6645088  0.6767684  0.6754094  0.6979191  0.7017695  0.6932651  0.7004144  0.7200771  0.7033094  0.6917241
 4  0.4557197  0.4170906  0.3829232  0.3844789  0.4013382  0.3943514  0.3861952  0.4008048  0.4799567  0.5193888  0.5238420  0.5507529  0.5439865  0.5245857  0.4713270  0.4281254  0.3956863  0.4350501  0.4781865  0.4952733  0.5085456  0.4905610  0.4692488  0.5133095  0.5249615  0.4914334  0.4695073
 1  0.7281973  0.6810513  0.6346997  0.6040118  0.6037396  0.6436349  0.6569443  0.6600255  0.6627208  0.6664842  0.6692635  0.6773567  0.6597005  0.6338324  0.5915174  0.5696295  0.5905756  0.5908040  0.6962336  0.6704633  0.6463606  0.6435550  0.6465097  0.6469320  0.6523420  0.6750015  0.7008658
 2  0.5743464  0.5232414  0.4845699  0.4550784  0.4785917  0.5291444  0.5463199  0.5352273  0.5108599  0.4825837  0.4854541  0.5385426  0.5593590  0.5463361  0.5195451  0.5199139  0.5242837  0.5721752  0.6113521  0.5890236  0.5527406  0.5299155  0.5255906  0.5365264  0.5660032  0.6022698  0.6121298
 3  0.7516029  0.7069893  0.6589032  0.6248347  0.6190447  0.6594526  0.6762516  0.6786817  0.6798424  0.6819413  0.6828893  0.6937386  0.6801746  0.6553867  0.6123934  0.5834735  0.6128865  0.5909139  0.7231843  0.6977189  0.6687996  0.6619632  0.6642989  0.6642654  0.6700166  0.6937540  0.7262218
 4  0.4584144  0.4155433  0.3824128  0.3513769  0.4192552  0.4753623  0.4661859  0.4253796  0.3837277  0.3485244  0.4103612  0.4843945  0.4969311  0.4830362  0.4573346  0.4831536  0.4720743  0.5343659  0.5593974  0.5064563  0.4477976  0.4386965  0.4482007  0.4723454  0.5132706  0.5483396  0.5472806
 1  0.7281184  0.6803456  0.6329353  0.6031514  0.5751787  0.5604503  0.6311966  0.6188859  0.5939688  0.5611935  0.6128719  0.6589129  0.6687934  0.6649891  0.6535331  0.6461045  0.6662102  0.6837994  0.6809909  0.6986459  0.6915656  0.6786594  0.6592735  0.6343991  0.6259752  0.6013828  0.5648759
 2  0.5729084  0.5231594  0.4845109  0.4586254  0.4435015  0.4963453  0.5647160  0.5476226  0.5167838  0.4992507  0.5548947  0.5842545  0.5848870  0.5666901  0.5327995  0.5191060  0.5575459  0.5779588  0.5867555  0.5947471  0.5836714  0.5510176  0.4970330  0.4623769  0.4991359  0.5428296  0.5016967
 3  0.7517145  0.7068348  0.6575974  0.6237566  0.5924513  0.5707561  0.6498204  0.6426268  0.6161975  0.5783846  0.6264457  0.6803575  0.6919581  0.6864563  0.6729272  0.6627694  0.6821834  0.7048172  0.7005122  0.7192243  0.7136014  0.6982825  0.6764268  0.6499802  0.6401815  0.6199783  0.5873235
 4  0.4576816  0.4178749  0.3815993  0.3602397  0.3688050  0.4667150  0.5195446  0.4865652  0.4466977  0.4467351  0.5129274  0.5285118  0.5078170  0.4680693  0.4245085  0.4406251  0.5039894  0.5091830  0.5117083  0.5234123  0.4893670  0.4224198  0.3621042  0.3700087  0.4548918  0.4982298  0.4500116
 1  0.7289669  0.6798174  0.6343017  0.6086184  0.6187532  0.6391223  0.6415639  0.6401988  0.6417709  0.6454252  0.6647294  0.6966553  0.7134550  0.6966101  0.6779780  0.6716793  0.6682800  0.6694138  0.6610005  0.6490157  0.6452101  0.6261235  0.6076090  0.6019255  0.6237467  0.6462871  0.6639452
 2  0.5742236  0.5219689  0.4854374  0.4753552  0.5063107  0.5298553  0.5237127  0.4958256  0.4642557  0.4594722  0.5487794  0.6154849  0.6245735  0.6069265  0.5605500  0.5115652  0.4831041  0.4972587  0.5394597  0.5650626  0.5664352  0.5445257  0.5210047  0.5206773  0.5497245  0.5753361  0.5844824
 3  0.7523603  0.7060461  0.6587148  0.6283589  0.6350445  0.6576097  0.6610196  0.6577719  0.6577162  0.6594940  0.6776607  0.7171979  0.7399651  0.7211651  0.6980466  0.6885161  0.6832755  0.6840037  0.6780332  0.6681771  0.6674725  0.6487875  0.6280220  0.6188282  0.6407468  0.6652392  0.6859640
 4  0.4578898  0.4160871  0.3844417  0.3950580  0.4484721  0.4604088  0.4221368  0.3703827  0.3351287  0.3739242  0.5099403  0.5617314  0.5591509  0.5024937  0.4228318  0.3737994  0.3767879  0.4282902  0.4830330  0.5122821  0.5057670  0.4711748  0.4441105  0.4627420  0.4991047  0.5213211  0.5232703
 1  0.7287269  0.6810465  0.6349187  0.6091834  0.6025454  0.6216383  0.6395760  0.6474085  0.6546864  0.6498176  0.6666645  0.6719542  0.6607921  0.6553368  0.6587743  0.6591999  0.6864300  0.7097934  0.6932463  0.6768748  0.6642217  0.6533323  0.6427975  0.6352676  0.6189495  0.6560117  0.6647420
 2  0.5719461  0.5224118  0.4855181  0.4599050  0.4567686  0.4901446  0.5259898  0.5464362  0.5528968  0.5545753  0.5709287  0.5718123  0.5515761  0.5315198  0.5297891  0.5418093  0.5934838  0.6124579  0.5978249  0.5598945  0.5059260  0.4563914  0.4755710  0.5603898  0.5613928  0.5787524  0.5884572
 3  0.7520538  0.7073838  0.6594722  0.6299350  0.6194361  0.6362736  0.6563198  0.6657543  0.6745600  0.6689718  0.6856040  0.6935248  0.6816595  0.6732391  0.6761624  0.6766794  0.7025609  0.7334199  0.7173504  0.6974696  0.6817434  0.6684111  0.6555335  0.6526870  0.6392097  0.6796711  0.6862686
 4  0.4562514  0.4171398  0.3828199  0.3543152  0.3732370  0.4306623  0.4656263  0.4807584  0.4796077  0.4841730  0.5072463  0.4944152  0.4498772  0.4368216  0.4505285  0.4737538  0.5381651  0.5501242  0.5028287  0.4282893  0.3562261  0.3258734  0.4280718  0.5180234  0.5147920  0.5191654  0.5169527
 1  0.7276935  0.6808899  0.6280628  0.5949466  0.6043968  0.6273573  0.6382468  0.6361095  0.6439726  0.6594683  0.6706418  0.6702046  0.6715125  0.6923172  0.7105043  0.6937659  0.6694264  0.6609997  0.6757509  0.6802698  0.6615097  0.6374600  0.6166003  0.5708508  0.5704951  0.6670291  0.6497701
 2  0.5721492  0.5231672  0.4798687  0.4595828  0.4826781  0.5131970  0.5219684  0.5115682  0.5162310  0.5411258  0.5581980  0.5579283  0.5579581  0.5925856  0.6071078  0.5906539  0.5372968  0.5058167  0.5419151  0.5639780  0.5480988  0.5113127  0.4875447  0.4711982  0.5314706  0.5922439  0.5709839
 3  0.7511928  0.7071239  0.6527018  0.6150189  0.6207921  0.6439663  0.6565146  0.6542549  0.6602676  0.6761330  0.6896620  0.6897624  0.6898074  0.7091968  0.7333546  0.7168957  0.6889175  0.6761729  0.6911901  0.7004605  0.6830139  0.6565780  0.6334119  0.5889717  0.5783595  0.6900830  0.6762360
 4  0.4573467  0.4167572  0.3780747  0.3750955  0.4181065  0.4484287  0.4396918  0.4168019  0.4382009  0.4778984  0.4861261  0.4721779  0.4776017  0.5324660  0.5414563  0.4836325  0.3880003  0.4105078  0.4886036  0.4963664  0.4481378  0.4040926  0.4098216  0.4095742  0.4985421  0.5447864  0.4953446
 1  0.7285885  0.6862186  0.6450912  0.6245349  0.6294257  0.6319703  0.6498294  0.6565817  0.6437372  0.6264893  0.6318736  0.6663830  0.6447311  0.6322646  0.6546416  0.6516330  0.6618997  0.6712773  0.6688511  0.6840301  0.7028273  0.6925846  0.6826665  0.6768222  0.6694312  0.6737197  0.7000598
 2  0.5713707  0.5254495  0.4885548  0.4787946  0.4916359  0.5086572  0.5307585  0.5335291  0.5049479  0.4701693  0.5268014  0.5783288  0.5605076  0.5512518  0.5660033  0.5671832  0.5692798  0.5672463  0.5527812  0.5727750  0.5931936  0.5867368  0.5622651  0.5309049  0.4906848  0.5193133  0.5728043
 3  0.7516385  0.7118235  0.6689325  0.6437074  0.6466661  0.6489543  0.6665625  0.6755760  0.6624306  0.6428250  0.6440862  0.6877370  0.6692926  0.6501967  0.6745665  0.6727082  0.6818676  0.6921024  0.6877329  0.6999068  0.7237199  0.7145799  0.7025003  0.6948664  0.6855592  0.6863755  0.7182808
 4  0.4556943  0.4160292  0.3785434  0.3920994  0.4158382  0.4370552  0.4606279  0.4432074  0.3868989  0.3687173  0.4871168  0.5276900  0.4768849  0.4851977  0.5068594  0.4967422  0.4979566  0.4784753  0.4543850  0.5087164  0.5286353  0.4959236  0.4502746  0.4031453  0.3536124  0.4657166  0.5182057
 1  0.7287496  0.6818591  0.6367725  0.6107677  0.5554088  0.3846226  0.6958713  0.4787718  0.5688637  0.5791730  0.6050438  0.6680385  0.6042698  0.5225331  0.6185462  0.6404835  0.6192765  0.5902952  0.5742855  0.5990317  0.6169423  0.5522558  0.3976912  0.6559463  0.6801299  0.6326663  0.6426276
 2  0.5722266  0.5235127  0.4862733  0.4569928  0.4000205  0.4399879  0.6036466  0.4512379  0.5189652  0.5226936  0.5663387  0.5875544  0.5241241  0.4768748  0.5662898  0.5719840  0.5486032  0.5229795  0.5172555  0.5469930  0.5447200  0.4767798  0.4158361  0.5959210  0.5986211  0.5696773  0.5719796
 3  0.7522206  0.7083418  0.6613518  0.6314807  0.5739264  0.3654565  0.7267541  0.4916087  0.5861095  0.5991587  0.6161317  0.6937385  0.6319211  0.5353762  0.6331428  0.6638509  0.6425453  0.6122242  0.5906489  0.6151306  0.6400166  0.5771027  0.3929027  0.6724851  0.7069069  0.6544913  0.6643988
 4  0.4567510  0.4181136  0.3804723  0.3455779  0.2984867  0.4516817  0.5500150  0.4310919  0.4818878  0.4790790  0.5266238  0.5352510  0.4381297  0.4378669  0.5284607  0.5199083  0.4936869  0.4613095  0.4712412  0.5048817  0.4890434  0.3963813  0.4177577  0.5500667  0.5429173  0.5163724  0.5205778
 1  0.7314508  0.6878004  0.6424563  0.6197401  0.6290723  0.6441811  0.6410454  0.6325967  0.6301929  0.6611248  0.7028066  0.6928085  0.6798848  0.6774008  0.6882524  0.6935265  0.6689890  0.6486814  0.6194112  0.5688573  0.6414178  0.6073404  0.5771136  0.5364444  0.5463863  0.6269578  0.5992129
 2  0.5718119  0.5234790  0.4862004  0.4820737  0.5155544  0.5354798  0.5217778  0.4843702  0.4754622  0.5710123  0.6074529  0.5998715  0.5661251  0.5419468  0.5567973  0.5694392  0.5507338  0.5267860  0.5060302  0.5237027  0.5686034  0.5353626  0.4992972  0.4726224  0.5109171  0.5555856  0.5584471
 3  0.7538355  0.7130726  0.6663710  0.6389480  0.6455681  0.6633910  0.6609430  0.6502871  0.6446488  0.6733222  0.7255931  0.7165497  0.7002290  0.6941498  0.7047971  0.7132259  0.6896271  0.6674707  0.6381669  0.5795958  0.6632808  0.6321736  0.5967619  0.5546884  0.5555805  0.6504129  0.6136441
 4  0.4534029  0.4143047  0.3815756  0.4036714  0.4589004  0.4635756  0.4137274  0.3535890  0.3993128  0.5311040  0.5493702  0.5057438  0.4408969  0.4433329  0.4913183  0.4945937  0.4556109  0.4375890  0.4324950  0.4896751  0.5202908  0.4633506  0.4333055  0.4182758  0.4809667  0.5069228  0.5152967
 1  0.7320621  0.6914412  0.6529157  0.6295454  0.6205603  0.6236420  0.6301876  0.6510917  0.6713849  0.6914615  0.6925140  0.6893781  0.6903475  0.6870848  0.6802886  0.6750937  0.6627977  0.6356875  0.6089456  0.6686869  0.6212519  0.6524484  0.6391269  0.6346427  0.6382591  0.6583872  0.6856767
 2  0.5746545  0.5263231  0.4910016  0.4676559  0.4615601  0.4692117  0.4947098  0.5322116  0.5696096  0.5889584  0.5870726  0.5748483  0.5611872  0.5491381  0.5316324  0.5195100  0.5005296  0.4720797  0.5134303  0.5880046  0.5661052  0.5745672  0.5604700  0.5399146  0.5396355  0.5693598  0.5940420
 3  0.7544364  0.7162697  0.6762137  0.6494651  0.6374277  0.6395127  0.6453236  0.6670284  0.6888955  0.7115862  0.7138500  0.7087433  0.7087780  0.7053218  0.6976835  0.6920810  0.6798512  0.6527467  0.6209877  0.6948418  0.6412816  0.6759702  0.6636119  0.6543573  0.6557275  0.6756249  0.7061884
 4  0.4545522  0.4138657  0.3809100  0.3590681  0.3711823  0.3864309  0.4283691  0.4720963  0.5075787  0.5204296  0.4990946  0.4768182  0.4667916  0.4490057  0.4287634  0.4162772  0.3937061  0.3737143  0.4772294  0.5370525  0.5156879  0.5211124  0.4757534  0.4506770  0.4723259  0.5136418  0.5313887
 1  0.7287904  0.6835164  0.6427610  0.6201039  0.6169026  0.6320718  0.6437237  0.6443791  0.6368923  0.6430698  0.6525115  0.6761361  0.6772987  0.6772787  0.6686115  0.6653454  0.6625178  0.6538222  0.6590260  0.6546126  0.6532025  0.6683774  0.6832522  0.6791243  0.6763436  0.6763335  0.6852825
 2  0.5701777  0.5238196  0.4895589  0.4665753  0.4699539  0.4968506  0.5115200  0.5038883  0.5034121  0.5336844  0.5671109  0.5833739  0.5815653  0.5621696  0.5305310  0.5132399  0.5139289  0.5332519  0.5564409  0.5611250  0.5663730  0.5818442  0.5891414  0.5748552  0.5479811  0.5241170  0.5241815
 3  0.7520664  0.7098105  0.6670863  0.6402970  0.6333763  0.6477858  0.6610754  0.6618578  0.6522750  0.6603314  0.6705078  0.6970892  0.6991801  0.6970540  0.6866635  0.6817476  0.6792156  0.6709491  0.6778831  0.6753125  0.6725059  0.6882674  0.7051722  0.7003147  0.6953447  0.6927947  0.7008211
 4  0.4552733  0.4179815  0.3812060  0.3604679  0.3911807  0.4302286  0.4278715  0.3983150  0.4318980  0.4788776  0.5086230  0.5191887  0.4938438  0.4532733  0.4173810  0.4175326  0.4352497  0.4698955  0.4951057  0.4919389  0.5017008  0.5205111  0.5137523  0.4760844  0.4266572  0.4125867  0.4382463
 1  0.7295185  0.6835518  0.6426350  0.6249266  0.6270581  0.6184770  0.5686627  0.6595872  0.6368317  0.6119029  0.6308928  0.6413980  0.6122160  0.5812126  0.6378664  0.6810239  0.6581977  0.6348175  0.6388872  0.6487407  0.6559504  0.6625589  0.6718043  0.6806626  0.6741422  0.6623435  0.6523252
 2  0.5718653  0.5230020  0.4890937  0.4877135  0.5085266  0.5083545  0.5116001  0.5819495  0.5578860  0.5324844  0.5459400  0.5549501  0.5322102  0.5244600  0.5807369  0.5978243  0.5711943  0.5281247  0.5110894  0.5105210  0.5160986  0.5296552  0.5477204  0.5596942  0.5525226  0.5311619  0.5259932
 3  0.7524887  0.7094268  0.6666952  0.6439785  0.6444432  0.6382951  0.5804715  0.6842373  0.6637453  0.6320986  0.6485363  0.6619426  0.6325009  0.5980345  0.6533311  0.7053461  0.6830914  0.6554094  0.6562314  0.6655246  0.6725213  0.6793352  0.6890277  0.6990841  0.6936086  0.6812689  0.6688393
 4  0.4555759  0.4158283  0.3832679  0.4085992  0.4458655  0.4291654  0.4743093  0.5342102  0.4776381  0.4563637  0.4886989  0.4893500  0.4698742  0.4801834  0.5332488  0.5375622  0.4771223  0.4190620  0.4185775  0.4262140  0.4338678  0.4510760  0.4743659  0.4821636  0.4620717  0.4271903  0.4513186
 1  0.7274045  0.6818744  0.6382944  0.6136015  0.6025657  0.5972026  0.6275825  0.6397482  0.6363947  0.6279261  0.6198717  0.5926234  0.5708116  0.6537713  0.6134384  0.6792596  0.6859700  0.7043634  0.7124919  0.6999435  0.6694694  0.6442101  0.6291247  0.6138255  0.6085843  0.6324383  0.6133015
 2  0.5715916  0.5239169  0.4867539  0.4602590  0.4365034  0.4452935  0.5086000  0.5419375  0.5411701  0.5328282  0.5218489  0.4990800  0.5307916  0.5753623  0.5726748  0.5993632  0.6109438  0.6195803  0.6191726  0.6036114  0.5502977  0.4790688  0.4206318  0.4160475  0.4955787  0.5679720  0.5519661
 3  0.7509238  0.7080620  0.6625831  0.6340327  0.6203758  0.6113363  0.6413435  0.6588883  0.6562987  0.6472833  0.6393454  0.6117683  0.5792874  0.6789582  0.6271248  0.7037118  0.7097068  0.7254319  0.7368708  0.7239126  0.6908122  0.6620391  0.6438281  0.6271805  0.6213079  0.6512329  0.6355839
 4  0.4571408  0.4171220  0.3801923  0.3525485  0.3234812  0.3809478  0.4643560  0.4794772  0.4670527  0.4602097  0.4475715  0.4276328  0.4984745  0.5247668  0.5260019  0.5493422  0.5391723  0.5518573  0.5509501  0.5088012  0.4137823  0.3168449  0.2915865  0.3462687  0.4612410  0.5250543  0.4991932
 1  0.7295224  0.6865967  0.6454548  0.6247703  0.6252073  0.6289497  0.6368711  0.6346038  0.6193574  0.5914651  0.6280025  0.6574233  0.6736629  0.6752252  0.6732028  0.6769727  0.6944468  0.6934616  0.6789983  0.6695650  0.6656632  0.6748136  0.7079577  0.6876478  0.6605209  0.6448339  0.6454442
 2  0.5724896  0.5259165  0.4893257  0.4760052  0.4847451  0.4985577  0.5076928  0.5019573  0.4835388  0.4927676  0.5539901  0.5852143  0.5910817  0.5848409  0.5610012  0.5543101  0.5738784  0.5790706  0.5602100  0.5384459  0.5239595  0.5735706  0.6052158  0.5906109  0.5364938  0.4806338  0.4727495
 3  0.7526309  0.7122956  0.6693276  0.6442231  0.6422685  0.6459309  0.6538709  0.6525416  0.6367465  0.6062374  0.6437370  0.6773724  0.6969500  0.6978481  0.6934945  0.6934607  0.7123877  0.7144995  0.6992420  0.6876351  0.6834795  0.6884233  0.7307188  0.7121951  0.6809398  0.6610008  0.6602358
 4  0.4564538  0.4168345  0.3797500  0.3838546  0.4077268  0.4230727  0.4264932  0.4093758  0.3943018  0.4458556  0.5089559  0.5312138  0.5250944  0.4956041  0.4477017  0.4701948  0.5108425  0.4985494  0.4556238  0.4388471  0.4284773  0.5216177  0.5484656  0.4896512  0.3859249  0.3551394  0.3910920
 1  0.7309671  0.6881320  0.6496150  0.6281723  0.6220022  0.6160206  0.6010731  0.5969456  0.6457122  0.6141120  0.6348398  0.6396446  0.6836276  0.6854730  0.6785844  0.6785517  0.6821613  0.6843320  0.6865294  0.6858147  0.6840528  0.6800574  0.6834388  0.6711790  0.6590386  0.6692691  0.6663106
 2  0.5684563  0.5234431  0.4913341  0.4716160  0.4597765  0.4434477  0.4373076  0.5244127  0.5731441  0.5550062  0.5609040  0.5769929  0.5971129  0.5927255  0.5674504  0.5454689  0.5321770  0.5223113  0.5227841  0.5265135  0.5309826  0.5449760  0.5583745  0.5448269  0.5323433  0.5460420  0.5493486
 3  0.7533426  0.7135582  0.6733471  0.6480590  0.6394084  0.6324242  0.6155102  0.6070445  0.6680452  0.6347357  0.6561277  0.6585077  0.7055384  0.7080398  0.6985617  0.6964118  0.6992778  0.7004689  0.7023972  0.7020718  0.7007714  0.6968454  0.7022116  0.6913729  0.6759137  0.6867113  0.6861381
 4  0.4519946  0.4152868  0.3820515  0.3670444  0.3571846  0.3337338  0.3620833  0.4953418  0.5217684  0.5011529  0.5069193  0.5195065  0.5326136  0.5031788  0.4595662  0.4417453  0.4274728  0.4195569  0.4248852  0.4349520  0.4416243  0.4715455  0.4833737  0.4408807  0.4457813  0.4796664  0.4649487
 1  0.7317671  0.6900678  0.6509251  0.6290552  0.6232450  0.6294197  0.6377452  0.6403946  0.6500268  0.6579202  0.6644397  0.6912397  0.6924550  0.6869581  0.6851604  0.6911895  0.7039045  0.7013057  0.6923684  0.6868595  0.6856435  0.6809504  0.6842133  0.6821556  0.6907681  0.6988028  0.6994289
 2  0.5734793  0.5252307  0.4907082  0.4727992  0.4742049  0.4904429  0.5052146  0.5120207  0.5233570  0.5288942  0.5583449  0.5896994  0.5922367  0.5713219  0.5325944  0.5110815  0.5303420  0.5525021  0.5564652  0.5573654  0.5597891  0.5601921  0.5595285  0.5573862  0.5702049  0.5887709  0.5905906
 3  0.7541083  0.7150693  0.6743899  0.6488020  0.6401984  0.6456573  0.6544483  0.6576285  0.6670351  0.6756351  0.6801242  0.7110314  0.7149689  0.7073684  0.7024480  0.7054394  0.7188251  0.7193389  0.7109727  0.7051012  0.7045989  0.6999529  0.7034933  0.7004515  0.7083692  0.7184201  0.7209537
 4  0.4539986  0.4140657  0.3817537  0.3722095  0.3915039  0.4161022  0.4272154  0.4310513  0.4444431  0.4450612  0.4983968  0.5311797  0.5080371  0.4485538  0.3807354  0.4016026  0.4604662  0.4733921  0.4652771  0.4735952  0.4788148  0.4797829  0.4703353  0.4686001  0.4995840  0.5214255  0.5093542
 1  0.7288535  0.6820883  0.6378196  0.6175799  0.6309036  0.6542644  0.6677084  0.6588686  0.6474537  0.6408655  0.6531244  0.6456871  0.6297723  0.6275062  0.6006911  0.5258014  0.5073897  0.6515908  0.6785314  0.6653762  0.6915865  0.6867660  0.6836141  0.6894472  0.6808637  0.6704149  0.6558516
 2  0.5713388  0.5228276  0.4867131  0.4801194  0.5114212  0.5480110  0.5588333  0.5377721  0.4969414  0.4804479  0.5165303  0.5381687  0.5480069  0.5519016  0.5195639  0.4516133  0.4947826  0.5892083  0.6016980  0.5958622  0.6080893  0.5982985  0.5782008  0.5632613  0.5377889  0.5049869  0.4823373
 3  0.7520863  0.7082459  0.6621586  0.6370091  0.6472562  0.6716033  0.6874030  0.6789598  0.6651690  0.6556059  0.6686343  0.6647278  0.6478692  0.6483170  0.6242732  0.5450387  0.5093205  0.6711168  0.7033440  0.6878497  0.7166250  0.7101881  0.7033470  0.7081667  0.6993471  0.6870981  0.6717258
 4  0.4561338  0.4167630  0.3822643  0.3975572  0.4510692  0.4870308  0.4794875  0.4252261  0.3639399  0.3984448  0.4603208  0.4740469  0.4926649  0.4967133  0.4415745  0.3850637  0.4785209  0.5422685  0.5487467  0.5419705  0.5415184  0.5050261  0.4795184  0.4661769  0.4237028  0.3827299  0.3802516
 1  0.7275399  0.6835103  0.6440279  0.6232870  0.6072027  0.6058730  0.6141440  0.6228505  0.6594736  0.6742220  0.6821265  0.6821744  0.6731550  0.6644935  0.6687655  0.6720219  0.6640306  0.6632584  0.6836423  0.6957184  0.6850907  0.6773070  0.6768942  0.6683587  0.6648704  0.6795920  0.6895483
 2  0.5739787  0.5258796  0.4896210  0.4659344  0.4534841  0.4683373  0.4918866  0.5307873  0.5706575  0.5838999  0.5814931  0.5661834  0.5346349  0.5109365  0.5353349  0.5603507  0.5610409  0.5642458  0.5878852  0.5966272  0.5819594  0.5626559  0.5480672  0.5279837  0.5234764  0.5527463  0.5727933
 3  0.7511398  0.7093131  0.6677935  0.6433186  0.6242034  0.6214660  0.6306256  0.6378376  0.6781595  0.6954612  0.7028458  0.7019663  0.6916431  0.6808375  0.6843113  0.6916333  0.6848287  0.6818844  0.7025272  0.7176785  0.7071105  0.6965170  0.6954162  0.6870482  0.6808380  0.6962761  0.7089142
 4  0.4592037  0.4164436  0.3804495  0.3574390  0.3668089  0.4015222  0.4244778  0.4802878  0.5152580  0.5114634  0.4945690  0.4637347  0.4163393  0.4129409  0.4756358  0.4971146  0.4809812  0.4929482  0.5253508  0.5255501  0.4875681  0.4649693  0.4565076  0.4208278  0.4397062  0.4902632  0.4987839
 1  0.7283414  0.6853327  0.6414531  0.6141574  0.5998987  0.5923654  0.5714504  0.5820845  0.6660385  0.6464025  0.6669158  0.6679204  0.6640647  0.6716230  0.6756773  0.6760125  0.6824449  0.6914890  0.6930118  0.6886437  0.6789318  0.6747181  0.6595505  0.6317874  0.6424705  0.6847923  0.6907126
 2  0.5707404  0.5255412  0.4869076  0.4556279  0.4320213  0.4214351  0.4280626  0.5507134  0.5901644  0.5857321  0.5878841  0.5863865  0.5609470  0.5346513  0.5190318  0.5265291  0.5664102  0.5902672  0.5935787  0.5786353  0.5504530  0.5354757  0.5367799  0.5384640  0.5699287  0.6002128  0.6026949
 3  0.7516474  0.7112628  0.6655760  0.6345778  0.6173088  0.6077042  0.5863579  0.5901895  0.6909023  0.6662374  0.6923160  0.6930601  0.6848780  0.6886932  0.6918809  0.6923938  0.6994748  0.7125312  0.7151604  0.7092599  0.6976906  0.6917722  0.6771612  0.6517733  0.6595857  0.7057725  0.7140103
 4  0.4561331  0.4174347  0.3775110  0.3423683  0.3253313  0.3308706  0.3658899  0.5179596  0.5404564  0.5367667  0.5339950  0.4974230  0.4390599  0.4182444  0.4245134  0.4528102  0.5081709  0.5274386  0.5115934  0.4761578  0.4417087  0.4450285  0.4719045  0.4785389  0.5159552  0.5413881  0.5307900
 1  0.7279220  0.6800036  0.6334831  0.6040650  0.5889712  0.5930811  0.6370905  0.6703320  0.6660841  0.6570595  0.6486089  0.6529638  0.6570572  0.6612576  0.6711775  0.6884235  0.6931442  0.6998862  0.6815588  0.6670967  0.6619519  0.6670350  0.6688977  0.6621144  0.6595085  0.6646608  0.6748983
 2  0.5722626  0.5225433  0.4846296  0.4561312  0.4422480  0.4782156  0.5498750  0.5781163  0.5659901  0.5319701  0.5012587  0.5090050  0.5295397  0.5497301  0.5796821  0.5964294  0.6050052  0.6013454  0.5729013  0.5316385  0.5116527  0.5321564  0.5472675  0.5436181  0.5345953  0.5350839  0.5464865
 3  0.7514597  0.7064343  0.6580459  0.6247832  0.6063295  0.6065033  0.6516784  0.6910936  0.6880122  0.6766002  0.6649660  0.6690176  0.6747072  0.6791375  0.6893128  0.7102395  0.7147416  0.7224812  0.7037494  0.6855330  0.6776483  0.6837739  0.6876194  0.6818517  0.6780187  0.6816622  0.6925295
 4  0.4572140  0.4171446  0.3812190  0.3523193  0.3543535  0.4317978  0.5055981  0.5130257  0.4689853  0.4057092  0.4009122  0.4395084  0.4592186  0.4831812  0.5213410  0.5336311  0.5339805  0.5224698  0.4611704  0.4030286  0.4258090  0.4669098  0.4743825  0.4544072  0.4388184  0.4538561  0.4695544
 1  0.7299583  0.6872195  0.6411188  0.6110742  0.6102022  0.6199132  0.6315327  0.6454654  0.6561952  0.6875541  0.6885766  0.6843956  0.6908339  0.6880084  0.6847781  0.6889707  0.6903431  0.6837555  0.6775362  0.6782226  0.6791274  0.6721178  0.6841554  0.6670456  0.6453463  0.6379491  0.6748149
 2  0.5711477  0.5252501  0.4856734  0.4595420  0.4604684  0.4718891  0.4900000  0.5065056  0.5446520  0.5797884  0.5823921  0.5712362  0.5641829  0.5554998  0.5429799  0.5484748  0.5512303  0.5348436  0.5107845  0.4991936  0.5024248  0.5348443  0.5715694  0.5665419  0.5369477  0.5547882  0.5861155
 3  0.7529014  0.7130312  0.6653639  0.6312444  0.6271435  0.6358260  0.6469074  0.6617638  0.6712151  0.7066058  0.7102145  0.7031466  0.7092298  0.7069155  0.7019389  0.7058675  0.7084949  0.7019475  0.6939261  0.6931440  0.6950057  0.6873756  0.7035537  0.6893981  0.6656656  0.6529186  0.6958999
 4  0.4546550  0.4171442  0.3771995  0.3593580  0.3745815  0.3899592  0.4140876  0.4255501  0.4868178  0.5197583  0.4930285  0.4745944  0.4779597  0.4563088  0.4453037  0.4649816  0.4618986  0.4186066  0.3817176  0.3979723  0.4094033  0.4756225  0.5131910  0.4833530  0.4446382  0.5017910  0.5322115
 1  0.7300844  0.6846392  0.6017216  0.5179684  0.4826592  0.5416256  0.5900330  0.5766005  0.6812790  0.6475386  0.6268273  0.6374747  0.6583325  0.6744813  0.6742113  0.6703661  0.6694950  0.6884182  0.6914742  0.6812178  0.6607048  0.6597212  0.7031468  0.6869378  0.6660202  0.6547163  0.6580978
 2  0.5711411  0.5235489  0.4604613  0.4090739  0.4082787  0.5073225  0.5268476  0.5563888  0.5990178  0.5700881  0.5460265  0.5574809  0.5747528  0.5836686  0.5717432  0.5462552  0.5353494  0.5614425  0.5740766  0.5625368  0.5302218  0.5708879  0.6040916  0.5922081  0.5454051  0.4878827  0.4746508
 3  0.7530262  0.7106776  0.6271829  0.5381865  0.4975856  0.5525015  0.6124795  0.5781269  0.7079270  0.6739025  0.6478069  0.6554633  0.6782854  0.6958422  0.6951584  0.6899942  0.6855921  0.7050913  0.7118948  0.7012381  0.6795438  0.6728639  0.7258326  0.7113367  0.6866291  0.6713946  0.6722038
 4  0.4548105  0.4170595  0.3682660  0.3395542  0.3628130  0.4795890  0.4856848  0.5244098  0.5469346  0.4947304  0.4721416  0.4983607  0.5149827  0.5085527  0.4794129  0.4293795  0.4479224  0.5004035  0.4973828  0.4621645  0.4284538  0.5212126  0.5480847  0.4952401  0.3984614  0.3402968  0.3885662
 1  0.7297766  0.6848057  0.6492877  0.6343448  0.6480565  0.6515979  0.6547855  0.6656356  0.6676206  0.6703677  0.6721681  0.6649115  0.6310528  0.5578730  0.5925390  0.4661213  0.6808860  0.7034177  0.6958064  0.6884911  0.6891026  0.6859889  0.6798594  0.6736299  0.6707459  0.6915499  0.6832458
 2  0.5731114  0.5244942  0.4930907  0.4939414  0.5151794  0.5229666  0.5265560  0.5366724  0.5386767  0.5403312  0.5439570  0.5313892  0.4875455  0.4568037  0.5271129  0.4872009  0.6113456  0.6210160  0.6109813  0.6051945  0.5891012  0.5688656  0.5393803  0.5126750  0.5367951  0.5747667  0.5751347
 3  0.7529155  0.7106406  0.6730199  0.6530250  0.6655705  0.6698183  0.6713735  0.6831344  0.6857888  0.6877126  0.6903452  0.6839453  0.6497013  0.5722353  0.6139411  0.4555363  0.7004070  0.7293072  0.7230703  0.7124784  0.7105055  0.7058581  0.6978884  0.6903288  0.6851723  0.7109172  0.7050966
 4  0.4566960  0.4162671  0.3833340  0.4141872  0.4426576  0.4351980  0.4444647  0.4573628  0.4507832  0.4570946  0.4615961  0.4317524  0.3805379  0.4114288  0.4817891  0.4763744  0.5603548  0.5642042  0.5468333  0.5210404  0.4960944  0.4634796  0.4245602  0.4005306  0.4787599  0.5164435  0.4847738
 1  0.7280549  0.6809974  0.6491183  0.6351281  0.6300233  0.6381938  0.6588857  0.6738248  0.6798262  0.7009426  0.6926169  0.6875063  0.6838054  0.6783664  0.6758450  0.6829481  0.6975526  0.6888344  0.6815533  0.6783590  0.6810953  0.6742327  0.6822348  0.6807430  0.6676426  0.6617729  0.6485525
 2  0.5742871  0.5233197  0.4950307  0.4795224  0.4750418  0.4961737  0.5337298  0.5516961  0.5722697  0.5874330  0.5797279  0.5557634  0.5242708  0.4888144  0.4808903  0.5499772  0.5823721  0.5796482  0.5607847  0.5540047  0.5527576  0.5532227  0.5640761  0.5602936  0.5383330  0.5216154  0.5170527
 3  0.7515398  0.7070218  0.6727946  0.6548475  0.6469492  0.6536579  0.6747091  0.6924073  0.6968178  0.7209787  0.7137756  0.7059759  0.7008436  0.6939643  0.6891697  0.6977760  0.7181143  0.7096067  0.7004572  0.6965083  0.6998065  0.6924974  0.7007228  0.7008355  0.6864685  0.6788846  0.6661701
 4  0.4584217  0.4157221  0.3863139  0.3736981  0.3852476  0.4266305  0.4712659  0.4717000  0.5014942  0.5172844  0.4812244  0.4365698  0.3948665  0.3454420  0.3978613  0.5032643  0.5154341  0.4841082  0.4636147  0.4712156  0.4689220  0.4734583  0.4899531  0.4692107  0.4322172  0.4290527  0.4406271
 1  0.7296925  0.6821534  0.6419120  0.6244699  0.6352005  0.6366114  0.6358444  0.6546460  0.6675730  0.6655423  0.6606422  0.6546041  0.6511061  0.6546120  0.6587879  0.6597775  0.6639127  0.6566747  0.6453178  0.6497562  0.6300811  0.6270694  0.6683860  0.6853634  0.6815194  0.6912846  0.6888834
 2  0.5699182  0.5222040  0.4905783  0.4865457  0.5012455  0.4993719  0.4946459  0.5236036  0.5477765  0.5470476  0.5331693  0.5147198  0.5205309  0.5482579  0.5615753  0.5644669  0.5613027  0.5478921  0.5425584  0.5518419  0.5376225  0.5499764  0.5873440  0.5970302  0.5904758  0.5910505  0.5807741
 3  0.7528275  0.7087934  0.6665227  0.6437571  0.6527016  0.6548390  0.6515661  0.6698773  0.6858338  0.6850089  0.6795107  0.6721321  0.6670940  0.6727447  0.6792488  0.6795090  0.6843295  0.6767704  0.6625671  0.6699039  0.6515606  0.6427747  0.6879436  0.7081819  0.7025108  0.7115711  0.7105288
 4  0.4541773  0.4185686  0.3839504  0.4031427  0.4246310  0.4004152  0.4060402  0.4604259  0.4784595  0.4598213  0.4305406  0.4148296  0.4534363  0.4912354  0.4914327  0.4915848  0.4828520  0.4575673  0.4768081  0.4888913  0.4589667  0.4974106  0.5328535  0.5247341  0.5102558  0.5164140  0.4933697
 1  0.7310651  0.6893614  0.6380766  0.6018748  0.5925456  0.6152227  0.6472050  0.6502755  0.6632157  0.6870660  0.6855398  0.6636910  0.6477689  0.6542941  0.6450039  0.6213404  0.6150053  0.5782012  0.5802051  0.5263489  0.5533639  0.5875803  0.6282737  0.6197018  0.6694170  0.6200204  0.5743939
 2  0.5714015  0.5249206  0.4816708  0.4502079  0.4510550  0.5000694  0.5376296  0.5454029  0.5663281  0.5932171  0.5893286  0.5565796  0.5175013  0.5045554  0.4931333  0.4843947  0.5113551  0.5210555  0.5196646  0.4819381  0.5070488  0.5423115  0.5598354  0.5735369  0.5898212  0.5431790  0.5140004
 3  0.7535218  0.7145680  0.6621620  0.6224632  0.6092829  0.6291381  0.6649421  0.6692619  0.6799312  0.7072600  0.7089516  0.6862499  0.6658730  0.6705221  0.6625837  0.6375981  0.6318244  0.5950938  0.5997450  0.5447302  0.5678473  0.6035669  0.6502272  0.6345430  0.6944607  0.6466307  0.5909373
 4  0.4534606  0.4148438  0.3763047  0.3488532  0.3743987  0.4513065  0.4740801  0.4653921  0.5051134  0.5333623  0.5128709  0.4408588  0.4027369  0.4146349  0.4003163  0.4129978  0.4568135  0.4767841  0.4748404  0.4409758  0.4727973  0.5018220  0.5126135  0.5279833  0.5386353  0.4657374  0.4629291
 1  0.7294815  0.6844707  0.6363691  0.6066027  0.5966514  0.6012344  0.6229442  0.6584509  0.6718510  0.6790377  0.6750999  0.6688776  0.6517121  0.6272670  0.6528124  0.6420644  0.6396250  0.6446441  0.6660983  0.6722786  0.6674422  0.6822361  0.6890151  0.6861612  0.6734807  0.6576964  0.6365140
 2  0.5725402  0.5238844  0.4842270  0.4566281  0.4486023  0.4649859  0.5198949  0.5635439  0.5779249  0.5747122  0.5590160  0.5390963  0.5087927  0.5143385  0.5588777  0.5601782  0.5562833  0.5616038  0.5722948  0.5638407  0.5488862  0.5629150  0.5801682  0.5822377  0.5670374  0.5403754  0.5043605
 3  0.7525449  0.7104590  0.6608227  0.6272247  0.6138777  0.6164594  0.6368156  0.6767707  0.6925154  0.6990677  0.6947750  0.6875216  0.6698577  0.6424751  0.6710558  0.6640414  0.6597011  0.6645805  0.6865163  0.6926649  0.6852747  0.6992381  0.7088023  0.7071955  0.6948073  0.6780801  0.6550240
 4  0.4554746  0.4167696  0.3797810  0.3536861  0.3613232  0.3980097  0.4730878  0.5077832  0.5022419  0.4879550  0.4645962  0.4381680  0.4070100  0.4594154  0.5085222  0.4931432  0.4906242  0.4973128  0.4972135  0.4660378  0.4568778  0.4959282  0.5132863  0.5065913  0.4800279  0.4379998  0.4030692
 1  0.7294027  0.6818774  0.6389198  0.6182202  0.6239312  0.6287761  0.6353047  0.6308550  0.6170604  0.6126841  0.6075602  0.6477090  0.6965537  0.6829635  0.6698183  0.6678917  0.6706304  0.6738886  0.6699449  0.6686037  0.6753139  0.6719126  0.6689356  0.6674413  0.6695926  0.6610147  0.6552650
 2  0.5698543  0.5217168  0.4881225  0.4769111  0.4863749  0.4982221  0.5073627  0.5041441  0.5031465  0.5203685  0.5364430  0.5894209  0.6107464  0.5954324  0.5558360  0.5255429  0.5241600  0.5360767  0.5413497  0.5437558  0.5507407  0.5493820  0.5456298  0.5514201  0.5531872  0.5404954  0.5376051
 3  0.7524993  0.7083400  0.6635072  0.6380117  0.6411957  0.6456685  0.6520237  0.6490170  0.6337716  0.6300830  0.6259904  0.6611948  0.7214703  0.7071966  0.6896779  0.6850158  0.6865981  0.6914014  0.6885835  0.6859141  0.6936123  0.6906915  0.6869109  0.6857200  0.6889847  0.6803757  0.6723048
 4  0.4541562  0.4175816  0.3832334  0.3874054  0.4070542  0.4209027  0.4300240  0.4183972  0.4354839  0.4671795  0.4812299  0.5428235  0.5497023  0.4948476  0.4319122  0.4176430  0.4466405  0.4622962  0.4515295  0.4630789  0.4722924  0.4623600  0.4636627  0.4779882  0.4723549  0.4456104  0.4625195
 1  0.7272826  0.6765279  0.6306049  0.6081478  0.6084602  0.6109813  0.6409144  0.6859936  0.6748434  0.6548114  0.6356177  0.6264619  0.6526268  0.6415094  0.6177611  0.6073698  0.6072693  0.5819966  0.5518688  0.5916578  0.5905598  0.5830171  0.6462043  0.6827615  0.6605938  0.6377565  0.6265976
 2  0.5729577  0.5210785  0.4848246  0.4724975  0.4801014  0.4913411  0.5516846  0.5897281  0.5784698  0.5386588  0.4901893  0.4978609  0.5439472  0.5405601  0.5118104  0.5094865  0.5311345  0.5206467  0.5091151  0.5359689  0.5310294  0.5353760  0.5914535  0.6018808  0.5786549  0.5457798  0.5146875
 3  0.7510606  0.7032012  0.6552581  0.6281749  0.6258329  0.6280899  0.6540806  0.7065508  0.6982887  0.6756199  0.6533533  0.6404493  0.6699952  0.6633039  0.6372580  0.6236484  0.6246418  0.6015175  0.5674638  0.6095744  0.6115422  0.5988868  0.6614434  0.7086625  0.6869171  0.6598634  0.6453533
 4  0.4584400  0.4170217  0.3843111  0.3861025  0.4055207  0.4193009  0.5038710  0.5323747  0.4884761  0.4152523  0.3714308  0.4439439  0.4915534  0.4569353  0.4217334  0.4500986  0.4810638  0.4708047  0.4709593  0.4952996  0.4817132  0.4958690  0.5447243  0.5473333  0.4981629  0.4468650  0.4239036
 1  0.7263195  0.6761652  0.6244229  0.5924848  0.5842325  0.5904489  0.5939325  0.5691948  0.5994756  0.6475940  0.6763060  0.6624571  0.6543292  0.6676177  0.6637735  0.6577031  0.6664489  0.6736258  0.6744755  0.6923637  0.6862609  0.6840942  0.6761965  0.6789744  0.6860626  0.6812017  0.6677789
 2  0.5711790  0.5212492  0.4806681  0.4552106  0.4562173  0.4750703  0.4804566  0.4739101  0.5324801  0.5868292  0.5950510  0.5780565  0.5595695  0.5569070  0.5418678  0.5215356  0.5358178  0.5522326  0.5735577  0.5888856  0.5848310  0.5664579  0.5445880  0.5448372  0.5549619  0.5508436  0.5199882
 3  0.7502776  0.7030711  0.6494251  0.6131640  0.6012126  0.6064608  0.6118953  0.5852717  0.6124135  0.6649871  0.7011759  0.6869253  0.6737419  0.6866822  0.6837166  0.6748114  0.6823547  0.6924469  0.6920844  0.7132407  0.7078427  0.7037277  0.6945396  0.6956734  0.7042313  0.7005636  0.6860758
 4  0.4579942  0.4180866  0.3807599  0.3621469  0.3833408  0.4122153  0.4026038  0.4153324  0.4937754  0.5386169  0.5349977  0.4881092  0.4736961  0.4787338  0.4391909  0.4212842  0.4677578  0.4805618  0.5084608  0.5218918  0.4961024  0.4637286  0.4425628  0.4652528  0.4793684  0.4514335  0.3945779
 1  0.7283663  0.6827752  0.6280466  0.5915475  0.5735412  0.5933989  0.6344030  0.6461278  0.6639810  0.6721663  0.6663726  0.6713848  0.6775834  0.6758838  0.6531039  0.6314270  0.6733202  0.6515410  0.6386989  0.6481649  0.6598996  0.6535296  0.6592934  0.6641604  0.6629979  0.6786279  0.6770331
 2  0.5709641  0.5238797  0.4787203  0.4430575  0.4350127  0.4933939  0.5402244  0.5546793  0.5652221  0.5650925  0.5519049  0.5509484  0.5584484  0.5540765  0.5232369  0.5407882  0.5831595  0.5627564  0.5355049  0.5357279  0.5477021  0.5447364  0.5485844  0.5472020  0.5562216  0.5744100  0.5711420
 3  0.7517058  0.7088831  0.6526693  0.6125831  0.5903048  0.6057443  0.6523644  0.6652653  0.6825567  0.6926164  0.6856966  0.6888952  0.6963191  0.6953735  0.6725850  0.6451041  0.6945858  0.6765179  0.6589191  0.6650795  0.6786248  0.6732552  0.6780646  0.6832434  0.6803056  0.6983654  0.6988785
 4  0.4566222  0.4170227  0.3760212  0.3377727  0.3596146  0.4551311  0.4831378  0.4810497  0.4945198  0.4822271  0.4581712  0.4718665  0.4826411  0.4644186  0.4207663  0.4924169  0.5317014  0.4734361  0.4332776  0.4628171  0.4789810  0.4667185  0.4684892  0.4621945  0.4889485  0.5112812  0.4798517
 1  0.7305319  0.6896581  0.6372772  0.6027343  0.6017428  0.6207072  0.6444777  0.6370563  0.6331773  0.6334333  0.6570346  0.6665574  0.6601414  0.6606892  0.6587083  0.6677628  0.6548223  0.6418165  0.6240011  0.6231729  0.6311630  0.6246238  0.6094258  0.6114101  0.6214634  0.6661136  0.6744007
 2  0.5721984  0.5266032  0.4807248  0.4594640  0.4802300  0.5233935  0.5469299  0.5323392  0.5046232  0.4925712  0.5244663  0.5434243  0.5445625  0.5424134  0.5480747  0.5540156  0.5442358  0.5272810  0.5238884  0.5481763  0.5629494  0.5524902  0.5407326  0.5381210  0.5618252  0.5903408  0.5907390
 3  0.7533336  0.7150011  0.6614274  0.6225072  0.6180302  0.6366876  0.6636554  0.6580890  0.6521362  0.6489482  0.6723328  0.6852052  0.6786633  0.6793518  0.6769989  0.6865875  0.6749612  0.6606833  0.6417956  0.6399515  0.6516571  0.6467764  0.6300673  0.6311335  0.6378112  0.6867785  0.6983862
 4  0.4550996  0.4161370  0.3735663  0.3733034  0.4195214  0.4711252  0.4806618  0.4384312  0.3852765  0.4082277  0.4648678  0.4684281  0.4619405  0.4623059  0.4735319  0.4801358  0.4595569  0.4438920  0.4604688  0.5008414  0.5104583  0.4942134  0.4810050  0.4802339  0.5113723  0.5368839  0.5174554
 1  0.7307829  0.6860838  0.6420719  0.6204397  0.6473124  0.6503313  0.6429821  0.6573754  0.7029892  0.6970208  0.6789024  0.6685939  0.6593926  0.6548211  0.6716226  0.6774289  0.6763689  0.6765785  0.6973490  0.6891785  0.6742709  0.6671391  0.6694058  0.6662435  0.6602268  0.6478430  0.6382921
 2  0.5712566  0.5225106  0.4869627  0.4980108  0.5337239  0.5338043  0.5008731  0.5426458  0.5966621  0.5988789  0.5722846  0.5346154  0.4925870  0.4779885  0.5226933  0.5573013  0.5646252  0.5805147  0.5964960  0.5878046  0.5579693  0.5310640  0.5210252  0.5116990  0.4998416  0.4872374  0.5047356
 3  0.7532018  0.7114615  0.6660337  0.6385375  0.6653911  0.6705643  0.6610567  0.6688275  0.7229028  0.7207697  0.7004605  0.6873270  0.6764332  0.6690641  0.6864823  0.6958162  0.6963001  0.6947025  0.7186490  0.7117851  0.6946362  0.6848015  0.6862939  0.6833397  0.6770168  0.6641038  0.6537255
 4  0.4532831  0.4141112  0.3833340  0.4353133  0.4715441  0.4355608  0.3640434  0.4931526  0.5454760  0.5188301  0.4605490  0.4106985  0.3598435  0.3933311  0.4656101  0.4916657  0.4867825  0.5146819  0.5309968  0.4987470  0.4448441  0.4264820  0.4279024  0.4145335  0.3918671  0.3926456  0.4449113
 1  0.7288303  0.6817250  0.6259351  0.5906972  0.5357588  0.4795125  0.6375800  0.6879607  0.6359120  0.6300336  0.6344031  0.6214773  0.5980739  0.6174182  0.6944520  0.7035441  0.6834813  0.6715560  0.6591160  0.6799188  0.7158449  0.6904868  0.6578667  0.6384366  0.6488381  0.6418888  0.6321773
 2  0.5741911  0.5237030  0.4780856  0.4514915  0.4226426  0.4506519  0.5912946  0.5991618  0.5632330  0.5560331  0.5510585  0.5248542  0.4881667  0.5588037  0.6152350  0.6186805  0.5911920  0.5474707  0.4969316  0.5786110  0.6164797  0.5999841  0.5469602  0.4976017  0.5017129  0.4992710  0.4959818
 3  0.7523075  0.7079528  0.6506636  0.6112798  0.5530640  0.4918520  0.6470521  0.7175830  0.6619684  0.6509477  0.6561621  0.6430056  0.6165259  0.6250951  0.7168851  0.7297176  0.7075116  0.6912805  0.6753999  0.6906659  0.7406102  0.7165602  0.6802683  0.6553702  0.6642463  0.6604777  0.6490746
 4  0.4580154  0.4169323  0.3773973  0.3600051  0.3568895  0.4256389  0.5478393  0.5460819  0.4980064  0.4947483  0.4797520  0.4302641  0.3989510  0.5217094  0.5626034  0.5478760  0.4823934  0.4043539  0.3751802  0.5351339  0.5621424  0.5097033  0.4069784  0.3862672  0.4315239  0.4112998  0.4076377
 1  0.7302531  0.6859038  0.6388980  0.6095261  0.6003009  0.6089696  0.6256379  0.6233285  0.6173851  0.6432618  0.6798044  0.6688762  0.6578920  0.6620923  0.6660775  0.6738697  0.6719040  0.6770873  0.6662372  0.6541068  0.6430167  0.6328072  0.6335794  0.6541711  0.6926354  0.6830487  0.6599719
 2  0.5733499  0.5237260  0.4846962  0.4594376  0.4551817  0.4800555  0.5081968  0.5091458  0.5147402  0.5698227  0.5929475  0.5779364  0.5463379  0.5306442  0.5386281  0.5549281  0.5702116  0.5746777  0.5579751  0.5282971  0.5095927  0.5194712  0.5387129  0.5864954  0.6059241  0.5957491  0.5525501
 3  0.7529906  0.7113011  0.6629067  0.6300780  0.6175260  0.6240068  0.6424544  0.6419520  0.6340157  0.6576089  0.7028406  0.6924991  0.6772979  0.6793353  0.6829960  0.6919806  0.6909510  0.6978895  0.6877530  0.6729191  0.6597220  0.6502047  0.6518369  0.6690530  0.7168723  0.7074568  0.6807499
 4  0.4553468  0.4144629  0.3815838  0.3587677  0.3708861  0.4187949  0.4421642  0.4278497  0.4504171  0.5244368  0.5324500  0.4798000  0.4362303  0.4404274  0.4671252  0.4867205  0.5027797  0.5022404  0.4595535  0.4179739  0.4286886  0.4582423  0.4790577  0.5364085  0.5474343  0.5031126  0.4391584
 1  0.7306463  0.6839494  0.6375550  0.6089653  0.6002699  0.5987622  0.6211406  0.6383826  0.6873292  0.6802922  0.6658102  0.6620936  0.6872086  0.6961045  0.6813492  0.6686909  0.6552608  0.6470332  0.6380174  0.6269382  0.5660018  0.6203079  0.6053210  0.6346031  0.6931884  0.6790528  0.6617877
 2  0.5746519  0.5227490  0.4856727  0.4651149  0.4585720  0.4770425  0.5216674  0.5735600  0.6005324  0.5904722  0.5532370  0.5332024  0.5630893  0.5775992  0.5600647  0.5204133  0.4804637  0.4898486  0.5508657  0.5520439  0.5253982  0.5554661  0.5423866  0.5844498  0.6086261  0.5941350  0.5576015
 3  0.7534515  0.7096860  0.6618136  0.6294224  0.6180750  0.6138774  0.6368190  0.6535282  0.7101497  0.7042241  0.6867208  0.6783176  0.7035429  0.7164428  0.7018183  0.6867358  0.6711527  0.6615375  0.6543544  0.6518227  0.5830144  0.6398162  0.6281086  0.6466867  0.7181765  0.7036035  0.6818353
 4  0.4558021  0.4152092  0.3844473  0.3714250  0.3704731  0.4173771  0.4714995  0.5253297  0.5409204  0.4998605  0.4266428  0.4437296  0.5040478  0.5026243  0.4475447  0.3820950  0.3631767  0.4297430  0.5069836  0.5011353  0.4831417  0.5133691  0.4842936  0.5390391  0.5498020  0.4990027  0.4547102
 1  0.7306384  0.6854690  0.6417020  0.6169464  0.6114167  0.6098384  0.6129364  0.6461927  0.6890769  0.6824290  0.6704678  0.6756144  0.6764911  0.6795940  0.6734767  0.6705852  0.6602794  0.6741693  0.6735708  0.6649703  0.6667385  0.6752072  0.6764264  0.6694614  0.6566097  0.6606310  0.6716610
 2  0.5714296  0.5239925  0.4880105  0.4626632  0.4445642  0.4314081  0.4678225  0.5710976  0.6015336  0.5915272  0.5640477  0.5496000  0.5451632  0.5419553  0.5381428  0.5336369  0.5503212  0.5774860  0.5764681  0.5535999  0.5393895  0.5465963  0.5460418  0.5321694  0.5219565  0.5575658  0.5768739
 3  0.7535934  0.7115947  0.6660831  0.6373804  0.6290425  0.6253203  0.6256348  0.6596974  0.7121947  0.7060383  0.6902395  0.6938148  0.6944641  0.6973051  0.6913743  0.6882932  0.6767283  0.6944499  0.6964288  0.6849359  0.6837266  0.6928318  0.6951994  0.6878164  0.6731005  0.6770022  0.6933870
 4  0.4547070  0.4177429  0.3810557  0.3546929  0.3316884  0.3283946  0.4202625  0.5305134  0.5408262  0.4974362  0.4614373  0.4588332  0.4578711  0.4522370  0.4474891  0.4448726  0.4909305  0.5209737  0.4891006  0.4425521  0.4514854  0.4715930  0.4573364  0.4244322  0.4420571  0.5066339  0.5138165
 1  0.7298247  0.6826669  0.6402641  0.6269453  0.6597667  0.6597137  0.6517478  0.6510017  0.6606721  0.6752826  0.6689123  0.6591043  0.6736782  0.6763004  0.6760995  0.6734551  0.6724091  0.6709688  0.6791822  0.6767725  0.6780006  0.6908512  0.6936048  0.6933025  0.6975723  0.6956009  0.6878239
 2  0.5696666  0.5211598  0.4883896  0.5104300  0.5476592  0.5478043  0.5189523  0.4940252  0.5039377  0.5260595  0.5263335  0.5257465  0.5580288  0.5721785  0.5672372  0.5541245  0.5400943  0.5400866  0.5518441  0.5493642  0.5530431  0.5663943  0.5701991  0.5666635  0.5671469  0.5668832  0.5541350
 3  0.7525837  0.7088277  0.6646934  0.6444462  0.6783889  0.6803350  0.6698684  0.6672359  0.6754591  0.6916445  0.6874594  0.6750848  0.6908840  0.6970791  0.6966374  0.6924671  0.6903050  0.6882001  0.6972378  0.6959063  0.6950832  0.7088651  0.7130774  0.7111943  0.7156394  0.7143197  0.7067155
 4  0.4530319  0.4162894  0.3843124  0.4508301  0.4862079  0.4516315  0.3978918  0.3838395  0.4281050  0.4531645  0.4228951  0.4472978  0.5008844  0.5007429  0.4762430  0.4551122  0.4462134  0.4621298  0.4750713  0.4557948  0.4701334  0.4936197  0.4803885  0.4740149  0.4827480  0.4798346  0.4580710
 1  0.7291441  0.6867886  0.6459820  0.6198115  0.5892091  0.5621572  0.6361627  0.6501787  0.6445394  0.6617507  0.6525502  0.6451981  0.6564574  0.6743507  0.6728280  0.6709732  0.6732892  0.6717709  0.6748118  0.6709541  0.6788821  0.6758706  0.6787169  0.6731473  0.6664626  0.6532269  0.6339031
 2  0.5731839  0.5256805  0.4886377  0.4562946  0.4157392  0.4433638  0.5866908  0.5668576  0.5739152  0.5719759  0.5488449  0.5198422  0.5251008  0.5480768  0.5502184  0.5518091  0.5591351  0.5657130  0.5641550  0.5593971  0.5582894  0.5583205  0.5595612  0.5576702  0.5485714  0.5333073  0.5122045
 3  0.7522081  0.7122912  0.6697235  0.6402000  0.6069839  0.5734137  0.6481723  0.6784420  0.6687314  0.6833407  0.6738902  0.6634213  0.6721602  0.6917274  0.6920030  0.6889535  0.6917510  0.6916241  0.6952129  0.6897971  0.6975653  0.6946037  0.6975102  0.6925739  0.6858555  0.6725384  0.6525870
 4  0.4562852  0.4155206  0.3786215  0.3376945  0.3039113  0.4112134  0.5457527  0.5149265  0.5029562  0.4921335  0.4482693  0.4142910  0.4517516  0.4787497  0.4651447  0.4691310  0.4891023  0.4942976  0.4788390  0.4736739  0.4764230  0.4773148  0.4810480  0.4762090  0.4637539  0.4449915  0.4272658
