2019 2020 2021 2022 2023 2024 2025 2026 2027 2028 2029 2030 2031 2032 2033 2034 2035 2036 2037 2038 2039 2040 2041 2042 2043 2044 2045
  25959.53   26051.37   27155.78   27590.26   40568.96   61868.82   69084.97   68592.21   54713.62   41358.13   32741.93   25953.86   25164.19   22825.16   19921.88   19319.02   17947.57   14576.69   13849.89   16532.32   23466.09   30500.30   34016.15   40615.11   45394.94   46253.03   38527.86
  26666.73   26817.68   28211.12   28802.32   26280.96   26590.62   29658.83   30324.32   32017.70   34579.86   34416.29   34104.36   34655.80   35036.72   36700.26   35779.49   42668.79   54332.35   57715.15   57964.44   42368.27   28188.10   22156.36   14701.09   13198.25   12995.59   16014.91
  27337.97   27563.26   27724.17   29782.44   32525.27   32427.63   26562.98   22747.78   23640.34   22935.44   22462.17   22906.17   23845.77   23805.54   26123.29   28597.54   28148.17   28415.63   28735.07   28871.45   26956.36   23813.34   19760.46   19958.95   27698.73   34057.14   35243.95
  27375.08   27902.26   30677.51   32890.95   31754.80   29463.63   28250.23   27797.60   34605.38   45770.75   53419.01   60401.86   66411.54   67167.07   65370.90   60771.44   55549.16   51876.81   44576.69   39469.12   41581.38   45669.80   43569.61   38320.77   31346.87   25454.98   22864.20
  27413.16   27422.00   28747.33   30419.09   35078.86   40629.76   42204.53   43484.66   37428.67   32075.80   22181.28   10917.27   16511.05   24904.12   32457.71   37681.49   32971.65   26839.06   26139.83   28670.39   31075.55   31218.07   26731.94   20969.80   14554.37    9730.46   13382.19
  27916.22   27932.99   27167.62   26666.60   25955.54   23529.62   21389.67   22276.76   28929.75   34498.16   34764.30   32246.16   31749.27   31990.32   30644.21   28472.96   24471.75   20393.72   19516.69   18922.80   21584.45   28048.36   33064.40   34160.60   30919.01   30790.19   35308.61
  25293.69   25675.19   25915.21   27307.20   30523.25   30403.31   28201.18   25416.48   23327.53   20814.16   18321.19   19628.71   24986.03   30060.55   32919.44   34089.06   28646.18   22243.49   26137.96   37163.65   48165.08   59206.12   66319.85   69034.62   61673.15   51136.49   43105.91
  26166.07   25622.66   28673.40   30219.24   30546.71   30090.96   32670.57   38913.17   42136.72   46980.27   51301.29   51917.58   41346.36   29699.52   24795.25   20461.95   31467.18   50173.15   56793.50   60276.42   48027.45   32693.45   23728.17   15971.76   18630.62   23682.14   34454.78
  26381.36   26438.13   26413.00   25716.17   22259.16   19852.68   20940.19   25251.98   38853.21   54279.60   61941.23   63449.08   56966.73   49498.09   39834.38   30085.97   24799.81   22467.90   23756.39   24355.41   26824.03   29806.36   30798.32   49221.25   81173.50  102790.63  108302.07
  25129.66   25193.12   24100.19   27202.04   33589.35   34456.59   31672.21   28987.89   27241.79   26119.36   26494.41   26791.73   25696.40   27103.63   31657.23   39251.47   47867.01   52742.49   47311.92   38612.96   30619.01   24471.60   18001.54   12693.73   16104.26   20483.88   22367.88
  27619.19   27734.69   30075.36   31458.22   32915.11   33890.91   35559.97   37188.28   33543.39   30069.23   27828.94   30703.24   40032.22   47525.02   48792.98   49925.45   47220.36   45266.78   42526.67   37618.28   34413.77   31127.10   28650.69   26348.85   23683.15   21294.45   19289.71
  24999.65   25065.38   26516.77   28725.80   29396.28   27711.27   24302.90   20085.98   18136.01   16879.43   21101.84   30019.65   43417.43   56264.00   58033.83   55756.77   45569.89   36659.07   31578.37   28910.70   34060.33   36868.37   38362.88   47960.60   57585.79   62593.29   60618.61
  23892.22   23434.10   24565.97   24256.54   28839.24   36068.84   39856.83   40261.91   38295.33   34139.63   28249.06   23839.94   20461.11   17905.15   16009.76   14867.73   15435.32   19679.56   26329.38   29761.08   31078.22   30956.77   28717.07   26898.39   24046.38   31428.33   43546.02
  24949.98   25151.37   24307.56   22978.89   18711.34   17964.14   22973.98   26431.71   24126.26   21124.71   24463.31   30179.92   33066.55   32483.68   28307.82   24484.52   28671.81   32576.46   42023.90   56081.26   61746.53   60380.97   46760.76   32510.33   26761.13   21784.77   20552.80
  22802.38   22249.88   21956.97   22803.64   28517.05   32896.48   33300.26   30614.51   25541.80   20073.91   17519.84   26261.24   41316.57   49303.36   47812.83   42852.44   37838.80   33190.67   27537.98   25523.55   25888.72   25300.72   25600.92   26009.69   28147.32   32507.42   37418.30
  24653.49   24614.47   24234.23   22961.01   24319.86   27723.25   28378.82   29989.47   29941.39   30678.87   35374.65   37962.75   36868.81   34771.99   31960.24   30565.76   45827.80   68541.19   79481.36   79521.43   67615.09   53547.76   40683.22   31734.48   32483.73   35202.51   42492.41
  25237.80   25258.33   25251.33   25504.04   29139.61   33212.48   32822.69   30681.39   29850.15   30743.51   32551.12   33133.06   34213.80   45825.15   61791.77   67468.24   58658.57   50888.81   47647.83   45466.60   39203.16   31502.52   22763.77   14052.51   15332.10   19156.09   22705.63
  29448.01   29880.41   31030.25   34529.74   36925.16   39638.77   42383.48   41815.45   33256.03   24617.05   22753.71   23712.77   24819.52   28014.75   29677.58   31376.98   36200.63   38254.25   38372.75   46142.11   55658.06   61303.37   62656.14   58963.63   48601.33   44617.36   48853.33
  26177.49   26590.86   25935.01   24133.52   15225.43    8500.62   10022.55   12392.16   14727.01   16342.56   19873.67   24067.89   24708.71   24918.91   24866.06   26044.31   28014.38   28189.49   27877.23   28697.73   29555.67   28031.54   24796.48   23709.41   25368.41   28723.61   32749.44
  26270.83   25684.57   26653.31   30099.32   35611.38   39082.38   36142.43   30483.52   24589.41   26856.18   38289.23   44871.28   45006.21   45621.48   46905.47   48264.81   40168.40   32185.56   22837.32   17057.49   19887.68   19988.24   17180.55   12982.49   13328.52   13676.28   17560.12
  29044.42   28804.22   28285.91   27070.26   27081.52   26585.76   28580.10   32292.32   38665.18   48743.37   56624.78   63116.99   64734.01   62706.54   55967.84   47602.44   34763.98   22814.09   16770.97   14141.77   18803.93   24147.22   28492.50   31911.27   32374.62   36191.60   44459.30
  27952.23   28601.36   28306.94   27394.30   29884.10   33156.92   34971.76   33947.58   29959.47   27069.31   32330.82   39042.84   41753.28   42068.13   36482.58   30167.07   25465.66   21544.85   21467.67   21735.73   23772.60   28728.22   33826.32   35673.27   35066.17   33367.57   32576.19
  25266.52   24941.75   26083.68   30189.02   32714.49   31919.77   24856.95   22589.73   22927.97   21898.98   22301.03   22211.91   17589.43   14051.81   24544.59   36860.10   38339.95   34645.07   34670.58   33635.15   31909.14   29746.40   32099.87   34512.26   32597.00   29177.11   26744.80
  26685.80   27043.85   26694.44   24929.89   23265.49   22426.40   25324.71   27993.10   29661.25   30470.67   29220.63   26768.85   24209.49   22622.58   27745.75   37601.66   51359.75   86476.57  130902.10  158254.49  143421.33  113778.91   79865.56   48593.66   38681.81   34213.27   36678.93
  29213.68   29706.20   28873.63   30372.52   33071.89   34645.79   33453.71   29616.61   22471.55   16513.47   18790.29   24335.04   31707.23   36658.92   36512.52   38022.97   41136.92   42558.63   39896.71   36755.29   31799.86   38750.69   53309.30   56518.14   50649.36   42127.82   36181.47
  28456.26   28346.14   29976.76   31330.69   31394.69   29158.39   23413.98   20458.42   22716.22   26335.74   30503.39   38530.41   49221.47   55641.53   55448.44   54141.73   51473.37   47909.01   43591.35   39896.80   35862.67   33917.50   33448.65   30705.90   29385.55   29185.54   29019.54
  27992.40   27615.38   29247.28   30913.60   31524.83   31501.30   30583.27   28651.65   28470.85   27934.43   30715.59   38044.11   43123.33   43576.50   40007.15   36723.18   34316.88   31094.65   29193.49   28085.98   27659.08   27625.21   29307.35   30604.23   33630.51   39573.28   43103.79
  25257.70   25172.50   26853.21   30306.06   37872.43   48964.60   53869.86   51705.56   44753.57   38823.33   35521.93   32419.24   30791.30   30192.22   29792.34   27602.19   23098.68   21609.05   24446.76   33645.99   47074.15   56417.31   63391.52   67375.05   60719.82   51341.96   38250.74
  27373.46   27647.46   29320.41   30091.27   26727.69   24131.14   22750.60   23824.85   28699.89   34113.26   39847.91   42328.17   37827.72   32884.32   30786.01   29863.12   30844.67   33839.18   40012.47   48028.66   51656.34   53459.79   50375.58   43987.39   40501.15   40702.61   45839.37
  30096.56   30971.34   31265.21   30474.89   28447.64   25516.18   19984.31   16334.67   18401.44   24692.56   34231.71   39425.72   38515.18   35724.34   28053.43   21450.12   21590.68   25213.71   32193.55   36890.58   36188.74   35231.87   28211.92   21589.97   25997.28   37872.87   49377.88
  24580.27   24581.66   25998.98   26359.66   25173.71   25896.40   31935.26   38385.11   36984.08   31824.59   25326.06   19743.24   20360.66   21680.80   26087.23   33567.68   46042.23   58335.55   59265.93   55575.26   48941.83   43387.92   39316.69   33401.47   31340.89   30142.39   30890.53
  30138.69   30885.72   31206.48   31155.33   33444.57   34528.91   33697.79   31940.68   34337.76   41118.62   46137.35   51773.81   55352.02   55231.61   54024.75   53404.52   49906.06   43453.04   37418.21   32151.76   27417.40   25617.26   27765.56   28752.75   27663.81   28955.38   32431.55
  26759.69   26880.70   19627.54   13450.81   12508.88   11805.34   12359.84   15177.34   21047.90   24906.79   27498.64   31131.14   34267.35   37435.29   36922.74   32780.14   32219.69   35760.92   38069.86   38053.23   30741.83   33825.10   49052.69   53544.29   48023.84   38905.21   31423.40
  26581.09   26545.55   29154.67   35251.51   42441.01   46371.41   48274.78   49771.08   48940.24   48654.22   44650.98   38722.89   26180.25   14722.66    8514.26    3088.65    6785.64   17749.33   30815.24   43061.40   52149.12   56288.59   53478.97   47482.37   43753.21   44387.24   43364.07
  24226.29   23885.80   27066.78   29953.03   31605.21   34175.35   39639.06   43419.37   52697.33   65234.95   70562.69   72185.66   64723.93   54748.66   47169.79   44680.45   47164.89   48057.93   44515.20   41920.39   40272.39   39084.65   42854.11   44195.46   40707.64   36262.72   27963.35
  26100.86   26523.31   28508.81   33597.32   39161.64   40231.74   39287.65   40786.90   39759.97   37139.83   32618.00   28002.19   23737.01   21411.48   23604.67   26612.53   28043.53   27789.04   25235.43   22980.22   20220.75   20278.74   28014.17   36014.70   44043.88   55490.55   61185.36
  29053.97   29015.13   27353.63   25086.37   25406.54   29012.23   32027.39   33353.62   38438.38   51465.76   58751.39   56464.24   51333.96   45620.09   34873.23   24788.41   20430.06   17511.37   18579.96   18528.85   18723.76   19147.62   19167.41   21275.45   25144.40   27004.40   28584.68
  26783.24   26992.21   27450.86   26966.97   26498.85   26089.92   29199.01   34607.34   40016.42   45444.58   45483.86   42609.93   32547.32   25301.34   25069.16   25281.99   27001.26   29837.17   35281.19   37135.54   36783.30   40203.73   43653.10   48072.00   47373.33   42660.66   33694.38
  25371.65   25493.70   27351.25   30725.66   32743.47   34107.11   32049.27   28180.46   23825.62   20065.24   19246.84   26721.50   38038.77   42922.39   42072.77   39632.04   36672.35   33592.56   32123.79   32378.05   33247.79   33435.47   32413.68   31925.74   32394.11   31183.48   28717.67
  22355.18   22021.23   23564.20   25729.09   26527.75   26324.48   34488.13   47720.09   49661.16   45383.16   36612.94   30417.54   31360.68   29341.88   27985.09   26775.18   25277.37   23742.37   22654.23   21859.40   21161.71   21104.00   26340.95   34564.87   39911.65   41950.62   38781.77
  23426.02   23556.33   22381.86   20799.90   20977.11   20946.01   19529.12   17534.50   18144.86   22649.35   29176.02   32482.89   34624.93   36179.64   34289.06   31186.96   29825.35   28803.82   33239.41   39584.29   41922.28   42912.46   39795.95   38272.07   38711.97   35986.95   29879.96
  26696.18   26881.07   24252.39   21030.39   20025.55   22242.73   26517.40   30755.80   34759.74   36969.98   37018.50   37637.54   37568.58   36220.08   27290.42   23381.22   27108.81   25969.40   26222.26   27417.46   26138.01   23935.14   25272.17   25869.27   25456.98   27357.38   29174.92
  31453.20   32108.03   28332.05   26189.98   28080.80   32625.51   36333.96   35311.97   33384.50   31214.66   32154.16   32081.69   30152.93   28254.48   29485.51   30976.18   27950.86   24529.57   21480.52   19479.83   19897.16   20334.94   20848.68   21049.66   24327.62   30941.81   37342.47
  25152.40   24404.06   24910.35   30847.08   40668.25   44367.01   41406.60   49650.21   68308.18   81547.99   82866.77   78187.26   66522.80   56359.39   50572.64   47370.67   45002.53   51460.53   69001.30   79598.86   77979.84   72961.54   65745.01   56571.49   46450.31   37030.36   29531.78
  24973.46   24934.25   23142.09   20927.24   14497.22    8042.40   10925.68   17414.88   23452.54   29497.12   32267.41   31821.51   27900.87   28132.19   38832.56   50365.51   51844.57   48190.54   37777.50   46064.24   68673.66   77039.80   69667.79   60041.74   50804.92   38663.12   32712.58
  25543.06   25011.68   25120.42   24318.21   23685.85   24237.68   23699.24   21921.46   20381.02   23582.57   30388.42   32981.22   32135.65   31002.14   30561.49   31164.17   31285.24   32907.68   31798.84   28956.12   22869.88   17269.00   17296.01   23418.35   34065.66   39924.92   37500.19
  23836.90   23187.76   22317.11   21540.59   21474.33   22105.49   23153.36   30341.89   41772.98   47773.18   45164.19   44197.18   51239.40   56457.33   53905.65   47941.25   37820.67   30103.15   25169.63   21501.24   24779.51   28943.10   31318.59   42313.43   49968.10   50404.97   47439.66
  27623.98   28026.18   29246.78   29451.75   28786.53   27433.15   24734.84   28327.24   37606.89   42760.58   42831.44   42716.49   41126.01   38651.34   34411.95   30544.61   28455.33   30215.48   33711.85   34835.02   35115.88   35541.22   34866.56   31697.27   25772.22   24126.89   25741.13
  24735.90   24440.86   26291.70   36023.35   50177.87   56427.61   54859.61   50234.57   46958.86   44257.09   37242.02   33486.87   33195.09   33546.73   35187.26   35470.91   32919.48   31065.90   31536.54   30251.64   32474.76   36563.56   40399.99   44506.39   45710.26   47301.85   43700.24
  28855.99   29131.48   30570.97   29875.97   24240.34   20902.38   24153.62   29458.03   35026.86   39525.75   37110.14   32491.37   33735.18   35175.36   33672.69   32970.09   31835.34   31879.13   34378.52   36894.84   38798.87   40639.78   40515.10   40319.48   37195.61   33004.70   25808.10
