FL 2019 2020 2021 2022 2023 2024 2025 2026 2027 2028 2029 2030 2031 2032 2033 2034 2035 2036 2037 2038 2039 2040 2041 2042 2043 2044 2045
 1    4109.00    3559.25    3559.25    3676.13    3676.13    7387.38    7387.38   14173.24   14173.24   12191.26   12191.26    4921.22    4921.22    5520.44    5520.44    6799.72    6799.72    3591.13    3591.13    1164.70    1164.70    2263.34    2263.34    6282.74    6282.74   12227.29   12227.29
 2     783.00     677.95     677.95     700.22     700.22    1407.12    1407.12    2699.66    2699.66    2322.14    2322.14     937.38     937.38    1051.51    1051.51    1295.18    1295.18     684.02     684.02     221.85     221.85     431.11     431.11    1196.71    1196.71    2329.01    2329.01
 3    3537.00    2843.31    2792.25    2613.81    2069.01    3897.90    6136.50   11015.69    7469.57    4076.82    2802.27    2371.26    2564.36    2730.95    1858.56    1481.59    1481.59    1546.00    1272.03     969.70    1382.93    2084.94    2261.45    2835.19    2661.87    3955.70    2844.93
 4    1379.00    1662.11    1397.55    2085.09    3234.79    4279.26    2969.20    2497.51    1444.12    1227.89    1107.28    1187.47     882.83     858.11     765.11     892.70     892.70     687.06     860.19    1252.58    1321.24    1732.66    1529.30    2283.51    1894.57    1853.66    1100.78
 1    4109.00    3542.15    3542.15    5841.07    5841.07    5034.88    5034.88    5302.37    5302.37    5455.76    5455.76    2972.05    2972.05    3102.79    3102.79    2868.10    2868.10    4409.79    4409.79   21102.31   21102.31   12028.17   12028.17    4660.19    4660.19    1723.26    1723.26
 2     783.00     674.70     674.70    1112.58    1112.58     959.02     959.02    1009.98    1009.98    1039.19    1039.19     566.10     566.10     591.01     591.01     546.30     546.30     839.96     839.96    4019.49    4019.49    2291.08    2291.08     887.66     887.66     328.24     328.24
 3    3537.00    2543.28    3025.35    4231.97    3406.53    2644.97    3192.75    3111.81    3096.39    3470.70    3592.31    3721.76    3408.04    2829.90    3581.55    2678.78    2600.28    4147.64    5237.30    5625.72    4329.66    3006.04    2327.96    1825.59    1825.59     941.95    1284.55
 4    1379.00    1432.78    1316.09    1080.08    1030.63    1298.87    1631.78    1348.34    1444.88    1396.18    1288.10    1405.23    1159.50    1186.45    1254.22    1422.49    2378.23    2677.98    2167.33    1835.60    1379.97    1136.82     885.68     606.95     606.95     725.80     864.21
 1    4109.00    5205.35    5205.35    5329.63    5329.63   11818.88   11818.88    5868.32    5868.32    4174.63    4174.63    5253.86    5253.86    2594.59    2594.59    6210.67    6210.67    6229.15    6229.15    5299.14    5299.14    8112.72    8112.72    3457.61    3457.61    4884.73    4884.73
 2     783.00     991.50     991.50    1015.17    1015.17    2251.22    2251.22    1117.78    1117.78     795.17     795.17    1000.74    1000.74     494.21     494.21    1182.98    1182.98    1186.50    1186.50    1009.36    1009.36    1545.28    1545.28     658.59     658.59     930.42     930.42
 3    3537.00    2803.31    3067.73    3354.19    3435.86    4118.52    2940.41    2292.36    2558.45    1787.89    1469.62    2312.90    2190.91    1784.64    2138.86    2398.12    2252.19    1846.99    1869.43    3158.82    3005.88    2525.44    1560.87    1265.94    1680.12    2440.55    2977.68
 4    1379.00    1322.38    1633.74    1617.90    1602.60    1351.62    1185.91    1126.42    1133.21     866.75     834.59    1090.98    1147.30    1181.29    1247.61    1143.24    1248.87    1184.59    1155.33    1217.02     989.74     759.48     941.29    1442.75    1998.52    1606.47    1144.93
 1    4109.00    1691.38    1691.38    6534.53    6534.53    5435.43    5435.43    2677.29    2677.29    2462.92    2462.92    4206.05    4206.05    5108.80    5108.80    6637.09    6637.09   10439.35   10439.35    7357.81    7357.81    9927.92    9927.92    9720.02    9720.02    5900.66    5900.66
 2     783.00     322.17     322.17    1244.67    1244.67    1035.32    1035.32     509.96     509.96     469.13     469.13     801.15     801.15     973.10     973.10    1264.21    1264.21    1988.45    1988.45    1401.49    1401.49    1891.03    1891.03    1851.43    1851.43    1123.94    1123.94
 3    3537.00    2935.47    3440.01    3060.52    3185.58    3251.24    3245.54    2080.45    2458.08    2555.09    4236.79    4049.52    4053.95    4663.99    4565.73    5717.61    4904.48    4584.52    4346.65    4130.67    4164.15    3743.61    3673.07    4879.07    3344.73    2656.21    2706.60
 4    1379.00    1537.84    1502.59    1326.03    1178.34    1077.91    1177.71    1482.52    2370.00    2199.27    2490.77    2510.03    2124.73    1864.65    1747.82    1779.29    1873.58    1486.45    1522.37    1821.16    2485.64    2043.57    1516.66    1047.44     905.68     815.93     809.87
 1    4109.00    3185.03    3185.03    4239.31    4239.31    8712.86    8712.86   17914.05   17914.05   17267.71   17267.71    3877.57    3877.57    2459.23    2459.23    9108.79    9108.79    8748.89    8748.89    3875.26    3875.26    8902.28    8902.28    9742.19    9742.19    1792.10    1792.10
 2     783.00     606.67     606.67     807.49     807.49    1659.59    1659.59    3412.20    3412.20    3289.09    3289.09     738.58     738.58     468.42     468.42    1735.01    1735.01    1666.46    1666.46     738.14     738.14    1695.67    1695.67    1855.66    1855.66     341.35     341.35
 3    3537.00    3004.82    3078.61    3237.14    3552.40    4372.04    4073.22    5199.09    3937.27    4981.73    4715.97    1498.70    1506.50    1258.07    2328.99    4688.95    3794.86    2754.21    2068.41    2036.94    2919.46    2454.36    2372.27    1944.52    1944.52    1944.52     909.38
 4    1379.00    1384.36    1418.18    1746.04    1944.34    1875.99    1934.08    1735.12    1809.00    1302.03     883.91     867.76    1500.08    1513.77    1639.27    1541.93    1123.43     994.80    1442.32    1448.49    1195.17     964.34     762.72     619.58     619.58     619.58     895.12
 1    4109.00    6033.26    6033.26    7660.88    7660.88    7086.62    7086.62    4333.10    4333.10    5515.82    5515.82    3428.50    3428.50    5365.67    5365.67    6313.69    6313.69    3792.56    3792.56    1940.86    1940.86    3718.64    3718.64    8875.48    8875.48    2946.64    2946.64
 2     783.00    1149.19    1149.19    1459.22    1459.22    1349.83    1349.83     825.35     825.35    1050.63    1050.63     653.05     653.05    1022.03    1022.03    1202.61    1202.61     722.39     722.39     369.69     369.69     708.31     708.31    1690.57    1690.57     561.26     561.26
 3    3537.00    3009.53    3365.93    2489.89    2842.45    2146.86    2121.94    1910.67    2328.82    2843.72    3312.07    3273.07    2974.13    3265.84    3206.39    2576.31    2423.00    1999.03    1713.55    1256.38    1691.97    1541.14    2332.12    3463.11    2780.53    2256.65    2456.69
 4    1379.00    1509.92    1547.58    1269.57    1244.24     949.60    1002.71    1471.13    1759.75    1465.99    1073.03     939.89    1091.60    1132.11    1204.74     857.40     682.94     668.11     703.89     790.77    1279.34    1598.35    1364.74    1140.80    1360.74    1562.99    1366.98
 1    4109.00    5621.15    5621.15    3098.17    3098.17    3639.64    3639.64    3434.97    3434.97    3092.63    3092.63    2450.91    2450.91    2158.00    2158.00    8672.20    8672.20    4870.87    4870.87    2787.71    2787.71    4914.76    4914.76   11282.50   11282.50    7631.32    7631.32
 2     783.00    1070.70    1070.70     590.13     590.13     693.26     693.26     654.28     654.28     589.07     589.07     466.84     466.84     411.05     411.05    1651.85    1651.85     927.78     927.78     530.99     530.99     936.14     936.14    2149.05    2149.05    1453.58    1453.58
 3    3537.00    2483.76    2828.11    2435.66    3305.53    3563.51    3269.50    1848.43    1631.06    1631.06    1522.29    1317.74    1275.09    1791.67    2250.92    3173.12    2566.18    2052.23    1628.17    1934.33    3293.27    5558.75    5702.36    6820.46    6070.96    4287.70    2641.20
 4    1379.00    1445.49    1426.00    1272.83    1286.45     985.89     840.88     686.72     703.27     703.27     642.93    1152.28    1391.28    1399.47    1230.53    1063.79     775.39    1038.80    2122.54    2557.34    2558.29    3386.16    2833.11    2425.31    1907.34    1386.38    1073.77
 1    4109.00     949.87     949.87    1318.55    1318.55    3825.36    3825.36   10721.17   10721.17    7268.18    7268.18   15629.46   15629.46    8167.70    8167.70    3504.73    3504.73    9423.41    9423.41   23994.43   23994.43   14627.38   14627.38    3054.28    3054.28    2535.92    2535.92
 2     783.00     180.93     180.93     251.15     251.15     728.64     728.64    2042.13    2042.13    1384.42    1384.42    2977.04    2977.04    1555.75    1555.75     667.57     667.57    1794.94    1794.94    4570.37    4570.37    2786.17    2786.17     581.77     581.77     483.03     483.03
 3    3537.00    2486.82    3205.62    2580.52    2916.09    2410.74    2181.72    2791.49    3479.82    4243.58    4684.31    6272.90    4985.83    3054.53    2290.36    2444.56    2143.58    2081.59    3375.54    7408.43    5616.91    4049.51    3000.49    1239.11    1657.49    1377.53    1939.41
 4    1379.00    1303.04    1422.92    1000.42     935.08    1111.05    1735.56    2012.68    2505.63    2453.51    2210.02    1914.39    1304.36     880.15     765.73    1353.56    3142.03    3232.29    2560.00    2614.64    1962.24    1053.20     873.09     823.52    1188.01    1665.54    2180.94
 1    4109.00    5379.53    5379.53    9194.26    9194.26    6012.01    6012.01    1509.35    1509.35    5717.25    5717.25   11099.55   11099.55    8887.96    8887.96    4918.45    4918.45    2379.76    2379.76    2207.90    2207.90    2604.76    2604.76    3693.69    3693.69    8899.04    8899.04
 2     783.00    1024.67    1024.67    1751.29    1751.29    1145.14    1145.14     287.50     287.50    1089.00    1089.00    2114.20    2114.20    1692.94    1692.94     936.85     936.85     453.29     453.29     420.55     420.55     496.14     496.14     703.56     703.56    1695.06    1695.06
 3    3537.00    2736.02    2822.76    3347.06    3202.54    1294.95    1666.49    1702.91    2100.29    3246.78    4416.90    5833.07    4575.01    6117.95    4447.59    2732.54    2426.57    1722.70    1723.94    2132.34    2174.20    1974.34    2344.61    2805.08    4179.50    7008.57    9354.50
 4    1379.00    1492.28    1390.74     955.59     972.74     982.27    1194.29    1890.01    2689.03    2859.71    2323.57    2064.90    1573.79    1407.41     958.08     672.85     744.14     960.89     952.25    1116.68    1225.46    1150.39    1761.63    4671.71    6371.73    4900.73    3801.49
 1    4109.00    5736.19    5736.19    4124.27    4124.27    4093.78    4093.78    4440.74    4440.74    3824.44    3824.44    3632.71    3632.71    3895.58    3895.58    4938.78    4938.78   10023.55   10023.55    8686.99    8686.99   10056.35   10056.35    2598.29    2598.29    2677.29    2677.29
 2     783.00    1092.61    1092.61     785.58     785.58     779.77     779.77     845.86     845.86     728.46     728.46     691.94     691.94     742.02     742.02     940.72     940.72    1909.25    1909.25    1654.66    1654.66    1915.50    1915.50     494.91     494.91     509.96     509.96
 3    3537.00    4250.66    4448.54    2237.03    3260.48    4833.20    4042.05    2219.62    1917.17    1565.45    1631.72    1961.56    2299.84    2202.31    2338.11    2279.69    2792.46    6130.01    5992.43    4202.32    2934.94    2693.56    1753.63     826.41     940.41    1102.20    1409.80
 4    1379.00    1346.17    1470.77    1834.62    1608.25    1220.01     904.46     805.52     727.84     893.68    1018.35     960.43     977.24    1463.24    1908.25    2113.86    2236.24    2048.43    1392.53     946.43     727.99     864.66     750.89     694.32     991.10     928.02     920.74
 1    4109.00    2409.79    2409.79    3399.86    3399.86    5148.07    5148.07    6280.89    6280.89    5498.26    5498.26    4678.67    4678.67   10057.74   10057.74    9498.26    9498.26    9643.79    9643.79    5300.99    5300.99    7488.10    7488.10    4990.06    4990.06    6137.21    6137.21
 2     783.00     459.01     459.01     647.59     647.59     980.58     980.58    1196.36    1196.36    1047.29    1047.29     891.18     891.18    1915.76    1915.76    1809.19    1809.19    1836.91    1836.91    1009.71    1009.71    1426.30    1426.30     950.49     950.49    1168.99    1168.99
 3    3537.00    2338.19    3499.99    3390.67    3605.83    3147.01    3155.61    4190.95    3714.12    3270.49    2842.87    1666.66    1952.63    5532.24    4618.50    5256.27    4518.09    4489.82    4268.04    5020.57    4137.23    2691.52    2256.26    3054.61    2798.00    2366.30    2039.91
 4    1379.00    1354.77    1515.58    1283.39    1333.05    1300.17    1477.10    1348.82    1058.52    1001.99    1175.29    1846.39    2105.11    2713.53    2189.67    1932.69    1720.76    1801.29    1580.07    1325.37    1092.15    1002.02    1044.26    1039.63     883.52     865.20    1469.06
 1    4109.00    3878.03    3878.03    5787.47    5787.47    6992.37    6992.37    6066.52    6066.52    3812.89    3812.89    3028.87    3028.87    7677.98    7677.98   13315.76   13315.76   10735.96   10735.96    4684.22    4684.22    5914.06    5914.06    9970.88    9970.88   14303.52   14303.52
 2     783.00     738.67     738.67    1102.38    1102.38    1331.88    1331.88    1155.53    1155.53     726.26     726.26     576.93     576.93    1462.47    1462.47    2536.34    2536.34    2044.94    2044.94     892.23     892.23    1126.49    1126.49    1899.22    1899.22    2724.48    2724.48
 3    3537.00    2291.35    2866.87    3289.16    3801.28    2906.27    2603.58    1838.06    1597.64    1203.55    1465.33    1728.93    2439.02    5071.74    5810.86    5723.81    4575.60    4294.29    3752.07    2997.68    3933.16    4082.04    4571.84    3927.40    5989.60    9735.11    8527.96
 4    1379.00    1363.76    1450.04    1485.98    1255.50     964.35     712.76     642.81     763.56     905.77    1572.85    2176.88    2671.31    2715.35    2085.70    1685.72    1262.54    1286.02    1287.24    1611.33    2043.44    1768.92    2372.56    3033.28    3026.97    3217.37    2690.45
 1    4109.00    4081.77    4081.77    2822.36    2822.36    3300.07    3300.07    2603.83    2603.83    5623.00    5623.00    5987.98    5987.98    4942.94    4942.94    2217.14    2217.14    3904.82    3904.82    3404.02    3404.02    5016.40    5016.40    8972.04    8972.04    6401.47    6401.47
 2     783.00     777.48     777.48     537.59     537.59     628.58     628.58     495.97     495.97    1071.05    1071.05    1140.57    1140.57     941.51     941.51     422.31     422.31     743.78     743.78     648.38     648.38     955.50     955.50    1708.96    1708.96    1219.33    1219.33
 3    3537.00    2265.56    2570.69    1525.07    1804.02    2398.89    3255.90    3304.13    3304.13    3733.06    2614.98    2660.24    2170.95    1935.13    1647.42    1049.03    1248.94    1372.20    1446.72    2088.00    2593.82    2502.93    2443.00    2455.64    1824.02    1941.88    3465.72
 4    1379.00    1098.04    1319.71    1044.66    1593.03    1736.62    1601.66    1122.91    1122.91     647.92     719.21     871.92     804.59     751.43     676.88     675.38     761.10    1219.16    1617.64    1165.80    1036.66     868.91     897.30     984.88    1578.57    2536.55    2629.08
 1    4109.00    5537.53    5537.53    9622.54    9622.54    6588.12    6588.12   10529.90   10529.90    6670.82    6670.82    7895.58    7895.58    9567.10    9567.10    5316.70    5316.70    2961.88    2961.88    6082.69    6082.69   14976.19   14976.19    8669.89    8669.89    3940.86    3940.86
 2     783.00    1054.77    1054.77    1832.86    1832.86    1254.88    1254.88    2005.70    2005.70    1270.63    1270.63    1503.92    1503.92    1822.30    1822.30    1012.70    1012.70     564.17     564.17    1158.61    1158.61    2852.61    2852.61    1651.41    1651.41     750.64     750.64
 3    3537.00    4355.66    4796.53    4714.56    3799.73    1765.44    2227.75    2781.76    2530.56    2070.40    2364.15    3291.17    4206.39    3626.88    3572.96    2558.73    2557.05    2846.68    3648.52    3608.92    5399.08    7163.43    5850.36    3160.37    2562.64    1396.71    1492.97
 4    1379.00    1256.27    1254.44    1102.14    1015.91    1297.98    1657.68    1441.07     991.18    1214.10    1677.54    1824.60    1579.46    1331.14    1071.75    1208.16    1679.29    1878.55    2516.46    2973.04    2504.43    1622.52    1085.92     831.52     899.86     919.59     691.53
 1    4109.00    4914.76    4914.76    4638.02    4638.02    4050.82    4050.82    4090.55    4090.55    4330.33    4330.33    1108.80    1108.80    6583.50    6583.50    5365.67    5365.67    6893.96    6893.96    5976.89    5976.89    3434.97    3434.97    2001.85    2001.85    3593.90    3593.90
 2     783.00     936.14     936.14     883.43     883.43     771.58     771.58     779.15     779.15     824.82     824.82     211.20     211.20    1254.00    1254.00    1022.03    1022.03    1313.14    1313.14    1138.46    1138.46     654.28     654.28     381.30     381.30     684.55     684.55
 3    3537.00    3539.99    4336.27    2025.46    2766.32    3584.39    4176.38    4176.38    4176.38    4176.38    1543.40     847.67    2047.10    4382.94    4561.70    3454.43    2735.81    3204.17    2655.52    2108.21    2051.83    1984.27    1831.00    2315.97    2409.84    2285.62    2866.29
 4    1379.00    1102.80    1318.52    1373.40    1656.07    1386.62    1033.93    1033.93    1033.93    1033.93    1235.10    1838.41    2388.06    1712.98    1171.71     923.83     838.25     848.71    1097.67    1197.49    1116.77     921.16     861.20     986.29    1257.54    1612.63    2060.68
 1    4109.00    4494.80    4494.80    2855.16    2855.16    6951.71    6951.71    9114.34    9114.34    8212.05    8212.05    7945.48    7945.48    8045.73    8045.73    5153.61    5153.61    6306.30    6306.30   11765.29   11765.29   15896.03   15896.03    9766.22    9766.22    7417.87    7417.87
 2     783.00     856.15     856.15     543.84     543.84    1324.14    1324.14    1736.06    1736.06    1564.20    1564.20    1513.42    1513.42    1532.52    1532.52     981.64     981.64    1201.20    1201.20    2241.01    2241.01    3027.82    3027.82    1860.23    1860.23    1412.93    1412.93
 3    3537.00    4445.11    4753.31    2933.12    2717.95    3336.92    3092.66    2585.22    2752.04    2895.28    3380.26    3689.98    3997.28    4257.83    3776.41    3264.96    4106.65    6413.70   10113.79   11058.59    9254.64    5639.58    3636.26    3287.23    3307.10    3670.25    5036.73
 4    1379.00    1427.09    1271.35    1184.69    1199.61    1516.01    1551.40    1472.34    1505.85    1692.83    2027.99    1696.78    1477.90    1387.42    1453.93    1833.11    3898.92    4792.17    3986.61    2714.24    1623.83    1160.05    1322.49    1865.16    2213.24    2228.92    3264.04
 1    4109.00    5696.92    5696.92    3733.88    3733.88    6098.40    6098.40    3918.22    3918.22    2939.24    2939.24    3220.14    3220.14    3914.99    3914.99   11166.54   11166.54   13535.68   13535.68   12481.39   12481.39   13545.84   13545.84    4046.20    4046.20    2480.94    2480.94
 2     783.00    1085.13    1085.13     711.22     711.22    1161.60    1161.60     746.33     746.33     559.86     559.86     613.36     613.36     745.71     745.71    2126.96    2126.96    2578.22    2578.22    2377.41    2377.41    2580.16    2580.16     770.70     770.70     472.56     472.56
 3    3537.00    2417.04    3081.53    2558.20    2598.21    3596.61    3300.25    3882.11    3270.30    2840.54    3289.62    3686.29    3931.51    2585.17    3668.68    8175.50    7363.88    5051.58    3727.27    4151.69    4057.65    3869.71    2562.11    1476.66    1592.93    1092.51    1439.17
 4    1379.00    1335.71    1369.55    1328.65    1482.67    1653.57    1121.66    1145.05    1162.09    1290.89    1312.09    1298.67    2141.59    3265.12    2973.89    2258.71    1807.76    1961.75    2053.70    1814.75    1300.34    1059.56     819.98     694.76    1106.07    1028.58     957.20
 1    4109.00    3259.87    3259.87    5303.76    5303.76    5630.39    5630.39    9935.77    9935.77    7287.13    7287.13    3951.95    3951.95    6337.72    6337.72    4006.93    4006.93    4862.55    4862.55    6398.24    6398.24    5865.09    5865.09    8786.78    8786.78    6027.71    6027.71
 2     783.00     620.93     620.93    1010.24    1010.24    1072.46    1072.46    1892.53    1892.53    1388.02    1388.02     752.75     752.75    1207.18    1207.18     763.22     763.22     926.20     926.20    1218.71    1218.71    1117.16    1117.16    1673.67    1673.67    1148.14    1148.14
 3    3537.00    3405.05    3434.98    3762.91    3499.44    4711.49    4593.49    6702.37    5156.06    2908.77    2010.99    1695.46    1774.94    2860.32    2881.61    2460.61    2522.93    2969.42    3012.66    3483.39    3637.39    5054.23    5256.63    7028.72    6266.31    3368.03    3354.42
 4    1379.00    1584.93    1664.63    1943.43    1654.10    2127.81    1805.57    1244.76     767.07     929.71    1194.88    1209.40    1043.56    1472.33    1529.03    1613.10    1538.17    1374.56    1558.25    2911.90    2896.57    2557.52    2007.51    1496.13    1420.34    1978.55    2059.36
 1    4109.00    4582.58    4582.58   12867.16   12867.16    3337.03    3337.03    2486.48    2486.48    2414.87    2414.87    2566.41    2566.41    4414.87    4414.87    2881.03    2881.03    3676.60    3676.60    2235.62    2235.62    3348.58    3348.58    2146.91    2146.91    2633.40    2633.40
 2     783.00     872.87     872.87    2450.89    2450.89     635.62     635.62     473.62     473.62     459.98     459.98     488.84     488.84     840.93     840.93     548.77     548.77     700.30     700.30     425.83     425.83     637.82     637.82     408.94     408.94     501.60     501.60
 3    3537.00    4986.64    5217.12    4868.94    3760.11    3760.11     808.67    1089.42    1097.24    1321.93    1261.49    1514.94    1939.48    1903.19    1711.26    1805.56    2124.57    2319.37    2123.24    2105.17    1944.32    2306.32    2104.44    1553.70    1515.17    2329.57    2847.10
 4    1379.00    1436.66    1341.11     848.52     669.64     669.64     688.21     661.03     649.50     857.09    1113.77    1042.94     811.94     888.01     958.24    1167.74    1095.36     947.35     959.16    1068.84     876.83     648.83     701.79     797.89    1016.78    1369.19    1660.03
 1    4109.00    3646.57    3646.57    6401.93    6401.93    7095.86    7095.86    8319.70    8319.70    2003.69    2003.69    4654.19    4654.19    7370.75    7370.75   14357.57   14357.57   17021.93   17021.93    7683.98    7683.98    9570.79    9570.79    4216.67    4216.67    2172.32    2172.32
 2     783.00     694.58     694.58    1219.42    1219.42    1351.59    1351.59    1584.70    1584.70     381.66     381.66     886.51     886.51    1403.95    1403.95    2734.78    2734.78    3242.27    3242.27    1463.62    1463.62    1823.01    1823.01     803.18     803.18     413.78     413.78
 3    3537.00    2545.94    2734.70    2790.76    3578.12    5088.49    4712.02    3861.06    2973.87    1714.37    2346.61    4339.11    4346.80    5607.59    4350.91    5337.56    4844.68    2960.26    2197.19    1521.29    2026.35    1985.96    1680.49    1429.82    1431.95    1065.69    1380.24
 4    1379.00    1324.88    1367.09    1681.38    2033.95    1908.12    1162.82     859.76    1226.19    2032.41    2162.09    1830.82    1472.07    1943.35    2132.25    2150.56    1643.38    1154.02    1130.27    1353.47    1281.95    1032.10     782.75     632.95     672.73     846.23    1194.74
 1    4109.00    3838.30    3838.30    4153.38    4153.38    1943.63    1943.63    3368.90    3368.90    2971.58    2971.58    6997.91    6997.91    9756.05    9756.05   13309.30   13309.30    9787.93    9787.93    4562.71    4562.71    1892.81    1892.81    5445.59    5445.59    5412.33    5412.33
 2     783.00     731.10     731.10     791.12     791.12     370.22     370.22     641.70     641.70     566.02     566.02    1332.94    1332.94    1858.30    1858.30    2535.10    2535.10    1864.37    1864.37     869.09     869.09     360.54     360.54    1037.26    1037.26    1030.92    1030.92
 3    3537.00    4945.54    5271.96    3296.79    3179.92    2752.98    2703.77    2513.97    2528.30    2762.57    3812.25    5094.16    5331.38    6008.03    4921.27    5478.31    3723.79    3255.38    2001.75    1012.78    1444.77    1347.36    1666.43    2234.13    2106.13    2037.48    2881.77
 4    1379.00    1259.50    1346.25    1221.56    1081.81    1058.26    1192.82    1689.83    2046.33    2361.84    2337.55    2518.07    2170.19    2147.01    1547.87    1269.39     817.25     698.63     814.79     945.97    1453.58    1269.36    1218.70    1229.22    1260.03    1946.75    2480.90
 1    4109.00    4263.80    4263.80    3725.57    3725.57    3235.85    3235.85    8661.58    8661.58    1653.50    1653.50    4134.90    4134.90    8498.49    8498.49    7671.97    7671.97    4341.41    4341.41    4466.62    4466.62    4143.68    4143.68    3335.18    3335.18    2877.34    2877.34
 2     783.00     812.15     812.15     709.63     709.63     616.35     616.35    1649.82    1649.82     314.95     314.95     787.60     787.60    1618.76    1618.76    1461.33    1461.33     826.94     826.94     850.78     850.78     789.27     789.27     635.27     635.27     548.06     548.06
 3    3537.00    4987.51    5826.38    3341.36    3415.15    2958.23    3554.74    2894.75    2273.11    1998.73    2286.94    2419.74    3052.79    3421.70    3297.99    1824.95    1682.54    1909.14    1903.79    1821.64    1914.00    1912.87    2767.68    3083.86    3110.84    2464.21    2415.91
 4    1379.00    1527.44    1472.07    1391.19    1703.04    1423.47    1146.29     971.72    1035.67    1234.16    1786.38    1766.09    1474.04    1147.08     959.36     799.10     836.94     919.59     931.30    1068.97    1200.34    1612.07    1739.98    1334.53     978.22    1000.69    1120.80
 1    4109.00    3623.00    3623.00    9219.21    9219.21   21631.76   21631.76   11403.55   11403.55   11079.68   11079.68   16899.96   16899.96    7369.82    7369.82   11608.21   11608.21    5959.34    5959.34    4726.26    4726.26    2256.87    2256.87    6579.80    6579.80    6420.41    6420.41
 2     783.00     690.10     690.10    1756.04    1756.04    4120.34    4120.34    2172.10    2172.10    2110.42    2110.42    3219.04    3219.04    1403.78    1403.78    2211.09    2211.09    1135.11    1135.11     900.24     900.24     429.88     429.88    1253.30    1253.30    1222.94    1222.94
 3    3537.00    2587.14    2903.47    2455.21    2902.07    3353.49    1944.82    1697.09    2208.46    2682.35    2525.11    2136.14    1600.08    1304.80    2183.20    3690.37    5334.29    3660.68    3108.01    3986.23    4038.32    2130.31    2753.38    2326.27    2019.43    2195.43    2233.38
 4    1379.00    1347.10    1537.90    1612.43    1528.06    1525.07    1616.72    1583.74    1299.88    1367.99    1740.86    1346.18    1169.21    1540.52    2815.80    2450.57    2007.13    1339.81    1177.77    1261.56    1084.02    1008.70    1331.47    1212.13     964.47     818.85    1023.81
 1    4109.00    4445.36    4445.36    4149.68    4149.68    3018.71    3018.71    2982.67    2982.67    4061.44    4061.44    5733.42    5733.42    3814.27    3814.27    3341.18    3341.18    7893.73    7893.73   32566.38   32566.38   31603.11   31603.11   11600.36   11600.36    5681.21    5681.21
 2     783.00     846.74     846.74     790.42     790.42     574.99     574.99     568.13     568.13     773.61     773.61    1092.08    1092.08     726.53     726.53     636.42     636.42    1503.57    1503.57    6203.12    6203.12    6019.64    6019.64    2209.59    2209.59    1082.14    1082.14
 3    3537.00    4679.24    5912.36    3119.84    3421.92    2048.18    1866.92    2195.50    2323.57    2388.57    2319.89    2561.23    2126.30    1746.23    1721.80    2123.52    3381.01    4691.36    7052.85   12316.25   13277.11   13768.40    9225.87    4381.65    2731.04    3049.99    3379.55
 4    1379.00    1395.79    1343.53    1044.04    1080.43    1076.06    1032.74    1326.30    1198.34    1012.21     908.84     808.18     951.46    1062.25    1767.61    2146.65    4575.06    7806.78    8384.70    7044.36    4263.41    2636.03    1698.26    1190.06    1322.06    1555.56    1812.38
 1    4109.00    3956.57    3956.57    4895.81    4895.81    7111.57    7111.57   10365.43   10365.43    2593.21    2593.21    1785.17    1785.17    4429.66    4429.66    6718.40    6718.40    7725.56    7725.56    7951.94    7951.94    7497.80    7497.80    9902.05    9902.05    6386.69    6386.69
 2     783.00     753.63     753.63     932.54     932.54    1354.58    1354.58    1974.37    1974.37     493.94     493.94     340.03     340.03     843.74     843.74    1279.70    1279.70    1471.54    1471.54    1514.66    1514.66    1428.15    1428.15    1886.10    1886.10    1216.51    1216.51
 3    3537.00    5929.15    5166.86    3238.38    3858.48    3924.24    4204.17    3546.57    2654.04    1574.24    1609.44    1187.67    1992.02    2551.81    2787.93    3071.68    2875.45    4054.97    3883.31    4207.65    3393.61    2945.68    4469.72    6519.93    6743.51    5612.35    3983.49
 4    1379.00    1594.63    1408.84    1724.71    1628.62    1528.15    1363.64     969.95     715.60     847.78    1090.03    1437.01    1629.44    1346.18    1297.16    1880.22    2025.14    1506.81    1338.08    1268.34    1645.13    3044.82    3273.15    2131.14    1561.17    1116.08     919.91
 1    4109.00    2627.39    2627.39    3680.29    3680.29    7908.05    7908.05    2837.14    2837.14    3000.69    3000.69    2841.76    2841.76    6319.24    6319.24    4086.39    4086.39    4551.16    4551.16    4704.55    4704.55    4294.29    4294.29    4074.84    4074.84    1647.03    1647.03
 2     783.00     500.46     500.46     701.01     701.01    1506.30    1506.30     540.41     540.41     571.56     571.56     541.29     541.29    1203.66    1203.66     778.36     778.36     866.89     866.89     896.10     896.10     817.96     817.96     776.16     776.16     313.72     313.72
 3    3537.00    2979.33    3438.94    2365.10    2526.10    2845.75    2332.25    1591.14    1690.25    1703.25    1964.19    2914.46    3387.38    5026.64    4366.74    4906.84    4684.92    3265.90    2622.08    3369.89    3097.27    2513.64    2608.99    2155.11    2006.50    2539.14    2328.15
 4    1379.00    1472.66    1412.13    1233.44    1075.60     739.64     786.42    1041.16    1150.68    1356.77    1549.29    2512.55    2768.52    2442.42    1892.74    1727.66    1379.78    1215.93    1086.10    1073.61    1147.61    1167.76    1047.66     877.77     953.69    1008.19     923.82
 1    4109.00    2562.71    2562.71    4300.30    4300.30    5853.08    5853.08    3219.22    3219.22    4095.17    4095.17    3263.11    3263.11    3747.74    3747.74    5152.22    5152.22    4145.06    4145.06    4012.93    4012.93    1370.75    1370.75    2531.76    2531.76    4514.66    4514.66
 2     783.00     488.14     488.14     819.10     819.10    1114.87    1114.87     613.18     613.18     780.03     780.03     621.54     621.54     713.86     713.86     981.38     981.38     789.54     789.54     764.37     764.37     261.10     261.10     482.24     482.24     859.94     859.94
 3    3537.00    2836.18    3099.71    3449.74    4161.81    2725.90    2918.66    3036.89    2473.31    2255.64    2313.71    2679.03    3579.75    4158.41    3912.49    3401.97    3080.84    2532.47    3081.58    2916.96    2852.26    1824.77    2185.89    2082.39    2328.89    2753.07    3077.31
 4    1379.00    1334.94    1316.58    1361.94    1522.52    1210.13    1181.57     982.70     857.83    1130.66    1830.15    2244.88    1830.62    1198.84     899.88     999.31    1086.07     974.21     986.13     992.64    1044.58    1017.76    1015.05    1145.85    1419.42    1785.57    1555.81
 1    4109.00    3336.56    3336.56    3706.16    3706.16    7063.52    7063.52    7724.18    7724.18    5526.91    5526.91    6319.24    6319.24    3835.06    3835.06    5660.89    5660.89    4837.14    4837.14    2597.83    2597.83    3526.91    3526.91    9739.88    9739.88   11792.55   11792.55
 2     783.00     635.54     635.54     705.94     705.94    1345.43    1345.43    1471.27    1471.27    1052.74    1052.74    1203.66    1203.66     730.49     730.49    1078.26    1078.26     921.36     921.36     494.82     494.82     671.79     671.79    1855.22    1855.22    2246.20    2246.20
 3    3537.00    2294.15    2954.94    2452.57    2651.16    5040.11    6169.67    7039.17    5283.59    4582.34    4042.49    3436.86    3228.87    2297.08    2526.41    3343.72    2461.21    2277.49    2134.27    1795.88    2647.67    4826.43    5681.73    5751.25    5192.23    5588.25    3786.28
 4    1379.00    1444.81    1475.90    1660.92    2002.41    2931.61    2382.40    1336.11    1022.54    1283.51    1156.45    1249.48    1382.81    1173.05     842.15     839.60     801.37    1196.72    1738.10    2464.12    2548.88    2709.37    2546.26    2120.42    1639.76    1197.37     777.09
 1    4109.00    3073.22    3073.22    7462.69    7462.69    5254.79    5254.79    3787.48    3787.48    2485.10    2485.10    7287.13    7287.13    6638.02    6638.02    3863.24    3863.24    6344.18    6344.18    7063.98    7063.98    9892.34    9892.34    7658.11    7658.11    3577.27    3577.27
 2     783.00     585.38     585.38    1421.46    1421.46    1000.91    1000.91     721.42     721.42     473.35     473.35    1388.02    1388.02    1264.38    1264.38     735.86     735.86    1208.42    1208.42    1345.52    1345.52    1884.26    1884.26    1458.69    1458.69     681.38     681.38
 3    3537.00    2789.00    3136.32    4621.59    3583.14    2975.71    2667.91    2324.32    2482.14    2546.66    3472.65    3944.88    3402.03    2814.89    2290.56    1695.95    2021.90    3074.81    3439.41    3447.52    4939.67    6527.89    5432.84    5800.71    5141.64    3763.67    4552.35
 4    1379.00    1532.32    1351.39    1197.05     955.65    1068.50    1095.03    1391.90    1560.71    1868.61    1856.71    1462.44    1139.36    1047.92    1176.47    1159.01    1216.21    1735.64    2293.25    2386.65    2376.74    2588.47    1864.01    1216.52    1790.47    1921.63    2143.26
 1    4109.00    4766.45    4766.45    4057.75    4057.75    7393.39    7393.39    2894.43    2894.43    1583.74    1583.74    4543.31    4543.31    9853.54    9853.54    6210.67    6210.67    1542.62    1542.62    5686.30    5686.30   14105.78   14105.78    5772.23    5772.23    8399.16    8399.16
 2     783.00     907.90     907.90     772.90     772.90    1408.26    1408.26     551.32     551.32     301.66     301.66     865.39     865.39    1876.86    1876.86    1182.98    1182.98     293.83     293.83    1083.10    1083.10    2686.82    2686.82    1099.47    1099.47    1599.84    1599.84
 3    3537.00    3510.97    3231.20    3757.64    3702.17    2808.20    2051.71    1214.47    1345.80    1200.17    1899.61    3228.70    3719.63    3163.40    2621.91    1837.26    1643.34    1240.91    1999.67    2527.31    2457.92    2463.79    2301.09    2220.32    1891.91    3212.99    4975.34
 4    1379.00    1641.44    1433.50    1231.02     905.10     720.65     617.04     758.43    1177.85    1549.54    1652.27    1350.70    1100.63     967.07     786.49     843.79    1244.60    1396.81    1499.58    1288.98    1047.50    1152.50    1189.64    1394.66    1979.71    2846.66    3165.75
 1    4109.00    3891.89    3891.89    5105.56    5105.56    3945.94    3945.94    8495.26    8495.26    9200.73    9200.73    2723.03    2723.03    2953.10    2953.10    3954.26    3954.26    7838.29    7838.29   12405.62   12405.62   10525.75   10525.75    5327.78    5327.78    3444.67    3444.67
 2     783.00     741.31     741.31     972.49     972.49     751.61     751.61    1618.14    1618.14    1752.52    1752.52     518.67     518.67     562.50     562.50     753.19     753.19    1493.01    1493.01    2362.98    2362.98    2004.90    2004.90    1014.82    1014.82     656.13     656.13
 3    3537.00    2283.36    2477.07    2571.89    2720.06    2676.89    3129.86    3922.50    4319.12    4619.51    3584.99    1012.33    1133.95    1670.80    1726.64    1203.84    2133.64    3259.31    4639.65    3500.15    2667.38    2978.44    3092.93    2679.04    2766.97    2204.92    2929.21
 4    1379.00    1249.88    1215.62    1086.13    1077.39    1460.00    1988.30    2001.84    1361.45     960.63     905.44     769.93     805.63    1069.41    1679.97    1877.92    2672.22    2684.41    2049.87    1725.91    1593.78    1534.79    1496.48    1242.72    1140.10    1262.03    1195.42
 1    4109.00    4727.18    4727.18    2765.53    2765.53    4207.43    4207.43    4793.25    4793.25    2630.63    2630.63    4733.19    4733.19    5235.85    5235.85    7043.19    7043.19    4504.04    4504.04    3691.38    3691.38    1537.54    1537.54    3666.89    3666.89    3866.94    3866.94
 2     783.00     900.42     900.42     526.77     526.77     801.42     801.42     913.00     913.00     501.07     501.07     901.56     901.56     997.30     997.30    1341.56    1341.56     857.91     857.91     703.12     703.12     292.86     292.86     698.46     698.46     736.56     736.56
 3    3537.00    3311.12    3804.87    2226.78    2732.92    3807.99    3983.18    3657.90    3361.16    2714.23    3715.84    4766.32    4694.10    5698.32    4984.38    5696.00    5694.75    4935.75    4474.11    3785.13    2608.89    1653.93    1748.24    1646.92    2215.08    2025.79    2175.22
 4    1379.00    1595.75    1511.88    1351.47    1363.70    1304.73    1230.93    1307.15    2074.07    2250.75    1929.66    2424.39    2145.53    1847.78    1739.49    2028.88    1538.84    1052.54     869.74     790.89     776.25     897.60    1057.38     810.82     996.54    1454.89    1490.01
 1    4109.00   13289.43   13289.43    6576.57    6576.57    4595.51    4595.51    3025.18    3025.18    3112.96    3112.96    6062.83    6062.83    7321.78    7321.78    4948.02    4948.02    5476.55    5476.55   12528.98   12528.98    6126.58    6126.58    9538.91    9538.91    8659.27    8659.27
 2     783.00    2531.32    2531.32    1252.68    1252.68     875.34     875.34     576.22     576.22     592.94     592.94    1154.82    1154.82    1394.62    1394.62     942.48     942.48    1043.15    1043.15    2386.47    2386.47    1166.97    1166.97    1816.94    1816.94    1649.38    1649.38
 3    3537.00    5399.62    4703.85    2357.64    2129.46    1167.51    1414.49     909.62    1150.23    2035.07    2444.39    2286.86    2160.68    2945.20    3672.84    3035.46    2636.78    2086.83    2632.92    3237.58    2986.45    2341.10    5119.45    6493.64    6787.25    4972.05    3892.12
 4    1379.00    1287.57    1019.86     757.44     650.55     721.84     801.33    1165.78    1180.02    1311.44    1266.29    1422.51    1543.22    1502.70    1350.59    1163.45    1461.03    1732.98    1444.78    1143.33    1493.51    2715.46    2962.68    2321.85    1419.49     982.47     952.08
 1    4109.00    1907.60    1907.60    2911.06    2911.06    6600.13    6600.13    7301.45    7301.45    9519.51    9519.51   16091.92   16091.92    9844.30    9844.30    1094.02    1094.02     542.39     542.39    2486.48    2486.48    7130.05    7130.05    9528.29    9528.29    6885.65    6885.65
 2     783.00     363.35     363.35     554.49     554.49    1257.17    1257.17    1390.75    1390.75    1813.24    1813.24    3065.13    3065.13    1875.10    1875.10     208.38     208.38     103.31     103.31     473.62     473.62    1358.10    1358.10    1814.91    1814.91    1311.55    1311.55
 3    3537.00    2425.16    3254.68    2855.68    3768.83    4201.91    3583.58    3567.93    3436.96    4764.41    4131.40    3490.32    2515.91    2515.91    2515.91    2515.91     223.56     638.62    1805.18    3058.38    4361.09    4109.11    4029.75    3662.77    2729.04    3114.31    4036.86
 4    1379.00    1334.90    1673.21    2058.15    2043.68    1995.26    2006.06    1888.30    1658.26    1654.03    1547.63    1108.12     666.25     666.25     666.25     666.25    1008.63    1798.27    2230.92    2346.31    2330.31    1768.20    1352.11    1385.56    1932.98    2134.52    1826.11
 1    4109.00     867.17     867.17    3069.99    3069.99    3035.80    3035.80    3477.94    3477.94    4439.82    4439.82    5259.87    5259.87    6527.60    6527.60    4030.49    4030.49    8857.46    8857.46    7977.82    7977.82    5569.41    5569.41    8234.69    8234.69   12120.57   12120.57
 2     783.00     165.18     165.18     584.76     584.76     578.25     578.25     662.46     662.46     845.68     845.68    1001.88    1001.88    1243.35    1243.35     767.71     767.71    1687.14    1687.14    1519.58    1519.58    1060.84    1060.84    1568.51    1568.51    2308.68    2308.68
 3    3537.00    2521.23    2891.23    2660.59    3073.57    2525.27    2942.26    3873.25    4260.06    4250.66    5184.03    9725.86    7782.89    5471.09    4263.12    3026.35    3207.10    5096.14    5196.13    4244.20    4360.21    2524.53    2406.53    3285.32    3640.07    4003.37    2972.72
 4    1379.00    1277.48    1343.14    1214.42    1313.87    1451.50    1755.78    1962.53    3085.36    2889.08    2619.22    2354.13    1503.99    1110.01    1458.23    1738.90    1814.91    1714.97    1768.50    1791.18    1793.17    1815.28    1702.36    1353.94    1400.95    1220.21    1009.04
 1    4109.00    2957.72    2957.72    3194.73    3194.73    5848.46    5848.46    8229.61    8229.61    7230.30    7230.30    8502.19    8502.19    3227.07    3227.07    4537.30    4537.30    9027.48    9027.48    7858.16    7858.16    3329.17    3329.17    5782.85    5782.85    7709.86    7709.86
 2     783.00     563.38     563.38     608.52     608.52    1113.99    1113.99    1567.54    1567.54    1377.20    1377.20    1619.46    1619.46     614.68     614.68     864.25     864.25    1719.52    1719.52    1496.79    1496.79     634.13     634.13    1101.50    1101.50    1468.54    1468.54
 3    3537.00    2678.95    2892.40    2914.41    3697.16    3825.26    3138.35    4144.92    4174.60    4613.51    3726.40    3556.87    2670.74    1624.14    1861.77    1960.08    2072.60    2383.74    1711.95    1821.12    1685.17    1215.77    1506.40    1928.39    2882.31    3697.62    5095.70
 4    1379.00    1485.16    1556.57    1825.50    1670.48    1466.43    1435.38    1880.28    1674.49    1497.72     996.51    1007.30    1010.50    1171.46    1084.91    1069.46    1145.64     961.59    1014.38     977.97     910.47    1294.43    1797.38    1878.11    2474.84    3108.67    2644.59
 1    4109.00    7058.90    7058.90    4170.01    4170.01    4779.85    4779.85    8006.00    8006.00   12025.86   12025.86    9855.85    9855.85   13288.04   13288.04    7445.59    7445.59    2688.84    2688.84    1819.36    1819.36    2481.86    2481.86    1815.20    1815.20    2062.37    2062.37
 2     783.00    1344.55    1344.55     794.29     794.29     910.45     910.45    1524.95    1524.95    2290.64    2290.64    1877.30    1877.30    2531.06    2531.06    1418.21    1418.21     512.16     512.16     346.54     346.54     472.74     472.74     345.75     345.75     392.83     392.83
 3    3537.00    3132.51    3113.31    3043.91    2905.20    2845.73    3985.20    3543.79    3210.68    4251.92    5156.95    7658.61    6681.55    5900.87    4635.34    3009.86    2165.90     977.43    1133.17    1474.26    1318.44    1212.77    1356.92    1321.38    1435.10    1766.04    2139.55
 4    1379.00    1406.15    1324.19    1165.10    1301.78    1574.60    1709.78    1757.93    2864.76    3725.28    2576.64    2106.04    1806.26    1283.64     910.56     855.32     808.64     732.62     758.57     616.82     634.27     593.64     793.10    1064.95    1012.43    1023.36    1037.89
 1    4109.00    5197.04    5197.04    4323.86    4323.86    4049.43    4049.43    3466.85    3466.85    7820.74    7820.74   12756.28   12756.28    7585.12    7585.12    6464.30    6464.30    3466.85    3466.85    6259.18    6259.18    8740.12    8740.12   11591.12   11591.12   13851.22   13851.22
 2     783.00     989.91     989.91     823.59     823.59     771.32     771.32     660.35     660.35    1489.66    1489.66    2429.77    2429.77    1444.78    1444.78    1231.30    1231.30     660.35     660.35    1192.22    1192.22    1664.78    1664.78    2207.83    2207.83    2638.33    2638.33
 3    3537.00    2325.04    2747.89    3087.40    3208.11    2620.79    2566.63    2985.36    2898.46    3075.95    3676.31    5382.12    3803.20    2809.99    2018.91    2514.37    2431.31    1923.91    2952.45    2872.94    2785.24    3769.44    4273.40    5355.04    5609.20    5637.36    4263.65
 4    1379.00    1437.81    1277.12    1159.41    1087.85    1219.31    1643.12    2020.39    1950.84    1699.25    1703.11    1261.21     972.98    1267.94    1344.84    1305.55    1349.03    1432.24    1551.09    1236.49    1473.54    2182.67    2547.53    2652.15    2183.62    1711.45    1609.69
 1    4109.00    2985.91    2985.91    4144.14    4144.14    7878.95    7878.95    9096.78    9096.78    5554.63    5554.63    4060.06    4060.06    7114.34    7114.34    7167.93    7167.93    3290.83    3290.83    2882.88    2882.88    4780.31    4780.31    3540.77    3540.77    5454.37    5454.37
 2     783.00     568.74     568.74     789.36     789.36    1500.75    1500.75    1732.72    1732.72    1058.02    1058.02     773.34     773.34    1355.11    1355.11    1365.32    1365.32     626.82     626.82     549.12     549.12     910.54     910.54     674.43     674.43    1038.93    1038.93
 3    3537.00    2609.46    2570.06    3925.43    3844.96    4213.78    3748.83    3219.28    2466.66    2500.03    2257.86    1603.58    2746.32    3514.13    2978.69    4366.70    3875.79    2937.45    2858.06    2518.30    2468.05    2581.34    2491.87    1841.43    2190.36    3053.09    2371.06
 4    1379.00    1416.71    1411.84    1762.63    1621.03    1341.53    1118.08     877.28     889.65     921.42    1294.57    2165.61    2051.36    1796.13    1306.79    1330.24    1371.94    1244.13    1171.05    1250.62    1188.47    1099.51    1098.77    1123.55     964.46     994.12     926.24
 1    4109.00    3745.90    3745.90    6099.32    6099.32    4449.52    4449.52   10287.82   10287.82   11740.81   11740.81    5245.55    5245.55    3494.57    3494.57    4429.66    4429.66    3118.50    3118.50    2695.31    2695.31    1787.48    1787.48    1667.82    1667.82    5694.61    5694.61
 2     783.00     713.50     713.50    1161.78    1161.78     847.53     847.53    1959.58    1959.58    2236.34    2236.34     999.15     999.15     665.63     665.63     843.74     843.74     594.00     594.00     513.39     513.39     340.47     340.47     317.68     317.68    1084.69    1084.69
 3    3537.00    2155.42    2456.98    2349.23    2659.05    3178.05    2977.58    4813.81    5813.29    5890.34    4599.36    2860.00    2806.47    2383.86    2414.34    2106.49    1466.22    1791.54    1898.31    1982.52    1678.19    1194.43    1400.83    1650.73    2836.72    3392.54    3594.64
 4    1379.00    1183.60    1389.53    1323.61    1204.59    1596.14    2456.33    2628.20    1922.23    1403.36    1228.35    1302.17    1180.96     967.93     946.02     876.13     789.21     644.76     713.27     718.74     720.84     912.50    1546.98    1811.63    1724.91    1249.88    1273.36
 1    4109.00    6209.74    6209.74    5802.72    5802.72    4808.03    4808.03    3588.82    3588.82    2380.69    2380.69    4216.67    4216.67    4532.68    4532.68    3755.60    3755.60    2130.74    2130.74    4812.19    4812.19    7086.62    7086.62    5708.93    5708.93    7587.89    7587.89
 2     783.00    1182.81    1182.81    1105.28    1105.28     915.82     915.82     683.58     683.58     453.46     453.46     803.18     803.18     863.37     863.37     715.35     715.35     405.86     405.86     916.61     916.61    1349.83    1349.83    1087.42    1087.42    1445.31    1445.31
 3    3537.00    4036.77    4788.92    2603.45    2257.27    2435.58    2409.90    1492.80    1355.57    1467.82    1864.09    2586.22    2773.76    2658.03    3326.22    2996.41    2671.05    2201.17    2141.60    2912.03    3246.13    3787.32    3779.67    3054.31    3145.66    3139.61    2614.50
 4    1379.00    1340.68    1208.47    1194.34    1031.55     950.25     687.99     646.87     922.91    1440.98    1548.60    1398.13    1509.98    1085.50     952.89     988.20    1166.04    1211.71    1594.44    1783.22    1584.14    1427.16    1362.09    1506.07    1487.59    1062.74     683.40
 1    4109.00    7112.49    7112.49    5733.88    5733.88    3028.41    3028.41    5396.16    5396.16    6178.79    6178.79    7217.83    7217.83   13995.83   13995.83    9892.81    9892.81    5619.31    5619.31    7975.04    7975.04    4016.63    4016.63    6770.15    6770.15    3443.75    3443.75
 2     783.00    1354.76    1354.76    1092.17    1092.17     576.84     576.84    1027.84    1027.84    1176.91    1176.91    1374.82    1374.82    2665.87    2665.87    1884.34    1884.34    1070.34    1070.34    1519.06    1519.06     765.07     765.07    1289.55    1289.55     655.95     655.95
 3    3537.00    5064.54    4566.23    2761.16    2422.34    2019.12    2341.49    2772.89    2647.04    3045.79    3441.86    3581.26    3301.24    3282.52    3012.40    1730.07    2230.36    2302.92    2335.49    3142.58    3091.21    1677.57    1680.15    3297.78    2570.06    1853.19    2601.80
 4    1379.00    1388.87    1090.76    1113.33    1250.21    1323.48    1278.43    1594.28    1644.80    1398.30    1733.85    1550.36    1468.09    1174.88    1101.92    1517.54    1662.00    1104.82    1094.38    1375.78    1295.53     911.76     995.13    1156.51    1443.18    1427.26    1203.46
 1    4109.00    8272.11    8272.11    7593.43    7593.43    7784.70    7784.70    4884.26    4884.26    2565.02    2565.02    4217.14    4217.14    1332.41    1332.41    4882.42    4882.42    5723.72    5723.72    4704.08    4704.08    4277.20    4277.20    2976.20    2976.20    1533.84    1533.84
 2     783.00    1575.64    1575.64    1446.37    1446.37    1482.80    1482.80     930.34     930.34     488.58     488.58     803.26     803.26     253.79     253.79     929.98     929.98    1090.23    1090.23     896.02     896.02     814.70     814.70     566.90     566.90     292.16     292.16
 3    3537.00    5562.83    5409.41    2954.75    3151.62    3420.77    4001.08    3397.41    3371.70    2778.31    2338.31    2702.23    2769.62    2119.12    2252.92    2605.14    2574.62    1490.00    1721.22    1268.93    1090.44    1406.41    1497.35    1747.28    1998.72    2170.06    2839.49
 4    1379.00    1609.11    1464.97    1624.84    1724.79    2081.46    1783.55    1227.36     976.33     994.18    1095.24     955.22     996.26    1004.41    1020.33    1001.98     892.55     742.35     798.08     725.43     898.23     946.80     916.54     940.76    1325.11    1914.30    1770.34
 1    4109.00    4474.47    4474.47    2794.18    2794.18    5977.82    5977.82    7593.43    7593.43   11339.33   11339.33   12295.21   12295.21   10223.14   10223.14   10551.16   10551.16    7592.97    7592.97   11355.04   11355.04   11513.04   11513.04    9458.99    9458.99    8855.62    8855.62
 2     783.00     852.28     852.28     532.22     532.22    1138.63    1138.63    1446.37    1446.37    2159.87    2159.87    2341.94    2341.94    1947.26    1947.26    2009.74    2009.74    1446.28    1446.28    2162.86    2162.86    2192.96    2192.96    1801.71    1801.71    1686.78    1686.78
 3    3537.00    2369.04    2702.18    2547.81    3224.08    3756.01    3410.34    4258.99    4852.23    6589.38    7358.18    8076.85    6604.52    4996.88    4655.64    5139.79    5377.82    3570.19    4978.85    9180.80   10028.48    9678.07    8023.26    6772.71    5163.16    5789.83    4351.01
 4    1379.00    1192.87    1623.89    2261.42    1978.21    1375.62    1559.66    3585.25    4419.99    4293.43    3266.72    2324.19    1577.07    1699.55    1997.16    2238.53    2710.65    3556.96    4160.63    3792.62    3027.85    2433.76    1921.23    1591.79    1178.97     889.19    1007.41
 1    4109.00    6600.59    6600.59   12081.30   12081.30    2700.39    2700.39    2161.24    2161.24    3628.09    3628.09    5025.17    5025.17    4658.81    4658.81    7087.08    7087.08   12535.91   12535.91   13093.54   13093.54   15746.35   15746.35   17713.08   17713.08    8239.77    8239.77
 2     783.00    1257.26    1257.26    2301.20    2301.20     514.36     514.36     411.66     411.66     691.06     691.06     957.18     957.18     887.39     887.39    1349.92    1349.92    2387.79    2387.79    2494.01    2494.01    2999.30    2999.30    3373.92    3373.92    1569.48    1569.48
 3    3537.00    4100.32    4841.41    4466.56    3626.05    3626.05     927.16     914.54    1696.26    2267.78    2491.27    3410.11    3254.95    2486.04    2432.04    4647.84    5183.59    5873.24    4057.66    2954.73    7044.33   10040.12   10252.99    7624.25    5648.98    4589.69    4081.32
 4    1379.00    1369.29    1254.48    1026.87     697.51     697.51    1065.05    1308.38    1340.73    1372.36    1139.32     826.82     940.64    1656.28    2558.66    2682.22    1817.77    1275.58    1772.65    4212.97    4991.40    3777.33    2569.24    2281.06    1823.41    1258.77    1129.79
 1    4109.00    4918.45    4918.45    4309.07    4309.07    4709.63    4709.63    5428.50    5428.50    2364.52    2364.52    4360.36    4360.36    4810.81    4810.81    6807.57    6807.57    6112.26    6112.26    9510.27    9510.27    3862.32    3862.32    3102.33    3102.33    8917.52    8917.52
 2     783.00     936.85     936.85     820.78     820.78     897.07     897.07    1034.00    1034.00     450.38     450.38     830.54     830.54     916.34     916.34    1296.68    1296.68    1164.24    1164.24    1811.48    1811.48     735.68     735.68     590.92     590.92    1698.58    1698.58
 3    3537.00    2537.65    3028.44    3296.29    2863.28    3223.15    2896.86    2187.77    1912.04    1545.77    2147.51    3292.40    2957.95    2124.69    1681.03    2547.01    2094.06    2536.57    2645.37    3350.70    2933.13    1727.86    1973.24    1267.21    2057.68    3613.63    3642.83
 4    1379.00    1386.81    1294.64    1147.84    1001.30    1130.76     989.03     792.23     945.24    1563.67    1580.50    1194.08     954.41     997.04     985.73    1238.16    1318.17    1288.23    1041.90     889.15     852.50     777.79    1125.17    1824.35    2061.66    1843.99    1572.38
 1    4109.00    5088.01    5088.01    4488.79    4488.79    5621.15    5621.15    5397.55    5397.55    7178.56    7178.56    5278.35    5278.35    7623.46    7623.46    9494.10    9494.10    9623.92    9623.92    2740.58    2740.58    4368.21    4368.21   11620.69   11620.69   13053.81   13053.81
 2     783.00     969.14     969.14     855.01     855.01    1070.70    1070.70    1028.10    1028.10    1367.34    1367.34    1005.40    1005.40    1452.09    1452.09    1808.40    1808.40    1833.13    1833.13     522.02     522.02     832.04     832.04    2213.46    2213.46    2486.44    2486.44
 3    3537.00    4059.75    4273.55    2394.30    2580.09    2337.51    2128.98    2111.57    2704.39    5912.14    5603.42    4888.59    5100.14    4667.10    4771.77    6344.71    4343.05    3273.00    2537.21    1481.88    1942.64    1833.11    2057.85    3726.62    4650.08    6175.45    6165.54
 4    1379.00    1204.40    1124.31    1127.73     983.94    1038.88    1488.91    2316.93    2418.79    2038.78    1610.68    2199.84    2776.71    2327.24    1554.88    1160.26     924.04     869.68     971.47    1087.00    1264.76    1210.65    1707.62    2905.37    2869.31    2302.61    2198.89
 1    4109.00    4244.86    4244.86    2456.45    2456.45    6998.84    6998.84    3384.61    3384.61    6782.16    6782.16    6263.33    6263.33    7615.61    7615.61   10752.13   10752.13    3951.95    3951.95    5670.59    5670.59    4969.73    4969.73    8632.93    8632.93    6289.67    6289.67
 2     783.00     808.54     808.54     467.90     467.90    1333.11    1333.11     644.69     644.69    1291.84    1291.84    1193.02    1193.02    1450.59    1450.59    2048.02    2048.02     752.75     752.75    1080.11    1080.11     946.62     946.62    1644.37    1644.37    1198.03    1198.03
 3    3537.00    2485.33    2865.88    3336.92    2752.94    2113.94    1905.37    1172.01    1733.17    4362.83    3716.76    4619.80    4550.34    3777.87    3226.22    2679.37    2118.48    1939.90    2424.28    2751.83    2633.23    2531.86    2474.75    3701.23    2972.36    2214.44    2284.75
 4    1379.00    1296.25    1306.31    1194.87     823.85     830.65    1110.37    1814.93    1804.38    1841.83    1590.13    1682.51    1586.67    1193.37    1169.86    1202.66    1635.84    1792.50    1441.22    1307.08    1313.19    1328.29    1067.72     988.20    1164.19    1394.56    1112.30
 1    4109.00    3069.99    3069.99    2759.06    2759.06    7754.67    7754.67    5777.31    5777.31    7805.03    7805.03    7021.94    7021.94    4705.93    4705.93    6786.32    6786.32    4204.20    4204.20    2387.15    2387.15    1325.48    1325.48    3864.17    3864.17    8030.95    8030.95
 2     783.00     584.76     584.76     525.54     525.54    1477.08    1477.08    1100.44    1100.44    1486.67    1486.67    1337.51    1337.51     896.37     896.37    1292.63    1292.63     800.80     800.80     454.70     454.70     252.47     252.47     736.03     736.03    1529.70    1529.70
 3    3537.00    2226.73    3196.32    2602.15    4105.19    5018.98    5042.35    6390.29    5457.90    3519.62    2944.90    3920.04    3564.83    2492.92    2556.67    3752.48    3552.63    3156.15    3255.02    2550.66    2501.90    1441.28    2244.67    4331.32    3494.47    4334.64    3570.43
 4    1379.00    1290.95    2025.14    2833.75    2818.05    2060.76    1672.38    1606.58    1638.66    1291.20    1071.89    1547.12    1839.21    1574.03    1368.09    1197.19    1228.31    1240.33    1165.32    1059.09    1323.31    1275.36    1505.90    1888.90    1848.50    1841.86    1588.08
 1    4109.00    3294.98    3294.98    7831.36    7831.36    8758.13    8758.13    7047.35    7047.35    9835.06    9835.06    3839.68    3839.68    6759.06    6759.06    9012.70    9012.70    5191.96    5191.96    6186.64    6186.64    8754.44    8754.44   10391.30   10391.30   12974.81   12974.81
 2     783.00     627.62     627.62    1491.69    1491.69    1668.22    1668.22    1342.35    1342.35    1873.34    1873.34     731.37     731.37    1287.44    1287.44    1716.70    1716.70     988.94     988.94    1178.41    1178.41    1667.51    1667.51    1979.30    1979.30    2471.39    2471.39
 3    3537.00    2779.59    3361.61    3521.59    3129.19    2396.66    1790.50    2596.05    3379.52    3773.32    3912.85    3499.58    3630.95    3011.83    2852.93    3860.84    3730.14    2425.90    2664.38    2789.95    2844.74    3516.31    2689.00    3783.77    3190.54    2621.15    2129.12
 4    1379.00    1416.18    1362.03    1018.57     881.91    1364.19    1980.51    1863.13    1984.36    1701.64    1335.95    1097.96    1437.30    1392.27    1202.31    1577.18    1707.40    1573.81    1525.52    1687.70    1577.86    1885.89    1728.61    1830.10    1412.32    1182.68    1014.75
