FL 2019 2020 2021 2022 2023 2024 2025 2026 2027 2028 2029 2030 2031 2032 2033 2034 2035 2036 2037 2038 2039 2040 2041 2042 2043 2044 2045
 1  0.7288134  0.6828411  0.6450482  0.6294427  0.6471767  0.6965876  0.6818549  0.6642264  0.6472103  0.6379685  0.6428163  0.6525313  0.6641802  0.6592589  0.6484546  0.6598467  0.6679758  0.6502617  0.6398386  0.6636424  0.6917190  0.6953156  0.6877537  0.6855612  0.6961813  0.6850415  0.6593629
 2  0.5725724  0.5257627  0.5033939  0.4965851  0.5605177  0.5984665  0.5864624  0.5465187  0.4935909  0.4667944  0.4869023  0.5342938  0.5533501  0.5414059  0.5216307  0.5411828  0.5567004  0.5362477  0.5254879  0.5644031  0.5942042  0.5976473  0.5797063  0.5746179  0.5795635  0.5699824  0.5310627
 3  0.7521145  0.7090282  0.6696470  0.6506986  0.6602655  0.7182115  0.7058149  0.6845287  0.6645466  0.6535734  0.6573241  0.6692621  0.6838878  0.6791847  0.6658147  0.6760798  0.6877906  0.6716349  0.6572505  0.6793378  0.7123527  0.7171277  0.7089337  0.7035071  0.7159529  0.7062006  0.6789476
 4  0.4566311  0.4242774  0.4138716  0.4056922  0.5124059  0.5424940  0.4916449  0.4147923  0.3663063  0.3694762  0.4257069  0.4779323  0.4776579  0.4385243  0.4304922  0.4792387  0.4876629  0.4372672  0.4430571  0.5122788  0.5319709  0.5175578  0.4808442  0.4928188  0.5087279  0.4761740  0.4209741
 1  0.7290193  0.6837882  0.6489619  0.6333778  0.6260916  0.6340715  0.6637577  0.6688394  0.6668693  0.6784536  0.6760600  0.6704604  0.6796141  0.6802728  0.6874054  0.6886289  0.6907147  0.7105677  0.6984252  0.6870891  0.6598640  0.6282173  0.6344575  0.6057279  0.6004526  0.6232188  0.6525101
 2  0.5731135  0.5265721  0.5051453  0.4989404  0.4936797  0.5186763  0.5534689  0.5597272  0.5565471  0.5625943  0.5563975  0.5458528  0.5466092  0.5472284  0.5522820  0.5520836  0.5737845  0.5949032  0.5885436  0.5604755  0.5156561  0.5029683  0.5203465  0.5001710  0.4986221  0.5349132  0.5645421
 3  0.7523618  0.7098613  0.6733165  0.6543292  0.6446340  0.6495247  0.6813174  0.6890211  0.6851670  0.6971550  0.6959941  0.6884703  0.6974495  0.6980022  0.7046181  0.7070526  0.7067864  0.7310847  0.7205339  0.7061950  0.6775724  0.6451943  0.6527260  0.6267297  0.6173853  0.6388136  0.6718060
 4  0.4573780  0.4241020  0.4131466  0.4088821  0.4051134  0.4575902  0.4924864  0.4758011  0.4741301  0.4868368  0.4645986  0.4553679  0.4584161  0.4583312  0.4692450  0.4577354  0.5061181  0.5300775  0.4918644  0.4393410  0.4131606  0.4376871  0.4551295  0.4155524  0.4286738  0.4849752  0.5038295
 1  0.7283085  0.6840857  0.6435589  0.6300631  0.6452250  0.6474370  0.6301593  0.6334452  0.6528112  0.6525626  0.6510094  0.6549548  0.6719592  0.6775982  0.6744158  0.6839382  0.6756772  0.6792401  0.6747478  0.6746147  0.6678429  0.6601563  0.6548991  0.6664891  0.6902220  0.6918546  0.6770419
 2  0.5726575  0.5268711  0.5012393  0.5123414  0.5336866  0.5328349  0.5127660  0.5282575  0.5505825  0.5464580  0.5332330  0.5342621  0.5579465  0.5654951  0.5648836  0.5639165  0.5589779  0.5601300  0.5604580  0.5582862  0.5441764  0.5257864  0.5231128  0.5642923  0.5943141  0.5950103  0.5684107
 3  0.7516802  0.7099972  0.6679800  0.6498419  0.6640592  0.6671347  0.6478752  0.6498639  0.6719826  0.6726869  0.6700527  0.6717284  0.6892907  0.6981171  0.6935360  0.7026988  0.6947187  0.6980463  0.6941122  0.6939592  0.6874469  0.6782365  0.6712527  0.6829963  0.7109773  0.7146491  0.6986183
 4  0.4573648  0.4236758  0.4113364  0.4433528  0.4643861  0.4418517  0.4286500  0.4703133  0.4833668  0.4614530  0.4361203  0.4569235  0.4954913  0.4871561  0.4784226  0.4799181  0.4774348  0.4819276  0.4810613  0.4753501  0.4474689  0.4228587  0.4496572  0.5113434  0.5335073  0.5144274  0.4577678
 1  0.7292546  0.6838950  0.6510699  0.6396739  0.6359575  0.6377824  0.6446862  0.6616694  0.6782418  0.6987371  0.6971065  0.6883715  0.6947617  0.6902939  0.6861099  0.6863222  0.6859208  0.6913831  0.6792627  0.6751360  0.6782090  0.6907441  0.6727468  0.6552124  0.6450461  0.6456256  0.6559811
 2  0.5718989  0.5260567  0.5069944  0.5049667  0.5055978  0.5069800  0.5188406  0.5392251  0.5723780  0.5936734  0.5906651  0.5754826  0.5664514  0.5544659  0.5363648  0.5281919  0.5357969  0.5461182  0.5469098  0.5466437  0.5669649  0.5807149  0.5616970  0.5257527  0.4973786  0.5031701  0.5222529
 3  0.7524902  0.7101951  0.6755616  0.6604020  0.6542022  0.6554332  0.6611413  0.6786531  0.6953152  0.7189600  0.7190678  0.7075170  0.7132571  0.7091237  0.7030690  0.7028191  0.7020383  0.7088108  0.6977240  0.6931924  0.6958888  0.7112176  0.6946031  0.6744775  0.6618854  0.6615318  0.6730387
 4  0.4556608  0.4248787  0.4141647  0.4148726  0.4222594  0.4222223  0.4433204  0.4687936  0.5090706  0.5275807  0.5000929  0.4776815  0.4772846  0.4505829  0.4286227  0.4271562  0.4534069  0.4648401  0.4593424  0.4657562  0.5008521  0.5103224  0.4629765  0.4066506  0.3977455  0.4307891  0.4498654
 1  0.7307392  0.6865184  0.6500636  0.6358037  0.6445322  0.6686027  0.6652560  0.6691690  0.6501437  0.6451571  0.6133914  0.5380177  0.6018809  0.6777512  0.6780297  0.6790956  0.6630195  0.6507059  0.6545612  0.6873039  0.6776431  0.6673459  0.6547644  0.6455071  0.6254314  0.6081509  0.6574359
 2  0.5709265  0.5258337  0.5049076  0.5056103  0.5344828  0.5591615  0.5612762  0.5569125  0.5459232  0.5429392  0.5089089  0.4408608  0.5405816  0.5903717  0.5912814  0.5736541  0.5372353  0.5040748  0.5395350  0.5828694  0.5780985  0.5506628  0.5180547  0.5016932  0.4914285  0.5309421  0.5812080
 3  0.7534590  0.7123403  0.6744317  0.6563965  0.6614875  0.6875609  0.6849098  0.6885067  0.6693483  0.6649034  0.6360039  0.5557965  0.6099929  0.6987516  0.7007763  0.6995901  0.6824882  0.6682641  0.6681204  0.7078773  0.7006771  0.6869394  0.6723335  0.6630790  0.6424466  0.6220216  0.6763450
 4  0.4540021  0.4236161  0.4135542  0.4226914  0.4727426  0.4910034  0.4819906  0.4740841  0.4727647  0.4755479  0.4145142  0.3697654  0.5065889  0.5371722  0.5074692  0.4718291  0.4275484  0.3967341  0.4900610  0.5276630  0.4850744  0.4342423  0.4193752  0.4110074  0.4178835  0.4906120  0.5287562
 1  0.7296156  0.6865591  0.6433874  0.6232516  0.6243953  0.6275272  0.6232146  0.6427649  0.6782573  0.6865442  0.6731234  0.6605951  0.6661884  0.6811755  0.6840690  0.6823141  0.6694584  0.6578054  0.6651195  0.6746992  0.6806369  0.6964242  0.6993797  0.6844129  0.6656770  0.6719301  0.6854718
 2  0.5721350  0.5269808  0.5002374  0.4992957  0.5106144  0.5124182  0.5096478  0.5454997  0.5838411  0.5888143  0.5639677  0.5256867  0.5156552  0.5356405  0.5535949  0.5556312  0.5350458  0.5121949  0.5257490  0.5464827  0.5668684  0.5903515  0.5932499  0.5718150  0.5419683  0.5575133  0.5735885
 3  0.7525046  0.7121357  0.6678004  0.6439738  0.6428816  0.6462973  0.6407407  0.6579355  0.6974167  0.7086845  0.6946394  0.6790620  0.6816734  0.6973005  0.7019900  0.7013987  0.6885827  0.6747999  0.6808978  0.6926856  0.6984913  0.7152369  0.7214657  0.7057726  0.6834135  0.6891858  0.7056030
 4  0.4555682  0.4230816  0.4116807  0.4222828  0.4387576  0.4303648  0.4315813  0.4926339  0.5254826  0.5110246  0.4537785  0.4013198  0.4274361  0.4653709  0.4785261  0.4660181  0.4252079  0.4119961  0.4557125  0.4745557  0.4946491  0.5247701  0.5158641  0.4621169  0.4493555  0.4961820  0.5000895
 1  0.7282820  0.6799588  0.6359823  0.6195973  0.6356327  0.6396006  0.6412226  0.6499288  0.6606274  0.6673035  0.6678398  0.6774049  0.7000114  0.6971871  0.6893353  0.6838042  0.6730225  0.6592460  0.6716478  0.7083123  0.6995092  0.6929607  0.6905816  0.6885183  0.6751046  0.6664206  0.6633417
 2  0.5697585  0.5240958  0.4995263  0.5050342  0.5210216  0.5160034  0.4984224  0.4917882  0.5009963  0.5097760  0.5189510  0.5593150  0.5936583  0.5965045  0.5792236  0.5546842  0.5281709  0.5100274  0.5695631  0.6075330  0.6068694  0.5918208  0.5764668  0.5608981  0.5309026  0.5071449  0.4937114
 3  0.7517544  0.7067786  0.6611555  0.6399906  0.6545082  0.6585357  0.6580766  0.6653369  0.6761151  0.6835015  0.6841746  0.6925590  0.7201501  0.7196221  0.7103947  0.7022686  0.6903594  0.6770908  0.6848044  0.7305344  0.7234325  0.7140128  0.7103287  0.7079124  0.6932421  0.6832094  0.6795448
 4  0.4555172  0.4257960  0.4128398  0.4335507  0.4444877  0.4163454  0.3881000  0.3963117  0.4162638  0.4203026  0.4310285  0.5025489  0.5338111  0.5163573  0.4738958  0.4421301  0.4313258  0.4157491  0.5192852  0.5517460  0.5253032  0.4977711  0.4859773  0.4593409  0.4184955  0.3968675  0.3879256
 1  0.7315684  0.6873634  0.6581544  0.6461733  0.6425746  0.6466607  0.6631292  0.6924815  0.6833297  0.6803384  0.6758768  0.6695150  0.6513222  0.6312793  0.6357322  0.6391786  0.6764773  0.7126761  0.6879176  0.6643616  0.6454192  0.6124145  0.5904403  0.5827534  0.6319804  0.6617355  0.6888390
 2  0.5697771  0.5246284  0.5103804  0.5052488  0.4952385  0.4892905  0.5330718  0.5770355  0.5850184  0.5816187  0.5726358  0.5519667  0.5149074  0.4871238  0.4923446  0.5115146  0.5896913  0.6158594  0.5954195  0.5584164  0.5280802  0.4979740  0.4733865  0.4925484  0.5417780  0.5735766  0.5969748
 3  0.7537993  0.7128878  0.6822177  0.6672151  0.6610340  0.6627032  0.6766798  0.7110536  0.7045401  0.7017155  0.6973541  0.6893610  0.6699012  0.6484712  0.6519390  0.6557778  0.6896736  0.7367043  0.7130995  0.6848559  0.6637675  0.6330803  0.6086097  0.5972054  0.6487789  0.6797145  0.7085539
 4  0.4515532  0.4227631  0.4186495  0.4076880  0.3876482  0.3890759  0.4798658  0.5192715  0.5137908  0.5076819  0.4847536  0.4484710  0.4070406  0.3948088  0.4146435  0.4429859  0.5393188  0.5573830  0.5011433  0.4510152  0.4488842  0.4124145  0.3904501  0.4455295  0.4862617  0.5113937  0.5320963
 1  0.7286303  0.6827316  0.6406803  0.6190839  0.6029657  0.6143994  0.6372935  0.6544179  0.6893088  0.6999325  0.6913570  0.6788139  0.6674005  0.6647504  0.6629152  0.6531159  0.6547309  0.6627869  0.6866149  0.6836995  0.6876395  0.6955787  0.6910311  0.7026528  0.7247941  0.7061783  0.6849497
 2  0.5686480  0.5247601  0.5006655  0.4910614  0.4884870  0.5135918  0.5399598  0.5677865  0.5971287  0.6042923  0.5876115  0.5567552  0.5232093  0.5100582  0.5033127  0.4892950  0.4889447  0.5261399  0.5614953  0.5678943  0.5707390  0.5747042  0.5655983  0.6019568  0.6218796  0.6117545  0.5747474
 3  0.7517398  0.7089221  0.6654158  0.6404934  0.6210968  0.6307324  0.6554385  0.6717328  0.7091623  0.7221955  0.7133586  0.6986824  0.6847917  0.6813389  0.6799363  0.6696732  0.6702520  0.6773462  0.7047947  0.7034441  0.7056172  0.7147804  0.7106411  0.7176889  0.7491614  0.7311541  0.7065029
 4  0.4547156  0.4242532  0.4126844  0.4041972  0.4164552  0.4562191  0.4757825  0.5083224  0.5350631  0.5297930  0.4918146  0.4395974  0.4144095  0.4183209  0.4025800  0.3829143  0.3937729  0.4685383  0.4962170  0.4797838  0.4884004  0.4943410  0.4663129  0.5407936  0.5627644  0.5234571  0.4490126
 1  0.7290541  0.6815356  0.6384430  0.6275830  0.6544758  0.6516389  0.6464394  0.6489841  0.6652355  0.6719167  0.6810905  0.6836289  0.6778234  0.6777922  0.6959881  0.6973178  0.6984177  0.6902282  0.6728523  0.6575342  0.6491305  0.6520466  0.6550772  0.6378920  0.6555356  0.6818714  0.6766009
 2  0.5720311  0.5252907  0.5006093  0.5236473  0.5497679  0.5406802  0.5072668  0.4883372  0.5053071  0.5298461  0.5562760  0.5626349  0.5497956  0.5547153  0.5809141  0.5945959  0.5946086  0.5804974  0.5454751  0.5027314  0.4773897  0.4943759  0.5274315  0.5325365  0.5643058  0.5827302  0.5721777
 3  0.7524456  0.7079812  0.6633455  0.6465656  0.6743006  0.6726066  0.6643083  0.6639365  0.6803815  0.6882660  0.6986131  0.7030217  0.6969833  0.6939988  0.7147259  0.7181053  0.7198724  0.7115652  0.6926004  0.6752588  0.6648131  0.6667122  0.6724673  0.6575894  0.6728211  0.7026215  0.6983455
 4  0.4569095  0.4252592  0.4142210  0.4641965  0.4828242  0.4365800  0.3742320  0.3920676  0.4308353  0.4594882  0.4840238  0.4785519  0.4454319  0.4806436  0.5187800  0.5239045  0.5160695  0.4840853  0.4289668  0.3771247  0.3726579  0.4283031  0.4646806  0.4633032  0.5035603  0.5154531  0.4745564
 1  0.7304056  0.6862981  0.6548460  0.6413380  0.6433927  0.6548198  0.6626370  0.6774009  0.6688860  0.6589038  0.6686884  0.6760985  0.6989538  0.6943461  0.6788725  0.6747841  0.6677272  0.6604423  0.6687310  0.6618170  0.6605711  0.6607610  0.6642447  0.6692726  0.6641349  0.6614810  0.6626077
 2  0.5719358  0.5261459  0.5075792  0.5048837  0.5137572  0.5253771  0.5421851  0.5552580  0.5410682  0.5203547  0.5263121  0.5648146  0.5935621  0.5947738  0.5745960  0.5610803  0.5448521  0.5340290  0.5409640  0.5357165  0.5251138  0.5208960  0.5335594  0.5450800  0.5411478  0.5308365  0.5383241
 3  0.7532408  0.7121606  0.6790504  0.6619639  0.6612704  0.6722445  0.6793438  0.6958326  0.6887232  0.6758502  0.6850934  0.6922127  0.7194833  0.7168396  0.6994934  0.6945747  0.6874262  0.6778645  0.6866128  0.6809882  0.6783554  0.6777379  0.6807266  0.6879567  0.6834930  0.6790625  0.6795371
 4  0.4545313  0.4234454  0.4136450  0.4154800  0.4338854  0.4442146  0.4700746  0.4783004  0.4339746  0.4201451  0.4480365  0.5073293  0.5325583  0.5121175  0.4858041  0.4755092  0.4473638  0.4495876  0.4639736  0.4451428  0.4263560  0.4307400  0.4629020  0.4703117  0.4458368  0.4377686  0.4672840
 1  0.7281665  0.6808930  0.6445116  0.6314641  0.6369821  0.6381820  0.6351292  0.6346884  0.6421716  0.6621108  0.6708315  0.6972760  0.6974111  0.6993338  0.6818633  0.6723808  0.6600365  0.6473069  0.6634362  0.6593927  0.6785677  0.6795870  0.6739526  0.6824653  0.6966720  0.6790556  0.6688525
 2  0.5709774  0.5244168  0.5045947  0.5102369  0.5210428  0.5187005  0.5041778  0.4939132  0.5163686  0.5456285  0.5789101  0.6005885  0.6062674  0.5992341  0.5720940  0.5400707  0.5049828  0.5043302  0.5379278  0.5600124  0.5773014  0.5757241  0.5618092  0.5781064  0.5913387  0.5793983  0.5590040
 3  0.7515019  0.7073161  0.6692504  0.6519267  0.6558287  0.6571779  0.6527412  0.6514331  0.6574364  0.6801726  0.6883978  0.7184288  0.7196918  0.7218189  0.7033475  0.6909726  0.6774324  0.6626982  0.6806188  0.6783898  0.6984493  0.7006860  0.6933860  0.6993897  0.7185369  0.7012622  0.6888347
 4  0.4557197  0.4247425  0.4160163  0.4343795  0.4461094  0.4283190  0.4067679  0.4030027  0.4540562  0.4823795  0.5170509  0.5386643  0.5339710  0.5160504  0.4660017  0.4243080  0.3937036  0.4350468  0.4779633  0.4951493  0.5083471  0.4900821  0.4699893  0.5140888  0.5255547  0.4917787  0.4703436
 1  0.7281973  0.6811210  0.6447479  0.6293953  0.6329578  0.6684559  0.6736684  0.6707755  0.6700699  0.6709842  0.6718231  0.6835646  0.6817229  0.6786229  0.6663447  0.6631251  0.6689217  0.6755449  0.7015564  0.6891513  0.6738039  0.6714198  0.6732644  0.6753449  0.6775659  0.6897947  0.7021987
 2  0.5743464  0.5256035  0.5049134  0.4961663  0.5217329  0.5580405  0.5648825  0.5468403  0.5189089  0.4875309  0.4834474  0.5267078  0.5547233  0.5592839  0.5479368  0.5426549  0.5425807  0.5718807  0.5977840  0.5897390  0.5605625  0.5353594  0.5252980  0.5314633  0.5590026  0.5983754  0.6067393
 3  0.7516029  0.7071254  0.6691664  0.6510280  0.6493248  0.6861523  0.6940452  0.6899033  0.6873704  0.6864793  0.6854068  0.6988974  0.7000501  0.6983063  0.6858978  0.6811311  0.6876724  0.6913063  0.7225986  0.7126980  0.6943608  0.6890055  0.6901134  0.6917570  0.6948185  0.7084202  0.7266627
 4  0.4584144  0.4238650  0.4179621  0.4025521  0.4582164  0.4976579  0.4800709  0.4343502  0.3897408  0.3513389  0.4015596  0.4645309  0.4846340  0.4762577  0.4565512  0.4622717  0.4559731  0.5100190  0.5382761  0.5014870  0.4455365  0.4287826  0.4327274  0.4543930  0.4970372  0.5415767  0.5409774
 1  0.7281184  0.6804225  0.6377717  0.6188350  0.6044145  0.6131011  0.6557385  0.6609268  0.6412262  0.6186315  0.6443395  0.6722145  0.6716229  0.6608350  0.6466065  0.6383853  0.6648369  0.6837407  0.6821984  0.6991401  0.6898966  0.6747076  0.6558791  0.6389814  0.6475630  0.6588632  0.6629850
 2  0.5729084  0.5253939  0.5007961  0.4945550  0.4901683  0.5263314  0.5680818  0.5713739  0.5423517  0.5197349  0.5531407  0.5804716  0.5774885  0.5564983  0.5246779  0.5154474  0.5580432  0.5782727  0.5873521  0.5948121  0.5820533  0.5476721  0.4952369  0.4649539  0.4927801  0.5335099  0.5444112
 3  0.7517145  0.7069668  0.6627015  0.6402058  0.6229988  0.6277891  0.6745317  0.6829047  0.6628238  0.6374311  0.6603299  0.6923732  0.6938725  0.6820329  0.6659942  0.6549907  0.6807496  0.7046925  0.7016736  0.7197210  0.7120613  0.6945198  0.6731249  0.6544673  0.6618734  0.6761483  0.6823595
 4  0.4576816  0.4254499  0.4145136  0.4107623  0.4152019  0.4779968  0.5134905  0.4972007  0.4533868  0.4440034  0.4990638  0.5202634  0.4994154  0.4600787  0.4205968  0.4411099  0.5043779  0.5091606  0.5118881  0.5234162  0.4881767  0.4204003  0.3619712  0.3677562  0.4341763  0.4713861  0.4584943
 1  0.7289669  0.6799096  0.6399646  0.6254416  0.6427348  0.6609761  0.6584113  0.6543152  0.6511599  0.6486149  0.6583279  0.7000220  0.7147292  0.6979805  0.6761043  0.6690265  0.6678438  0.6743102  0.6771033  0.6818414  0.6845326  0.6768339  0.6705950  0.6716843  0.6824866  0.6925653  0.6982991
 2  0.5742236  0.5244783  0.5030436  0.5127883  0.5445013  0.5584912  0.5450737  0.5117552  0.4729066  0.4575339  0.5338995  0.6085564  0.6212252  0.6038887  0.5548221  0.5067944  0.4814478  0.4944681  0.5341463  0.5649871  0.5759103  0.5659887  0.5476082  0.5391534  0.5507975  0.5724514  0.5851145
 3  0.7523603  0.7061980  0.6647097  0.6458141  0.6606433  0.6811441  0.6786609  0.6721229  0.6671160  0.6626643  0.6708262  0.7187319  0.7399164  0.7219437  0.6960074  0.6858148  0.6827458  0.6885868  0.6932375  0.7000857  0.7049916  0.6976256  0.6897489  0.6889439  0.6994456  0.7103993  0.7181716
 4  0.4578898  0.4245232  0.4188108  0.4440405  0.4845780  0.4841882  0.4387248  0.3811778  0.3386582  0.3651184  0.4960416  0.5556786  0.5549118  0.4985080  0.4176441  0.3707980  0.3743265  0.4189645  0.4693271  0.5003248  0.5012818  0.4742913  0.4453596  0.4493118  0.4755993  0.5032472  0.5115498
 1  0.7287269  0.6811145  0.6412128  0.6230517  0.6230357  0.6455961  0.6584229  0.6634020  0.6635775  0.6548232  0.6680079  0.6718251  0.6575897  0.6517047  0.6576714  0.6616617  0.6878815  0.7106115  0.6931965  0.6768747  0.6632626  0.6551200  0.6557751  0.6681968  0.6730312  0.6776709  0.6729912
 2  0.5719461  0.5247374  0.5027590  0.4938995  0.5008227  0.5284287  0.5496289  0.5603183  0.5589277  0.5569141  0.5712791  0.5716431  0.5494206  0.5302258  0.5308555  0.5442055  0.5940957  0.6127698  0.5973961  0.5596604  0.5050218  0.4579747  0.4732738  0.5416028  0.5759464  0.5817443  0.5824721
 3  0.7520538  0.7075128  0.6660498  0.6447040  0.6409575  0.6617304  0.6766560  0.6825399  0.6837970  0.6741527  0.6870691  0.6935310  0.6786494  0.6696913  0.6751246  0.6791636  0.7041104  0.7342289  0.7173186  0.6974788  0.6808219  0.6701514  0.6686556  0.6847223  0.6926530  0.6996049  0.6937060
 4  0.4562514  0.4249534  0.4162499  0.4037563  0.4216631  0.4636354  0.4830925  0.4890390  0.4825580  0.4850352  0.5076378  0.4946503  0.4490542  0.4377638  0.4524356  0.4750733  0.5383155  0.5502230  0.5023584  0.4281599  0.3558983  0.3260934  0.4149278  0.4917935  0.5148088  0.5117202  0.5081283
 1  0.7276935  0.6809570  0.6381347  0.6208921  0.6334683  0.6534054  0.6587413  0.6553801  0.6604757  0.6749091  0.6836466  0.6828277  0.6829376  0.6969964  0.7118446  0.6943573  0.6692969  0.6592067  0.6745985  0.6798456  0.6604936  0.6364999  0.6230274  0.6025336  0.6211259  0.6725827  0.6791627
 2  0.5721492  0.5253584  0.4999328  0.5016316  0.5253663  0.5457137  0.5446313  0.5288842  0.5260590  0.5446038  0.5587952  0.5589620  0.5584140  0.5902480  0.6054055  0.5891825  0.5358143  0.5045721  0.5433302  0.5655110  0.5484888  0.5116431  0.4916458  0.4818159  0.5324083  0.5790776  0.5838004
 3  0.7511928  0.7072493  0.6628973  0.6415702  0.6512960  0.6716949  0.6780404  0.6738401  0.6770092  0.6915589  0.7021076  0.7017110  0.7008188  0.7138417  0.7344680  0.7173692  0.6887548  0.6743577  0.6901046  0.7002140  0.6821560  0.6556911  0.6399110  0.6206801  0.6348599  0.6915422  0.7015796
 4  0.4573467  0.4243489  0.4131320  0.4264650  0.4590238  0.4745425  0.4562461  0.4273580  0.4402690  0.4740950  0.4814760  0.4683471  0.4730610  0.5293723  0.5395539  0.4820153  0.3867205  0.4114383  0.4910709  0.4980984  0.4488750  0.4049948  0.4106954  0.4087681  0.4840339  0.5248052  0.5005535
 1  0.7285885  0.6862115  0.6505019  0.6393405  0.6511575  0.6541964  0.6671366  0.6712062  0.6544591  0.6397257  0.6492222  0.6799885  0.6732811  0.6707920  0.6812405  0.6753026  0.6818120  0.6809582  0.6738725  0.6857080  0.7026580  0.6917888  0.6829714  0.6762181  0.6675290  0.6713943  0.6990061
 2  0.5713707  0.5273137  0.5040974  0.5149482  0.5330043  0.5436904  0.5531417  0.5489442  0.5148358  0.4790240  0.5228351  0.5688831  0.5696417  0.5646664  0.5687823  0.5683699  0.5708085  0.5641791  0.5484421  0.5706910  0.5926174  0.5864225  0.5630950  0.5308004  0.4896429  0.5194502  0.5738194
 3  0.7516385  0.7118951  0.6746551  0.6589552  0.6699733  0.6727274  0.6851475  0.6906831  0.6732738  0.6560674  0.6625078  0.6992051  0.6951302  0.6890485  0.7005721  0.6953649  0.7011629  0.7011468  0.6924333  0.7015421  0.7236284  0.7138838  0.7028328  0.6943152  0.6837228  0.6840022  0.7173792
 4  0.4556943  0.4230688  0.4102974  0.4423962  0.4606655  0.4664426  0.4769949  0.4542724  0.3934097  0.3704131  0.4745602  0.5134534  0.4801164  0.4814110  0.4963560  0.4905275  0.4924703  0.4715698  0.4492713  0.5077419  0.5286605  0.4959641  0.4511138  0.4033355  0.3533957  0.4671200  0.5197128
 1  0.7287496  0.6819100  0.6412440  0.6234536  0.5830320  0.5359271  0.6192339  0.6438402  0.6510615  0.6564670  0.6683625  0.6892853  0.6812759  0.6741297  0.6803426  0.6870164  0.6901717  0.6851371  0.6814517  0.6854076  0.6899503  0.6838717  0.6763798  0.6832113  0.6977552  0.6986213  0.7009573
 2  0.5722266  0.5255809  0.5014113  0.4898264  0.4486506  0.4563933  0.5426634  0.5628794  0.5589726  0.5510282  0.5653023  0.5790914  0.5677456  0.5457068  0.5480900  0.5660902  0.5715887  0.5638118  0.5508190  0.5534223  0.5565569  0.5406857  0.5159279  0.5321315  0.5646247  0.5830650  0.5892163
 3  0.7522206  0.7084508  0.6661109  0.6450040  0.6027723  0.5471486  0.6339625  0.6650258  0.6713808  0.6760266  0.6854477  0.7092575  0.7025387  0.6918936  0.6969156  0.7055121  0.7099477  0.7046104  0.6993698  0.7027210  0.7085366  0.7023871  0.6925303  0.6978829  0.7155049  0.7178157  0.7211198
 4  0.4567510  0.4252016  0.4120301  0.3949100  0.3489908  0.4245253  0.5025849  0.4948472  0.4774403  0.4645790  0.4971719  0.5098258  0.4640564  0.4384986  0.4738773  0.4969552  0.4894566  0.4646277  0.4552739  0.4738533  0.4689850  0.4215464  0.3972547  0.4640282  0.4997503  0.5089200  0.5107323
 1  0.7314508  0.6877703  0.6515377  0.6403042  0.6553345  0.6659426  0.6538639  0.6411872  0.6360327  0.6663753  0.7018177  0.6923882  0.6781170  0.6759665  0.6881278  0.6919686  0.6666766  0.6450919  0.6207830  0.5942382  0.6529209  0.6434968  0.6256693  0.6058347  0.6205602  0.6461807  0.6606670
 2  0.5718119  0.5257133  0.5055925  0.5209315  0.5523716  0.5621352  0.5383151  0.4951579  0.4788577  0.5622674  0.6010828  0.5956475  0.5616962  0.5395656  0.5564274  0.5687388  0.5495690  0.5252644  0.5080942  0.5294213  0.5696707  0.5591946  0.5268787  0.5001301  0.5177956  0.5407714  0.5692230
 3  0.7538355  0.7131425  0.6757327  0.6600770  0.6736317  0.6866992  0.6745884  0.6591967  0.6507250  0.6790717  0.7237051  0.7156526  0.6983044  0.6926404  0.7046395  0.7117520  0.6874294  0.6639453  0.6395796  0.6078850  0.6736166  0.6666033  0.6459843  0.6251341  0.6364986  0.6643127  0.6782227
 4  0.4534029  0.4224447  0.4163476  0.4520618  0.4922792  0.4852074  0.4265250  0.3613632  0.3968115  0.5214195  0.5430901  0.5015426  0.4371941  0.4421513  0.4911775  0.4944387  0.4553176  0.4380657  0.4343617  0.4882057  0.5150727  0.4774165  0.4389668  0.4175703  0.4553874  0.4763867  0.5052879
 1  0.7320621  0.6913670  0.6555603  0.6383261  0.6352946  0.6452974  0.6545642  0.6765675  0.6863739  0.6993420  0.6964208  0.6920887  0.6900275  0.6851921  0.6775283  0.6709140  0.6585221  0.6377728  0.6314189  0.6613544  0.6679896  0.6849082  0.6784536  0.6768960  0.6761582  0.6840583  0.6958829
 2  0.5746545  0.5282665  0.5054529  0.4993436  0.5037136  0.5111062  0.5273437  0.5513986  0.5761086  0.5912899  0.5875099  0.5754524  0.5603854  0.5482507  0.5311292  0.5188379  0.5005636  0.4761897  0.5124371  0.5655555  0.5872967  0.5910776  0.5794984  0.5574169  0.5459023  0.5671873  0.5892581
 3  0.7544364  0.7163070  0.6793890  0.6592412  0.6533331  0.6625670  0.6708548  0.6933727  0.7043734  0.7195874  0.7177314  0.7114292  0.7085388  0.7035825  0.6950906  0.6881186  0.6757683  0.6547734  0.6450235  0.6807327  0.6883759  0.7073173  0.7006194  0.6956868  0.6933864  0.7013748  0.7158647
 4  0.4545522  0.4216404  0.4131739  0.4085037  0.4208687  0.4262501  0.4518331  0.4807712  0.5091333  0.5205970  0.4986690  0.4769601  0.4668324  0.4494968  0.4300795  0.4181348  0.3960188  0.3760559  0.4650911  0.5144652  0.5231084  0.5203780  0.4814249  0.4500652  0.4620666  0.5036206  0.5249011
 1  0.7287904  0.6835439  0.6452336  0.6283103  0.6318011  0.6511849  0.6617994  0.6638387  0.6571337  0.6681002  0.6794616  0.6964400  0.6896088  0.6829907  0.6687456  0.6619817  0.6616032  0.6602451  0.6729956  0.6768245  0.6784545  0.6882814  0.6910813  0.6830739  0.6760579  0.6729468  0.6815561
 2  0.5701777  0.5258088  0.5028579  0.4973270  0.5121758  0.5351889  0.5415637  0.5288751  0.5186252  0.5381533  0.5684310  0.5848382  0.5782630  0.5560979  0.5233606  0.5085686  0.5132852  0.5340847  0.5576530  0.5667146  0.5716919  0.5838380  0.5852354  0.5702777  0.5425833  0.5191252  0.5204845
 3  0.7520664  0.7099026  0.6699333  0.6492522  0.6492853  0.6685518  0.6805194  0.6818182  0.6729923  0.6853182  0.6970802  0.7162567  0.7104006  0.7022235  0.6866233  0.6783565  0.6782063  0.6771489  0.6912738  0.6964841  0.6973631  0.7077341  0.7123336  0.7038353  0.6949090  0.6893905  0.6969887
 4  0.4552733  0.4248972  0.4114049  0.4100234  0.4407054  0.4662102  0.4533334  0.4172033  0.4365947  0.4712206  0.5019880  0.5118083  0.4857640  0.4456429  0.4117407  0.4157567  0.4345072  0.4663887  0.4893405  0.4885941  0.4968320  0.5147321  0.5068742  0.4706974  0.4220534  0.4092547  0.4347392
 1  0.7295185  0.6835816  0.6458088  0.6369896  0.6488609  0.6439703  0.5978325  0.6396341  0.6299041  0.6050766  0.6276311  0.6379499  0.6077896  0.5809230  0.6424871  0.6825301  0.6584694  0.6321227  0.6365439  0.6470924  0.6564065  0.6651010  0.6771623  0.6875051  0.6814734  0.6709876  0.6628527
 2  0.5718653  0.5252527  0.5040415  0.5230903  0.5462774  0.5414499  0.5272806  0.5685636  0.5511897  0.5256202  0.5434755  0.5531642  0.5305782  0.5253933  0.5831701  0.5986404  0.5707890  0.5254183  0.5099400  0.5108474  0.5178423  0.5315282  0.5496078  0.5613068  0.5540648  0.5338469  0.5282962
 3  0.7524887  0.7095319  0.6702977  0.6564649  0.6681342  0.6652128  0.6125895  0.6599866  0.6554359  0.6246689  0.6449656  0.6585274  0.6280267  0.5977169  0.6584476  0.7067957  0.6833424  0.6527349  0.6538946  0.6639314  0.6730005  0.6818486  0.6942593  0.7056655  0.7005957  0.6895751  0.6792960
 4  0.4555759  0.4237087  0.4156379  0.4574036  0.4840029  0.4565905  0.4785455  0.5235429  0.4717234  0.4516827  0.4878353  0.4890337  0.4702617  0.4816096  0.5341682  0.5377934  0.4765386  0.4176962  0.4192338  0.4277290  0.4353955  0.4514468  0.4735847  0.4807243  0.4608721  0.4266842  0.4489249
 1  0.7274045  0.6819251  0.6438213  0.6242034  0.6178661  0.6177046  0.6528719  0.6695258  0.6742120  0.6765597  0.6757587  0.6721014  0.6716919  0.6824671  0.6844849  0.7045895  0.6986700  0.7080996  0.7131225  0.6994406  0.6674496  0.6411118  0.6257800  0.6183861  0.6317724  0.6620013  0.6730407
 2  0.5715916  0.5259799  0.5027573  0.4921667  0.4785832  0.4874074  0.5321884  0.5568154  0.5584292  0.5516418  0.5388323  0.5223556  0.5337479  0.5558429  0.5850733  0.6019503  0.6048828  0.6144931  0.6162363  0.6013819  0.5474610  0.4759746  0.4187961  0.4177615  0.4889040  0.5520045  0.5757604
 3  0.7509238  0.7081733  0.6683965  0.6454985  0.6369491  0.6328547  0.6681294  0.6882670  0.6932392  0.6949345  0.6937747  0.6893695  0.6872072  0.7010652  0.7023255  0.7262610  0.7206706  0.7285481  0.7371582  0.7233156  0.6888395  0.6590151  0.6405266  0.6317509  0.6450177  0.6791644  0.6930227
 4  0.4571408  0.4243994  0.4125108  0.4017502  0.3742266  0.4178877  0.4766214  0.4845837  0.4690510  0.4567133  0.4387138  0.4177290  0.4629735  0.4876682  0.5204797  0.5374328  0.5287395  0.5471098  0.5484875  0.5068994  0.4115647  0.3151068  0.2921939  0.3449107  0.4458015  0.4987998  0.5055516
 1  0.7295224  0.6865847  0.6484997  0.6351843  0.6448796  0.6513401  0.6549095  0.6514091  0.6396792  0.6299759  0.6572718  0.6810389  0.6935275  0.6897061  0.6811399  0.6763673  0.6927241  0.6904436  0.6744353  0.6655597  0.6646296  0.6742676  0.7083315  0.6883138  0.6596925  0.6467359  0.6540879
 2  0.5724896  0.5278014  0.5033338  0.5099328  0.5270350  0.5363147  0.5336137  0.5203515  0.4986034  0.5015799  0.5467807  0.5819007  0.5930020  0.5835735  0.5556424  0.5463862  0.5711387  0.5772134  0.5575366  0.5371117  0.5249666  0.5741893  0.6054850  0.5911235  0.5354373  0.4820766  0.4745082
 3  0.7526309  0.7123651  0.6727937  0.6552089  0.6634081  0.6698691  0.6731067  0.6698320  0.6571746  0.6458524  0.6734898  0.6996360  0.7148350  0.7109116  0.7006663  0.6926319  0.7105882  0.7116447  0.6948840  0.6837311  0.6824860  0.6878512  0.7311334  0.7128381  0.6801446  0.6628862  0.6687374
 4  0.4564538  0.4239397  0.4110363  0.4346702  0.4545562  0.4560311  0.4465776  0.4221138  0.4005658  0.4361686  0.4903599  0.5205726  0.5190219  0.4885358  0.4392771  0.4648344  0.5098459  0.4977347  0.4546627  0.4396213  0.4300413  0.5221276  0.5485470  0.4900716  0.3850990  0.3554036  0.3857636
 1  0.7309671  0.6880999  0.6541512  0.6394015  0.6387546  0.6361281  0.6293521  0.6432052  0.6748047  0.6789109  0.6888983  0.6895714  0.7031515  0.6969188  0.6850514  0.6800828  0.6819820  0.6825058  0.6841222  0.6844120  0.6858803  0.6866404  0.6939015  0.6862198  0.6779905  0.6875920  0.6873271
 2  0.5684563  0.5255169  0.5064515  0.5043038  0.5020613  0.4873544  0.4751419  0.5237197  0.5654237  0.5798067  0.5818985  0.5879363  0.5947295  0.5869613  0.5620089  0.5403600  0.5296441  0.5211106  0.5224425  0.5274325  0.5332780  0.5475798  0.5608843  0.5500144  0.5379900  0.5471210  0.5513647
 3  0.7533426  0.7136188  0.6782857  0.6600717  0.6574496  0.6537547  0.6447194  0.6570298  0.6935826  0.6986204  0.7091968  0.7086521  0.7238576  0.7183396  0.7044884  0.6977666  0.6990725  0.6987257  0.7001033  0.7007575  0.7025440  0.7032502  0.7122094  0.7054661  0.6945109  0.7046203  0.7058641
 4  0.4519946  0.4227639  0.4137009  0.4167390  0.4078122  0.3768563  0.3864978  0.4767552  0.5045888  0.5054497  0.5014876  0.5134377  0.5223852  0.4939302  0.4530040  0.4377959  0.4262265  0.4198861  0.4263839  0.4367470  0.4426438  0.4703993  0.4805529  0.4410429  0.4424948  0.4708075  0.4594722
 1  0.7317671  0.6900097  0.6574121  0.6440464  0.6449708  0.6530969  0.6582318  0.6598323  0.6669343  0.6744694  0.6798414  0.7007737  0.6967737  0.6854794  0.6765480  0.6759489  0.6892188  0.6904441  0.6854508  0.6836690  0.6853134  0.6839864  0.6892546  0.6879908  0.6952108  0.7023470  0.7007927
 2  0.5734793  0.5272679  0.5076682  0.5080257  0.5170303  0.5278140  0.5317036  0.5300160  0.5341083  0.5360687  0.5601207  0.5889991  0.5898698  0.5654265  0.5220961  0.4990974  0.5225814  0.5474280  0.5527812  0.5536799  0.5556343  0.5565090  0.5565101  0.5531959  0.5638050  0.5828425  0.5853417
 3  0.7541083  0.7151179  0.6812589  0.6645659  0.6631525  0.6707357  0.6760138  0.6775414  0.6841184  0.6919404  0.6957316  0.7203016  0.7188982  0.7058341  0.6940489  0.6903668  0.7039867  0.7082742  0.7037650  0.7014831  0.7036294  0.7022625  0.7076535  0.7055183  0.7121286  0.7211058  0.7216475
 4  0.4539986  0.4219226  0.4149071  0.4221629  0.4375097  0.4483288  0.4469484  0.4417949  0.4481071  0.4450053  0.4946701  0.5272063  0.5044172  0.4431808  0.3734616  0.3964152  0.4571847  0.4704810  0.4613765  0.4674890  0.4715831  0.4724543  0.4623052  0.4590563  0.4886127  0.5134940  0.5030271
 1  0.7288535  0.6821393  0.6465892  0.6360606  0.6551441  0.6745014  0.6798755  0.6688695  0.6573006  0.6557574  0.6718458  0.6769905  0.6787782  0.6810834  0.6757845  0.6670356  0.6621343  0.6697016  0.6883849  0.6961802  0.7034217  0.6946152  0.6895647  0.6928520  0.6826237  0.6705273  0.6608404
 2  0.5713388  0.5250791  0.5053102  0.5177011  0.5500132  0.5746508  0.5745542  0.5496782  0.5073552  0.4884190  0.5135088  0.5365334  0.5543942  0.5615215  0.5508508  0.5231957  0.5058667  0.5382793  0.5801696  0.6028612  0.6067221  0.5934849  0.5736522  0.5594756  0.5350262  0.5027494  0.4836513
 3  0.7520863  0.7083627  0.6711504  0.6559986  0.6731087  0.6936868  0.7007460  0.6893503  0.6750808  0.6705743  0.6869870  0.6941937  0.6963427  0.7002930  0.6956957  0.6849633  0.6778956  0.6849227  0.7069797  0.7170550  0.7265285  0.7168251  0.7087250  0.7112263  0.7009096  0.6871293  0.6765090
 4  0.4561338  0.4244854  0.4161021  0.4468425  0.4882636  0.5079102  0.4916796  0.4345970  0.3709722  0.3957645  0.4449835  0.4607824  0.4786791  0.4835148  0.4482284  0.4016616  0.4105424  0.4816277  0.5230106  0.5386536  0.5331246  0.4963671  0.4732944  0.4616016  0.4205342  0.3805898  0.3776722
 1  0.7275399  0.6835386  0.6503458  0.6370607  0.6272871  0.6329589  0.6404822  0.6526520  0.6783196  0.6847680  0.6871784  0.6851987  0.6744796  0.6656419  0.6730076  0.6812305  0.6795854  0.6815445  0.6910567  0.6974060  0.6866799  0.6776177  0.6755202  0.6651513  0.6613820  0.6768638  0.6872881
 2  0.5739787  0.5278422  0.5060418  0.4998403  0.4970613  0.5076382  0.5187992  0.5444957  0.5736280  0.5831891  0.5789625  0.5642618  0.5330636  0.5101435  0.5334412  0.5589360  0.5646743  0.5682423  0.5854076  0.5931352  0.5803014  0.5613530  0.5467996  0.5262963  0.5230803  0.5536196  0.5735683
 3  0.7511398  0.7094119  0.6744455  0.6579337  0.6454180  0.6499649  0.6580034  0.6688597  0.6970326  0.7054557  0.7075388  0.7047673  0.6928549  0.6819060  0.6884238  0.7000693  0.6993880  0.6998147  0.7097113  0.7190732  0.7085008  0.6967700  0.6940906  0.6840269  0.6774136  0.6936297  0.7068848
 4  0.4592037  0.4238584  0.4132712  0.4073480  0.4149933  0.4337339  0.4415658  0.4816695  0.5108533  0.5075196  0.4908653  0.4612818  0.4146334  0.4108694  0.4700316  0.4917267  0.4790660  0.4886605  0.5203136  0.5218022  0.4858740  0.4641202  0.4564395  0.4206668  0.4413740  0.4925500  0.5003966
 1  0.7283414  0.6853366  0.6463173  0.6281258  0.6207395  0.6227679  0.6234277  0.6293872  0.6638460  0.6841214  0.7014690  0.6926768  0.6781626  0.6733629  0.6668225  0.6583758  0.6708546  0.6875100  0.6895627  0.6853708  0.6756912  0.6723216  0.6614852  0.6430561  0.6579379  0.6904978  0.6913788
 2  0.5707404  0.5273625  0.5018989  0.4892722  0.4775077  0.4692522  0.4670353  0.5021841  0.5550767  0.5911481  0.6027193  0.5887851  0.5512326  0.5177218  0.5049580  0.5180970  0.5642365  0.5900770  0.5921775  0.5767641  0.5487142  0.5350619  0.5384857  0.5429775  0.5749076  0.6008796  0.6008602
 3  0.7516474  0.7113379  0.6707392  0.6493311  0.6391812  0.6391048  0.6390948  0.6435060  0.6805559  0.7029102  0.7235174  0.7149349  0.6975099  0.6898417  0.6828839  0.6748455  0.6876045  0.7084682  0.7117750  0.7060754  0.6945413  0.6894245  0.6791278  0.6630956  0.6757350  0.7114069  0.7145860
 4  0.4561331  0.4241758  0.4087974  0.3922442  0.3771591  0.3715862  0.3793248  0.4490194  0.5005837  0.5295236  0.5314952  0.4875889  0.4225759  0.4026174  0.4168163  0.4515610  0.5088123  0.5277316  0.5107678  0.4752624  0.4414681  0.4459452  0.4728249  0.4795857  0.5161227  0.5401190  0.5288546
 1  0.7279220  0.6800847  0.6433507  0.6275439  0.6200662  0.6324233  0.6657523  0.6850499  0.6736935  0.6577709  0.6430769  0.6474952  0.6582573  0.6694480  0.6830945  0.6983711  0.6978508  0.7008591  0.6819234  0.6652139  0.6601369  0.6658168  0.6687231  0.6615696  0.6576801  0.6634183  0.6751295
 2  0.5722626  0.5247952  0.5039557  0.4956897  0.4900886  0.5157835  0.5640283  0.5833610  0.5667356  0.5282490  0.4954947  0.5055627  0.5287970  0.5491521  0.5769239  0.5944863  0.6012898  0.5979056  0.5703080  0.5283956  0.5108448  0.5329627  0.5485115  0.5440639  0.5340616  0.5349327  0.5466389
 3  0.7514597  0.7065687  0.6680626  0.6489644  0.6384894  0.6477467  0.6821596  0.7058430  0.6954215  0.6772956  0.6594653  0.6634052  0.6754379  0.6867344  0.7007183  0.7190368  0.7188166  0.7231133  0.7039684  0.6836494  0.6758307  0.6826252  0.6875220  0.6813888  0.6762604  0.6804274  0.6926827
 4  0.4572140  0.4247517  0.4152996  0.4035040  0.4020984  0.4549180  0.5096767  0.5137675  0.4675433  0.4022256  0.3982458  0.4374178  0.4560443  0.4753262  0.5126377  0.5271656  0.5292440  0.5189887  0.4587043  0.4012547  0.4269053  0.4685658  0.4756983  0.4550864  0.4390122  0.4538858  0.4689733
 1  0.7299583  0.6872006  0.6471579  0.6292338  0.6347770  0.6464715  0.6538630  0.6648684  0.6727763  0.6968800  0.6922469  0.6856571  0.6908863  0.6865062  0.6837263  0.6875549  0.6879481  0.6802622  0.6730916  0.6739789  0.6779001  0.6802793  0.6967966  0.6931201  0.6860026  0.6845881  0.7009069
 2  0.5711477  0.5270822  0.5017034  0.4967176  0.5060331  0.5144624  0.5215366  0.5281845  0.5567850  0.5850766  0.5837367  0.5713862  0.5643311  0.5550998  0.5435847  0.5492753  0.5517177  0.5348520  0.5100606  0.4972612  0.4992049  0.5285763  0.5623520  0.5682566  0.5507370  0.5570387  0.5791250
 3  0.7529014  0.7130919  0.6716393  0.6499771  0.6528412  0.6637247  0.6704365  0.6819573  0.6885702  0.7163704  0.7140400  0.7044990  0.7093873  0.7055907  0.7009991  0.7045902  0.7063468  0.6987300  0.6896680  0.6889109  0.6933847  0.6950283  0.7143513  0.7126939  0.7043804  0.7006330  0.7200447
 4  0.4546550  0.4239010  0.4088994  0.4108146  0.4241245  0.4284606  0.4391462  0.4418009  0.4933539  0.5222444  0.4933269  0.4748866  0.4787867  0.4568177  0.4469181  0.4671324  0.4639463  0.4201796  0.3824051  0.3953836  0.4030538  0.4608811  0.4940697  0.4763019  0.4403601  0.4839340  0.5131021
 1  0.7300844  0.6846528  0.6093779  0.5605987  0.5604221  0.5774086  0.6106292  0.6329608  0.6773731  0.6760594  0.6716940  0.6778821  0.6851115  0.6856692  0.6774886  0.6661415  0.6627699  0.6850235  0.6896433  0.6793767  0.6584043  0.6564824  0.7023700  0.6872460  0.6604710  0.6440472  0.6458427
 2  0.5711411  0.5256631  0.4815279  0.4620174  0.4700139  0.4927266  0.5203819  0.5575727  0.5860477  0.5819681  0.5648611  0.5635630  0.5726942  0.5751206  0.5633339  0.5361205  0.5293662  0.5604074  0.5739509  0.5619713  0.5292717  0.5707322  0.6044500  0.5933517  0.5405311  0.4787536  0.4620341
 3  0.7530262  0.7107667  0.6347685  0.5819740  0.5788683  0.5929632  0.6280398  0.6484548  0.6979951  0.6984855  0.6915014  0.6958717  0.7041592  0.7059944  0.6978958  0.6857209  0.6788246  0.7016415  0.7101060  0.6994617  0.6772763  0.6693086  0.7251946  0.7116921  0.6812902  0.6609168  0.6598451
 4  0.4548105  0.4244444  0.4056184  0.3957711  0.4033901  0.4378804  0.4585782  0.5046689  0.5253659  0.4961458  0.4696436  0.4852121  0.5024893  0.4969961  0.4710313  0.4217423  0.4460816  0.5006333  0.4976927  0.4621222  0.4283833  0.5219757  0.5487242  0.4964899  0.3945680  0.3341692  0.3744134
 1  0.7297766  0.6848170  0.6537029  0.6480996  0.6672291  0.6670603  0.6675852  0.6750790  0.6732942  0.6733172  0.6740387  0.6649149  0.6336760  0.5939801  0.5914268  0.5147121  0.6291022  0.6995935  0.7090675  0.6977859  0.6953441  0.6898672  0.6825779  0.6750710  0.6750801  0.6927483  0.6827365
 2  0.5731114  0.5265539  0.5079193  0.5294267  0.5531042  0.5546661  0.5489585  0.5503701  0.5466590  0.5448542  0.5471494  0.5330964  0.4912796  0.4685599  0.4951250  0.4853312  0.5832429  0.6216181  0.6233058  0.6091935  0.5891315  0.5665435  0.5372860  0.5114510  0.5364645  0.5731960  0.5727332
 3  0.7529155  0.7107291  0.6778424  0.6671741  0.6865749  0.6869719  0.6853268  0.6933371  0.6919262  0.6909716  0.6924616  0.6841581  0.6523420  0.6097994  0.6082943  0.5280330  0.6398011  0.7228340  0.7348691  0.7210155  0.7162928  0.7094194  0.7004292  0.6916723  0.6895422  0.7119492  0.7045258
 4  0.4566960  0.4237589  0.4148268  0.4623858  0.4839493  0.4647475  0.4625825  0.4683371  0.4573342  0.4612904  0.4648009  0.4339177  0.3831808  0.4045415  0.4421098  0.4531363  0.5425867  0.5639394  0.5528741  0.5196767  0.4926298  0.4597166  0.4220241  0.3990065  0.4760624  0.5142200  0.4823732
 1  0.7280549  0.6810653  0.6524663  0.6439763  0.6461815  0.6568696  0.6750275  0.6853880  0.6864164  0.7047534  0.6948407  0.6893621  0.6849206  0.6791794  0.6797161  0.6923577  0.7021429  0.6923539  0.6818614  0.6766895  0.6784647  0.6719371  0.6823306  0.6817479  0.6694772  0.6653908  0.6553439
 2  0.5742871  0.5255907  0.5093273  0.5105680  0.5167664  0.5338216  0.5588239  0.5670584  0.5797739  0.5915276  0.5824190  0.5580604  0.5258372  0.4902320  0.4818278  0.5435363  0.5756347  0.5746441  0.5561814  0.5508831  0.5510726  0.5530796  0.5653413  0.5618392  0.5400757  0.5239595  0.5196925
 3  0.7515398  0.7071526  0.6766244  0.6646019  0.6643581  0.6737741  0.6922972  0.7048908  0.7040032  0.7252226  0.7161906  0.7079138  0.7020198  0.6947884  0.6929908  0.7069131  0.7217442  0.7124736  0.7005075  0.6947715  0.6972572  0.6902933  0.7008878  0.7018683  0.6882933  0.6824783  0.6728663
 4  0.4584217  0.4237373  0.4179678  0.4226616  0.4338197  0.4608045  0.4906742  0.4840594  0.5067859  0.5205943  0.4834813  0.4385485  0.3963730  0.3466897  0.3935062  0.4914694  0.5066812  0.4782326  0.4595325  0.4696882  0.4689527  0.4745610  0.4913502  0.4705102  0.4333883  0.4297555  0.4402465
 1  0.7296925  0.6822010  0.6464377  0.6376409  0.6562163  0.6565940  0.6532429  0.6681707  0.6762552  0.6704251  0.6624822  0.6554112  0.6540672  0.6635263  0.6719857  0.6758897  0.6782253  0.6693283  0.6591845  0.6633768  0.6501578  0.6508939  0.6812582  0.6905955  0.6837481  0.6902828  0.6872196
 2  0.5699182  0.5243568  0.5052106  0.5214125  0.5417550  0.5371366  0.5233957  0.5401967  0.5566212  0.5518004  0.5355044  0.5164992  0.5217743  0.5482822  0.5638657  0.5680908  0.5634822  0.5482555  0.5428158  0.5521960  0.5435519  0.5539186  0.5859022  0.5932927  0.5868369  0.5881977  0.5790125
 3  0.7528275  0.7089000  0.6713434  0.6572134  0.6753829  0.6763733  0.6700156  0.6842625  0.6951065  0.6902103  0.6815562  0.6730386  0.6700743  0.6813555  0.6916630  0.6950595  0.6979351  0.6887436  0.6764237  0.6830226  0.6707818  0.6677097  0.7004420  0.7126304  0.7043882  0.7104603  0.7089279
 4  0.4541773  0.4256261  0.4144215  0.4524500  0.4696408  0.4364575  0.4288521  0.4723372  0.4848501  0.4635162  0.4328935  0.4165498  0.4520508  0.4867560  0.4885432  0.4881632  0.4782322  0.4527994  0.4713609  0.4835079  0.4585020  0.4913369  0.5263438  0.5190451  0.5067462  0.5148655  0.4926721
 1  0.7310651  0.6893144  0.6430574  0.6185663  0.6178745  0.6426244  0.6666721  0.6664027  0.6717527  0.6907596  0.6872009  0.6654482  0.6492941  0.6559288  0.6484002  0.6364190  0.6444566  0.6468703  0.6593993  0.6599352  0.6674229  0.6743815  0.6827688  0.6867250  0.7004030  0.6930470  0.6865628
 2  0.5714015  0.5268909  0.4983771  0.4873888  0.4974237  0.5351266  0.5583658  0.5591499  0.5711283  0.5946784  0.5898503  0.5576022  0.5184346  0.5054704  0.4947455  0.4899329  0.5125118  0.5306446  0.5413884  0.5385712  0.5334287  0.5376562  0.5471655  0.5693506  0.5862276  0.5794992  0.5628198
 3  0.7535218  0.7146189  0.6674761  0.6399792  0.6356891  0.6582540  0.6857499  0.6858646  0.6889994  0.7111737  0.7106561  0.6879756  0.6673903  0.6721609  0.6658427  0.6525686  0.6610694  0.6645438  0.6779411  0.6786034  0.6847757  0.6910041  0.7001790  0.7038633  0.7205329  0.7141420  0.7048649
 4  0.4534606  0.4223056  0.4099372  0.4002908  0.4221235  0.4776881  0.4887891  0.4739191  0.5070351  0.5338240  0.5130400  0.4415880  0.4033426  0.4149157  0.4006081  0.4095590  0.4419319  0.4618337  0.4614973  0.4454822  0.4376824  0.4546232  0.4665161  0.5017171  0.5156968  0.4819392  0.4616689
 1  0.7294815  0.6844867  0.6445350  0.6242685  0.6208659  0.6337823  0.6524705  0.6807012  0.6834864  0.6852709  0.6786914  0.6711127  0.6544827  0.6378650  0.6667557  0.6668905  0.6672256  0.6702404  0.6798685  0.6797496  0.6719461  0.6832307  0.6875659  0.6848291  0.6724125  0.6558112  0.6365940
 2  0.5725402  0.5259815  0.5024381  0.4930872  0.4940206  0.5071284  0.5426668  0.5729814  0.5796434  0.5744527  0.5585455  0.5390754  0.5100992  0.5169282  0.5571519  0.5678307  0.5660443  0.5681784  0.5716768  0.5600036  0.5458835  0.5612348  0.5791710  0.5818882  0.5670083  0.5397692  0.5054485
 3  0.7525449  0.7105500  0.6692005  0.6456512  0.6391881  0.6503828  0.6679910  0.6994330  0.7039657  0.7051501  0.6982801  0.6897262  0.6725709  0.6533516  0.6847172  0.6876192  0.6870480  0.6898879  0.6997376  0.6996155  0.6895676  0.7001988  0.7074404  0.7059715  0.6938313  0.6762959  0.6551375
 4  0.4554746  0.4241928  0.4133419  0.4042208  0.4101347  0.4309392  0.4839759  0.5089727  0.5003692  0.4863133  0.4636361  0.4379345  0.4074615  0.4567590  0.5004975  0.4939328  0.4890007  0.4937780  0.4913283  0.4599060  0.4535036  0.4950011  0.5131631  0.5069229  0.4805981  0.4382451  0.4042582
 1  0.7294027  0.6819304  0.6460380  0.6339068  0.6441028  0.6505416  0.6548325  0.6514225  0.6435535  0.6483061  0.6516295  0.6760783  0.7015307  0.6849737  0.6678220  0.6623085  0.6670277  0.6747985  0.6738817  0.6767842  0.6847942  0.6836200  0.6834614  0.6845455  0.6878056  0.6823580  0.6785209
 2  0.5698543  0.5239712  0.5050978  0.5125782  0.5272809  0.5353665  0.5340221  0.5238301  0.5178413  0.5279729  0.5444666  0.5876573  0.6047998  0.5881458  0.5471208  0.5185539  0.5229123  0.5379821  0.5443583  0.5477667  0.5534057  0.5522954  0.5493681  0.5549311  0.5568721  0.5460826  0.5421741
 3  0.7524993  0.7084541  0.6708491  0.6541891  0.6628149  0.6689581  0.6727729  0.6700125  0.6606666  0.6660097  0.6699002  0.6922417  0.7249348  0.7084179  0.6874173  0.6793976  0.6829995  0.6923076  0.6923876  0.6939647  0.7028021  0.7018995  0.7010451  0.7023767  0.7064404  0.7007458  0.6952566
 4  0.4541562  0.4249877  0.4154755  0.4371522  0.4528399  0.4540155  0.4502343  0.4308709  0.4385273  0.4588592  0.4745028  0.5328749  0.5407567  0.4864652  0.4248672  0.4150567  0.4479183  0.4637969  0.4529631  0.4629681  0.4702645  0.4607512  0.4611420  0.4743046  0.4686001  0.4432991  0.4566137
 1  0.7272826  0.6766737  0.6395475  0.6270749  0.6318066  0.6354297  0.6591542  0.6952779  0.6782971  0.6551939  0.6369438  0.6360904  0.6660072  0.6679694  0.6646026  0.6689051  0.6740593  0.6756263  0.6754609  0.6787970  0.6806004  0.6835003  0.6956983  0.7095004  0.7015349  0.6898734  0.6813725
 2  0.5729577  0.5236270  0.5041343  0.5101127  0.5209483  0.5261003  0.5685694  0.5963222  0.5801265  0.5378024  0.4910087  0.4996930  0.5402083  0.5483330  0.5340761  0.5254389  0.5311561  0.5362231  0.5418388  0.5457315  0.5472252  0.5513793  0.5800229  0.5997591  0.5936312  0.5687025  0.5347867
 3  0.7510606  0.7033850  0.6644028  0.6477552  0.6506787  0.6540674  0.6739893  0.7164613  0.7018930  0.6760942  0.6546941  0.6503655  0.6828279  0.6877546  0.6827346  0.6853075  0.6907570  0.6932979  0.6930465  0.6964107  0.6985858  0.7009394  0.7125638  0.7304224  0.7237016  0.7095172  0.6988975
 4  0.4584400  0.4252542  0.4190015  0.4355568  0.4482893  0.4483446  0.5132207  0.5358076  0.4889653  0.4145059  0.3721930  0.4398328  0.4817040  0.4575086  0.4240943  0.4316554  0.4513837  0.4519036  0.4542263  0.4607514  0.4588410  0.4667657  0.5157198  0.5331308  0.5008970  0.4508667  0.4175058
 1  0.7263195  0.6763092  0.6309826  0.6094543  0.6102846  0.6243504  0.6308523  0.6300982  0.6497219  0.6756278  0.6956641  0.6876217  0.6792082  0.6853243  0.6795328  0.6725613  0.6808849  0.6885483  0.6914152  0.7041334  0.6926404  0.6872365  0.6766156  0.6769341  0.6839976  0.6790564  0.6630201
 2  0.5711790  0.5236523  0.4983748  0.4922015  0.5013529  0.5140209  0.5115647  0.5039291  0.5289021  0.5747135  0.5937077  0.5836798  0.5640673  0.5570807  0.5418346  0.5220895  0.5350072  0.5506748  0.5726461  0.5881323  0.5813624  0.5629515  0.5416238  0.5432803  0.5551918  0.5511941  0.5183441
 3  0.7502776  0.7032470  0.6561656  0.6308523  0.6285281  0.6420200  0.6494190  0.6470448  0.6652025  0.6924730  0.7171240  0.7095254  0.6978369  0.7037762  0.6985431  0.6891775  0.6965725  0.7064554  0.7085979  0.7242233  0.7136230  0.7065956  0.6948905  0.6936622  0.7023196  0.6986042  0.6815258
 4  0.4579942  0.4257769  0.4146829  0.4131823  0.4296266  0.4413566  0.4206877  0.4167022  0.4656940  0.5192839  0.5255687  0.4855618  0.4683213  0.4711362  0.4338568  0.4161879  0.4592214  0.4723263  0.5024278  0.5159743  0.4905887  0.4600012  0.4406551  0.4658403  0.4809378  0.4527998  0.3944462
 1  0.7283663  0.6828137  0.6343576  0.6095297  0.5979523  0.6277247  0.6603933  0.6659119  0.6758691  0.6788293  0.6698331  0.6725058  0.6771177  0.6728815  0.6470306  0.6294184  0.6764663  0.6556768  0.6406882  0.6475821  0.6594934  0.6534497  0.6608104  0.6665520  0.6651172  0.6808844  0.6790642
 2  0.5709641  0.5259476  0.4963357  0.4802580  0.4810248  0.5273329  0.5585601  0.5654539  0.5696255  0.5665797  0.5516889  0.5506555  0.5584079  0.5529730  0.5206613  0.5411772  0.5831884  0.5642550  0.5352139  0.5340718  0.5466226  0.5439850  0.5485990  0.5469777  0.5543622  0.5725378  0.5695442
 3  0.7517058  0.7089869  0.6591803  0.6314198  0.6156962  0.6423271  0.6794181  0.6852755  0.6946418  0.6992171  0.6891270  0.6900559  0.6959663  0.6925888  0.6667437  0.6430238  0.6975221  0.6802627  0.6607892  0.6644405  0.6781113  0.6730598  0.6794383  0.6853784  0.6822901  0.7002923  0.7005255
 4  0.4566222  0.4243291  0.4100360  0.3886431  0.4073990  0.4772802  0.4931509  0.4855510  0.4949254  0.4816774  0.4574198  0.4721054  0.4834021  0.4647579  0.4206908  0.4928305  0.5301668  0.4741259  0.4323416  0.4612959  0.4777416  0.4655755  0.4668950  0.4598301  0.4852196  0.5077685  0.4772200
 1  0.7305319  0.6896108  0.6420722  0.6166697  0.6272246  0.6461042  0.6621415  0.6545267  0.6482500  0.6473696  0.6692726  0.6798841  0.6780304  0.6807008  0.6832404  0.6920577  0.6849277  0.6792582  0.6741430  0.6756379  0.6807618  0.6787323  0.6730306  0.6731788  0.6777897  0.6949855  0.6976120
 2  0.5721984  0.5283647  0.4968087  0.4965414  0.5235469  0.5530683  0.5638457  0.5466110  0.5149368  0.4974983  0.5224068  0.5406003  0.5454088  0.5438079  0.5489393  0.5533276  0.5469206  0.5346959  0.5302061  0.5463364  0.5646083  0.5680868  0.5619735  0.5559486  0.5672382  0.5875891  0.5910370
 3  0.7533336  0.7150453  0.6665187  0.6369268  0.6449695  0.6640484  0.6824243  0.6755781  0.6670323  0.6629142  0.6844524  0.6974740  0.6955928  0.6983940  0.7004941  0.7095907  0.7032262  0.6967805  0.6910680  0.6927241  0.6995844  0.6989595  0.6927788  0.6923267  0.6954453  0.7143463  0.7191867
 4  0.4550996  0.4230248  0.4064682  0.4253536  0.4624174  0.4927690  0.4915361  0.4473265  0.3900409  0.4051357  0.4552027  0.4599443  0.4546778  0.4522970  0.4628437  0.4666354  0.4500486  0.4331894  0.4437941  0.4769713  0.4954605  0.4888765  0.4771374  0.4700169  0.4963695  0.5224402  0.5097319
 1  0.7307829  0.6860775  0.6474947  0.6401504  0.6705644  0.6686459  0.6546845  0.6659602  0.7071630  0.6980098  0.6763743  0.6659694  0.6580262  0.6557999  0.6727721  0.6780991  0.6767951  0.6768401  0.6969915  0.6894780  0.6730479  0.6644976  0.6677508  0.6660982  0.6626479  0.6566136  0.6598916
 2  0.5712566  0.5248832  0.5042661  0.5365046  0.5676778  0.5618453  0.5208090  0.5526488  0.6005850  0.6001151  0.5703826  0.5333780  0.4932467  0.4804505  0.5240470  0.5579102  0.5650003  0.5809741  0.5965621  0.5885589  0.5573312  0.5298734  0.5213507  0.5133479  0.5028446  0.4921304  0.5062606
 3  0.7532018  0.7115500  0.6718564  0.6586036  0.6907539  0.6902756  0.6735332  0.6780019  0.7277310  0.7220579  0.6981657  0.6848488  0.6751709  0.6700741  0.6876851  0.6965469  0.6967891  0.6950033  0.7184157  0.7121484  0.6935058  0.6822432  0.6847295  0.6832620  0.6793871  0.6726265  0.6751566
 4  0.4532831  0.4225278  0.4174400  0.4796360  0.5042532  0.4609985  0.3806341  0.4995637  0.5481288  0.5197646  0.4596496  0.4112988  0.3617890  0.3952277  0.4664156  0.4921336  0.4872702  0.5152661  0.5314161  0.4996277  0.4448145  0.4270205  0.4296043  0.4165508  0.3936463  0.3915401  0.4320122
 1  0.7288303  0.6817804  0.6363472  0.6140452  0.5893686  0.5511757  0.5963888  0.6687109  0.6744387  0.6794430  0.6804060  0.6747261  0.6670092  0.6751573  0.7055569  0.7072185  0.6848992  0.6658844  0.6475152  0.6716759  0.7139017  0.6897300  0.6551756  0.6359131  0.6474722  0.6393492  0.6332752
 2  0.5741911  0.5258759  0.4985772  0.4920870  0.4778107  0.4595047  0.5364846  0.5846377  0.5887271  0.5809878  0.5669085  0.5422564  0.5097227  0.5441743  0.5984682  0.6079922  0.5821197  0.5344070  0.4835243  0.5771037  0.6164450  0.6002083  0.5449738  0.4964745  0.5023462  0.4995684  0.4985321
 3  0.7523075  0.7080710  0.6612061  0.6353557  0.6086018  0.5684918  0.6067057  0.6888561  0.6969137  0.6998567  0.7004566  0.6937914  0.6838417  0.6887646  0.7245064  0.7310605  0.7079645  0.6853874  0.6637613  0.6814441  0.7388699  0.7159092  0.6777079  0.6528618  0.6628991  0.6581443  0.6502092
 4  0.4580154  0.4245422  0.4129122  0.4117795  0.4013609  0.3987936  0.4986103  0.5311044  0.5102356  0.4941959  0.4728835  0.4268786  0.3903030  0.4888645  0.5453296  0.5363882  0.4727137  0.3931463  0.3671311  0.5355794  0.5623551  0.5101275  0.4055565  0.3868075  0.4333707  0.4124148  0.4091449
 1  0.7302531  0.6859001  0.6460390  0.6263076  0.6224899  0.6368905  0.6519825  0.6544156  0.6526774  0.6705118  0.6945189  0.6851641  0.6730736  0.6748767  0.6784158  0.6860278  0.6828872  0.6869762  0.6752790  0.6604427  0.6522859  0.6488023  0.6576403  0.6770590  0.7027515  0.6894372  0.6666604
 2  0.5733499  0.5260023  0.5032656  0.4960524  0.4988878  0.5174319  0.5327435  0.5296887  0.5276607  0.5670697  0.5902262  0.5792637  0.5482368  0.5315153  0.5382774  0.5544666  0.5700889  0.5758897  0.5596145  0.5286026  0.5117937  0.5215347  0.5418709  0.5860645  0.6052589  0.5928813  0.5516760
 3  0.7529906  0.7113900  0.6703904  0.6477854  0.6408739  0.6533777  0.6697751  0.6728862  0.6696201  0.6863701  0.7157643  0.7071087  0.6917352  0.6917649  0.6950223  0.7036956  0.7016049  0.7073834  0.6963003  0.6790264  0.6689163  0.6660520  0.6754862  0.6933819  0.7256170  0.7129174  0.6870047
 4  0.4553468  0.4227668  0.4165259  0.4089223  0.4171321  0.4477233  0.4569622  0.4367996  0.4469070  0.5125960  0.5243819  0.4768973  0.4329531  0.4355201  0.4618453  0.4815634  0.4993235  0.4999880  0.4585329  0.4164528  0.4265976  0.4532827  0.4729220  0.5295825  0.5424230  0.4980342  0.4367995
 1  0.7306463  0.6839757  0.6420174  0.6234227  0.6227678  0.6284696  0.6509833  0.6687191  0.6949657  0.6850587  0.6679631  0.6606072  0.6861445  0.6948895  0.6801198  0.6659475  0.6529704  0.6551215  0.6659508  0.6712976  0.6711825  0.6840681  0.6796399  0.6888533  0.7000476  0.6759393  0.6566327
 2  0.5746519  0.5252001  0.5027368  0.5010634  0.5022308  0.5149753  0.5406636  0.5795087  0.5986924  0.5879015  0.5495752  0.5293846  0.5628922  0.5779284  0.5603254  0.5193596  0.4794256  0.4853202  0.5355059  0.5600505  0.5702065  0.5740712  0.5677936  0.5877968  0.5979376  0.5776038  0.5450404
 3  0.7534515  0.7097975  0.6666874  0.6447607  0.6419063  0.6450484  0.6680200  0.6855956  0.7170336  0.7083293  0.6885756  0.6767238  0.7024864  0.7154217  0.7007386  0.6841095  0.6688747  0.6694129  0.6816505  0.6914864  0.6908302  0.7035727  0.6995498  0.7059649  0.7228991  0.6996261  0.6762956
 4  0.4558021  0.4237556  0.4187591  0.4213294  0.4170733  0.4447790  0.4773036  0.5224178  0.5356360  0.4955640  0.4224152  0.4424619  0.5051207  0.5034750  0.4483008  0.3820399  0.3613407  0.4141809  0.4821676  0.4920106  0.4917824  0.4948522  0.4819162  0.5237133  0.5342575  0.4820873  0.4464840
 1  0.7306384  0.6854714  0.6480722  0.6293306  0.6280558  0.6287132  0.6375187  0.6692534  0.6960934  0.6879102  0.6724028  0.6747606  0.6731905  0.6757083  0.6689831  0.6674941  0.6613930  0.6794585  0.6771968  0.6673448  0.6680636  0.6765566  0.6790144  0.6722741  0.6627288  0.6709460  0.6820533
 2  0.5714296  0.5260166  0.5043412  0.4952262  0.4868011  0.4751127  0.4975802  0.5686080  0.5973404  0.5885683  0.5598629  0.5460543  0.5425517  0.5408036  0.5375905  0.5344202  0.5527615  0.5796104  0.5774725  0.5539051  0.5396148  0.5473739  0.5477791  0.5339547  0.5241911  0.5566502  0.5769642
 3  0.7535934  0.7116730  0.6727037  0.6505338  0.6468598  0.6452446  0.6514243  0.6842843  0.7179641  0.7106151  0.6918449  0.6928651  0.6912484  0.6935862  0.6870995  0.6853650  0.6779200  0.6998231  0.6999098  0.6872405  0.6850542  0.6942206  0.6977312  0.6905312  0.6791560  0.6874121  0.7030284
 4  0.4547070  0.4248329  0.4129130  0.4038266  0.3826493  0.3712822  0.4367231  0.5218198  0.5341349  0.4926708  0.4571562  0.4567638  0.4574051  0.4533879  0.4492949  0.4474001  0.4926874  0.5210847  0.4891041  0.4425422  0.4518885  0.4722177  0.4583256  0.4250335  0.4401707  0.5013204  0.5105747
 1  0.7298247  0.6827102  0.6473853  0.6458930  0.6807351  0.6748786  0.6613591  0.6582007  0.6662343  0.6799041  0.6719763  0.6633949  0.6802396  0.6815650  0.6778709  0.6726679  0.6707906  0.6686052  0.6789152  0.6771391  0.6786240  0.6931000  0.6951493  0.6937126  0.6969035  0.6957699  0.6879491
 2  0.5696666  0.5235318  0.5057488  0.5475692  0.5792278  0.5733003  0.5368806  0.5068372  0.5132509  0.5327950  0.5311160  0.5295187  0.5588954  0.5718732  0.5651011  0.5514682  0.5385540  0.5395452  0.5527737  0.5503626  0.5536590  0.5671819  0.5701632  0.5659973  0.5665624  0.5674080  0.5547078
 3  0.7525837  0.7089407  0.6720855  0.6634447  0.7017578  0.6970851  0.6803800  0.6749113  0.6813617  0.6965867  0.6907227  0.6794955  0.6974357  0.7020104  0.6982309  0.6916453  0.6887130  0.6859002  0.6970099  0.6962877  0.6957069  0.7110668  0.7145456  0.7115893  0.7150152  0.7145245  0.7068787
 4  0.4530319  0.4241191  0.4171569  0.4931081  0.5177069  0.4750495  0.4136453  0.3955795  0.4365824  0.4591213  0.4271237  0.4482459  0.4980551  0.4986869  0.4737568  0.4533971  0.4460945  0.4629386  0.4761474  0.4566129  0.4701871  0.4931597  0.4797151  0.4735847  0.4829701  0.4805822  0.4587206
 1  0.7291441  0.6867744  0.6529416  0.6363810  0.6134492  0.6123378  0.6572363  0.6836339  0.6683699  0.6713216  0.6549009  0.6412570  0.6543704  0.6751104  0.6735767  0.6702006  0.6720522  0.6712098  0.6736355  0.6692821  0.6771315  0.6735681  0.6763019  0.6698708  0.6644324  0.6521657  0.6367654
 2  0.5731839  0.5275537  0.5053286  0.4909769  0.4622937  0.4835161  0.5687036  0.5922037  0.5825352  0.5702072  0.5419659  0.5111314  0.5235655  0.5493807  0.5514284  0.5517578  0.5591878  0.5662745  0.5641331  0.5590965  0.5582045  0.5583306  0.5596089  0.5572580  0.5490340  0.5343576  0.5153147
 3  0.7522081  0.7123594  0.6769636  0.6575955  0.6322105  0.6261240  0.6714282  0.7069984  0.6910520  0.6922473  0.6758826  0.6594146  0.6700307  0.6925264  0.6927922  0.6882328  0.6905875  0.6911438  0.6941392  0.6882043  0.6959230  0.6924393  0.6952236  0.6894889  0.6839589  0.6715974  0.6554872
 4  0.4562852  0.4226940  0.4110404  0.3869406  0.3540361  0.4285587  0.5258971  0.5307908  0.5019475  0.4854912  0.4405271  0.4095297  0.4527578  0.4801103  0.4661099  0.4696705  0.4900021  0.4952003  0.4793333  0.4742658  0.4775699  0.4784354  0.4823766  0.4772204  0.4653723  0.4466976  0.4293188
