FL 2019 2020 2021 2022 2023 2024 2025 2026 2027 2028 2029 2030 2031 2032 2033 2034 2035 2036 2037 2038 2039 2040 2041 2042 2043 2044 2045
 1    4109.00    3559.25    3559.25    3436.82    3436.82    6572.87    6572.87   12801.56   12801.56    9875.25    9875.25    3393.85    3393.85    4587.20    4587.20    5204.43    5204.43    2995.61    2995.61    1015.94    1015.94    1939.01    1939.01    5240.93    5240.93   10483.70   10483.70
 2     783.00     677.95     677.95     654.63     654.63    1251.98    1251.98    2438.39    2438.39    1881.00    1881.00     646.45     646.45     873.75     873.75     991.32     991.32     570.59     570.59     193.51     193.51     369.34     369.34     998.27     998.27    1996.90    1996.90
 3    3537.00    5154.76    4927.02    6042.10    5170.63   12521.71   14227.10   13973.27    8689.53    5877.37    3787.35    4005.89    3948.47    4576.01    3009.34    2982.92    2982.92    2917.31    2917.31    2475.93    3703.42    6384.64    5963.72    6317.12    6891.23    8954.04    6319.97
 4    1379.00    1681.34    1302.57    2140.63    3706.76    4295.88    2594.48    2164.37    1199.95    1124.43     972.49    1164.47     892.82     798.15     740.31     930.68     930.68     584.59     584.59    1257.04    1321.88    1673.03    1561.21    2351.67    1887.35    1787.08     960.65
 1    4109.00    3542.15    3542.15    5635.01    5635.01    4349.73    4349.73    4559.94    4559.94    4591.82    4591.82    2527.14    2527.14    2605.22    2605.22    2352.50    2352.50    3509.35    3509.35   19324.54   19324.54    9850.30    9850.30    3353.20    3353.20    1239.08    1239.08
 2     783.00     674.70     674.70    1073.34    1073.34     828.52     828.52     868.56     868.56     874.63     874.63     481.36     481.36     496.23     496.23     448.10     448.10     668.45     668.45    3680.86    3680.86    1876.25    1876.25     638.70     638.70     236.02     236.02
 3    3537.00    4345.02    5136.96    5717.20    4619.22    4248.46    4677.09    5845.12    4952.94    5955.76    6036.68    5248.67    5406.27    5223.03    5424.19    6092.53    5033.31    7942.38    9991.73    9589.79    6730.16    3632.86    3829.81    3829.81    3829.81    3829.81    2361.08
 4    1379.00    1328.00    1263.81    1159.05    1107.15    1276.17    1340.79    1424.51    1466.12    1533.40    1164.28    1275.98    1143.29    1247.90    1177.29    1455.83    2631.20    2484.06    1832.61    1713.05    1255.35     961.81     782.72     782.72     782.72     782.72     761.04
 1    4109.00    5205.35    5205.35    5129.59    5129.59   10912.90   10912.90    5071.37    5071.37    3455.76    3455.76    4179.71    4179.71    2096.56    2096.56    5225.22    5225.22    4993.76    4993.76    4309.07    4309.07    6529.45    6529.45    2863.94    2863.94    4267.49    4267.49
 2     783.00     991.50     991.50     977.06     977.06    2078.65    2078.65     965.98     965.98     658.24     658.24     796.14     796.14     399.34     399.34     995.28     995.28     951.19     951.19     820.78     820.78    1243.70    1243.70     545.51     545.51     812.86     812.86
 3    3537.00    4941.71    4891.34    5055.78    5905.85    6565.73    4490.22    3504.76    4202.11    4248.70    3740.16    3460.99    3443.70    3905.96    4417.19    4810.29    3774.94    4644.47    4482.75    5242.12    4427.17    3744.93    2956.68    3148.27    4044.47    6448.50    6158.20
 4    1379.00    1354.01    1462.81    1570.28    1413.00    1239.85    1104.04    1014.62    1071.97     901.32     714.35    1068.93    1085.09     981.64    1165.36    1135.56    1115.47    1181.58    1189.64    1127.98     837.86     672.36     905.93    1557.83    1690.18    1537.84     932.76
 1    4109.00    1691.38    1691.38    6368.67    6368.67    4644.49    4644.49    2156.62    2156.62    2079.00    2079.00    3597.59    3597.59    4283.66    4283.66    5316.23    5316.23    8386.69    8386.69    5899.74    5899.74    8578.42    8578.42    8741.04    8741.04    4426.88    4426.88
 2     783.00     322.17     322.17    1213.08    1213.08     884.66     884.66     410.78     410.78     396.00     396.00     685.26     685.26     815.94     815.94    1012.62    1012.62    1597.46    1597.46    1123.76    1123.76    1633.98    1633.98    1664.96    1664.96     843.22     843.22
 3    3537.00    5392.40    5442.69    5677.56    5946.38    4483.94    4156.38    4289.72    5398.06    6776.57   10275.61    9573.55    9988.96   10889.81    9159.78    8015.19    7006.51    7365.19    6463.73    5573.52    5751.36    8620.00    7365.68    6114.26    4407.65    3780.60    3272.61
 4    1379.00    1567.46    1387.93    1318.09    1227.16     904.04     974.13    1368.35    2273.85    2249.11    2341.03    2497.44    2176.49    1875.57    1692.38    1549.41    1637.91    1563.61    1530.79    1676.92    2249.67    2184.14    1367.09    1018.25     818.68     882.80     831.18
 1    4109.00    3185.03    3185.03    4063.75    4063.75    7896.97    7896.97   16388.53   16388.53   15281.57   15281.57    3264.49    3264.49    2281.82    2281.82    8457.83    8457.83    7556.01    7556.01    3125.89    3125.89    8117.80    8117.80    7929.77    7929.77    1289.90    1289.90
 2     783.00     606.67     606.67     774.05     774.05    1504.18    1504.18    3121.62    3121.62    2910.78    2910.78     621.81     621.81     434.63     434.63    1611.02    1611.02    1439.24    1439.24     595.41     595.41    1546.25    1546.25    1510.43    1510.43     245.70     245.70
 3    3537.00    5047.88    5379.44    5791.94    5357.86    7026.00    7388.98    6910.95    6405.72    5254.47    4719.70    2553.36    2489.82    4211.11    5947.78    6601.04    5226.53    3768.72    3003.86    4872.51    5593.49    5442.09    3771.94    3223.45    3223.45    3223.45    2044.23
 4    1379.00    1297.89    1388.46    1641.16    1824.98    1930.76    2101.21    1751.53    1998.91    1302.42     800.78     796.69    1551.71    1558.78    1590.81    1298.83     956.81     884.78    1504.76    1470.07    1087.29     961.36     745.41     482.67     482.67     482.67     905.59
 1    4109.00    6033.26    6033.26    7369.36    7369.36    6423.19    6423.19    3306.53    3306.53    4945.71    4945.71    2888.42    2888.42    4146.45    4146.45    5158.23    5158.23    3187.34    3187.34    1597.60    1597.60    3145.30    3145.30    7993.52    7993.52    2309.08    2309.08
 2     783.00    1149.19    1149.19    1403.69    1403.69    1223.46    1223.46     629.82     629.82     942.04     942.04     550.18     550.18     789.80     789.80     982.52     982.52     607.11     607.11     304.30     304.30     599.10     599.10    1522.58    1522.58     439.82     439.82
 3    3537.00    5056.64    5308.93    4442.31    4489.17    4691.43    3381.58    2853.02    4388.21    6175.54    6223.57    4938.55    4125.55    4618.22    4695.77    4647.55    4173.63    3289.30    2947.60    2653.83    3350.85    3957.07    5666.47    5711.06    4676.46    4073.64    5406.61
 4    1379.00    1443.56    1514.79    1272.26    1163.17     933.05     979.96    1354.10    1716.48    1528.96     983.13     800.32     972.33    1077.77    1114.74     870.51     684.95     612.98     710.59     695.38    1240.33    1616.19    1363.04    1128.62    1342.11    1424.97    1303.69
 1    4109.00    5621.15    5621.15    2926.31    2926.31    3135.59    3135.59    2695.31    2695.31    2374.22    2374.22    1861.40    1861.40    1761.61    1761.61    7695.07    7695.07    3484.40    3484.40    2223.61    2223.61    4306.30    4306.30   10109.95   10109.95    6109.03    6109.03
 2     783.00    1070.70    1070.70     557.39     557.39     597.26     597.26     513.39     513.39     452.23     452.23     354.55     354.55     335.54     335.54    1465.73    1465.73     663.70     663.70     423.54     423.54     820.25     820.25    1925.70    1925.70    1163.62    1163.62
 3    3537.00    4544.74    4890.24    4879.05    5922.29    5423.80    4416.84    3739.43    3176.88    3176.88    3176.88    2794.90    3890.70    4796.20    5298.01    5388.16    3917.06    3363.00    2801.82    6036.48    8523.68   11146.98   10944.43   12101.48    9795.52    7288.50    5520.03
 4    1379.00    1412.02    1432.33    1447.35    1266.32     856.49     737.12     627.35     539.85     539.85     539.85    1174.82    1380.39    1291.26    1018.27     934.32     658.97     945.97    1945.11    2516.80    2590.20    3134.51    2624.37    2213.82    1613.57    1170.33     886.55
 1    4109.00     949.87     949.87    1292.21    1292.21    3381.84    3381.84    9442.82    9442.82    6412.56    6412.56   14188.94   14188.94    6890.73    6890.73    2670.82    2670.82    8421.80    8421.80   22230.52   22230.52   11735.26   11735.26    2025.87    2025.87    1967.66    1967.66
 2     783.00     180.93     180.93     246.14     246.14     644.16     644.16    1798.63    1798.63    1221.44    1221.44    2702.66    2702.66    1312.52    1312.52     508.73     508.73    1604.15    1604.15    4234.38    4234.38    2235.29    2235.29     385.88     385.88     374.79     374.79
 3    3537.00    4373.49    5018.17    5463.32    5397.68    4633.17    4142.99    5992.38    6779.69    7502.58    8900.78    8666.18    6727.84    4205.97    3573.46    3031.53    3846.20    9213.34   12180.43   10418.77    8013.13    5078.14    4068.95    2317.29    3107.16    3340.60    4964.72
 4    1379.00    1282.96    1259.79     969.59     834.05    1035.71    1785.44    2091.72    2499.97    2290.27    2090.97    1591.81    1138.22     777.98     780.11    1354.80    3007.70    3508.76    2632.67    2536.12    1800.67    1041.35     913.39     833.83    1151.87    1665.57    2193.80
 1    4109.00    5379.53    5379.53    8957.72    8957.72    5161.93    5161.93    1237.70    1237.70    5019.17    5019.17   10016.62   10016.62    6880.10    6880.10    3738.50    3738.50    1631.32    1631.32    1768.07    1768.07    2187.57    2187.57    3116.65    3116.65    7908.05    7908.05
 2     783.00    1024.67    1024.67    1706.23    1706.23     983.22     983.22     235.75     235.75     956.03     956.03    1907.93    1907.93    1310.50    1310.50     712.10     712.10     310.73     310.73     336.78     336.78     416.68     416.68     593.65     593.65    1506.30    1506.30
 3    3537.00    4683.70    5466.84    5251.59    3501.12    3166.30    3716.26    3589.49    5833.07    9470.26   11916.06   10927.14    8069.12    6487.98    5492.37    4206.90    3388.07    2692.66    3589.20    3636.84    3706.01    4670.49    4589.84    5734.18   14390.04   20603.51   21278.29
 4    1379.00    1475.96    1329.29    1099.81     939.97     983.41    1234.63    1793.41    2842.68    3151.14    2518.42    1883.38    1551.75    1190.29     773.00     655.09     646.87     969.85     900.12     927.28    1047.10    1034.56    1719.62    5102.20    6683.48    4879.75    3376.75
 1    4109.00    5736.19    5736.19    4124.27    4124.27    3843.38    3843.38    3890.96    3890.96    3044.58    3044.58    2861.17    2861.17    3075.07    3075.07    4023.10    4023.10    9094.01    9094.01    7419.26    7419.26    8122.88    8122.88    2049.43    2049.43    2353.89    2353.89
 2     783.00    1092.61    1092.61     785.58     785.58     732.07     732.07     741.14     741.14     579.92     579.92     544.98     544.98     585.73     585.73     766.30     766.30    1732.19    1732.19    1413.19    1413.19    1547.22    1547.22     390.37     390.37     448.36     448.36
 3    3537.00    4250.98    4447.54    4912.07    6167.76    6304.56    6098.62    4015.42    3728.91    3538.53    3708.64    4106.69    4205.97    4023.06    4773.40    5554.21    8053.81    9081.15    7984.81    6056.50    4072.30    3262.89    2487.94    2221.52    2428.06    3244.54    4115.19
 4    1379.00    1346.22    1470.71    1971.85    1463.73     920.80     827.14     744.53     766.44     891.14     955.91     804.65     928.23    1371.74    1809.06    2402.14    2468.10    1839.57    1158.86     791.00     681.56     761.02     647.04     723.66    1047.43     902.75     902.63
 1    4109.00    2409.79    2409.79    3264.95    3264.95    4547.93    4547.93    5623.00    5623.00    4832.98    4832.98    3723.72    3723.72    9034.41    9034.41    8595.05    8595.05    8358.04    8358.04    4472.16    4472.16    6358.97    6358.97    3813.81    3813.81    5024.71    5024.71
 2     783.00     459.01     459.01     621.90     621.90     866.27     866.27    1071.05    1071.05     920.57     920.57     709.28     709.28    1720.84    1720.84    1637.15    1637.15    1592.01    1592.01     851.84     851.84    1211.23    1211.23     726.44     726.44     957.09     957.09
 3    3537.00    4175.65    5284.27    5728.92    5456.78    5463.91    5587.95    6253.31    5775.24    4192.77    4391.16    4382.30    5591.80    8419.05    8194.01    8050.74    8258.52    6742.24    6428.53    6644.28    5581.41    5063.48    4014.93    4026.74    3784.30    3632.10    3026.04
 4    1379.00    1346.39    1297.65    1280.90    1242.51    1264.27    1588.43    1220.96     913.14     951.40    1037.67    2304.82    2193.61    2378.68    2337.37    1756.72    1698.41    1708.56    1459.02    1242.37     973.11    1061.47     956.95     878.54     686.96     765.86    1353.14
 1    4109.00    3878.03    3878.03    5500.57    5500.57    5999.99    5999.99    5083.85    5083.85    3049.20    3049.20    2645.41    2645.41    6974.35    6974.35   11805.49   11805.49    8809.88    8809.88    3259.87    3259.87    5283.89    5283.89    9299.14    9299.14   13155.91   13155.91
 2     783.00     738.67     738.67    1047.73    1047.73    1142.86    1142.86     968.35     968.35     580.80     580.80     503.89     503.89    1328.45    1328.45    2248.66    2248.66    1678.07    1678.07     620.93     620.93    1006.46    1006.46    1771.26    1771.26    2505.89    2505.89
 3    3537.00    4030.61    4871.21    5698.97    5235.63    5037.12    4083.54    2878.98    2556.12    2457.03    3034.16    5113.29    7069.24   10389.15    9958.32    9174.09    8045.45    4508.14    4253.71    4390.45    5797.02    6833.85    7062.17    7116.59   10514.79   11760.75   11350.00
 4    1379.00    1314.87    1438.09    1475.79    1173.21     960.70     657.16     591.34     785.40     880.92    1496.73    2375.93    3078.23    2592.12    1869.07    1519.77    1356.59    1253.49    1312.26    1600.17    1779.21    1684.99    2267.15    3498.78    3335.25    3221.10    2947.98
 1    4109.00    4081.77    4081.77    2702.70    2702.70    2875.03    2875.03    2138.14    2138.14    4414.87    4414.87    3997.22    3997.22    4042.96    4042.96    2135.36    2135.36    3593.44    3593.44    2998.84    2998.84    4040.65    4040.65    6692.07    6692.07    5265.41    5265.41
 2     783.00     777.48     777.48     514.80     514.80     547.62     547.62     407.26     407.26     840.93     840.93     761.38     761.38     770.09     770.09     406.74     406.74     684.46     684.46     571.21     571.21     769.65     769.65    1274.68    1274.68    1002.94    1002.94
 3    3537.00    3828.83    3911.20    4282.94    4534.46    6232.05    7261.92    6119.37    6119.37    4484.68    3079.00    3359.09    2899.84    2886.72    2834.78    2576.25    2681.04    2394.40    4545.93    5534.87    5010.08    4429.73    4063.65    3472.70    3355.15    4700.70    7938.05
 4    1379.00    1099.77    1149.28    1049.78    1828.66    1816.44    1494.30     992.08     992.08     553.83     651.94     760.60     725.28     624.76     687.13     581.61     698.52    1193.60    1559.66    1121.91     903.70     841.85     797.34     911.31    1632.22    2941.94    2689.46
 1    4109.00    5537.53    5537.53    9558.78    9558.78    6667.12    6667.12   10168.16   10168.16    5765.76    5765.76    6502.19    6502.19    8790.47    8790.47    4528.06    4528.06    2506.81    2506.81    5469.62    5469.62   13477.46   13477.46    6742.89    6742.89    2647.26    2647.26
 2     783.00    1054.77    1054.77    1820.72    1820.72    1269.93    1269.93    1936.79    1936.79    1098.24    1098.24    1238.51    1238.51    1674.38    1674.38     862.49     862.49     477.49     477.49    1041.83    1041.83    2567.14    2567.14    1284.36    1284.36     504.24     504.24
 3    3537.00    4358.80    4681.63    4635.19    3803.42    3215.87    3994.97    5100.50    4275.54    3488.42    3789.13    5321.91    6168.16    5728.71    4752.12    4011.12    3979.71    5977.66    6780.07   10397.40   11754.65    9327.36    6657.44    4495.79    3142.14    3438.29    3023.47
 4    1379.00    1256.57    1276.68    1058.09    1080.14    1362.45    1542.39    1379.53     906.48    1131.73    1669.01    2025.47    1719.18    1246.79    1015.01    1312.00    1685.59    1958.04    2848.21    3215.72    2193.84    1362.42     877.17     774.12     791.77     787.44     642.70
 1    4109.00    4914.76    4914.76    4638.02    4638.02    3734.35    3734.35    3515.82    3515.82    3413.26    3413.26     766.46     766.46    5792.09    5792.09    4578.88    4578.88    5209.05    5209.05    4072.07    4072.07    2958.65    2958.65    1725.57    1725.57    2928.16    2928.16
 2     783.00     936.14     936.14     883.43     883.43     711.30     711.30     669.68     669.68     650.14     650.14     145.99     145.99    1103.26    1103.26     872.17     872.17     992.20     992.20     775.63     775.63     563.55     563.55     328.68     328.68     557.74     557.74
 3    3537.00    3539.99    4336.71    4526.09    5073.92    5754.59    6123.05    6123.05    6123.05    6123.05    1785.52    2833.48    7357.99    9858.31    7781.54    6081.35    4974.59    3961.60    3390.90    3324.68    4312.40    4604.05    4077.73    3959.43    4151.41    4731.56    6360.31
 4    1379.00    1102.80    1318.66    1486.24    1691.93    1297.28     922.02     922.02     922.02     922.02    1218.20    2108.57    2257.45    1702.70    1154.79     738.87     737.37     764.95     947.01    1177.76    1221.27     961.60     761.62     918.37    1141.15    1588.32    1855.57
 1    4109.00    4494.80    4494.80    2855.16    2855.16    6811.27    6811.27    8309.07    8309.07    7232.15    7232.15    6871.33    6871.33    6670.36    6670.36    4082.23    4082.23    5939.93    5939.93   11076.45   11076.45   13986.13   13986.13    7714.48    7714.48    6474.93    6474.93
 2     783.00     856.15     856.15     543.84     543.84    1297.38    1297.38    1582.68    1582.68    1377.55    1377.55    1308.82    1308.82    1270.54    1270.54     777.57     777.57    1131.42    1131.42    2109.80    2109.80    2664.02    2664.02    1469.42    1469.42    1233.32    1233.32
 3    3537.00    4445.22    4753.87    4809.08    4640.33    5140.18    4786.24    4831.24    5562.19    5029.41    5839.58    7197.40    6216.43    5621.32    5137.06    4429.43    6059.09   13166.61   15998.27   15190.62   11305.89    7631.57    5080.97    4659.79    5162.10    5891.87    7123.72
 4    1379.00    1427.09    1271.92    1097.97    1221.48    1422.21    1594.72    1484.45    1562.53    1888.16    2083.64    1624.80    1299.96    1274.45    1305.95    1988.67    4350.54    4941.74    3458.30    2145.47    1290.88    1082.00    1332.18    1762.38    2129.46    2151.42    2862.69
 1    4109.00    5696.92    5696.92    3487.64    3487.64    5535.22    5535.22    3306.53    3306.53    2379.76    2379.76    2698.54    2698.54    3214.60    3214.60   10098.40   10098.40   11751.43   11751.43   10315.07   10315.07   11732.49   11732.49    3071.84    3071.84    1997.69    1997.69
 2     783.00    1085.13    1085.13     664.31     664.31    1054.33    1054.33     629.82     629.82     453.29     453.29     514.01     514.01     612.30     612.30    1923.50    1923.50    2238.37    2238.37    1964.78    1964.78    2234.76    2234.76     585.11     585.11     380.51     380.51
 3    3537.00    4407.69    4526.41    4999.89    5074.78    5411.69    5464.50    5489.71    4196.39    5234.34    5675.76    5694.16    5423.46    6145.08   11160.00   12832.74   10420.45    7486.29    5475.71    7645.99    6786.37    4856.68    3712.82    2577.60    2178.36    2799.58    4609.50
 4    1379.00    1326.16    1246.46    1345.52    1474.26    1489.01    1076.03    1016.60    1045.16    1288.09    1286.06    1138.88    1941.10    3450.90    3222.19    2055.17    1596.59    2028.11    1938.19    1959.72    1189.51     960.32     764.71     622.98     963.65    1010.72     936.08
 1    4109.00    3259.87    3259.87    5048.74    5048.74    4908.75    4908.75    8908.75    8908.75    6337.25    6337.25    3287.59    3287.59    5569.87    5569.87    3467.31    3467.31    4122.89    4122.89    5416.95    5416.95    5288.05    5288.05    7815.65    7815.65    4861.16    4861.16
 2     783.00     620.93     620.93     961.66     961.66     935.00     935.00    1696.90    1696.90    1207.10    1207.10     626.21     626.21    1060.93    1060.93     660.44     660.44     785.31     785.31    1031.80    1031.80    1007.25    1007.25    1488.70    1488.70     925.94     925.94
 3    3537.00    5730.95    5774.47    6201.12    6642.05    6950.85    6811.18    7751.65    5852.23    3844.05    2762.45    3991.53    4328.15    4005.83    5227.28    5076.95    6253.21    6468.38    5348.26    6134.86    8481.84   10050.53   10184.16    9675.96    6912.69    5087.45    7001.42
 4    1379.00    1578.74    1511.70    1847.85    1740.84    1889.45    1758.02    1242.72     783.29     807.93    1115.52    1173.32    1069.10    1349.88    1493.53    1616.42    1580.95    1301.67    1555.02    2737.08    2686.43    2307.42    1729.28    1261.74    1171.95    2009.43    2143.31
 1    4109.00    4582.58    4582.58   12915.67   12915.67    3379.99    3379.99    2601.52    2601.52    2153.38    2153.38    2115.96    2115.96    3604.99    3604.99    2218.99    2218.99    2947.56    2947.56    1811.96    1811.96    2692.54    2692.54    1579.12    1579.12    2037.88    2037.88
 2     783.00     872.87     872.87    2460.13    2460.13     643.81     643.81     495.53     495.53     410.17     410.17     403.04     403.04     686.66     686.66     422.66     422.66     561.44     561.44     345.14     345.14     512.86     512.86     300.78     300.78     388.17     388.17
 3    3537.00    4905.32    4709.07    5213.26    3400.50    3400.50    2067.28    2521.76    2554.55    2496.58    2907.91    3880.52    4059.77    3796.96    3261.80    3680.94    4046.66    4642.39    3985.47    4468.78    4468.78    4175.43    3413.60    2804.21    3398.90    4071.10    5367.25
 4    1379.00    1424.50    1237.59     863.27     617.45     617.45     747.67     671.43     613.82     784.64    1029.57     923.59     738.87     815.36     953.50    1100.48     898.89     898.56     898.21     976.61     976.61     531.29     640.94     852.22    1100.69    1355.43    1457.83
 1    4109.00    3646.57    3646.57    6152.45    6152.45    6509.58    6509.58    7445.13    7445.13    1566.18    1566.18    4089.16    4089.16    6431.50    6431.50   12838.06   12838.06   15018.70   15018.70    6081.31    6081.31    8082.69    8082.69    3811.04    3811.04    1988.45    1988.45
 2     783.00     694.58     694.58    1171.90    1171.90    1239.92    1239.92    1418.12    1418.12     298.32     298.32     778.89     778.89    1225.05    1225.05    2445.34    2445.34    2860.70    2860.70    1158.34    1158.34    1539.56    1539.56     725.91     725.91     378.75     378.75
 3    3537.00    4403.39    4618.97    5025.02    5888.07    7796.88    6625.00    5067.78    3553.29    3573.54    6873.76    8216.79    7329.97    5928.74    7212.17    8535.52    7090.41    5465.50    3808.52    2416.15    3627.47    3903.87    3129.50    2306.66    2351.06    2550.88    2483.30
 4    1379.00    1316.46    1380.22    1719.50    2024.93    1691.62     933.49     746.86    1144.32    2198.41    2190.84    1641.84    1293.59    1677.56    2142.02    1935.48    1591.73    1196.53     977.19    1332.79    1162.96     941.69     704.28     540.10     654.98     796.55    1075.37
 1    4109.00    3838.30    3838.30    4152.92    4152.92    1875.72    1875.72    2906.44    2906.44    2480.94    2480.94    6225.91    6225.91    8272.11    8272.11   10654.18   10654.18    7763.45    7763.45    3409.56    3409.56    1783.78    1783.78    5202.12    5202.12    4597.36    4597.36
 2     783.00     731.10     731.10     791.03     791.03     357.28     357.28     553.61     553.61     472.56     472.56    1185.89    1185.89    1575.64    1575.64    2029.37    2029.37    1478.75    1478.75     649.44     649.44     339.77     339.77     990.88     990.88     875.69     875.69
 3    3537.00    4949.24    5274.55    5072.03    4735.86    5078.70    4262.09    5580.26    5484.73    7790.02    8567.22   10722.49    9774.93   10437.25    8037.66    6763.39    4902.24    3803.80    2108.32    2285.85    3081.78    4109.91    5228.55    5004.26    4990.72    4701.59    7147.88
 4    1379.00    1260.11    1346.88    1131.02    1077.45    1085.88    1243.80    1576.13    2257.99    2531.40    2046.45    2477.71    2034.02    1862.82    1441.92    1054.96     731.89     690.08     909.87     916.67    1457.32    1175.07    1133.51    1045.19    1393.00    2017.08    2485.18
 1    4109.00    4263.80    4263.80    3728.80    3728.80    3079.23    3079.23    7906.67    7906.67    1279.28    1279.28    3441.44    3441.44    7404.01    7404.01    5643.33    5643.33    2924.00    2924.00    3478.86    3478.86    3616.07    3616.07    2947.56    2947.56    2401.48    2401.48
 2     783.00     812.15     812.15     710.25     710.25     586.52     586.52    1506.03    1506.03     243.67     243.67     655.51     655.51    1410.29    1410.29    1074.92    1074.92     556.95     556.95     662.64     662.64     688.78     688.78     561.44     561.44     457.42     457.42
 3    3537.00    4990.99    5530.17    6156.84    6053.18    5545.49    5380.51    6029.31    3656.85    3820.88    4537.04    6147.45    7307.54    6793.29    5140.82    4221.63    3578.42    2967.41    3156.03    3347.36    3471.38    4589.24    5562.83    6490.84    5546.58    4712.91    4239.02
 4    1379.00    1528.85    1346.89    1398.33    1518.56    1454.25    1072.07     952.70     986.63    1090.18    1734.99    1805.25    1430.89    1115.37     854.05     765.61     707.27     870.15     976.18     934.74    1210.07    1642.92    1434.24    1169.25     817.80     800.29     987.94
 1    4109.00    3623.00    3623.00    8893.50    8893.50   19693.67   19693.67    9402.16    9402.16    9672.43    9672.43   15653.02   15653.02    6733.65    6733.65   10586.73   10586.73    5538.46    5538.46    3883.11    3883.11    1829.52    1829.52    5647.03    5647.03    5536.61    5536.61
 2     783.00     690.10     690.10    1694.00    1694.00    3751.18    3751.18    1790.89    1790.89    1842.37    1842.37    2981.53    2981.53    1282.60    1282.60    2016.52    2016.52    1054.94    1054.94     739.64     739.64     348.48     348.48    1075.62    1075.62    1054.59    1054.59
 3    3537.00    4720.10    4566.35    5563.21    5919.90    6214.27    3303.02    4125.20    4420.82    3593.05    4230.55    4101.24    3444.38    2509.86    3685.71    6801.38    8631.87    6474.93    5725.25    5016.10    5040.69    4310.84    4666.20    5246.36    5109.43    4780.32    3747.86
 4    1379.00    1302.66    1418.78    1839.03    1612.23    1527.47    1714.28    1698.27    1274.25    1251.32    1529.63    1341.68    1181.82    1573.96    2576.08    2384.31    1823.30    1257.95    1089.05    1008.71    1007.11    1030.28    1214.76    1136.35     986.78     828.95    1031.67
 1    4109.00    4445.36    4445.36    4149.22    4149.22    2876.41    2876.41    2567.33    2567.33    3323.17    3323.17    4892.12    4892.12    2840.38    2840.38    2822.82    2822.82    7151.76    7151.76   29116.63   29116.63   26728.55   26728.55    8525.29    8525.29    3552.32    3552.32
 2     783.00     846.74     846.74     790.33     790.33     547.89     547.89     489.02     489.02     632.98     632.98     931.83     931.83     541.02     541.02     537.68     537.68    1362.24    1362.24    5546.02    5546.02    5091.15    5091.15    1623.86    1623.86     676.63     676.63
 3    3537.00    4680.33    5922.03    5257.05    5411.26    3689.13    3831.80    4707.90    4686.92    5147.31    4629.22    3475.64    3208.64    3100.98    3832.16    5979.47    8554.43   13414.39   21866.60   32608.46   26061.97   14633.84    9987.94    5517.36    4307.39    4531.55    5908.91
 4    1379.00    1396.00    1346.05     967.06     889.64    1059.27    1043.58    1099.15    1117.75     932.95     755.46     702.51     967.09    1094.47    2130.92    2325.69    4715.96    8937.34    8804.57    7073.65    3697.39    1632.63    1271.74    1080.08    1334.52    1496.06    1970.88
 1    4109.00    3956.57    3956.57    4954.03    4954.03    6761.83    6761.83    8783.54    8783.54    2167.24    2167.24    1532.92    1532.92    3783.32    3783.32    5778.70    5778.70    6432.43    6432.43    6139.98    6139.98    6042.04    6042.04    9211.82    9211.82    5291.75    5291.75
 2     783.00     753.63     753.63     943.62     943.62    1287.97    1287.97    1673.06    1673.06     412.81     412.81     291.98     291.98     720.63     720.63    1100.70    1100.70    1225.22    1225.22    1169.52    1169.52    1150.86    1150.86    1754.63    1754.63    1007.95    1007.95
 3    3537.00    5811.11    5646.88    5931.90    5740.02    6325.18    6077.69    4776.92    3752.78    2796.81    2810.40    3994.11    5452.93    6042.49    6599.90    4974.41    5327.76    7175.31    6387.31    5908.53    5208.33    4460.56    8985.46   12311.67    9579.01    6945.55    5093.05
 4    1379.00    1568.20    1499.80    1731.98    1518.03    1450.00    1209.34     810.76     671.21     845.81    1041.65    1660.68    1591.82    1256.21    1209.33    1728.24    1819.75    1694.74    1181.17    1171.06    1548.13    3126.89    2857.12    2026.40    1280.53     960.47     784.40
 1    4109.00    2627.39    2627.39    3505.19    3505.19    7330.09    7330.09    1977.36    1977.36    2334.49    2334.49    2336.80    2336.80    5659.04    5659.04    3266.80    3266.80    3581.89    3581.89    3637.79    3637.79    3093.55    3093.55    3257.10    3257.10    1316.70    1316.70
 2     783.00     500.46     500.46     667.66     667.66    1396.21    1396.21     376.64     376.64     444.66     444.66     445.10     445.10    1077.91    1077.91     622.25     622.25     682.26     682.26     692.91     692.91     589.25     589.25     620.40     620.40     250.80     250.80
 3    3537.00    4989.93    5735.78    5746.34    5989.21    4412.44    3299.24    2726.25    3791.30    3801.15    5002.24    5450.47    7740.31    9977.84    9378.86    8041.17    6922.72    6896.34    5801.08    4861.13    4510.39    3974.60    4821.12    5069.86    4321.87    4381.96    4069.20
 4    1379.00    1448.89    1382.65    1257.33     982.24     644.57     728.50     961.85    1138.34    1290.47    1641.19    2424.55    2421.63    2116.88    1811.21    1564.32    1205.02    1160.25    1005.14     894.36     963.12    1188.06    1013.25     755.94     994.21     883.93     745.08
 1    4109.00    2562.71    2562.71    4112.72    4112.72    5127.28    5127.28    2756.75    2756.75    3341.65    3341.65    2727.65    2727.65    3230.77    3230.77    4091.47    4091.47    3205.82    3205.82    3259.87    3259.87    1164.24    1164.24    2183.87    2183.87    3572.65    3572.65
 2     783.00     488.14     488.14     783.38     783.38     976.62     976.62     525.10     525.10     636.50     636.50     519.55     519.55     615.38     615.38     779.33     779.33     610.63     610.63     620.93     620.93     221.76     221.76     415.98     415.98     680.50     680.50
 3    3537.00    4683.78    5096.07    5339.69    5552.86    5204.33    5183.89    4496.35    3961.48    4291.83    4131.44    5948.45    7122.07    7442.01    6144.50    4660.15    4451.06    4496.24    4454.44    4317.11    4174.23    3961.90    4623.36    4512.90    4673.14    5641.71    7075.24
 4    1379.00    1306.80    1293.95    1225.31    1438.83    1184.93     996.08     867.52     833.71    1043.37    1801.79    1959.00    1464.02    1015.76     739.40     940.84    1043.43     966.49     971.16     996.01     943.79     979.76     859.36    1112.47    1486.29    1719.00    1539.23
 1    4109.00    3336.56    3336.56    3489.95    3489.95    6141.37    6141.37    6938.78    6938.78    4258.72    4258.72    5389.23    5389.23    3319.01    3319.01    5074.61    5074.61    3706.63    3706.63    2240.70    2240.70    3111.57    3111.57    8756.29    8756.29   10272.57   10272.57
 2     783.00     635.54     635.54     664.75     664.75    1169.78    1169.78    1321.67    1321.67     811.18     811.18    1026.52    1026.52     632.19     632.19     966.59     966.59     706.02     706.02     426.80     426.80     592.68     592.68    1667.86    1667.86    1956.68    1956.68
 3    3537.00    4417.77    4926.63    5168.50    5993.98    8386.63   10528.53    9547.36    7134.80    5319.16    5012.93    4213.52    5086.45    5233.80    4969.50    4311.99    3415.55    3114.80    3732.39    5002.99    7534.90    9837.88   10032.78   11026.29   10187.16    6998.73    4725.47
 4    1379.00    1436.72    1440.52    1745.86    2143.86    2765.30    2256.81    1320.18    1026.39    1192.85    1065.33    1120.70    1422.21    1104.87     748.07     635.91     748.83    1108.45    1773.99    2557.82    2377.92    2425.07    2321.48    1998.01    1346.14    1008.23     762.85
 1    4109.00    3073.22    3073.22    7136.98    7136.98    4679.60    4679.60    3227.53    3227.53    2142.76    2142.76    6604.29    6604.29    5730.19    5730.19    2872.25    2872.25    4912.91    4912.91    5972.74    5972.74    8948.48    8948.48    6759.06    6759.06    2824.67    2824.67
 2     783.00     585.38     585.38    1359.42    1359.42     891.35     891.35     614.77     614.77     408.14     408.14    1257.96    1257.96    1091.46    1091.46     547.10     547.10     935.79     935.79    1137.66    1137.66    1704.47    1704.47    1287.44    1287.44     538.03     538.03
 3    3537.00    4872.39    4946.33    5567.44    4651.06    4793.29    3933.39    3924.83    4444.87    5785.30    6797.29    6953.08    5894.65    4616.42    4229.13    4215.18    4736.79    4931.72    6004.61    7443.80    9135.14    9479.36    8677.72    6963.17    6322.95    5978.80    7252.87
 4    1379.00    1476.09    1228.52    1168.23    1012.99    1014.55    1024.32    1457.46    1579.33    1736.50    1538.33    1241.12     879.68     946.64    1263.65    1108.81    1179.31    1767.06    2416.56    2332.24    2150.05    2204.64    1703.55    1182.82    1691.41    1923.40    1813.38
 1    4109.00    4766.45    4766.45    3872.48    3872.48    6710.55    6710.55    2272.12    2272.12    1299.14    1299.14    4128.43    4128.43    8384.84    8384.84    4558.09    4558.09    1232.15    1232.15    5152.69    5152.69   11988.90   11988.90    3801.34    3801.34    6779.85    6779.85
 2     783.00     907.90     907.90     737.62     737.62    1278.20    1278.20     432.78     432.78     247.46     247.46     786.37     786.37    1597.11    1597.11     868.21     868.21     234.70     234.70     981.46     981.46    2283.60    2283.60     724.06     724.06    1291.40    1291.40
 3    3537.00    5621.60    5480.38    6164.07    5790.04    3661.41    3102.07    2404.61    2592.65    3205.38    6284.98    6862.94    6336.38    5109.68    3545.86    2813.85    2644.00    4468.63    5931.78    6244.15    5726.24    5015.82    4262.25    3406.36    3069.26    6024.51    9308.99
 4    1379.00    1543.03    1303.62    1130.52     865.47     607.20     566.74     705.86    1091.47    1552.06    1649.10    1098.00     969.63     832.41     633.15     863.73    1194.35    1520.63    1504.69    1270.37    1022.45    1157.17    1231.51    1190.26    2018.59    3012.61    3227.72
 1    4109.00    3891.89    3891.89    4841.30    4841.30    3369.83    3369.83    7057.05    7057.05    8319.23    8319.23    2324.78    2324.78    2534.53    2534.53    3458.07    3458.07    6937.39    6937.39   10736.88   10736.88    7936.70    7936.70    4051.28    4051.28    2495.72    2495.72
 2     783.00     741.31     741.31     922.15     922.15     641.87     641.87    1344.20    1344.20    1584.62    1584.62     442.82     442.82     482.77     482.77     658.68     658.68    1321.41    1321.41    2045.12    2045.12    1511.75    1511.75     771.67     771.67     475.38     475.38
 3    3537.00    4071.94    4473.78    5106.93    4751.08    4079.27    5212.80    6105.78    6366.25    5811.36    4174.75    2978.33    3354.19    3160.47    3656.69    5158.49    7419.64   10464.89   10787.65    8341.58    5971.43    5009.96    5242.87    5241.48    4589.65    4186.42    4799.73
 4    1379.00    1227.75    1069.57     960.26    1070.69    1455.57    2131.25    1822.40    1182.89     810.57     844.79     644.10     781.68    1061.94    1541.11    2243.94    3024.11    2710.46    1828.20    1477.63    1455.77    1349.82    1389.66    1038.82     992.71     970.11    1059.77
 1    4109.00    4727.18    4727.18    2624.16    2624.16    3601.29    3601.29    3744.05    3744.05    2164.01    2164.01    4354.35    4354.35    4499.42    4499.42    5224.30    5224.30    3489.49    3489.49    2935.55    2935.55    1253.87    1253.87    3124.97    3124.97    3008.08    3008.08
 2     783.00     900.42     900.42     499.84     499.84     685.96     685.96     713.15     713.15     412.19     412.19     829.40     829.40     857.03     857.03     995.10     995.10     664.66     664.66     559.15     559.15     238.83     238.83     595.23     595.23     572.97     572.97
 3    3537.00    5725.73    5878.57    5698.98    5358.99    6248.89    5409.06    5191.74    4370.29    7428.46    8399.17    8949.56    8651.16    8637.85    7586.78    8260.57    7475.38    6886.61    6071.24    4877.30    3583.69    3285.88    4324.94    4241.33    4239.86    3444.73    4612.59
 4    1379.00    1549.55    1506.98    1414.60    1190.88    1271.56    1069.86    1233.57    1867.36    2155.54    1831.29    2351.98    2019.21    1733.51    1773.68    1909.77    1410.38     961.71     806.92     682.35     591.20     893.91    1013.86     785.53     871.24    1321.86    1248.00
 1    4109.00   13289.43   13289.43    6644.48    6644.48    4560.86    4560.86    2636.63    2636.63    2698.08    2698.08    4881.03    4881.03    6061.44    6061.44    4003.23    4003.23    4296.60    4296.60   11108.79   11108.79    4601.52    4601.52    8640.79    8640.79    7672.43    7672.43
 2     783.00    2531.32    2531.32    1265.62    1265.62     868.74     868.74     502.22     502.22     513.92     513.92     929.72     929.72    1154.56    1154.56     762.52     762.52     818.40     818.40    2115.96    2115.96     876.48     876.48    1645.86    1645.86    1461.42    1461.42
 3    3537.00    5073.22    3928.67    3128.45    3061.26    2162.14    2426.26    2066.50    3612.86    4654.16    4585.23    4951.56    4982.58    5899.92    5851.78    5248.79    4294.98    5304.61    6459.10    6130.91    5259.60    3813.82    7847.39   11657.36    9249.33    5742.44    4642.88
 4    1379.00    1461.58    1110.98     768.29     773.79     683.08     761.28    1141.18    1166.03    1157.98    1201.59    1534.03    1701.35    1504.20    1143.90     873.92    1328.24    1830.39    1457.81    1121.41    1567.66    2997.69    2893.42    2053.74    1148.36     757.14     831.08
 1    4109.00    1907.60    1907.60    2801.57    2801.57    6142.75    6142.75    6443.05    6443.05    8111.80    8111.80   13402.62   13402.62    7036.72    7036.72     821.44     821.44     495.26     495.26    2171.40    2171.40    6394.54    6394.54    7885.88    7885.88    5218.29    5218.29
 2     783.00     363.35     363.35     533.63     533.63    1170.05    1170.05    1227.25    1227.25    1545.10    1545.10    2552.88    2552.88    1340.33    1340.33     156.46     156.46      94.34      94.34     413.60     413.60    1218.01    1218.01    1502.07    1502.07     993.96     993.96
 3    3537.00    4565.26    4922.13    6145.77    8055.10    8304.45    7713.81    7800.29    7579.67    6650.62    7115.26    5604.09    3534.61    3534.61    3534.61    3534.61     905.57    2574.05    6166.26    7505.21    9341.93    9021.89    8370.47    6593.34    5050.68    6336.09    7052.96
 4    1379.00    1292.13    1469.14    2175.21    1940.68    1988.72    2073.58    1668.58    1711.92    1659.31    1428.51     958.95     599.27     599.27     599.27     599.27    1057.09    1737.92    2181.09    2316.39    2082.69    1650.03    1188.11    1243.10    1951.42    1936.49    1465.09
 1    4109.00     867.17     867.17    2966.96    2966.96    2645.87    2645.87    2885.65    2885.65    3570.34    3570.34    4746.59    4746.59    5649.80    5649.80    2929.54    2929.54    7858.62    7858.62    6982.21    6982.21    4878.72    4878.72    7299.14    7299.14   10102.09   10102.09
 2     783.00     165.18     165.18     565.14     565.14     503.98     503.98     549.65     549.65     680.06     680.06     904.11     904.11    1076.15    1076.15     558.01     558.01    1496.88    1496.88    1329.94    1329.94     929.28     929.28    1390.31    1390.31    1924.21    1924.21
 3    3537.00    4560.50    4743.67    5349.82    5584.14    4973.52    6161.46    7393.38    6843.50   10035.29   10768.81   11980.44   10716.38    7782.72    5929.71    5327.36    6978.21    7754.63    6861.83    6350.92    6335.03    5650.89    6230.45    6615.72    6094.71    5727.13    3901.06
 4    1379.00    1283.83    1179.85    1283.52    1357.30    1561.34    1846.22    1850.84    3209.12    2842.85    2145.95    1933.97    1220.12     912.33    1313.92    1943.97    1784.71    1638.48    1662.21    1667.53    1606.61    1802.76    1717.93    1343.64    1166.93    1099.36     819.12
 1    4109.00    2957.72    2957.72    3076.46    3076.46    5423.88    5423.88    6973.89    6973.89    6044.81    6044.81    7270.03    7270.03    2698.08    2698.08    3956.57    3956.57    8014.31    8014.31    5725.57    5725.57    2663.43    2663.43    5245.09    5245.09    6881.03    6881.03
 2     783.00     563.38     563.38     585.99     585.99    1033.12    1033.12    1328.36    1328.36    1151.39    1151.39    1384.77    1384.77     513.92     513.92     753.63     753.63    1526.54    1526.54    1090.58    1090.58     507.32     507.32     999.06     999.06    1310.67    1310.67
 3    3537.00    4565.29    5075.55    6005.78    6983.89    7709.93    6159.41    6290.85    6306.42    6023.26    5236.68    4358.63    3473.16    3451.93    4037.82    4434.01    5466.91    4248.14    3341.33    3591.05    3370.37    3182.05    4507.90    6024.12    7147.96    9448.91   10518.35
 4    1379.00    1437.08    1437.05    1939.41    1555.80    1374.58    1386.81    1747.01    1581.51    1342.50     926.34     788.50     953.51    1008.76    1146.83    1121.64    1122.26     940.86    1018.36     815.42     943.92    1282.67    2017.55    2040.31    2534.32    3249.90    2275.89
 1    4109.00    7058.90    7058.90    3929.31    3929.31    4165.39    4165.39    7345.80    7345.80   10638.47   10638.47    8956.79    8956.79   11475.62   11475.62    6060.05    6060.05    2288.75    2288.75    1556.02    1556.02    2020.33    2020.33    1424.35    1424.35    1654.88    1654.88
 2     783.00    1344.55    1344.55     748.44     748.44     793.41     793.41    1399.20    1399.20    2026.38    2026.38    1706.06    1706.06    2185.83    2185.83    1154.30    1154.30     435.95     435.95     296.38     296.38     384.82     384.82     271.30     271.30     315.22     315.22
 3    3537.00    5149.42    4878.40    4772.80    4546.89    4568.55    5784.47    6721.40    5895.74    8143.40   10132.21   10873.07    8233.19    7528.37    5179.52    3634.80    3340.72    3149.31    3197.69    2664.23    2664.23    2664.23    2767.53    3083.42    3656.34    4556.79    4246.02
 4    1379.00    1351.92    1243.18    1057.65    1307.89    1466.17    1453.42    1889.75    2888.45    3786.42    2535.10    1853.53    1580.32    1338.20     842.64     801.44     763.27     709.12     677.06     534.24     534.24     534.24     728.06    1119.52     978.45     885.89     908.85
 1    4109.00    5197.04    5197.04    4097.94    4097.94    3377.68    3377.68    2866.71    2866.71    6982.67    6982.67   11121.73   11121.73    5434.97    5434.97    5311.15    5311.15    3074.15    3074.15    5701.08    5701.08    7618.84    7618.84   10219.90   10219.90   12444.43   12444.43
 2     783.00     989.91     989.91     780.56     780.56     643.37     643.37     546.04     546.04    1330.03    1330.03    2118.42    2118.42    1035.23    1035.23    1011.65    1011.65     585.55     585.55    1085.92    1085.92    1451.21    1451.21    1946.65    1946.65    2370.37    2370.37
 3    3537.00    4315.27    5196.48    5275.64    4228.37    4961.28    3980.47    6496.12    7085.94    7148.42    7303.01    6735.93    5193.38    3443.93    3920.20    4644.97    4590.43    4457.26    5571.35    5998.44    5424.11    6305.58    6907.60    8780.98    9090.08    7508.82    5552.00
 4    1379.00    1384.69    1376.09    1099.26     897.39    1201.39    1612.67    2021.75    1834.45    1775.63    1468.83    1107.73     951.98    1218.09    1214.17    1438.30    1428.26    1525.82    1306.76    1151.76    1470.27    2144.56    2590.10    2606.94    2089.41    1402.63    1442.83
 1    4109.00    2985.91    2985.91    3988.45    3988.45    7258.94    7258.94    8145.98    8145.98    4474.93    4474.93    3480.25    3480.25    6570.56    6570.56    6324.32    6324.32    2647.72    2647.72    2259.18    2259.18    4107.18    4107.18    2864.86    2864.86    4231.92    4231.92
 2     783.00     568.74     568.74     759.70     759.70    1382.66    1382.66    1551.62    1551.62     852.37     852.37     662.90     662.90    1251.54    1251.54    1204.63    1204.63     504.33     504.33     430.32     430.32     782.32     782.32     545.69     545.69     806.08     806.08
 3    3537.00    4520.00    5320.78    5837.97    5694.20    5673.08    5713.71    4492.57    3509.01    3071.78    3184.66    3429.43    7022.92    8321.06    7072.75    5739.86    4588.80    5385.08    4850.41    5183.28    5222.80    4601.49    4154.95    4254.52    4768.79    4683.04    4453.75
 4    1379.00    1387.61    1408.51    1560.98    1404.23    1312.36    1173.83     899.51     861.25     813.39    1209.49    2286.12    2135.35    1615.97    1143.63    1144.93    1156.52    1060.47    1012.01    1183.60    1040.46    1020.96     990.67    1047.38     880.91     858.75     954.15
 1    4109.00    3745.90    3745.90    5926.54    5926.54    3751.44    3751.44    9189.64    9189.64   10671.28   10671.28    3896.05    3896.05    2706.40    2706.40    3621.62    3621.62    2462.92    2462.92    2071.61    2071.61    1438.21    1438.21    1389.70    1389.70    5173.01    5173.01
 2     783.00     713.50     713.50    1128.86    1128.86     714.56     714.56    1750.41    1750.41    2032.62    2032.62     742.10     742.10     515.50     515.50     689.83     689.83     469.13     469.13     394.59     394.59     273.94     273.94     264.70     264.70     985.34     985.34
 3    3537.00    3899.07    4523.10    4994.04    4894.37    4402.73    4771.35    9365.26   10030.51    7993.78    5477.74    4175.69    4662.19    4728.86    4531.50    4347.93    3764.16    3219.83    3331.05    3063.83    2729.62    2785.95    3376.80    5572.94    7159.80    6988.89    5563.12
 4    1379.00    1179.21    1216.15    1396.11    1231.26    1373.14    2789.63    3046.06    2060.24    1250.84    1005.30    1317.10    1155.08     841.07     789.15     835.00     745.73     643.44     666.49     661.90     635.09     975.87    1482.90    1780.12    1306.28    1133.61    1184.76
 1    4109.00    6209.74    6209.74    5802.26    5802.26    4544.69    4544.69    3036.26    3036.26    1965.35    1965.35    3824.44    3824.44    3670.59    3670.59    2870.87    2870.87    1677.06    1677.06    4099.33    4099.33    6234.23    6234.23    4912.91    4912.91    6343.72    6343.72
 2     783.00    1182.81    1182.81    1105.19    1105.19     865.66     865.66     578.34     578.34     374.35     374.35     728.46     728.46     699.16     699.16     546.83     546.83     319.44     319.44     780.82     780.82    1187.47    1187.47     935.79     935.79    1208.33    1208.33
 3    3537.00    4036.77    4792.21    4376.16    4098.72    3895.46    3472.04    2842.76    2687.11    3060.24    4886.14    5621.57    5320.10    5499.36    5464.95    4044.41    3939.88    4394.67    4768.10    6122.58    6646.23    6870.98    5877.80    5413.90    5164.68    5938.07    4538.33
 4    1379.00    1340.68    1208.49    1107.56     985.96     853.04     597.90     610.88     925.83    1412.78    1368.51    1265.19    1334.09    1079.36     857.51     818.29    1028.14    1114.34    1702.59    1763.44    1508.09    1370.58    1295.98    1439.74    1222.27     916.21     616.05
 1    4109.00    7112.49    7112.49    5733.88    5733.88    2827.44    2827.44    4986.83    4986.83    5430.81    5430.81    6160.31    6160.31   12222.21   12222.21    8115.95    8115.95    5006.69    5006.69    7044.58    7044.58    3227.53    3227.53    5515.82    5515.82    2871.33    2871.33
 2     783.00    1354.76    1354.76    1092.17    1092.17     538.56     538.56     949.87     949.87    1034.44    1034.44    1173.39    1173.39    2328.04    2328.04    1545.90    1545.90     953.66     953.66    1341.82    1341.82     614.77     614.77    1050.63    1050.63     546.92     546.92
 3    3537.00    5065.35    4568.20    4975.32    3791.76    3770.35    5121.21    4854.42    5496.99    6323.93    5952.72    5747.57    6035.01    5629.34    3996.00    3091.61    4878.91    5003.78    4896.75    4194.70    4336.26    3778.19    4046.10    4272.26    3820.66    4462.68    5457.71
 4    1379.00    1388.92    1091.08    1014.03    1143.00    1328.00    1409.90    1492.53    1574.15    1314.13    1439.28    1586.60    1467.41    1139.14    1021.01    1664.43    1653.10    1080.01    1141.83    1176.51    1156.03     958.39    1032.32    1001.73    1392.41    1324.23    1004.90
 1    4109.00    8272.11    8272.11    7576.34    7576.34    7247.86    7247.86    4308.61    4308.61    2084.54    2084.54    3244.63    3244.63    1060.75    1060.75    3848.92    3848.92    4469.39    4469.39    3660.43    3660.43    3620.69    3620.69    2533.61    2533.61    1301.92    1301.92
 2     783.00    1575.64    1575.64    1443.11    1443.11    1380.54    1380.54     820.69     820.69     397.06     397.06     618.02     618.02     202.05     202.05     733.13     733.13     851.31     851.31     697.22     697.22     689.66     689.66     482.59     482.59     247.98     247.98
 3    3537.00    5576.86    6158.43    4922.06    5262.06    5651.80    7021.74    6797.53    6066.25    4222.98    4273.13    4615.99    4712.30    4295.00    4456.45    4357.88    4137.19    3223.74    3080.11    2485.41    3215.08    3141.64    2988.05    3353.10    3555.88    5025.23    6286.74
 4    1379.00    1610.26    1575.49    1471.95    1724.27    1795.08    1628.75    1132.84     844.49     976.27     920.82     909.60     991.42     837.57     994.93     863.23     724.75     708.12     674.68     738.20     911.94     892.58     736.86     914.67    1407.82    1691.49    1526.44
 1    4109.00    4474.47    4474.47    2672.21    2672.21    5600.36    5600.36    6626.00    6626.00   10007.38   10007.38   10744.73   10744.73    8297.98    8297.98    8457.37    8457.37    6456.45    6456.45   10447.21   10447.21    9982.43    9982.43    7928.84    7928.84    7544.46    7544.46
 2     783.00     852.28     852.28     508.99     508.99    1066.74    1066.74    1262.10    1262.10    1906.17    1906.17    2046.62    2046.62    1580.57    1580.57    1610.93    1610.93    1229.80    1229.80    1989.94    1989.94    1901.42    1901.42    1510.26    1510.26    1437.04    1437.04
 3    3537.00    4003.14    4433.39    4807.01    7504.65    8716.56    7373.89    5686.12   11291.26   15893.14   14288.49   12444.46    8650.84    6983.59    7438.16    6948.89    6823.62    7459.30   11596.17   15994.92   14988.36   11547.96    9478.36    8668.19    7292.87    5161.96    4401.73
 4    1379.00    1134.53    1470.20    2172.34    2054.26    1395.56    1657.39    3681.17    4793.87    4346.05    2800.00    1904.36    1213.59    1665.71    2088.54    2176.16    2340.16    4113.84    4227.70    3603.05    2841.68    2404.86    1797.66    1355.60    1000.83     944.59    1081.50
 1    4109.00    6600.59    6600.59   12108.10   12108.10    2845.92    2845.92    2283.20    2283.20    3313.00    3313.00    4181.56    4181.56    3485.33    3485.33    6423.19    6423.19   11606.36   11606.36   10772.92   10772.92   14496.64   14496.64   16165.38   16165.38    7143.91    7143.91
 2     783.00    1257.26    1257.26    2306.30    2306.30     542.08     542.08     434.90     434.90     631.05     631.05     796.49     796.49     663.87     663.87    1223.46    1223.46    2210.74    2210.74    2051.98    2051.98    2761.26    2761.26    3079.12    3079.12    1360.74    1360.74
 3    3537.00    4101.61    4445.06    3843.20    3416.11    3416.11    2123.87    3139.69    3818.61    4823.03    5401.58    5108.55    3998.00    3567.37    5399.53    9289.74   10112.54    8707.98    5930.82    4435.44   10867.11   17521.98   13562.27    9677.63    8918.33    6061.57    4631.54
 4    1379.00    1369.49    1230.94     935.40     659.45     659.45    1102.02    1219.25    1224.82    1235.07    1090.23     734.87     829.33    1859.66    2802.91    2536.37    1674.42    1112.12    1944.17    4738.28    5164.65    3678.68    2169.45    2049.22    1699.08    1074.96    1031.05
 1    4109.00    4918.45    4918.45    4106.26    4106.26    4156.15    4156.15    4826.51    4826.51    2023.10    2023.10    3811.04    3811.04    3887.27    3887.27    5183.18    5183.18    5022.40    5022.40    7874.79    7874.79    3054.28    3054.28    2671.75    2671.75    8280.43    8280.43
 2     783.00     936.85     936.85     782.14     782.14     791.65     791.65     919.34     919.34     385.35     385.35     725.91     725.91     740.43     740.43     987.27     987.27     956.65     956.65    1499.96    1499.96     581.77     581.77     508.90     508.90    1577.22    1577.22
 3    3537.00    4314.31    4717.27    4520.72    4224.51    3948.46    4134.62    3945.16    3328.29    3130.16    5281.79    6037.49    5121.58    4572.82    4020.37    4900.05    4181.72    5241.72    6084.98    4100.05    3419.93    3071.23    3088.43    3420.72    6222.13    7220.94    6558.43
 4    1379.00    1299.22    1265.11     972.73     960.56     971.15     864.43     768.95     964.98    1381.58    1399.62    1061.66     963.94     941.84    1035.96    1298.49    1416.03    1229.63     975.01     755.21     746.68     742.48    1148.51    1997.80    1986.82    1515.30    1435.40
 1    4109.00    5088.01    5088.01    4488.79    4488.79    5304.68    5304.68    4665.74    4665.74    6206.05    6206.05    4299.37    4299.37    6759.98    6759.98    8626.46    8626.46    7239.54    7239.54    2119.19    2119.19    3769.92    3769.92   10243.93   10243.93   11977.35   11977.35
 2     783.00     969.14     969.14     855.01     855.01    1010.42    1010.42     888.71     888.71    1182.10    1182.10     818.93     818.93    1287.62    1287.62    1643.14    1643.14    1378.96    1378.96     403.66     403.66     718.08     718.08    1951.22    1951.22    2281.40    2281.40
 3    3537.00    4059.75    4272.51    4261.28    4388.47    3779.58    3831.90    4585.88    6908.44    9340.40    8599.89    6141.44    7399.48    9778.19   10352.46    8488.25    4795.91    3644.15    3517.23    3379.85    3989.77    5065.44    5068.50    5371.44    8284.36    8997.01    8802.77
 4    1379.00    1204.40    1124.24    1041.22     920.46    1080.31    1356.99    2451.85    2577.49    1836.82    1508.50    1981.87    2731.65    2215.94    1532.92    1034.67     723.32     977.33    1067.84    1009.65    1230.40    1270.84    1799.77    2884.19    2689.49    2010.93    1972.36
 1    4109.00    4244.86    4244.86    2366.83    2366.83    6333.56    6333.56    2528.53    2528.53    5947.33    5947.33    5266.80    5266.80    6330.79    6330.79    8903.20    8903.20    3140.21    3140.21    4877.80    4877.80    3840.14    3840.14    7341.64    7341.64    5086.62    5086.62
 2     783.00     808.54     808.54     450.82     450.82    1206.39    1206.39     481.62     481.62    1132.82    1132.82    1003.20    1003.20    1205.86    1205.86    1695.85    1695.85     598.14     598.14     929.10     929.10     731.46     731.46    1398.41    1398.41     968.88     968.88
 3    3537.00    4332.39    5637.42    5355.43    5588.68    4036.02    3484.08    3646.31    6137.55    8011.85    6964.96    6883.19    6246.24    6032.25    5177.38    4572.06    3954.58    4866.13    6066.74    5810.88    5458.36    4836.40    5461.56    4364.20    3793.15    3677.62    4167.02
 4    1379.00    1254.64    1357.10    1089.64     819.84     753.45    1138.89    1960.20    1916.92    1663.14    1689.03    1582.09    1467.07    1225.58    1054.76    1133.82    1669.55    1713.23    1339.54    1189.89    1360.79    1129.44     968.57     797.60    1090.29    1379.35    1060.09
 1    4109.00    3069.99    3069.99    2644.95    2644.95    7256.17    7256.17    4848.23    4848.23    6325.70    6325.70    5813.35    5813.35    3918.68    3918.68    6056.36    6056.36    3310.69    3310.69    1939.48    1939.48    1093.55    1093.55    3191.03    3191.03    6888.42    6888.42
 2     783.00     584.76     584.76     503.80     503.80    1382.13    1382.13     923.47     923.47    1204.90    1204.90    1107.30    1107.30     746.42     746.42    1153.59    1153.59     630.61     630.61     369.42     369.42     208.30     208.30     607.82     607.82    1312.08    1312.08
 3    3537.00    4100.97    5063.77    5655.52    9393.55   11717.56    9188.27    7295.26    6332.23    6645.36    5681.53    4629.77    4994.48    5721.10    5791.52    5374.49    5363.87    4494.34    5070.97    5006.17    4392.81    5264.40    6508.71    6659.32    6199.88    7221.86    6673.30
 4    1379.00    1310.89    1809.20    3214.90    2873.99    2086.13    1482.95    1292.63    1514.04    1263.19     956.05    1368.74    1633.65    1537.56    1257.78    1163.54    1159.97    1118.87    1155.92     978.34    1329.08    1380.32    1354.81    1614.68    1607.96    1580.62    1370.76
 1    4109.00    3294.98    3294.98    7584.19    7584.19    7807.34    7807.34    6367.75    6367.75    9185.48    9185.48    3142.99    3142.99    5653.96    5653.96    7813.34    7813.34    4550.70    4550.70    5548.62    5548.62    7726.03    7726.03    8952.17    8952.17   10990.98   10990.98
 2     783.00     627.62     627.62    1444.61    1444.61    1487.11    1487.11    1212.90    1212.90    1749.62    1749.62     598.66     598.66    1076.94    1076.94    1488.26    1488.26     866.80     866.80    1056.88    1056.88    1471.62    1471.62    1705.18    1705.18    2093.52    2093.52
 3    3537.00    4833.73    5327.51    5906.00    3992.82    3102.91    3301.88    5408.27    5924.19    7794.00    6484.02    4720.78    4601.22    5680.46    5313.19    5631.58    4953.32    5221.88    5936.04    5775.97    6513.94    6019.87    6684.23    6467.38    6069.23    5263.30    4131.51
 4    1379.00    1348.61    1313.39     936.37     688.29    1297.33    1840.07    1758.85    2017.94    1786.00    1278.91     993.80    1281.85    1407.35    1170.50    1502.08    1568.17    1510.20    1518.36    1639.56    1560.17    1614.00    1840.31    1621.26    1429.50    1105.16    1017.25
