2019 2020 2021 2022 2023 2024 2025 2026 2027 2028 2029 2030 2031 2032 2033 2034 2035 2036 2037 2038 2039 2040 2041 2042 2043 2044 2045
 0.3695097  0.3962070  0.3500014  0.4172384  0.3150871  0.3858775  0.3320286  0.4745975  0.4996077  0.6041748  0.7300896  0.4541416  0.3867025  0.4966890  0.5150165  0.6365299  0.6381758  0.4936197  0.5883565  0.3011173  0.2637948  0.3604541  0.2906920  0.4381673  0.3748152  0.5815306  0.6177188
 0.3576641  0.3331396  0.3361447  0.4450337  0.4543714  0.4139254  0.3815227  0.4064869  0.3622566  0.3613950  0.3621148  0.2981385  0.2508098  0.2745703  0.2876851  0.2936418  0.2929982  0.3008312  0.2875471  0.7615055  1.1650042  0.8371645  1.0007819  0.5731403  0.6839813  0.3282045  0.3160784
 0.3464490  0.4259741  0.4174252  0.4095055  0.3953832  0.6790007  0.8791244  0.5252707  0.5265487  0.4015551  0.3940832  0.4800988  0.4637219  0.3267436  0.3053644  0.4620038  0.4301354  0.4372690  0.4292366  0.4094175  0.3806480  0.5907360  0.7757318  0.3862126  0.3533288  0.3990816  0.3565879
 0.3476240  0.2889156  0.2546632  0.4143168  0.4476276  0.3840919  0.4019508  0.2901625  0.2968145  0.2581651  0.2566789  0.2855806  0.2546932  0.2838633  0.2936945  0.3253951  0.3261521  0.4280551  0.4813855  0.4319370  0.4017669  0.4848286  0.4484581  0.5153769  0.6117862  0.4279007  0.4480372
 0.3487996  0.3388087  0.3304195  0.3795498  0.3408122  0.4563113  0.4825243  0.7827000  0.9501991  0.9843769  1.4032329  0.5569806  0.4689664  0.3297551  0.2946036  0.5275930  0.5706656  0.6280914  0.6918469  0.3382518  0.2926237  0.5457574  0.6261504  0.8408074  1.7932429  0.7469768  0.3518601
 0.3394349  0.4718609  0.4912246  0.5295915  0.6013692  0.5625555  0.6550478  0.4144334  0.3732000  0.3984996  0.3620800  0.2827541  0.3041227  0.3695964  0.3832449  0.4123721  0.4585443  0.3677120  0.4044499  0.2892024  0.3200145  0.3703598  0.3423424  0.5034479  0.5912256  0.2883237  0.2727753
 0.3824709  0.4683095  0.4659305  0.3286531  0.3305834  0.3123078  0.3212941  0.3109147  0.3315226  0.3595081  0.4304963  0.3533823  0.3264857  0.2844001  0.2612170  0.5247545  0.5939745  0.4250578  0.4061778  0.3205258  0.2910630  0.3127788  0.2722147  0.4016247  0.4325278  0.3623168  0.3863721
 0.3701290  0.2352939  0.2281950  0.2266155  0.2273422  0.3309550  0.3371601  0.5859936  0.5431144  0.3890050  0.3571423  0.5996153  0.7172239  0.4889476  0.5967399  0.4101884  0.3133301  0.4608684  0.4212607  0.8822807  1.1680547  0.8018123  1.2045533  0.3553606  0.3709794  0.3157390  0.2750676
 0.3638768  0.4508064  0.4699713  0.6847252  0.7865442  0.5442162  0.5684067  0.2872317  0.2573624  0.3282046  0.2969403  0.4163529  0.4275613  0.4046255  0.4250210  0.3482714  0.4256001  0.3075057  0.3267128  0.3042603  0.2852173  0.2887784  0.2963328  0.2814844  0.2694349  0.2966755  0.2768678
 0.3850089  0.4676810  0.4736629  0.3745456  0.3461070  0.3052378  0.3228396  0.3228987  0.3575236  0.3363153  0.3470945  0.3300084  0.3515201  0.3537703  0.3336388  0.3457262  0.3502669  0.4339179  0.4557636  0.4461997  0.5328112  0.7414538  0.9752546  0.3915179  0.3657083  0.3509238  0.3420823
 0.3449682  0.2679992  0.2774081  0.3092050  0.2933999  0.3687236  0.3630891  0.4064223  0.4065458  0.4168291  0.4397787  0.3669923  0.3140022  0.4726289  0.4597615  0.4346519  0.4408449  0.4497035  0.4977399  0.3647325  0.3587898  0.4507016  0.5054246  0.3894837  0.4069291  0.5182949  0.6078878
 0.3868784  0.3618021  0.3705410  0.4640243  0.4291854  0.4693950  0.5069689  0.5019854  0.6043172  0.4235453  0.4072673  0.3496225  0.3044360  0.3809771  0.3564446  0.4979934  0.5831786  0.5755856  0.6734449  0.3577634  0.3532018  0.3881994  0.3987708  0.4903035  0.4235498  0.5277886  0.5015402
 0.4068006  0.3840407  0.3620716  0.3032224  0.3264720  0.3154902  0.3088131  0.2574074  0.2880356  0.3716945  0.4300597  0.4509614  0.4467457  0.4550921  0.5083295  0.3687385  0.3763655  0.4691483  0.4013176  0.3194948  0.3111112  0.3697092  0.3970155  0.5969080  0.6958384  0.4679833  0.3863455
 0.3868869  0.4585074  0.4625802  0.7116326  0.8639799  0.6943870  0.6015962  0.7860102  0.8380999  0.6205315  0.5847983  0.5669939  0.4793966  0.5641493  0.6176246  0.4497965  0.3821134  0.3085562  0.2836400  0.3384301  0.3287431  0.5021249  0.6194517  0.4869667  0.6165213  0.3665573  0.3765199
 0.4323681  0.4426286  0.4535414  0.4276373  0.4022536  0.3311442  0.3200959  0.3608989  0.4853291  0.7595639  0.5466727  0.2056422  0.2314502  0.3681725  0.3355150  0.3147913  0.3622041  0.4303763  0.4996672  0.4505109  0.4151893  0.3453993  0.3263547  0.2705917  0.2740714  0.3354040  0.3206154
 0.3936755  0.4260623  0.4056523  0.3242903  0.3290490  0.5234589  0.5227142  0.6150988  0.6287747  0.5732037  0.5540041  0.4589159  0.4433984  0.5001615  0.5114444  0.3913844  0.3103094  0.3141244  0.2945581  0.3631804  0.3744281  0.5630472  0.8398864  0.6308108  0.6044478  0.4500811  0.4237819
 0.3811711  0.4721080  0.4634068  0.3763320  0.3529118  0.4082763  0.3917938  0.3299495  0.3324326  0.2867395  0.3007726  0.3016016  0.3244965  0.3243808  0.2944476  0.3936483  0.4258104  0.5748301  0.5979877  0.5602832  0.5730001  0.8012711  1.2271509  0.5060021  0.4844130  0.3405231  0.3087317
 0.3180644  0.3433885  0.3237343  0.3961716  0.3772478  0.3773334  0.3461431  0.4782108  0.5259465  0.5353688  0.6257562  0.3895982  0.3525200  0.4850108  0.4776236  0.3597268  0.3181571  0.3129604  0.3174298  0.3816005  0.3281361  0.3267691  0.3058445  0.3664069  0.4041750  0.3532279  0.3288547
 0.3661831  0.4137269  0.3766356  0.8784266  1.4560906  0.8782931  0.6107884  0.4554648  0.4121709  0.3622732  0.3841573  0.3196771  0.3210262  0.3834052  0.3974609  0.3311564  0.3006027  0.3370371  0.3107498  0.2654644  0.2498439  0.2929332  0.3222387  0.2871113  0.2882669  0.2940027  0.2797325
 0.3672031  0.3628003  0.3525270  0.4590830  0.4341498  0.4381238  0.4099107  0.5157050  0.6696724  0.2710495  0.2748250  0.3270329  0.3171810  0.3819067  0.3898855  0.6182751  0.6636019  1.0223751  1.7035390  0.8437618  0.6838735  0.7811706  0.9177903  0.7106849  0.8542954  0.3492200  0.3583897
 0.3251653  0.3442416  0.3325734  0.3448462  0.3647670  0.2917719  0.2776431  0.3255493  0.3038082  0.2789742  0.2541368  0.3397896  0.3212836  0.3914840  0.3908394  0.5355775  0.6794329  0.7804388  1.1394748  0.5634760  0.4477827  0.2788941  0.2595117  0.4104496  0.4362749  0.3845801  0.3466172
 0.3393207  0.3706071  0.3859753  0.3525423  0.3686268  0.3174426  0.2943812  0.5283296  0.5914396  0.2482605  0.2531534  0.3354523  0.2991009  0.4201603  0.4933472  0.4766833  0.5403860  0.4111350  0.3936381  0.4205083  0.3903891  0.3596317  0.3361814  0.3080687  0.2788985  0.2640619  0.2962739
 0.3828618  0.3850725  0.3575600  0.6364139  0.5903332  1.4820884        NaN  0.9476553  0.8029749  0.9012078  0.9265706  1.6931675  3.3140441  0.9926111  0.6257678  0.5972026  0.5639376  0.3827746  0.3873396  0.3520622  0.3295400  0.2534819  0.2774005  0.3964469  0.4449957  0.4528457  0.5165648
 0.3563025  0.3801570  0.3795742  0.3963915  0.3868483  0.3403731  0.3141906  0.3159176  0.2981284  0.3302234  0.3353902  0.4440692  0.5165276  0.3892982  0.3599494  0.3086777  0.3132741  0.3471744  0.2606973  0.4923871  0.5115573  0.5434359  0.8541829  0.4892071  0.6211305  0.3624334  0.3807740
 0.3215713  0.3785080  0.3540226  0.3913883  0.3726696  0.4644108  0.4617563  0.5614542  0.7427613  0.3764992  0.3505565  0.3110404  0.2601121  0.3462450  0.3419982  0.4538710  0.4416779  0.4223629  0.4298732  0.4402299  0.4789198  0.4215797  0.3578170  0.3889647  0.4031371  0.3604749  0.3623848
 0.3346949  0.3064228  0.3073023  0.3272197  0.3320383  0.5218909  0.7120183  0.3323870  0.3288538  0.3143529  0.3303979  0.2915841  0.2827475  0.3460945  0.3330639  0.2629554  0.2664177  0.2774353  0.2767752  0.3144684  0.3137550  0.3096015  0.3450748  0.2940792  0.3380674  0.2467365  0.2459223
 0.3399655  0.2967411  0.2886866  0.3407090  0.3620273  0.3793890  0.4236564  0.3018348  0.3081200  0.3477548  0.3645097  0.2981919  0.2630156  0.2657273  0.2739455  0.3125715  0.3486619  0.3334835  0.3444838  0.3651255  0.3469907  0.2522317  0.2362026  0.2634593  0.2656620  0.3163858  0.2993979
 0.3825636  0.3565458  0.3481536  0.3436404  0.3167075  0.3834384  0.3511786  0.3593375  0.3613656  0.3424056  0.3424947  0.3782445  0.4639686  0.3631418  0.3222676  0.4234172  0.5151590  0.4840790  0.4477639  0.3019832  0.2588681  0.2916490  0.2684556  0.3584751  0.3846816  0.4750638  0.6008980
 0.3444544  0.3268704  0.2972888  0.4832852  0.5198892  0.4646377  0.4675760  0.4039643  0.3499373  0.2926677  0.2742286  0.3942138  0.4363754  0.4364685  0.4838897  0.3578016  0.3262268  0.4361987  0.3735490  0.3924018  0.3747622  0.4283940  0.4435406  0.3758806  0.4119208  0.2886840  0.2958144
 0.3101507  0.3838188  0.3567355  0.3494780  0.3696387  0.4927767  0.6878875  0.3784869  0.3675657  0.2416189  0.2657531  0.3144135  0.3330637  0.5379380  0.6755211  0.5398258  0.5147569  0.2810570  0.2694368  0.4066518  0.4043613  0.7963416  1.1091723  0.5269715  0.4079774  0.4827920  0.4047997
 0.3940070  0.3683249  0.3488051  0.4104008  0.4513938  0.3828438  0.3758742  0.4385949  0.4253138  0.5260373  0.6764513  0.3257347  0.3350340  0.3539763  0.3342578  0.3436000  0.3164519  0.3728603  0.3710290  0.5134536  0.5781010  0.5049789  0.5251585  0.3540526  0.3697690  0.3080919  0.3117781
 0.3111018  0.3898062  0.3815358  0.2958324  0.2736851  0.3421605  0.3476607  0.3509310  0.3591076  0.2725322  0.2793612  0.3283957  0.2970945  0.3096565  0.2980898  0.3414191  0.3170866  0.2824419  0.2992598  0.2867691  0.2924284  0.2322272  0.2651640  0.3431088  0.3260421  0.3520621  0.3320875
 0.3583571  0.9845115  1.2304363  0.7684804  0.8231584  0.6315345  0.6946929  0.4163260  0.3640101  0.3670191  0.3280243  0.4415345  0.4014461  0.4348360  0.4283806  0.3426477  0.3641237  0.3810303  0.3728607  0.6115930  0.8575624  0.4272189  0.3521152  0.4015660  0.3999144  0.4455250  0.5263980
 0.3597885  0.2723998  0.2616316  0.3103376  0.3047347  0.3817627  0.3803847  0.3820481  0.3848716  0.4516146  0.4757084  0.7833302  1.2556948  1.7648703        NaN        NaN  0.2877893  0.2270252  0.2754056  0.2726762  0.2623334  0.3451905  0.3656842  0.4620705  0.5352138  0.4033181  0.3844592
 0.3998546  0.2547509  0.2256426  0.3075980  0.3025505  0.2823153  0.2978122  0.2934224  0.2692892  0.2706398  0.2554132  0.2689821  0.2882904  0.2943457  0.3491334  0.2706552  0.3013834  0.4137793  0.4232193  0.4304444  0.4524047  0.3772802  0.3536647  0.4054506  0.4296070  0.6240255  0.7782926
 0.3698310  0.3237087  0.3088124  0.3250598  0.2953145  0.3745021  0.3766391  0.4510080  0.4460066  0.4211065  0.4169542  0.5436372  0.6382180  0.3855170  0.3412198  0.3852093  0.3884237  0.6453922  0.7239195  0.5693315  0.6214486  0.3894751  0.3389988  0.4048834  0.3765184  0.3984225  0.3573896
 0.3254748  0.5035245  0.5073870  0.3752720  0.3941322  0.3849207  0.3762442  0.5524498  0.4940869  0.5457489  0.4492412  0.4097338  0.4104879  0.5411008  0.6734372  0.5173263  0.6359177  0.3536096  0.3554962  0.2737671  0.2789191  0.3211776  0.3443731  0.2971916  0.2497235  0.2851656  0.2617119
 0.3566842  0.4110872  0.4312603  0.3853555  0.3591851  0.3845023  0.3545746  0.3595138  0.2992466  0.4045078  0.4147029  0.6006433  0.7821334  0.5677931  0.5573937  0.5199186  0.4532045  0.3261147  0.3152210  0.3809508  0.4000863  0.4866925  0.4714643  0.5088656  0.5389996  0.6189163  0.7638199
 0.3821883  0.3367959  0.3362535  0.3760280  0.3564400  0.5012603  0.4962347  0.5727748  0.7122170  0.4901731  0.5164005  0.3628491  0.3470529  0.4060230  0.3981807  0.4046856  0.4059745  0.3207476  0.2950986  0.2825934  0.2778180  0.3591783  0.3565840  0.3252404  0.2991742  0.3878249  0.3824660
 0.4417653  0.3987358  0.3932711  0.5129669  0.4809014  0.4019324  0.3847345  0.4954883  0.4511194  0.4889562  0.6162886  0.3852697  0.3794655  0.3033634  0.3047504  0.3814391  0.3770548  0.3071875  0.3338000  0.2930840  0.3224358  0.2808494  0.2703991  0.2504961  0.2244433  0.3429900  0.3554733
 0.4166687  0.5212183  0.5025910  0.5166089  0.4878860  0.4532801  0.4506266  0.3816118  0.4341413  0.3292158  0.3047844  0.3544029  0.3390317  0.3134689  0.3361676  0.3074251  0.3306110  0.2802669  0.2786629  0.3360894  0.3341293  0.3886011  0.3851681  0.3648648  0.3675384  0.4388305  0.4949893
 0.3574196  0.5446072  0.5328368  0.5090217  0.5562969  0.3763601  0.3556186  0.4375916  0.3982716  0.3970753  0.3966241  0.4282418  0.4577612  0.7217970  0.9682513  0.8110368  0.6769774  0.4385166  0.4848512  0.5804388  0.6113444  0.3608555  0.3735417  0.4984074  0.5146097  0.3480584  0.3382859
 0.2958877  0.5190050  0.5704356  0.5437859  0.5712395  0.5314280  0.4631993  0.3641001  0.3482005  0.2517178  0.2563060  0.3058995  0.3560982  0.2289364  0.2411990  0.3429637  0.3763263  0.4117547  0.5034059  0.4588244  0.4550406  0.4338068  0.3980748  0.3331941  0.3422102  0.2842419  0.2436696
 0.3865434  0.4016274  0.4143368  0.3082733  0.2964034  0.3461118  0.3837792  0.4148238  0.3636601  0.3793564  0.3407920  0.3801247  0.3889286  0.4221276  0.5002823  0.5112757  0.5058198  0.4010043  0.3559524  0.3936186  0.3765733  0.3756956  0.4070805  0.3676500  0.4108692  0.4668901  0.5804643
 0.3865238  0.5157372  0.5191859  0.9617374  1.5508829  0.7962174  0.5120295  0.3837153  0.3301713  0.3343704  0.3151731  0.3642928  0.4104556  0.3808449  0.3453251  0.3913422  0.3449279  0.4892139  0.7077595  0.6415140  0.4455870  0.4723539  0.4425347  0.5547243  0.6770660  0.4300455  0.4826587
 0.3777113  0.4353298  0.4412860  0.3871420  0.3982055  0.4006011  0.4075639  0.4735602  0.5337414  0.3035614  0.2980813  0.3455465  0.3285746  0.3479753  0.3677347  0.4455820  0.4304628  0.4178064  0.4060152  0.6072322  0.7618979  0.4563331  0.4507382  0.3563673  0.3181156  0.4960616  0.5132581
 0.4111556  0.4681856  0.4491262  0.4292378  0.4573263  0.4955160  0.5157140  0.4100003  0.3624976  0.3682028  0.3797671  0.3165638  0.3170439  0.3766246  0.3682139  0.4349559  0.5213616  0.5856276  0.7079371  0.3394858  0.3103056  0.3669011  0.3683254  0.5940890  0.5023539  0.5197774  0.5598835
 0.3455751  0.3454147  0.3732040  0.2809169  0.2915378  0.4733558  0.6131555  0.3364216  0.3029424  0.3978428  0.3752573  0.3734702  0.3962018  0.4374108  0.4686651  0.6436258  0.7493867  0.3515901  0.3221252  0.3817263  0.4029928  0.3453699  0.3551626  0.5250139  0.6510197  0.4964953  0.4309416
 0.3946370  0.3368927  0.3604735  0.3125990  0.2954318  0.3711252  0.3409701  0.3128777  0.3293876  0.4119534  0.4129412  0.4902338  0.4547755  0.3640215  0.3441169  0.4052083  0.4647973  0.3417424  0.3584729  0.2700689  0.2805719  0.2108193  0.2285817  0.3084055  0.2975848  0.3999425  0.4173217
 0.3255364  0.3129093  0.3085083  0.5008929  0.5666914  0.8183761  0.7189547  0.5039869  0.4418493  0.5153311  0.5294975  0.2993699  0.3116467  0.4469343  0.4117412  0.5370618  0.5432259  0.3873085  0.3814666  0.4214737  0.4047824  0.4813214  0.4645036  0.5705866  0.5598930  0.7265966  0.9999751
