              Isim, Ftarg, Btarg
   1 2019          0.3977734     129364.7079738      33266.1582637
   1 2021          0.3948486     129136.5506137      32818.0036845
   1 2023          0.3685254     129323.5165188      31689.7728580
   1 2025          0.4123975     129225.6233349      33525.7884734
   1 2027          0.4123975     129286.2211443      33737.6364529
   1 2029          0.4036230     129095.5386649      33601.8992540
   1 2031          0.4094727     129158.8458789      33546.7669488
   1 2033          0.4036230     129491.7624912      33492.5161331
   1 2035          0.4036230     129460.4558710      33563.9724612
   1 2037          0.3977734     129427.7538819      33277.3096856
   1 2039          0.3977734     128916.9150708      32884.7568850
   1 2041          0.4094727     128974.4848643      33318.5927521
   1 2043          0.4036230     129416.3630629      33366.7530088
   2 2019          0.3977734     128814.4188190      33124.6513071
   2 2021          0.3977734     128499.0132818      32768.4062925
   2 2023          0.4065479     128552.0824650      33173.6127647
   2 2025          0.4036230     128624.5015618      33119.0307439
   2 2027          0.4006982     128914.9941608      33151.1487464
   2 2029          0.4094727     128804.9558063      33397.8132265
   2 2031          0.4123975     128730.8814627      33363.9709614
   2 2033          0.4094727     128982.8512593      33276.9386967
   2 2035          0.3889990     128518.9808687      32543.8000716
   2 2037          0.4153223     128404.3458596      33386.6514767
   2 2039          0.4065479     128452.7710849      33564.0522140
   2 2041          0.4036230     128715.2009404      33494.8895945
   2 2043          0.4006982     128886.9462891      33280.8167268
   3 2019          0.3977734     131418.4014862      33794.2659252
   3 2021          0.3919238     131434.0037846      33308.5491087
   3 2023          0.4036230     131561.3594257      33707.3433299
   3 2025          0.4036230     131262.6986764      34088.8736230
   3 2027          0.4036230     131540.2053378      33988.7805701
   3 2029          0.4094727     131296.6633048      34114.2391687
   3 2031          0.4006982     131413.6297201      33884.0162161
   3 2033          0.4036230     131496.0087066      33787.9842628
   3 2035          0.4036230     131139.7605516      33969.9718854
   3 2037          0.4036230     131279.3916473      33956.6127765
   3 2039          0.4123975     131157.3742421      34171.7964593
   3 2041          0.4006982     131138.0432909      34017.7601056
   3 2043          0.3948486     131123.1717638      33494.0320993
   4 2019          0.3977734     133428.9350648      34311.2750019
   4 2021          0.3977734     132909.1515821      33824.0879723
   4 2023          0.4065479     133406.3448596      34376.3363560
   4 2025          0.4065479     133025.4380105      34426.6955843
   4 2027          0.3919238     132939.1571121      33793.6413502
   4 2029          0.4123975     133180.0845143      34413.3673492
   4 2031          0.4123975     133404.8801909      34517.4330509
   4 2033          0.4153223     133200.9157638      34658.7900544
   4 2035          0.4065479     133505.1409928      34509.9064585
   4 2037          0.4065479     133028.4886883      34611.7739875
   4 2039          0.3977734     132912.1635183      34230.6505718
   4 2041          0.4094727     133322.9565639      34684.7036345
   4 2043          0.4065479     133354.3197539      34698.3772998
   5 2019          0.3977734     130501.2528948      33558.4209976
   5 2021          0.3948486     130561.2221805      33120.6256731
   5 2023          0.3919238     130565.9406213      33051.4619901
   5 2025          0.4036230     130103.9664138      33663.7099504
   5 2027          0.4006982     130289.5686177      33789.0433197
   5 2029          0.4036230     130693.5732468      33963.3509178
   5 2031          0.3831494     130565.0098901      33030.7094844
   5 2033          0.4065479     130294.1150121      33539.2881959
   5 2035          0.4094727     130335.0656224      33979.5436402
   5 2037          0.3919238     130644.9613566      33506.3160654
   5 2039          0.4123975     130222.1446281      33811.2037505
   5 2041          0.4065479     130557.6915363      33947.0572917
   5 2043          0.4036230     130076.3809257      33952.6875021
   6 2019          0.3977734     132943.3858106      34186.4159225
   6 2021          0.3948486     132957.7992558      33819.3152653
   6 2023          0.4036230     132880.8547032      34229.3895463
   6 2025          0.4036230     132918.3985431      34375.2579593
   6 2027          0.3977734     132633.0023194      34057.5591367
   6 2029          0.4123975     132930.7221769      34578.3597515
   6 2031          0.4094727     132867.8945875      34400.8294319
   6 2033          0.4065479     132842.0608469      34391.5684729
   6 2035          0.4123975     132681.4882335      34629.0859284
   6 2037          0.4065479     132673.7487585      34416.0727921
   6 2039          0.3977734     132613.9135693      33927.2544609
   6 2041          0.4094727     132496.8425035      34324.9899291
   6 2043          0.4006982     132946.6113763      34365.4450521
   7 2019          0.3977734     130609.1527291      33586.1674596
   7 2021          0.3919238     130495.3856012      33121.7562775
   7 2023          0.4123975     130305.9470561      33659.6007123
   7 2025          0.4182471     130321.2348881      33978.7404236
   7 2027          0.4153223     130512.9491123      33984.4120964
   7 2029          0.4065479     130401.6299276      33765.9402348
   7 2031          0.3977734     130207.5139190      33322.6461297
   7 2033          0.4153223     130737.9086578      33825.9802611
   7 2035          0.4094727     130209.6955413      34035.9017620
   7 2037          0.3831494     130128.5535869      32969.4642770
   7 2039          0.4036230     130344.4878942      33431.3711833
   7 2041          0.4094727     130313.2841633      33706.5252345
   7 2043          0.4153223     130157.0878365      34026.0374213
   8 2019          0.3977734     130069.6535577      33447.4351493
   8 2021          0.3977734     129857.3946901      32953.5025102
   8 2023          0.4211719     129909.5837060      33691.6685923
   8 2025          0.3889990     129842.9273739      32886.7237286
   8 2027          0.3977734     129592.2802334      33423.6919680
   8 2029          0.4094727     129726.1158388      33678.9962035
   8 2031          0.4094727     129627.5940509      33902.8128949
   8 2033          0.4065479     129869.8381010      33819.5629152
   8 2035          0.3714502     130121.0155281      32233.9040848
   8 2037          0.4094727     129612.5582105      33726.5233963
   8 2039          0.4036230     129988.0375171      33810.4278999
   8 2041          0.4036230     129941.6388020      33829.2148896
   8 2043          0.3977734     130004.7029489      33294.4854305
   9 2019          0.3977734     130799.7757697      33635.1862093
   9 2021          0.3977734     130426.8325119      33366.0718817
   9 2023          0.4036230     130422.2606097      33749.0180427
   9 2025          0.4006982     130463.9427791      33679.8998296
   9 2027          0.3919238     130300.7620028      33029.5017387
   9 2029          0.4094727     130965.3459398      33844.2698584
   9 2031          0.4094727     131012.0151517      34004.4715328
   9 2033          0.4123975     130759.0178203      34109.4200138
   9 2035          0.4094727     130556.5981945      33973.8552217
   9 2037          0.4094727     130424.0150311      33737.5973523
   9 2039          0.4036230     130721.6788259      33577.3440250
   9 2041          0.3977734     130360.8263009      33352.0226410
   9 2043          0.3889990     130634.6821346      32980.2695701
  10 2019          0.3977734     130555.2028120      33572.2942286
  10 2021          0.3889990     130357.4491190      33014.5732026
  10 2023          0.4065479     130655.4502035      33535.4742234
  10 2025          0.4211719     130162.6972812      34049.9240625
  10 2027          0.4094727     130714.8340689      33886.1597941
  10 2029          0.4036230     130664.2456627      33668.3661820
  10 2031          0.4094727     130451.2804386      33804.8985148
  10 2033          0.3948486     130462.4047863      33297.3706174
  10 2035          0.4036230     130420.4391638      33561.5834828
  10 2037          0.4123975     130351.6865437      34009.9924477
  10 2039          0.4094727     130360.3450952      34016.9755268
  10 2041          0.4036230     130150.8145313      33938.1749950
  10 2043          0.3948486     130435.0125531      33350.9929580
  11 2019          0.3977734     128929.5119756      33154.2475333
  11 2021          0.3977734     128787.1339055      32752.0657443
  11 2023          0.4036230     128608.2574164      32983.1067235
  11 2025          0.4006982     129045.5056036      33060.8291800
  11 2027          0.4153223     128433.0002000      33558.9438530
  11 2029          0.4036230     128857.7260121      33317.8531414
  11 2031          0.3948486     128811.5640503      32901.2426233
  11 2033          0.4036230     128574.7314248      33324.6544926
  11 2035          0.4094727     128466.7854380      33473.0372802
  11 2037          0.4065479     128820.9416535      33444.2537501
  11 2039          0.4123975     128615.6024215      33503.1870376
  11 2041          0.4036230     128746.1385922      33397.5241962
  11 2043          0.4094727     128894.4338568      33459.0311598
  12 2019          0.3977734     130652.3126628      33597.2660445
  12 2021          0.3919238     130849.0683578      33078.8020220
  12 2023          0.4065479     130408.3232922      33619.9570998
  12 2025          0.4123975     130532.8812062      33997.6783010
  12 2027          0.4036230     130154.6639090      33837.0452084
  12 2029          0.3889990     130274.9531124      33212.2009633
  12 2031          0.3919238     130861.7940103      33141.6840074
  12 2033          0.4094727     130835.3253993      33866.5040444
  12 2035          0.4094727     130526.9279020      34021.1382543
  12 2037          0.4036230     130168.7964567      33852.7749167
  12 2039          0.4006982     130633.2755961      33515.9358012
  12 2041          0.4006982     130413.1055377      33577.5597847
  12 2043          0.4006982     130574.9535473      33656.5215220
  13 2019          0.3977734     128573.4425225      33062.6842085
  13 2021          0.3977734     128190.9302359      32733.0689976
  13 2023          0.3889990     128331.6342036      32405.1071858
  13 2025          0.4123975     128487.9522981      33199.9756633
  13 2027          0.4270215     128234.8474695      33598.7953162
  13 2029          0.4094727     128227.6269591      33433.1514335
  13 2031          0.4036230     128511.5086246      33269.8274077
  13 2033          0.4036230     128692.4943140      33303.0723897
  13 2035          0.4036230     128458.0416502      33136.2907594
  13 2037          0.3977734     128625.2930002      32967.0625551
  13 2039          0.4153223     128409.5259918      33406.1812770
  13 2041          0.4094727     128484.1450086      33357.9794059
  13 2043          0.3919238     128425.0120366      32967.9373168
  14 2019          0.3977734     131911.1440627      33920.9747687
  14 2021          0.3948486     131749.3787533      33587.1989469
  14 2023          0.4036230     131556.4878456      34031.7227900
  14 2025          0.3977734     131789.9870078      33888.4791662
  14 2027          0.4036230     132037.1067319      34254.5563433
  14 2029          0.3919238     131777.4986269      33773.6512963
  14 2031          0.4036230     131877.7110150      34072.0924556
  14 2033          0.4065479     131932.2907160      34280.6852779
  14 2035          0.3977734     131582.9614378      33857.3774932
  14 2037          0.3919238     131742.1508994      33427.5662120
  14 2039          0.4123975     131887.8823954      34204.6419271
  14 2041          0.4123975     131595.1104043      34448.8934292
  14 2043          0.4036230     131790.7198194      34234.1214565
  15 2019          0.3977734     126951.3483472      32645.5623953
  15 2021          0.3919238     126481.3803163      32157.4256887
  15 2023          0.3948486     127032.0840099      32300.5482732
  15 2025          0.4182471     126613.0318375      33037.6714470
  15 2027          0.4211719     126525.9530169      33208.2921816
  15 2029          0.3919238     126511.4554153      32459.5652146
  15 2031          0.4036230     126446.6754810      32407.1627322
  15 2033          0.4153223     126906.5269353      33079.3842875
  15 2035          0.4153223     126529.0059108      33096.8240064
  15 2037          0.4036230     126583.1651254      32867.4917977
  15 2039          0.4036230     127031.2262416      32784.5210468
  15 2041          0.4123975     126758.7418790      32934.4359561
  15 2043          0.4065479     126556.6337227      32628.9304348
  16 2019          0.3977734     131163.0385451      33728.5992983
  16 2021          0.3948486     131186.6970675      33361.9248931
  16 2023          0.4006982     131060.2800454      33496.0763326
  16 2025          0.4006982     131099.4315288      33772.5985873
  16 2027          0.4036230     130690.4379558      33953.3870201
  16 2029          0.3977734     131260.4106989      33742.8228998
  16 2031          0.4094727     130662.5350089      34058.5484982
  16 2033          0.4036230     131137.4180892      33928.5630659
  16 2035          0.3772998     130875.1166237      32746.7234166
  16 2037          0.4123975     130850.1419350      33958.8795074
  16 2039          0.4211719     130668.7829704      34316.1560469
  16 2041          0.4036230     130776.5184381      34075.9142219
  16 2043          0.3948486     130939.8981194      33682.4076323
  17 2019          0.3977734     128918.7219921      33151.4728871
  17 2021          0.3948486     128550.5623957      32776.1147142
  17 2023          0.4006982     128647.3046774      32898.8855677
  17 2025          0.4094727     129013.5682912      33422.9582719
  17 2027          0.4094727     128518.5949915      33345.2376363
  17 2029          0.4094727     128728.9010351      33301.4146509
  17 2031          0.3977734     128648.4993312      32923.7740710
  17 2033          0.4036230     128873.7024886      33074.5971244
  17 2035          0.4123975     128982.2738584      33585.6616654
  17 2037          0.3977734     129083.0765025      33264.4671600
  17 2039          0.4094727     128484.9485736      33576.8163409
  17 2041          0.4036230     128981.5177075      33540.7922974
  17 2043          0.3919238     128672.2694532      32937.1601698
  18 2019          0.3977734     133169.9754626      34244.6834929
  18 2021          0.3919238     133281.8538381      33662.1478617
  18 2023          0.4036230     133029.4296371      34122.1598280
  18 2025          0.4065479     133115.5683752      34313.9863566
  18 2027          0.4123975     133041.2683743      34752.1177235
  18 2029          0.3977734     132873.7382085      34351.2436260
  18 2031          0.4094727     132698.8712840      34477.3489837
  18 2033          0.4006982     133147.9587888      34320.1985798
  18 2035          0.4065479     132772.4425994      34338.3241791
  18 2037          0.4036230     132862.5072135      34291.6502023
  18 2039          0.4006982     133068.3829077      34206.4651948
  18 2041          0.4153223     133005.1962874      34613.9737768
  18 2043          0.4094727     133349.3757652      34636.0194389
  19 2019          0.3977734     129310.7580567      33252.2850327
  19 2021          0.3977734     129014.8758294      32939.2631767
  19 2023          0.4094727     128799.2574261      33639.6104468
  19 2025          0.4006982     129179.4340317      33272.2555963
  19 2027          0.4065479     128972.7029678      33549.2623177
  19 2029          0.3977734     128915.0239367      33143.1163937
  19 2031          0.4182471     128952.5728709      33624.9533950
  19 2033          0.4036230     129033.1051626      33369.1200603
  19 2035          0.4094727     129272.3630938      33397.1903138
  19 2037          0.4094727     129073.7678658      33485.9528069
  19 2039          0.4182471     129031.2161877      33585.4181275
  19 2041          0.4123975     129223.9241246      33587.6875992
  19 2043          0.4006982     129363.2498955      33119.6347111
  20 2019          0.3977734     128979.8652316      33167.1958823
  20 2021          0.3919238     128853.0013678      32627.3534326
  20 2023          0.3948486     129005.8619368      32825.0595350
  20 2025          0.4153223     128730.4243352      33586.9526406
  20 2027          0.4006982     129018.7044773      33364.6397396
  20 2029          0.4006982     128807.1742510      32924.5561774
  20 2031          0.4153223     128682.1234680      33515.2429666
  20 2033          0.4006982     128766.7341163      33189.6207028
  20 2035          0.4065479     128690.7835914      33510.1775674
  20 2037          0.4006982     128984.7222297      33498.6887141
  20 2039          0.3977734     128984.6606838      33224.5352549
  20 2041          0.4036230     129179.6790347      33494.2347102
  20 2043          0.4036230     128498.8094640      33391.7803238
  21 2019          0.3977734     132540.5597626      34082.8291308
  21 2021          0.3977734     132561.0825435      33736.7132982
  21 2023          0.4065479     132328.3833178      34071.1597128
  21 2025          0.4036230     132591.7167081      33941.0658754
  21 2027          0.3948486     132313.0151675      33717.2003582
  21 2029          0.4094727     132292.4399326      34125.1878652
  21 2031          0.4094727     132348.9028372      34331.9243416
  21 2033          0.4094727     132713.4007194      34449.6125352
  21 2035          0.4094727     132326.5186144      34583.3135462
  21 2037          0.3977734     132372.5470936      34309.3999666
  21 2039          0.3919238     132060.6096552      33826.3406358
  21 2041          0.4153223     132020.2284978      34295.9944973
  21 2043          0.4036230     132288.8684188      34217.6565877
  22 2019          0.3977734     133436.1283871      34313.1247660
  22 2021          0.3977734     133143.8295037      33969.6731769
  22 2023          0.4006982     133301.5709051      34075.2663736
  22 2025          0.4153223     133454.1075950      34589.4774152
  22 2027          0.4036230     133412.6493159      34597.8749798
  22 2029          0.3948486     133573.5282169      33875.2521633
  22 2031          0.4094727     133509.4515344      34502.4991423
  22 2033          0.4094727     133511.0344633      34726.9228587
  22 2035          0.4065479     133073.5798623      34675.3793303
  22 2037          0.4036230     133342.6722686      34411.7887519
  22 2039          0.3977734     133357.3550813      34246.2582401
  22 2041          0.4065479     133065.6004045      34394.1914703
  22 2043          0.4182471     133337.9718867      34736.1880880
  23 2019          0.3977734     128105.8765739      32942.4495395
  23 2021          0.3889990     127981.9694843      32302.7047322
  23 2023          0.4006982     128134.5506412      32884.5423545
  23 2025          0.3948486     128169.7282233      33093.2967954
  23 2027          0.4036230     127839.5192819      33250.0985402
  23 2029          0.3977734     127810.7946229      33095.9634027
  23 2031          0.3977734     128144.5515683      33206.9927552
  23 2033          0.3831494     127817.9214908      32463.1703186
  23 2035          0.4065479     127828.8236740      33236.9249885
  23 2037          0.4094727     127866.3758906      33237.8638580
  23 2039          0.4094727     128102.4111703      33213.0116165
  23 2041          0.4065479     128186.1034148      32949.0185471
  23 2043          0.4094727     128002.6307589      33288.6286642
  24 2019          0.3977734     131785.2609227      33888.6038963
  24 2021          0.3977734     131295.0054042      33556.0300375
  24 2023          0.4153223     131304.7880178      34116.4818146
  24 2025          0.4036230     131423.9769782      33854.5752789
  24 2027          0.4094727     131726.4175679      34045.6555196
  24 2029          0.4153223     131533.1462967      34284.2138385
  24 2031          0.4036230     131384.7866586      34100.6535390
  24 2033          0.3860742     131731.2962868      33315.8254253
  24 2035          0.3831494     131850.4254743      33048.6126757
  24 2037          0.3948486     131643.2618121      33583.7620342
  24 2039          0.4153223     131372.0109139      34412.5589924
  24 2041          0.4094727     131664.8999611      34412.0193656
  24 2043          0.4006982     131694.5259083      34105.0483811
  25 2019          0.3977734     135640.8816675      34880.0774744
  25 2021          0.3948486     135261.2063607      34407.1164119
  25 2023          0.4036230     135670.3870803      34768.9023706
  25 2025          0.4094727     135745.3050801      35170.7871592
  25 2027          0.4065479     135664.3554428      35293.3953125
  25 2029          0.3977734     135369.5474139      34732.9037721
  25 2031          0.4065479     135226.4267181      34814.3999533
  25 2033          0.4123975     135455.6696517      35196.6165284
  25 2035          0.4006982     135683.2330548      34929.2364076
  25 2037          0.4094727     135495.8736337      35222.0903197
  25 2039          0.4036230     135154.3671202      35028.5104111
  25 2041          0.3977734     135856.0752339      34787.7232909
  25 2043          0.4153223     135442.5798197      35391.9834987
  26 2019          0.3977734     131968.6906410      33935.7728818
  26 2021          0.3977734     131698.0669360      33512.4112912
  26 2023          0.4153223     131757.0902406      34141.0796041
  26 2025          0.4065479     131572.6477607      34260.1332408
  26 2027          0.4036230     131469.7986282      33863.9853585
  26 2029          0.4006982     131770.7954153      33781.8937931
  26 2031          0.4036230     131540.5159351      33804.5194471
  26 2033          0.4123975     131619.0608333      34233.4488351
  26 2035          0.4182471     131961.2265053      34322.5555834
  26 2037          0.4153223     131465.3634471      34314.7316756
  26 2039          0.4094727     131927.9749011      34200.1851827
  26 2041          0.4123975     131573.5971784      34214.6794256
  26 2043          0.4065479     131933.5645331      34096.7077677
  27 2019          0.3977734     130494.0595726      33556.5712334
  27 2021          0.3948486     130622.5965191      33086.0542784
  27 2023          0.4065479     130201.4085229      33509.2424143
  27 2025          0.4094727     130423.5761933      33774.4729555
  27 2027          0.4123975     130448.7040373      33815.0708337
  27 2029          0.3919238     130345.3343364      33241.3304488
  27 2031          0.4123975     130453.3815123      33752.2243978
  27 2033          0.4211719     130464.1046590      34064.1203256
  27 2035          0.4065479     130530.1241075      33762.2857167
  27 2037          0.4094727     130435.7889627      33798.6112465
  27 2039          0.4094727     130340.3250900      33786.3267094
  27 2041          0.4182471     130162.5422458      33808.2771354
  27 2043          0.4006982     130329.0458475      33420.9617232
  28 2019          0.3977734     130134.3934583      33464.0830265
  28 2021          0.3919238     129904.6444589      32894.0826506
  28 2023          0.3889990     130052.4233743      32792.0398173
  28 2025          0.4094727     130080.2942360      33637.1667835
  28 2027          0.4153223     129975.6959852      33922.6478563
  28 2029          0.4094727     129805.2151773      33750.7365328
  28 2031          0.4036230     129915.6993542      33646.3407681
  28 2033          0.4153223     130055.0708002      33849.7357089
  28 2035          0.4065479     129890.1429594      33783.1289373
  28 2037          0.3919238     129612.6324900      33147.6278097
  28 2039          0.4006982     130164.6204307      33242.9021967
  28 2041          0.4094727     129975.5980456      33542.2904265
  28 2043          0.4153223     129676.8064162      33940.3726438
  29 2019          0.3977734     133148.3954957      34239.1342005
  29 2021          0.3977734     132864.8006944      33847.6909090
  29 2023          0.4036230     133267.4388398      34274.2920493
  29 2025          0.4065479     132763.4856555      34415.8152536
  29 2027          0.4006982     132765.6127806      34166.7941576
  29 2029          0.4094727     133204.2766919      34320.1215466
  29 2031          0.4153223     132631.9703380      34732.6781559
  29 2033          0.4006982     133143.9235042      34381.5489251
  29 2035          0.4065479     132983.0245360      34361.1187212
  29 2037          0.3919238     133308.3399312      33980.6706906
  29 2039          0.4065479     133228.1705408      34397.6852151
  29 2041          0.4094727     132961.2988988      34599.8039427
  29 2043          0.4036230     132779.9556969      34412.4869419
  30 2019          0.3977734     136392.5838463      35073.3778269
  30 2021          0.3977734     136484.4033653      34756.9317759
  30 2023          0.4153223     136254.1821879      35315.5189601
  30 2025          0.4094727     136035.2899999      35463.4740295
  30 2027          0.3948486     136113.8444421      34787.1719661
  30 2029          0.4065479     136225.8966369      34984.8227882
  30 2031          0.4182471     136004.0662668      35546.2341173
  30 2033          0.4065479     136240.9225416      35505.2276834
  30 2035          0.3919238     136614.5744249      34954.3679933
  30 2037          0.4065479     136467.8571387      34986.7308297
  30 2039          0.4094727     136477.3046325      35391.2485645
  30 2041          0.4006982     136313.3620356      35385.8157529
  30 2043          0.3860742     136600.1101334      34604.6810033
  31 2019          0.3977734     127868.4969385      32881.4073229
  31 2021          0.3977734     127464.6294940      32550.5079158
  31 2023          0.4036230     127934.2460973      32863.8473915
  31 2025          0.3948486     127746.6733014      32533.3982369
  31 2027          0.4123975     127503.4199183      33270.5993176
  31 2029          0.4065479     127618.1938792      33261.3250792
  31 2031          0.4094727     127577.9163893      33106.2606365
  31 2033          0.3919238     127845.8459070      32552.5383221
  31 2035          0.3919238     128033.2897831      32491.1413232
  31 2037          0.4153223     127597.3748923      33283.1813181
  31 2039          0.4036230     128001.8439268      33150.8454545
  31 2041          0.4036230     127953.2305401      33136.7719747
  31 2043          0.4094727     127542.9254653      33153.7384506
  32 2019          0.3977734     134551.0933413      34599.8382074
  32 2021          0.3977734     134139.1058567      34245.1862260
  32 2023          0.4094727     134164.9823883      34563.9347812
  32 2025          0.4094727     134443.0647269      34731.7765987
  32 2027          0.3948486     134110.9800465      34311.4772643
  32 2029          0.4123975     134395.2835340      34725.8182414
  32 2031          0.4094727     134573.2951812      34805.5706598
  32 2033          0.4094727     134670.9069683      34821.9409059
  32 2035          0.4123975     134469.5329178      34953.4265150
  32 2037          0.4182471     134198.7026851      35090.6742769
  32 2039          0.4123975     134576.5351595      34971.6290085
  32 2041          0.4094727     134594.7862095      34667.5183211
  32 2043          0.4123975     134171.3184444      34921.5032326
  33 2019          0.3977734     131303.3083296      33764.6696990
  33 2021          0.3977734     130830.9641030      33775.4011134
  33 2023          0.4065479     131208.7657762      33972.4735385
  33 2025          0.4036230     130993.3380586      34009.0194108
  33 2027          0.4006982     131036.7445182      33779.3860850
  33 2029          0.4065479     130886.1600435      33863.3333427
  33 2031          0.4006982     130880.1715989      33772.1864807
  33 2033          0.4094727     131233.8802140      34080.5715841
  33 2035          0.4006982     131384.9246469      33799.5089029
  33 2037          0.4065479     131378.2069004      33915.4148305
  33 2039          0.4006982     131111.9110650      33984.8921493
  33 2041          0.3977734     131311.9304164      33604.3390131
  33 2043          0.4153223     131220.2778122      34265.0611517
  34 2019          0.3977734     128782.0488687      33116.3273685
  34 2021          0.3889990     128422.8663530      32357.8475028
  34 2023          0.4036230     128415.2821554      32875.1640265
  34 2025          0.4036230     128755.1165331      33151.4860985
  34 2027          0.4094727     128321.5029564      33364.9113674
  34 2029          0.4065479     128834.4539476      33403.4795107
  34 2031          0.4065479     128462.6240594      33597.4755876
  34 2033          0.4006982     128806.2709948      33480.9824595
  34 2035          0.3743750     128715.7463893      32011.3005229
  34 2037          0.3977734     128737.5321026      32684.8494987
  34 2039          0.4123975     128534.5179098      33244.8320577
  34 2041          0.4153223     128464.7285946      33559.0348413
  34 2043          0.3977734     128732.4232528      33163.9281737
  35 2019          0.3977734     126365.0925810      32494.8066180
  35 2021          0.3948486     126452.2614876      31932.4333972
  35 2023          0.4036230     126112.8642768      32330.3367170
  35 2025          0.4006982     126486.3484987      32287.1946654
  35 2027          0.3919238     126173.5350528      32014.2020947
  35 2029          0.4153223     126037.6162852      32725.9047273
  35 2031          0.4211719     126566.3578550      32977.8343184
  35 2033          0.4065479     126401.6439676      32721.7012351
  35 2035          0.4094727     126343.7105663      32641.2537575
  35 2037          0.4036230     126561.7806164      32708.4835185
  35 2039          0.4065479     126099.8206847      32736.1333189
  35 2041          0.4036230     126354.3917922      32595.3863126
  35 2043          0.4094727     126129.7972631      32842.8573228
  36 2019          0.3977734     130206.3266812      33482.5806679
  36 2021          0.3919238     129956.9050531      32888.3885337
  36 2023          0.4094727     129860.0586568      33453.0470488
  36 2025          0.4065479     129883.0791564      33608.4949971
  36 2027          0.4065479     129839.4187444      33707.7970475
  36 2029          0.4094727     130212.6282904      33846.1050200
  36 2031          0.4036230     129922.9211824      33777.3383460
  36 2033          0.4036230     130094.6069312      33508.0085580
  36 2035          0.4094727     129738.7847116      33722.5120949
  36 2037          0.4006982     130049.3701649      33712.7222990
  36 2039          0.4036230     129728.7078248      33722.3076825
  36 2041          0.3948486     129810.6057008      33166.9373591
  36 2043          0.3948486     130238.9576624      33279.8022948
  37 2019          0.3977734     132234.8435655      34004.2141549
  37 2021          0.3977734     132255.6841595      33791.7335621
  37 2023          0.4006982     132209.0828536      33825.2935829
  37 2025          0.4065479     132117.2023755      34072.2599812
  37 2027          0.3919238     131929.5570749      33762.0862641
  37 2029          0.4036230     132446.3523759      34217.1989328
  37 2031          0.4094727     132177.9907080      34357.3403786
  37 2033          0.4065479     132283.5663295      34447.4885944
  37 2035          0.4036230     132288.4531928      34310.4763918
  37 2037          0.4123975     131902.5526248      34289.3700158
  37 2039          0.4153223     131987.3057466      34313.7800821
  37 2041          0.4036230     132413.1874895      34064.1708868
  37 2043          0.4094727     131934.6051223      34058.9355689
  38 2019          0.3977734     131954.3039964      33932.0733535
  38 2021          0.3977734     131466.4086802      33623.8058053
  38 2023          0.4094727     131458.7583441      34021.3758986
  38 2025          0.3977734     131437.7532385      33686.6205573
  38 2027          0.4036230     131923.7908536      33872.6617694
  38 2029          0.4094727     131913.1906222      34252.0183698
  38 2031          0.4065479     131702.5430066      34347.3306695
  38 2033          0.4006982     131926.1419263      34054.1846222
  38 2035          0.4006982     131743.2808634      34010.9439052
  38 2037          0.4065479     131963.0292771      34028.5276293
  38 2039          0.4036230     131563.4447785      34071.3323237
  38 2041          0.3977734     131932.2124063      33913.5497883
  38 2043          0.4036230     132172.7587743      34161.6820207
  39 2019          0.3977734     129217.2448670      33228.2380989
  39 2021          0.3948486     128768.0898441      32733.1832802
  39 2023          0.4065479     128878.5864149      33158.6588505
  39 2025          0.4094727     128727.0931894      33524.1819116
  39 2027          0.4036230     129248.7456615      33517.2084262
  39 2029          0.3948486     129318.1657221      33191.1418470
  39 2031          0.4036230     128930.4337585      33189.5700577
  39 2033          0.4123975     128970.4960072      33599.3329779
  39 2035          0.4065479     129015.3339884      33503.6839235
  39 2037          0.4094727     129384.6822813      33420.2331444
  39 2039          0.4123975     128972.6472712      33417.0048937
  39 2041          0.4065479     129249.6238304      33428.2393566
  39 2043          0.4123975     129263.1236499      33500.7343173
  40 2019          0.3977734     127426.1076180      32767.6468284
  40 2021          0.3919238     127009.1561501      32238.7100851
  40 2023          0.4065479     127058.3573333      32806.9013540
  40 2025          0.3860742     127138.1603947      32137.8459790
  40 2027          0.4094727     127252.4806435      33094.1499857
  40 2029          0.4094727     127088.4491720      33187.1961165
  40 2031          0.4065479     127379.0072407      32952.2421074
  40 2033          0.4153223     126982.4093197      33102.4279284
  40 2035          0.4094727     127119.0628956      33050.3199493
  40 2037          0.4094727     127333.0583185      33002.2530609
  40 2039          0.4094727     127449.8165041      32965.7115798
  40 2041          0.3889990     127524.6146127      32213.6697926
  40 2043          0.4153223     127348.4102577      32921.3693802
  41 2019          0.3977734     129677.6174932      33346.6230037
  41 2021          0.3948486     129785.5643867      33047.2930252
  41 2023          0.4036230     129688.4733598      33366.8596427
  41 2025          0.4123975     129543.6726046      33734.2076498
  41 2027          0.3977734     129864.5628625      33330.0663316
  41 2029          0.4036230     129782.3172832      33298.7210712
  41 2031          0.4065479     129390.8345237      33473.3837055
  41 2033          0.4153223     129611.0100072      33730.3709194
  41 2035          0.4094727     129296.1053554      33554.0117507
  41 2037          0.3948486     129695.6241888      32965.1995849
  41 2039          0.4094727     129353.4468046      33547.6067788
  41 2041          0.4065479     129669.8044383      33609.0648860
  41 2043          0.4094727     129391.5694714      33622.3560145
  42 2019          0.3977734     130468.8829446      33550.0970589
  42 2021          0.3977734     130135.5616820      33347.3219822
  42 2023          0.3977734     130508.2830620      33383.7078111
  42 2025          0.4036230     130566.4989046      33512.2399665
  42 2027          0.4036230     130122.5670946      33651.1028258
  42 2029          0.4065479     130299.9683027      33763.2916527
  42 2031          0.4036230     130623.3244749      33717.9851900
  42 2033          0.4036230     130390.4981334      33894.7184873
  42 2035          0.3977734     130511.8018802      33641.0418178
  42 2037          0.4065479     130060.5960940      33772.5498614
  42 2039          0.4036230     130239.4081080      33800.4074623
  42 2041          0.4065479     130411.9586682      33699.9390984
  42 2043          0.3977734     130198.2726255      33571.8387372
  43 2019          0.3977734     136921.2930342      35209.3354910
  43 2021          0.3948486     136543.5670636      34897.3920861
  43 2023          0.3948486     136915.8502578      34913.1015087
  43 2025          0.4065479     136684.9445171      35430.2769792
  43 2027          0.4153223     137050.9785954      35668.1558395
  43 2029          0.4094727     137049.0551830      35398.6552021
  43 2031          0.4094727     137056.0811450      35464.3920793
  43 2033          0.4123975     136636.0433411      35308.0852887
  43 2035          0.4123975     136908.6182860      35597.6974460
  43 2037          0.4065479     136753.9476121      35512.6059676
  43 2039          0.4006982     136994.3100640      35284.0920274
  43 2041          0.4036230     137108.1456708      35379.0171387
  43 2043          0.3948486     136497.0856106      34930.9383878
  44 2019          0.3977734     128188.5997802      32963.7218271
  44 2021          0.3889990     127919.4857476      32323.9564625
  44 2023          0.4036230     127694.1514643      32724.2038255
  44 2025          0.4065479     128250.8637757      33119.6829081
  44 2027          0.3919238     127970.9364967      32611.5110336
  44 2029          0.4123975     127804.7533731      33317.8941621
  44 2031          0.4153223     127985.9526557      33450.9440909
  44 2033          0.4036230     128009.8846155      33165.9897563
  44 2035          0.3977734     128283.8458299      32985.8113800
  44 2037          0.3977734     127920.7560160      32797.7223776
  44 2039          0.4123975     128079.0090244      33275.9976151
  44 2041          0.4094727     128176.6300442      33325.9664118
  44 2043          0.4153223     127695.1268107      33446.7674117
  45 2019          0.3977734     127555.5874191      32800.9425829
  45 2021          0.3948486     127431.2509388      32484.1938066
  45 2023          0.4094727     127049.9816334      33148.2921953
  45 2025          0.3948486     127165.9717992      32597.1126331
  45 2027          0.4036230     127445.0702834      32882.6673269
  45 2029          0.4123975     127225.8234942      33112.5304319
  45 2031          0.4094727     127305.1603095      33097.2019957
  45 2033          0.3860742     127536.9578872      32220.9472132
  45 2035          0.4123975     127608.4487026      33156.3020806
  45 2037          0.4006982     127342.5426434      32973.1201872
  45 2039          0.3919238     127696.5856072      32615.2466278
  45 2041          0.4153223     127119.5926861      33258.5586797
  45 2043          0.4065479     127417.2712343      33158.4600556
  46 2019          0.3977734     130112.8134914      33458.5337341
  46 2021          0.3977734     129659.9381222      33160.7977741
  46 2023          0.4065479     129742.5554324      33480.6167051
  46 2025          0.4094727     130003.5642018      33706.5723036
  46 2027          0.4006982     130204.2877906      33581.9633997
  46 2029          0.4065479     129887.4981999      33460.1046087
  46 2031          0.4123975     129933.5039366      33779.1184976
  46 2033          0.4065479     129738.4837113      33642.9312710
  46 2035          0.3977734     130278.7342918      33450.8655854
  46 2037          0.4123975     129940.4993704      33847.4291441
  46 2039          0.4036230     130235.6438181      33802.6096488
  46 2041          0.3977734     129667.7966392      33386.4790283
  46 2043          0.4006982     129694.0934161      33292.5090924
  47 2019          0.3977734     128688.5356790      33092.2804347
  47 2021          0.3919238     128757.8576115      32651.2083652
  47 2023          0.4094727     128413.7363412      33209.0390796
  47 2025          0.3977734     128383.8548197      33014.9089779
  47 2027          0.3977734     128604.1140515      32946.4330724
  47 2029          0.4123975     128581.2129687      33454.2202220
  47 2031          0.3977734     128718.2474681      32944.2420871
  47 2033          0.4153223     128595.3300541      33519.1516043
  47 2035          0.4094727     128794.0599148      33532.4444544
  47 2037          0.4006982     128584.1345630      33327.3365770
  47 2039          0.4006982     128576.3539687      32991.6114938
  47 2041          0.3977734     128574.7237411      32938.4526046
  47 2043          0.4006982     128469.3010243      33189.9240447
  48 2019          0.3977734     132317.5667718      34025.4864425
  48 2021          0.3948486     132426.0275824      33612.8582704
  48 2023          0.4182471     132355.4755168      34277.4127463
  48 2025          0.3977734     132017.2696268      33955.9902198
  48 2027          0.4006982     132290.9273005      33836.8850851
  48 2029          0.4065479     132294.1109099      34229.1094083
  48 2031          0.4094727     131896.8535827      34290.6674781
  48 2033          0.4065479     132353.1310872      34315.0751853
  48 2035          0.3948486     132247.4373256      34069.2501964
  48 2037          0.4123975     132050.8949311      34262.8926326
  48 2039          0.4065479     131984.0212732      34232.3715763
  48 2041          0.4153223     131922.9466375      34412.8380420
  48 2043          0.4006982     132362.1658793      34235.2503665
  49 2019          0.3977734     127598.7473528      32812.0411678
  49 2021          0.3831494     127144.7321555      31877.6704812
  49 2023          0.3977734     127749.5102600      32392.2881994
  49 2025          0.4153223     127335.8090660      33210.3662096
  49 2027          0.4065479     127506.2558647      32984.3134741
  49 2029          0.4094727     127759.2292872      33167.7028167
  49 2031          0.4006982     127369.5350942      32885.0928039
  49 2033          0.4094727     127347.4343679      33040.4794074
  49 2035          0.4065479     127573.1192666      33094.5223394
  49 2037          0.4094727     127276.2816442      33004.6576650
  49 2039          0.4036230     127316.0550019      32724.8273500
  49 2041          0.4123975     127569.0565238      32873.4624436
  49 2043          0.4094727     127296.3464232      32937.0264928
  50 2019          0.3977734     130727.8425468      33616.6885679
  50 2021          0.4006982     130454.2166722      33345.4693559
  50 2023          0.4094727     130803.1752896      33863.4188114
  50 2025          0.3889990     130495.2415976      33295.7119292
  50 2027          0.4006982     130431.8260777      33659.6259589
  50 2029          0.4094727     130329.1196195      34021.8379207
  50 2031          0.4036230     130669.2506531      33663.1160793
  50 2033          0.4065479     130751.1814064      33875.6008417
  50 2035          0.4006982     130464.7968995      33755.4822867
  50 2037          0.4065479     130613.8295329      33777.0637616
  50 2039          0.4065479     130362.7866935      33816.6683742
  50 2041          0.4036230     130514.1335718      33819.6252472
  50 2043          0.4065479     130325.3995830      33934.5816812
