FL 2019 2020 2021 2022 2023 2024 2025 2026 2027 2028 2029 2030 2031 2032 2033 2034 2035 2036 2037 2038 2039 2040 2041 2042 2043 2044 2045
 1  0.7288134  0.6829873  0.6581188  0.6521119  0.6721972  0.7111677  0.6927302  0.6797463  0.6615227  0.6517063  0.6529979  0.6578070  0.6669571  0.6596659  0.6500895  0.6602940  0.6673469  0.6494122  0.6384133  0.6668811  0.6932472  0.6958804  0.6895923  0.6877405  0.6986187  0.6884931  0.6622032
 2  0.5725724  0.5324563  0.5355262  0.5450175  0.5949831  0.6154996  0.6002558  0.5637467  0.5062533  0.4744264  0.4890025  0.5349095  0.5538491  0.5409870  0.5229933  0.5423932  0.5574354  0.5371362  0.5258390  0.5660798  0.5946782  0.5976264  0.5811370  0.5761243  0.5808117  0.5718247  0.5321387
 3  0.7521145  0.7094340  0.6841918  0.6756644  0.6874408  0.7353423  0.7173994  0.7000291  0.6788097  0.6672560  0.6675967  0.6746860  0.6867257  0.6796743  0.6674854  0.6766090  0.6873853  0.6709376  0.6558754  0.6827669  0.7139469  0.7177524  0.7107736  0.7057133  0.7183788  0.7094940  0.6817213
 4  0.4566311  0.4437178  0.4673372  0.4675745  0.5382609  0.5558531  0.5033222  0.4277994  0.3724328  0.3705477  0.4245585  0.4776723  0.4778600  0.4384220  0.4318514  0.4808905  0.4889907  0.4387008  0.4440250  0.5126895  0.5321260  0.5176583  0.4820490  0.4936662  0.5089997  0.4770582  0.4210988
 1  0.7290193  0.6838820  0.6601290  0.6536733  0.6518677  0.6609376  0.6830078  0.6828688  0.6774416  0.6856218  0.6817202  0.6758722  0.6832773  0.6834396  0.6895959  0.6901363  0.6931666  0.7116945  0.6995732  0.6904302  0.6614865  0.6292697  0.6348405  0.6071621  0.6088938  0.6368329  0.6654389
 2  0.5731135  0.5329778  0.5358456  0.5464766  0.5445678  0.5571408  0.5744210  0.5724095  0.5639621  0.5666149  0.5592472  0.5482572  0.5479367  0.5483480  0.5529562  0.5525951  0.5749085  0.5953357  0.5892229  0.5632082  0.5164250  0.5034428  0.5208488  0.5014799  0.5036720  0.5368619  0.5650993
 3  0.7523618  0.7102255  0.6860089  0.6769003  0.6726115  0.6783274  0.7021406  0.7035377  0.6960308  0.7044888  0.7016048  0.6938472  0.7011056  0.7011275  0.7068112  0.7085695  0.7092821  0.7322636  0.7216590  0.7094426  0.6791920  0.6462775  0.6531856  0.6282148  0.6260128  0.6528915  0.6841850
 4  0.4573780  0.4432885  0.4663154  0.4705680  0.4574467  0.4860352  0.5063368  0.4843505  0.4780849  0.4885103  0.4658085  0.4560820  0.4585913  0.4585646  0.4694189  0.4579700  0.5065587  0.5302373  0.4923400  0.4410217  0.4133244  0.4381388  0.4559132  0.4167615  0.4298267  0.4803774  0.4993055
 1  0.7283085  0.6841639  0.6578310  0.6562228  0.6724092  0.6718387  0.6525223  0.6533081  0.6640193  0.6605515  0.6563440  0.6582738  0.6740901  0.6779783  0.6741690  0.6848512  0.6764279  0.6793235  0.6752010  0.6752193  0.6700155  0.6623427  0.6563244  0.6674828  0.6913286  0.6912932  0.6771308
 2  0.5726575  0.5332084  0.5344821  0.5608390  0.5752412  0.5677051  0.5375405  0.5401010  0.5541383  0.5481938  0.5340799  0.5347571  0.5586972  0.5656222  0.5650399  0.5649903  0.5597456  0.5604275  0.5610896  0.5590315  0.5460837  0.5273828  0.5239800  0.5652359  0.5952039  0.5945133  0.5687332
 3  0.7516802  0.7103537  0.6836907  0.6779658  0.6939331  0.6931495  0.6712214  0.6705542  0.6833273  0.6805511  0.6752998  0.6750653  0.6914999  0.6986136  0.6933617  0.7036586  0.6955067  0.6981857  0.6946144  0.6946170  0.6896013  0.6804077  0.6727175  0.6840837  0.7121661  0.7142033  0.6987565
 4  0.4573648  0.4429854  0.4658857  0.4978213  0.5038284  0.4714476  0.4445057  0.4736008  0.4830527  0.4610515  0.4356629  0.4570659  0.4960498  0.4874379  0.4789949  0.4808499  0.4780501  0.4824608  0.4817893  0.4761664  0.4488542  0.4237251  0.4504088  0.5122801  0.5341993  0.5141433  0.4583011
 1  0.7292546  0.6839832  0.6608269  0.6563050  0.6578784  0.6628742  0.6656772  0.6787328  0.6887786  0.7050408  0.7014026  0.6944985  0.7005172  0.6966609  0.6943092  0.6946066  0.6933758  0.6971763  0.6845802  0.6792761  0.6806357  0.6917867  0.6756628  0.6589670  0.6481616  0.6474577  0.6571828
 2  0.5718989  0.5325022  0.5362216  0.5501955  0.5537325  0.5497177  0.5476505  0.5557065  0.5794298  0.5972073  0.5931757  0.5794805  0.5693762  0.5570406  0.5396068  0.5304771  0.5362388  0.5455273  0.5467825  0.5467250  0.5668287  0.5806136  0.5636703  0.5283986  0.4989288  0.5038985  0.5230394
 3  0.7524902  0.7105481  0.6868310  0.6792384  0.6784228  0.6823829  0.6834435  0.6965203  0.7064522  0.7255538  0.7233698  0.7135664  0.7189065  0.7151953  0.7109823  0.7108047  0.7092709  0.7143626  0.7028070  0.6972394  0.6983127  0.7122866  0.6974086  0.6781505  0.6649795  0.6634058  0.6742940
 4  0.4556608  0.4436466  0.4661984  0.4758950  0.4731727  0.4595326  0.4638918  0.4790698  0.5128103  0.5294195  0.5015809  0.4794753  0.4773278  0.4505845  0.4281709  0.4250215  0.4503633  0.4619004  0.4576334  0.4646480  0.5003647  0.5101735  0.4644629  0.4080691  0.3980370  0.4313389  0.4507161
 1  0.7307392  0.6864747  0.6618297  0.6576123  0.6694891  0.6889126  0.6794120  0.6813559  0.6562668  0.6486079  0.6113136  0.5221371  0.5989118  0.6789505  0.6778187  0.6787437  0.6635529  0.6512806  0.6539070  0.6872225  0.6767643  0.6671079  0.6561677  0.6461266  0.6271757  0.6191504  0.6676373
 2  0.5709265  0.5324007  0.5361662  0.5535210  0.5765328  0.5880111  0.5789991  0.5686857  0.5500007  0.5447735  0.5067934  0.4325264  0.5440409  0.5930582  0.5923760  0.5743035  0.5386456  0.5053370  0.5407504  0.5841212  0.5784854  0.5515986  0.5201464  0.5028946  0.4930614  0.5337671  0.5831730
 3  0.7534590  0.7126204  0.6877581  0.6803338  0.6888260  0.7100742  0.7002350  0.7011948  0.6757666  0.6685346  0.6341458  0.5393228  0.6060739  0.7003789  0.7008355  0.6993785  0.6830896  0.6688808  0.6674286  0.7080832  0.7000407  0.6868003  0.6737849  0.6637615  0.6442426  0.6338303  0.6865444
 4  0.4540021  0.4430379  0.4667893  0.4823158  0.5106654  0.5148419  0.4946282  0.4813986  0.4747832  0.4766082  0.4129505  0.3692401  0.5109401  0.5397341  0.5085543  0.4729268  0.4290911  0.3979631  0.4918477  0.5292166  0.4857008  0.4356466  0.4212285  0.4122405  0.4192404  0.4902285  0.5278006
 1  0.7296156  0.6865135  0.6597803  0.6528591  0.6571063  0.6611657  0.6529836  0.6636334  0.6864380  0.6898298  0.6754670  0.6634209  0.6693234  0.6829269  0.6848142  0.6826446  0.6695206  0.6578169  0.6658548  0.6754633  0.6799644  0.6962494  0.6998759  0.6850079  0.6662334  0.6727088  0.6855685
 2  0.5721350  0.5333712  0.5351317  0.5505477  0.5574535  0.5518407  0.5356559  0.5542828  0.5847895  0.5882113  0.5639952  0.5270098  0.5174162  0.5367604  0.5543622  0.5563645  0.5358600  0.5131075  0.5270959  0.5476120  0.5671786  0.5911736  0.5944597  0.5729768  0.5428303  0.5582503  0.5738498
 3  0.7525046  0.7124216  0.6856374  0.6757233  0.6779313  0.6813827  0.6713776  0.6798432  0.7058287  0.7119289  0.6969121  0.6818306  0.6848129  0.6991141  0.7028427  0.7018397  0.6887310  0.6748656  0.6816868  0.6935314  0.6979319  0.7151953  0.7220689  0.7064210  0.6839994  0.6900236  0.7057883
 4  0.4555682  0.4427927  0.4667100  0.4807702  0.4810644  0.4600123  0.4453800  0.4932001  0.5241926  0.5098317  0.4535295  0.4020625  0.4282945  0.4662971  0.4794639  0.4671255  0.4263771  0.4132496  0.4570652  0.4756691  0.4956619  0.5260702  0.5171800  0.4632020  0.4500608  0.4967735  0.5004783
 1  0.7282820  0.6802620  0.6536923  0.6514485  0.6652217  0.6643434  0.6622027  0.6674596  0.6737094  0.6765677  0.6744244  0.6842872  0.7041369  0.6998870  0.6910765  0.6844831  0.6745214  0.6599628  0.6731013  0.7089189  0.7003935  0.6947376  0.6951421  0.6944168  0.6804273  0.6694455  0.6659892
 2  0.5697585  0.5310939  0.5342594  0.5559167  0.5657965  0.5539409  0.5284401  0.5126126  0.5146653  0.5190582  0.5256282  0.5641542  0.5959790  0.5980152  0.5802260  0.5550329  0.5294525  0.5108699  0.5709966  0.6082120  0.6078933  0.5935371  0.5798237  0.5643272  0.5325894  0.5069636  0.4939710
 3  0.7517544  0.7072754  0.6800261  0.6737856  0.6866184  0.6849745  0.6800347  0.6834169  0.6896146  0.6930792  0.6910081  0.6998059  0.7245086  0.7223761  0.7121528  0.7029822  0.6918890  0.6778723  0.6863347  0.7313814  0.7243888  0.7158058  0.7148041  0.7135776  0.6983623  0.6861657  0.6821414
 4  0.4555172  0.4446611  0.4668791  0.4902137  0.4884451  0.4500416  0.4120038  0.4119364  0.4266663  0.4278005  0.4364730  0.5053856  0.5350681  0.5172878  0.4746027  0.4426528  0.4324616  0.4167011  0.5204571  0.5523420  0.5262475  0.4989762  0.4872566  0.4601600  0.4179301  0.3957666  0.3876784
 1  0.7315684  0.6872715  0.6645220  0.6577148  0.6553141  0.6597783  0.6773404  0.7030096  0.6906703  0.6871194  0.6823288  0.6762533  0.6542567  0.6307456  0.6350310  0.6375566  0.6763503  0.7132421  0.6905976  0.6723329  0.6511660  0.6172980  0.5917400  0.5809613  0.6314266  0.6617703  0.6889269
 2  0.5697771  0.5318252  0.5385192  0.5476759  0.5418452  0.5325583  0.5629078  0.5921245  0.5930901  0.5872273  0.5770217  0.5558812  0.5149798  0.4857896  0.4928760  0.5127892  0.5916002  0.6168051  0.5984593  0.5654643  0.5308258  0.4989477  0.4721401  0.4925691  0.5432758  0.5751344  0.5978979
 3  0.7537993  0.7131676  0.6905108  0.6813964  0.6761470  0.6775848  0.6923611  0.7230515  0.7125257  0.7087457  0.7037539  0.6959534  0.6728025  0.6479798  0.6513000  0.6542696  0.6895421  0.7375261  0.7157350  0.6927300  0.6695788  0.6378667  0.6098873  0.5952572  0.6483162  0.6798948  0.7087872
 4  0.4515532  0.4434329  0.4701444  0.4678930  0.4425779  0.4336776  0.5029771  0.5308929  0.5193496  0.5107200  0.4868111  0.4498360  0.4061335  0.3948363  0.4166785  0.4455869  0.5410498  0.5582156  0.5039490  0.4549016  0.4484497  0.4117004  0.3895327  0.4473026  0.4885287  0.5130836  0.5330683
 1  0.7286303  0.6828830  0.6563583  0.6496069  0.6428412  0.6534694  0.6627004  0.6711081  0.6958847  0.7031192  0.6955132  0.6869580  0.6747208  0.6701733  0.6673490  0.6566798  0.6581711  0.6657429  0.6876268  0.6835246  0.6874514  0.6950265  0.6910860  0.7027255  0.7253399  0.7100691  0.6958457
 2  0.5686480  0.5316152  0.5346529  0.5437449  0.5422674  0.5500025  0.5574181  0.5742286  0.5981953  0.6046252  0.5898753  0.5627230  0.5268606  0.5109792  0.5034990  0.4893849  0.4896258  0.5266813  0.5616944  0.5676250  0.5709829  0.5750604  0.5666116  0.6029467  0.6225507  0.6157054  0.5853301
 3  0.7517398  0.7093301  0.6824498  0.6731906  0.6631516  0.6719695  0.6818908  0.6891267  0.7159514  0.7253574  0.7173664  0.7065278  0.6919590  0.6866582  0.6842324  0.6731468  0.6736436  0.6803384  0.7058681  0.7033586  0.7054899  0.7143612  0.7107997  0.7177900  0.7498345  0.7348607  0.7169735
 4  0.4547156  0.4436557  0.4669469  0.4669189  0.4630133  0.4778862  0.4835526  0.5093841  0.5344730  0.5295448  0.4931263  0.4427717  0.4143491  0.4167441  0.4011839  0.3820247  0.3933126  0.4683677  0.4964003  0.4798152  0.4892594  0.4953815  0.4676850  0.5418511  0.5633549  0.5269460  0.4568046
 1  0.7290541  0.6817587  0.6560446  0.6598656  0.6819977  0.6743239  0.6656880  0.6670907  0.6785293  0.6810932  0.6863874  0.6861807  0.6796844  0.6796867  0.6978694  0.6986974  0.6992123  0.6918013  0.6767459  0.6632092  0.6556497  0.6572414  0.6575630  0.6354602  0.6542973  0.6808798  0.6742281
 2  0.5720311  0.5322537  0.5356293  0.5712229  0.5860184  0.5719749  0.5326954  0.5065614  0.5156777  0.5355234  0.5595556  0.5645465  0.5517467  0.5566959  0.5822212  0.5952868  0.5950424  0.5817279  0.5485350  0.5064665  0.4803619  0.4951275  0.5273436  0.5308957  0.5647514  0.5832446  0.5715214
 3  0.7524456  0.7084427  0.6822703  0.6808315  0.7046252  0.6966085  0.6841609  0.6823686  0.6939837  0.6976569  0.7041595  0.7057814  0.6989625  0.6959833  0.7166990  0.7195330  0.7206946  0.7131026  0.6963734  0.6807836  0.6712303  0.6719155  0.6749904  0.6552827  0.6715851  0.7018278  0.6962399
 4  0.4569095  0.4447763  0.4684580  0.5119724  0.5163797  0.4638647  0.3940081  0.4030876  0.4368876  0.4628658  0.4863917  0.4803224  0.4473961  0.4822018  0.5194776  0.5242724  0.5164182  0.4849236  0.4306545  0.3784409  0.3724694  0.4271017  0.4641851  0.4630507  0.5049859  0.5167690  0.4746954
 1  0.7304056  0.6862663  0.6624796  0.6566945  0.6623771  0.6736732  0.6775755  0.6893532  0.6784672  0.6674260  0.6742516  0.6804711  0.7010808  0.6959301  0.6821339  0.6788154  0.6728518  0.6664788  0.6733328  0.6652852  0.6634787  0.6637259  0.6665605  0.6709205  0.6645301  0.6608737  0.6630442
 2  0.5719358  0.5325228  0.5359363  0.5501367  0.5601366  0.5638906  0.5677257  0.5709926  0.5521904  0.5283061  0.5307708  0.5674072  0.5948121  0.5958200  0.5769226  0.5633557  0.5473163  0.5360374  0.5416721  0.5356841  0.5252277  0.5215722  0.5342153  0.5456950  0.5412598  0.5308828  0.5398489
 3  0.7532408  0.7124399  0.6883398  0.6795669  0.6825726  0.6932324  0.6958187  0.7087185  0.6986284  0.6845417  0.6908395  0.6968080  0.7217544  0.7184563  0.7027345  0.6985495  0.6923872  0.6838177  0.6911293  0.6843278  0.6811896  0.6806552  0.6830627  0.6896583  0.6839583  0.6785342  0.6800587
 4  0.4545313  0.4425846  0.4657635  0.4765718  0.4832383  0.4799616  0.4899543  0.4904932  0.4426034  0.4253213  0.4510321  0.5088460  0.5333850  0.5128230  0.4869627  0.4760054  0.4478117  0.4491931  0.4627165  0.4440048  0.4257197  0.4306438  0.4631356  0.4707344  0.4462159  0.4389606  0.4693667
 1  0.7281665  0.6811525  0.6570627  0.6544352  0.6641492  0.6649011  0.6588778  0.6574484  0.6578830  0.6701300  0.6727931  0.6974367  0.6972311  0.6999617  0.6854388  0.6779709  0.6643611  0.6521023  0.6658536  0.6585500  0.6783087  0.6794729  0.6751500  0.6847163  0.6985440  0.6835764  0.6714112
 2  0.5709774  0.5315600  0.5362088  0.5571643  0.5654257  0.5572970  0.5331340  0.5136766  0.5243761  0.5483019  0.5791882  0.6008521  0.6067917  0.6004269  0.5757138  0.5445118  0.5069242  0.5055035  0.5382354  0.5594349  0.5776359  0.5764404  0.5635967  0.5795567  0.5920942  0.5821504  0.5598265
 3  0.7515019  0.7078046  0.6832717  0.6769317  0.6854920  0.6855023  0.6773886  0.6745457  0.6735850  0.6884466  0.6905521  0.7188662  0.7196777  0.7225262  0.7068270  0.6964463  0.6816731  0.6675065  0.6831073  0.6776421  0.6983191  0.7006997  0.6946360  0.7017306  0.7203541  0.7055809  0.6913590
 4  0.4557197  0.4444463  0.4687426  0.4904815  0.4894997  0.4607880  0.4271059  0.4134957  0.4564736  0.4831109  0.5175537  0.5395643  0.5348089  0.5172272  0.4686395  0.4262287  0.3935634  0.4345621  0.4778836  0.4952842  0.5093607  0.4912378  0.4715521  0.5145312  0.5255557  0.4932959  0.4700914
 1  0.7281973  0.6813801  0.6591483  0.6507583  0.6541642  0.6870334  0.6867167  0.6820688  0.6794960  0.6795578  0.6790732  0.6882455  0.6849924  0.6797345  0.6649154  0.6614944  0.6683146  0.6761065  0.7021085  0.6902554  0.6751300  0.6726097  0.6741961  0.6758793  0.6776839  0.6904669  0.7030576
 2  0.5743464  0.5328744  0.5381605  0.5428599  0.5640398  0.5858893  0.5839858  0.5615390  0.5298489  0.4961474  0.4884924  0.5293674  0.5563300  0.5598426  0.5473476  0.5430286  0.5441037  0.5736886  0.5987047  0.5910511  0.5619716  0.5365908  0.5263578  0.5324493  0.5600476  0.5993053  0.6075355
 3  0.7516029  0.7076443  0.6852031  0.6749156  0.6723243  0.7071163  0.7083920  0.7016804  0.6969560  0.6950469  0.6926961  0.7037026  0.7034222  0.6995529  0.6846362  0.6796092  0.6872218  0.6919432  0.7233491  0.7138548  0.6957033  0.6902178  0.6910876  0.6923637  0.6950419  0.7092202  0.7276042
 4  0.4584144  0.4447439  0.4713349  0.4622931  0.4970819  0.5210453  0.4956224  0.4459841  0.3977011  0.3568435  0.4038692  0.4659078  0.4855787  0.4770532  0.4571880  0.4642550  0.4583290  0.5115893  0.5390894  0.5026987  0.4467787  0.4299056  0.4338167  0.4556712  0.4984479  0.5423688  0.5416197
 1  0.7281184  0.6807090  0.6557880  0.6498668  0.6436701  0.6544290  0.6759226  0.6745949  0.6462269  0.6135654  0.6410740  0.6707567  0.6713846  0.6624894  0.6486711  0.6400608  0.6661464  0.6838654  0.6826962  0.7000292  0.6932919  0.6820955  0.6613210  0.6419289  0.6503717  0.6594147  0.6627431
 2  0.5729084  0.5323670  0.5358422  0.5464105  0.5428183  0.5593315  0.5787313  0.5769840  0.5418854  0.5148743  0.5536591  0.5818945  0.5792897  0.5594723  0.5271333  0.5165458  0.5583970  0.5781003  0.5876809  0.5953800  0.5847017  0.5537056  0.4982749  0.4655101  0.4938763  0.5346159  0.5452669
 3  0.7517145  0.7074706  0.6820454  0.6734112  0.6644417  0.6718669  0.6957601  0.6963958  0.6677520  0.6322821  0.6568969  0.6912671  0.6938927  0.6837818  0.6680905  0.6567043  0.6821112  0.7048641  0.7021862  0.7206356  0.7152906  0.7016108  0.6784332  0.6573939  0.6647359  0.6768770  0.6823247
 4  0.4576816  0.4449541  0.4686867  0.4716306  0.4615717  0.4943430  0.5161756  0.4985678  0.4515115  0.4427809  0.5020781  0.5225727  0.5016048  0.4626508  0.4221333  0.4414028  0.5043558  0.5090320  0.5121959  0.5237084  0.4900425  0.4243189  0.3625609  0.3674904  0.4350622  0.4729588  0.4600093
 1  0.7289669  0.6802509  0.6575528  0.6558564  0.6718943  0.6834774  0.6748664  0.6698622  0.6668482  0.6671711  0.6792673  0.7053173  0.7157237  0.7003383  0.6821339  0.6762085  0.6751515  0.6811087  0.6820130  0.6841130  0.6839335  0.6749578  0.6686657  0.6698103  0.6818117  0.6922366  0.6986368
 2  0.5742236  0.5321444  0.5382036  0.5610324  0.5813620  0.5844752  0.5632731  0.5267565  0.4859288  0.4670878  0.5274462  0.6027472  0.6177555  0.6033211  0.5586323  0.5113509  0.4844651  0.4954328  0.5340598  0.5647283  0.5750200  0.5649598  0.5472373  0.5394522  0.5521534  0.5737243  0.5863097
 3  0.7523603  0.7067756  0.6838246  0.6784121  0.6924385  0.7052624  0.6957324  0.6877744  0.6826728  0.6810731  0.6923824  0.7235152  0.7403431  0.7239474  0.7017531  0.6927981  0.6898973  0.6953026  0.6981032  0.7023946  0.7045145  0.6959010  0.6879475  0.6871666  0.6988721  0.7101986  0.7186259
 4  0.4578898  0.4455059  0.4723567  0.4959226  0.5152149  0.5042544  0.4520425  0.3913798  0.3456232  0.3632121  0.4814777  0.5502415  0.5514358  0.4977011  0.4199093  0.3719776  0.3734554  0.4168056  0.4678697  0.4999411  0.5011237  0.4743983  0.4462287  0.4510058  0.4776160  0.5048139  0.5127783
 1  0.7287269  0.6813673  0.6569121  0.6506037  0.6505807  0.6707715  0.6773487  0.6781607  0.6732546  0.6640593  0.6731002  0.6743271  0.6613789  0.6551964  0.6601541  0.6625126  0.6885239  0.7109679  0.6967668  0.6853149  0.6725601  0.6636660  0.6624222  0.6711494  0.6737797  0.6778678  0.6730054
 2  0.5719461  0.5319569  0.5365378  0.5442732  0.5493526  0.5640253  0.5708404  0.5725537  0.5650009  0.5611135  0.5723807  0.5716778  0.5511229  0.5316811  0.5316484  0.5444044  0.5949474  0.6132673  0.6012445  0.5680335  0.5127708  0.4627819  0.4749953  0.5433673  0.5769053  0.5824162  0.5831671
 3  0.7520538  0.7080049  0.6831850  0.6745266  0.6705066  0.6889365  0.6970077  0.6979261  0.6936955  0.6834885  0.6922511  0.6959825  0.6823168  0.6731580  0.6776215  0.6800771  0.7048512  0.7347905  0.7207865  0.7056473  0.6898746  0.6785266  0.6753536  0.6879270  0.6936302  0.6999906  0.6938209
 4  0.4562514  0.4449012  0.4697036  0.4653726  0.4684732  0.4920207  0.4977973  0.4960383  0.4851034  0.4859704  0.5070734  0.4940052  0.4498550  0.4380933  0.4525301  0.4755230  0.5392990  0.5508269  0.5058561  0.4342774  0.3596233  0.3264701  0.4147124  0.4933182  0.5159255  0.5127862  0.5090772
 1  0.7276935  0.6812072  0.6552226  0.6508644  0.6638688  0.6769424  0.6753449  0.6705882  0.6731031  0.6832540  0.6900664  0.6888123  0.6880380  0.7004577  0.7136073  0.6987906  0.6782549  0.6708008  0.6818059  0.6826351  0.6630483  0.6389317  0.6215229  0.5974646  0.6190211  0.6729209  0.6777841
 2  0.5721492  0.5322268  0.5348612  0.5521717  0.5690641  0.5760624  0.5647822  0.5442609  0.5356880  0.5490296  0.5615113  0.5617347  0.5605219  0.5911450  0.6058263  0.5926984  0.5438919  0.5111480  0.5431336  0.5637967  0.5484023  0.5124449  0.4909804  0.4811085  0.5347012  0.5811155  0.5839042
 3  0.7511928  0.7077284  0.6813038  0.6736495  0.6841424  0.6972215  0.6957280  0.6894052  0.6898735  0.7000944  0.7085638  0.7076129  0.7058922  0.7174335  0.7362507  0.7215574  0.6974004  0.6859313  0.6973914  0.7029491  0.6846122  0.6580890  0.6384233  0.6157487  0.6326065  0.6921686  0.7005312
 4  0.4573467  0.4439921  0.4676465  0.4838892  0.4982469  0.4986277  0.4715066  0.4378511  0.4449831  0.4757558  0.4824480  0.4694574  0.4735571  0.5294871  0.5395935  0.4850866  0.3926011  0.4105757  0.4878510  0.4959052  0.4485808  0.4055554  0.4116686  0.4105184  0.4870828  0.5269912  0.5011042
 1  0.7285885  0.6861851  0.6620218  0.6601401  0.6749927  0.6757053  0.6838826  0.6845346  0.6674508  0.6533400  0.6590237  0.6836903  0.6742160  0.6696814  0.6801901  0.6751427  0.6822807  0.6832916  0.6771374  0.6884641  0.7043542  0.6940375  0.6860590  0.6811449  0.6748459  0.6789387  0.7025656
 2  0.5713707  0.5332933  0.5349763  0.5620272  0.5754849  0.5771280  0.5743476  0.5630623  0.5263155  0.4883280  0.5257713  0.5694083  0.5690756  0.5637613  0.5689385  0.5694525  0.5721108  0.5665055  0.5507990  0.5716094  0.5929124  0.5874912  0.5650797  0.5342400  0.4944005  0.5201283  0.5727772
 3  0.7516385  0.7121700  0.6876872  0.6816314  0.6966268  0.6961596  0.7031856  0.7044427  0.6862590  0.6696585  0.6726823  0.7030792  0.6961498  0.6879718  0.6996526  0.6953162  0.7017136  0.7034573  0.6956430  0.7043703  0.7253373  0.7160455  0.7058336  0.6990813  0.6908165  0.6916881  0.7208516
 4  0.4556943  0.4418778  0.4640399  0.4985838  0.5036001  0.4936588  0.4919696  0.4642442  0.4009322  0.3741942  0.4742285  0.5132027  0.4794856  0.4817992  0.4976126  0.4919462  0.4937539  0.4731908  0.4503114  0.5076993  0.5284727  0.4966064  0.4521706  0.4048846  0.3549027  0.4643275  0.5174787
 1  0.7287496  0.6821007  0.6567411  0.6489645  0.6245760  0.6120547  0.6535730  0.6649997  0.6620007  0.6593900  0.6672659  0.6878073  0.6792257  0.6708798  0.6786584  0.6858691  0.6892786  0.6837364  0.6806164  0.6854977  0.6908732  0.6844787  0.6770813  0.6839136  0.6980042  0.6986474  0.7012464
 2  0.5722266  0.5321358  0.5346531  0.5398909  0.5109333  0.5080908  0.5487290  0.5631638  0.5554821  0.5456898  0.5621435  0.5782360  0.5672864  0.5448205  0.5488513  0.5670753  0.5723151  0.5639064  0.5515467  0.5547787  0.5580385  0.5417625  0.5167883  0.5328586  0.5652448  0.5836016  0.5898886
 3  0.7522206  0.7088684  0.6828788  0.6727412  0.6462662  0.6279430  0.6703116  0.6850979  0.6817047  0.6786708  0.6842435  0.7079349  0.7007177  0.6887741  0.6953021  0.7045017  0.7092161  0.7033674  0.6986344  0.7028855  0.7095191  0.7030182  0.6932439  0.6986115  0.7158588  0.7179359  0.7214824
 4  0.4567510  0.4439026  0.4658623  0.4588206  0.4083178  0.4428859  0.4932461  0.4891257  0.4709137  0.4592783  0.4961153  0.5103841  0.4644828  0.4393423  0.4757980  0.4984849  0.4906579  0.4655632  0.4568743  0.4754151  0.4702571  0.4224888  0.3979070  0.4646699  0.5005106  0.5096536  0.5115222
 1  0.7314508  0.6876579  0.6632366  0.6615746  0.6801820  0.6868785  0.6726194  0.6615430  0.6544003  0.6763111  0.7052508  0.6951146  0.6815736  0.6798103  0.6909875  0.6946446  0.6681773  0.6444802  0.6172890  0.5860062  0.6531245  0.6440694  0.6279172  0.6070747  0.6206873  0.6467310  0.6609837
 2  0.5718119  0.5326729  0.5376219  0.5660400  0.5881075  0.5888315  0.5600949  0.5147566  0.4901414  0.5636378  0.6010801  0.5964612  0.5638365  0.5416945  0.5571465  0.5691852  0.5494243  0.5244854  0.5071555  0.5298499  0.5720800  0.5613326  0.5298013  0.5016587  0.5187007  0.5420105  0.5702479
 3  0.7538355  0.7134097  0.6891651  0.6833788  0.7012277  0.7092218  0.6938037  0.6795068  0.6692681  0.6897333  0.7271880  0.7182756  0.7016575  0.6964542  0.7075120  0.7143558  0.6889066  0.6633600  0.6361635  0.5986613  0.6741735  0.6674068  0.6483480  0.6264461  0.6366512  0.6649758  0.6786194
 4  0.4534029  0.4431864  0.4696611  0.5033290  0.5232890  0.5066385  0.4429575  0.3738702  0.3994833  0.5206092  0.5424820  0.5019470  0.4385143  0.4426315  0.4907876  0.4941035  0.4549600  0.4383518  0.4356181  0.4913860  0.5180692  0.4796580  0.4413027  0.4188304  0.4568137  0.4778917  0.5063824
 1  0.7320621  0.6910884  0.6658703  0.6564953  0.6562389  0.6665587  0.6715630  0.6886290  0.6953436  0.7044439  0.7004568  0.6959626  0.6957284  0.6923096  0.6865684  0.6799996  0.6670965  0.6440721  0.6361890  0.6614921  0.6666349  0.6842461  0.6767852  0.6755576  0.6756222  0.6843430  0.6965954
 2  0.5746545  0.5344151  0.5367406  0.5462345  0.5510763  0.5504808  0.5540814  0.5666340  0.5845634  0.5955109  0.5907247  0.5782533  0.5639518  0.5517996  0.5348491  0.5213760  0.5020752  0.4760835  0.5127985  0.5662935  0.5872305  0.5912393  0.5790029  0.5574641  0.5467772  0.5682611  0.5901077
 3  0.7544364  0.7164504  0.6914791  0.6798413  0.6764381  0.6857049  0.6891735  0.7064002  0.7139734  0.7250557  0.7218507  0.7153082  0.7141418  0.7104564  0.7038334  0.6969041  0.6840749  0.6609257  0.6499384  0.6811294  0.6871559  0.7068326  0.6991386  0.6944452  0.6929188  0.7017278  0.7166358
 4  0.4545522  0.4418585  0.4670749  0.4694286  0.4693869  0.4617829  0.4722455  0.4924559  0.5146665  0.5233511  0.5008337  0.4785178  0.4679157  0.4500077  0.4297281  0.4164262  0.3938872  0.3739946  0.4649041  0.5155863  0.5236170  0.5212279  0.4816337  0.4509847  0.4634694  0.5046845  0.5255380
 1  0.7287904  0.6836471  0.6584921  0.6523481  0.6600300  0.6768851  0.6794580  0.6776325  0.6694960  0.6765842  0.6848180  0.6992297  0.6920985  0.6869273  0.6739386  0.6666507  0.6653353  0.6634243  0.6747030  0.6765475  0.6780247  0.6877116  0.6909030  0.6821125  0.6764146  0.6739992  0.6832531
 2  0.5701777  0.5321565  0.5345798  0.5466788  0.5608016  0.5713800  0.5654854  0.5457373  0.5300527  0.5438425  0.5709466  0.5860783  0.5798194  0.5589987  0.5266482  0.5104746  0.5141187  0.5349321  0.5582669  0.5666020  0.5720354  0.5843015  0.5858947  0.5702528  0.5438378  0.5209165  0.5224225
 3  0.7520664  0.7102563  0.6845029  0.6753673  0.6797238  0.6963918  0.6995078  0.6961587  0.6857299  0.6940818  0.7026134  0.7191694  0.7128893  0.7060884  0.6916970  0.6829841  0.6819217  0.6803649  0.6930549  0.6963212  0.6970249  0.7072830  0.7122904  0.7030157  0.6953308  0.6904742  0.6987307
 4  0.4552733  0.4433234  0.4647289  0.4722645  0.4872005  0.4955837  0.4721282  0.4304268  0.4436020  0.4740478  0.5031239  0.5125584  0.4868381  0.4472645  0.4128980  0.4156789  0.4342513  0.4666745  0.4898873  0.4890279  0.4977885  0.5157517  0.5078648  0.4712407  0.4236271  0.4110193  0.4363416
 1  0.7295185  0.6836929  0.6587607  0.6609298  0.6781746  0.6734396  0.6255777  0.6476380  0.6336679  0.6048116  0.6250625  0.6354648  0.6024790  0.5767539  0.6431337  0.6834978  0.6606875  0.6376344  0.6422248  0.6522121  0.6601249  0.6680268  0.6795654  0.6886358  0.6817374  0.6712247  0.6640624
 2  0.5718653  0.5322704  0.5364371  0.5688492  0.5841791  0.5748015  0.5432620  0.5684730  0.5505161  0.5227122  0.5419622  0.5524869  0.5285931  0.5249333  0.5846217  0.5996964  0.5732033  0.5302948  0.5134416  0.5126852  0.5184446  0.5323351  0.5505788  0.5618255  0.5543686  0.5344652  0.5296785
 3  0.7524887  0.7099336  0.6848326  0.6823361  0.7002251  0.6957983  0.6424839  0.6679255  0.6585821  0.6242018  0.6422240  0.6561733  0.6226501  0.5931172  0.6591570  0.7079805  0.6855801  0.6582317  0.6596023  0.6690356  0.6767031  0.6847825  0.6966810  0.7068582  0.7009372  0.6898729  0.6805403
 4  0.4555759  0.4438953  0.4690699  0.5078334  0.5170653  0.4824841  0.4833144  0.5196692  0.4698911  0.4495348  0.4881967  0.4896133  0.4706711  0.4832058  0.5357050  0.5388042  0.4786552  0.4206127  0.4200587  0.4275294  0.4351520  0.4517816  0.4741120  0.4812436  0.4614675  0.4276115  0.4500534
 1  0.7274045  0.6821151  0.6569514  0.6508405  0.6464138  0.6484926  0.6755217  0.6855277  0.6845237  0.6840094  0.6813639  0.6766065  0.6745528  0.6839882  0.6844828  0.7046076  0.6994214  0.7095599  0.7161468  0.7069204  0.6808796  0.6601030  0.6443217  0.6335283  0.6421693  0.6657931  0.6739473
 2  0.5715916  0.5325075  0.5347763  0.5433622  0.5326142  0.5333503  0.5586301  0.5720968  0.5672772  0.5576727  0.5431490  0.5255989  0.5357920  0.5572763  0.5856662  0.6024154  0.6058548  0.6155017  0.6182850  0.6075388  0.5585344  0.4910090  0.4289375  0.4198452  0.4871535  0.5508522  0.5749327
 3  0.7509238  0.7085997  0.6829432  0.6743579  0.6676243  0.6652679  0.6925495  0.7051173  0.7039758  0.7025858  0.6994786  0.6939122  0.6901639  0.7027226  0.7024214  0.7264320  0.7214852  0.7300817  0.7400416  0.7303417  0.7016582  0.6774476  0.6587858  0.6468942  0.6555708  0.6830575  0.6939968
 4  0.4571408  0.4435036  0.4661893  0.4653140  0.4307138  0.4534316  0.4951286  0.4952921  0.4751708  0.4607781  0.4415771  0.4198599  0.4646243  0.4890334  0.5212541  0.5381507  0.5295877  0.5475603  0.5494742  0.5112273  0.4192348  0.3233373  0.2919733  0.3391283  0.4413478  0.4974243  0.5051434
 1  0.7295224  0.6865397  0.6614109  0.6586699  0.6706628  0.6734969  0.6728301  0.6687824  0.6539334  0.6415328  0.6634344  0.6835099  0.6953012  0.6911111  0.6827354  0.6802142  0.6952166  0.6915092  0.6761858  0.6677803  0.6672538  0.6761958  0.7089646  0.6900565  0.6679952  0.6580500  0.6654325
 2  0.5724896  0.5338179  0.5352948  0.5582109  0.5707749  0.5702732  0.5569933  0.5377730  0.5091821  0.5064728  0.5483013  0.5823403  0.5938777  0.5845442  0.5569116  0.5485307  0.5715526  0.5768512  0.5582086  0.5381970  0.5261830  0.5747594  0.6057229  0.5927294  0.5438624  0.4910968  0.4790112
 3  0.7526309  0.7126323  0.6871684  0.6806745  0.6917754  0.6938894  0.6921483  0.6875185  0.6715529  0.6576523  0.6798653  0.7022579  0.7166672  0.7123310  0.7022455  0.6964796  0.7130865  0.7126777  0.6965714  0.6859234  0.6850748  0.6898788  0.7318755  0.7145221  0.6881830  0.6740774  0.6799872
 4  0.4564538  0.4427864  0.4650044  0.4918891  0.4973447  0.4841980  0.4638081  0.4335257  0.4057213  0.4370244  0.4904477  0.5208308  0.5197256  0.4892640  0.4400989  0.4650771  0.5092389  0.4970898  0.4549599  0.4399598  0.4302671  0.5224206  0.5487344  0.4916204  0.3919575  0.3580128  0.3832110
 1  0.7309671  0.6879792  0.6639363  0.6567665  0.6589963  0.6577710  0.6490294  0.6609968  0.6852621  0.6868534  0.6925846  0.6915740  0.7038324  0.6982674  0.6890855  0.6859431  0.6874897  0.6868999  0.6883623  0.6882947  0.6888093  0.6883551  0.6937685  0.6854374  0.6776192  0.6880052  0.6878835
 2  0.5684563  0.5320879  0.5365578  0.5501855  0.5499151  0.5331078  0.5096760  0.5405429  0.5728766  0.5843892  0.5836160  0.5887517  0.5951046  0.5883311  0.5656256  0.5442213  0.5318666  0.5215739  0.5230185  0.5280206  0.5336786  0.5478675  0.5608883  0.5500492  0.5387967  0.5484746  0.5526238
 3  0.7533426  0.7138513  0.6897165  0.6796997  0.6800882  0.6771300  0.6655398  0.6759435  0.7046017  0.7067426  0.7130022  0.7107431  0.7246647  0.7197129  0.7084373  0.7034993  0.7044162  0.7029816  0.7042344  0.7045380  0.7054207  0.7049800  0.7121780  0.7048224  0.6941999  0.7051235  0.7065170
 4  0.4519946  0.4423668  0.4665553  0.4769032  0.4605809  0.4202761  0.4140685  0.4862747  0.5088309  0.5077942  0.5022562  0.5140107  0.5229802  0.4952132  0.4551929  0.4386693  0.4256168  0.4185240  0.4253330  0.4360023  0.4422606  0.4706559  0.4812411  0.4416547  0.4439566  0.4724130  0.4608141
 1  0.7317671  0.6897918  0.6644876  0.6591680  0.6637503  0.6715514  0.6738417  0.6748590  0.6778924  0.6817908  0.6844951  0.7033856  0.6983614  0.6876011  0.6798013  0.6801138  0.6925486  0.6926665  0.6860894  0.6838141  0.6851060  0.6831163  0.6881495  0.6871841  0.6950448  0.7031155  0.7021835
 2  0.5734793  0.5336857  0.5368113  0.5532019  0.5616261  0.5637272  0.5570338  0.5476722  0.5441234  0.5417875  0.5633636  0.5909665  0.5912862  0.5675769  0.5252938  0.5021499  0.5240395  0.5481325  0.5528125  0.5541371  0.5563418  0.5571082  0.5570385  0.5541380  0.5650358  0.5840959  0.5865493
 3  0.7541083  0.7153043  0.6902164  0.6820469  0.6843102  0.6911605  0.6929176  0.6931475  0.6954192  0.6994629  0.7006183  0.7231753  0.7206108  0.7079651  0.6972493  0.6945053  0.7073468  0.7105251  0.7044761  0.7017057  0.7035382  0.7015241  0.7067000  0.7048277  0.7120522  0.7219397  0.7230533
 4  0.4539986  0.4422516  0.4677749  0.4812220  0.4840405  0.4802331  0.4670683  0.4540274  0.4543473  0.4488777  0.4970819  0.5287617  0.5056055  0.4450004  0.3757727  0.3974233  0.4574078  0.4706806  0.4617538  0.4686022  0.4729325  0.4737840  0.4637562  0.4607117  0.4901484  0.5144860  0.5037934
 1  0.7288535  0.6823293  0.6585041  0.6582465  0.6789025  0.6920575  0.6926015  0.6829010  0.6732769  0.6712284  0.6822227  0.6841930  0.6820539  0.6833332  0.6773291  0.6683383  0.6624651  0.6703616  0.6893083  0.6967080  0.7040224  0.6951552  0.6916435  0.6961869  0.6883362  0.6800003  0.6675572
 2  0.5713388  0.5321053  0.5366559  0.5636005  0.5871585  0.5983677  0.5903576  0.5647397  0.5219973  0.4977268  0.5164205  0.5373266  0.5542392  0.5621741  0.5515747  0.5241202  0.5066707  0.5400030  0.5815512  0.6035523  0.6073829  0.5941293  0.5755212  0.5617437  0.5384417  0.5081766  0.4854784
 3  0.7520863  0.7088090  0.6846268  0.6801551  0.6996096  0.7133656  0.7145030  0.7034755  0.6908831  0.6860242  0.6973868  0.7013220  0.6996590  0.7025768  0.6972696  0.6862843  0.6782694  0.6856627  0.7080638  0.7177100  0.7272147  0.7174092  0.7107925  0.7144837  0.7063763  0.6962923  0.6830886
 4  0.4561338  0.4443320  0.4689387  0.5001512  0.5219507  0.5263309  0.5036802  0.4459866  0.3799720  0.3972783  0.4436522  0.4596010  0.4783808  0.4840219  0.4487683  0.4025554  0.4122549  0.4835885  0.5242080  0.5392911  0.5337794  0.4969996  0.4744087  0.4622790  0.4217542  0.3818019  0.3762763
 1  0.7275399  0.6836449  0.6599230  0.6539978  0.6513773  0.6609240  0.6636920  0.6724531  0.6887861  0.6907102  0.6915123  0.6884783  0.6779696  0.6683140  0.6753292  0.6829766  0.6805139  0.6829770  0.6921409  0.6994873  0.6887998  0.6809284  0.6801607  0.6715838  0.6678782  0.6819987  0.6905958
 2  0.5739787  0.5340538  0.5359262  0.5458258  0.5470193  0.5488529  0.5455593  0.5583293  0.5782424  0.5849334  0.5803382  0.5653911  0.5347927  0.5112474  0.5345727  0.5598586  0.5651867  0.5693055  0.5861199  0.5944188  0.5815485  0.5633177  0.5490532  0.5291553  0.5246423  0.5537863  0.5732208
 3  0.7511398  0.7097905  0.6856593  0.6773020  0.6716726  0.6797662  0.6823506  0.6894581  0.7078557  0.7114292  0.7118250  0.7079871  0.6962630  0.6845585  0.6908044  0.7018759  0.7003725  0.7012840  0.7108616  0.7211281  0.7105537  0.7000208  0.6986306  0.6901919  0.6838407  0.6987447  0.7100505
 4  0.4592037  0.4432500  0.4665230  0.4688852  0.4651826  0.4663333  0.4595202  0.4875664  0.5118821  0.5076652  0.4911534  0.4615559  0.4153736  0.4113130  0.4707720  0.4923542  0.4795533  0.4894660  0.5208004  0.5224879  0.4865000  0.4647703  0.4564892  0.4211013  0.4403367  0.4908105  0.4991383
 1  0.7283414  0.6853510  0.6593415  0.6506176  0.6465802  0.6512797  0.6493402  0.6550076  0.6791228  0.6919434  0.7044288  0.6950335  0.6815811  0.6770866  0.6706747  0.6610098  0.6714128  0.6870691  0.6894342  0.6861220  0.6776962  0.6750499  0.6650292  0.6473952  0.6602630  0.6904417  0.6912661
 2  0.5707404  0.5332294  0.5336545  0.5387405  0.5321744  0.5202340  0.5057363  0.5239771  0.5634491  0.5939744  0.6034772  0.5900441  0.5539607  0.5204891  0.5069624  0.5189757  0.5649130  0.5903989  0.5928109  0.5782219  0.5510051  0.5371747  0.5400127  0.5444060  0.5752402  0.6005146  0.6007934
 3  0.7516474  0.7116269  0.6851073  0.6740798  0.6670958  0.6692547  0.6662294  0.6702058  0.6965611  0.7111277  0.7266378  0.7173024  0.7008732  0.6935324  0.6867219  0.6775263  0.6882608  0.7082368  0.7118020  0.7069005  0.6965606  0.6921673  0.6827089  0.6674365  0.6781355  0.7114090  0.7145372
 4  0.4561331  0.4423514  0.4628585  0.4573084  0.4353392  0.4175914  0.4098433  0.4603867  0.5038898  0.5304715  0.5318137  0.4885740  0.4245796  0.4039401  0.4172571  0.4519538  0.5098356  0.5285255  0.5117571  0.4768011  0.4431863  0.4470374  0.4731321  0.4797344  0.5160008  0.5400594  0.5290119
 1  0.7279220  0.6803871  0.6575976  0.6511307  0.6457467  0.6599798  0.6846508  0.6964558  0.6820108  0.6654505  0.6502726  0.6525411  0.6609839  0.6711089  0.6836909  0.6991480  0.6985822  0.7026853  0.6873722  0.6744528  0.6662962  0.6691765  0.6701217  0.6612013  0.6571943  0.6635546  0.6756998
 2  0.5722626  0.5318336  0.5364839  0.5440650  0.5400814  0.5545101  0.5833468  0.5932645  0.5734925  0.5341123  0.4996083  0.5074398  0.5295759  0.5500662  0.5777025  0.5953477  0.6019943  0.5993295  0.5748733  0.5354679  0.5129752  0.5331831  0.5484476  0.5437590  0.5344558  0.5361227  0.5479442
 3  0.7514597  0.7070823  0.6837271  0.6748552  0.6662482  0.6772602  0.7028611  0.7179499  0.7038540  0.6849236  0.6666750  0.6685418  0.6782399  0.6884745  0.7014168  0.7199142  0.7196043  0.7249151  0.7091484  0.6926287  0.6819798  0.6860250  0.6889974  0.6811290  0.6758621  0.6806278  0.6933313
 4  0.4572140  0.4443800  0.4684834  0.4651705  0.4531581  0.4843644  0.5217635  0.5202682  0.4720443  0.4056726  0.3995707  0.4377629  0.4564773  0.4763530  0.5135893  0.5279407  0.5297581  0.5197682  0.4620705  0.4045035  0.4259765  0.4680111  0.4758285  0.4555644  0.4401932  0.4553942  0.4702973
 1  0.7299583  0.6871291  0.6600560  0.6526531  0.6598990  0.6682184  0.6729027  0.6806362  0.6847345  0.7034064  0.6970539  0.6906850  0.6967863  0.6933311  0.6906757  0.6930916  0.6935061  0.6852629  0.6782745  0.6800413  0.6839721  0.6853326  0.6998774  0.6953546  0.6873687  0.6853872  0.7010437
 2  0.5711477  0.5329857  0.5335254  0.5464125  0.5553834  0.5550547  0.5518372  0.5483940  0.5675101  0.5899192  0.5872342  0.5749080  0.5677796  0.5584269  0.5458905  0.5499416  0.5523206  0.5352221  0.5112198  0.4990006  0.5003169  0.5286857  0.5623961  0.5685264  0.5509988  0.5575929  0.5796904
 3  0.7529014  0.7133254  0.6858805  0.6754527  0.6802558  0.6875011  0.6908935  0.6985705  0.7012074  0.7233692  0.7189368  0.7095458  0.7152342  0.7121429  0.7077479  0.7099767  0.7116510  0.7034634  0.6946500  0.6948424  0.6992803  0.7000282  0.7174210  0.7148782  0.7057409  0.7014615  0.7203063
 4  0.4546550  0.4421283  0.4628466  0.4734162  0.4751963  0.4659198  0.4634558  0.4574770  0.4997928  0.5252307  0.4957386  0.4768806  0.4796064  0.4575240  0.4461553  0.4652065  0.4622458  0.4188090  0.3816584  0.3940205  0.4011622  0.4595941  0.4934741  0.4761944  0.4406008  0.4846904  0.5139650
 1  0.7300844  0.6847040  0.6439087  0.6318924  0.6272335  0.6367928  0.6432892  0.6486069  0.6806415  0.6746288  0.6696961  0.6766855  0.6857312  0.6868677  0.6791886  0.6673840  0.6639765  0.6860326  0.6899446  0.6802280  0.6612448  0.6601678  0.7033835  0.6884248  0.6669795  0.6541377  0.6544289
 2  0.5711411  0.5323297  0.5282861  0.5333213  0.5295760  0.5313488  0.5330043  0.5577155  0.5840101  0.5784811  0.5628504  0.5635063  0.5738201  0.5762898  0.5645583  0.5367572  0.5301354  0.5613724  0.5745100  0.5630383  0.5317199  0.5718845  0.6045191  0.5940128  0.5468366  0.4873619  0.4661159
 3  0.7530262  0.7111078  0.6702464  0.6559821  0.6482187  0.6549086  0.6616219  0.6648849  0.7012693  0.6971434  0.6895574  0.6947185  0.7048300  0.7072060  0.6995791  0.6869567  0.6800372  0.7027288  0.7105221  0.7003602  0.6801147  0.6733125  0.7262992  0.7128363  0.6875857  0.6708209  0.6684258
 4  0.4548105  0.4437284  0.4651927  0.4606650  0.4457353  0.4529859  0.4580987  0.5012916  0.5231237  0.4934243  0.4691705  0.4861593  0.5034780  0.4977627  0.4717066  0.4220222  0.4469517  0.5016311  0.4983199  0.4631575  0.4299128  0.5221043  0.5485147  0.4970280  0.3997350  0.3381824  0.3736044
 1  0.7297766  0.6848594  0.6623199  0.6657092  0.6873499  0.6831873  0.6810837  0.6871988  0.6836409  0.6826055  0.6810723  0.6718317  0.6341806  0.5844481  0.5959681  0.5577514  0.6419784  0.6980163  0.7085792  0.6998107  0.6983370  0.6949871  0.6886804  0.6831777  0.6825053  0.6961614  0.6847282
 2  0.5731114  0.5330533  0.5369758  0.5729845  0.5899380  0.5843202  0.5695348  0.5636896  0.5550199  0.5501082  0.5500428  0.5357449  0.4890744  0.4652140  0.4994369  0.5010101  0.5794173  0.6165772  0.6196521  0.6080782  0.5895317  0.5686141  0.5395920  0.5143476  0.5367094  0.5722259  0.5719479
 3  0.7529155  0.7110679  0.6881399  0.6865352  0.7097267  0.7050027  0.6999370  0.7059777  0.7024176  0.7003046  0.6994616  0.6908996  0.6528843  0.5999898  0.6130310  0.5744836  0.6558605  0.7194414  0.7334808  0.7226046  0.7190317  0.7142423  0.7062624  0.6994794  0.6970024  0.7152660  0.7063858
 4  0.4566960  0.4432916  0.4672364  0.5127742  0.5212819  0.4911148  0.4779979  0.4770345  0.4619835  0.4631612  0.4651244  0.4343232  0.3814073  0.4073268  0.4455643  0.4560305  0.5317353  0.5583019  0.5487588  0.5180103  0.4917092  0.4596371  0.4214924  0.3979818  0.4734144  0.5123414  0.4812057
 1  0.7280549  0.6813184  0.6619581  0.6587858  0.6638319  0.6747494  0.6879184  0.6947149  0.6943949  0.7095751  0.6993768  0.6944021  0.6923669  0.6885922  0.6897275  0.6997385  0.7060278  0.6950067  0.6853833  0.6804582  0.6821578  0.6755312  0.6842692  0.6835684  0.6709997  0.6669560  0.6569961
 2  0.5742871  0.5326443  0.5387816  0.5541657  0.5611689  0.5692453  0.5801893  0.5803770  0.5876531  0.5955371  0.5858231  0.5616734  0.5310167  0.4961490  0.4850997  0.5431052  0.5745097  0.5739954  0.5572304  0.5520226  0.5520201  0.5536845  0.5652450  0.5620557  0.5403394  0.5245035  0.5203830
 3  0.7515398  0.7076519  0.6878787  0.6818233  0.6843807  0.6936614  0.7067972  0.7150931  0.7124956  0.7302970  0.7206804  0.7128613  0.7092318  0.7038813  0.7028539  0.7142979  0.7254571  0.7149768  0.7039368  0.6984731  0.7008397  0.6937990  0.7027942  0.7036090  0.6897668  0.6840313  0.6745231
 4  0.4584217  0.4441404  0.4701041  0.4809874  0.4814230  0.4915449  0.5072522  0.4949726  0.5116126  0.5229691  0.4856823  0.4404227  0.3983206  0.3483849  0.3909765  0.4883180  0.5045098  0.4771247  0.4594368  0.4693810  0.4684442  0.4739590  0.4906579  0.4702433  0.4333052  0.4299258  0.4405415
 1  0.7296925  0.6823790  0.6581060  0.6599958  0.6802171  0.6766364  0.6705107  0.6828936  0.6870703  0.6798831  0.6699166  0.6617690  0.6579766  0.6647368  0.6724695  0.6756366  0.6788012  0.6720351  0.6616110  0.6652096  0.6515938  0.6520116  0.6821309  0.6909008  0.6849257  0.6923003  0.6912070
 2  0.5699182  0.5311662  0.5355573  0.5673759  0.5822608  0.5723420  0.5496628  0.5553172  0.5645916  0.5575432  0.5394795  0.5192287  0.5228858  0.5490221  0.5646490  0.5686909  0.5647799  0.5510879  0.5446337  0.5533026  0.5443541  0.5547913  0.5866923  0.5937856  0.5880465  0.5895479  0.5816360
 3  0.7528275  0.7093079  0.6843738  0.6812326  0.7022698  0.6982501  0.6883560  0.6997585  0.7062533  0.6996564  0.6889252  0.6793404  0.6740505  0.6827017  0.6922921  0.6949297  0.6986268  0.6914630  0.6789215  0.6849265  0.6722540  0.6688780  0.7014422  0.7130441  0.7056108  0.7125093  0.7127520
 4  0.4541773  0.4442349  0.4664812  0.5057881  0.5109740  0.4689032  0.4486716  0.4816130  0.4893175  0.4664863  0.4343519  0.4170471  0.4525166  0.4877934  0.4896542  0.4893829  0.4798049  0.4549929  0.4724868  0.4841939  0.4591364  0.4922683  0.5271187  0.5196805  0.5076381  0.5153648  0.4939525
 1  0.7310651  0.6891377  0.6601113  0.6499550  0.6492629  0.6699969  0.6846474  0.6800741  0.6826318  0.6961993  0.6908501  0.6702084  0.6575783  0.6632884  0.6561376  0.6432639  0.6471717  0.6459046  0.6591344  0.6577726  0.6648614  0.6710714  0.6810133  0.6857282  0.7006512  0.6926036  0.6863091
 2  0.5714015  0.5331544  0.5340323  0.5411375  0.5474192  0.5683962  0.5775574  0.5713018  0.5774810  0.5966991  0.5913558  0.5605496  0.5239439  0.5082818  0.4961008  0.4901965  0.5117495  0.5297426  0.5421655  0.5385317  0.5338067  0.5384224  0.5490181  0.5713809  0.5879691  0.5802464  0.5634997
 3  0.7535218  0.7148145  0.6859341  0.6735584  0.6691390  0.6877955  0.7050976  0.7000284  0.7004183  0.7168185  0.7142305  0.6925415  0.6755462  0.6794644  0.6733207  0.6593325  0.6637927  0.6636839  0.6778179  0.6766421  0.6823866  0.6878779  0.6986517  0.7030195  0.7209542  0.7138528  0.7046859
 4  0.4534606  0.4419255  0.4655207  0.4634999  0.4684829  0.5017490  0.5023645  0.4818466  0.5094306  0.5341815  0.5136079  0.4435166  0.4052140  0.4134824  0.3987707  0.4075356  0.4408938  0.4622626  0.4632538  0.4469303  0.4399867  0.4575055  0.4697341  0.5041727  0.5175384  0.4828500  0.4626396
 1  0.7294815  0.6845464  0.6583032  0.6504968  0.6488885  0.6609317  0.6741410  0.6935730  0.6929869  0.6932299  0.6848960  0.6762633  0.6589799  0.6418389  0.6689576  0.6672922  0.6676377  0.6706923  0.6797046  0.6799871  0.6725846  0.6845974  0.6896178  0.6870525  0.6767593  0.6627347  0.6417061
 2  0.5725402  0.5325944  0.5352050  0.5435612  0.5442440  0.5477642  0.5665738  0.5843410  0.5868252  0.5797846  0.5618787  0.5413198  0.5117278  0.5182280  0.5579327  0.5677810  0.5664225  0.5687808  0.5719265  0.5606964  0.5469381  0.5624465  0.5802992  0.5830526  0.5697043  0.5439566  0.5070009
 3  0.7525449  0.7108985  0.6843749  0.6740780  0.6692932  0.6793593  0.6912507  0.7132408  0.7137560  0.7131765  0.7044406  0.6948118  0.6770187  0.6574112  0.6870137  0.6881051  0.6875160  0.6903988  0.6996555  0.6999213  0.6902416  0.7016290  0.7095104  0.7081648  0.6980558  0.6830139  0.6601583
 4  0.4554746  0.4435669  0.4669737  0.4663757  0.4598497  0.4647141  0.4993963  0.5162753  0.5047472  0.4889357  0.4647992  0.4384679  0.4077686  0.4572498  0.5008931  0.4939760  0.4896104  0.4945030  0.4919242  0.4608020  0.4546235  0.4958478  0.5137065  0.5074063  0.4817405  0.4397846  0.4036871
 1  0.7294027  0.6821283  0.6586950  0.6568999  0.6696660  0.6721554  0.6714288  0.6670470  0.6552124  0.6557793  0.6550967  0.6779751  0.7016577  0.6848559  0.6699381  0.6656488  0.6698832  0.6762674  0.6758323  0.6786582  0.6872763  0.6858746  0.6842178  0.6838469  0.6874603  0.6817095  0.6789504
 2  0.5698543  0.5310466  0.5363907  0.5594812  0.5707281  0.5695528  0.5569512  0.5404836  0.5268201  0.5319138  0.5457285  0.5886490  0.6049166  0.5884338  0.5495986  0.5212933  0.5243630  0.5385233  0.5455082  0.5489210  0.5548388  0.5533770  0.5496600  0.5550850  0.5578142  0.5470259  0.5439031
 3  0.7524993  0.7088904  0.6849166  0.6791115  0.6909646  0.6924691  0.6906183  0.6860982  0.6726479  0.6737121  0.6735072  0.6943146  0.7252816  0.7084122  0.6895350  0.6827284  0.6858787  0.6938237  0.6943358  0.6958555  0.7052808  0.7041420  0.7018538  0.7018012  0.7062397  0.7002435  0.6957662
 4  0.4541562  0.4442550  0.4678956  0.4933360  0.4962868  0.4830045  0.4677785  0.4424520  0.4431905  0.4604185  0.4751938  0.5337222  0.5410489  0.4869383  0.4267875  0.4163024  0.4483610  0.4641676  0.4537704  0.4637144  0.4709088  0.4612780  0.4618071  0.4755150  0.4703132  0.4449275  0.4586171
 1  0.7272826  0.6772132  0.6561100  0.6548421  0.6623778  0.6642336  0.6781158  0.7039021  0.6859880  0.6653296  0.6441266  0.6398497  0.6679738  0.6682595  0.6636877  0.6685530  0.6752222  0.6776807  0.6772146  0.6807946  0.6814455  0.6822041  0.6939331  0.7086639  0.7018420  0.6917228  0.6853546
 2  0.5729577  0.5314222  0.5381159  0.5579953  0.5647152  0.5608019  0.5835068  0.6018798  0.5854677  0.5455141  0.4949986  0.5010330  0.5414317  0.5488163  0.5340043  0.5264288  0.5331692  0.5382981  0.5432545  0.5470749  0.5477856  0.5510633  0.5806300  0.6006065  0.5952558  0.5713348  0.5384750
 3  0.7510606  0.7040831  0.6824249  0.6776861  0.6836543  0.6844551  0.6945956  0.7256903  0.7095096  0.6860097  0.6618096  0.6542102  0.6849274  0.6882035  0.6819418  0.6850354  0.6919866  0.6953832  0.6948264  0.6984339  0.6994877  0.6997672  0.7108939  0.7298224  0.7241240  0.7113747  0.7028206
 4  0.4584400  0.4458372  0.4719828  0.4901486  0.4885982  0.4743869  0.5207029  0.5387235  0.4926591  0.4193950  0.3733005  0.4406560  0.4829191  0.4581781  0.4249204  0.4336071  0.4533130  0.4533907  0.4551816  0.4615909  0.4594610  0.4677523  0.5174273  0.5344836  0.5026700  0.4530269  0.4193595
 1  0.7263195  0.6768438  0.6524125  0.6469977  0.6475592  0.6585759  0.6568498  0.6526835  0.6639325  0.6824625  0.6983624  0.6887673  0.6791773  0.6851979  0.6797509  0.6733578  0.6817905  0.6891357  0.6924098  0.7053195  0.6929433  0.6885340  0.6790219  0.6800528  0.6860689  0.6800176  0.6639320
 2  0.5711790  0.5311018  0.5354230  0.5465311  0.5500504  0.5511619  0.5362269  0.5199073  0.5355437  0.5769134  0.5945795  0.5841730  0.5642345  0.5577455  0.5430504  0.5237763  0.5365658  0.5518845  0.5737890  0.5890660  0.5815524  0.5640798  0.5434290  0.5447507  0.5555556  0.5509924  0.5184447
 3  0.7502776  0.7039171  0.6787845  0.6705511  0.6680491  0.6779923  0.6762071  0.6699673  0.6798656  0.6997078  0.7200202  0.7107680  0.6978736  0.7037576  0.6988569  0.6900202  0.6975422  0.7071221  0.7096535  0.7254750  0.7139840  0.7079003  0.6972600  0.6967761  0.7043740  0.6995549  0.6824303
 4  0.4579942  0.4454369  0.4693248  0.4733577  0.4723578  0.4680591  0.4366747  0.4244887  0.4677984  0.5201334  0.5261475  0.4860752  0.4691590  0.4725088  0.4353840  0.4179129  0.4608355  0.4736010  0.5033385  0.5165980  0.4907826  0.4608931  0.4416025  0.4658656  0.4805754  0.4523958  0.3945239
 1  0.7283663  0.6829579  0.6540393  0.6446250  0.6373510  0.6624338  0.6811645  0.6814557  0.6843966  0.6842196  0.6746318  0.6764364  0.6805035  0.6759003  0.6481973  0.6247978  0.6762974  0.6547245  0.6403662  0.6490109  0.6608845  0.6552870  0.6619598  0.6666171  0.6655891  0.6814471  0.6790269
 2  0.5709641  0.5324889  0.5331283  0.5358655  0.5362055  0.5611594  0.5759082  0.5758835  0.5740251  0.5691852  0.5540709  0.5525133  0.5598550  0.5541584  0.5205951  0.5407554  0.5846925  0.5647434  0.5362430  0.5359016  0.5478113  0.5452565  0.5493494  0.5471286  0.5551814  0.5733988  0.5699399
 3  0.7517058  0.7093843  0.6800921  0.6687351  0.6570757  0.6795387  0.7014305  0.7012046  0.7034658  0.7046746  0.6939159  0.6940346  0.6993551  0.6955674  0.6679274  0.6379405  0.6977057  0.6795861  0.6605621  0.6659395  0.6795811  0.6749188  0.6806224  0.6855101  0.6828095  0.7009648  0.7006007
 4  0.4566222  0.4434897  0.4658257  0.4539686  0.4556811  0.4983426  0.5036325  0.4912699  0.4968504  0.4828664  0.4586597  0.4728831  0.4838168  0.4650811  0.4205219  0.4947366  0.5321660  0.4748767  0.4337601  0.4626667  0.4785665  0.4664405  0.4674950  0.4603166  0.4862667  0.5087259  0.4777802
 1  0.7305319  0.6894320  0.6586996  0.6522345  0.6632705  0.6764102  0.6810587  0.6723133  0.6645643  0.6624434  0.6787398  0.6861165  0.6812946  0.6818090  0.6834771  0.6926314  0.6854908  0.6797418  0.6734059  0.6747994  0.6793779  0.6775175  0.6709981  0.6707926  0.6753361  0.6944171  0.6976521
 2  0.5721984  0.5340459  0.5320668  0.5512929  0.5681406  0.5816016  0.5789369  0.5591802  0.5251711  0.5041889  0.5244933  0.5412989  0.5452907  0.5438275  0.5496903  0.5548908  0.5484827  0.5360178  0.5307149  0.5469683  0.5650603  0.5684509  0.5618992  0.5557535  0.5676253  0.5887152  0.5921058
 3  0.7533336  0.7152156  0.6844257  0.6745052  0.6836589  0.6963762  0.7021996  0.6932305  0.6830725  0.6779305  0.6939813  0.7036254  0.6988535  0.6995828  0.7008348  0.7102785  0.7038878  0.6973391  0.6904078  0.6919720  0.6983451  0.6979103  0.6908878  0.6900900  0.6930747  0.7139208  0.7193612
 4  0.4550996  0.4415642  0.4624310  0.4845222  0.4997664  0.5109129  0.4999032  0.4545765  0.3949091  0.4055339  0.4539711  0.4589294  0.4543134  0.4530551  0.4644133  0.4686016  0.4517429  0.4346720  0.4448639  0.4782589  0.4966460  0.4900130  0.4781393  0.4712320  0.4980002  0.5239310  0.5109122
 1  0.7307829  0.6860537  0.6619854  0.6657038  0.6921086  0.6852071  0.6696910  0.6796446  0.7129099  0.7037984  0.6871023  0.6797430  0.6694431  0.6645038  0.6784691  0.6818679  0.6792497  0.6784002  0.6979674  0.6919945  0.6762048  0.6682441  0.6724405  0.6715179  0.6684995  0.6627232  0.6638184
 2  0.5712566  0.5322089  0.5380571  0.5792674  0.5980277  0.5872937  0.5430791  0.5628738  0.6031378  0.6034821  0.5787741  0.5431775  0.4983707  0.4812175  0.5241189  0.5580996  0.5652970  0.5811774  0.5968515  0.5903571  0.5594590  0.5318776  0.5231895  0.5148454  0.5043910  0.4933944  0.5061543
 3  0.7532018  0.7118875  0.6880200  0.6860838  0.7152663  0.7082800  0.6891135  0.6926143  0.7338348  0.7276451  0.7085234  0.6982461  0.6862462  0.6786808  0.6934213  0.7002700  0.6992028  0.6965939  0.7193972  0.7145465  0.6965645  0.6859284  0.6893259  0.6884870  0.6850429  0.6785748  0.6790516
 4  0.4532831  0.4437037  0.4710258  0.5221294  0.5324622  0.4840970  0.3989245  0.5036837  0.5489308  0.5221145  0.4649098  0.4147459  0.3611432  0.3929932  0.4651884  0.4915640  0.4869645  0.5152436  0.5315125  0.5008769  0.4458500  0.4273749  0.4291943  0.4157915  0.3926149  0.3900931  0.4307062
 1  0.7288303  0.6819875  0.6542461  0.6473269  0.6363821  0.6274243  0.6462949  0.6832938  0.6800166  0.6788812  0.6791543  0.6733197  0.6660278  0.6746673  0.7059418  0.7075938  0.6870567  0.6723048  0.6545900  0.6763198  0.7148211  0.6919533  0.6577788  0.6380006  0.6483062  0.6390243  0.6336851
 2  0.5741911  0.5326797  0.5342876  0.5452747  0.5343167  0.5173769  0.5489169  0.5813291  0.5826361  0.5745236  0.5635291  0.5407473  0.5097312  0.5451244  0.5992619  0.6084544  0.5843085  0.5405356  0.4883890  0.5775844  0.6163887  0.6020380  0.5471923  0.4977632  0.5031100  0.4997946  0.4997887
 3  0.7523075  0.7085226  0.6804283  0.6708230  0.6578211  0.6468042  0.6610841  0.7028761  0.7017695  0.6990178  0.6991344  0.6924180  0.6829023  0.6882646  0.7250049  0.7315135  0.7100633  0.6916233  0.6707599  0.6866177  0.7398174  0.7180131  0.6802214  0.6549390  0.6637809  0.6579836  0.6506789
 4  0.4580154  0.4441960  0.4677985  0.4723213  0.4492161  0.4274760  0.4920485  0.5222690  0.5030195  0.4894135  0.4710893  0.4264778  0.3910069  0.4902207  0.5459857  0.5367888  0.4745983  0.3974158  0.3683874  0.5352592  0.5621753  0.5117749  0.4072391  0.3872339  0.4343089  0.4128643  0.4108495
 1  0.7302531  0.6858863  0.6596372  0.6519447  0.6494801  0.6636204  0.6717769  0.6716596  0.6657177  0.6783938  0.6977099  0.6865279  0.6754343  0.6767552  0.6801307  0.6869244  0.6843791  0.6872416  0.6755894  0.6632374  0.6530321  0.6496536  0.6588025  0.6787335  0.7042037  0.6919668  0.6705118
 2  0.5733499  0.5330521  0.5368395  0.5456728  0.5467269  0.5541198  0.5557224  0.5457604  0.5365917  0.5702130  0.5911407  0.5793773  0.5499135  0.5329783  0.5395902  0.5553271  0.5712906  0.5763082  0.5602985  0.5314771  0.5128347  0.5227348  0.5431424  0.5870396  0.6060230  0.5946218  0.5543960
 3  0.7529906  0.7117295  0.6856622  0.6757941  0.6699280  0.6819232  0.6907770  0.6905088  0.6829488  0.6946970  0.7191129  0.7085347  0.6940924  0.6936735  0.6967805  0.7046795  0.7031682  0.7077711  0.6967011  0.6818129  0.6697140  0.6669729  0.6767138  0.6951667  0.7270469  0.7153215  0.6907563
 4  0.4553468  0.4437381  0.4703758  0.4688154  0.4630647  0.4760645  0.4732723  0.4475010  0.4511653  0.5134806  0.5246118  0.4768294  0.4342673  0.4366555  0.4628273  0.4824810  0.5003220  0.5006914  0.4594441  0.4185888  0.4278165  0.4545662  0.4740427  0.5300639  0.5427202  0.4992275  0.4381909
 1  0.7306463  0.6840731  0.6602269  0.6539094  0.6529458  0.6576407  0.6719161  0.6828296  0.7011001  0.6890905  0.6733024  0.6674106  0.6903873  0.6979334  0.6840936  0.6729862  0.6640491  0.6647389  0.6702717  0.6709427  0.6689689  0.6825256  0.6802466  0.6895329  0.7009208  0.6775853  0.6551321
 2  0.5746519  0.5326979  0.5385827  0.5512566  0.5490579  0.5511408  0.5605606  0.5872482  0.6013856  0.5895793  0.5529953  0.5327268  0.5634636  0.5780296  0.5619085  0.5240107  0.4857942  0.4866489  0.5342528  0.5585893  0.5690695  0.5741231  0.5697751  0.5890276  0.5987175  0.5790448  0.5438095
 3  0.7534515  0.7102220  0.6864734  0.6775202  0.6742148  0.6759072  0.6902579  0.7006345  0.7233764  0.7122890  0.6937665  0.6835360  0.7067918  0.7183082  0.7044895  0.6908999  0.6797087  0.6789824  0.6860134  0.6913073  0.6887505  0.7021808  0.7002445  0.7067281  0.7238576  0.7012468  0.6748295
 4  0.4558021  0.4449969  0.4725189  0.4782867  0.4618840  0.4711273  0.4893375  0.5255983  0.5364590  0.4962169  0.4244883  0.4426554  0.5040471  0.5027600  0.4489304  0.3841505  0.3616181  0.4102692  0.4801679  0.4913530  0.4920913  0.4962885  0.4840161  0.5246997  0.5348171  0.4832404  0.4463332
 1  0.7306384  0.6854802  0.6597649  0.6522441  0.6515975  0.6525517  0.6603267  0.6860876  0.7040528  0.6936116  0.6791122  0.6804306  0.6788798  0.6803681  0.6735505  0.6708972  0.6631359  0.6798467  0.6775496  0.6677538  0.6690803  0.6785368  0.6801575  0.6733286  0.6628872  0.6713598  0.6830613
 2  0.5714296  0.5324455  0.5352652  0.5442696  0.5382081  0.5234083  0.5318084  0.5818795  0.6027580  0.5926165  0.5646378  0.5492123  0.5447929  0.5419802  0.5386744  0.5349116  0.5529400  0.5799352  0.5781744  0.5547843  0.5408194  0.5486389  0.5481019  0.5344053  0.5244793  0.5576288  0.5780176
 3  0.7535934  0.7119734  0.6858232  0.6756339  0.6726250  0.6706961  0.6756376  0.7026288  0.7264831  0.7163770  0.6985429  0.6985351  0.6968408  0.6981529  0.6915500  0.6887214  0.6797045  0.7003606  0.7003577  0.6876970  0.6861062  0.6961993  0.6988920  0.6915884  0.6793408  0.6878986  0.7041162
 4  0.4547070  0.4435713  0.4658002  0.4668129  0.4391379  0.4164616  0.4622364  0.5290374  0.5373073  0.4954279  0.4597297  0.4575768  0.4575145  0.4528300  0.4487717  0.4468383  0.4929125  0.5217172  0.4899775  0.4434895  0.4528193  0.4726996  0.4583332  0.4254065  0.4410201  0.5024657  0.5114683
 1  0.7298247  0.6828713  0.6596333  0.6709064  0.7008529  0.6889946  0.6756937  0.6723627  0.6783803  0.6894426  0.6800837  0.6703614  0.6843378  0.6836929  0.6799945  0.6750695  0.6728412  0.6714538  0.6810398  0.6788185  0.6806070  0.6940501  0.6958940  0.6954177  0.6992842  0.6973899  0.6903600
 2  0.5696666  0.5309110  0.5371961  0.5884780  0.6068242  0.5955348  0.5571218  0.5221759  0.5216555  0.5366988  0.5342095  0.5316162  0.5598104  0.5722122  0.5660568  0.5528765  0.5396563  0.5408215  0.5534153  0.5508089  0.5545974  0.5678511  0.5710145  0.5676687  0.5683132  0.5683056  0.5561010
 3  0.7525837  0.7093723  0.6858660  0.6900865  0.7250426  0.7126650  0.6953146  0.6892876  0.6936807  0.7061234  0.6986235  0.6864573  0.7016228  0.7041692  0.7003438  0.6940250  0.6907621  0.6887362  0.6991363  0.6979497  0.6976933  0.7120991  0.7153645  0.7133202  0.7174103  0.7161544  0.7092572
 4  0.4530319  0.4441794  0.4695231  0.5326081  0.5436524  0.4950126  0.4294735  0.4048980  0.4397440  0.4597346  0.4277804  0.4483507  0.4979731  0.4986661  0.4743436  0.4541703  0.4465713  0.4632083  0.4761212  0.4566847  0.4708493  0.4940080  0.4806815  0.4748968  0.4838758  0.4810076  0.4594137
 1  0.7291441  0.6867212  0.6619448  0.6528855  0.6387308  0.6459519  0.6781374  0.6951553  0.6775243  0.6766151  0.6605313  0.6465184  0.6575670  0.6769499  0.6750108  0.6714121  0.6742323  0.6728505  0.6742986  0.6695873  0.6781008  0.6758728  0.6789049  0.6740111  0.6683255  0.6565285  0.6383433
 2  0.5731839  0.5335482  0.5348953  0.5374556  0.5195563  0.5299095  0.5828289  0.5986756  0.5868487  0.5721181  0.5442836  0.5130637  0.5242095  0.5498624  0.5520796  0.5525381  0.5604560  0.5670105  0.5642318  0.5593957  0.5591882  0.5601333  0.5611490  0.5593715  0.5505047  0.5357810  0.5149410
 3  0.7522081  0.7126218  0.6875879  0.6766388  0.6594933  0.6616059  0.6945024  0.7184888  0.7000607  0.6974993  0.6813510  0.6646099  0.6732578  0.6944167  0.6942524  0.6894773  0.6928080  0.6928149  0.6948565  0.6885475  0.6969547  0.6947500  0.6978403  0.6935411  0.6877872  0.6758538  0.6570632
 4  0.4562852  0.4417735  0.4643806  0.4515392  0.4142500  0.4603968  0.5319256  0.5340465  0.5036211  0.4855384  0.4411778  0.4097811  0.4526790  0.4803570  0.4666139  0.4703721  0.4906124  0.4955292  0.4794723  0.4749154  0.4785971  0.4795996  0.4829664  0.4778478  0.4652658  0.4465869  0.4286923
