FL 2019 2020 2021 2022 2023 2024 2025 2026 2027 2028 2029 2030 2031 2032 2033 2034 2035 2036 2037 2038 2039 2040 2041 2042 2043 2044 2045
 1    4109.00    1983.83    1983.83    3543.08    3543.08   16416.25   16416.25   37817.94   37817.94   33202.56   33202.56   12626.00   12626.00   14335.40   14335.40   17603.12   17603.12   10112.72   10112.72    3548.62    3548.62    6876.41    6876.41   18502.64   18502.64   35771.28   35771.28
 2     783.00     377.87     377.87     674.87     674.87    3126.90    3126.90    7203.42    7203.42    6324.30    6324.30    2404.95    2404.95    2730.55    2730.55    3352.98    3352.98    1926.23    1926.23     675.93     675.93    1309.79    1309.79    3524.31    3524.31    6813.58    6813.58
 3    3537.00    5360.51    7000.50   12137.01   12619.16   26798.65   28532.72   33512.05   24709.34   20929.05   13983.86    7719.31    7277.74    9079.37    6203.37    5815.33    5435.86    4350.88    3425.38    2865.20    3204.00    6514.86    6634.49    8212.07    7463.12   10641.69    8286.44
 4    1379.00    2970.80    3090.19    6491.65   12596.80   10983.08    6330.31    5786.44    3819.10    3645.58    3716.39    4478.08    3113.14    3120.34    2788.08    3253.93    2369.20    2379.40    2751.08    4281.83    4482.33    6579.22    5564.98    8630.03    7354.50    7002.67    4051.11
 1    4109.00    2048.51    2048.51    5658.58    5658.58    8440.74    8440.74   13134.20   13134.20   14239.76   14239.76    8189.41    8189.41    8687.91    8687.91    7898.35    7898.35   11892.80   11892.80   59899.69   59899.69   33821.17   33821.17   13142.98   13142.98    5256.17    5256.17
 2     783.00     390.19     390.19    1077.82    1077.82    1607.76    1607.76    2501.75    2501.75    2712.34    2712.34    1559.89    1559.89    1654.84    1654.84    1504.45    1504.45    2265.30    2265.30   11409.46   11409.46    6442.13    6442.13    2503.42    2503.42    1001.18    1001.18
 3    3537.00    4652.40    7430.76   10115.56   11140.94   10933.07   14444.48   16890.34   14530.68   10055.99   11988.27   11245.65   10814.22   11516.75   12643.13   11850.80   10904.94   14245.67   18926.88   18343.66   14046.89    8305.84    7056.47    3916.31    3864.57    2840.36    3548.40
 4    1379.00    2325.26    3033.81    3102.65    3291.27    4488.04    4665.14    4494.99    4879.25    4974.93    4747.11    4727.32    4317.22    4837.29    4932.96    5494.49    8796.07    9196.72    7633.18    5668.16    4522.06    3757.24    2836.09    2010.24    2375.82    2464.54    2825.06
 1    4109.00    3005.31    3005.31    5132.82    5132.82   25870.62   25870.62   15418.33   15418.33   11424.34   11424.34   12986.36   12986.36    6607.99    6607.99   17072.29   17072.29   17300.05   17300.05   14966.49   14966.49   23846.59   23846.59   10783.54   10783.54   14815.42   14815.42
 2     783.00     572.44     572.44     977.68     977.68    4927.74    4927.74    2936.82    2936.82    2176.06    2176.06    2473.59    2473.59    1258.66    1258.66    3251.86    3251.86    3295.25    3295.25    2850.76    2850.76    4542.21    4542.21    2054.01    2054.01    2821.98    2821.98
 3    3537.00    5331.90    7825.90   10256.40   14262.49   17286.79   13208.79   11775.34   12889.26   12891.52   11153.61    6208.19    6164.94    7819.06    8106.09    8949.56    8143.50    6488.37    6615.17    7295.88    7115.51    5991.37    5835.41    3053.38    3733.07    5693.19    6817.42
 4    1379.00    2506.81    3688.83    4520.53    4483.73    3962.58    3652.49    3753.06    3603.58    2972.63    2457.89    3580.12    3925.11    3678.38    3764.64    4280.62    4135.15    4576.68    4378.34    4272.38    3109.64    2802.14    3476.79    4765.29    6271.05    5664.30    3991.68
 1    4109.00     973.90     973.90    6245.78    6245.78    8412.56    8412.56    5911.75    5911.75    6638.02    6638.02   11684.90   11684.90   14335.40   14335.40   18338.63   18338.63   28275.79   28275.79   20152.90   20152.90   28535.89   28535.89   28089.60   28089.60   16191.71   16191.71
 2     783.00     185.50     185.50    1189.67    1189.67    1602.39    1602.39    1126.05    1126.05    1264.38    1264.38    2225.70    2225.70    2730.55    2730.55    3493.07    3493.07    5385.86    5385.86    3838.65    3838.65    5435.41    5435.41    5350.40    5350.40    3084.14    3084.14
 3    3537.00    5221.17    7653.76   10904.55   12428.93   13150.20   12146.67    8591.56    8951.69   11935.95   17480.29   17754.38   19037.67   20429.88   18978.44   19858.14   14446.78   15465.46   13927.74   12533.16   12325.65   14606.49   13567.10   13803.62   10257.73    6145.79    5235.00
 4    1379.00    2558.41    3195.21    3780.11    3518.69    3281.43    3566.77    5087.45    7599.43    8500.03    8297.01    8506.19    7672.57    6463.06    5819.62    5821.36    6085.28    5716.30    5532.79    6221.41    8216.28    8407.20    4825.32    3906.08    3274.65    3191.49    2900.94
 1    4109.00    1834.60    1834.60    4033.26    4033.26   18301.21   18301.21   46641.67   46641.67   45388.27   45388.27    9103.25    9103.25    6290.59    6290.59   25762.05   25762.05   24237.44   24237.44    9492.25    9492.25   24341.86   24341.86   26421.78   26421.78    4649.11    4649.11
 2     783.00     349.45     349.45     768.24     768.24    3485.94    3485.94    8884.13    8884.13    8645.38    8645.38    1733.95    1733.95    1198.21    1198.21    4907.06    4907.06    4616.66    4616.66    1808.05    1808.05    4636.54    4636.54    5032.72    5032.72     885.54     885.54
 3    3537.00    4864.58    6794.43   10593.46   12179.00   25213.16   25083.74   25524.74   23824.56   23368.41   18456.64    6964.38    6519.47    5972.22   10892.88   19907.10   16602.86   12896.56   10258.26    7262.10   10534.15   11113.35    8161.34    7399.56    4858.60    2067.07    2917.64
 4    1379.00    2489.83    2884.49    4567.78    5678.43    4250.75    4464.08    3886.76    4593.71    3056.67    1970.98    2940.65    5294.94    5364.51    5797.88    4305.13    3141.95    3191.64    5340.78    5313.54    4398.53    3749.97    2706.26    2149.23    1967.27    2370.65    3428.93
 1    4109.00    3351.81    3351.81    7681.21    7681.21   14705.92   14705.92   11338.40   11338.40   16137.20   16137.20    9759.29    9759.29   14941.08   14941.08   18493.40   18493.40   11586.04   11586.04    5850.31    5850.31   11014.08   11014.08   25983.81   25983.81    8551.16    8551.16
 2     783.00     638.44     638.44    1463.09    1463.09    2801.13    2801.13    2159.70    2159.70    3073.75    3073.75    1858.91    1858.91    2845.92    2845.92    3522.55    3522.55    2206.86    2206.86    1114.34    1114.34    2097.92    2097.92    4949.30    4949.30    1628.79    1628.79
 3    3537.00    5011.04    8048.05    9730.53   11167.46   13524.77   12170.51    6061.72    8034.85   10605.32   12231.73    8276.40    8020.29    7981.95    7413.82    7086.02    6924.68    5633.97    5160.64    4182.39    5128.53    5979.29    6967.41    9278.26    7914.37    4908.22    6334.26
 4    1379.00    2519.16    3455.49    3742.71    3479.28    2934.97    3529.26    4817.55    6134.26    5570.12    4084.74    3248.48    3896.26    4135.50    4275.89    3250.29    2501.36    2398.60    2681.19    2697.56    4187.43    6044.41    4918.75    4158.85    4687.62    5290.52    4821.25
 1    4109.00    3241.39    3241.39    3233.08    3233.08    6674.98    6674.98    7243.70    7243.70    6838.06    6838.06    5362.43    5362.43    5338.41    5338.41   23058.42   23058.42   10384.37   10384.37    7062.59    7062.59   14019.85   14019.85   32719.77   32719.77   21878.01   21878.01
 2     783.00     617.41     617.41     615.82     615.82    1271.42    1271.42    1379.75    1379.75    1302.49    1302.49    1021.42    1021.42    1016.84    1016.84    4392.08    4392.08    1977.98    1977.98    1345.26    1345.26    2670.45    2670.45    6232.34    6232.34    4167.24    4167.24
 3    3537.00    4720.12    7340.83   10268.58   14242.95   14083.52   13031.41   12031.99   10223.13    9449.73    7930.62    7559.67   11352.16   14431.88   16722.20   14964.07   12144.77    5829.92    5519.06    8417.35   15467.17   18311.01   19260.98   22707.96   20328.96   13371.84   12154.44
 4    1379.00    2383.45    3540.77    4132.10    3687.31    2790.83    2341.40    2231.48    1816.04    1688.94    2175.07    3887.58    4704.98    4097.76    3487.77    3055.64    2264.08    3341.81    6732.41    8809.88    9706.08   10324.74    8583.01    8103.77    6136.73    4856.36    3782.64
 1    4109.00     541.00     541.00    1279.28    1279.28    5403.55    5403.55   24868.54   24868.54   19252.93   19252.93   43821.63   43821.63   21911.27   21911.27    8320.16    8320.16   27331.00   27331.00   69327.26   69327.26   41105.99   41105.99    8412.56    8412.56    7275.58    7275.58
 2     783.00     103.05     103.05     243.67     243.67    1029.25    1029.25    4736.86    4736.86    3667.22    3667.22    8346.98    8346.98    4173.58    4173.58    1584.79    1584.79    5205.90    5205.90   13205.19   13205.19    7829.71    7829.71    1602.39    1602.39    1385.82    1385.82
 3    3537.00    4951.40    7085.18    9521.29   11328.14    6658.57    7124.12   16823.04   18647.56   19657.78   23936.02   24462.10   19629.26   14711.28   11276.01    6413.95    5692.87   12677.08   18156.56   20646.23   15309.75   11385.17    8863.74    3662.86    4176.10    5048.30    6270.83
 4    1379.00    2559.99    2854.73    2472.47    2280.26    3442.98    6280.60    6996.58    7721.81    7141.74    6015.42    4864.41    3753.62    2781.61    2514.09    4758.61   10230.22   12024.52    8896.24    9008.06    6504.51    3946.57    3351.90    3167.34    4086.11    5892.39    8100.75
 1    4109.00    3120.35    3120.35   10467.53   10467.53   12917.06   12917.06    4221.76    4221.76   16390.84   16390.84   32034.62   32034.62   24699.44   24699.44   13546.30   13546.30    6512.81    6512.81    6413.02    6413.02    7815.19    7815.19   10910.59   10910.59   26792.31   26792.31
 2     783.00     594.35     594.35    1993.82    1993.82    2460.39    2460.39     804.14     804.14    3122.06    3122.06    6101.83    6101.83    4704.66    4704.66    2580.25    2580.25    1240.54    1240.54    1221.53    1221.53    1488.61    1488.61    2078.21    2078.21    5103.30    5103.30
 3    3537.00    4997.77    6837.34    9182.61   10427.01    9754.88   11719.83    7393.44    9618.44   14505.54   18938.50   20658.50   18249.77   14892.20   12677.55    8213.92    6158.88    5318.50    4973.36    5474.57    5962.08    6980.41    8260.31    8345.01   12976.68   22599.54   25713.90
 4    1379.00    2646.23    2820.43    2946.54    3358.71    3171.02    4277.86    6993.05    9228.81    9960.01    8067.33    6688.29    5642.60    4315.66    3058.03    2573.82    2499.33    3155.63    3273.83    3446.71    3812.57    3868.16    6576.85   15988.27   22509.21   17129.94   10901.10
 1    4109.00    3203.05    3203.05    4523.44    4523.44    9021.94    9021.94   11250.16   11250.16    9397.08    9397.08    8496.64    8496.64    9028.87    9028.87   12234.68   12234.68   27904.80   27904.80   24100.23   24100.23   28657.40   28657.40    7506.58    7506.58    7908.98    7908.98
 2     783.00     610.10     610.10     861.61     861.61    1718.46    1718.46    2142.89    2142.89    1789.92    1789.92    1618.41    1618.41    1719.78    1719.78    2330.42    2330.42    5315.20    5315.20    4590.52    4590.52    5458.55    5458.55    1429.82    1429.82    1506.47    1506.47
 3    3537.00    4471.04    6495.28   10433.46   15565.87   17810.74   16718.64   13097.42   12010.83   11252.01   11518.66   11581.93   11736.81   11014.51   14250.74    9310.43   13965.86   17681.37   15296.65   13904.25    9277.70    7822.88    5787.63    3146.35    3573.75    4049.48    5803.58
 4    1379.00    2412.58    3512.90    5997.21    4516.98    3017.81    2604.39    2672.30    2515.93    3163.22    3409.69    2577.88    2818.26    4339.99    6281.00    7745.24    8866.13    7065.47    4430.90    3310.82    2642.12    2762.26    2610.61    2410.68    3410.45    3450.51    3473.25
 1    4109.00    1403.09    1403.09    3152.69    3152.69    8121.96    8121.96   14819.11   14819.11   14290.12   14290.12   11060.28   11060.28   28033.24   28033.24   27481.61   27481.61   27955.62   27955.62   15243.23   15243.23   22160.75   22160.75   15286.66   15286.66   19090.76   19090.76
 2     783.00     267.26     267.26     600.51     600.51    1547.04    1547.04    2822.69    2822.69    2721.93    2721.93    2106.72    2106.72    5339.66    5339.66    5234.59    5234.59    5324.88    5324.88    2903.47    2903.47    4221.10    4221.10    2911.74    2911.74    3636.34    3636.34
 3    3537.00    4888.88    7589.90   10678.98   11914.79   14580.29   14898.01   17484.04   17980.75   13414.25   12621.83    7911.19   10089.77   13545.39   15665.00   14563.70   16658.10   11082.00   10920.66   10438.84    9144.89    8703.54    6831.21    5204.15    4834.97    4839.56    3906.47
 4    1379.00    2521.05    3028.43    3681.91    4063.59    4219.41    5116.79    4068.96    3373.23    3055.35    3739.32    7031.09    7810.86    8205.58    8102.32    6820.12    6426.17    6510.46    6052.87    4953.95    3873.33    4047.85    3617.28    3349.68    2794.25    3276.45    5014.81
 1    4109.00    2231.00    2231.00    5511.20    5511.20   12617.68   12617.68   15460.37   15460.37   10559.47   10559.47    8839.91    8839.91   22758.12   22758.12   38115.00   38115.00   31591.56   31591.56   14078.06   14078.06   18086.38   18086.38   31331.92   31331.92   44685.57   44685.57
 2     783.00     424.95     424.95    1049.75    1049.75    2403.37    2403.37    2944.83    2944.83    2011.33    2011.33    1683.79    1683.79    4334.88    4334.88    7260.00    7260.00    6017.44    6017.44    2681.54    2681.54    3445.02    3445.02    5967.98    5967.98    8511.54    8511.54
 3    3537.00    4687.75    7586.97   10674.14   12369.91   13899.59   12526.43    6497.00    5741.06    5160.63    6107.63    5533.87    8742.40   13449.39   14121.17   14670.65   13771.47    9237.14    7757.27    5047.69    5362.05    7266.58    8227.27    8908.41    9426.68   12860.01   12308.93
 4    1379.00    2466.57    3466.47    4304.31    3680.16    2865.73    2306.63    2316.28    2882.00    3125.53    6000.44    7941.09   10440.94   10265.17    7298.06    6084.92    4947.77    4736.26    5115.31    5747.45    5996.80    5729.10    7672.45   10912.25   11380.74   11917.59   10142.90
 1    4109.00    2383.00    2383.00    3049.20    3049.20    5937.16    5937.16    6071.14    6071.14   15211.81   15211.81   15173.93   15173.93   13909.43   13909.43    6740.58    6740.58   11683.52   11683.52    9768.07    9768.07   13926.53   13926.53   24750.26   24750.26   18887.02   18887.02
 2     783.00     453.90     453.90     580.80     580.80    1130.89    1130.89    1156.41    1156.41    2897.49    2897.49    2890.27    2890.27    2649.42    2649.42    1283.92    1283.92    2225.43    2225.43    1860.58    1860.58    2652.67    2652.67    4714.34    4714.34    3597.53    3597.53
 3    3537.00    3938.40    7225.70    9495.36   10553.92    7841.80   12056.13   12461.88   11820.29   11628.50    8301.33    6477.52    6083.51    6171.52    5458.32    4682.39    5139.31    5065.94    6859.99    6990.52    8475.66    8229.85    6866.56    6335.25    4837.46    4067.40    5738.44
 4    1379.00    1987.97    2980.05    3277.78    5586.79    5804.80    5207.56    3811.11    2740.90    2223.62    2489.11    2957.84    2913.52    2449.18    2317.55    1979.53    2541.37    4301.25    5072.58    4719.87    3912.06    3370.25    2935.82    3280.93    5577.73    9718.17    9706.89
 1    4109.00    3375.37    3375.37   10192.64   10192.64   16021.70   16021.70   33626.21   33626.21   18928.14   18928.14   19807.33   19807.33   27330.07   27330.07   15837.82   15837.82    9063.05    9063.05   18272.10   18272.10   43954.22   43954.22   25704.30   25704.30   12538.22   12538.22
 2     783.00     642.93     642.93    1941.46    1941.46    3051.75    3051.75    6404.99    6404.99    3605.36    3605.36    3772.82    3772.82    5205.73    5205.73    3016.73    3016.73    1726.30    1726.30    3480.40    3480.40    8372.23    8372.23    4896.06    4896.06    2388.23    2388.23
 3    3537.00    4169.24    6615.99    9911.12   10392.84   11010.19   14228.96   16395.64   14257.31    6711.07    6073.91    8988.76   10711.83   11698.19    9928.54    6554.33    6198.68    7684.89   10299.35   11898.18   15673.03   15129.27   13511.88    7488.50    6437.03    4577.60    4055.46
 4    1379.00    2426.92    2926.91    3033.43    3335.15    4822.86    5687.29    4799.74    3513.68    4037.92    5831.87    7309.71    5930.46    4561.53    3635.28    4367.23    6016.18    7069.53   10879.20   10074.42    8424.89    5381.03    3755.13    3187.25    3351.52    3193.56    2445.28
 1    4109.00    2770.15    2770.15    5192.42    5192.42    9121.73    9121.73   10528.52   10528.52   11949.63   11949.63    3744.05    3744.05   19482.08   19482.08   15128.19   15128.19   18620.45   18620.45   14950.78   14950.78    9776.84    9776.84    5968.58    5968.58   10410.25   10410.25
 2     783.00     527.65     527.65     989.03     989.03    1737.47    1737.47    2005.43    2005.43    2276.12    2276.12     713.15     713.15    3710.87    3710.87    2881.56    2881.56    3546.75    3546.75    2847.77    2847.77    1862.26    1862.26    1136.87    1136.87    1982.90    1982.90
 3    3537.00    3594.73    6494.20    9115.94   12445.22   17111.77   16701.48   10060.84    9334.28    7658.91    5606.92    5991.54   11026.29   17706.10   16194.08   14207.26   12438.51    9220.61    7988.17    4947.36    5924.02    6624.48    6812.95    6556.52    7315.59    7160.97    8191.01
 4    1379.00    2008.21    3292.45    4545.95    5290.83    4323.00    2982.00    2317.57    1912.78    2279.15    4192.07    7683.80    8409.15    6637.30    4236.35    3141.57    3023.81    2883.49    3646.27    4101.81    4223.84    3524.66    3257.93    3498.31    4519.64    5445.10    6434.12
 1    4109.00    2597.83    2597.83    3104.18    3104.18   14279.96   14279.96   24077.59   24077.59   22679.58   22679.58   21408.62   21408.62   20880.55   20880.55   12906.43   12906.43   19092.61   19092.61   35009.90   35009.90   48016.12   48016.12   29943.15   29943.15   22502.63   22502.63
 2     783.00     494.82     494.82     591.27     591.27    2719.99    2719.99    4586.21    4586.21    4319.92    4319.92    4077.83    4077.83    3977.25    3977.25    2458.37    2458.37    3636.69    3636.69    6668.55    6668.55    9145.93    9145.93    5703.46    5703.46    4286.22    4286.22
 3    3537.00    4558.00    6396.98    9520.74   10326.22   12504.73   14081.37   14681.61   14957.64   15250.52   17897.65   18518.94   18112.47   11090.72   10295.08    8825.33    9900.06   18335.24   26183.27   27906.05   23703.05   19756.06   13382.11    7558.48    7168.50    7400.53    9859.35
 4    1379.00    2610.63    2741.81    2894.26    3731.64    4288.41    4864.16    4833.87    4718.03    6237.08    6834.08    4820.23    4265.50    4758.73    4760.92    7401.50   14392.23   16329.35   11376.34    7663.62    5096.05    4467.87    4954.88    5799.19    7199.13    7629.90   10198.36
 1    4109.00    3262.64    3262.64    3751.90    3751.90   12128.42   12128.42    9415.56    9415.56    7838.75    7838.75    9228.45    9228.45   11212.74   11212.74   32372.34   32372.34   38905.48   38905.48   35771.74   35771.74   38426.39   38426.39   11233.53   11233.53    7270.03    7270.03
 2     783.00     621.46     621.46     714.65     714.65    2310.18    2310.18    1793.44    1793.44    1493.10    1493.10    1757.80    1757.80    2135.76    2135.76    6166.16    6166.16    7410.57    7410.57    6813.66    6813.66    7319.31    7319.31    2139.72    2139.72    1384.77    1384.77
 3    3537.00    4718.18    7442.37    9137.53   13379.12   15413.83   14878.73   10360.70   10084.44    8206.16   10917.24   11067.64   10843.67   12497.09   16685.33   22321.98   21267.41   16692.71   13546.35   14374.85   12549.19   10855.56    8051.37    3893.47    3431.44    3473.87    5134.63
 4    1379.00    2144.79    3381.37    3847.76    4958.93    4478.15    3308.31    3737.77    4104.32    4178.06    4836.37    4434.83    6757.64   12701.60   10439.45    7517.44    5946.06    7614.66    7891.71    6975.62    4402.52    3678.23    2777.58    2286.62    3628.64    3616.20    3471.25
 1    4109.00    1898.82    1898.82    4886.57    4886.57    9936.70    9936.70   25569.85   25569.85   20080.83   20080.83   10619.99   10619.99   17350.41   17350.41   11453.44   11453.44   14224.06   14224.06   18565.01   18565.01   17389.68   17389.68   25846.59   25846.59   17666.88   17666.88
 2     783.00     361.68     361.68     930.78     930.78    1892.70    1892.70    4870.45    4870.45    3824.92    3824.92    2022.86    2022.86    3304.84    3304.84    2181.61    2181.61    2709.34    2709.34    3536.19    3536.19    3312.32    3312.32    4923.16    4923.16    3365.12    3365.12
 3    3537.00    5321.01    8602.78   12048.36   14664.59   17242.76   19216.46   21070.22   17132.67   11863.28    9582.51    6483.70    8057.22    7497.25    9453.67    7234.58    7390.74   10106.90    9817.16    9282.22   10540.64   15146.55   16106.60   16605.03   13716.14   10824.61    9055.12
 4    1379.00    2762.14    3955.52    5806.52    4829.56    6034.03    5455.04    3882.02    2472.85    2679.80    4088.56    4053.54    3782.05    4614.87    5130.12    5783.05    5305.87    5356.08    5826.28    9381.35    9949.23    9449.31    6549.18    5054.82    4817.43    7168.70    7290.31
 1    4109.00    2561.79    2561.79   14418.10   14418.10    7737.58    7737.58   11922.83   11922.83    8185.72    8185.72    7063.52    7063.52   11813.34   11813.34    8133.05    8133.05   10622.77   10622.77    6568.25    6568.25    9832.28    9832.28    5991.68    5991.68    7383.68    7383.68
 2     783.00     487.96     487.96    2746.30    2746.30    1473.82    1473.82    2271.02    2271.02    1559.18    1559.18    1345.43    1345.43    2250.16    2250.16    1549.15    1549.15    2023.38    2023.38    1251.10    1251.10    1872.82    1872.82    1141.27    1141.27    1406.42    1406.42
 3    3537.00    4834.57    7290.95   10478.37    9408.84    6565.00    8211.78    4959.85    5085.33    5798.37    5638.48    5081.30    5755.67    5441.34    5424.08    5479.06    6368.66    7257.35    6556.72    6923.57    7372.90    7617.64    6599.13    5474.12    5438.32    5833.64    6886.09
 4    1379.00    2528.74    2970.56    2525.42    2043.00    2482.56    2887.37    2602.72    2272.41    2810.36    3862.75    3643.08    2714.24    2835.42    3313.17    3938.85    3549.32    3388.79    3172.29    3873.98    3095.23    2381.02    2390.46    3130.55    3932.39    4633.15    5123.34
 1    4109.00    2121.50    2121.50    6208.82    6208.82   15503.80   15503.80   22810.79   22810.79    5326.86    5326.86   13337.02   13337.02   20674.50   20674.50   41443.25   41443.25   49707.97   49707.97   22139.04   22139.04   27124.95   27124.95   12674.05   12674.05    6936.93    6936.93
 2     783.00     404.10     404.10    1182.63    1182.63    2953.10    2953.10    4344.91    4344.91    1014.64    1014.64    2540.38    2540.38    3938.00    3938.00    7893.95    7893.95    9468.18    9468.18    4216.96    4216.96    5166.66    5166.66    2414.10    2414.10    1321.32    1321.32
 3    3537.00    4423.57    7309.09    9145.09   13996.29   19918.40   18858.35   15672.65   12297.98    6290.37   10391.61   14698.75   14340.71   15111.55   13938.41   14424.74   14196.83   11755.47    8185.17    4515.48    5877.37    5076.08    4345.89    3404.88    3443.00    2553.73    2843.44
 4    1379.00    2335.90    3484.34    5174.06    6005.13    5173.38    3290.06    2410.50    3963.54    7187.27    8047.50    6311.94    5020.77    6272.70    7677.32    6703.90    5567.94    4719.02    3964.86    4416.72    4003.71    3519.13    2694.24    2055.60    2457.52    2770.99    3889.81
 1    4109.00    2159.85    2159.85    4213.90    4213.90    3554.63    3554.63    7851.69    7851.69    8104.87    8104.87   19758.82   19758.82   27349.02   27349.02   36911.03   36911.03   27788.38   27788.38   14236.07   14236.07    6054.51    6054.51   16405.16   16405.16   15915.44   15915.44
 2     783.00     411.40     411.40     802.65     802.65     677.07     677.07    1495.56    1495.56    1543.78    1543.78    3763.58    3763.58    5209.34    5209.34    7030.67    7030.67    5293.02    5293.02    2711.63    2711.63    1153.24    1153.24    3124.79    3124.79    3031.51    3031.51
 3    3537.00    4997.34    8080.69    9770.98   11312.29    7671.55    8405.65    9433.90   10565.90   14002.33   16357.11   19056.91   19066.60   20200.13   16565.03   11959.01    9010.50    7248.71    4132.27    2729.03    3701.75    3218.55    5345.97    6765.79    6787.27    6407.49    7220.18
 4    1379.00    2305.72    3151.34    2976.16    3390.15    3465.99    4453.92    6032.35    7830.98    9131.82    8137.68    8201.31    7756.53    6539.91    5306.13    4450.83    3080.27    2702.70    3136.87    3040.48    4920.82    4201.55    4153.23    4321.00    5003.64    7248.88    8977.88
 1    4109.00    2443.98    2443.98    3720.95    3720.95    6127.51    6127.51   21260.32   21260.32    4057.28    4057.28   11501.03   11501.03   23569.39   23569.39   20587.18   20587.18   10960.49   10960.49   12518.35   12518.35   12455.98   12455.98    9922.37    9922.37    8482.78    8482.78
 2     783.00     465.52     465.52     708.75     708.75    1167.14    1167.14    4049.58    4049.58     772.82     772.82    2190.67    2190.67    4489.41    4489.41    3921.37    3921.37    2087.71    2087.71    2384.45    2384.45    2372.57    2372.57    1889.98    1889.98    1615.77    1615.77
 3    3537.00    4916.60    7788.28    9835.14   12320.43   16586.74   15788.08   11314.76    9233.18    7562.14    9026.36   11879.39   12878.24   13649.12   11472.08    7202.96    5636.36    4955.34    4515.51    4774.35    5710.76    6017.13    8049.23    7990.40    8053.36    7447.70    6887.18
 4    1379.00    2442.85    3166.36    3670.37    4470.51    4891.11    3245.77    3587.19    3790.32    4107.28    6156.40    6454.91    5410.39    4147.25    3394.36    3017.58    2770.32    3038.85    3312.18    3626.52    4578.79    5547.91    5977.16    4454.00    3595.36    3387.08    3818.77
 1    4109.00    2033.72    2033.72    9720.02    9720.02   51590.16   51590.16   32842.66   32842.66   31920.97   31920.97   44994.18   44994.18   19122.18   19122.18   31971.79   31971.79   16482.77   16482.77   12059.59   12059.59    5799.95    5799.95   18510.03   18510.03   17789.77   17789.77
 2     783.00     387.38     387.38    1851.43    1851.43    9826.70    9826.70    6255.74    6255.74    6080.18    6080.18    8570.32    8570.32    3642.32    3642.32    6089.86    6089.86    3139.58    3139.58    2297.06    2297.06    1104.75    1104.75    3525.72    3525.72    3388.53    3388.53
 3    3537.00    5093.90    6817.83    8907.17   14908.52   17574.52   12164.01   13238.30   15260.46   12291.86   10990.43   12822.08   10336.03    7185.88   11439.78   18394.20   21525.22   18238.22   16565.53   10223.57   10391.02    8921.58   10851.86   10267.80    9813.03    8994.12    8419.76
 4    1379.00    2569.75    3558.56    5021.88    5160.86    4967.59    6312.74    5856.41    4521.83    4692.02    4479.09    4867.57    4344.46    5292.30    9513.95    6914.57    5358.23    4159.26    3757.03    3842.82    3754.94    3887.51    5136.77    4458.22    3521.64    2937.95    3809.28
 1    4109.00    2487.87    2487.87    4195.42    4195.42    5588.81    5588.81    7257.56    7257.56   10946.63   10946.63   16140.89   16140.89   10256.86   10256.86    9628.08    9628.08   23344.40   23344.40   96717.39   96717.39   93321.69   93321.69   35467.28   35467.28   17745.88   17745.88
 2     783.00     473.88     473.88     799.13     799.13    1064.54    1064.54    1382.39    1382.39    2085.07    2085.07    3074.46    3074.46    1953.69    1953.69    1833.92    1833.92    4446.55    4446.55   18422.36   18422.36   17775.56   17775.56    6755.67    6755.67    3380.17    3380.17
 3    3537.00    5303.45    7053.63   10142.66   11652.39    6891.84    6706.24    9150.27    9498.63    9193.00    9389.64    9121.16    7376.92    5070.54    5224.22    6718.26   11430.16   14714.11   21913.26   32011.17   34189.77   29566.52   22368.07   15623.02   10919.98    8027.72    9000.83
 4    1379.00    2676.15    2950.12    2699.95    2666.50    3667.06    4087.38    4146.96    3776.01    3360.95    2993.86    2821.77    3108.56    3884.84    6551.73    8461.16   15280.28   28236.15   28785.38   21388.79   12773.78    7837.97    5573.35    4725.39    5475.10    5769.63    6410.24
 1    4109.00    2287.82    2287.82    4969.27    4969.27   13905.74   13905.74   25329.61   25329.61    6986.83    6986.83    4982.67    4982.67   12658.34   12658.34   19317.14   19317.14   22367.27   22367.27   23118.94   23118.94   22544.68   22544.68   30721.15   30721.15   20484.16   20484.16
 2     783.00     435.78     435.78     946.53     946.53    2648.71    2648.71    4824.69    4824.69    1330.82    1330.82     949.08     949.08    2411.11    2411.11    3679.46    3679.46    4260.43    4260.43    4403.61    4403.61    4294.22    4294.22    5851.65    5851.65    3901.74    3901.74
 3    3537.00    5299.24    7723.46   11274.02   14777.52   16978.91   16747.51   15742.73   12875.56    5673.18    5554.68    4623.56    7253.45    8502.30    9415.45   10155.63    8446.04    9229.41   10950.58    8299.16    7077.27    6252.23    6458.52   10472.61   13243.09   11307.84    8334.69
 4    1379.00    2456.81    3473.40    4601.48    4744.02    4554.38    3700.53    2761.34    2572.40    2867.49    3866.06    5150.31    5888.85    4431.01    4263.34    6632.66    6825.10    5557.84    5256.39    4625.00    5385.53    9995.97   10786.60    7167.10    5456.96    4405.66    3425.08
 1    4109.00    1525.52    1525.52    3448.83    3448.83   15141.13   15141.13    4749.36    4749.36    6601.52    6601.52    7041.80    7041.80   17383.67   17383.67   11214.13   11214.13   12670.81   12670.81   13292.66   13292.66   11750.51   11750.51   11778.69   11778.69    4912.91    4912.91
 2     783.00     290.58     290.58     656.92     656.92    2884.02    2884.02     904.64     904.64    1257.43    1257.43    1341.30    1341.30    3311.18    3311.18    2136.02    2136.02    2413.49    2413.49    2531.94    2531.94    2238.19    2238.19    2243.56    2243.56     935.79     935.79
 3    3537.00    4772.93    8409.06   10658.17   11853.20   16650.78   13157.83    7655.19   10274.69   11069.59   14885.99    9662.85   13298.75   16277.68   17560.07   13782.64   13635.00   12852.88   11054.40    8883.34    8472.16    5789.43    6306.99    6294.01    6367.41    5862.29    5957.68
 4    1379.00    2337.04    3408.53    3448.41    2664.63    1594.05    2091.01    3101.84    3785.55    4092.76    5318.83    8340.22    8698.06    7059.58    6136.03    6023.47    5103.73    4642.53    4129.64    3603.46    3759.06    3789.77    3864.61    3312.60    3633.12    3646.96    3374.02
 1    4109.00    1496.42    1496.42    4053.13    4053.13    9544.00    9544.00    7400.78    7400.78   10559.47   10559.47    9137.90    9137.90   10733.65   10733.65   14215.28   14215.28   11180.40   11180.40   10901.81   10901.81    3923.77    3923.77    7337.95    7337.95   12968.80   12968.80
 2     783.00     285.03     285.03     772.02     772.02    1817.90    1817.90    1409.67    1409.67    2011.33    2011.33    1740.55    1740.55    2044.50    2044.50    2707.67    2707.67    2129.60    2129.60    2076.54    2076.54     747.38     747.38    1397.70    1397.70    2470.25    2470.25
 3    3537.00    5543.14    7091.18   10546.04   12776.60   13553.09   14129.40    9071.64    8402.35    8876.96    8745.64    9608.15   13205.15   15701.00   13931.82   11329.09    9826.74    9716.85    8570.81    8532.71    8716.21    6181.94    7030.39    7376.65    7185.95    8058.89   10267.27
 4    1379.00    2502.09    2979.34    3790.84    3917.68    3633.57    3415.71    3641.44    3124.20    3755.07    6171.89    7163.27    5924.76    4188.33    3186.73    3606.00    3815.83    3536.76    3730.55    3631.50    3318.61    3463.14    3328.08    3975.50    5326.27    6600.35    6254.82
 1    4109.00    1936.70    1936.70    3626.70    3626.70   13474.23   13474.23   20239.76   20239.76   14505.88   14505.88   17134.66   17134.66    9953.33    9953.33   15329.16   15329.16   12847.30   12847.30    7627.16    7627.16   10341.87   10341.87   28515.10   28515.10   34747.95   34747.95
 2     783.00     368.90     368.90     690.80     690.80    2566.52    2566.52    3855.19    3855.19    2763.02    2763.02    3263.74    3263.74    1895.87    1895.87    2919.84    2919.84    2447.10    2447.10    1452.79    1452.79    1969.88    1969.88    5431.45    5431.45    6618.66    6618.66
 3    3537.00    4861.90    7388.01    9597.77   14184.49   19666.12   24196.62   23945.70   21884.68   17346.11   15112.74   14831.19   13551.82    9580.48    9850.42    9117.01    7114.79    6308.05    7047.26    5909.21    9006.20   13704.98   15278.52   17139.24   15814.61   14353.88   10415.93
 4    1379.00    2660.80    3559.69    5163.98    7322.40    8308.69    6036.17    4015.49    3490.14    3645.32    3592.65    3892.58    4107.35    4571.31    3161.42    2561.64    2682.38    4196.19    6291.53    8121.78    9167.09    8912.78    8692.15    7723.77    5637.00    4153.54    3230.88
 1    4109.00    1785.63    1785.63    6898.58    6898.58    9330.55    9330.55    9731.57    9731.57    6900.89    6900.89   20317.37   20317.37   17491.32   17491.32    8942.93    8942.93   16022.16   16022.16   20096.54   20096.54   28436.56   28436.56   22458.28   22458.28   11109.25   11109.25
 2     783.00     340.12     340.12    1314.02    1314.02    1777.25    1777.25    1853.63    1853.63    1314.46    1314.46    3869.98    3869.98    3331.68    3331.68    1703.42    1703.42    3051.84    3051.84    3827.91    3827.91    5416.49    5416.49    4277.77    4277.77    2116.05    2116.05
 3    3537.00    5544.76    7617.91    9979.19   10907.59   12975.18   10595.61   12665.96   13871.87   16181.67   20068.07   19283.39   18300.72    9518.35    7616.26    8486.90    8967.00    9625.83    9856.72   14159.00   17190.05   14066.27   12433.92   11526.32   11071.57    7366.65    8480.58
 4    1379.00    2523.44    3092.24    3008.59    3309.05    3211.82    3010.18    4800.00    5148.18    5471.15    5226.02    3680.41    2971.65    3540.33    4240.08    4177.14    4294.92    6601.00    8057.47    8892.05    7764.65    8062.32    6217.81    4859.50    6241.92    7044.02    7127.33
 1    4109.00    2677.29    2677.29    3836.91    3836.91   12166.31   12166.31    6002.77    6002.77    4304.45    4304.45   13390.15   13390.15   28200.02   28200.02   16898.11   16898.11    4194.04    4194.04   16353.41   16353.41   39805.46   39805.46   15586.49   15586.49   25726.93   25726.93
 2     783.00     509.96     509.96     730.84     730.84    2317.39    2317.39    1143.38    1143.38     819.90     819.90    2550.50    2550.50    5371.43    5371.43    3218.69    3218.69     798.86     798.86    3114.94    3114.94    7581.99    7581.99    2968.86    2968.86    4900.37    4900.37
 3    3537.00    5634.81    8285.04   10197.78   11527.63   10929.73    8961.98    4538.79    5184.89    4196.21    7031.63   13326.39   13935.43   12193.84    8460.42    6236.14    5546.53    4354.16    7376.59    9880.75    9497.79    7287.40    6021.08    3572.82    3721.87    4972.58    7295.50
 4    1379.00    2665.82    3197.17    2833.13    2506.78    2098.97    1917.68    2615.08    4062.30    5404.85    6518.13    4726.25    3693.04    3272.91    2539.39    3122.96    4709.30    5266.63    5495.53    5002.25    4432.18    3897.97    3888.22    4669.21    6314.87   10001.37   10548.54
 1    4109.00    2239.78    2239.78    5149.45    5149.45    6537.76    6537.76   21486.23   21486.23   27174.84   27174.84    8572.41    8572.41    9080.61    9080.61   11529.67   11529.67   22638.00   22638.00   35408.61   35408.61   29132.80   29132.80   14673.12   14673.12    9479.78    9479.78
 2     783.00     426.62     426.62     980.85     980.85    1245.29    1245.29    4092.62    4092.62    5176.16    5176.16    1632.84    1632.84    1729.64    1729.64    2196.13    2196.13    4312.00    4312.00    6744.50    6744.50    5549.10    5549.10    2794.88    2794.88    1805.67    1805.67
 3    3537.00    4095.54    6841.17   10599.83   10064.18    6046.12    8178.17   11993.94   12662.78   13005.43    9666.13    5203.08    5189.75    5143.46    5411.52    7004.45    9400.10   11453.92   16447.43   15634.97   12359.78    8553.33    8761.52    8050.95    7518.97    5724.62    5578.45
 4    1379.00    2105.70    2830.67    3032.60    3133.62    4838.07    6534.48    6787.01    4494.70    3448.67    3199.53    2607.01    2854.32    3585.35    5680.23    8431.30   10158.72    8746.03    6904.79    6142.98    5728.72    5246.09    5184.51    4279.01    3728.24    3947.17    3852.95
 1    4109.00    2725.80    2725.80    2678.68    2678.68    6752.13    6752.13    9556.01    9556.01    6445.82    6445.82   13038.10   13038.10   14220.82   14220.82   17817.95   17817.95   12321.08   12321.08   10486.48   10486.48    4589.05    4589.05   10820.96   10820.96   10305.37   10305.37
 2     783.00     519.20     519.20     510.22     510.22    1286.12    1286.12    1820.19    1820.19    1227.78    1227.78    2483.45    2483.45    2708.73    2708.73    3393.90    3393.90    2346.87    2346.87    1997.42    1997.42     874.10     874.10    2061.14    2061.14    1962.93    1962.93
 3    3537.00    5625.59    8662.72   10229.93   13273.30   13526.33   14672.44   14512.88   13780.84   20122.48   22201.18   20747.79   21383.81   16726.97   16886.68   15185.36   14671.53   16083.40   12640.93   10561.38    8790.18    6823.13    8749.85    9247.76    8630.86    7316.72    8791.25
 4    1379.00    2638.94    3577.33    3640.63    3839.30    3434.74    3799.61    4019.14    6430.68    7188.73    5488.14    6395.11    5168.97    6354.50    6306.15    6324.55    5004.70    4070.36    3003.66    2618.72    2462.91    3141.24    3654.31    3178.62    3192.38    4469.59    4700.74
 1    4109.00    9136.97    9136.97    7602.21    7602.21   13492.25   13492.25   10100.24   10100.24    8502.65    8502.65   15039.02   15039.02   20372.81   20372.81   13543.53   13543.53   15336.55   15336.55   35975.48   35975.48   17172.08   17172.08   29047.33   29047.33   26929.06   26929.06
 2     783.00    1740.38    1740.38    1448.04    1448.04    2569.95    2569.95    1923.86    1923.86    1619.55    1619.55    2864.58    2864.58    3880.54    3880.54    2579.72    2579.72    2921.25    2921.25    6852.47    6852.47    3270.87    3270.87    5532.82    5532.82    5129.34    5129.34
 3    3537.00    8652.14   11761.26    7907.11    8986.35    8786.26    8410.81    7691.24   10990.44    8273.40    8539.67    8973.97    9198.28   10882.31   12116.52    8275.99    8325.36    8400.23    9491.92    8682.11    8469.76    4744.48    5952.11   10413.50   12954.18    9938.91    8211.91
 4    1379.00    2283.93    2583.28    2454.25    2544.75    2483.45    2620.47    3898.61    3865.75    4187.02    4201.02    5092.46    5707.53    5527.79    4727.68    3823.19    5280.47    6673.71    5770.19    4125.43    5676.36    9787.52   10562.53    7703.08    5384.89    3518.13    3220.80
 1    4109.00    1112.50    1112.50    2814.97    2814.97   12771.99   12771.99   18220.36   18220.36   24781.68   24781.68   41758.80   41758.80   21780.53   21780.53    2867.63    2867.63    2599.67    2599.67    8307.68    8307.68   21721.39   21721.39   27846.13   27846.13   19562.00   19562.00
 2     783.00     211.90     211.90     536.18     536.18    2432.76    2432.76    3470.54    3470.54    4720.32    4720.32    7954.06    7954.06    4148.67    4148.67     546.22     546.22     495.18     495.18    1582.42    1582.42    4137.41    4137.41    5304.02    5304.02    3726.10    3726.10
 3    3537.00    4776.47    7314.19   10696.12   17279.02   20629.86   19270.71   21401.77   21097.72   19230.66   19805.09   18579.37   12118.07    3616.90    2450.19    1247.92    1158.25    2571.11    5957.79   10311.84   13485.02   15505.47   14043.65   12454.36   10426.16    6837.01    8240.24
 4    1379.00    2171.99    3856.51    6354.97    5993.12    5780.04    5983.37    5502.63    5316.06    5020.30    4678.63    3360.37    2122.67    1562.86    1320.03    1837.33    3398.03    6038.83    7917.78    7849.78    8003.04    6714.72    4924.07    4723.88    7551.69    6527.60    5935.52
 1    4109.00     477.71     477.71    3007.62    3007.62    4886.11    4886.11    7488.10    7488.10   10685.60   10685.60   14447.20   14447.20   17999.52   17999.52   10344.64   10344.64   24744.72   24744.72   22247.15   22247.15   16166.30   16166.30   23853.52   23853.52   33000.66   33000.66
 2     783.00      90.99      90.99     572.88     572.88     930.69     930.69    1426.30    1426.30    2035.35    2035.35    2751.85    2751.85    3428.48    3428.48    1970.41    1970.41    4713.28    4713.28    4237.55    4237.55    3079.30    3079.30    4543.53    4543.53    6285.84    6285.84
 3    3537.00    4345.93    6847.93    9787.91   11443.73   13961.75   16179.49   18285.57   19177.35   26596.72   28980.63   27192.68   28374.55   16704.89   13556.51   12660.58   13659.32   16373.74   13148.88   12372.74   12899.16   13533.33   12526.54   14272.54   12784.99   11527.60    8761.57
 4    1379.00    2267.97    2884.22    3374.95    3868.11    5339.27    5659.05    5792.76    9313.54    8473.88    6441.45    5025.21    3834.80    3602.88    5006.78    7419.90    6552.90    6419.82    5561.72    5581.71    5646.78    6924.67    6185.39    5048.35    4349.69    3998.87    3272.04
 1    4109.00    1688.15    1688.15    3098.63    3098.63   11504.72   11504.72   19172.08   19172.08   18677.74   18677.74   22693.44   22693.44    8074.37    8074.37   12104.86   12104.86   25446.50   25446.50   20808.48   20808.48    9189.64    9189.64   17242.76   17242.76   22552.99   22552.99
 2     783.00     321.55     321.55     590.22     590.22    2191.38    2191.38    3651.82    3651.82    3557.66    3557.66    4322.56    4322.56    1537.98    1537.98    2305.69    2305.69    4846.95    4846.95    3963.52    3963.52    1750.41    1750.41    3284.34    3284.34    4295.81    4295.81
 3    3537.00    4750.18    7431.76   10837.22   14974.80   19433.91   16041.47   16718.13   17700.92   17993.14   15665.45   14287.13   10971.78    5944.93    7201.27    8228.32    9316.75    8897.78    7602.68    4914.09    4988.08    4236.65    5730.49    7686.60   10008.26   11080.40   14487.23
 4    1379.00    2594.36    3577.94    5530.69    4309.06    4196.14    4625.86    5460.31    4858.28    4079.90    3139.04    3037.08    3143.53    3868.20    3773.51    4213.27    4086.68    3708.31    3948.68    3230.17    3409.54    4485.48    6703.56    7066.86    9419.36    9666.42    8181.11
 1    4109.00    3933.47    3933.47    4261.03    4261.03    8815.42    8815.42   21297.28   21297.28   33106.00   33106.00   27493.16   27493.16   37576.77   37576.77   21777.76   21777.76    8231.45    8231.45    5357.35    5357.35    7092.16    7092.16    5187.34    5187.34    6027.71    6027.71
 2     783.00     749.23     749.23     811.62     811.62    1679.13    1679.13    4056.62    4056.62    6305.90    6305.90    5236.79    5236.79    7157.48    7157.48    4148.14    4148.14    1567.90    1567.90    1020.45    1020.45    1350.89    1350.89     988.06     988.06    1148.14    1148.14
 3    3537.00    5266.35    7546.70   10122.28   10912.22   12241.59   16787.51   16573.04   17774.09   21906.92   26504.13   17935.06   17995.74   14912.67   11617.05    8766.22    7096.85    4114.77    4838.32    3719.43    3974.10    3742.68    3588.92    3902.83    4350.48    5492.77    5571.28
 4    1379.00    2530.49    2932.79    3013.05    3876.69    4857.90    4812.74    5742.42    9555.03   10784.72    7178.06    6334.23    6142.92    4703.31    3312.42    3066.94    2898.35    2608.80    2513.12    2159.78    2174.71    2221.86    2695.12    3685.97    3682.21    3647.92    3639.59
 1    4109.00    2958.19    2958.19    4341.88    4341.88    6760.45    6760.45    8128.89    8128.89   22034.63   22034.63   36315.05   36315.05   20574.25   20574.25   19001.60   19001.60   10615.37   10615.37   18407.00   18407.00   25459.44   25459.44   34157.51   34157.51   41888.62   41888.62
 2     783.00     563.46     563.46     827.02     827.02    1287.70    1287.70    1548.36    1548.36    4197.07    4197.07    6917.15    6917.15    3918.90    3918.90    3619.35    3619.35    2021.98    2021.98    3506.10    3506.10    4849.42    4849.42    6506.19    6506.19    7978.78    7978.78
 3    3537.00    4821.42    7413.78   10523.62   10105.16   11749.21   12560.29    8954.40   11691.24   13914.72   14672.21   14612.62   12194.81    5655.14    5192.74    5826.46    6535.36    6802.34    7834.43    9430.84    9420.49    9421.91    8854.25   11200.44   11348.64   12274.47   10353.98
 4    1379.00    2337.09    3103.38    3269.07    2824.48    3722.98    5303.24    6242.18    6563.10    6210.25    5560.36    4356.95    3860.57    4191.69    4555.82    4913.58    5580.87    5959.40    5249.18    4529.15    5900.04    7613.83    8637.28    9271.76    7142.93    5772.67    5588.01
 1    4109.00    1737.12    1737.12    4038.34    4038.34   15920.06   15920.06   22811.25   22811.25   13952.40   13952.40   10425.03   10425.03   20279.95   20279.95   20531.28   20531.28    9088.00    9088.00    8079.46    8079.46   13885.87   13885.87   10244.85   10244.85   15395.23   15395.23
 2     783.00     330.88     330.88     769.21     769.21    3032.39    3032.39    4345.00    4345.00    2657.60    2657.60    1985.72    1985.72    3862.85    3862.85    3910.72    3910.72    1731.05    1731.05    1538.94    1538.94    2644.93    2644.93    1951.40    1951.40    2932.42    2932.42
 3    3537.00    4375.76    7403.30   10819.33   14240.67   15349.46   15160.44   15013.44   12386.58   10151.80    9035.98    6240.12   10054.05   14671.20   14533.36   12899.50   10301.97    8017.67    7955.55    7999.53    7401.18    9017.57    8309.81    5504.77    6349.97    6158.57    5916.41
 4    1379.00    2323.62    3354.81    4679.79    4424.39    4241.17    3681.88    3039.00    3250.51    2841.92    4020.81    8295.50    7439.62    6001.27    4641.49    4696.33    4136.73    4327.43    3754.91    4629.96    3976.54    4009.23    4004.69    3884.07    3482.95    3390.01    3636.11
 1    4109.00    2170.94    2170.94    6434.74    6434.74    8624.62    8624.62   27920.05   27920.05   33042.24   33042.24   13036.25   13036.25    8819.58    8819.58   11812.88   11812.88    8380.68    8380.68    7227.53    7227.53    4970.66    4970.66    4650.95    4650.95   16407.47   16407.47
 2     783.00     413.51     413.51    1225.66    1225.66    1642.78    1642.78    5318.10    5318.10    6293.76    6293.76    2483.10    2483.10    1679.92    1679.92    2250.07    2250.07    1596.32    1596.32    1376.67    1376.67     946.79     946.79     885.90     885.90    3125.23    3125.23
 3    3537.00    3743.73    6370.73    9560.92   12776.56   13494.92   14899.53   22439.88   25129.48   23394.59   17500.01    8589.71    9803.83   10039.20    9502.36    8372.27    7635.11    6368.49    6592.62    6261.44    6809.23    5248.97    5103.47    6351.05    9281.50   11236.69   10714.76
 4    1379.00    1948.68    3174.66    4081.97    3851.49    5048.56    9134.75    8471.25    5483.52    4007.90    3341.38    4663.15    4474.14    3650.97    2716.68    2902.37    2810.01    2393.54    2424.91    2361.77    2473.21    3404.19    5486.71    5961.05    5009.63    4640.34    4777.12
 1    4109.00    3595.28    3595.28    6482.32    6482.32   10750.28   10750.28    9713.55    9713.55    6581.65    6581.65   12051.27   12051.27   12416.25   12416.25   10116.41   10116.41    6121.96    6121.96   14155.22   14155.22   20566.39   20566.39   16563.62   16563.62   22786.76   22786.76
 2     783.00     684.82     684.82    1234.73    1234.73    2047.67    2047.67    1850.20    1850.20    1253.65    1253.65    2295.48    2295.48    2365.00    2365.00    1926.94    1926.94    1166.09    1166.09    2696.23    2696.23    3917.41    3917.41    3154.98    3154.98    4340.34    4340.34
 3    3537.00    3965.49    6800.92   10233.36   10545.79   11908.36   11057.71    6087.03    5935.03    6265.64    7745.03   11194.33   10186.66    8401.84    9136.06    8054.76    7312.67    6914.18    7274.24    8820.89   10603.14    8589.67    7574.15    7353.38    7004.74    7631.43    7396.68
 4    1379.00    2316.90    2891.31    3336.56    3271.09    2730.27    2078.82    2305.61    3334.49    5099.08    4904.22    4509.16    4755.40    4165.12    3561.23    3596.73    3585.12    4274.94    5882.63    6676.25    5758.92    5214.04    5034.79    5131.77    4712.42    3914.05    2832.90
 1    4109.00    4216.21    4216.21    6066.52    6066.52    6416.26    6416.26   15128.19   15128.19   16534.98   16534.98   18743.34   18743.34   37040.39   37040.39   24837.12   24837.12   14908.28   14908.28   20432.87   20432.87    9521.82    9521.82   17289.89   17289.89    9885.41    9885.41
 2     783.00     803.09     803.09    1155.53    1155.53    1222.14    1222.14    2881.56    2881.56    3149.52    3149.52    3570.16    3570.16    7055.31    7055.31    4730.88    4730.88    2839.67    2839.67    3891.98    3891.98    1813.68    1813.68    3293.31    3293.31    1882.94    1882.94
 3    3537.00    5233.94    6989.18    9661.90    9714.69   10869.08   13864.45   16300.84   15978.80   17737.59   16946.37   15715.47   17482.23   15766.70   12686.41    9864.51   14751.79   15297.52   13335.55   12140.23   12370.38    7216.31    7352.99    7660.73    7419.98    5684.66    7289.48
 4    1379.00    2576.55    2875.35    2738.10    3760.68    4405.17    4324.14    5298.70    5137.51    4489.12    4509.82    4829.23    4934.64    3551.93    3298.75    5966.87    5740.76    3742.88    3449.55    4105.16    3481.57    3600.95    3619.25    3525.63    4684.61    4502.54    4069.22
 1    4109.00    4982.67    4982.67    7727.87    7727.87   17753.74   17753.74   13910.82   13910.82    7337.48    7337.48   11851.69   11851.69    3691.84    3691.84   13156.84   13156.84   15665.03   15665.03   12939.70   12939.70   11805.49   11805.49    8333.56    8333.56    4468.93    4468.93
 2     783.00     949.08     949.08    1471.98    1471.98    3381.66    3381.66    2649.68    2649.68    1397.62    1397.62    2257.46    2257.46     703.21     703.21    2506.06    2506.06    2983.82    2983.82    2464.70    2464.70    2248.66    2248.66    1587.34    1587.34     851.22     851.22
 3    3537.00    5761.07    7907.74   10879.73   12962.96   16705.80   18107.86   12680.37   11795.14   10309.50    9308.91    9727.35   10311.75    9016.54    8592.74    8799.44    8563.09    6995.50    6799.46    5540.36    5966.09    4225.18    5173.68    3945.45    4322.54    4527.11    6574.77
 4    1379.00    2657.46    3634.25    4750.91    5624.53    6666.37    4881.60    4175.42    3318.50    3521.42    3699.11    3531.77    3472.15    3372.64    3431.34    3091.82    2793.07    2280.60    2694.39    2865.61    3322.30    3144.06    2909.96    3594.30    4818.10    5879.06    5888.52
 1    4109.00    2506.35    2506.35    2953.10    2953.10   13884.02   13884.02   18996.05   18996.05   30666.18   30666.18   35093.06   35093.06   28512.79   28512.79   28106.70   28106.70   20142.28   20142.28   31524.11   31524.11   32524.34   32524.34   27025.15   27025.15   25294.96   25294.96
 2     783.00     477.40     477.40     562.50     562.50    2644.58    2644.58    3618.30    3618.30    5841.18    5841.18    6684.39    6684.39    5431.01    5431.01    5353.66    5353.66    3836.62    3836.62    6004.59    6004.59    6195.11    6195.11    5147.65    5147.65    4818.09    4818.09
 3    3537.00    3936.65    7814.11   10007.49   16741.73   21889.40   18870.80   15869.68   26201.49   31909.61   33214.22   33051.72   27226.78   21539.88   21272.75   20563.72   19464.60   22487.62   27590.09   32822.90   33850.21   30269.11   27713.45   18436.96   15847.76   13043.69    9132.92
 4    1379.00    2111.05    4169.81    6906.41    5899.96    3951.66    4998.88   11419.62   13207.96    9183.74    6874.22    5539.27    4060.55    5248.03    6263.99    6665.96    7090.74   12839.06   11141.68    8785.82    6967.25    6807.81    5416.68    5692.53    4374.27    3610.95    3972.61
 1    4109.00    3696.00    3696.00   12901.35   12901.35    7763.45    7763.45   10978.04   10978.04   11842.91   11842.91   13835.98   13835.98   11995.83   11995.83   20753.04   20753.04   36657.39   36657.39   37653.00   37653.00   47084.73   47084.73   52528.94   52528.94   25237.21   25237.21
 2     783.00     704.00     704.00    2457.40    2457.40    1478.75    1478.75    2091.06    2091.06    2255.79    2255.79    2635.42    2635.42    2284.92    2284.92    3952.96    3952.96    6982.36    6982.36    7172.00    7172.00    8968.52    8968.52   10005.51   10005.51    4807.09    4807.09
 3    3537.00    4985.53    7130.16    9339.95    9734.95    8036.71    8479.50    6569.21    8186.83    9274.21    9642.47   11101.91    9491.63    7517.98    8100.40   14470.61   18416.04   16854.46   12707.37    9824.98   16453.18   24247.05   24455.69   20773.84   17752.06   14540.21   11705.72
 4    1379.00    2657.11    3140.28    2906.55    2227.16    2427.13    4006.61    4715.69    5051.51    4368.95    3578.31    3082.56    3303.57    6206.82    8968.68    9023.87    6489.32    4266.47    6376.37   16599.16   18512.65   11451.66    7856.20    7280.95    6447.77    4396.73    4142.36
 1    4109.00    2780.78    2780.78    4419.03    4419.03    8755.82    8755.82   14037.41   14037.41    6744.28    6744.28   12707.77   12707.77   13345.79   13345.79   18069.74   18069.74   16892.57   16892.57   26177.85   26177.85   10614.91   10614.91    9777.77    9777.77   27534.74   27534.74
 2     783.00     529.67     529.67     841.72     841.72    1667.78    1667.78    2673.79    2673.79    1284.62    1284.62    2420.53    2420.53    2542.06    2542.06    3441.86    3441.86    3217.63    3217.63    4986.26    4986.26    2021.89    2021.89    1862.43    1862.43    5244.71    5244.71
 3    3537.00    5010.92    6830.22    9480.21    9547.68   11307.43   11300.77    7463.77    7100.73    5779.45    9500.14   11663.47   10914.57   10072.88    8799.64    9017.19    8549.69    9434.91   10842.44    7998.66    5046.06    3867.03    4419.19    2909.35    4724.75    7953.66    8889.32
 4    1379.00    2430.43    2848.16    2855.14    2894.27    3115.16    2676.91    2762.22    3866.93    5104.95    5282.42    4208.50    3663.73    3693.82    3745.08    4712.24    5473.05    4497.89    3670.57    3362.07    2844.21    2501.26    3682.43    5773.64    7056.74    5988.33    5544.06
 1    4109.00    2845.92    2845.92    5064.44    5064.44   11617.91   11617.91   14266.10   14266.10   20349.25   20349.25   15107.40   15107.40   22313.68   22313.68   27665.02   27665.02   27182.23   27182.23    8115.95    8115.95   13252.93   13252.93   34474.44   34474.44   38746.09   38746.09
 2     783.00     542.08     542.08     964.66     964.66    2212.94    2212.94    2717.35    2717.35    3876.05    3876.05    2877.60    2877.60    4250.22    4250.22    5269.53    5269.53    5177.57    5177.57    1545.90    1545.90    2524.37    2524.37    6566.56    6566.56    7380.21    7380.21
 3    3537.00    3661.18    6390.87    9562.59   10916.26   10377.94   11700.22    7798.16   11374.23   15697.90   17000.19   14586.18   13758.80   18646.11   18866.43   17598.37   11745.44    6779.89    5679.04    4739.34    5489.30    5955.32    8020.81    8016.40    8959.98   12632.57   12853.94
 4    1379.00    2151.18    3004.36    3164.36    2915.29    3274.73    4841.72    8691.56    8879.18    6705.75    5598.87    7479.98    9192.02    8114.72    5414.22    3897.17    2961.87    3159.51    3792.62    3665.12    4510.20    4434.10    6209.77    9882.91    9426.21    8096.54    7596.60
 1    4109.00    2404.71    2404.71    2378.38    2378.38   10847.76   10847.76    6542.38    6542.38   18647.24   18647.24   17399.84   17399.84   21470.99   21470.99   30419.93   30419.93   11013.16   11013.16   16218.97   16218.97   14098.85   14098.85   24812.63   24812.63   18592.73   18592.73
 2     783.00     458.04     458.04     453.02     453.02    2066.24    2066.24    1246.17    1246.17    3551.86    3551.86    3314.26    3314.26    4089.71    4089.71    5794.27    5794.27    2097.74    2097.74    3089.33    3089.33    2685.50    2685.50    4726.22    4726.22    3541.47    3541.47
 3    3537.00    4802.67    7613.37   10138.08   11274.51   10641.42   10544.72    5896.08    9741.64   14181.82   14179.17   13892.85   14331.52   11449.58   10670.44    9610.90    8382.44    5388.64    7632.10    9977.07    8879.90    8255.32    8450.97    8181.97    7237.32    5101.27    5679.94
 4    1379.00    2350.54    3215.85    3007.46    2279.33    2411.30    4357.15    6594.87    7028.35    6048.95    6194.50    5851.65    5344.29    4287.91    4319.59    4420.60    5967.10    5933.22    4842.08    4807.46    4643.79    4809.12    3668.84    3136.77    4294.15    4506.51    4369.15
 1    4109.00    1754.21    1754.21    2768.77    2768.77   18644.47   18644.47   14279.50   14279.50   19697.83   19697.83   18571.48   18571.48   13270.49   13270.49   19919.59   19919.59   12339.56   12339.56    7313.92    7313.92    4107.64    4107.64   11556.01   11556.01   23810.56   23810.56
 2     783.00     334.14     334.14     527.38     527.38    3551.33    3551.33    2719.90    2719.90    3751.97    3751.97    3537.42    3537.42    2527.71    2527.71    3794.21    3794.21    2350.39    2350.39    1393.13    1393.13     782.41     782.41    2201.14    2201.14    4535.34    4535.34
 3    3537.00    4211.18    7323.59   11289.67   22106.92   25783.76   24227.00   20554.39   17319.00   12232.59   12178.72    9580.44    9617.09    7388.50    7998.16    9857.11    8546.62    5825.91    6125.21    6061.64    6626.25    6676.96    7675.14    9515.11    8992.56    9618.69    9209.35
 4    1379.00    2377.29    4723.64    9517.32    8508.46    5701.93    4369.69    3973.01    4663.56    4533.95    3923.74    4961.24    6113.98    5213.88    4791.59    4354.36    4316.78    4272.58    4223.37    3728.79    5012.80    4822.92    5102.82    6254.68    6281.67    6111.16    5876.73
 1    4109.00    1924.23    1924.23    7009.46    7009.46   14696.68   14696.68   20222.66   20222.66   29032.54   29032.54    9870.17    9870.17   17518.58   17518.58   24911.50   24911.50   15051.96   15051.96   18075.29   18075.29   24704.99   24704.99   29188.24   29188.24   36786.75   36786.75
 2     783.00     366.52     366.52    1335.14    1335.14    2799.37    2799.37    3851.94    3851.94    5530.01    5530.01    1880.03    1880.03    3336.87    3336.87    4745.05    4745.05    2867.04    2867.04    3442.91    3442.91    4705.71    4705.71    5559.66    5559.66    7007.00    7007.00
 3    3537.00    5431.21    7525.39    9590.25    9600.07    9357.49   11199.74   15416.73   18694.35   20747.21   18520.45    9959.41    9260.72   11179.20   10056.84   10961.38   10055.63    9909.34   10692.91   12449.61   11261.51   12275.52   10850.62   12637.74   11558.11   10876.85    8762.73
 4    1379.00    2515.94    2791.98    2174.22    2206.92    4288.39    6818.59    5828.96    6769.25    5409.37    3809.85    3772.30    4775.94    5278.62    4171.84    5336.30    6182.83    5821.24    5372.34    6230.70    5826.83    6314.60    6063.73    6597.47    4749.50    4062.10    3865.05
