FL 2019 2020 2021 2022 2023 2024 2025 2026 2027 2028 2029 2030 2031 2032 2033 2034 2035 2036 2037 2038 2039 2040 2041 2042 2043 2044 2045
 1  0.7288134  0.6828020  0.6318362  0.6050499  0.6180428  0.6767852  0.6745501  0.6664854  0.6487433  0.6255689  0.5941832  0.6222452  0.6079131  0.5115219  0.4729613  0.6438934  0.6443975  0.5438222  0.4446772  0.6811854  0.6813073  0.6345667  0.5795607  0.5522680  0.6549935  0.6659515  0.6568767
 2  0.5725724  0.5236363  0.4820518  0.4565452  0.5215452  0.5775044  0.5767447  0.5463026  0.4917435  0.4561824  0.4808427  0.5593786  0.5370436  0.4545265  0.4721883  0.5813388  0.5665836  0.4731361  0.4724704  0.6080811  0.6009385  0.5625837  0.5117033  0.5308663  0.5808527  0.5901331  0.5576193
 3  0.7521145  0.7089222  0.6563120  0.6255717  0.6299741  0.6959596  0.6972967  0.6861059  0.6657680  0.6411564  0.6076614  0.6434395  0.6321958  0.5332160  0.4738156  0.6632397  0.6705444  0.5690198  0.4350324  0.7029848  0.7078742  0.6588545  0.6016148  0.5596574  0.6775899  0.6903281  0.6778112
 4  0.4566311  0.4168102  0.3786090  0.3533319  0.4810040  0.5263101  0.4843003  0.4136989  0.3619326  0.3644673  0.4416237  0.5152350  0.4837984  0.4019391  0.4591622  0.5367461  0.5099758  0.4052349  0.4671463  0.5580624  0.5437471  0.5040877  0.4547123  0.4983720  0.5341086  0.5055589  0.4463869
 1  0.7290193  0.6837632  0.6349925  0.6062988  0.5942941  0.5969095  0.6366416  0.6493274  0.6603596  0.6792534  0.6793671  0.6777289  0.6857539  0.6898372  0.6982671  0.7012253  0.7018556  0.7155840  0.7027917  0.6937860  0.6666112  0.6348356  0.6272430  0.5673364  0.5289190  0.6095159  0.6365199
 2  0.5731135  0.5245497  0.4834400  0.4573283  0.4455951  0.4796991  0.5343778  0.5485397  0.5556752  0.5640172  0.5576717  0.5481840  0.5469219  0.5486398  0.5533780  0.5539527  0.5730143  0.5928628  0.5875643  0.5625276  0.5172839  0.5025881  0.5151464  0.4781196  0.4721037  0.5582015  0.5675903
 3  0.7523618  0.7097663  0.6592731  0.6266158  0.6116761  0.6106032  0.6527249  0.6694452  0.6784744  0.6977416  0.6989476  0.6954361  0.7032666  0.7070767  0.7150163  0.7188840  0.7177769  0.7355949  0.7243958  0.7125150  0.6841072  0.6517661  0.6454524  0.5888978  0.5417957  0.6250927  0.6595783
 4  0.4573780  0.4167930  0.3779666  0.3563556  0.3559712  0.4313000  0.4831883  0.4704404  0.4744210  0.4862198  0.4638260  0.4539030  0.4548332  0.4552985  0.4648864  0.4537610  0.5015486  0.5261877  0.4896549  0.4390327  0.4111996  0.4342267  0.4527167  0.4045859  0.4333062  0.5192861  0.5156392
 1  0.7283085  0.6840649  0.6282337  0.5964885  0.6120251  0.6174238  0.6046791  0.6037810  0.6275931  0.6180651  0.6098022  0.6083394  0.6390196  0.6476185  0.6348083  0.6513325  0.6448818  0.6524295  0.6504850  0.6533045  0.6468243  0.6344048  0.6218610  0.6361673  0.6724726  0.6881174  0.6850783
 2  0.5726575  0.5248717  0.4780273  0.4665861  0.4908076  0.4964633  0.4878591  0.5162708  0.5446405  0.5327341  0.5166812  0.5250717  0.5617639  0.5632184  0.5544892  0.5571164  0.5555495  0.5570633  0.5575452  0.5544619  0.5394666  0.5171516  0.5171325  0.5679159  0.5949063  0.6022426  0.5839459
 3  0.7516802  0.7099042  0.6526256  0.6156975  0.6290876  0.6357334  0.6213121  0.6186683  0.6470775  0.6392298  0.6296628  0.6244042  0.6562769  0.6704017  0.6550173  0.6708113  0.6648542  0.6717637  0.6705566  0.6731834  0.6672447  0.6531119  0.6378684  0.6513244  0.6946008  0.7119031  0.7067572
 4  0.4573648  0.4163187  0.3748323  0.3919706  0.4235404  0.4115728  0.4128727  0.4704408  0.4862959  0.4596713  0.4368020  0.4686837  0.5121452  0.4947020  0.4814475  0.4887588  0.4845442  0.4888624  0.4858698  0.4792601  0.4498007  0.4241871  0.4584717  0.5232625  0.5392143  0.5235263  0.4713407
 1  0.7292546  0.6838715  0.6466868  0.6284605  0.6173183  0.6156516  0.6195745  0.6342739  0.6536395  0.6906675  0.6926497  0.6872256  0.6937910  0.6905636  0.6930370  0.6970691  0.6964456  0.6998679  0.6866157  0.6799871  0.6847902  0.6970088  0.6844799  0.6723929  0.6655295  0.6634451  0.6658488
 2  0.5718989  0.5240255  0.4925618  0.4730929  0.4625863  0.4658813  0.4869873  0.5213661  0.5656781  0.5946464  0.5920730  0.5778396  0.5670183  0.5550634  0.5411837  0.5330550  0.5368089  0.5445524  0.5452802  0.5447501  0.5666726  0.5811890  0.5670379  0.5356962  0.5066007  0.5069366  0.5222167
 3  0.7524902  0.7101030  0.6708312  0.6484615  0.6343940  0.6318818  0.6348417  0.6504872  0.6701045  0.7110458  0.7149251  0.7064621  0.7123112  0.7093371  0.7097358  0.7131475  0.7121870  0.7167999  0.7046146  0.6977904  0.7023077  0.7171244  0.7056096  0.6910756  0.6820209  0.6793058  0.6829775
 4  0.4556608  0.4177696  0.3835978  0.3655929  0.3723804  0.3836217  0.4212030  0.4628924  0.5106389  0.5309308  0.5026140  0.4795348  0.4775214  0.4507691  0.4296483  0.4252803  0.4484339  0.4590074  0.4548954  0.4619089  0.4984465  0.5083081  0.4652839  0.4104465  0.3973549  0.4275447  0.4481526
 1  0.7307392  0.6865300  0.6408113  0.6149128  0.6191279  0.6449832  0.6470370  0.6557391  0.6408932  0.6396179  0.6077461  0.5152939  0.5915079  0.6827260  0.6834378  0.6897149  0.6831721  0.6812829  0.6854119  0.7008868  0.6909250  0.6848133  0.6790138  0.6728948  0.6555754  0.6281172  0.6676582
 2  0.5709265  0.5237572  0.4864099  0.4669147  0.4917741  0.5266310  0.5400207  0.5442653  0.5397593  0.5403006  0.5058053  0.4290337  0.5543131  0.6006127  0.6038697  0.5890358  0.5569432  0.5257059  0.5462003  0.5824573  0.5807458  0.5592812  0.5305288  0.5122349  0.5001812  0.5412820  0.5880104
 3  0.7534590  0.7122673  0.6649498  0.6348802  0.6348352  0.6620327  0.6654595  0.6744133  0.6597477  0.6591636  0.6304879  0.5321647  0.5949296  0.7073380  0.7076885  0.7107219  0.7024003  0.6983147  0.6998353  0.7211320  0.7130660  0.7037979  0.6961864  0.6900147  0.6725778  0.6434317  0.6880149
 4  0.4540021  0.4161973  0.3800697  0.3708562  0.4304990  0.4632428  0.4667961  0.4659748  0.4697232  0.4747145  0.4127442  0.3685578  0.5232657  0.5477494  0.5194300  0.4838543  0.4392477  0.4045084  0.4863876  0.5234318  0.4852882  0.4377022  0.4211978  0.4107348  0.4195678  0.4995557  0.5346141
 1  0.7296156  0.6865713  0.6319811  0.5965498  0.5894293  0.5847682  0.5758593  0.5958513  0.6601750  0.6779748  0.6747393  0.6756046  0.6871201  0.7016380  0.7034842  0.7007154  0.6900299  0.6818815  0.6879851  0.6912138  0.6917577  0.7033897  0.7050739  0.6957018  0.6855992  0.6910466  0.6998607
 2  0.5721350  0.5249587  0.4794257  0.4563447  0.4632478  0.4704799  0.4798118  0.5436594  0.5888981  0.5952092  0.5781143  0.5481085  0.5330065  0.5432822  0.5577063  0.5608823  0.5432199  0.5229860  0.5353590  0.5535334  0.5726540  0.5953657  0.5984577  0.5823731  0.5560435  0.5635146  0.5754453
 3  0.7525046  0.7120612  0.6562069  0.6165811  0.6063696  0.6020574  0.5920630  0.6065008  0.6811986  0.7020910  0.6970725  0.6940975  0.7026216  0.7175918  0.7209598  0.7192424  0.7084642  0.6985083  0.7039462  0.7095770  0.7100620  0.7228053  0.7274266  0.7167888  0.7032357  0.7084406  0.7194487
 4  0.4555682  0.4155233  0.3759718  0.3690626  0.3937465  0.4005178  0.4210301  0.5085884  0.5370509  0.5213614  0.4687844  0.4175185  0.4326108  0.4638829  0.4767596  0.4655900  0.4271259  0.4155198  0.4595806  0.4786429  0.4998087  0.5293777  0.5202981  0.4703018  0.4544187  0.4936431  0.4971201
 1  0.7282820  0.6798776  0.6199264  0.5830418  0.5993245  0.6082891  0.6163268  0.6284145  0.6415276  0.6440947  0.6335736  0.6407525  0.6831022  0.6744734  0.6638439  0.6587164  0.6523194  0.6368995  0.6515841  0.7028932  0.7010907  0.7006894  0.7028994  0.7039564  0.6944258  0.6873258  0.6818549
 2  0.5697585  0.5218709  0.4760211  0.4577987  0.4746623  0.4755821  0.4672537  0.4710233  0.4906744  0.5047748  0.5160707  0.5730672  0.6030319  0.5930397  0.5712628  0.5483889  0.5272814  0.5095778  0.5764598  0.6130690  0.6157099  0.6028910  0.5866881  0.5698934  0.5395976  0.5152449  0.4977846
 3  0.7517544  0.7066486  0.6451680  0.6028709  0.6166249  0.6259157  0.6323045  0.6433466  0.6569896  0.6611268  0.6510291  0.6537877  0.7068210  0.6997238  0.6867073  0.6782672  0.6702835  0.6557188  0.6625089  0.7268602  0.7257333  0.7219067  0.7224802  0.7227668  0.7118107  0.7034984  0.6975030
 4  0.4555172  0.4185805  0.3767149  0.3807569  0.3994542  0.3813407  0.3644226  0.3846824  0.4161790  0.4283736  0.4482878  0.5291403  0.5492561  0.5197108  0.4753279  0.4471418  0.4409363  0.4247796  0.5302926  0.5592509  0.5340196  0.5049539  0.4895664  0.4613696  0.4195222  0.3949477  0.3833156
 1  0.7315684  0.6873880  0.6541226  0.6378545  0.6324104  0.6346276  0.6469024  0.6803791  0.6741208  0.6739657  0.6744674  0.6707798  0.6509750  0.6227643  0.6093430  0.5775020  0.6456669  0.7119426  0.6960450  0.6846964  0.6691999  0.6453633  0.6208901  0.5930117  0.6244160  0.6435144  0.6739518
 2  0.5697771  0.5223139  0.4954515  0.4756988  0.4567966  0.4492760  0.5063423  0.5664767  0.5798310  0.5786118  0.5732123  0.5538956  0.5143386  0.4810566  0.4831457  0.5026947  0.6015610  0.6251656  0.6122316  0.5822204  0.5437361  0.5118057  0.4798233  0.4897167  0.5396168  0.5700378  0.5953428
 3  0.7537993  0.7128146  0.6776989  0.6578673  0.6496211  0.6495981  0.6593302  0.6982138  0.6951519  0.6952684  0.6958999  0.6905300  0.6694886  0.6399752  0.6255292  0.5931911  0.6520443  0.7386083  0.7218071  0.7051927  0.6876993  0.6650928  0.6387773  0.6078904  0.6414085  0.6617934  0.6943840
 4  0.4515532  0.4146470  0.3869891  0.3602610  0.3382873  0.3466484  0.4623343  0.5135434  0.5114016  0.5067896  0.4856466  0.4493022  0.4056957  0.3921065  0.4185530  0.4580232  0.5549337  0.5680805  0.5179137  0.4663234  0.4509000  0.4142310  0.3862492  0.4415611  0.4893952  0.5158359  0.5372754
 1  0.7286303  0.6826911  0.6283068  0.5918904  0.5709178  0.5704130  0.6011325  0.6192639  0.6803240  0.6992570  0.6939576  0.6853752  0.6738661  0.6703633  0.6646386  0.6472012  0.6356174  0.6231311  0.6538370  0.6153287  0.6070926  0.6384505  0.6256628  0.6769211  0.7221377  0.7135194  0.6964928
 2  0.5686480  0.5225831  0.4792271  0.4489334  0.4425432  0.4802313  0.5238751  0.5596583  0.6003301  0.6103283  0.5941058  0.5643831  0.5274561  0.5108930  0.5008627  0.4827176  0.4812845  0.5330664  0.5731173  0.5438583  0.5459460  0.5652734  0.5458320  0.6085545  0.6273583  0.6236459  0.5881413
 3  0.7517398  0.7088155  0.6529892  0.6126245  0.5877780  0.5841789  0.6181781  0.6347800  0.7006673  0.7220179  0.7160864  0.7050980  0.6911382  0.6867885  0.6815529  0.6639316  0.6514668  0.6365263  0.6751570  0.6390700  0.6227483  0.6597675  0.6488826  0.6897598  0.7472759  0.7383481  0.7177036
 4  0.4547156  0.4168095  0.3772279  0.3521355  0.3722170  0.4380776  0.4728372  0.5124531  0.5416720  0.5359089  0.4970278  0.4442568  0.4145677  0.4155984  0.3989858  0.3799062  0.4002451  0.4923740  0.5221584  0.4743787  0.4992066  0.5102897  0.4690132  0.5502259  0.5683989  0.5344060  0.4590838
 1  0.7290541  0.6814757  0.6250134  0.5952088  0.6221709  0.6240421  0.6246052  0.6327498  0.6534111  0.6564227  0.6629555  0.6583424  0.6410913  0.6359693  0.6763688  0.6917183  0.6980370  0.6944736  0.6787906  0.6647887  0.6518541  0.6406994  0.6112944  0.5099189  0.6107788  0.6642248  0.6044748
 2  0.5720311  0.5230618  0.4785418  0.4788121  0.5097680  0.5053861  0.4795566  0.4737408  0.5039781  0.5338009  0.5606442  0.5615793  0.5400032  0.5545552  0.5904406  0.6069550  0.6036120  0.5893011  0.5524514  0.5078312  0.4777595  0.4964467  0.5325859  0.4758756  0.5679328  0.5847174  0.5271755
 3  0.7524456  0.7078604  0.6498347  0.6136762  0.6399065  0.6438047  0.6418343  0.6472928  0.6686870  0.6736963  0.6816651  0.6799253  0.6625132  0.6511948  0.6967551  0.7139990  0.7202839  0.7159953  0.6984672  0.6823551  0.6675521  0.6555332  0.6296715  0.5240234  0.6231618  0.6900503  0.6312291
 4  0.4569095  0.4176880  0.3782237  0.4153375  0.4449085  0.4058843  0.3536202  0.3875872  0.4385763  0.4715810  0.4993536  0.4893959  0.4514585  0.4997824  0.5375005  0.5370301  0.5241367  0.4907987  0.4329834  0.3786766  0.3733250  0.4407909  0.4853898  0.4500464  0.5286104  0.5319999  0.4496093
 1  0.7304056  0.6863066  0.6447527  0.6232334  0.6201466  0.6297297  0.6420850  0.6623712  0.6604732  0.6549346  0.6651987  0.6725518  0.7003862  0.7001752  0.6857189  0.6815158  0.6739619  0.6680224  0.6735972  0.6638178  0.6670673  0.6701295  0.6744088  0.6770900  0.6700282  0.6649484  0.6636057
 2  0.5719358  0.5241406  0.4888781  0.4689465  0.4698080  0.4853333  0.5151233  0.5395819  0.5326124  0.5164536  0.5240085  0.5646525  0.5952463  0.5994589  0.5788716  0.5639153  0.5464273  0.5353999  0.5403732  0.5335057  0.5268268  0.5234645  0.5345404  0.5444271  0.5402688  0.5299468  0.5391259
 3  0.7532408  0.7120878  0.6687874  0.6432198  0.6369017  0.6457358  0.6575080  0.6799644  0.6799342  0.6716641  0.6815257  0.6886078  0.7209236  0.7223996  0.7061832  0.7011202  0.6933856  0.6852775  0.6912901  0.6828089  0.6846013  0.6868321  0.6907253  0.6954650  0.6891162  0.6824790  0.6806604
 4  0.4545313  0.4161992  0.3806489  0.3651859  0.3858237  0.4082491  0.4504219  0.4672864  0.4278922  0.4174680  0.4475276  0.5086812  0.5338036  0.5152179  0.4871061  0.4750072  0.4461508  0.4475992  0.4608531  0.4420114  0.4251126  0.4286403  0.4592721  0.4668363  0.4433533  0.4372868  0.4699092
 1  0.7281665  0.6808234  0.6291416  0.6030193  0.6021914  0.5978188  0.5859934  0.5556909  0.5367177  0.6519025  0.6159511  0.6766322  0.6926707  0.7029344  0.6822786  0.6712682  0.6547531  0.6323838  0.6378109  0.6067743  0.6372972  0.6612475  0.6657215  0.6822506  0.6980497  0.6835960  0.6721882
 2  0.5709774  0.5221279  0.4816352  0.4678032  0.4751016  0.4752410  0.4651344  0.4597105  0.5164730  0.5716907  0.5722646  0.5995861  0.6160582  0.6117873  0.5783281  0.5417462  0.5021098  0.4993338  0.5382835  0.5467035  0.5655015  0.5801060  0.5706608  0.5843217  0.5932467  0.5820532  0.5599463
 3  0.7515019  0.7071882  0.6538566  0.6229102  0.6194504  0.6155518  0.6027862  0.5713596  0.5425824  0.6783021  0.6309017  0.7003399  0.7166570  0.7262098  0.7041614  0.6900377  0.6723206  0.6476774  0.6550999  0.6254735  0.6573327  0.6837482  0.6858690  0.6994171  0.7197904  0.7055216  0.6920549
 4  0.4557197  0.4170906  0.3801502  0.3828899  0.4015365  0.3946438  0.3865506  0.4046068  0.4900744  0.5222988  0.5255408  0.5501369  0.5461965  0.5272256  0.4707980  0.4255218  0.3928099  0.4370340  0.4888958  0.4956946  0.5146776  0.5029456  0.4805513  0.5170202  0.5257964  0.4928236  0.4694112
 1  0.7281973  0.6810513  0.6337120  0.6019087  0.6032549  0.6432703  0.6599985  0.6672543  0.6743727  0.6832370  0.6925192  0.7020864  0.6915591  0.6745348  0.6492299  0.6367272  0.6403498  0.6456760  0.6944488  0.6827519  0.6707475  0.6738659  0.6793336  0.6833599  0.6830902  0.6909466  0.7066948
 2  0.5743464  0.5232414  0.4838931  0.4538696  0.4786907  0.5290356  0.5479890  0.5399747  0.5183063  0.4925619  0.4923872  0.5363572  0.5611541  0.5594575  0.5438322  0.5410441  0.5438258  0.5810856  0.6075130  0.5969302  0.5693141  0.5459063  0.5356940  0.5415852  0.5672657  0.6025112  0.6119185
 3  0.7516029  0.7069893  0.6579430  0.6227552  0.6185488  0.6590621  0.6791138  0.6856143  0.6910822  0.6981780  0.7058157  0.7178821  0.7108004  0.6955417  0.6701172  0.6552887  0.6613647  0.6594063  0.7184062  0.7082579  0.6921936  0.6918849  0.6965764  0.7002277  0.7010954  0.7102382  0.7314473
 4  0.4584144  0.4155433  0.3820899  0.3509809  0.4194360  0.4752303  0.4670248  0.4275264  0.3861139  0.3502129  0.4036779  0.4709201  0.4909919  0.4827973  0.4634677  0.4788001  0.4733797  0.5295714  0.5531213  0.5115844  0.4560196  0.4397177  0.4429350  0.4645277  0.5058035  0.5456013  0.5452937
 1  0.7281184  0.6803456  0.6268393  0.5924530  0.5587656  0.5367771  0.6386293  0.6058753  0.5725088  0.5309570  0.6028064  0.6558570  0.6714283  0.6746226  0.6704223  0.6713963  0.6883859  0.6984313  0.6962683  0.7089348  0.6990571  0.6857009  0.6665994  0.6423379  0.6338226  0.6075322  0.5633021
 2  0.5729084  0.5231594  0.4804733  0.4526259  0.4370884  0.4973209  0.5718437  0.5372758  0.5024596  0.4864831  0.5566644  0.5840816  0.5903233  0.5778350  0.5472316  0.5320220  0.5599283  0.5779538  0.5891102  0.5964671  0.5844694  0.5521940  0.4991650  0.4644340  0.4984583  0.5416429  0.5005474
 3  0.7517145  0.7068348  0.6516376  0.6130935  0.5757504  0.5438459  0.6595565  0.6301630  0.5943256  0.5459863  0.6146962  0.6785016  0.6951449  0.6961158  0.6895508  0.6879674  0.7046536  0.7186620  0.7153740  0.7291549  0.7205876  0.7049444  0.6835146  0.6578271  0.6482299  0.6262125  0.5855670
 4  0.4576816  0.4178749  0.3794961  0.3579960  0.3685915  0.4735830  0.5260747  0.4805626  0.4409154  0.4454700  0.5194930  0.5302570  0.5133679  0.4761545  0.4318234  0.4412242  0.4983390  0.5046644  0.5102175  0.5212915  0.4876735  0.4215356  0.3615711  0.3684435  0.4515246  0.4959630  0.4490929
 1  0.7289669  0.6798174  0.6275848  0.5970067  0.6108155  0.6344438  0.6380135  0.6371577  0.6385154  0.6415914  0.6610453  0.6955850  0.7151792  0.7052186  0.6856484  0.6775907  0.6723713  0.6706361  0.6582517  0.6411972  0.6374339  0.6152312  0.5926172  0.5849431  0.6127452  0.6385669  0.6578276
 2  0.5742236  0.5219689  0.4810311  0.4697119  0.5047433  0.5298012  0.5238420  0.4957197  0.4634741  0.4582753  0.5485631  0.6155721  0.6265028  0.6155568  0.5671136  0.5154242  0.4846037  0.4977299  0.5397734  0.5638722  0.5630800  0.5381025  0.5131692  0.5157916  0.5496629  0.5742804  0.5822994
 3  0.7523603  0.7060461  0.6521476  0.6166614  0.6268541  0.6529782  0.6576328  0.6548390  0.6545464  0.6556832  0.6737558  0.7161005  0.7415922  0.7293139  0.7054626  0.6942998  0.6873164  0.6852750  0.6754015  0.6602102  0.6598200  0.6380036  0.6128932  0.6009725  0.6292868  0.6575997  0.6802336
 4  0.4578898  0.4160871  0.3822629  0.3936765  0.4496777  0.4619120  0.4233057  0.3711794  0.3354611  0.3741524  0.5104471  0.5618950  0.5606234  0.5099426  0.4270190  0.3751991  0.3768277  0.4290498  0.4845216  0.5133766  0.5050473  0.4686670  0.4423172  0.4650702  0.5033753  0.5231309  0.5238772
 1  0.7287269  0.6810465  0.6285501  0.5981365  0.5934089  0.6158040  0.6379647  0.6490283  0.6566212  0.6537716  0.6724538  0.6802689  0.6731632  0.6709879  0.6712257  0.6690069  0.6928012  0.7135947  0.6982890  0.6828592  0.6708281  0.6609675  0.6513062  0.6419579  0.6218568  0.6596026  0.6737777
 2  0.5719461  0.5224118  0.4813194  0.4534884  0.4533671  0.4895541  0.5266562  0.5476097  0.5534134  0.5557635  0.5724322  0.5749642  0.5576860  0.5386588  0.5325844  0.5418948  0.5928187  0.6127105  0.6001701  0.5633789  0.5098652  0.4601608  0.4750648  0.5558981  0.5635729  0.5811829  0.5939837
 3  0.7520538  0.7073838  0.6532504  0.6189796  0.6102483  0.6303009  0.6546488  0.6673034  0.6763922  0.6728575  0.6913535  0.7014390  0.6934942  0.6886141  0.6884325  0.6863582  0.7091603  0.7368999  0.7220114  0.7031739  0.6881284  0.6758672  0.6641688  0.6593497  0.6419057  0.6830721  0.6951945
 4  0.4562514  0.4171398  0.3806546  0.3517366  0.3732355  0.4320578  0.4664216  0.4808439  0.4789643  0.4836816  0.5061988  0.4945700  0.4521171  0.4373843  0.4478106  0.4706842  0.5364229  0.5493419  0.5041408  0.4300693  0.3575415  0.3255759  0.4230890  0.5129294  0.5156218  0.5196053  0.5190315
 1  0.7276935  0.6808899  0.6225792  0.5870498  0.5979643  0.6235063  0.6378033  0.6394314  0.6497966  0.6661091  0.6776405  0.6790213  0.6813331  0.6998248  0.7145048  0.6992822  0.6760280  0.6660319  0.6809178  0.6859566  0.6729788  0.6585324  0.6491600  0.6312856  0.6379776  0.6749447  0.6763501
 2  0.5721492  0.5231672  0.4762967  0.4555944  0.4806680  0.5127479  0.5230415  0.5143072  0.5181327  0.5404923  0.5572657  0.5587566  0.5591387  0.5916881  0.6062698  0.5921109  0.5404335  0.5071568  0.5419364  0.5643091  0.5541165  0.5241924  0.5012792  0.4867509  0.5312664  0.5789775  0.5819266
 3  0.7511928  0.7071239  0.6473268  0.6070700  0.6142118  0.6400580  0.6560304  0.6574589  0.6660271  0.6826125  0.6961802  0.6980226  0.6992681  0.7167144  0.7368809  0.7218974  0.6951890  0.6811519  0.6963940  0.7058434  0.6939146  0.6771507  0.6659458  0.6490972  0.6523015  0.6943500  0.6993337
 4  0.4573467  0.4167572  0.3762471  0.3737295  0.4182637  0.4491359  0.4406509  0.4176410  0.4361702  0.4735358  0.4821823  0.4694468  0.4742072  0.5293535  0.5393142  0.4840468  0.3894840  0.4096402  0.4866657  0.4952819  0.4511399  0.4087355  0.4073253  0.4030189  0.4811247  0.5260737  0.5000936
 1  0.7285885  0.6862186  0.6444278  0.6247241  0.6321580  0.6369232  0.6507771  0.6568013  0.6435947  0.6253619  0.6303401  0.6656113  0.6430870  0.6300750  0.6534677  0.6505546  0.6609514  0.6748075  0.6743160  0.6888673  0.7049153  0.6929631  0.6852949  0.6800706  0.6736867  0.6758710  0.7026874
 2  0.5713707  0.5254495  0.4881785  0.4787524  0.4918451  0.5086782  0.5284047  0.5314813  0.5032359  0.4685217  0.5266768  0.5787954  0.5597426  0.5503783  0.5658626  0.5670131  0.5690834  0.5703235  0.5563852  0.5737359  0.5927506  0.5853197  0.5634744  0.5326394  0.4929055  0.5188127  0.5717336
 3  0.7516385  0.7118235  0.6682725  0.6438864  0.6493531  0.6537656  0.6673982  0.6756640  0.6622145  0.6416726  0.6424321  0.6871045  0.6677894  0.6479263  0.6733980  0.6716678  0.6809375  0.6955071  0.6930421  0.7048166  0.7256583  0.7148836  0.7050034  0.6979785  0.6896637  0.6885569  0.7207207
 4  0.4556943  0.4160292  0.3783129  0.3914075  0.4139158  0.4345488  0.4576465  0.4409485  0.3852585  0.3678175  0.4876535  0.5283591  0.4764311  0.4852420  0.5072746  0.4968915  0.4981191  0.4804041  0.4556158  0.5074924  0.5273721  0.4943789  0.4506458  0.4034912  0.3538026  0.4644478  0.5161176
 1  0.7287496  0.6818591  0.6359729  0.6085324  0.5487280  0.4214200  0.6972721  0.4924825  0.5683185  0.5786885  0.6045750  0.6678366  0.5960292  0.4931102  0.6248445  0.6417844  0.6170662  0.5811557  0.5591207  0.5986402  0.6187847  0.5366885  0.3973660  0.6583682  0.6806007  0.6329522  0.6386654
 2  0.5722266  0.5235127  0.4857085  0.4555616  0.3964505  0.4666329  0.6041495  0.4595519  0.5185616  0.5223675  0.5660221  0.5874096  0.5163557  0.4631066  0.5701748  0.5728635  0.5470133  0.5166806  0.5105388  0.5481445  0.5460252  0.4640564  0.4188232  0.5971899  0.5989308  0.5698990  0.5695125
 3  0.7522206  0.7083418  0.6605769  0.6292786  0.5672553  0.4039563  0.7285360  0.5073616  0.5855203  0.5986045  0.6156232  0.6935141  0.6238425  0.5024353  0.6403647  0.6653019  0.6402536  0.6027997  0.5739880  0.6148409  0.6422988  0.5616612  0.3913534  0.6753616  0.7074419  0.6547952  0.6602037
 4  0.4567510  0.4181136  0.3801733  0.3450044  0.2974846  0.4689637  0.5501381  0.4357880  0.4814497  0.4787693  0.5263906  0.5351375  0.4316990  0.4352160  0.5310562  0.5205080  0.4929514  0.4581859  0.4708006  0.5072362  0.4904805  0.3877104  0.4216870  0.5508164  0.5431685  0.5165650  0.5196966
 1  0.7314508  0.6878004  0.6409816  0.6177850  0.6272521  0.6401898  0.6332275  0.6173166  0.6047575  0.6438258  0.6939083  0.6873065  0.6744090  0.6751373  0.6891183  0.6960084  0.6705688  0.6502382  0.6203785  0.5671889  0.6416167  0.6050498  0.5744107  0.5331472  0.5442210  0.6286006  0.5999473
 2  0.5718119  0.5234790  0.4852559  0.4810594  0.5146429  0.5335971  0.5167764  0.4736623  0.4658485  0.5795895  0.6087440  0.6024864  0.5676586  0.5447810  0.5586447  0.5704672  0.5506263  0.5267227  0.5058364  0.5235588  0.5689557  0.5336028  0.4979016  0.4717728  0.5118756  0.5565685  0.5591349
 3  0.7538355  0.7130726  0.6649287  0.6369827  0.6436803  0.6594224  0.6533891  0.6353316  0.6188394  0.6535927  0.7191414  0.7122369  0.6953281  0.6920738  0.7056928  0.7155284  0.6910931  0.6689806  0.6391269  0.5776338  0.6636678  0.6299883  0.5939500  0.5512618  0.5527678  0.6523271  0.6143491
 4  0.4534029  0.4143047  0.3810877  0.4031878  0.4582875  0.4627720  0.4106526  0.3482882  0.4030013  0.5408373  0.5521500  0.5102750  0.4442656  0.4462280  0.4917682  0.4944939  0.4547964  0.4369253  0.4320979  0.4901107  0.5208500  0.4622964  0.4334531  0.4189601  0.4831674  0.5076840  0.5159392
 1  0.7320621  0.6914412  0.6488588  0.6219990  0.6157227  0.6218692  0.6314577  0.6542649  0.6759858  0.6968037  0.6946140  0.6899564  0.6875721  0.6808475  0.6801420  0.6774400  0.6686353  0.6490728  0.6327584  0.6445842  0.6327136  0.6595678  0.6504394  0.6501201  0.6544986  0.6708294  0.6940856
 2  0.5746545  0.5263231  0.4882235  0.4632017  0.4597894  0.4689140  0.4949109  0.5317316  0.5692230  0.5895557  0.5856342  0.5731739  0.5583698  0.5454120  0.5333454  0.5220073  0.5040425  0.4784999  0.5149554  0.5729004  0.5734221  0.5789371  0.5677912  0.5490035  0.5449063  0.5702576  0.5942263
 3  0.7544364  0.7162697  0.6722801  0.6420263  0.6325949  0.6377106  0.6465400  0.6701228  0.6933224  0.7166186  0.7157372  0.7092348  0.7060423  0.6992983  0.6975518  0.6943644  0.6855154  0.6658091  0.6462740  0.6655172  0.6530312  0.6830111  0.6743778  0.6697300  0.6720995  0.6882784  0.7142768
 4  0.4545522  0.4138657  0.3794980  0.3573397  0.3709860  0.3861954  0.4273926  0.4696291  0.5056344  0.5189706  0.4968585  0.4753262  0.4657199  0.4480176  0.4304379  0.4173574  0.3944204  0.3743092  0.4708863  0.5268824  0.5191952  0.5214732  0.4797770  0.4532475  0.4705355  0.5105764  0.5293288
 1  0.7287904  0.6835164  0.6348956  0.6058966  0.6054926  0.6255609  0.6412361  0.6455951  0.6425646  0.6516606  0.6623712  0.6835642  0.6870455  0.6907748  0.6871359  0.6881722  0.6890010  0.6847042  0.6879263  0.6843991  0.6830411  0.6907733  0.6966367  0.6920110  0.6908407  0.6931592  0.7028311
 2  0.5701777  0.5238196  0.4841077  0.4581660  0.4661892  0.4966845  0.5128581  0.5066255  0.5058986  0.5327748  0.5663703  0.5836490  0.5842120  0.5682687  0.5390339  0.5217362  0.5190618  0.5366846  0.5582191  0.5667658  0.5730718  0.5856448  0.5896667  0.5770645  0.5534057  0.5314166  0.5297930
 3  0.7520664  0.7098105  0.6594494  0.6262342  0.6218696  0.6412065  0.6586056  0.6630121  0.6579634  0.6687880  0.6801802  0.7040072  0.7081989  0.7098959  0.7044808  0.7040380  0.7049961  0.7013759  0.7061669  0.7041248  0.7021234  0.7104609  0.7178885  0.7125223  0.7092400  0.7091516  0.7180270
 4  0.4552733  0.4179815  0.3782569  0.3574244  0.3920577  0.4323196  0.4298028  0.4001163  0.4303905  0.4735491  0.5053128  0.5161177  0.4932145  0.4541368  0.4179490  0.4143866  0.4283577  0.4618077  0.4871009  0.4881630  0.4985415  0.5167507  0.5099060  0.4747268  0.4275604  0.4129679  0.4353454
 1  0.7295185  0.6835518  0.6360031  0.6123619  0.6161950  0.6064210  0.5641454  0.6571703  0.6395168  0.6176087  0.6338990  0.6421311  0.6066736  0.5655250  0.6339864  0.6808792  0.6579307  0.6362313  0.6447544  0.6581811  0.6684442  0.6771237  0.6870467  0.6956476  0.6887221  0.6779613  0.6696850
 2  0.5718653  0.5230020  0.4845919  0.4816894  0.5064456  0.5055095  0.5125564  0.5806653  0.5608300  0.5362878  0.5463758  0.5540467  0.5284490  0.5185510  0.5806506  0.5985788  0.5721532  0.5305089  0.5155975  0.5146880  0.5194309  0.5326401  0.5494910  0.5612430  0.5545749  0.5350485  0.5296115
 3  0.7524887  0.7094268  0.6602462  0.6313393  0.6333463  0.6265118  0.5754864  0.6813463  0.6661893  0.6379077  0.6516501  0.6625965  0.6267740  0.5807971  0.6489368  0.7056276  0.6830358  0.6568902  0.6621202  0.6748314  0.6847105  0.6935591  0.7038552  0.7134660  0.7074886  0.6962725  0.6860680
 4  0.4555759  0.4158283  0.3809686  0.4076205  0.4480812  0.4298496  0.4758841  0.5334190  0.4801372  0.4573734  0.4873373  0.4880922  0.4681824  0.4797412  0.5348318  0.5389754  0.4784152  0.4209728  0.4199765  0.4256947  0.4319182  0.4475525  0.4699440  0.4778784  0.4590227  0.4255285  0.4483149
 1  0.7274045  0.6818744  0.6314162  0.6032288  0.5888021  0.5782631  0.6134159  0.6274827  0.6184401  0.6037077  0.5898216  0.5415096  0.5478845  0.6589411  0.6181874  0.6774391  0.6897715  0.7105445  0.7154375  0.7012707  0.6757000  0.6553212  0.6386003  0.6183146  0.6016850  0.6561208  0.6176600
 2  0.5715916  0.5239169  0.4820528  0.4542539  0.4295312  0.4395537  0.5106508  0.5427393  0.5349445  0.5232996  0.5101870  0.4780678  0.5331055  0.5791624  0.5746617  0.5982084  0.6145360  0.6234665  0.6202878  0.6031587  0.5547408  0.4881268  0.4261717  0.4162574  0.4967512  0.5819817  0.5547400
 3  0.7509238  0.7080620  0.6558837  0.6237638  0.6067255  0.5920637  0.6265486  0.6471464  0.6386089  0.6228769  0.6090494  0.5596164  0.5499283  0.6847118  0.6328971  0.7016898  0.7133762  0.7317355  0.7396349  0.7251093  0.6967491  0.6728354  0.6531679  0.6316919  0.6141054  0.6797355  0.6406386
 4  0.4571408  0.4171220  0.3777204  0.3502518  0.3215509  0.3828255  0.4713246  0.4829070  0.4666208  0.4596225  0.4471230  0.4238153  0.5077884  0.5276077  0.5265087  0.5486492  0.5416671  0.5527528  0.5506296  0.5076852  0.4169937  0.3223584  0.2920640  0.3444728  0.4646433  0.5351929  0.5013179
 1  0.7295224  0.6865967  0.6447110  0.6228138  0.6267926  0.6322081  0.6384357  0.6343068  0.6146421  0.5736303  0.6191375  0.6503997  0.6662232  0.6597852  0.6503139  0.6485729  0.6761436  0.6876707  0.6768620  0.6705091  0.6677884  0.6808807  0.7112966  0.6971256  0.6734885  0.6637047  0.6667368
 2  0.5724896  0.5259165  0.4887889  0.4749037  0.4854105  0.4991285  0.5067169  0.5000572  0.4799808  0.4902839  0.5582451  0.5840499  0.5874006  0.5750139  0.5464597  0.5443117  0.5739053  0.5849654  0.5652944  0.5423477  0.5257061  0.5734944  0.6043942  0.5962621  0.5458914  0.4932994  0.4784198
 3  0.7526309  0.7122956  0.6686093  0.6422775  0.6438385  0.6491025  0.6553554  0.6521970  0.6320567  0.5873636  0.6344708  0.6708803  0.6901788  0.6831638  0.6714031  0.6649191  0.6941802  0.7091605  0.6973429  0.6886243  0.6855287  0.6948112  0.7336113  0.7208277  0.6933178  0.6795767  0.6812708
 4  0.4564538  0.4168345  0.3794705  0.3835156  0.4072675  0.4218610  0.4245372  0.4075421  0.3932462  0.4505863  0.5159374  0.5326704  0.5248760  0.4912461  0.4420276  0.4732462  0.5181163  0.5062266  0.4604520  0.4408105  0.4281882  0.5196171  0.5462978  0.4943744  0.3928435  0.3575287  0.3823209
 1  0.7309671  0.6881320  0.6474381  0.6249966  0.6188267  0.6126628  0.5969350  0.5927434  0.6446570  0.6156685  0.6353765  0.6402564  0.6862770  0.6924584  0.6877391  0.6866237  0.6925769  0.6963641  0.6990353  0.6993351  0.6986603  0.6960668  0.6978503  0.6881504  0.6806054  0.6882298  0.6866896
 2  0.5684563  0.5234431  0.4898643  0.4697632  0.4581468  0.4417522  0.4350290  0.5218987  0.5723967  0.5557489  0.5609231  0.5767636  0.5984419  0.5972232  0.5728778  0.5483864  0.5358319  0.5254573  0.5254936  0.5287027  0.5330656  0.5464001  0.5592166  0.5487001  0.5387918  0.5482608  0.5523350
 3  0.7533426  0.7135582  0.6712318  0.6449168  0.6362412  0.6290794  0.6113324  0.6025028  0.6667185  0.6363836  0.6566118  0.6591392  0.7080122  0.7145535  0.7073420  0.7042200  0.7093086  0.7120526  0.7144773  0.7150750  0.7148193  0.7124114  0.7160273  0.7073402  0.6971065  0.7053910  0.7054696
 4  0.4519946  0.4152868  0.3812647  0.3662033  0.3564838  0.3328941  0.3605364  0.4936036  0.5211470  0.5010821  0.5061477  0.5188043  0.5322202  0.5054735  0.4613871  0.4407666  0.4260031  0.4171992  0.4213452  0.4307531  0.4370055  0.4666115  0.4783294  0.4395046  0.4435466  0.4729978  0.4612851
 1  0.7317671  0.6900678  0.6514242  0.6286166  0.6228408  0.6284084  0.6358408  0.6372628  0.6460529  0.6531429  0.6591305  0.6881648  0.6939686  0.6926154  0.6949474  0.7047181  0.7183285  0.7173170  0.7109451  0.7073602  0.7063874  0.7032189  0.7063556  0.7066538  0.7132492  0.7170599  0.7138083
 2  0.5734793  0.5252307  0.4911357  0.4723550  0.4735354  0.4892814  0.5037275  0.5102677  0.5218041  0.5274556  0.5577510  0.5898596  0.5952411  0.5775787  0.5418878  0.5200410  0.5332318  0.5541774  0.5607116  0.5628484  0.5648615  0.5654768  0.5658022  0.5646086  0.5744734  0.5905131  0.5926137
 3  0.7541083  0.7150693  0.6748553  0.6483556  0.6397762  0.6446127  0.6525221  0.6545065  0.6630882  0.6709590  0.6747107  0.7080586  0.7164618  0.7128136  0.7119007  0.7187113  0.7329116  0.7345081  0.7286944  0.7249597  0.7246389  0.7214995  0.7247735  0.7241014  0.7304448  0.7360755  0.7345434
 4  0.4539986  0.4140657  0.3819314  0.3716537  0.3905457  0.4149537  0.4262469  0.4304747  0.4445491  0.4456157  0.4994516  0.5323631  0.5108889  0.4534132  0.3865992  0.4021301  0.4552040  0.4689812  0.4628869  0.4709264  0.4757207  0.4773965  0.4681551  0.4666353  0.4950108  0.5175073  0.5069547
 1  0.7288535  0.6820883  0.6364976  0.6158218  0.6293416  0.6521420  0.6655000  0.6580159  0.6486314  0.6445921  0.6576179  0.6542003  0.6433832  0.6411128  0.6224985  0.5782625  0.5310900  0.6416807  0.6734138  0.6646206  0.6942569  0.6945821  0.6905463  0.6939673  0.6867867  0.6785928  0.6677519
 2  0.5713388  0.5228276  0.4858786  0.4791093  0.5105252  0.5471054  0.5578623  0.5380084  0.4988053  0.4819209  0.5142266  0.5370275  0.5497318  0.5549286  0.5315966  0.4808426  0.4780490  0.5842527  0.5983412  0.5952818  0.6103946  0.6045920  0.5819887  0.5641287  0.5395041  0.5084407  0.4869837
 3  0.7520863  0.7082459  0.6608596  0.6352434  0.6456498  0.6694535  0.6852598  0.6781436  0.6663163  0.6593332  0.6729919  0.6727048  0.6616394  0.6617377  0.6452521  0.5983016  0.5411144  0.6591968  0.6976038  0.6870097  0.7190656  0.7175764  0.7100692  0.7125129  0.7049850  0.6949935  0.6833507
 4  0.4561338  0.4167630  0.3818061  0.3968988  0.4504302  0.4867561  0.4792883  0.4258728  0.3651559  0.3963864  0.4547841  0.4701078  0.4891646  0.4941652  0.4468359  0.3936706  0.4480007  0.5388322  0.5462663  0.5411716  0.5423906  0.5087609  0.4800058  0.4648214  0.4232978  0.3828464  0.3783816
 1  0.7275399  0.6835103  0.6429982  0.6220012  0.6035248  0.5988653  0.6045130  0.6098067  0.6517383  0.6741984  0.6872392  0.6936637  0.6923640  0.6933196  0.7002952  0.7026519  0.6977409  0.6976158  0.7021099  0.7062778  0.6972455  0.6903072  0.6864239  0.6758849  0.6763852  0.6898392  0.6978768
 2  0.5739787  0.5258796  0.4888721  0.4652208  0.4517340  0.4662744  0.4900350  0.5295252  0.5711304  0.5879374  0.5878910  0.5757267  0.5478916  0.5255890  0.5401019  0.5607205  0.5669166  0.5717214  0.5874041  0.5955137  0.5851596  0.5676352  0.5506597  0.5292473  0.5271129  0.5535348  0.5726106
 3  0.7511398  0.7093131  0.6667983  0.6420540  0.6205200  0.6143631  0.6210021  0.6242149  0.6705637  0.6956726  0.7079501  0.7130932  0.7101637  0.7089745  0.7156237  0.7209051  0.7168704  0.7156511  0.7207994  0.7276769  0.7185949  0.7091503  0.7047219  0.6943043  0.6922176  0.7064130  0.7168113
 4  0.4592037  0.4164436  0.3800688  0.3572684  0.3664717  0.4022086  0.4259589  0.4830763  0.5184139  0.5154493  0.4986319  0.4684535  0.4217082  0.4129877  0.4650787  0.4868011  0.4766508  0.4878520  0.5194791  0.5217096  0.4878330  0.4655393  0.4553609  0.4195289  0.4385125  0.4864962  0.4957840
 1  0.7283414  0.6853327  0.6373526  0.6065857  0.5884082  0.5752354  0.5393583  0.6022908  0.6699033  0.6505625  0.6658278  0.6699192  0.6685848  0.6777570  0.6832730  0.6854255  0.6905798  0.6968377  0.6988926  0.6977331  0.6847365  0.6766520  0.6549957  0.6148396  0.6281385  0.6832067  0.6949778
 2  0.5707404  0.5255412  0.4840754  0.4509774  0.4259745  0.4146229  0.4216901  0.5626350  0.5930930  0.5880552  0.5871607  0.5882270  0.5645572  0.5383344  0.5214448  0.5274815  0.5660030  0.5900377  0.5952202  0.5835405  0.5520864  0.5345892  0.5350885  0.5337330  0.5673928  0.6021758  0.6079131
 3  0.7516474  0.7112628  0.6615892  0.6270992  0.6058838  0.5905041  0.5536374  0.6130158  0.6950583  0.6710139  0.6909969  0.6948211  0.6891820  0.6946572  0.6992637  0.7015459  0.7075566  0.7176549  0.7206943  0.7179417  0.7032985  0.6936784  0.6726735  0.6347242  0.6442592  0.7044388  0.7183217
 4  0.4561331  0.4174347  0.3759811  0.3403571  0.3235966  0.3310664  0.3710835  0.5264279  0.5424363  0.5375390  0.5330841  0.4986266  0.4408742  0.4183478  0.4225330  0.4497666  0.5054072  0.5258225  0.5116460  0.4780758  0.4410605  0.4441082  0.4728911  0.4791660  0.5179347  0.5440454  0.5346453
 1  0.7279220  0.6800036  0.6299511  0.5982468  0.5856740  0.5928352  0.6380548  0.6718087  0.6654859  0.6535434  0.6408173  0.6414901  0.6428529  0.6445968  0.6572228  0.6799593  0.6918193  0.7025639  0.6883150  0.6760665  0.6685375  0.6705422  0.6754747  0.6723263  0.6739031  0.6818619  0.6921492
 2  0.5722626  0.5225433  0.4823070  0.4527751  0.4409853  0.4779845  0.5491812  0.5781896  0.5643674  0.5279871  0.4958049  0.5066239  0.5284982  0.5476215  0.5790292  0.5953913  0.6077529  0.6054291  0.5794484  0.5384998  0.5139224  0.5317699  0.5485278  0.5476387  0.5408218  0.5404298  0.5492603
 3  0.7514597  0.7064343  0.6545902  0.6189962  0.6030125  0.6062529  0.6526396  0.6923601  0.6873390  0.6731328  0.6572060  0.6575314  0.6608825  0.6625468  0.6751161  0.7022464  0.7136644  0.7251961  0.7102186  0.6942602  0.6842045  0.6872425  0.6939557  0.6916684  0.6919691  0.6985530  0.7092520
 4  0.4572140  0.4171446  0.3799919  0.3508264  0.3539295  0.4311571  0.5045330  0.5125732  0.4672689  0.4027306  0.3996231  0.4431717  0.4628409  0.4872843  0.5247002  0.5355095  0.5368328  0.5252420  0.4658610  0.4062708  0.4247080  0.4652147  0.4734932  0.4546380  0.4390800  0.4510581  0.4648546
 1  0.7299583  0.6872195  0.6350640  0.6020161  0.6092635  0.6239868  0.6347439  0.6473784  0.6562401  0.6894521  0.6944355  0.6959157  0.7010507  0.6972868  0.6913807  0.6928786  0.6928151  0.6855220  0.6793145  0.6799115  0.6809784  0.6750838  0.6866654  0.6722025  0.6537120  0.6472630  0.6781334
 2  0.5711477  0.5252501  0.4815502  0.4544947  0.4607818  0.4732578  0.4890328  0.5047706  0.5432826  0.5799416  0.5860740  0.5786383  0.5683636  0.5574277  0.5424034  0.5475732  0.5507557  0.5346951  0.5110862  0.4990435  0.5015186  0.5329781  0.5693984  0.5672202  0.5402995  0.5550669  0.5844584
 3  0.7529014  0.7130312  0.6594766  0.6222398  0.6261763  0.6398029  0.6500176  0.6635680  0.6712127  0.7084610  0.7156912  0.7143384  0.7191481  0.7157274  0.7082999  0.7096600  0.7108559  0.7036146  0.6956229  0.6947635  0.6966885  0.6902342  0.7056823  0.6940264  0.6737449  0.6627740  0.6987981
 4  0.4546550  0.4171442  0.3749961  0.3575266  0.3743612  0.3883357  0.4111177  0.4229163  0.4861203  0.5194055  0.4954948  0.4771575  0.4765526  0.4541985  0.4425634  0.4631214  0.4607819  0.4179167  0.3811261  0.3961610  0.4067251  0.4719915  0.5094821  0.4825713  0.4442697  0.4984173  0.5288589
 1  0.7300844  0.6846392  0.5950285  0.5011840  0.4572692  0.5748707  0.5935959  0.5887653  0.6770637  0.6380948  0.6095319  0.6199329  0.6460991  0.6711483  0.6723968  0.6694327  0.6687901  0.6880471  0.6950656  0.6892587  0.6747883  0.6692774  0.7065193  0.6944197  0.6808931  0.6785936  0.6897597
 2  0.5711411  0.5235489  0.4565747  0.4012301  0.4005031  0.5288822  0.5295742  0.5597686  0.5964568  0.5615843  0.5333505  0.5493458  0.5705630  0.5851696  0.5728646  0.5471022  0.5356033  0.5616044  0.5761973  0.5677744  0.5386738  0.5712730  0.6032620  0.5963245  0.5576225  0.5074319  0.4897422
 3  0.7530262  0.7106776  0.6205298  0.5208185  0.4705143  0.5900731  0.6162541  0.5956709  0.7029732  0.6643364  0.6299302  0.6369519  0.6658319  0.6926373  0.6934442  0.6891131  0.6848991  0.7047328  0.7152822  0.7089281  0.6932880  0.6831620  0.7289420  0.7182199  0.7008649  0.6946799  0.7035346
 4  0.4548105  0.4170595  0.3663787  0.3369163  0.3633562  0.4954724  0.4871860  0.5244170  0.5448365  0.4878225  0.4654268  0.4966539  0.5149756  0.5109552  0.4807098  0.4302467  0.4483030  0.5007451  0.4985197  0.4648053  0.4307579  0.5191292  0.5463079  0.4985212  0.4079510  0.3494626  0.3821641
 1  0.7297766  0.6848057  0.6483822  0.6341546  0.6470486  0.6485985  0.6521170  0.6630214  0.6643554  0.6676017  0.6698572  0.6626594  0.6279499  0.5519986  0.5959907  0.4645484  0.6797332  0.7033320  0.6952164  0.6949291  0.6954229  0.6928273  0.6856850  0.6784354  0.6735989  0.6942979  0.6905506
 2  0.5731114  0.5244942  0.4925044  0.4937265  0.5142805  0.5208658  0.5250804  0.5356923  0.5376542  0.5399758  0.5438197  0.5311258  0.4865408  0.4552523  0.5291986  0.4860447  0.6108264  0.6210414  0.6104672  0.6109982  0.5938870  0.5727370  0.5412639  0.5132290  0.5363722  0.5745326  0.5789991
 3  0.7529155  0.7106406  0.6721329  0.6528318  0.6645233  0.6668565  0.6686998  0.6805581  0.6826255  0.6850104  0.6881052  0.6817896  0.6466754  0.5660525  0.6179810  0.4539021  0.6990151  0.7291634  0.7224598  0.7187563  0.7166853  0.7124401  0.7035076  0.6949758  0.6880602  0.7135540  0.7119233
 4  0.4566960  0.4162671  0.3830016  0.4136302  0.4417537  0.4338164  0.4439639  0.4575360  0.4510612  0.4578515  0.4623661  0.4322370  0.3804999  0.4117591  0.4832848  0.4755265  0.5600570  0.5642029  0.5464202  0.5250165  0.4979609  0.4642694  0.4238609  0.3991291  0.4777443  0.5153931  0.4871382
 1  0.7280549  0.6809974  0.6491166  0.6351246  0.6309955  0.6392850  0.6609940  0.6775624  0.6861458  0.7059684  0.7008479  0.7000034  0.6940896  0.6865510  0.6808173  0.6829211  0.6995442  0.6953157  0.6912000  0.6899384  0.6891770  0.6811149  0.6881824  0.6874820  0.6766588  0.6732678  0.6632406
 2  0.5742871  0.5233197  0.4950295  0.4795204  0.4754882  0.4959636  0.5333993  0.5522234  0.5738968  0.5883978  0.5833267  0.5631273  0.5288716  0.4912891  0.4811646  0.5516451  0.5847870  0.5853372  0.5675164  0.5589576  0.5538319  0.5533298  0.5645756  0.5618817  0.5418288  0.5256195  0.5199128
 3  0.7515398  0.7070218  0.6727929  0.6548441  0.6479069  0.6547297  0.6767802  0.6959469  0.7030527  0.7257808  0.7214757  0.7179844  0.7107480  0.7018690  0.6940941  0.6978861  0.7201627  0.7158667  0.7099137  0.7078515  0.7076186  0.6991836  0.7065163  0.7072046  0.6951200  0.6901227  0.6805138
 4  0.4584217  0.4157221  0.3863133  0.3736977  0.3850474  0.4254960  0.4699175  0.4707504  0.5010294  0.5160857  0.4826792  0.4394339  0.3948323  0.3443297  0.3972376  0.5057611  0.5175648  0.4880070  0.4657554  0.4706484  0.4666176  0.4715085  0.4881982  0.4684880  0.4323846  0.4271952  0.4365644
 1  0.7296925  0.6821534  0.6411536  0.6222537  0.6338998  0.6354344  0.6356676  0.6533204  0.6667924  0.6648715  0.6605634  0.6552957  0.6523485  0.6563193  0.6607500  0.6620953  0.6660431  0.6592199  0.6481983  0.6518671  0.6328683  0.6296370  0.6693259  0.6889362  0.6891396  0.6993918  0.6963647
 2  0.5699182  0.5222040  0.4900340  0.4854177  0.5011323  0.4994493  0.4952742  0.5236846  0.5481785  0.5474238  0.5338204  0.5155521  0.5206328  0.5477233  0.5614349  0.5646767  0.5614618  0.5482280  0.5426101  0.5515211  0.5380596  0.5499185  0.5868352  0.5989370  0.5948668  0.5947235  0.5836471
 3  0.7528275  0.7087934  0.6657906  0.6415397  0.6514004  0.6537079  0.6514038  0.6685605  0.6851235  0.6844048  0.6794583  0.6728125  0.6683270  0.6743630  0.6810508  0.6817275  0.6863280  0.6791698  0.6654601  0.6718976  0.6542020  0.6455130  0.6887945  0.7114806  0.7099321  0.7195571  0.7176550
 4  0.4541773  0.4185686  0.3836550  0.4031244  0.4252454  0.4009606  0.4065773  0.4612138  0.4792501  0.4604802  0.4311913  0.4150689  0.4524897  0.4898414  0.4905100  0.4907205  0.4818935  0.4567904  0.4755009  0.4875732  0.4584757  0.4962559  0.5319058  0.5254667  0.5118085  0.5165627  0.4935380
 1  0.7310651  0.6893614  0.6313377  0.5905659  0.5839698  0.6092794  0.6458660  0.6531334  0.6633578  0.6846966  0.6886503  0.6742817  0.6652190  0.6720736  0.6652707  0.6494742  0.6440467  0.6185945  0.6174400  0.5790956  0.5564107  0.5753141  0.6248433  0.6169734  0.6702123  0.6349980  0.6089622
 2  0.5714015  0.5249206  0.4771595  0.4440811  0.4485220  0.5001766  0.5388678  0.5483454  0.5659654  0.5918395  0.5919088  0.5656506  0.5302127  0.5124762  0.4981221  0.4906726  0.5130250  0.5267177  0.5337495  0.5094516  0.5024344  0.5344881  0.5573521  0.5723581  0.5903136  0.5570487  0.5346780
 3  0.7535218  0.7145680  0.6556062  0.6112195  0.6006149  0.6229517  0.6635913  0.6720238  0.6800561  0.7048297  0.7118726  0.6963344  0.6830069  0.6881327  0.6821946  0.6655607  0.6610587  0.6369582  0.6375783  0.5994301  0.5715799  0.5898686  0.6466051  0.6312627  0.6954222  0.6613755  0.6276982
 4  0.4534606  0.4148438  0.3740716  0.3468392  0.3750358  0.4533508  0.4755690  0.4669767  0.5042171  0.5326803  0.5145909  0.4476742  0.4078497  0.4125615  0.3971224  0.4080414  0.4475388  0.4717548  0.4741837  0.4495868  0.4624392  0.4968984  0.5111551  0.5277265  0.5391204  0.4768621  0.4696517
 1  0.7294815  0.6844707  0.6305515  0.5955718  0.5875154  0.5948635  0.6201162  0.6582212  0.6752906  0.6863818  0.6804784  0.6734539  0.6551761  0.6288480  0.6519270  0.6406747  0.6381735  0.6431899  0.6695699  0.6802452  0.6765381  0.6892919  0.6930930  0.6892778  0.6761784  0.6586351  0.6454975
 2  0.5725402  0.5238844  0.4803613  0.4502923  0.4451560  0.4640433  0.5203436  0.5639315  0.5802716  0.5794120  0.5609311  0.5398909  0.5085464  0.5126118  0.5570361  0.5587323  0.5550276  0.5604625  0.5744299  0.5688614  0.5525635  0.5633831  0.5792632  0.5819031  0.5672310  0.5395686  0.5096171
 3  0.7525449  0.7104590  0.6551495  0.6162686  0.6047018  0.6099788  0.6338680  0.6764976  0.6957959  0.7061826  0.6999463  0.6919146  0.6731718  0.6440907  0.6699953  0.6625432  0.6581606  0.6630446  0.6898364  0.7002169  0.6941387  0.7062089  0.7126686  0.7101183  0.6973539  0.6789449  0.6638331
 4  0.4554746  0.4167696  0.3777836  0.3512600  0.3612535  0.3992250  0.4739547  0.5079526  0.5034530  0.4895569  0.4640347  0.4369183  0.4051841  0.4568873  0.5067718  0.4919237  0.4895523  0.4963766  0.4976047  0.4679505  0.4563168  0.4932301  0.5111754  0.5053769  0.4792958  0.4368114  0.4047183
 1  0.7294027  0.6818774  0.6378020  0.6162380  0.6212036  0.6251290  0.6346798  0.6336386  0.6252617  0.6259329  0.6241428  0.6570735  0.6986287  0.6872724  0.6701211  0.6645532  0.6644969  0.6654659  0.6592425  0.6552781  0.6626650  0.6570580  0.6526679  0.6514142  0.6542523  0.6419306  0.6330587
 2  0.5698543  0.5217168  0.4874004  0.4757652  0.4851002  0.4969357  0.5078849  0.5060959  0.5064591  0.5222788  0.5396694  0.5892796  0.6096621  0.5966201  0.5533371  0.5216119  0.5216451  0.5350264  0.5389629  0.5408565  0.5492600  0.5467954  0.5425282  0.5493919  0.5507838  0.5351058  0.5325581
 3  0.7524993  0.7083400  0.6624138  0.6360309  0.6384506  0.6420413  0.6513991  0.6517307  0.6420149  0.6435409  0.6426966  0.6718341  0.7229361  0.7110178  0.6898449  0.6816768  0.6805121  0.6832609  0.6783617  0.6727923  0.6813557  0.6764478  0.6709528  0.6699525  0.6741900  0.6620188  0.6499362
 4  0.4541562  0.4175816  0.3828359  0.3868161  0.4067662  0.4209584  0.4306404  0.4191305  0.4351202  0.4635656  0.4795544  0.5400063  0.5474394  0.4950901  0.4294114  0.4159261  0.4476990  0.4648404  0.4531476  0.4659195  0.4764886  0.4650358  0.4671400  0.4820505  0.4757416  0.4467211  0.4666835
 1  0.7272826  0.6765279  0.6296692  0.6048956  0.6073441  0.6121532  0.6406118  0.6859586  0.6756619  0.6556814  0.6361517  0.6262069  0.6521001  0.6400688  0.6148368  0.6033004  0.6031791  0.5774562  0.5538401  0.5931393  0.5909249  0.5833672  0.6464935  0.6828809  0.6598823  0.6361904  0.6243829
 2  0.5729577  0.5210785  0.4842309  0.4706537  0.4798143  0.4919120  0.5508754  0.5892033  0.5787411  0.5388826  0.4900121  0.4974596  0.5439727  0.5398890  0.5102415  0.5085225  0.5311286  0.5183776  0.5107387  0.5369910  0.5313282  0.5356799  0.5916352  0.6019523  0.5779636  0.5445259  0.5134133
 3  0.7510606  0.7032012  0.6543377  0.6249182  0.6246965  0.6292301  0.6537726  0.7063930  0.6989793  0.6764204  0.6538579  0.6401774  0.6694837  0.6619559  0.6343637  0.6194278  0.6204413  0.5969826  0.5696100  0.6112080  0.6119334  0.5992531  0.6617651  0.7088032  0.6862345  0.6583167  0.6431299
 4  0.4584400  0.4170217  0.3839942  0.3854499  0.4054940  0.4191023  0.5030071  0.5317225  0.4885358  0.4151039  0.3709232  0.4437949  0.4918314  0.4566256  0.4213893  0.4511085  0.4824799  0.4705844  0.4723944  0.4960158  0.4820059  0.4961570  0.5448594  0.5473936  0.4976271  0.4462095  0.4237747
 1  0.7263195  0.6761652  0.6167432  0.5757509  0.5708283  0.5817037  0.5903521  0.5729670  0.6037996  0.6497030  0.6782469  0.6663295  0.6591690  0.6715082  0.6678910  0.6625816  0.6707666  0.6772832  0.6782505  0.6947207  0.6911737  0.6923400  0.6823514  0.6829234  0.6900966  0.6860834  0.6751284
 2  0.5711790  0.5212492  0.4756222  0.4460117  0.4523480  0.4752061  0.4826374  0.4778004  0.5318320  0.5860702  0.5960484  0.5803619  0.5617103  0.5577438  0.5426210  0.5226239  0.5358932  0.5518113  0.5733577  0.5887661  0.5869795  0.5712940  0.5463612  0.5446574  0.5549650  0.5520755  0.5235005
 3  0.7502776  0.7030711  0.6418943  0.5963862  0.5875566  0.5975409  0.6083923  0.5891905  0.6172077  0.6669723  0.7026916  0.6904832  0.6785307  0.6904801  0.6876022  0.6795549  0.6866462  0.6959130  0.6958017  0.7154336  0.7124501  0.7116631  0.7004790  0.6995528  0.7081026  0.7051627  0.6930846
 4  0.4579942  0.4180866  0.3781671  0.3591377  0.3847571  0.4156624  0.4058665  0.4167248  0.4909923  0.5372585  0.5349493  0.4891301  0.4736043  0.4775636  0.4384856  0.4203971  0.4657170  0.4786927  0.5072650  0.5207629  0.4968754  0.4651825  0.4414431  0.4635646  0.4779562  0.4509933  0.3954283
 1  0.7283663  0.6827752  0.6226538  0.5813352  0.5646694  0.5884289  0.6329824  0.6495082  0.6675168  0.6771011  0.6723697  0.6761899  0.6810898  0.6766100  0.6498915  0.6213363  0.6699028  0.6508036  0.6423142  0.6544900  0.6666733  0.6635083  0.6695027  0.6746438  0.6734659  0.6854703  0.6841927
 2  0.5709641  0.5238797  0.4752156  0.4371610  0.4316435  0.4932154  0.5408007  0.5576649  0.5668832  0.5670264  0.5537752  0.5513301  0.5580793  0.5523227  0.5195893  0.5381346  0.5842447  0.5649131  0.5404824  0.5393223  0.5487975  0.5468777  0.5506467  0.5487975  0.5561952  0.5732464  0.5717500
 3  0.7517058  0.7088831  0.6473824  0.6024098  0.5813190  0.6004445  0.6509300  0.6685716  0.6860593  0.6972971  0.6914433  0.6935953  0.6996719  0.6960092  0.6694178  0.6342132  0.6915070  0.6760583  0.6626172  0.6715198  0.6851886  0.6827915  0.6879597  0.6932548  0.6906466  0.7048775  0.7054331
 4  0.4566222  0.4170227  0.3742081  0.3352427  0.3592467  0.4562945  0.4839878  0.4826183  0.4941466  0.4819440  0.4576408  0.4700478  0.4808264  0.4624378  0.4184534  0.4934812  0.5341891  0.4759258  0.4363715  0.4622087  0.4766129  0.4653085  0.4657551  0.4588290  0.4849187  0.5074457  0.4782638
 1  0.7305319  0.6896581  0.6305540  0.5910136  0.5948237  0.6155568  0.6450287  0.6435133  0.6451294  0.6511516  0.6734365  0.6833662  0.6809595  0.6831594  0.6846734  0.6927988  0.6844641  0.6777231  0.6682851  0.6657058  0.6654737  0.6596423  0.6505149  0.6509473  0.6576503  0.6836747  0.6975325
 2  0.5721984  0.5266032  0.4762619  0.4534389  0.4784440  0.5229346  0.5485189  0.5375572  0.5132147  0.5004670  0.5247249  0.5424181  0.5476319  0.5469922  0.5527669  0.5576838  0.5509633  0.5384127  0.5338737  0.5520446  0.5684112  0.5667766  0.5585837  0.5531775  0.5691117  0.5916097  0.6003600
 3  0.7533336  0.7150011  0.6548678  0.6107403  0.6109183  0.6313719  0.6641555  0.6642841  0.6637438  0.6665877  0.6886731  0.7010922  0.6986734  0.7011203  0.7022501  0.7108115  0.7033040  0.6957738  0.6858478  0.6835719  0.6856456  0.6813068  0.6713222  0.6710168  0.6755738  0.7038718  0.7197600
 4  0.4550996  0.4161370  0.3712573  0.3714718  0.4198353  0.4720794  0.4817966  0.4415974  0.3893175  0.4063070  0.4565176  0.4614214  0.4576488  0.4568677  0.4683665  0.4732207  0.4561377  0.4405567  0.4538108  0.4903994  0.5061452  0.4961349  0.4837258  0.4785889  0.5065683  0.5311722  0.5198266
 1  0.7307829  0.6860838  0.6360765  0.6142137  0.6442478  0.6485233  0.6418153  0.6559198  0.7022981  0.6943549  0.6747716  0.6644504  0.6584195  0.6591671  0.6739403  0.6792457  0.6778937  0.6786537  0.6979477  0.6894284  0.6760509  0.6700239  0.6715850  0.6678913  0.6612090  0.6478820  0.6370930
 2  0.5712566  0.5225106  0.4830270  0.4954976  0.5328047  0.5332785  0.5005041  0.5421038  0.5965338  0.5971292  0.5692019  0.5318092  0.4926007  0.4799724  0.5208011  0.5553267  0.5634509  0.5803223  0.5960398  0.5873950  0.5590851  0.5326614  0.5214440  0.5114613  0.4993940  0.4866348  0.5045163
 3  0.7532018  0.7114615  0.6601924  0.6321801  0.6622459  0.6687641  0.6598992  0.6672923  0.7221785  0.7182523  0.6964688  0.6832612  0.6754390  0.6733429  0.6887021  0.6974032  0.6976402  0.6967345  0.7191755  0.7119793  0.6963360  0.6876180  0.6884176  0.6849208  0.6779600  0.6641400  0.6525189
 4  0.4532831  0.4141112  0.3814007  0.4346781  0.4713081  0.4353685  0.3639266  0.4930069  0.5455181  0.5174607  0.4585139  0.4092542  0.3599284  0.3913808  0.4617639  0.4890525  0.4851310  0.5139026  0.5303272  0.4982724  0.4453787  0.4265417  0.4270781  0.4136072  0.3911329  0.3923079  0.4455340
 1  0.7288303  0.6817250  0.6174384  0.5757759  0.5068965  0.4755702  0.6365994  0.6894957  0.6265519  0.6136490  0.6172450  0.5956044  0.5509158  0.5763011  0.7008832  0.7088824  0.6838090  0.6679089  0.6508426  0.6755400  0.7161205  0.6988652  0.6691280  0.6542335  0.6595473  0.6493124  0.6358427
 2  0.5741911  0.5237030  0.4725965  0.4436618  0.4123382  0.4505203  0.5903695  0.6019120  0.5553248  0.5449017  0.5404074  0.5080361  0.4620148  0.5607779  0.6198164  0.6247536  0.5922526  0.5444785  0.4912058  0.5791674  0.6168965  0.6080962  0.5574479  0.5087143  0.5040525  0.4980788  0.4935478
 3  0.7523075  0.7079528  0.6423286  0.5963026  0.5231706  0.4868508  0.6464631  0.7184767  0.6523516  0.6336352  0.6387553  0.6174219  0.5687817  0.5729758  0.7257869  0.7355741  0.7080691  0.6878296  0.6672621  0.6857623  0.7407837  0.7244102  0.6910907  0.6710532  0.6750078  0.6675880  0.6526339
 4  0.4580154  0.4169323  0.3746449  0.3574037  0.3562920  0.4298734  0.5470473  0.5484126  0.4918608  0.4892609  0.4749334  0.4212730  0.3901915  0.5311225  0.5657239  0.5529574  0.4829688  0.4021999  0.3739300  0.5363895  0.5624599  0.5171178  0.4152692  0.3889922  0.4276745  0.4075434  0.4044545
 1  0.7302531  0.6859038  0.6307440  0.5970885  0.5887203  0.5997228  0.6197440  0.6188183  0.6126737  0.6404260  0.6783221  0.6665721  0.6544100  0.6580821  0.6618142  0.6699715  0.6684214  0.6743557  0.6632880  0.6503792  0.6383305  0.6274561  0.6280212  0.6502310  0.6912433  0.6900251  0.6759897
 2  0.5733499  0.5237260  0.4793573  0.4527727  0.4509792  0.4787558  0.5084993  0.5091995  0.5139980  0.5696609  0.5925952  0.5765733  0.5440787  0.5286667  0.5375016  0.5542988  0.5695657  0.5739866  0.5568413  0.5264764  0.5077234  0.5183029  0.5376181  0.5860356  0.6056027  0.6035282  0.5672133
 3  0.7529906  0.7113011  0.6549497  0.6177214  0.6058897  0.6145475  0.6365572  0.6375295  0.6292378  0.6545227  0.7014490  0.6903332  0.6738841  0.6753416  0.6787487  0.6881204  0.6874914  0.6952119  0.6849250  0.6692738  0.6550182  0.6447810  0.6462161  0.6647042  0.7156327  0.7141344  0.6964141
 4  0.4553468  0.4144629  0.3790004  0.3565251  0.3709012  0.4207597  0.4442478  0.4290654  0.4508943  0.5248250  0.5324797  0.4788811  0.4351701  0.4402709  0.4675268  0.4872968  0.5030646  0.5024170  0.4592167  0.4173374  0.4286567  0.4587935  0.4794741  0.5368311  0.5476370  0.5101243  0.4481789
 1  0.7306463  0.6839494  0.6319813  0.5992380  0.5874415  0.5822523  0.6076917  0.6274317  0.6855754  0.6818187  0.6660831  0.6615460  0.6886499  0.6999355  0.6842114  0.6700428  0.6537672  0.6404928  0.6266388  0.6244219  0.5684663  0.6213949  0.6000072  0.6283144  0.6930476  0.6872220  0.6766034
 2  0.5746519  0.5227490  0.4820388  0.4599876  0.4532279  0.4731141  0.5221646  0.5733704  0.6017896  0.5940153  0.5547270  0.5328787  0.5626007  0.5780602  0.5600649  0.5194763  0.4778336  0.4871275  0.5512198  0.5484311  0.5271343  0.5561085  0.5382048  0.5820952  0.6093096  0.6027009  0.5700368
 3  0.7534515  0.7096860  0.6563753  0.6197257  0.6052005  0.5969582  0.6229040  0.6417274  0.7087054  0.7058018  0.6870227  0.6777881  0.7049411  0.7199324  0.7044346  0.6879747  0.6696466  0.6548985  0.6423706  0.6499272  0.5857902  0.6410080  0.6226995  0.6391282  0.7179664  0.7113496  0.6964429
 4  0.4558021  0.4152092  0.3826876  0.3697980  0.3698969  0.4193080  0.4764567  0.5270412  0.5427599  0.5032100  0.4276772  0.4427728  0.5024393  0.5018996  0.4466273  0.3806053  0.3612319  0.4300920  0.5093046  0.4987737  0.4843921  0.5135518  0.4814569  0.5387119  0.5506516  0.5064305  0.4610535
 1  0.7306384  0.6854690  0.6363219  0.6058670  0.5952915  0.5863797  0.5802622  0.6386369  0.6735311  0.6707788  0.6626917  0.6727208  0.6737924  0.6775101  0.6717478  0.6690399  0.6586319  0.6731392  0.6787139  0.6760616  0.6774669  0.6840622  0.6855348  0.6800255  0.6702528  0.6732970  0.6802440
 2  0.5714296  0.5239925  0.4843567  0.4559592  0.4360778  0.4214009  0.4667591  0.5874317  0.5923661  0.5889288  0.5660976  0.5534905  0.5467675  0.5419409  0.5377616  0.5331868  0.5500932  0.5774968  0.5813522  0.5628217  0.5449787  0.5481598  0.5470046  0.5348693  0.5250054  0.5559472  0.5757110
 3  0.7535934  0.7115947  0.6608534  0.6264235  0.6130651  0.6020121  0.5915487  0.6518898  0.7000500  0.6960826  0.6830769  0.6911585  0.6918948  0.6952733  0.6896857  0.6867737  0.6750513  0.6934473  0.7013062  0.6956946  0.6943695  0.7014809  0.7038618  0.6978866  0.6865459  0.6897960  0.7013106
 4  0.4547070  0.4177429  0.3791017  0.3520067  0.3295327  0.3284881  0.4326834  0.5445285  0.5366926  0.4999783  0.4664060  0.4627055  0.4593675  0.4526101  0.4475608  0.4449663  0.4912317  0.5213577  0.4931729  0.4479400  0.4512870  0.4688782  0.4549491  0.4230183  0.4383033  0.5005471  0.5101362
 1  0.7298247  0.6826669  0.6395721  0.6266339  0.6591213  0.6591730  0.6509767  0.6505146  0.6615886  0.6771249  0.6727098  0.6660526  0.6795643  0.6846553  0.6820538  0.6785717  0.6768926  0.6749024  0.6821709  0.6795517  0.6809006  0.6931666  0.6995126  0.7040153  0.7085055  0.7079637  0.6998576
 2  0.5696666  0.5211598  0.4879088  0.5102347  0.5473098  0.5475015  0.5183910  0.4935116  0.5035324  0.5251174  0.5267315  0.5269380  0.5564890  0.5725553  0.5668426  0.5540238  0.5401154  0.5398059  0.5515029  0.5493196  0.5532346  0.5662697  0.5725818  0.5717603  0.5706926  0.5699701  0.5567760
 3  0.7525837  0.7088277  0.6640237  0.6441339  0.6777181  0.6797884  0.6690985  0.6667326  0.6763356  0.6933244  0.6909232  0.6819178  0.6966062  0.7048404  0.7021678  0.6973106  0.6946124  0.6920195  0.7001064  0.6985210  0.6979032  0.7110835  0.7186244  0.7215059  0.7261816  0.7261281  0.7182112
 4  0.4530319  0.4162894  0.3840664  0.4505824  0.4859811  0.4514159  0.3973979  0.3830707  0.4265262  0.4508101  0.4217083  0.4445938  0.4962543  0.4986007  0.4738579  0.4531145  0.4443635  0.4604396  0.4735746  0.4547707  0.4691565  0.4924278  0.4807446  0.4745367  0.4808175  0.4779459  0.4562364
 1  0.7291441  0.6867886  0.6439237  0.6177941  0.5873638  0.5609893  0.6308622  0.6528134  0.6475768  0.6653167  0.6513077  0.6411740  0.6509652  0.6690995  0.6690245  0.6662470  0.6736907  0.6758807  0.6824993  0.6831242  0.6907097  0.6895167  0.6888490  0.6819430  0.6719768  0.6561771  0.6343907
 2  0.5731839  0.5256805  0.4872117  0.4551728  0.4148803  0.4418795  0.5835450  0.5693000  0.5761057  0.5743565  0.5466078  0.5158332  0.5222727  0.5469678  0.5501793  0.5506984  0.5606519  0.5682553  0.5683277  0.5650852  0.5621812  0.5618510  0.5609812  0.5586927  0.5484049  0.5322479  0.5109385
 3  0.7522081  0.7122912  0.6677250  0.6382103  0.6051437  0.5722644  0.6419101  0.6810908  0.6717953  0.6868933  0.6726546  0.6594162  0.6666154  0.6865341  0.6883543  0.6843226  0.6921632  0.6956332  0.7026047  0.7016600  0.7091053  0.7078190  0.7073660  0.7010515  0.6911942  0.6753845  0.6530579
 4  0.4562852  0.4155206  0.3778674  0.3372189  0.3034626  0.4093211  0.5439027  0.5166361  0.5040064  0.4925965  0.4458077  0.4118951  0.4516170  0.4798515  0.4662366  0.4698503  0.4902237  0.4950757  0.4798738  0.4743771  0.4749371  0.4760509  0.4787437  0.4743369  0.4616821  0.4432316  0.4263741
