FL 2019 2020 2021 2022 2023 2024 2025 2026 2027 2028 2029 2030 2031 2032 2033 2034 2035 2036 2037 2038 2039 2040 2041 2042 2043 2044 2045
 1    4109.00    3843.84    3843.84    3764.84    3764.84    3976.90    3976.90    6846.38    6846.38    5399.39    5399.39     852.85     852.85     610.76     610.76     322.01     322.01     474.01     474.01      36.96      36.96     406.10     406.10     719.80     719.80    2514.20    2514.20
 2     783.00     732.16     732.16     717.11     717.11     757.50     757.50    1304.07    1304.07    1028.46    1028.46     162.45     162.45     116.34     116.34      61.34      61.34      90.29      90.29       7.04       7.04      77.35      77.35     137.10     137.10     478.90     478.90
 3    3537.00    7074.27    5368.18    4241.99    3458.45    4643.44    4741.97    8231.15    8231.15    8231.15    8231.15    3988.27    5048.01    3712.07    2115.21    2684.41    4142.67    3352.50    1553.17    2755.49    5991.82    7878.98    7464.85    5966.78     504.17    2507.52    2507.52
 4    1379.00    1027.83     678.16    1139.13    1754.04    1892.19    1101.17     851.75     851.75     851.75     851.75     851.75     851.75     851.75     851.75     851.75     851.75     851.75     851.75     851.75     851.75     851.75     851.75     851.75     679.63     683.86     683.86
 1    4109.00    4466.15    4466.15    5914.99    5914.99    3088.93    3088.93    2020.33    2020.33    2240.70    2240.70    1390.62    1390.62    1458.07    1458.07    1400.32    1400.32    2095.63    2095.63   10142.75   10142.75    5339.33    5339.33    1551.40    1551.40     285.98     285.98
 2     783.00     850.70     850.70    1126.66    1126.66     588.37     588.37     384.82     384.82     426.80     426.80     264.88     264.88     277.73     277.73     266.73     266.73     399.17     399.17    1931.95    1931.95    1017.02    1017.02     295.50     295.50      54.47      54.47
 3    3537.00    6231.77    5566.92    3823.25    3203.01    3203.01    2076.33    1399.62    1525.08    2635.16    2382.91    2382.91    1555.15    1555.15    1555.15    2652.38    2535.43    3790.68    3937.94    4873.21    3399.64    3399.64    3399.64    3399.64    3399.64    2687.99    3399.64
 4    1379.00     864.46     668.96     682.68     550.07     550.07     589.63     637.75     717.39     558.85     508.69     508.69     559.60     559.60     559.60     603.31    1030.48    1085.17     901.82     700.81     521.01     521.01     521.01     521.01     521.01     521.01     521.01
 1    4109.00    6493.41    6493.41    4736.89    4736.89    6762.29    6762.29    2517.90    2517.90    1138.37    1138.37    1178.56    1178.56     565.03     565.03    1476.55    1476.55    1603.14    1603.14    1535.23    1535.23    2457.84    2457.84     913.84     913.84    1551.86    1551.86
 2     783.00    1236.84    1236.84     902.26     902.26    1288.06    1288.06     479.60     479.60     216.83     216.83     224.49     224.49     107.62     107.62     281.25     281.25     305.36     305.36     292.42     292.42     468.16     468.16     174.06     174.06     295.59     295.59
 3    3537.00    6470.53    5360.28    3164.94    3581.96    3401.97    3401.97    3401.97    3401.97    3401.97    3401.97    3401.97    3401.97    3401.97    3401.97    3401.97    3401.97    3401.97    3401.97    3401.97    3401.97    3401.97    3401.97    3401.97     443.75    1120.61    1120.61
 4    1379.00     890.23     747.21     787.59     691.66     577.23     577.23     577.23     577.23     577.23     577.23     577.23     577.23     577.23     577.23     577.23     577.23     577.23     577.23     577.23     577.23     577.23     577.23     577.23     711.17     656.68     656.68
 1    4109.00    2510.05    2510.05    6020.32    6020.32    3539.38    3539.38    1116.65    1116.65     805.27     805.27    1680.29    1680.29    2154.31    2154.31    2849.62    2849.62    4759.06    4759.06    3260.33    3260.33    4614.46    4614.46    4796.02    4796.02    2781.70    2781.70
 2     783.00     478.10     478.10    1146.73    1146.73     674.17     674.17     212.70     212.70     153.38     153.38     320.06     320.06     410.34     410.34     542.78     542.78     906.49     906.49     621.02     621.02     878.94     878.94     913.53     913.53     529.85     529.85
 3    3537.00    5023.49    4916.56    4853.81    3871.65    3871.65    3871.65    3871.65    1131.38    3288.63    4464.58    5103.43    4651.83    2733.19    2738.27    3647.73    3372.76    3685.15    3251.49    1707.93    1734.97    2488.01    2423.36    2423.36    2423.36    2423.36    2423.36
 4    1379.00    1243.29     984.77     747.58     604.53     604.53     604.53     604.53     960.54    1055.18     984.67    1215.04     908.29     804.32     786.96     659.42     704.87     693.61     680.61     856.47    1126.73    1046.87     704.28     704.28     704.28     704.28     704.28
 1    4109.00    3921.92    3921.92    4267.03    4267.03    5285.28    5285.28    8551.16    8551.16    7462.69    7462.69    1525.52    1525.52     737.81     737.81    3714.94    3714.94    4160.77    4160.77    2073.92    2073.92    4419.03    4419.03    4634.78    4634.78     703.16     703.16
 2     783.00     747.03     747.03     812.77     812.77    1006.72    1006.72    1628.79    1628.79    1421.46    1421.46     290.58     290.58     140.54     140.54     707.61     707.61     792.53     792.53     395.03     395.03     841.72     841.72     882.82     882.82     133.94     133.94
 3    3537.00    5925.54    5642.91    4014.98    3534.04    4048.69    3487.78    3392.07    2923.83    2923.83    2923.83    2923.83    2923.83     617.71    1271.63    1271.63    1271.63    1271.63    1271.63    1368.31    1368.31    1368.31    1368.31    1368.31    1368.31    1368.31    1368.31
 4    1379.00     820.72     729.23     856.12     969.92     812.70     824.67     851.43     843.73     843.73     843.73     843.73     843.73     664.70     742.91     742.91     742.91     742.91     742.91     742.53     742.53     742.53     742.53     742.53     742.53     742.53     742.53
 1    4109.00    6447.21    6447.21    6899.51    6899.51    4009.24    4009.24    1122.66    1122.66    1398.94    1398.94    1278.35    1278.35    2388.08    2388.08    3093.09    3093.09    1827.21    1827.21     823.75     823.75    1430.35    1430.35    3962.57    3962.57    1361.98    1361.98
 2     783.00    1228.04    1228.04    1314.19    1314.19     763.66     763.66     213.84     213.84     266.46     266.46     243.50     243.50     454.87     454.87     589.16     589.16     348.04     348.04     156.90     156.90     272.45     272.45     754.78     754.78     259.42     259.42
 3    3537.00    6345.97    5600.59    3675.76    3675.76    3675.76    3675.76    3675.76    1374.12    1374.12    1374.12    1374.12    1374.12    1374.12    1374.12    1374.12    1374.12    1374.12    1374.12    1374.12    1374.12    1374.12    1374.12    1374.12    1374.12    1354.45    1354.45
 4    1379.00     879.88     714.47     697.57     697.57     697.57     697.57     697.57     719.09     719.09     719.09     719.09     719.09     719.09     719.09     719.09     719.09     719.09     719.09     719.09     719.09     719.09     719.09     719.09     719.09     792.27     792.27
 1    4109.00    6966.04    6966.04    3314.85    3314.85    2054.51    2054.51    1379.53    1379.53     888.89     888.89     423.19     423.19     449.06     449.06    2619.54    2619.54    1189.19    1189.19     719.33     719.33    2055.90    2055.90    5457.61    5457.61    3726.95    3726.95
 2     783.00    1326.86    1326.86     631.40     631.40     391.34     391.34     262.77     262.77     169.31     169.31      80.61      80.61      85.54      85.54     498.96     498.96     226.51     226.51     137.02     137.02     391.60     391.60    1039.54    1039.54     709.90     709.90
 3    3537.00    5698.73    5163.94    2939.97    2939.97    2939.97    2939.97    2939.97    2939.97    2939.97    2939.97    2939.97    2939.97    2939.97    2939.97    2939.97    2939.97    2939.97    2939.97    1173.61    2249.87    3066.71    3320.26    4657.66    4114.71    4114.71    4114.71
 4    1379.00     907.83     718.85     733.76     733.76     733.76     733.76     733.76     733.76     733.76     733.76     733.76     733.76     733.76     733.76     733.76     733.76     733.76     733.76    1004.64    1101.38    1467.78    1271.57    1007.04     773.73     773.73     773.73
 1    4109.00    1392.47    1392.47    1603.60    1603.60    2938.78    2938.78    5008.54    5008.54    3052.90    3052.90    7143.91    7143.91    3545.39    3545.39     930.93     930.93    2895.82    2895.82   10951.25   10951.25    7103.71    7103.71    1408.64    1408.64     749.36     749.36
 2     783.00     265.23     265.23     305.45     305.45     559.77     559.77     954.01     954.01     581.50     581.50    1360.74    1360.74     675.31     675.31     177.32     177.32     551.58     551.58    2085.95    2085.95    1353.09    1353.09     268.31     268.31     142.74     142.74
 3    3537.00    4427.18    4385.89    4385.89    4385.89    4385.89    2388.14    3281.31    3325.29    2877.12    3960.36    4926.54    4926.54    4926.54    4926.54    4926.54     371.80    1359.37    3144.58    4011.12    3185.87    3185.87    3185.87    3185.87    3185.87    3185.87     844.31
 4    1379.00    1064.25     891.44     891.44     891.44     891.44     813.22     871.53     965.62     976.86     891.95     643.29     643.29     643.29     643.29     643.29    1155.89    1494.83    1241.61    1092.68     792.50     792.50     792.50     792.50     792.50     792.50     985.05
 1    4109.00    6888.42    6888.42    7754.67    7754.67    3309.31    3309.31     423.65     423.65    2281.36    2281.36    5069.06    5069.06    3727.42    3727.42    1900.67    1900.67     554.86     554.86     355.28     355.28     356.66     356.66     582.12     582.12    4135.36    4135.36
 2     783.00    1312.08    1312.08    1477.08    1477.08     630.34     630.34      80.70      80.70     434.54     434.54     965.54     965.54     709.98     709.98     362.03     362.03     105.69     105.69      67.67      67.67      67.94      67.94     110.88     110.88     787.69     787.69
 3    3537.00    5148.36    4627.80    3188.49    3188.49    3188.49    3188.49     744.22    1346.99    3629.53    4749.54    5660.40    4191.13    4191.13    4191.13    4191.13    4191.13    4191.13    4191.13    4191.13    4191.13    4191.13     621.37     742.94    2338.53    8199.44    8340.13
 4    1379.00    1206.19     856.25     569.03     569.03     569.03     569.03     785.75    1262.70    1197.38     970.77     802.48     663.72     663.72     663.72     663.72     663.72     663.72     663.72     663.72     663.72     663.72     773.51    2012.71    2810.19    1862.07    1340.19
 1    4109.00    6048.97    6048.97    4334.48    4334.48    2438.44    2438.44    1808.27    1808.27    1111.11    1111.11     813.12     813.12     717.95     717.95    1152.69    1152.69    4267.96    4267.96    3882.19    3882.19    3914.53    3914.53     425.96     425.96     353.89     353.89
 2     783.00    1152.18    1152.18     825.62     825.62     464.46     464.46     344.43     344.43     211.64     211.64     154.88     154.88     136.75     136.75     219.56     219.56     812.94     812.94     739.46     739.46     745.62     745.62      81.14      81.14      67.41      67.41
 3    3537.00    5798.59    5349.50    3232.57    3232.57    3232.57    3232.57    3232.57    3232.57    3232.57    3232.57    3232.57    3232.57    3232.57     954.83    2293.35    3166.85    4359.22    4359.22    4359.22    4359.22    4359.22    4359.22    1952.17    2697.51    4359.22    4359.22
 4    1379.00     899.94     756.32     979.75     979.75     979.75     979.75     979.75     979.75     979.75     979.75     979.75     979.75     979.75     641.70     971.44     972.61     792.67     792.67     792.67     792.67     792.67     792.67     792.67     792.67     792.67     792.67
 1    4109.00    3446.06    3446.06    3651.19    3651.19    3552.78    3552.78    3037.65    3037.65    2421.34    2421.34    1764.38    1764.38    4581.65    4581.65    4543.31    4543.31    4494.34    4494.34    2395.93    2395.93    3382.30    3382.30    2224.53    2224.53    2607.53    2607.53
 2     783.00     656.39     656.39     695.46     695.46     676.72     676.72     578.60     578.60     461.21     461.21     336.07     336.07     872.70     872.70     865.39     865.39     856.06     856.06     456.37     456.37     644.25     644.25     423.72     423.72     496.67     496.67
 3    3537.00    5449.94    4754.84    4495.31    3927.23    2734.20    2563.00    2563.00    2563.00    2563.00    2563.00    1109.10    1313.62    3833.00    3703.28    3873.48    3533.29    3324.22    3733.68    1993.34    1993.34    1993.34    1993.34    1993.34    1993.34    1993.34    1993.34
 4    1379.00    1109.87     779.96     760.66     708.95     579.57     651.53     651.53     651.53     651.53     651.53    1043.37    1014.87     998.52     948.05     814.22     751.48     719.27     715.62     568.47     568.47     568.47     568.47     568.47     568.47     568.47     568.47
 1    4109.00    4743.35    4743.35    5194.27    5194.27    4001.38    4001.38    1831.37    1831.37     342.80     342.80     435.20     435.20    3126.35    3126.35    5877.10    5877.10    4244.86    4244.86    1051.97    1051.97    1546.78    1546.78    4213.90    4213.90    6813.11    6813.11
 2     783.00     903.50     903.50     989.38     989.38     762.17     762.17     348.83     348.83      65.30      65.30      82.90      82.90     595.50     595.50    1119.45    1119.45     808.54     808.54     200.38     200.38     294.62     294.62     802.65     802.65    1297.74    1297.74
 3    3537.00    5923.96    4814.47    4628.27    4628.27    4628.27    4628.27    4628.27    2986.02    3233.18    3974.76     618.63    1599.32    5891.28    5642.26    5642.26    5642.26    5642.26    5642.26    5642.26     756.93    2458.42    2612.97    3411.12    4875.05    6229.59    5680.46
 4    1379.00     924.88     673.86     606.79     606.79     606.79     606.79     606.79     606.79     606.79     606.79    1070.25    1330.56     936.06     738.01     738.01     738.01     738.01     738.01     738.01     696.59     638.24     857.65    1483.61    1473.99    1594.42    1367.63
 1    4109.00    5658.58    5658.58    3051.97    3051.97    1901.59    1901.59    1160.54    1160.54    2380.69    2380.69    2127.97    2127.97    1655.81    1655.81     631.55     631.55     792.79     792.79     951.26     951.26    1585.12    1585.12    2817.74    2817.74    2217.60    2217.60
 2     783.00    1077.82    1077.82     581.33     581.33     362.21     362.21     221.06     221.06     453.46     453.46     405.33     405.33     315.39     315.39     120.30     120.30     151.01     151.01     181.19     181.19     301.93     301.93     536.71     536.71     422.40     422.40
 3    3537.00    3878.67    4107.77    2691.85    2545.26    2114.73    2114.73    2114.73    2114.73    2114.73    2114.73    2114.73    2114.73    2114.73    2114.73    2114.73    2114.73    2114.73    2114.73    2114.73    2114.73    2114.73    2114.73    2114.73    2114.73    1045.81    1912.96
 4    1379.00     884.50     751.77     569.62     804.95     917.69     917.69     917.69     917.69     917.69     917.69     917.69     917.69     917.69     917.69     917.69     917.69     917.69     917.69     917.69     917.69     917.69     917.69     917.69     917.69    1273.44    1275.93
 1    4109.00    5649.34    5649.34    8878.25    8878.25    4120.12    4120.12    2995.61    2995.61    1243.24    1243.24    1396.63    1396.63    3926.08    3926.08    2832.98    2832.98    1653.96    1653.96    3092.63    3092.63    7384.61    7384.61    3679.37    3679.37     824.21     824.21
 2     783.00    1076.06    1076.06    1691.10    1691.10     784.78     784.78     570.59     570.59     236.81     236.81     266.02     266.02     747.82     747.82     539.62     539.62     315.04     315.04     589.07     589.07    1406.59    1406.59     700.83     700.83     156.99     156.99
 3    3537.00    5565.32    5333.96    4571.49    4571.49    4571.49    4571.49    4571.49    4571.49    4571.49    4571.49     902.56    1325.03    1325.03    1325.03    1325.03    1082.88    1805.42    2106.08    4408.82    5122.94    5122.94    5122.94    5122.94    5122.94    4777.61    3602.67
 4    1379.00     910.44     650.85     506.09     506.09     506.09     506.09     506.09     506.09     506.09     506.09     888.59     830.30     830.30     830.30     830.30     754.27     914.41    1298.81    1241.00     940.86     940.86     940.86     940.86     940.86     940.86     940.86
 1    4109.00    5167.01    5167.01    4505.42    4505.42    2377.45    2377.45    1655.81    1655.81    1386.00    1386.00     291.52     291.52    2717.48    2717.48    2393.62    2393.62    2482.33    2482.33    1203.97    1203.97     676.83     676.83     330.33     330.33     434.28     434.28
 2     783.00     984.19     984.19     858.18     858.18     452.85     452.85     315.39     315.39     264.00     264.00      55.53      55.53     517.62     517.62     455.93     455.93     472.82     472.82     229.33     229.33     128.92     128.92      62.92      62.92      82.72      82.72
 3    3537.00    4734.84    4738.17    3317.13    3060.45    3060.45    3060.45    3060.45    3060.45    3060.45    3060.45     544.71    1319.78    4428.40    4428.40    4428.40    4428.40    4428.40    4428.40    4428.40    4428.40    4428.40    4428.40    4428.40    4428.40    4428.40     625.05
 4    1379.00     755.96     667.52     809.12     816.24     816.24     816.24     816.24     816.24     816.24     816.24     933.97    1060.65     709.06     709.06     709.06     709.06     709.06     709.06     709.06     709.06     709.06     709.06     709.06     709.06     709.06     702.93
 1    4109.00    4684.22    4684.22    3258.49    3258.49    4588.12    4588.12    4417.64    4417.64    3636.40    3636.40    3709.40    3709.40    3945.02    3945.02    2512.82    2512.82    3123.58    3123.58    5810.57    5810.57    7461.76    7461.76    3402.63    3402.63    1446.52    1446.52
 2     783.00     892.23     892.23     620.66     620.66     873.93     873.93     841.46     841.46     692.65     692.65     706.55     706.55     751.43     751.43     478.63     478.63     594.97     594.97    1106.78    1106.78    1421.29    1421.29     648.12     648.12     275.53     275.53
 3    3537.00    6023.36    5043.13    3678.91    2926.71    2364.94    2252.82    1997.07    2057.37    1302.62    1578.47    1907.31    2043.34    2957.04    2967.12    1299.10    1778.28    5302.98    7697.47    7019.94    7019.94    7019.94    7019.94    7019.94     475.01     612.97    1238.96
 4    1379.00     906.14     670.59     641.99     622.56     589.33     661.05     634.10     658.17     820.33    1022.80     859.45     654.16     562.43     606.47     977.78    2078.73    1993.97    1565.75     973.24     973.24     973.24     973.24     973.24     781.02     912.14    1213.21
 1    4109.00    6814.96    6814.96    3494.57    3494.57    3428.96    3428.96    1686.76    1686.76    1146.22    1146.22    1256.64    1256.64    1534.76    1534.76    5255.71    5255.71    6228.68    6228.68    5550.93    5550.93    6420.41    6420.41    2079.92    2079.92    1097.25    1097.25
 2     783.00    1298.09    1298.09     665.63     665.63     653.14     653.14     321.29     321.29     218.33     218.33     239.36     239.36     292.34     292.34    1001.09    1001.09    1186.42    1186.42    1057.32    1057.32    1222.94    1222.94     396.18     396.18     209.00     209.00
 3    3537.00    5640.94    4658.22    3551.45    2980.62    2665.45    2665.45    2665.45    2665.45    2665.45    2665.45    2665.45    1503.54    2487.85    4792.14    6156.22    5169.07    2760.33    1946.02    1954.08    1696.36    1696.36    1696.36    1696.36    1696.36    1696.36    1696.36
 4    1379.00     853.55     650.35     793.19     731.98     632.50     632.50     632.50     632.50     632.50     632.50     632.50     890.10    1512.51    1409.66     941.62     711.73     931.33     979.22     914.79     609.33     609.33     609.33     609.33     609.33     609.33     609.33
 1    4109.00    4288.75    4288.75    5254.33    5254.33    3958.42    3958.42    4858.85    4858.85    3027.02    3027.02    1107.88    1107.88    1600.83    1600.83    1055.21    1055.21    1462.69    1462.69    2710.09    2710.09    2750.75    2750.75    4041.58    4041.58    2590.90    2590.90
 2     783.00     816.90     816.90    1000.82    1000.82     753.98     753.98     925.50     925.50     576.58     576.58     211.02     211.02     304.92     304.92     200.99     200.99     278.61     278.61     516.21     516.21     523.95     523.95     769.82     769.82     493.50     493.50
 3    3537.00    5613.70    4823.91    3563.77    3303.91    4548.71    3645.06    3645.06    3645.06    3645.06    3645.06    3645.06    3645.06    3645.06    3645.06    3645.06    1273.17    2448.04    2444.69    2888.18    4824.15    4466.71    4358.95    4358.95    3590.40    1185.45    1896.18
 4    1379.00    1092.27     817.43     926.46     774.86     922.30     772.98     772.98     772.98     772.98     772.98     772.98     772.98     772.98     772.98     772.98     647.97     517.54     712.43    1214.09    1389.14    1053.40     741.82     741.82     504.19     868.31     934.01
 1    4109.00    4831.13    4831.13   11912.21   11912.21    2253.17    2253.17     525.76     525.76     239.78     239.78     264.26     264.26     486.49     486.49     218.06     218.06     389.93     389.93     164.01     164.01     286.90     286.90      28.18      28.18     247.63     247.63
 2     783.00     920.22     920.22    2268.99    2268.99     429.18     429.18     100.14     100.14      45.67      45.67      50.34      50.34      92.66      92.66      41.54      41.54      74.27      74.27      31.24      31.24      54.65      54.65       5.37       5.37      47.17      47.17
 3    3537.00    4905.92    4734.52    4734.52    4734.52    1950.08    2750.72    2161.19    2681.19    2621.89    2766.04    4734.52    4734.52    3297.20    3257.67    4511.50    4734.52    4734.52    4292.26    4115.91    4734.52    3887.83    1548.37    1830.31    3966.56    4734.52    4734.52
 4    1379.00    1103.92     870.81     870.81     870.81     870.81     870.81     870.81     870.81     870.81     870.81     870.81     870.81     870.81     870.81     870.81     870.81     870.81     870.81     870.81     870.81     870.81     870.81     870.81     870.81     870.81     870.81
 1    4109.00    4753.98    4753.98    5709.86    5709.86    3986.60    3986.60    3659.04    3659.04     534.07     534.07    1399.86    1399.86    2981.75    2981.75    6492.02    6492.02    7831.36    7831.36    3065.37    3065.37    2674.98    2674.98    1026.10    1026.10     301.22     301.22
 2     783.00     905.52     905.52    1087.59    1087.59     759.35     759.35     696.96     696.96     101.73     101.73     266.64     266.64     567.95     567.95    1236.58    1236.58    1491.69    1491.69     583.88     583.88     509.52     509.52     195.45     195.45      57.38      57.38
 3    3537.00    5143.03    4329.24    3967.58    4094.64    4094.64    4094.64    4094.64    4094.64    4094.64    1999.17    3673.60    3314.42    2466.18    2590.49    4603.21    3399.67    3399.67    3399.67    3399.67    3399.67    3399.67    3399.67    3399.67    3068.29    3099.68    3287.47
 4    1379.00     934.06     812.97     796.64     787.48     787.48     787.48     787.48     787.48     787.48     952.58     722.26     580.01     709.99     951.15     931.72     693.79     693.79     693.79     693.79     693.79     693.79     693.79     693.79     693.79     693.79     693.79
 1    4109.00    4037.42    4037.42    3928.85    3928.85    1551.86    1551.86    1660.43    1660.43    1228.92    1228.92    3159.16    3159.16    4198.66    4198.66    5516.74    5516.74    4252.71    4252.71    1473.78    1473.78     504.04     504.04    1667.36    1667.36    1623.93    1623.93
 2     783.00     769.03     769.03     748.35     748.35     295.59     295.59     316.27     316.27     234.08     234.08     601.74     601.74     799.74     799.74    1050.81    1050.81     810.04     810.04     280.72     280.72      96.01      96.01     317.59     317.59     309.32     309.32
 3    3537.00    5837.62    5624.41    3771.09    3771.09    3771.09    3771.09    1486.34    1513.82    4378.99    4790.10    5512.93    5691.01    2944.70    2916.25    2916.25    2916.25    2916.25    2916.25    2916.25    2916.25    2916.25    2916.25    2916.25    2916.25    1117.10    1698.50
 4    1379.00     871.35     643.90     612.85     612.85     612.85     612.85     775.40    1128.16    1237.75    1016.75     894.05     798.93     933.24     686.71     686.71     686.71     686.71     686.71     686.71     686.71     686.71     686.71     686.71     686.71     849.83    1166.40
 1    4109.00    4456.91    4456.91    3991.68    3991.68    2413.95    2413.95    4308.61    4308.61     601.06     601.06    1287.59    1287.59    3515.36    3515.36    3489.95    3489.95    1974.59    1974.59    1914.53    1914.53    1730.19    1730.19    1506.12    1506.12    1299.14    1299.14
 2     783.00     848.94     848.94     760.32     760.32     459.80     459.80     820.69     820.69     114.49     114.49     245.26     245.26     669.59     669.59     664.75     664.75     376.11     376.11     364.67     364.67     329.56     329.56     286.88     286.88     247.46     247.46
 3    3537.00    6571.59    6248.88    4353.46    3624.16    3182.37    3182.37    3182.37    3182.37    3182.37    3182.37    1197.03    1479.41    1479.41    1479.41    1479.41    1479.41    1479.41    1479.41    1479.41    1479.41    1175.62    1789.86    1789.86    1789.86    1789.86    1789.86
 4    1379.00     942.23     762.74     854.16     827.24     672.40     672.40     672.40     672.40     672.40     672.40     733.40     641.60     641.60     641.60     641.60     641.60     641.60     641.60     641.60     641.60     783.49     798.46     798.46     798.46     798.46     798.46
 1    4109.00    4004.62    4004.62    8169.55    8169.55   11578.18   11233.48    3971.81    3971.81    4668.97    4668.97    8168.62    8168.62    3430.35    3430.35    4719.79    4719.79    2681.45    2681.45    2122.89    2122.89    1055.67    1055.67    3175.79    3175.79    2975.74    2975.74
 2     783.00     762.78     762.78    1556.10    1556.10    2205.37    2205.37     756.54     756.54     889.33     889.33    1555.93    1555.93     653.40     653.40     899.01     899.01     510.75     510.75     404.36     404.36     201.08     201.08     604.91     604.91     566.81     566.81
 3    3537.00    5678.37    5442.62    4531.24    4350.90    2169.05    1312.27    1327.65    1866.44    1866.44    2185.61    2458.17    2458.17    2458.17    1513.11    3336.27    3820.15    2214.79    1877.98    1877.98    1877.98    1877.98    1877.98    2296.60    2296.60    2296.60    2296.60
 4    1379.00     800.53     764.55     836.08     667.57     607.66     754.34     635.86     511.09     511.09     671.48     642.72     642.72     642.72    1176.74    1054.04     835.49     630.19     607.93     607.93     607.93     607.93     607.93     542.51     542.51     542.51     542.51
 1    4109.00    4684.22    4684.22    3819.35    3819.35    2205.13    2205.13     987.76     987.76     767.84     767.84     717.95     717.95     227.77     227.77     453.68     453.68    3331.48    3331.48   14651.87   14651.87   14185.71   14185.71    4781.70    4781.70     981.29     981.29
 2     783.00     892.23     892.23     727.50     727.50     420.02     420.02     188.14     188.14     146.26     146.26     136.75     136.75      43.38      43.38      86.42      86.42     634.57     634.57    2790.83    2790.83    2702.04    2702.04     910.80     910.80     186.91     186.91
 3    3537.00    6581.50    5300.67    5300.67    5300.67    5300.67    5300.67    5300.67    5300.67    5300.67    5300.67    4449.38    2606.73    4358.58    5020.09     523.24    1464.20    5815.27   11472.67   11999.83   11050.67    9146.67    9146.67    9146.67    9146.67    6334.14    8002.03
 4    1379.00     963.53     668.13     668.13     668.13     668.13     668.13     668.13     668.13     668.13     668.13     668.13     668.13     668.13     668.13     879.10    2026.12    3622.34    4121.76    2759.70    1710.17     868.89     868.89     868.89     868.89     868.89     868.89
 1    4109.00    4122.89    4122.89    5385.07    5385.07    4845.92    4845.92    5019.63    5019.63     845.00     845.00     310.00     310.00    1033.03    1033.03    1784.71    1784.71    2692.54    2692.54    3183.18    3183.18    3202.58    3202.58    4949.87    4949.87    3171.17    3171.17
 2     783.00     785.31     785.31    1025.73    1025.73     923.03     923.03     956.12     956.12     160.95     160.95      59.05      59.05     196.77     196.77     339.94     339.94     512.86     512.86     606.32     606.32     610.02     610.02     942.83     942.83     604.03     604.03
 3    3537.00    5730.39    5444.01    3585.71    3245.35    3583.83    3583.83    3583.83    3583.83    3583.83    3583.83    3583.83    3583.83    3583.83    3583.83    3583.83    1084.31    3148.89    3304.56    3304.56    1398.51    1468.39    2160.59    5227.13    4137.45    4137.45    4137.45
 4    1379.00    1187.21     966.52     895.13     716.81     690.07     690.07     690.07     690.07     690.07     690.07     690.07     690.07     690.07     690.07     690.07     798.49     688.79     546.46     546.46     686.54    1470.96    1436.98     820.99     573.24     573.24     573.24
 1    4109.00    3383.69    3383.69    3805.96    3805.96    5142.98    5142.98     957.73     957.73     492.49     492.49     487.87     487.87    2324.32    2324.32    1671.05    1671.05    2060.98    2060.98    2225.92    2225.92    1847.54    1847.54    1697.85    1697.85     644.95     644.95
 2     783.00     644.51     644.51     724.94     724.94     979.62     979.62     182.42     182.42      93.81      93.81      92.93      92.93     442.73     442.73     318.30     318.30     392.57     392.57     423.98     423.98     351.91     351.91     323.40     323.40     122.85     122.85
 3    3537.00    5364.20    5230.41    4475.32    4475.32    4475.32    4475.32    4475.32    4475.32    4475.32    4475.32     762.12    1465.80    3505.80    3991.10    2417.97    2347.01    2373.87    2373.87    2373.87    2373.87    2373.87    2373.87    2373.87    2373.87    2373.87    2373.87
 4    1379.00     965.14     822.49     613.38     613.38     613.38     613.38     613.38     613.38     613.38     613.38     988.26    1021.49     868.37     706.28     690.21     638.36     569.54     569.54     569.54     569.54     569.54     569.54     569.54     569.54     569.54     569.54
 1    4109.00    3527.83    3527.83    4655.57    4655.57    3925.15    3925.15    1436.36    1436.36    1388.77    1388.77    1029.34    1029.34    1495.96    1495.96    2209.75    2209.75    1969.97    1969.97    1827.21    1827.21     596.44     596.44    1018.71    1018.71    1796.72    1796.72
 2     783.00     671.97     671.97     886.78     886.78     747.65     747.65     273.59     273.59     264.53     264.53     196.06     196.06     284.94     284.94     420.90     420.90     375.23     375.23     348.04     348.04     113.61     113.61     194.04     194.04     342.23     342.23
 3    3537.00    4746.11    5049.24    4184.89    3472.60    3066.67    3066.67    3066.67    3066.67    3066.67    3066.67    1428.28    1428.28    1428.28    1428.28    1428.28    1428.28    1428.28    1428.28    1428.28    1428.28    1428.28    1428.28    1428.28    1428.28    1524.90    1807.92
 4    1379.00     924.74     745.16     660.77     602.06     531.48     531.48     531.48     531.48     531.48     531.48     956.08     956.08     956.08     956.08     956.08     956.08     956.08     956.08     956.08     956.08     956.08     956.08     956.08     956.08     863.00     766.65
 1    4109.00    4289.67    4289.67    3800.41    3800.41    4134.90    4134.90    3608.22    3608.22    2040.19    2040.19    1994.92    1994.92     875.49     875.49    1070.92    1070.92     328.94     328.94     414.88     414.88    1221.99    1221.99    4285.05    4285.05    5217.83    5217.83
 2     783.00     817.08     817.08     723.89     723.89     787.60     787.60     687.28     687.28     388.61     388.61     379.98     379.98     166.76     166.76     203.98     203.98      62.66      62.66      79.02      79.02     232.76     232.76     816.20     816.20     993.87     993.87
 3    3537.00    5045.42    4206.07    4041.24    4015.41    4187.76    4936.40    4936.40    4936.40    4936.40    4936.40    4936.40    4936.40    4936.40    4936.40    4936.40    3593.09    2549.87    4936.40     711.25    1452.28    4590.80    5211.72    4335.41    4335.41    4335.41    4335.41
 4    1379.00    1001.86     750.98     971.79    1087.43    1272.47     910.90     910.90     910.90     910.90     910.90     910.90     910.90     910.90     910.90     910.90     910.90     910.90     910.90    1023.69    1127.54    1034.49    1143.19     841.55     841.55     841.55     841.55
 1    4109.00    3978.28    3978.28    7081.54    7081.54    3537.07    3537.07    1391.08    1391.08     735.50     735.50    3171.17    3171.17    3151.30    3151.30    1898.82    1898.82    2889.35    2889.35    3325.48    3325.48    4820.05    4820.05    3728.34    3728.34    1702.01    1702.01
 2     783.00     757.77     757.77    1348.86    1348.86     673.73     673.73     264.97     264.97     140.10     140.10     604.03     604.03     600.25     600.25     361.68     361.68     550.35     550.35     633.42     633.42     918.10     918.10     710.16     710.16     324.19     324.19
 3    3537.00    5177.98    4459.21    4455.08    3764.03    3764.03    3764.03    3764.03     807.44    1141.77    1489.90    1489.90    1489.90    1489.90    1489.90    1489.90    1489.90    1748.71    1650.82    2203.43    3181.45    4277.54    3992.35    1817.23    1751.22    1963.23    2416.74
 4    1379.00    1116.98     844.25     548.28     448.11     448.11     448.11     448.11     773.95     747.52     788.17     788.17     788.17     788.17     788.17     788.17     788.17     851.05    1173.26    1162.17    1069.17     911.46     716.71     585.50     802.63     874.31     924.80
 1    4109.00    5283.43    5283.43    4291.06    4291.06    4536.38    4536.38     512.36     512.36     182.49     182.49     947.10     947.10    3325.01    3325.01    2603.37    2603.37     736.43     736.43    2753.98    2753.98    6461.07    6461.07    1730.19    1730.19    2377.45    2377.45
 2     783.00    1006.37    1006.37     817.34     817.34     864.07     864.07      97.59      97.59      34.76      34.76     180.40     180.40     633.34     633.34     495.88     495.88     140.27     140.27     524.57     524.57    1230.68    1230.68     329.56     329.56     452.85     452.85
 3    3537.00    6691.59    6324.29    6324.29    6324.29    6324.29    6324.29    1519.66    3212.63    5063.24    1251.82    1251.82    1251.82    1251.82    1251.82    1251.82    1251.82    1251.26    1669.62    3599.36    3599.36    3599.36    3599.36    3599.36     709.75    1106.41    2245.20
 4    1379.00     986.78     774.18     774.18     774.18     774.18     774.18     774.18     774.18     774.18     641.45     641.45     641.45     641.45     641.45     641.45     641.45     707.89     738.95     572.95     572.95     572.95     572.95     572.95     825.20    1322.81    1506.38
 1    4109.00    4769.69    4769.69    5229.38    5229.38    2264.72    2264.72    2997.46    2997.46    3911.29    3911.29    1097.25    1097.25     838.07     838.07     995.61     995.61    3193.34    3193.34    5623.00    5623.00    4316.47    4316.47    2175.10    2175.10    1487.18    1487.18
 2     783.00     908.51     908.51     996.07     996.07     431.38     431.38     570.94     570.94     745.01     745.01     209.00     209.00     159.63     159.63     189.64     189.64     608.26     608.26    1071.05    1071.05     822.18     822.18     414.30     414.30     283.27     283.27
 3    3537.00    5405.68    5301.39    3445.65    3445.65    3445.65    1891.69    3227.60    3227.60    3227.60    3227.60    3227.60    3227.60    3227.60    3227.60    1186.12    2246.11    3841.62    4677.51    4831.41    3300.12    1406.01    1303.37    1303.37    1303.37    1303.37    1303.37
 4    1379.00     848.43     629.60     622.19     622.19     622.19     800.30     764.52     764.52     764.52     764.52     764.52     764.52     764.52     764.52     881.75    1203.22    1030.23     802.01     746.78     638.46     665.69     671.40     671.40     671.40     671.40     671.40
 1    4109.00    5854.93    5854.93    3127.28    3127.28    2781.70    2781.70    2352.50    2352.50    1038.58    1038.58    2254.10    2254.10    2569.18    2569.18    3009.47    3009.47    1959.80    1959.80    1523.21    1523.21     546.55     546.55    1002.08    1002.08     824.67     824.67
 2     783.00    1115.22    1115.22     595.67     595.67     529.85     529.85     448.10     448.10     197.82     197.82     429.35     429.35     489.37     489.37     573.23     573.23     373.30     373.30     290.14     290.14     104.10     104.10     190.87     190.87     157.08     157.08
 3    3537.00    7136.27    6430.39    2629.79    2253.29    3478.08    3478.08    3478.08    1394.54    1393.68    1975.22    3753.49    3820.96    5216.27    3688.93    3418.96    3418.96    3418.96    3418.96    3418.96    3418.96    3418.96    3418.96    3418.96    3418.96    3418.96    3418.96
 4    1379.00    1036.17     858.44     922.60     644.04     571.56     571.56     571.56     910.86     913.71     826.05     984.05     839.44     830.89     752.02     742.26     742.26     742.26     742.26     742.26     742.26     742.26     742.26     742.26     742.26     742.26     742.26
 1    4109.00   13289.43   13289.43    6767.38    6767.38    1503.81    1503.81     305.38     305.38     592.28     592.28    1061.68    1061.68    1634.56    1634.56    1798.10    1798.10    2276.27    2276.27    5801.33    5801.33    2776.62    2776.62    4644.95    4644.95    4152.46    4152.46
 2     783.00    2531.32    2531.32    1289.02    1289.02     286.44     286.44      58.17      58.17     112.82     112.82     202.22     202.22     311.34     311.34     342.50     342.50     433.58     433.58    1105.02    1105.02     528.88     528.88     884.75     884.75     790.94     790.94
 3    3537.00    5738.96    4462.55    4462.55    4462.55    2251.95    2335.11    2277.29    4462.55    4462.55    4462.55    4462.55     772.91    2713.31    2713.31    2713.31    2713.31    1420.48    1887.12    1887.12    2491.98    1202.39    2194.87    2194.87    2194.87    2194.87    2194.87
 4    1379.00     867.00     593.75     593.75     593.75     593.75     593.75     593.75     593.75     593.75     593.75     593.75     701.59     675.91     675.91     675.91     675.91     858.05     723.86     723.86     695.09    1417.21    1505.15    1505.15    1505.15    1505.15    1505.15
 1    4109.00    2537.77    2537.77    3291.75    3291.75    4193.11    4193.11    3504.73    3504.73    4075.30    4075.30    6754.90    6754.90    3262.64    2416.50      64.22      64.22     158.93     158.93     873.18     873.18    3109.26    3109.26    4033.26    4033.26    2485.56    2485.56
 2     783.00     483.38     483.38     627.00     627.00     798.69     798.69     667.57     667.57     776.25     776.25    1286.65    1286.65     621.46     621.46      12.23      12.23      30.27      30.27     166.32     166.32     592.24     592.24     768.24     768.24     473.44     473.44
 3    3537.00    4624.81    4605.91    4663.30    5175.53    4929.23    3996.12    4043.60    3383.27    3495.94    3495.94    3495.94    3495.94    3495.94    2063.65     624.79    1862.56    3495.94     801.89    2942.70    3656.49    4557.39    4557.39    4557.39    1378.75    1220.68    1844.18
 4    1379.00     881.37     861.15    1041.21     905.45     963.27     986.05     781.19     710.42     713.97     713.97     713.97     713.97     713.97     713.97     713.97     713.97     713.97     832.59     895.16     873.92     782.44     782.44     782.44     866.55     811.75     745.81
 1    4109.00    1248.32    1248.32    3496.88    3496.88    2216.21    2216.21    1700.62    1700.62    2029.57    2029.57    2547.01    2547.01    3100.02    3100.02    1331.95    1331.95    3474.24    3474.24    3653.96    3653.96    2733.65    2733.65    3923.77    3923.77    5500.57    5500.57
 2     783.00     237.78     237.78     666.07     666.07     422.14     422.14     323.93     323.93     386.58     386.58     485.14     485.14     590.48     590.48     253.70     253.70     661.76     661.76     695.99     695.99     520.70     520.70     747.38     747.38    1047.73    1047.73
 3    3537.00    4222.40    4338.79    4200.96    3357.08    2520.94    2133.77    2211.09    2617.83    3104.09    3224.29    6743.22    6743.22    6743.22    6743.22    1062.22    1554.82    2197.95    2313.30    3111.29    3310.12    2645.00    2525.13    2741.14    2556.23    2556.23    2556.23
 4    1379.00     971.20     832.28     655.88     576.64     858.75     893.88     946.97    1479.15    1392.04    1123.81     949.57     949.57     949.57     949.57     802.96     825.25     694.51     719.47     691.96     766.72     804.71     804.95     538.41     481.11     481.11     481.11
 1    4109.00    3486.71    3486.71    3531.53    3531.53    3665.05    3665.05    3883.57    3883.57    3009.93    3009.93    3706.16    3706.16    1266.34    1266.34    1580.50    1580.50    3404.94    3404.94    2391.31    2391.31    1019.63    1019.63    2226.84    2226.84    3543.54    3543.54
 2     783.00     664.14     664.14     672.67     672.67     698.10     698.10     739.73     739.73     573.32     573.32     705.94     705.94     241.21     241.21     301.05     301.05     648.56     648.56     455.49     455.49     194.22     194.22     424.16     424.16     674.96     674.96
 3    3537.00    4546.38    4934.91    4658.35    4380.43    4199.22    3514.05    3064.64    2697.01    2697.01    2697.01    2697.01    2697.01    2697.01    2697.01    2697.01    2697.01    2697.01    2697.01    2697.01    2697.01    2697.01     978.95    1552.71    2028.98    3792.83    4739.48
 4    1379.00    1176.32    1022.15    1077.96     797.49     657.49     689.77     804.62     627.15     627.15     627.15     627.15     627.15     627.15     627.15     627.15     627.15     627.15     627.15     627.15     627.15     627.15     820.93     897.65    1316.07    1278.28     939.52
 1    4109.00    7615.61    7615.61    4516.51    4516.51    2874.56    2874.56    3714.94    3714.94    5249.24    5249.24    4611.68    4611.68    6455.53    6455.53    3548.62    3548.62     909.68     909.68     311.85     311.85     154.31     154.31     115.04     115.04     268.42     268.42
 2     783.00    1450.59    1450.59     860.29     860.29     547.54     547.54     707.61     707.61     999.86     999.86     878.42     878.42    1229.62    1229.62     675.93     675.93     173.27     173.27      59.40      59.40      29.39      29.39      21.91      21.91      51.13      51.13
 3    3537.00    6423.46    5143.07    3416.86    2697.33    1957.87    2267.32    3524.47    3881.47    2163.67    2994.54    3641.84    3428.87    3428.87    3428.87    3428.87    3428.87    3428.87    3428.87    3428.87    2738.97    1982.32    2441.42    2662.01    3428.87    3428.87    3428.87
 4    1379.00     923.14     603.82     625.28     620.01     648.28     615.26     750.73    1260.55    1756.06    1364.53     956.34     893.42     893.42     893.42     893.42     893.42     893.42     893.42     893.42     893.42     893.42     893.42     893.42     893.42     893.42     893.42
 1    4109.00    6055.43    6055.43    4685.14    4685.14    2393.62    2393.62    1265.42    1265.42    3319.01    3319.01    5774.54    5774.54    2812.19    2812.19    1993.99    1993.99    1054.28    1054.28    2540.08    2540.08    3963.96    3963.96    5487.64    5487.64    6502.19    6502.19
 2     783.00    1153.42    1153.42     892.41     892.41     455.93     455.93     241.03     241.03     632.19     632.19    1099.91    1099.91     535.66     535.66     379.81     379.81     200.82     200.82     483.82     483.82     755.04     755.04    1045.26    1045.26    1238.51    1238.51
 3    3537.00    5924.28    5308.14    3523.33    3523.33    3523.33    3523.33    1431.24    1843.22    3794.17    3833.13    3833.13    3833.13    3833.13    3833.13    3833.13    3833.13     777.59    1040.75    2634.03    2285.52    2681.30    3369.85    4261.72    4565.78    2447.11    1818.58
 4    1379.00     865.36     681.31     611.43     611.43     611.43     611.43     908.24     904.16     711.60     593.83     593.83     593.83     593.83     593.83     593.83     593.83     688.59     638.22     527.67     659.23     901.86    1117.80    1215.87     961.93     748.72     723.24
 1    4109.00    3891.43    3891.43    4162.62    4162.62    4990.99    4990.99    4291.98    4291.98    1887.73    1887.73    1121.27    1121.27    2869.48    2869.48    3210.44    3210.44    1300.07    1300.07     911.99     911.99    1433.59    1433.59     904.60     904.60    1251.56    1251.56
 2     783.00     741.22     741.22     792.88     792.88     950.66     950.66     817.52     817.52     359.57     359.57     213.58     213.58     546.57     546.57     611.51     611.51     247.63     247.63     173.71     173.71     273.06     273.06     172.30     172.30     238.39     238.39
 3    3537.00    4811.89    4555.35    4043.20    4364.04    2857.87    2857.87    2857.87    2857.87    2857.87    2857.87    1004.17    2542.43    4476.60    3957.06    3957.06    3957.06    3957.06    3957.06    3957.06    3957.06    3957.06    3957.06    3957.06    3957.06    3957.06    3957.06
 4    1379.00    1026.53     819.98     840.30     730.82     619.38     619.38     619.38     619.38     619.38     619.38     882.58     902.71     732.29     570.98     570.98     570.98     570.98     570.98     570.98     570.98     570.98     570.98     570.98     570.98     570.98     570.98
 1    4109.00    4779.39    4779.39    5442.82    5442.82    2751.21    2751.21    4651.42    4651.42    5428.96    5428.96    1956.11    1956.11     957.73     957.73     864.86     864.86     346.50     346.50     159.85     159.85     106.26     106.26     187.11     187.11    1287.59    1287.59
 2     783.00     910.36     910.36    1036.73    1036.73     524.04     524.04     885.98     885.98    1034.09    1034.09     372.59     372.59     182.42     182.42     164.74     164.74      66.00      66.00      30.45      30.45      20.24      20.24      35.64      35.64     245.26     245.26
 3    3537.00    3910.91    3901.27    2689.15    2416.88    2632.82    2384.17    3830.81    4651.93    4651.93    4651.93    4651.93    4651.93    4651.93    4651.93    4651.93    4651.93    3714.27    2889.15    2883.66    2919.86    2697.93    3835.88    4651.93    4651.93    4651.93    4651.93
 4    1379.00     795.84     708.49     635.25     558.58     686.45    1239.48    1270.89     824.81     824.81     824.81     824.81     824.81     824.81     824.81     824.81     824.81     824.81     824.81     824.81     824.81     824.81     824.81     824.81     824.81     824.81     824.81
 1    4109.00    6467.08    6467.08    5702.93    5702.93    2935.55    2935.55    1105.10    1105.10     426.43     426.43    1088.47    1088.47    1346.73    1346.73    1185.03    1185.03     688.84     688.84    1585.12    1585.12    3035.80    3035.80    2600.14    2600.14    3437.74    3437.74
 2     783.00    1231.82    1231.82    1086.27    1086.27     559.15     559.15     210.50     210.50      81.22      81.22     207.33     207.33     256.52     256.52     225.72     225.72     131.21     131.21     301.93     301.93     578.25     578.25     495.26     495.26     654.81     654.81
 3    3537.00    5367.78    5387.16    2999.13    2999.13    2999.13    2999.13    2999.13    2999.13    2999.13    2999.13    2999.13    2999.13    2999.13    2999.13    2999.13    2999.13    2999.13    2999.13    1626.32    2095.01    3486.84    2828.33    2119.05    2119.05    2119.05    2119.05
 4    1379.00     787.86     639.45     611.92     611.92     611.92     611.92     611.92     611.92     611.92     611.92     611.92     611.92     611.92     611.92     611.92     611.92     611.92     611.92     733.79     685.61     598.59     580.03     613.08     613.08     613.08     613.08
 1    4109.00    7341.18    7341.18    5555.55    5555.55    2039.73    2039.73    2144.14    2144.14    2633.86    2633.86    3253.40    3253.40    6498.03    6498.03    4211.13    4211.13    2233.31    2233.31    3472.39    3472.39    1773.62    1773.62    3040.88    3040.88    1529.68    1529.68
 2     783.00    1398.32    1398.32    1058.20    1058.20     388.52     388.52     408.41     408.41     501.69     501.69     619.70     619.70    1237.72    1237.72     802.12     802.12     425.39     425.39     661.41     661.41     337.83     337.83     579.22     579.22     291.37     291.37
 3    3537.00    6216.05    4989.63    3276.31    3276.31    3276.31    1540.74    2306.01    2182.65    2628.05    2838.62    2482.67    2968.28    2968.28    2968.28    2968.28    1689.33    1689.33    1689.33    1689.33    1689.33    1689.33    1689.33    1689.33    1689.33    1689.33    1689.33
 4    1379.00     931.06     640.18     529.41     529.41     529.41     516.69     645.46     684.99     553.37     637.74     669.89     644.90     644.90     644.90     644.90     627.27     627.27     627.27     627.27     627.27     627.27     627.27     627.27     627.27     627.27     627.27
 1    4109.00    8482.78    8482.78    7099.09    7099.09    4972.97    4972.97    2106.26    2106.26     997.92     997.92    1574.96    1574.96     484.18     484.18    1643.80    1643.80    1851.70    1851.70    1326.40    1326.40    1138.37    1138.37     812.66     812.66     434.74     434.74
 2     783.00    1615.77    1615.77    1352.21    1352.21     947.23     947.23     401.19     401.19     190.08     190.08     299.99     299.99      92.22      92.22     313.10     313.10     352.70     352.70     252.65     252.65     216.83     216.83     154.79     154.79      82.81      82.81
 3    3537.00    7280.86    5818.85    3604.47    3349.03    1890.17    2340.63    2340.63    2340.63    2340.63    2340.63    2340.63    2340.63    2340.63    2340.63    2340.63    2340.63    2340.63    2340.63    2340.63    2340.63    2340.63    2340.63    2340.63    2340.63     592.70    1019.63
 4    1379.00    1029.92     772.72     843.05     856.15     830.57     757.60     757.60     757.60     757.60     757.60     757.60     757.60     757.60     757.60     757.60     757.60     757.60     757.60     757.60     757.60     757.60     757.60     757.60     757.60     710.80     690.98
 1    4109.00    4911.98    4911.98    2895.35    2895.35    3389.23    3389.23    3571.26    3571.26    5045.50    5045.50    5553.24    5553.24    4316.00    4316.00    4477.24    4477.24    3368.90    3368.90    5326.86    5326.86    5221.52    5221.52    4200.04    4200.04    3653.50    3653.50
 2     783.00     935.62     935.62     551.50     551.50     645.57     645.57     680.24     680.24     961.05     961.05    1057.76    1057.76     822.10     822.10     852.81     852.81     641.70     641.70    1014.64    1014.64     994.58     994.58     800.01     800.01     695.90     695.90
 3    3537.00    5252.44    4668.76    3560.03    3972.80    3972.80    3525.14    2852.91    6487.91    7576.50    7427.04    5699.21    3405.45    3807.88    3599.16    3394.37    2988.39    3506.46    6350.20    6644.99    6383.70    6161.72    5519.68    5519.68    5519.68    5519.68    5519.68
 4    1379.00     758.75     791.09    1151.54    1001.20    1001.20     667.07    1528.27    1917.48    1422.11    1065.19     889.60     557.39     737.18     950.00     961.59    1049.02    1755.22    1983.33    1499.42    1245.85    1111.18     916.33     916.33     916.33     916.33     916.33
 1    4109.00    6954.49    6954.49   10838.52   10838.52    1183.64    1183.64     364.06     364.06     723.49     723.49     832.06     832.06     456.46     456.46    2135.36    2135.36    5283.43    5283.43    5093.09    5093.09    7647.02    7647.02    8849.15    8849.15    4007.39    4007.39
 2     783.00    1324.66    1324.66    2064.48    2064.48     225.46     225.46      69.34      69.34     137.81     137.81     158.49     158.49      86.94      86.94     406.74     406.74    1006.37    1006.37     970.11     970.11    1456.58    1456.58    1685.55    1685.55     763.31     763.31
 3    3537.00    6528.21    5003.86    5003.86    5003.86    1645.04    1856.98    5003.86    5003.86    5003.86    5003.86    5003.86    5003.86    3673.33     664.32    4661.10    4661.10    4661.10    2453.40    1085.37    2373.72    7596.43    5727.96    5345.99    4585.64    4585.64    4585.64
 4    1379.00     889.34     616.94     616.94     616.94     616.94     616.94     616.94     616.94     616.94     616.94     616.94     616.94     616.94    1108.56    1112.20    1112.20    1112.20     805.27    2160.02    2278.81    1464.87     933.70     908.22     741.76     741.76     741.76
 1    4109.00    5580.04    5580.04    4406.09    4406.09    2819.12    2819.12    2044.35    2044.35     625.09     625.09    1288.06    1288.06    1514.44    1514.44    2030.03    2030.03    2012.01    2012.01    3394.78    3394.78    1282.05    1282.05     827.44     827.44    3665.51    3665.51
 2     783.00    1062.86    1062.86     839.26     839.26     536.98     536.98     389.40     389.40     119.06     119.06     245.34     245.34     288.46     288.46     386.67     386.67     383.24     383.24     646.62     646.62     244.20     244.20     157.61     157.61     698.19     698.19
 3    3537.00    6119.76    4732.84    3161.26    3161.26    3161.26    3161.26    3161.26    3161.26    3161.26    3161.26    3161.26    3161.26    3161.26    3161.26    3161.26    3161.26    3161.26    3161.26    3161.26    3161.26    3161.26    3161.26    3161.26     704.18    2136.99    2200.06
 4    1379.00     811.86     612.82     544.56     544.56     544.56     544.56     544.56     544.56     544.56     544.56     544.56     544.56     544.56     544.56     544.56     544.56     544.56     544.56     544.56     544.56     544.56     544.56     544.56     867.48     770.32     699.29
 1    4109.00    5362.43    5362.43    4170.01    4170.01    3551.86    3551.86    1498.27    1498.27    2471.24    2471.24    2126.12    2126.12    3529.68    3529.68    4524.37    4524.37    3346.27    3346.27     431.05     431.05     504.97     504.97    1517.21    1517.21    5007.16    5007.16
 2     783.00    1021.42    1021.42     794.29     794.29     676.54     676.54     285.38     285.38     470.71     470.71     404.98     404.98     672.32     672.32     861.78     861.78     637.38     637.38      82.10      82.10      96.18      96.18     288.99     288.99     953.74     953.74
 3    3537.00    4798.55    4480.73    4480.73    4480.73    4480.73    4480.73    1259.81    2662.00    4729.97    4052.21    2268.69    2154.39    5521.23    5521.23    5521.23    5521.23    5521.23    5521.23    4679.95    4564.91    5521.23    5521.23     595.46    1403.46    2803.97    3243.68
 4    1379.00     766.22     578.20     578.20     578.20     578.20     578.20     923.20    1054.19     673.40     531.81     973.08    1211.30    1014.89    1014.89    1014.89    1014.89    1014.89    1014.89    1014.89    1014.89    1014.89    1014.89    1250.26    1261.86    1078.22    1087.55
 1    4109.00    4852.39    4852.39    2669.90    2669.90    4258.72    4258.72     836.68     836.68    1588.82    1588.82    2303.99    2303.99    3240.93    3240.93    4690.22    4690.22    1525.52    1525.52    2486.02    2486.02    2243.01    2243.01    3934.85    3934.85    2768.30    2768.30
 2     783.00     924.26     924.26     508.55     508.55     811.18     811.18     159.37     159.37     302.63     302.63     438.86     438.86     617.32     617.32     893.38     893.38     290.58     290.58     473.53     473.53     427.24     427.24     749.50     749.50     527.30     527.30
 3    3537.00    6034.56    5747.78    5747.78    5747.78    5747.78    5747.78    5747.78    1357.90    2829.80    2848.32    3160.52    3278.32    2860.46    2860.46    2860.46    2860.46     994.39    1699.20    2598.83    2598.83    2202.30    2202.30    2202.30    2202.30    2202.30    2202.30
 4    1379.00     904.69     708.38     708.38     708.38     708.38     708.38     708.38     685.21     683.42     670.09     666.21     630.59     534.90     534.90     534.90     534.90     797.32     657.24     526.96     526.96     532.96     532.96     532.96     532.96     532.96     532.96
 1    4109.00    3638.25    3638.25    2804.80    2804.80    4452.76    4452.76    2715.64    2715.64    3440.05    3440.05    3104.18    3104.18    1980.59    1980.59    3196.58    3196.58    1842.92    1842.92    1031.65    1031.65     566.41     566.41    1672.44    1672.44    3856.78    3856.78
 2     783.00     693.00     693.00     534.25     534.25     848.14     848.14     517.26     517.26     655.25     655.25     591.27     591.27     377.26     377.26     608.87     608.87     351.03     351.03     196.50     196.50     107.89     107.89     318.56     318.56     734.62     734.62
 3    3537.00    4610.10    4410.58    3899.99    5394.02    5923.69    4492.24    3171.77    2854.66    2854.66    2854.66    2854.66    1399.31    2534.59    2435.08    2435.08    2435.08    2435.08    2435.08    2435.08    2435.08    1233.63    1313.08    2195.59    2364.74    3111.90    2994.36
 4    1379.00    1101.15    1048.99    1389.59    1260.18     800.16     619.82     561.23     648.89     648.89     648.89     648.89     752.41     661.99     550.19     550.19     550.19     550.19     550.19     550.19     550.19     635.71     605.63     787.40     884.64     701.97     609.69
 1    4109.00    4479.09    4479.09    7136.98    7136.98    5324.09    5324.09    1621.62    1621.62    3594.82    3594.82    1510.74    1510.74    2856.55    2856.55    3791.17    3791.17    2332.64    2332.64    3028.87    3028.87    4324.32    4324.32    5057.98    5057.98    5976.89    5976.89
 2     783.00     853.16     853.16    1359.42    1359.42    1014.11    1014.11     308.88     308.88     684.73     684.73     287.76     287.76     544.10     544.10     722.13     722.13     444.31     444.31     576.93     576.93     823.68     823.68     963.42     963.42    1138.46    1138.46
 3    3537.00    5556.78    5118.49    5118.49    5118.49    5118.49    5118.49    1321.25    1853.50    3964.70    3431.53    3431.53    3431.53    2699.13    2699.13    1811.03    1884.99    1307.82    1512.13    1870.99    1952.92    2673.19    2578.77    3637.13    3228.33    3228.33    3228.33
 4    1379.00     983.74     761.66     761.66     761.66     761.66     761.66     626.86     862.06     597.60     502.61     502.61     502.61     625.01     625.01     607.29     716.10     765.44     709.05     854.32     752.59     708.15     644.90     844.09     608.17     608.17     608.17
