FL 2019 2020 2021 2022 2023 2024 2025 2026 2027 2028 2029 2030 2031 2032 2033 2034 2035 2036 2037 2038 2039 2040 2041 2042 2043 2044 2045
 1  0.1254765  0.1113135  0.1093188  0.1212267  0.1277545  0.1077574  0.0938065  0.1530566  0.1884492  0.2036825  0.2648062  0.1473317  0.1521598  0.1772455  0.2206632  0.2716563  0.2881454  0.1597156  0.1999518  0.0509845  0.0315422  0.0466290  0.0372311  0.1132715  0.0921819  0.1944902  0.2246379
 2  0.0238751  0.0211859  0.0219901  0.0261772  0.0215408  0.0181026  0.0176691  0.0324968  0.0448587  0.0514225  0.0639280  0.0298675  0.0300139  0.0366531  0.0448720  0.0483531  0.0495001  0.0290811  0.0334924  0.0068004  0.0044280  0.0072992  0.0067495  0.0198311  0.0169315  0.0387781  0.0482886
 3  0.1162273  0.0892084  0.0703960  0.0829843  0.0655939  0.0893216  0.0848457  0.0896976  0.0677989  0.0653525  0.0857293  0.1151141  0.1190273  0.1313605  0.1638903  0.1989985  0.2128428  0.2561640  0.3234312  0.3269322  0.2004028  0.0991091  0.0833267  0.0779062  0.0861731  0.0873957  0.1000781
 4  0.0444602  0.0383673  0.0294671  0.0478881  0.0426339  0.0387956  0.0288190  0.0320025  0.0281097  0.0353968  0.0392659  0.0392848  0.0421733  0.0533924  0.0607212  0.0547787  0.0591813  0.0847993  0.0835851  0.0539407  0.0382956  0.0398341  0.0355477  0.0397570  0.0346046  0.0313527  0.0423424
 1  0.1220670  0.1254239  0.1238193  0.1867961  0.2297505  0.1874423  0.1869747  0.1358430  0.1365251  0.1141577  0.1087308  0.0645330  0.0621731  0.0664811  0.0648201  0.0591184  0.0577922  0.0651409  0.0567108  0.2705129  0.3769998  0.3253456  0.4256276  0.2277900  0.3259519  0.0994526  0.0809320
 2  0.0232303  0.0240070  0.0250642  0.0402072  0.0513548  0.0377163  0.0352953  0.0260180  0.0252992  0.0214419  0.0219006  0.0131654  0.0132341  0.0142976  0.0138761  0.0131572  0.0105379  0.0118033  0.0111893  0.0584778  0.0840060  0.0655900  0.0805332  0.0408299  0.0528264  0.0127906  0.0107061
 3  0.1130934  0.0745614  0.0693486  0.0829877  0.0854052  0.0656506  0.0747980  0.0723063  0.0653021  0.0744873  0.0796693  0.0818638  0.0693832  0.0691332  0.0677950  0.0683058  0.0689540  0.0738004  0.0827860  0.1100973  0.1039549  0.1657641  0.2199708  0.3624395  0.5272459  0.7518139  0.6084662
 4  0.0433681  0.0326313  0.0299347  0.0271181  0.0315823  0.0341226  0.0330699  0.0340016  0.0317898  0.0291769  0.0294075  0.0295969  0.0298030  0.0292267  0.0281568  0.0368725  0.0382757  0.0306918  0.0312213  0.0273557  0.0267083  0.0331659  0.0411985  0.0649007  0.0746543  0.0693717  0.0607499
 1  0.1187765  0.1772624  0.1870109  0.1620490  0.1661994  0.2806162  0.3811794  0.2233611  0.2273712  0.1250499  0.1335301  0.1589943  0.1532801  0.0667908  0.0635691  0.1409644  0.1422355  0.1420692  0.1392877  0.1216608  0.1240967  0.2244264  0.2917905  0.1352337  0.0926399  0.0897090  0.0788589
 2  0.0226444  0.0340864  0.0374289  0.0318285  0.0330737  0.0586912  0.0776221  0.0393217  0.0388640  0.0220988  0.0249938  0.0280690  0.0247076  0.0114676  0.0107787  0.0253276  0.0251603  0.0254158  0.0247057  0.0221964  0.0244427  0.0462260  0.0555629  0.0195466  0.0130345  0.0146428  0.0150270
 3  0.1100329  0.0908554  0.0934502  0.0660223  0.0744622  0.0916909  0.1247801  0.1832362  0.1873082  0.1982756  0.2095025  0.2363975  0.2333640  0.2062583  0.1942747  0.1706453  0.1709748  0.1635845  0.1595972  0.1537735  0.1545636  0.1755395  0.2316365  0.2784435  0.0851723  0.0802543  0.0683189
 4  0.0423910  0.0328400  0.0322844  0.0320895  0.0310032  0.0300290  0.0374755  0.0407530  0.0413411  0.0483656  0.0572000  0.0535754  0.0444429  0.0476380  0.0423623  0.0421651  0.0396266  0.0392577  0.0373724  0.0388673  0.0460870  0.0557643  0.0589112  0.0419561  0.0371661  0.0311761  0.0370634
 1  0.1193897  0.0679200  0.0634199  0.1587833  0.1875304  0.1513203  0.1773807  0.0829005  0.0774602  0.0436135  0.0349122  0.0546049  0.0490090  0.0570662  0.0600808  0.0840779  0.0929485  0.1501683  0.1717118  0.1369922  0.1383146  0.1632827  0.1622184  0.1804406  0.2234740  0.1762780  0.2090782
 2  0.0226910  0.0129094  0.0129067  0.0344382  0.0418945  0.0344604  0.0388170  0.0170454  0.0135767  0.0074276  0.0066274  0.0105776  0.0101594  0.0128370  0.0142823  0.0206257  0.0216803  0.0347426  0.0377725  0.0290598  0.0255656  0.0302659  0.0325203  0.0393959  0.0513435  0.0389164  0.0441615
 3  0.1105887  0.0772424  0.0796764  0.0787285  0.0691109  0.0616374  0.0724529  0.0696467  0.0635878  0.0706963  0.0844106  0.0694662  0.0617672  0.0732153  0.0731231  0.0600898  0.0595390  0.0594837  0.0641808  0.0698074  0.0615327  0.0744240  0.0703712  0.0786607  0.0971921  0.1283115  0.1530897
 4  0.0420011  0.0357220  0.0315293  0.0298273  0.0283914  0.0280791  0.0293687  0.0406377  0.0363618  0.0312833  0.0358501  0.0329973  0.0284315  0.0303171  0.0319747  0.0344833  0.0315691  0.0315281  0.0326509  0.0372624  0.0370166  0.0299462  0.0261167  0.0346882  0.0436858  0.0506877  0.0564486
 1  0.1189860  0.1082440  0.1055653  0.1256177  0.1356172  0.1800769  0.1913401  0.3201706  0.3892684  0.3966669  0.5171305  0.2180624  0.2292586  0.0705086  0.0496280  0.1688158  0.1784394  0.2165818  0.2621199  0.1075414  0.0915722  0.2007373  0.2359513  0.3286429  0.5016648  0.1529609  0.1158716
 2  0.0231473  0.0209637  0.0215604  0.0267618  0.0272192  0.0358861  0.0367529  0.0622986  0.0704686  0.0703399  0.0977129  0.0389786  0.0284160  0.0099094  0.0079271  0.0310935  0.0370329  0.0494183  0.0478584  0.0181455  0.0171328  0.0411817  0.0517026  0.0751594  0.1094256  0.0235089  0.0160805
 3  0.1099257  0.0733458  0.0671960  0.0758524  0.0698854  0.0729521  0.0663877  0.0690397  0.0792932  0.0930735  0.1188205  0.2384923  0.2691132  0.0901434  0.0741453  0.0592930  0.0615976  0.0718897  0.0895557  0.0681612  0.0559184  0.0546463  0.0641209  0.0814922  0.1250200  0.2391963  0.1850667
 4  0.0434759  0.0323308  0.0294405  0.0352337  0.0340690  0.0310510  0.0343412  0.0307755  0.0343282  0.0405441  0.0616218  0.1057695  0.0555011  0.0333146  0.0339481  0.0363502  0.0457301  0.0611224  0.0419383  0.0304096  0.0331756  0.0389359  0.0485267  0.0650553  0.0865206  0.0856648  0.0578156
 1  0.1162521  0.1743033  0.1830879  0.2336589  0.2825962  0.2534568  0.3398632  0.1771471  0.1365525  0.1031665  0.0910276  0.0664249  0.0693745  0.1202949  0.1240818  0.1602364  0.1835327  0.1366354  0.1558976  0.0762622  0.0739241  0.1031498  0.0769910  0.1816004  0.2033617  0.0737258  0.0615660
 2  0.0225599  0.0339334  0.0370328  0.0484377  0.0584911  0.0527634  0.0677702  0.0277817  0.0197775  0.0169477  0.0174205  0.0144456  0.0157458  0.0270460  0.0264641  0.0342662  0.0414178  0.0313434  0.0334190  0.0155845  0.0134583  0.0166589  0.0135481  0.0361458  0.0408343  0.0136041  0.0118052
 3  0.1074261  0.0772142  0.0737301  0.0696560  0.0843148  0.1100358  0.1477836  0.2021655  0.0800942  0.0554066  0.0472937  0.0480505  0.0503088  0.0501700  0.0519120  0.0531965  0.0602516  0.0757496  0.0875618  0.0940094  0.0918219  0.0790196  0.0581947  0.0684130  0.0766725  0.0715746  0.0594347
 4  0.0426515  0.0343891  0.0318344  0.0317250  0.0380327  0.0515309  0.0619177  0.0518443  0.0357238  0.0336289  0.0402338  0.0502200  0.0499259  0.0470004  0.0447855  0.0494624  0.0638906  0.0782421  0.0744580  0.0767447  0.0590692  0.0348362  0.0328355  0.0290118  0.0302043  0.0348908  0.0329016
 1  0.1297236  0.2047868  0.2131824  0.1233311  0.1243157  0.1006213  0.1171323  0.1030785  0.1248502  0.1110216  0.1412451  0.0968598  0.0690064  0.0459641  0.0390754  0.1837595  0.2135000  0.1421745  0.1532018  0.0542600  0.0374238  0.0624295  0.0540355  0.1204295  0.1329404  0.1097588  0.1351573
 2  0.0243926  0.0381699  0.0413076  0.0239532  0.0253755  0.0221482  0.0274919  0.0247032  0.0295885  0.0258881  0.0308236  0.0154930  0.0102623  0.0075006  0.0072784  0.0376334  0.0461516  0.0317983  0.0224968  0.0080040  0.0061530  0.0110887  0.0103555  0.0257539  0.0310143  0.0270119  0.0346451
 3  0.1204050  0.0837097  0.0882573  0.0645929  0.0648360  0.0700331  0.0809511  0.0999228  0.1214504  0.1515553  0.1937384  0.2313254  0.1687348  0.1194281  0.0989128  0.0945210  0.1099767  0.1399832  0.0618519  0.0822437  0.0845416  0.0700393  0.0760530  0.0720298  0.0803734  0.0961358  0.1179321
 4  0.0445032  0.0320153  0.0304197  0.0297732  0.0334515  0.0426412  0.0545403  0.0664772  0.0767790  0.0942000  0.1050182  0.0665646  0.0464107  0.0419731  0.0465372  0.0507989  0.0624755  0.0832598  0.0449867  0.0384650  0.0339646  0.0345519  0.0320201  0.0311157  0.0297549  0.0387274  0.0494270
 1  0.1244105  0.0413573  0.0381793  0.0450851  0.0488471  0.1109829  0.1321342  0.2406023  0.2385206  0.1236727  0.1071841  0.2175926  0.2605295  0.1904016  0.2448252  0.1345123  0.1211472  0.1410942  0.1058252  0.2937227  0.3626656  0.3089077  0.4651693  0.1607352  0.1709930  0.0718540  0.0444935
 2  0.0246932  0.0080751  0.0078976  0.0101000  0.0119049  0.0284849  0.0285761  0.0458833  0.0405953  0.0208193  0.0195650  0.0438146  0.0570625  0.0426204  0.0542200  0.0268680  0.0145108  0.0201105  0.0181765  0.0551726  0.0705178  0.0618370  0.0927244  0.0249257  0.0238036  0.0088861  0.0054599
 3  0.1146225  0.0767245  0.0646425  0.0635465  0.0681598  0.0779508  0.0577924  0.0680847  0.0907115  0.0724871  0.0845151  0.0740376  0.0878501  0.1215767  0.1571235  0.2209612  0.0688968  0.0813122  0.0837681  0.1249145  0.1260567  0.1753465  0.2638897  0.5598528  0.6101830  0.5606596  0.0739054
 4  0.0469218  0.0340349  0.0302801  0.0352977  0.0439980  0.0528647  0.0400123  0.0375059  0.0369720  0.0341229  0.0310385  0.0300516  0.0408931  0.0559752  0.0686305  0.0785724  0.0435581  0.0338097  0.0322610  0.0313417  0.0288891  0.0430486  0.0626390  0.0805042  0.0743485  0.0543420  0.0370671
 1  0.1237088  0.1965694  0.2093130  0.2875584  0.3796343  0.2600017  0.2876872  0.0505407  0.0316804  0.0780687  0.0632420  0.1280866  0.1425533  0.1312391  0.1553871  0.1165136  0.1516209  0.0870843  0.0837956  0.0663031  0.0640471  0.0592868  0.0552741  0.0606103  0.0279485  0.0625613  0.0567121
 2  0.0237626  0.0374854  0.0412172  0.0592497  0.0776235  0.0482017  0.0504923  0.0074241  0.0045871  0.0124812  0.0115889  0.0267021  0.0323685  0.0313777  0.0389187  0.0296177  0.0379934  0.0177533  0.0158177  0.0122699  0.0110696  0.0105111  0.0106294  0.0075902  0.0039776  0.0106651  0.0113635
 3  0.1145732  0.0919110  0.0947864  0.0655178  0.0864072  0.1248565  0.1391296  0.0979392  0.0842596  0.0846843  0.0820786  0.0712111  0.0644968  0.0737368  0.0869227  0.1146798  0.1498952  0.2010087  0.1972074  0.1978052  0.1937607  0.1672353  0.0815875  0.0666713  0.0888670  0.0764535  0.0749606
 4  0.0440699  0.0343865  0.0316522  0.0279158  0.0351674  0.0416532  0.0430041  0.0447472  0.0365997  0.0329009  0.0294421  0.0304592  0.0288245  0.0343786  0.0446822  0.0597459  0.0744652  0.0618732  0.0590453  0.0596125  0.0500540  0.0465898  0.0585660  0.0488157  0.0409269  0.0283787  0.0286144
 1  0.1300004  0.1813853  0.1863384  0.1543270  0.1459242  0.1033907  0.1192394  0.1203125  0.1419164  0.1163348  0.1224286  0.0934746  0.0975061  0.0996219  0.0795679  0.0832318  0.0619075  0.1377252  0.1448973  0.1539636  0.2044535  0.3305158  0.5162126  0.1885311  0.1958190  0.0709013  0.0603254
 2  0.0246276  0.0342159  0.0366536  0.0287483  0.0280884  0.0218026  0.0277948  0.0285699  0.0328461  0.0244368  0.0229755  0.0175737  0.0194970  0.0173109  0.0129033  0.0131973  0.0104810  0.0261651  0.0309048  0.0368652  0.0512386  0.0756369  0.0974872  0.0271629  0.0219224  0.0093730  0.0095444
 3  0.1205402  0.0776524  0.0773650  0.0708623  0.0702715  0.0726389  0.0828020  0.1035541  0.1234299  0.1478275  0.1583234  0.1565012  0.1610665  0.1756336  0.0882627  0.0775675  0.0743669  0.0837673  0.0867207  0.1023854  0.1357774  0.1961527  0.3144588  0.6566940  0.7212884  0.4571211  0.3664533
 4  0.0455741  0.0349034  0.0359906  0.0329532  0.0277044  0.0359403  0.0496146  0.0570463  0.0632303  0.0619318  0.0563220  0.0592431  0.0708614  0.0527059  0.0394499  0.0400558  0.0342271  0.0299332  0.0388543  0.0550731  0.0730981  0.0823225  0.0984035  0.1333841  0.0898654  0.0812222  0.0965435
 1  0.1180277  0.0938898  0.0911471  0.1048109  0.1146723  0.1375047  0.1532340  0.1361300  0.1488446  0.1367601  0.1534182  0.1240110  0.0890035  0.1592806  0.1485478  0.1384061  0.1390559  0.1597721  0.1661116  0.1013958  0.1079477  0.1729530  0.2004650  0.1468146  0.1633416  0.2103555  0.2502572
 2  0.0228373  0.0181486  0.0186809  0.0226647  0.0252868  0.0307748  0.0318390  0.0277878  0.0324028  0.0298179  0.0329115  0.0208673  0.0144535  0.0276408  0.0267317  0.0264764  0.0289542  0.0332170  0.0347409  0.0216942  0.0241348  0.0390409  0.0421600  0.0301007  0.0339142  0.0434270  0.0469419
 3  0.1090697  0.0795044  0.0741097  0.0700400  0.0621155  0.0646169  0.0759457  0.0790356  0.0849480  0.1029795  0.1168268  0.0727531  0.0792059  0.0768742  0.0765995  0.0655822  0.0807701  0.0672342  0.0722845  0.0699918  0.0742585  0.0828613  0.0971753  0.1076390  0.1186371  0.1396321  0.1686878
 4  0.0428520  0.0381171  0.0319312  0.0300802  0.0298309  0.0326142  0.0341909  0.0366245  0.0469533  0.0534956  0.0574384  0.0457780  0.0364755  0.0336998  0.0334890  0.0301190  0.0324259  0.0319357  0.0320139  0.0286470  0.0333514  0.0363990  0.0359222  0.0398153  0.0467301  0.0531226  0.0514093
 1  0.1305073  0.1430011  0.1409500  0.1733953  0.1913718  0.1973038  0.2477991  0.2374161  0.3234268  0.1697339  0.1591817  0.0660210  0.0416339  0.1008194  0.0921282  0.1709362  0.2032009  0.2148385  0.2421012  0.1254132  0.1054592  0.1153885  0.1122506  0.1720236  0.1323091  0.1709701  0.1690046
 2  0.0247657  0.0269414  0.0279483  0.0351450  0.0397390  0.0426189  0.0551477  0.0525974  0.0615920  0.0291748  0.0213752  0.0091807  0.0060316  0.0170738  0.0177766  0.0368907  0.0483456  0.0482273  0.0505090  0.0224823  0.0185846  0.0215524  0.0217545  0.0287490  0.0229596  0.0309987  0.0322299
 3  0.1209417  0.0711603  0.0721612  0.0768343  0.0662640  0.0766346  0.0958874  0.1344262  0.1865748  0.2287446  0.2200355  0.0840098  0.0887611  0.0876113  0.0853801  0.0749359  0.0610731  0.0784733  0.0787667  0.0744487  0.0726467  0.0835764  0.0650347  0.0665525  0.0799830  0.0857156  0.0660613
 4  0.0457994  0.0359552  0.0321986  0.0308434  0.0288983  0.0366456  0.0482164  0.0656827  0.0636597  0.0699040  0.0410855  0.0425340  0.0406829  0.0338505  0.0290405  0.0280789  0.0320239  0.0328670  0.0369161  0.0365775  0.0336005  0.0328347  0.0411807  0.0380346  0.0360818  0.0353369  0.0341266
 1  0.1355563  0.1824441  0.1899191  0.1231961  0.1353466  0.0846899  0.0775187  0.0471280  0.0504533  0.1168926  0.1513158  0.1872817  0.2241507  0.1989156  0.2345033  0.1082467  0.1098263  0.1492753  0.0882353  0.0666506  0.0595415  0.1052988  0.1106214  0.2402312  0.2768530  0.1931414  0.1205591
 2  0.0258173  0.0347184  0.0373861  0.0257717  0.0261603  0.0157979  0.0151945  0.0100905  0.0120855  0.0313559  0.0399984  0.0430369  0.0442578  0.0373474  0.0430490  0.0186177  0.0198074  0.0197214  0.0124047  0.0112335  0.0115056  0.0226466  0.0254878  0.0548515  0.0531109  0.0268650  0.0188925
 3  0.1255444  0.0891671  0.0959298  0.0787428  0.0725479  0.0704791  0.0633963  0.0628758  0.0665228  0.0760711  0.0989415  0.1252693  0.1515257  0.1736563  0.2034590  0.2478789  0.2497029  0.2588832  0.0815313  0.0539836  0.0469411  0.0452465  0.0474186  0.0508315  0.0691596  0.0750520  0.0879034
 4  0.0485933  0.0298203  0.0304887  0.0334300  0.0373723  0.0316111  0.0331062  0.0404319  0.0518299  0.0703468  0.0751597  0.0749319  0.0716463  0.0816696  0.0921831  0.0979425  0.1124319  0.0594530  0.0344571  0.0348396  0.0396576  0.0436373  0.0488458  0.0479470  0.0458603  0.0430829  0.0361139
 1  0.1307984  0.1695620  0.1699572  0.3081176  0.4324328  0.4103905  0.4250497  0.3134322  0.3030498  0.1930269  0.1729749  0.1857894  0.1544287  0.2032622  0.2312909  0.1638935  0.1617891  0.0658538  0.0560839  0.0841481  0.0710693  0.1808438  0.2328079  0.1952820  0.2811364  0.1435025  0.1756498
 2  0.0245606  0.0317910  0.0334914  0.0642010  0.0894896  0.0672761  0.0612628  0.0477140  0.0515379  0.0331110  0.0272424  0.0295345  0.0265503  0.0385156  0.0478478  0.0328152  0.0275660  0.0116834  0.0090894  0.0142328  0.0136136  0.0395028  0.0569787  0.0488039  0.0625731  0.0259706  0.0306482
 3  0.1213701  0.0645915  0.0676698  0.0962101  0.1350299  0.2246449  0.0896909  0.0794439  0.0751539  0.0842617  0.0734613  0.0739648  0.0880566  0.0828087  0.0932393  0.1174863  0.0762800  0.0888089  0.0742925  0.0842966  0.0873102  0.0863174  0.1102710  0.1689087  0.2476209  0.3760040  0.4599259
 4  0.0453260  0.0353056  0.0305498  0.0270588  0.0367954  0.0374659  0.0371225  0.0381330  0.0458462  0.0492570  0.0413422  0.0333182  0.0320674  0.0369973  0.0484535  0.0517740  0.0359912  0.0407500  0.0385958  0.0330659  0.0306420  0.0396283  0.0600121  0.0860735  0.0941238  0.1054514  0.1312600
 1  0.1425452  0.1759241  0.1768356  0.1772391  0.1830548  0.1159088  0.1200625  0.0981675  0.1230190  0.1501188  0.1982001  0.0405745  0.0200724  0.0935423  0.0952741  0.0898031  0.1088619  0.1641630  0.2126046  0.1727352  0.1628360  0.0893685  0.0919295  0.0536122  0.0520089  0.0727363  0.0572374
 2  0.0270896  0.0331628  0.0347511  0.0347724  0.0339714  0.0221456  0.0250217  0.0226523  0.0315901  0.0392708  0.0379099  0.0050066  0.0030019  0.0169141  0.0200248  0.0219214  0.0287111  0.0417935  0.0448484  0.0298965  0.0271295  0.0157009  0.0172415  0.0100132  0.0092675  0.0118537  0.0093581
 3  0.1320490  0.0615242  0.0801452  0.0725532  0.0798461  0.0780037  0.0791729  0.0916072  0.1138918  0.1582116  0.2173854  0.0766943  0.0852690  0.0843958  0.0840706  0.0939321  0.1134345  0.1421617  0.1874702  0.2203935  0.2085836  0.2022765  0.2054342  0.2223837  0.2181547  0.1927500  0.0721545
 4  0.0507192  0.0338149  0.0333236  0.0348325  0.0347002  0.0380145  0.0474928  0.0668072  0.0966496  0.1230760  0.0851375  0.0406993  0.0312107  0.0281698  0.0370636  0.0513307  0.0630379  0.0691037  0.0648495  0.0560759  0.0530267  0.0595000  0.0680049  0.0691046  0.0604116  0.0450206  0.0335481
 1  0.1323154  0.1439949  0.1429555  0.1142265  0.1286611  0.2187924  0.2419127  0.2566750  0.2625997  0.2106735  0.1862962  0.1487920  0.1461425  0.1646218  0.1776429  0.1281573  0.1058313  0.0740851  0.0573614  0.1028054  0.1167789  0.2061825  0.2833493  0.2457742  0.2517527  0.1639152  0.1422619
 2  0.0251284  0.0271413  0.0282669  0.0242550  0.0278912  0.0456340  0.0474978  0.0468634  0.0479040  0.0362191  0.0305964  0.0264336  0.0285445  0.0336158  0.0368323  0.0250640  0.0151358  0.0113932  0.0102788  0.0214687  0.0285942  0.0568513  0.0734559  0.0505821  0.0428459  0.0276112  0.0229963
 3  0.1226001  0.0814342  0.0671547  0.0797484  0.0716883  0.0623250  0.0671742  0.0676874  0.0725922  0.0839531  0.0749445  0.0719519  0.0761045  0.0803049  0.0778751  0.0707150  0.0785571  0.0898339  0.0849070  0.0775258  0.0869226  0.0594507  0.0826925  0.0602910  0.0878878  0.0723748  0.0780535
 4  0.0466048  0.0360709  0.0277758  0.0288944  0.0335023  0.0335504  0.0322897  0.0317339  0.0342238  0.0356741  0.0338173  0.0311498  0.0310575  0.0323779  0.0375365  0.0465184  0.0450319  0.0374699  0.0308658  0.0261109  0.0380576  0.0295733  0.0311384  0.0382466  0.0390882  0.0373202  0.0387327
 1  0.1289129  0.2032378  0.2156071  0.1356622  0.1428477  0.1550903  0.1622846  0.0976817  0.1069653  0.0722224  0.0679010  0.0693533  0.0683643  0.0702816  0.0456284  0.1196019  0.1339150  0.2005485  0.2231584  0.2085270  0.2262360  0.2991034  0.4159519  0.2063753  0.2586355  0.0951677  0.0730920
 2  0.0243850  0.0384447  0.0422440  0.0269599  0.0279492  0.0302290  0.0329415  0.0206773  0.0225102  0.0143796  0.0134363  0.0139862  0.0135332  0.0110149  0.0077080  0.0234461  0.0301673  0.0461505  0.0452227  0.0403107  0.0455444  0.0631085  0.0878901  0.0415034  0.0396319  0.0135418  0.0119531
 3  0.1195341  0.0878913  0.0846821  0.0883344  0.0771148  0.0795263  0.0825479  0.0940420  0.1033332  0.1075508  0.1011680  0.0976677  0.0735064  0.0658996  0.0797288  0.0901281  0.0908258  0.0683964  0.0821629  0.0725899  0.0757854  0.0927922  0.1298850  0.2208863  0.2866921  0.2400870  0.1766853
 4  0.0452728  0.0323467  0.0288986  0.0333165  0.0352801  0.0316660  0.0369163  0.0455213  0.0465079  0.0423635  0.0409633  0.0420908  0.0466623  0.0420141  0.0308001  0.0245788  0.0285693  0.0358454  0.0359568  0.0314360  0.0290411  0.0381839  0.0511582  0.0800777  0.0576080  0.0455336  0.0469786
 1  0.1102676  0.1079712  0.1062093  0.1409379  0.1484740  0.1337386  0.1362364  0.1818235  0.2235309  0.2088622  0.2800622  0.1303562  0.1227233  0.1651531  0.1455849  0.0804058  0.0669807  0.0884408  0.0885370  0.1154577  0.0885857  0.0715160  0.0688738  0.1071901  0.1276425  0.1074870  0.0964300
 2  0.0212429  0.0209596  0.0218899  0.0291853  0.0313503  0.0274548  0.0273943  0.0385287  0.0510844  0.0497046  0.0521985  0.0218173  0.0217617  0.0275016  0.0247213  0.0138363  0.0119811  0.0174207  0.0184294  0.0205455  0.0156523  0.0135355  0.0143392  0.0251925  0.0337583  0.0238805  0.0188035
 3  0.1019949  0.0702915  0.0722070  0.0675760  0.0787805  0.0661934  0.0713919  0.0736315  0.0893292  0.1264116  0.1750547  0.1773395  0.1620055  0.1642654  0.0726229  0.0925326  0.0790203  0.0698595  0.0602195  0.0630497  0.0722530  0.0806876  0.0648145  0.0668666  0.0674920  0.0729328  0.0735899
 4  0.0398775  0.0349266  0.0317660  0.0334198  0.0332764  0.0343324  0.0321797  0.0386564  0.0550034  0.0789621  0.0603209  0.0568261  0.0624594  0.0528978  0.0332328  0.0357732  0.0316069  0.0289568  0.0360567  0.0399399  0.0347718  0.0316080  0.0260536  0.0333841  0.0361869  0.0390995  0.0321285
 1  0.1249681  0.1369230  0.1341418  0.3682845  0.5936969  0.4906798  0.6592805  0.2208351  0.2060056  0.0850442  0.0741785  0.0504243  0.0425747  0.1005857  0.0993136  0.0636555  0.0533382  0.0772445  0.0782544  0.0510983  0.0472315  0.0775655  0.0953604  0.0617943  0.0562631  0.0602926  0.0474742
 2  0.0235296  0.0257902  0.0267764  0.0797302  0.1345823  0.0835713  0.0884017  0.0283220  0.0276859  0.0119723  0.0087778  0.0071647  0.0072720  0.0177924  0.0167334  0.0103273  0.0092304  0.0143195  0.0149633  0.0095249  0.0093087  0.0169105  0.0215471  0.0119465  0.0099525  0.0097984  0.0078178
 3  0.1159195  0.0696429  0.0606407  0.0641949  0.1027893  0.3046320  0.4370125  0.5735821  0.5294741  0.5218198  0.4690607  0.2777522  0.2215837  0.2292466  0.2313950  0.2044903  0.1694069  0.1563983  0.1581017  0.1568499  0.1442990  0.1489203  0.1824876  0.2219280  0.2058922  0.1797090  0.0765761
 4  0.0433172  0.0329432  0.0281310  0.0354320  0.0619550  0.0965235  0.0968152  0.1196579  0.1206566  0.1310844  0.0812642  0.0712206  0.0858877  0.0877284  0.0755787  0.0629960  0.0618403  0.0659896  0.0679921  0.0613483  0.0659488  0.0858702  0.1050717  0.0849764  0.0717080  0.0548430  0.0319451
 1  0.1235830  0.1405912  0.1432899  0.1903153  0.1960590  0.1503819  0.1611128  0.1912218  0.2637321  0.0687485  0.0417952  0.0746666  0.0724677  0.1208966  0.1187810  0.2201037  0.2523840  0.3689461  0.5133476  0.3762814  0.3221103  0.3292760  0.3757319  0.2128924  0.2471743  0.1051451  0.0940240
 2  0.0244388  0.0275778  0.0291650  0.0379805  0.0365895  0.0289064  0.0340634  0.0447800  0.0609190  0.0105756  0.0066515  0.0134891  0.0148972  0.0258644  0.0237479  0.0445714  0.0512112  0.0751339  0.1021007  0.0562949  0.0483964  0.0530417  0.0649179  0.0371670  0.0394333  0.0167515  0.0129377
 3  0.1139036  0.0808288  0.0643017  0.0665979  0.0681117  0.0666251  0.0699152  0.0860018  0.1193187  0.0652839  0.0835743  0.0814497  0.0731687  0.0686318  0.0580303  0.0828487  0.0758885  0.0784619  0.1096873  0.1849685  0.1608604  0.1525923  0.1731312  0.2401580  0.2839336  0.2895866  0.2619907
 4  0.0466939  0.0347396  0.0309673  0.0324620  0.0310712  0.0344015  0.0456046  0.0673678  0.0786436  0.0431615  0.0348991  0.0288889  0.0300261  0.0330082  0.0325741  0.0325560  0.0307146  0.0316498  0.0420385  0.0393652  0.0374794  0.0420680  0.0547868  0.0752799  0.0710713  0.0754045  0.0496949
 1  0.1114495  0.1062878  0.1060115  0.1133310  0.1284028  0.0741560  0.0817702  0.0933779  0.0887153  0.0513806  0.0428482  0.0863070  0.0832635  0.1162120  0.1296613  0.2038803  0.2680348  0.3081618  0.5078213  0.2717439  0.2357021  0.0492856  0.0396553  0.1158625  0.1181116  0.1112511  0.0820843
 2  0.0220729  0.0212015  0.0222087  0.0251407  0.0291641  0.0172506  0.0181708  0.0194908  0.0162513  0.0091185  0.0081653  0.0171513  0.0175194  0.0258462  0.0301260  0.0487088  0.0657094  0.0754840  0.0946579  0.0386314  0.0291773  0.0071314  0.0066419  0.0213670  0.0218726  0.0184284  0.0131743
 3  0.1026403  0.0747287  0.0712882  0.0683912  0.0771973  0.0719174  0.0794048  0.0657783  0.0708764  0.0679077  0.0737486  0.0747520  0.0660363  0.0860344  0.0661721  0.0762971  0.1001283  0.1544548  0.2633353  0.3819623  0.3334988  0.2192998  0.1678452  0.1532756  0.1567982  0.0805007  0.0765576
 4  0.0426156  0.0325767  0.0297443  0.0275245  0.0314815  0.0316387  0.0303532  0.0379816  0.0383214  0.0359332  0.0327065  0.0306147  0.0306897  0.0325709  0.0285383  0.0343567  0.0477870  0.0718400  0.0665861  0.0672539  0.0453260  0.0418201  0.0437439  0.0468003  0.0443920  0.0388953  0.0366380
 1  0.1170474  0.1174287  0.1132017  0.1145405  0.1258503  0.0947934  0.0995113  0.2006854  0.2662273  0.0507163  0.0475766  0.0739028  0.0645842  0.1430597  0.1626349  0.1832562  0.2274141  0.1547363  0.1596287  0.1438704  0.1358861  0.1027798  0.0778071  0.0627579  0.0619468  0.0615329  0.0655875
 2  0.0222378  0.0223059  0.0228844  0.0246168  0.0271964  0.0202410  0.0219278  0.0464296  0.0579338  0.0100545  0.0081784  0.0130710  0.0122172  0.0301461  0.0372977  0.0430972  0.0525094  0.0311405  0.0293681  0.0255845  0.0226409  0.0162984  0.0133988  0.0120407  0.0135075  0.0144197  0.0156252
 3  0.1084871  0.0618886  0.0661673  0.0649450  0.0674689  0.0748248  0.0780313  0.0881884  0.1179749  0.1510416  0.0677146  0.0773726  0.0684144  0.0638228  0.0718225  0.0873912  0.1088790  0.1426389  0.1493163  0.1480573  0.1409558  0.0768478  0.0854658  0.0736472  0.0715632  0.0771184  0.0827294
 4  0.0409754  0.0320875  0.0304763  0.0294810  0.0330095  0.0318797  0.0367855  0.0466174  0.0504926  0.0556183  0.0364125  0.0323365  0.0297121  0.0348749  0.0437494  0.0528266  0.0612977  0.0613814  0.0566937  0.0549763  0.0456053  0.0355668  0.0329647  0.0359214  0.0448589  0.0504683  0.0524123
 1  0.1287303  0.1214578  0.1190785  0.2631248  0.2947125  0.5607506  0.9695174  0.4488191  0.3508736  0.3373998  0.3143172  0.5012109  0.6011242  0.3848326  0.2837816  0.2411431  0.2056984  0.1157061  0.1193360  0.1018740  0.1089299  0.0562856  0.0555906  0.1473344  0.1542889  0.1630668  0.1932926
 2  0.0248432  0.0232892  0.0239972  0.0518550  0.0559982  0.1089373  0.1431509  0.0556016  0.0537116  0.0524788  0.0485968  0.0807208  0.0950347  0.0544748  0.0342403  0.0350266  0.0352979  0.0221788  0.0247622  0.0223460  0.0243246  0.0121440  0.0114455  0.0301542  0.0323497  0.0360340  0.0403817
 3  0.1190409  0.0756417  0.0767002  0.0795448  0.0868846  0.0776711  0.0944475  0.0911747  0.0899078  0.0936027  0.0750820  0.0887425  0.1067797  0.0729508  0.0756302  0.0771371  0.0938317  0.0742653  0.0691553  0.0724403  0.0772627  0.0843601  0.0837506  0.0735314  0.0765130  0.0856029  0.1021187
 4  0.0466638  0.0319256  0.0342529  0.0358454  0.0337671  0.0345673  0.0416771  0.0324890  0.0334005  0.0339165  0.0347295  0.0354117  0.0412024  0.0450046  0.0442457  0.0304934  0.0310458  0.0286286  0.0289398  0.0325304  0.0348064  0.0356271  0.0319116  0.0295038  0.0332238  0.0418314  0.0407675
 1  0.1219628  0.1302858  0.1287368  0.1193089  0.1403031  0.1398194  0.1609115  0.1008505  0.1048512  0.0954527  0.1040946  0.1537731  0.1986952  0.0986904  0.0892745  0.0512331  0.0333262  0.0804738  0.0457776  0.1485640  0.1558589  0.1944552  0.2721611  0.1621394  0.2153133  0.1292652  0.1241493
 2  0.0230466  0.0247232  0.0258512  0.0256731  0.0328865  0.0316782  0.0328374  0.0192178  0.0199204  0.0183374  0.0209138  0.0320249  0.0344606  0.0162384  0.0112627  0.0072145  0.0048673  0.0107099  0.0068783  0.0266750  0.0330419  0.0484890  0.0763337  0.0463313  0.0521200  0.0260817  0.0228185
 3  0.1131144  0.0750891  0.0804546  0.0864012  0.1005306  0.1307310  0.1537857  0.1703323  0.1766334  0.1889254  0.2051433  0.2445808  0.3246614  0.3414428  0.3173614  0.0844347  0.0817573  0.0786113  0.0843547  0.0793969  0.0768372  0.0634460  0.0599242  0.0598637  0.0632882  0.0712862  0.0784774
 4  0.0426943  0.0353575  0.0311511  0.0385830  0.0530582  0.0581218  0.0561837  0.0580805  0.0622908  0.0679212  0.0811890  0.1016811  0.0875390  0.0916223  0.0498058  0.0407172  0.0531855  0.0475889  0.0365309  0.0301035  0.0268901  0.0244350  0.0286791  0.0344593  0.0351190  0.0353475  0.0365973
 1  0.1113715  0.1046022  0.1024729  0.1459916  0.1600625  0.1763911  0.1997731  0.2780468  0.3990772  0.1328005  0.1333845  0.0526726  0.0360404  0.0760565  0.0706802  0.1362289  0.1227088  0.1334694  0.1354520  0.1568507  0.1753148  0.1786613  0.1142798  0.1225028  0.1324479  0.1067555  0.1271574
 2  0.0213932  0.0202620  0.0210515  0.0306788  0.0340310  0.0374049  0.0428108  0.0612634  0.0881966  0.0250022  0.0214041  0.0075878  0.0056731  0.0135993  0.0145794  0.0272152  0.0229196  0.0258216  0.0277414  0.0333341  0.0393066  0.0277779  0.0181609  0.0227929  0.0286547  0.0258925  0.0324866
 3  0.1030635  0.0769687  0.0693576  0.0779890  0.0705629  0.0631428  0.0715275  0.0869311  0.1247701  0.2216555  0.2289760  0.1864488  0.0753943  0.0566776  0.0851784  0.0680963  0.0716819  0.0678324  0.0708940  0.0764920  0.0749832  0.0649442  0.0821709  0.0755049  0.0747653  0.0897508  0.1071978
 4  0.0401234  0.0321635  0.0321525  0.0347031  0.0300983  0.0321502  0.0379607  0.0493849  0.0700239  0.0864682  0.0673531  0.0462679  0.0357809  0.0354191  0.0324913  0.0379511  0.0320222  0.0304682  0.0288212  0.0320855  0.0479920  0.0443708  0.0312051  0.0260159  0.0259441  0.0343879  0.0411587
 1  0.1145158  0.0904078  0.0880036  0.1053451  0.1171062  0.2099629  0.3082768  0.1406957  0.1376784  0.0860541  0.0700297  0.0482608  0.0329491  0.0823319  0.0797265  0.0548567  0.0562414  0.0709319  0.0782205  0.0911506  0.1014478  0.0992349  0.0986040  0.0953769  0.1085188  0.0427025  0.0422255
 2  0.0226344  0.0177182  0.0181587  0.0229276  0.0271922  0.0523099  0.0759792  0.0268529  0.0239060  0.0135998  0.0116825  0.0074962  0.0055220  0.0154477  0.0163991  0.0121506  0.0133838  0.0176079  0.0194011  0.0222262  0.0242355  0.0215266  0.0207502  0.0213478  0.0233599  0.0089622  0.0091016
 3  0.1056338  0.0792268  0.0629240  0.0688074  0.0759800  0.0916333  0.1348450  0.2215516  0.2208051  0.2125083  0.0743671  0.0753990  0.0891617  0.0785100  0.0736137  0.0641277  0.0748478  0.0579954  0.0641451  0.0715240  0.0798657  0.0889829  0.0891752  0.0926229  0.1056276  0.1096713  0.1072350
 4  0.0427542  0.0337729  0.0315501  0.0294692  0.0370084  0.0509058  0.0685219  0.0653441  0.0607344  0.0496635  0.0391090  0.0392653  0.0356427  0.0324811  0.0305520  0.0293713  0.0298487  0.0289459  0.0318897  0.0338561  0.0368720  0.0329234  0.0333687  0.0414658  0.0403831  0.0402400  0.0428644
 1  0.1157815  0.0969098  0.0952471  0.1357659  0.1522573  0.1639665  0.1863011  0.0927956  0.0988024  0.1085801  0.1133631  0.0647720  0.0513565  0.0589309  0.0632089  0.1003568  0.1104788  0.1010062  0.1101966  0.1064864  0.1082475  0.0359645  0.0339749  0.0593773  0.0565898  0.0830681  0.0693207
 2  0.0229241  0.0192028  0.0198443  0.0295056  0.0335082  0.0358386  0.0405233  0.0199206  0.0210194  0.0236024  0.0204891  0.0109622  0.0095016  0.0124373  0.0154926  0.0257270  0.0269365  0.0230055  0.0240357  0.0221455  0.0222752  0.0072410  0.0071617  0.0124914  0.0110543  0.0150334  0.0131212
 3  0.1066490  0.0737448  0.0703325  0.0652225  0.0717578  0.0610026  0.0693014  0.0821117  0.0875423  0.0924372  0.0662651  0.0722013  0.0558692  0.0509062  0.0538067  0.0620122  0.0693125  0.0758995  0.0828159  0.0895674  0.0913501  0.0934954  0.0880311  0.0882159  0.0707647  0.0791897  0.0737213
 4  0.0440659  0.0333971  0.0304717  0.0312187  0.0321748  0.0307335  0.0350494  0.0407307  0.0421429  0.0472190  0.0409552  0.0337314  0.0336546  0.0414772  0.0571243  0.0603244  0.0575366  0.0591221  0.0623575  0.0612120  0.0623198  0.0606059  0.0651290  0.0622330  0.0375910  0.0362923  0.0308857
 1  0.1290325  0.1287604  0.1272575  0.1230096  0.1207924  0.1297505  0.1176254  0.1091214  0.1280061  0.1067869  0.1245201  0.1508026  0.1737143  0.0886510  0.0908129  0.1440522  0.2039434  0.1536633  0.1228426  0.0454468  0.0239355  0.0397028  0.0346233  0.1045362  0.1118345  0.1694337  0.2322552
 2  0.0246445  0.0244595  0.0254223  0.0245423  0.0230275  0.0235729  0.0225137  0.0231284  0.0303666  0.0257177  0.0283170  0.0317203  0.0319558  0.0157129  0.0174996  0.0298297  0.0402626  0.0221709  0.0154215  0.0054656  0.0035462  0.0068911  0.0065331  0.0220181  0.0260946  0.0428661  0.0599789
 3  0.1195162  0.0811552  0.0772838  0.0686773  0.0664602  0.0701608  0.0845643  0.0863255  0.1000849  0.1281577  0.1515760  0.1775128  0.2078156  0.2173931  0.2183539  0.2621739  0.3758370  0.5431551  0.4508263  0.0944365  0.0886462  0.0797277  0.0692301  0.0785494  0.0828584  0.0979872  0.1344877
 4  0.0458670  0.0374399  0.0300660  0.0340550  0.0343583  0.0336437  0.0311966  0.0404232  0.0570080  0.0651857  0.0676030  0.0706506  0.0654041  0.0674879  0.0844562  0.1141959  0.1372383  0.1071325  0.0731260  0.0393955  0.0322258  0.0320629  0.0318731  0.0280789  0.0358158  0.0477756  0.0652634
 1  0.1183230  0.1080783  0.1059588  0.2074828  0.2670498  0.2107558  0.2617550  0.1457770  0.1239651  0.0489031  0.0391281  0.1214726  0.1298896  0.1461691  0.1663259  0.1003559  0.0986493  0.1441339  0.1239968  0.1096264  0.0963235  0.1383746  0.1403161  0.1225072  0.1382999  0.0687553  0.0606014
 2  0.0224026  0.0207619  0.0216200  0.0453256  0.0588922  0.0449212  0.0537297  0.0249061  0.0198369  0.0080999  0.0070734  0.0245573  0.0294394  0.0346081  0.0356219  0.0200969  0.0195511  0.0269075  0.0205516  0.0188882  0.0181850  0.0272036  0.0293421  0.0277827  0.0303108  0.0136219  0.0117878
 3  0.1097152  0.0767534  0.0712389  0.0939456  0.0857288  0.1152458  0.1434744  0.1840485  0.0720715  0.0731570  0.0689897  0.0601706  0.0635217  0.0742927  0.0860835  0.0892483  0.0871123  0.0651921  0.0640049  0.0773964  0.0823904  0.0771620  0.0713014  0.0653165  0.0663385  0.0665442  0.0617485
 4  0.0420017  0.0334185  0.0282516  0.0311856  0.0306273  0.0383287  0.0449820  0.0393282  0.0360038  0.0342156  0.0302568  0.0328944  0.0427779  0.0491998  0.0438448  0.0426680  0.0428339  0.0364977  0.0340775  0.0340736  0.0335805  0.0332428  0.0289231  0.0309529  0.0377434  0.0337747  0.0311544
 1  0.1082802  0.1281870  0.1271102  0.1195674  0.1429779  0.2266984  0.3558441  0.1961406  0.2276260  0.0464433  0.0258200  0.0626947  0.0581266  0.1765262  0.2096608  0.1969996  0.2138286  0.0493341  0.0366551  0.1148456  0.1180785  0.3062310  0.3915840  0.1916659  0.1767203  0.1723015  0.1201060
 2  0.0206362  0.0246608  0.0259463  0.0263386  0.0337610  0.0560935  0.0868046  0.0359599  0.0325737  0.0053546  0.0035910  0.0107167  0.0116105  0.0396623  0.0494690  0.0437713  0.0377629  0.0079605  0.0064039  0.0223112  0.0250406  0.0666218  0.0780738  0.0341150  0.0261570  0.0247700  0.0185916
 3  0.1003378  0.0692302  0.0761771  0.0827829  0.0981093  0.1279782  0.2012572  0.4208261  0.5134664  0.4539581  0.0934885  0.0617513  0.0557476  0.0561882  0.0668390  0.0836770  0.0937094  0.0631841  0.0794969  0.0742252  0.0755397  0.0812896  0.1056318  0.1393867  0.0723535  0.0799618  0.0825672
 4  0.0383101  0.0307371  0.0309140  0.0394238  0.0522267  0.0726451  0.1075822  0.1238330  0.1039645  0.0628798  0.0331130  0.0345593  0.0419621  0.0482509  0.0582080  0.0611691  0.0444903  0.0330396  0.0322060  0.0292208  0.0341465  0.0357170  0.0382948  0.0427406  0.0399397  0.0382106  0.0332672
 1  0.1326288  0.1463043  0.1447062  0.1818474  0.2210519  0.1510073  0.1433654  0.1732201  0.1684352  0.1968762  0.2539352  0.0991291  0.1090996  0.1071518  0.0986518  0.0896617  0.0640979  0.1004737  0.0925256  0.1633641  0.1946773  0.1880056  0.2000476  0.1119644  0.1188925  0.0828325  0.0818692
 2  0.0249980  0.0274896  0.0286372  0.0385544  0.0486142  0.0305021  0.0249838  0.0304833  0.0323698  0.0423688  0.0564240  0.0211846  0.0222498  0.0201006  0.0155820  0.0140845  0.0097105  0.0172141  0.0184312  0.0364555  0.0442966  0.0401462  0.0409725  0.0229719  0.0251266  0.0173869  0.0170925
 3  0.1230205  0.0764631  0.0791720  0.0743752  0.0720946  0.0651618  0.0636079  0.0765527  0.0727746  0.0809298  0.1043013  0.1390937  0.1530464  0.1642023  0.1549393  0.0650080  0.0789824  0.0899966  0.0786984  0.0770815  0.0707978  0.0648120  0.0666870  0.0733588  0.0773534  0.0826192  0.0818900
 4  0.0462208  0.0321649  0.0307369  0.0287631  0.0329455  0.0388756  0.0359315  0.0293639  0.0351423  0.0490362  0.0599146  0.0720433  0.0724341  0.0675561  0.0453352  0.0409877  0.0367948  0.0327376  0.0293285  0.0343923  0.0353535  0.0295395  0.0294241  0.0345085  0.0381273  0.0384602  0.0375988
 1  0.1083181  0.1429281  0.1445679  0.0931834  0.1011205  0.1153751  0.1316781  0.1182656  0.1261173  0.0513913  0.0431138  0.0718473  0.0658681  0.0709046  0.0728747  0.1005625  0.1028283  0.0739954  0.0873112  0.0847449  0.1031055  0.0494987  0.0473663  0.0919554  0.1004039  0.0938270  0.0753165
 2  0.0208560  0.0276615  0.0294878  0.0198795  0.0223893  0.0262797  0.0295680  0.0264152  0.0235143  0.0090445  0.0082701  0.0139239  0.0134288  0.0154385  0.0163599  0.0219688  0.0227980  0.0176640  0.0220843  0.0218406  0.0269275  0.0107141  0.0092438  0.0180716  0.0207150  0.0161930  0.0126733
 3  0.1001866  0.0722361  0.0813457  0.0737946  0.0759468  0.0725231  0.0828250  0.0685907  0.0787336  0.0834297  0.0808296  0.0761415  0.0797652  0.0659217  0.0673437  0.0684914  0.0699746  0.0758261  0.0888519  0.1087479  0.1324922  0.1706238  0.1671566  0.1617423  0.1755580  0.1990432  0.1631977
 4  0.0388983  0.0339927  0.0313009  0.0329905  0.0278644  0.0308291  0.0333958  0.0366644  0.0410235  0.0329111  0.0330516  0.0361587  0.0297947  0.0323279  0.0321477  0.0332343  0.0362413  0.0470707  0.0602832  0.0709631  0.0885979  0.0726864  0.0655846  0.0689226  0.0845511  0.0602132  0.0507082
 1  0.1220607  0.3739779  0.4742674  0.3979507  0.5891452  0.4757999  0.6332310  0.1649916  0.0758277  0.0640192  0.0548716  0.1154163  0.0960374  0.1267189  0.1167363  0.0982600  0.1076350  0.1231097  0.1112728  0.2464353  0.3023949  0.1639297  0.0974195  0.1234725  0.1305543  0.1456758  0.1927708
 2  0.0234936  0.0715663  0.0894762  0.0739476  0.1074290  0.0718493  0.0890316  0.0159580  0.0096607  0.0097600  0.0091581  0.0193750  0.0161798  0.0225910  0.0224852  0.0213463  0.0228148  0.0238688  0.0218059  0.0503975  0.0642578  0.0236866  0.0150447  0.0224055  0.0278213  0.0359383  0.0497093
 3  0.1129126  0.0726384  0.0728900  0.1105991  0.1633955  0.3371206  0.4572758  0.6547936  0.2855400  0.1875487  0.1579141  0.1361822  0.0747945  0.0707317  0.0642931  0.0647654  0.0711023  0.0648037  0.0708832  0.0696277  0.0696350  0.0782506  0.0892435  0.0674301  0.0694736  0.0847627  0.1126570
 4  0.0437848  0.0330342  0.0291385  0.0441344  0.0627395  0.0897636  0.1096710  0.0752382  0.0565293  0.0546389  0.0535653  0.0436240  0.0339555  0.0297926  0.0323342  0.0418215  0.0379928  0.0369351  0.0318885  0.0353582  0.0440813  0.0425197  0.0335181  0.0381144  0.0556165  0.0816932  0.1010175
 1  0.1223909  0.0721368  0.0679237  0.0906979  0.0857844  0.1182619  0.1278649  0.1164583  0.1218101  0.1518296  0.1604488  0.2932316  0.4248166  0.4955981  0.9976714  0.3291035  0.1506292  0.0229670  0.0099785  0.0379648  0.0290838  0.0915080  0.0947372  0.1491428  0.1739636  0.1202454  0.1138998
 2  0.0234945  0.0138895  0.0139533  0.0181205  0.0174678  0.0249799  0.0266346  0.0244111  0.0259711  0.0320650  0.0337189  0.0650759  0.0977439  0.1027900  0.1713599  0.0313570  0.0131925  0.0023166  0.0013611  0.0058992  0.0051982  0.0186041  0.0215824  0.0368755  0.0364681  0.0230394  0.0226087
 3  0.1132614  0.0721354  0.0834984  0.0722005  0.0715294  0.0804182  0.0653274  0.0671890  0.0623248  0.0615848  0.0652586  0.0714420  0.1028663  0.2013045  0.4190114  0.9990000  0.9990000  0.3370999  0.0896372  0.0858014  0.0809586  0.0753398  0.0772299  0.0590773  0.0695628  0.0730440  0.0697515
 4  0.0441167  0.0319098  0.0365492  0.0334762  0.0311474  0.0354226  0.0340906  0.0322373  0.0309972  0.0304134  0.0325307  0.0409985  0.0628189  0.0944741  0.1465171  0.2464947  0.0996170  0.0435962  0.0383077  0.0319100  0.0323976  0.0302175  0.0374989  0.0329623  0.0369004  0.0333259  0.0312324
 1  0.1338174  0.0394052  0.0358652  0.1009559  0.1109670  0.0898762  0.0900535  0.0676217  0.0646794  0.0530096  0.0470782  0.0547651  0.0581335  0.0837202  0.1047019  0.0768752  0.0677671  0.1411209  0.1487119  0.1409498  0.1403320  0.1085958  0.1011470  0.1400792  0.1546070  0.2442889  0.3102893
 2  0.0253898  0.0074898  0.0073161  0.0219775  0.0249130  0.0195931  0.0182208  0.0139207  0.0114570  0.0096842  0.0093858  0.0120063  0.0143589  0.0231287  0.0287758  0.0164404  0.0137718  0.0287682  0.0308425  0.0287132  0.0293772  0.0216009  0.0195499  0.0289003  0.0334490  0.0544104  0.0671380
 3  0.1239903  0.0764067  0.0697588  0.0758415  0.0644820  0.0708012  0.0724371  0.0747059  0.0726791  0.0741845  0.0724642  0.0695969  0.0731511  0.0846867  0.1064116  0.0536918  0.0721591  0.0694559  0.0654776  0.0648088  0.0840555  0.0694875  0.0734482  0.0754250  0.0659899  0.0748441  0.0954729
 4  0.0476223  0.0336150  0.0292593  0.0303742  0.0308084  0.0340339  0.0318730  0.0376259  0.0411883  0.0330312  0.0293934  0.0281050  0.0362736  0.0501432  0.0527546  0.0363747  0.0307688  0.0309826  0.0304234  0.0312350  0.0366365  0.0353513  0.0324218  0.0282507  0.0310643  0.0358224  0.0422219
 1  0.1259169  0.0994288  0.0940151  0.0992049  0.0969704  0.1158373  0.1342864  0.1646144  0.1698160  0.1437382  0.1579104  0.2161189  0.2720177  0.1191344  0.1122729  0.1277420  0.1184417  0.2383686  0.2796258  0.2287306  0.2541473  0.1183749  0.0859497  0.1152576  0.0951904  0.1079063  0.0895967
 2  0.0239017  0.0186622  0.0187819  0.0197215  0.0200068  0.0257311  0.0300180  0.0343937  0.0342068  0.0294234  0.0338689  0.0481772  0.0562641  0.0218499  0.0201733  0.0224836  0.0219814  0.0467920  0.0506789  0.0408253  0.0459056  0.0183331  0.0125697  0.0187344  0.0156315  0.0180664  0.0168459
 3  0.1166749  0.0759440  0.0693277  0.0746844  0.0684835  0.0761519  0.0636324  0.0684196  0.0696045  0.0728852  0.0794816  0.0937056  0.1194387  0.1428915  0.1342845  0.1259922  0.1163098  0.1165528  0.1387335  0.1488399  0.1629961  0.1853406  0.0887467  0.0848232  0.0735571  0.0768609  0.0778155
 4  0.0437607  0.0339538  0.0315666  0.0341436  0.0279903  0.0319496  0.0321139  0.0343253  0.0310862  0.0350135  0.0427997  0.0523838  0.0536982  0.0527204  0.0500835  0.0453035  0.0477137  0.0529590  0.0506102  0.0555548  0.0632716  0.0506207  0.0368253  0.0378027  0.0368199  0.0343088  0.0280682
 1  0.1118120  0.1986539  0.2138261  0.1602635  0.1880380  0.1658312  0.1605298  0.1889644  0.1859126  0.1930969  0.1493832  0.1208444  0.1363424  0.2056703  0.2661460  0.2241124  0.3089985  0.1287409  0.1413224  0.0701532  0.0878299  0.0836975  0.0915598  0.0380428  0.0202779  0.0344872  0.0347666
 2  0.0220355  0.0391743  0.0434621  0.0341420  0.0401840  0.0321108  0.0309392  0.0359049  0.0306927  0.0295825  0.0254609  0.0238810  0.0290701  0.0467971  0.0626505  0.0495486  0.0612456  0.0216216  0.0234658  0.0114202  0.0138890  0.0111824  0.0118020  0.0038482  0.0026051  0.0053017  0.0053430
 3  0.1031050  0.0697783  0.0641213  0.0717344  0.0663998  0.0707115  0.0743006  0.0847069  0.0649847  0.0776622  0.0829347  0.0966276  0.0886808  0.0992883  0.1275508  0.1933708  0.2709420  0.4070227  0.4492781  0.5623050  0.7126757  0.9855240  0.9990000  0.9990000  0.5586017  0.4210126  0.4236414
 4  0.0419424  0.0307887  0.0285559  0.0299568  0.0331595  0.0332702  0.0331787  0.0403697  0.0468915  0.0375088  0.0309904  0.0275926  0.0301000  0.0361966  0.0487971  0.0635857  0.0738728  0.0832018  0.0950956  0.1152710  0.1375659  0.1354860  0.1459290  0.0882495  0.0733060  0.0816839  0.0774478
 1  0.1216805  0.1696245  0.1730303  0.1601870  0.1881918  0.1427816  0.1535544  0.0843728  0.0733839  0.1307286  0.1293359  0.2205101  0.2769831  0.2304464  0.2381881  0.1931502  0.1837216  0.0798628  0.0645735  0.1186312  0.1253787  0.1694429  0.1524978  0.1828470  0.1755191  0.2247925  0.2745655
 2  0.0233076  0.0324498  0.0346077  0.0339202  0.0411530  0.0310651  0.0293560  0.0152193  0.0132991  0.0248512  0.0262003  0.0477164  0.0634001  0.0455520  0.0423883  0.0327561  0.0308453  0.0134418  0.0116123  0.0239750  0.0254556  0.0321637  0.0271017  0.0324254  0.0328009  0.0457142  0.0596874
 3  0.1125661  0.0691329  0.0734326  0.0705452  0.0577091  0.0688342  0.0638789  0.0738575  0.0738103  0.0708343  0.0736890  0.0775195  0.0969084  0.1393130  0.1479631  0.1500545  0.0699322  0.0659976  0.0801394  0.0725584  0.0623727  0.0662094  0.0734911  0.0869996  0.0797006  0.0745495  0.0715527
 4  0.0435238  0.0328944  0.0311055  0.0309465  0.0289445  0.0334717  0.0354429  0.0375501  0.0312432  0.0293598  0.0303775  0.0359044  0.0492627  0.0480990  0.0446402  0.0432740  0.0347689  0.0327214  0.0299023  0.0288498  0.0342152  0.0365998  0.0393866  0.0360603  0.0298739  0.0297612  0.0384687
 1  0.1291358  0.1155133  0.1107469  0.1289949  0.1347328  0.1878039  0.2146136  0.2467657  0.3262434  0.2163995  0.2479040  0.1245326  0.0663293  0.1089121  0.1097574  0.1323269  0.1441156  0.0715054  0.0740243  0.0695514  0.0676594  0.1096294  0.1155251  0.0856088  0.0835560  0.1263017  0.1412945
 2  0.0246433  0.0217718  0.0220948  0.0262384  0.0281868  0.0395833  0.0453498  0.0530217  0.0662165  0.0408448  0.0422816  0.0155154  0.0100267  0.0194898  0.0223878  0.0294769  0.0319898  0.0157061  0.0161985  0.0147409  0.0145023  0.0238291  0.0248967  0.0176914  0.0176847  0.0279128  0.0297799
 3  0.1195893  0.0709186  0.0831365  0.0709057  0.0744078  0.0703086  0.0805391  0.0981142  0.1304984  0.1753990  0.2020116  0.0730348  0.0710531  0.0864605  0.0749539  0.0621726  0.0680967  0.0720833  0.0741782  0.0769889  0.0751337  0.0753755  0.0797127  0.0834230  0.0813114  0.0840834  0.0947592
 4  0.0454104  0.0343298  0.0350340  0.0294055  0.0318481  0.0308420  0.0359180  0.0459720  0.0522489  0.0628370  0.0592408  0.0421228  0.0320589  0.0289313  0.0301898  0.0318391  0.0316834  0.0335137  0.0357226  0.0337891  0.0344422  0.0354277  0.0365308  0.0347824  0.0370136  0.0419222  0.0407392
 1  0.1456978  0.1639748  0.1610629  0.2033293  0.2282017  0.1525064  0.1498949  0.1762487  0.1535490  0.1770962  0.2178267  0.1302626  0.1320620  0.0859053  0.0973083  0.1181624  0.1355010  0.0913649  0.1049863  0.0787675  0.0856925  0.0531493  0.0456651  0.0269902  0.0182636  0.0932554  0.0953017
 2  0.0272533  0.0303982  0.0313505  0.0405038  0.0461529  0.0307836  0.0240428  0.0284649  0.0277409  0.0364345  0.0496589  0.0275894  0.0265343  0.0175625  0.0205807  0.0248315  0.0273117  0.0179774  0.0195689  0.0141123  0.0151327  0.0087714  0.0059074  0.0038124  0.0031166  0.0181653  0.0210432
 3  0.1352938  0.0658885  0.0723154  0.0728956  0.0730817  0.0713740  0.0753740  0.0811153  0.0745566  0.0764085  0.0931490  0.1247733  0.1284452  0.1362072  0.1530576  0.1789216  0.2068278  0.2390422  0.2755805  0.3087402  0.3354646  0.3725731  0.3352941  0.0772913  0.0815425  0.0696681  0.0706544
 4  0.0503031  0.0305259  0.0301148  0.0327046  0.0306834  0.0397783  0.0424074  0.0344991  0.0283743  0.0383115  0.0531337  0.0533149  0.0517209  0.0619413  0.0743766  0.0811742  0.0852362  0.0971394  0.1009992  0.1065673  0.1141481  0.1098455  0.0608508  0.0312784  0.0314997  0.0345384  0.0425497
 1  0.1394635  0.2068314  0.2121769  0.2241545  0.2699071  0.2301333  0.2891963  0.1735255  0.2022946  0.0747610  0.0469905  0.0786667  0.0726949  0.0833741  0.0831738  0.0841351  0.0905316  0.0556248  0.0533619  0.0934938  0.0857860  0.1227471  0.1322400  0.1139355  0.1101795  0.1508169  0.1776070
 2  0.0258566  0.0381356  0.0408109  0.0451432  0.0547154  0.0461044  0.0595656  0.0337317  0.0340888  0.0100304  0.0071119  0.0138651  0.0133872  0.0167145  0.0185892  0.0196823  0.0200204  0.0121298  0.0099864  0.0175085  0.0165730  0.0256552  0.0289884  0.0239795  0.0230597  0.0329508  0.0421686
 3  0.1297000  0.0720668  0.0741276  0.0785208  0.0943575  0.1194801  0.1491425  0.2241044  0.2687229  0.2514952  0.0854277  0.0862067  0.0790898  0.0700806  0.0686330  0.0752668  0.0820396  0.0828540  0.0544011  0.0718511  0.0737213  0.0661059  0.0676026  0.0602246  0.0584811  0.0591972  0.0688883
 4  0.0471594  0.0318824  0.0289612  0.0301431  0.0357471  0.0446064  0.0606445  0.0781157  0.0692269  0.0428122  0.0337584  0.0311172  0.0290508  0.0297705  0.0364368  0.0408347  0.0375627  0.0384974  0.0334866  0.0324708  0.0305332  0.0301214  0.0339713  0.0333580  0.0326524  0.0383446  0.0532977
 1  0.1220500  0.2055958  0.2190874  0.2057446  0.2563486  0.1544498  0.1464623  0.1457869  0.1349267  0.1217452  0.1220940  0.1438024  0.1402055  0.2781530  0.3524460  0.3508749  0.2903367  0.1485779  0.1506417  0.2150661  0.2173693  0.1179766  0.1162842  0.1906894  0.2064302  0.0932354  0.0816137
 2  0.0232430  0.0391999  0.0433531  0.0435528  0.0545828  0.0291384  0.0273011  0.0264397  0.0239596  0.0231765  0.0242881  0.0282766  0.0274234  0.0569117  0.0751528  0.0567415  0.0451195  0.0259113  0.0284493  0.0405436  0.0413006  0.0225689  0.0223556  0.0383362  0.0372946  0.0162583  0.0157220
 3  0.1131263  0.0763432  0.0696707  0.0622568  0.0772231  0.0961074  0.0775241  0.0836376  0.0722484  0.0793671  0.0745440  0.0743881  0.0656257  0.0645160  0.0811787  0.1171619  0.0838962  0.0748991  0.0748196  0.0769458  0.0781293  0.0825644  0.0814360  0.0803241  0.0880125  0.0803553  0.0686063
 4  0.0431712  0.0349801  0.0298938  0.0294043  0.0348314  0.0330022  0.0334335  0.0371577  0.0333139  0.0287754  0.0319509  0.0341103  0.0323408  0.0357818  0.0496901  0.0373535  0.0330547  0.0398966  0.0454953  0.0426275  0.0444073  0.0477981  0.0479194  0.0518643  0.0430429  0.0384652  0.0428128
 1  0.1033990  0.1992275  0.2168211  0.2269208  0.2659004  0.2501188  0.2491612  0.1056372  0.1155988  0.0569866  0.0583379  0.0874570  0.0954335  0.0312884  0.0320693  0.1052432  0.1156735  0.1498114  0.1875919  0.1593523  0.1576524  0.1280794  0.1252827  0.0878956  0.0825322  0.0310308  0.0208469
 2  0.0201090  0.0391881  0.0442147  0.0464343  0.0521717  0.0444507  0.0443022  0.0201418  0.0246617  0.0122308  0.0119423  0.0180267  0.0189925  0.0063152  0.0062547  0.0210035  0.0233929  0.0308666  0.0364745  0.0268852  0.0244652  0.0202653  0.0201247  0.0146387  0.0122101  0.0045030  0.0034888
 3  0.0955240  0.0751176  0.0739180  0.0804625  0.0748395  0.1022614  0.1035946  0.1120399  0.1206844  0.1452947  0.1511629  0.1499291  0.1633573  0.1731268  0.1771725  0.1691117  0.1841082  0.2128306  0.2680316  0.3269380  0.3276079  0.3053524  0.2961258  0.2899328  0.2762035  0.0856758  0.0778490
 4  0.0379955  0.0351311  0.0327998  0.0367738  0.0351244  0.0349276  0.0291238  0.0377543  0.0508456  0.0545927  0.0503390  0.0534195  0.0545564  0.0607839  0.0557030  0.0573754  0.0645591  0.0779933  0.0835516  0.0782946  0.0694758  0.0701113  0.0696385  0.0733460  0.0526918  0.0351647  0.0318148
 1  0.1289827  0.1529872  0.1551573  0.1027922  0.0876545  0.1039387  0.1187458  0.1407139  0.0985566  0.1039489  0.0986236  0.1135384  0.1302476  0.1352813  0.1545243  0.1719276  0.1746420  0.1221262  0.0877073  0.1058613  0.1040765  0.1139190  0.1250403  0.1182683  0.1400737  0.1734524  0.2264742
 2  0.0254748  0.0298158  0.0313269  0.0188589  0.0163571  0.0214942  0.0275600  0.0249345  0.0157641  0.0183077  0.0192191  0.0250340  0.0328184  0.0346070  0.0352346  0.0346974  0.0339375  0.0197851  0.0144152  0.0193816  0.0212324  0.0248855  0.0286894  0.0284251  0.0348264  0.0433669  0.0525173
 3  0.1188967  0.0693863  0.0835552  0.0637665  0.0794827  0.0742582  0.0713551  0.0554047  0.0832799  0.0818880  0.0810756  0.0625367  0.0697147  0.0657777  0.0753125  0.0775397  0.0713848  0.0695499  0.0868036  0.0791664  0.0837362  0.0907517  0.0701632  0.0671438  0.0792744  0.1011430  0.1336105
 4  0.0485996  0.0324161  0.0396841  0.0352034  0.0307107  0.0376342  0.0456718  0.0444823  0.0368315  0.0316550  0.0283669  0.0261344  0.0301367  0.0349796  0.0368822  0.0365949  0.0394309  0.0422027  0.0355040  0.0313440  0.0333084  0.0305667  0.0285699  0.0286477  0.0368369  0.0456169  0.0499489
 1  0.1303734  0.2103821  0.2242287  0.4342537  0.7132638  0.4372804  0.5836456  0.0810901  0.0536402  0.0748451  0.0624858  0.0911560  0.1046021  0.1107195  0.0762901  0.1034910  0.0892921  0.1775458  0.2283721  0.2713626  0.1578194  0.1442653  0.1486466  0.2039804  0.2414213  0.1454054  0.1746679
 2  0.0246442  0.0398379  0.0439834  0.0885428  0.1428073  0.0673332  0.0576168  0.0098617  0.0075640  0.0115852  0.0109675  0.0183575  0.0231903  0.0190232  0.0107372  0.0166232  0.0167693  0.0389789  0.0555272  0.0399285  0.0228813  0.0247064  0.0301756  0.0447210  0.0538706  0.0336320  0.0394376
 3  0.1208495  0.0813861  0.0709815  0.0817378  0.1345246  0.4586070  0.6796318  0.3643937  0.2263074  0.1675189  0.1369882  0.1299856  0.1475859  0.1713286  0.0792019  0.0851168  0.0706173  0.0723261  0.0593242  0.0606464  0.0869040  0.0907054  0.0810648  0.0820432  0.0752480  0.0580067  0.0696111
 4  0.0458997  0.0357122  0.0316661  0.0395490  0.0633355  0.1339999  0.0838017  0.0681342  0.0575778  0.0504910  0.0530002  0.0662749  0.0852120  0.0516843  0.0411168  0.0318848  0.0383533  0.0526428  0.0474230  0.0478798  0.0367811  0.0303198  0.0271825  0.0303132  0.0270926  0.0277694  0.0313598
 1  0.1268093  0.1692310  0.1753763  0.1677373  0.1997275  0.1949405  0.2260385  0.2014585  0.2541192  0.0793680  0.0515154  0.0814420  0.0829835  0.1021730  0.1087421  0.1538549  0.1540642  0.1306249  0.1265484  0.2222586  0.2869421  0.1536864  0.1690127  0.1076238  0.0601749  0.1569880  0.1590341
 2  0.0247688  0.0329358  0.0353099  0.0355777  0.0430754  0.0402226  0.0454003  0.0403495  0.0469973  0.0110971  0.0079961  0.0146960  0.0163759  0.0214270  0.0220376  0.0298778  0.0265960  0.0229762  0.0245373  0.0463952  0.0595407  0.0291507  0.0296300  0.0136762  0.0087528  0.0271108  0.0310106
 3  0.1170336  0.0741248  0.0696084  0.0820194  0.0972356  0.1194299  0.1390021  0.1732915  0.2206943  0.2453165  0.1575123  0.1250123  0.1257059  0.1310250  0.1401379  0.1401605  0.1419201  0.1251287  0.1183532  0.1303213  0.1694209  0.2334267  0.2591353  0.2462031  0.0937250  0.0877055  0.0837140
 4  0.0472314  0.0337966  0.0299743  0.0306576  0.0364583  0.0401630  0.0458523  0.0588319  0.0613409  0.0392963  0.0335717  0.0379186  0.0434883  0.0475084  0.0445387  0.0419549  0.0341619  0.0331612  0.0395914  0.0490307  0.0585858  0.0674950  0.0654414  0.0332639  0.0361410  0.0287326  0.0339556
 1  0.1361934  0.1759543  0.1797055  0.1623038  0.1875379  0.2313709  0.2698521  0.1671428  0.1089730  0.1045495  0.1036232  0.0848904  0.0758878  0.0997673  0.1009149  0.1401106  0.1817324  0.2437415  0.3374091  0.0996506  0.0991092  0.1005805  0.0929464  0.2081618  0.1329405  0.1719930  0.1787025
 2  0.0264105  0.0337645  0.0356633  0.0333840  0.0402615  0.0473098  0.0509167  0.0243446  0.0168274  0.0185414  0.0213608  0.0175124  0.0143153  0.0196632  0.0214375  0.0332897  0.0466502  0.0604010  0.0660648  0.0170515  0.0155373  0.0163234  0.0155689  0.0291180  0.0208675  0.0307636  0.0343158
 3  0.1257440  0.0690334  0.0780386  0.0860026  0.0987519  0.1227387  0.0701305  0.0711508  0.0844867  0.0876511  0.0617505  0.0677588  0.0720011  0.0736580  0.0729858  0.0817466  0.1055415  0.1467269  0.2088998  0.2658005  0.2635007  0.2254150  0.0804976  0.0698908  0.0852065  0.0916672  0.1000695
 4  0.0501259  0.0324587  0.0305319  0.0363328  0.0454782  0.0486751  0.0408211  0.0422271  0.0368459  0.0287151  0.0302585  0.0389207  0.0368830  0.0309807  0.0380302  0.0531425  0.0721569  0.0842568  0.0764177  0.0868566  0.0725682  0.0686146  0.0442863  0.0376778  0.0312657  0.0301039  0.0317964
 1  0.1185326  0.1309629  0.1285925  0.0800469  0.0886206  0.1969529  0.2746417  0.1283193  0.0888115  0.1165060  0.1163069  0.1047754  0.1063866  0.1401921  0.1556832  0.2560204  0.3099308  0.1029929  0.0854419  0.1186441  0.1230437  0.1053269  0.1035753  0.1954721  0.2425906  0.2057375  0.1832046
 2  0.0227503  0.0250517  0.0259682  0.0172669  0.0208708  0.0493448  0.0627278  0.0204903  0.0143834  0.0212164  0.0223514  0.0215659  0.0224961  0.0306783  0.0337994  0.0559201  0.0559392  0.0170208  0.0157570  0.0238533  0.0252962  0.0216523  0.0223776  0.0443966  0.0527876  0.0374206  0.0324708
 3  0.1096772  0.0683431  0.0653534  0.0694986  0.0761368  0.0914522  0.1292466  0.0643609  0.0871644  0.0844784  0.0670008  0.0696059  0.0712856  0.0652061  0.0721818  0.0804729  0.0668267  0.0833191  0.0781160  0.0700914  0.0799098  0.0601085  0.0586247  0.0628472  0.0784904  0.0909149  0.0814338
 4  0.0422451  0.0315079  0.0300747  0.0366769  0.0476360  0.0616771  0.0662245  0.0416471  0.0345074  0.0314008  0.0315330  0.0323160  0.0336006  0.0319650  0.0343838  0.0392953  0.0379706  0.0331673  0.0298312  0.0306994  0.0326679  0.0299658  0.0331742  0.0400317  0.0425784  0.0338927  0.0316771
 1  0.1320631  0.1129398  0.1086182  0.0869989  0.0693697  0.1047231  0.1131494  0.0865933  0.0969879  0.1285841  0.1478733  0.1623250  0.1670863  0.1055469  0.0988519  0.1454169  0.1564156  0.1029123  0.1006823  0.0571278  0.0576220  0.0282657  0.0249583  0.0697031  0.0661643  0.1320182  0.1358758
 2  0.0255619  0.0214588  0.0217316  0.0153593  0.0126385  0.0210422  0.0250457  0.0207051  0.0227633  0.0299909  0.0350128  0.0353845  0.0325703  0.0199303  0.0196018  0.0300081  0.0334885  0.0212774  0.0205332  0.0120862  0.0115686  0.0055653  0.0051779  0.0144369  0.0136819  0.0274237  0.0294828
 3  0.1220465  0.0727585  0.0844744  0.0714123  0.0764645  0.0709633  0.0678226  0.0700762  0.0537281  0.0559033  0.0637007  0.0779361  0.0645050  0.0737776  0.0766039  0.0747589  0.0804124  0.0888032  0.0874510  0.0879495  0.0890996  0.0589108  0.0781147  0.0741726  0.0829794  0.0666100  0.0633226
 4  0.0476083  0.0345596  0.0415879  0.0395222  0.0316988  0.0269934  0.0292627  0.0302687  0.0315239  0.0331587  0.0419349  0.0401347  0.0356412  0.0313141  0.0308278  0.0310278  0.0350871  0.0341695  0.0338490  0.0379220  0.0327152  0.0312113  0.0312371  0.0346559  0.0319336  0.0324561  0.0295957
 1  0.1123856  0.1157457  0.1149727  0.2050189  0.2763368  0.3741605  0.4875377  0.1919559  0.1543581  0.1766302  0.1766514  0.0779712  0.0790981  0.1393042  0.1427134  0.2075038  0.2172849  0.1234426  0.1111407  0.1282892  0.1199572  0.1663526  0.1633229  0.1973250  0.2078812  0.2874220  0.3675847
 2  0.0216566  0.0225475  0.0237028  0.0460538  0.0662580  0.0802692  0.0699295  0.0282706  0.0237551  0.0305116  0.0343384  0.0164450  0.0163964  0.0285066  0.0296832  0.0412232  0.0406954  0.0221668  0.0212675  0.0243982  0.0237443  0.0325312  0.0319474  0.0382823  0.0411687  0.0583639  0.0755100
 3  0.1039106  0.0744327  0.0704880  0.0756124  0.1009651  0.1594985  0.0755306  0.0921157  0.0897483  0.0868947  0.0641393  0.0706301  0.0645216  0.0719627  0.0685860  0.0862919  0.0801555  0.0727576  0.0659785  0.0629371  0.0717424  0.0653729  0.0811805  0.0804944  0.0794695  0.0884876  0.1133950
 4  0.0408804  0.0320924  0.0296891  0.0384104  0.0568321  0.0648805  0.0382208  0.0363652  0.0365631  0.0286432  0.0280406  0.0346842  0.0334073  0.0305616  0.0300008  0.0378557  0.0385690  0.0362073  0.0333734  0.0330201  0.0327893  0.0322210  0.0309399  0.0340096  0.0308945  0.0357401  0.0473887
