FL 2019 2020 2021 2022 2023 2024 2025 2026 2027 2028 2029 2030 2031 2032 2033 2034 2035 2036 2037 2038 2039 2040 2041 2042 2043 2044 2045
 1  0.7288134  0.6828020  0.6482188  0.6327260  0.6427466  0.6858194  0.6828851  0.6755372  0.6696049  0.6679689  0.6734188  0.6744998  0.6772256  0.6679300  0.6586016  0.6634531  0.6647764  0.6338953  0.6168024  0.6524060  0.6850155  0.6893570  0.6913450  0.6954178  0.7071836  0.7000331  0.6839690
 2  0.5725724  0.5236363  0.4935233  0.4730402  0.5241102  0.5738992  0.5755825  0.5478003  0.5041641  0.4760298  0.4846748  0.5265492  0.5465662  0.5358166  0.5212954  0.5417747  0.5566828  0.5268479  0.5183810  0.5718318  0.5993620  0.6004869  0.5888878  0.5839484  0.5848854  0.5761487  0.5444578
 3  0.7521145  0.7089222  0.6721940  0.6528322  0.6562541  0.7045986  0.7047188  0.6945791  0.6860624  0.6828442  0.6875202  0.6906928  0.6960107  0.6871930  0.6756975  0.6798202  0.6851819  0.6563264  0.6339748  0.6676647  0.7071140  0.7122255  0.7128471  0.7134918  0.7266599  0.7203073  0.7026871
 4  0.4566311  0.4168102  0.3845699  0.3590769  0.4752282  0.5195813  0.4814540  0.4129059  0.3650685  0.3604541  0.4075844  0.4626137  0.4668798  0.4307379  0.4283855  0.4811877  0.4900891  0.4329686  0.4490752  0.5253656  0.5394065  0.5224178  0.4892902  0.4965990  0.5079863  0.4775064  0.4251466
 1  0.7290193  0.6837632  0.6491097  0.6325769  0.6230713  0.6253668  0.6546259  0.6623678  0.6680553  0.6824910  0.6846785  0.6838805  0.6922294  0.6948168  0.7015656  0.7032247  0.7064277  0.7198156  0.7095694  0.7025383  0.6785891  0.6506764  0.6425337  0.5942177  0.5693937  0.5926418  0.6337913
 2  0.5731135  0.5245497  0.4934341  0.4729578  0.4574301  0.4815368  0.5284242  0.5439309  0.5509723  0.5603498  0.5576308  0.5494043  0.5485521  0.5489559  0.5529442  0.5533542  0.5740221  0.5933612  0.5903940  0.5672034  0.5232535  0.5067545  0.5163943  0.4879170  0.4838958  0.5390008  0.5657914
 3  0.7523618  0.7097663  0.6729489  0.6525321  0.6402941  0.6397661  0.6706136  0.6814946  0.6857199  0.7006882  0.7038885  0.7013565  0.7095232  0.7118548  0.7181909  0.7207691  0.7222949  0.7395983  0.7306776  0.7208753  0.6958130  0.6675667  0.6606498  0.6153781  0.5851217  0.6058260  0.6549087
 4  0.4573780  0.4167930  0.3831973  0.3615756  0.3551723  0.4212713  0.4702663  0.4619412  0.4680496  0.4820111  0.4623019  0.4529553  0.4535365  0.4536309  0.4632857  0.4524395  0.5008233  0.5248673  0.4908270  0.4408685  0.4116146  0.4318328  0.4486358  0.4070959  0.4295614  0.5019579  0.5127657
 1  0.7283085  0.6840649  0.6418899  0.6200411  0.6319656  0.6378969  0.6290601  0.6285160  0.6451718  0.6411058  0.6393338  0.6422683  0.6618067  0.6676103  0.6629015  0.6756348  0.6701843  0.6746131  0.6717313  0.6727758  0.6683632  0.6612405  0.6536275  0.6595401  0.6838451  0.6914693  0.6854037
 2  0.5726575  0.5248717  0.4874478  0.4778989  0.4955540  0.5003792  0.4927244  0.5155377  0.5425674  0.5384631  0.5274695  0.5321623  0.5602848  0.5662997  0.5639356  0.5641542  0.5609400  0.5612285  0.5615455  0.5590629  0.5459589  0.5271663  0.5238300  0.5662657  0.5952823  0.5989794  0.5791880
 3  0.7516802  0.7099042  0.6659060  0.6393743  0.6492099  0.6556984  0.6455344  0.6442403  0.6640322  0.6614002  0.6586330  0.6590632  0.6793582  0.6890172  0.6825692  0.6948003  0.6895510  0.6936384  0.6912686  0.6922265  0.6879959  0.6793472  0.6700642  0.6760348  0.7052096  0.7146410  0.7068164
 4  0.4573648  0.4163187  0.3796326  0.3936626  0.4197653  0.4082071  0.4081336  0.4601129  0.4785108  0.4579800  0.4360271  0.4620039  0.5026363  0.4916438  0.4816084  0.4844067  0.4813825  0.4846513  0.4829998  0.4766777  0.4490159  0.4240233  0.4525791  0.5162656  0.5365960  0.5188350  0.4663368
 1  0.7292546  0.6838715  0.6541103  0.6413731  0.6357409  0.6380636  0.6460028  0.6608017  0.6787467  0.7007065  0.7030019  0.7005868  0.7084424  0.7074494  0.7074643  0.7084824  0.7089962  0.7121744  0.7025660  0.6980618  0.6973330  0.7041200  0.6904718  0.6778853  0.6713541  0.6693842  0.6715452
 2  0.5718989  0.5240255  0.4980360  0.4810097  0.4704555  0.4712923  0.4886640  0.5177962  0.5598841  0.5877859  0.5898877  0.5799522  0.5707611  0.5596134  0.5431914  0.5338141  0.5387154  0.5462353  0.5493571  0.5495214  0.5667673  0.5802570  0.5668649  0.5363712  0.5077644  0.5070545  0.5212915
 3  0.7524902  0.7101030  0.6779735  0.6611236  0.6526721  0.6540139  0.6610315  0.6765858  0.6948982  0.7199626  0.7240178  0.7190757  0.7263307  0.7252572  0.7235312  0.7240919  0.7243335  0.7286207  0.7198745  0.7153538  0.7146247  0.7238657  0.7111699  0.6963003  0.6876659  0.6851054  0.6884235
 4  0.4556608  0.4177696  0.3865615  0.3680281  0.3712754  0.3782609  0.4105042  0.4463222  0.4975488  0.5209356  0.4973555  0.4771661  0.4739645  0.4484398  0.4257573  0.4210071  0.4449987  0.4553486  0.4531200  0.4589261  0.4944297  0.5050261  0.4634793  0.4092136  0.3955795  0.4243309  0.4446304
 1  0.7307392  0.6865300  0.6531296  0.6383014  0.6421802  0.6616839  0.6640385  0.6716676  0.6587298  0.6542159  0.6249397  0.5506736  0.6094643  0.6820966  0.6828656  0.6890297  0.6819473  0.6788397  0.6828359  0.6993198  0.6905467  0.6857000  0.6808302  0.6760411  0.6610769  0.6392312  0.6721894
 2  0.5709265  0.5237572  0.4950984  0.4804399  0.4979218  0.5264492  0.5404879  0.5460714  0.5423493  0.5420455  0.5109695  0.4443855  0.5490358  0.5960611  0.5987419  0.5848808  0.5531941  0.5221425  0.5453174  0.5826807  0.5818916  0.5611293  0.5319730  0.5130304  0.5000955  0.5378993  0.5850463
 3  0.7534590  0.7122673  0.6768563  0.6579708  0.6582143  0.6785534  0.6818855  0.6898524  0.6772544  0.6736053  0.6469694  0.5686125  0.6173346  0.7047081  0.7062536  0.7096613  0.7010268  0.6958613  0.6971993  0.7196805  0.7127503  0.7046764  0.6979367  0.6929583  0.6777970  0.6551010  0.6919491
 4  0.4540021  0.4161973  0.3846278  0.3747868  0.4264940  0.4561042  0.4620484  0.4613227  0.4662882  0.4709310  0.4134948  0.3715428  0.5147085  0.5428629  0.5143032  0.4797162  0.4359875  0.4023151  0.4869062  0.5243150  0.4866754  0.4388941  0.4207879  0.4089619  0.4156910  0.4921715  0.5303442
 1  0.7296156  0.6865713  0.6465143  0.6248148  0.6200242  0.6192923  0.6181317  0.6330021  0.6711927  0.6846948  0.6815210  0.6816844  0.6931430  0.7066355  0.7082137  0.7053613  0.6955758  0.6889028  0.6955995  0.6988632  0.6998771  0.7096513  0.7095691  0.7002706  0.6883753  0.6914480  0.6999024
 2  0.5721350  0.5249587  0.4894152  0.4715951  0.4728393  0.4768615  0.4852449  0.5358280  0.5819863  0.5907050  0.5748453  0.5454974  0.5317604  0.5423714  0.5572807  0.5612278  0.5448508  0.5257636  0.5373323  0.5547956  0.5740532  0.5962579  0.5992732  0.5838000  0.5560564  0.5620258  0.5740382
 3  0.7525046  0.7120612  0.6703190  0.6446907  0.6372012  0.6363896  0.6344578  0.6472576  0.6904332  0.7071754  0.7028593  0.6996584  0.7083943  0.7223718  0.7254396  0.7236418  0.7137386  0.7053318  0.7114495  0.7169720  0.7179826  0.7289681  0.7316539  0.7210781  0.7059180  0.7087349  0.7193206
 4  0.4555682  0.4155233  0.3810003  0.3729903  0.3902031  0.3931586  0.4103093  0.4898103  0.5270384  0.5141951  0.4631034  0.4128656  0.4289488  0.4607593  0.4746787  0.4642984  0.4268748  0.4154356  0.4581996  0.4770536  0.4988162  0.5283394  0.5197287  0.4704891  0.4529910  0.4915526  0.4953326
 1  0.7282820  0.6798776  0.6334269  0.6084385  0.6210794  0.6297782  0.6390747  0.6521797  0.6663985  0.6744012  0.6761674  0.6848540  0.7022992  0.6973782  0.6918023  0.6910039  0.6869370  0.6780460  0.6864415  0.7150856  0.7078677  0.7046823  0.7062662  0.7064570  0.6997829  0.6945066  0.6912716
 2  0.5697585  0.5218709  0.4851723  0.4706872  0.4811658  0.4802375  0.4720485  0.4740642  0.4897060  0.5037713  0.5194259  0.5676237  0.6000413  0.6009503  0.5853075  0.5636374  0.5391030  0.5202466  0.5746806  0.6098977  0.6123096  0.6000409  0.5857982  0.5694848  0.5420214  0.5186401  0.5015395
 3  0.7517544  0.7066486  0.6583271  0.6284264  0.6385135  0.6469257  0.6545662  0.6667401  0.6812446  0.6902509  0.6924684  0.7005343  0.7237384  0.7206674  0.7132320  0.7095252  0.7042135  0.6956338  0.7004173  0.7375337  0.7315090  0.7254620  0.7255893  0.7250772  0.7169020  0.7104195  0.7065763
 4  0.4555172  0.4185805  0.3815205  0.3834920  0.3964368  0.3777933  0.3596224  0.3746967  0.4017034  0.4132453  0.4333992  0.5127031  0.5411136  0.5215306  0.4799728  0.4488498  0.4364529  0.4195583  0.5217526  0.5528616  0.5291381  0.5016068  0.4878627  0.4600366  0.4198155  0.3946529  0.3821001
 1  0.7315684  0.6873880  0.6606190  0.6503911  0.6502113  0.6572312  0.6708026  0.6935001  0.6881415  0.6848207  0.6839595  0.6813273  0.6702254  0.6570569  0.6577415  0.6529037  0.6793786  0.7152723  0.6969763  0.6842103  0.6658613  0.6368928  0.6059924  0.5658862  0.6109602  0.6311248  0.6665972
 2  0.5697771  0.5223139  0.5001759  0.4837403  0.4665615  0.4581647  0.5027259  0.5573766  0.5771246  0.5787950  0.5744498  0.5570801  0.5240973  0.4971539  0.4962101  0.5124516  0.5922622  0.6184373  0.6049103  0.5757207  0.5385852  0.5060014  0.4725302  0.4862748  0.5436830  0.5691964  0.5941192
 3  0.7537993  0.7128146  0.6839325  0.6700722  0.6670134  0.6718077  0.6836304  0.7104244  0.7081111  0.7055973  0.7048714  0.7006419  0.6881950  0.6738020  0.6737851  0.6696346  0.6928008  0.7397122  0.7218461  0.7043750  0.6842293  0.6568105  0.6240002  0.5790527  0.6278152  0.6493914  0.6873301
 4  0.4515532  0.4146470  0.3893945  0.3631094  0.3397535  0.3426869  0.4468519  0.4996793  0.5059221  0.5035894  0.4838878  0.4490535  0.4083207  0.3932373  0.4102332  0.4420918  0.5424061  0.5598757  0.5097512  0.4605429  0.4479646  0.4115336  0.3848974  0.4486412  0.4978332  0.5188246  0.5391747
 1  0.7286303  0.6826911  0.6371750  0.6094712  0.5956281  0.5994052  0.6230340  0.6421349  0.6853703  0.7011984  0.6988232  0.6943554  0.6909665  0.6918988  0.6908389  0.6842409  0.6838015  0.6846953  0.6946688  0.6824600  0.6820742  0.6887601  0.6845686  0.7025016  0.7273095  0.7146860  0.7027024
 2  0.5686480  0.5225831  0.4854023  0.4589263  0.4511176  0.4795976  0.5182203  0.5578396  0.5948905  0.6059154  0.5939127  0.5685448  0.5372283  0.5191504  0.5084512  0.4953983  0.4942428  0.5291661  0.5635493  0.5667273  0.5700937  0.5756665  0.5674717  0.6056640  0.6242012  0.6192581  0.5907056
 3  0.7517398  0.7088155  0.6615951  0.6300580  0.6127451  0.6143840  0.6398168  0.6584934  0.7048656  0.7232166  0.7203906  0.7135533  0.7077192  0.7077160  0.7067463  0.6997181  0.6987154  0.6994296  0.7133669  0.7028823  0.7004689  0.7086941  0.7049332  0.7177072  0.7516226  0.7391426  0.7235028
 4  0.4547156  0.4168095  0.3803563  0.3550803  0.3697104  0.4251384  0.4594344  0.5037735  0.5344280  0.5309278  0.4954569  0.4453362  0.4160079  0.4123628  0.3945186  0.3761041  0.3873440  0.4673728  0.4985428  0.4806544  0.4929960  0.5000841  0.4716041  0.5434395  0.5640910  0.5296028  0.4604090
 1  0.7290541  0.6814757  0.6398206  0.6224756  0.6413314  0.6429099  0.6453791  0.6541304  0.6710976  0.6770459  0.6836141  0.6828210  0.6761458  0.6767570  0.6962260  0.7013707  0.7053032  0.7022532  0.6911187  0.6832390  0.6790967  0.6789734  0.6662343  0.5905691  0.6066925  0.6579200  0.6360369
 2  0.5720311  0.5230618  0.4886326  0.4907820  0.5134142  0.5093180  0.4861833  0.4768970  0.4975114  0.5252557  0.5550899  0.5623711  0.5506953  0.5589775  0.5856201  0.6003609  0.6007459  0.5894552  0.5578011  0.5180481  0.4912290  0.5023215  0.5320034  0.5157903  0.5594123  0.5807728  0.5557744
 3  0.7524456  0.7078604  0.6642499  0.6413940  0.6592135  0.6618540  0.6619288  0.6684391  0.6858195  0.6931720  0.7012128  0.7026127  0.6957520  0.6931601  0.7155155  0.7224199  0.7267300  0.7231241  0.7101866  0.7001657  0.6942236  0.6937066  0.6844557  0.6106044  0.6197135  0.6820141  0.6615671
 4  0.4569095  0.4176880  0.3834067  0.4163399  0.4403322  0.4041253  0.3527039  0.3765101  0.4195467  0.4548091  0.4847247  0.4806593  0.4489468  0.4877712  0.5245812  0.5283876  0.5193158  0.4885924  0.4343435  0.3817564  0.3729424  0.4279630  0.4694096  0.4643112  0.5184907  0.5278574  0.4711418
 1  0.7304056  0.6863066  0.6541119  0.6394824  0.6402844  0.6507663  0.6604193  0.6752124  0.6731575  0.6693954  0.6790042  0.6850641  0.7054165  0.7015592  0.6916930  0.6901222  0.6865654  0.6829919  0.6882171  0.6822409  0.6831246  0.6839850  0.6852520  0.6847816  0.6762472  0.6699080  0.6677330
 2  0.5719358  0.5241406  0.4955896  0.4786389  0.4779182  0.4894199  0.5142729  0.5370911  0.5320565  0.5186146  0.5258093  0.5647478  0.5943600  0.5977706  0.5820214  0.5684136  0.5528219  0.5409081  0.5438974  0.5386561  0.5302599  0.5253100  0.5343795  0.5434704  0.5398614  0.5299066  0.5393760
 3  0.7532408  0.7120878  0.6778160  0.6592007  0.6569476  0.6665411  0.6756647  0.6923392  0.6918045  0.6857152  0.6951228  0.7012221  0.7257771  0.7236748  0.7119899  0.7095188  0.7055286  0.6999439  0.7055815  0.7004626  0.7001148  0.7002603  0.7013488  0.7028643  0.6950441  0.6873114  0.6847733
 4  0.4545313  0.4161992  0.3842105  0.3683140  0.3844769  0.4022964  0.4423817  0.4595157  0.4232456  0.4146189  0.4433817  0.5058752  0.5319884  0.5133254  0.4882822  0.4758019  0.4476747  0.4469245  0.4577274  0.4406893  0.4222582  0.4245495  0.4548656  0.4633056  0.4411303  0.4358576  0.4690244
 1  0.7281665  0.6808234  0.6444199  0.6281050  0.6304377  0.6331913  0.6349525  0.6353531  0.6409816  0.6550129  0.6599108  0.6920125  0.6994538  0.7057893  0.6948578  0.6907788  0.6846361  0.6803402  0.6865516  0.6787086  0.6904661  0.6906890  0.6877100  0.6967185  0.7068517  0.6942487  0.6871621
 2  0.5709774  0.5221279  0.4921847  0.4810352  0.4845372  0.4849264  0.4791413  0.4768449  0.5081969  0.5445712  0.5794977  0.6021777  0.6119964  0.6067534  0.5831316  0.5529118  0.5178813  0.5131114  0.5352693  0.5575272  0.5753725  0.5762185  0.5656538  0.5800708  0.5921169  0.5846255  0.5669898
 3  0.7515019  0.7071882  0.6686916  0.6479028  0.6478146  0.6503434  0.6511520  0.6513039  0.6558874  0.6735887  0.6775291  0.7139005  0.7221025  0.7282497  0.7158553  0.7088681  0.7013073  0.6954496  0.7031954  0.6970713  0.7097903  0.7110528  0.7065995  0.7136901  0.7279965  0.7155466  0.7066645
 4  0.4557197  0.4170906  0.3856181  0.3859941  0.3987286  0.3907519  0.3799093  0.3854367  0.4499834  0.4869184  0.5215718  0.5432354  0.5390644  0.5207523  0.4724865  0.4289970  0.3948688  0.4272163  0.4652300  0.4877820  0.5026188  0.4870735  0.4686977  0.5106846  0.5223065  0.4929513  0.4703899
 1  0.7281973  0.6810513  0.6394898  0.6148729  0.6173894  0.6523987  0.6664772  0.6732297  0.6803878  0.6891283  0.6980129  0.7066642  0.6984425  0.6840537  0.6634997  0.6533420  0.6580541  0.6647387  0.6991912  0.6944970  0.6898505  0.6957939  0.7016166  0.7067392  0.7033017  0.7027922  0.7089328
 2  0.5743464  0.5232414  0.4878817  0.4615160  0.4824253  0.5277914  0.5461323  0.5393117  0.5185759  0.4930659  0.4898168  0.5298092  0.5564695  0.5587080  0.5466985  0.5436269  0.5468936  0.5808364  0.6054729  0.6026761  0.5812476  0.5570163  0.5409919  0.5406427  0.5625228  0.5985857  0.6079498
 3  0.7516029  0.7069893  0.6635539  0.6355429  0.6329744  0.6682788  0.6851468  0.6911773  0.6967297  0.7037413  0.7110633  0.7218382  0.7167755  0.7042721  0.6837612  0.6719595  0.6782657  0.6802974  0.7219609  0.7187162  0.7103374  0.7131142  0.7179285  0.7225145  0.7204586  0.7217976  0.7330722
 4  0.4584144  0.4155433  0.3840081  0.3535751  0.4170788  0.4699777  0.4630582  0.4246219  0.3833626  0.3466911  0.3946456  0.4595135  0.4835586  0.4778745  0.4607295  0.4735401  0.4690674  0.5239130  0.5484634  0.5147408  0.4613279  0.4379682  0.4340658  0.4511265  0.4930128  0.5397457  0.5405851
 1  0.7281184  0.6803456  0.6418532  0.6218289  0.5996857  0.5902290  0.6354202  0.6421313  0.6366295  0.6273045  0.6555393  0.6821206  0.6835982  0.6764245  0.6660276  0.6593604  0.6770405  0.6909399  0.6912248  0.7074057  0.7021704  0.6941117  0.6825436  0.6713693  0.6740294  0.6653455  0.6452550
 2  0.5729084  0.5231594  0.4908118  0.4695831  0.4522445  0.4933299  0.5557683  0.5605077  0.5437366  0.5292308  0.5584145  0.5831806  0.5824811  0.5642129  0.5338357  0.5211902  0.5580376  0.5782936  0.5900466  0.5976906  0.5881727  0.5596950  0.5115366  0.4798414  0.5008518  0.5391549  0.5382330
 3  0.7517145  0.7068348  0.6662387  0.6422187  0.6171213  0.6032304  0.6530035  0.6645718  0.6584834  0.6462893  0.6720448  0.7020337  0.7052385  0.6969940  0.6848757  0.6759133  0.6932224  0.7116218  0.7105386  0.7277146  0.7235398  0.7129975  0.6990048  0.6863889  0.6886358  0.6838873  0.6666698
 4  0.4576816  0.4178749  0.3848455  0.3636050  0.3666339  0.4542679  0.5089975  0.4925418  0.4574666  0.4500569  0.4993923  0.5195165  0.5005392  0.4620729  0.4216294  0.4385333  0.5014826  0.5075483  0.5121019  0.5225335  0.4904441  0.4265676  0.3669945  0.3674643  0.4357926  0.4793620  0.4621548
 1  0.7289669  0.6798174  0.6420978  0.6234072  0.6338857  0.6513396  0.6550315  0.6573065  0.6636575  0.6738874  0.6925199  0.7093453  0.7193067  0.7067912  0.6938688  0.6924721  0.6954850  0.7017793  0.6979112  0.6890058  0.6805335  0.6659956  0.6583613  0.6591974  0.6718628  0.6837307  0.6921318
 2  0.5742236  0.5219689  0.4908068  0.4826547  0.5090621  0.5300023  0.5256145  0.5017710  0.4736235  0.4672686  0.5389822  0.6093790  0.6229882  0.6115105  0.5711824  0.5255483  0.4967750  0.5034528  0.5394882  0.5673638  0.5749550  0.5618234  0.5447418  0.5392530  0.5550980  0.5777298  0.5892764
 3  0.7523603  0.7060461  0.6662829  0.6431385  0.6504941  0.6695041  0.6737519  0.6742327  0.6789262  0.6874992  0.7061196  0.7289527  0.7445716  0.7303869  0.7132230  0.7087155  0.7098217  0.7158001  0.7141615  0.7078753  0.7018274  0.6876561  0.6782029  0.6769301  0.6894485  0.7023633  0.7128558
 4  0.4578898  0.4160871  0.3870752  0.3959657  0.4445810  0.4555819  0.4197041  0.3698897  0.3341447  0.3639340  0.4921723  0.5555660  0.5562664  0.5051997  0.4289648  0.3783255  0.3755368  0.4169921  0.4699890  0.5035065  0.5038304  0.4755545  0.4491117  0.4576230  0.4866308  0.5124727  0.5183493
 1  0.7287269  0.6810465  0.6436291  0.6255357  0.6230344  0.6400093  0.6550582  0.6623558  0.6665279  0.6619061  0.6752849  0.6809357  0.6740213  0.6721413  0.6764370  0.6790784  0.6977370  0.7152757  0.7031126  0.6941703  0.6886167  0.6874835  0.6902487  0.6912450  0.6889369  0.6868133  0.6828715
 2  0.5719461  0.5224118  0.4916420  0.4698028  0.4648249  0.4908868  0.5228318  0.5449228  0.5520331  0.5551130  0.5707799  0.5735350  0.5572967  0.5387310  0.5345753  0.5445685  0.5920356  0.6120740  0.6030327  0.5726816  0.5243745  0.4783728  0.4796165  0.5348870  0.5715644  0.5799321  0.5838114
 3  0.7520538  0.7073838  0.6679057  0.6460130  0.6398747  0.6548463  0.6714531  0.6801744  0.6858228  0.6807692  0.6940775  0.7020038  0.6942664  0.6897170  0.6935160  0.6962052  0.7141926  0.7383562  0.7264717  0.7139928  0.7053349  0.7017095  0.7030176  0.7072506  0.7078531  0.7081287  0.7032454
 4  0.4562514  0.4171398  0.3859405  0.3576570  0.3714289  0.4222833  0.4566214  0.4742298  0.4742624  0.4808126  0.5041481  0.4931455  0.4515117  0.4367431  0.4469742  0.4692399  0.5346598  0.5483013  0.5061520  0.4364041  0.3650994  0.3293669  0.4015077  0.4772054  0.5073890  0.5072822  0.5066225
 1  0.7276935  0.6808899  0.6357107  0.6108753  0.6197591  0.6403279  0.6515263  0.6538301  0.6641674  0.6785355  0.6886777  0.6904450  0.6932739  0.7067523  0.7191342  0.7070338  0.6904147  0.6852183  0.6949244  0.6943576  0.6782006  0.6595092  0.6463472  0.6208922  0.6260181  0.6703303  0.6710233
 2  0.5721492  0.5231672  0.4851831  0.4678639  0.4860528  0.5127959  0.5220977  0.5153113  0.5191737  0.5398593  0.5568121  0.5601378  0.5616277  0.5913852  0.6063954  0.5960965  0.5516122  0.5180510  0.5420292  0.5617902  0.5519800  0.5205128  0.4979440  0.4830010  0.5322184  0.5820360  0.5820762
 3  0.7511928  0.7071239  0.6601317  0.6309291  0.6363830  0.6568519  0.6692235  0.6712926  0.6801183  0.6948131  0.7067310  0.7089018  0.7108509  0.7236734  0.7411874  0.7290732  0.7089718  0.7001643  0.7103438  0.7137453  0.6987474  0.6780115  0.6631331  0.6389743  0.6397861  0.6902345  0.6947391
 4  0.4573467  0.4167572  0.3807401  0.3765348  0.4143016  0.4423647  0.4346552  0.4133362  0.4311065  0.4680913  0.4780389  0.4671342  0.4722930  0.5274247  0.5381015  0.4867631  0.3972304  0.4090375  0.4801145  0.4904448  0.4476086  0.4053893  0.4066351  0.4042554  0.4861433  0.5309893  0.5016411
 1  0.7285885  0.6862186  0.6540546  0.6405328  0.6469967  0.6506734  0.6656508  0.6720140  0.6645843  0.6570138  0.6652640  0.6843515  0.6714643  0.6666227  0.6789367  0.6807122  0.6899928  0.6934709  0.6915171  0.7020404  0.7135390  0.7048697  0.6990521  0.6967875  0.6951782  0.6998088  0.7139422
 2  0.5713707  0.5254495  0.4951808  0.4871199  0.4963303  0.5104828  0.5301621  0.5338385  0.5106172  0.4815811  0.5257197  0.5712409  0.5687107  0.5643892  0.5713462  0.5761141  0.5779212  0.5723385  0.5576332  0.5732234  0.5924349  0.5894128  0.5701767  0.5417522  0.5048946  0.5224674  0.5696690
 3  0.7516385  0.7118235  0.6775607  0.6595769  0.6641536  0.6673419  0.6820753  0.6901587  0.6822880  0.6727703  0.6788924  0.7042949  0.6939830  0.6850729  0.6987199  0.7009300  0.7093633  0.7132039  0.7094998  0.7179852  0.7338317  0.7260273  0.7181628  0.7140247  0.7104111  0.7126635  0.7316571
 4  0.4556943  0.4160292  0.3820293  0.3929835  0.4117314  0.4313716  0.4532003  0.4373190  0.3855552  0.3662091  0.4744287  0.5159927  0.4802317  0.4853709  0.5018612  0.4968605  0.4956397  0.4744467  0.4508844  0.5035178  0.5244396  0.4956478  0.4525931  0.4057437  0.3563448  0.4570650  0.5102443
 1  0.7287496  0.6818591  0.6455594  0.6279464  0.5929117  0.5224242  0.6173870  0.5912920  0.5881749  0.5972714  0.6252675  0.6722854  0.6595409  0.6518277  0.6680834  0.6794505  0.6835274  0.6797097  0.6795327  0.6856507  0.6916627  0.6861323  0.6817684  0.6906081  0.7006333  0.6958506  0.6980125
 2  0.5722266  0.5235127  0.4925950  0.4679263  0.4203023  0.4234269  0.5503447  0.5265034  0.5265609  0.5313704  0.5693786  0.5893871  0.5717514  0.5495822  0.5589433  0.5765667  0.5786064  0.5690766  0.5575839  0.5608915  0.5636984  0.5475497  0.5252777  0.5464394  0.5768404  0.5899275  0.5937898
 3  0.7522206  0.7083418  0.6698450  0.6483384  0.6111137  0.5328734  0.6324248  0.6156545  0.6077782  0.6174643  0.6404341  0.6954622  0.6839823  0.6707998  0.6854125  0.6992725  0.7046147  0.7001302  0.6980338  0.7035201  0.7109082  0.7051508  0.6981841  0.7058573  0.7199185  0.7163726  0.7191513
 4  0.4567510  0.4181136  0.3838558  0.3497994  0.3038370  0.4010380  0.5138487  0.4740092  0.4771492  0.4766813  0.5206674  0.5313534  0.4755914  0.4540193  0.4936487  0.5110521  0.4996769  0.4733376  0.4650761  0.4833149  0.4774871  0.4292136  0.4091449  0.4812298  0.5137529  0.5176597  0.5180190
 1  0.7314508  0.6878004  0.6512346  0.6361892  0.6455887  0.6576079  0.6562480  0.6527942  0.6560945  0.6796051  0.7083331  0.7019518  0.6937424  0.6952928  0.7042740  0.7076886  0.6877011  0.6712517  0.6493468  0.6171131  0.6536992  0.6369573  0.6188012  0.5923937  0.6062988  0.6353074  0.6486667
 2  0.5718119  0.5234790  0.4923330  0.4898858  0.5176691  0.5353036  0.5242026  0.4920702  0.4818347  0.5624877  0.6014923  0.6012109  0.5734691  0.5504872  0.5589556  0.5697904  0.5561924  0.5348619  0.5150655  0.5288982  0.5657154  0.5517671  0.5217146  0.4939070  0.5179635  0.5454564  0.5731506
 3  0.7538355  0.7130726  0.6748488  0.6553582  0.6623577  0.6762894  0.6752488  0.6697349  0.6704537  0.6930705  0.7299960  0.7246339  0.7133293  0.7116628  0.7205888  0.7265690  0.7074119  0.6895933  0.6678126  0.6323874  0.6742044  0.6601689  0.6390914  0.6117653  0.6217027  0.6542963  0.6665483
 4  0.4534029  0.4143047  0.3845711  0.4040408  0.4534977  0.4580714  0.4113957  0.3538849  0.3909775  0.5198249  0.5426241  0.5055650  0.4441487  0.4426691  0.4860405  0.4901361  0.4553734  0.4365106  0.4295742  0.4823079  0.5113586  0.4719201  0.4375204  0.4180220  0.4643448  0.4877990  0.5137322
 1  0.7320621  0.6914412  0.6596149  0.6433783  0.6400048  0.6467920  0.6566969  0.6751086  0.6882354  0.7019973  0.7036927  0.7028379  0.7043660  0.7029926  0.6988843  0.6949265  0.6855484  0.6679536  0.6547202  0.6562764  0.6455483  0.6665892  0.6604280  0.6627492  0.6675792  0.6812097  0.6983545
 2  0.5746545  0.5263231  0.4958614  0.4760807  0.4698957  0.4747110  0.4959401  0.5281477  0.5627920  0.5842980  0.5864074  0.5778290  0.5647852  0.5535518  0.5371797  0.5251807  0.5073827  0.4830585  0.5156018  0.5688677  0.5784949  0.5824840  0.5734741  0.5557950  0.5487968  0.5706510  0.5925843
 3  0.7544364  0.7162697  0.6826545  0.6629989  0.6566769  0.6623841  0.6714917  0.6905701  0.7050176  0.7211808  0.7240060  0.7214734  0.7222034  0.7204974  0.7155725  0.7112028  0.7018273  0.6841433  0.6689580  0.6768067  0.6661189  0.6898717  0.6838519  0.6821453  0.6851128  0.6986694  0.7183312
 4  0.4545522  0.4138657  0.3833246  0.3616752  0.3700911  0.3801607  0.4173581  0.4561914  0.4957741  0.5124646  0.4950347  0.4749372  0.4641328  0.4467922  0.4265486  0.4131847  0.3906702  0.3712390  0.4642041  0.5205678  0.5210259  0.5214653  0.4824285  0.4546476  0.4683932  0.5073847  0.5267893
 1  0.7287904  0.6835164  0.6499205  0.6340039  0.6352603  0.6500288  0.6610971  0.6654298  0.6646637  0.6706708  0.6797080  0.6992032  0.6969637  0.6972354  0.6914385  0.6898148  0.6886823  0.6821493  0.6847275  0.6803545  0.6791892  0.6880555  0.6954554  0.6920652  0.6916386  0.6944611  0.7039865
 2  0.5701777  0.5238196  0.4948451  0.4751081  0.4767263  0.4979771  0.5109232  0.5070022  0.5071943  0.5307823  0.5648188  0.5853544  0.5830531  0.5660943  0.5367425  0.5199216  0.5183888  0.5365371  0.5587761  0.5667081  0.5731020  0.5859310  0.5904971  0.5784834  0.5548775  0.5323345  0.5292451
 3  0.7520664  0.7098105  0.6739793  0.6539585  0.6517230  0.6656492  0.6777388  0.6819618  0.6797777  0.6875231  0.6971796  0.7188792  0.7173724  0.7159123  0.7085367  0.7056178  0.7047409  0.6989816  0.7032019  0.7003660  0.6984286  0.7078687  0.7168176  0.7126052  0.7100068  0.7103914  0.7190744
 4  0.4552733  0.4179815  0.3840679  0.3631453  0.3885869  0.4222994  0.4199228  0.3928872  0.4221000  0.4639357  0.4999199  0.5120545  0.4885321  0.4498164  0.4146866  0.4129735  0.4287761  0.4636030  0.4893721  0.4897754  0.5000549  0.5180293  0.5111524  0.4760106  0.4283890  0.4123829  0.4330344
 1  0.7295185  0.6835518  0.6493478  0.6364313  0.6401191  0.6350197  0.5938797  0.6493885  0.6330928  0.6098315  0.6345901  0.6493645  0.6265197  0.6022760  0.6484720  0.6851433  0.6678960  0.6504981  0.6574745  0.6680188  0.6760974  0.6824952  0.6910155  0.6986313  0.6938824  0.6862190  0.6815901
 2  0.5718653  0.5230020  0.4938884  0.4932103  0.5111473  0.5123315  0.5151452  0.5758242  0.5550445  0.5310121  0.5477222  0.5587720  0.5389356  0.5319056  0.5821830  0.5984760  0.5769474  0.5380464  0.5200523  0.5158054  0.5188617  0.5316893  0.5485282  0.5604223  0.5557051  0.5384973  0.5333610
 3  0.7524887  0.7094268  0.6731756  0.6554697  0.6576299  0.6543290  0.6079016  0.6723296  0.6595915  0.6298222  0.6523504  0.6697822  0.6469624  0.6205180  0.6649406  0.7088038  0.6920860  0.6707240  0.6746547  0.6844527  0.6921377  0.6987535  0.7076525  0.7162542  0.7123439  0.7041556  0.6977681
 4  0.4555759  0.4158283  0.3857005  0.4089756  0.4426663  0.4277842  0.4704041  0.5300725  0.4754815  0.4558389  0.4889850  0.4905339  0.4714790  0.4800987  0.5311073  0.5361335  0.4805675  0.4233875  0.4184877  0.4224150  0.4284453  0.4445266  0.4674388  0.4757838  0.4581266  0.4255679  0.4463428
 1  0.7274045  0.6818744  0.6467353  0.6285595  0.6236008  0.6259614  0.6505577  0.6619545  0.6656210  0.6658272  0.6665032  0.6612895  0.6587922  0.6694782  0.6647787  0.6951494  0.6979950  0.7131044  0.7198141  0.7104681  0.6907493  0.6775229  0.6712302  0.6700730  0.6749986  0.6855147  0.6880834
 2  0.5715916  0.5239169  0.4928612  0.4693370  0.4474214  0.4530557  0.5029670  0.5372179  0.5459314  0.5435910  0.5362975  0.5222421  0.5401794  0.5647679  0.5886140  0.6046020  0.6120375  0.6204686  0.6211409  0.6094236  0.5663569  0.5061399  0.4489587  0.4312300  0.4799007  0.5380858  0.5665156
 3  0.7509238  0.7080620  0.6707403  0.6487386  0.6410766  0.6402825  0.6647198  0.6798866  0.6843776  0.6843747  0.6849979  0.6793106  0.6745498  0.6899430  0.6829388  0.7181733  0.7206750  0.7339355  0.7436429  0.7337168  0.7110938  0.6943400  0.6851942  0.6830186  0.6882083  0.7017737  0.7067837
 4  0.4571408  0.4171220  0.3833950  0.3556210  0.3255907  0.3740851  0.4481567  0.4684763  0.4617840  0.4558546  0.4429899  0.4253134  0.4797532  0.5050768  0.5289566  0.5451036  0.5360181  0.5499551  0.5504472  0.5118390  0.4250825  0.3332233  0.2971913  0.3251898  0.4180765  0.4772246  0.4932300
 1  0.7295224  0.6865967  0.6537961  0.6403217  0.6430607  0.6477974  0.6551803  0.6556667  0.6460185  0.6282427  0.6549730  0.6766856  0.6907429  0.6935393  0.6935928  0.6950505  0.7075077  0.7046081  0.6935563  0.6877442  0.6859819  0.6914315  0.7145415  0.6969308  0.6796762  0.6748054  0.6813673
 2  0.5724896  0.5259165  0.4954610  0.4845492  0.4900713  0.5008988  0.5086639  0.5048670  0.4893167  0.4974729  0.5517212  0.5864281  0.5968519  0.5924175  0.5703103  0.5583855  0.5737935  0.5791988  0.5650056  0.5459032  0.5309451  0.5729739  0.6037936  0.5940329  0.5511331  0.5022562  0.4852253
 3  0.7526309  0.7122956  0.6773616  0.6595952  0.6600652  0.6644361  0.6717227  0.6728397  0.6628409  0.6440037  0.6715655  0.6962306  0.7129972  0.7150986  0.7129465  0.7112709  0.7251540  0.7249029  0.7130626  0.7053038  0.7031927  0.7057646  0.7368070  0.7206679  0.6992797  0.6904891  0.6956751
 4  0.4564538  0.4168345  0.3829767  0.3852674  0.4041868  0.4173392  0.4195978  0.4037694  0.3895488  0.4384875  0.4996399  0.5276479  0.5250061  0.4970306  0.4496744  0.4666290  0.5056002  0.4954083  0.4559764  0.4384527  0.4258587  0.5174803  0.5452495  0.4918773  0.3970309  0.3605808  0.3796304
 1  0.7309671  0.6881320  0.6560695  0.6427591  0.6414282  0.6422665  0.6405168  0.6484467  0.6712592  0.6681105  0.6788231  0.6876723  0.7062730  0.7044149  0.6993756  0.6994378  0.7029988  0.7044362  0.7066301  0.7069083  0.7066380  0.7047931  0.7059165  0.6974899  0.6919611  0.6985499  0.6977589
 2  0.5684563  0.5234431  0.4960323  0.4805527  0.4688045  0.4538986  0.4480524  0.5076043  0.5575277  0.5727042  0.5778765  0.5914450  0.5994236  0.5933418  0.5722751  0.5508584  0.5377701  0.5261462  0.5266205  0.5299631  0.5344424  0.5473178  0.5596385  0.5505259  0.5418456  0.5493939  0.5536640
 3  0.7533426  0.7135582  0.6795539  0.6623662  0.6585327  0.6580536  0.6546973  0.6619326  0.6899476  0.6880801  0.6995842  0.7069590  0.7270209  0.7254858  0.7182998  0.7165327  0.7193164  0.7198178  0.7218059  0.7223514  0.7224637  0.7208290  0.7236972  0.7160863  0.7081493  0.7154172  0.7159038
 4  0.4519946  0.4152868  0.3844962  0.3696673  0.3569893  0.3325481  0.3516658  0.4622415  0.4996347  0.5035360  0.5035523  0.5177849  0.5251267  0.4976014  0.4574147  0.4385454  0.4235045  0.4145749  0.4190657  0.4284711  0.4344873  0.4636251  0.4751320  0.4381284  0.4416864  0.4688872  0.4584940
 1  0.7317671  0.6900678  0.6590327  0.6446878  0.6434699  0.6496482  0.6569987  0.6608749  0.6706591  0.6789720  0.6856889  0.7056497  0.7046973  0.7002525  0.7003923  0.7076529  0.7190028  0.7167769  0.7097648  0.7055837  0.7044776  0.7012534  0.7045009  0.7047774  0.7113739  0.7157707  0.7130092
 2  0.5734793  0.5252307  0.4965670  0.4818182  0.4816133  0.4932524  0.5055516  0.5130465  0.5241993  0.5301373  0.5578178  0.5882330  0.5927801  0.5750659  0.5398414  0.5179961  0.5312054  0.5522472  0.5588762  0.5609647  0.5631569  0.5638671  0.5642142  0.5628842  0.5726957  0.5891581  0.5913628
 3  0.7541083  0.7150693  0.6821871  0.6641487  0.6602847  0.6656544  0.6732246  0.6775015  0.6870831  0.6958882  0.7013688  0.7248788  0.7262032  0.7198142  0.7169803  0.7215004  0.7334741  0.7338767  0.7274559  0.7231368  0.7226701  0.7194774  0.7228562  0.7221769  0.7284753  0.7345976  0.7335873
 4  0.4539986  0.4140657  0.3846756  0.3743893  0.3890412  0.4094822  0.4194012  0.4236336  0.4365042  0.4372300  0.4914719  0.5250786  0.5053522  0.4488321  0.3829390  0.3986135  0.4524567  0.4669585  0.4611753  0.4693497  0.4743195  0.4760345  0.4667133  0.4650005  0.4933562  0.5161003  0.5054155
 1  0.7288535  0.6820883  0.6465401  0.6318237  0.6452098  0.6653071  0.6773334  0.6737975  0.6709160  0.6740809  0.6864653  0.6864157  0.6807050  0.6768531  0.6673452  0.6528792  0.6450914  0.6502140  0.6727915  0.6803582  0.7001928  0.6975482  0.6985998  0.7058863  0.7008984  0.6963614  0.6898997
 2  0.5713388  0.5228276  0.4929000  0.4871898  0.5138530  0.5469649  0.5584320  0.5429586  0.5097088  0.4926133  0.5149215  0.5370089  0.5548669  0.5623049  0.5501491  0.5196548  0.5088510  0.5573267  0.5931939  0.6041432  0.6124089  0.6032926  0.5853427  0.5696932  0.5453289  0.5160194  0.4956099
 3  0.7520863  0.7082459  0.6705945  0.6512080  0.6617641  0.6824749  0.6964196  0.6929856  0.6877689  0.6884954  0.7015037  0.7037100  0.6986587  0.6968465  0.6883078  0.6717582  0.6613611  0.6657598  0.6940153  0.7027954  0.7244877  0.7202031  0.7178159  0.7239610  0.7183977  0.7120828  0.7048725
 4  0.4561338  0.4167630  0.3854409  0.3982642  0.4467774  0.4817947  0.4754599  0.4257947  0.3678345  0.3908937  0.4412687  0.4600702  0.4824127  0.4891723  0.4522899  0.4065749  0.4310695  0.5110969  0.5403893  0.5445439  0.5411877  0.5059005  0.4802119  0.4645976  0.4232360  0.3827792  0.3752024
 1  0.7275399  0.6835103  0.6515962  0.6368214  0.6240515  0.6241617  0.6307020  0.6380128  0.6680822  0.6815967  0.6909888  0.6953467  0.6926722  0.6920637  0.6980559  0.7001169  0.6951880  0.6950577  0.7019710  0.7070530  0.6983667  0.6927601  0.6929576  0.6871653  0.6864200  0.6963985  0.7022626
 2  0.5739787  0.5258796  0.4951686  0.4741874  0.4600617  0.4706450  0.4909425  0.5287608  0.5683285  0.5836043  0.5838424  0.5722642  0.5449724  0.5228038  0.5378855  0.5591525  0.5655012  0.5703151  0.5871560  0.5955672  0.5851891  0.5684887  0.5536480  0.5344660  0.5293074  0.5533810  0.5720519
 3  0.7511398  0.7093131  0.6751007  0.6565920  0.6409673  0.6398066  0.6469703  0.6533357  0.6864882  0.7022833  0.7112005  0.7144848  0.7103272  0.7076760  0.7133347  0.7183447  0.7143313  0.7130778  0.7205546  0.7282644  0.7195563  0.7114700  0.7110188  0.7050557  0.7020326  0.7128627  0.7209910
 4  0.4592037  0.4164436  0.3833207  0.3600175  0.3654561  0.3952831  0.4171403  0.4739567  0.5103056  0.5091312  0.4937535  0.4646332  0.4187053  0.4106072  0.4636342  0.4859509  0.4758239  0.4870314  0.5188162  0.5211644  0.4872201  0.4650479  0.4548528  0.4202952  0.4364698  0.4839453  0.4939462
 1  0.7283414  0.6853327  0.6503429  0.6314450  0.6255111  0.6280648  0.6283483  0.6250704  0.6541861  0.6589342  0.6829424  0.6838572  0.6817141  0.6892821  0.6929109  0.6929898  0.6957548  0.6993273  0.7014818  0.7000271  0.6947114  0.6944071  0.6838642  0.6629323  0.6671765  0.6938819  0.6965260
 2  0.5707404  0.5255412  0.4934549  0.4666461  0.4453165  0.4343427  0.4370935  0.4943164  0.5652267  0.5901876  0.5991510  0.5952673  0.5690330  0.5405452  0.5224890  0.5277807  0.5660109  0.5899785  0.5962202  0.5846118  0.5592135  0.5436647  0.5417406  0.5448049  0.5732468  0.5997666  0.6028475
 3  0.7516474  0.7112628  0.6741464  0.6515264  0.6425690  0.6431137  0.6429395  0.6386947  0.6722577  0.6787060  0.7073705  0.7077210  0.7016113  0.7057809  0.7086292  0.7089512  0.7127488  0.7201395  0.7231769  0.7201347  0.7129399  0.7110258  0.7012057  0.6826188  0.6851226  0.7146296  0.7194296
 4  0.4561331  0.4174347  0.3810263  0.3465095  0.3270921  0.3254403  0.3462818  0.4521862  0.5180070  0.5367526  0.5375465  0.5000961  0.4405544  0.4159742  0.4196042  0.4475753  0.5043556  0.5253542  0.5120615  0.4783510  0.4438883  0.4439162  0.4672506  0.4755309  0.5127559  0.5383494  0.5293934
 1  0.7279220  0.6800036  0.6427984  0.6236003  0.6151360  0.6237234  0.6568534  0.6807613  0.6757330  0.6662876  0.6605216  0.6653920  0.6718575  0.6782872  0.6870712  0.6996768  0.7032496  0.7092083  0.6963334  0.6887483  0.6875589  0.6902528  0.6891464  0.6809124  0.6785897  0.6829503  0.6909868
 2  0.5722626  0.5225433  0.4912357  0.4679982  0.4534916  0.4798537  0.5406389  0.5713443  0.5625442  0.5304091  0.5028480  0.5096832  0.5304198  0.5517051  0.5803401  0.5973640  0.6066962  0.6045751  0.5811586  0.5453552  0.5224739  0.5344700  0.5471362  0.5457432  0.5383219  0.5376034  0.5469165
 3  0.7514597  0.7064343  0.6670669  0.6440310  0.6323840  0.6380365  0.6717580  0.7001918  0.6965308  0.6851584  0.6765732  0.6813186  0.6890260  0.6958291  0.7051453  0.7208835  0.7244248  0.7312821  0.7176604  0.7064615  0.7029872  0.7065689  0.7070771  0.6998079  0.6963998  0.6995395  0.7080527
 4  0.4572140  0.4171446  0.3846242  0.3564024  0.3536463  0.4190262  0.4904895  0.5029640  0.4626026  0.4012261  0.3976403  0.4345569  0.4550308  0.4784663  0.5170662  0.5307997  0.5328881  0.5221982  0.4655500  0.4089586  0.4228300  0.4589739  0.4676800  0.4500893  0.4352104  0.4482703  0.4631897
 1  0.7299583  0.6872195  0.6498328  0.6291237  0.6316712  0.6408555  0.6508662  0.6625936  0.6739610  0.6970231  0.6976026  0.6964865  0.7040654  0.7021650  0.7031691  0.7061280  0.7060160  0.7005859  0.6974047  0.7008377  0.7046995  0.7041949  0.7104665  0.6996331  0.6885536  0.6856307  0.7002636
 2  0.5711477  0.5252501  0.4920234  0.4702261  0.4687150  0.4753776  0.4897622  0.5052203  0.5428412  0.5770141  0.5821927  0.5748490  0.5682720  0.5591324  0.5485898  0.5518681  0.5533332  0.5385157  0.5184837  0.5074357  0.5086951  0.5374333  0.5701633  0.5737982  0.5551545  0.5643947  0.5859558
 3  0.7529014  0.7130312  0.6737614  0.6490466  0.6485098  0.6565242  0.6659391  0.6784296  0.6889642  0.7156172  0.7184420  0.7147462  0.7219984  0.7203265  0.7196760  0.7225063  0.7234751  0.7179227  0.7130404  0.7152105  0.7196746  0.7190258  0.7287919  0.7199164  0.7075445  0.7020890  0.7204765
 4  0.4546550  0.4171442  0.3805864  0.3623663  0.3723270  0.3833278  0.4054272  0.4167179  0.4797637  0.5139951  0.4905109  0.4739239  0.4753753  0.4541324  0.4432882  0.4605146  0.4574676  0.4164684  0.3815939  0.3938988  0.4021424  0.4659675  0.5016096  0.4821204  0.4474067  0.4947542  0.5226643
 1  0.7300844  0.6846392  0.6145874  0.5517007  0.5315836  0.5222026  0.5764359  0.5898798  0.6733429  0.6653698  0.6632256  0.6751737  0.6873990  0.6938932  0.6911956  0.6871088  0.6882806  0.7029449  0.7039814  0.6956248  0.6796819  0.6762399  0.7083676  0.6950707  0.6807080  0.6769354  0.6856034
 2  0.5711411  0.5235489  0.4685824  0.4253613  0.4223928  0.4610649  0.5160998  0.5584127  0.5944690  0.5863413  0.5713908  0.5721577  0.5801008  0.5834750  0.5732898  0.5496870  0.5397403  0.5617150  0.5743780  0.5661722  0.5380458  0.5717998  0.6029123  0.5956131  0.5564725  0.5050433  0.4852256
 3  0.7530262  0.7106776  0.6398347  0.5726525  0.5486382  0.5334768  0.5933933  0.5988125  0.6979549  0.6905196  0.6842559  0.6938113  0.7068893  0.7141846  0.7112019  0.7058845  0.7040423  0.7194503  0.7236526  0.7149002  0.6979772  0.6905351  0.7306580  0.7187723  0.7006456  0.6930338  0.6993777
 4  0.4548105  0.4170595  0.3721357  0.3437391  0.3579420  0.4297961  0.4717846  0.5215706  0.5421262  0.5061865  0.4810867  0.4953185  0.5087989  0.5021006  0.4753698  0.4271946  0.4447377  0.4948754  0.4938756  0.4615547  0.4288116  0.5180173  0.5455219  0.4975923  0.4066803  0.3471014  0.3781328
 1  0.7297766  0.6848057  0.6560530  0.6465657  0.6600034  0.6648213  0.6704798  0.6804857  0.6836646  0.6874324  0.6893189  0.6851015  0.6635604  0.6291374  0.6047505  0.4346479  0.6752115  0.6996079  0.7035175  0.6993493  0.7020445  0.7021686  0.7004312  0.6994622  0.7005490  0.7088385  0.6987767
 2  0.5731114  0.5244942  0.4980747  0.4999112  0.5178956  0.5252380  0.5295110  0.5379826  0.5402701  0.5421199  0.5459704  0.5358896  0.5007907  0.4769922  0.4980048  0.4562589  0.6078245  0.6180129  0.6183290  0.6141310  0.5984655  0.5785848  0.5501997  0.5245318  0.5408730  0.5710339  0.5740236
 3  0.7529155  0.7106406  0.6795309  0.6652080  0.6774261  0.6825331  0.6867469  0.6974780  0.7011082  0.7042110  0.7068320  0.7031454  0.6811448  0.6453059  0.6225525  0.4284170  0.6939475  0.7254060  0.7306539  0.7231054  0.7231549  0.7214407  0.7177475  0.7152990  0.7150379  0.7273042  0.7193600
 4  0.4566960  0.4162671  0.3859507  0.4145367  0.4394673  0.4324462  0.4404603  0.4515577  0.4459094  0.4519037  0.4561912  0.4286282  0.3817262  0.4011166  0.4444794  0.4505804  0.5581231  0.5622289  0.5522180  0.5263088  0.4998226  0.4665428  0.4267611  0.4005395  0.4690242  0.5063992  0.4795592
 1  0.7280549  0.6809974  0.6559792  0.6477636  0.6475312  0.6567494  0.6730226  0.6849724  0.6909542  0.7085521  0.7031530  0.7017194  0.7023300  0.7030437  0.7078442  0.7135451  0.7169167  0.7071337  0.6996676  0.6958597  0.6970692  0.6911139  0.6975441  0.6963626  0.6869446  0.6853402  0.6777172
 2  0.5742871  0.5233197  0.5000696  0.4871897  0.4822812  0.4986952  0.5313883  0.5494126  0.5712587  0.5867475  0.5824340  0.5624406  0.5342077  0.5029833  0.4917232  0.5442189  0.5749332  0.5772173  0.5628797  0.5563331  0.5546206  0.5555479  0.5663829  0.5635610  0.5449009  0.5297402  0.5240580
 3  0.7515398  0.7070218  0.6794044  0.6672216  0.6642638  0.6720819  0.6886229  0.7028813  0.7076601  0.7280984  0.7235182  0.7195560  0.7186122  0.7176900  0.7205884  0.7280563  0.7357805  0.7264287  0.7177523  0.7134310  0.7151388  0.7088439  0.7156130  0.7156074  0.7049784  0.7019088  0.6946890
 4  0.4584217  0.4157221  0.3889172  0.3758328  0.3836865  0.4199628  0.4631917  0.4650390  0.4974291  0.5134944  0.4811128  0.4381309  0.3964702  0.3484296  0.3879387  0.4845046  0.5017610  0.4769715  0.4588982  0.4665942  0.4644811  0.4702191  0.4861163  0.4669461  0.4319353  0.4261972  0.4348379
 1  0.7296925  0.6821534  0.6482501  0.6366893  0.6488274  0.6531047  0.6569661  0.6724579  0.6825276  0.6807327  0.6770276  0.6735774  0.6727840  0.6748452  0.6777512  0.6791477  0.6820912  0.6774130  0.6696361  0.6704176  0.6543095  0.6514959  0.6813068  0.6941056  0.6918469  0.7008480  0.7005627
 2  0.5699182  0.5222040  0.4951921  0.4928930  0.5051537  0.5036686  0.4999813  0.5229294  0.5450364  0.5464921  0.5359241  0.5195069  0.5235788  0.5481200  0.5635055  0.5687684  0.5661622  0.5544440  0.5487601  0.5552371  0.5447236  0.5553323  0.5881133  0.5979281  0.5935287  0.5941349  0.5857097
 3  0.7528275  0.7087934  0.6726290  0.6559357  0.6662632  0.6706949  0.6723285  0.6875446  0.7000605  0.6993228  0.6951403  0.6905000  0.6886317  0.6927212  0.6974727  0.6984307  0.7019219  0.6967599  0.6870352  0.6902184  0.6750494  0.6683664  0.7008505  0.7162933  0.7124758  0.7209141  0.7216031
 4  0.4541773  0.4185686  0.3864745  0.4039358  0.4216421  0.3984471  0.4015969  0.4506943  0.4699179  0.4543811  0.4271688  0.4116110  0.4473425  0.4844006  0.4878769  0.4894000  0.4807285  0.4569903  0.4739816  0.4847053  0.4593533  0.4947935  0.5295386  0.5230372  0.5101462  0.5156882  0.4941769
 1  0.7310651  0.6893614  0.6466012  0.6205163  0.6159534  0.6337471  0.6582202  0.6624562  0.6745537  0.6949031  0.6944520  0.6785650  0.6683174  0.6745106  0.6681948  0.6542615  0.6501721  0.6312252  0.6324200  0.6089277  0.5988950  0.5893846  0.6098162  0.6090149  0.6667281  0.6411124  0.6235558
 2  0.5714015  0.5249206  0.4876176  0.4611321  0.4597013  0.4991980  0.5334396  0.5444820  0.5660265  0.5926564  0.5918537  0.5651473  0.5295406  0.5118621  0.4978926  0.4908591  0.5117056  0.5268003  0.5361443  0.5214383  0.5155913  0.5315879  0.5469779  0.5669013  0.5879671  0.5629719  0.5431408
 3  0.7535218  0.7145680  0.6704079  0.6408551  0.6327472  0.6481729  0.6755314  0.6808028  0.6912993  0.7147559  0.7171991  0.7002762  0.6859649  0.6904757  0.6849285  0.6701968  0.6669751  0.6494860  0.6522474  0.6293445  0.6168598  0.6052944  0.6294906  0.6227379  0.6914551  0.6671279  0.6429178
 4  0.4534606  0.4148438  0.3792708  0.3523812  0.3723115  0.4425230  0.4657085  0.4608862  0.5008639  0.5303743  0.5127960  0.4459753  0.4060689  0.4105021  0.3953884  0.4051404  0.4424671  0.4672459  0.4704318  0.4506793  0.4561908  0.4867664  0.5027181  0.5237126  0.5371752  0.4813510  0.4705342
 1  0.7294815  0.6844707  0.6449440  0.6227653  0.6178512  0.6268340  0.6464721  0.6749223  0.6849356  0.6918783  0.6901825  0.6874812  0.6774695  0.6646650  0.6776726  0.6683372  0.6664543  0.6734526  0.6861830  0.6894361  0.6863699  0.6974976  0.7009863  0.6986943  0.6886101  0.6771170  0.6642239
 2  0.5725402  0.5238844  0.4902641  0.4661686  0.4574706  0.4695276  0.5149662  0.5567383  0.5732333  0.5737601  0.5612372  0.5441964  0.5176418  0.5211223  0.5555033  0.5639760  0.5642759  0.5706380  0.5759825  0.5660121  0.5528966  0.5638877  0.5801149  0.5845920  0.5727063  0.5494168  0.5172534
 3  0.7525449  0.7104590  0.6691183  0.6431586  0.6350001  0.6421539  0.6607590  0.6923281  0.7043296  0.7109713  0.7089954  0.7053209  0.6947287  0.6802903  0.6956858  0.6891490  0.6863527  0.6931489  0.7059345  0.7088933  0.7036568  0.7143128  0.7202713  0.7191503  0.7093063  0.6967790  0.6820815
 4  0.4554746  0.4167696  0.3828853  0.3567950  0.3605836  0.3897071  0.4591589  0.4945171  0.4935839  0.4822460  0.4608961  0.4355251  0.4050190  0.4512024  0.4963241  0.4907077  0.4890044  0.4956351  0.4930749  0.4621789  0.4538856  0.4908466  0.5096136  0.5051100  0.4804264  0.4399145  0.4044431
 1  0.7294027  0.6818774  0.6474640  0.6323167  0.6385072  0.6454832  0.6534139  0.6539200  0.6489333  0.6488249  0.6467379  0.6698971  0.7023046  0.6933334  0.6843561  0.6848378  0.6906204  0.6954281  0.6943749  0.6964916  0.7020155  0.7014294  0.7008673  0.6998746  0.7009899  0.6970411  0.6945017
 2  0.5698543  0.5217168  0.4942487  0.4844530  0.4908993  0.5011563  0.5093478  0.5083114  0.5090313  0.5225132  0.5409033  0.5886925  0.6083944  0.5986992  0.5634674  0.5338483  0.5297379  0.5387005  0.5465211  0.5500541  0.5548168  0.5544980  0.5519117  0.5564685  0.5582037  0.5495113  0.5466389
 3  0.7524993  0.7083400  0.6717530  0.6520013  0.6557375  0.6620980  0.6697809  0.6712880  0.6654227  0.6663573  0.6651124  0.6857415  0.7261296  0.7165647  0.7036148  0.7015561  0.7062622  0.7122278  0.7119055  0.7130627  0.7193134  0.7188618  0.7178362  0.7172045  0.7190661  0.7147885  0.7109391
 4  0.4541562  0.4175816  0.3864908  0.3888401  0.4045875  0.4167208  0.4239185  0.4130649  0.4283595  0.4549881  0.4747425  0.5368077  0.5449440  0.4961065  0.4349219  0.4177573  0.4425331  0.4561786  0.4476219  0.4574249  0.4642077  0.4563415  0.4568188  0.4700823  0.4651202  0.4418542  0.4551904
 1  0.7272826  0.6765279  0.6393585  0.6225728  0.6244924  0.6287505  0.6535560  0.6911538  0.6838972  0.6714489  0.6628231  0.6639976  0.6820500  0.6776829  0.6719694  0.6745952  0.6785316  0.6751979  0.6685869  0.6667929  0.6616413  0.6566611  0.6731809  0.6969156  0.6979214  0.6953356  0.6961424
 2  0.5729577  0.5210785  0.4908998  0.4799612  0.4849251  0.4942501  0.5489138  0.5866764  0.5807634  0.5484758  0.5069109  0.5064723  0.5388367  0.5459838  0.5335267  0.5285998  0.5380295  0.5424566  0.5462779  0.5507744  0.5513008  0.5545718  0.5893167  0.6064616  0.6051875  0.5852888  0.5536091
 3  0.7510606  0.7032012  0.6637626  0.6425382  0.6419277  0.6457000  0.6673469  0.7110704  0.7064459  0.6914838  0.6799364  0.6785541  0.6988036  0.6971827  0.6899724  0.6911423  0.6957572  0.6938517  0.6872561  0.6857530  0.6814736  0.6756664  0.6905637  0.7201916  0.7215057  0.7154273  0.7136073
 4  0.4584400  0.4170217  0.3873634  0.3874226  0.4031021  0.4149780  0.4976148  0.5274422  0.4887810  0.4203119  0.3758922  0.4335240  0.4754530  0.4529815  0.4237490  0.4375961  0.4610087  0.4621747  0.4664506  0.4770455  0.4752681  0.4860593  0.5338957  0.5453023  0.5150815  0.4657546  0.4284615
 1  0.7263195  0.6761652  0.6323516  0.6085773  0.6036874  0.6114078  0.6169293  0.6081718  0.6323268  0.6635374  0.6885812  0.6876903  0.6869147  0.6968225  0.6956071  0.6953127  0.7013849  0.7049742  0.7061185  0.7155493  0.7062633  0.7031301  0.6967888  0.6976102  0.7025806  0.6983396  0.6894891
 2  0.5711790  0.5212492  0.4861372  0.4643147  0.4628310  0.4772047  0.4821788  0.4813157  0.5263569  0.5806603  0.5977394  0.5925914  0.5758315  0.5662279  0.5505211  0.5324339  0.5398447  0.5517254  0.5728901  0.5891860  0.5852471  0.5693676  0.5497036  0.5480774  0.5564599  0.5544960  0.5286821
 3  0.7502776  0.7030711  0.6571470  0.6291692  0.6208424  0.6275772  0.6343007  0.6245675  0.6472558  0.6806914  0.7114688  0.7102925  0.7057585  0.7151242  0.7138761  0.7112525  0.7167754  0.7222639  0.7229845  0.7350526  0.7264235  0.7218117  0.7143059  0.7139587  0.7201625  0.7168055  0.7068211
 4  0.4579942  0.4180866  0.3835713  0.3648101  0.3811905  0.4048282  0.3955256  0.4070722  0.4752707  0.5294029  0.5327883  0.4955920  0.4757327  0.4733130  0.4361567  0.4166236  0.4540872  0.4668060  0.4988219  0.5127587  0.4903333  0.4600313  0.4399071  0.4608897  0.4746560  0.4492712  0.3959092
 1  0.7283663  0.6827752  0.6384505  0.6117182  0.6018088  0.6197835  0.6498167  0.6601362  0.6752782  0.6830024  0.6803549  0.6859534  0.6906904  0.6896393  0.6714698  0.6551088  0.6827171  0.6633643  0.6554079  0.6650831  0.6748966  0.6712410  0.6767074  0.6816002  0.6808484  0.6912190  0.6897594
 2  0.5709641  0.5238797  0.4859856  0.4551905  0.4461451  0.4905656  0.5321987  0.5503256  0.5630042  0.5648655  0.5546571  0.5537249  0.5598091  0.5563001  0.5295141  0.5442362  0.5811744  0.5663013  0.5438860  0.5412241  0.5495471  0.5478695  0.5524867  0.5510018  0.5583481  0.5746166  0.5737127
 3  0.7517058  0.7088831  0.6627714  0.6324871  0.6186982  0.6334882  0.6670098  0.6783535  0.6933374  0.7027055  0.6990210  0.7031517  0.7089532  0.7084648  0.6902626  0.6699975  0.7035154  0.6873701  0.6752116  0.6820599  0.6932672  0.6903190  0.6950412  0.7000554  0.6980286  0.7106151  0.7107783
 4  0.4566222  0.4170227  0.3797231  0.3421969  0.3578495  0.4407144  0.4695333  0.4727987  0.4880705  0.4778562  0.4561886  0.4683670  0.4786478  0.4618246  0.4206344  0.4883859  0.5265297  0.4749720  0.4359413  0.4601364  0.4745888  0.4643931  0.4654682  0.4587894  0.4849421  0.5071098  0.4788094
 1  0.7305319  0.6896581  0.6460922  0.6202257  0.6211275  0.6357307  0.6523539  0.6448662  0.6441086  0.6478501  0.6702485  0.6803433  0.6780024  0.6805305  0.6820580  0.6904656  0.6819912  0.6749752  0.6651573  0.6627193  0.6630363  0.6575239  0.6481657  0.6485175  0.6552555  0.6821403  0.6949673
 2  0.5721984  0.5266032  0.4870150  0.4685944  0.4845669  0.5219930  0.5440692  0.5318081  0.5079885  0.4966885  0.5238477  0.5424244  0.5474030  0.5465777  0.5522120  0.5571214  0.5501819  0.5373070  0.5327101  0.5511663  0.5677372  0.5659209  0.5574494  0.5520030  0.5682400  0.5911539  0.5988665
 3  0.7533336  0.7150011  0.6699458  0.6399259  0.6377469  0.6519155  0.6711467  0.6653761  0.6626212  0.6632555  0.6854827  0.6981985  0.6958222  0.6985629  0.6996957  0.7085258  0.7009062  0.6930744  0.6827375  0.6805239  0.6831756  0.6791822  0.6689636  0.6685653  0.6731089  0.7023082  0.7173092
 4  0.4550996  0.4161370  0.3767874  0.3748803  0.4151675  0.4644284  0.4750845  0.4356059  0.3850665  0.4052930  0.4575719  0.4625269  0.4582988  0.4573463  0.4685947  0.4734145  0.4560686  0.4403176  0.4535979  0.4903342  0.5060242  0.4958095  0.4832339  0.4781850  0.5063616  0.5311564  0.5190152
 1  0.7307829  0.6860838  0.6495480  0.6356928  0.6594672  0.6634416  0.6609649  0.6753207  0.7099731  0.7054806  0.6923129  0.6871192  0.6854688  0.6867556  0.6963855  0.6970112  0.6930830  0.6906818  0.7055907  0.6997447  0.6907393  0.6876626  0.6894900  0.6889239  0.6870723  0.6834242  0.6829529
 2  0.5712566  0.5225106  0.4921586  0.5039578  0.5350749  0.5362687  0.5085733  0.5432145  0.5930538  0.5995477  0.5792843  0.5459814  0.5080162  0.4889053  0.5213470  0.5536726  0.5637318  0.5805674  0.5964196  0.5913183  0.5673125  0.5414926  0.5274369  0.5168267  0.5077133  0.4977718  0.5077597
 3  0.7532018  0.7114615  0.6732566  0.6540311  0.6775149  0.6829111  0.6782539  0.6876525  0.7293196  0.7283016  0.7131241  0.7052097  0.7016124  0.7005120  0.7109600  0.7144953  0.7121395  0.7086877  0.7264780  0.7216321  0.7103975  0.7048013  0.7058637  0.7051641  0.7028765  0.6986146  0.6978875
 4  0.4532831  0.4141112  0.3858391  0.4346919  0.4672991  0.4339859  0.3665154  0.4867890  0.5400486  0.5181608  0.4638308  0.4142237  0.3636069  0.3865847  0.4522130  0.4820238  0.4807615  0.5110766  0.5281797  0.4995420  0.4488097  0.4272200  0.4240741  0.4100622  0.3877413  0.3847397  0.4239384
 1  0.7288303  0.6817250  0.6365546  0.6111430  0.5757975  0.4677230  0.5760555  0.6828062  0.6640730  0.6675399  0.6725736  0.6716379  0.6700032  0.6830482  0.7094089  0.7126607  0.6965756  0.6879991  0.6822922  0.6969937  0.7200846  0.6985521  0.6752051  0.6644822  0.6719049  0.6668812  0.6638063
 2  0.5741911  0.5237030  0.4853768  0.4627174  0.4372082  0.4115647  0.5551912  0.5980714  0.5875750  0.5811321  0.5716337  0.5511378  0.5219524  0.5555552  0.6037405  0.6136006  0.5933258  0.5544363  0.5085876  0.5743835  0.6133082  0.6033716  0.5607511  0.5153280  0.5078216  0.5015722  0.5029982
 3  0.7523075  0.7079528  0.6609927  0.6316054  0.5937579  0.4799430  0.5777105  0.7105237  0.6898260  0.6893544  0.6937383  0.6914573  0.6871906  0.6970347  0.7291305  0.7366266  0.7192220  0.7068150  0.6979849  0.7092810  0.7439287  0.7238184  0.6968004  0.6811307  0.6873112  0.6843267  0.6799275
 4  0.4580154  0.4169323  0.3810463  0.3629560  0.3551252  0.3807387  0.5243220  0.5454897  0.5142727  0.5025498  0.4834916  0.4385534  0.4027648  0.4982934  0.5495036  0.5408075  0.4814915  0.4064595  0.3749700  0.5279119  0.5585558  0.5121736  0.4177557  0.3907462  0.4239401  0.4050896  0.4014990
 1  0.7302531  0.6859038  0.6474320  0.6262665  0.6192144  0.6272994  0.6401993  0.6389358  0.6367826  0.6569420  0.6869871  0.6797629  0.6732474  0.6789123  0.6835373  0.6897969  0.6860860  0.6881153  0.6779349  0.6683426  0.6602651  0.6523436  0.6545418  0.6700472  0.6991480  0.6925959  0.6783266
 2  0.5733499  0.5237260  0.4906064  0.4690428  0.4621233  0.4815948  0.5062137  0.5094913  0.5173194  0.5685014  0.5928471  0.5826025  0.5547680  0.5377638  0.5421061  0.5563583  0.5717863  0.5765790  0.5616881  0.5345573  0.5159481  0.5233513  0.5422521  0.5876660  0.6068514  0.6003124  0.5650101
 3  0.7529906  0.7113011  0.6711664  0.6465628  0.6363745  0.6425340  0.6567702  0.6570278  0.6534643  0.6722299  0.7092777  0.7025244  0.6921927  0.6959082  0.7001980  0.7075521  0.7048777  0.7085833  0.6988961  0.6867646  0.6769087  0.6698021  0.6727903  0.6861901  0.7227432  0.7162509  0.6985184
 4  0.4553468  0.4144629  0.3844164  0.3615751  0.3692825  0.4119182  0.4345571  0.4230572  0.4462179  0.5198969  0.5302212  0.4821644  0.4390754  0.4392743  0.4636737  0.4827837  0.5003838  0.5005522  0.4599862  0.4195237  0.4278833  0.4553374  0.4764819  0.5339955  0.5460335  0.5055608  0.4455100
 1  0.7306463  0.6839494  0.6449986  0.6235024  0.6200624  0.6242503  0.6432056  0.6627557  0.6945268  0.6894406  0.6803504  0.6812773  0.7009299  0.7073133  0.6968496  0.6906293  0.6871643  0.6907174  0.6898942  0.6735955  0.6596872  0.6710262  0.6666539  0.6870651  0.7048138  0.6897626  0.6763032
 2  0.5746519  0.5227490  0.4907460  0.4730777  0.4666294  0.4813665  0.5176308  0.5701620  0.5965366  0.5904661  0.5595050  0.5404180  0.5635579  0.5770553  0.5654985  0.5331479  0.4983340  0.4969440  0.5406032  0.5598910  0.5660261  0.5721418  0.5690555  0.5946003  0.6040674  0.5900734  0.5589025
 3  0.7534515  0.7096860  0.6690288  0.6438058  0.6377465  0.6396269  0.6590028  0.6787853  0.7160823  0.7122481  0.7004057  0.6972607  0.7172030  0.7269298  0.7163695  0.7077961  0.7022202  0.7048117  0.7061041  0.6949942  0.6801429  0.6914523  0.6877027  0.7045437  0.7277900  0.7128473  0.6956913
 4  0.4558021  0.4152092  0.3868853  0.3734660  0.3697491  0.4099453  0.4578737  0.5168215  0.5338841  0.4972625  0.4287841  0.4419254  0.4986631  0.4987071  0.4490731  0.3871465  0.3637114  0.4103167  0.4827082  0.4942854  0.4946436  0.5028637  0.4899843  0.5302384  0.5383857  0.4914651  0.4516078
 1  0.7306384  0.6854690  0.6494653  0.6316886  0.6313433  0.6361852  0.6455303  0.6691876  0.6960162  0.6909693  0.6832714  0.6893821  0.6911608  0.6949661  0.6908275  0.6895258  0.6812782  0.6900267  0.6872722  0.6813082  0.6845779  0.6915677  0.6943546  0.6914358  0.6856780  0.6891844  0.6930070
 2  0.5714296  0.5239925  0.4936317  0.4717391  0.4548854  0.4421729  0.4682189  0.5547077  0.5918261  0.5882097  0.5666396  0.5530663  0.5477723  0.5445922  0.5418409  0.5380657  0.5525944  0.5783436  0.5789491  0.5601194  0.5458667  0.5495696  0.5492720  0.5394161  0.5305634  0.5568541  0.5760135
 3  0.7535934  0.7115947  0.6735653  0.6518582  0.6486353  0.6512646  0.6587064  0.6835742  0.7171510  0.7131849  0.7023526  0.7071297  0.7085657  0.7121007  0.7080686  0.7066532  0.6977892  0.7100621  0.7092375  0.7006088  0.7013202  0.7087986  0.7122947  0.7088139  0.7016897  0.7057088  0.7134254
 4  0.4547070  0.4177429  0.3840485  0.3577746  0.3332185  0.3261393  0.4028161  0.5113957  0.5297420  0.4921107  0.4596025  0.4556813  0.4544768  0.4484833  0.4443144  0.4412183  0.4867979  0.5167963  0.4881938  0.4441998  0.4497562  0.4672515  0.4540956  0.4233845  0.4365588  0.4955500  0.5066825
 1  0.7298247  0.6826669  0.6487804  0.6407023  0.6688046  0.6714234  0.6701094  0.6735661  0.6828657  0.6952222  0.6912909  0.6876031  0.6969228  0.6959373  0.6931985  0.6893767  0.6880912  0.6868005  0.6928540  0.6906071  0.6927283  0.7031765  0.7065952  0.7076297  0.7110389  0.7092040  0.7044665
 2  0.5696666  0.5211598  0.4944331  0.5152925  0.5481434  0.5508215  0.5282143  0.5043571  0.5074741  0.5242586  0.5281489  0.5303675  0.5560346  0.5705462  0.5675623  0.5561160  0.5430102  0.5420901  0.5529569  0.5515517  0.5559212  0.5675749  0.5724530  0.5700208  0.5699302  0.5693588  0.5589688
 3  0.7525837  0.7088277  0.6729093  0.6585324  0.6873543  0.6913111  0.6875511  0.6892254  0.6973182  0.7108454  0.7084756  0.7030324  0.7136887  0.7154765  0.7126993  0.7076655  0.7054692  0.7036442  0.7104814  0.7090692  0.7094634  0.7208090  0.7253079  0.7249382  0.7285959  0.7272821  0.7226032
 4  0.4530319  0.4162894  0.3874315  0.4497843  0.4824920  0.4514962  0.4006604  0.3821108  0.4193639  0.4419042  0.4164411  0.4393201  0.4886708  0.4933287  0.4713220  0.4514091  0.4426191  0.4581846  0.4708893  0.4532061  0.4673790  0.4895809  0.4780357  0.4720013  0.4794832  0.4770098  0.4564808
 1  0.7291441  0.6867886  0.6534676  0.6361480  0.6194642  0.6146740  0.6487000  0.6761950  0.6674011  0.6752044  0.6666098  0.6624356  0.6747986  0.6907226  0.6899067  0.6874439  0.6874785  0.6846111  0.6870485  0.6854101  0.6927515  0.6913563  0.6934518  0.6878094  0.6827916  0.6728822  0.6588605
 2  0.5731839  0.5256805  0.4941093  0.4670389  0.4331192  0.4498746  0.5551269  0.5859311  0.5833098  0.5743163  0.5511695  0.5245953  0.5289419  0.5492712  0.5520758  0.5542560  0.5603555  0.5670130  0.5666738  0.5638052  0.5622081  0.5620849  0.5627634  0.5605243  0.5531266  0.5392587  0.5206957
 3  0.7522081  0.7122912  0.6769374  0.6561606  0.6367559  0.6280755  0.6617214  0.6997822  0.6901538  0.6961588  0.6872005  0.6802093  0.6903903  0.7076780  0.7082213  0.7049464  0.7056321  0.7040689  0.7069315  0.7038548  0.7110677  0.7095814  0.7118272  0.7066996  0.7016863  0.6915764  0.6771234
 4  0.4562852  0.4155206  0.3814747  0.3421670  0.3085273  0.3914141  0.5178939  0.5270423  0.5036228  0.4879382  0.4457400  0.4132184  0.4477590  0.4729056  0.4614361  0.4654766  0.4849826  0.4916245  0.4773473  0.4730453  0.4744040  0.4755820  0.4783412  0.4739063  0.4619489  0.4438052  0.4257191
