2019 2020 2021 2022 2023 2024 2025 2026 2027 2028 2029 2030 2031 2032 2033 2034 2035 2036 2037 2038 2039 2040 2041 2042 2043 2044 2045
 0.3673849  0.3314945  0.2649801  0.3942780  0.2401929  0.3439125  0.2645993  0.4401740  0.4735741  0.5849686  0.7611788  0.4088488  0.3880456  0.5294425  0.5497492  0.5914258  0.5460976  0.4187104  0.4219640  0.2094620  0.1872651  0.2468057  0.2028262  0.3668555  0.3213153  0.5051469  0.5610028
 0.3556829  0.2854488  0.2803296  0.3529128  0.3336498  0.3597593  0.3292972  0.3814500  0.3784517  0.3396083  0.3353492  0.2611843  0.2408013  0.2601190  0.2743920  0.2576074  0.2549166  0.2452813  0.2322266  0.6782720  0.9959959  0.8385024  1.1319172  0.5112471  0.5425993  0.2249380  0.2264376
 0.3445536  0.3457188  0.3388320  0.3464084  0.2847200  0.6132567  0.6705094  0.5261740  0.5289942  0.3737357  0.3670970  0.4333658  0.3982574  0.2521524  0.2211926  0.3717499  0.3757620  0.3672844  0.3655632  0.3121722  0.3081310  0.4918322  0.6385935  0.3342963  0.2662731  0.2716191  0.2433861
 0.3456866  0.2582852  0.2558240  0.3479951  0.3127645  0.3362271  0.3198571  0.2809488  0.2454310  0.2196890  0.2166048  0.2288556  0.2118762  0.2555294  0.2636084  0.3089938  0.3232957  0.4458799  0.5042534  0.4378885  0.4195920  0.4809398  0.4469112  0.4937197  0.6162462  0.4053795  0.4171312
 0.3468916  0.2837010  0.2706178  0.3207589  0.2626309  0.4511028  0.4066649  0.7335605  0.8902990  0.9420254  1.4109027  0.5249516  0.4353703  0.2247411  0.1959736  0.4343146  0.4752417  0.5544794  0.6624867  0.2670672  0.2313131  0.4603425  0.5369329  0.7565108  1.3184383  0.3290509  0.2624624
 0.3375950  0.3404981  0.3441919  0.3938664  0.3685947  0.4546236  0.5523452  0.4404476  0.3822948  0.4010326  0.3703893  0.2504435  0.2627342  0.3375310  0.3310097  0.3663884  0.4050817  0.3562780  0.3811433  0.2803407  0.2976796  0.3272615  0.2849185  0.5230404  0.6273270  0.2475207  0.2136570
 0.3801714  0.3441052  0.3226600  0.2943349  0.2778822  0.3185604  0.2977321  0.3384532  0.3347189  0.3391999  0.3841447  0.3703104  0.3381344  0.2965610  0.2834863  0.5373854  0.6287951  0.4153445  0.3751017  0.2338517  0.2058831  0.2195683  0.1920582  0.3112633  0.3487861  0.3019165  0.3421082
 0.3679856  0.2542956  0.2573328  0.2327917  0.2149711  0.2778662  0.2732997  0.5660729  0.5223157  0.3611240  0.3555471  0.5718892  0.7052000  0.5134845  0.6398635  0.3867624  0.2649481  0.4163788  0.3613766  0.7371635  0.9625832  0.7679602  1.2341543  0.3188684  0.3152137  0.2402948  0.1888541
 0.3617941  0.3506297  0.3080145  0.4632313  0.4643227  0.4734994  0.5110246  0.2424931  0.2058382  0.3071705  0.2624004  0.3710445  0.4198776  0.3624637  0.4056476  0.3016319  0.3630481  0.2365391  0.2092060  0.2176298  0.2073763  0.2038179  0.2238184  0.2143652  0.1509041  0.1800343  0.1717785
 0.3826794  0.3426776  0.3234275  0.2992440  0.2600985  0.2908978  0.3106230  0.3737902  0.3789029  0.3561714  0.3566359  0.3362664  0.3573358  0.3635158  0.3618995  0.3542101  0.2988667  0.4177995  0.4299285  0.4331726  0.5361060  0.8107428  1.1899994  0.3228893  0.2807916  0.2593131  0.2397227
 0.3431245  0.2650106  0.2832671  0.2888320  0.2557906  0.3355993  0.3296979  0.3813953  0.3914664  0.4116725  0.4585481  0.3369394  0.2768280  0.4358616  0.4155066  0.4016931  0.4303663  0.4151190  0.4255095  0.3101681  0.3046631  0.4318185  0.4764775  0.3152066  0.3124779  0.4303053  0.5031331
 0.3845243  0.3103087  0.2954794  0.3417838  0.3039493  0.4051941  0.4235657  0.5046077  0.6196560  0.4667948  0.4414414  0.3217437  0.2402821  0.3562557  0.3266531  0.4662617  0.5764772  0.6354197  0.7188330  0.3398798  0.2896675  0.3664924  0.3814073  0.4970458  0.3923166  0.4681597  0.4477434
 0.4042364  0.2980996  0.2961278  0.3115427  0.2625601  0.2530484  0.2330302  0.2429738  0.2533129  0.3733325  0.4437253  0.4730502  0.5080489  0.5051661  0.5201881  0.3610587  0.3878936  0.4962557  0.4096699  0.3315508  0.3077855  0.3812745  0.4041030  0.5796958  0.6463195  0.4388960  0.3429572
 0.3845102  0.3374785  0.3254538  0.4622664  0.4675399  0.5509070  0.4994050  0.7842325  0.8784846  0.6016306  0.5679858  0.4976002  0.4083600  0.4996695  0.5660643  0.3602534  0.3289178  0.2197061  0.2000033  0.2594940  0.2283240  0.3978409  0.4895422  0.3874138  0.4801599  0.3119768  0.3203077
 0.4295039  0.3126036  0.3120853  0.3518480  0.3092178  0.3124513  0.2881830  0.2828304  0.3010386  0.3885111  0.4724146  0.1931810  0.1744703  0.3250506  0.3181313  0.3206936  0.3687610  0.4263973  0.5093956  0.4038852  0.3720654  0.2852128  0.2788791  0.2273853  0.2278302  0.2718014  0.2431615
 0.3912276  0.3310146  0.2976042  0.2977132  0.2655230  0.4922395  0.4440258  0.5917702  0.6142481  0.5923590  0.5392584  0.4617366  0.4653133  0.4260835  0.4573075  0.3438931  0.2838473  0.2911881  0.2378024  0.2971540  0.3239601  0.5193130  0.7800765  0.6061994  0.5987046  0.4087429  0.3760584
 0.3789167  0.3470550  0.3228839  0.3157680  0.3049012  0.3970055  0.3454114  0.3181097  0.3255455  0.3008929  0.3047544  0.2568790  0.2787722  0.2891437  0.2175277  0.3425877  0.3778760  0.5508868  0.5933943  0.5713132  0.6005767  0.8002821  1.2110958  0.4563624  0.4555023  0.2345887  0.2121286
 0.3164474  0.2843658  0.3015646  0.3394868  0.2898616  0.3376066  0.3176446  0.4613021  0.5232992  0.5437488  0.6621284  0.3518554  0.3393644  0.4477876  0.4078969  0.2769746  0.2435641  0.2639599  0.2631187  0.3368588  0.2821594  0.2385206  0.2216845  0.2881276  0.3411126  0.2954503  0.2558745
 0.3640976  0.3143487  0.3050239  0.6212689  0.6510213  0.4492080  0.4225529  0.5002574  0.4895844  0.3795434  0.3817784  0.2858937  0.2762368  0.3457544  0.3534652  0.2959491  0.2498690  0.2842471  0.2852931  0.2411411  0.2355556  0.2695746  0.3045592  0.2557229  0.2714903  0.2660890  0.2558374
 0.3651112  0.2947609  0.2872184  0.3577662  0.3131360  0.3745052  0.3581780  0.4781385  0.6781051  0.2509111  0.2288434  0.2752719  0.2667537  0.3796001  0.4054113  0.5789889  0.6715833  1.0298611  1.9730283  0.8513956  0.6420860  0.6641638  0.7478462  0.4801316  0.4912528  0.3000041  0.2754895
 0.3234829  0.2872125  0.2813082  0.3138413  0.2870122  0.2406637  0.2150248  0.3100847  0.3083053  0.2288112  0.1985721  0.2967760  0.2862134  0.3313373  0.3489299  0.4790281  0.6292447  0.7561511  1.1773893  0.5192262  0.4318053  0.2187960  0.2018670  0.3313529  0.3501149  0.3466752  0.3021571
 0.3374752  0.2888737  0.2861968  0.3057075  0.2851251  0.3088136  0.2784960  0.4900179  0.5608867  0.2404581  0.2326959  0.2805823  0.2675432  0.4341709  0.4933659  0.4452486  0.5295976  0.3809589  0.3625779  0.3896959  0.3691830  0.3256878  0.3068966  0.2196682  0.2125620  0.2051179  0.2166213
 0.3806015  0.3267435  0.2874313  0.4095576  0.3705921  1.1441573  1.8146347  0.9598872  0.9013466  1.0076484  1.0877981  1.9279558  6.0731432  0.9812513  0.6262061  0.6211126  0.5549404  0.3330588  0.3303528  0.2909919  0.2836079  0.1987094  0.2141235  0.3943252  0.4072626  0.4350504  0.5152156
 0.3542913  0.3279533  0.2844379  0.3198915  0.3220115  0.3000045  0.2437857  0.2872499  0.2653106  0.3105142  0.3140787  0.4532655  0.5366830  0.3556437  0.3330574  0.2579804  0.2440795  0.2857674  0.1869957  0.3194687  0.3307157  0.4090848  0.6242310  0.4381595  0.6080874  0.3778522  0.3713084
 0.3198878  0.2905039  0.2960400  0.3207175  0.3056926  0.3989194  0.3936283  0.5776103  0.7346292  0.3318706  0.3006647  0.2214193  0.1984259  0.2702094  0.2694764  0.4014493  0.3861683  0.3856854  0.3840519  0.3454566  0.3773971  0.3583858  0.2485646  0.2972575  0.3104162  0.2499289  0.2707778
 0.3329194  0.2569573  0.2661425  0.2938246  0.2869976  0.5023500  0.6146753  0.2936619  0.2743856  0.2722013  0.2655833  0.2391137  0.2053846  0.2616870  0.2568698  0.1828185  0.1764247  0.2126032  0.2182049  0.2263241  0.2462406  0.2419734  0.2475824  0.2474115  0.2687717  0.1693347  0.1697090
 0.3381536  0.2975476  0.2768000  0.3091583  0.3028858  0.3384371  0.3356497  0.3078190  0.3027402  0.3765488  0.3756909  0.2713098  0.2272968  0.2357497  0.2377782  0.3132871  0.3265015  0.3148466  0.3236501  0.3271376  0.3204097  0.1947472  0.1830497  0.2493428  0.2523767  0.2818855  0.2602197
 0.3802713  0.3141405  0.2922927  0.3005944  0.2630851  0.3248044  0.2969436  0.3211861  0.3444009  0.2944399  0.3116306  0.4225639  0.4557459  0.2980699  0.2810526  0.4142574  0.5150945  0.4515285  0.4089729  0.2287742  0.1844327  0.1804504  0.1703855  0.2834098  0.2983807  0.4196381  0.5489614
 0.3425564  0.3027137  0.2711705  0.3753710  0.3592363  0.4016513  0.3664839  0.4214961  0.3686141  0.2940674  0.2765203  0.3986156  0.4291372  0.4520838  0.4995290  0.2939327  0.2774362  0.3728814  0.3256444  0.3271991  0.2916944  0.3794162  0.3740451  0.3368597  0.3848447  0.2142649  0.2010494
 0.3085766  0.3041049  0.2822064  0.3034694  0.2691227  0.4356905  0.4988202  0.3751711  0.3543981  0.2214491  0.1965258  0.3119276  0.3367347  0.5644428  0.7461482  0.5592102  0.5186687  0.1845637  0.1659447  0.3260762  0.3316160  0.7296554  1.0409477  0.4283955  0.3551536  0.3721262  0.2850332
 0.3916163  0.2838265  0.2916014  0.3587642  0.3304133  0.3186333  0.2849025  0.4413849  0.4096425  0.5614087  0.7198948  0.2956478  0.2985797  0.3238829  0.3035945  0.3524452  0.3147486  0.3315115  0.3224195  0.4620549  0.5485019  0.5091722  0.5461075  0.3504773  0.3515642  0.2302810  0.2313037
 0.3095393  0.3121105  0.3192132  0.2756014  0.2822236  0.3209307  0.3130599  0.3495750  0.3551380  0.2936814  0.2666532  0.3019191  0.2824878  0.2817492  0.2952632  0.2845440  0.2736147  0.2389126  0.2514199  0.2435590  0.2779332  0.2128380  0.2340555  0.3060069  0.3115287  0.3154343  0.2948236
 0.3563299  0.6439540  0.5370122  0.4593287  0.4139784  0.6108175  0.6913909  0.4962067  0.4085677  0.3251787  0.2937055  0.3870802  0.3566944  0.3677992  0.3560343  0.2470959  0.2787649  0.2897650  0.2700060  0.5254496  0.7162443  0.3549187  0.2586241  0.3013279  0.3001749  0.3177159  0.3895521
 0.3577839  0.2512452  0.2721372  0.2613092  0.2598684  0.3394813  0.3350249  0.3693186  0.3709609  0.4347363  0.4534494  0.7795458  1.2750254  1.1594354  2.2861143  0.3211089  0.2252304  0.1631064  0.1526371  0.2023048  0.1831553  0.2863703  0.2836983  0.3739235  0.4468201  0.3260486  0.2938560
 0.3974204  0.2334173  0.2330625  0.2906411  0.2674624  0.3060163  0.2606598  0.2712586  0.2595589  0.2598804  0.2323071  0.2358436  0.2394617  0.2935039  0.3467861  0.2635543  0.2379394  0.4200995  0.4315263  0.4186813  0.4564907  0.3810590  0.3514699  0.4150369  0.4485715  0.6622700  0.8391468
 0.3676888  0.2830715  0.2643982  0.2752734  0.2381321  0.3589726  0.3483115  0.4445543  0.4403318  0.4351304  0.4311666  0.5922887  0.7204571  0.3259591  0.3027423  0.3546376  0.3334343  0.6279825  0.7478345  0.5602547  0.6144039  0.3322487  0.2818633  0.3425061  0.2993154  0.3101699  0.2702999
 0.3237930  0.3667970  0.3331528  0.3044893  0.2977331  0.3787028  0.3427644  0.4968295  0.5014531  0.5085112  0.4212166  0.3561808  0.3874382  0.5012288  0.6330058  0.5065083  0.6223828  0.2944989  0.3015595  0.1988429  0.2104101  0.2625209  0.2616955  0.2537186  0.2216220  0.2095138  0.1966295
 0.3546661  0.3229364  0.3014934  0.3224431  0.2940670  0.3441791  0.3287919  0.3004588  0.2960353  0.3993821  0.4053937  0.5994397  0.7760740  0.5117340  0.4692780  0.4738067  0.4131415  0.2774958  0.2412203  0.3418262  0.3744853  0.4583555  0.4305383  0.4648999  0.4432633  0.5366862  0.6885401
 0.3799165  0.2727869  0.2784942  0.3096766  0.3111201  0.4606045  0.4268111  0.5735299  0.6644917  0.4743521  0.4962992  0.3375891  0.2817934  0.3180800  0.3195687  0.3620743  0.3892165  0.2511168  0.2488363  0.2087332  0.1994439  0.2975120  0.3102609  0.2292197  0.2260123  0.2873373  0.3154991
 0.4387626  0.2929122  0.3009786  0.4067593  0.3528883  0.3871523  0.3371083  0.4912174  0.4139644  0.4838204  0.5843241  0.3589618  0.3352911  0.2801242  0.2703574  0.3320439  0.3438670  0.2847934  0.3176333  0.2914314  0.2901696  0.2095440  0.1866279  0.1835069  0.1730306  0.2924782  0.3212131
 0.4139543  0.3565220  0.3183077  0.4134733  0.3543802  0.4137490  0.4187508  0.4298235  0.4348636  0.3030590  0.2568563  0.3840389  0.3671029  0.2766445  0.2791126  0.2493875  0.2623194  0.1973933  0.1758611  0.2898263  0.2762890  0.3253486  0.3427974  0.3309329  0.3263169  0.3941937  0.4433842
 0.3554158  0.4014418  0.3622561  0.3742223  0.3586165  0.3471481  0.3072083  0.4382802  0.3984891  0.3911624  0.4240334  0.4397873  0.4451561  0.7366582  1.0566669  0.8891361  0.7159249  0.4635461  0.4718510  0.6246343  0.6045622  0.3258671  0.3398238  0.4418417  0.4753542  0.2727843  0.2432199
 0.2944503  0.3842050  0.3554976  0.3988647  0.3384982  0.4439974  0.3810457  0.3005698  0.2961965  0.2492497  0.2468417  0.3203686  0.3349967  0.1919294  0.1812647  0.3204531  0.3453994  0.4201939  0.4841597  0.4590751  0.4618882  0.3989405  0.4022169  0.2803408  0.2560555  0.1752016  0.1545514
 0.3842375  0.2960651  0.3350891  0.2577305  0.2480506  0.3365303  0.3602122  0.4139974  0.3407715  0.3201102  0.2976300  0.3426646  0.3652404  0.4200962  0.4797540  0.5101647  0.4980800  0.4046917  0.3210273  0.3093596  0.3215743  0.3382031  0.3477955  0.3195976  0.3628425  0.4178075  0.5119828
 0.3842294  0.4007102  0.3463082  0.5903020  0.5752730  0.4304770  0.4082315  0.4110226  0.4039464  0.3239690  0.2971271  0.3163180  0.3557155  0.3755028  0.2905206  0.3733442  0.3272996  0.4928310  0.7129338  0.6741401  0.4114691  0.3807227  0.3740031  0.5156228  0.6206601  0.4243981  0.5195975
 0.3754776  0.3534787  0.3101828  0.3231700  0.2934638  0.3600017  0.3422459  0.4698876  0.5261989  0.3053859  0.2770749  0.3349434  0.3168763  0.3473752  0.3462041  0.4627284  0.4646235  0.3912851  0.3714683  0.5372261  0.6319285  0.3936020  0.4067721  0.3107779  0.2532811  0.4225570  0.4461784
 0.4085333  0.3143022  0.2999743  0.3404650  0.3187937  0.4644667  0.4456244  0.4264062  0.3529833  0.3163725  0.3048484  0.2919276  0.2669966  0.3261662  0.3260406  0.4068107  0.4925918  0.5911281  0.7132724  0.2598765  0.2209754  0.2849475  0.2954180  0.5624272  0.4304295  0.4406347  0.4654378
 0.3436765  0.2912069  0.2920390  0.2591110  0.2520250  0.4076575  0.4800894  0.2824154  0.2338554  0.3779157  0.3815881  0.3758950  0.3910262  0.4363129  0.4924850  0.6937176  0.7977339  0.3084217  0.2665091  0.3303960  0.3256316  0.2977853  0.2897542  0.5100698  0.6882442  0.5266702  0.4582322
 0.3922435  0.2827424  0.3124608  0.2495985  0.2329191  0.3302016  0.3235050  0.3044757  0.3262307  0.3638000  0.4065487  0.4286222  0.4261963  0.2926229  0.2647384  0.3633404  0.3932174  0.2663488  0.2521189  0.1834361  0.1926723  0.1437954  0.1400974  0.2059372  0.2044914  0.3213525  0.3408335
 0.3238730  0.2923381  0.2865559  0.3534055  0.3909264  0.6108086  0.5399013  0.4908261  0.4395350  0.5092209  0.5457931  0.2751017  0.2830474  0.4342348  0.4173695  0.5674818  0.5758696  0.4030368  0.3868622  0.4026752  0.3876662  0.4722705  0.4488973  0.5331326  0.5502889  0.7557185  1.0328319
