FL 2019 2020 2021 2022 2023 2024 2025 2026 2027 2028 2029 2030 2031 2032 2033 2034 2035 2036 2037 2038 2039 2040 2041 2042 2043 2044 2045
 1  0.1254765  0.1113135  0.1154544  0.1288946  0.1415214  0.1047959  0.0870216  0.1499768  0.1843697  0.2054518  0.2777128  0.1552941  0.1652764  0.1862275  0.2520800  0.2530408  0.2565064  0.1404468  0.2103674  0.0384527  0.0199663  0.0388628  0.0273531  0.0954441  0.0732063  0.1831813  0.2058559
 2  0.0238751  0.0211859  0.0228463  0.0270084  0.0222420  0.0166606  0.0158908  0.0312310  0.0432796  0.0512178  0.0652799  0.0298335  0.0306446  0.0359690  0.0462150  0.0378005  0.0380552  0.0227621  0.0284830  0.0039579  0.0024536  0.0055359  0.0046827  0.0160089  0.0132499  0.0367437  0.0451139
 3  0.1162273  0.1647499  0.1388978  0.1620089  0.1338468  0.0830007  0.0845090  0.1020502  0.0813991  0.1092905  0.1493026  0.2121635  0.2264108  0.2633551  0.3590527  0.4838045  0.4932823  0.6032530  0.9298153  0.9428197  0.4668489  0.0345979  0.0395441  0.0486692  0.0421021  0.0544138  0.0605558
 4  0.0444602  0.0397436  0.0304378  0.0487193  0.0455765  0.0418960  0.0308413  0.0343949  0.0292800  0.0385327  0.0433935  0.0440183  0.0481949  0.0634394  0.0735527  0.0660161  0.0717398  0.1085995  0.1084909  0.0662734  0.0467477  0.0450397  0.0450444  0.0464869  0.0395112  0.0410454  0.0549914
 1  0.1220670  0.1254239  0.1291962  0.1990219  0.2545252  0.1922426  0.1938380  0.1171550  0.1108132  0.1057143  0.0981343  0.0629391  0.0604599  0.0666681  0.0653035  0.0593329  0.0576207  0.0654681  0.0565699  0.2604343  0.3440202  0.2973591  0.3703369  0.2307210  0.3020177  0.1077514  0.0924136
 2  0.0232303  0.0240070  0.0258234  0.0416817  0.0545892  0.0360808  0.0336910  0.0212001  0.0198148  0.0195623  0.0197236  0.0129324  0.0130159  0.0145284  0.0141608  0.0133520  0.0106391  0.0120032  0.0113108  0.0571825  0.0792039  0.0642924  0.0773165  0.0468599  0.0580980  0.0176988  0.0148549
 3  0.1130934  0.1334618  0.1379425  0.1312482  0.1323784  0.1802408  0.0866416  0.0645944  0.0688260  0.0594493  0.0668258  0.0674160  0.0602270  0.0601469  0.0592560  0.0490363  0.0489437  0.0384255  0.0506242  0.0531963  0.0460410  0.0677277  0.0851448  0.1255143  0.1654487  0.2125156  0.1828160
 4  0.0433681  0.0335338  0.0298752  0.0286015  0.0311205  0.0306270  0.0370912  0.0408451  0.0382948  0.0318868  0.0350268  0.0350986  0.0359992  0.0354149  0.0342200  0.0397261  0.0434202  0.0379250  0.0348705  0.0354302  0.0344677  0.0418973  0.0512292  0.0756463  0.0862557  0.0808299  0.0697832
 1  0.1187765  0.1772624  0.1950381  0.1691302  0.1721205  0.2786116  0.3692213  0.2135966  0.2128235  0.1251596  0.1325670  0.1613715  0.1563770  0.0686377  0.0653010  0.1449886  0.1468460  0.1461407  0.1438560  0.1244152  0.1267502  0.2270061  0.2926829  0.1389405  0.0965764  0.0935093  0.0817241
 2  0.0226444  0.0340864  0.0385577  0.0323661  0.0333373  0.0569579  0.0740130  0.0376371  0.0367943  0.0225166  0.0253390  0.0293612  0.0260624  0.0120935  0.0113543  0.0266565  0.0265879  0.0267095  0.0260247  0.0230921  0.0253783  0.0475886  0.0570896  0.0207012  0.0138741  0.0155151  0.0158094
 3  0.1100329  0.1430254  0.1359710  0.0773887  0.0754503  0.0843574  0.1119047  0.1573841  0.1572308  0.1627653  0.1705799  0.1901791  0.1884441  0.1685761  0.1588127  0.1399456  0.1408213  0.1354707  0.1327656  0.1284574  0.1290222  0.1457443  0.1904988  0.2279907  0.0261750  0.0441258  0.0373813
 4  0.0423910  0.0356324  0.0347900  0.0327281  0.0323801  0.0327130  0.0402806  0.0431139  0.0434145  0.0502253  0.0592348  0.0556280  0.0464268  0.0497152  0.0442294  0.0440479  0.0415302  0.0412326  0.0393098  0.0409045  0.0483967  0.0584028  0.0617515  0.0441535  0.0417188  0.0320466  0.0378600
 1  0.1193897  0.0679200  0.0663856  0.1705420  0.2111645  0.1571912  0.1943441  0.0770735  0.0717019  0.0354501  0.0265064  0.0500543  0.0440638  0.0554421  0.0580400  0.0820868  0.0904638  0.1489148  0.1702069  0.1374586  0.1390174  0.1628066  0.1610070  0.1774508  0.2169895  0.1744914  0.2047613
 2  0.0226910  0.0129094  0.0133297  0.0360061  0.0451160  0.0336277  0.0389322  0.0141591  0.0109615  0.0055729  0.0048174  0.0094225  0.0089882  0.0123762  0.0137436  0.0201336  0.0211277  0.0345819  0.0376140  0.0292591  0.0257637  0.0302421  0.0324164  0.0389639  0.0503390  0.0392226  0.0443459
 3  0.1105887  0.1446696  0.1476599  0.1395562  0.1265453  0.1619348  0.2013363  0.2405714  0.0758785  0.0662934  0.0871020  0.0715649  0.0592009  0.0725581  0.0629234  0.0594310  0.0546216  0.0559009  0.0661547  0.0656606  0.0568881  0.0583205  0.0570317  0.0632106  0.0770874  0.0998224  0.1177421
 4  0.0420011  0.0364712  0.0310639  0.0302556  0.0271187  0.0350221  0.0370872  0.0385179  0.0440568  0.0344920  0.0378147  0.0373690  0.0352203  0.0332670  0.0321742  0.0351354  0.0344096  0.0342828  0.0354704  0.0411861  0.0429407  0.0371788  0.0286460  0.0378404  0.0473742  0.0546346  0.0607053
 1  0.1189860  0.1082440  0.1100908  0.1345638  0.1498511  0.1851317  0.1998473  0.3330075  0.4107534  0.3914613  0.5017188  0.2094512  0.2286207  0.0612221  0.0398868  0.1601294  0.1648661  0.2084027  0.2473879  0.1111312  0.0958213  0.1992180  0.2329394  0.3205478  0.4772731  0.1498658  0.1166680
 2  0.0231473  0.0209637  0.0222042  0.0278879  0.0286514  0.0349655  0.0361781  0.0608846  0.0690104  0.0648333  0.0897949  0.0350181  0.0251020  0.0081361  0.0062050  0.0291785  0.0342319  0.0481397  0.0466658  0.0193508  0.0183553  0.0416817  0.0521403  0.0753054  0.1084506  0.0248540  0.0172279
 3  0.1099257  0.1321259  0.1349834  0.1346993  0.1212663  0.1435541  0.1536672  0.1444297  0.1464491  0.1693417  0.2114927  0.4399672  0.5257725  0.0321030  0.0539918  0.0415003  0.0419415  0.0474781  0.0578611  0.0375169  0.0312523  0.0306980  0.0358248  0.0450519  0.0673261  0.1214244  0.0965868
 4  0.0434759  0.0333531  0.0303784  0.0327022  0.0348067  0.0348083  0.0368481  0.0329793  0.0344021  0.0404738  0.0618173  0.1066965  0.0546688  0.0398681  0.0378033  0.0400011  0.0498363  0.0657888  0.0454280  0.0357028  0.0389954  0.0457978  0.0570139  0.0762410  0.1008282  0.0994227  0.0674543
 1  0.1162521  0.1743033  0.1918329  0.2511983  0.3207344  0.2753429  0.4073377  0.1684636  0.1126949  0.0814531  0.0663566  0.0601275  0.0608412  0.1177408  0.1204161  0.1586725  0.1804654  0.1394510  0.1579092  0.0790870  0.0766705  0.1077056  0.0827964  0.1827763  0.2048051  0.0746033  0.0626568
 2  0.0225599  0.0339334  0.0382411  0.0503805  0.0628262  0.0527433  0.0716470  0.0209417  0.0139497  0.0124796  0.0122211  0.0128337  0.0138027  0.0269278  0.0263265  0.0347848  0.0417369  0.0329567  0.0351918  0.0168437  0.0145981  0.0181005  0.0149526  0.0370920  0.0418522  0.0140036  0.0121909
 3  0.1074261  0.1380567  0.1443358  0.1406131  0.1801752  0.2577108  0.3840298  0.6155345  0.0697355  0.0392039  0.0306351  0.0292566  0.0296355  0.0288055  0.0295358  0.0301311  0.0339039  0.0419167  0.0480165  0.0514997  0.0502765  0.0512754  0.0389940  0.0506172  0.0567707  0.0542690  0.0453450
 4  0.0426515  0.0349184  0.0341159  0.0331449  0.0405984  0.0576819  0.0712886  0.0587227  0.0389304  0.0346990  0.0402483  0.0488936  0.0483397  0.0453297  0.0431679  0.0474592  0.0608882  0.0741326  0.0708972  0.0730601  0.0565103  0.0420778  0.0400235  0.0325024  0.0337986  0.0398721  0.0376606
 1  0.1297236  0.2047868  0.2213910  0.1293612  0.1291842  0.0952193  0.1096750  0.0974971  0.1171096  0.1073464  0.1365325  0.0950720  0.0671633  0.0456376  0.0387899  0.1836394  0.2136921  0.1410442  0.1520122  0.0536860  0.0361024  0.0624078  0.0539406  0.1185280  0.1301175  0.1081028  0.1319211
 2  0.0243926  0.0381699  0.0423987  0.0244456  0.0256653  0.0204447  0.0251884  0.0229547  0.0273606  0.0247716  0.0295169  0.0150236  0.0099079  0.0074114  0.0071988  0.0374649  0.0459906  0.0313888  0.0220944  0.0079160  0.0059752  0.0112224  0.0105070  0.0258189  0.0310154  0.0272287  0.0347430
 3  0.1204050  0.1335163  0.1444529  0.0715776  0.0711515  0.0763851  0.0873078  0.1064466  0.1282835  0.1586490  0.2027536  0.2416003  0.1746913  0.1229922  0.1018110  0.0974163  0.1135327  0.1449942  0.0411357  0.0258108  0.0442540  0.0462692  0.0577929  0.0531459  0.0603667  0.0717045  0.0871635
 4  0.0445032  0.0332488  0.0335127  0.0327921  0.0366376  0.0467216  0.0594265  0.0719431  0.0827947  0.1012844  0.1129350  0.0711075  0.0494924  0.0447568  0.0496856  0.0542702  0.0667969  0.0892454  0.0466275  0.0380960  0.0360921  0.0381371  0.0396672  0.0356251  0.0353229  0.0458142  0.0582971
 1  0.1244105  0.0413573  0.0398269  0.0484741  0.0561827  0.1255983  0.1653081  0.2610512  0.2208612  0.1090165  0.0899006  0.2121012  0.2518823  0.1886822  0.2439688  0.1353927  0.1227092  0.1434187  0.1057964  0.2906345  0.3426905  0.2902161  0.4069417  0.1478679  0.1530722  0.0837899  0.0578213
 2  0.0246932  0.0080751  0.0081363  0.0105654  0.0130947  0.0299806  0.0305906  0.0413455  0.0334100  0.0173969  0.0159869  0.0421994  0.0548767  0.0421754  0.0539415  0.0268966  0.0145026  0.0203619  0.0182004  0.0548562  0.0680966  0.0606166  0.0870464  0.0269798  0.0255769  0.0123595  0.0080406
 3  0.1146225  0.1389314  0.1500168  0.1564604  0.1796901  0.2251051  0.3060917  0.0838570  0.0838687  0.0755275  0.0903501  0.0806048  0.0948084  0.1301773  0.1692006  0.2405255  0.0631791  0.0376871  0.0639876  0.0679127  0.0677973  0.0893852  0.1249049  0.2192877  0.2305821  0.2152425  0.0432407
 4  0.0469218  0.0353489  0.0326798  0.0393654  0.0510586  0.0640286  0.0484408  0.0404815  0.0417651  0.0370618  0.0345057  0.0306678  0.0417148  0.0569330  0.0700826  0.0805575  0.0473966  0.0397421  0.0383290  0.0356114  0.0381301  0.0554669  0.0785354  0.0974340  0.0892604  0.0661015  0.0423063
 1  0.1237088  0.1965694  0.2188777  0.3022641  0.4342415  0.3068399  0.3701958  0.0455788  0.0248577  0.0701545  0.0528733  0.1243559  0.1374118  0.1302808  0.1549642  0.1170591  0.1556246  0.0860897  0.0825747  0.0633014  0.0613437  0.0561981  0.0522665  0.0532044  0.0234569  0.0650874  0.0583374
 2  0.0237626  0.0374854  0.0425243  0.0606568  0.0839626  0.0500596  0.0551562  0.0053716  0.0030710  0.0103380  0.0092368  0.0251339  0.0304898  0.0305788  0.0381448  0.0291829  0.0380056  0.0166988  0.0148166  0.0111746  0.0100698  0.0095115  0.0096528  0.0064409  0.0033177  0.0111357  0.0117848
 3  0.1145732  0.1474445  0.1459991  0.1550793  0.2233291  0.3821632  0.4684633  0.5392259  0.0703300  0.0809809  0.0847138  0.0893684  0.0800001  0.0909187  0.1076536  0.1439309  0.1923628  0.2668013  0.2614390  0.2631398  0.2591789  0.2209178  0.0469434  0.0398227  0.0306279  0.0415268  0.0556734
 4  0.0440699  0.0370812  0.0299925  0.0306394  0.0400536  0.0498372  0.0533198  0.0386016  0.0472363  0.0376902  0.0314250  0.0315198  0.0319987  0.0381302  0.0498520  0.0672196  0.0846243  0.0699184  0.0668571  0.0680361  0.0567577  0.0527512  0.0716111  0.0489040  0.0418830  0.0356449  0.0330583
 1  0.1300004  0.1813853  0.1953015  0.1616288  0.1500774  0.0996053  0.1145139  0.1128038  0.1322405  0.1096812  0.1150968  0.0912522  0.0960057  0.0966395  0.0761099  0.0796738  0.0578344  0.1352539  0.1395792  0.1470578  0.1878298  0.2984966  0.4327924  0.1738901  0.1784254  0.0916182  0.0796287
 2  0.0246276  0.0342159  0.0378566  0.0291310  0.0281060  0.0205824  0.0263090  0.0264798  0.0304078  0.0229494  0.0215098  0.0171208  0.0191739  0.0165750  0.0121976  0.0126412  0.0098735  0.0260531  0.0303718  0.0362614  0.0492312  0.0739496  0.0926450  0.0308831  0.0252598  0.0138244  0.0138569
 3  0.1205402  0.1406007  0.1339750  0.0740434  0.0688728  0.0707068  0.0802818  0.1003340  0.1188529  0.1417582  0.1514386  0.1493079  0.1549506  0.1710234  0.0289537  0.0359434  0.0355340  0.0454753  0.0461713  0.0529748  0.0675052  0.0915469  0.1351385  0.2307785  0.2454065  0.1814852  0.1511952
 4  0.0455741  0.0357176  0.0344179  0.0379733  0.0401000  0.0523888  0.0726751  0.0835127  0.0926805  0.0904770  0.0820854  0.0865637  0.1045417  0.0768400  0.0407027  0.0405779  0.0400966  0.0346386  0.0445346  0.0622552  0.0815178  0.0909642  0.1069008  0.1364575  0.0940737  0.0845376  0.0979131
 1  0.1180277  0.0938898  0.0963501  0.1094015  0.1195974  0.1360466  0.1504862  0.1338779  0.1449066  0.1350930  0.1511073  0.1204527  0.0841825  0.1579082  0.1463417  0.1377072  0.1386714  0.1583985  0.1667479  0.1003553  0.1066929  0.1684266  0.1941836  0.1475707  0.1645615  0.2126006  0.2532091
 2  0.0228373  0.0181486  0.0194349  0.0230134  0.0255488  0.0294642  0.0302103  0.0266386  0.0309682  0.0289829  0.0319397  0.0199310  0.0136083  0.0274872  0.0265083  0.0265852  0.0291486  0.0333577  0.0352202  0.0217084  0.0241330  0.0385203  0.0415159  0.0308382  0.0348057  0.0447433  0.0484916
 3  0.1090697  0.1548821  0.1267480  0.0823813  0.0760993  0.0835608  0.0870245  0.0886720  0.0942078  0.1136200  0.1285592  0.0551861  0.0499192  0.0599248  0.0624244  0.0580727  0.0627797  0.0697935  0.0558171  0.0566889  0.0600600  0.0668740  0.0779675  0.0859219  0.0949524  0.1117466  0.1350769
 4  0.0428520  0.0413259  0.0300175  0.0338022  0.0327766  0.0351027  0.0370576  0.0394539  0.0505892  0.0574479  0.0616139  0.0477162  0.0423631  0.0373489  0.0353146  0.0329575  0.0331958  0.0355200  0.0373166  0.0348554  0.0405732  0.0442908  0.0436726  0.0483371  0.0568116  0.0646641  0.0627195
 1  0.1305073  0.1430011  0.1474543  0.1838672  0.2121980  0.2138803  0.3009553  0.2617792  0.4747246  0.1205270  0.1010583  0.0421459  0.0213827  0.0989308  0.0875240  0.1716543  0.2045776  0.2228712  0.2585354  0.1141203  0.0911152  0.1108338  0.1070284  0.1696096  0.1325142  0.1690039  0.1671725
 2  0.0247657  0.0269414  0.0288456  0.0362122  0.0421016  0.0431984  0.0606935  0.0485219  0.0619501  0.0151372  0.0096941  0.0049523  0.0028329  0.0160805  0.0164964  0.0365588  0.0482290  0.0490241  0.0520065  0.0198766  0.0159209  0.0208243  0.0210016  0.0289152  0.0233273  0.0310911  0.0323429
 3  0.1209417  0.1331392  0.1335555  0.1477543  0.1707611  0.2155281  0.3032022  0.5431014  0.9990000  0.9990000  0.9990000  0.0373519  0.0470274  0.0802329  0.1029059  0.0852571  0.0946413  0.1253357  0.0570988  0.0413360  0.0336818  0.0675769  0.0495984  0.0563221  0.0504277  0.0665075  0.0628690
 4  0.0457994  0.0377746  0.0322915  0.0330427  0.0392528  0.0524756  0.0732792  0.1107818  0.1075966  0.1262167  0.0645432  0.0492112  0.0395737  0.0356015  0.0339518  0.0310262  0.0356788  0.0369092  0.0410845  0.0389205  0.0360039  0.0357621  0.0431064  0.0431449  0.0353272  0.0411708  0.0355164
 1  0.1355563  0.1824441  0.1954527  0.1264992  0.1384017  0.0814555  0.0744516  0.0458630  0.0496393  0.1186445  0.1581050  0.1795751  0.2155319  0.1873663  0.2245750  0.1049539  0.1097602  0.1409897  0.0752777  0.0632889  0.0590017  0.1000900  0.1091747  0.2171692  0.2441875  0.1543199  0.0837281
 2  0.0258173  0.0347184  0.0381345  0.0259657  0.0261155  0.0148672  0.0143341  0.0096726  0.0117180  0.0313314  0.0406072  0.0393610  0.0402672  0.0334536  0.0391005  0.0168866  0.0184630  0.0165239  0.0099608  0.0102345  0.0108958  0.0202113  0.0231114  0.0441100  0.0410358  0.0193011  0.0127454
 3  0.1255444  0.1266776  0.1400216  0.0823127  0.0844384  0.0918462  0.0824048  0.0819861  0.0876688  0.1019829  0.1367082  0.1779212  0.2160928  0.2473015  0.2944784  0.3695667  0.3837054  0.4151291  0.2226306  0.1472595  0.1334829  0.1350872  0.1472093  0.1649447  0.1911808  0.0400478  0.0343612
 4  0.0485933  0.0308223  0.0288170  0.0375022  0.0423011  0.0374706  0.0394109  0.0484533  0.0627505  0.0864370  0.0925449  0.0924502  0.0879617  0.1008239  0.1147949  0.1224109  0.1445222  0.0734982  0.0521037  0.0543475  0.0635937  0.0710124  0.0802705  0.0786118  0.0640786  0.0464662  0.0386698
 1  0.1307984  0.1695620  0.1789171  0.3318231  0.4916642  0.4562417  0.4524397  0.3200815  0.3321229  0.1866756  0.1685358  0.1329705  0.0893383  0.1768677  0.1867341  0.1530792  0.1495600  0.0721247  0.0624845  0.0857471  0.0724307  0.1746046  0.2189449  0.1839817  0.2497600  0.1481814  0.1759968
 2  0.0245606  0.0317910  0.0347095  0.0669765  0.0965003  0.0659431  0.0586616  0.0444985  0.0511499  0.0269222  0.0210346  0.0177426  0.0140777  0.0322022  0.0383643  0.0317603  0.0272293  0.0134812  0.0106115  0.0149411  0.0142156  0.0390582  0.0551876  0.0482928  0.0608572  0.0307208  0.0352183
 3  0.1213701  0.1342475  0.1386185  0.1462946  0.2172858  0.4121974  0.4246794  0.3913196  0.3972755  0.5223355  0.4916931  0.0470388  0.0631467  0.0514365  0.0535250  0.0616174  0.0379902  0.0415332  0.0512789  0.0403781  0.0503187  0.0493620  0.0614084  0.0891316  0.1226056  0.1718787  0.2038714
 4  0.0453260  0.0368843  0.0303507  0.0286153  0.0397801  0.0409961  0.0365645  0.0394549  0.0496818  0.0549948  0.0384672  0.0464298  0.0362453  0.0394649  0.0503658  0.0526252  0.0386753  0.0422547  0.0421235  0.0365261  0.0359480  0.0461379  0.0688503  0.0969188  0.1057551  0.1166260  0.1413918
 1  0.1425452  0.1759241  0.1851560  0.1893720  0.1932736  0.1102214  0.1114815  0.0933437  0.1151530  0.1462933  0.1901816  0.0411620  0.0205645  0.0958561  0.0965332  0.0872146  0.1030775  0.1579548  0.1997531  0.1820442  0.1758923  0.0954734  0.0970170  0.0546165  0.0523841  0.0778623  0.0607361
 2  0.0270896  0.0331628  0.0358550  0.0359320  0.0345708  0.0204709  0.0227854  0.0212808  0.0293889  0.0383152  0.0369134  0.0051756  0.0031088  0.0175165  0.0205450  0.0216744  0.0279916  0.0421338  0.0450070  0.0340643  0.0312359  0.0176421  0.0191329  0.0108380  0.0100368  0.0136806  0.0106832
 3  0.1320490  0.1252516  0.1491385  0.0809730  0.0822768  0.0784906  0.0776320  0.0878077  0.1074148  0.1459782  0.1971537  0.0373975  0.0312740  0.0565957  0.0557547  0.0612986  0.0721421  0.0876102  0.1124841  0.1300715  0.1263440  0.1245607  0.1250774  0.1326967  0.1284080  0.0461665  0.0384364
 4  0.0507192  0.0339046  0.0356241  0.0371086  0.0352114  0.0383177  0.0474036  0.0659957  0.0947785  0.1195096  0.0828859  0.0436625  0.0366721  0.0290721  0.0380154  0.0522808  0.0637000  0.0694539  0.0652367  0.0564718  0.0536053  0.0599923  0.0679387  0.0689253  0.0604126  0.0440921  0.0402133
 1  0.1323154  0.1439949  0.1506250  0.1215432  0.1363399  0.2204846  0.2481465  0.2616586  0.2565345  0.2019878  0.1709582  0.1461459  0.1423362  0.1614621  0.1747001  0.1288556  0.1070909  0.0761879  0.0579354  0.1001185  0.1127332  0.1984471  0.2725199  0.2395463  0.2507940  0.1638502  0.1433639
 2  0.0251284  0.0271413  0.0293117  0.0250131  0.0284855  0.0441115  0.0462902  0.0450715  0.0449111  0.0337495  0.0278082  0.0259831  0.0279507  0.0333118  0.0366361  0.0255402  0.0155259  0.0118341  0.0105000  0.0211888  0.0280713  0.0560888  0.0730597  0.0515593  0.0442689  0.0283455  0.0236762
 3  0.1226001  0.1527391  0.1434042  0.0878741  0.0882989  0.1302435  0.1456803  0.0791153  0.0775460  0.0606709  0.0661958  0.0553706  0.0580059  0.0764440  0.0671355  0.0501926  0.0463278  0.0334601  0.0488149  0.0580942  0.0645742  0.0558019  0.0538987  0.0398353  0.0464735  0.0451970  0.0382035
 4  0.0466048  0.0378398  0.0295347  0.0311655  0.0360063  0.0332940  0.0381260  0.0367059  0.0395284  0.0417296  0.0412222  0.0366181  0.0339717  0.0346688  0.0412607  0.0573524  0.0543266  0.0396801  0.0363419  0.0323590  0.0470346  0.0336078  0.0420377  0.0470300  0.0420869  0.0410582  0.0433301
 1  0.1289129  0.2032378  0.2255151  0.1420118  0.1463618  0.1495954  0.1535157  0.0941408  0.1022391  0.0716141  0.0672996  0.0696179  0.0686958  0.0699088  0.0452924  0.1170471  0.1270408  0.1896998  0.2125893  0.2060708  0.2245984  0.2952056  0.4071876  0.2102838  0.2604541  0.1021641  0.0798920
 2  0.0243850  0.0384447  0.0435840  0.0274098  0.0278243  0.0284976  0.0307110  0.0197842  0.0214728  0.0142953  0.0133707  0.0140977  0.0136517  0.0110068  0.0077007  0.0231558  0.0290362  0.0449663  0.0448657  0.0414889  0.0467140  0.0641867  0.0890831  0.0443481  0.0426116  0.0152651  0.0134802
 3  0.1195341  0.1443914  0.1397645  0.0819792  0.0730018  0.0801841  0.0815185  0.0911686  0.0993085  0.1025954  0.0964554  0.0931428  0.0633435  0.0427516  0.0372111  0.0427127  0.0551347  0.0571696  0.0513167  0.0407126  0.0511717  0.0627408  0.0870280  0.1442456  0.1842034  0.1587902  0.1196264
 4  0.0452728  0.0345867  0.0325005  0.0351731  0.0330984  0.0338484  0.0392094  0.0480191  0.0489953  0.0445729  0.0431338  0.0443309  0.0523106  0.0492573  0.0330300  0.0316564  0.0378579  0.0411061  0.0380370  0.0345728  0.0334782  0.0440115  0.0589403  0.0915400  0.0665333  0.0528753  0.0543143
 1  0.1102676  0.1079712  0.1125071  0.1509764  0.1658270  0.1368940  0.1341294  0.1730686  0.2069558  0.2012127  0.2654871  0.1253665  0.1174978  0.1642836  0.1451982  0.0799179  0.0657715  0.0873913  0.0868066  0.1135535  0.0872402  0.0703699  0.0669109  0.1056111  0.1258136  0.1052338  0.0957072
 2  0.0212429  0.0209596  0.0228054  0.0301973  0.0332392  0.0262127  0.0253678  0.0350674  0.0457514  0.0467461  0.0485722  0.0208544  0.0207751  0.0273348  0.0246290  0.0137624  0.0118267  0.0173500  0.0182867  0.0205345  0.0156375  0.0135229  0.0141722  0.0252625  0.0339434  0.0240313  0.0190824
 3  0.1019949  0.1484974  0.1384620  0.1446269  0.1501340  0.0851209  0.0862548  0.0854373  0.1006039  0.1380131  0.1881363  0.1860520  0.1691092  0.1709541  0.0653593  0.0676769  0.0580589  0.0481179  0.0473028  0.0430558  0.0389835  0.0455673  0.0538009  0.0556858  0.0529111  0.0624496  0.0358671
 4  0.0398775  0.0370767  0.0312236  0.0358020  0.0333664  0.0369863  0.0329140  0.0391153  0.0550969  0.0777909  0.0589331  0.0551825  0.0606189  0.0513494  0.0376672  0.0386448  0.0328878  0.0342173  0.0428609  0.0403425  0.0379590  0.0358939  0.0317542  0.0408260  0.0405156  0.0427841  0.0358172
 1  0.1249681  0.1369230  0.1412975  0.3934975  0.7139679  0.8405209  0.7142230  0.2115834  0.1709707  0.0774943  0.0692260  0.0409081  0.0399293  0.1153502  0.1307895  0.0418044  0.0336662  0.0620467  0.0698925  0.0378011  0.0332766  0.0641250  0.1312679  0.0147415  0.0075634  0.0425620  0.0295107
 2  0.0235296  0.0257902  0.0277628  0.0827188  0.1523811  0.0927964  0.0816938  0.0233916  0.0208194  0.0098196  0.0068856  0.0053367  0.0062720  0.0162190  0.0150624  0.0050517  0.0045949  0.0090901  0.0098600  0.0048625  0.0048204  0.0105029  0.0179109  0.0014529  0.0009321  0.0050733  0.0038278
 3  0.1159195  0.1429614  0.1311174  0.1464369  0.2646474  0.9990000  0.9990000  0.9990000  0.9990000  0.9990000  0.9990000  0.7629391  0.6975113  0.9990000  0.9990000  0.9139279  0.7165874  0.6901736  0.7852330  0.8231353  0.7111755  0.8307252  0.9990000  0.9990000  0.9990000  0.8124186  0.5586209
 4  0.0433172  0.0335191  0.0296723  0.0385077  0.0722155  0.1295118  0.1224739  0.1543013  0.1467709  0.1626182  0.0948007  0.0832369  0.1146761  0.1227178  0.1030015  0.0845815  0.0854868  0.0949041  0.0977877  0.0853128  0.0966310  0.1476782  0.2023709  0.1292487  0.0979198  0.0728592  0.0594556
 1  0.1235830  0.1405912  0.1508510  0.2039751  0.2159081  0.1519127  0.1650067  0.2000275  0.3009035  0.0644383  0.0316884  0.0682841  0.0636590  0.1177211  0.1154566  0.2213417  0.2515829  0.3685937  0.5059271  0.3666469  0.3132769  0.3374383  0.3854366  0.2171339  0.2469628  0.1069927  0.0953719
 2  0.0244388  0.0275778  0.0302074  0.0392441  0.0381292  0.0275773  0.0330873  0.0442235  0.0627952  0.0080584  0.0046425  0.0118888  0.0128716  0.0251209  0.0232034  0.0450437  0.0513917  0.0754891  0.1016919  0.0563048  0.0482444  0.0555256  0.0680080  0.0389129  0.0409713  0.0178036  0.0137708
 3  0.1139036  0.1501543  0.1366865  0.1315078  0.1391457  0.1378720  0.1463029  0.1883338  0.2864476  0.0535290  0.0499564  0.0589056  0.0670400  0.0682650  0.0658059  0.0636967  0.0716152  0.0570519  0.0786250  0.1285779  0.1115251  0.1053563  0.1196473  0.1649896  0.1905827  0.1921706  0.1731240
 4  0.0466939  0.0349998  0.0371789  0.0364773  0.0319699  0.0358725  0.0484794  0.0740419  0.0871420  0.0429545  0.0392308  0.0334973  0.0341035  0.0379326  0.0392592  0.0367233  0.0333687  0.0363371  0.0479923  0.0446712  0.0423725  0.0471566  0.0615527  0.0846569  0.0797135  0.0841210  0.0556194
 1  0.1114495  0.1062878  0.1107008  0.1214250  0.1439284  0.0723586  0.0846281  0.0907629  0.0770541  0.0435499  0.0346630  0.0831241  0.0790072  0.1140881  0.1255433  0.2033812  0.2686534  0.3089061  0.5126962  0.2784011  0.2432864  0.0495480  0.0398435  0.1153874  0.1175275  0.1104165  0.0795666
 2  0.0220729  0.0212015  0.0228876  0.0261906  0.0312161  0.0157462  0.0170716  0.0168102  0.0128721  0.0073619  0.0064543  0.0163742  0.0166482  0.0255376  0.0295187  0.0492146  0.0666735  0.0765608  0.0965672  0.0396380  0.0300150  0.0071491  0.0066581  0.0212276  0.0217047  0.0182410  0.0128615
 3  0.1026403  0.1338499  0.1403749  0.1354046  0.1601321  0.1960513  0.2302184  0.0458399  0.0593257  0.0535901  0.0630767  0.0608016  0.0578867  0.0668262  0.0631193  0.0728023  0.0960095  0.1489695  0.2557284  0.3771470  0.3320981  0.2184151  0.1669946  0.1525198  0.1558975  0.0358777  0.0354390
 4  0.0426156  0.0330225  0.0295348  0.0255371  0.0297024  0.0372340  0.0361272  0.0441039  0.0403719  0.0386096  0.0365991  0.0357422  0.0321392  0.0347525  0.0303442  0.0365695  0.0510264  0.0770362  0.0716587  0.0726721  0.0489988  0.0452737  0.0473692  0.0506719  0.0480011  0.0427919  0.0379819
 1  0.1170474  0.1174287  0.1185409  0.1222493  0.1348143  0.0941584  0.0962351  0.1945159  0.2512569  0.0482282  0.0447143  0.0757675  0.0658218  0.1431181  0.1636582  0.1824089  0.2274897  0.1535025  0.1588066  0.1437106  0.1360009  0.1013370  0.0746384  0.0612949  0.0593566  0.0589734  0.0617158
 2  0.0222378  0.0223059  0.0236527  0.0255611  0.0281370  0.0193236  0.0205365  0.0439565  0.0538335  0.0095599  0.0077526  0.0134975  0.0125583  0.0303802  0.0377927  0.0431540  0.0528114  0.0309801  0.0292381  0.0255360  0.0225868  0.0160034  0.0128992  0.0118807  0.0131538  0.0141887  0.0152918
 3  0.1084871  0.1254188  0.1339048  0.0792763  0.0906321  0.0758586  0.0769073  0.0848060  0.1104076  0.1359716  0.0677070  0.0531240  0.0643763  0.0605417  0.0685456  0.0840066  0.1051911  0.1387696  0.1457159  0.1448900  0.1382592  0.0354575  0.0417594  0.0351473  0.0334955  0.0352945  0.0371250
 4  0.0409754  0.0348682  0.0304236  0.0335647  0.0375142  0.0322000  0.0367008  0.0460484  0.0491526  0.0533606  0.0409520  0.0342181  0.0346796  0.0409273  0.0515797  0.0625844  0.0728671  0.0730987  0.0675472  0.0655541  0.0542858  0.0364345  0.0382164  0.0411838  0.0509665  0.0570191  0.0591513
 1  0.1287303  0.1214578  0.1241533  0.2748884  0.3191502  0.5973084  0.9990000  0.4030850  0.3027091  0.3210456  0.3017313  0.5189758  0.6524335  0.4118427  0.3072001  0.2349948  0.1936260  0.1104127  0.1115465  0.1045840  0.1125681  0.0575563  0.0572458  0.1461147  0.1523978  0.1591465  0.1861528
 2  0.0248432  0.0232892  0.0247062  0.0528269  0.0581425  0.1100169  0.1393393  0.0498535  0.0465711  0.0510250  0.0479826  0.0851481  0.1032947  0.0566216  0.0354756  0.0336472  0.0331098  0.0213099  0.0235724  0.0235518  0.0258914  0.0127568  0.0120758  0.0305214  0.0326110  0.0359477  0.0400573
 3  0.1190409  0.1337998  0.1204247  0.1423801  0.1614459  0.0676283  0.0741400  0.0666061  0.0727973  0.0721077  0.0859218  0.0895449  0.1133061  0.1622501  0.0337655  0.0396917  0.0575464  0.0435636  0.0531353  0.0553408  0.0594254  0.0655669  0.0655580  0.0460358  0.0477149  0.0529625  0.0622904
 4  0.0466638  0.0329838  0.0316991  0.0352337  0.0334065  0.0358056  0.0426628  0.0353210  0.0352216  0.0352233  0.0409898  0.0383251  0.0454579  0.0492764  0.0469876  0.0350955  0.0354539  0.0311210  0.0327503  0.0368973  0.0397829  0.0409551  0.0367908  0.0362510  0.0406957  0.0510137  0.0496481
 1  0.1219628  0.1302858  0.1353218  0.1279773  0.1592254  0.1404260  0.1693162  0.0902581  0.0962278  0.0861075  0.1011012  0.1435165  0.2379383  0.0550107  0.0473029  0.0351379  0.0193438  0.0823550  0.0451245  0.1494955  0.1543566  0.1894534  0.2647501  0.1612019  0.2133384  0.1304394  0.1258725
 2  0.0230466  0.0247232  0.0267688  0.0267600  0.0357154  0.0291897  0.0303311  0.0149543  0.0159631  0.0142365  0.0171107  0.0237645  0.0267062  0.0071878  0.0046204  0.0043627  0.0026315  0.0106193  0.0067321  0.0269448  0.0330666  0.0479575  0.0757708  0.0471987  0.0531526  0.0270524  0.0237110
 3  0.1131144  0.1445529  0.1447145  0.1626494  0.2003809  0.2874658  0.3578211  0.4076907  0.4336820  0.4885172  0.5727060  0.8118507  0.9990000  0.9990000  0.9698620  0.0162536  0.0371108  0.0378295  0.0396069  0.0447733  0.0565803  0.0601074  0.0594924  0.0463130  0.0484874  0.0422868  0.0411537
 4  0.0426943  0.0360469  0.0284711  0.0360531  0.0512741  0.0574756  0.0552243  0.0581511  0.0636957  0.0708751  0.0883482  0.1193112  0.0992873  0.1023454  0.0510953  0.0449707  0.0586170  0.0506977  0.0398180  0.0381842  0.0320026  0.0305085  0.0309463  0.0347803  0.0402287  0.0409722  0.0423339
 1  0.1113715  0.1046022  0.1079564  0.1564707  0.1709672  0.1739120  0.1939356  0.2669628  0.3780168  0.1275201  0.1291181  0.0518016  0.0353071  0.0744740  0.0677823  0.1287502  0.1167595  0.1327290  0.1350698  0.1556673  0.1727638  0.1774421  0.1164257  0.1237097  0.1321312  0.1053090  0.1247093
 2  0.0213932  0.0202620  0.0218418  0.0318152  0.0350285  0.0355182  0.0401843  0.0571809  0.0815098  0.0235207  0.0202585  0.0073117  0.0054743  0.0132452  0.0140030  0.0261254  0.0222774  0.0262729  0.0282317  0.0337940  0.0396756  0.0285205  0.0188285  0.0233583  0.0290058  0.0260105  0.0326892
 3  0.1030635  0.1487219  0.1406382  0.0913492  0.0817552  0.0821187  0.0915566  0.1096262  0.1551679  0.2696100  0.2811467  0.2287614  0.0366376  0.0267010  0.0450265  0.0571827  0.0419638  0.0467639  0.0449260  0.0482179  0.0517399  0.0496440  0.0330880  0.0431716  0.0575320  0.0687590  0.0816090
 4  0.0401234  0.0336633  0.0324976  0.0366821  0.0347938  0.0317634  0.0371969  0.0481087  0.0676683  0.0823718  0.0644439  0.0443196  0.0403494  0.0394456  0.0356066  0.0455248  0.0384711  0.0360530  0.0341348  0.0379145  0.0507230  0.0462698  0.0380537  0.0310971  0.0330243  0.0439154  0.0527549
 1  0.1145158  0.0904078  0.0916455  0.1150414  0.1351503  0.2358236  0.4035705  0.1565770  0.1426585  0.0664985  0.0494831  0.0375085  0.0193269  0.0740151  0.0668039  0.0491289  0.0491634  0.0665837  0.0738428  0.0914142  0.1031827  0.1002648  0.1006177  0.0946805  0.1090262  0.0417784  0.0415099
 2  0.0226344  0.0177182  0.0186815  0.0242849  0.0299103  0.0548181  0.0877063  0.0208092  0.0184896  0.0080454  0.0067046  0.0045501  0.0028361  0.0127945  0.0130691  0.0105955  0.0116016  0.0166413  0.0184884  0.0224972  0.0247920  0.0217302  0.0210482  0.0210219  0.0231381  0.0086039  0.0087745
 3  0.1056338  0.1365182  0.1510435  0.1481781  0.1731550  0.2273670  0.3922537  0.9427285  0.8758490  0.8319603  0.6145171  0.0423355  0.0596270  0.0612838  0.0628569  0.0535356  0.0488299  0.0629969  0.0700653  0.0787529  0.0892156  0.1010099  0.1023009  0.1074805  0.1241305  0.1296996  0.1273556
 4  0.0427542  0.0343831  0.0330150  0.0295281  0.0381894  0.0553917  0.0787853  0.0759200  0.0730608  0.0596169  0.0558205  0.0448552  0.0387283  0.0339874  0.0342695  0.0357293  0.0327561  0.0341595  0.0379099  0.0404804  0.0444224  0.0398322  0.0405318  0.0508409  0.0494874  0.0493454  0.0528371
 1  0.1157815  0.0969098  0.1003344  0.1433433  0.1685833  0.1689197  0.1877031  0.0841725  0.0874069  0.1001161  0.1027499  0.0614599  0.0478598  0.0578437  0.0615868  0.0981735  0.1073385  0.1008935  0.1100634  0.1070581  0.1089113  0.0360959  0.0340911  0.0584656  0.0556905  0.0825541  0.0689488
 2  0.0229241  0.0192028  0.0205771  0.0302006  0.0352704  0.0345925  0.0383586  0.0170950  0.0177345  0.0209588  0.0179235  0.0102454  0.0088174  0.0122184  0.0151664  0.0254260  0.0266311  0.0234647  0.0245179  0.0227430  0.0228904  0.0074256  0.0073361  0.0125651  0.0111249  0.0153022  0.0133205
 3  0.1066490  0.1455257  0.1374835  0.1405141  0.1291228  0.0865713  0.0961211  0.1112725  0.1156027  0.1190876  0.0601560  0.0555038  0.0421032  0.0379288  0.0397882  0.0454718  0.0504395  0.0550122  0.0600181  0.0648675  0.0662020  0.0677722  0.0638032  0.0638487  0.0336977  0.0507103  0.0401680
 4  0.0440659  0.0342215  0.0297104  0.0309369  0.0339296  0.0313969  0.0353028  0.0405712  0.0414473  0.0460440  0.0440917  0.0386484  0.0384316  0.0472013  0.0649049  0.0685293  0.0654595  0.0672402  0.0709243  0.0696339  0.0709344  0.0689962  0.0740899  0.0707565  0.0407874  0.0378429  0.0328730
 1  0.1290325  0.1287604  0.1340123  0.1290399  0.1253862  0.1282322  0.1144071  0.1059950  0.1227797  0.1023586  0.1177763  0.1483730  0.1697801  0.0896053  0.0916617  0.1460296  0.2040767  0.1542001  0.1251166  0.0469937  0.0248260  0.0411699  0.0354823  0.1028789  0.1092617  0.1626227  0.2177059
 2  0.0246445  0.0244595  0.0263467  0.0249346  0.0230732  0.0225541  0.0214098  0.0221455  0.0288601  0.0245456  0.0268405  0.0314699  0.0316193  0.0161072  0.0178969  0.0306971  0.0412067  0.0231077  0.0161645  0.0057452  0.0037236  0.0072493  0.0068291  0.0221385  0.0261357  0.0423739  0.0583987
 3  0.1195162  0.1536170  0.1376585  0.0823507  0.0838603  0.0824858  0.0832823  0.0833527  0.0953633  0.1203028  0.1403293  0.1619894  0.1882407  0.1959761  0.1966750  0.2342459  0.3310709  0.4700390  0.3959214  0.0331843  0.0305623  0.0394353  0.0515951  0.0515512  0.0540058  0.0630335  0.0844277
 4  0.0458670  0.0377631  0.0323430  0.0374365  0.0369331  0.0390800  0.0328735  0.0423360  0.0594071  0.0674147  0.0696091  0.0723639  0.0669376  0.0689334  0.0860251  0.1158162  0.1390455  0.1089471  0.0744857  0.0446761  0.0384900  0.0349301  0.0354708  0.0339822  0.0431879  0.0572686  0.0775393
 1  0.1183230  0.1080783  0.1109373  0.2201512  0.2923328  0.2065568  0.2597036  0.1363117  0.1119117  0.0433814  0.0332605  0.1174310  0.1239521  0.1420908  0.1604831  0.1005219  0.0991389  0.1457277  0.1262387  0.1109064  0.0965524  0.1333648  0.1345446  0.1194317  0.1348267  0.0721572  0.0646614
 2  0.0224026  0.0207619  0.0223263  0.0468359  0.0618668  0.0413224  0.0495150  0.0212115  0.0165676  0.0069067  0.0058977  0.0235624  0.0281107  0.0339163  0.0348746  0.0204897  0.0199714  0.0276098  0.0211678  0.0192864  0.0184248  0.0266440  0.0286951  0.0277739  0.0304498  0.0147315  0.0128747
 3  0.1097152  0.1416723  0.1324606  0.1333659  0.1411708  0.1999324  0.2522809  0.3294549  0.0488727  0.0520337  0.0581685  0.0496561  0.0517127  0.0596712  0.0685731  0.0707909  0.0693497  0.0499751  0.0435616  0.0424131  0.0389759  0.0561809  0.0383852  0.0501581  0.0499478  0.0524540  0.0457937
 4  0.0420017  0.0333307  0.0290104  0.0293693  0.0295690  0.0376589  0.0441871  0.0380443  0.0446788  0.0379275  0.0356323  0.0385930  0.0500714  0.0574010  0.0511686  0.0497664  0.0500118  0.0431872  0.0426550  0.0407601  0.0383806  0.0387397  0.0314780  0.0354356  0.0389106  0.0364325  0.0353263
 1  0.1082802  0.1281870  0.1339670  0.1267949  0.1602958  0.2565941  0.4833807  0.3080019  0.2087154  0.0313379  0.0164674  0.0565684  0.0499269  0.1643671  0.1857417  0.1816004  0.1918622  0.0506832  0.0390498  0.1151705  0.1195225  0.3069967  0.3954992  0.1961350  0.1818308  0.1730451  0.1193727
 2  0.0206362  0.0246608  0.0269284  0.0271629  0.0362108  0.0590815  0.1028633  0.0327688  0.0234224  0.0031774  0.0021209  0.0092356  0.0096091  0.0359176  0.0434578  0.0411419  0.0353419  0.0085449  0.0070180  0.0228577  0.0257742  0.0677422  0.0797818  0.0351627  0.0270034  0.0250036  0.0186228
 3  0.1003378  0.1410083  0.1360873  0.1546518  0.1939404  0.2780697  0.5283170  0.9990000  0.9990000  0.9990000  0.0651376  0.0385319  0.0329665  0.0318072  0.0359403  0.0422575  0.0458866  0.0553095  0.0602705  0.0664811  0.0683448  0.0741139  0.0970263  0.1294295  0.0390360  0.0392022  0.0360649
 4  0.0383101  0.0321024  0.0299861  0.0391474  0.0534298  0.0780717  0.1253251  0.1567650  0.1184490  0.0654203  0.0380452  0.0380647  0.0449214  0.0504813  0.0596493  0.0614021  0.0447587  0.0374109  0.0368032  0.0316501  0.0370946  0.0389413  0.0418892  0.0469267  0.0470730  0.0421385  0.0393496
 1  0.1326288  0.1463043  0.1530559  0.1935988  0.2458945  0.1512317  0.1453194  0.1433927  0.1287992  0.1832088  0.2288602  0.0970161  0.1065436  0.1107365  0.1036746  0.0913292  0.0662969  0.1008578  0.0919675  0.1626333  0.1942673  0.1902467  0.2052396  0.1117158  0.1179111  0.0812508  0.0798101
 2  0.0249980  0.0274896  0.0297845  0.0397651  0.0515057  0.0278680  0.0224529  0.0235007  0.0238496  0.0388158  0.0509641  0.0212523  0.0224691  0.0214979  0.0168824  0.0146197  0.0101640  0.0174305  0.0184853  0.0366400  0.0446804  0.0409129  0.0421307  0.0229637  0.0249944  0.0171476  0.0168043
 3  0.1230205  0.1526598  0.1494107  0.1356523  0.1714443  0.2347082  0.0904398  0.0786734  0.0685875  0.0711830  0.0887223  0.1135472  0.1246278  0.1342111  0.1287291  0.0509023  0.0554034  0.0641369  0.0707455  0.0728900  0.0775911  0.0700076  0.0545718  0.0600061  0.0628783  0.0666698  0.0656517
 4  0.0462208  0.0344854  0.0290291  0.0268788  0.0344317  0.0349172  0.0425038  0.0330466  0.0384213  0.0519129  0.0630732  0.0751208  0.0759618  0.0711669  0.0482053  0.0481131  0.0408387  0.0336476  0.0327809  0.0367834  0.0402957  0.0350461  0.0347314  0.0407235  0.0448299  0.0450846  0.0439931
 1  0.1083181  0.1429281  0.1524582  0.0986329  0.1068277  0.1089190  0.1224315  0.1152581  0.1224316  0.0490525  0.0400200  0.0697450  0.0637899  0.0684955  0.0708385  0.1008974  0.1037539  0.0744937  0.0881180  0.0842551  0.1025101  0.0488610  0.0467957  0.0921544  0.1007748  0.0931850  0.0747603
 2  0.0208560  0.0276615  0.0306131  0.0204011  0.0228271  0.0239723  0.0266287  0.0251110  0.0222633  0.0085132  0.0076554  0.0135598  0.0130882  0.0151074  0.0161215  0.0223366  0.0232893  0.0179895  0.0225400  0.0219750  0.0271554  0.0107445  0.0092679  0.0183463  0.0210403  0.0162510  0.0126996
 3  0.1001866  0.1427124  0.1444751  0.0894903  0.0785028  0.0866055  0.0973779  0.0866486  0.0808488  0.0518945  0.0660812  0.0694533  0.0470312  0.0670308  0.0630140  0.0598121  0.0614614  0.0669237  0.0786263  0.0964086  0.1174411  0.1512394  0.1482337  0.1438747  0.1564245  0.1775202  0.1454432
 4  0.0388983  0.0359505  0.0314686  0.0336439  0.0306808  0.0322378  0.0345595  0.0409166  0.0428892  0.0351779  0.0359635  0.0374503  0.0308261  0.0334496  0.0346217  0.0383500  0.0419712  0.0546754  0.0701708  0.0828339  0.1037544  0.0850408  0.0767866  0.0807345  0.0991388  0.0703991  0.0592664
 1  0.1220607  0.3739779  0.5057869  0.4330657  0.7107189  0.5534939  0.7257580  0.1229436  0.0441339  0.0612550  0.0558891  0.1082859  0.0879931  0.1059357  0.0917814  0.0897922  0.0965943  0.1209360  0.1079311  0.2436701  0.2974595  0.1675341  0.0999611  0.1239833  0.1288494  0.1383404  0.1753639
 2  0.0234936  0.0715663  0.0933218  0.0766191  0.1192734  0.0680489  0.0872448  0.0100552  0.0054412  0.0090261  0.0087794  0.0164808  0.0133914  0.0176004  0.0169353  0.0190234  0.0201799  0.0233646  0.0212388  0.0501620  0.0637682  0.0244760  0.0155978  0.0227453  0.0278086  0.0348408  0.0471709
 3  0.1129126  0.1406208  0.1335295  0.2207856  0.3633857  0.9990000  0.9990000  0.9990000  0.5545389  0.3765034  0.3388565  0.3039307  0.0885417  0.0846410  0.0719804  0.0691962  0.0745399  0.0473600  0.0610468  0.0596325  0.0679329  0.0418384  0.0369561  0.0276349  0.0279871  0.0332000  0.0422003
 4  0.0437848  0.0348585  0.0284703  0.0448722  0.0669910  0.1053291  0.1346589  0.0802326  0.0569772  0.0566217  0.0562392  0.0451772  0.0391431  0.0312528  0.0332350  0.0422453  0.0382398  0.0391118  0.0337679  0.0373692  0.0500130  0.0513760  0.0404570  0.0455945  0.0657616  0.0954378  0.1169781
 1  0.1223909  0.0721368  0.0708776  0.0960677  0.0924458  0.1229717  0.1301398  0.1152485  0.1189772  0.1509113  0.1579036  0.2941929  0.4299706  0.5094261  0.9990000  0.2963593  0.1200797  0.0232494  0.0102374  0.0405751  0.0305783  0.0885400  0.0899769  0.1423278  0.1671982  0.1218972  0.1157167
 2  0.0234945  0.0138895  0.0143778  0.0186432  0.0181278  0.0247809  0.0259060  0.0232252  0.0245114  0.0308952  0.0323302  0.0638952  0.0968299  0.1019390  0.1761496  0.0265055  0.0104254  0.0023403  0.0013896  0.0063116  0.0055049  0.0182341  0.0209052  0.0361925  0.0363037  0.0240803  0.0235754
 3  0.1132614  0.1345035  0.1440762  0.1250430  0.1454325  0.0887223  0.0835071  0.0873628  0.0821051  0.0782462  0.0820678  0.0892872  0.1296729  0.2632343  0.5934382  0.9990000  0.9990000  0.4014660  0.0269115  0.0373471  0.0473916  0.0442896  0.0445536  0.0542748  0.0559755  0.0375768  0.0573437
 4  0.0441167  0.0322949  0.0347586  0.0354485  0.0338902  0.0372579  0.0381299  0.0337187  0.0346101  0.0334119  0.0356471  0.0449926  0.0694508  0.1054344  0.1676867  0.2794442  0.1084454  0.0469421  0.0407744  0.0397564  0.0383726  0.0326881  0.0401918  0.0356842  0.0395583  0.0374562  0.0353854
 1  0.1338174  0.0394052  0.0374731  0.1083769  0.1237471  0.0880579  0.0845563  0.0605254  0.0560769  0.0508043  0.0446580  0.0548658  0.0589982  0.0862249  0.1107496  0.0773469  0.0659104  0.1356312  0.1396248  0.1376691  0.1364140  0.1074236  0.1005753  0.1391630  0.1522118  0.2416215  0.3056845
 2  0.0253898  0.0074898  0.0075451  0.0229525  0.0266002  0.0179872  0.0161032  0.0119679  0.0096408  0.0091412  0.0088333  0.0119501  0.0144493  0.0235372  0.0297016  0.0157862  0.0129547  0.0271286  0.0287248  0.0280423  0.0286931  0.0215493  0.0195907  0.0289120  0.0332024  0.0543485  0.0669742
 3  0.1239903  0.1436152  0.1457310  0.1361633  0.1344226  0.0836626  0.0764444  0.0784093  0.0830424  0.0728368  0.0869173  0.0898100  0.0956377  0.1127553  0.1456571  0.0575526  0.0531504  0.0587255  0.0618432  0.0580608  0.0731599  0.0647603  0.0668279  0.0596318  0.0564434  0.0637616  0.0809898
 4  0.0476223  0.0334874  0.0302662  0.0306241  0.0322642  0.0358978  0.0354127  0.0383701  0.0443637  0.0364445  0.0333793  0.0293101  0.0381632  0.0534126  0.0563871  0.0393493  0.0358605  0.0349009  0.0335972  0.0358859  0.0393893  0.0403329  0.0367327  0.0296891  0.0341567  0.0393517  0.0463615
 1  0.1259169  0.0994288  0.0978931  0.1049290  0.1017170  0.1160094  0.1411781  0.1721252  0.1726749  0.1392561  0.1499813  0.2107412  0.2629677  0.1142225  0.1071095  0.1251113  0.1158967  0.2378819  0.2804265  0.2247942  0.2499955  0.1164010  0.0839351  0.1149752  0.0928615  0.1070770  0.0883160
 2  0.0239017  0.0186622  0.0193250  0.0202934  0.0204141  0.0251162  0.0302939  0.0338826  0.0329921  0.0273453  0.0312028  0.0458576  0.0531834  0.0205910  0.0189954  0.0217776  0.0213065  0.0462595  0.0501682  0.0395965  0.0445935  0.0177426  0.0121097  0.0186795  0.0153833  0.0181570  0.0168697
 3  0.1166749  0.1345685  0.1313356  0.0854722  0.0801501  0.1524048  0.1300148  0.0882933  0.0849715  0.0867100  0.0925595  0.1074723  0.1358496  0.1601180  0.1496376  0.1399420  0.1290437  0.1295487  0.1550752  0.1665886  0.1825004  0.2079580  0.0370415  0.0387857  0.0500020  0.0404172  0.0458192
 4  0.0437607  0.0353272  0.0316016  0.0364507  0.0313243  0.0285820  0.0326986  0.0385555  0.0345076  0.0386411  0.0470130  0.0571890  0.0582300  0.0568223  0.0540043  0.0488006  0.0514655  0.0572259  0.0546343  0.0600818  0.0685257  0.0545917  0.0412109  0.0417059  0.0428106  0.0401974  0.0325341
 1  0.1118120  0.1986539  0.2246616  0.1712379  0.2023979  0.1588359  0.1477000  0.1837322  0.1784207  0.1914491  0.1468602  0.1192829  0.1321215  0.2005137  0.2544781  0.2152575  0.2880047  0.1284424  0.1384568  0.0720056  0.0839924  0.0856029  0.0906940  0.0473758  0.0295182  0.0384452  0.0375312
 2  0.0220355  0.0391743  0.0449455  0.0352864  0.0415068  0.0293448  0.0275911  0.0341859  0.0290153  0.0289918  0.0248854  0.0235059  0.0282452  0.0460408  0.0609108  0.0490477  0.0597562  0.0231614  0.0247548  0.0127465  0.0148366  0.0135755  0.0138411  0.0057082  0.0040977  0.0062509  0.0062572
 3  0.1031050  0.1332114  0.1338112  0.0895471  0.0761906  0.0763637  0.0878128  0.0922383  0.0886671  0.0802024  0.0796273  0.0709531  0.0713709  0.0785447  0.0989260  0.1445420  0.1960119  0.2787369  0.3016165  0.3604492  0.4227341  0.5205605  0.5610101  0.5752412  0.3556372  0.2745187  0.2664842
 4  0.0419424  0.0306897  0.0289863  0.0339580  0.0350111  0.0375807  0.0397878  0.0472866  0.0505927  0.0415161  0.0337354  0.0354123  0.0314925  0.0376095  0.0502233  0.0645691  0.0744251  0.0826443  0.0931730  0.1102005  0.1281174  0.1241459  0.1294595  0.0825327  0.0698436  0.0764678  0.0735201
 1  0.1216805  0.1696245  0.1818580  0.1714966  0.2016669  0.1382308  0.1487739  0.0748076  0.0627310  0.1273182  0.1249196  0.2224792  0.2839020  0.2310728  0.2396214  0.1879789  0.1781847  0.0809436  0.0622411  0.1110319  0.1132043  0.1661173  0.1497651  0.1795653  0.1697955  0.2195383  0.2654131
 2  0.0233076  0.0324498  0.0358106  0.0351200  0.0424271  0.0286423  0.0267620  0.0129530  0.0110853  0.0238883  0.0251337  0.0478820  0.0644687  0.0446566  0.0414373  0.0310046  0.0291571  0.0130793  0.0108986  0.0221678  0.0230248  0.0319662  0.0270915  0.0324265  0.0324080  0.0456819  0.0592903
 3  0.1125661  0.1364731  0.1519720  0.0812806  0.0950432  0.1167886  0.0718003  0.0804224  0.0737649  0.0730347  0.0876725  0.0926172  0.1176620  0.1744512  0.1862707  0.1892128  0.1800896  0.0385235  0.0329381  0.0416799  0.0511751  0.0463485  0.0446591  0.0420391  0.0508416  0.0494513  0.0530615
 4  0.0435238  0.0332922  0.0314632  0.0335316  0.0403485  0.0473071  0.0399910  0.0393244  0.0351059  0.0329609  0.0342735  0.0406975  0.0564280  0.0553285  0.0512997  0.0498929  0.0473286  0.0366940  0.0335619  0.0318257  0.0411901  0.0432677  0.0402416  0.0404180  0.0371445  0.0340754  0.0424145
 1  0.1291358  0.1155133  0.1167370  0.1368434  0.1424916  0.1902785  0.2243127  0.2601836  0.3706157  0.2126669  0.2548940  0.0992956  0.0420738  0.1010079  0.0978355  0.1281885  0.1389535  0.0714772  0.0744918  0.0701532  0.0686118  0.1090192  0.1150968  0.0854723  0.0835318  0.1252558  0.1401178
 2  0.0246433  0.0217718  0.0229236  0.0269624  0.0287912  0.0386558  0.0452065  0.0526281  0.0683932  0.0345870  0.0364670  0.0102335  0.0059990  0.0175571  0.0197075  0.0286198  0.0312286  0.0159517  0.0165192  0.0150328  0.0148303  0.0238513  0.0249354  0.0177392  0.0177449  0.0277764  0.0296244
 3  0.1195893  0.1460395  0.1488421  0.0879297  0.0940170  0.1400437  0.1657774  0.2118614  0.3051297  0.4622939  0.5596900  0.0341142  0.0444569  0.0598627  0.0695656  0.0577401  0.0629095  0.0665623  0.0689843  0.0720358  0.0706916  0.0712467  0.0754933  0.0791336  0.0772361  0.0799782  0.0901288
 4  0.0454104  0.0358000  0.0345303  0.0317029  0.0370148  0.0303263  0.0358198  0.0470429  0.0544016  0.0677107  0.0641754  0.0470000  0.0375522  0.0337546  0.0323718  0.0350273  0.0350274  0.0371130  0.0396655  0.0376061  0.0384039  0.0395648  0.0408047  0.0388590  0.0413827  0.0469120  0.0455544
 1  0.1456978  0.1639748  0.1695353  0.2166996  0.2546609  0.1506396  0.1407504  0.1669922  0.1464962  0.1857778  0.2455259  0.1328064  0.1384754  0.0746961  0.0923135  0.1109110  0.1449090  0.0824358  0.1093276  0.0478893  0.0481974  0.0325034  0.0215237  0.0186760  0.0132537  0.0878512  0.1003204
 2  0.0272533  0.0303982  0.0324761  0.0417661  0.0489017  0.0283520  0.0209435  0.0259952  0.0257413  0.0371159  0.0533643  0.0249589  0.0238674  0.0132809  0.0167651  0.0186622  0.0215246  0.0113621  0.0136057  0.0059793  0.0062392  0.0038645  0.0020956  0.0023093  0.0020412  0.0150970  0.0186387
 3  0.1352938  0.1379352  0.1413681  0.1489344  0.1467737  0.0945177  0.0921468  0.1592513  0.1523085  0.1610550  0.2112674  0.3222840  0.3439049  0.3747157  0.4598731  0.6229807  0.8345978  0.9990000  0.9990000  0.9990000  0.9990000  0.9990000  0.9990000  0.5335584  0.3545602  0.3327480  0.3788129
 4  0.0503031  0.0313713  0.0319727  0.0333122  0.0311491  0.0465316  0.0475866  0.0373568  0.0288219  0.0398483  0.0573034  0.0581123  0.0564901  0.0711281  0.0894468  0.0998667  0.1078592  0.1350549  0.1470102  0.1509488  0.1608882  0.1460283  0.0692821  0.0494585  0.0530672  0.0607165  0.0778482
 1  0.1394635  0.2068314  0.2216278  0.2390078  0.2854703  0.2185922  0.2638794  0.1595205  0.1797779  0.0754325  0.0484517  0.0815280  0.0748628  0.0860190  0.0865892  0.0840368  0.0907506  0.0551076  0.0530030  0.0923265  0.0834779  0.1197285  0.1289709  0.1124635  0.1088273  0.1487892  0.1744044
 2  0.0258566  0.0381356  0.0420421  0.0466783  0.0559613  0.0424387  0.0533142  0.0309866  0.0309122  0.0104789  0.0074901  0.0145937  0.0140322  0.0175358  0.0196587  0.0199546  0.0203386  0.0121635  0.0100183  0.0174451  0.0163162  0.0253812  0.0287487  0.0241205  0.0232353  0.0331084  0.0421758
 3  0.1297000  0.1317692  0.1452856  0.0763881  0.0910379  0.1138307  0.1362283  0.1925657  0.2225141  0.2042852  0.0592561  0.0529017  0.0649543  0.0582184  0.0575766  0.0636417  0.0696096  0.0705659  0.0357958  0.0388654  0.0465170  0.0536605  0.0575477  0.0420227  0.0408265  0.0413705  0.0479330
 4  0.0471594  0.0320544  0.0309920  0.0332894  0.0390844  0.0484638  0.0646056  0.0808856  0.0713208  0.0441452  0.0378740  0.0338596  0.0358635  0.0370530  0.0456192  0.0513738  0.0473170  0.0486033  0.0400651  0.0359588  0.0308468  0.0362177  0.0377048  0.0379133  0.0371437  0.0435521  0.0603095
 1  0.1220500  0.2055958  0.2327029  0.2214800  0.2807791  0.1437606  0.1306355  0.1371484  0.1236403  0.1197408  0.1200708  0.1424551  0.1381352  0.2772106  0.3505388  0.3499243  0.2898971  0.1457091  0.1432070  0.2092854  0.2084731  0.1214965  0.1195510  0.1923821  0.2071652  0.1007524  0.0892308
 2  0.0232430  0.0391999  0.0451907  0.0452881  0.0570896  0.0254568  0.0232187  0.0241511  0.0215913  0.0226113  0.0237514  0.0279207  0.0269908  0.0567155  0.0747818  0.0567088  0.0451269  0.0255774  0.0273871  0.0405210  0.0410521  0.0242622  0.0239968  0.0403698  0.0394964  0.0184485  0.0178391
 3  0.1131263  0.1529849  0.1377099  0.0841523  0.1062526  0.1342550  0.0782013  0.0918204  0.0824681  0.0871165  0.0725142  0.0708856  0.0655077  0.0641717  0.0805768  0.1158961  0.0432847  0.0370812  0.0358778  0.0357324  0.0357169  0.0370425  0.0364636  0.0358908  0.0390502  0.0362284  0.0313970
 4  0.0431712  0.0363838  0.0303108  0.0331459  0.0392321  0.0367892  0.0393374  0.0382416  0.0369463  0.0316046  0.0340700  0.0360941  0.0321493  0.0355004  0.0492407  0.0369928  0.0375956  0.0327988  0.0367421  0.0341754  0.0354024  0.0377712  0.0378703  0.0408352  0.0342723  0.0307939  0.0340677
 1  0.1033990  0.1992275  0.2284775  0.2436674  0.2819936  0.2413404  0.2261179  0.0994582  0.1063009  0.0560300  0.0568211  0.0891305  0.0971451  0.0320224  0.0326306  0.1078495  0.1183540  0.1543204  0.1904199  0.1661079  0.1658530  0.1361384  0.1332123  0.0912019  0.0853334  0.0336154  0.0231377
 2  0.0201090  0.0391881  0.0458538  0.0481123  0.0532086  0.0413305  0.0396711  0.0190208  0.0229599  0.0123811  0.0121508  0.0192601  0.0202712  0.0067700  0.0066972  0.0226591  0.0251995  0.0335434  0.0394991  0.0302310  0.0276498  0.0228046  0.0225752  0.0160169  0.0134425  0.0051354  0.0040110
 3  0.0955240  0.1394133  0.1381988  0.0820490  0.0802161  0.0733796  0.0770641  0.0793545  0.0834274  0.0973732  0.1001397  0.0991484  0.1079132  0.1142401  0.1162205  0.1108192  0.1205724  0.1381210  0.1711712  0.2059592  0.2081570  0.1970760  0.1914039  0.1870655  0.1772367  0.0344126  0.0413541
 4  0.0379955  0.0368242  0.0327957  0.0375902  0.0366890  0.0366744  0.0347823  0.0441276  0.0588834  0.0630217  0.0584794  0.0619773  0.0633130  0.0704792  0.0646439  0.0665258  0.0747409  0.0899275  0.0964452  0.0906521  0.0805347  0.0810113  0.0803108  0.0844728  0.0611171  0.0393251  0.0369086
 1  0.1289827  0.1529872  0.1625589  0.1083414  0.0911534  0.1023441  0.1158494  0.1526531  0.1059140  0.1055871  0.1024587  0.1194011  0.1385219  0.1367844  0.1511168  0.1627014  0.1576292  0.1170255  0.0834891  0.1045167  0.1025879  0.1122247  0.1219263  0.1165120  0.1386035  0.1728956  0.2268491
 2  0.0254748  0.0298158  0.0323479  0.0191623  0.0164718  0.0206762  0.0264209  0.0258047  0.0161575  0.0178933  0.0192580  0.0252203  0.0332534  0.0327877  0.0323109  0.0314146  0.0299729  0.0189018  0.0137788  0.0193071  0.0211362  0.0248189  0.0284569  0.0285545  0.0351015  0.0440166  0.0535708
 3  0.1188967  0.1316599  0.1486938  0.0833996  0.0806521  0.0740375  0.1454939  0.1256387  0.1716931  0.1559590  0.1484349  0.0918435  0.0864138  0.0771888  0.0679047  0.0666270  0.0583315  0.0591740  0.0573222  0.0662645  0.0704805  0.0677290  0.0585710  0.0606735  0.0719660  0.0921324  0.1222661
 4  0.0485996  0.0336857  0.0384588  0.0417249  0.0353141  0.0432670  0.0440842  0.0490257  0.0431990  0.0335172  0.0306378  0.0306631  0.0308188  0.0398145  0.0385416  0.0389534  0.0453079  0.0446444  0.0394348  0.0348169  0.0365232  0.0349606  0.0325513  0.0326114  0.0420285  0.0521929  0.0573931
 1  0.1303734  0.2103821  0.2381321  0.4710194  0.8929977  0.5939730  0.5976834  0.0606795  0.0453304  0.0728165  0.0635801  0.0852533  0.1150684  0.0984706  0.0499086  0.0885329  0.0687680  0.1610484  0.1926657  0.2645424  0.1647615  0.1458186  0.1476015  0.1969548  0.2306907  0.1428199  0.1730114
 2  0.0246442  0.0398379  0.0458213  0.0922470  0.1634371  0.0732128  0.0478893  0.0072307  0.0060686  0.0102744  0.0099977  0.0151091  0.0211806  0.0113834  0.0054713  0.0129657  0.0123841  0.0348407  0.0476124  0.0415729  0.0245662  0.0254190  0.0304434  0.0441878  0.0532441  0.0343584  0.0405319
 3  0.1208495  0.1584448  0.1524408  0.1882715  0.3601953  0.9990000  0.9990000  0.8116764  0.5733212  0.4648269  0.3967445  0.4088056  0.5479527  0.7776409  0.0357140  0.0293294  0.0216342  0.0204876  0.0553603  0.0553464  0.0263878  0.0454599  0.0527226  0.0567532  0.0567999  0.0450324  0.0545152
 4  0.0458997  0.0365805  0.0319101  0.0412063  0.0706438  0.1865737  0.0942045  0.0706528  0.0633366  0.0562785  0.0607012  0.0808047  0.1107006  0.0596962  0.0407211  0.0387016  0.0450307  0.0598577  0.0547216  0.0523926  0.0393345  0.0330221  0.0330028  0.0342980  0.0345064  0.0322469  0.0366038
 1  0.1268093  0.1692310  0.1847432  0.1778193  0.2096101  0.1796029  0.1989963  0.1874420  0.2284662  0.0793418  0.0528599  0.0838298  0.0854122  0.1040425  0.1106544  0.1577952  0.1591820  0.1277220  0.1191242  0.2184596  0.2659747  0.1579951  0.1680018  0.1286153  0.0812423  0.1641581  0.1707644
 2  0.0247688  0.0329358  0.0365928  0.0365247  0.0436789  0.0358333  0.0391950  0.0374658  0.0429146  0.0115445  0.0084144  0.0153982  0.0171391  0.0222194  0.0229196  0.0313231  0.0280260  0.0232035  0.0240296  0.0481124  0.0600895  0.0341601  0.0344770  0.0195517  0.0130665  0.0301287  0.0348444
 3  0.1170336  0.1419691  0.1373115  0.0813136  0.0953909  0.1153305  0.1280381  0.1509832  0.1853992  0.1997619  0.1320673  0.1059097  0.1065362  0.1109638  0.1185603  0.1189311  0.0344736  0.0291416  0.0265473  0.0276812  0.0338117  0.0428685  0.0458251  0.0264148  0.0406749  0.0516153  0.0487243
 4  0.0472314  0.0350520  0.0296553  0.0324662  0.0381685  0.0415494  0.0464186  0.0580420  0.0600808  0.0386510  0.0331219  0.0373180  0.0428169  0.0468617  0.0440744  0.0415995  0.0380051  0.0362274  0.0421588  0.0508306  0.0601533  0.0681558  0.0659474  0.0418578  0.0402880  0.0353488  0.0393245
 1  0.1361934  0.1759543  0.1876934  0.1699022  0.2041568  0.2463545  0.2978966  0.1592642  0.0872565  0.0947654  0.0901012  0.0842817  0.0761008  0.0991793  0.0993954  0.1364503  0.1729476  0.2338263  0.3134251  0.1024553  0.1015283  0.1077251  0.1003444  0.2156150  0.1443859  0.1734440  0.1753346
 2  0.0264105  0.0337645  0.0367238  0.0340346  0.0421343  0.0471114  0.0512745  0.0200568  0.0127137  0.0163954  0.0184153  0.0174589  0.0144834  0.0197664  0.0213484  0.0328225  0.0452245  0.0600665  0.0653883  0.0188320  0.0171031  0.0185944  0.0178059  0.0317465  0.0232410  0.0315867  0.0344328
 3  0.1257440  0.1283731  0.1287792  0.1473959  0.1761998  0.2329668  0.2885271  0.0559172  0.0506409  0.0579153  0.0655673  0.0699446  0.0547260  0.0522786  0.0513354  0.0566928  0.0715014  0.0957333  0.1314087  0.1629522  0.1610554  0.1396767  0.0482447  0.0416182  0.0386614  0.0359412  0.0482927
 4  0.0501259  0.0323691  0.0295778  0.0358008  0.0457024  0.0496505  0.0516852  0.0433747  0.0401843  0.0329774  0.0358561  0.0459314  0.0407684  0.0320014  0.0389633  0.0538978  0.0723658  0.0837612  0.0761138  0.0853276  0.0713781  0.0675474  0.0471556  0.0421914  0.0373316  0.0316418  0.0372863
 1  0.1185326  0.1309629  0.1349849  0.0844748  0.0981222  0.2194793  0.3438504  0.1208772  0.0651817  0.1055307  0.1000980  0.1007208  0.1018487  0.1400270  0.1562098  0.2563917  0.3114875  0.1039038  0.0848190  0.1164862  0.1206021  0.1038840  0.1028475  0.1931422  0.2399874  0.2048180  0.1842262
 2  0.0227503  0.0250517  0.0268716  0.0177216  0.0221736  0.0516405  0.0690901  0.0152213  0.0095794  0.0184074  0.0189161  0.0207906  0.0218225  0.0310867  0.0343159  0.0565122  0.0566276  0.0172927  0.0158071  0.0237466  0.0252523  0.0219098  0.0228006  0.0449170  0.0535175  0.0382253  0.0333152
 3  0.1096772  0.1346941  0.1293851  0.1440496  0.1656736  0.2141152  0.3429797  0.0481376  0.0491480  0.0602530  0.0532909  0.0601402  0.0717183  0.0608314  0.0676682  0.0757816  0.0507212  0.0373951  0.0430695  0.0541526  0.0447884  0.0428491  0.0420967  0.0453846  0.0567331  0.0659337  0.0596865
 4  0.0422451  0.0336449  0.0281123  0.0350590  0.0468274  0.0629364  0.0684757  0.0463613  0.0360975  0.0367739  0.0377019  0.0398559  0.0365278  0.0336710  0.0362427  0.0414506  0.0412575  0.0372599  0.0334763  0.0349593  0.0376689  0.0366204  0.0407165  0.0492345  0.0525102  0.0419684  0.0393028
 1  0.1320631  0.1129398  0.1145435  0.0908504  0.0705363  0.1039039  0.1182269  0.0901676  0.0996815  0.1296196  0.1488164  0.1626667  0.1657719  0.0996719  0.0907185  0.1386541  0.1460571  0.1012109  0.0986210  0.0580188  0.0584276  0.0285731  0.0254728  0.0684561  0.0648634  0.1279552  0.1319484
 2  0.0255619  0.0214588  0.0225541  0.0154559  0.0125024  0.0204732  0.0254720  0.0207426  0.0223237  0.0287978  0.0337941  0.0337883  0.0307167  0.0182582  0.0177012  0.0284787  0.0314264  0.0212587  0.0205172  0.0125338  0.0120074  0.0057560  0.0053881  0.0144657  0.0136828  0.0272073  0.0292773
 3  0.1220465  0.1472895  0.1444245  0.0782250  0.0771376  0.1498765  0.1213908  0.0782023  0.0818864  0.0848450  0.0963813  0.1191691  0.0493391  0.0637481  0.0583712  0.0584975  0.0615630  0.0665148  0.0652010  0.0653615  0.0660886  0.0452568  0.0534725  0.0529014  0.0492652  0.0522797  0.0458993
 4  0.0476083  0.0367478  0.0419623  0.0432365  0.0351872  0.0271335  0.0247728  0.0323692  0.0365189  0.0383737  0.0489615  0.0465711  0.0417072  0.0376163  0.0333984  0.0332653  0.0373495  0.0361646  0.0358337  0.0400333  0.0346261  0.0360749  0.0353699  0.0364711  0.0370854  0.0349976  0.0358968
 1  0.1123856  0.1157457  0.1202218  0.2195703  0.3205655  0.4551105  0.6641187  0.1604978  0.1060392  0.1587833  0.1518395  0.0749896  0.0763284  0.1388671  0.1413029  0.2082898  0.2159933  0.1239304  0.1109589  0.1259465  0.1174738  0.1638248  0.1592586  0.1915812  0.1996402  0.2776323  0.3481855
 2  0.0216566  0.0225475  0.0244514  0.0480720  0.0734021  0.0855953  0.0728601  0.0206366  0.0150850  0.0264275  0.0289538  0.0156963  0.0158211  0.0284839  0.0295599  0.0415769  0.0407314  0.0224211  0.0214282  0.0242214  0.0235467  0.0325230  0.0317274  0.0380376  0.0405900  0.0582011  0.0743484
 3  0.1039106  0.1368258  0.1334130  0.1500497  0.2172840  0.4144216  0.6788565  0.0653764  0.0776008  0.0811474  0.0761592  0.0816800  0.0645717  0.0577801  0.0682995  0.0703409  0.0705805  0.0497412  0.0462223  0.0459546  0.0530318  0.0362496  0.0460152  0.0465687  0.0434632  0.0476644  0.0598361
 4  0.0408804  0.0318546  0.0296207  0.0393651  0.0610228  0.0724123  0.0469984  0.0374976  0.0370559  0.0325521  0.0308715  0.0378977  0.0347475  0.0346427  0.0347641  0.0364069  0.0439383  0.0405292  0.0376558  0.0373653  0.0388783  0.0357371  0.0356110  0.0373709  0.0354058  0.0406937  0.0534879
