2019 2020 2021 2022 2023 2024 2025 2026 2027 2028 2029 2030 2031 2032 2033 2034 2035 2036 2037 2038 2039 2040 2041 2042 2043 2044 2045
 0.3700447  0.4098357  0.3663028  0.4487495  0.4071586  0.2782066  0.2454061  0.3776098  0.4042965  0.5040217  0.7549443  0.5807774  0.6338610  0.7905721  1.3012108  1.7222099  1.8545981  2.0064684        NaN  2.0770323  0.6773110  0.1269850  0.1214218  0.2295608  0.1832832  0.3764907  0.4470777
 0.3581629  0.3793820  0.3882421  0.5084445  0.6338031  0.5768031  0.4304809  0.2776048  0.2704787  0.2434770  0.2458559  0.1950939  0.1829086  0.1918221  0.1877074  0.1703355  0.1741899  0.1664935  0.1649709  0.5138396  0.6882988  0.6322112  0.8703929  0.6442354  0.9392880  0.5297502  0.4361419
 0.3469262  0.4929130  0.5156043  0.3725650  0.3747074  0.5986513  0.9001584  0.5975471  0.5948865  0.4457034  0.4867123  0.5699961  0.5341385  0.3522436  0.3266015  0.4369284  0.4381990  0.4279450  0.4171073  0.3799621  0.3967065  0.6434912  0.9130054  0.5388257  0.1885067  0.2036893  0.1879213
 0.3481117  0.3029987  0.2976255  0.4687513  0.5239169  0.4860786  0.6358177  0.4583736  0.2174259  0.1497303  0.1685337  0.1839823  0.1579851  0.1869237  0.1775621  0.2118524  0.2199785  0.3138138  0.3661151  0.3153182  0.3066529  0.3396043  0.3252689  0.3753449  0.4863129  0.4520797  0.5498299
 0.3492800  0.3481355  0.3516129  0.3971826  0.4065267  0.5060314  0.5545342  0.8429133  1.0723464  1.0865612  1.9837826  1.4911917  1.2988226  0.1416649  0.1461606  0.3144759  0.3388261  0.4447577  0.5052430  0.2266525  0.2025841  0.3765242  0.4647115  0.7047557  1.3584491  0.4854701  0.3372055
 0.3398981  0.4785710  0.5228693  0.6423278  0.9240637  1.0251830  2.6393074  1.5952523  0.2420671  0.1810312  0.1606562  0.1586192  0.1610186  0.2419138  0.2448412  0.3108706  0.3691061  0.3274448  0.3682123  0.2437244  0.2180150  0.2448046  0.1938868  0.3576004  0.4085852  0.2012114  0.1711389
 0.3830502  0.5257245  0.5808307  0.2979801  0.3030626  0.2679629  0.3206553  0.3431656  0.4269122  0.4821605  0.6397028  0.5235182  0.3419650  0.2467466  0.2186461  0.4620242  0.5711898  0.5012786  0.2840314  0.1284540  0.1290153  0.1712314  0.1757416  0.2610495  0.2890901  0.2793384  0.3550943
 0.3706689  0.2525663  0.2609377  0.2902752  0.3476329  0.5706740  0.7941856  0.5450975  0.4664050  0.2695403  0.2615059  0.4525766  0.5774663  0.5316540  0.7578248  0.6401368  0.2390377  0.2662027  0.2550600  0.5942687  0.7239272  0.6769294  1.1747384  0.6706456  0.6728436  0.4447347  0.1531644
 0.3644012  0.5407915  0.5734765  0.7917042  1.5142499  1.5223388  2.6163819  0.8446056  0.1360065  0.2157235  0.1956212  0.3124093  0.3234788  0.3353090  0.4177084  0.4246644  0.6111237  0.5776455  0.5503412  0.5155030  0.4824558  0.4113806  0.1854947  0.1352935  0.0987196  0.1659582  0.1704332
 0.3855958  0.4960889  0.5108109  0.3598605  0.3375573  0.2745808  0.3333348  0.3777925  0.4555765  0.4496361  0.4604681  0.4203883  0.4589945  0.4394318  0.1671406  0.1812374  0.1538685  0.2749669  0.2957606  0.3371742  0.4587586  0.7811677  1.4357635  0.8266135  0.7213836  0.4486404  0.4108241
 0.3454323  0.3674638  0.3166623  0.2830649  0.2903829  0.3301654  0.3625630  0.3389605  0.3800441  0.4030357  0.4590334  0.2726386  0.2070645  0.3304755  0.3146092  0.2937171  0.3026541  0.3501536  0.3464774  0.2372032  0.2574420  0.3754336  0.4389299  0.3716725  0.4269128  0.5616725  0.6749947
 0.3874715  0.4156527  0.4170493  0.5106863  0.6216089  0.7395877  1.3277446  3.1916051        NaN        NaN  2.8148022  0.1209744  0.1080794  0.2602778  0.2743593  0.3879535  0.4723344  0.5651063  0.5219766  0.2393852  0.1934986  0.2666649  0.2459294  0.3508713  0.2748872  0.3669323  0.3517601
 0.4074468  0.4682309  0.5134487  0.3141334  0.3433986  0.2547753  0.2355424  0.2017582  0.2268801  0.3816653  0.5356937  0.6625628  0.8179029  0.8346079  1.1053955  0.9277752  1.0125400  0.8211522  0.4101126  0.3185935  0.3087301  0.3909591  0.4387725  0.6961647  0.7528261  0.2701933  0.1816024
 0.3874858  0.4646913  0.4807399  0.8487975  1.8500703  3.0535272  2.7295670  1.4932720  1.7133684  1.4630274  1.1263609  0.2627175  0.2239156  0.3553935  0.3932732  0.3510705  0.2915966  0.1830183  0.1799447  0.1948042  0.1884495  0.3608859  0.4911318  0.5075348  0.7497717  0.6255960  0.8013158
 0.4330903  0.4580090  0.5183841  0.4188938  0.4224561  0.2834882  0.2966176  0.3009035  0.3959419  0.5567996  0.6877753  0.1186701  0.0934533  0.2209598  0.2319397  0.2378320  0.2904480  0.4202318  0.5413115  0.5130105  0.4873114  0.3518234  0.3662911  0.3080229  0.2866248  0.1987435  0.1615829
 0.3942923  0.4477077  0.4339475  0.3061153  0.3384854  0.5567574  0.6479263  0.5464045  0.5387292  0.4084260  0.3616149  0.3056561  0.3020807  0.3624100  0.3814141  0.2970217  0.2366712  0.1723207  0.1661830  0.2338728  0.2763362  0.3999049  0.5621237  0.4701880  0.4816296  0.3232332  0.2832281
 0.3817389  0.5443899  0.5802499  0.3361910  0.3279391  0.3445939  0.3613559  0.2875185  0.3140681  0.2642317  0.2474315  0.2476218  0.2158220  0.1836030  0.1307254  0.2395324  0.2775708  0.3957703  0.4239780  0.3885373  0.4361243  0.6191137  1.0125772  0.6592065  0.7865840  0.3844968  0.3088428
 0.3184712  0.3764974  0.3616777  0.4473499  0.4796019  0.3347192  0.3259742  0.4014566  0.5139019  0.6018087  0.8189388  0.4836131  0.4546470  0.5286426  0.3156798  0.2214956  0.1840888  0.2052436  0.2126752  0.2439503  0.1973166  0.1799563  0.1794341  0.2486299  0.2749272  0.2649932  0.2056395
 0.3667083  0.4131803  0.3989427  1.0727871        NaN        NaN        NaN        NaN        NaN        NaN  2.6207261  1.8627486  1.8825335        NaN        NaN  3.1391671  1.6344523  1.8000985  2.6006573  2.2318051  1.7482956        NaN        NaN  1.9085126        NaN  1.8703015  0.9496460
 0.3677299  0.4345769  0.4358539  0.5276928  0.5513727  0.4345452  0.4946580  0.6877015  1.3063107  0.1598857  0.1286258  0.1887724  0.1925504  0.2828385  0.2785547  0.4546244  0.5211386  0.7666628  1.3129678  0.8824672  0.7101892  0.7827966  1.0017984  0.6986137  0.8058360  0.4984753  0.3880200
 0.3255887  0.3474006  0.3597154  0.3658540  0.4506376  0.3831999  0.4574102  0.2175638  0.2070379  0.1529920  0.1507950  0.2169738  0.2030875  0.2714612  0.2797940  0.4387181  0.6369090  0.9056730  2.7249123  1.3310259  0.9375454  0.3711358  0.3003764  0.4127574  0.4169236  0.2279100  0.1787547
 0.3397852  0.3557474  0.3644679  0.2990648  0.3416286  0.2490413  0.2586614  0.4509708  0.6198018  0.2805158  0.1738497  0.1933706  0.1946443  0.3166345  0.3778320  0.4522368  0.5983919  0.5018077  0.5101217  0.4728460  0.4250495  0.2060221  0.1824839  0.1607272  0.1642827  0.1722139  0.1804848
 0.3834312  0.3722662  0.3560525  0.7022039  0.8462480  1.6529505        NaN  0.7493612  0.6018943  0.6450595  0.6384476  1.3022036  2.3723475  1.0546059  0.4823804  0.4097208  0.3837224  0.2295664  0.2469211  0.2441826  0.2659537  0.1910817  0.1867606  0.2973896  0.3155680  0.3462371  0.4088499
 0.3568089  0.4077650  0.4069652  0.4328047  0.5800868  0.7186158  0.9417392  0.8365530  0.9303313  1.0665817  1.4948941        NaN        NaN        NaN  2.2177718  0.0939770  0.1115066  0.1809503  0.1366283  0.2993817  0.3176529  0.3833277  0.5360631  0.3222525  0.4293892  0.2732224  0.2649128
 0.3219950  0.3660570  0.3588260  0.3783204  0.3869629  0.3885943  0.4475157  0.6495872  1.1274190  0.6920879  0.6567865  0.3801468  0.1225345  0.1666552  0.1734517  0.2959810  0.2472079  0.2754827  0.2744190  0.3182799  0.3653624  0.3493340  0.2287163  0.2489334  0.2835697  0.2683856  0.3290408
 0.3351417  0.3261777  0.3468249  0.3787435  0.4662375  0.8318618  3.1073221        NaN        NaN  2.2773920  1.1786782  0.1202776  0.1231590  0.2001484  0.1931465  0.1584825  0.1485068  0.1920259  0.2155912  0.2577828  0.2949469  0.3028373  0.3049827  0.3126963  0.3621314  0.2588840  0.2586116
 0.3404215  0.3496159  0.3379833  0.4201539  0.4541730  0.3857903  0.4397332  0.2896685  0.3023617  0.3317681  0.2516905  0.1791764  0.1471513  0.1643094  0.1849747  0.2559958  0.2778123  0.2757158  0.3015190  0.3030685  0.3087412  0.1973319  0.1923516  0.2254829  0.1508203  0.2057774  0.1680610
 0.3831411  0.4213372  0.3991253  0.3183501  0.3120354  0.3166786  0.2894712  0.2885173  0.3515772  0.3665168  0.4298669  0.5286795  0.6076728  0.4616124  0.4937629  0.7321838  1.2320403  1.2752921  0.8112575  0.1231622  0.0996628  0.1301198  0.1378621  0.2330605  0.2556242  0.3731024  0.5414640
 0.3449323  0.3611727  0.3476446  0.5572322  0.7396118  0.6616918  0.9246716  0.7253542  0.2420786  0.1485692  0.1421960  0.2580594  0.2838988  0.3355386  0.3752093  0.2745721  0.2696404  0.3074657  0.2629245  0.2388834  0.2120953  0.2926266  0.2624149  0.2580484  0.2887037  0.1922300  0.1719914
 0.3105468  0.3933972  0.3942994  0.4226816  0.5760997  1.0845930        NaN        NaN        NaN  2.4660452  0.1171124  0.1526143  0.1457387  0.3250312  0.3811327  0.3867611  0.3802959  0.1626973  0.1539304  0.2675796  0.2842227  0.6613072  0.9485544  0.5175952  0.3345627  0.3148618  0.2365423
 0.3946093  0.4465199  0.4469657  0.5011617  0.6943391  0.5916466  0.3483644  0.3239267  0.2994863  0.4151782  0.5547261  0.3599638  0.3952864  0.4067252  0.3447654  0.2226890  0.1844049  0.2425514  0.2382741  0.3619882  0.4340067  0.4067718  0.4085659  0.2657394  0.2845828  0.2333352  0.2289477
 0.3114949  0.4284082  0.4427629  0.2751059  0.2702766  0.2861006  0.3266554  0.3061186  0.3108027  0.1552062  0.1607200  0.2101672  0.1665959  0.1998381  0.1999628  0.2470390  0.2572726  0.2302558  0.2819961  0.3163326  0.4004766  0.3485829  0.3283306  0.4055232  0.4609300  0.4364916  0.3421878
 0.3588675  0.9676626  1.4274367  1.4833945        NaN        NaN        NaN  1.6082607  0.9400911  0.6780612  0.6024790  0.6233510  0.2529847  0.2717168  0.2400338  0.2433664  0.2586216  0.2617747  0.2524112  0.4921170  0.6388116  0.3172885  0.2106268  0.2473976  0.2777865  0.3309524  0.4427363
 0.3602931  0.2906820  0.3043638  0.3212373  0.3409827  0.3175452  0.3238138  0.2987567  0.2989866  0.3455420  0.3660177  0.6689802  1.2606066  3.7990300        NaN  4.9748336  1.6382392  0.4610739  0.0765042  0.1301701  0.1293584  0.2007192  0.2107492  0.3007812  0.3533106  0.2489664  0.2617969
 0.4004679  0.2530171  0.2486065  0.3511533  0.3777892  0.2538836  0.2384993  0.2067478  0.2125584  0.1845748  0.1896951  0.2024558  0.2234560  0.3019716  0.4020215  0.2103516  0.1827203  0.2945119  0.3035035  0.2992220  0.3215544  0.2653891  0.2525118  0.2950623  0.3185504  0.5015740  0.6852868
 0.3703705  0.3387357  0.3269269  0.2832742  0.2646725  0.3846062  0.4030961  0.4034752  0.3921639  0.3436596  0.3822356  0.5378187  0.7101274  0.4306661  0.3971281  0.4068693  0.3806349  0.6318938  0.7742997  0.6710216  0.7807260  0.4842114  0.1828659  0.2373753  0.2215764  0.2293425  0.2018891
 0.3258980  0.5121779  0.5643166  0.3974183  0.4356757  0.3589468  0.3590686  0.4388308  0.4163155  0.4082428  0.3340974  0.2837282  0.3020302  0.4424751  0.6085722  0.6297431  0.9538014  0.7160662  0.8110275  0.8061724  1.0351782  1.3070508  1.4477505  0.9934402  0.5747237  0.4966049  0.4773658
 0.3571923  0.4637134  0.5109400  0.3850441  0.4730769  0.3974844  0.3369871  0.2304068  0.2007971  0.2963330  0.3154502  0.5110530  0.7222457  0.7022079  0.7237748  0.6049387  0.5625429  0.1828790  0.1499774  0.2291421  0.2570967  0.3376460  0.3020941  0.3479200  0.3415432  0.4249203  0.5342035
 0.3827605  0.3833285  0.3883592  0.3321649  0.3577175  0.5075043  0.6340721  0.8416643  1.5949433  1.4616476  2.1154577  0.1673199  0.1336321  0.2376062  0.2449893  0.2817737  0.3082448  0.2088273  0.2185177  0.2145922  0.2108775  0.2754482  0.2923884  0.2484971  0.2453130  0.3220258  0.3618728
 0.4425226  0.4507555  0.4689164  0.5794336  0.6546684  0.3807178  0.3431367  0.4845123  0.4345446  0.5468315  0.8233276  0.7699062  0.8205500  0.7599898  1.0683301  1.8688869        NaN        NaN        NaN        NaN        NaN        NaN  2.0170902  0.8220037  0.5411644  0.6836661  0.8425929
 0.4173530  0.5240721  0.5780826  0.5010912  0.6356846  0.5484612  0.7225013  0.6184580  0.6866338  0.3790305  0.1625109  0.2006431  0.2098181  0.2198512  0.2281744  0.2388262  0.2551430  0.2013063  0.1491437  0.2030699  0.1942383  0.2641133  0.2864906  0.2416900  0.2335479  0.3043589  0.3763027
 0.3579241  0.5678795  0.5888341  0.4810140  0.6563842  0.4137577  0.3145632  0.3425061  0.3061699  0.3011952  0.2864272  0.3235777  0.3038970  0.5651720  0.7966913  0.8063303  0.5300345  0.2748766  0.2767430  0.3842632  0.3849488  0.2476641  0.2441940  0.3656034  0.3848800  0.2056812  0.1875029
 0.2962493  0.5338248  0.5866464  0.5278189  0.5993641  0.4960457  0.4726964  0.2755034  0.3084323  0.2546821  0.2557857  0.3088528  0.3375243  0.2481400  0.2473086  0.3633657  0.4080494  0.5259910  0.6806786  0.6726986  0.6478480  0.5669095  0.5526212  0.4681850  0.3970462  0.1154366  0.1105661
 0.3871243  0.4266879  0.4780169  0.2896725  0.2524480  0.2719167  0.3908402  0.4255764  0.3974126  0.3731935  0.3565846  0.3071780  0.3320456  0.3305175  0.3396100  0.3552687  0.3405098  0.2684942  0.2133461  0.2539365  0.2590153  0.2697940  0.2706356  0.2648468  0.3263782  0.4313557  0.6029758
 0.3871017  0.5875862  0.6298034  1.5662077        NaN        NaN        NaN  1.9975384  1.0654575  0.8803802  0.7463310  0.8876720  1.5366189  1.7842441  0.1164619  0.1814827  0.1589729  0.3130327  0.4098369  0.5113143  0.2867868  0.2865593  0.3014600  0.3975900  0.4630489  0.2862080  0.3561966
 0.3782739  0.4753154  0.4898871  0.3948830  0.4854782  0.4639017  0.5298552  0.5640239  0.7197521  0.3798908  0.2530390  0.2763283  0.2876063  0.3295322  0.3491890  0.4274902  0.2995397  0.2431829  0.2353487  0.4146133  0.5338338  0.3556136  0.3695613  0.2348815  0.1900262  0.3291365  0.3431977
 0.4118165  0.4615213  0.4809761  0.4874204  0.6259506  0.8553143  1.1459353  0.2938979  0.2047148  0.2250704  0.2313860  0.2427273  0.2054922  0.2261159  0.2328897  0.3140006  0.4231420  0.6128737  0.8792572  0.4557662  0.4271942  0.4018515  0.2353565  0.3881543  0.2761992  0.3171880  0.3480109
 0.3460531  0.3910361  0.3832668  0.3276167  0.3966312  0.7732167  1.7129134  0.2332105  0.1688953  0.2482796  0.2347492  0.2475232  0.2612435  0.3042514  0.3447193  0.5536893  0.6141125  0.2161217  0.1940356  0.2576158  0.2567033  0.2277310  0.2294526  0.3933745  0.5070014  0.4310455  0.3796271
 0.3952400  0.3823193  0.3872336  0.2557976  0.2164735  0.3570348  0.3385880  0.2448046  0.2717851  0.3267242  0.3878609  0.4469628  0.3377474  0.2468556  0.2219728  0.2972879  0.3191841  0.2533274  0.2468096  0.1897215  0.1865403  0.1221897  0.1252876  0.1871195  0.1780809  0.2752677  0.2736619
 0.3259550  0.3656187  0.3660754  0.6030264  1.0879295        NaN        NaN  0.3092582  0.2593376  0.3530398  0.3378458  0.2324851  0.2112518  0.2990121  0.3171313  0.4390435  0.4622019  0.2693366  0.2417979  0.2652153  0.2628483  0.3113072  0.3164660  0.3748669  0.3817707  0.5476458  0.7559697
