FL 2019 2020 2021 2022 2023 2024 2025 2026 2027 2028 2029 2030 2031 2032 2033 2034 2035 2036 2037 2038 2039 2040 2041 2042 2043 2044 2045
 1  0.7288134  0.6828020  0.6394473  0.6170527  0.6253295  0.6790529  0.6790382  0.6732851  0.6671035  0.6651321  0.6675480  0.6650161  0.6645367  0.6462376  0.6247624  0.6280446  0.6380454  0.5871022  0.5357924  0.6449996  0.6761125  0.6691929  0.6809810  0.6917486  0.7082589  0.7060357  0.6946957
 2  0.5725724  0.5236363  0.4872211  0.4634967  0.5224158  0.5769837  0.5789627  0.5510312  0.5055942  0.4764702  0.4846996  0.5279656  0.5460404  0.5278118  0.5091073  0.5415010  0.5568902  0.5043179  0.4896778  0.5890299  0.5981341  0.5900218  0.5885368  0.5891483  0.5900301  0.5826672  0.5529294
 3  0.7521145  0.7089222  0.6637214  0.6374454  0.6377698  0.6982082  0.7014454  0.6926207  0.6837342  0.6801283  0.6817948  0.6815260  0.6840936  0.6666047  0.6421441  0.6434525  0.6598504  0.6112965  0.5477959  0.6598730  0.7016174  0.6938108  0.7034974  0.7101865  0.7279520  0.7261158  0.7131053
 4  0.4566311  0.4168102  0.3812950  0.3559258  0.4799325  0.5252169  0.4859786  0.4167372  0.3674764  0.3625818  0.4114265  0.4683992  0.4712448  0.4301264  0.4319680  0.4951772  0.4985861  0.4225316  0.4519626  0.5468235  0.5415004  0.5196029  0.4947353  0.5027971  0.5118117  0.4821223  0.4298773
 1  0.7290193  0.6837632  0.6423074  0.6183627  0.6050878  0.6062221  0.6407447  0.6536780  0.6647280  0.6827399  0.6870325  0.6882846  0.6969948  0.6997389  0.7061780  0.7074410  0.7108769  0.7232728  0.7144812  0.7095912  0.6934972  0.6753200  0.6711501  0.6429006  0.6339295  0.6440790  0.6666192
 2  0.5731135  0.5245497  0.4884928  0.4642720  0.4497700  0.4803866  0.5328568  0.5484243  0.5562601  0.5645131  0.5612820  0.5529818  0.5513305  0.5511032  0.5546971  0.5551141  0.5757803  0.5945085  0.5929172  0.5718993  0.5331421  0.5167102  0.5223500  0.5062607  0.5048890  0.5388363  0.5686891
 3  0.7523618  0.7097663  0.6663831  0.6385598  0.6224626  0.6202232  0.6568622  0.6735446  0.6827267  0.7011374  0.7062737  0.7057094  0.7142204  0.7166687  0.7227445  0.7249033  0.7267601  0.7430335  0.7353531  0.7276709  0.7103814  0.6919466  0.6888599  0.6628011  0.6510562  0.6605767  0.6862990
 4  0.4573780  0.4167930  0.3806126  0.3588143  0.3559278  0.4286769  0.4803868  0.4692190  0.4737394  0.4854830  0.4649870  0.4547565  0.4542783  0.4540764  0.4636979  0.4530182  0.5013487  0.5249173  0.4922504  0.4435948  0.4147764  0.4308757  0.4438816  0.4113663  0.4263596  0.4854370  0.5057336
 1  0.7283085  0.6840649  0.6352572  0.6087341  0.6238051  0.6321115  0.6262789  0.6301931  0.6485174  0.6472395  0.6470924  0.6513133  0.6688568  0.6736278  0.6700589  0.6819959  0.6766993  0.6804594  0.6773283  0.6779349  0.6739480  0.6679494  0.6616096  0.6663533  0.6877075  0.6962525  0.6917414
 2  0.5726575  0.5248717  0.4827196  0.4725776  0.4942797  0.5009010  0.4946783  0.5175612  0.5438848  0.5412779  0.5309358  0.5347200  0.5606340  0.5670645  0.5660091  0.5660760  0.5625597  0.5625811  0.5628779  0.5605475  0.5479199  0.5300171  0.5263035  0.5668018  0.5956299  0.6011764  0.5830509
 3  0.7516802  0.7099042  0.6594855  0.6280486  0.6410196  0.6500944  0.6428282  0.6459877  0.6673281  0.6673494  0.6662158  0.6681443  0.6864424  0.6947392  0.6895393  0.7010390  0.6959014  0.6993950  0.6967393  0.6972860  0.6934016  0.6858976  0.6780661  0.6831155  0.7089862  0.7191662  0.7128472
 4  0.4573648  0.4163187  0.3772443  0.3934669  0.4223543  0.4110244  0.4108687  0.4609109  0.4784967  0.4587127  0.4364322  0.4608401  0.5005877  0.4906674  0.4815819  0.4837088  0.4808865  0.4840212  0.4826521  0.4764571  0.4492202  0.4245267  0.4520369  0.5151401  0.5360625  0.5197504  0.4684361
 1  0.7292546  0.6838715  0.6469425  0.6276982  0.6173661  0.6172008  0.6229774  0.6389373  0.6583457  0.6924711  0.6986856  0.6980294  0.7075265  0.7078530  0.7083655  0.7101573  0.7106016  0.7140528  0.7046038  0.6996830  0.6989198  0.7054954  0.6929378  0.6815206  0.6765879  0.6762856  0.6792761
 2  0.5718989  0.5240255  0.4927509  0.4725354  0.4626779  0.4665770  0.4876586  0.5210156  0.5647071  0.5933655  0.5949903  0.5839757  0.5736381  0.5621714  0.5452708  0.5360330  0.5403131  0.5475203  0.5504729  0.5502871  0.5675269  0.5809372  0.5684520  0.5391075  0.5113732  0.5102438  0.5234010
 3  0.7524902  0.7101030  0.6710772  0.6477102  0.6344431  0.6334147  0.6382340  0.6551090  0.6748000  0.7126070  0.7204598  0.7168807  0.7256343  0.7257821  0.7244927  0.7257809  0.7259492  0.7304878  0.7218773  0.7169743  0.7162343  0.7252829  0.7135838  0.6998569  0.6928227  0.6919498  0.6960149
 4  0.4556608  0.4177696  0.3836985  0.3653268  0.3724825  0.3835654  0.4201177  0.4601087  0.5082624  0.5289539  0.5039595  0.4815897  0.4770950  0.4509930  0.4278542  0.4227933  0.4460074  0.4559277  0.4535849  0.4593173  0.4948756  0.5054325  0.4645865  0.4110616  0.3971550  0.4244264  0.4438505
 1  0.7307392  0.6865300  0.6465677  0.6249276  0.6265549  0.6497298  0.6507557  0.6567065  0.6397325  0.6377357  0.6061580  0.5147055  0.5916254  0.6824786  0.6849533  0.6926092  0.6873528  0.6869559  0.6924421  0.7056837  0.6968690  0.6927673  0.6894470  0.6867133  0.6766003  0.6613940  0.6855425
 2  0.5709265  0.5237572  0.4903409  0.4725977  0.4937845  0.5268375  0.5400031  0.5434688  0.5388558  0.5398083  0.5056689  0.4294606  0.5539711  0.6004123  0.6051197  0.5913686  0.5598090  0.5291199  0.5484209  0.5831541  0.5831484  0.5640931  0.5364082  0.5181601  0.5063979  0.5422147  0.5864493
 3  0.7534590  0.7122673  0.6705381  0.6448072  0.6424109  0.6667837  0.6691037  0.6753763  0.6586015  0.6573151  0.6290123  0.5315726  0.5952009  0.7068986  0.7090584  0.7135140  0.7064415  0.7038454  0.7069572  0.7258717  0.7186684  0.7114690  0.7063632  0.7033924  0.6930747  0.6781296  0.7054353
 4  0.4540021  0.4161973  0.3821422  0.3727876  0.4297715  0.4617960  0.4658572  0.4653018  0.4696570  0.4753119  0.4131577  0.3690602  0.5228386  0.5475565  0.5203917  0.4851150  0.4404934  0.4057412  0.4863148  0.5226908  0.4865874  0.4400377  0.4219490  0.4098925  0.4164995  0.4902931  0.5287978
 1  0.7296156  0.6865713  0.6388021  0.6087341  0.5994929  0.5926690  0.5816057  0.5971804  0.6603615  0.6811570  0.6810392  0.6849949  0.6981257  0.7124765  0.7143633  0.7117137  0.7030118  0.6980167  0.7045686  0.7074157  0.7086190  0.7163488  0.7147301  0.7054705  0.6944122  0.6969149  0.7043623
 2  0.5721350  0.5249587  0.4839719  0.4627889  0.4664508  0.4719185  0.4802942  0.5438754  0.5889927  0.5982124  0.5838677  0.5558420  0.5391750  0.5457517  0.5588069  0.5629014  0.5475358  0.5292570  0.5387880  0.5551591  0.5744976  0.5964300  0.5995438  0.5847214  0.5582580  0.5637881  0.5752992
 3  0.7525046  0.7120612  0.6628585  0.6287566  0.6165865  0.6100288  0.5979249  0.6079412  0.6814820  0.7052138  0.7031411  0.7032127  0.7134416  0.7281113  0.7313494  0.7296787  0.7207900  0.7141303  0.7201818  0.7251040  0.7263771  0.7354259  0.7364762  0.7259614  0.7118137  0.7142144  0.7236933
 4  0.4555682  0.4155233  0.3782728  0.3710984  0.3934275  0.3995352  0.4201634  0.5087892  0.5372277  0.5236739  0.4729699  0.4216834  0.4324623  0.4606747  0.4736712  0.4633668  0.4266450  0.4144711  0.4549718  0.4737428  0.4964204  0.5263297  0.5182840  0.4700432  0.4535184  0.4915699  0.4953284
 1  0.7282820  0.6798776  0.6269301  0.5951434  0.6116678  0.6224014  0.6335508  0.6486976  0.6645206  0.6736854  0.6759437  0.6851649  0.7024898  0.6971745  0.6913533  0.6904936  0.6864958  0.6775589  0.6863953  0.7158564  0.7113558  0.7104230  0.7124033  0.7130058  0.7076242  0.7035348  0.7018585
 2  0.5697585  0.5218709  0.4806567  0.4638554  0.4789169  0.4799834  0.4729680  0.4757260  0.4917588  0.5058719  0.5213375  0.5693875  0.6009713  0.6013239  0.5854121  0.5637763  0.5394843  0.5207813  0.5757402  0.6105969  0.6152868  0.6045166  0.5895608  0.5726904  0.5456583  0.5233476  0.5070735
 3  0.7517544  0.7066486  0.6520163  0.6150928  0.6290839  0.6397465  0.6492038  0.6633639  0.6794773  0.6896541  0.6923580  0.7009438  0.7241201  0.7205883  0.7128669  0.7090740  0.7038323  0.6952327  0.7003823  0.7383717  0.7348389  0.7310373  0.7315584  0.7313906  0.7244612  0.7191989  0.7168701
 4  0.4555172  0.4185805  0.3791475  0.3823833  0.3986665  0.3806400  0.3629166  0.3782399  0.4050221  0.4160578  0.4358537  0.5144589  0.5420484  0.5220374  0.4803777  0.4494678  0.4374271  0.4206297  0.5228529  0.5533617  0.5314518  0.5039485  0.4888542  0.4606335  0.4208479  0.3958774  0.3832075
 1  0.7315684  0.6873880  0.6543980  0.6365037  0.6294297  0.6299526  0.6414054  0.6729340  0.6745818  0.6804234  0.6825556  0.6817655  0.6707512  0.6577927  0.6577845  0.6518495  0.6781842  0.7151638  0.6994556  0.6885429  0.6764524  0.6555253  0.6378351  0.6204844  0.6462646  0.6629007  0.6868386
 2  0.5697771  0.5223139  0.4956533  0.4746858  0.4549682  0.4473981  0.5077743  0.5703854  0.5850834  0.5850720  0.5792594  0.5611129  0.5264600  0.4985691  0.4966179  0.5124425  0.5927025  0.6187303  0.6075728  0.5796762  0.5456045  0.5154284  0.4873524  0.4976280  0.5418682  0.5733351  0.5984251
 3  0.7537993  0.7128146  0.6779628  0.6565496  0.6467018  0.6449864  0.6536403  0.6913963  0.6960215  0.7019266  0.7038818  0.7012566  0.6888008  0.6745677  0.6738575  0.6686243  0.6914886  0.7397060  0.7242265  0.7086165  0.6947815  0.6749675  0.6555133  0.6363146  0.6637168  0.6814532  0.7072734
 4  0.4515532  0.4146470  0.3870894  0.3597954  0.3378865  0.3475653  0.4662796  0.5199041  0.5162198  0.5105409  0.4887609  0.4526589  0.4102939  0.3942207  0.4107181  0.4426704  0.5430277  0.5602036  0.5122158  0.4632700  0.4499988  0.4145635  0.3884377  0.4400448  0.4854325  0.5145190  0.5365982
 1  0.7286303  0.6826911  0.6298839  0.5952628  0.5713590  0.5663875  0.5956258  0.6093302  0.6700112  0.6942963  0.6943409  0.6913924  0.6875406  0.6888385  0.6873888  0.6795760  0.6779928  0.6774919  0.6884530  0.6728595  0.6714334  0.6798027  0.6746482  0.6998569  0.7276006  0.7184773  0.7092259
 2  0.5686480  0.5225831  0.4803113  0.4508333  0.4421300  0.4798160  0.5241243  0.5581132  0.5966291  0.6107804  0.5992275  0.5735020  0.5395834  0.5205063  0.5090698  0.4950422  0.4939017  0.5314472  0.5665154  0.5658899  0.5681977  0.5748246  0.5654201  0.6076740  0.6255032  0.6233494  0.5969941
 3  0.7517398  0.7088155  0.6545225  0.6159756  0.5882298  0.5798937  0.6126879  0.6238947  0.6908352  0.7178194  0.7168067  0.7110748  0.7045773  0.7048655  0.7035392  0.6953129  0.6931583  0.6923854  0.7077610  0.6940301  0.6900097  0.7001822  0.6956377  0.7149547  0.7520420  0.7427595  0.7297707
 4  0.4547156  0.4168095  0.3777722  0.3526524  0.3716791  0.4395065  0.4751846  0.5143582  0.5429012  0.5389749  0.5025288  0.4512699  0.4197705  0.4155187  0.3971256  0.3784097  0.3912500  0.4734870  0.5043123  0.4825271  0.4957302  0.5031783  0.4730579  0.5454279  0.5651722  0.5331927  0.4652275
 1  0.7290541  0.6814757  0.6318491  0.6086717  0.6335580  0.6378481  0.6430309  0.6556632  0.6762862  0.6843350  0.6910392  0.6893109  0.6821723  0.6836481  0.7017220  0.7073499  0.7113761  0.7096537  0.7012710  0.6973211  0.6978694  0.7027085  0.6967712  0.6580405  0.6612098  0.6807107  0.6705871
 2  0.5720311  0.5230618  0.4830645  0.4847717  0.5124258  0.5098584  0.4882415  0.4818280  0.5044193  0.5323781  0.5614489  0.5678119  0.5559879  0.5654167  0.5906139  0.6054178  0.6055624  0.5949459  0.5650366  0.5276489  0.5024980  0.5101632  0.5360177  0.5347504  0.5698024  0.5871807  0.5749511
 3  0.7524456  0.7078604  0.6565162  0.6274172  0.6514234  0.6570524  0.6597353  0.6700335  0.6912062  0.7007113  0.7090287  0.7094487  0.7020112  0.7003187  0.7216201  0.7286543  0.7328563  0.7303399  0.7200134  0.7138108  0.7125450  0.7170695  0.7141923  0.6786205  0.6791345  0.7033392  0.6939827
 4  0.4569095  0.4176880  0.3805520  0.4162160  0.4428151  0.4064751  0.3560848  0.3827199  0.4263072  0.4609603  0.4901812  0.4853592  0.4538811  0.4939618  0.5289091  0.5320968  0.5222392  0.4916870  0.4382003  0.3860461  0.3750777  0.4235685  0.4621414  0.4652833  0.5138826  0.5250818  0.4814881
 1  0.7304056  0.6863066  0.6457723  0.6259671  0.6286395  0.6415691  0.6531574  0.6709853  0.6696689  0.6662833  0.6767342  0.6833878  0.7057580  0.7039349  0.6951919  0.6940077  0.6903374  0.6876885  0.6915296  0.6863025  0.6878174  0.6894532  0.6915261  0.6914075  0.6834207  0.6781905  0.6765146
 2  0.5719358  0.5241406  0.4894807  0.4707205  0.4741467  0.4888112  0.5155033  0.5388872  0.5332958  0.5194484  0.5268553  0.5659712  0.5955466  0.5999770  0.5845737  0.5706939  0.5546444  0.5429768  0.5449315  0.5402294  0.5324556  0.5280194  0.5370690  0.5458606  0.5427733  0.5337145  0.5429499
 3  0.7532408  0.7120878  0.6697951  0.6459286  0.6453851  0.6574742  0.6685077  0.6883153  0.6886019  0.6827442  0.6929674  0.6996102  0.7262053  0.7259934  0.7154309  0.7133396  0.7092034  0.7045590  0.7088617  0.7044162  0.7047088  0.7056312  0.7075840  0.7093923  0.7020414  0.6955040  0.6936235
 4  0.4545313  0.4161992  0.3810013  0.3661738  0.3863457  0.4060214  0.4464214  0.4630917  0.4257372  0.4168062  0.4458047  0.5075353  0.5329821  0.5149055  0.4896270  0.4766076  0.4482009  0.4473103  0.4576139  0.4410745  0.4230269  0.4254289  0.4554268  0.4636178  0.4420679  0.4372823  0.4701019
 1  0.7281665  0.6808234  0.6372102  0.6145691  0.6139448  0.6107315  0.6025632  0.5817623  0.5679536  0.6517825  0.6103345  0.6784787  0.6946974  0.7062695  0.6956506  0.6909187  0.6840725  0.6766137  0.6806691  0.6754377  0.6914597  0.6951464  0.6932007  0.7019693  0.7102456  0.6988418  0.6924462
 2  0.5709774  0.5221279  0.4870552  0.4737534  0.4792249  0.4790387  0.4705669  0.4669620  0.5179265  0.5715266  0.5702722  0.6007158  0.6179702  0.6150780  0.5901432  0.5566297  0.5195650  0.5131796  0.5364669  0.5599218  0.5785877  0.5806285  0.5693826  0.5817814  0.5927035  0.5864456  0.5695720
 3  0.7515019  0.7071882  0.6617208  0.6344630  0.6313359  0.6283996  0.6193719  0.5981090  0.5785350  0.6781741  0.6237835  0.7026324  0.7188605  0.7295633  0.7170601  0.7092274  0.7009061  0.6918745  0.6976262  0.6940662  0.7109244  0.7154060  0.7119677  0.7189684  0.7313028  0.7199315  0.7118357
 4  0.4557197  0.4170906  0.3829641  0.3846141  0.4013206  0.3943527  0.3866013  0.4030649  0.4852829  0.5221262  0.5254712  0.5512959  0.5478573  0.5295397  0.4788963  0.4325904  0.3972676  0.4300849  0.4699351  0.4912315  0.5051762  0.4898387  0.4701051  0.5104078  0.5217281  0.4936924  0.4711050
 1  0.7281973  0.6810513  0.6347925  0.6046379  0.6094118  0.6484668  0.6634395  0.6700504  0.6768059  0.6853369  0.6942627  0.7033005  0.6927886  0.6756850  0.6508621  0.6385732  0.6424056  0.6480277  0.6949157  0.6837083  0.6721421  0.6753322  0.6807157  0.6847329  0.6841693  0.6914751  0.7082251
 2  0.5743464  0.5232414  0.4846348  0.4554854  0.4807945  0.5289107  0.5471399  0.5394275  0.5181035  0.4925950  0.4919711  0.5354000  0.5605065  0.5592515  0.5441452  0.5413558  0.5442975  0.5811623  0.6073327  0.5972935  0.5700042  0.5464489  0.5358437  0.5413921  0.5669273  0.6022841  0.6127111
 3  0.7516029  0.7069893  0.6589931  0.6254487  0.6248425  0.6643361  0.6823497  0.6882349  0.6933794  0.7001757  0.7075026  0.7190029  0.7119113  0.6966098  0.6716910  0.6571631  0.6633405  0.6620628  0.7187166  0.7090864  0.6935107  0.6933054  0.6979017  0.7015399  0.7021342  0.7107515  0.7328561
 4  0.4584144  0.4155433  0.3824431  0.3515075  0.4189006  0.4727884  0.4650742  0.4261152  0.3849750  0.3491515  0.4019155  0.4691779  0.4899730  0.4821711  0.4631997  0.4782786  0.4730279  0.5289934  0.5526354  0.5117009  0.4562013  0.4394128  0.4422478  0.4636744  0.5050832  0.5452976  0.5455868
 1  0.7281184  0.6803456  0.6333791  0.6051356  0.5769818  0.5614234  0.6310103  0.6172555  0.5914149  0.5571101  0.6118067  0.6587920  0.6749708  0.6779496  0.6741185  0.6750307  0.6910426  0.7009019  0.7007848  0.7132610  0.7089760  0.7033192  0.6961436  0.6918242  0.6997360  0.6968931  0.6854248
 2  0.5729084  0.5231594  0.4848233  0.4598259  0.4440417  0.4962004  0.5646778  0.5463916  0.5150860  0.4976719  0.5555778  0.5846585  0.5907647  0.5775419  0.5473593  0.5321091  0.5596751  0.5779962  0.5907526  0.5980276  0.5903340  0.5645737  0.5205585  0.4918746  0.5075452  0.5420272  0.5490538
 3  0.7517145  0.7068348  0.6580277  0.6257247  0.5942783  0.5718303  0.6496446  0.6410156  0.6136100  0.5740374  0.6251972  0.6804222  0.6980468  0.6990802  0.6930278  0.6915090  0.7072906  0.7210016  0.7197573  0.7333406  0.7299311  0.7217663  0.7121673  0.7063900  0.7140405  0.7146114  0.7054123
 4  0.4576816  0.4178749  0.3817573  0.3606365  0.3685912  0.4663933  0.5196016  0.4858732  0.4460953  0.4469397  0.5142630  0.5291266  0.5120704  0.4744844  0.4306239  0.4400356  0.4972663  0.5039173  0.5105184  0.5210071  0.4906964  0.4290061  0.3708947  0.3688232  0.4298505  0.4716413  0.4612842
 1  0.7289669  0.6798174  0.6343435  0.6083740  0.6236050  0.6455529  0.6514318  0.6555311  0.6631107  0.6745283  0.6935665  0.7103588  0.7208442  0.7116660  0.7010768  0.7016364  0.7068764  0.7147155  0.7124090  0.7048180  0.6950964  0.6811033  0.6759225  0.6783235  0.6896936  0.6990322  0.7078405
 2  0.5742236  0.5219689  0.4854665  0.4752172  0.5078069  0.5311633  0.5275242  0.5039977  0.4755222  0.4683270  0.5376996  0.6084244  0.6232309  0.6152162  0.5770507  0.5326429  0.5036431  0.5075721  0.5410432  0.5685457  0.5771953  0.5665568  0.5518474  0.5458232  0.5583749  0.5790266  0.5926539
 3  0.7523603  0.7060461  0.6587553  0.6281138  0.6400162  0.6638754  0.6703877  0.6725829  0.6784300  0.6881293  0.7071248  0.7297840  0.7458731  0.7349141  0.7201310  0.7176062  0.7209014  0.7284097  0.7281839  0.7232112  0.7158290  0.7022047  0.6952749  0.6958208  0.7070459  0.7173385  0.7278902
 4  0.4578898  0.4160871  0.3844555  0.3950311  0.4477580  0.4590273  0.4228254  0.3725529  0.3358675  0.3636768  0.4901100  0.5546361  0.5561118  0.5081436  0.4329154  0.3814435  0.3761203  0.4135564  0.4652464  0.4995741  0.5017679  0.4756764  0.4501265  0.4563109  0.4829335  0.5090426  0.5165266
 1  0.7287269  0.6810465  0.6351325  0.6088013  0.6083541  0.6292836  0.6446884  0.6506830  0.6592552  0.6579063  0.6758698  0.6832331  0.6777691  0.6774176  0.6810028  0.6835912  0.7017087  0.7179558  0.7083280  0.7020918  0.6984621  0.7001254  0.7025640  0.7034138  0.6983798  0.6944491  0.6895200
 2  0.5719461  0.5224118  0.4856696  0.4596314  0.4597944  0.4910444  0.5243645  0.5448896  0.5532452  0.5572226  0.5735819  0.5760751  0.5602796  0.5421974  0.5367129  0.5460235  0.5928881  0.6127462  0.6065832  0.5790465  0.5324281  0.4880218  0.4854461  0.5371992  0.5727566  0.5819752  0.5859617
 3  0.7520538  0.7073838  0.6596790  0.6295532  0.6252444  0.6440344  0.6613007  0.6688689  0.6789470  0.6769713  0.6947982  0.7043253  0.6979338  0.6949269  0.6980470  0.7006863  0.7183256  0.7410165  0.7314184  0.7216015  0.7148723  0.7140325  0.7152292  0.7193448  0.7172197  0.7156309  0.7098202
 4  0.4562514  0.4171398  0.3828949  0.3541370  0.3733005  0.4274113  0.4619876  0.4782855  0.4783615  0.4841066  0.5063343  0.4948176  0.4534097  0.4382505  0.4473537  0.4692772  0.5346894  0.5483096  0.5088609  0.4409769  0.3698455  0.3333722  0.4013751  0.4752531  0.5065457  0.5074073  0.5070536
 1  0.7276935  0.6808899  0.6282475  0.5967590  0.6107015  0.6352810  0.6490461  0.6532567  0.6647376  0.6798209  0.6900683  0.6919306  0.6947752  0.7084952  0.7210489  0.7114332  0.7002127  0.6991414  0.7064748  0.7044308  0.6887033  0.6713913  0.6600095  0.6389019  0.6449387  0.6790337  0.6794456
 2  0.5721492  0.5231672  0.4799980  0.4605897  0.4847090  0.5139721  0.5238369  0.5172142  0.5206409  0.5407516  0.5573489  0.5607142  0.5622568  0.5920180  0.6070743  0.5992791  0.5603752  0.5280210  0.5454498  0.5632017  0.5553399  0.5256894  0.5034619  0.4885183  0.5349405  0.5817732  0.5845675
 3  0.7511928  0.7071239  0.6528810  0.6168359  0.6272049  0.6518277  0.6668545  0.6707778  0.6807109  0.6961036  0.7081010  0.7103522  0.7123337  0.7254611  0.7430766  0.7332175  0.7183848  0.7138928  0.7218884  0.7234694  0.7087815  0.6895646  0.6766863  0.6568121  0.6595255  0.6989409  0.7026216
 4  0.4573467  0.4167572  0.3781378  0.3753370  0.4170423  0.4454032  0.4370805  0.4151753  0.4320471  0.4683509  0.4781152  0.4673012  0.4725128  0.5276238  0.5382210  0.4893384  0.4039767  0.4117001  0.4784937  0.4890405  0.4481918  0.4066681  0.4065794  0.4035793  0.4842912  0.5283805  0.5023773
 1  0.7285885  0.6862186  0.6451950  0.6252455  0.6299514  0.6317769  0.6532572  0.6633088  0.6571913  0.6512694  0.6609502  0.6827438  0.6704827  0.6658233  0.6780611  0.6808219  0.6918322  0.6963718  0.6961271  0.7067315  0.7170344  0.7097717  0.7060789  0.7042324  0.7036772  0.7086304  0.7197081
 2  0.5713707  0.5254495  0.4886348  0.4791562  0.4916038  0.5082006  0.5319466  0.5362878  0.5125009  0.4830464  0.5262475  0.5713986  0.5686603  0.5640679  0.5708278  0.5761749  0.5790381  0.5740260  0.5602001  0.5747653  0.5932493  0.5916026  0.5745165  0.5462643  0.5100098  0.5256703  0.5707595
 3  0.7516385  0.7118235  0.6690318  0.6444133  0.6471875  0.6487583  0.6699551  0.6819933  0.6753403  0.6672246  0.6745022  0.7026370  0.6930068  0.6842589  0.6978142  0.7010122  0.7111550  0.7159818  0.7139538  0.7226973  0.7372333  0.7306788  0.7249167  0.7211987  0.7186434  0.7214846  0.7373908
 4  0.4556943  0.4160292  0.3785835  0.3920252  0.4154246  0.4366858  0.4601319  0.4433120  0.3899496  0.3692875  0.4756302  0.5163770  0.4802922  0.4850430  0.5015204  0.4968735  0.4960108  0.4750329  0.4517568  0.5034749  0.5241691  0.4966881  0.4546656  0.4073774  0.3581342  0.4568672  0.5095237
 1  0.7287496  0.6818591  0.6369230  0.6116622  0.5583569  0.3758438  0.6946174  0.4769782  0.5681217  0.5786661  0.6046665  0.6676821  0.6092146  0.5388186  0.6134092  0.6395492  0.6229874  0.5976458  0.5844922  0.6055561  0.6230452  0.5739554  0.4656958  0.6379956  0.6775654  0.6313427  0.6443486
 2  0.5722266  0.5235127  0.4863818  0.4575990  0.4016320  0.4296953  0.6032251  0.4498983  0.5183801  0.5223021  0.5659762  0.5873406  0.5288553  0.4848170  0.5630749  0.5713765  0.5513195  0.5278773  0.5216177  0.5481171  0.5487284  0.4934367  0.4364906  0.5866853  0.5970901  0.5685195  0.5728657
 3  0.7522206  0.7083418  0.6614973  0.6323595  0.5768622  0.3581481  0.7251465  0.4896611  0.5853217  0.5986093  0.6157827  0.6933177  0.6367255  0.5533182  0.6272795  0.6627871  0.6463710  0.6197459  0.6016770  0.6221842  0.6456453  0.5983177  0.4736102  0.6510820  0.7038891  0.6531323  0.6661564
 4  0.4567510  0.4181136  0.3805293  0.3458233  0.2989039  0.4435802  0.5499447  0.4300735  0.4813703  0.4786972  0.5262842  0.5350696  0.4420517  0.4391105  0.5262873  0.5194436  0.4949837  0.4634536  0.4710631  0.5030408  0.4899767  0.4069843  0.4137369  0.5447358  0.5417931  0.5151748  0.5203372
 1  0.7314508  0.6878004  0.6428972  0.6211831  0.6314777  0.6448290  0.6401053  0.6292478  0.6241252  0.6566196  0.7032080  0.7013536  0.6965138  0.6996856  0.7083069  0.7105040  0.6914373  0.6746891  0.6548137  0.6266570  0.6593517  0.6449634  0.6286186  0.6048857  0.6203413  0.6465655  0.6604838
 2  0.5718119  0.5234790  0.4865121  0.4828006  0.5160462  0.5350405  0.5202690  0.4812186  0.4730804  0.5741283  0.6098786  0.6091972  0.5818698  0.5569213  0.5620566  0.5711759  0.5584357  0.5369346  0.5180693  0.5316992  0.5666629  0.5556655  0.5269373  0.4994064  0.5220993  0.5473676  0.5758758
 3  0.7538355  0.7130726  0.6667959  0.6403954  0.6480291  0.6640126  0.6600219  0.6470074  0.6385162  0.6683080  0.7262096  0.7247215  0.7163148  0.7161248  0.7247057  0.7294403  0.7111021  0.6930291  0.6732764  0.6424258  0.6798635  0.6678749  0.6489118  0.6243232  0.6362946  0.6655785  0.6785653
 4  0.4534029  0.4143047  0.3817220  0.4038433  0.4583515  0.4628427  0.4124075  0.3518085  0.4008591  0.5345874  0.5515873  0.5138017  0.4515982  0.4465557  0.4874255  0.4908372  0.4568142  0.4377418  0.4308079  0.4824851  0.5104901  0.4739407  0.4392921  0.4192920  0.4638018  0.4860618  0.5135046
 1  0.7320621  0.6914412  0.6529536  0.6294433  0.6210892  0.6247831  0.6319208  0.6528754  0.6771164  0.6982667  0.7030934  0.7044391  0.7074916  0.7066307  0.7039039  0.6997773  0.6901607  0.6727137  0.6595002  0.6581137  0.6457025  0.6665673  0.6603198  0.6628224  0.6679907  0.6818350  0.7009355
 2  0.5746545  0.5263231  0.4910341  0.4675733  0.4618418  0.4694917  0.4946786  0.5316339  0.5703914  0.5904809  0.5915167  0.5822046  0.5683458  0.5563421  0.5402409  0.5275924  0.5093400  0.4849573  0.5172544  0.5695382  0.5785567  0.5825097  0.5736282  0.5562283  0.5496018  0.5714678  0.5940568
 3  0.7544364  0.7162697  0.6762491  0.6493657  0.6379517  0.6406385  0.6470364  0.6687706  0.6944610  0.7180232  0.7237569  0.7231991  0.7253474  0.7240711  0.7204649  0.7159261  0.7063242  0.6888111  0.6738615  0.6788440  0.6663020  0.6899227  0.6838020  0.6822522  0.6855630  0.6993540  0.7209041
 4  0.4545522  0.4138657  0.3809235  0.3590316  0.3711711  0.3860170  0.4273956  0.4704923  0.5063750  0.5191449  0.4999678  0.4783571  0.4662566  0.4481668  0.4276768  0.4136152  0.3908499  0.3715597  0.4647823  0.5209295  0.5212257  0.5217635  0.4827863  0.4553648  0.4693388  0.5081386  0.5274461
 1  0.7287904  0.6835164  0.6428826  0.6197455  0.6226263  0.6402291  0.6546080  0.6610288  0.6623026  0.6710083  0.6811664  0.7003020  0.6993339  0.6996164  0.6941866  0.6929531  0.6923577  0.6860560  0.6881478  0.6830245  0.6813613  0.6897222  0.6987262  0.6980711  0.7002416  0.7058535  0.7167962
 2  0.5701777  0.5238196  0.4896522  0.4663076  0.4726925  0.4981341  0.5130659  0.5093991  0.5094057  0.5319713  0.5651753  0.5852388  0.5839362  0.5669819  0.5379488  0.5216727  0.5206856  0.5390732  0.5610963  0.5686440  0.5748772  0.5874204  0.5932069  0.5832723  0.5614676  0.5398492  0.5352245
 3  0.7520664  0.7098105  0.6672027  0.6399454  0.6391128  0.6559284  0.6715274  0.6778120  0.6775087  0.6878432  0.6985803  0.7199007  0.7195909  0.7181912  0.7112036  0.7087275  0.7084302  0.7029820  0.7067852  0.7031831  0.7007409  0.7096983  0.7201071  0.7184408  0.7183310  0.7214710  0.7315874
 4  0.4552733  0.4179815  0.3812550  0.3603732  0.3909095  0.4272971  0.4248857  0.3970309  0.4246456  0.4642486  0.4995119  0.5113562  0.4886860  0.4499645  0.4151509  0.4140906  0.4303874  0.4655996  0.4912490  0.4914615  0.5017396  0.5194288  0.5131012  0.4790923  0.4320084  0.4147549  0.4324595
 1  0.7295185  0.6835518  0.6427481  0.6258334  0.6276112  0.6181720  0.5808448  0.6521081  0.6395922  0.6226513  0.6425122  0.6529305  0.6252623  0.5931229  0.6428223  0.6848714  0.6709335  0.6587526  0.6674362  0.6777855  0.6852674  0.6905028  0.6979654  0.7044884  0.7006285  0.6947242  0.6924696
 2  0.5718653  0.5230020  0.4891761  0.4881645  0.5085402  0.5079307  0.5155031  0.5775436  0.5613685  0.5401190  0.5503471  0.5582394  0.5365285  0.5280757  0.5815539  0.5997578  0.5812990  0.5462947  0.5271796  0.5200354  0.5210374  0.5333683  0.5499543  0.5617583  0.5581853  0.5426545  0.5382406
 3  0.7524887  0.7094268  0.6668040  0.6448865  0.6450068  0.6379987  0.5938147  0.6754675  0.6659889  0.6429526  0.6605655  0.6732534  0.6456428  0.6107860  0.6587665  0.7088652  0.6951645  0.6788963  0.6845434  0.6940619  0.7011105  0.7066129  0.7144767  0.7219777  0.7188727  0.7123949  0.7085003
 4  0.4555759  0.4158283  0.3833083  0.4085870  0.4456177  0.4288419  0.4743197  0.5312585  0.4807955  0.4594206  0.4875023  0.4886827  0.4700652  0.4800583  0.5326432  0.5379835  0.4846350  0.4287553  0.4206422  0.4220781  0.4272231  0.4434729  0.4667029  0.4753442  0.4585600  0.4269484  0.4471354
 1  0.7274045  0.6818744  0.6385816  0.6131711  0.6012983  0.5947873  0.6254887  0.6373705  0.6325760  0.6225201  0.6129028  0.5807694  0.5544715  0.6566953  0.6152468  0.6789410  0.6917083  0.7130318  0.7214692  0.7147381  0.6985622  0.6879357  0.6827992  0.6813059  0.6852095  0.6933223  0.6948754
 2  0.5715916  0.5239169  0.4869678  0.4599202  0.4356998  0.4445318  0.5092622  0.5422533  0.5400110  0.5308916  0.5193838  0.4945908  0.5297762  0.5771913  0.5736466  0.5991760  0.6161500  0.6251562  0.6243983  0.6138128  0.5733452  0.5153454  0.4580866  0.4379803  0.4835054  0.5394603  0.5677850
 3  0.7509238  0.7080620  0.6628594  0.6336071  0.6191235  0.6088852  0.6391824  0.6566528  0.6525777  0.6418930  0.6323997  0.5998415  0.5595704  0.6823480  0.6292046  0.7034113  0.7153628  0.7343348  0.7455000  0.7378768  0.7186156  0.7044471  0.6965322  0.6941252  0.6983892  0.7095836  0.7134434
 4  0.4571408  0.4171220  0.3803001  0.3523554  0.3231872  0.3814117  0.4659512  0.4803885  0.4672465  0.4604347  0.4478913  0.4273669  0.5017733  0.5260690  0.5265203  0.5493671  0.5429314  0.5535787  0.5525560  0.5151107  0.4304050  0.3394092  0.3013754  0.3266290  0.4174653  0.4760858  0.4928001
 1  0.7295224  0.6865967  0.6456661  0.6251991  0.6306944  0.6380015  0.6474242  0.6488117  0.6391076  0.6216279  0.6493177  0.6723712  0.6869472  0.6934263  0.6963920  0.7013239  0.7130258  0.7108410  0.7005091  0.6958907  0.6950952  0.6997673  0.7181512  0.7025329  0.6883896  0.6852102  0.6929026
 2  0.5724896  0.5259165  0.4894820  0.4762172  0.4868371  0.5008002  0.5096069  0.5055245  0.4891682  0.4969642  0.5512941  0.5857677  0.5954711  0.5938905  0.5738629  0.5627561  0.5754625  0.5809099  0.5677843  0.5498684  0.5353076  0.5744610  0.6040418  0.5969813  0.5578276  0.5102807  0.4923246
 3  0.7526309  0.7122956  0.6695309  0.6446462  0.6477514  0.6548320  0.6641875  0.6662659  0.6561196  0.6372877  0.6657531  0.6919114  0.7093523  0.7150227  0.7156632  0.7174577  0.7306137  0.7308508  0.7197346  0.7132485  0.7120885  0.7143701  0.7403435  0.7259056  0.7076321  0.7006774  0.7070544
 4  0.4564538  0.4168345  0.3798303  0.3837896  0.4069505  0.4213973  0.4237480  0.4071148  0.3918242  0.4394356  0.5004956  0.5279678  0.5247759  0.4986592  0.4522312  0.4676828  0.5048723  0.4953359  0.4568823  0.4395894  0.4266079  0.5169135  0.5445904  0.4941288  0.4022690  0.3644606  0.3810717
 1  0.7309671  0.6881320  0.6497817  0.6275979  0.6207487  0.6137838  0.5968735  0.5900758  0.6498000  0.6040761  0.6288417  0.6340618  0.6855872  0.6927920  0.6934019  0.6977711  0.7044358  0.7090402  0.7109876  0.7108271  0.7096416  0.7066770  0.7066102  0.6967288  0.6902938  0.6968978  0.6954259
 2  0.5684563  0.5234431  0.4914563  0.4712088  0.4591499  0.4425331  0.4365415  0.5286551  0.5756735  0.5489391  0.5578385  0.5751229  0.5997501  0.5995566  0.5794514  0.5573672  0.5426421  0.5306245  0.5295646  0.5320014  0.5359478  0.5486747  0.5608948  0.5510497  0.5423852  0.5509843  0.5551140
 3  0.7533426  0.7135582  0.6735071  0.6474948  0.6381742  0.6302448  0.6113014  0.5991111  0.6737103  0.6242335  0.6499743  0.6526781  0.7076038  0.7150777  0.7129356  0.7151291  0.7208392  0.7243296  0.7260908  0.7262121  0.7254686  0.7227897  0.7245617  0.7155554  0.7066267  0.7140023  0.7139219
 4  0.4519946  0.4152868  0.3821139  0.3668990  0.3572220  0.3339117  0.3638877  0.5007501  0.5237991  0.4986602  0.5072924  0.5196943  0.5345505  0.5080673  0.4660486  0.4444826  0.4272378  0.4170131  0.4201573  0.4291943  0.4354582  0.4651889  0.4770233  0.4393574  0.4441086  0.4725168  0.4614357
 1  0.7317671  0.6900678  0.6510507  0.6300870  0.6244212  0.6307782  0.6420725  0.6484880  0.6609043  0.6712908  0.6793338  0.7037175  0.7049728  0.7022860  0.7040495  0.7130379  0.7252288  0.7234985  0.7171030  0.7134007  0.7122474  0.7092494  0.7123063  0.7130704  0.7192697  0.7229018  0.7193040
 2  0.5734793  0.5252307  0.4908004  0.4734338  0.4745450  0.4905604  0.5065356  0.5146825  0.5261114  0.5317392  0.5590455  0.5895012  0.5943823  0.5776052  0.5434749  0.5223274  0.5343926  0.5548474  0.5619637  0.5644693  0.5665813  0.5672717  0.5678399  0.5668810  0.5760704  0.5916907  0.5938094
 3  0.7541083  0.7150693  0.6745103  0.6498158  0.6413698  0.6470077  0.6586878  0.6655360  0.6776760  0.6885553  0.6950880  0.7230486  0.7265102  0.7217854  0.7205231  0.7267837  0.7396317  0.7404171  0.7345954  0.7308160  0.7303122  0.7273398  0.7305007  0.7302888  0.7363286  0.7416366  0.7396761
 4  0.4539986  0.4140657  0.3817979  0.3723527  0.3911912  0.4156126  0.4267173  0.4301646  0.4421724  0.4418133  0.4941528  0.5265290  0.5068029  0.4508850  0.3854893  0.4005254  0.4529008  0.4672903  0.4621007  0.4704344  0.4753061  0.4771542  0.4679889  0.4665120  0.4942342  0.5165178  0.5060138
 1  0.7288535  0.6820883  0.6379990  0.6177898  0.6354945  0.6592751  0.6736613  0.6715186  0.6698228  0.6744641  0.6879518  0.6890266  0.6841369  0.6806795  0.6718260  0.6591861  0.6532670  0.6583433  0.6772039  0.6836077  0.7037524  0.7038786  0.7067863  0.7134894  0.7100203  0.7078814  0.7048631
 2  0.5713388  0.5228276  0.4868424  0.4802058  0.5125645  0.5480849  0.5597224  0.5444560  0.5114868  0.4946332  0.5162563  0.5380711  0.5559432  0.5634133  0.5518794  0.5227496  0.5119566  0.5575995  0.5933992  0.6053193  0.6145065  0.6077253  0.5906188  0.5735793  0.5498151  0.5222858  0.5040035
 3  0.7520863  0.7082459  0.6623318  0.6372190  0.6519227  0.6765299  0.6930140  0.6909287  0.6867899  0.6889149  0.7029992  0.7062434  0.7020380  0.7005812  0.6925996  0.6778822  0.6695550  0.6742754  0.6983644  0.7060326  0.7278979  0.7262346  0.7257703  0.7313368  0.7271602  0.7232235  0.7194446
 4  0.4561338  0.4167630  0.3823284  0.3975358  0.4498302  0.4850152  0.4780588  0.4281872  0.3701045  0.3925859  0.4417876  0.4601846  0.4822386  0.4888967  0.4526552  0.4075905  0.4306047  0.5093410  0.5396951  0.5448421  0.5419901  0.5085331  0.4823904  0.4652785  0.4244257  0.3847753  0.3766606
 1  0.7275399  0.6835103  0.6441763  0.6232529  0.6068198  0.6045309  0.6119449  0.6194935  0.6574059  0.6781837  0.6908877  0.6970343  0.6959526  0.6972911  0.7041672  0.7060650  0.7010137  0.7006939  0.7063511  0.7105563  0.7032601  0.7003580  0.7009396  0.6971031  0.6966050  0.7043419  0.7080633
 2  0.5739787  0.5258796  0.4897314  0.4658876  0.4532476  0.4679270  0.4915467  0.5307643  0.5711297  0.5880091  0.5884165  0.5764421  0.5490731  0.5270866  0.5411282  0.5613071  0.5676870  0.5726189  0.5887298  0.5968851  0.5880387  0.5734943  0.5581211  0.5397043  0.5333404  0.5551113  0.5727576
 3  0.7511398  0.7093131  0.6679364  0.6432846  0.6238196  0.6201118  0.6284484  0.6343542  0.6761846  0.6993890  0.7113851  0.7162830  0.7135938  0.7128316  0.7194514  0.7242256  0.7200264  0.7186794  0.7250039  0.7317731  0.7243108  0.7189051  0.7188460  0.7146414  0.7120425  0.7207348  0.7266214
 4  0.4592037  0.4164436  0.3805047  0.3573955  0.3667067  0.4017333  0.4250593  0.4815168  0.5165724  0.5144107  0.4980405  0.4680507  0.4216665  0.4129195  0.4645440  0.4862641  0.4765179  0.4878526  0.5193106  0.5216521  0.4889773  0.4675211  0.4561116  0.4220209  0.4365380  0.4826950  0.4928993
 1  0.7283414  0.6853327  0.6419560  0.6162175  0.6036735  0.5984461  0.5830061  0.5420529  0.6639303  0.6441694  0.6667230  0.6736612  0.6751810  0.6864705  0.6943044  0.6992967  0.7039040  0.7071762  0.7069860  0.7053391  0.6995852  0.6988144  0.6877625  0.6658170  0.6691915  0.6959673  0.6996357
 2  0.5707404  0.5255412  0.4872795  0.4569907  0.4340174  0.4235120  0.4293552  0.5270309  0.5889224  0.5843082  0.5877472  0.5922731  0.5713372  0.5458653  0.5278106  0.5315846  0.5671939  0.5907548  0.5962387  0.5854356  0.5603871  0.5448753  0.5427767  0.5455403  0.5739148  0.6006336  0.6046710
 3  0.7516474  0.7112628  0.6660606  0.6366019  0.6210425  0.6137646  0.5979634  0.5443626  0.6884483  0.6637531  0.6921218  0.6985587  0.6956689  0.7032524  0.7100839  0.7150780  0.7207433  0.7275811  0.7282972  0.7251422  0.7176124  0.7153265  0.7050893  0.6855429  0.6872224  0.7167882  0.7224847
 4  0.4561331  0.4174347  0.3777067  0.3429052  0.3255967  0.3297739  0.3617418  0.5034041  0.5395936  0.5359321  0.5339382  0.5025511  0.4461551  0.4219742  0.4231845  0.4477665  0.5021250  0.5235340  0.5103881  0.4776156  0.4435487  0.4437294  0.4672196  0.4757036  0.5131481  0.5386836  0.5304042
 1  0.7279220  0.6800036  0.6337185  0.6065538  0.5929422  0.5979680  0.6393750  0.6733888  0.6730293  0.6689383  0.6660720  0.6733202  0.6802183  0.6862145  0.6932699  0.7034463  0.7060891  0.7118954  0.7004504  0.6934236  0.6920628  0.6933476  0.6909454  0.6828611  0.6814219  0.6867276  0.6952655
 2  0.5722626  0.5225433  0.4847956  0.4577555  0.4439427  0.4778959  0.5475986  0.5776517  0.5692417  0.5393885  0.5100833  0.5129801  0.5312997  0.5523683  0.5805606  0.5975406  0.6070461  0.6055994  0.5837914  0.5484454  0.5248793  0.5357014  0.5478301  0.5469309  0.5404777  0.5402701  0.5494258
 3  0.7514597  0.7064343  0.6582742  0.6272397  0.6102983  0.6116023  0.6539902  0.6937526  0.6944444  0.6879774  0.6821512  0.6891757  0.6971297  0.7035764  0.7113049  0.7245398  0.7272007  0.7338931  0.7215841  0.7109916  0.7074416  0.7096837  0.7089403  0.7018000  0.6992329  0.7033276  0.7123220
 4  0.4572140  0.4171446  0.3813029  0.3529241  0.3540737  0.4290261  0.5026799  0.5114907  0.4702399  0.4091209  0.4009046  0.4329647  0.4527362  0.4764258  0.5157453  0.5300441  0.5327188  0.5225176  0.4672964  0.4106445  0.4234322  0.4593537  0.4682028  0.4511240  0.4368612  0.4498604  0.4643724
 1  0.7299583  0.6872195  0.6413871  0.6133233  0.6176945  0.6304383  0.6430005  0.6572475  0.6699817  0.6956334  0.6988579  0.6992646  0.7068271  0.7069826  0.7074286  0.7098944  0.7096682  0.7045318  0.7021313  0.7065738  0.7114596  0.7123238  0.7173089  0.7059273  0.6953059  0.6930037  0.7054690
 2  0.5711477  0.5252501  0.4858706  0.4609508  0.4638355  0.4744977  0.4907667  0.5066466  0.5443051  0.5783346  0.5846715  0.5776642  0.5701531  0.5619458  0.5502124  0.5529558  0.5543443  0.5399100  0.5209813  0.5110651  0.5129757  0.5418539  0.5734178  0.5769381  0.5591779  0.5684114  0.5884665
 3  0.7529014  0.7130312  0.6656222  0.6334681  0.6346156  0.6462353  0.6582024  0.6732378  0.6850276  0.7143574  0.7196988  0.7174859  0.7247195  0.7249417  0.7238012  0.7261778  0.7270153  0.7217273  0.7176320  0.7208604  0.7263432  0.7271555  0.7357442  0.7261484  0.7142406  0.7096133  0.7258736
 4  0.4546550  0.4171442  0.3773025  0.3597724  0.3740713  0.3871860  0.4095783  0.4202824  0.4823031  0.5156971  0.4928070  0.4755731  0.4759237  0.4551384  0.4432352  0.4600759  0.4571450  0.4166541  0.3827704  0.3957440  0.4041571  0.4682596  0.5031428  0.4839100  0.4500307  0.4970465  0.5239231
 1  0.7300844  0.6846392  0.6020438  0.5227592  0.4927798  0.5028276  0.5898574  0.5711145  0.6810978  0.6529807  0.6370783  0.6475123  0.6654228  0.6806456  0.6833237  0.6830077  0.6859534  0.7022806  0.7050772  0.6978438  0.6830799  0.6794437  0.7105924  0.6997176  0.6893174  0.6905376  0.7042783
 2  0.5711411  0.5235489  0.4606660  0.4114709  0.4111460  0.4809983  0.5269106  0.5538297  0.5989065  0.5751584  0.5532413  0.5611820  0.5759264  0.5845312  0.5755421  0.5528394  0.5417158  0.5623237  0.5750407  0.5673613  0.5398781  0.5724896  0.6031224  0.5984778  0.5637233  0.5169958  0.4979358
 3  0.7530262  0.7106776  0.6274998  0.5431151  0.5082896  0.5092766  0.6121337  0.5711878  0.7077340  0.6792530  0.6582779  0.6658655  0.6852788  0.7016461  0.7038325  0.7020666  0.7018115  0.7187864  0.7246595  0.7169991  0.7012695  0.6938991  0.7328646  0.7231309  0.7089039  0.7062734  0.7177678
 4  0.4548105  0.4170595  0.3683602  0.3402190  0.3616362  0.4609535  0.4852646  0.5230925  0.5468719  0.4985456  0.4747721  0.4973581  0.5132022  0.5072367  0.4799407  0.4314554  0.4465280  0.4951156  0.4940420  0.4619943  0.4292479  0.5179371  0.5451049  0.4999087  0.4125496  0.3541504  0.3802337
 1  0.7297766  0.6848057  0.6494290  0.6346935  0.6489948  0.6511891  0.6597703  0.6726024  0.6767640  0.6814626  0.6844212  0.6803954  0.6571092  0.6181863  0.5884300  0.4217550  0.6797444  0.7011490  0.7020882  0.7018144  0.7070643  0.7088587  0.7091487  0.7104866  0.7103721  0.7157017  0.7060497
 2  0.5731114  0.5244942  0.4931966  0.4941022  0.5153714  0.5221857  0.5290613  0.5389150  0.5412517  0.5430570  0.5467523  0.5361657  0.4993187  0.4747172  0.4990084  0.4570809  0.6100982  0.6190401  0.6168327  0.6166521  0.6029603  0.5836151  0.5559841  0.5310004  0.5438211  0.5716952  0.5758580
 3  0.7529155  0.7106406  0.6731554  0.6533736  0.6664923  0.6694154  0.6763012  0.6899267  0.6945854  0.6985157  0.7022051  0.6987458  0.6749853  0.6343401  0.6059511  0.4074465  0.6993524  0.7270937  0.7293281  0.7255445  0.7280970  0.7279268  0.7261884  0.7259656  0.7247983  0.7340059  0.7262507
 4  0.4566960  0.4162671  0.3833879  0.4141685  0.4422881  0.4344464  0.4445689  0.4561555  0.4496969  0.4552753  0.4591602  0.4308510  0.3828374  0.4043395  0.4510717  0.4552046  0.5594594  0.5629458  0.5512617  0.5285103  0.5024907  0.4690507  0.4292299  0.4023227  0.4678541  0.5047727  0.4795646
 1  0.7280549  0.6809974  0.6491547  0.6344521  0.6308213  0.6387953  0.6616895  0.6787769  0.6873739  0.7071573  0.7026057  0.7006121  0.6998043  0.6988072  0.7017725  0.7070790  0.7128333  0.7056609  0.7004127  0.6978528  0.6996720  0.6945072  0.7004209  0.6990317  0.6906111  0.6894839  0.6824512
 2  0.5742871  0.5233197  0.4950582  0.4790636  0.4755127  0.4961919  0.5341094  0.5529426  0.5741063  0.5884508  0.5837697  0.5626180  0.5330723  0.5006100  0.4899631  0.5461793  0.5774887  0.5803974  0.5661452  0.5588785  0.5564498  0.5572574  0.5675688  0.5646434  0.5469798  0.5319927  0.5261133
 3  0.7515398  0.7070218  0.6728295  0.6541827  0.6477386  0.6542566  0.6774768  0.6971071  0.7042590  0.7268970  0.7231020  0.7185538  0.7162374  0.7136608  0.7146875  0.7218116  0.7321572  0.7252158  0.7185980  0.7154499  0.7177274  0.7121868  0.7184809  0.7182214  0.7085469  0.7059858  0.6993505
 4  0.4584217  0.4157221  0.3863274  0.3735159  0.3852571  0.4262855  0.4703545  0.4708933  0.5006197  0.5154725  0.4825920  0.4388872  0.3967942  0.3483168  0.3911578  0.4900583  0.5059492  0.4806451  0.4616698  0.4681060  0.4653099  0.4708359  0.4863970  0.4672960  0.4329840  0.4268773  0.4350842
 1  0.7296925  0.6821534  0.6418359  0.6246129  0.6401225  0.6456661  0.6437611  0.6591775  0.6732715  0.6730280  0.6707972  0.6685501  0.6688636  0.6725514  0.6758927  0.6774418  0.6804256  0.6753951  0.6671925  0.6681816  0.6514562  0.6487480  0.6799138  0.6959375  0.6965374  0.7055607  0.7063309
 2  0.5699182  0.5222040  0.4905276  0.4866283  0.5030826  0.5029886  0.4959235  0.5223158  0.5472895  0.5483874  0.5370734  0.5205328  0.5248731  0.5494916  0.5642242  0.5690624  0.5661977  0.5542316  0.5486697  0.5554092  0.5443759  0.5553810  0.5885815  0.6002585  0.5972614  0.5968304  0.5887270
 3  0.7528275  0.7087934  0.6664485  0.6439000  0.6576010  0.6635365  0.6593481  0.6743722  0.6912774  0.6921345  0.6892942  0.6857244  0.6848225  0.6905460  0.6957712  0.6968334  0.7003809  0.6948760  0.6846368  0.6881195  0.6723611  0.6655423  0.6995460  0.7181387  0.7171114  0.7256000  0.7271716
 4  0.4541773  0.4185686  0.3839220  0.4031385  0.4238316  0.4007133  0.4036744  0.4571660  0.4759916  0.4588271  0.4307122  0.4148129  0.4503060  0.4865201  0.4891796  0.4903915  0.4816055  0.4576991  0.4751504  0.4859683  0.4600003  0.4959974  0.5305689  0.5249145  0.5121662  0.5164533  0.4952436
 1  0.7310651  0.6893614  0.6382363  0.6028477  0.5996312  0.6229244  0.6535650  0.6599522  0.6737329  0.6942273  0.6941047  0.6787733  0.6719008  0.6793290  0.6748475  0.6647035  0.6626927  0.6494699  0.6516665  0.6371354  0.6349977  0.6329211  0.6418836  0.6396308  0.6746590  0.6606878  0.6527757
 2  0.5714015  0.5249206  0.4817846  0.4507922  0.4544299  0.5004148  0.5365754  0.5471726  0.5679456  0.5935454  0.5924187  0.5661035  0.5332613  0.5153411  0.5011714  0.4948646  0.5140008  0.5294895  0.5398903  0.5315518  0.5277253  0.5401013  0.5543337  0.5756901  0.5912464  0.5758548  0.5582675
 3  0.7535218  0.7145680  0.6623160  0.6234284  0.6164094  0.6370944  0.6710698  0.6785116  0.6905687  0.7142268  0.7169854  0.7005437  0.6895063  0.6952581  0.6913888  0.6804773  0.6793423  0.6676148  0.6711581  0.6571602  0.6535371  0.6506744  0.6617051  0.6567380  0.6979737  0.6852039  0.6723825
 4  0.4534606  0.4148438  0.3763593  0.3490726  0.3745810  0.4481925  0.4705063  0.4641812  0.5028964  0.5314844  0.5135552  0.4470161  0.4086099  0.4116017  0.3960064  0.4044371  0.4390760  0.4639033  0.4674433  0.4514008  0.4534132  0.4807044  0.4964089  0.5233153  0.5344725  0.4888020  0.4726408
 1  0.7294815  0.6844707  0.6366034  0.6048224  0.6016901  0.6126577  0.6368098  0.6716837  0.6835530  0.6920600  0.6907040  0.6873237  0.6757932  0.6605913  0.6743675  0.6634734  0.6612462  0.6635667  0.6818352  0.6899025  0.6906452  0.7025899  0.7059788  0.7039635  0.6961749  0.6865438  0.6756906
 2  0.5725402  0.5238844  0.4843925  0.4554257  0.4516042  0.4684476  0.5191976  0.5616821  0.5771481  0.5770256  0.5634982  0.5451910  0.5173642  0.5210913  0.5572132  0.5639581  0.5634493  0.5671825  0.5767482  0.5702979  0.5583508  0.5669206  0.5816011  0.5863890  0.5765304  0.5545139  0.5231259
 3  0.7525449  0.7104590  0.6610492  0.6254654  0.6189112  0.6279832  0.6510159  0.6894542  0.7033174  0.7113658  0.7096415  0.7052659  0.6931945  0.6762719  0.6926131  0.6846555  0.6813171  0.6834977  0.7018516  0.7094802  0.7079115  0.7194130  0.7251832  0.7242674  0.7166187  0.7058949  0.6932634
 4  0.4554746  0.4167696  0.3798642  0.3532080  0.3621161  0.3958112  0.4673097  0.5008055  0.4978570  0.4853577  0.4629491  0.4367901  0.4059251  0.4538556  0.4998124  0.4921134  0.4904125  0.4963907  0.4960490  0.4666820  0.4570921  0.4912629  0.5094740  0.5054461  0.4818191  0.4417883  0.4060568
 1  0.7294027  0.6818774  0.6389976  0.6174060  0.6265184  0.6355139  0.6410330  0.6363096  0.6212079  0.6130738  0.6050309  0.6459111  0.6984677  0.6937826  0.6886454  0.6907619  0.6966473  0.7008982  0.6990106  0.7004675  0.7052111  0.7041983  0.7034532  0.7022716  0.7031396  0.6991870  0.6968747
 2  0.5698543  0.5217168  0.4881847  0.4764125  0.4875946  0.5006375  0.5080893  0.5045254  0.5028239  0.5197596  0.5354526  0.5897528  0.6131578  0.6065125  0.5730198  0.5412505  0.5336975  0.5406820  0.5480934  0.5514520  0.5560596  0.5557018  0.5532378  0.5577841  0.5594601  0.5508712  0.5482167
 3  0.7524993  0.7083400  0.6635812  0.6372016  0.6437788  0.6523062  0.6576605  0.6542980  0.6379121  0.6304936  0.6234069  0.6589985  0.7233788  0.7174835  0.7080180  0.7074725  0.7122671  0.7176250  0.7164366  0.7169895  0.7224803  0.7215957  0.7204121  0.7196089  0.7212228  0.7169220  0.7133221
 4  0.4541562  0.4175816  0.3832642  0.3873007  0.4069622  0.4204352  0.4282311  0.4166963  0.4340574  0.4669283  0.4813575  0.5438926  0.5518331  0.5045487  0.4427631  0.4218135  0.4436296  0.4562868  0.4477968  0.4577517  0.4645960  0.4568879  0.4575739  0.4708602  0.4659066  0.4427759  0.4562831
 1  0.7272826  0.6765279  0.6307505  0.6069877  0.6058381  0.6080991  0.6425328  0.6884358  0.6773653  0.6579875  0.6392100  0.6299659  0.6547494  0.6426995  0.6189264  0.6086753  0.6083785  0.5816563  0.5522186  0.5931109  0.5910360  0.5839353  0.6479004  0.6834907  0.6608107  0.6378830  0.6269460
 2  0.5729577  0.5210785  0.4849255  0.4718089  0.4792743  0.4911919  0.5529411  0.5902873  0.5791392  0.5398761  0.4915849  0.4986526  0.5441942  0.5406762  0.5123720  0.5106375  0.5322914  0.5208322  0.5098596  0.5371398  0.5315152  0.5364735  0.5925243  0.6023183  0.5788212  0.5460454  0.5153278
 3  0.7510606  0.7032012  0.6553996  0.6270167  0.6231983  0.6252380  0.6558175  0.7088051  0.7005627  0.6786312  0.6568629  0.6440415  0.6721837  0.6645039  0.6384336  0.6250042  0.6258644  0.6012276  0.5677482  0.6111821  0.6120841  0.5997798  0.6633268  0.7095209  0.6871875  0.6600147  0.6457327
 4  0.4584400  0.4170217  0.3843606  0.3859528  0.4061212  0.4205554  0.5042210  0.5317672  0.4883875  0.4155016  0.3714407  0.4437293  0.4913740  0.4568940  0.4223662  0.4513587  0.4822221  0.4714447  0.4720742  0.4964958  0.4825021  0.4971971  0.5455291  0.5477029  0.4984012  0.4473764  0.4248753
 1  0.7263195  0.6761652  0.6246311  0.5921029  0.5909488  0.6034348  0.6138725  0.6112894  0.6376338  0.6683159  0.6917705  0.6917120  0.6927431  0.7020216  0.7008249  0.7010497  0.7073265  0.7104860  0.7113496  0.7197424  0.7115967  0.7094276  0.7036611  0.7041061  0.7086273  0.7044360  0.6968291
 2  0.5711790  0.5212492  0.4808129  0.4549392  0.4594493  0.4781281  0.4853123  0.4860680  0.5279037  0.5802889  0.5979132  0.5938660  0.5785892  0.5681608  0.5522289  0.5347458  0.5427893  0.5544883  0.5753661  0.5912933  0.5884804  0.5734879  0.5535922  0.5507886  0.5583273  0.5567409  0.5323930
 3  0.7502776  0.7030711  0.6496276  0.6127861  0.6080064  0.6195845  0.6313667  0.6277340  0.6527479  0.6855134  0.7143286  0.7139894  0.7114114  0.7201949  0.7188978  0.7168490  0.7226956  0.7277583  0.7282571  0.7392897  0.7316192  0.7279434  0.7209937  0.7203761  0.7260838  0.7226826  0.7138994
 4  0.4579942  0.4180866  0.3808324  0.3620809  0.3835931  0.4092639  0.3998122  0.4097049  0.4739504  0.5277894  0.5319039  0.4957594  0.4763454  0.4730734  0.4360979  0.4175555  0.4554793  0.4681100  0.5001840  0.5138657  0.4922677  0.4620424  0.4411566  0.4610999  0.4744525  0.4496290  0.3973961
 1  0.7283663  0.6827752  0.6281359  0.5921522  0.5820432  0.6059401  0.6435989  0.6579965  0.6747402  0.6831369  0.6801710  0.6863248  0.6914158  0.6903055  0.6720924  0.6557881  0.6829621  0.6668152  0.6622437  0.6731188  0.6826172  0.6809056  0.6859958  0.6907346  0.6904330  0.6985602  0.6970885
 2  0.5709641  0.5238797  0.4787852  0.4434600  0.4392324  0.4929511  0.5371589  0.5552152  0.5661402  0.5669173  0.5556763  0.5547432  0.5607511  0.5570366  0.5301025  0.5444907  0.5811435  0.5689160  0.5491003  0.5447925  0.5505324  0.5490844  0.5535441  0.5516536  0.5579795  0.5733089  0.5736064
 3  0.7517058  0.7088831  0.6527556  0.6131774  0.5988753  0.6190551  0.6611104  0.6765238  0.6930012  0.7029885  0.6989341  0.7035765  0.7097171  0.7091469  0.6908882  0.6707111  0.7037490  0.6906245  0.6819026  0.6900596  0.7006821  0.6994724  0.7039135  0.7086693  0.7073170  0.7174934  0.7174361
 4  0.4566222  0.4170227  0.3760526  0.3379104  0.3599705  0.4491395  0.4767930  0.4780025  0.4910666  0.4798118  0.4573130  0.4693909  0.4794214  0.4624022  0.4210353  0.4883499  0.5263994  0.4771299  0.4385143  0.4588730  0.4715550  0.4619358  0.4619995  0.4547973  0.4803957  0.5026097  0.4761305
 1  0.7305319  0.6896581  0.6375116  0.6030171  0.6085939  0.6283252  0.6516923  0.6496156  0.6526434  0.6604260  0.6824649  0.6924084  0.6914743  0.6944619  0.6972268  0.7050820  0.6982274  0.6935491  0.6871033  0.6848891  0.6825586  0.6756056  0.6675678  0.6677980  0.6739240  0.6941078  0.7039681
 2  0.5721984  0.5266032  0.4808946  0.4595913  0.4824294  0.5235655  0.5472225  0.5373204  0.5151521  0.5036218  0.5265585  0.5438294  0.5505625  0.5507963  0.5567237  0.5612410  0.5554699  0.5446439  0.5403919  0.5566704  0.5720107  0.5722136  0.5654891  0.5600308  0.5738030  0.5937858  0.6011465
 3  0.7533336  0.7150011  0.6616535  0.6227903  0.6250257  0.6444302  0.6705796  0.6700170  0.6709484  0.6757338  0.6976635  0.7098208  0.7088659  0.7121321  0.7144864  0.7227689  0.7165612  0.7111996  0.7043789  0.7028437  0.7026385  0.6970471  0.6882325  0.6878056  0.6921346  0.7143220  0.7258888
 4  0.4550996  0.4161370  0.3736507  0.3733199  0.4185455  0.4684091  0.4781728  0.4395608  0.3890493  0.4059055  0.4545767  0.4598149  0.4572809  0.4563333  0.4679054  0.4721672  0.4561599  0.4411129  0.4536605  0.4888397  0.5053205  0.4970439  0.4854651  0.4796025  0.5064157  0.5301872  0.5188215
 1  0.7307829  0.6860838  0.6421801  0.6221842  0.6517187  0.6580861  0.6570012  0.6668780  0.7056600  0.6972734  0.6783158  0.6683919  0.6659562  0.6673003  0.6831579  0.6895687  0.6902950  0.6917800  0.7072099  0.7032708  0.6951312  0.6928881  0.6959130  0.6957103  0.6936628  0.6902294  0.6897664
 2  0.5712566  0.5225106  0.4870381  0.4987147  0.5345143  0.5369046  0.5096261  0.5434416  0.5957479  0.5973311  0.5708101  0.5341123  0.4978657  0.4840069  0.5226507  0.5565177  0.5666529  0.5830915  0.5976175  0.5935335  0.5700626  0.5445227  0.5306476  0.5194877  0.5102782  0.5006039  0.5103973
 3  0.7532018  0.7114615  0.6661381  0.6403197  0.6697903  0.6778807  0.6745259  0.6788201  0.7255050  0.7209738  0.6998701  0.6871206  0.6827911  0.6814132  0.6979384  0.7073695  0.7095389  0.7098377  0.7280903  0.7249884  0.7146255  0.7098999  0.7121448  0.7117490  0.7092825  0.7052622  0.7046459
 4  0.4532831  0.4141112  0.3833693  0.4352187  0.4701726  0.4365329  0.3689145  0.4907375  0.5440124  0.5172350  0.4594179  0.4104912  0.3625950  0.3920697  0.4596482  0.4870293  0.4840428  0.5124313  0.5285106  0.5008096  0.4502473  0.4282115  0.4244403  0.4100885  0.3878717  0.3850651  0.4242184
 1  0.7288303  0.6817250  0.6260528  0.5899363  0.5331172  0.4794677  0.6372025  0.6880518  0.6343408  0.6275312  0.6318291  0.6178502  0.5918918  0.6113776  0.6943573  0.7079135  0.6981368  0.6969381  0.6987845  0.7111482  0.7247398  0.7044611  0.6850501  0.6772600  0.6843846  0.6798964  0.6762080
 2  0.5741911  0.5237030  0.4781700  0.4510150  0.4215027  0.4507688  0.5910381  0.5993899  0.5618930  0.5542940  0.5494419  0.5225182  0.4846339  0.5584039  0.6157820  0.6235538  0.6058427  0.5712618  0.5271674  0.5767584  0.6127991  0.6060230  0.5683447  0.5245941  0.5134628  0.5050632  0.5063126
 3  0.7523075  0.7079528  0.6507774  0.6105168  0.5503453  0.4917842  0.6466882  0.7176053  0.6603656  0.6483189  0.6535544  0.6394239  0.6103196  0.6179889  0.7171000  0.7339698  0.7215354  0.7158021  0.7142428  0.7242647  0.7484318  0.7293413  0.7062127  0.6936899  0.6997302  0.6969208  0.6920503
 4  0.4580154  0.4169323  0.3774369  0.3597748  0.3566190  0.4260398  0.5476545  0.5462806  0.4969647  0.4938547  0.4789918  0.4289952  0.3976098  0.5226187  0.5631175  0.5518793  0.4942735  0.4208482  0.3844822  0.5259453  0.5571943  0.5140746  0.4237716  0.3945665  0.4230931  0.4039745  0.4007750
 1  0.7302531  0.6859038  0.6390333  0.6099475  0.6056542  0.6182012  0.6365202  0.6403733  0.6418344  0.6624964  0.6899675  0.6838403  0.6783642  0.6840880  0.6886777  0.6943823  0.6901363  0.6968631  0.6926239  0.6907527  0.6896139  0.6884293  0.6929325  0.7011847  0.7155423  0.7059805  0.6920504
 2  0.5733499  0.5237260  0.4847898  0.4596928  0.4578743  0.4818759  0.5084704  0.5130318  0.5200829  0.5678984  0.5920531  0.5833231  0.5566410  0.5393116  0.5426750  0.5563937  0.5719254  0.5799988  0.5696409  0.5479732  0.5288750  0.5315770  0.5473666  0.5884237  0.6074784  0.6012545  0.5685187
 3  0.7529906  0.7113011  0.6630376  0.6304903  0.6228723  0.6333662  0.6531350  0.6584125  0.6585083  0.6780295  0.7118535  0.7061904  0.6970823  0.7009409  0.7052012  0.7119800  0.7088104  0.7170175  0.7128405  0.7084273  0.7057615  0.7052315  0.7103082  0.7182812  0.7379877  0.7285283  0.7116033
 4  0.4553468  0.4144629  0.3816274  0.3588096  0.3710748  0.4159864  0.4378300  0.4254858  0.4458170  0.5172402  0.5283183  0.4818997  0.4390548  0.4381660  0.4620375  0.4811596  0.4993527  0.5006253  0.4634858  0.4243315  0.4261194  0.4479944  0.4683897  0.5275307  0.5415401  0.5030851  0.4454592
 1  0.7306463  0.6839494  0.6377002  0.6105050  0.6032018  0.6033235  0.6250845  0.6423392  0.6900709  0.6900691  0.6851083  0.6869975  0.7053453  0.7112817  0.7015950  0.6968776  0.6956433  0.7014962  0.7025092  0.6890763  0.6783547  0.6864544  0.6823203  0.6970260  0.7094144  0.6953286  0.6861988
 2  0.5746519  0.5227490  0.4857719  0.4660306  0.4598201  0.4776171  0.5203076  0.5726144  0.6007859  0.5972422  0.5685117  0.5467025  0.5660693  0.5785381  0.5681641  0.5376239  0.5042286  0.5010731  0.5407073  0.5616001  0.5708164  0.5764904  0.5734771  0.5953848  0.6039321  0.5919046  0.5648948
 3  0.7534515  0.7096860  0.6619543  0.6309481  0.6209938  0.6185159  0.6407922  0.6577028  0.7124826  0.7132891  0.7052086  0.7030112  0.7217253  0.7308454  0.7209412  0.7138412  0.7104744  0.7153830  0.7184196  0.7097553  0.6984182  0.7066285  0.7028271  0.7146865  0.7321787  0.7180883  0.7053536
 4  0.4558021  0.4152092  0.3844937  0.3716829  0.3703090  0.4156383  0.4682716  0.5236510  0.5398682  0.5044222  0.4365367  0.4448121  0.4993908  0.4991770  0.4506854  0.3896942  0.3654044  0.4077403  0.4778729  0.4912227  0.4941916  0.5009665  0.4892857  0.5284928  0.5369447  0.4921898  0.4543256
 1  0.7306384  0.6854690  0.6418385  0.6169262  0.6112037  0.6093765  0.6119415  0.6452360  0.6911727  0.6917735  0.6878592  0.6958546  0.6980756  0.7007648  0.6956102  0.6933439  0.6843729  0.6924522  0.6916203  0.6881703  0.6917668  0.6995484  0.7020769  0.6994508  0.6947115  0.6975883  0.6992850
 2  0.5714296  0.5239925  0.4881093  0.4626351  0.4443867  0.4310261  0.4671042  0.5707599  0.6028780  0.5994132  0.5768805  0.5605731  0.5523428  0.5471783  0.5438492  0.5397330  0.5537224  0.5791190  0.5815120  0.5648793  0.5497738  0.5525511  0.5513785  0.5422530  0.5342648  0.5593195  0.5776329
 3  0.7535934  0.7115947  0.6662147  0.6373583  0.6288278  0.6248568  0.6246161  0.6586415  0.7140059  0.7148057  0.7072191  0.7136786  0.7154161  0.7178329  0.7127888  0.7104443  0.7009376  0.7125380  0.7133986  0.7072438  0.7084133  0.7166209  0.7197544  0.7165508  0.7105813  0.7142065  0.7196611
 4  0.4547070  0.4177429  0.3811075  0.3546426  0.3315302  0.3280384  0.4197148  0.5303570  0.5415073  0.5032879  0.4672882  0.4596000  0.4562303  0.4493466  0.4450133  0.4418375  0.4871861  0.5169236  0.4898440  0.4468855  0.4504995  0.4668302  0.4535908  0.4237127  0.4372593  0.4956182  0.5067854
 1  0.7298247  0.6826669  0.6404677  0.6280868  0.6627217  0.6673139  0.6593017  0.6587154  0.6705532  0.6852781  0.6815895  0.6771108  0.6890258  0.6924363  0.6923857  0.6913234  0.6919396  0.6924606  0.6985346  0.6967983  0.6992231  0.7087279  0.7115606  0.7133131  0.7165783  0.7159637  0.7112176
 2  0.5696666  0.5211598  0.4885340  0.5108179  0.5480323  0.5516454  0.5224444  0.4968177  0.5055555  0.5255074  0.5282998  0.5299657  0.5577863  0.5735649  0.5708690  0.5600664  0.5466999  0.5450360  0.5547840  0.5534587  0.5577655  0.5686567  0.5733417  0.5717593  0.5717620  0.5718357  0.5613568
 3  0.7525837  0.7088277  0.6648898  0.6456245  0.6813103  0.6874677  0.6771343  0.6747518  0.6852172  0.7012878  0.6993894  0.6928316  0.7060776  0.7123386  0.7121025  0.7096627  0.7092853  0.7092067  0.7160207  0.7149982  0.7158043  0.7262143  0.7300438  0.7304226  0.7339654  0.7337810  0.7290919
 4  0.4530319  0.4162894  0.3843854  0.4506668  0.4850653  0.4537112  0.3987393  0.3825965  0.4243218  0.4478693  0.4203656  0.4438483  0.4942007  0.4975542  0.4748442  0.4544695  0.4444438  0.4585885  0.4703095  0.4528960  0.4667968  0.4884619  0.4772313  0.4719143  0.4791483  0.4770016  0.4564399
 1  0.7291441  0.6867886  0.6462520  0.6220389  0.5946824  0.5738863  0.6334313  0.6601442  0.6561247  0.6726770  0.6667882  0.6640988  0.6764409  0.6922069  0.6923214  0.6896232  0.6899744  0.6872087  0.6904448  0.6896920  0.6971709  0.6965094  0.6993954  0.6953667  0.6915769  0.6839718  0.6729781
 2  0.5731839  0.5256805  0.4888373  0.4578279  0.4189805  0.4448587  0.5791090  0.5760925  0.5825614  0.5793588  0.5571851  0.5297051  0.5309409  0.5502498  0.5533090  0.5552733  0.5614719  0.5679689  0.5682448  0.5658687  0.5641732  0.5641245  0.5651676  0.5635938  0.5568183  0.5438492  0.5266059
 3  0.7522081  0.7122912  0.6699832  0.6423831  0.6123909  0.5858155  0.6449197  0.6884366  0.6803576  0.6942540  0.6876569  0.6819526  0.6920732  0.7091834  0.7105856  0.7071128  0.7081167  0.7066476  0.7102465  0.7080518  0.7154164  0.7146163  0.7176570  0.7140415  0.7102398  0.7023304  0.6909407
 4  0.4562852  0.4155206  0.3787229  0.3383933  0.3049374  0.4076619  0.5402684  0.5215429  0.5077327  0.4944654  0.4514478  0.4167000  0.4487478  0.4733430  0.4620210  0.4659556  0.4852840  0.4918128  0.4778915  0.4737485  0.4747338  0.4760038  0.4786267  0.4744307  0.4623675  0.4444231  0.4260537
