FL 2019 2020 2021 2022 2023 2024 2025 2026 2027 2028 2029 2030 2031 2032 2033 2034 2035 2036 2037 2038 2039 2040 2041 2042 2043 2044 2045
 1    4109.00    3843.84    3843.84    3883.11    3883.11    4143.68    4143.68    7006.23    7006.23    5947.33    5947.33    2400.09    2400.09    2292.91    2292.91    1783.32    1783.32     776.62     776.62     153.38     153.38     462.00     462.00    1973.20    1973.20    5633.17    5633.17
 2     783.00     732.16     732.16     739.64     739.64     789.27     789.27    1334.52    1334.52    1132.82    1132.82     457.16     457.16     436.74     436.74     339.68     339.68     147.93     147.93      29.22      29.22      88.00      88.00     375.85     375.85    1072.98    1072.98
 3    3537.00    5262.49    4315.38    4599.33    3334.01    2921.99    3745.42    4534.64    2964.37    3037.47    3037.47    3037.47    3037.47    3037.47    3037.47    3037.47    3037.47    3037.47    3037.47    3037.47    3037.47     364.24     614.66     928.72    1040.65    1574.39    1574.39
 4    1379.00    1253.93     843.46    1090.60    1749.72    2002.72    1297.91    1103.74     654.49     646.11     646.11     646.11     646.11     646.11     646.11     646.11     646.11     646.11     646.11     646.11     646.11     742.61     743.49    1091.66    1025.70    1000.89    1000.89
 1    4109.00    4466.15    4466.15    6104.41    6104.41    3441.44    3441.44    2162.62    2162.62    2355.74    2355.74    1490.41    1490.41    1635.48    1635.48    1496.88    1496.88    2286.44    2286.44   10678.67   10678.67    6329.86    6329.86    2660.66    2660.66     761.84     761.84
 2     783.00     850.70     850.70    1162.74    1162.74     655.51     655.51     411.93     411.93     448.71     448.71     283.89     283.89     311.52     311.52     285.12     285.12     435.51     435.51    2034.03    2034.03    1205.69    1205.69     506.79     506.79     145.11     145.11
 3    3537.00    4400.57    4456.55    3793.19    3002.51    3002.51    1402.09    1104.82    1246.56    1224.52    1506.86    1506.86    1399.36    1399.36    1399.36    1173.03    1182.19    1226.01    1923.01    2078.48    1361.62    1361.62    1361.62    1361.62    1361.62    1361.62    1361.62
 4    1379.00    1079.06     844.79     657.45     541.05     541.05     695.82     707.83     747.09     662.74     662.98     662.98     641.68     641.68     641.68     675.56    1216.75    1301.87    1113.54     965.05     686.21     686.21     686.21     686.21     686.21     686.21     686.21
 1    4109.00    6493.41    6493.41    4791.86    4791.86    7176.71    7176.71    3027.95    3027.95    1701.08    1701.08    1871.56    1871.56     908.75     908.75    2298.91    2298.91    2395.01    2395.01    2140.91    2140.91    3370.29    3370.29    1399.40    1399.40    1994.45    1994.45
 2     783.00    1236.84    1236.84     912.74     912.74    1366.99    1366.99     576.75     576.75     324.02     324.02     356.49     356.49     173.10     173.10     437.89     437.89     456.19     456.19     407.79     407.79     641.96     641.96     266.55     266.55     379.90     379.90
 3    3537.00    4855.96    4223.80    2042.60    1952.52    2047.25    2047.25    2047.25    2047.25    2047.25    2047.25    2047.25    2047.25    2047.25    2047.25    2047.25    2047.25    2047.25    2047.25    2047.25    2047.25    2047.25    2047.25    2047.25     334.24     857.76     857.76
 4    1379.00    1169.22     966.00     845.77     782.88     644.73     644.73     644.73     644.73     644.73     644.73     644.73     644.73     644.73     644.73     644.73     644.73     644.73     644.73     644.73     644.73     644.73     644.73     644.73     873.05     726.77     726.77
 1    4109.00    2510.05    2510.05    6036.03    6036.03    3511.66    3511.66    1186.88    1186.88     882.42     882.42    1838.30    1838.30    2407.02    2407.02    3180.41    3180.41    5125.43    5125.43    3729.73    3729.73    5118.96    5118.96    5032.10    5032.10    3151.30    3151.30
 2     783.00     478.10     478.10    1149.72    1149.72     668.89     668.89     226.07     226.07     168.08     168.08     350.15     350.15     458.48     458.48     605.79     605.79     976.27     976.27     710.42     710.42     975.04     975.04     958.50     958.50     600.25     600.25
 3    3537.00    4942.16    5221.06    4660.55    3416.64    3416.64    3416.64    3416.64    1133.25    1479.63    2686.81    2466.41    2311.89    2997.66    2494.27    2202.25    1828.24    1821.07    1890.08    1675.39    1415.29    1686.29    1706.84    1706.84    1706.84    1706.84    1706.84
 4    1379.00    1235.86     952.55     795.33     573.49     573.49     573.49     573.49    1001.66    1058.83    1134.56    1239.16    1147.13     970.13     831.45     811.55     837.38     788.87     781.02     855.17    1185.33    1095.28     706.98     706.98     706.98     706.98     706.98
 1    4109.00    3921.92    3921.92    4354.35    4354.35    5497.34    5497.34    8755.36    8755.36    7328.71    7328.71    1486.72    1486.72     745.21     745.21    3809.65    3809.65    4223.14    4223.14    2188.03    2188.03    4566.87    4566.87    4985.90    4985.90     909.22     909.22
 2     783.00     747.03     747.03     829.40     829.40    1047.11    1047.11    1667.69    1667.69    1395.94    1395.94     283.18     283.18     141.94     141.94     725.65     725.65     804.41     804.41     416.77     416.77     869.88     869.88     949.70     949.70     173.18     173.18
 3    3537.00    4437.28    4497.87    4101.96    3281.37    3939.72    3924.45    3504.64    2866.07    2866.07    2866.07    2866.07    2866.07     334.32     918.40     918.40     918.40     918.40     918.40     667.72     667.72     667.72     667.72     667.72     667.72     667.72     667.72
 4    1379.00    1078.63     875.46     821.60     956.31     940.59     999.22     806.71     824.81     824.81     824.81     824.81     824.81     751.96     831.41     831.41     831.41     831.41     831.41     749.12     749.12     749.12     749.12     749.12     749.12     749.12     749.12
 1    4109.00    6447.21    6447.21    7029.79    7029.79    4228.22    4228.22    1176.25    1176.25    1434.51    1434.51    1335.64    1335.64    2677.29    2677.29    3454.37    3454.37    2156.62    2156.62    1014.55    1014.55    1771.31    1771.31    4286.44    4286.44    1521.83    1521.83
 2     783.00    1228.04    1228.04    1339.01    1339.01     805.38     805.38     224.05     224.05     273.24     273.24     254.41     254.41     509.96     509.96     657.98     657.98     410.78     410.78     193.25     193.25     337.39     337.39     816.46     816.46     289.87     289.87
 3    3537.00    4740.50    4529.85    3686.33    3686.33    3686.33    3686.33    3686.33     619.51     619.51     619.51     619.51     619.51     619.51     619.51     619.51     619.51     619.51     619.51     619.51     619.51     766.31     766.31    1121.61    1121.61    1023.20    1023.20
 4    1379.00    1137.77     946.76     762.13     762.13     762.13     762.13     762.13     731.61     731.61     731.61     731.61     731.61     731.61     731.61     731.61     731.61     731.61     731.61     731.61     731.61     816.78     816.78     571.54     571.54     797.46     797.46
 1    4109.00    6966.04    6966.04    3405.86    3405.86    2303.07    2303.07    1681.68    1681.68    1248.79    1248.79     764.15     764.15     716.10     716.10    3494.11    3494.11    1798.10    1798.10    1127.28    1127.28    2454.14    2454.14    5803.18    5803.18    4052.20    4052.20
 2     783.00    1326.86    1326.86     648.74     648.74     438.68     438.68     320.32     320.32     237.86     237.86     145.55     145.55     136.40     136.40     665.54     665.54     342.50     342.50     214.72     214.72     467.46     467.46    1105.37    1105.37     771.85     771.85
 3    3537.00    4184.41    4221.87    1753.02    1753.02    1753.02    1753.02    1753.02    1753.02    1753.02    1753.02    1753.02    1753.02    1753.02    1753.02    1753.02    1753.02    1753.02     435.22     475.11    1263.39    1690.63    2459.61    2464.79    2579.33    2579.33    2579.33
 4    1379.00    1072.14     923.57     788.12     788.12     788.12     788.12     788.12     788.12     788.12     788.12     788.12     788.12     788.12     788.12     788.12     788.12     788.12     900.27    1113.67    1224.58    1414.59    1518.61    1196.35     952.70     952.70     952.70
 1    4109.00    1392.47    1392.47    1608.22    1608.22    2865.32    2865.32    4744.28    4744.28    2938.78    2938.78    7346.72    7346.72    4004.15    4004.15    1582.35    1582.35    4047.58    4047.58   11647.48   11647.48    7409.09    7409.09    1572.65    1572.65     938.32     938.32
 2     783.00     265.23     265.23     306.33     306.33     545.78     545.78     903.67     903.67     559.77     559.77    1399.38    1399.38     762.70     762.70     301.40     301.40     770.97     770.97    2218.57    2218.57    1411.26    1411.26     299.55     299.55     178.73     178.73
 3    3537.00    4340.21    4912.68    4912.68    4912.68    4912.68    4912.68    1360.43    1621.78    1838.53    2732.29    2626.68    2626.68    2626.68    2626.68    2626.68     696.80     924.61    2258.97    2559.92    2153.20    2153.20    2153.20    2153.20    2153.20    2153.20     617.17
 4    1379.00    1054.14     909.70     909.70     909.70     909.70     909.70     914.85    1185.88    1164.72    1074.73     827.12     827.12     827.12     827.12     827.12    1325.32    1600.23    1410.32    1216.35    1049.10    1049.10    1049.10    1049.10    1049.10    1049.10    1054.80
 1    4109.00    6888.42    6888.42    7776.85    7776.85    3310.69    3310.69     371.45     371.45    1909.91    1909.91    4863.01    4863.01    4054.51    4054.51    2282.74    2282.74     934.16     934.16     700.39     700.39     753.06     753.06    1048.28    1048.28    4451.37    4451.37
 2     783.00    1312.08    1312.08    1481.30    1481.30     630.61     630.61      70.75      70.75     363.79     363.79     926.29     926.29     772.29     772.29     434.81     434.81     177.94     177.94     133.41     133.41     143.44     143.44     199.67     199.67     847.88     847.88
 3    3537.00    4779.11    4276.09    3738.51    3738.51    3738.51    3738.51    3738.51     894.96    1965.11    2827.37    3307.22    2695.45    2695.45    2695.45    2695.45    2695.45    2695.45    2695.45    2695.45    2695.45    2695.45     629.01     680.41    1188.90    2611.88    4025.54
 4    1379.00    1187.09     810.30     629.83     629.83     629.83     629.83     629.83    1281.60    1345.85    1071.59     910.99     759.38     759.38     759.38     759.38     759.38     759.38     759.38     759.38     759.38     759.38     921.37    2015.61    2739.04    2418.93    1802.78
 1    4109.00    6048.97    6048.97    4423.65    4423.65    2788.17    2788.17    2202.82    2202.82    1541.69    1541.69    1235.39    1235.39    1149.46    1149.46    1716.79    1716.79    4854.23    4854.23    4409.33    4409.33    5221.99    5221.99    1253.41    1253.41     870.41     870.41
 2     783.00    1152.18    1152.18     842.60     842.60     531.08     531.08     419.58     419.58     293.66     293.66     235.31     235.31     218.94     218.94     327.01     327.01     924.62     924.62     839.87     839.87     994.66     994.66     238.74     238.74     165.79     165.79
 3    3537.00    4330.75    3860.69    1873.13    1873.13    1873.13    1873.13    1873.13    1873.13    1873.13    1873.13    1873.13    1873.13    1873.13     391.99     701.52     964.46    1527.32    1527.32    1527.32    1527.32    1527.32    1527.32    1527.32    1527.32    1527.32    1527.32
 4    1379.00    1105.86     918.26    1067.46    1067.46    1067.46    1067.46    1067.46    1067.46    1067.46    1067.46    1067.46    1067.46    1067.46     760.12    1086.53    1247.14    1028.28    1028.28    1028.28    1028.28    1028.28    1028.28    1028.28    1028.28    1028.28    1028.28
 1    4109.00    3446.06    3446.06    3612.38    3612.38    3787.01    3787.01    3333.33    3333.33    2574.26    2574.26    1950.10    1950.10    4764.14    4764.14    4777.54    4777.54    5037.65    5037.65    2744.74    2744.74    3885.42    3885.42    2693.00    2693.00    2961.88    2961.88
 2     783.00     656.39     656.39     688.07     688.07     721.34     721.34     634.92     634.92     490.34     490.34     371.45     371.45     907.46     907.46     910.01     910.01     959.55     959.55     522.81     522.81     740.08     740.08     512.95     512.95     564.17     564.17
 3    3537.00    5268.18    4240.44    2564.69    2171.12    2197.29    2055.53    2055.53    2055.53    2055.53    2055.53     815.60    1037.61    1664.26    1887.15    1878.77    2042.95    2098.68    1581.89    1468.89    1468.89    1468.89    1468.89    1468.89    1468.89    1468.89    1468.89
 4    1379.00    1355.14     867.63     838.39     743.53     711.63     813.25     813.25     813.25     813.25     813.25     983.39    1182.63    1135.61    1092.36     976.87     834.79     887.04     857.33     690.74     690.74     690.74     690.74     690.74     690.74     690.74     690.74
 1    4109.00    4743.35    4743.35    5327.32    5327.32    4224.99    4224.99    2080.85    2080.85     459.23     459.23     425.50     425.50    3234.46    3234.46    6212.98    6212.98    5154.53    5154.53    2086.85    2086.85    3004.85    3004.85    5287.13    5287.13    7553.24    7553.24
 2     783.00     903.50     903.50    1014.73    1014.73     804.76     804.76     396.35     396.35      87.47      87.47      81.05      81.05     616.09     616.09    1183.42    1183.42     981.82     981.82     397.50     397.50     572.35     572.35    1007.07    1007.07    1438.71    1438.71
 3    3537.00    4077.63    4002.57    4004.02    4004.02    4004.02    4004.02    4004.02    3822.68    3193.35    3674.22     312.56     820.93    2381.20    3568.33    2927.90    2747.41    2747.41    1056.94     696.16     705.33    1706.14    1306.47    1610.22    1830.71    2770.44    2650.08
 4    1379.00    1166.76     881.30     816.26     816.26     816.26     816.26     816.26     816.26     816.26     816.26     960.70    1260.52    1250.64    1048.09     777.29     657.91     657.91     701.21     786.18     854.91     860.88    1012.52    1589.70    1430.91    1724.06    1349.63
 1    4109.00    5658.58    5658.58    3092.63    3092.63    1995.38    1995.38    1218.29    1218.29    2486.02    2486.02    2224.53    2224.53    1705.70    1705.70     648.19     648.19     815.43     815.43     973.90     973.90    1623.47    1623.47    2898.59    2898.59    2271.19    2271.19
 2     783.00    1077.82    1077.82     589.07     589.07     380.07     380.07     232.06     232.06     473.53     473.53     423.72     423.72     324.90     324.90     123.46     123.46     155.32     155.32     185.50     185.50     309.23     309.23     552.11     552.11     432.61     432.61
 3    3537.00    3637.47    3774.71    1890.08    1761.53    2064.02    2064.02    2064.02    2064.02    2064.02    2064.02    2064.02    2064.02    2064.02    2064.02    2064.02    2064.02    2064.02    2064.02    2064.02    2064.02    2064.02    2064.02    2064.02    2064.02     507.64     826.36
 4    1379.00     872.40     713.66     699.37     923.78     901.42     901.42     901.42     901.42     901.42     901.42     901.42     901.42     901.42     901.42     901.42     901.42     901.42     901.42     901.42     901.42     901.42     901.42     901.42     901.42    1298.91    1300.05
 1    4109.00    5649.34    5649.34    9047.35    9047.35    4649.57    4649.57    3483.48    3483.48    1495.03    1495.03    1769.00    1769.00    4177.40    4177.40    2979.44    2979.44    1719.10    1719.10    3186.41    3186.41    7671.05    7671.05    4440.28    4440.28    1915.45    1915.45
 2     783.00    1076.06    1076.06    1723.30    1723.30     885.63     885.63     663.52     663.52     284.77     284.77     336.95     336.95     795.70     795.70     567.51     567.51     327.45     327.45     606.94     606.94    1461.15    1461.15     845.77     845.77     364.85     364.85
 3    3537.00    4128.12    4073.20    3741.11    3741.11    3741.11    3741.11    3741.11    3741.11    3741.11    3741.11     542.84    1132.13    1132.13    1132.13    1132.13     696.50     911.79    1301.11    1369.05    2072.79    2072.79    2072.79    2072.79    2072.79    2072.79    2072.79
 4    1379.00    1150.05     823.50     619.89     619.89     619.89     619.89     619.89     619.89     619.89     619.89     972.16     824.54     824.54     824.54     824.54     820.03     925.98    1328.18    1412.95    1271.50    1271.50    1271.50    1271.50    1271.50    1271.50    1271.50
 1    4109.00    5167.01    5167.01    4599.67    4599.67    2738.74    2738.74    2004.16    2004.16    1877.11    1877.11     505.43     505.43    3188.26    3188.26    2598.29    2598.29    3305.15    3305.15    2667.13    2667.13    1451.60    1451.60     771.54     771.54    1304.23    1304.23
 2     783.00     984.19     984.19     876.13     876.13     521.66     521.66     381.74     381.74     357.54     357.54      96.27      96.27     607.29     607.29     494.91     494.91     629.55     629.55     508.02     508.02     276.50     276.50     146.96     146.96     248.42     248.42
 3    3537.00    3399.41    3870.82    1829.54    1803.25    1803.25    1803.25    1803.25    1803.25    1803.25    1803.25     393.43     680.87    1757.37    1757.37    1757.37    1757.37    1757.37    1757.37    1757.37    1757.37    1757.37    1757.37    1757.37    1757.37     709.90     756.50
 4    1379.00     925.93     861.42     825.21     863.26     863.26     863.26     863.26     863.26     863.26     863.26    1037.07    1144.80     828.39     828.39     828.39     828.39     828.39     828.39     828.39     828.39     828.39     828.39     828.39     828.39     804.49     895.65
 1    4109.00    4684.22    4684.22    3335.64    3335.64    4997.45    4997.45    4781.24    4781.24    3696.46    3696.46    3772.69    3772.69    4045.73    4045.73    2777.08    2777.08    3328.71    3328.71    6075.30    6075.30    8506.81    8506.81    5643.33    5643.33    4108.10    4108.10
 2     783.00     892.23     892.23     635.36     635.36     951.90     951.90     910.71     910.71     704.09     704.09     718.61     718.61     770.62     770.62     528.97     528.97     634.04     634.04    1157.20    1157.20    1620.34    1620.34    1074.92    1074.92     782.50     782.50
 3    3537.00    4588.66    4151.29    2267.18    2040.97    2759.57    2716.99    1326.25    1326.38    1018.27    1296.63    1314.94    1446.56    1808.48    1462.40    1011.71    1069.10    1299.59    2605.43    3356.80    3356.80    2322.28    1615.28     877.37     959.39    1033.37    1002.73
 4    1379.00    1145.56     787.02     650.77     684.93     648.53     728.98     720.21     739.96     863.19    1052.88     909.67     719.27     670.65     738.05    1100.06    2223.69    2169.68    1873.88    1307.05    1307.05     659.82     776.71     915.20    1046.30    1074.07    1443.73
 1    4109.00    6814.96    6814.96    3556.94    3556.94    3694.61    3694.61    2007.85    2007.85    1376.76    1376.76    1464.54    1464.54    1784.24    1784.24    5598.98    5598.98    7043.19    7043.19    6752.13    6752.13    7179.94    7179.94    2248.09    2248.09    1058.44    1058.44
 2     783.00    1298.09    1298.09     677.51     677.51     703.74     703.74     382.45     382.45     262.24     262.24     278.96     278.96     339.86     339.86    1066.47    1066.47    1341.56    1341.56    1286.12    1286.12    1367.61    1367.61     428.21     428.21     201.61     201.61
 3    3537.00    4475.74    3928.16    1914.52    1650.74    1841.28    1841.28    1841.28    1841.28    1841.28    1841.28    1841.28    1265.89     986.17    1324.52    1924.02    2333.68    2032.67    1589.01    1241.21    1451.34    1451.34    1451.34    1451.34    1451.34    1451.34    1451.34
 4    1379.00    1068.53     849.77     771.00     737.43     749.81     749.81     749.81     749.81     749.81     749.81     749.81     954.94    1729.74    1399.03    1160.06     972.87     992.31    1072.50     962.87     741.23     741.23     741.23     741.23     741.23     741.23     741.23
 1    4109.00    4288.75    4288.75    5230.76    5230.76    3761.60    3761.60    4839.91    4839.91    3425.27    3425.27    1683.99    1683.99    2350.19    2350.19    1493.65    1493.65    2273.96    2273.96    3187.80    3187.80    3010.39    3010.39    4532.22    4532.22    3150.84    3150.84
 2     783.00     816.90     816.90     996.34     996.34     716.50     716.50     921.89     921.89     652.43     652.43     320.76     320.76     447.66     447.66     284.50     284.50     433.14     433.14     607.20     607.20     573.41     573.41     863.28     863.28     600.16     600.16
 3    3537.00    5473.25    4942.07    4696.14    4419.37    2186.59    2244.49    2244.49    2244.49    2244.49    2244.49    2244.49    2244.49    2244.49     961.33    1165.18    1216.55    1173.58    1174.50    1116.45    1299.56    1822.16    2292.86    2292.86    1844.37    1774.08    1088.25
 4    1379.00    1299.52     951.33    1053.36     864.02     924.19     839.48     839.48     839.48     839.48     839.48     839.48     839.48     839.48     655.07     767.22     728.90     707.43     838.25    1241.52    1408.61    1319.07    1001.38    1001.38     701.74    1043.18    1062.90
 1    4109.00    4831.13    4831.13   11913.13   11913.13    2473.09    2473.09     541.93     541.93     237.93     237.93     263.80     263.80     535.46     535.46     225.92     225.92     420.88     420.88     222.22     222.22     352.51     352.51      36.96      36.96     257.33     257.33
 2     783.00     920.22     920.22    2269.17    2269.17     471.06     471.06     103.22     103.22      45.32      45.32      50.25      50.25     101.99     101.99      43.03      43.03      80.17      80.17      42.33      42.33      67.14      67.14       7.04       7.04      49.02      49.02
 3    3537.00    4656.81    4180.11    4180.11    4180.11    2478.54    2830.07    2085.35    2669.28    2620.09    2781.87    4180.11    4180.11    4130.56    3401.18    4180.11    4180.11    4180.11    4180.11    4180.11    4180.11    4180.11    2367.00    2005.15    4117.81    4180.11    4180.11
 4    1379.00    1098.90     851.62     851.62     851.62     851.62     851.62     851.62     851.62     851.62     851.62     851.62     851.62     851.62     851.62     851.62     851.62     851.62     851.62     851.62     851.62     851.62     851.62     851.62     851.62     851.62     851.62
 1    4109.00    4753.98    4753.98    5733.88    5733.88    4050.35    4050.35    3770.38    3770.38     637.56     637.56    1921.92    1921.92    3506.58    3506.58    7357.35    7357.35    8879.64    8879.64    4088.24    4088.24    4516.97    4516.97    1834.14    1834.14     794.18     794.18
 2     783.00     905.52     905.52    1092.17    1092.17     771.50     771.50     718.17     718.17     121.44     121.44     366.08     366.08     667.92     667.92    1401.40    1401.40    1691.36    1691.36     778.71     778.71     860.38     860.38     349.36     349.36     151.27     151.27
 3    3537.00    4716.67    4023.26    3445.27    3388.66    3388.66    3388.66    3388.66    3388.66     455.34     883.10    1534.08    1918.22    1929.64    1862.91    1974.91    1973.00    1292.45    1292.45    1292.45    1292.45    1292.45    1292.45    1292.45    1292.45    1292.45    1292.45
 4    1379.00    1036.60     965.36     936.44     895.68     895.68     895.68     895.68     895.68     836.62    1070.03     893.77     743.66     846.78    1065.65    1001.18     764.75     686.59     686.59     686.59     686.59     686.59     686.59     686.59     686.59     686.59     686.59
 1    4109.00    4037.42    4037.42    3923.77    3923.77    1615.15    1615.15    1647.95    1647.95    1251.56    1251.56    3343.03    3343.03    4799.26    4799.26    6723.02    6723.02    4977.13    4977.13    1949.64    1949.64     595.98     595.98    1867.40    1867.40    1918.22    1918.22
 2     783.00     769.03     769.03     747.38     747.38     307.65     307.65     313.90     313.90     238.39     238.39     636.77     636.77     914.14     914.14    1280.58    1280.58     948.02     948.02     371.36     371.36     113.52     113.52     355.70     355.70     365.38     365.38
 3    3537.00    4736.46    4802.35    4134.05    4134.05    4134.05    4134.05     767.77    1160.47    1401.35    2117.65    2299.26    2307.60    2671.45    2301.41    2301.41    2301.41    2301.41    2301.41    2301.41    2301.41    2301.41    2301.41    2301.41    2301.41     566.82     771.79
 4    1379.00    1064.11     841.92     592.19     592.19     592.19     592.19     772.35    1018.49    1216.29    1178.72    1191.21    1013.85     994.24     731.32     731.32     731.32     731.32     731.32     731.32     731.32     731.32     731.32     731.32     731.32     896.09    1111.32
 1    4109.00    4456.91    4456.91    4132.13    4132.13    2692.54    2692.54    4887.50    4887.50     776.62     776.62    1740.82    1740.82    3975.97    3975.97    3626.24    3626.24    1884.04    1884.04    1715.41    1715.41    1562.02    1562.02    1488.10    1488.10    1393.39    1393.39
 2     783.00     848.94     848.94     787.07     787.07     512.86     512.86     930.95     930.95     147.93     147.93     331.58     331.58     757.33     757.33     690.71     690.71     358.86     358.86     326.74     326.74     297.53     297.53     283.45     283.45     265.41     265.41
 3    3537.00    4399.38    4704.36    2525.33    2618.54    2032.94    2032.94    2032.94    2032.94    2032.94    1082.48    1117.35    1592.21    1592.21    1592.21    1592.21    1592.21    1592.21    1592.21    1592.21    1592.21     492.64     800.27     800.27     800.27     800.27     800.27
 4    1379.00    1214.32     936.31     853.68     909.19     744.80     744.80     744.80     744.80     744.80     806.16     782.75     793.05     793.05     793.05     793.05     793.05     793.05     793.05     793.05     793.05     702.96     817.45     817.45     817.45     817.45     817.45
 1    4109.00    4004.62    4004.62    8308.61    8308.61   12517.89   12514.77    4438.90    4438.90    4690.69    4690.69    8653.72    8653.72    3927.92    3927.92    5537.99    5537.99    3031.64    3031.64    2720.72    2720.72    1267.73    1267.73    3438.20    3438.20    3210.44    3210.44
 2     783.00     762.78     762.78    1582.59    1582.59    2384.36    2384.36     845.50     845.50     893.46     893.46    1648.33    1648.33     748.18     748.18    1054.86    1054.86     577.46     577.46     518.23     518.23     241.47     241.47     654.90     654.90     611.51     611.51
 3    3537.00    4085.31    3626.92    4012.42    3864.44    1315.31     825.81     614.55     963.02     963.02    1205.02    1358.62    1358.62    1358.62     365.22     819.52    1519.81    1125.75    1366.53    1366.53    1366.53    1366.53    1366.53    1016.77    1016.77    1016.77    1016.77
 4    1379.00     984.47     845.83     977.26     844.40     679.41     844.38     681.45     603.80     603.80     763.85     717.97     717.97     717.97    1251.37    1130.16     984.62     684.94     652.33     652.33     652.33     652.33     652.33     672.13     672.13     672.13     672.13
 1    4109.00    4684.22    4684.22    3904.82    3904.82    2417.18    2417.18    1136.52    1136.52     902.75     902.75     903.21     903.21     279.05     279.05     449.53     449.53    3460.84    3460.84   15966.72   15966.72   15946.39   15946.39    6159.85    6159.85    3227.07    3227.07
 2     783.00     892.23     892.23     743.78     743.78     460.42     460.42     216.48     216.48     171.95     171.95     172.04     172.04      53.15      53.15      85.62      85.62     659.21     659.21    3041.28    3041.28    3037.41    3037.41    1173.30    1173.30     614.68     614.68
 3    3537.00    4806.29    4675.62    4675.62    4675.62    4675.62    4675.62    4675.62    4675.62    4675.62    4675.62    4675.62    3185.28    4302.33    4675.62     174.40     764.22    1385.74    2696.99    4433.01    5582.87    4892.43    3481.27    1710.99    1337.04     974.23     979.95
 4    1379.00    1186.74     818.59     818.59     818.59     818.59     818.59     818.59     818.59     818.59     818.59     818.59     818.59     818.59     818.59    1005.38    2089.74    3711.19    4012.50    3655.75    2137.17    1271.49     839.02     624.02     786.64     856.33    1042.17
 1    4109.00    4122.89    4122.89    5421.57    5421.57    4930.00    4930.00    5631.32    5631.32    1118.50    1118.50     561.79     561.79    1573.57    1573.57    3014.09    3014.09    3881.72    3881.72    4155.69    4155.69    4053.13    4053.13    5236.31    5236.31    3475.16    3475.16
 2     783.00     785.31     785.31    1032.68    1032.68     939.05     939.05    1072.63    1072.63     213.05     213.05     107.01     107.01     299.73     299.73     574.11     574.11     739.38     739.38     791.56     791.56     772.02     772.02     997.39     997.39     661.94     661.94
 3    3537.00    5437.27    5027.59    2972.24    2429.75    2189.79    2189.79    2189.79    2189.79    2189.79    2189.79    2189.79     523.06     523.06     989.25    1263.52     999.21    1275.63    1220.81    1220.81    1182.48    1032.32    1025.44    1709.08    2184.50    2184.50    2184.50
 4    1379.00    1176.08     995.64    1037.10     879.95     723.97     723.97     723.97     723.97     723.97     723.97     723.97     781.67     781.67     586.67     915.26     948.87     886.40     723.02     723.02     787.48    1493.36    1570.00    1087.25     805.28     805.28     805.28
 1    4109.00    3383.69    3383.69    3833.68    3833.68    5052.89    5052.89     888.43     888.43     434.28     434.28     418.11     418.11    2244.40    2244.40    1690.46    1690.46    2182.03    2182.03    2405.17    2405.17    2083.16    2083.16    1836.45    1836.45     684.22     684.22
 2     783.00     644.51     644.51     730.22     730.22     962.46     962.46     169.22     169.22      82.72      82.72      79.64      79.64     427.50     427.50     321.99     321.99     415.62     415.62     458.13     458.13     396.79     396.79     349.80     349.80     130.33     130.33
 3    3537.00    4743.41    5223.14    4656.62    4656.62    4656.62    4656.62    4656.62    4656.62    4656.62    4656.62     407.70    1140.12    1716.64    1987.64    1747.41    1602.16    1981.29    1981.29    1981.29    1981.29    1981.29    1981.29    1981.29    1981.29    1981.29    1981.29
 4    1379.00    1129.21     970.44     736.47     736.47     736.47     736.47     736.47     736.47     736.47     736.47     955.29    1109.34    1007.26     912.25     869.14     692.95     657.18     657.18     657.18     657.18     657.18     657.18     657.18     657.18     657.18     657.18
 1    4109.00    3527.83    3527.83    4579.81    4579.81    3912.68    3912.68    1515.36    1515.36    1681.68    1681.68    1357.36    1357.36    1776.39    1776.39    2479.09    2479.09    2142.29    2142.29    1938.55    1938.55     627.40     627.40    1069.53    1069.53    1919.61    1919.61
 2     783.00     671.97     671.97     872.34     872.34     745.27     745.27     288.64     288.64     320.32     320.32     258.54     258.54     338.36     338.36     472.21     472.21     408.06     408.06     369.25     369.25     119.50     119.50     203.72     203.72     365.64     365.64
 3    3537.00    4929.50    4529.87    4230.98    3302.63    1883.00    1883.00    1883.00    1883.00    1883.00     908.33    1106.61    1106.61    1106.61    1106.61    1106.61    1106.61    1106.61    1106.61    1106.61    1106.61    1106.61    1106.61    1106.61     603.67    1088.27    1038.61
 4    1379.00    1070.14     826.79     748.60     715.79     584.38     584.38     584.38     584.38     584.38     830.87     987.30     987.30     987.30     987.30     987.30     987.30     987.30     987.30     987.30     987.30     987.30     987.30     987.30     700.79     886.56     790.24
 1    4109.00    4289.67    4289.67    3780.55    3780.55    4312.31    4312.31    3903.90    3903.90    2587.66    2587.66    2833.91    2833.91    1448.83    1448.83    1912.68    1912.68    1069.53    1069.53     635.71     635.71    1447.91    1447.91    4696.69    4696.69    5948.71    5948.71
 2     783.00     817.08     817.08     720.10     720.10     821.39     821.39     743.60     743.60     492.89     492.89     539.79     539.79     275.97     275.97     364.32     364.32     203.72     203.72     121.09     121.09     275.79     275.79     894.61     894.61    1133.09    1133.09
 3    3537.00    4732.34    4107.97    2251.13    2336.03    2548.18    2910.47    2910.47    2910.47    2910.47    2910.47    2910.47    2910.47    2910.47    2910.47    2910.47    2910.47    2910.47    2910.47     384.35     696.66    1286.50    1976.55    2223.37    2223.37    2223.37    2223.37
 4    1379.00    1155.46     872.01     982.00    1099.41    1383.95    1097.90    1097.90    1097.90    1097.90    1097.90    1097.90    1097.90    1097.90    1097.90    1097.90    1097.90    1097.90    1097.90    1134.64    1248.00    1158.83    1225.53    1096.09    1096.09    1096.09    1096.09
 1    4109.00    3978.28    3978.28    7133.74    7133.74    3594.36    3594.36    1489.49    1489.49     803.88     803.88    3263.57    3263.57    3231.69    3231.69    1980.13    1980.13    2991.45    2991.45    3460.38    3460.38    4973.43    4973.43    4103.95    4103.95    2153.38    2153.38
 2     783.00     757.77     757.77    1358.81    1358.81     684.64     684.64     283.71     283.71     153.12     153.12     621.63     621.63     615.56     615.56     377.17     377.17     569.80     569.80     659.12     659.12     947.32     947.32     781.70     781.70     410.17     410.17
 3    3537.00    4835.44    4444.58    4079.29    3253.60    3253.60    3253.60    3253.60     576.71     874.87    1299.53    1299.53    1299.53    1299.53    1299.53    1299.53    1299.53     955.04     939.81    1207.97    1305.09    1972.89    1337.11    1645.89    1446.39    1459.53    1422.48
 4    1379.00    1096.58     840.56     693.29     546.95     546.95     546.95     546.95     807.92     826.75     824.99     824.99     824.99     824.99     824.99     824.99     824.99     837.41    1197.92    1324.50    1169.94    1176.00     845.67     759.14     857.56     942.36    1013.81
 1    4109.00    5283.43    5283.43    4356.20    4356.20    4862.55    4862.55     802.03     802.03     181.57     181.57     979.90     979.90    3313.93    3313.93    2769.69    2769.69     870.87     870.87    2945.71    2945.71    6982.67    6982.67    2636.17    2636.17    3834.14    3834.14
 2     783.00    1006.37    1006.37     829.75     829.75     926.20     926.20     152.77     152.77      34.58      34.58     186.65     186.65     631.22     631.22     527.56     527.56     165.88     165.88     561.09     561.09    1330.03    1330.03     502.13     502.13     730.31     730.31
 3    3537.00    5384.47    5020.51    5020.51    5020.51    5020.51    5020.51    2143.54    3155.00    4694.36     610.72     610.72     610.72     610.72     610.72     610.72     610.72     861.72    1240.92    1598.57    1598.57    1598.57    1598.57    1598.57     507.44     766.75    1043.31
 4    1379.00    1184.61     955.80     955.80     955.80     955.80     955.80     955.80     955.80     955.80     686.58     686.58     686.58     686.58     686.58     686.58     686.58     732.67     790.69     639.08     639.08     639.08     639.08     639.08     981.61    1346.50    1544.70
 1    4109.00    4769.69    4769.69    5275.12    5275.12    2415.80    2415.80    3176.25    3176.25    4270.27    4270.27    1431.74    1431.74    1398.94    1398.94    1670.13    1670.13    3635.02    3635.02    5978.74    5978.74    5025.64    5025.64    2478.63    2478.63    1617.92    1617.92
 2     783.00     908.51     908.51    1004.78    1004.78     460.15     460.15     605.00     605.00     813.38     813.38     272.71     272.71     266.46     266.46     318.12     318.12     692.38     692.38    1138.81    1138.81     957.26     957.26     472.12     472.12     308.18     308.18
 3    3537.00    4594.91    4335.19    3474.50    3474.50    3474.50    1349.07    1577.62    1577.62    1577.62    1577.62    1577.62    1577.62    1577.62    1577.62     837.21    1259.30    2111.35    2639.67    2564.45    2271.28    1737.98    1251.14    1251.14    1251.14    1251.14    1251.14
 4    1379.00    1048.48     773.04     559.59     559.59     559.59     942.59     817.45     817.45     817.45     817.45     817.45     817.45     817.45     817.45    1065.65    1360.15    1219.26     964.07     855.15     846.87     728.47     698.89     698.89     698.89     698.89     698.89
 1    4109.00    5854.93    5854.93    3244.16    3244.16    3018.25    3018.25    2540.08    2540.08    1259.87    1259.87    2356.20    2356.20    2629.24    2629.24    3651.19    3651.19    2378.84    2378.84    1861.40    1861.40     699.47     699.47    1398.01    1398.01    1164.70    1164.70
 2     783.00    1115.22    1115.22     617.94     617.94     574.90     574.90     483.82     483.82     239.98     239.98     448.80     448.80     500.81     500.81     695.46     695.46     453.11     453.11     354.55     354.55     133.23     133.23     266.29     266.29     221.85     221.85
 3    3537.00    5418.25    5187.46    2769.47    2252.29    2274.83    2274.83    1803.93    1556.54    1210.56    1941.62    2206.77    1626.94    2443.11    2225.85    2046.57    2046.57    2046.57    2046.57    2046.57    2046.57    2046.57    2046.57    2046.57    2046.57    2046.57    2046.57
 4    1379.00    1310.82     981.34     854.16     688.77     626.65     626.65     642.32     960.57     969.53     958.68    1093.09     892.62     887.56     874.70    1018.21    1018.21    1018.21    1018.21    1018.21    1018.21    1018.21    1018.21    1018.21    1018.21    1018.21    1018.21
 1    4109.00   13289.43   13289.43    6912.91    6912.91    2032.80    2032.80     307.69     307.69     588.59     588.59    1282.05    1282.05    2073.46    2073.46    2069.30    2069.30    2815.43    2815.43    6418.10    6418.10    3068.60    3068.60    4837.60    4837.60    4331.25    4331.25
 2     783.00    2531.32    2531.32    1316.74    1316.74     387.20     387.20      58.61      58.61     112.11     112.11     244.20     244.20     394.94     394.94     394.15     394.15     536.27     536.27    1222.50    1222.50     584.50     584.50     921.45     921.45     825.00     825.00
 3    3537.00    4623.72    3237.95    3237.95    3237.95    3118.25    2336.06    1879.07    3237.95    3237.95    3237.95    3237.95    1154.38    1512.46    1512.46    1512.46    1512.46    1019.53    1482.48    1482.48    1386.56     686.93    1004.37    1004.37    1004.37    1004.37    1004.37
 4    1379.00    1126.05     700.58     700.58     700.58     700.58     700.58     700.58     700.58     700.58     700.58     700.58     737.18     666.50     666.50     666.50     666.50     862.00     751.65     751.65     765.76    1499.97    1548.99    1548.99    1548.99    1548.99    1548.99
 1    4109.00    2537.77    2537.77    3289.44    3289.44    4184.33    4184.33    3647.95    3647.95    4454.14    4454.14    7551.85    7551.85    4487.87    4071.04     278.12     278.12     156.62     156.62     977.13     977.13    3221.99    3221.99    4600.13    4600.13    3532.91    3532.91
 2     783.00     483.38     483.38     626.56     626.56     797.02     797.02     694.85     694.85     848.41     848.41    1438.45    1438.45     854.83     854.83      52.98      52.98      29.83      29.83     186.12     186.12     613.71     613.71     876.22     876.22     672.94     672.94
 3    3537.00    4385.23    4830.46    3998.15    4805.87    2841.76    2519.15    2587.92    2371.40    2170.65    2170.65    2170.65    2170.65    2170.65    2170.65     722.58    1774.15    2170.65     357.11     818.20    1403.23    1523.97    1523.97    1687.57    1453.51    1005.43    1645.76
 4    1379.00    1018.53     995.02    1108.49    1031.11    1017.84    1030.98     869.26     831.58     800.66     800.66     800.66     800.66     800.66     800.66     800.66     800.66     800.66     930.90    1140.47    1120.80     881.58     881.58     636.07     914.26     974.61     847.70
 1    4109.00    1248.32    1248.32    3500.57    3500.57    2192.19    2192.19    1722.34    1722.34    2076.69    2076.69    2583.50    2583.50    3173.48    3173.48    1864.63    1864.63    4108.10    4108.10    3910.83    3910.83    2912.45    2912.45    4240.24    4240.24    5968.12    5968.12
 2     783.00     237.78     237.78     666.78     666.78     417.56     417.56     328.06     328.06     395.56     395.56     492.10     492.10     604.47     604.47     355.17     355.17     782.50     782.50     744.92     744.92     554.75     554.75     807.66     807.66    1136.78    1136.78
 3    3537.00    4210.74    4542.21    4150.31    3593.67    1955.65    1840.50    2081.73    2355.86    2720.59    3801.87    4020.38    4020.38    4020.38    4020.38    1290.27    1391.86    1674.29    1712.57    1549.73    1969.24    1649.38    1797.99    1709.62    1495.07    1495.07    1495.07
 4    1379.00     968.95     815.46     734.85     673.82     745.13     865.08     896.14    1566.99    1454.56    1248.41     928.15     928.15     928.15     928.15     891.83     887.43     860.79     762.38     844.84     858.56     948.31     940.70     681.71     662.94     662.94     662.94
 1    4109.00    3486.71    3486.71    3554.63    3554.63    3852.16    3852.16    4212.98    4212.98    3300.53    3300.53    3973.66    3973.66    1495.49    1495.49    1868.33    1868.33    3766.22    3766.22    2841.76    2841.76    1196.58    1196.58    2480.94    2480.94    3691.84    3691.84
 2     783.00     664.14     664.14     677.07     677.07     733.74     733.74     802.47     802.47     628.67     628.67     756.89     756.89     284.86     284.86     355.87     355.87     717.38     717.38     541.29     541.29     227.92     227.92     472.56     472.56     703.21     703.21
 3    3537.00    4350.59    4364.10    2703.75    2613.42    4806.11    3366.00    2013.26    1923.50    1923.50    1923.50    1923.50    1923.50    1923.50    1923.50    1923.50    1923.50    1923.50    1923.50    1923.50    1923.50    1923.50     466.49     758.84    1226.07    1273.30    1781.69
 4    1379.00    1163.98     938.06    1112.11     889.21     656.10     664.20     846.62     762.24     762.24     762.24     762.24     762.24     762.24     762.24     762.24     762.24     762.24     762.24     762.24     762.24     762.24     851.35    1012.58    1287.86    1511.15    1152.40
 1    4109.00    7615.61    7615.61    4657.42    4657.42    3307.92    3307.92    4049.89    4049.89    5736.65    5736.65    4832.06    4832.06    6688.37    6688.37    3898.36    3898.36    1242.32    1242.32     536.84     536.84     450.91     450.91     237.93     237.93     380.69     380.69
 2     783.00    1450.59    1450.59     887.13     887.13     630.08     630.08     771.41     771.41    1092.70    1092.70     920.39     920.39    1273.98    1273.98     742.54     742.54     236.63     236.63     102.26     102.26      85.89      85.89      45.32      45.32      72.51      72.51
 3    3537.00    4747.32    4236.49    2288.53    1651.54    1471.31    1817.10    1897.71    1830.15    2143.52    2833.79    2710.03    2486.34    2486.34    2486.34    2486.34    2486.34    2486.34    2486.34    2486.34    2486.34    2486.34    2486.34    2486.34    2486.34    2486.34    2486.34
 4    1379.00    1018.54     808.49     708.45     649.53     783.00     814.49     965.64    1414.86    1684.27    1361.72    1086.15     815.27     815.27     815.27     815.27     815.27     815.27     815.27     815.27     815.27     815.27     815.27     815.27     815.27     815.27     815.27
 1    4109.00    6055.43    6055.43    4783.55    4783.55    2680.06    2680.06    1580.96    1580.96    3734.81    3734.81    6249.01    6249.01    3494.11    3494.11    2681.91    2681.91    1325.02    1325.02    2761.37    2761.37    4314.62    4314.62    5963.96    5963.96    7349.03    7349.03
 2     783.00    1153.42    1153.42     911.15     911.15     510.49     510.49     301.14     301.14     711.39     711.39    1190.29    1190.29     665.54     665.54     510.84     510.84     252.38     252.38     525.98     525.98     821.83     821.83    1135.99    1135.99    1399.82    1399.82
 3    3537.00    4508.86    4717.69    2129.72    2129.72    2129.72    1195.48    1549.31    1716.92    1993.33    2463.92    2463.92    2463.92    2463.92    2463.92    2463.92    2463.92     572.99     644.75     974.34    1179.53    1117.18    1183.54    1287.32    1663.81    1564.43    1398.62
 4    1379.00    1079.06     880.72     723.32     723.32     723.32     768.12     884.44     891.36     860.02     810.30     810.30     810.30     810.30     810.30     810.30     810.30     706.31     715.50     611.47     817.03    1056.12    1189.25    1325.30    1124.42     833.18     780.89
 1    4109.00    3891.43    3891.43    4170.01    4170.01    5081.54    5081.54    4598.75    4598.75    1796.26    1796.26     853.31     853.31    2813.58    2813.58    3486.25    3486.25    1702.47    1702.47    1541.69    1541.69    2414.87    2414.87    1719.56    1719.56    2464.77    2464.77
 2     783.00     741.22     741.22     794.29     794.29     967.91     967.91     875.95     875.95     342.14     342.14     162.54     162.54     535.92     535.92     664.05     664.05     324.28     324.28     293.66     293.66     459.98     459.98     327.54     327.54     469.48     469.48
 3    3537.00    4539.87    4624.79    2506.95    2575.36    3519.35    3519.35    3519.35    3519.35    3519.35    3519.35     239.80     787.72    1549.15    1894.75    1495.80    1495.80    1495.80    1495.80    1495.80    1495.80    1495.80    1495.80    1495.80    1495.80    1495.80    1495.80
 4    1379.00    1125.95     969.81     826.40     874.31     654.93     654.93     654.93     654.93     654.93     654.93    1007.68    1038.66     878.36     679.62     635.96     635.96     635.96     635.96     635.96     635.96     635.96     635.96     635.96     635.96     635.96     635.96
 1    4109.00    4779.39    4779.39    5453.45    5453.45    2623.70    2623.70    4701.31    4701.31    5514.43    5514.43    2002.77    2002.77     973.90     973.90     880.11     880.11     365.44     365.44     159.39     159.39     101.18     101.18     187.57     187.57    1287.13    1287.13
 2     783.00     910.36     910.36    1038.75    1038.75     499.75     499.75     895.49     895.49    1050.37    1050.37     381.48     381.48     185.50     185.50     167.64     167.64      69.61      69.61      30.36      30.36      19.27      19.27      35.73      35.73     245.17     245.17
 3    3537.00    3705.41    3702.18    3495.11    2924.54    1533.24    1543.78    3992.99    4515.68    4515.68    4515.68    4515.68    4515.68    4515.68    4515.68    4515.68    4515.68    3872.05    2862.81    2820.20    2850.58    2626.70    3769.29    4515.68    4515.68    4515.68    4515.68
 4    1379.00     871.94     791.44     737.33     584.29     734.13    1302.65    1305.67     877.80     877.80     877.80     877.80     877.80     877.80     877.80     877.80     877.80     877.80     877.80     877.80     877.80     877.80     877.80     877.80     877.80     877.80     877.80
 1    4109.00    6467.08    6467.08    5826.28    5826.28    3581.89    3581.89    1536.15    1536.15     729.04     729.04    1583.74    1583.74    2030.03    2030.03    1774.08    1774.08    1066.30    1066.30    2365.44    2365.44    3596.67    3596.67    2918.92    2918.92    3897.89    3897.89
 2     783.00    1231.82    1231.82    1109.77    1109.77     682.26     682.26     292.60     292.60     138.86     138.86     301.66     301.66     386.67     386.67     337.92     337.92     203.10     203.10     450.56     450.56     685.08     685.08     555.98     555.98     742.46     742.46
 3    3537.00    3792.71    3933.17    1739.14    1739.14    1739.14    1739.14    1739.14    1739.14    1739.14     795.72     955.17    1286.61    1286.61    1286.61    1286.61    1286.61    1286.61     670.42     917.01    1236.03    1522.02    1527.65    1028.24    1028.24    1028.24    1028.24
 4    1379.00     963.20     804.19     680.78     680.78     680.78     680.78     680.78     680.78     680.78     697.74     602.49     684.41     684.41     684.41     684.41     684.41     684.41     820.07     845.85     745.57     778.33     724.04     769.20     769.20     769.20     769.20
 1    4109.00    7341.18    7341.18    5620.23    5620.23    2338.64    2338.64    2620.00    2620.00    2844.53    2844.53    3413.26    3413.26    6931.85    6931.85    4989.14    4989.14    2741.97    2741.97    4046.20    4046.20    2257.33    2257.33    3671.51    3671.51    1955.65    1955.65
 2     783.00    1398.32    1398.32    1070.52    1070.52     445.46     445.46     499.05     499.05     541.82     541.82     650.14     650.14    1320.35    1320.35     950.31     950.31     522.28     522.28     770.70     770.70     429.97     429.97     699.34     699.34     372.50     372.50
 3    3537.00    5054.69    4043.24    2005.23    2005.23    2005.23    1284.62    1624.50    1605.13    1923.06    1616.10    1586.54    1507.75    1507.75    1507.75    1507.75     660.27     645.47     645.47     645.47     645.47     645.47     645.47     645.47     645.47     645.47     645.47
 4    1379.00    1182.37     820.54     640.97     640.97     640.97     698.70     743.47     811.70     655.45     667.47     757.24     693.13     693.13     693.13     693.13     804.25     587.12     587.12     587.12     587.12     587.12     587.12     587.12     587.12     587.12     587.12
 1    4109.00    8482.78    8482.78    7227.07    7227.07    5660.42    5660.42    2367.29    2367.29    1069.07    1069.07    1686.76    1686.76     527.14     527.14    1835.53    1835.53    2090.09    2090.09    1550.47    1550.47    1341.19    1341.19     937.86     937.86     505.89     505.89
 2     783.00    1615.77    1615.77    1376.58    1376.58    1078.18    1078.18     450.91     450.91     203.63     203.63     321.29     321.29     100.41     100.41     349.62     349.62     398.11     398.11     295.33     295.33     255.46     255.46     178.64     178.64      96.36      96.36
 3    3537.00    5517.00    4795.60    2275.40    1907.79    1576.09    1768.40    1768.40    1768.40    1768.40    1768.40    1768.40    1768.40    1768.40    1768.40    1768.40    1768.40    1768.40    1768.40    1768.40    1768.40    1768.40    1768.40    1768.40    1768.40     462.14     829.52
 4    1379.00    1357.17     993.07     950.44     876.55     951.13     868.99     868.99     868.99     868.99     868.99     868.99     868.99     868.99     868.99     868.99     868.99     868.99     868.99     868.99     868.99     868.99     868.99     868.99     868.99     779.68     810.02
 1    4109.00    4911.98    4911.98    2955.88    2955.88    3514.90    3514.90    3967.19    3967.19    5196.58    5196.58    5581.42    5581.42    4423.65    4423.65    4708.24    4708.24    3748.67    3748.67    5832.75    5832.75    5946.40    5946.40    5025.17    5025.17    4890.27    4890.27
 2     783.00     935.62     935.62     563.02     563.02     669.50     669.50     755.66     755.66     989.82     989.82    1063.13    1063.13     842.60     842.60     896.81     896.81     714.03     714.03    1111.00    1111.00    1132.65    1132.65     957.18     957.18     931.48     931.48
 3    3537.00    3923.58    4192.80    2096.74    2396.34    2396.34    4234.67    3000.99    5676.53    7015.04    7053.43    4069.25    3341.38    2389.24    1861.24    1791.78    1617.87    1728.17    2322.53    3436.29    3791.92    3414.99    2717.65    2505.17    2505.17    2505.17    2505.17
 4    1379.00     957.87     967.86    1236.56    1117.21    1117.21     800.46    1637.79    2193.04    1709.11    1305.59     994.53     707.53     853.46     916.49    1046.31    1214.19    1813.18    2022.31    1741.90    1511.04    1270.87    1016.63     840.99     840.99     840.99     840.99
 1    4109.00    6954.49    6954.49   11083.38   11083.38    1434.97    1434.97     373.76     373.76     735.04     735.04     930.93     930.93     615.38     615.38    2320.63    2320.63    5599.90    5599.90    7102.33    7102.33    8368.67    8368.67    9495.02    9495.02    4705.47    4705.47
 2     783.00    1324.66    1324.66    2111.12    2111.12     273.33     273.33      71.19      71.19     140.01     140.01     177.32     177.32     117.22     117.22     442.02     442.02    1066.65    1066.65    1352.82    1352.82    1594.03    1594.03    1808.58    1808.58     896.28     896.28
 3    3537.00    4842.44    4137.22    4137.22    4137.22    2049.65    1793.34    4137.22    4137.22    4137.22    4137.22    4137.22    4137.22    4137.22     361.50     681.26     681.26     681.26    1548.71    1341.37     995.55    2403.89    2843.36    2618.39    2212.33    1416.84    1416.84
 4    1379.00    1112.43     813.14     813.14     813.14     813.14     813.14     813.14     813.14     813.14     813.14     813.14     813.14     813.14    1109.69    1311.61    1311.61    1311.61     887.75    2145.12    2339.04    1810.10    1262.13    1103.20     951.79     650.78     650.78
 1    4109.00    5580.04    5580.04    4564.10    4564.10    3263.11    3263.11    2591.36    2591.36     875.95     875.95    1662.28    1662.28    1945.94    1945.94    2793.71    2793.71    2653.73    2653.73    4613.07    4613.07    2179.25    2179.25    1804.57    1804.57    4591.82    4591.82
 2     783.00    1062.86    1062.86     869.35     869.35     621.54     621.54     493.59     493.59     166.85     166.85     316.62     316.62     370.66     370.66     532.14     532.14     505.47     505.47     878.68     878.68     415.10     415.10     343.73     343.73     874.63     874.63
 3    3537.00    4345.89    3868.19    1960.18    1960.18    1960.18    1960.18    1960.18    1960.18    1960.18    1960.18    1960.18    1960.18    1960.18    1960.18    1960.18     556.99     556.99     556.99     556.99     556.99     556.99     556.99     332.94     808.63    1344.27    1239.54
 4    1379.00    1021.94     750.96     643.24     643.24     643.24     643.24     643.24     643.24     643.24     643.24     643.24     643.24     643.24     643.24     643.24     718.92     718.92     718.92     718.92     718.92     718.92     718.92     857.25    1056.84     878.92     779.63
 1    4109.00    5362.43    5362.43    4216.67    4216.67    3878.03    3878.03    1969.97    1969.97    2892.12    2892.12    2550.70    2550.70    3975.51    3975.51    4885.19    4885.19    4976.66    4976.66    1337.49    1337.49    1649.34    1649.34    4504.50    4504.50    6388.54    6388.54
 2     783.00    1021.42    1021.42     803.18     803.18     738.67     738.67     375.23     375.23     550.88     550.88     485.85     485.85     757.24     757.24     930.51     930.51     947.94     947.94     254.76     254.76     314.16     314.16     858.00     858.00    1216.86    1216.86
 3    3537.00    3623.97    3425.43    3425.43    3425.43    3425.43    3425.43     600.59    1005.66    1632.19    1995.44    2005.90    1693.34    1950.15    1950.15    1950.15    1950.15    1950.15    1950.15    1950.15    1950.15    1950.15     733.70     779.10    1079.72    1233.51    1654.67
 4    1379.00     894.30     723.10     723.10     723.10     723.10     723.10    1000.31    1228.84     970.71     804.55    1127.64    1341.05    1072.94    1072.94    1072.94    1072.94    1072.94    1072.94    1072.94    1072.94    1072.94     775.95    1306.37    1349.70    1050.65    1103.51
 1    4109.00    4852.39    4852.39    2702.24    2702.24    4650.95    4650.95    1216.45    1216.45    2662.97    2662.97    2836.68    2836.68    3810.58    3810.58    5603.14    5603.14    2033.26    2033.26    2886.11    2886.11    2512.82    2512.82    4338.64    4338.64    3279.28    3279.28
 2     783.00     924.26     924.26     514.71     514.71     885.90     885.90     231.70     231.70     507.23     507.23     540.32     540.32     725.82     725.82    1067.26    1067.26     387.29     387.29     549.74     549.74     478.63     478.63     826.41     826.41     624.62     624.62
 3    3537.00    4616.21    4343.20    4343.20    4343.20    4343.20    4343.20     416.46     809.61    1407.22    1331.30    1591.92    1889.62    1565.44    1565.44    1565.44     844.70     659.56     960.11    1270.55    1011.43     973.73     973.73     973.73     973.73     973.73     973.73
 4    1379.00    1134.43     833.12     833.12     833.12     833.12     833.12     877.26     897.24     875.86     866.11     855.99     767.52     640.05     640.05     640.05     803.14     834.07     702.86     650.05     700.08     692.75     692.75     692.75     692.75     692.75     692.75
 1    4109.00    3638.25    3638.25    2797.87    2797.87    4549.31    4549.31    2902.28    2902.28    3666.89    3666.89    3268.19    3268.19    2175.10    2175.10    3370.29    3370.29    2167.24    2167.24    1259.41    1259.41     686.07     686.07    1947.79    1947.79    4034.18    4034.18
 2     783.00     693.00     693.00     532.93     532.93     866.54     866.54     552.82     552.82     698.46     698.46     622.51     622.51     414.30     414.30     641.96     641.96     412.81     412.81     239.89     239.89     130.68     130.68     371.01     371.01     768.42     768.42
 3    3537.00    4384.16    4276.36    2209.47    2788.97    6173.52    4445.28    2403.17    2261.52    2261.52    2261.52    2261.52     893.95    1285.23    1308.81    1342.44    1342.44    1342.44    1342.44    1342.44    1342.44    1012.71    1357.85    1423.30    1389.86    1554.60    1328.34
 4    1379.00    1093.16    1122.06    1564.41    1399.62     941.89     642.05     664.02     781.52     781.52     781.52     781.52     819.17     795.06     663.59     623.42     623.42     623.42     623.42     623.42     623.42     735.04     712.51     807.12     862.91     846.67     754.09
 1    4109.00    4479.09    4479.09    7194.73    7194.73    5499.19    5499.19    1832.75    1832.75    3794.41    3794.41    1730.65    1730.65    3381.84    3381.84    4681.91    4681.91    2704.09    2704.09    3161.47    3161.47    4473.08    4473.08    5345.34    5345.34    6726.72    6726.72
 2     783.00     853.16     853.16    1370.42    1370.42    1047.46    1047.46     349.10     349.10     722.74     722.74     329.65     329.65     644.16     644.16     891.79     891.79     515.06     515.06     602.18     602.18     852.02     852.02    1018.16    1018.16    1281.28    1281.28
 3    3537.00    4916.25    4655.65    4655.65    4655.65    4655.65    4655.65     631.58    1199.90    1766.79    1785.59    1785.59    1378.73    1314.72    1540.29    1483.29    1416.70    1001.38    1049.29    1080.89    1332.29     928.94    1205.41    1217.59    1090.57    1090.57    1090.57
 4    1379.00    1081.30     878.44     878.44     878.44     878.44     878.44     696.80     902.03     808.84     636.05     636.05     650.20     689.02     640.72     698.84     897.49     883.33     778.18     841.04     851.72     845.96     837.80     888.27     749.77     749.77     749.77
