FL 2019 2020 2021 2022 2023 2024 2025 2026 2027 2028 2029 2030 2031 2032 2033 2034 2035 2036 2037 2038 2039 2040 2041 2042 2043 2044 2045
 1  0.1254765  0.1016565  0.0972569  0.0925814  0.0820864  0.0929680  0.0794355  0.1603161  0.2116685  0.2255565  0.2952874  0.1239640  0.1138236  0.1576738  0.1893489  0.2538251  0.2555968  0.1589736  0.1786301  0.0549110  0.0379564  0.0559001  0.0501944  0.1299842  0.1109355  0.1970080  0.2386847
 2  0.0238751  0.0186097  0.0178228  0.0177179  0.0113614  0.0142456  0.0141013  0.0324279  0.0472418  0.0515418  0.0622031  0.0221802  0.0208823  0.0314844  0.0379232  0.0462597  0.0461039  0.0307301  0.0333568  0.0087716  0.0060735  0.0095644  0.0095242  0.0231917  0.0202848  0.0388300  0.0500183
 3  0.1162273  0.1700635  0.1584049  0.1011050  0.0975450  0.2114866  0.1824564  0.1944968  0.1511446  0.1197104  0.1056461  0.1229735  0.1057258  0.1569958  0.1360687  0.1162213  0.1175295  0.1065357  0.0836107  0.1026375  0.0873566  0.1559837  0.1210971  0.1024927  0.0821147  0.1487841  0.1220555
 4  0.0444602  0.0485873  0.0378438  0.0698271  0.0528025  0.0485917  0.0323770  0.0297765  0.0250877  0.0376063  0.0355865  0.0414067  0.0294331  0.0351971  0.0353712  0.0392869  0.0415248  0.0427802  0.0440907  0.0511518  0.0416375  0.0426839  0.0389862  0.0521334  0.0418707  0.0334762  0.0285014
 1  0.1220670  0.0981552  0.0916701  0.1430952  0.1602842  0.1343470  0.1145392  0.1152043  0.1189480  0.1144640  0.1078465  0.0619907  0.0583414  0.0651133  0.0651211  0.0608167  0.0593957  0.0620332  0.0530950  0.2699288  0.3832468  0.3285358  0.3907488  0.1886074  0.2051320  0.0903780  0.0748132
 2  0.0232303  0.0180890  0.0170690  0.0275602  0.0316910  0.0238208  0.0201127  0.0215079  0.0215428  0.0209324  0.0212724  0.0124032  0.0122804  0.0138735  0.0137072  0.0131783  0.0104139  0.0109254  0.0102917  0.0575237  0.0838361  0.0642822  0.0741393  0.0358425  0.0388149  0.0160849  0.0133843
 3  0.1130934  0.1372027  0.1498449  0.1677593  0.1484698  0.0866544  0.0946373  0.1613097  0.1441132  0.0832352  0.0830160  0.0677595  0.0782803  0.1123197  0.1294334  0.0877871  0.0843026  0.0765688  0.0942819  0.1355148  0.1246467  0.0871901  0.0791281  0.0611291  0.0664976  0.0566402  0.0696773
 4  0.0433681  0.0377176  0.0360811  0.0353034  0.0364479  0.0402010  0.0380962  0.0390089  0.0382165  0.0383004  0.0350323  0.0358772  0.0331230  0.0339029  0.0322463  0.0458740  0.0475681  0.0372500  0.0352789  0.0321248  0.0329168  0.0378783  0.0341961  0.0339532  0.0351340  0.0354398  0.0352358
 1  0.1187765  0.1402300  0.1380908  0.1346129  0.1175603  0.2448128  0.3189903  0.1946827  0.1789113  0.1232876  0.1279083  0.1693681  0.1673190  0.0772775  0.0721703  0.1551222  0.1605457  0.1619615  0.1622902  0.1336828  0.1363682  0.2380416  0.2920682  0.1405877  0.1004748  0.1049716  0.0965588
 2  0.0226444  0.0259647  0.0254331  0.0233485  0.0210669  0.0477999  0.0615065  0.0339663  0.0315972  0.0230735  0.0255646  0.0330024  0.0301267  0.0144089  0.0133329  0.0302319  0.0307862  0.0311119  0.0306673  0.0256766  0.0281057  0.0512452  0.0594827  0.0227481  0.0155180  0.0179954  0.0189509
 3  0.1100329  0.1520502  0.1479034  0.0854826  0.0814390  0.1605320  0.1371012  0.0811848  0.0906414  0.1143431  0.0988218  0.1170645  0.1289586  0.0755342  0.0755990  0.0920086  0.0908093  0.0813632  0.0846220  0.0903876  0.0967687  0.0779426  0.0797202  0.0801437  0.0706054  0.0733163  0.0699506
 4  0.0423910  0.0380458  0.0402246  0.0390841  0.0347001  0.0342795  0.0343955  0.0385870  0.0356017  0.0297805  0.0306439  0.0372924  0.0354280  0.0372092  0.0353715  0.0377883  0.0396932  0.0407844  0.0380438  0.0354354  0.0345716  0.0320653  0.0439913  0.0450074  0.0384858  0.0323497  0.0273877
 1  0.1193897  0.0451615  0.0388833  0.1379035  0.1531189  0.1333270  0.1413433  0.0635150  0.0558195  0.0418888  0.0336122  0.0530771  0.0479715  0.0579261  0.0617071  0.0859022  0.0966766  0.1530443  0.1773810  0.1368873  0.1332185  0.1601695  0.1584008  0.1857407  0.2320331  0.1632394  0.1766826
 2  0.0226910  0.0082681  0.0073795  0.0273324  0.0304894  0.0270469  0.0279367  0.0123159  0.0094425  0.0070179  0.0063163  0.0101786  0.0098182  0.0128216  0.0143689  0.0205458  0.0217247  0.0339547  0.0371912  0.0276651  0.0236362  0.0289501  0.0312298  0.0398541  0.0520397  0.0351805  0.0373370
 3  0.1105887  0.0851879  0.0853768  0.1587910  0.1560922  0.0758406  0.0701273  0.0793799  0.0890846  0.0933561  0.0900530  0.0933454  0.0915251  0.0954402  0.0979453  0.0999261  0.0953953  0.1075577  0.0963711  0.0699338  0.0743414  0.0877964  0.1089112  0.0986459  0.0845251  0.0682530  0.0625496
 4  0.0420011  0.0411437  0.0378933  0.0342567  0.0336346  0.0334885  0.0353896  0.0451565  0.0498402  0.0405633  0.0391099  0.0373116  0.0360986  0.0354235  0.0353414  0.0355249  0.0355626  0.0325859  0.0343051  0.0409359  0.0399024  0.0384648  0.0366481  0.0308355  0.0336741  0.0358388  0.0404662
 1  0.1189860  0.0867447  0.0817841  0.1002622  0.0970408  0.1566496  0.1572175  0.3160119  0.3762428  0.3798387  0.4518515  0.1752721  0.1620211  0.0811057  0.0648919  0.1853411  0.2167032  0.2414856  0.2881554  0.0916457  0.0749908  0.1983615  0.2358001  0.3327037  0.4789711  0.1363107  0.1014946
 2  0.0231473  0.0161684  0.0152508  0.0187373  0.0164137  0.0274344  0.0270771  0.0565942  0.0629111  0.0634313  0.0829446  0.0321686  0.0229716  0.0125135  0.0108848  0.0346692  0.0441613  0.0520224  0.0476394  0.0146595  0.0136235  0.0399232  0.0506599  0.0741982  0.1024876  0.0218061  0.0148737
 3  0.1099257  0.1604793  0.1579297  0.1658563  0.1480659  0.1937951  0.1901991  0.1558171  0.1589580  0.0875717  0.0964305  0.0846787  0.0761298  0.1471908  0.1439430  0.1528116  0.1450412  0.0957191  0.0824911  0.0780585  0.0781023  0.0897297  0.0951894  0.0686343  0.0992003  0.1655454  0.0461571
 4  0.0434759  0.0371066  0.0365690  0.0458148  0.0378907  0.0321034  0.0344877  0.0304105  0.0337829  0.0360653  0.0362256  0.0486298  0.0446485  0.0366876  0.0336057  0.0339380  0.0302260  0.0451042  0.0437287  0.0361757  0.0310709  0.0327721  0.0329870  0.0306319  0.0390947  0.0373705  0.0384883
 1  0.1162521  0.1609616  0.1629465  0.2057885  0.2239169  0.2088719  0.2301647  0.1326673  0.0988909  0.1163485  0.1151159  0.0765855  0.0816005  0.1152292  0.1157570  0.1524638  0.1703831  0.1307879  0.1430080  0.0760024  0.0711737  0.1091632  0.0850523  0.1887725  0.2235709  0.0746102  0.0609665
 2  0.0225599  0.0301525  0.0299822  0.0373367  0.0399911  0.0386345  0.0428496  0.0215936  0.0153992  0.0200655  0.0224229  0.0164370  0.0177268  0.0243471  0.0232859  0.0311448  0.0370436  0.0291162  0.0301545  0.0155331  0.0132495  0.0182368  0.0153091  0.0380742  0.0446682  0.0134123  0.0114516
 3  0.1074261  0.1517882  0.1571704  0.1843078  0.1837395  0.0840500  0.0973302  0.0845102  0.0870766  0.1574937  0.1448991  0.0896261  0.0825805  0.0818598  0.0913266  0.0841109  0.0806486  0.0803064  0.0808096  0.0662273  0.0687141  0.0683108  0.0701203  0.1123482  0.0996230  0.0647917  0.0626407
 4  0.0426515  0.0403500  0.0408726  0.0319585  0.0278395  0.0332798  0.0427579  0.0458109  0.0430617  0.0320591  0.0294854  0.0322764  0.0378728  0.0393566  0.0359097  0.0306619  0.0322436  0.0362118  0.0374763  0.0357318  0.0453771  0.0406712  0.0344901  0.0301063  0.0385120  0.0413906  0.0345865
 1  0.1297236  0.1629250  0.1579251  0.0827805  0.0716861  0.0766671  0.0876133  0.0940239  0.1048105  0.0980051  0.1106511  0.0966341  0.0731380  0.0530267  0.0474494  0.1969086  0.2323900  0.1466753  0.1493791  0.0581691  0.0410993  0.0640930  0.0564582  0.1211689  0.1372589  0.1108378  0.1328943
 2  0.0243926  0.0292131  0.0282028  0.0142953  0.0132580  0.0156779  0.0192410  0.0212613  0.0237645  0.0224394  0.0245518  0.0170638  0.0119089  0.0091567  0.0091419  0.0411368  0.0506377  0.0328278  0.0229540  0.0087613  0.0068312  0.0114301  0.0107926  0.0257666  0.0316193  0.0267968  0.0334916
 3  0.1204050  0.1506343  0.1683333  0.0878742  0.0994171  0.1584505  0.1486864  0.0958576  0.0783324  0.0861762  0.1108808  0.1212156  0.1298830  0.1303405  0.1177347  0.0978523  0.0937843  0.0709289  0.0736124  0.0795912  0.0941010  0.0837902  0.0818162  0.1010728  0.0990249  0.0817893  0.0722038
 4  0.0445032  0.0400220  0.0409991  0.0388700  0.0373882  0.0291626  0.0290334  0.0339796  0.0309611  0.0352018  0.0421400  0.0441932  0.0390918  0.0332787  0.0290393  0.0281800  0.0256918  0.0509829  0.0449424  0.0412332  0.0423246  0.0418684  0.0362655  0.0366544  0.0372773  0.0330360  0.0289429
 1  0.1244105  0.0278125  0.0236668  0.0300048  0.0304573  0.0943324  0.1043611  0.2224305  0.2074334  0.1197865  0.1006691  0.2125492  0.2594950  0.1898883  0.2236513  0.1189539  0.1029705  0.1533040  0.1213918  0.3054108  0.3802083  0.3134400  0.4237279  0.1243927  0.1074232  0.0803830  0.0586040
 2  0.0246932  0.0052100  0.0045328  0.0061343  0.0066941  0.0216269  0.0195582  0.0385105  0.0330649  0.0193568  0.0179310  0.0421661  0.0558166  0.0415959  0.0493218  0.0247451  0.0139187  0.0228509  0.0212833  0.0577776  0.0737603  0.0622035  0.0857213  0.0221059  0.0186517  0.0131005  0.0090064
 3  0.1146225  0.0788726  0.0861863  0.1124784  0.1149814  0.1393898  0.1257416  0.1416794  0.1677820  0.0771122  0.0818051  0.1155272  0.1064224  0.0640575  0.0642539  0.0774066  0.0778850  0.0790963  0.0939172  0.1144726  0.1193813  0.0856803  0.0865919  0.0614528  0.0690013  0.0819293  0.0871883
 4  0.0469218  0.0392194  0.0390648  0.0254399  0.0264366  0.0426798  0.0456661  0.0422700  0.0456306  0.0406656  0.0373471  0.0293265  0.0270955  0.0300354  0.0307658  0.0602329  0.0492268  0.0405191  0.0417847  0.0347203  0.0313446  0.0316897  0.0387850  0.0355210  0.0433619  0.0478035  0.0435866
 1  0.1237088  0.1514107  0.1488738  0.2546275  0.3150238  0.2188945  0.2016451  0.0435287  0.0279488  0.0815448  0.0712909  0.1389209  0.1649803  0.1377036  0.1573937  0.1090751  0.1285381  0.0733602  0.0657122  0.0670658  0.0636316  0.0651129  0.0614227  0.0744305  0.0377067  0.0644428  0.0606236
 2  0.0237626  0.0277731  0.0270350  0.0477763  0.0570529  0.0365413  0.0338396  0.0065213  0.0041417  0.0132283  0.0129938  0.0282747  0.0355234  0.0302985  0.0363597  0.0258080  0.0306564  0.0150807  0.0130600  0.0132936  0.0120182  0.0126262  0.0128016  0.0100849  0.0054799  0.0110808  0.0121563
 3  0.1145732  0.1506770  0.1603352  0.1813205  0.1841764  0.0991228  0.1125995  0.0902901  0.0915746  0.1805226  0.1675521  0.1583945  0.1350023  0.0833340  0.0845112  0.0788733  0.0722266  0.0882443  0.1012952  0.0930796  0.0854730  0.0821904  0.0887679  0.0860793  0.0813253  0.1035813  0.0997384
 4  0.0440699  0.0419852  0.0394404  0.0271467  0.0315114  0.0298348  0.0421356  0.0472254  0.0488885  0.0420584  0.0327201  0.0268543  0.0262031  0.0343217  0.0295267  0.0293503  0.0396013  0.0408017  0.0383869  0.0408087  0.0395176  0.0372470  0.0625222  0.0547991  0.0500548  0.0428743  0.0353350
 1  0.1300004  0.1695394  0.1650766  0.1139382  0.0878331  0.0795031  0.0886784  0.1092584  0.1230736  0.1108684  0.1118121  0.0955784  0.0960139  0.1075207  0.0892367  0.0962778  0.0759381  0.1430533  0.1552923  0.1593470  0.2016520  0.2986135  0.3936096  0.1430690  0.1254111  0.0995850  0.0884927
 2  0.0246276  0.0307237  0.0296603  0.0182207  0.0152277  0.0157064  0.0197118  0.0252002  0.0279859  0.0232781  0.0213881  0.0185299  0.0199168  0.0200509  0.0155451  0.0160228  0.0131438  0.0273530  0.0329230  0.0374735  0.0496061  0.0689723  0.0805118  0.0262194  0.0202315  0.0170515  0.0170175
 3  0.1205402  0.1367204  0.1393993  0.0855483  0.0833660  0.1290306  0.1037123  0.1162009  0.1166715  0.1127092  0.1152139  0.0991630  0.1023805  0.0934699  0.0751936  0.0866742  0.0888211  0.1138242  0.1091526  0.0747585  0.0637688  0.0827691  0.0780854  0.0430597  0.0434187  0.0788300  0.0723163
 4  0.0455741  0.0391599  0.0423926  0.0437940  0.0357779  0.0257148  0.0268439  0.0311562  0.0314915  0.0349233  0.0322854  0.0274729  0.0338351  0.0444612  0.0442344  0.0443608  0.0423235  0.0295870  0.0260708  0.0306112  0.0319900  0.0378653  0.0366775  0.0362734  0.0375516  0.0339196  0.0342505
 1  0.1180277  0.0648099  0.0581306  0.0763131  0.0776052  0.1058377  0.1069650  0.1237193  0.1304905  0.1365392  0.1426860  0.1155207  0.0880730  0.1648558  0.1593059  0.1440750  0.1433283  0.1556041  0.1676022  0.1044350  0.1090693  0.1675526  0.1928879  0.1373043  0.1446657  0.1968382  0.2210544
 2  0.0228373  0.0120688  0.0110479  0.0148783  0.0150584  0.0209642  0.0199159  0.0236580  0.0271620  0.0286547  0.0300844  0.0197937  0.0143361  0.0283533  0.0280655  0.0266604  0.0288936  0.0313390  0.0336322  0.0212589  0.0233185  0.0363946  0.0390102  0.0273528  0.0296990  0.0410259  0.0431230
 3  0.1090697  0.1126008  0.1290736  0.1538603  0.1440033  0.1155742  0.1239974  0.1268418  0.1327343  0.0680802  0.0659235  0.1415144  0.1453955  0.1343781  0.1313026  0.0778484  0.0783275  0.1455375  0.1450464  0.0807163  0.0718066  0.1184849  0.1138102  0.0796116  0.0824399  0.0870849  0.0861554
 4  0.0428520  0.0343775  0.0335636  0.0375220  0.0326593  0.0343734  0.0352582  0.0276614  0.0291041  0.0337078  0.0390039  0.0504757  0.0375641  0.0351765  0.0349882  0.0325956  0.0353944  0.0369627  0.0348525  0.0317830  0.0295278  0.0326774  0.0335205  0.0339440  0.0329569  0.0342010  0.0547701
 1  0.1305073  0.1152266  0.1067829  0.1448660  0.1435066  0.1658704  0.1913720  0.1938726  0.2327549  0.1513695  0.1360130  0.0784335  0.0538720  0.1027782  0.0975423  0.1783795  0.2296835  0.2466259  0.2657599  0.1070493  0.0843385  0.1120429  0.1074512  0.1744869  0.1369014  0.1765150  0.1804744
 2  0.0247657  0.0208515  0.0194157  0.0258637  0.0261775  0.0320486  0.0388941  0.0407796  0.0439602  0.0275516  0.0202913  0.0117599  0.0081505  0.0178168  0.0190019  0.0383676  0.0531267  0.0509602  0.0509753  0.0178873  0.0142759  0.0204665  0.0205281  0.0286404  0.0231936  0.0310722  0.0331058
 3  0.1209417  0.1378176  0.1539143  0.1716297  0.1634489  0.1340663  0.1076465  0.1325528  0.1300142  0.0986593  0.1057056  0.0726914  0.0711441  0.1184928  0.1180088  0.1524613  0.1620893  0.0791738  0.0811352  0.0883018  0.0908727  0.0892855  0.0947379  0.1308404  0.1422653  0.1568057  0.1455666
 4  0.0457994  0.0385521  0.0398179  0.0385703  0.0335448  0.0295447  0.0256442  0.0313420  0.0370723  0.0403489  0.0444525  0.0486368  0.0398293  0.0337924  0.0320183  0.0302730  0.0361043  0.0374362  0.0414969  0.0412382  0.0436867  0.0343855  0.0492582  0.0427224  0.0393767  0.0412634  0.0391365
 1  0.1355563  0.1296076  0.1218720  0.0797312  0.0768798  0.0666283  0.0598617  0.0468391  0.0488518  0.1138619  0.1417309  0.1701394  0.1902144  0.1906629  0.2032468  0.1088610  0.1052976  0.1784302  0.1269046  0.0830253  0.0803185  0.1183727  0.1284790  0.2403014  0.2720882  0.1795857  0.1087392
 2  0.0258173  0.0236284  0.0220914  0.0153597  0.0133710  0.0116429  0.0111790  0.0096118  0.0112781  0.0294736  0.0358587  0.0380723  0.0375270  0.0367995  0.0396640  0.0209755  0.0215637  0.0290490  0.0201949  0.0148718  0.0160305  0.0255481  0.0289599  0.0525559  0.0499352  0.0243578  0.0169492
 3  0.1255444  0.1384046  0.1421957  0.0879250  0.0977142  0.1573785  0.1736942  0.0780346  0.0802997  0.0879893  0.0816500  0.1138334  0.1124402  0.0661881  0.0697812  0.0830146  0.0900507  0.0793377  0.0776139  0.0928452  0.0917686  0.0788852  0.0751902  0.0794845  0.0806536  0.0656748  0.0664721
 4  0.0485933  0.0349165  0.0358354  0.0389895  0.0456534  0.0377849  0.0346030  0.0307041  0.0386553  0.0284711  0.0328209  0.0342227  0.0314018  0.0310435  0.0346217  0.0365572  0.0477300  0.0395266  0.0402559  0.0340048  0.0346858  0.0320369  0.0350387  0.0376846  0.0498328  0.0466195  0.0384908
 1  0.1307984  0.1637958  0.1578435  0.2752341  0.3350815  0.2752424  0.2185319  0.2873082  0.3090686  0.2354889  0.2205467  0.1919838  0.1622903  0.2018537  0.2231185  0.1575027  0.1483721  0.0691603  0.0614106  0.0870459  0.0743087  0.1833967  0.2436671  0.1948409  0.2423710  0.1184767  0.1159988
 2  0.0245606  0.0294990  0.0282790  0.0507861  0.0611663  0.0423361  0.0332514  0.0472120  0.0551270  0.0413483  0.0348569  0.0302074  0.0275342  0.0377547  0.0457342  0.0315402  0.0259175  0.0125426  0.0100596  0.0146436  0.0141228  0.0396460  0.0583284  0.0470706  0.0538330  0.0234736  0.0234586
 3  0.1213701  0.1404081  0.1453911  0.1530246  0.1427067  0.0818206  0.0745018  0.1427597  0.1349417  0.0751561  0.0648042  0.0954056  0.0899690  0.0698976  0.0768223  0.0646332  0.0673641  0.1226603  0.1213354  0.0965073  0.1020338  0.1323878  0.1176376  0.0823485  0.0796731  0.0549778  0.0631106
 4  0.0453260  0.0362840  0.0363257  0.0328060  0.0394146  0.0453539  0.0404799  0.0315624  0.0307721  0.0398767  0.0431841  0.0461046  0.0386326  0.0312308  0.0346596  0.0385388  0.0359025  0.0395567  0.0404602  0.0415656  0.0372512  0.0270050  0.0269752  0.0332740  0.0358967  0.0324300  0.0287716
 1  0.1425452  0.1646896  0.1564699  0.1439534  0.1229589  0.0872168  0.0855679  0.0903038  0.1099811  0.1538166  0.2011484  0.0386573  0.0200971  0.0956709  0.1001050  0.0928189  0.1093978  0.1595526  0.1933227  0.1725340  0.1583858  0.0942090  0.0926302  0.0575268  0.0545211  0.0878802  0.0756945
 2  0.0270896  0.0297057  0.0278778  0.0246034  0.0201408  0.0155570  0.0170583  0.0203394  0.0277559  0.0395862  0.0381180  0.0049805  0.0030629  0.0174908  0.0211614  0.0226172  0.0286912  0.0406605  0.0419900  0.0320010  0.0286098  0.0179607  0.0190292  0.0121107  0.0112630  0.0167516  0.0139525
 3  0.1320490  0.1290866  0.1506235  0.0864483  0.0919370  0.1323433  0.1079444  0.1166169  0.1408188  0.1888549  0.1125888  0.0628160  0.0834142  0.0999832  0.1014930  0.0765030  0.0801078  0.0867536  0.0964367  0.0764497  0.0683016  0.0717284  0.0663890  0.0686073  0.0727097  0.0797590  0.0945006
 4  0.0507192  0.0360020  0.0413023  0.0415719  0.0419252  0.0274733  0.0247478  0.0335342  0.0475017  0.0587709  0.0554995  0.0436281  0.0373842  0.0340877  0.0313568  0.0290466  0.0318247  0.0371033  0.0446502  0.0388492  0.0347922  0.0325882  0.0345228  0.0347117  0.0457299  0.0414917  0.0407563
 1  0.1323154  0.1361319  0.1292231  0.0817445  0.0807795  0.1826105  0.1865909  0.2397169  0.2297893  0.2018974  0.1771134  0.1496310  0.1494635  0.1660492  0.1764207  0.1250410  0.1021654  0.0749257  0.0594283  0.1090070  0.1324805  0.2201353  0.3211495  0.2415733  0.2225676  0.1491008  0.1255326
 2  0.0251284  0.0246228  0.0232762  0.0154944  0.0154452  0.0341655  0.0335526  0.0411690  0.0406669  0.0342286  0.0288973  0.0264808  0.0290015  0.0334801  0.0361140  0.0241067  0.0144134  0.0114642  0.0105569  0.0224163  0.0315037  0.0577825  0.0756918  0.0441686  0.0350365  0.0244247  0.0200961
 3  0.1226001  0.1465399  0.1488074  0.0893251  0.0862817  0.1540366  0.1695302  0.0746903  0.0940205  0.0923979  0.0894633  0.0934813  0.0932331  0.0753200  0.0876059  0.0782353  0.0792380  0.1425178  0.1475554  0.1515008  0.1207576  0.1224122  0.1308923  0.0715336  0.0778541  0.0749065  0.0891253
 4  0.0466048  0.0423394  0.0367243  0.0383132  0.0385047  0.0346688  0.0359014  0.0404547  0.0437610  0.0456656  0.0450194  0.0376870  0.0362204  0.0329091  0.0420159  0.0508558  0.0508894  0.0388922  0.0341040  0.0305780  0.0239854  0.0325912  0.0435181  0.0435138  0.0425590  0.0385919  0.0427756
 1  0.1289129  0.1675016  0.1651905  0.1020796  0.0910643  0.1312387  0.1330693  0.0896652  0.0923959  0.0676037  0.0636949  0.0716801  0.0703142  0.0724973  0.0473832  0.1198845  0.1368374  0.2021439  0.2322342  0.2090631  0.2199340  0.2951705  0.4012586  0.1890578  0.2017198  0.1012662  0.0795791
 2  0.0243850  0.0304557  0.0297298  0.0181292  0.0160473  0.0238664  0.0256730  0.0183083  0.0190406  0.0134402  0.0126244  0.0144323  0.0139182  0.0112849  0.0079485  0.0233827  0.0306103  0.0458461  0.0453566  0.0389605  0.0433350  0.0613817  0.0839952  0.0385410  0.0339050  0.0161533  0.0141686
 3  0.1195341  0.1483366  0.1524139  0.0821966  0.0881669  0.1552386  0.1391564  0.0769048  0.0793574  0.1245391  0.1326401  0.0933280  0.0962840  0.0808108  0.0829426  0.1107275  0.0990594  0.1187111  0.1092608  0.0651472  0.0812864  0.0951627  0.0980415  0.0600159  0.0855595  0.0551164  0.0636438
 4  0.0452728  0.0390361  0.0351587  0.0406696  0.0439952  0.0356926  0.0306883  0.0354828  0.0355734  0.0354386  0.0338790  0.0378014  0.0543705  0.0506858  0.0387175  0.0299908  0.0326975  0.0418513  0.0357245  0.0350289  0.0311600  0.0295074  0.0326461  0.0425822  0.0493221  0.0388817  0.0359648
 1  0.1102676  0.0810587  0.0759116  0.1136073  0.1070987  0.1034504  0.0944212  0.1647031  0.2017410  0.2114016  0.2597235  0.1179815  0.1052779  0.1695435  0.1577370  0.0963261  0.0836522  0.0908803  0.0927107  0.1178845  0.0902938  0.0722023  0.0711364  0.1135957  0.1434226  0.1124462  0.0923687
 2  0.0212429  0.0151811  0.0144206  0.0205948  0.0197335  0.0187545  0.0173896  0.0332834  0.0443626  0.0482956  0.0474567  0.0202983  0.0193824  0.0301893  0.0284079  0.0171007  0.0151861  0.0179224  0.0191413  0.0204477  0.0155495  0.0133516  0.0144297  0.0258438  0.0361049  0.0225738  0.0167752
 3  0.1019949  0.1352164  0.1260441  0.1659405  0.1514062  0.0995145  0.0974908  0.1451847  0.1529300  0.0929740  0.0894221  0.0818291  0.0752023  0.1305187  0.1271793  0.0910494  0.0855653  0.0862513  0.0908730  0.0994920  0.1044751  0.1343369  0.1223671  0.1450677  0.1271082  0.0700671  0.0578721
 4  0.0398775  0.0384650  0.0390502  0.0416107  0.0370543  0.0426123  0.0389346  0.0272154  0.0273532  0.0440469  0.0412325  0.0391379  0.0346336  0.0369298  0.0360484  0.0443844  0.0361481  0.0350708  0.0427085  0.0462118  0.0383511  0.0327428  0.0273264  0.0262358  0.0369746  0.0438671  0.0352928
 1  0.1249681  0.1281330  0.1223121  0.3477144  0.5158309  0.2584353  0.2313541  0.1464856  0.1253172  0.1067421  0.1006632  0.0814459  0.0753547  0.1309058  0.1367275  0.0802697  0.0712846  0.0921251  0.0945055  0.0579142  0.0544072  0.0877822  0.1025360  0.0687703  0.0624495  0.0708902  0.0601441
 2  0.0235296  0.0232448  0.0222959  0.0671731  0.1028969  0.0404203  0.0336709  0.0230772  0.0214742  0.0199117  0.0172189  0.0145997  0.0150803  0.0271848  0.0272297  0.0151534  0.0138798  0.0187609  0.0197381  0.0118596  0.0116394  0.0204808  0.0248957  0.0150648  0.0127418  0.0132740  0.0110393
 3  0.1159195  0.1517457  0.1512676  0.1589144  0.1491332  0.3039397  0.0815039  0.0771538  0.0730852  0.1158378  0.1253506  0.1015409  0.0988205  0.1002811  0.0713216  0.0868600  0.0796810  0.0869878  0.0745860  0.0827526  0.0880350  0.0831814  0.0731840  0.0607961  0.0665756  0.0788395  0.0692865
 4  0.0433172  0.0397219  0.0368280  0.0235351  0.0251827  0.0294656  0.0394921  0.0344919  0.0323785  0.0339208  0.0386026  0.0297153  0.0278955  0.0370762  0.0382377  0.0393124  0.0344706  0.0350209  0.0349593  0.0368487  0.0293418  0.0268601  0.0343738  0.0347457  0.0403623  0.0372866  0.0349179
 1  0.1235830  0.1063336  0.0998072  0.1598775  0.1435010  0.1316839  0.1333741  0.1809833  0.2391491  0.0628555  0.0385036  0.0749880  0.0752805  0.1267627  0.1313964  0.2329631  0.2738565  0.3970665  0.5311898  0.3311125  0.2517762  0.3180620  0.3549866  0.2157784  0.2304516  0.1144422  0.1022226
 2  0.0244388  0.0200164  0.0186766  0.0280556  0.0234733  0.0231420  0.0265219  0.0406669  0.0532172  0.0096556  0.0061519  0.0136177  0.0154702  0.0267885  0.0252236  0.0446047  0.0523531  0.0748873  0.0983087  0.0476458  0.0385064  0.0531265  0.0642109  0.0404390  0.0412850  0.0207748  0.0164267
 3  0.1139036  0.1235488  0.1198570  0.1513304  0.1669551  0.1149232  0.0984267  0.1186591  0.1179076  0.0693057  0.0701842  0.1184386  0.1116673  0.1413001  0.1444759  0.1505686  0.1622507  0.0846249  0.0744992  0.0875770  0.0880847  0.0857593  0.0844385  0.0766873  0.0831309  0.0813449  0.0763910
 4  0.0466939  0.0380012  0.0387791  0.0410791  0.0388256  0.0342243  0.0276856  0.0269832  0.0474629  0.0430337  0.0379376  0.0315082  0.0331855  0.0412222  0.0403854  0.0366231  0.0356878  0.0346501  0.0365521  0.0459750  0.0392154  0.0370326  0.0372480  0.0355699  0.0360055  0.0427895  0.0445037
 1  0.1114495  0.0997521  0.0959771  0.1040891  0.1102902  0.0520910  0.0516497  0.0731648  0.0668135  0.0474066  0.0384010  0.0847114  0.0860549  0.1231570  0.1425498  0.2089137  0.2704336  0.2963430  0.4139972  0.2014470  0.1606582  0.0596415  0.0513922  0.1360136  0.1442696  0.1231706  0.1011183
 2  0.0220729  0.0191440  0.0183176  0.0204284  0.0215850  0.0105072  0.0100779  0.0140431  0.0114189  0.0079989  0.0070798  0.0163852  0.0174007  0.0259216  0.0308577  0.0459650  0.0609960  0.0668287  0.0745213  0.0321317  0.0231539  0.0096723  0.0093944  0.0271235  0.0287475  0.0216527  0.0164686
 3  0.1026403  0.1387062  0.1424122  0.1439576  0.1555885  0.0997560  0.0832258  0.1423426  0.1528120  0.0889940  0.0946000  0.1670123  0.1571613  0.1641213  0.1345965  0.1179129  0.1263654  0.1044409  0.0791646  0.0748674  0.0783453  0.1401051  0.1315965  0.1134910  0.1081497  0.1491042  0.1684955
 4  0.0426156  0.0353052  0.0368544  0.0336080  0.0329369  0.0353656  0.0369073  0.0430747  0.0461533  0.0421255  0.0395298  0.0405673  0.0342517  0.0358024  0.0309062  0.0295257  0.0267427  0.0423162  0.0436856  0.0400732  0.0438841  0.0320888  0.0302190  0.0313059  0.0362915  0.0459334  0.0434787
 1  0.1170474  0.1108915  0.1046266  0.0909664  0.0882785  0.0710627  0.0681033  0.1870675  0.2367877  0.0441674  0.0383382  0.0784372  0.0730074  0.1521583  0.1842722  0.1867561  0.2186101  0.1308061  0.1211039  0.1393684  0.1311813  0.1132051  0.0913985  0.0684044  0.0701730  0.0654264  0.0688892
 2  0.0222378  0.0203095  0.0193605  0.0172707  0.0164861  0.0133875  0.0136750  0.0406518  0.0488862  0.0085916  0.0067126  0.0141286  0.0138562  0.0316907  0.0407803  0.0410686  0.0470697  0.0252141  0.0223787  0.0257684  0.0231457  0.0190860  0.0163520  0.0134273  0.0154131  0.0151880  0.0161375
 3  0.1084871  0.1410894  0.1470671  0.0954489  0.1013969  0.1233131  0.1207979  0.1257277  0.1113082  0.0699561  0.0756654  0.1392719  0.1312995  0.1412785  0.1426366  0.0872088  0.0905941  0.0745483  0.0793765  0.0932228  0.0729343  0.0711501  0.0869406  0.1083587  0.1070264  0.0767194  0.0772877
 4  0.0409754  0.0398997  0.0348396  0.0405203  0.0397126  0.0318672  0.0274286  0.0293188  0.0324617  0.0420287  0.0406535  0.0380612  0.0309112  0.0291797  0.0310034  0.0338919  0.0363825  0.0388727  0.0344652  0.0399327  0.0396065  0.0371099  0.0347542  0.0286896  0.0282253  0.0328956  0.0375122
 1  0.1287303  0.1083194  0.1028894  0.2365459  0.2196269  0.4983284  0.7611027  0.3639638  0.3057044  0.3532489  0.3402357  0.5199026  0.6412448  0.3833412  0.2705981  0.2401031  0.2120182  0.1195134  0.1225677  0.0961313  0.1022588  0.0536111  0.0519556  0.1445499  0.1520965  0.1612204  0.1888855
 2  0.0248432  0.0199418  0.0188312  0.0397452  0.0362537  0.0880815  0.1061353  0.0470713  0.0475304  0.0552460  0.0523344  0.0824772  0.0985267  0.0523530  0.0319366  0.0346374  0.0359885  0.0224590  0.0248116  0.0205354  0.0222244  0.0113081  0.0105349  0.0293149  0.0316319  0.0353940  0.0392078
 3  0.1190409  0.1608762  0.1555391  0.1698482  0.2062301  0.1653746  0.1343250  0.1987718  0.1745636  0.0977229  0.0914416  0.1299798  0.1284037  0.0789999  0.0825396  0.1485980  0.1420284  0.0786635  0.0744898  0.0908923  0.0897267  0.0798129  0.0861262  0.0875335  0.0773963  0.0900394  0.0946605
 4  0.0466638  0.0395303  0.0437141  0.0334940  0.0317656  0.0377956  0.0439329  0.0407432  0.0369913  0.0434404  0.0451952  0.0353717  0.0372450  0.0558443  0.0494692  0.0333249  0.0308866  0.0335847  0.0321443  0.0359796  0.0349884  0.0385397  0.0408043  0.0346839  0.0296224  0.0309526  0.0450762
 1  0.1219628  0.1219804  0.1157478  0.1100290  0.1184566  0.0973251  0.0892613  0.0769006  0.0749092  0.1000740  0.1061080  0.1662040  0.1927798  0.1089271  0.0955067  0.0671939  0.0512753  0.0842275  0.0506087  0.1507472  0.1705168  0.2185875  0.3209706  0.1758871  0.2230487  0.1135459  0.0983203
 2  0.0230466  0.0222855  0.0212778  0.0210792  0.0246434  0.0191542  0.0167279  0.0145092  0.0145273  0.0200109  0.0223701  0.0366866  0.0377089  0.0206951  0.0147278  0.0107471  0.0080204  0.0114036  0.0075072  0.0265395  0.0350039  0.0518457  0.0835833  0.0447315  0.0467732  0.0204947  0.0169281
 3  0.1131144  0.1395331  0.1672730  0.1367372  0.1357306  0.0778963  0.0840914  0.1435324  0.1586169  0.1399817  0.1516563  0.1026340  0.1046913  0.0664571  0.0756682  0.1349566  0.1516131  0.1812470  0.1560146  0.1826190  0.1689969  0.0910277  0.0907749  0.0737219  0.0825281  0.0656452  0.0768868
 4  0.0426943  0.0383828  0.0365241  0.0279484  0.0304701  0.0397288  0.0373154  0.0328747  0.0363222  0.0286442  0.0312267  0.0309075  0.0360613  0.0449353  0.0427196  0.0405997  0.0584857  0.0533064  0.0348672  0.0355382  0.0303627  0.0298480  0.0325364  0.0365860  0.0411750  0.0377247  0.0415541
 1  0.1113715  0.0991147  0.0956572  0.1142795  0.1075038  0.1484839  0.1594543  0.2409166  0.3158671  0.1076627  0.0964978  0.0548572  0.0400845  0.0880025  0.0898880  0.1479958  0.1406133  0.1374261  0.1360261  0.1451040  0.1578695  0.1703875  0.1085601  0.1243241  0.1448497  0.1058521  0.1223224
 2  0.0213932  0.0185077  0.0179185  0.0207872  0.0198193  0.0280072  0.0311015  0.0494376  0.0662581  0.0203755  0.0166299  0.0087507  0.0067912  0.0165020  0.0189078  0.0292491  0.0251226  0.0252062  0.0266879  0.0296141  0.0342488  0.0257431  0.0168949  0.0227343  0.0305631  0.0244125  0.0293030
 3  0.1030635  0.1608469  0.1351530  0.1344692  0.1214936  0.1551274  0.1592801  0.1298474  0.1416167  0.0859965  0.0776783  0.0939541  0.0924983  0.1347538  0.1329090  0.1426781  0.1494959  0.0768274  0.0929859  0.0920955  0.0826207  0.1268936  0.1524650  0.1727708  0.1526956  0.0939964  0.0881778
 4  0.0401234  0.0414341  0.0364973  0.0386585  0.0317444  0.0375667  0.0326284  0.0242841  0.0291761  0.0448205  0.0421941  0.0399761  0.0347681  0.0285592  0.0342829  0.0495975  0.0422271  0.0354551  0.0354155  0.0358826  0.0515109  0.0471882  0.0365850  0.0294442  0.0295679  0.0350871  0.0330475
 1  0.1145158  0.0692925  0.0635877  0.0836763  0.0870315  0.2042843  0.2797721  0.0954060  0.0755202  0.0764891  0.0630258  0.0596611  0.0433759  0.0846181  0.0840185  0.0559081  0.0581082  0.0724054  0.0816124  0.0916509  0.1008508  0.0912102  0.0881798  0.0908982  0.1007669  0.0422473  0.0402372
 2  0.0226344  0.0130720  0.0120920  0.0162216  0.0177994  0.0450226  0.0606634  0.0166412  0.0131419  0.0129046  0.0112626  0.0097704  0.0074664  0.0160985  0.0173069  0.0122675  0.0136206  0.0175760  0.0196557  0.0215749  0.0232393  0.0191756  0.0182102  0.0201697  0.0216668  0.0089535  0.0088627
 3  0.1056338  0.1254712  0.1390995  0.1603053  0.1540156  0.1404490  0.1326624  0.0871121  0.0705948  0.1239307  0.1398914  0.0855719  0.0842136  0.1020930  0.0968988  0.0838939  0.1014041  0.0935746  0.0876577  0.0871775  0.0771594  0.0890722  0.0815755  0.0839694  0.0883913  0.0518407  0.0514722
 4  0.0427542  0.0377397  0.0342000  0.0321063  0.0321302  0.0272432  0.0386546  0.0437338  0.0388680  0.0353182  0.0417721  0.0445470  0.0436584  0.0305041  0.0293695  0.0346510  0.0368795  0.0367490  0.0349007  0.0323916  0.0391856  0.0372735  0.0331163  0.0289485  0.0335460  0.0326735  0.0314464
 1  0.1157815  0.0694723  0.0638399  0.0998216  0.1013262  0.1304927  0.1366967  0.0776407  0.0771860  0.0988675  0.1005297  0.0668716  0.0555733  0.0621326  0.0670087  0.1007880  0.1100638  0.0954166  0.0999992  0.1038222  0.1033301  0.0362480  0.0335136  0.0624507  0.0596558  0.0916259  0.0799442
 2  0.0229241  0.0132355  0.0122341  0.0193645  0.0195971  0.0253498  0.0270450  0.0156381  0.0158124  0.0211609  0.0181954  0.0113462  0.0101930  0.0128630  0.0160040  0.0247961  0.0254433  0.0207705  0.0211459  0.0212861  0.0212230  0.0073776  0.0071782  0.0134783  0.0120879  0.0171860  0.0154601
 3  0.1066490  0.1202764  0.1239968  0.1428406  0.1525500  0.1290206  0.1233568  0.0801049  0.0819696  0.0911669  0.0929846  0.1413122  0.1365248  0.0776476  0.0802538  0.0936449  0.0823954  0.0806906  0.0851257  0.0869065  0.0766187  0.0689087  0.0642424  0.0684226  0.0616070  0.0813080  0.0837439
 4  0.0440659  0.0356645  0.0339349  0.0326830  0.0366103  0.0317243  0.0317190  0.0355673  0.0320527  0.0391288  0.0426296  0.0407770  0.0291170  0.0286294  0.0306925  0.0399819  0.0385731  0.0364497  0.0369082  0.0382286  0.0365012  0.0308856  0.0319059  0.0365175  0.0359438  0.0408996  0.0354028
 1  0.1290325  0.0987184  0.0899728  0.0896641  0.0788275  0.1088222  0.0891393  0.1010124  0.1207068  0.1036948  0.1107481  0.1365468  0.1460551  0.0916131  0.0896912  0.1469887  0.1792986  0.1744381  0.1555421  0.0660118  0.0434584  0.0463028  0.0423737  0.1080364  0.1191831  0.1730290  0.2322524
 2  0.0246445  0.0180101  0.0165795  0.0158479  0.0131288  0.0177538  0.0160363  0.0207393  0.0278371  0.0241359  0.0248001  0.0292494  0.0284058  0.0176309  0.0188031  0.0336770  0.0416108  0.0346495  0.0264479  0.0097757  0.0070844  0.0085236  0.0083242  0.0232574  0.0280481  0.0437157  0.0596641
 3  0.1195162  0.1206077  0.1206818  0.1675750  0.1525217  0.0875672  0.0906683  0.1556788  0.1372221  0.0796244  0.0702834  0.0985511  0.0960662  0.0855393  0.0806975  0.0879509  0.0854244  0.0686412  0.0687276  0.0716764  0.0676471  0.0769124  0.0796588  0.0912952  0.0901371  0.0862549  0.0860053
 4  0.0458670  0.0391871  0.0343991  0.0493250  0.0431841  0.0413916  0.0355556  0.0280528  0.0276982  0.0344870  0.0341059  0.0360059  0.0340447  0.0329203  0.0296316  0.0325211  0.0399867  0.0445748  0.0451733  0.0434987  0.0355668  0.0392115  0.0352843  0.0339579  0.0339758  0.0315887  0.0307160
 1  0.1183230  0.0823829  0.0771693  0.1736122  0.2016474  0.1462164  0.1486243  0.1125356  0.0951732  0.0559988  0.0466000  0.1257400  0.1433120  0.1612770  0.1778073  0.0885700  0.0828899  0.1390319  0.1218618  0.1109555  0.1002984  0.1421727  0.1471232  0.1264003  0.1403970  0.0633817  0.0542966
 2  0.0224026  0.0152347  0.0144373  0.0338713  0.0389230  0.0278070  0.0288098  0.0198392  0.0161045  0.0095785  0.0085725  0.0255259  0.0319303  0.0362987  0.0357546  0.0169625  0.0160302  0.0257630  0.0201018  0.0190332  0.0187108  0.0273172  0.0297624  0.0274737  0.0293513  0.0120499  0.0102725
 3  0.1097152  0.1489058  0.1491982  0.1639818  0.1490578  0.0799045  0.0868502  0.1358523  0.1478033  0.0845243  0.0927001  0.1368368  0.1478392  0.0756326  0.0696179  0.0819035  0.0865241  0.0906314  0.0783786  0.1281260  0.1305169  0.1253201  0.1266127  0.0699622  0.0757126  0.0730690  0.0814881
 4  0.0420017  0.0408199  0.0348445  0.0358677  0.0333196  0.0361904  0.0384253  0.0419099  0.0419144  0.0407427  0.0385095  0.0280872  0.0296489  0.0377810  0.0378109  0.0357795  0.0383112  0.0460010  0.0428191  0.0347855  0.0344856  0.0346621  0.0313890  0.0333522  0.0403267  0.0378653  0.0351905
 1  0.1082802  0.1142389  0.1110133  0.0923656  0.0974108  0.1915456  0.2525964  0.1291388  0.1149129  0.0503106  0.0333368  0.0850723  0.0895904  0.2105617  0.2774382  0.2212836  0.2252354  0.0444501  0.0326237  0.1143878  0.1197663  0.3105152  0.3951975  0.1804713  0.1561232  0.1801456  0.1270962
 2  0.0206362  0.0212219  0.0207552  0.0181960  0.0204926  0.0427976  0.0569964  0.0248799  0.0200466  0.0076015  0.0054746  0.0161357  0.0191865  0.0488795  0.0641292  0.0454351  0.0370360  0.0069315  0.0055912  0.0219244  0.0250318  0.0662209  0.0770029  0.0317333  0.0234753  0.0263334  0.0198959
 3  0.1003378  0.1545603  0.1525695  0.0907459  0.0979058  0.1239739  0.1352692  0.0770202  0.0665092  0.0803943  0.0958982  0.1257142  0.1179720  0.1182285  0.1144121  0.0800113  0.0817333  0.0808820  0.0971148  0.0992007  0.0928117  0.0891793  0.0944020  0.0610710  0.0582497  0.0556744  0.0596659
 4  0.0383101  0.0387211  0.0362312  0.0352907  0.0307136  0.0251331  0.0306425  0.0396499  0.0477594  0.0412277  0.0398460  0.0252995  0.0274269  0.0287762  0.0300641  0.0410808  0.0461365  0.0408773  0.0381662  0.0398787  0.0338666  0.0391446  0.0387239  0.0480106  0.0492577  0.0394111  0.0363874
 1  0.1326288  0.1176636  0.1093986  0.1330652  0.1471606  0.1105885  0.0918100  0.1500817  0.1462148  0.2036202  0.2616507  0.0934823  0.0934827  0.1016202  0.0927192  0.0941178  0.0742751  0.1055637  0.1020834  0.1810450  0.2217729  0.1901348  0.1889692  0.1045247  0.1079292  0.0784765  0.0756695
 2  0.0249980  0.0212418  0.0198692  0.0255029  0.0288719  0.0198132  0.0147280  0.0255589  0.0274943  0.0428432  0.0564212  0.0194108  0.0189651  0.0196178  0.0154813  0.0154301  0.0113555  0.0178224  0.0198042  0.0385137  0.0466209  0.0367965  0.0358724  0.0204622  0.0220709  0.0161034  0.0156151
 3  0.1230205  0.1416461  0.1406284  0.1551426  0.1650790  0.0944151  0.0889259  0.1506965  0.1501152  0.1024078  0.1018037  0.0765760  0.0842013  0.1165753  0.1316585  0.1577564  0.1709917  0.1725696  0.1755400  0.1262891  0.1185996  0.0693117  0.0730226  0.0895450  0.0907564  0.0769494  0.0944441
 4  0.0462208  0.0366758  0.0304747  0.0306347  0.0405427  0.0496099  0.0416942  0.0335198  0.0288195  0.0313587  0.0394979  0.0355179  0.0375514  0.0408033  0.0414140  0.0467377  0.0443188  0.0375526  0.0324140  0.0327886  0.0338911  0.0346466  0.0341690  0.0304262  0.0327856  0.0347703  0.0367432
 1  0.1083181  0.1140063  0.1114316  0.0630142  0.0600875  0.0805577  0.0872774  0.1034809  0.1041485  0.0460769  0.0380895  0.0703126  0.0670690  0.0740874  0.0797379  0.0954449  0.0950755  0.0672258  0.0781619  0.0804530  0.0916454  0.0460526  0.0416903  0.0943278  0.0987925  0.1045155  0.0874713
 2  0.0208560  0.0213050  0.0208646  0.0119236  0.0117454  0.0165564  0.0178525  0.0216006  0.0183250  0.0079004  0.0072145  0.0135099  0.0133967  0.0156506  0.0170459  0.0195297  0.0198353  0.0152119  0.0187946  0.0197490  0.0230499  0.0099692  0.0084388  0.0195170  0.0216370  0.0201605  0.0163680
 3  0.1001866  0.1597887  0.1640683  0.0972533  0.0829144  0.1555014  0.1553863  0.0886019  0.0833935  0.0915901  0.0866717  0.1457716  0.1396731  0.1450723  0.1373195  0.1058237  0.1008974  0.1154197  0.1136687  0.0924654  0.0852731  0.0844411  0.0790077  0.0848476  0.0831889  0.0671832  0.0661213
 4  0.0388983  0.0394941  0.0379907  0.0395145  0.0367525  0.0340405  0.0335984  0.0419215  0.0459024  0.0415578  0.0376151  0.0391267  0.0338014  0.0339282  0.0382424  0.0350662  0.0293676  0.0253351  0.0260279  0.0323043  0.0356218  0.0382946  0.0372911  0.0327094  0.0438604  0.0393751  0.0344031
 1  0.1220607  0.3689111  0.4560492  0.2960591  0.3167234  0.2514595  0.2485730  0.1632847  0.1147898  0.0918989  0.0877981  0.1468407  0.1323776  0.1473335  0.1429583  0.1039887  0.1154335  0.1149730  0.0998648  0.2394648  0.2898169  0.1633603  0.0958352  0.1230732  0.1301321  0.1496404  0.1912620
 2  0.0234936  0.0679193  0.0770571  0.0486239  0.0540107  0.0424706  0.0433832  0.0244068  0.0181231  0.0160848  0.0163208  0.0268800  0.0236377  0.0269074  0.0275679  0.0221714  0.0235209  0.0213087  0.0190109  0.0481266  0.0609082  0.0232795  0.0147324  0.0223329  0.0277123  0.0367597  0.0489846
 3  0.1129126  0.1613904  0.1721040  0.0832293  0.0842022  0.0738343  0.0945477  0.0888808  0.0897185  0.1454450  0.1237752  0.0902184  0.0898305  0.0964651  0.1154719  0.0936507  0.0886066  0.0669112  0.0746741  0.0804617  0.0976981  0.0737400  0.0682547  0.0765097  0.0841782  0.0802497  0.0760122
 4  0.0437848  0.0412078  0.0371220  0.0342129  0.0361264  0.0344526  0.0440770  0.0403999  0.0328021  0.0321945  0.0350217  0.0419830  0.0404446  0.0304906  0.0294090  0.0370421  0.0403579  0.0381603  0.0353427  0.0309397  0.0550901  0.0484328  0.0368630  0.0312078  0.0274519  0.0318947  0.0327001
 1  0.1223909  0.0534962  0.0474881  0.0644552  0.0532073  0.1086993  0.1074283  0.1097162  0.1115600  0.1540947  0.1674391  0.3090683  0.4872861  0.4739244  0.7981933  0.1801401  0.0994076  0.0292136  0.0138369  0.0438412  0.0355003  0.0966490  0.1067181  0.1589758  0.1990292  0.1191489  0.1061912
 2  0.0234945  0.0099101  0.0089899  0.0111362  0.0094971  0.0204564  0.0203813  0.0216150  0.0226650  0.0311134  0.0334149  0.0647990  0.1029811  0.0858919  0.1243979  0.0200814  0.0094066  0.0032497  0.0019933  0.0071187  0.0065494  0.0200512  0.0243001  0.0384140  0.0390298  0.0212226  0.0201386
 3  0.1132614  0.1180990  0.1273576  0.1554962  0.1813398  0.1003312  0.0913085  0.1083665  0.1171073  0.1406441  0.1398527  0.1854325  0.1558589  0.3217441  0.5595258  0.9990000  0.0764268  0.0797496  0.0892632  0.1008499  0.1070719  0.1346530  0.1213466  0.1389587  0.1250304  0.0635819  0.0766373
 4  0.0441167  0.0340395  0.0388911  0.0437809  0.0392197  0.0354082  0.0354219  0.0293198  0.0330791  0.0342172  0.0319057  0.0239440  0.0230184  0.0337382  0.0472509  0.0675677  0.0568659  0.0453196  0.0449788  0.0335287  0.0347949  0.0309646  0.0282774  0.0413304  0.0459482  0.0355613  0.0330529
 1  0.1338174  0.0269737  0.0227298  0.0718186  0.0712114  0.0673096  0.0609381  0.0582376  0.0532310  0.0496096  0.0448462  0.0573932  0.0621640  0.0849438  0.1059671  0.0715780  0.0621060  0.1387626  0.1461185  0.1429611  0.1459245  0.1112588  0.1018958  0.1392327  0.1536994  0.2468143  0.3073393
 2  0.0253898  0.0049197  0.0042898  0.0141347  0.0142487  0.0130829  0.0112584  0.0113538  0.0090575  0.0088998  0.0087873  0.0123018  0.0149631  0.0227662  0.0278156  0.0146327  0.0122309  0.0277136  0.0297789  0.0285411  0.0297115  0.0213346  0.0190849  0.0280349  0.0325567  0.0536368  0.0649714
 3  0.1239903  0.0851738  0.0818845  0.1202444  0.1181684  0.0993646  0.1172397  0.0830748  0.0767761  0.1287503  0.1326817  0.1004799  0.0905968  0.1089690  0.1102591  0.0782671  0.0807024  0.0879333  0.0921194  0.1140869  0.1210824  0.0818875  0.0851799  0.0889292  0.0953266  0.0760556  0.0670158
 4  0.0476223  0.0396223  0.0381546  0.0315544  0.0349526  0.0386368  0.0359448  0.0434200  0.0413265  0.0353805  0.0305811  0.0376870  0.0292579  0.0277255  0.0394324  0.0419972  0.0412087  0.0325843  0.0335121  0.0352825  0.0375851  0.0408114  0.0385887  0.0358694  0.0356945  0.0327469  0.0342209
 1  0.1259169  0.0831957  0.0741782  0.0714994  0.0612388  0.1059325  0.1215503  0.1574263  0.1571940  0.1395426  0.1445611  0.2008515  0.2484226  0.1093414  0.0954424  0.1251781  0.1179449  0.2400810  0.2899366  0.2438961  0.2635566  0.1198549  0.0879214  0.1205261  0.1023625  0.1118973  0.0941993
 2  0.0239017  0.0150352  0.0136949  0.0124152  0.0111497  0.0211815  0.0243519  0.0295833  0.0287452  0.0262041  0.0291310  0.0427867  0.0492501  0.0196852  0.0173423  0.0228198  0.0226976  0.0489309  0.0542862  0.0444448  0.0487785  0.0194077  0.0134962  0.0201655  0.0171203  0.0187766  0.0176455
 3  0.1166749  0.1207928  0.1186758  0.1509177  0.1569643  0.1752582  0.1456015  0.1761349  0.1835512  0.0841280  0.0803252  0.1447630  0.1326999  0.0676058  0.0652284  0.1009761  0.0873538  0.1259056  0.1240911  0.0886585  0.0970397  0.0939317  0.0789189  0.0811465  0.0977790  0.0875807  0.0937749
 4  0.0437607  0.0363765  0.0361781  0.0427163  0.0328375  0.0280387  0.0315778  0.0348065  0.0295309  0.0363643  0.0309925  0.0352789  0.0381830  0.0354922  0.0357401  0.0390481  0.0360797  0.0332570  0.0339130  0.0361651  0.0412895  0.0466926  0.0429463  0.0395985  0.0496376  0.0411622  0.0361793
 1  0.1118120  0.1818013  0.1893676  0.1142927  0.1149752  0.1153111  0.1020069  0.1810856  0.1809046  0.1922892  0.1419629  0.1174780  0.1314036  0.2034461  0.2722650  0.2225910  0.2645936  0.1050577  0.0971733  0.0691174  0.0694363  0.0995537  0.0994710  0.0678921  0.0542052  0.0541010  0.0524337
 2  0.0220355  0.0345272  0.0349794  0.0215159  0.0215748  0.0201283  0.0184330  0.0329676  0.0283797  0.0279648  0.0235565  0.0228508  0.0276948  0.0459576  0.0629703  0.0480080  0.0533600  0.0197111  0.0190103  0.0141068  0.0149524  0.0212249  0.0211062  0.0123989  0.0098937  0.0107650  0.0107664
 3  0.1031050  0.1511731  0.1655031  0.0897128  0.0858046  0.1517654  0.1704119  0.1734644  0.1720320  0.0800705  0.0827112  0.0980822  0.0901099  0.1462690  0.1395787  0.0808918  0.0697326  0.0709650  0.0661369  0.0790555  0.0952722  0.0742135  0.0791754  0.0880843  0.0676177  0.0666588  0.0687738
 4  0.0419424  0.0373043  0.0348294  0.0373878  0.0395897  0.0390495  0.0394196  0.0480501  0.0551086  0.0459984  0.0371489  0.0321938  0.0362401  0.0329296  0.0293045  0.0334348  0.0358818  0.0334654  0.0317156  0.0310050  0.0367823  0.0323546  0.0430061  0.0412566  0.0313337  0.0321111  0.0346185
 1  0.1216805  0.1436062  0.1387875  0.1116599  0.1138702  0.1006584  0.1003553  0.0742124  0.0648195  0.1328197  0.1361180  0.2329959  0.2958321  0.2014991  0.1771017  0.1667860  0.1587261  0.0889017  0.0754194  0.1222054  0.1321515  0.1734847  0.1569616  0.1841936  0.1825364  0.2410981  0.2911865
 2  0.0233076  0.0264306  0.0254417  0.0211527  0.0222346  0.0199840  0.0177197  0.0127794  0.0112850  0.0242922  0.0262817  0.0474268  0.0630290  0.0364015  0.0306359  0.0289666  0.0276216  0.0153867  0.0137668  0.0248413  0.0266976  0.0322919  0.0271527  0.0318105  0.0330203  0.0468484  0.0603239
 3  0.1125661  0.1369279  0.1631691  0.0954116  0.0902911  0.1345922  0.1468509  0.1646971  0.1497793  0.1589237  0.1601306  0.1307808  0.1290513  0.0747689  0.0603474  0.1396393  0.1147351  0.0835829  0.0898351  0.0876006  0.0896088  0.1021744  0.1081894  0.1634556  0.1780453  0.0787864  0.0744325
 4  0.0435238  0.0387762  0.0368825  0.0360937  0.0333598  0.0389796  0.0430732  0.0418482  0.0395111  0.0355534  0.0340206  0.0298341  0.0360854  0.0391185  0.0352461  0.0360415  0.0345750  0.0401806  0.0349925  0.0354132  0.0406990  0.0372835  0.0393989  0.0395671  0.0343489  0.0315067  0.0407744
 1  0.1291358  0.0873879  0.0788409  0.0998824  0.0934665  0.1716254  0.1876520  0.2362877  0.2808478  0.1743467  0.1775384  0.1255887  0.0787168  0.1229106  0.1295149  0.1375975  0.1585192  0.0727209  0.0724502  0.0613106  0.0581879  0.1111181  0.1164578  0.0843909  0.0831191  0.1259551  0.1415905
 2  0.0246433  0.0158362  0.0144843  0.0180086  0.0173001  0.0322893  0.0358222  0.0466646  0.0537527  0.0328280  0.0317660  0.0175364  0.0123562  0.0222009  0.0262107  0.0297390  0.0329703  0.0147330  0.0148447  0.0122954  0.0119362  0.0231931  0.0241650  0.0168865  0.0170307  0.0268285  0.0285667
 3  0.1195893  0.1317443  0.1311858  0.1496588  0.1637731  0.1699298  0.1800574  0.0875887  0.0854357  0.0926025  0.0766585  0.1428461  0.1700497  0.1220057  0.1063898  0.1466871  0.1348701  0.0880928  0.0855462  0.1098042  0.1253577  0.1039885  0.0918655  0.1319035  0.1389950  0.1286890  0.1212485
 4  0.0454104  0.0381919  0.0340247  0.0371372  0.0342557  0.0299338  0.0282912  0.0346767  0.0365202  0.0387875  0.0495814  0.0473307  0.0375107  0.0294240  0.0303803  0.0364664  0.0335262  0.0368134  0.0357097  0.0317592  0.0319279  0.0328422  0.0315666  0.0320295  0.0300565  0.0330893  0.0319362
 1  0.1456978  0.1264619  0.1149383  0.1740559  0.1767709  0.1184264  0.1027791  0.1655495  0.1482962  0.1894011  0.2333846  0.1167952  0.1072501  0.0770382  0.0827424  0.1222904  0.1329026  0.0981174  0.1037426  0.0872119  0.0885249  0.0627216  0.0557820  0.0380083  0.0307540  0.1041875  0.1123571
 2  0.0272533  0.0224436  0.0204968  0.0308498  0.0316000  0.0214195  0.0150913  0.0259616  0.0261514  0.0378233  0.0512305  0.0235084  0.0210938  0.0158331  0.0178747  0.0269779  0.0289906  0.0213632  0.0220002  0.0183616  0.0188300  0.0130282  0.0096812  0.0064983  0.0058517  0.0217754  0.0258700
 3  0.1352938  0.1297246  0.1425435  0.1819459  0.1844827  0.0919637  0.0926350  0.1820060  0.1713930  0.0933292  0.0890141  0.0707135  0.0651418  0.0979769  0.0964241  0.0864539  0.0909206  0.0759042  0.0740412  0.0847517  0.0806619  0.0630469  0.0686448  0.0871711  0.0998629  0.0765997  0.0840655
 4  0.0503031  0.0363439  0.0384609  0.0318321  0.0301076  0.0479240  0.0519464  0.0411956  0.0331513  0.0316217  0.0359763  0.0392463  0.0328433  0.0336441  0.0330446  0.0369877  0.0348111  0.0324938  0.0358637  0.0320114  0.0354674  0.0480159  0.0447112  0.0408069  0.0333567  0.0291187  0.0422699
 1  0.1394635  0.1955862  0.1909407  0.1836529  0.1866845  0.1551802  0.1668818  0.1421438  0.1553432  0.0873777  0.0615791  0.0952192  0.0980826  0.0889396  0.0906622  0.0842879  0.0880034  0.0505541  0.0471111  0.0938422  0.0853498  0.1225447  0.1334504  0.1160860  0.1129315  0.1527510  0.1809640
 2  0.0258566  0.0346084  0.0334733  0.0328460  0.0338021  0.0292154  0.0337490  0.0291710  0.0294080  0.0136142  0.0101869  0.0176048  0.0182979  0.0174771  0.0195735  0.0186503  0.0183327  0.0105108  0.0084946  0.0171148  0.0161754  0.0251791  0.0286777  0.0237591  0.0228427  0.0322594  0.0414900
 3  0.1297000  0.1388556  0.1610941  0.0893028  0.0730525  0.1193997  0.1071085  0.1414790  0.1398287  0.1161755  0.1170035  0.1607978  0.1421133  0.1147715  0.1365707  0.0927314  0.0920452  0.0865303  0.0936020  0.0802203  0.0937079  0.0887968  0.0952801  0.0995964  0.0993589  0.0939955  0.0896159
 4  0.0471594  0.0400897  0.0358869  0.0384944  0.0336637  0.0270112  0.0247682  0.0330092  0.0434940  0.0422156  0.0352320  0.0369463  0.0375016  0.0284362  0.0318166  0.0339337  0.0378155  0.0437691  0.0451695  0.0387271  0.0367916  0.0365710  0.0385034  0.0329860  0.0311992  0.0309061  0.0291034
 1  0.1220500  0.1965221  0.2019720  0.1735744  0.1927324  0.1004221  0.0822592  0.1325707  0.1268118  0.1279821  0.1343322  0.1508226  0.1447824  0.2825515  0.3648226  0.3456454  0.2533429  0.1425840  0.1444837  0.2176991  0.2296373  0.1209018  0.1152647  0.1829728  0.1940739  0.0922711  0.0809052
 2  0.0232430  0.0360705  0.0363523  0.0329656  0.0361578  0.0171373  0.0146930  0.0238705  0.0223036  0.0238795  0.0257986  0.0279277  0.0265806  0.0543911  0.0729787  0.0512501  0.0384687  0.0247572  0.0272506  0.0410069  0.0429558  0.0224219  0.0216202  0.0361488  0.0347687  0.0161486  0.0156593
 3  0.1131263  0.1519712  0.1412358  0.0958258  0.0828333  0.0838304  0.0882618  0.1586905  0.1609453  0.1550483  0.1598657  0.1255892  0.1260428  0.1401621  0.1370457  0.0748516  0.0807729  0.0935216  0.0936296  0.1350860  0.1396030  0.0812239  0.0822818  0.0886283  0.0811797  0.0763731  0.0942763
 4  0.0431712  0.0386769  0.0311468  0.0378344  0.0437138  0.0411820  0.0393551  0.0396387  0.0397971  0.0327383  0.0398697  0.0355796  0.0317905  0.0301134  0.0369903  0.0444974  0.0420441  0.0327930  0.0381183  0.0385405  0.0335529  0.0346797  0.0358751  0.0400654  0.0444239  0.0374018  0.0355972
 1  0.1033990  0.1919849  0.2023486  0.2029724  0.2001499  0.1795659  0.1584951  0.0941126  0.0987679  0.0556302  0.0551477  0.0922499  0.1014566  0.0343223  0.0334373  0.1099420  0.1183529  0.1602745  0.1860777  0.1782779  0.1754660  0.1510319  0.1457564  0.1023526  0.0957627  0.0390245  0.0300872
 2  0.0201090  0.0364634  0.0376995  0.0360169  0.0339894  0.0287701  0.0268105  0.0176250  0.0210318  0.0121663  0.0117209  0.0198717  0.0210619  0.0071746  0.0068666  0.0233383  0.0256246  0.0356894  0.0404384  0.0351100  0.0321660  0.0277981  0.0272723  0.0198402  0.0170969  0.0066410  0.0055415
 3  0.0955240  0.1398485  0.1631791  0.1318729  0.1390370  0.1710015  0.1777230  0.0972040  0.0917789  0.1007671  0.1013451  0.1312369  0.1485288  0.0839680  0.0893530  0.0925604  0.0901349  0.0788997  0.0986084  0.0939554  0.0641896  0.0706887  0.0788312  0.0724499  0.0606799  0.0689641  0.0699072
 4  0.0379955  0.0398204  0.0408419  0.0365688  0.0384280  0.0424302  0.0360546  0.0328068  0.0320454  0.0311526  0.0294488  0.0310966  0.0348753  0.0355162  0.0372969  0.0368408  0.0321905  0.0342871  0.0380610  0.0372814  0.0375260  0.0382288  0.0321930  0.0428980  0.0445361  0.0388832  0.0342750
 1  0.1289827  0.1373227  0.1325076  0.0728397  0.0508689  0.0931222  0.1065067  0.1451903  0.0969454  0.1049439  0.1002064  0.1171295  0.1374377  0.1374678  0.1533794  0.1662883  0.1692081  0.1234182  0.0833719  0.1036929  0.1029956  0.1133092  0.1244763  0.1188898  0.1442373  0.1709615  0.2103327
 2  0.0254748  0.0256448  0.0242609  0.0112551  0.0084411  0.0179184  0.0233252  0.0235649  0.0144569  0.0174891  0.0186661  0.0246669  0.0329272  0.0328252  0.0324943  0.0315967  0.0311556  0.0187047  0.0131923  0.0186092  0.0206857  0.0243669  0.0281294  0.0280586  0.0350533  0.0416256  0.0479151
 3  0.1188967  0.1412914  0.1543829  0.0978093  0.0905150  0.1593666  0.1452475  0.1574020  0.2330768  0.1477328  0.1324008  0.1040054  0.0942876  0.0910130  0.0946196  0.1501577  0.1617482  0.0748757  0.0711056  0.1020050  0.0968373  0.0990380  0.0916914  0.1009985  0.0852199  0.0715431  0.0715219
 4  0.0485996  0.0361299  0.0462008  0.0475629  0.0397498  0.0267792  0.0458054  0.0509346  0.0394446  0.0376628  0.0316876  0.0369468  0.0339460  0.0445292  0.0454067  0.0443911  0.0508756  0.0494928  0.0431571  0.0422484  0.0381733  0.0404611  0.0359862  0.0370568  0.0321671  0.0332883  0.0376216
 1  0.1303734  0.1968530  0.1974320  0.3786615  0.4958517  0.1950777  0.1821590  0.1088172  0.0821165  0.0952840  0.0895582  0.1151483  0.1365107  0.1294585  0.0905910  0.1059756  0.0990519  0.1957634  0.2694501  0.2958769  0.1468349  0.1402905  0.1477686  0.2099846  0.2513272  0.1498905  0.1819681
 2  0.0246442  0.0358230  0.0354063  0.0688918  0.0906477  0.0338215  0.0256793  0.0162734  0.0133965  0.0166979  0.0171910  0.0246749  0.0315674  0.0230130  0.0132260  0.0172727  0.0185245  0.0420561  0.0618945  0.0371363  0.0200922  0.0234848  0.0294930  0.0449876  0.0542448  0.0332924  0.0393407
 3  0.1208495  0.1329692  0.1448656  0.1167662  0.1303216  0.1238937  0.1373094  0.0726250  0.0824329  0.1489174  0.1421283  0.1309877  0.1445113  0.0813221  0.0729685  0.1805066  0.1552729  0.1505799  0.1500516  0.0797053  0.0823473  0.1413950  0.1137365  0.1082537  0.1095699  0.0866895  0.0901527
 4  0.0458997  0.0405796  0.0367295  0.0272982  0.0282093  0.0396910  0.0405153  0.0408354  0.0371097  0.0340953  0.0292462  0.0263906  0.0423392  0.0513722  0.0436883  0.0402878  0.0286994  0.0278018  0.0667465  0.0549762  0.0370249  0.0339959  0.0293559  0.0327669  0.0314651  0.0342667  0.0339020
 1  0.1268093  0.1470103  0.1444955  0.1217871  0.1240712  0.1324310  0.1362033  0.1745478  0.2067777  0.0795853  0.0537293  0.0891862  0.0931921  0.1110105  0.1192055  0.1664362  0.1672912  0.1360965  0.1343425  0.2319192  0.2917730  0.1496742  0.1491893  0.1173103  0.0730374  0.1640866  0.1818788
 2  0.0247688  0.0274311  0.0264099  0.0229676  0.0238603  0.0252232  0.0262883  0.0350563  0.0396067  0.0121907  0.0089462  0.0169644  0.0191969  0.0241867  0.0250749  0.0333941  0.0299010  0.0247154  0.0266511  0.0493002  0.0619923  0.0297981  0.0284978  0.0170741  0.0114992  0.0296687  0.0361312
 3  0.1170336  0.1471906  0.1575684  0.0899593  0.0960622  0.1515119  0.1562134  0.1542277  0.1348667  0.0899976  0.0814392  0.1125254  0.0998832  0.1086263  0.1128122  0.0866965  0.0748158  0.1096752  0.1033173  0.0901250  0.0852378  0.0739746  0.0889856  0.0729135  0.0829476  0.1502585  0.1238808
 4  0.0472314  0.0400574  0.0368895  0.0372626  0.0373718  0.0352056  0.0326050  0.0360637  0.0447196  0.0434536  0.0368000  0.0274335  0.0289370  0.0318115  0.0348200  0.0405032  0.0376039  0.0317063  0.0283626  0.0334506  0.0336652  0.0362538  0.0473199  0.0451843  0.0389597  0.0307194  0.0341486
 1  0.1361934  0.1643699  0.1599725  0.1405199  0.1430287  0.1851185  0.1870826  0.1482007  0.0949766  0.1040488  0.1072778  0.0889852  0.0783098  0.0977494  0.1028283  0.1515603  0.1975129  0.2381548  0.2811119  0.0843053  0.0754806  0.1121619  0.1050195  0.2424739  0.1791998  0.1841925  0.1936528
 2  0.0264105  0.0301796  0.0286936  0.0255313  0.0272812  0.0340283  0.0331719  0.0210081  0.0145516  0.0184306  0.0219724  0.0178147  0.0141938  0.0186796  0.0211255  0.0345885  0.0480347  0.0551210  0.0541414  0.0153414  0.0132222  0.0205584  0.0199268  0.0378248  0.0292014  0.0333106  0.0371482
 3  0.1257440  0.1423649  0.1464586  0.1311938  0.1329272  0.1526436  0.1615691  0.0946027  0.0873768  0.1402794  0.1290890  0.0846883  0.0825366  0.1549688  0.1455245  0.1141500  0.1097970  0.0691071  0.0772108  0.0719567  0.0873720  0.0852108  0.0823698  0.0784932  0.0800586  0.0803667  0.0871729
 4  0.0501259  0.0388573  0.0350054  0.0308793  0.0347544  0.0388768  0.0453610  0.0540484  0.0440660  0.0325178  0.0358851  0.0437532  0.0437971  0.0349447  0.0275332  0.0278866  0.0286242  0.0383412  0.0380280  0.0382566  0.0395420  0.0357212  0.0510948  0.0451636  0.0405225  0.0351571  0.0374489
 1  0.1185326  0.1130652  0.1061593  0.0586288  0.0582919  0.1758419  0.2195245  0.0965884  0.0631459  0.1133081  0.1165957  0.1091714  0.1185050  0.1495670  0.1640884  0.2537156  0.3002933  0.0957839  0.0767749  0.1149703  0.1199730  0.1022774  0.1018854  0.1973795  0.2445257  0.2024434  0.1735935
 2  0.0227503  0.0208344  0.0196813  0.0112953  0.0122926  0.0395856  0.0449228  0.0147112  0.0101418  0.0207440  0.0224920  0.0223398  0.0243489  0.0311920  0.0338739  0.0526965  0.0512484  0.0152034  0.0138581  0.0227807  0.0243146  0.0207497  0.0216368  0.0439450  0.0518961  0.0359300  0.0306009
 3  0.1096772  0.1359337  0.1498626  0.0914286  0.0948989  0.1229528  0.1395264  0.0654210  0.0682103  0.1193436  0.1109450  0.1526338  0.1420401  0.0797355  0.1007886  0.1141666  0.1249407  0.0829232  0.0910892  0.0885989  0.0908445  0.0950599  0.0863070  0.0805309  0.0878401  0.0597296  0.0541979
 4  0.0422451  0.0344375  0.0346742  0.0345710  0.0314670  0.0317500  0.0454902  0.0427511  0.0358361  0.0341923  0.0356088  0.0386594  0.0359853  0.0355803  0.0381128  0.0356293  0.0411608  0.0371769  0.0368743  0.0379547  0.0425582  0.0320833  0.0287713  0.0330356  0.0431378  0.0404035  0.0331669
 1  0.1320631  0.0939170  0.0843056  0.0642811  0.0416144  0.0974439  0.1082211  0.0891044  0.0975105  0.1259931  0.1456934  0.1636273  0.1637542  0.1056744  0.0943054  0.1390277  0.1500908  0.1008003  0.0965894  0.0542990  0.0537795  0.0274615  0.0240513  0.0673907  0.0651174  0.1319291  0.1391749
 2  0.0255619  0.0171283  0.0155117  0.0095735  0.0068208  0.0183224  0.0225739  0.0200159  0.0213389  0.0274874  0.0323963  0.0331815  0.0298084  0.0187342  0.0179373  0.0278890  0.0312952  0.0202167  0.0192882  0.0113390  0.0107188  0.0054020  0.0050016  0.0140584  0.0135096  0.0274702  0.0300419
 3  0.1220465  0.1163643  0.1379682  0.0890924  0.0851747  0.1780470  0.1543422  0.0895103  0.0849284  0.1250668  0.1171062  0.1268821  0.1541278  0.0687604  0.0762784  0.1132687  0.1198139  0.0877727  0.0852327  0.0805225  0.0837989  0.0469365  0.0549513  0.0903846  0.0822034  0.0949706  0.1020158
 4  0.0476083  0.0354864  0.0477537  0.0503442  0.0406048  0.0250069  0.0251308  0.0392831  0.0375336  0.0313705  0.0298839  0.0404814  0.0426147  0.0342658  0.0327519  0.0302815  0.0314473  0.0403113  0.0379183  0.0352572  0.0449615  0.0327047  0.0335658  0.0398524  0.0389810  0.0364791  0.0379474
 1  0.1123856  0.0840909  0.0782374  0.1810380  0.2293028  0.3128107  0.3015010  0.1751875  0.1443314  0.1810773  0.1964780  0.0850212  0.0858043  0.1357438  0.1446533  0.2107105  0.2135652  0.1194596  0.1044901  0.1261749  0.1230768  0.1746294  0.1720475  0.1979356  0.2135783  0.2960719  0.3694205
 2  0.0216566  0.0157973  0.0149167  0.0371621  0.0493880  0.0592724  0.0425691  0.0267764  0.0229878  0.0320246  0.0383481  0.0175172  0.0170521  0.0266212  0.0285589  0.0393878  0.0377874  0.0204641  0.0193689  0.0233807  0.0234904  0.0324154  0.0317936  0.0363278  0.0398571  0.0563315  0.0714691
 3  0.1039106  0.1236738  0.1274960  0.1459433  0.1312377  0.0866501  0.0900644  0.0755349  0.0998860  0.1584524  0.1433382  0.0835818  0.0807510  0.1619386  0.1392607  0.1206100  0.1228723  0.0875617  0.0885863  0.1512939  0.1531221  0.1249220  0.1208775  0.1698227  0.1513703  0.1209879  0.1249039
 4  0.0408804  0.0347276  0.0315956  0.0261307  0.0315757  0.0467739  0.0432285  0.0385692  0.0412183  0.0336916  0.0302645  0.0346696  0.0381410  0.0404538  0.0345803  0.0376318  0.0381583  0.0390985  0.0408336  0.0389018  0.0378917  0.0345960  0.0325570  0.0390161  0.0354253  0.0316155  0.0359071
