2019 2020 2021 2022 2023 2024 2025 2026 2027 2028 2029 2030 2031 2032 2033 2034 2035 2036 2037 2038 2039 2040 2041 2042 2043 2044 2045
  25959.53   26051.37   25494.35   24603.35   37456.99   58102.51   59980.27   55000.24   40989.76   29552.62   23804.45   20359.69   21271.40   20559.84   17727.39   17296.52   16401.55   13427.62   12916.24   16040.23   22619.18   29220.85   30813.09   36098.68   40507.53   41206.55   32615.85
  26666.73   26817.68   26998.51   26332.49   23119.23   23130.64   27204.87   28904.79   29472.16   31425.96   32088.95   32585.71   34220.47   34940.04   35361.57   33370.40   39836.78   51095.51   55079.25   55051.69   37828.97   23742.42   19365.49   13420.64   13063.95   13875.34   16909.29
  27337.97   27563.26   26192.51   27273.73   30647.32   31115.91   24336.14   20456.27   22017.70   21843.91   20898.28   21017.51   22113.73   21990.53   24618.07   27493.82   27091.09   27336.32   27397.51   27219.56   25794.72   22920.23   19457.96   19805.39   27394.34   33778.41   34816.38
  27375.08   27902.26   30677.51   32890.95   29377.56   25509.59   25372.45   26226.07   33298.77   44443.61   50832.62   57133.90   61971.14   61273.83   58248.54   53034.63   48765.84   46092.46   39681.91   35936.59   39931.50   45614.58   43155.87   36455.41   29568.47   23819.77   22047.72
  27413.16   27422.00   27258.38   27571.44   31035.55   36093.93   36388.12   36216.18   31338.58   26936.09   20609.01   12423.20   18123.81   26609.70   31862.43   34511.05   28634.92   21849.43   22355.31   26264.33   29352.48   30317.02   25562.40   19697.17   13811.54    9478.86   13336.04
  27916.22   27932.99   25788.80   24323.94   22187.60   19115.95   18133.27   19995.41   27598.35   33770.44   32012.99   27910.53   27875.12   28816.60   28839.75   27740.96   24048.45   20314.02   19440.29   18740.60   21265.64   27787.32   32526.78   33376.12   29372.71   28976.90   33819.76
  25293.69   25675.19   24515.15   24483.35   27710.94   27666.57   24552.95   21479.11   19709.86   17927.04   16234.90   17892.78   23211.18   27612.31   29357.73   29702.64   24982.47   19375.47   24569.27   36623.19   47432.75   57297.48   64613.72   67109.58   58834.34   47796.14   39913.15
  26166.07   25622.66   28673.40   30219.24   29383.99   28013.82   29077.20   34589.03   37346.53   41045.87   46641.04   48128.16   38466.62   27976.38   24119.05   20431.58   31790.93   50636.54   55803.85   56652.80   44335.47   29004.76   21378.65   14800.98   17917.27   23441.41   33857.62
  26381.36   26438.13   25054.88   23032.81   18722.32   16174.67   17933.28   22723.74   36484.89   51319.71   54517.22   51944.39   43949.27   36638.17   31489.63   25201.31   21714.82   20978.99   22617.04   23068.55   25486.88   28471.58   29145.23   47164.68   79083.42   99498.57  101143.73
  25129.66   25193.12   24099.96   27202.44   33181.36   33809.73   30424.63   27701.42   24968.46   23111.78   23250.03   23363.37   22651.49   24534.50   29700.33   38014.60   46121.32   49956.68   44410.65   36015.79   29039.50   23751.52   17874.34   12915.44   16437.25   20910.57   22130.99
  27619.19   27734.69   29180.35   29907.79   29889.49   30054.77   31751.40   33290.03   30029.81   26486.04   25682.90   29758.33   37715.76   43347.66   44685.40   45007.89   43815.11   42740.94   38858.20   33177.73   31776.96   29988.84   26990.48   24394.07   22678.78   20989.50   19441.21
  24999.65   25065.38   25317.82   26320.68   25965.68   23810.11   20698.95   17460.95   15874.66   15141.86   19751.48   28931.50   42279.01   54864.16   55246.73   51597.75   39181.51   28923.77   26637.23   26240.43   32739.72   36859.63   38774.89   48658.71   56331.41   59122.59   56305.37
  23892.22   23434.10   23473.96   22273.75   26359.08   33030.26   35039.33   33229.40   32002.99   28747.76   24580.88   21714.08   19480.51   17759.58   16540.56   15735.23   15811.76   19502.21   25877.35   28772.14   29296.79   28698.74   26618.64   25211.59   23370.45   31427.17   43701.01
  24949.98   25151.37   24305.45   23032.24   18705.08   17993.86   22914.94   26526.76   23138.56   19212.12   22978.77   29411.71   32714.65   32835.61   29170.67   25697.39   29882.87   33712.78   41601.05   54175.36   58318.57   55624.00   41146.91   27641.77   23330.59   19856.80   19628.49
  22802.38   22249.88   21956.97   22803.31   28170.77   32220.56   31621.55   28820.76   23861.31   18567.91   16296.64   25277.71   40078.45   47200.23   44687.20   38983.48   34133.79   29638.30   25077.69   23774.76   24990.11   25122.80   25411.48   25723.35   27988.48   32261.10   36765.30
  24653.49   24614.47   24234.16   22960.33   24344.59   27657.40   27232.77   27477.47   27836.75   28555.27   33546.50   36508.66   35361.83   33421.14   31696.56   30735.39   46198.31   69133.34   77565.20   74841.47   60571.06   46768.70   34297.43   26276.70   29858.79   34711.17   43161.55
  25237.80   25258.33   23869.24   23334.17   27300.58   31332.22   29925.50   26954.82   27495.55   29365.95   30696.97   30762.09   32352.50   44538.49   60127.27   64740.22   55565.56   48294.45   44344.33   41866.89   37189.97   30356.98   22245.25   13815.37   15384.42   19276.02   22638.64
  29448.01   29880.41   30070.99   32793.20   33685.45   34981.83   38820.10   38984.44   30919.56   22267.95   21068.56   22470.53   23766.02   27092.39   28372.15   29674.95   34202.51   35974.80   35876.09   43364.77   52823.82   57463.25   56576.29   51398.66   40397.09   37514.74   43887.44
  26177.49   26590.86   25935.01   24133.52   14935.78    8510.82   10301.30   12579.86   14724.63   16059.31   19008.06   22371.02   22619.15   22554.80   22475.78   24125.15   26212.31   26713.55   26439.82   27471.95   28194.40   26248.85   23006.07   22252.30   24266.17   27685.77   31948.40
  26270.83   25684.57   25832.15   28603.91   32870.49   35030.97   32871.45   28171.00   22674.60   25497.46   37387.67   43980.23   42911.31   42440.11   43018.26   43184.78   35007.32   26871.95   19512.88   15723.23   19420.64   20320.54   17550.40   13290.93   13529.95   13755.46   17389.55
  29044.42   28804.22   28283.25   27065.94   25926.83   24209.98   26168.60   30166.09   35509.77   43856.65   51151.49   56864.64   55073.00   50977.19   43474.66   36162.72   27174.48   18041.26   14677.83   14122.45   19318.38   25118.14   27686.37   29073.03   28429.19   31563.52   38666.42
  27952.23   28601.36   28304.03   27629.84   29894.09   32888.69   33405.01   31393.77   26294.34   23165.85   29060.05   36401.81   37620.80   36664.82   30022.03   23563.66   20305.60   18017.76   19601.52   21196.48   23456.60   28810.01   33782.72   35312.93   33668.86   31032.02   30180.27
  25266.52   24941.75   24625.60   27633.41   28934.74   26274.02   19921.10   19394.42   19938.00   19040.21   20760.63   21977.17   17340.65   13868.82   24397.37   37001.40   37191.26   32638.53   32868.51   31945.92   30748.56   29305.20   31223.66   33408.80   30864.45   27064.26   24443.30
  26685.80   27043.85   26693.65   24922.20   22367.37   21153.42   24172.44   26587.13   27067.07   26307.83   24377.17   21194.95   19883.53   19400.14   25848.35   36570.49   48680.20   81184.21  120419.47  141184.42  116540.19   82557.48   57279.64   34096.42   29519.44   28725.82   33741.36
  29213.68   29706.20   28873.63   30372.52   31912.22   33002.48   30366.83   25680.04   19441.89   14236.68   17141.89   23290.91   30255.23   34783.24   32918.45   33044.97   35396.31   35956.16   35221.99   33236.41   29931.30   38325.83   52308.64   53574.98   44368.26   34774.66   30931.25
  28456.26   28346.14   29144.87   29522.56   27505.38   23743.09   17937.71   15671.98   19218.93   24125.38   28172.56   35247.76   46295.01   52585.18   52272.05   50406.52   48155.00   44109.54   39234.53   35236.60   31907.96   30894.45   30917.57   28747.95   27493.06   27284.90   28048.07
  27992.40   27615.38   28497.51   29375.60   29051.17   28482.79   27139.44   25245.75   26032.95   25998.29   29031.03   36682.32   40348.03   39330.75   36400.37   33717.55   31734.61   29340.72   27772.16   27244.87   27084.20   27492.63   28981.05   30310.88   33117.31   39174.43   42155.03
  25257.70   25172.50   26007.24   28983.44   34410.56   43539.81   49911.62   49175.57   40831.35   34209.69   32696.82   31267.29   30109.75   30014.58   29261.66   26830.59   22639.13   21252.28   24630.30   34176.50   47118.38   55831.67   62465.35   66249.56   58514.08   48285.21   35906.21
  27373.46   27647.46   27883.54   27406.78   23700.57   21007.24   20960.74   23044.73   27557.08   31979.37   37535.78   39801.50   34012.85   27737.42   26765.31   26875.73   28255.26   31497.44   38295.61   47101.78   48935.50   49321.66   46459.97   39678.41   38346.71   40320.50   46043.63
  30096.56   30971.34   29780.15   27461.09   25990.69   23539.86   18013.78   14349.77   16874.18   23692.62   32993.55   37190.16   34814.90   31327.45   23769.85   17889.38   19354.01   23901.31   30600.42   34511.01   32792.74   31248.81   24793.42   19171.95   25161.57   38102.20   50605.00
  24580.27   24581.66   24752.54   24054.66   21816.46   21732.44   28675.77   36209.39   34636.11   29183.03   23620.11   18794.85   19227.23   20316.81   24318.50   31141.52   41192.02   50413.03   47864.33   41310.56   35214.86   31363.81   31219.06   28967.92   28305.95   28223.97   29503.33
  30138.69   30885.72   29459.94   28033.67   29767.43   30965.30   29448.58   27523.90   31389.43   39487.42   44196.67   49569.13   50981.65   48923.38   46338.01   45009.06   43763.51   39460.95   34170.81   29710.63   25889.81   24557.79   26452.89   27228.37   25584.46   26868.76   30973.23
  26759.69   26880.70   19558.93   13363.00   12725.97   12212.22   12644.30   15242.15   20728.27   23987.28   25285.37   28205.98   31566.32   34674.19   34325.04   30142.52   29746.46   33610.17   36444.33   36641.04   29520.44   32505.02   48097.68   53968.61   49483.95   41190.39   33618.17
  26581.09   26545.55   28319.25   33736.88   39020.62   40173.40   42281.20   44021.35   43087.01   42194.58   38124.64   32108.40   19289.42    9472.88    5472.17    2499.47    6405.56   17564.43   30351.54   41789.87   49879.83   52844.74   47140.52   39746.82   35487.56   36525.13   38163.35
  24226.29   23885.80   27066.78   29953.03   30365.25   32056.88   36837.57   39621.01   49305.46   62643.15   65432.55   64142.05   58444.53   49968.29   42446.71   40446.62   43617.71   44684.97   42217.06   40719.94   38676.37   37084.55   40491.32   40976.02   36990.45   32563.71   26120.66
  26100.86   26523.31   27812.21   32197.82   36024.04   35272.06   32247.26   33009.65   32371.51   29987.77   28416.93   25934.71   22059.04   20261.67   22941.72   26310.60   27020.56   26388.71   22951.84   20123.75   18221.45   18908.95   26625.94   34588.02   42034.94   52336.84   57458.85
  29053.97   29015.13   25930.16   22374.42   23271.65   27468.25   29807.55   30369.93   34054.28   45804.82   54871.54   53603.75   49721.16   45174.64   32981.01   22412.67   19023.69   16823.84   17852.69   17900.23   18015.39   18000.22   17925.45   19992.30   23729.80   25638.54   27335.49
  26783.24   26992.21   26078.91   24014.97   23930.37   24172.49   26942.64   31767.50   35918.07   39708.55   37691.83   33552.39   25645.39   20327.05   23035.82   25561.64   26910.05   29592.93   34297.07   35638.95   34652.65   37604.27   41502.36   46201.41   43977.03   37365.70   30651.77
  25371.65   25493.70   26452.17   28813.80   30252.39   30515.96   27705.20   23059.37   20336.50   17945.87   18470.27   27241.98   37400.51   39598.85   37232.39   33765.17   30487.41   27998.60   27799.40   29068.85   30130.04   29879.86   28786.59   28636.03   28143.79   26029.51   24199.15
  22355.18   22021.23   22748.30   24001.18   23218.96   21782.92   31197.35   45090.95   45086.96   38892.81   31715.23   27111.11   29437.73   28768.64   27018.92   25616.98   23897.45   21811.45   20892.41   20413.41   20034.72   20139.59   25316.41   33460.94   37941.27   39102.98   36050.52
  23426.02   23556.33   22381.86   20798.00   20980.59   21046.67   19155.09   16983.68   16671.29   20485.05   26756.98   29485.83   29902.33   30544.14   28767.38   25759.28   25837.50   25988.36   30825.98   37071.29   39619.41   40151.64   37050.93   35603.08   35909.64   33224.78   27316.35
  26696.18   26881.07   24251.86   21028.62   19941.09   22255.50   26351.66   30148.21   32207.71   32312.10   30879.06   30683.35   31617.70   30901.45   22734.96   20186.58   25478.89   25497.88   25548.76   26474.63   24638.75   22069.36   23419.45   23932.17   24598.46   27243.46   28902.27
  31453.20   32108.03   28322.61   25688.33   26868.44   30705.46   33186.34   30625.25   28939.67   27405.64   28674.89   28775.70   26577.46   24271.08   25907.63   27606.77   25336.61   22789.47   20080.55   18402.59   18765.65   19455.10   20150.35   20456.55   23785.34   30716.03   37209.33
  25152.40   24404.06   23758.42   28641.36   38361.85   41603.11   35798.18   42216.10   60731.59   69707.29   69682.91   64427.53   54434.14   46420.38   43167.99   42226.33   40215.71   46808.08   65183.12   76485.70   74994.27   70937.06   64441.21   55819.59   45410.62   36222.31   30334.64
  24973.46   24934.25   23141.18   21167.53   15355.98    9160.11   12809.77   18531.45   23801.95   28941.56   29689.95   27428.36   23315.11   23776.89   36026.69   48593.75   47130.24   41185.23   30217.63   38574.49   63996.38   76041.00   67553.37   58688.90   49469.52   36974.98   31475.17
  25543.06   25011.68   23905.45   22158.79   22238.79   23088.46   22247.27   19978.32   17714.87   20781.94   27920.23   30838.96   29987.23   28928.18   27919.53   27772.70   28698.17   30913.65   29481.42   26467.44   21416.63   17047.56   17492.53   23945.85   34236.95   39339.27   34522.60
  23836.90   23187.76   22317.11   21541.23   20735.17   20710.93   20955.72   27336.39   38998.52   44830.25   41627.96   40338.93   48676.21   54967.01   49428.99   41187.00   32096.61   25244.92   22737.09   20751.79   24272.54   28402.37   30196.25   40592.53   48955.14   49836.98   47770.46
  27623.98   28026.18   27873.93   26628.80   26256.40   24736.32   21508.97   24816.29   34679.45   40025.51   39758.11   39076.30   36313.63   33517.13   30737.72   27450.73   25886.48   27991.64   31811.88   32692.28   32777.33   32934.72   32100.79   29069.71   24454.67   23707.37   26069.09
  24735.90   24440.86   25565.26   34710.16   48501.85   54347.62   48299.04   41230.64   40101.23   39439.45   32569.74   29118.18   29800.93   30253.75   32741.88   33430.99   30848.93   28929.72   29898.16   29077.33   31320.24   35127.91   38803.94   42942.26   44268.25   45601.32   41777.60
  28855.99   29131.48   29566.71   28088.06   21534.13   18158.80   22708.95   28763.32   34855.11   39103.65   34197.51   28080.02   30078.67   32660.10   29826.74   28676.98   28638.88   29637.32   32346.92   34830.74   34874.02   34900.97   34884.83   34485.73   30873.54   26568.19   20638.86
