FL 2019 2020 2021 2022 2023 2024 2025 2026 2027 2028 2029 2030 2031 2032 2033 2034 2035 2036 2037 2038 2039 2040 2041 2042 2043 2044 2045
 1  0.1254765  0.1113135  0.1196668  0.1323846  0.1441163  0.1021887  0.0889889  0.1597217  0.2103930  0.2532159  0.4698874  0.1721668  0.1513287  0.1519807  0.2576576  0.0993001  0.0669752  0.1281739  0.2607432  0.0110699  0.0053132  0.0447455  0.0462440  0.1012425  0.0624878  0.1352542  0.1323643
 2  0.0238751  0.0211859  0.0233590  0.0271485  0.0220380  0.0160134  0.0159259  0.0324068  0.0471706  0.0567210  0.0842338  0.0201336  0.0203096  0.0214341  0.0286730  0.0105222  0.0088362  0.0189359  0.0258879  0.0010734  0.0006367  0.0058892  0.0066864  0.0110168  0.0080396  0.0212359  0.0240042
 3  0.1162273  0.2214704  0.1794286  0.1672077  0.1403138  0.1927434  0.1588551  0.1819227  0.2382311  0.3800478  0.7289567  0.9990000  0.9990000  0.9990000  0.9990000  0.9990000  0.9990000  0.9990000  0.9990000  0.9990000  0.9990000  0.9426166  0.9556646  0.9990000  0.1521743  0.1909784  0.1828155
 4  0.0444602  0.0325771  0.0248214  0.0521860  0.0434854  0.0432906  0.0290859  0.0337425  0.0500736  0.0732308  0.0891057  0.1010530  0.1151642  0.1807321  0.1973151  0.1406465  0.1410183  0.2270754  0.2229151  0.1145719  0.0784327  0.0718485  0.0892634  0.0614238  0.0371195  0.0349161  0.0444981
 1  0.1220670  0.1254239  0.1338365  0.2044932  0.2618182  0.1846368  0.1825111  0.1142049  0.1101116  0.1030997  0.0977223  0.0628043  0.0611958  0.0657064  0.0651063  0.0567954  0.0565501  0.0587441  0.0514054  0.2806450  0.4295506  0.4435030  0.8187494  0.3062190  0.2941528  0.0169372  0.0105545
 2  0.0232303  0.0240070  0.0264025  0.0418981  0.0548581  0.0336047  0.0309736  0.0202564  0.0191752  0.0185306  0.0189774  0.0123317  0.0125064  0.0134467  0.0131420  0.0119043  0.0094759  0.0099703  0.0096150  0.0576098  0.0880633  0.0704631  0.1088934  0.0352394  0.0314075  0.0018348  0.0013075
 3  0.1130934  0.1889989  0.1788224  0.1406444  0.1502788  0.2065232  0.1351000  0.1318487  0.1192442  0.1331021  0.1366169  0.1412474  0.1379860  0.1406613  0.1404254  0.1536882  0.1422553  0.1688957  0.1518869  0.2260063  0.3481650  0.7862695  0.9990000  0.9990000  0.9990000  0.9990000  0.9990000
 4  0.0433681  0.0268649  0.0239987  0.0304196  0.0324256  0.0318326  0.0318896  0.0321605  0.0344308  0.0284589  0.0283234  0.0285311  0.0303815  0.0300526  0.0290456  0.0431322  0.0447508  0.0358581  0.0291268  0.0255183  0.0371025  0.0506923  0.0752059  0.1879601  0.1570838  0.1103369  0.0866693
 1  0.1187765  0.1772624  0.2009347  0.1765592  0.1893329  0.3049909  0.4369032  0.2268580  0.2221037  0.1056473  0.1172106  0.1441385  0.1356645  0.0529242  0.0514503  0.1178433  0.1168747  0.1183792  0.1130533  0.1035648  0.1063300  0.2071822  0.2875559  0.1159724  0.0705316  0.0757757  0.0637018
 2  0.0226444  0.0340864  0.0392367  0.0329900  0.0351325  0.0586584  0.0798487  0.0338034  0.0329065  0.0165322  0.0193389  0.0212032  0.0179831  0.0079324  0.0075477  0.0184120  0.0178732  0.0185260  0.0177149  0.0169622  0.0189039  0.0381038  0.0464415  0.0136868  0.0088172  0.0116374  0.0116624
 3  0.1100329  0.1905803  0.1780757  0.1736417  0.1971313  0.1951917  0.2811240  0.4547546  0.4456222  0.4673667  0.5125902  0.6249220  0.6085141  0.4983282  0.4784180  0.4147086  0.4066151  0.3769521  0.3567383  0.3344661  0.3370635  0.3988754  0.5678559  0.6994634  0.1651961  0.0963163  0.0778972
 4  0.0423910  0.0271299  0.0271915  0.0276201  0.0246350  0.0246270  0.0310294  0.0337554  0.0342640  0.0408119  0.0493613  0.0455577  0.0368642  0.0403758  0.0356931  0.0353463  0.0326358  0.0319246  0.0300873  0.0311760  0.0375139  0.0462323  0.0484859  0.0335445  0.0414225  0.0376253  0.0441718
 1  0.1193897  0.0679200  0.0664833  0.1698398  0.2149372  0.1642091  0.2108904  0.0771743  0.0721020  0.0321556  0.0238345  0.0490365  0.0446884  0.0578873  0.0627535  0.0873872  0.0989689  0.1572907  0.1906957  0.1380080  0.1285467  0.1519563  0.1574368  0.2038222  0.3116560  0.1964428  0.3145645
 2  0.0226910  0.0129094  0.0133442  0.0358831  0.0456045  0.0345197  0.0408306  0.0134258  0.0103048  0.0048452  0.0042010  0.0089365  0.0087257  0.0122582  0.0139118  0.0198207  0.0208895  0.0327443  0.0369981  0.0253779  0.0207928  0.0257786  0.0290706  0.0404795  0.0604892  0.0298448  0.0406673
 3  0.1105887  0.1465722  0.1422782  0.1693551  0.1631822  0.2153698  0.2787245  0.3487528  0.1244750  0.1286085  0.1380331  0.1655962  0.1402959  0.1512351  0.1461567  0.1524910  0.1534608  0.2171304  0.2186486  0.1282800  0.1365925  0.2523439  0.2545631  0.3161718  0.4863107  0.9958265  0.9990000
 4  0.0420011  0.0366802  0.0317595  0.0250070  0.0236570  0.0309728  0.0332009  0.0349146  0.0390775  0.0325290  0.0338322  0.0358609  0.0308523  0.0313240  0.0304119  0.0279068  0.0309854  0.0267674  0.0303734  0.0394833  0.0384939  0.0292279  0.0365163  0.0519791  0.0711498  0.0921333  0.1175873
 1  0.1189860  0.1082440  0.1129381  0.1383500  0.1541287  0.1879809  0.2014640  0.3323748  0.4152472  0.3976308  0.5241108  0.2293542  0.2678173  0.0493736  0.0305222  0.1493588  0.1516453  0.2068048  0.2462666  0.1069743  0.0925862  0.2062649  0.2476209  0.3405613  0.5418843  0.1603240  0.1156407
 2  0.0231473  0.0209637  0.0225407  0.0281370  0.0288218  0.0346805  0.0356471  0.0596563  0.0681665  0.0640244  0.0909962  0.0354383  0.0248316  0.0062460  0.0046014  0.0265460  0.0307422  0.0466373  0.0449657  0.0181622  0.0173425  0.0421825  0.0536505  0.0760735  0.1130522  0.0221473  0.0148381
 3  0.1099257  0.1764408  0.1739694  0.1460563  0.1502456  0.1670819  0.1733455  0.1866061  0.2027715  0.2389678  0.3066614  0.7381530  0.9799241  0.0726041  0.0894183  0.0671400  0.0668103  0.0747921  0.0915939  0.0929878  0.0776306  0.0770701  0.0924393  0.1212321  0.1942920  0.4134406  0.3036931
 4  0.0434759  0.0253780  0.0255336  0.0348562  0.0370887  0.0277261  0.0300718  0.0298496  0.0320859  0.0380801  0.0595525  0.1079705  0.0536389  0.0376096  0.0365892  0.0383228  0.0472761  0.0619120  0.0424357  0.0280485  0.0308417  0.0364534  0.0457882  0.0621917  0.0836306  0.0834313  0.0558861
 1  0.1162521  0.1743033  0.1976539  0.2600499  0.3395147  0.2870877  0.4482404  0.1682541  0.1022988  0.0746353  0.0674749  0.0622502  0.0746712  0.0966982  0.0977183  0.1139718  0.1377697  0.1213239  0.1857746  0.0414040  0.0384798  0.0548886  0.0334592  0.1413519  0.1676264  0.0533086  0.0410976
 2  0.0225599  0.0339334  0.0389211  0.0509957  0.0643723  0.0524996  0.0735200  0.0184208  0.0119437  0.0107274  0.0114883  0.0116790  0.0132404  0.0157551  0.0150868  0.0185037  0.0239525  0.0195489  0.0225508  0.0053669  0.0043655  0.0061167  0.0047378  0.0235026  0.0266299  0.0074897  0.0063189
 3  0.1074261  0.1848124  0.1841752  0.1818312  0.2385582  0.3563540  0.5627850  0.9922568  0.5975709  0.3683752  0.3184669  0.3568579  0.4344220  0.4673557  0.4738396  0.4701307  0.5573317  0.8805353  0.9990000  0.9990000  0.9990000  0.7637356  0.4393461  0.3743575  0.4480246  0.4554870  0.3445308
 4  0.0426515  0.0270040  0.0260198  0.0271186  0.0334890  0.0485997  0.0610051  0.0500512  0.0343886  0.0329220  0.0410410  0.0533456  0.0524352  0.0488396  0.0461216  0.0524819  0.0722083  0.0930673  0.0894186  0.0947207  0.0674714  0.0398942  0.0381463  0.0458316  0.0457622  0.0362028  0.0344050
 1  0.1297236  0.2047868  0.2286247  0.1329880  0.1367028  0.0949590  0.1141423  0.0971114  0.1245313  0.1064473  0.1547519  0.0866904  0.0489184  0.0350527  0.0293839  0.1720718  0.2040526  0.1253422  0.1361886  0.0399629  0.0244056  0.0566024  0.0494450  0.1241690  0.1463354  0.1160976  0.1520027
 2  0.0243926  0.0381699  0.0432529  0.0245729  0.0263168  0.0195996  0.0249233  0.0212528  0.0261730  0.0212564  0.0272447  0.0096881  0.0059098  0.0050726  0.0049685  0.0316135  0.0387297  0.0240102  0.0157263  0.0051788  0.0037742  0.0096917  0.0091784  0.0257190  0.0324713  0.0266952  0.0354988
 3  0.1204050  0.1818353  0.1827867  0.1347278  0.1380019  0.1537288  0.1834786  0.2382048  0.3076110  0.4202674  0.6197142  0.8622341  0.4860469  0.3003472  0.2432318  0.2373294  0.2826369  0.3786927  0.4491400  0.0690587  0.0954687  0.1334735  0.1315906  0.1723713  0.1579102  0.1993309  0.2602998
 4  0.0445032  0.0281533  0.0264236  0.0311898  0.0354020  0.0463129  0.0602622  0.0745784  0.0874729  0.1114708  0.1288305  0.0762637  0.0520003  0.0471560  0.0528858  0.0577285  0.0707115  0.0964143  0.0406900  0.0454375  0.0396873  0.0355714  0.0315551  0.0260165  0.0261873  0.0348808  0.0456116
 1  0.1244105  0.0413573  0.0398832  0.0476776  0.0541256  0.1213481  0.1542714  0.2383481  0.2416227  0.1204267  0.1065292  0.2376426  0.2944504  0.2038248  0.2863253  0.1251582  0.0994184  0.1150770  0.0818819  0.3010060  0.3748999  0.3149320  0.5045650  0.1766644  0.1725987  0.0595133  0.0348647
 2  0.0246932  0.0080751  0.0081449  0.0104282  0.0127202  0.0294526  0.0298098  0.0407959  0.0367419  0.0184465  0.0177748  0.0432627  0.0574080  0.0390178  0.0513778  0.0185868  0.0084843  0.0150012  0.0134396  0.0541867  0.0693517  0.0593415  0.0925401  0.0224052  0.0210916  0.0066363  0.0039403
 3  0.1146225  0.1407042  0.1287163  0.1319025  0.1483208  0.1804661  0.1398450  0.2739728  0.2633258  0.2716148  0.2798439  0.1883278  0.2311406  0.3511533  0.5000093  0.8359797  0.1713149  0.1839877  0.1729052  0.1780840  0.1959620  0.2800860  0.4498493  0.9990000  0.9990000  0.9990000  0.0602502
 4  0.0469218  0.0356249  0.0311612  0.0371470  0.0475748  0.0588161  0.0349474  0.0357863  0.0371606  0.0325763  0.0275841  0.0232839  0.0320865  0.0451247  0.0562432  0.0665566  0.0476984  0.0361936  0.0323348  0.0292977  0.0253679  0.0384258  0.0572730  0.0759701  0.0706317  0.0496251  0.0434542
 1  0.1237088  0.1965694  0.2231878  0.3125919  0.4572384  0.3196197  0.3871849  0.0436039  0.0228686  0.0635330  0.0493576  0.1326778  0.1523036  0.1342123  0.1631854  0.1231579  0.1769515  0.0835510  0.0769164  0.0538457  0.0531667  0.0444223  0.0407668  0.0407518  0.0155480  0.0633714  0.0591165
 2  0.0237626  0.0374854  0.0429503  0.0617363  0.0863060  0.0498995  0.0552321  0.0049077  0.0027538  0.0091947  0.0084349  0.0259578  0.0321177  0.0293192  0.0369763  0.0278309  0.0379871  0.0128381  0.0112319  0.0080224  0.0072012  0.0063917  0.0065757  0.0042843  0.0021020  0.0105589  0.0116152
 3  0.1145732  0.1834093  0.1757479  0.1801604  0.2644141  0.4725403  0.5824822  0.6714335  0.1438885  0.1838700  0.1788294  0.1539945  0.1399148  0.1643178  0.1988861  0.2801327  0.4065409  0.6484644  0.6137348  0.6120856  0.6220852  0.4964286  0.0910745  0.0620993  0.0851428  0.1401284  0.1302197
 4  0.0440699  0.0274973  0.0235059  0.0238554  0.0313808  0.0394602  0.0423860  0.0304707  0.0434835  0.0381931  0.0327382  0.0289133  0.0296241  0.0354841  0.0469545  0.0649303  0.0839604  0.0680065  0.0656675  0.0693179  0.0563464  0.0521460  0.0691447  0.0498947  0.0457884  0.0287210  0.0260059
 1  0.1300004  0.1813853  0.2013312  0.1694150  0.1610561  0.0975706  0.1167470  0.1129169  0.1397996  0.1066188  0.1132860  0.0793602  0.0870847  0.0883618  0.0622284  0.0620077  0.0427430  0.1342969  0.1437396  0.1613904  0.2340788  0.3850244  0.7461630  0.1722812  0.1089524  0.0566105  0.0564650
 2  0.0246276  0.0342159  0.0385570  0.0296651  0.0290588  0.0193595  0.0256003  0.0245942  0.0287227  0.0190326  0.0178705  0.0127837  0.0150125  0.0120556  0.0082839  0.0087150  0.0067191  0.0241508  0.0291047  0.0363425  0.0535132  0.0732701  0.1026578  0.0185297  0.0106314  0.0072654  0.0084776
 3  0.1205402  0.1882550  0.1917034  0.1453810  0.1386687  0.1468177  0.1734821  0.2316840  0.2915205  0.3739510  0.4078457  0.4001931  0.4315647  0.5207211  0.1512692  0.1750070  0.1670421  0.1605361  0.1688158  0.2083589  0.3025657  0.5204017  0.9990000  0.9990000  0.9990000  0.8676423  0.8185040
 4  0.0455741  0.0290666  0.0286734  0.0357193  0.0382088  0.0513316  0.0731226  0.0849531  0.0950653  0.0934659  0.0845635  0.0911025  0.1146039  0.0803549  0.0444594  0.0438400  0.0354401  0.0316929  0.0418833  0.0610315  0.0838774  0.0969991  0.1222605  0.1917865  0.1022512  0.0875901  0.1159924
 1  0.1180277  0.0938898  0.0968890  0.1116457  0.1283888  0.1426563  0.1587374  0.1351058  0.1468647  0.1397848  0.1599329  0.1116336  0.0718924  0.1541769  0.1472840  0.1420563  0.1474198  0.1657117  0.1734205  0.1042767  0.1171709  0.1878041  0.2349665  0.1258389  0.1464225  0.1829199  0.2416472
 2  0.0228373  0.0181486  0.0194523  0.0232801  0.0267274  0.0294437  0.0299919  0.0253358  0.0297407  0.0281313  0.0311994  0.0165893  0.0108885  0.0256037  0.0253717  0.0259668  0.0291335  0.0320684  0.0334799  0.0204102  0.0237002  0.0372990  0.0412634  0.0210181  0.0249304  0.0295028  0.0323146
 3  0.1090697  0.1733924  0.1495347  0.1576471  0.1705761  0.1333744  0.1528815  0.1555985  0.1655737  0.2053584  0.2385484  0.1233652  0.1612464  0.1685506  0.1422941  0.1489787  0.1561085  0.1555376  0.1828970  0.2063430  0.2313938  0.2789647  0.3566632  0.4223471  0.4846800  0.6511775  0.8954664
 4  0.0428520  0.0318237  0.0259326  0.0250396  0.0258133  0.0308648  0.0329529  0.0351650  0.0456601  0.0521054  0.0559202  0.0449981  0.0315967  0.0381708  0.0334557  0.0340875  0.0340279  0.0274285  0.0276102  0.0326243  0.0392444  0.0439806  0.0435313  0.0500124  0.0613696  0.0720824  0.0687615
 1  0.1305073  0.1430011  0.1530711  0.1888639  0.2193574  0.2173175  0.3113871  0.2650103  0.5195131  0.0888673  0.0704071  0.0415918  0.0225248  0.0933257  0.0857795  0.1777594  0.2243795  0.2405474  0.2836439  0.1093198  0.0868238  0.1051452  0.0983624  0.1733144  0.1261105  0.1740891  0.1796765
 2  0.0247657  0.0269414  0.0295146  0.0363796  0.0423510  0.0425178  0.0603955  0.0461187  0.0601405  0.0111661  0.0069563  0.0049361  0.0029622  0.0149061  0.0156870  0.0363144  0.0496959  0.0477503  0.0503105  0.0162206  0.0130733  0.0175933  0.0174106  0.0263536  0.0206098  0.0299778  0.0322343
 3  0.1209417  0.1934237  0.1671090  0.1804348  0.2099875  0.2682224  0.3846036  0.7287295  0.9990000  0.9990000  0.9990000  0.2163358  0.1678208  0.1879096  0.1616134  0.1658143  0.1796774  0.2533197  0.3071314  0.3662567  0.1796252  0.1646220  0.1596333  0.1349456  0.1646921  0.2106286  0.1806727
 4  0.0457994  0.0299434  0.0250517  0.0250007  0.0297129  0.0399642  0.0561635  0.0861963  0.0840513  0.0927619  0.0468513  0.0469531  0.0385375  0.0288189  0.0271953  0.0335131  0.0260579  0.0268953  0.0279729  0.0241860  0.0355787  0.0345175  0.0467368  0.0417387  0.0394635  0.0305489  0.0269332
 1  0.1355563  0.1824441  0.1967715  0.1272483  0.1420938  0.0816537  0.0754924  0.0461945  0.0512098  0.1199576  0.1689704  0.1747687  0.2131114  0.1727594  0.2169786  0.0999541  0.1122883  0.1276942  0.0488846  0.0547423  0.0520526  0.0951384  0.1065611  0.1999182  0.2180663  0.1277198  0.0641313
 2  0.0258173  0.0347184  0.0383132  0.0259870  0.0263883  0.0145551  0.0141661  0.0094841  0.0117128  0.0304047  0.0402511  0.0340517  0.0348431  0.0273269  0.0331937  0.0135110  0.0159118  0.0110588  0.0058932  0.0084121  0.0091061  0.0178377  0.0204511  0.0356820  0.0320833  0.0145641  0.0094001
 3  0.1255444  0.1350778  0.1534502  0.1195755  0.1271828  0.1452384  0.1317310  0.1332400  0.1459032  0.1760770  0.2502250  0.3452200  0.4275409  0.4958671  0.6187076  0.8592358  0.9576027  0.9990000  0.4285192  0.2645575  0.2440771  0.2545079  0.2853205  0.3309922  0.3747345  0.1393035  0.1481306
 4  0.0485933  0.0312500  0.0304577  0.0308766  0.0373800  0.0340567  0.0361452  0.0450057  0.0591426  0.0832148  0.0890560  0.0889548  0.0847212  0.0990755  0.1156873  0.1252635  0.1592550  0.0746840  0.0506466  0.0532276  0.0627136  0.0697990  0.0788735  0.0767615  0.0608794  0.0462071  0.0330734
 1  0.1307984  0.1695620  0.1840134  0.3453268  0.5315987  0.4899371  0.4610071  0.3094461  0.3234396  0.1822371  0.1650663  0.1177006  0.0784437  0.1805012  0.1996257  0.1501723  0.1475469  0.0607245  0.0516816  0.0831935  0.0732636  0.1940419  0.2701480  0.2263617  0.4165968  0.1274136  0.1277168
 2  0.0245606  0.0317910  0.0352902  0.0681742  0.1005105  0.0642880  0.0565028  0.0415679  0.0480628  0.0247591  0.0190841  0.0150181  0.0119354  0.0316054  0.0388790  0.0283708  0.0236335  0.0103249  0.0080361  0.0135938  0.0134736  0.0403860  0.0615964  0.0489859  0.0676578  0.0157107  0.0176539
 3  0.1213701  0.1809855  0.1870018  0.1901232  0.2939456  0.6226365  0.6072790  0.5432006  0.5550276  0.7596247  0.7235434  0.1946738  0.1794519  0.1493958  0.1629285  0.2018215  0.1492068  0.1526972  0.1379187  0.2097062  0.1809282  0.1858259  0.2571250  0.4735436  0.9131379  0.9990000  0.9990000
 4  0.0453260  0.0291996  0.0242291  0.0239252  0.0337785  0.0352829  0.0314704  0.0341041  0.0431003  0.0477500  0.0329575  0.0422043  0.0357068  0.0394528  0.0515229  0.0542289  0.0365743  0.0417965  0.0410958  0.0317408  0.0217489  0.0288060  0.0453293  0.0689618  0.0768848  0.0945112  0.1168130
 1  0.1425452  0.1759241  0.1910520  0.1954244  0.2114857  0.1096140  0.1153880  0.0918706  0.1279394  0.1588894  0.2718223  0.0206855  0.0076354  0.0809465  0.0850726  0.0976788  0.1315853  0.1759010  0.2566698  0.1421402  0.1213318  0.0701182  0.0810758  0.0476303  0.0471519  0.0462476  0.0306914
 2  0.0270896  0.0331628  0.0365449  0.0362546  0.0360675  0.0191368  0.0220883  0.0193666  0.0292468  0.0334786  0.0313302  0.0019274  0.0010489  0.0139513  0.0170680  0.0223998  0.0311353  0.0368024  0.0404749  0.0177197  0.0160618  0.0102299  0.0122177  0.0064193  0.0057977  0.0054314  0.0039886
 3  0.1320490  0.1744554  0.1887041  0.1873741  0.2091879  0.2097783  0.2154853  0.2632049  0.3639017  0.6381609  0.9990000  0.1364781  0.1609089  0.1926638  0.1977552  0.2335721  0.3142525  0.4616013  0.6993842  0.8964353  0.7558660  0.7146686  0.8171490  0.9990000  0.9990000  0.8477154  0.5516631
 4  0.0507192  0.0276809  0.0279366  0.0323849  0.0301733  0.0337588  0.0431330  0.0631423  0.0970391  0.1308173  0.0830363  0.0397233  0.0302615  0.0216860  0.0292469  0.0415390  0.0527134  0.0593235  0.0557455  0.0487539  0.0470697  0.0546714  0.0659152  0.0681831  0.0583661  0.0410896  0.0329212
 1  0.1323154  0.1439949  0.1549746  0.1247744  0.1469827  0.2281037  0.2527516  0.2501445  0.2505440  0.2146538  0.1883384  0.1444338  0.1533086  0.1610059  0.1831290  0.1099015  0.0752386  0.0706409  0.0585060  0.1188722  0.1467839  0.2564475  0.5022861  0.2442973  0.1881050  0.0843302  0.0614247
 2  0.0251284  0.0271413  0.0298061  0.0252040  0.0296784  0.0433576  0.0447588  0.0414291  0.0420387  0.0336152  0.0281371  0.0237548  0.0274358  0.0290978  0.0323376  0.0174665  0.0091398  0.0102011  0.0099129  0.0231722  0.0327604  0.0607001  0.0896915  0.0286389  0.0213296  0.0118945  0.0089011
 3  0.1226001  0.2004949  0.1795419  0.1580730  0.1477766  0.1712174  0.1693613  0.1943297  0.2360087  0.2386889  0.2197695  0.2876739  0.2621877  0.3042473  0.3493797  0.1448560  0.1387379  0.3308669  0.2883155  0.2046668  0.2494431  0.3718276  0.7588067  0.9990000  0.1686847  0.1756291  0.1781758
 4  0.0466048  0.0299314  0.0254195  0.0313811  0.0364988  0.0294462  0.0322492  0.0298941  0.0327042  0.0364190  0.0319397  0.0276614  0.0258688  0.0289405  0.0313611  0.0579078  0.0493773  0.0369603  0.0264686  0.0192995  0.0293861  0.0444960  0.0482774  0.0483638  0.0429056  0.0434873  0.0417380
 1  0.1289129  0.2032378  0.2307927  0.1451024  0.1575260  0.1570748  0.1644433  0.0909325  0.1014463  0.0672034  0.0624912  0.0641088  0.0632506  0.0592932  0.0370994  0.1214720  0.1390200  0.2060175  0.2334397  0.2055654  0.2234012  0.3094998  0.4516503  0.2096832  0.2897551  0.0747707  0.0540646
 2  0.0243850  0.0384447  0.0441666  0.0275229  0.0289206  0.0284910  0.0311315  0.0179096  0.0195737  0.0120848  0.0112190  0.0118231  0.0114265  0.0086185  0.0059903  0.0229688  0.0302550  0.0450734  0.0437577  0.0372120  0.0426763  0.0619555  0.0886262  0.0371093  0.0357404  0.0091714  0.0081368
 3  0.1195341  0.1819817  0.1698576  0.1650275  0.1562219  0.1663428  0.1725351  0.1999894  0.2243586  0.2351627  0.2186259  0.2097875  0.0845166  0.1430545  0.1784611  0.1387534  0.1206229  0.1370355  0.1241966  0.1484592  0.1413117  0.1752932  0.2583880  0.5025954  0.7371266  0.5540864  0.3750733
 4  0.0452728  0.0276280  0.0250668  0.0366624  0.0356469  0.0269210  0.0315425  0.0393177  0.0399342  0.0359369  0.0347451  0.0358752  0.0481079  0.0481784  0.0386462  0.0244381  0.0264417  0.0401322  0.0380104  0.0321164  0.0261761  0.0346457  0.0470796  0.0776775  0.0545256  0.0427619  0.0452065
 1  0.1102676  0.1079712  0.1133984  0.1526800  0.1718527  0.1360577  0.1363451  0.1791299  0.2256109  0.2099928  0.3089968  0.1041831  0.0951544  0.1456799  0.1228050  0.0721668  0.0599171  0.0659659  0.0630572  0.1116468  0.0830141  0.0737130  0.0730939  0.1147473  0.1465081  0.1205650  0.0944960
 2  0.0212429  0.0209596  0.0229348  0.0303514  0.0338714  0.0253837  0.0248832  0.0348685  0.0475048  0.0449317  0.0467862  0.0145145  0.0149173  0.0209318  0.0182037  0.0107919  0.0093339  0.0118106  0.0120861  0.0183169  0.0138114  0.0132128  0.0144076  0.0253412  0.0357291  0.0223990  0.0161216
 3  0.1019949  0.1585091  0.1529136  0.1870204  0.1885786  0.1563069  0.1650178  0.1679238  0.2082134  0.3199844  0.4963325  0.4813696  0.4186335  0.4393242  0.3740481  0.3291150  0.0885823  0.1250993  0.1310784  0.1528527  0.1916339  0.1778114  0.1560734  0.1675465  0.2121039  0.1155973  0.1435261
 4  0.0398775  0.0376768  0.0316907  0.0302620  0.0287537  0.0323369  0.0327517  0.0397363  0.0580192  0.0860247  0.0629384  0.0594998  0.0679621  0.0560293  0.0518653  0.0464819  0.0340227  0.0291031  0.0406922  0.0379078  0.0286636  0.0276976  0.0231253  0.0304176  0.0447541  0.0423513  0.0328114
 1  0.1249681  0.1369230  0.1445202  0.4043819  0.7690845  0.9185325  0.6181930  0.1800235  0.1553842  0.0779730  0.0707259  0.0409239  0.0426174  0.1300188  0.1244241  0.0399903  0.0334491  0.0652328  0.0807110  0.0330874  0.0276892  0.0675308  0.1476371  0.0119336  0.0060153  0.0414904  0.0306924
 2  0.0235296  0.0257902  0.0281490  0.0837303  0.1591843  0.0923332  0.0707144  0.0209184  0.0192527  0.0100624  0.0072397  0.0053684  0.0066387  0.0171006  0.0143443  0.0048727  0.0045403  0.0093208  0.0106592  0.0040050  0.0038910  0.0105615  0.0180979  0.0011808  0.0007453  0.0049930  0.0039217
 3  0.1159195  0.1800897  0.1634065  0.1859359  0.3527728  0.9990000  0.9990000  0.9990000  0.9990000  0.9990000  0.9990000  0.8941292  0.8760505  0.9990000  0.9990000  0.9990000  0.8788485  0.9109191  0.9990000  0.9990000  0.9604377  0.9990000  0.9990000  0.9990000  0.9990000  0.9543707  0.7054425
 4  0.0433172  0.0282940  0.0239645  0.0313517  0.0601984  0.1124941  0.0977095  0.1152818  0.1111993  0.1229160  0.0736280  0.0649139  0.0929720  0.1032756  0.0820869  0.0665322  0.0682081  0.0783340  0.0830979  0.0718291  0.0808131  0.1323623  0.1772308  0.1037793  0.0774530  0.0573837  0.0479675
 1  0.1235830  0.1405912  0.1523446  0.2046854  0.2240048  0.1539832  0.1697936  0.2093473  0.3384252  0.0632005  0.0308453  0.0563975  0.0523517  0.1194696  0.1159170  0.2262427  0.2650554  0.3901311  0.5822425  0.4156807  0.3186596  0.2797204  0.3286178  0.1998328  0.2899363  0.0771906  0.0695373
 2  0.0244388  0.0275778  0.0304172  0.0391821  0.0387828  0.0273091  0.0332522  0.0449157  0.0660406  0.0067948  0.0040818  0.0092492  0.0100348  0.0238466  0.0214798  0.0426162  0.0500786  0.0734631  0.1041382  0.0495901  0.0417917  0.0408423  0.0509246  0.0298752  0.0348241  0.0099577  0.0073481
 3  0.1139036  0.1621416  0.1429983  0.1864813  0.1810669  0.1819743  0.1958669  0.2615380  0.4294937  0.6529026  0.1383723  0.1432537  0.1339681  0.1327768  0.1573530  0.1806057  0.1610807  0.2009848  0.3027669  0.6283937  0.4836982  0.4472022  0.5242715  0.8077287  0.9990000  0.9990000  0.9990000
 4  0.0466939  0.0358518  0.0340731  0.0321913  0.0304604  0.0344997  0.0472586  0.0738533  0.0878196  0.0450399  0.0349469  0.0277902  0.0289464  0.0317762  0.0319964  0.0264460  0.0268165  0.0328232  0.0448949  0.0424917  0.0409546  0.0474343  0.0620470  0.0883278  0.0861294  0.0947843  0.0582630
 1  0.1114495  0.1062878  0.1127660  0.1255472  0.1498972  0.0717970  0.0843036  0.0882057  0.0761590  0.0424294  0.0343706  0.0860249  0.0848078  0.1212254  0.1364367  0.2064322  0.2755900  0.3286662  0.6103575  0.2152662  0.1743814  0.0410234  0.0333857  0.1103296  0.1154242  0.0967149  0.0654645
 2  0.0220729  0.0212015  0.0231361  0.0267106  0.0319492  0.0152961  0.0165799  0.0159162  0.0122915  0.0069358  0.0061786  0.0162590  0.0168994  0.0253118  0.0295550  0.0457720  0.0623542  0.0727466  0.0934897  0.0266047  0.0195039  0.0056028  0.0053092  0.0190304  0.0194020  0.0143167  0.0097573
 3  0.1026403  0.1649683  0.1676353  0.1511926  0.1801406  0.2227950  0.2627680  0.1239139  0.1318707  0.1425333  0.1353644  0.1560875  0.1522953  0.1448883  0.1242611  0.1446044  0.1927641  0.3151541  0.6178512  0.8424987  0.6801992  0.4083677  0.3135989  0.2971404  0.3130697  0.1426960  0.1600252
 4  0.0426156  0.0270405  0.0227319  0.0223945  0.0261071  0.0328840  0.0318481  0.0376937  0.0400618  0.0353333  0.0310483  0.0318759  0.0314532  0.0273959  0.0237527  0.0286766  0.0402298  0.0618993  0.0566635  0.0579869  0.0380866  0.0345273  0.0368355  0.0397039  0.0371958  0.0414901  0.0393627
 1  0.1170474  0.1174287  0.1231296  0.1265432  0.1467268  0.0959117  0.0974930  0.1966561  0.2582509  0.0451344  0.0415075  0.0702203  0.0599778  0.1448897  0.1689079  0.1805182  0.2317893  0.1436863  0.1480299  0.1256889  0.1172151  0.0869353  0.0619477  0.0587373  0.0593563  0.0605000  0.0668836
 2  0.0222378  0.0223059  0.0242217  0.0258074  0.0293123  0.0185816  0.0196845  0.0421760  0.0518403  0.0082907  0.0066369  0.0116454  0.0107910  0.0291547  0.0367246  0.0395747  0.0487124  0.0255286  0.0239632  0.0199404  0.0174636  0.0125239  0.0100083  0.0106796  0.0122781  0.0132558  0.0145459
 3  0.1084871  0.1873446  0.1851152  0.1560709  0.1533461  0.1267803  0.1276658  0.1413395  0.1874645  0.2331598  0.2164282  0.1321811  0.1350922  0.1265624  0.1460050  0.1850356  0.2391379  0.3289386  0.3452322  0.3381192  0.3182147  0.1617723  0.1827181  0.1565852  0.1555851  0.1745450  0.1948564
 4  0.0409754  0.0270554  0.0251674  0.0344826  0.0347431  0.0300663  0.0343083  0.0434132  0.0459993  0.0497362  0.0348622  0.0320808  0.0275340  0.0326183  0.0413989  0.0505620  0.0588857  0.0590224  0.0544053  0.0530776  0.0435101  0.0357494  0.0338153  0.0372307  0.0474951  0.0540706  0.0563498
 1  0.1287303  0.1214578  0.1283049  0.2917580  0.3410337  0.6056124  0.9990000  0.3539361  0.2823937  0.3495833  0.3532010  0.5365603  0.6684929  0.3969950  0.2762145  0.2056565  0.1798394  0.1076804  0.1174641  0.0943790  0.1079790  0.0504656  0.0516762  0.1171666  0.1214498  0.1370336  0.1832051
 2  0.0248432  0.0232892  0.0252183  0.0544230  0.0598702  0.1074841  0.1411737  0.0430451  0.0425184  0.0522753  0.0502823  0.0783035  0.0943895  0.0487725  0.0289226  0.0278510  0.0290991  0.0192373  0.0220041  0.0180511  0.0203071  0.0089288  0.0084852  0.0192061  0.0207642  0.0247309  0.0287008
 3  0.1190409  0.1859748  0.1870743  0.1742571  0.1986763  0.1858316  0.3593903  0.3771439  0.2794802  0.3033148  0.3140257  0.2953603  0.3710114  0.5243630  0.4207838  0.3515665  0.2442324  0.2380957  0.2592445  0.2907895  0.3327251  0.3882749  0.4018820  0.3759055  0.3850995  0.4508947  0.6152177
 4  0.0466638  0.0268210  0.0290331  0.0310252  0.0271704  0.0304994  0.0295310  0.0307189  0.0361928  0.0366535  0.0340358  0.0344337  0.0405058  0.0432574  0.0375214  0.0239907  0.0217242  0.0256032  0.0286847  0.0330461  0.0361016  0.0375759  0.0335820  0.0323007  0.0369147  0.0484580  0.0464872
 1  0.1219628  0.1302858  0.1399542  0.1309997  0.1653784  0.1400030  0.1707552  0.0868143  0.0932583  0.0832125  0.1007716  0.1450576  0.2249640  0.0443501  0.0372255  0.0350812  0.0198329  0.0771840  0.0432999  0.1506483  0.1734809  0.2240974  0.3444225  0.2164053  0.3918474  0.1121565  0.0912693
 2  0.0230466  0.0247232  0.0273364  0.0269107  0.0362499  0.0280002  0.0290334  0.0136958  0.0147909  0.0130693  0.0160497  0.0219810  0.0232457  0.0058049  0.0036940  0.0043628  0.0026850  0.0098025  0.0063127  0.0263827  0.0353679  0.0525534  0.0873471  0.0502045  0.0623210  0.0135434  0.0113390
 3  0.1131144  0.1979439  0.1699775  0.1933744  0.2417581  0.3575487  0.4521014  0.5156567  0.5527352  0.6352344  0.7696195  0.9990000  0.9990000  0.9990000  0.9990000  0.1082956  0.1148072  0.1589678  0.1662419  0.2213295  0.1893448  0.1344093  0.2059387  0.4266983  0.8073595  0.9990000  0.9423702
 4  0.0426943  0.0292669  0.0235524  0.0299552  0.0429156  0.0483351  0.0462687  0.0490114  0.0540977  0.0606076  0.0767967  0.1074649  0.0851632  0.0827621  0.0411942  0.0380586  0.0520761  0.0524568  0.0413527  0.0260829  0.0215692  0.0217641  0.0342651  0.0570635  0.0527580  0.0516624  0.0431756
 1  0.1113715  0.1046022  0.1106218  0.1630701  0.1843055  0.1809343  0.2053292  0.2546471  0.3705672  0.1264584  0.1334998  0.0444354  0.0284581  0.0656709  0.0581079  0.1217234  0.1109342  0.1351424  0.1406874  0.1516492  0.1718031  0.1650352  0.0999860  0.1225702  0.1402727  0.1115144  0.1508681
 2  0.0213932  0.0202620  0.0221664  0.0324715  0.0364853  0.0352308  0.0403398  0.0513777  0.0743630  0.0206135  0.0179294  0.0055055  0.0040596  0.0109932  0.0114149  0.0235001  0.0200267  0.0253420  0.0278322  0.0308381  0.0365679  0.0240847  0.0154012  0.0223416  0.0296178  0.0257081  0.0346671
 3  0.1030635  0.1893934  0.1879589  0.1504165  0.1447966  0.1426444  0.1619895  0.2002249  0.2916422  0.5521057  0.6081025  0.4741210  0.0911396  0.0623189  0.0538167  0.1376837  0.1389573  0.1345229  0.1271015  0.1407735  0.0913773  0.1138729  0.1463493  0.1613968  0.1802539  0.2416380  0.3295516
 4  0.0401234  0.0269372  0.0273788  0.0330255  0.0305483  0.0319744  0.0377969  0.0499034  0.0707358  0.0862096  0.0676974  0.0461809  0.0397286  0.0380875  0.0453541  0.0438268  0.0371947  0.0289488  0.0293639  0.0329279  0.0509546  0.0400134  0.0336020  0.0246367  0.0372314  0.0520705  0.0652720
 1  0.1145158  0.0904078  0.0923828  0.1154501  0.1331256  0.2302177  0.3734160  0.1434381  0.1328856  0.0689975  0.0526417  0.0417177  0.0240108  0.0769237  0.0737979  0.0510607  0.0529078  0.0716288  0.0809342  0.0954958  0.1096644  0.0934968  0.0923841  0.0867882  0.1023892  0.0392079  0.0393894
 2  0.0226344  0.0177182  0.0187872  0.0242778  0.0294332  0.0537166  0.0827888  0.0213145  0.0185892  0.0090725  0.0076372  0.0054823  0.0036573  0.0135851  0.0144672  0.0108530  0.0120901  0.0170520  0.0191322  0.0219521  0.0243928  0.0184538  0.0177042  0.0178204  0.0198461  0.0073146  0.0075503
 3  0.1056338  0.1472995  0.1576127  0.1331551  0.1526607  0.1949377  0.3181733  0.6525860  0.6174188  0.5709690  0.4335554  0.0748554  0.0815534  0.1342613  0.1024283  0.1148915  0.1055652  0.1136934  0.1289727  0.1482451  0.1710931  0.1978223  0.1974859  0.2067495  0.2450773  0.2579328  0.2553601
 4  0.0427542  0.0347403  0.0339389  0.0247247  0.0315609  0.0449150  0.0623654  0.0592539  0.0554515  0.0450727  0.0422281  0.0468042  0.0387694  0.0279719  0.0269589  0.0287165  0.0273513  0.0303621  0.0339008  0.0364226  0.0401881  0.0358531  0.0363762  0.0462862  0.0449327  0.0446170  0.0485348
 1  0.1157815  0.0969098  0.1005153  0.1484911  0.1770666  0.1713609  0.1935506  0.0842307  0.0888716  0.0970910  0.1002892  0.0580005  0.0451351  0.0566248  0.0626785  0.0991467  0.1125027  0.0929156  0.1024716  0.0977499  0.0999405  0.0328392  0.0313654  0.0555249  0.0527406  0.0687936  0.0516826
 2  0.0229241  0.0192028  0.0205670  0.0310065  0.0364792  0.0342940  0.0384420  0.0165124  0.0172792  0.0193703  0.0163980  0.0090474  0.0078724  0.0113749  0.0146088  0.0235937  0.0245559  0.0187343  0.0198183  0.0178944  0.0180525  0.0057556  0.0057969  0.0100895  0.0087362  0.0106664  0.0088586
 3  0.1066490  0.1540506  0.1686712  0.1628624  0.1576029  0.1288844  0.1455472  0.1723670  0.1821136  0.1905694  0.2015012  0.1780943  0.1344137  0.1231238  0.1341644  0.1625920  0.1883787  0.2094596  0.2310829  0.2544896  0.2614004  0.2711104  0.2579157  0.2667557  0.2593878  0.1462765  0.1671600
 4  0.0440659  0.0286502  0.0262978  0.0256332  0.0251173  0.0282106  0.0319833  0.0371397  0.0381125  0.0426713  0.0283043  0.0315774  0.0318660  0.0399799  0.0564713  0.0597477  0.0563703  0.0583708  0.0621371  0.0609973  0.0623488  0.0607310  0.0665775  0.0638797  0.0505961  0.0381465  0.0350036
 1  0.1290325  0.1287604  0.1351384  0.1314091  0.1317686  0.1291910  0.1167607  0.1085999  0.1292043  0.1022674  0.1209410  0.1504384  0.1750673  0.0814655  0.0843677  0.1388335  0.2245157  0.1493318  0.0881551  0.0380890  0.0185726  0.0374872  0.0337998  0.1095184  0.1215739  0.1848702  0.2809677
 2  0.0246445  0.0244595  0.0265027  0.0252176  0.0237455  0.0220965  0.0211967  0.0220150  0.0293145  0.0231313  0.0253135  0.0288247  0.0291472  0.0131734  0.0150033  0.0261512  0.0374970  0.0159479  0.0098875  0.0042703  0.0026623  0.0063375  0.0061507  0.0219871  0.0267790  0.0434409  0.0651979
 3  0.1195162  0.1643185  0.1543618  0.1374816  0.1283609  0.1493819  0.1342951  0.1359132  0.1596822  0.2111047  0.2541526  0.3011211  0.3575169  0.3723894  0.3765111  0.4832298  0.8019184  0.9990000  0.8227152  0.1341177  0.1317398  0.1644715  0.1579745  0.1519812  0.1662216  0.2097592  0.3203257
 4  0.0458670  0.0383902  0.0337385  0.0349824  0.0318137  0.0345691  0.0278599  0.0362969  0.0517768  0.0590631  0.0607772  0.0635976  0.0587782  0.0609668  0.0782150  0.1095740  0.1343046  0.1032989  0.0669934  0.0403372  0.0345071  0.0329130  0.0359206  0.0334164  0.0437036  0.0604633  0.0865189
 1  0.1183230  0.1080783  0.1118079  0.2204078  0.2943248  0.2095952  0.2685174  0.1372134  0.1118225  0.0414820  0.0324912  0.1216490  0.1319749  0.1500293  0.1744789  0.0913256  0.0888083  0.1319796  0.1072947  0.1003144  0.0901932  0.1411578  0.1471216  0.1283066  0.1482980  0.0612340  0.0511993
 2  0.0224026  0.0207619  0.0224521  0.0467674  0.0618781  0.0413393  0.0500725  0.0205701  0.0160054  0.0064077  0.0055744  0.0235202  0.0286117  0.0335351  0.0344295  0.0167865  0.0163151  0.0228621  0.0167769  0.0167133  0.0164853  0.0267072  0.0292469  0.0273008  0.0298805  0.0111044  0.0093136
 3  0.1097152  0.1517081  0.1339810  0.1469412  0.1657591  0.2389155  0.3075219  0.4135167  0.1387190  0.1455451  0.1292827  0.1120739  0.1199263  0.1446975  0.1721498  0.1785417  0.1719957  0.1026810  0.0933262  0.1694302  0.1531665  0.1584936  0.1617985  0.1339779  0.1262386  0.1058414  0.1310039
 4  0.0420017  0.0339507  0.0292587  0.0233256  0.0243237  0.0311500  0.0368134  0.0318041  0.0390107  0.0376533  0.0327928  0.0358427  0.0472460  0.0546788  0.0482040  0.0469680  0.0472431  0.0407805  0.0354651  0.0340304  0.0338194  0.0280966  0.0256288  0.0289350  0.0392416  0.0323230  0.0310478
 1  0.1082802  0.1281870  0.1367940  0.1307503  0.1711096  0.2766925  0.6107844  0.2651259  0.1311530  0.0294645  0.0160930  0.0558351  0.0498820  0.1696588  0.1950802  0.1872746  0.1989405  0.0492308  0.0382038  0.1178833  0.1288391  0.3373398  0.4732520  0.1899492  0.1698824  0.1311885  0.0847196
 2  0.0206362  0.0246608  0.0272745  0.0275570  0.0375944  0.0606123  0.1158127  0.0249238  0.0147918  0.0030662  0.0020855  0.0091352  0.0095984  0.0369199  0.0451098  0.0414702  0.0355422  0.0080819  0.0066956  0.0228059  0.0267223  0.0696112  0.0847769  0.0286678  0.0211510  0.0174155  0.0126186
 3  0.1003378  0.1752394  0.1752368  0.2043267  0.2654524  0.4068548  0.9135194  0.9990000  0.9990000  0.9990000  0.0974247  0.0587427  0.0508991  0.0496991  0.0571765  0.0687060  0.0751579  0.1164529  0.1107761  0.1540623  0.1670056  0.1934621  0.2782233  0.4226402  0.0793522  0.1446944  0.1409015
 4  0.0383101  0.0267413  0.0244830  0.0323432  0.0448920  0.0676512  0.1153151  0.1415499  0.0951692  0.0516295  0.0351196  0.0354989  0.0421900  0.0476380  0.0566561  0.0586543  0.0426069  0.0340574  0.0293161  0.0286840  0.0345400  0.0369391  0.0403840  0.0472657  0.0471165  0.0403252  0.0341904
 1  0.1326288  0.1463043  0.1552252  0.1989773  0.2553234  0.1493325  0.1420117  0.1374940  0.1243886  0.1829782  0.2357667  0.0975173  0.1104552  0.1066576  0.0987334  0.0851718  0.0602904  0.1010362  0.0971408  0.1816695  0.2314497  0.1956934  0.2082548  0.1103937  0.1245763  0.0742429  0.0755361
 2  0.0249980  0.0274896  0.0300095  0.0403052  0.0525938  0.0268245  0.0213938  0.0221225  0.0226471  0.0380265  0.0508015  0.0201750  0.0215923  0.0189536  0.0146116  0.0127247  0.0087365  0.0167121  0.0185779  0.0382231  0.0475564  0.0364781  0.0371210  0.0198555  0.0227674  0.0129068  0.0127482
 3  0.1230205  0.1795966  0.1854698  0.1471971  0.1879580  0.2619782  0.1321870  0.1310043  0.1149218  0.1211813  0.1559714  0.2086332  0.2365053  0.2616885  0.2491844  0.1474702  0.1616498  0.2093708  0.1924241  0.1782569  0.1663053  0.2097706  0.2531543  0.2873347  0.3220824  0.3737498  0.3828389
 4  0.0462208  0.0279054  0.0237352  0.0301517  0.0388632  0.0395306  0.0389293  0.0297916  0.0349062  0.0476606  0.0583296  0.0700685  0.0714096  0.0671676  0.0447388  0.0442288  0.0410457  0.0256676  0.0234006  0.0279731  0.0311532  0.0291782  0.0284852  0.0345568  0.0393410  0.0400507  0.0393222
 1  0.1083181  0.1429281  0.1567766  0.1004250  0.1129727  0.1070350  0.1219646  0.1093195  0.1184567  0.0442112  0.0366655  0.0733835  0.0687531  0.0708038  0.0732526  0.0876310  0.0875907  0.0677953  0.0818164  0.0805543  0.1031195  0.0485032  0.0461304  0.0807153  0.0922551  0.0844774  0.0611971
 2  0.0208560  0.0276615  0.0311285  0.0203528  0.0233637  0.0225219  0.0251090  0.0224402  0.0198093  0.0071554  0.0065944  0.0133109  0.0130062  0.0142451  0.0150920  0.0176208  0.0180634  0.0151894  0.0194488  0.0192449  0.0244653  0.0089627  0.0076604  0.0137822  0.0165714  0.0117220  0.0087051
 3  0.1001866  0.1879635  0.1844426  0.1526511  0.1417007  0.1462601  0.1668524  0.1894966  0.1813370  0.1996701  0.1758412  0.1919228  0.1743548  0.1371379  0.1177775  0.1323139  0.1319574  0.1416074  0.1696031  0.2160520  0.2775079  0.3898578  0.3828456  0.3703290  0.4210284  0.5157065  0.3811259
 4  0.0388983  0.0284178  0.0278111  0.0335133  0.0278110  0.0296925  0.0318099  0.0369481  0.0395186  0.0298749  0.0288179  0.0323950  0.0249098  0.0319219  0.0304728  0.0347785  0.0377744  0.0493994  0.0644338  0.0767236  0.0982078  0.0794764  0.0718668  0.0780876  0.0991522  0.0671019  0.0556623
 1  0.1220607  0.3739779  0.5178831  0.4614417  0.8477236  0.5495863  0.5372364  0.1040853  0.0423072  0.0645805  0.0640221  0.1084355  0.0879489  0.0919844  0.0791509  0.0865803  0.0958867  0.1130963  0.0999466  0.2455007  0.3064150  0.1477119  0.0819822  0.1221066  0.1304157  0.1492236  0.2046304
 2  0.0234936  0.0715663  0.0944399  0.0790042  0.1327363  0.0618093  0.0646204  0.0092085  0.0052565  0.0094148  0.0096609  0.0152431  0.0123145  0.0144526  0.0139664  0.0176072  0.0189057  0.0203532  0.0184259  0.0476747  0.0617889  0.0199388  0.0123192  0.0218178  0.0274515  0.0362644  0.0512626
 3  0.1129126  0.1745386  0.1887628  0.3330033  0.6177077  0.9990000  0.9990000  0.9990000  0.7361606  0.5454556  0.5367253  0.5151911  0.1142748  0.1667945  0.1404466  0.1359408  0.1510050  0.1415346  0.1380371  0.1344640  0.1084686  0.1012110  0.1235690  0.0918092  0.0954864  0.1190241  0.1641526
 4  0.0437848  0.0268392  0.0242757  0.0393638  0.0620386  0.1032638  0.1143217  0.0649195  0.0472440  0.0492242  0.0503720  0.0407738  0.0359796  0.0339137  0.0363347  0.0467957  0.0422701  0.0370224  0.0317495  0.0353561  0.0415870  0.0447100  0.0348702  0.0397237  0.0586678  0.0873566  0.1092209
 1  0.1223909  0.0721368  0.0715622  0.0969820  0.0957815  0.1272572  0.1386449  0.1195880  0.1252132  0.1574954  0.1648619  0.3035982  0.4610633  0.5356808  0.9990000  0.1427976  0.0497917  0.0221516  0.0103627  0.0362572  0.0285519  0.0936480  0.1013534  0.1596069  0.2051267  0.1101983  0.0992151
 2  0.0234945  0.0138895  0.0144519  0.0186983  0.0184901  0.0250377  0.0266410  0.0230916  0.0245757  0.0304828  0.0318717  0.0622666  0.0971062  0.0934593  0.1711937  0.0123436  0.0044203  0.0022640  0.0013990  0.0055319  0.0049643  0.0183499  0.0219028  0.0366340  0.0372813  0.0187304  0.0180941
 3  0.1132614  0.1542464  0.1537055  0.1717078  0.1978445  0.1486678  0.1378180  0.1476986  0.1405740  0.1371686  0.1439976  0.1579154  0.2384065  0.5654273  0.9990000  0.9990000  0.9990000  0.5845081  0.1849319  0.1681672  0.1423421  0.1603903  0.1720147  0.2057469  0.1269643  0.1538797  0.1568344
 4  0.0441167  0.0270989  0.0279893  0.0320296  0.0269535  0.0323048  0.0357957  0.0312486  0.0322520  0.0287979  0.0307104  0.0391708  0.0617281  0.0969295  0.1620559  0.2411522  0.0874610  0.0378906  0.0354106  0.0365414  0.0317049  0.0274551  0.0348119  0.0444190  0.0419192  0.0352647  0.0296282
 1  0.1338174  0.0394052  0.0374849  0.1078311  0.1244353  0.0877647  0.0867991  0.0613805  0.0586715  0.0487896  0.0441187  0.0565528  0.0629590  0.0935322  0.1314538  0.0704773  0.0542665  0.1365136  0.1395299  0.1396752  0.1388267  0.1111168  0.1019025  0.1422292  0.1670874  0.2696539  0.3978174
 2  0.0253898  0.0074898  0.0075469  0.0228649  0.0266746  0.0178457  0.0162823  0.0118868  0.0097211  0.0084781  0.0083986  0.0118166  0.0146557  0.0239175  0.0313734  0.0118272  0.0092738  0.0244154  0.0259628  0.0256728  0.0263135  0.0198951  0.0178634  0.0268549  0.0327112  0.0521373  0.0694155
 3  0.1239903  0.1439961  0.1392295  0.1529129  0.1403574  0.1321229  0.1244448  0.1474979  0.1392299  0.1642316  0.1456320  0.1656626  0.1826565  0.2276206  0.3232236  0.1904971  0.2077350  0.1712241  0.1541204  0.1821758  0.1937413  0.1821140  0.1958534  0.2291646  0.2664236  0.3399372  0.5090475
 4  0.0476223  0.0335637  0.0308925  0.0262560  0.0265539  0.0346481  0.0303144  0.0400130  0.0411958  0.0368664  0.0284948  0.0224481  0.0297933  0.0431231  0.0457466  0.0380373  0.0306221  0.0278047  0.0285604  0.0280101  0.0315945  0.0312973  0.0288666  0.0242148  0.0299066  0.0359284  0.0443320
 1  0.1259169  0.0994288  0.1023557  0.1086125  0.1077176  0.1191249  0.1421646  0.1674486  0.1730716  0.1409249  0.1569756  0.2256281  0.3043902  0.1071003  0.0987205  0.1071933  0.0968523  0.2254624  0.2725529  0.1876973  0.2084433  0.1038957  0.0701198  0.0972658  0.0750735  0.1062148  0.0891160
 2  0.0239017  0.0186622  0.0198812  0.0204282  0.0208372  0.0247548  0.0293153  0.0318500  0.0316260  0.0263286  0.0308746  0.0454565  0.0541387  0.0162799  0.0150840  0.0161934  0.0157231  0.0387122  0.0416883  0.0286659  0.0327186  0.0135298  0.0089097  0.0147605  0.0118525  0.0174289  0.0164774
 3  0.1166749  0.2068004  0.1792004  0.1489682  0.1363610  0.1586225  0.1398786  0.1852172  0.1774655  0.1856581  0.2050491  0.2525710  0.3480263  0.4408636  0.4032305  0.3743195  0.3355405  0.3386166  0.4192405  0.4396265  0.4775954  0.5572609  0.0782900  0.0843566  0.0980142  0.1207998  0.1110711
 4  0.0437607  0.0282152  0.0261380  0.0341922  0.0264226  0.0255270  0.0292555  0.0321062  0.0276937  0.0314732  0.0390613  0.0486024  0.0497114  0.0490589  0.0471064  0.0423780  0.0447327  0.0501800  0.0469197  0.0517472  0.0598754  0.0461770  0.0376906  0.0408874  0.0441513  0.0365712  0.0300241
 1  0.1118120  0.1986539  0.2328348  0.1761111  0.2161332  0.1552759  0.1394046  0.1819152  0.1753610  0.1901474  0.1476708  0.1253630  0.1466662  0.2100460  0.2782575  0.2203254  0.3178110  0.1226210  0.1450578  0.0620202  0.0741126  0.0423672  0.0336045  0.0345806  0.0185896  0.0374371  0.0432277
 2  0.0220355  0.0391743  0.0459902  0.0354973  0.0427370  0.0271164  0.0249086  0.0325754  0.0274316  0.0278454  0.0242906  0.0238918  0.0297473  0.0447222  0.0604507  0.0437078  0.0549606  0.0171612  0.0201315  0.0081606  0.0095191  0.0048905  0.0042762  0.0035190  0.0023892  0.0056466  0.0061457
 3  0.1031050  0.1802443  0.1686507  0.1492948  0.1400557  0.1153764  0.1395918  0.1462505  0.1548269  0.1701811  0.1853372  0.1619469  0.1450453  0.1661627  0.2183839  0.3535518  0.5221820  0.8692808  0.9990000  0.9990000  0.9990000  0.9990000  0.9990000  0.9990000  0.7706283  0.6470505  0.7552663
 4  0.0419424  0.0278152  0.0219844  0.0305821  0.0351561  0.0333781  0.0317936  0.0382319  0.0504018  0.0427222  0.0316066  0.0274677  0.0326250  0.0392801  0.0535187  0.0708120  0.0828925  0.0955460  0.1165519  0.1557618  0.1800280  0.1598055  0.1537319  0.0885032  0.0735406  0.0874038  0.0856342
 1  0.1216805  0.1696245  0.1868092  0.1744459  0.2143542  0.1410963  0.1579536  0.0714846  0.0563674  0.1241978  0.1228583  0.2261707  0.2948875  0.2231846  0.2268712  0.1667906  0.1555484  0.0749436  0.0576264  0.1156064  0.1239242  0.1681098  0.1474798  0.1832955  0.1779927  0.2408920  0.3146199
 2  0.0233076  0.0324498  0.0363889  0.0351514  0.0437668  0.0277021  0.0260821  0.0112414  0.0092866  0.0221011  0.0235014  0.0462561  0.0631328  0.0392507  0.0357116  0.0255500  0.0239294  0.0114530  0.0095905  0.0219051  0.0234471  0.0296122  0.0245511  0.0307115  0.0315173  0.0459992  0.0627571
 3  0.1125661  0.1793146  0.1759129  0.1466771  0.1794622  0.2353505  0.2696372  0.1373567  0.1273306  0.1495378  0.1469082  0.1555940  0.2020434  0.3159576  0.3322725  0.3276918  0.3066734  0.1429886  0.1438440  0.1518576  0.1280740  0.1348134  0.1648298  0.1865442  0.2032650  0.1861256  0.1628075
 4  0.0435238  0.0266990  0.0245798  0.0286440  0.0352277  0.0423518  0.0335765  0.0355673  0.0315889  0.0307934  0.0289142  0.0343939  0.0481634  0.0470025  0.0431340  0.0420178  0.0396883  0.0353667  0.0294261  0.0288752  0.0367334  0.0396500  0.0401473  0.0318909  0.0278678  0.0243979  0.0346732
 1  0.1291358  0.1155133  0.1176319  0.1386516  0.1496070  0.2001979  0.2383236  0.2643476  0.3836024  0.2040260  0.2446138  0.0887702  0.0356596  0.0954361  0.0947670  0.1311790  0.1464619  0.0731216  0.0771751  0.0656026  0.0640113  0.1115684  0.1194564  0.0804970  0.0781609  0.1126552  0.1275971
 2  0.0246433  0.0217718  0.0230491  0.0271294  0.0296328  0.0393181  0.0461216  0.0510433  0.0666339  0.0307559  0.0325734  0.0085853  0.0049614  0.0161902  0.0184814  0.0279739  0.0306808  0.0149937  0.0157426  0.0128074  0.0126025  0.0221916  0.0233831  0.0149745  0.0149701  0.0225553  0.0240350
 3  0.1195893  0.1559520  0.1683661  0.1453947  0.1538697  0.1815325  0.2172472  0.2827439  0.4159511  0.6493467  0.7865882  0.1587402  0.1852308  0.1355657  0.1215405  0.1294775  0.1456428  0.1575052  0.1651622  0.1760586  0.1725113  0.1746419  0.1879929  0.1991485  0.1929728  0.2018720  0.2310466
 4  0.0454104  0.0365562  0.0355392  0.0283748  0.0264787  0.0232320  0.0274680  0.0364086  0.0419875  0.0524763  0.0498917  0.0458323  0.0343707  0.0274110  0.0286528  0.0328981  0.0328790  0.0350700  0.0379504  0.0359896  0.0367630  0.0380240  0.0393374  0.0373640  0.0399941  0.0459150  0.0440713
 1  0.1456978  0.1639748  0.1708882  0.2191720  0.2615749  0.1512766  0.1452100  0.1628791  0.1399253  0.1823985  0.2396954  0.1298521  0.1348176  0.0744519  0.0922263  0.1118319  0.1470959  0.0817487  0.1048780  0.0473006  0.0475245  0.0332175  0.0221493  0.0185257  0.0131904  0.0878657  0.1006563
 2  0.0272533  0.0303982  0.0326553  0.0419806  0.0495314  0.0278227  0.0206992  0.0245732  0.0241445  0.0359865  0.0515600  0.0241725  0.0230632  0.0131728  0.0166685  0.0186781  0.0216117  0.0111568  0.0130751  0.0059287  0.0061748  0.0039704  0.0021662  0.0022934  0.0020316  0.0150894  0.0186603
 3  0.1352938  0.1484443  0.1563108  0.1791788  0.1857340  0.1737977  0.1560911  0.1785904  0.1628589  0.1697434  0.2213275  0.3349776  0.3559305  0.3860427  0.4748926  0.6468892  0.8733157  0.9990000  0.9990000  0.9990000  0.9990000  0.9990000  0.9990000  0.5426654  0.3619415  0.3405691  0.3890279
 4  0.0503031  0.0317744  0.0325314  0.0270437  0.0250658  0.0435723  0.0446686  0.0394672  0.0279563  0.0384524  0.0551270  0.0555770  0.0539629  0.0678901  0.0855154  0.0955746  0.1034433  0.1302230  0.1398213  0.1428491  0.1520065  0.1380647  0.0658237  0.0470433  0.0505460  0.0578986  0.0742907
 1  0.1394635  0.2068314  0.2297535  0.2531958  0.3267937  0.2244577  0.2961636  0.1701426  0.2288179  0.0478274  0.0252463  0.0649071  0.0626774  0.0686583  0.0696884  0.0732160  0.0819197  0.0448591  0.0425836  0.0681867  0.0549456  0.1087914  0.1112726  0.1092861  0.1056786  0.1532316  0.1859417
 2  0.0258566  0.0381356  0.0429916  0.0480627  0.0605365  0.0394300  0.0528561  0.0266285  0.0275517  0.0049503  0.0033565  0.0102950  0.0100109  0.0117634  0.0133103  0.0142232  0.0143871  0.0077644  0.0061523  0.0105661  0.0093102  0.0206295  0.0226050  0.0217598  0.0210621  0.0320593  0.0422068
 3  0.1297000  0.1864916  0.2067134  0.1845515  0.2385187  0.3371031  0.4417926  0.7961557  0.9990000  0.8844011  0.4427006  0.3247723  0.3124855  0.2764559  0.2732520  0.3212957  0.3683463  0.3692270  0.3572015  0.1437517  0.1602416  0.0981479  0.0866630  0.1215874  0.1180527  0.1200887  0.1439326
 4  0.0471594  0.0262194  0.0250003  0.0262637  0.0318742  0.0415737  0.0584827  0.0784725  0.0687228  0.0397173  0.0330604  0.0355389  0.0324504  0.0329927  0.0416599  0.0473529  0.0424386  0.0439205  0.0288656  0.0344846  0.0323963  0.0285686  0.0297556  0.0314211  0.0309802  0.0368138  0.0524008
 1  0.1220500  0.2055958  0.2376411  0.2288822  0.3104056  0.1497647  0.1373783  0.1315651  0.1178786  0.1092169  0.1068658  0.1430556  0.1369674  0.2861978  0.3753179  0.3742320  0.2920141  0.1424471  0.1461106  0.2170511  0.2188736  0.1084820  0.1066732  0.1742676  0.1879816  0.0835735  0.0723991
 2  0.0232430  0.0391999  0.0457163  0.0459903  0.0605743  0.0241551  0.0222178  0.0208767  0.0184477  0.0190710  0.0197143  0.0261730  0.0251480  0.0551962  0.0751212  0.0535065  0.0413859  0.0235016  0.0261603  0.0382385  0.0386912  0.0192593  0.0191035  0.0326960  0.0313189  0.0136252  0.0132469
 3  0.1131263  0.1881346  0.1737794  0.1721041  0.2330351  0.3263698  0.2997004  0.2908102  0.1307007  0.1578039  0.1617357  0.1360299  0.1436824  0.1416792  0.1845399  0.2893643  0.1839638  0.1565003  0.1579958  0.1645761  0.1668505  0.1774663  0.1746508  0.1722247  0.1884794  0.1662852  0.1398373
 4  0.0431712  0.0286506  0.0237993  0.0225638  0.0274926  0.0262437  0.0260858  0.0243167  0.0337596  0.0237980  0.0305542  0.0341249  0.0327578  0.0366023  0.0520721  0.0385106  0.0350492  0.0428385  0.0490982  0.0454789  0.0473384  0.0512120  0.0513149  0.0557523  0.0454001  0.0401576  0.0452126
 1  0.1033990  0.1992275  0.2351193  0.2518043  0.3095360  0.2398492  0.2124994  0.0915586  0.0984470  0.0556946  0.0573740  0.0865231  0.0952206  0.0309646  0.0320666  0.1025490  0.1132490  0.1460367  0.1861473  0.1536636  0.1508285  0.1205260  0.1180396  0.0841369  0.0791918  0.0288046  0.0191481
 2  0.0201090  0.0391881  0.0466103  0.0486340  0.0557456  0.0380225  0.0353042  0.0168045  0.0204641  0.0117102  0.0114963  0.0174458  0.0184940  0.0060845  0.0060510  0.0197591  0.0220884  0.0289388  0.0344133  0.0243576  0.0220911  0.0182349  0.0181566  0.0134134  0.0110992  0.0040077  0.0031066
 3  0.0955240  0.1839856  0.1728440  0.1751770  0.1981704  0.1223377  0.1400141  0.1402943  0.1481891  0.1762193  0.1846435  0.1841174  0.2023763  0.2164242  0.2238660  0.2148276  0.2348356  0.2746926  0.3526939  0.4376610  0.4352802  0.4003449  0.3883726  0.3811153  0.3646973  0.1590915  0.1537440
 4  0.0379955  0.0279450  0.0257618  0.0305713  0.0329303  0.0345571  0.0290049  0.0366382  0.0492929  0.0526137  0.0486816  0.0519066  0.0531892  0.0595005  0.0545848  0.0563754  0.0636348  0.0773160  0.0828929  0.0775485  0.0688030  0.0696982  0.0693010  0.0730961  0.0520021  0.0341889  0.0291257
 1  0.1289827  0.1529872  0.1671566  0.1098355  0.0947611  0.1071630  0.1271609  0.1522465  0.0995859  0.1038226  0.1019280  0.1231422  0.1609635  0.1548819  0.1631864  0.1610333  0.1511126  0.1168476  0.0820201  0.1083058  0.1117759  0.1192677  0.1302463  0.1190936  0.1458455  0.1796052  0.2593024
 2  0.0254748  0.0298158  0.0328852  0.0190808  0.0166718  0.0210196  0.0279986  0.0241177  0.0145971  0.0171179  0.0187019  0.0253061  0.0365197  0.0331401  0.0307247  0.0276076  0.0261119  0.0170946  0.0124531  0.0185266  0.0212126  0.0237172  0.0269140  0.0255422  0.0323125  0.0391321  0.0492820
 3  0.1188967  0.1762516  0.1705218  0.1542682  0.1525854  0.1439519  0.1617651  0.1620273  0.2480241  0.2165420  0.1949718  0.2419578  0.2026755  0.1241835  0.1786104  0.1827333  0.1928796  0.2384696  0.2472984  0.2201391  0.1955667  0.1654334  0.1577298  0.1791673  0.2187165  0.3012839  0.4449040
 4  0.0485996  0.0266831  0.0317496  0.0392929  0.0333794  0.0418906  0.0392039  0.0469381  0.0365703  0.0273959  0.0245173  0.0238503  0.0228557  0.0320063  0.0329928  0.0328117  0.0399297  0.0443870  0.0348382  0.0274523  0.0283712  0.0287524  0.0249683  0.0303721  0.0402125  0.0514027  0.0567952
 1  0.1303734  0.2103821  0.2472785  0.4900968  0.9864075  0.5976444  0.4791342  0.0562720  0.0442472  0.0750000  0.0674513  0.0857618  0.1262767  0.1000530  0.0393797  0.0841122  0.0681254  0.1769380  0.2316034  0.2814050  0.1520226  0.1440741  0.1522774  0.2181612  0.2634650  0.1537038  0.2009934
 2  0.0246442  0.0398379  0.0468690  0.0936227  0.1718935  0.0693523  0.0390060  0.0067792  0.0059088  0.0103852  0.0103150  0.0146444  0.0216716  0.0095562  0.0041856  0.0121764  0.0120797  0.0372810  0.0539792  0.0380014  0.0212011  0.0241454  0.0303054  0.0460708  0.0554511  0.0330079  0.0412546
 3  0.1208495  0.2136034  0.1918739  0.2430894  0.4957104  0.9990000  0.9990000  0.9308594  0.6956319  0.5914476  0.5204642  0.5601403  0.8225457  0.9990000  0.0700286  0.1494228  0.1149369  0.1147512  0.1255100  0.1125131  0.1521401  0.1493672  0.1429172  0.1240474  0.1388986  0.1797620  0.2354391
 4  0.0458997  0.0292446  0.0245529  0.0320065  0.0562341  0.1559481  0.0710546  0.0519810  0.0479338  0.0432550  0.0474040  0.0648142  0.0916203  0.0479107  0.0414042  0.0319945  0.0384024  0.0526055  0.0527625  0.0484212  0.0393012  0.0280847  0.0274837  0.0317552  0.0304851  0.0428971  0.0504133
 1  0.1268093  0.1692310  0.1921329  0.1826640  0.2244096  0.1796054  0.2045108  0.1798584  0.2322647  0.0711066  0.0433827  0.0755135  0.0787834  0.0976029  0.1058751  0.1382332  0.1343220  0.1136124  0.1086708  0.2096090  0.2784959  0.1476808  0.1699357  0.0952485  0.0480673  0.1489003  0.1536400
 2  0.0247688  0.0329358  0.0374758  0.0366358  0.0450007  0.0336418  0.0373285  0.0329842  0.0387306  0.0088071  0.0062771  0.0129556  0.0147005  0.0190104  0.0194403  0.0241937  0.0211074  0.0186579  0.0199500  0.0414356  0.0537975  0.0253764  0.0264510  0.0105533  0.0065576  0.0248042  0.0289744
 3  0.1170336  0.1999168  0.1750977  0.1477169  0.1808448  0.2317231  0.2648994  0.3273608  0.4284346  0.4732737  0.2823851  0.2208364  0.2273388  0.2434982  0.2661074  0.2660786  0.2614053  0.2205632  0.2050274  0.2278082  0.3056335  0.4411266  0.5150331  0.4908383  0.1052479  0.1569896  0.1306691
 4  0.0472314  0.0278464  0.0245648  0.0281273  0.0336796  0.0372992  0.0421496  0.0542275  0.0562947  0.0349684  0.0300634  0.0345338  0.0398716  0.0435253  0.0404530  0.0379626  0.0304433  0.0293788  0.0352903  0.0439632  0.0526405  0.0610822  0.0602035  0.0297340  0.0332434  0.0310311  0.0305714
 1  0.1361934  0.1759543  0.1929475  0.1776746  0.2210654  0.2614791  0.3282409  0.1469438  0.0735507  0.0891481  0.0867400  0.0798723  0.0703624  0.0984156  0.1039543  0.1586871  0.2380466  0.2892056  0.5263229  0.0603495  0.0585303  0.0703224  0.0700727  0.1609295  0.0652818  0.1532001  0.1563652
 2  0.0264105  0.0337645  0.0373497  0.0348423  0.0441191  0.0470706  0.0519053  0.0166637  0.0102194  0.0148587  0.0170726  0.0155778  0.0124862  0.0184474  0.0209771  0.0354403  0.0548834  0.0552535  0.0628054  0.0077396  0.0068981  0.0090717  0.0092728  0.0155586  0.0089674  0.0253937  0.0282655
 3  0.1257440  0.1699804  0.1734311  0.2044430  0.2533727  0.3558994  0.4608716  0.1726665  0.1896149  0.1434384  0.1295535  0.1283137  0.1311787  0.1878212  0.1941461  0.2343855  0.3510938  0.6610403  0.9990000  0.9990000  0.9990000  0.9923290  0.9614352  0.1560365  0.1547231  0.1640502  0.1707370
 4  0.0501259  0.0277334  0.0239052  0.0292775  0.0379920  0.0419080  0.0438936  0.0466944  0.0403396  0.0298685  0.0301042  0.0385612  0.0355216  0.0259939  0.0330755  0.0485666  0.0702245  0.0869391  0.0784813  0.0958081  0.0765021  0.0701524  0.0717099  0.0434138  0.0347728  0.0320996  0.0342905
 1  0.1185326  0.1309629  0.1383301  0.0881729  0.1062970  0.2344426  0.4103511  0.1178848  0.0639436  0.0809538  0.0742307  0.0955578  0.0943409  0.1380178  0.1568026  0.2668226  0.3370128  0.0956558  0.0743764  0.1089671  0.1124691  0.0977920  0.0969435  0.1992556  0.2570569  0.2064939  0.1793893
 2  0.0227503  0.0250517  0.0272665  0.0181424  0.0233115  0.0525160  0.0735373  0.0120751  0.0082429  0.0130148  0.0129201  0.0182611  0.0187519  0.0287942  0.0323489  0.0548667  0.0552926  0.0142916  0.0128798  0.0208558  0.0220468  0.0192460  0.0200609  0.0433497  0.0526901  0.0342850  0.0294495
 3  0.1096772  0.1760794  0.1757083  0.2018601  0.2411175  0.3319711  0.6003382  0.9963412  0.1355661  0.1609843  0.1205132  0.1103220  0.1090052  0.1391059  0.1575887  0.1814619  0.2354972  0.1345698  0.1256075  0.1184601  0.1227959  0.1214887  0.1193712  0.1299966  0.1691754  0.2035820  0.1776452
 4  0.0422451  0.0268313  0.0241175  0.0305341  0.0416535  0.0577548  0.0636479  0.0402747  0.0327174  0.0290415  0.0312396  0.0325657  0.0304991  0.0275747  0.0300635  0.0348565  0.0274719  0.0327582  0.0280625  0.0318432  0.0315458  0.0308068  0.0344295  0.0421118  0.0451559  0.0356781  0.0333742
 1  0.1320631  0.1129398  0.1176678  0.0925616  0.0736352  0.1093405  0.1255994  0.0903257  0.1022032  0.1276126  0.1445190  0.1634831  0.1643401  0.0965501  0.0893457  0.1440143  0.1561564  0.0966643  0.0941571  0.0531275  0.0541418  0.0265239  0.0233741  0.0649075  0.0600212  0.1307137  0.1379030
 2  0.0255619  0.0214588  0.0229068  0.0154318  0.0126839  0.0208500  0.0261496  0.0199869  0.0216291  0.0267482  0.0312362  0.0322375  0.0289623  0.0168948  0.0166820  0.0281805  0.0316489  0.0187035  0.0179791  0.0105703  0.0101464  0.0048779  0.0045578  0.0126053  0.0117163  0.0257956  0.0283244
 3  0.1220465  0.1950854  0.1766209  0.1582855  0.1664382  0.1839744  0.1441551  0.1399913  0.1200513  0.1227608  0.1372777  0.1691244  0.1234534  0.1493926  0.1372931  0.1369107  0.1485166  0.1664336  0.1633244  0.1640576  0.1681406  0.1356600  0.1440146  0.1166673  0.1249990  0.1492521  0.1395018
 4  0.0476083  0.0280031  0.0349105  0.0412967  0.0365446  0.0240646  0.0221101  0.0295475  0.0324473  0.0337983  0.0431310  0.0405825  0.0345806  0.0351183  0.0288124  0.0308404  0.0350210  0.0340215  0.0336656  0.0379896  0.0326247  0.0319851  0.0351396  0.0322719  0.0323554  0.0314744  0.0300744
 1  0.1123856  0.1157457  0.1223243  0.2243097  0.3344542  0.4836607  0.7122770  0.1446571  0.0955088  0.1598880  0.1617890  0.0745199  0.0785649  0.1436521  0.1444588  0.2063535  0.2145056  0.1228957  0.1116815  0.1341881  0.1277849  0.1787099  0.1740456  0.2061932  0.2208814  0.3101168  0.4314749
 2  0.0216566  0.0225475  0.0247147  0.0485580  0.0751336  0.0865035  0.0729318  0.0182824  0.0133257  0.0259776  0.0296412  0.0146691  0.0147955  0.0264240  0.0272620  0.0373534  0.0365109  0.0200965  0.0195954  0.0230646  0.0226824  0.0307302  0.0299941  0.0351291  0.0383950  0.0544895  0.0747040
 3  0.1039106  0.1648264  0.1558758  0.1773585  0.2624134  0.5316694  0.8920142  0.1521379  0.1716272  0.2096357  0.1728676  0.1957908  0.2084598  0.1557884  0.1548594  0.2048855  0.2201097  0.2277096  0.2261634  0.2232531  0.2402001  0.2108268  0.2440961  0.2664394  0.2735837  0.3180854  0.4462009
 4  0.0408804  0.0277302  0.0238014  0.0317630  0.0496970  0.0595517  0.0383748  0.0383155  0.0378973  0.0250521  0.0236054  0.0295153  0.0261477  0.0294054  0.0317803  0.0317718  0.0326411  0.0290722  0.0294101  0.0295160  0.0291603  0.0288713  0.0285166  0.0246326  0.0223159  0.0263596  0.0364019
