FL 2019 2020 2021 2022 2023 2024 2025 2026 2027 2028 2029 2030 2031 2032 2033 2034 2035 2036 2037 2038 2039 2040 2041 2042 2043 2044 2045
 1  0.7288134  0.6828020  0.6318362  0.6050499  0.6173307  0.6766497  0.6707882  0.6577030  0.6421999  0.6233221  0.6030630  0.6200086  0.6051051  0.5058343  0.4832437  0.6517369  0.6453488  0.5404664  0.4601410  0.6892366  0.6822651  0.6349322  0.5874682  0.5589771  0.6557977  0.6610412  0.6489265
 2  0.5725724  0.5236363  0.4820518  0.4565452  0.5214743  0.5775824  0.5735500  0.5385685  0.4876854  0.4572393  0.4852300  0.5589920  0.5350191  0.4508073  0.4808613  0.5856951  0.5668489  0.4706573  0.4857375  0.6119725  0.6012970  0.5629945  0.5176121  0.5343117  0.5813233  0.5850260  0.5506559
 3  0.7521145  0.7089222  0.6563120  0.6255717  0.6291987  0.6958105  0.6937997  0.6776321  0.6593610  0.6389590  0.6169234  0.6402626  0.6290989  0.5271488  0.4842660  0.6724510  0.6718388  0.5656763  0.4500032  0.7127759  0.7091056  0.6592945  0.6099237  0.5672052  0.6785425  0.6857435  0.6700550
 4  0.4566311  0.4168102  0.3786090  0.3533319  0.4812107  0.5264427  0.4814043  0.4084273  0.3614475  0.3674794  0.4433761  0.5147647  0.4824543  0.4004496  0.4662387  0.5396457  0.5105773  0.4045025  0.4773307  0.5602248  0.5442481  0.5049722  0.4586954  0.5001436  0.5344827  0.5011141  0.4426149
 1  0.7290193  0.6837632  0.6349925  0.6062988  0.5942941  0.5969095  0.6366416  0.6493274  0.6566383  0.6747791  0.6762208  0.6733824  0.6811347  0.6813578  0.6871297  0.6877902  0.6897864  0.7092191  0.6958909  0.6849582  0.6452817  0.5690446  0.5819861  0.2651402  0.5241911  0.6494581  0.6517113
 2  0.5731135  0.5245497  0.4834400  0.4573283  0.4455951  0.4796991  0.5343778  0.5485397  0.5532816  0.5620599  0.5571326  0.5469056  0.5455808  0.5454268  0.5499432  0.5499759  0.5722941  0.5938312  0.5865738  0.5590118  0.5062013  0.4851017  0.5205476  0.2865815  0.5084791  0.5825157  0.5787436
 3  0.7523618  0.7097663  0.6592731  0.6266158  0.6116761  0.6106032  0.6527249  0.6694452  0.6747742  0.6933310  0.6959355  0.6912058  0.6987818  0.6989120  0.7042085  0.7061024  0.7057800  0.7296541  0.7180822  0.7041092  0.6631075  0.5842191  0.6016138  0.2626808  0.5280790  0.6710655  0.6761000
 4  0.4573780  0.4167930  0.3779666  0.3563556  0.3559712  0.4313000  0.4831883  0.4704404  0.4735621  0.4863863  0.4645112  0.4541787  0.4556613  0.4555776  0.4666880  0.4556242  0.5048862  0.5294165  0.4903725  0.4384440  0.4102259  0.4409132  0.4781269  0.2986996  0.4873882  0.5357249  0.5245630
 1  0.7283085  0.6840649  0.6282337  0.5964885  0.6081116  0.6102344  0.5931805  0.5898154  0.6192921  0.6065167  0.5931317  0.5881683  0.6276581  0.6375401  0.6181515  0.6372469  0.6305165  0.6397960  0.6384305  0.6420032  0.6342360  0.6179918  0.6015749  0.6235971  0.6675491  0.6801796  0.6763652
 2  0.5726575  0.5248717  0.4780273  0.4665861  0.4895296  0.4939843  0.4840886  0.5154352  0.5446376  0.5281158  0.5086087  0.5189700  0.5612112  0.5590655  0.5463747  0.5515383  0.5510337  0.5531341  0.5538883  0.5504941  0.5344831  0.5098158  0.5113957  0.5677039  0.5934088  0.5971346  0.5786435
 3  0.7516802  0.7099042  0.6526256  0.6156975  0.6251143  0.6287090  0.6097632  0.6038226  0.6390086  0.6279430  0.6129791  0.6032146  0.6444235  0.6609635  0.6383270  0.6565128  0.6505890  0.6590266  0.6586086  0.6619270  0.6549384  0.6368357  0.6168283  0.6375444  0.6900653  0.7044987  0.6985211
 4  0.4573648  0.4163187  0.3748323  0.3919706  0.4240905  0.4116054  0.4135068  0.4744450  0.4887538  0.4585881  0.4347225  0.4696938  0.5153547  0.4935362  0.4787665  0.4894342  0.4843747  0.4894544  0.4858355  0.4791530  0.4486841  0.4223278  0.4595200  0.5256202  0.5392358  0.5208025  0.4688914
 1  0.7292546  0.6838715  0.6467399  0.6281558  0.6138662  0.6102590  0.6123990  0.6267700  0.6471770  0.6868953  0.6919197  0.6885164  0.6945599  0.6910650  0.6871779  0.6863849  0.6837519  0.6878575  0.6686886  0.6595228  0.6692733  0.6871317  0.6639175  0.6346664  0.6031250  0.5661932  0.5814048
 2  0.5718989  0.5240255  0.4926005  0.4728779  0.4607629  0.4640773  0.4855766  0.5208857  0.5656121  0.5945540  0.5936671  0.5801701  0.5678706  0.5551046  0.5363459  0.5271870  0.5335644  0.5437938  0.5410629  0.5397805  0.5658552  0.5810539  0.5567954  0.5108733  0.4758391  0.4937204  0.5247182
 3  0.7524902  0.7101030  0.6708824  0.6481614  0.6309478  0.6265037  0.6276310  0.6428950  0.6635150  0.7074382  0.7143003  0.7077614  0.7130673  0.7098160  0.7040603  0.7028191  0.6998436  0.7052850  0.6874020  0.6776692  0.6868723  0.7076139  0.6861068  0.6543392  0.6200164  0.5795639  0.6008457
 4  0.4556608  0.4177696  0.3836186  0.3654977  0.3721240  0.3840964  0.4223739  0.4650909  0.5119905  0.5319641  0.5045316  0.4809582  0.4776281  0.4504377  0.4277469  0.4256548  0.4516971  0.4636480  0.4568695  0.4651883  0.5022135  0.5112836  0.4597286  0.3987733  0.3973383  0.4560866  0.4808365
 1  0.7307392  0.6865300  0.6408113  0.6149128  0.6184671  0.6439515  0.6450330  0.6517156  0.6320839  0.6287826  0.5914002  0.4610141  0.5837775  0.6920764  0.6847413  0.6888411  0.6817053  0.6802841  0.6846862  0.7007363  0.6899375  0.6828403  0.6753306  0.6671972  0.6463163  0.6144980  0.6612283
 2  0.5709265  0.5237572  0.4864099  0.4669147  0.4915705  0.5266118  0.5395921  0.5426958  0.5365008  0.5368526  0.4978885  0.4029310  0.5670515  0.6051827  0.6062105  0.5906796  0.5588384  0.5279464  0.5476091  0.5831709  0.5806668  0.5581595  0.5279801  0.5086693  0.4953006  0.5366100  0.5858429
 3  0.7534590  0.7122673  0.6649498  0.6348802  0.6341596  0.6610241  0.6635216  0.6704622  0.6509604  0.6482453  0.6147055  0.4747760  0.5811135  0.7203820  0.7102505  0.7103882  0.7012374  0.6974690  0.6991515  0.7210585  0.7121691  0.7018932  0.6925417  0.6843520  0.6632984  0.6287154  0.6811903
 4  0.4540021  0.4161973  0.3800697  0.3708562  0.4306367  0.4637514  0.4670220  0.4662012  0.4695405  0.4756436  0.4088686  0.3624354  0.5359347  0.5509022  0.5220226  0.4867751  0.4422622  0.4072682  0.4877790  0.5241579  0.4853655  0.4368853  0.4196390  0.4088181  0.4168969  0.4976390  0.5336444
 1  0.7296156  0.6865713  0.6319811  0.5965498  0.5851621  0.5752361  0.5571186  0.5807034  0.6611771  0.6569552  0.6337820  0.6123044  0.6126091  0.6367114  0.6408856  0.6351441  0.6042149  0.5558284  0.5645396  0.6228040  0.5981583  0.6545288  0.6635210  0.6344883  0.6058501  0.6326085  0.6556636
 2  0.5721350  0.5249587  0.4794257  0.4563447  0.4614995  0.4676890  0.4749083  0.5482003  0.5896864  0.5775922  0.5455682  0.5038091  0.5035807  0.5405994  0.5557280  0.5462698  0.5102158  0.4758734  0.5289945  0.5537136  0.5514704  0.5893859  0.5831584  0.5498638  0.5211565  0.5564594  0.5719006
 3  0.7525046  0.7120612  0.6562069  0.6165811  0.6020275  0.5924592  0.5728484  0.5879846  0.6842269  0.6824544  0.6578089  0.6321132  0.6276315  0.6532862  0.6606485  0.6562569  0.6258123  0.5718636  0.5738538  0.6458723  0.6147219  0.6738565  0.6894589  0.6591102  0.6231762  0.6485793  0.6774349
 4  0.4555682  0.4155233  0.3759718  0.3690626  0.3938077  0.4012892  0.4227871  0.5172623  0.5387534  0.5106385  0.4483507  0.3983624  0.4417071  0.4888048  0.4936372  0.4743812  0.4231212  0.4198861  0.4987946  0.5036732  0.5069522  0.5423944  0.5196573  0.4547180  0.4530086  0.5094750  0.5070850
 1  0.7282820  0.6798776  0.6199264  0.5830418  0.5987420  0.6071161  0.6144113  0.6257325  0.6381701  0.6390965  0.6249003  0.6317265  0.6815168  0.6705153  0.6584575  0.6522741  0.6459255  0.6297963  0.6458553  0.7020885  0.7009618  0.7003716  0.6995157  0.6976008  0.6812485  0.6694175  0.6588168
 2  0.5697585  0.5218709  0.4760211  0.4577987  0.4744318  0.4751135  0.4664921  0.4704693  0.4908105  0.5047685  0.5148820  0.5740984  0.6029627  0.5904798  0.5678259  0.5451364  0.5253685  0.5081613  0.5769950  0.6137148  0.6165870  0.6033261  0.5847927  0.5664005  0.5319885  0.5059812  0.4883871
 3  0.7517544  0.7066486  0.6451680  0.6028709  0.6160377  0.6247734  0.6304256  0.6406920  0.6537008  0.6562972  0.6424305  0.6434279  0.7059090  0.6961179  0.6815435  0.6719655  0.6639450  0.6487702  0.6559384  0.7263605  0.7257464  0.7216717  0.7192417  0.7167172  0.6991575  0.6860842  0.6751153
 4  0.4555172  0.4185805  0.3767149  0.3807569  0.3995154  0.3813388  0.3645792  0.3857716  0.4181571  0.4305441  0.4504825  0.5320133  0.5498983  0.5184058  0.4739322  0.4467305  0.4419976  0.4258811  0.5317476  0.5601495  0.5349900  0.5056973  0.4894680  0.4606566  0.4169094  0.3940945  0.3847567
 1  0.7315684  0.6873880  0.6542261  0.6384463  0.6334519  0.6360931  0.6485078  0.6803298  0.6661782  0.6613251  0.6554616  0.6427002  0.6240392  0.5964371  0.5910773  0.5736236  0.6464567  0.7110727  0.6881466  0.6696775  0.6487178  0.6141113  0.5694924  0.5010341  0.6117422  0.6174504  0.6548864
 2  0.5697771  0.5223139  0.4955264  0.4761100  0.4573821  0.4497404  0.5055081  0.5652345  0.5749668  0.5714902  0.5623258  0.5378153  0.5036160  0.4749517  0.4836225  0.5054782  0.6010221  0.6240512  0.6038183  0.5688197  0.5316766  0.4982389  0.4588683  0.4805400  0.5534897  0.5636749  0.5884190
 3  0.7537993  0.7128146  0.6777983  0.6584429  0.6506378  0.6510381  0.6609837  0.6980272  0.6873140  0.6826466  0.6774341  0.6631609  0.6431184  0.6137252  0.6069821  0.5891866  0.6534934  0.7376829  0.7142798  0.6904554  0.6671748  0.6345974  0.5874413  0.5059232  0.6307666  0.6354996  0.6756044
 4  0.4515532  0.4146470  0.3870267  0.3604138  0.3383282  0.3461095  0.4605976  0.5122410  0.5086566  0.5047174  0.4815257  0.4439050  0.4059208  0.3963289  0.4248563  0.4608091  0.5541826  0.5670106  0.5101870  0.4583213  0.4492745  0.4113178  0.3835944  0.4616236  0.5097028  0.5190862  0.5390498
 1  0.7286303  0.6826911  0.6243609  0.5856537  0.5588378  0.5523460  0.5877598  0.6005209  0.6673195  0.6904427  0.6848898  0.6751476  0.6660312  0.6649166  0.6612272  0.6461158  0.6368716  0.6280009  0.6567883  0.6244900  0.6179096  0.6433969  0.6332210  0.6788495  0.7223180  0.7125841  0.6954695
 2  0.5686480  0.5225831  0.4767489  0.4454536  0.4371947  0.4786068  0.5247454  0.5559236  0.5958930  0.6088099  0.5923527  0.5616372  0.5266884  0.5113630  0.5017549  0.4841481  0.4824402  0.5324233  0.5721664  0.5492810  0.5500584  0.5664432  0.5498412  0.6079131  0.6268250  0.6221344  0.5868083
 3  0.7517398  0.7088155  0.6491088  0.6063795  0.5754615  0.5648527  0.6047461  0.6141354  0.6883681  0.7143050  0.7078208  0.6954529  0.6835676  0.6814909  0.6782611  0.6628748  0.6527082  0.6416972  0.6777492  0.6479359  0.6345823  0.6645234  0.6560695  0.6919679  0.7473227  0.7374183  0.7167004
 4  0.4547156  0.4168095  0.3759161  0.3504745  0.3710965  0.4426776  0.4779816  0.5148355  0.5434876  0.5383791  0.4985233  0.4449831  0.4169696  0.4181916  0.4010170  0.3812677  0.3999856  0.4901727  0.5200925  0.4773854  0.4986139  0.5091530  0.4704450  0.5492708  0.5678021  0.5329704  0.4580361
 1  0.7290541  0.6814757  0.6250134  0.5952088  0.6216771  0.6229084  0.6225556  0.6297736  0.6503561  0.6521471  0.6583637  0.6528690  0.6329956  0.6263349  0.6731140  0.6881284  0.6944090  0.6896608  0.6734811  0.6587513  0.6451648  0.6334300  0.6011673  0.4786307  0.6174357  0.6668131  0.5992883
 2  0.5720311  0.5230618  0.4785418  0.4788121  0.5096415  0.5048344  0.4783133  0.4727240  0.5044100  0.5343117  0.5605420  0.5601448  0.5363195  0.5526401  0.5910353  0.6062337  0.6022366  0.5870222  0.5501752  0.5055855  0.4762928  0.4985358  0.5351097  0.4588801  0.5720902  0.5865072  0.5224936
 3  0.7524456  0.7078604  0.6498347  0.6136762  0.6394095  0.6427263  0.6398399  0.6443196  0.6656751  0.6695575  0.6771505  0.6746899  0.6546508  0.6408599  0.6936627  0.7107012  0.7168917  0.7114754  0.6934132  0.6765480  0.6610102  0.6482277  0.6194445  0.4870271  0.6305607  0.6929402  0.6261559
 4  0.4569095  0.4176880  0.3782237  0.4153375  0.4450314  0.4056333  0.3531469  0.3884800  0.4407972  0.4733815  0.5009421  0.4898024  0.4505417  0.5012019  0.5393928  0.5372696  0.5242972  0.4904374  0.4328869  0.3791169  0.3758024  0.4466838  0.4901607  0.4426052  0.5315341  0.5333936  0.4463696
 1  0.7304056  0.6863066  0.6430624  0.6207860  0.6165540  0.6246723  0.6374485  0.6580375  0.6543207  0.6452355  0.6552050  0.6626273  0.6957161  0.6925188  0.6779330  0.6758172  0.6687608  0.6610277  0.6671771  0.6561697  0.6512786  0.6454203  0.6418953  0.6383655  0.6171010  0.5902048  0.5881584
 2  0.5719358  0.5241406  0.4877122  0.4675487  0.4682101  0.4836428  0.5143451  0.5390521  0.5304740  0.5125262  0.5228650  0.5661324  0.5970145  0.5970367  0.5758983  0.5625159  0.5451811  0.5335004  0.5395063  0.5321385  0.5197298  0.5140803  0.5290802  0.5399959  0.5237247  0.5050359  0.5314210
 3  0.7532408  0.7120878  0.6671482  0.6408013  0.6332975  0.6406692  0.6528544  0.6757342  0.6741335  0.6621326  0.6716550  0.6785751  0.7166353  0.7153188  0.6986633  0.6955787  0.6883951  0.6784070  0.6850058  0.6754737  0.6692118  0.6626361  0.6583589  0.6580405  0.6382239  0.6075659  0.6025859
 4  0.4545313  0.4161992  0.3800315  0.3646978  0.3855775  0.4084310  0.4511550  0.4685275  0.4275969  0.4181852  0.4521162  0.5127525  0.5369155  0.5146882  0.4867637  0.4758221  0.4468371  0.4486524  0.4630620  0.4431878  0.4244994  0.4310310  0.4686117  0.4768471  0.4441675  0.4437668  0.4904170
 1  0.7281665  0.6808234  0.6291416  0.6030193  0.6021914  0.5978188  0.5859934  0.5556909  0.5367177  0.6519025  0.6159511  0.6766322  0.6873042  0.6956974  0.6783574  0.6705129  0.6575184  0.6428747  0.6510266  0.6358601  0.6566116  0.6652116  0.6644383  0.6778463  0.6960007  0.6805379  0.6658409
 2  0.5709774  0.5221279  0.4816352  0.4678032  0.4751016  0.4752410  0.4651344  0.4597105  0.5164730  0.5716907  0.5722646  0.5995861  0.6113485  0.6057090  0.5765919  0.5430197  0.5051691  0.5023861  0.5351590  0.5528198  0.5700603  0.5731172  0.5616991  0.5789205  0.5920408  0.5807243  0.5564447
 3  0.7515019  0.7071882  0.6538566  0.6229102  0.6194504  0.6155518  0.6027862  0.5713596  0.5425824  0.6783021  0.6309017  0.7003399  0.7113667  0.7191635  0.7003841  0.6893103  0.6750183  0.6582390  0.6681184  0.6549258  0.6765810  0.6869341  0.6841697  0.6947015  0.7177553  0.7026058  0.6857689
 4  0.4557197  0.4170906  0.3801502  0.3828899  0.4015365  0.3946438  0.3865506  0.4046068  0.4900744  0.5222988  0.5255408  0.5501369  0.5429134  0.5239987  0.4708900  0.4268919  0.3940714  0.4339370  0.4797386  0.4940573  0.5094301  0.4924170  0.4724230  0.5150497  0.5259106  0.4924107  0.4685429
 1  0.7281973  0.6810513  0.6337120  0.6019087  0.6032549  0.6432703  0.6572151  0.6610143  0.6643404  0.6687524  0.6722024  0.6802722  0.6644057  0.6407331  0.6024345  0.5822962  0.5929106  0.5906475  0.6943024  0.6707097  0.6485582  0.6469230  0.6504794  0.6518431  0.6566483  0.6771156  0.7016305
 2  0.5743464  0.5232414  0.4838931  0.4538696  0.4786907  0.5290356  0.5464521  0.5358041  0.5116879  0.4835484  0.4852802  0.5366470  0.5589966  0.5486126  0.5242998  0.5232819  0.5261179  0.5705362  0.6100798  0.5894612  0.5546415  0.5317854  0.5264765  0.5367022  0.5656449  0.6020894  0.6119898
 3  0.7516029  0.7069893  0.6579430  0.6227552  0.6185488  0.6590621  0.6764727  0.6796080  0.6813849  0.6841183  0.6857763  0.6964955  0.6846100  0.6622268  0.6234491  0.5976359  0.6144369  0.5920239  0.7209871  0.6978660  0.6709332  0.6653176  0.6682014  0.6691146  0.6743784  0.6958994  0.7268166
 4  0.4584144  0.4155433  0.3820899  0.3509809  0.4194360  0.4752303  0.4661671  0.4254571  0.3836430  0.3480617  0.4079077  0.4809406  0.4954713  0.4827594  0.4583792  0.4812383  0.4720074  0.5326114  0.5584838  0.5068555  0.4487520  0.4385152  0.4469354  0.4705780  0.5115147  0.5476778  0.5467688
 1  0.7281184  0.6803456  0.6268393  0.5924530  0.5587656  0.5367771  0.6386293  0.6058753  0.5725088  0.5309570  0.6028064  0.6558570  0.6661847  0.6625888  0.6508283  0.6438126  0.6651150  0.6831070  0.6822566  0.7002091  0.6883440  0.6720515  0.6468984  0.6100715  0.5914876  0.6214266  0.5761106
 2  0.5729084  0.5231594  0.4804733  0.4526259  0.4370884  0.4973209  0.5718437  0.5372758  0.5024596  0.4864831  0.5566644  0.5840816  0.5855846  0.5678948  0.5334705  0.5200313  0.5587857  0.5788136  0.5884241  0.5959302  0.5808130  0.5454688  0.4877255  0.4501900  0.4969218  0.5528572  0.5098705
 3  0.7517145  0.7068348  0.6516376  0.6130935  0.5757504  0.5438459  0.6595565  0.6301630  0.5943256  0.5459863  0.6146962  0.6785016  0.6900429  0.6844164  0.6704188  0.6605310  0.6811212  0.7042609  0.7018280  0.7207841  0.7105398  0.6919114  0.6642972  0.6256846  0.6039909  0.6448840  0.5995073
 4  0.4576816  0.4178749  0.3794961  0.3579960  0.3685915  0.4735830  0.5260747  0.4805626  0.4409154  0.4454700  0.5194930  0.5302570  0.5101139  0.4704054  0.4262590  0.4425180  0.5056325  0.5103658  0.5128090  0.5237448  0.4870282  0.4185756  0.3575935  0.3688716  0.4628038  0.5048834  0.4552105
 1  0.7289669  0.6798174  0.6275848  0.5970067  0.6078525  0.6293589  0.6290034  0.6212896  0.6136582  0.6010037  0.6223473  0.7004203  0.7146092  0.6975334  0.6742356  0.6633648  0.6537393  0.6483094  0.6353140  0.6214890  0.6231309  0.5961769  0.5647291  0.5533192  0.6023200  0.6325336  0.6496419
 2  0.5742236  0.5219689  0.4810311  0.4697119  0.5038389  0.5284865  0.5195450  0.4862423  0.4497431  0.4464756  0.5649060  0.6205885  0.6275977  0.6104483  0.5592362  0.5064214  0.4759101  0.4934632  0.5392126  0.5606646  0.5550728  0.5256826  0.4974273  0.5056498  0.5501135  0.5723048  0.5775006
 3  0.7523603  0.7060461  0.6521476  0.6166614  0.6237846  0.6479684  0.6490094  0.6393646  0.6301807  0.6149658  0.6304873  0.7247253  0.7422985  0.7224663  0.6945771  0.6804297  0.6689990  0.6629209  0.6521810  0.6395527  0.6456158  0.6188903  0.5842841  0.5667278  0.6184193  0.6518889  0.6723570
 4  0.4578898  0.4160871  0.3822629  0.3936765  0.4499781  0.4625109  0.4215712  0.3675437  0.3329575  0.3836957  0.5308926  0.5651541  0.5624717  0.5063368  0.4225175  0.3723188  0.3768546  0.4339636  0.4894597  0.5149529  0.5018992  0.4629161  0.4371901  0.4672596  0.5085959  0.5239953  0.5227555
 1  0.7287269  0.6810465  0.6285501  0.5981365  0.5925610  0.6148682  0.6345122  0.6436982  0.6481016  0.6374483  0.6546048  0.6618160  0.6394145  0.6253562  0.6280481  0.6270609  0.6747362  0.7080225  0.6812844  0.6529755  0.6343533  0.6129493  0.5887701  0.6658604  0.6229104  0.6624421  0.6680982
 2  0.5719461  0.5224118  0.4813194  0.4534884  0.4529426  0.4896268  0.5265018  0.5466610  0.5505323  0.5493636  0.5672799  0.5687343  0.5392343  0.5167264  0.5213892  0.5375290  0.5963233  0.6151220  0.5892404  0.5402009  0.4835374  0.4327564  0.4702543  0.5890948  0.5635524  0.5839882  0.5895757
 3  0.7520538  0.7073838  0.6532504  0.6189796  0.6093957  0.6293458  0.6512611  0.6620899  0.6680805  0.6565536  0.6733793  0.6837935  0.6610106  0.6433489  0.6454098  0.6444884  0.6902885  0.7319407  0.7061039  0.6743523  0.6525614  0.6285910  0.5993082  0.6910145  0.6438669  0.6860790  0.6895482
 4  0.4562514  0.4171398  0.3806546  0.3517366  0.3732272  0.4327391  0.4676490  0.4818241  0.4794043  0.4831500  0.5082078  0.4948002  0.4438580  0.4348745  0.4555266  0.4796219  0.5423834  0.5529498  0.4959676  0.4149426  0.3452431  0.3209701  0.4426239  0.5379819  0.5157629  0.5214829  0.5161595
 1  0.7276935  0.6808899  0.6225792  0.5870498  0.5974063  0.6225444  0.6345139  0.6325799  0.6402740  0.6561720  0.6680262  0.6680845  0.6694872  0.6935463  0.7113279  0.6947292  0.6730765  0.6662549  0.6784411  0.6819435  0.6627618  0.6389483  0.6188634  0.5755956  0.5765630  0.6623533  0.6512573
 2  0.5721492  0.5231672  0.4762967  0.4555944  0.4804850  0.5126472  0.5217778  0.5110368  0.5149612  0.5395230  0.5566499  0.5563802  0.5561227  0.5919534  0.6064422  0.5900205  0.5395889  0.5082801  0.5413909  0.5632848  0.5477953  0.5115426  0.4881289  0.4721559  0.5312056  0.5895332  0.5726149
 3  0.7511928  0.7071239  0.6473268  0.6070700  0.6136405  0.6391038  0.6528510  0.6507923  0.6565580  0.6727341  0.6869318  0.6875485  0.6876847  0.7103427  0.7339196  0.7176838  0.6923849  0.6813984  0.6938856  0.7020141  0.6841684  0.6580153  0.6356834  0.5937578  0.5855020  0.6843212  0.6773200
 4  0.4573467  0.4167572  0.3762471  0.3737295  0.4183552  0.4495253  0.4406663  0.4171104  0.4374853  0.4766825  0.4848350  0.4706788  0.4756815  0.5309862  0.5402376  0.4826302  0.3894292  0.4097776  0.4869058  0.4952773  0.4475244  0.4038405  0.4093550  0.4089591  0.4968546  0.5426646  0.4965800
 1  0.7285885  0.6862186  0.6440010  0.6225375  0.6239687  0.6237764  0.6439642  0.6516700  0.6374438  0.6172228  0.6231206  0.6639919  0.6371848  0.6212191  0.6485107  0.6450411  0.6557954  0.6715510  0.6721381  0.6871833  0.7032621  0.6897026  0.6782782  0.6705309  0.6602609  0.6580068  0.6938346
 2  0.5713707  0.5254495  0.4877636  0.4777681  0.4896994  0.5065602  0.5303551  0.5331327  0.5029463  0.4667364  0.5287967  0.5812038  0.5565738  0.5466497  0.5652353  0.5656576  0.5677324  0.5702671  0.5571924  0.5744514  0.5929842  0.5841549  0.5588275  0.5263475  0.4845718  0.5171260  0.5754506
 3  0.7516385  0.7118235  0.6678804  0.6417152  0.6411769  0.6408208  0.6607213  0.6708812  0.6563965  0.6336520  0.6346210  0.6860324  0.6623848  0.6386424  0.6684709  0.6663477  0.6758724  0.6924657  0.6910023  0.7031514  0.7241324  0.7118176  0.6982166  0.6887369  0.6766059  0.6701976  0.7123785
 4  0.4556943  0.4160292  0.3781324  0.3918965  0.4163348  0.4378813  0.4623650  0.4444795  0.3868335  0.3697175  0.4917912  0.5311458  0.4743644  0.4854139  0.5091479  0.4973008  0.4990017  0.4819071  0.4572829  0.5086468  0.5281983  0.4939274  0.4481591  0.4007829  0.3509532  0.4708554  0.5231591
 1  0.7287496  0.6818591  0.6319612  0.6027160  0.5389159  0.4282837  0.6959609  0.5194366  0.5615079  0.5740800  0.5996817  0.6639567  0.5936578  0.4861161  0.6167183  0.6407389  0.6164665  0.5783390  0.5529741  0.5955452  0.6172381  0.5346881  0.4023925  0.6420237  0.6782391  0.6327425  0.6355398
 2  0.5722266  0.5235127  0.4829948  0.4521600  0.3915754  0.4708297  0.6040188  0.4752052  0.5131857  0.5187468  0.5617328  0.5849724  0.5143174  0.4564924  0.5650902  0.5722718  0.5464136  0.5140525  0.5059219  0.5457171  0.5450049  0.4622305  0.4140415  0.5886513  0.5979077  0.5692454  0.5671130
 3  0.7522206  0.7083418  0.6566673  0.6235174  0.5573874  0.4115730  0.7267092  0.5384149  0.5782886  0.5935301  0.6108225  0.6889955  0.6212915  0.4954263  0.6310971  0.6640117  0.6395254  0.5998458  0.5674465  0.6114890  0.6404443  0.5594954  0.3998551  0.6560163  0.7044657  0.6546487  0.6567601
 4  0.4567510  0.4181136  0.3787169  0.3435205  0.2956410  0.4713226  0.5504804  0.4432671  0.4763489  0.4748797  0.5225731  0.5331074  0.4297219  0.4292375  0.5275716  0.5196767  0.4917499  0.4554677  0.4671733  0.5050156  0.4892218  0.3856894  0.4132560  0.5457891  0.5422328  0.5151373  0.5174910
 1  0.7314508  0.6878004  0.6414069  0.6188849  0.6253579  0.6386424  0.6311618  0.6141032  0.6004032  0.6431648  0.6941857  0.6871932  0.6765497  0.6776026  0.6887235  0.6923967  0.6652966  0.6431951  0.6116838  0.5551232  0.6419375  0.6032113  0.5695257  0.5265638  0.5356149  0.6277089  0.6010778
 2  0.5718119  0.5234790  0.4854788  0.4817501  0.5145648  0.5339024  0.5165491  0.4725192  0.4660368  0.5832256  0.6094419  0.6031557  0.5705561  0.5469891  0.5585347  0.5689921  0.5483028  0.5234481  0.5026207  0.5212923  0.5694196  0.5322392  0.4945943  0.4682190  0.5083351  0.5561477  0.5590256
 3  0.7538355  0.7130726  0.6653554  0.6380901  0.6417436  0.6579875  0.6514892  0.6322381  0.6143710  0.6526193  0.7199703  0.7123296  0.6974892  0.6945551  0.7053234  0.7121038  0.6860169  0.6619867  0.6303543  0.5639208  0.6643430  0.6283217  0.5888833  0.5443890  0.5429549  0.6512448  0.6159741
 4  0.4534029  0.4143047  0.3812286  0.4036830  0.4593371  0.4638503  0.4111420  0.3485520  0.4060968  0.5437704  0.5527704  0.5111373  0.4466290  0.4469535  0.4918346  0.4942465  0.4540060  0.4360575  0.4317056  0.4903345  0.5217606  0.4612872  0.4316389  0.4170628  0.4821040  0.5072878  0.5151233
 1  0.7320621  0.6914412  0.6488588  0.6219990  0.6128578  0.6164581  0.6237838  0.6465646  0.6698617  0.6914097  0.6930580  0.6908987  0.6896178  0.6845104  0.6778820  0.6721106  0.6590956  0.6304029  0.6019475  0.6682612  0.6209652  0.6515222  0.6383387  0.6333715  0.6364396  0.6565568  0.6855622
 2  0.5746545  0.5263231  0.4882235  0.4632017  0.4582348  0.4670171  0.4934151  0.5315003  0.5696631  0.5890798  0.5872151  0.5755186  0.5600244  0.5471291  0.5305484  0.5184007  0.4990917  0.4697874  0.5107763  0.5878376  0.5656754  0.5738830  0.5597034  0.5386117  0.5378963  0.5678763  0.5935990
 3  0.7544364  0.7162697  0.6722801  0.6420263  0.6297376  0.6323083  0.6388782  0.6624124  0.6873068  0.7114521  0.7143005  0.7101765  0.7080406  0.7028319  0.6953391  0.6891695  0.6762185  0.6475111  0.6135594  0.6943141  0.6410762  0.6749280  0.6627749  0.6530490  0.6538289  0.6736559  0.7059244
 4  0.4545522  0.4138657  0.3794980  0.3573397  0.3706810  0.3867655  0.4288222  0.4725008  0.5076342  0.5201544  0.4988456  0.4767313  0.4659160  0.4481309  0.4287822  0.4163254  0.3934855  0.3728523  0.4759078  0.5369716  0.5151173  0.5204399  0.4749594  0.4492597  0.4707128  0.5124463  0.5307477
 1  0.7287904  0.6835164  0.6348956  0.6058966  0.6045610  0.6240230  0.6408306  0.6463086  0.6447982  0.6548530  0.6660088  0.6864087  0.6847216  0.6828745  0.6726044  0.6666412  0.6619127  0.6507122  0.6561326  0.6516555  0.6507309  0.6669684  0.6811905  0.6759965  0.6720466  0.6707194  0.6792696
 2  0.5701777  0.5238196  0.4841077  0.4581660  0.4657863  0.4964809  0.5133558  0.5077056  0.5069943  0.5326966  0.5661487  0.5837187  0.5804810  0.5606583  0.5284611  0.5109911  0.5124840  0.5322536  0.5563081  0.5605852  0.5659533  0.5817310  0.5882023  0.5730827  0.5454246  0.5213753  0.5226848
 3  0.7520664  0.7098105  0.6594494  0.6262342  0.6209286  0.6396600  0.6582158  0.6637092  0.6602017  0.6719281  0.6837357  0.7066656  0.7058928  0.7022113  0.6903962  0.6829581  0.6786103  0.6678609  0.6750431  0.6724513  0.6700306  0.6868634  0.7032113  0.6973292  0.6912074  0.6873206  0.6949134
 4  0.4552733  0.4179815  0.3782569  0.3574244  0.3921329  0.4328775  0.4304950  0.4008403  0.4300220  0.4717993  0.5040932  0.5149623  0.4898538  0.4495431  0.4139843  0.4153423  0.4345694  0.4704289  0.4960792  0.4923542  0.5020629  0.5208295  0.5134809  0.4753586  0.4257658  0.4125598  0.4398986
 1  0.7295185  0.6835518  0.6360031  0.6123619  0.6161950  0.6064210  0.5505641  0.6720581  0.6275977  0.5888512  0.6114355  0.6243667  0.5884925  0.5615246  0.6326298  0.6765430  0.6411170  0.6119294  0.6139270  0.6230077  0.6274039  0.6322467  0.6413334  0.6514583  0.6407889  0.6187915  0.5959129
 2  0.5718653  0.5230020  0.4845919  0.4816894  0.5064456  0.5055095  0.5083113  0.5892999  0.5478005  0.5169944  0.5401767  0.5503602  0.5226052  0.5180548  0.5806943  0.5951832  0.5578742  0.5127240  0.4991291  0.5033082  0.5109146  0.5251788  0.5453918  0.5568771  0.5447941  0.5152180  0.5124814
 3  0.7524887  0.7094268  0.6602462  0.6313393  0.6333463  0.6265118  0.5602942  0.6988893  0.6553813  0.6084040  0.6279383  0.6453213  0.6082579  0.5764278  0.6474797  0.7017887  0.6669996  0.6328218  0.6311722  0.6399068  0.6443678  0.6493245  0.6589937  0.6708502  0.6616513  0.6389232  0.6112440
 4  0.4555759  0.4158283  0.3809686  0.4076205  0.4480812  0.4298496  0.4757254  0.5393091  0.4688398  0.4505033  0.4923059  0.4907453  0.4688691  0.4814816  0.5356781  0.5375772  0.4676686  0.4117134  0.4175199  0.4295200  0.4390397  0.4589628  0.4834633  0.4903960  0.4658225  0.4270678  0.4592905
 1  0.7274045  0.6818744  0.6314162  0.6032288  0.5888021  0.5782631  0.6134159  0.6274827  0.6184401  0.6037077  0.5898216  0.5415096  0.5478845  0.6589411  0.6181874  0.6774391  0.6873001  0.7073858  0.7142715  0.7014614  0.6650302  0.6341881  0.6165991  0.5973514  0.5920470  0.6499970  0.6188701
 2  0.5715916  0.5239169  0.4820528  0.4542539  0.4295312  0.4395537  0.5106508  0.5427393  0.5349445  0.5232996  0.5101870  0.4780678  0.5331055  0.5791624  0.5746617  0.5982084  0.6123481  0.6214628  0.6198604  0.6039077  0.5448576  0.4692238  0.4114873  0.4121775  0.5000989  0.5786210  0.5556415
 3  0.7509238  0.7080620  0.6558837  0.6237638  0.6067255  0.5920637  0.6265486  0.6471464  0.6386089  0.6228769  0.6090494  0.5596164  0.5499283  0.6847118  0.6328971  0.7016898  0.7109504  0.7284922  0.7385008  0.7252909  0.6864887  0.6522210  0.6314177  0.6105396  0.6038996  0.6724746  0.6418074
 4  0.4571408  0.4171220  0.3777204  0.3502518  0.3215509  0.3828255  0.4713246  0.4829070  0.4666208  0.4596225  0.4471230  0.4238153  0.5077884  0.5276077  0.5265087  0.5486492  0.5401050  0.5521043  0.5506794  0.5084838  0.4090383  0.3101401  0.2885912  0.3508610  0.4690888  0.5330265  0.5015116
 1  0.7295224  0.6865967  0.6402945  0.6145309  0.6174129  0.6227169  0.6322270  0.6304625  0.6150363  0.5862162  0.6250956  0.6549596  0.6707864  0.6789380  0.6825099  0.6907792  0.7026767  0.6983111  0.6822223  0.6728022  0.6695516  0.6800507  0.7100757  0.6906891  0.6634809  0.6471166  0.6465619
 2  0.5724896  0.5259165  0.4857562  0.4703704  0.4821846  0.4974107  0.5071796  0.5013833  0.4829182  0.4932094  0.5557947  0.5851641  0.5897969  0.5897034  0.5702783  0.5627028  0.5753579  0.5785663  0.5596839  0.5389447  0.5251740  0.5738732  0.6049291  0.5917546  0.5377912  0.4813298  0.4726062
 3  0.7526309  0.7122956  0.6643156  0.6340236  0.6344068  0.6397069  0.6492693  0.6485129  0.6324973  0.6007313  0.6407387  0.6751158  0.6943553  0.7015810  0.7025889  0.7072132  0.7205620  0.7191152  0.7023140  0.6907912  0.6872617  0.6939405  0.7326128  0.7149443  0.6837429  0.6632364  0.6613420
 4  0.4564538  0.4168345  0.3778573  0.3821339  0.4080469  0.4238776  0.4275327  0.4103296  0.3955517  0.4483144  0.5116835  0.5320811  0.5251727  0.4999576  0.4539045  0.4715355  0.5088624  0.4966634  0.4543799  0.4383685  0.4280276  0.5206023  0.5475060  0.4903770  0.3866013  0.3548207  0.3904012
 1  0.7309671  0.6881320  0.6485528  0.6257803  0.6204264  0.6153752  0.6023812  0.6020316  0.6470890  0.6281223  0.6445182  0.6486419  0.6890759  0.6937985  0.6874100  0.6883021  0.6911329  0.6924049  0.6931944  0.6913430  0.6885919  0.6836716  0.6860042  0.6735794  0.6619685  0.6717046  0.6689169
 2  0.5684563  0.5234431  0.4905709  0.4701952  0.4593249  0.4436425  0.4374618  0.5187766  0.5702697  0.5626164  0.5655238  0.5794201  0.5982756  0.5959032  0.5707938  0.5487503  0.5342813  0.5230059  0.5228483  0.5261950  0.5306610  0.5446034  0.5581607  0.5450266  0.5330678  0.5462516  0.5497317
 3  0.7533426  0.7135582  0.6723238  0.6457068  0.6378430  0.6317693  0.6168120  0.6128965  0.6681758  0.6490683  0.6658892  0.6677894  0.7106148  0.7157164  0.7069593  0.7058233  0.7079076  0.7082286  0.7088257  0.7073868  0.7051398  0.7003722  0.7046825  0.6936368  0.6788076  0.6891265  0.6886127
 4  0.4519946  0.4152868  0.3816585  0.3666868  0.3574194  0.3339784  0.3602744  0.4883250  0.5183878  0.5038275  0.5060397  0.5185435  0.5306570  0.5036050  0.4596596  0.4406536  0.4252178  0.4166471  0.4218973  0.4323402  0.4395490  0.4701049  0.4823297  0.4404088  0.4454336  0.4787883  0.4645328
 1  0.7317671  0.6900678  0.6497311  0.6251325  0.6174767  0.6223524  0.6329611  0.6375068  0.6487954  0.6580922  0.6654993  0.6920602  0.6910313  0.6831360  0.6785169  0.6814734  0.6933305  0.6898934  0.6790542  0.6719674  0.6707281  0.6648811  0.6683293  0.6641218  0.6745343  0.6865377  0.6932369
 2  0.5734793  0.5252307  0.4899505  0.4703790  0.4715037  0.4881687  0.5045133  0.5119390  0.5235101  0.5291231  0.5580973  0.5892192  0.5902824  0.5673878  0.5264525  0.5045024  0.5274668  0.5504899  0.5524558  0.5524582  0.5553627  0.5555525  0.5542435  0.5513353  0.5665562  0.5871109  0.5908048
 3  0.7541083  0.7150693  0.6732195  0.6449182  0.6344105  0.6385703  0.6496860  0.6547539  0.6657898  0.6757504  0.6811755  0.7117284  0.7135285  0.7036555  0.6959958  0.6958494  0.7083366  0.7083430  0.6980780  0.6904324  0.6899471  0.6841649  0.6880035  0.6828036  0.6920913  0.7063554  0.7150597
 4  0.4539986  0.4140657  0.3813384  0.3711160  0.3909504  0.4163984  0.4279684  0.4315861  0.4445331  0.4447248  0.4974716  0.5302335  0.5062527  0.4454817  0.3767232  0.4001368  0.4625018  0.4749689  0.4653795  0.4739658  0.4796460  0.4801202  0.4706102  0.4686185  0.5016630  0.5232012  0.5112285
 1  0.7288535  0.6820883  0.6366867  0.6147900  0.6295357  0.6534311  0.6662332  0.6607857  0.6539736  0.6528773  0.6659908  0.6645828  0.6562408  0.6533380  0.6392847  0.6098490  0.5839142  0.6076232  0.6668250  0.6668241  0.6933843  0.6901028  0.6860942  0.6906237  0.6813744  0.6699410  0.6542426
 2  0.5713388  0.5228276  0.4859192  0.4787319  0.5112717  0.5479634  0.5581324  0.5398143  0.5024324  0.4850860  0.5133504  0.5363131  0.5511920  0.5572681  0.5391840  0.4978277  0.4888452  0.5660744  0.5941850  0.5967910  0.6093372  0.6001957  0.5785857  0.5624318  0.5366311  0.5035926  0.4815670
 3  0.7520863  0.7082459  0.6610607  0.6342155  0.6458516  0.6707482  0.6859500  0.6807644  0.6714852  0.6675734  0.6812711  0.6826262  0.6744661  0.6737625  0.6613608  0.6296439  0.5985659  0.6188405  0.6901352  0.6893090  0.7181615  0.7132400  0.7056858  0.7092404  0.6998016  0.6866322  0.6701795
 4  0.4561338  0.4167630  0.3818635  0.3974471  0.4513818  0.4870619  0.4790961  0.4267735  0.3666055  0.3943616  0.4494663  0.4662098  0.4862816  0.4920024  0.4494292  0.3991020  0.4373317  0.5278823  0.5436004  0.5418009  0.5413369  0.5054058  0.4785150  0.4646713  0.4223394  0.3819751  0.3813890
 1  0.7275399  0.6835103  0.6429982  0.6220012  0.6035248  0.5988653  0.6045130  0.6098067  0.6517383  0.6711339  0.6805859  0.6839669  0.6785943  0.6746142  0.6806385  0.6840664  0.6782486  0.6783166  0.6919568  0.7015465  0.6884372  0.6792867  0.6761558  0.6644306  0.6608957  0.6772450  0.6891395
 2  0.5739787  0.5258796  0.4888721  0.4652208  0.4517340  0.4662744  0.4900350  0.5295252  0.5711304  0.5857208  0.5831421  0.5695252  0.5397409  0.5168300  0.5367484  0.5601251  0.5638739  0.5677219  0.5876441  0.5966267  0.5810501  0.5616476  0.5462105  0.5247730  0.5216199  0.5522916  0.5731598
 3  0.7511398  0.7093131  0.6667983  0.6420540  0.6205200  0.6143631  0.6210021  0.6242149  0.6705637  0.6927109  0.7015125  0.7037786  0.6969295  0.6907617  0.6961790  0.7031116  0.6983404  0.6967758  0.7107428  0.7231089  0.7101788  0.6983790  0.6946386  0.6832328  0.6768816  0.6939031  0.7084743
 4  0.4592037  0.4164436  0.3800688  0.3572684  0.3664717  0.4022086  0.4259589  0.4830763  0.5184139  0.5141524  0.4964828  0.4662322  0.4191384  0.4133521  0.4711364  0.4928077  0.4795007  0.4906460  0.5223877  0.5237366  0.4856355  0.4634535  0.4552028  0.4190050  0.4394479  0.4905524  0.4991488
 1  0.7283414  0.6853327  0.6373526  0.6065857  0.5884082  0.5752354  0.5393583  0.6022908  0.6699033  0.6505625  0.6658278  0.6716486  0.6718493  0.6820411  0.6885739  0.6920176  0.6968200  0.7016074  0.7000258  0.6962310  0.6835313  0.6758728  0.6557074  0.6184023  0.6312172  0.6840020  0.6915511
 2  0.5707404  0.5255412  0.4840754  0.4509774  0.4259745  0.4146229  0.4216901  0.5626350  0.5930930  0.5880552  0.5871607  0.5899806  0.5675871  0.5415269  0.5238271  0.5286830  0.5659490  0.5900182  0.5936114  0.5806672  0.5504705  0.5338885  0.5351275  0.5346735  0.5680289  0.6020404  0.6046888
 3  0.7516474  0.7112628  0.6615892  0.6270992  0.6058838  0.5905041  0.5536374  0.6130158  0.6950583  0.6710139  0.6909969  0.6964758  0.6923479  0.6988525  0.7044315  0.7079458  0.7137059  0.7221855  0.7216844  0.7164265  0.7020866  0.6928838  0.6733560  0.6383337  0.6475922  0.7051821  0.7149668
 4  0.4561331  0.4174347  0.3759811  0.3403571  0.3235966  0.3310664  0.3710835  0.5264279  0.5424363  0.5375390  0.5330841  0.5001407  0.4429156  0.4192984  0.4218963  0.4479527  0.5032547  0.5244029  0.5097089  0.4757790  0.4399977  0.4436309  0.4724978  0.4790442  0.5176085  0.5435582  0.5324622
 1  0.7279220  0.6800036  0.6299511  0.5982468  0.5847320  0.5910125  0.6368884  0.6714649  0.6680943  0.6601401  0.6521838  0.6561937  0.6604578  0.6648554  0.6742314  0.6903569  0.6939322  0.7001278  0.6783787  0.6590365  0.6507964  0.6562092  0.6566246  0.6423193  0.6306511  0.6293257  0.6403380
 2  0.5722626  0.5225433  0.4823070  0.4527751  0.4404782  0.4778276  0.5498307  0.5787208  0.5672258  0.5339276  0.5025372  0.5084785  0.5285384  0.5490116  0.5788668  0.5960347  0.6042669  0.6007661  0.5695978  0.5247271  0.5058017  0.5301397  0.5450537  0.5352630  0.5215299  0.5242402  0.5411900
 3  0.7514597  0.7064343  0.6545902  0.6189962  0.6020689  0.6043476  0.6514440  0.6921145  0.6898832  0.6795467  0.6684825  0.6721805  0.6779160  0.6825909  0.6922924  0.7119471  0.7154098  0.7226498  0.7006801  0.6776512  0.6664557  0.6729526  0.6756269  0.6625861  0.6496792  0.6462633  0.6584852
 4  0.4572140  0.4171446  0.3799919  0.3508264  0.3538508  0.4318577  0.5055201  0.5132355  0.4695686  0.4064501  0.3999417  0.4368994  0.4568111  0.4807635  0.5194905  0.5324583  0.5330645  0.5218391  0.4584986  0.3989424  0.4254310  0.4689345  0.4756859  0.4526703  0.4368612  0.4583842  0.4777131
 1  0.7299583  0.6872195  0.6350640  0.6020161  0.6032400  0.6147117  0.6274685  0.6423516  0.6534711  0.6851637  0.6835448  0.6779968  0.6836399  0.6790455  0.6788392  0.6853220  0.6881276  0.6823722  0.6764617  0.6774776  0.6785235  0.6711947  0.6833681  0.6649495  0.6417301  0.6339509  0.6737294
 2  0.5711477  0.5252501  0.4815502  0.4544947  0.4578398  0.4706264  0.4894328  0.5063606  0.5451810  0.5803514  0.5805903  0.5685618  0.5613350  0.5519022  0.5419957  0.5481999  0.5510546  0.5347163  0.5105601  0.4992653  0.5028695  0.5357742  0.5725868  0.5662049  0.5354334  0.5548464  0.5869723
 3  0.7529014  0.7130312  0.6594766  0.6222398  0.6201476  0.6306081  0.6428419  0.6586991  0.6684560  0.7043751  0.7055855  0.6969498  0.7021621  0.6982888  0.6961406  0.7022632  0.7063251  0.7006052  0.6928831  0.6924228  0.6944684  0.6864965  0.7029454  0.6875320  0.6621602  0.6486138  0.6950407
 4  0.4546550  0.4171442  0.3749961  0.3575266  0.3743805  0.3903598  0.4149000  0.4267403  0.4883051  0.5213956  0.4924970  0.4739767  0.4781052  0.4557075  0.4460594  0.4656015  0.4622539  0.4188411  0.3819208  0.3987009  0.4105089  0.4772249  0.5147921  0.4836183  0.4448223  0.5034191  0.5337357
 1  0.7300844  0.6846392  0.5950285  0.5011840  0.4572692  0.5748707  0.5935959  0.5887653  0.6770637  0.6380948  0.6095319  0.6199329  0.6460991  0.6692254  0.6712460  0.6688945  0.6688856  0.6885695  0.6915865  0.6817435  0.6616847  0.6618160  0.7042045  0.6914668  0.6752537  0.6692648  0.6762413
 2  0.5711411  0.5235489  0.4565747  0.4012301  0.4005031  0.5288822  0.5295742  0.5597686  0.5964568  0.5615843  0.5333505  0.5493458  0.5705630  0.5837173  0.5722836  0.5471367  0.5360550  0.5619258  0.5743827  0.5630646  0.5308972  0.5709208  0.6038268  0.5954043  0.5533980  0.4995961  0.4811605
 3  0.7530262  0.7106776  0.6205298  0.5208185  0.4705143  0.5900731  0.6162541  0.5956709  0.7029732  0.6643364  0.6299302  0.6369519  0.6658319  0.6907692  0.6923355  0.6886015  0.6849978  0.7052647  0.7120175  0.7017539  0.6805090  0.6751641  0.7266790  0.7154658  0.6954559  0.6855821  0.6901651
 4  0.4548105  0.4170595  0.3663787  0.3369163  0.3633562  0.4954724  0.4871860  0.5244170  0.5448365  0.4878225  0.4654268  0.4966539  0.5149756  0.5101274  0.4806112  0.4305065  0.4486552  0.5008137  0.4976821  0.4625123  0.4286622  0.5205181  0.5473839  0.4979857  0.4046153  0.3449274  0.3810172
 1  0.7297766  0.6848057  0.6469380  0.6311211  0.6431850  0.6423984  0.6479767  0.6606985  0.6632135  0.6665203  0.6695374  0.6631547  0.6303983  0.5632466  0.5760266  0.4563837  0.6778058  0.7023604  0.6962012  0.6884084  0.6889318  0.6871075  0.6797224  0.6719154  0.6670825  0.6892155  0.6807878
 2  0.5731114  0.5244942  0.4914755  0.4922103  0.5132046  0.5188478  0.5247128  0.5359402  0.5380709  0.5399046  0.5439460  0.5316107  0.4881260  0.4577406  0.5167603  0.4798762  0.6096885  0.6203873  0.6114474  0.6049836  0.5887166  0.5694713  0.5387272  0.5109129  0.5350362  0.5742504  0.5740893
 3  0.7529155  0.7106406  0.6707364  0.6497940  0.6606544  0.6608464  0.6646092  0.6782790  0.6815131  0.6839449  0.6877800  0.6822456  0.6490447  0.5779276  0.5948847  0.4455081  0.6968354  0.7281117  0.7233913  0.7123612  0.7103026  0.7068960  0.6977176  0.6886243  0.6814202  0.7085833  0.7027629
 4  0.4566960  0.4162671  0.3824619  0.4133772  0.4424288  0.4338566  0.4449840  0.4584362  0.4516327  0.4580139  0.4624970  0.4324530  0.3808991  0.4090980  0.4743800  0.4709533  0.5593454  0.5637431  0.5470524  0.5206220  0.4955383  0.4635379  0.4237316  0.3992668  0.4783375  0.5166035  0.4842565
 1  0.7280549  0.6809974  0.6491183  0.6351281  0.6293565  0.6367078  0.6575472  0.6732181  0.6787088  0.7000820  0.6908164  0.6853681  0.6795290  0.6710539  0.6638847  0.6707687  0.6893574  0.6783077  0.6706271  0.6692713  0.6712913  0.6632761  0.6739272  0.6719482  0.6511894  0.6365565  0.6122004
 2  0.5742871  0.5233197  0.4950307  0.4795224  0.4746221  0.4953340  0.5330783  0.5514095  0.5716873  0.5871159  0.5786485  0.5545304  0.5216030  0.4841791  0.4753702  0.5491689  0.5820900  0.5756009  0.5558632  0.5513425  0.5499031  0.5501508  0.5622124  0.5575199  0.5294932  0.5102299  0.5074330
 3  0.7515398  0.7070218  0.6727946  0.6548475  0.6462789  0.6521546  0.6733482  0.6917747  0.6956832  0.7201334  0.7120852  0.7039177  0.6967044  0.6868727  0.6772813  0.6852173  0.7102843  0.6995877  0.6897419  0.6875240  0.6901952  0.6817110  0.6924647  0.6923641  0.6704646  0.6538064  0.6298524
 4  0.4584217  0.4157221  0.3863139  0.3736981  0.3849840  0.4261097  0.4709236  0.4714982  0.5013049  0.5173687  0.4806011  0.4361863  0.3940671  0.3436949  0.3976319  0.5058829  0.5170149  0.4824809  0.4627702  0.4718607  0.4694728  0.4736852  0.4908888  0.4690463  0.4287461  0.4291040  0.4451501
 1  0.7296925  0.6821534  0.6328075  0.6112496  0.6269666  0.6310645  0.6313633  0.6509794  0.6627828  0.6581570  0.6500833  0.6392706  0.6311300  0.6354037  0.6404319  0.6395606  0.6453009  0.6345769  0.6205895  0.6327857  0.6082214  0.6037604  0.6590766  0.6850707  0.6875899  0.6989482  0.6968230
 2  0.5699182  0.5222040  0.4843022  0.4799838  0.4989887  0.4987865  0.4940249  0.5226567  0.5463162  0.5437873  0.5277625  0.5076225  0.5159684  0.5476559  0.5577673  0.5579438  0.5551251  0.5398404  0.5362139  0.5493982  0.5293725  0.5438066  0.5868501  0.6013451  0.5976418  0.5963349  0.5849060
 3  0.7528275  0.7087934  0.6576866  0.6304877  0.6443909  0.6493756  0.6470954  0.6661419  0.6811010  0.6778404  0.6692197  0.6570584  0.6468624  0.6534082  0.6614522  0.6594111  0.6660928  0.6552736  0.6371150  0.6530171  0.6302105  0.6174924  0.6786792  0.7082160  0.7086626  0.7192380  0.7181555
 4  0.4541773  0.4185686  0.3805412  0.4017107  0.4254201  0.4014570  0.4062383  0.4602980  0.4783975  0.4588116  0.4290446  0.4141419  0.4569091  0.4965265  0.4928535  0.4921635  0.4840251  0.4569725  0.4792123  0.4925102  0.4565474  0.4991251  0.5355765  0.5293388  0.5145649  0.5179096  0.4944705
 1  0.7310651  0.6893614  0.6313377  0.5905659  0.5831581  0.6086122  0.6457017  0.6516856  0.6651717  0.6879606  0.6856918  0.6614090  0.6447615  0.6517932  0.6432994  0.6212963  0.6166861  0.5862535  0.5852618  0.5252950  0.5491610  0.5850458  0.6267151  0.6189573  0.6682948  0.6233932  0.5827512
 2  0.5714015  0.5249206  0.4771595  0.4440811  0.4481533  0.5002721  0.5391602  0.5477189  0.5670934  0.5929254  0.5887505  0.5539183  0.5149408  0.5031790  0.4926987  0.4844708  0.5107020  0.5221908  0.5223558  0.4804725  0.5036823  0.5403010  0.5587399  0.5727335  0.5890908  0.5462785  0.5180914
 3  0.7535218  0.7145680  0.6556062  0.6112195  0.5997939  0.6222538  0.6634486  0.6706400  0.6819374  0.7080807  0.7090278  0.6840280  0.6628908  0.6680115  0.6608803  0.6375271  0.6334695  0.6035738  0.6047259  0.5435683  0.5633116  0.6008923  0.6484503  0.6339000  0.6931511  0.6498761  0.6000131
 4  0.4534606  0.4148438  0.3740716  0.3468392  0.3750523  0.4537741  0.4759598  0.4668565  0.5045219  0.5326048  0.5121975  0.4385965  0.4014374  0.4144051  0.4003888  0.4123465  0.4548902  0.4754205  0.4741813  0.4388356  0.4698628  0.5000927  0.5115501  0.5271239  0.5379891  0.4680047  0.4630395
 1  0.7294815  0.6844707  0.6305515  0.5955718  0.5867372  0.5933659  0.6185098  0.6571376  0.6721667  0.6816518  0.6770778  0.6713836  0.6548914  0.6316378  0.6547462  0.6445093  0.6423234  0.6468997  0.6671862  0.6721915  0.6661084  0.6813532  0.6884683  0.6857516  0.6718586  0.6516846  0.6275962
 2  0.5725402  0.5238844  0.4803613  0.4502923  0.4447583  0.4637418  0.5206827  0.5643813  0.5790929  0.5770238  0.5599085  0.5398407  0.5094762  0.5142121  0.5574262  0.5602545  0.5569169  0.5618671  0.5718723  0.5626120  0.5472525  0.5622941  0.5799697  0.5820659  0.5659847  0.5360588  0.4989674
 3  0.7525449  0.7104590  0.6551495  0.6162686  0.6039208  0.6084576  0.6322047  0.6754883  0.6928512  0.7016168  0.6966713  0.6899179  0.6729088  0.6469514  0.6728818  0.6662873  0.6623714  0.6667968  0.6875174  0.6925192  0.6839258  0.6983275  0.7082313  0.7067690  0.6931857  0.6721761  0.6461787
 4  0.4554746  0.4167696  0.3777836  0.3512600  0.3612203  0.3996950  0.4748710  0.5088386  0.5031714  0.4889324  0.4642911  0.4375817  0.4061340  0.4573601  0.5062306  0.4925682  0.4899941  0.4965349  0.4962089  0.4647332  0.4559019  0.4957144  0.5132142  0.5064392  0.4793679  0.4354741  0.4007639
 1  0.7294027  0.6818774  0.6378368  0.6141350  0.6191773  0.6244511  0.6291518  0.6214617  0.6010459  0.5925304  0.5850145  0.6376874  0.6954442  0.6818125  0.6704886  0.6707533  0.6748797  0.6790546  0.6760309  0.6757771  0.6820982  0.6794904  0.6768477  0.6750667  0.6768887  0.6696026  0.6650274
 2  0.5698543  0.5217168  0.4873585  0.4746393  0.4849378  0.4977906  0.5060493  0.5011446  0.4981561  0.5175855  0.5301798  0.5886090  0.6122784  0.5970920  0.5588397  0.5288925  0.5261883  0.5370276  0.5428523  0.5454938  0.5517993  0.5507790  0.5471652  0.5525426  0.5544689  0.5429258  0.5401290
 3  0.7524993  0.7083400  0.6624596  0.6339413  0.6364207  0.6413805  0.6459121  0.6397995  0.6175400  0.6091251  0.6028635  0.6491731  0.7209777  0.7063678  0.6904521  0.6878825  0.6908228  0.6964211  0.6944154  0.6929464  0.7001829  0.6979575  0.6946344  0.6931926  0.6960295  0.6886319  0.6820259
 4  0.4541562  0.4175816  0.3828322  0.3870062  0.4079270  0.4220501  0.4309077  0.4186131  0.4361756  0.4714421  0.4810906  0.5453224  0.5523351  0.4969748  0.4344974  0.4192166  0.4463755  0.4611440  0.4508151  0.4618344  0.4703891  0.4610739  0.4621511  0.4763281  0.4710058  0.4451958  0.4611314
 1  0.7272826  0.6765279  0.6294299  0.6040091  0.6002441  0.6000461  0.6341140  0.6845172  0.6737733  0.6545032  0.6354827  0.6265601  0.6525861  0.6409520  0.6162526  0.6050519  0.6046952  0.5782974  0.5533119  0.5930701  0.5909520  0.5835067  0.6468421  0.6830321  0.6600929  0.6365702  0.6249634
 2  0.5729577  0.5210785  0.4840215  0.4702714  0.4773611  0.4891591  0.5528457  0.5911025  0.5791198  0.5394654  0.4906009  0.4980042  0.5440248  0.5402531  0.5109652  0.5090858  0.5313379  0.5189264  0.5104299  0.5369885  0.5313740  0.5358762  0.5918564  0.6020426  0.5781575  0.5448703  0.5138543
 3  0.7510606  0.7032012  0.6541139  0.6240364  0.6175287  0.6171690  0.6468470  0.7052198  0.6973522  0.6753568  0.6532331  0.6405518  0.6699700  0.6627934  0.6357671  0.6212454  0.6220172  0.5978005  0.5690098  0.6111334  0.6119709  0.5993825  0.6621518  0.7089815  0.6864518  0.6586983  0.6437201
 4  0.4584400  0.4170217  0.3839136  0.3856919  0.4065896  0.4214106  0.5065069  0.5340362  0.4892668  0.4159904  0.3716832  0.4439820  0.4916820  0.4567879  0.4216328  0.4509985  0.4822581  0.4707426  0.4722491  0.4961148  0.4821291  0.4964156  0.5450268  0.5474702  0.4978043  0.4464806  0.4240405
 1  0.7263195  0.6761652  0.6167432  0.5757509  0.5655335  0.5718023  0.5754261  0.5357560  0.5770949  0.6516334  0.6705096  0.6495819  0.6363930  0.6523253  0.6467844  0.6355156  0.6451618  0.6555709  0.6560293  0.6812155  0.6795683  0.6801392  0.6776096  0.6843351  0.6906115  0.6855821  0.6722035
 2  0.5711790  0.5212492  0.4756222  0.4460117  0.4500321  0.4732158  0.4788268  0.4660382  0.5372569  0.5897104  0.5901200  0.5684534  0.5495397  0.5514205  0.5361565  0.5132493  0.5316961  0.5508253  0.5713486  0.5872454  0.5855276  0.5677419  0.5484009  0.5480449  0.5552313  0.5509348  0.5202546
 3  0.7502776  0.7030711  0.6418943  0.5963862  0.5821427  0.5873761  0.5936882  0.5506211  0.5868119  0.6710152  0.6963359  0.6747861  0.6557068  0.6714389  0.6674245  0.6529652  0.6607743  0.6748789  0.6735044  0.7024782  0.7015821  0.6999846  0.6959399  0.7009563  0.7085550  0.7046324  0.6902399
 4  0.4579942  0.4180866  0.3781671  0.3591377  0.3846572  0.4178033  0.4071986  0.4189278  0.5056902  0.5412868  0.5329594  0.4823460  0.4711750  0.4802296  0.4387371  0.4207775  0.4723703  0.4850971  0.5106068  0.5244362  0.4987867  0.4658661  0.4449844  0.4647233  0.4772071  0.4496943  0.3931634
 1  0.7283663  0.6827752  0.6226538  0.5813352  0.5603796  0.5817705  0.6286351  0.6336140  0.6490459  0.6655304  0.6617123  0.6679733  0.6758067  0.6738047  0.6489613  0.6236754  0.6707767  0.6481847  0.6350098  0.6453944  0.6582212  0.6523151  0.6583587  0.6634096  0.6622668  0.6781434  0.6765141
 2  0.5709641  0.5238797  0.4752156  0.4371610  0.4294611  0.4930935  0.5419239  0.5502620  0.5600168  0.5655950  0.5531419  0.5511598  0.5582017  0.5529511  0.5205739  0.5391560  0.5840384  0.5617878  0.5341895  0.5354011  0.5479702  0.5450337  0.5486491  0.5471793  0.5561402  0.5743671  0.5709715
 3  0.7517058  0.7088831  0.6473824  0.6024098  0.5769707  0.5932599  0.6467798  0.6530963  0.6675948  0.6862663  0.6812209  0.6855070  0.6945291  0.6933153  0.6685262  0.6367498  0.6922999  0.6735191  0.6553453  0.6622972  0.6769917  0.6720906  0.6771552  0.6825169  0.6795726  0.6978847  0.6983863
 4  0.4566222  0.4170227  0.3742081  0.3352427  0.3587696  0.4586491  0.4864464  0.4803236  0.4955976  0.4854396  0.4602147  0.4722407  0.4824450  0.4637514  0.4195161  0.4934666  0.5336118  0.4730429  0.4332716  0.4637397  0.4798708  0.4672800  0.4688059  0.4624023  0.4890603  0.5113820  0.4798107
 1  0.7305319  0.6896581  0.6305540  0.5910136  0.5906946  0.6098818  0.6417840  0.6390486  0.6386402  0.6424910  0.6652458  0.6751643  0.6713301  0.6729387  0.6731571  0.6816341  0.6716535  0.6626049  0.6500486  0.6476771  0.6502465  0.6450783  0.6340853  0.6346859  0.6422336  0.6749091  0.6878914
 2  0.5721984  0.5266032  0.4762619  0.4534389  0.4771546  0.5225726  0.5488622  0.5363970  0.5102086  0.4971252  0.5238695  0.5421292  0.5457561  0.5443648  0.5499977  0.5553005  0.5474869  0.5331702  0.5287706  0.5491583  0.5658921  0.5615713  0.5517424  0.5468002  0.5653872  0.5903700  0.5968004
 3  0.7533336  0.7150011  0.6548678  0.6107403  0.6066642  0.6255286  0.6610583  0.6600750  0.6574902  0.6580053  0.6805075  0.6932483  0.6893757  0.6911816  0.6910291  0.6999604  0.6909986  0.6810128  0.6677968  0.6652732  0.6704890  0.6669485  0.6549442  0.6547177  0.6597010  0.6951602  0.7107299
 4  0.4550996  0.4161370  0.3712573  0.3714718  0.4203442  0.4736662  0.4833312  0.4417765  0.3884838  0.4070261  0.4595002  0.4639418  0.4589273  0.4584021  0.4697413  0.4752232  0.4568948  0.4410147  0.4553142  0.4933680  0.5076396  0.4954792  0.4823717  0.4784320  0.5076781  0.5328976  0.5191070
 1  0.7307829  0.6860838  0.6360765  0.6142137  0.6438783  0.6474977  0.6396167  0.6520921  0.7008055  0.6908745  0.6674844  0.6544313  0.6360570  0.6254571  0.6541438  0.6664525  0.6688851  0.6700113  0.6902793  0.6795978  0.6604686  0.6510095  0.6558984  0.6545810  0.6501291  0.6387389  0.6312033
 2  0.5712566  0.5225106  0.4830270  0.4954976  0.5327330  0.5327111  0.4989092  0.5418168  0.5976103  0.5958644  0.5641575  0.5251257  0.4780751  0.4677097  0.5229308  0.5588610  0.5648639  0.5794912  0.5941436  0.5830358  0.5496356  0.5228464  0.5166322  0.5094755  0.4976458  0.4846650  0.5016776
 3  0.7532018  0.7114615  0.6601924  0.6321801  0.6618773  0.6678017  0.6577853  0.6631719  0.7208730  0.7151130  0.6894828  0.6734796  0.6536540  0.6397174  0.6687804  0.6850771  0.6890516  0.6880494  0.7117323  0.7026888  0.6812750  0.6689001  0.6729432  0.6719298  0.6671066  0.6550713  0.6464374
 4  0.4532831  0.4141112  0.3814007  0.4346781  0.4714215  0.4350411  0.3630004  0.4944436  0.5470127  0.5166872  0.4555052  0.4067229  0.3545753  0.3966600  0.4721479  0.4956213  0.4885872  0.5150383  0.5311459  0.4964966  0.4408162  0.4248897  0.4291026  0.4161093  0.3926362  0.3921992  0.4425367
 1  0.7288303  0.6817250  0.6174384  0.5757759  0.5068965  0.4755702  0.6365994  0.6894957  0.6265519  0.6136490  0.6172450  0.5956044  0.5509158  0.5763011  0.7008832  0.7088998  0.6888595  0.6783832  0.6686157  0.6850887  0.7164592  0.6923202  0.6626299  0.6445820  0.6536901  0.6454019  0.6342796
 2  0.5741911  0.5237030  0.4725965  0.4436618  0.4123382  0.4505203  0.5903695  0.6019120  0.5553248  0.5449017  0.5404074  0.5080361  0.4620148  0.5607779  0.6198164  0.6247715  0.5973634  0.5543939  0.5039440  0.5767731  0.6152727  0.6006570  0.5508516  0.5014444  0.5023339  0.4983470  0.4947584
 3  0.7523075  0.7079528  0.6423286  0.5963026  0.5231706  0.4868508  0.6464631  0.7184767  0.6523516  0.6336352  0.6387553  0.6174219  0.5687817  0.5729758  0.7257869  0.7355906  0.7129059  0.6979789  0.6847704  0.6964402  0.7409250  0.7181760  0.6848095  0.6614716  0.6691161  0.6638124  0.6511067
 4  0.4580154  0.4169323  0.3746449  0.3574037  0.3562920  0.4298734  0.5470473  0.5484126  0.4918608  0.4892609  0.4749334  0.4212730  0.3901915  0.5311225  0.5657239  0.5529718  0.4872953  0.4090384  0.3767457  0.5324540  0.5609452  0.5101772  0.4100232  0.3866951  0.4291030  0.4091109  0.4059683
 1  0.7302531  0.6859038  0.6307440  0.5970885  0.5878300  0.5981155  0.6179091  0.6156155  0.6076640  0.6370844  0.6769085  0.6636593  0.6499632  0.6532805  0.6570555  0.6658996  0.6649397  0.6717956  0.6604754  0.6468440  0.6340930  0.6228303  0.6229656  0.6466998  0.6901280  0.6859390  0.6662987
 2  0.5733499  0.5237260  0.4793573  0.4527727  0.4505381  0.4785286  0.5085902  0.5084345  0.5129200  0.5703448  0.5927244  0.5751528  0.5416145  0.5269220  0.5370311  0.5543397  0.5694161  0.5736864  0.5560186  0.5250160  0.5064398  0.5177912  0.5369475  0.5859099  0.6054091  0.6005186  0.5594764
 3  0.7529906  0.7113011  0.6549497  0.6177214  0.6049951  0.6129004  0.6347548  0.6344300  0.6241376  0.6508433  0.7003272  0.6876892  0.6695546  0.6705820  0.6740378  0.6841391  0.6840739  0.6927490  0.6822643  0.6658331  0.6507698  0.6401034  0.6411182  0.6607489  0.7147408  0.7103579  0.6870092
 4  0.4553468  0.4144629  0.3790004  0.3565251  0.3708715  0.4213465  0.4451235  0.4294797  0.4518739  0.5263976  0.5331468  0.4781184  0.4344859  0.4410212  0.4689144  0.4887003  0.5038990  0.5030225  0.4592149  0.4171240  0.4292111  0.4598647  0.4802961  0.5375581  0.5479767  0.5078803  0.4436590
 1  0.7306463  0.6839494  0.6319813  0.5992380  0.5874415  0.5822523  0.6076917  0.6274317  0.6850249  0.6785999  0.6671657  0.6652894  0.6890850  0.6974718  0.6790524  0.6612187  0.6390976  0.6167454  0.6025975  0.6215111  0.5733121  0.6206272  0.5932809  0.6197503  0.6902565  0.6795467  0.6627853
 2  0.5746519  0.5227490  0.4820388  0.4599876  0.4532279  0.4731141  0.5221646  0.5733704  0.6013449  0.5911380  0.5563583  0.5361100  0.5634603  0.5774741  0.5572771  0.5136060  0.4692688  0.4822614  0.5542111  0.5456389  0.5296265  0.5552204  0.5330117  0.5785148  0.6076501  0.5962674  0.5594043
 3  0.7534515  0.7096860  0.6563753  0.6197257  0.6052005  0.5969582  0.6229040  0.6417274  0.7082129  0.7027727  0.6881088  0.6815445  0.7054380  0.7177155  0.6995897  0.6794441  0.6552089  0.6306070  0.6163055  0.6470639  0.5913323  0.6400976  0.6157182  0.6288711  0.7152855  0.7040819  0.6828353
 4  0.4558021  0.4152092  0.3826876  0.3697980  0.3698969  0.4193080  0.4764567  0.5270412  0.5425565  0.5010118  0.4294001  0.4444539  0.5034069  0.5020698  0.4451612  0.3777159  0.3593439  0.4347626  0.5151596  0.4969636  0.4851678  0.5120633  0.4776560  0.5375965  0.5500116  0.5012891  0.4557172
 1  0.7306384  0.6854690  0.6363219  0.6058670  0.5952915  0.5863797  0.5802622  0.6386369  0.6735311  0.6699622  0.6615623  0.6735264  0.6773199  0.6836171  0.6761967  0.6712676  0.6574813  0.6700456  0.6726671  0.6668041  0.6708254  0.6804437  0.6827614  0.6777461  0.6676819  0.6709598  0.6784689
 2  0.5714296  0.5239925  0.4843567  0.4559592  0.4360778  0.4214009  0.4667591  0.5874317  0.5923661  0.5881122  0.5651926  0.5540635  0.5486033  0.5444633  0.5381227  0.5321720  0.5483578  0.5764918  0.5777852  0.5567672  0.5424200  0.5479630  0.5470580  0.5346844  0.5245155  0.5561704  0.5758562
 3  0.7535934  0.7115947  0.6608534  0.6264235  0.6130651  0.6020121  0.5915487  0.6518898  0.7000500  0.6952966  0.6819576  0.6919430  0.6952967  0.7011655  0.6939535  0.6888928  0.6738500  0.6903743  0.6956289  0.6867667  0.6878088  0.6979202  0.7011861  0.6956956  0.6840137  0.6874464  0.6996613
 4  0.4547070  0.4177429  0.3791017  0.3520067  0.3295327  0.3284881  0.4326834  0.5445285  0.5366926  0.4992953  0.4659183  0.4627171  0.4595852  0.4521801  0.4458247  0.4429959  0.4902780  0.5216026  0.4909803  0.4448909  0.4516685  0.4700115  0.4558091  0.4235638  0.4389628  0.5016195  0.5108229
 1  0.7298247  0.6826669  0.6341969  0.6193830  0.6550522  0.6557736  0.6450945  0.6440299  0.6545616  0.6722202  0.6688248  0.6629576  0.6780213  0.6815839  0.6788414  0.6744358  0.6720621  0.6693141  0.6771435  0.6742084  0.6750875  0.6883882  0.6919157  0.6919046  0.6978963  0.6974359  0.6890734
 2  0.5696666  0.5211598  0.4843728  0.5073414  0.5464602  0.5466423  0.5151711  0.4907086  0.5024990  0.5261556  0.5276501  0.5278025  0.5573314  0.5720625  0.5658057  0.5522846  0.5383843  0.5386729  0.5509950  0.5484072  0.5521265  0.5659369  0.5701377  0.5665921  0.5678879  0.5680459  0.5543583
 3  0.7525837  0.7088277  0.6587834  0.6366726  0.6736037  0.6765483  0.6633786  0.6603626  0.6693608  0.6885861  0.6872936  0.6788988  0.6951101  0.7019341  0.6991153  0.6933186  0.6899064  0.6865441  0.6952272  0.6934401  0.6922088  0.7064448  0.7114675  0.7098497  0.7159478  0.7160630  0.7078848
 4  0.4530319  0.4162894  0.3822160  0.4500911  0.4865163  0.4514053  0.3963125  0.3836621  0.4291758  0.4540030  0.4240550  0.4464050  0.4975367  0.4989094  0.4738383  0.4530368  0.4448994  0.4616051  0.4751212  0.4557230  0.4703009  0.4941281  0.4808817  0.4744129  0.4831453  0.4800665  0.4575581
 1  0.7291441  0.6867886  0.6425918  0.6154895  0.5832937  0.5535106  0.6398427  0.6493081  0.6451165  0.6614555  0.6466272  0.6358049  0.6461919  0.6659248  0.6664123  0.6640566  0.6647754  0.6615929  0.6620485  0.6540208  0.6620448  0.6561205  0.6607284  0.6524943  0.6435533  0.6245987  0.5961208
 2  0.5731839  0.5256805  0.4862819  0.4537567  0.4126414  0.4404612  0.5885271  0.5661687  0.5744279  0.5716712  0.5439421  0.5134608  0.5214436  0.5469952  0.5501738  0.5503403  0.5569749  0.5628075  0.5589327  0.5523352  0.5526638  0.5528996  0.5552777  0.5519318  0.5409143  0.5232071  0.4981231
 3  0.7522081  0.7122912  0.6664333  0.6359430  0.6011092  0.5643408  0.6526214  0.6775196  0.6693028  0.6830292  0.6681255  0.6541278  0.6618128  0.6833898  0.6858298  0.6821522  0.6832742  0.6816068  0.6828188  0.6731177  0.6809495  0.6752954  0.6797849  0.6724341  0.6632873  0.6444227  0.6146774
 4  0.4562852  0.4155206  0.3773823  0.3366131  0.3026971  0.4105963  0.5467202  0.5144158  0.5032265  0.4917188  0.4449147  0.4117285  0.4526360  0.4809431  0.4668263  0.4698357  0.4900852  0.4945557  0.4778305  0.4727129  0.4780864  0.4784571  0.4835023  0.4771500  0.4644985  0.4444314  0.4273266
