2019 2020 2021 2022 2023 2024 2025 2026 2027 2028 2029 2030 2031 2032 2033 2034 2035 2036 2037 2038 2039 2040 2041 2042 2043 2044 2045
  25959.53   25118.94   21341.56   17991.17   21360.98   29507.97   30371.44   28037.31   21062.95   13272.52    7510.81    4190.40    4036.34    2300.56    1751.50    2914.54    3435.05    2042.47    1443.08    3520.74    5956.89    6701.35    5551.55    6266.59    9029.17   12058.49   11838.24
  26666.73   25889.19   22247.58   18433.98   14186.63   11645.01   12073.76   12202.59   13537.34   15357.53   15569.43   15537.90   15701.83   15610.82   15980.18   15418.53   18280.59   23699.25   24735.64   24284.32   15232.22    6870.94    3740.62     713.49    1427.46    2378.29    3384.80
  27337.97   26615.99   21361.82   17734.59   16462.86   13783.46    9906.38    6902.28    6984.22    6182.63    5413.68    5071.00    5846.83    6144.40    6715.99    7503.67    7801.53    8363.71    8821.97    9129.55    8425.13    7036.99    5409.53    5784.51    9161.97   13043.94   14612.62
  27375.08   26940.54   25551.27   23432.48   18315.99   13749.20   11286.86    9483.04   11865.57   18170.43   22208.71   25656.12   27527.84   27174.07   25350.93   22864.24   20981.21   19798.32   16228.61   14035.02   16642.77   19931.17   17637.16   13524.20    8799.56    4604.27    3028.56
  27413.16   26481.38   23353.60   20194.99   19498.75   19608.30   18758.52   17786.04   14738.55   12066.92    8069.18    3085.73    5062.94    8550.63   12663.30   15825.39   15290.78   13606.46   13465.38   14682.61   15515.30   15411.07   12855.62    9627.61    6094.71    3480.75    5085.09
  27916.22   26974.74   21703.65   16971.61   12904.97    8363.72    5610.65    4736.71    7850.59   10064.40    9983.32    8680.24    7897.97    7760.83    7740.68    7244.05    5543.29    3606.29    2792.91    2954.11    3672.09    6509.73    8582.54    8616.92    7855.08    8775.45   10525.13
  25293.69   24733.79   19900.55   15927.43   15425.87   13462.41   11501.51    9236.77    7412.93    5427.92    3846.90    4098.75    6584.61    8705.84    9594.96    9815.88    8201.08    5887.97    8159.31   14178.08   20706.27   26772.10   30368.52   31277.97   26109.80   20353.80   15393.36
  26166.07   24685.14   23977.97   22353.68   19534.14   16390.06   14818.34   16600.01   16571.95   17818.74   18962.28   17738.17   13821.83    9023.33    6495.61    4190.16    9388.59   20123.87   23843.55   25164.67   19585.64   12485.73    7546.00    3298.98    3956.87    5314.30    9323.94
  26381.36   25495.33   20305.55   15272.08   10395.72    6383.68    5607.61    6445.37   12300.90   20274.85   23916.60   24153.61   21260.06   18159.70   14552.00   10218.71    7135.89    5471.90    5507.34    5129.24    5712.62    6708.27    6717.27   17413.48   35634.23   47676.08   48703.99
  25129.66   24252.08   19803.35   17523.57   17932.35   15713.52   13271.46   10727.96    8894.27    7387.45    7122.86    6742.07    5785.74    6198.37    8679.99   14006.28   19080.30   21785.72   19560.59   15387.40   10756.07    6750.22    3430.72    1463.91    3210.77    4814.09    3941.25
  27619.19   26805.37   23971.05   21251.23   18727.53   16327.87   15813.78   15349.81   13442.79   11393.78   10086.08   11308.87   16656.58   20440.18   21313.70   21984.47   20382.07   18869.44   17643.47   15020.63   13247.38   11178.12    9358.31    7592.78    6217.52    4748.84    3981.11
  24999.65   24123.67   20533.85   17969.50   15256.60   11582.30    8037.10    4229.50    2765.41    2992.29    4917.15    9054.16   16169.93   22738.07   23387.14   22391.20   17364.97   13314.51   11146.87   10121.46   12456.60   14789.77   15989.26   21247.23   26328.90   28303.95   26608.76
  23892.22   22507.37   19248.66   15005.09   15041.26   16659.08   17431.02   16731.84   15155.26   12614.11    9674.30    7382.18    6080.90    4888.25    3801.21    2969.49    2441.88    3765.11    7467.92    9126.23    9292.56    9075.82    8162.06    7475.95    7462.00   12273.40   19505.52
  24949.98   24200.58   20281.08   16065.60   10116.20    6141.52    7167.15    6876.09    5816.86    4557.74    6358.49    9533.71   12915.05   14390.39   12708.16   10986.79   12469.16   14467.92   18840.23   25603.64   26377.35   24285.79   16970.67    9202.22    5363.25    3290.76    2776.63
  22802.38   21334.82   17965.55   15144.54   14874.59   14266.00   13043.02   10420.20    7452.30    4530.23    3710.22    8485.52   16354.75   20025.67   18659.28   15543.62   11811.71    8425.97    6082.63    5287.02    5745.48    5303.78    4401.79    3728.58    4245.53    6037.11    8402.58
  24653.49   23669.07   20035.94   16287.34   14279.63   13696.71   12683.80   12345.19   11955.55   11672.66   13824.40   15136.63   13505.64   11940.25   10553.63    9833.53   18801.35   31358.77   32945.17   29281.53   23057.49   15403.41    8690.57    5966.52    7763.87   12377.54   17857.52
  25237.80   24329.11   19393.25   15286.61   14750.45   14772.76   13836.92   11828.12   11213.61   11373.05   12016.86   12244.23   12877.96   20103.29   28020.83   29245.92   24942.76   21753.98   20407.21   19702.11   16785.74   13226.16    8966.49    4336.39    4251.34    5751.40    6728.57
  29448.01   28920.55   25497.04   23143.18   20159.25   17813.94   18223.33   16878.90   13019.40    8523.69    7194.63    7175.58    7036.17    7688.62    8751.45    9860.07   11831.67   14296.89   15312.75   19885.33   24864.68   26578.26   25904.98   23256.76   18052.41   15946.98   19453.55
  26177.49   25658.79   22170.92   18170.41    8525.16    1876.04    3105.49    2100.84    2469.79    2361.47    3516.15    5140.25    3960.68    2610.87    3446.62    4568.98    4765.00    4178.21    3526.43    3994.44    4170.67    2528.59    1240.93    2543.11    4163.58    5231.90    6587.85
  26270.83   24754.89   21094.53   19054.69   18137.63   17062.64   14674.46   10683.26    7175.54    7841.61   12922.26   16825.46   17706.32   18703.45   20363.45   21231.32   17235.29   13632.20    8729.98    5481.41    6690.81    6194.91    4894.06    3048.41    2609.79    2776.40    3840.87
  29044.42   27848.87   24396.84   20390.93   17212.60   13840.06   12610.39   12450.31   15824.25   20760.76   24174.81   26869.99   26879.10   25309.01   22264.88   18889.77   13729.61    8158.89    5131.02    4217.83    5699.03    7732.01    8679.83    9165.86    9258.81   11334.64   16787.57
  27952.23   27639.59   24080.37   20140.98   18034.75   16886.33   16394.80   14634.29   11966.06    9840.82   11844.98   14923.91   16767.56   17171.96   14693.98   11787.23    9213.70    7126.24    6944.54    6926.03    7858.08   10317.83   13450.51   14562.63   14071.40   12944.26   12030.27
  25266.52   24018.39   20897.23   19194.07   16279.61   12213.46    8090.43    8537.44    8652.29    8257.88    8596.64    8832.66    6855.00    5372.91   10070.66   15707.22   15423.10   13596.83   12799.06   11478.49   10272.27    9132.53    9335.15    9852.77    9028.18    7254.34    6005.69
  26685.80   26093.95   22197.19   18366.34   14032.05   10345.55    9123.28    7981.79    7262.93    6253.91    4902.12    3037.03    2822.91    3898.91    6212.26   10689.15   18863.57   37715.04   59249.40   69856.77   56236.30   39094.24   25657.98   12446.11    7964.02    6423.64    7650.28
  29213.68   28728.50   25009.76   21852.65   19281.78   16878.06   14878.50   11744.70    8002.93    4645.97    5013.30    7021.98    9827.75   12979.57   14266.89   16513.89   18428.23   19263.42   17825.25   16203.18   13923.19   18114.99   25817.02   27015.39   22844.23   17317.78   12991.37
  28456.26   27394.94   24900.75   21729.23   18444.70   14116.43    8942.64    5484.33    5728.91    6508.47    7878.99   11295.07   18159.53   22840.51   23543.83   23680.15   22682.78   21274.12   18869.48   16532.65   14310.42   13090.83   12715.62   11172.29   10182.41    9764.76    9360.48
  27992.40   26674.80   23945.92   20714.05   17400.98   14787.34   13207.34   11269.13   10993.87   10393.55   11780.16   15689.62   18242.44   18550.71   16701.57   14838.55   13483.38   11808.25   10562.67    9832.18    9439.86    9205.38    9233.63    9228.70   10378.35   13253.44   16206.74
  25257.70   24234.52   21264.66   19380.19   20361.52   23413.88   24645.72   22742.89   19086.86   15401.12   13310.83   11260.21   10077.38    9330.41    8238.83    6178.90    4022.92    3439.27    5798.72   10359.93   17826.01   22798.58   25897.03   27514.99   23979.15   18811.66   12265.02
  27373.46   26687.76   23991.33   20900.01   15570.12   10962.66    8662.97    7663.70    9600.90   12995.43   16117.77   17778.09   16065.22   13797.60   12638.94   11949.53   12011.75   13172.35   17364.63   22463.52   23388.00   23790.22   22195.09   18644.78   17331.32   18128.42   21176.25
  30096.56   29988.25   25761.79   20658.99   15449.73    9962.49    4398.84    1961.42    3505.47    6042.47    8925.61   12098.20   13493.77   14254.70   12633.04   10972.66   11190.48   13095.41   15844.32   17461.69   15759.80   13979.49   10014.33    6530.66    8803.97   16078.02   23009.99
  24580.27   23660.01   20373.98   16412.39   12772.09   10303.56   12306.90   15673.20   16193.15   14737.02   11942.33    9151.00    8247.29    7820.93    9427.06   12799.42   18870.93   24498.94   23275.76   20223.05   16516.35   14323.24   13227.47   11008.11    9750.71    8841.16    8746.50
  30138.69   29915.91   24846.35   19859.48   17835.50   15955.32   14596.00   12916.60   13944.98   17428.03   19229.95   21270.81   22257.79   21709.70   21543.16   22089.13   21436.01   18984.00   15866.21   12855.08    9891.20    8108.04    8122.07    7644.56    6398.73    6719.79    8577.49
  26759.69   25934.26   16244.43    7904.81    4177.30    2193.44    2112.90    3156.87    5928.58    6461.41    6448.66    7450.38    9270.28   12879.92   14344.67   13981.40   13958.48   15821.10   16761.86   16472.21   12788.55   14988.25   23182.73   25893.62   23478.48   19018.76   14617.93
  26581.09   25617.32   24041.38   23927.98   23726.56   21811.22   20921.57   20226.86   19288.61   18841.66   17747.33   15309.84    9664.84    4130.48    1789.31     795.63    2833.87    7283.84   12018.69   17161.33   20854.72   22611.00   20557.13   17072.43   15146.91   16751.52   17182.88
  24226.29   22974.99   22679.76   21710.55   18874.39   17337.92   18461.65   19175.37   23072.97   28910.73   30111.88   29838.66   26234.30   20679.52   15696.63   13739.77   16250.98   17156.05   16706.76   16842.98   16369.45   15974.96   17441.50   17232.63   14435.34   11392.72    7608.08
  26100.86   25584.81   22612.62   21498.77   21313.92   19359.27   17115.72   16752.58   16015.31   14699.66   12839.73   10405.40    8218.81    6840.25    7242.49    7995.21    8361.18    7950.49    7167.61    6490.37    5631.31    5998.65    9274.04   14254.73   19135.80   25570.72   28104.04
  29053.97   28062.01   21744.91   15876.52   13327.79   12985.08   14170.75   14509.16   17022.89   23265.19   26478.31   23947.33   21161.54   18610.64   13727.33    8719.35    6091.78    3909.79    3116.45    2016.09    1770.95    1947.93    2289.88    3399.95    5105.19    4859.44    4482.34
  26783.24   26041.11   21508.32   16769.07   13725.42   10854.86   11159.43   12825.15   16139.86   19167.34   18924.05   17466.90   12988.18    9366.48    9165.40    8986.58    9649.20   10866.05   13820.75   15036.53   14858.05   16883.53   19270.61   21567.10   20911.97   17891.71   13362.17
  25371.65   24562.30   22156.11   19841.71   18283.14   16491.91   13878.08   10332.85    7438.04    4853.91    4435.88    8028.78   14858.32   17663.44   17682.41   16905.25   15783.77   14452.65   13466.43   13217.71   13265.86   12969.84   12224.43   11805.75   11704.33   10853.99   10113.01
  22355.18   21102.74   18594.86   16133.32   13387.68   10736.35   14351.43   20606.06   21464.10   19247.63   14587.47   10886.52   10403.68    8674.33    6949.75    5405.10    4221.62    2926.77    2431.08    2505.15    2431.62    2484.40    4940.33    8472.16    9873.52    9922.81    8451.59
  23426.02   22621.61   18343.48   13779.80   10818.66    7800.02    5732.27    3382.74    3122.13    5249.70    7891.80    8965.91    9895.98   10811.26   10028.58    8860.30    8476.80    8153.21    9989.94   12984.60   15560.91   16780.91   16599.66   17268.67   17576.10   16294.44   13058.93
  26696.18   25940.66   20264.85   14614.89   11045.04    9277.70    9979.22   10633.08   12274.22   14127.69   14579.22   15421.90   15987.84   15509.97   11244.56    9339.14   11005.50   10665.32   10559.35   10982.95   10700.80    9894.83   10182.59   10081.82   10339.80   11608.52   12283.27
  31453.20   31121.11   23890.60   18079.06   15156.02   14095.23   15480.07   14273.98   13148.27   11931.87   12096.00   11743.02   10902.20   10030.92   10112.39   10354.44    9188.90    7744.80    6263.73    5450.76    5591.50    5710.96    5804.23    5774.24    7060.65   10265.27   13969.11
  25152.40   23480.07   19741.54   19004.78   21477.12   20693.70   17300.72   19938.46   29464.04   34054.33   32883.36   29153.87   21558.65   16728.36   16770.91   17232.36   17821.12   22280.17   29823.20   32799.43   30507.32   27607.69   25184.69   21768.29   17490.39   12815.61    9225.70
  24973.46   24014.83   18352.67   13535.99    6016.89    1321.33    3024.60    5500.56    6138.28    7042.52    7228.43    6000.42    3988.77    4685.60   11504.95   19699.76   21845.42   21115.06   16496.86   21149.05   32952.34   37020.75   32666.30   27493.09   22973.46   16700.52   13173.97
  25543.06   24073.85   19368.27   15113.41   12446.68   10316.04    9102.52    7174.67    5972.76    7217.15   10171.42   11123.18   10851.60   10327.15    9997.63   10151.04   11000.98   12265.09   11915.77   10590.56    8121.03    5781.03    5187.33    7851.22   12757.30   16382.07   15494.18
  23836.90   22260.20   18592.48   14943.11   11715.05    9029.57    7556.58    9370.69   16105.58   19192.55   18887.76   19421.10   23488.62   26448.51   23590.52   18787.22   12554.23    7138.01    4566.80    3936.52    4443.07    5493.96    5332.76    9573.46   17809.64   21765.12   21462.98
  27623.98   27072.44   23417.25   19201.24   15474.81   11273.82    7162.94    6964.21   10405.11   13678.02   15394.22   17049.21   17575.63   17562.10   15494.74   13317.59   11831.60   12334.04   14293.48   14881.61   15140.40   15472.50   15149.27   13562.77   10987.41   10297.80   11054.04
  24735.90   23521.13   20644.66   22213.40   26630.53   26656.78   23027.89   19481.29   18395.95   17971.29   15207.20   13566.61   13872.88   14900.72   15476.18   15407.71   14148.34   13174.20   13348.05   12678.00   13372.30   15069.06   16418.64   17844.58   19252.47   20269.96   18488.38
  28855.99   28189.20   24649.94   20192.05   12989.46    7262.07    7233.85    8214.96   12290.50   15717.64   14630.38   12888.39   13283.40   14039.21   13603.93   13464.94   13112.88   13252.27   13765.10   14173.51   14496.62   14612.11   14775.17   14268.08   12791.93   10644.46    7252.71
