FL 2019 2020 2021 2022 2023 2024 2025 2026 2027 2028 2029 2030 2031 2032 2033 2034 2035 2036 2037 2038 2039 2040 2041 2042 2043 2044 2045
 1  0.7288134  0.6828020  0.6385490  0.6145384  0.6228006  0.6785240  0.6739478  0.6619735  0.6462977  0.6270232  0.6051843  0.6206000  0.6047680  0.5041879  0.4852670  0.6525848  0.6454305  0.5399433  0.4624660  0.6902272  0.6823758  0.6349832  0.5840355  0.5535618  0.6572823  0.6642029  0.6577716
 2  0.5725724  0.5236363  0.4865901  0.4619291  0.5224239  0.5775590  0.5754050  0.5416208  0.4899906  0.4580896  0.4846857  0.5592523  0.5347099  0.4497416  0.4824811  0.5861797  0.5668548  0.4702717  0.4876910  0.6124334  0.6013315  0.5630524  0.5152087  0.5327748  0.5823273  0.5881568  0.5587471
 3  0.7521145  0.7089222  0.6628510  0.6349693  0.6350325  0.6977211  0.6967513  0.6817435  0.6633763  0.6426302  0.6191180  0.6410027  0.6287924  0.5254120  0.4863623  0.6734389  0.6719583  0.5651504  0.4522576  0.7139908  0.7092518  0.6593558  0.6063548  0.5606113  0.6802471  0.6888567  0.6787843
 4  0.4566311  0.4168102  0.3809699  0.3553794  0.4808818  0.5260154  0.4829037  0.4102470  0.3617033  0.3664647  0.4423913  0.5149845  0.4823562  0.4000510  0.4675130  0.5399729  0.5106406  0.4043786  0.4788105  0.5604751  0.5443104  0.5050982  0.4575390  0.5003096  0.5352692  0.5038448  0.4477289
 1  0.7290193  0.6837632  0.6415876  0.6171547  0.6030108  0.6041766  0.6398355  0.6511256  0.6585073  0.6758326  0.6778533  0.6768410  0.6855195  0.6875647  0.6942221  0.6956715  0.6977792  0.7146524  0.7028758  0.6941275  0.6677379  0.6372349  0.6310166  0.5786244  0.5478398  0.5858013  0.6301265
 2  0.5731135  0.5245497  0.4879810  0.4635695  0.4488506  0.4804467  0.5337052  0.5480110  0.5534739  0.5620529  0.5576335  0.5485125  0.5472020  0.5473363  0.5514725  0.5516793  0.5727508  0.5934760  0.5883109  0.5632120  0.5182840  0.5036832  0.5160025  0.4834131  0.4778117  0.5432746  0.5633971
 3  0.7523618  0.7097663  0.6656863  0.6373684  0.6203943  0.6181134  0.6559869  0.6711681  0.6766097  0.6943479  0.6974828  0.6945692  0.7030323  0.7048776  0.7110777  0.7135812  0.7137311  0.7347184  0.7244992  0.7128565  0.6852320  0.6541826  0.6492199  0.6000641  0.5623272  0.5979383  0.6522769
 4  0.4573780  0.4167930  0.3803459  0.3586033  0.3559432  0.4297247  0.4816969  0.4695502  0.4732796  0.4859823  0.4644269  0.4543013  0.4549795  0.4547951  0.4649196  0.4539112  0.5025880  0.5268983  0.4903667  0.4396566  0.4118019  0.4343724  0.4521730  0.4067081  0.4313845  0.5088036  0.5126581
 1  0.7283085  0.6840649  0.6344653  0.6069456  0.6179803  0.6214802  0.6076114  0.6048993  0.6279306  0.6178333  0.6096690  0.6084276  0.6393365  0.6479818  0.6353218  0.6518396  0.6454154  0.6529365  0.6509769  0.6537784  0.6473481  0.6350778  0.6226945  0.6367607  0.6727798  0.6866190  0.6804900
 2  0.5726575  0.5248717  0.4821697  0.4716993  0.4924284  0.4971644  0.4882935  0.5164080  0.5447343  0.5325767  0.5167367  0.5253549  0.5620396  0.5634904  0.5548306  0.5574026  0.5557924  0.5572823  0.5577448  0.5546700  0.5397120  0.5174953  0.5174471  0.5680168  0.5950189  0.6007641  0.5797918
 3  0.7516802  0.7099042  0.6587161  0.6262498  0.6351497  0.6397722  0.6242733  0.6198517  0.6474465  0.6390220  0.6295433  0.6244978  0.6566237  0.6707747  0.6555389  0.6713318  0.6653903  0.6722794  0.6710493  0.6736594  0.6677613  0.6537808  0.6387277  0.6519696  0.6949034  0.7104690  0.7023592
 4  0.4573648  0.4163187  0.3769663  0.3933221  0.4232617  0.4112200  0.4126574  0.4704788  0.4863947  0.4596803  0.4370291  0.4690213  0.5123499  0.4948931  0.4816473  0.4888629  0.4846404  0.4889256  0.4859363  0.4793273  0.4499013  0.4243316  0.4585361  0.5232433  0.5392480  0.5224369  0.4684538
 1  0.7292546  0.6838715  0.6469425  0.6276982  0.6166522  0.6154101  0.6200138  0.6353589  0.6549630  0.6897092  0.6937081  0.6907836  0.6998912  0.6975846  0.6951748  0.6947798  0.6948573  0.6991114  0.6872750  0.6822842  0.6840201  0.6946897  0.6803810  0.6644340  0.6528373  0.6457712  0.6459932
 2  0.5718989  0.5240255  0.4927509  0.4725354  0.4623018  0.4659678  0.4872164  0.5212678  0.5653407  0.5935494  0.5928860  0.5803751  0.5703016  0.5575793  0.5391002  0.5292812  0.5357123  0.5448443  0.5463724  0.5461521  0.5657717  0.5798551  0.5645767  0.5300748  0.4991633  0.5013149  0.5194903
 3  0.7524902  0.7101030  0.6710772  0.6477102  0.6337318  0.6316401  0.6352783  0.6515551  0.6714213  0.7100416  0.7158742  0.7099077  0.7182159  0.7159771  0.7117470  0.7108972  0.7106370  0.7160916  0.7052579  0.7000354  0.7015321  0.7148380  0.7016880  0.6833390  0.6695203  0.6617059  0.6634506
 4  0.4556608  0.4177696  0.3836985  0.3653268  0.3724548  0.3838263  0.4210808  0.4620861  0.5098340  0.5301878  0.5032580  0.4805159  0.4772263  0.4501571  0.4268324  0.4232873  0.4486534  0.4597579  0.4556934  0.4619794  0.4977211  0.5078731  0.4638839  0.4073837  0.3957255  0.4301410  0.4524958
 1  0.7307392  0.6865300  0.6458206  0.6227922  0.6242430  0.6481408  0.6493276  0.6570133  0.6401954  0.6380256  0.6044174  0.5012507  0.5916895  0.6859916  0.6836118  0.6896344  0.6833914  0.6821325  0.6863033  0.7015302  0.6911832  0.6844103  0.6776473  0.6702758  0.6511590  0.6209503  0.6645017
 2  0.5709265  0.5237572  0.4898106  0.4713361  0.4933293  0.5271199  0.5402544  0.5443905  0.5392665  0.5398173  0.5040736  0.4226250  0.5604336  0.6030081  0.6047805  0.5900298  0.5583571  0.5273426  0.5462189  0.5818888  0.5799552  0.5581102  0.5288929  0.5102557  0.4979356  0.5396536  0.5873971
 3  0.7534590  0.7122673  0.6698167  0.6426996  0.6400565  0.6652193  0.6677394  0.6757027  0.6590719  0.6576182  0.6273505  0.5173887  0.5935951  0.7117965  0.7083277  0.7108393  0.7027047  0.6991710  0.7007398  0.7216302  0.7132161  0.7033551  0.6948066  0.6874151  0.6681762  0.6357006  0.6847595
 4  0.4540021  0.4161973  0.3818664  0.3724796  0.4304751  0.4628154  0.4665364  0.4659615  0.4697431  0.4751640  0.4119381  0.3685600  0.5288713  0.5496567  0.5204492  0.4852526  0.4407419  0.4055009  0.4855261  0.5224245  0.4843299  0.4365165  0.4199892  0.4096855  0.4186779  0.4995664  0.5346317
 1  0.7296156  0.6865713  0.6379959  0.6067295  0.5966503  0.5888032  0.5759939  0.5918064  0.6595578  0.6783666  0.6763668  0.6785392  0.6905020  0.7049528  0.7068844  0.7042687  0.6942123  0.6868869  0.6927973  0.6958963  0.6969868  0.7074066  0.7078346  0.6983814  0.6845888  0.6868034  0.6968469
 2  0.5721350  0.5249587  0.4834157  0.4616992  0.4654843  0.4709862  0.4790102  0.5442475  0.5891298  0.5963949  0.5806429  0.5514863  0.5352182  0.5435479  0.5573041  0.5608829  0.5439092  0.5240011  0.5349486  0.5526045  0.5721162  0.5948304  0.5980055  0.5822207  0.5532832  0.5602610  0.5736314
 3  0.7525046  0.7120612  0.6620761  0.6267601  0.6137082  0.6061493  0.5922166  0.6017224  0.6809859  0.7027033  0.6987445  0.6969913  0.7059581  0.7207640  0.7241298  0.7225299  0.7123637  0.7033053  0.7085902  0.7139227  0.7150133  0.7265930  0.7298720  0.7192149  0.7021623  0.7040803  0.7163669
 4  0.4555682  0.4155233  0.3779953  0.3708157  0.3936210  0.3999821  0.4206922  0.5104343  0.5377043  0.5227719  0.4710935  0.4196142  0.4322371  0.4619266  0.4747880  0.4639129  0.4259715  0.4137523  0.4562630  0.4754524  0.4973833  0.5273151  0.5187584  0.4692702  0.4518280  0.4919074  0.4959854
 1  0.7282820  0.6798776  0.6260792  0.5925673  0.6057355  0.6129445  0.6196981  0.6304364  0.6425102  0.6442908  0.6334084  0.6401926  0.6827914  0.6743438  0.6637363  0.6585483  0.6519965  0.6364563  0.6509745  0.7026059  0.7003782  0.6999993  0.7019399  0.7023878  0.6922835  0.6852612  0.6799780
 2  0.5697585  0.5218709  0.4800751  0.4624983  0.4766063  0.4763956  0.4674751  0.4707458  0.4900812  0.5040526  0.5153640  0.5723943  0.6028008  0.5929073  0.5711089  0.5481324  0.5268770  0.5091124  0.5759547  0.6128638  0.6150188  0.6023116  0.5860712  0.5688998  0.5383069  0.5140569  0.4967224
 3  0.7517544  0.7066486  0.6511877  0.6124972  0.6231180  0.6305199  0.6356357  0.6453547  0.6579489  0.6612871  0.6508294  0.6531879  0.7064303  0.6995642  0.6865824  0.6780879  0.6699425  0.6552502  0.6618634  0.7265192  0.7250345  0.7212260  0.7215287  0.7212415  0.7097292  0.7014684  0.6956436
 4  0.4555172  0.4185805  0.3788439  0.3820358  0.3991025  0.3806927  0.3635405  0.3836178  0.4151408  0.4274847  0.4474725  0.5285886  0.5490660  0.5195586  0.4751192  0.4468111  0.4404929  0.4243312  0.5299178  0.5590994  0.5334490  0.5046569  0.4893317  0.4608744  0.4188496  0.3943917  0.3827303
 1  0.7315684  0.6873880  0.6543980  0.6365037  0.6294297  0.6299526  0.6414054  0.6729340  0.6697459  0.6718028  0.6707675  0.6649096  0.6474585  0.6235276  0.6161071  0.5955160  0.6513906  0.7121462  0.6934027  0.6797576  0.6650812  0.6395333  0.6114494  0.5762822  0.6148935  0.6340859  0.6681848
 2  0.5697771  0.5223139  0.4956533  0.4746858  0.4549682  0.4473981  0.5077743  0.5703854  0.5821732  0.5799224  0.5725683  0.5515125  0.5145686  0.4841677  0.4875099  0.5071376  0.6004260  0.6241595  0.6081751  0.5767181  0.5404810  0.5084979  0.4752658  0.4874715  0.5422507  0.5695008  0.5944876
 3  0.7537993  0.7128146  0.6779628  0.6565496  0.6467018  0.6449864  0.6536403  0.6913963  0.6913187  0.6934062  0.6925007  0.6849504  0.6661544  0.6408135  0.6324326  0.6119945  0.6597859  0.7383228  0.7191342  0.7002965  0.6835421  0.6593685  0.6294060  0.5902028  0.6317948  0.6523422  0.6888611
 4  0.4515532  0.4146470  0.3870894  0.3597954  0.3378865  0.3475653  0.4662796  0.5199041  0.5146044  0.5089761  0.4864529  0.4494731  0.4078596  0.3952147  0.4203000  0.4572406  0.5530831  0.5667770  0.5139020  0.4623989  0.4493794  0.4128095  0.3852976  0.4460711  0.4952606  0.5182724  0.5389148
 1  0.7286303  0.6826911  0.6290183  0.5931194  0.5712037  0.5691872  0.5993722  0.6163072  0.6800392  0.6988689  0.6950742  0.6885945  0.6813451  0.6796436  0.6756206  0.6627087  0.6561116  0.6498462  0.6682129  0.6439654  0.6396731  0.6560255  0.6485011  0.6855602  0.7234088  0.7129265  0.6966855
 2  0.5686480  0.5225831  0.4797223  0.4496076  0.4423039  0.4797757  0.5236930  0.5591407  0.6008872  0.6105562  0.5955150  0.5672740  0.5327128  0.5148629  0.5041404  0.4879826  0.4865926  0.5311138  0.5694607  0.5575692  0.5579978  0.5694186  0.5564382  0.6075198  0.6259920  0.6211544  0.5870797
 3  0.7517398  0.7088155  0.6536798  0.6138417  0.5880704  0.5828807  0.6164054  0.6315749  0.7004503  0.7216954  0.7171775  0.7082060  0.6984486  0.6958583  0.6921617  0.6789827  0.6717190  0.6644192  0.6884698  0.6665749  0.6576351  0.6769188  0.6706669  0.6994814  0.7481827  0.7376448  0.7178198
 4  0.4547156  0.4168095  0.3774739  0.3522355  0.3717471  0.4381145  0.4733022  0.5129590  0.5424006  0.5362254  0.4980525  0.4459682  0.4161597  0.4147595  0.3974656  0.3786938  0.3953560  0.4829841  0.5138915  0.4810527  0.4977381  0.5069629  0.4722064  0.5476331  0.5666643  0.5318743  0.4579767
 1  0.7290541  0.6814757  0.6311006  0.6082419  0.6292110  0.6288571  0.6274448  0.6332823  0.6522918  0.6528406  0.6583031  0.6521991  0.6318103  0.6247829  0.6726413  0.6907869  0.7012218  0.7012625  0.6883441  0.6782308  0.6699386  0.6645958  0.6443852  0.5524830  0.5954866  0.6593122  0.6182882
 2  0.5720311  0.5230618  0.4825504  0.4846396  0.5111590  0.5056534  0.4788669  0.4726785  0.5039472  0.5337984  0.5602554  0.5597277  0.5356319  0.5522737  0.5911244  0.6086082  0.6075222  0.5952354  0.5594554  0.5164172  0.4865343  0.4986914  0.5305045  0.5032233  0.5587781  0.5808132  0.5401231
 3  0.7524456  0.7078604  0.6557883  0.6269801  0.6470598  0.6484698  0.6445942  0.6478122  0.6676040  0.6702494  0.6770889  0.6740404  0.6534908  0.6391783  0.6932171  0.7133043  0.7235162  0.7225704  0.7077035  0.6953961  0.6852981  0.6794548  0.6628751  0.5711326  0.6058095  0.6848767  0.6448205
 4  0.4569095  0.4176880  0.3802909  0.4162380  0.4436583  0.4047548  0.3522515  0.3871294  0.4396777  0.4728292  0.5008179  0.4896479  0.4502817  0.5013844  0.5396797  0.5388598  0.5267086  0.4943260  0.4365254  0.3818342  0.3726854  0.4314305  0.4747266  0.4625038  0.5225982  0.5292463  0.4597128
 1  0.7304056  0.6863066  0.6450921  0.6227090  0.6203737  0.6298895  0.6428363  0.6631327  0.6614145  0.6562449  0.6665781  0.6739244  0.6995157  0.6970476  0.6816097  0.6774278  0.6699426  0.6621182  0.6715019  0.6660764  0.6670801  0.6677234  0.6689771  0.6690224  0.6588550  0.6496189  0.6468183
 2  0.5719358  0.5241406  0.4889952  0.4686681  0.4704021  0.4858889  0.5156919  0.5398752  0.5329598  0.5169714  0.5242837  0.5646053  0.5946552  0.5972612  0.5763311  0.5620843  0.5450977  0.5336237  0.5411806  0.5366673  0.5273148  0.5220246  0.5324205  0.5422701  0.5362185  0.5241495  0.5357898
 3  0.7532408  0.7120878  0.6691386  0.6427167  0.6371371  0.6459090  0.6582732  0.6807171  0.6808295  0.6729500  0.6828895  0.6899927  0.7200572  0.7194275  0.7021720  0.6971291  0.6895265  0.6794859  0.6892694  0.6850046  0.6846211  0.6844764  0.6853452  0.6876572  0.6783895  0.6673989  0.6638192
 4  0.4545313  0.4161992  0.3807478  0.3654747  0.3866268  0.4088079  0.4506328  0.4672159  0.4279338  0.4174377  0.4470975  0.5082685  0.5336102  0.5138398  0.4861677  0.4750588  0.4465174  0.4485158  0.4627006  0.4444093  0.4253074  0.4281065  0.4596544  0.4678366  0.4430597  0.4378091  0.4731154
 1  0.7281665  0.6808234  0.6364709  0.6135792  0.6137142  0.6114371  0.6046890  0.5875261  0.5778037  0.6454007  0.6073181  0.6768188  0.6922994  0.7025920  0.6884550  0.6823015  0.6720424  0.6632104  0.6700996  0.6642316  0.6844359  0.6892019  0.6845175  0.6928055  0.7035548  0.6888397  0.6808762
 2  0.5709774  0.5221279  0.4865394  0.4732542  0.4791818  0.4793119  0.4711576  0.4676430  0.5155140  0.5686201  0.5681951  0.5996357  0.6160086  0.6118884  0.5843450  0.5506170  0.5124482  0.5086281  0.5356424  0.5583689  0.5778119  0.5794357  0.5654709  0.5791764  0.5914361  0.5822646  0.5639096
 3  0.7515019  0.7071882  0.6610040  0.6334753  0.6310956  0.6290663  0.6214504  0.6038994  0.5896937  0.6702847  0.6205607  0.7007729  0.7164289  0.7259552  0.7101321  0.7008246  0.6892009  0.6785726  0.6871300  0.6830335  0.7040470  0.7097171  0.7035452  0.7097689  0.7248589  0.7104132  0.7005287
 4  0.4557197  0.4170906  0.3826989  0.3844898  0.4012199  0.3941364  0.3858137  0.4005180  0.4801225  0.5199904  0.5239066  0.5505739  0.5464582  0.5275994  0.4752511  0.4297812  0.3952300  0.4314819  0.4729877  0.4923984  0.5063762  0.4903242  0.4691548  0.5111279  0.5228643  0.4919636  0.4697515
 1  0.7281973  0.6810513  0.6341588  0.6050541  0.6065444  0.6453617  0.6586211  0.6622965  0.6656310  0.6700060  0.6732780  0.6809680  0.6660522  0.6434741  0.6072721  0.5880832  0.5972836  0.5967808  0.6918856  0.6703367  0.6494261  0.6483587  0.6521108  0.6538723  0.6583127  0.6778179  0.7035423
 2  0.5743464  0.5232414  0.4842031  0.4558448  0.4794610  0.5284847  0.5457622  0.5354256  0.5115319  0.4834210  0.4842603  0.5347435  0.5581355  0.5491396  0.5261244  0.5244661  0.5279304  0.5710991  0.6085742  0.5892943  0.5553229  0.5323093  0.5263356  0.5361254  0.5648853  0.6016792  0.6131347
 3  0.7516029  0.7069893  0.6583765  0.6258606  0.6219223  0.6611696  0.6777535  0.6807844  0.6825870  0.6852961  0.6868091  0.6970509  0.6860564  0.6648658  0.6282893  0.6040021  0.6185954  0.6009406  0.7181709  0.6973736  0.6717383  0.6667222  0.6697623  0.6710653  0.6760049  0.6965616  0.7285030
 4  0.4584144  0.4155433  0.3822353  0.3517199  0.4186844  0.4736625  0.4649976  0.4245770  0.3828087  0.3470206  0.4055648  0.4783287  0.4941612  0.4821053  0.4583853  0.4797601  0.4718622  0.5314535  0.5574057  0.5067249  0.4488702  0.4378248  0.4455924  0.4689774  0.5101063  0.5471134  0.5472159
 1  0.7281184  0.6803456  0.6324935  0.6021864  0.5749853  0.5615635  0.6317603  0.6208517  0.5968941  0.5654144  0.6148056  0.6596218  0.6705748  0.6683449  0.6588788  0.6536601  0.6724159  0.6894321  0.6910593  0.7074844  0.7006756  0.6905514  0.6758284  0.6593696  0.6577049  0.6421342  0.6091171
 2  0.5729084  0.5231594  0.4842114  0.4580635  0.4436136  0.4967380  0.5646372  0.5490456  0.5187379  0.5011218  0.5549049  0.5842220  0.5858981  0.5688724  0.5360621  0.5220605  0.5578000  0.5786123  0.5905323  0.5977696  0.5867407  0.5564195  0.5060288  0.4730725  0.4995237  0.5402590  0.5261166
 3  0.7517145  0.7068348  0.6571668  0.6227998  0.5922557  0.5719693  0.6503608  0.6445505  0.6191570  0.5828325  0.6286130  0.6809548  0.6936153  0.6896835  0.6781388  0.6703104  0.6885139  0.7101009  0.7103474  0.7277521  0.7220960  0.7095736  0.6924797  0.6746176  0.6723948  0.6611882  0.6313894
 4  0.4576816  0.4178749  0.3814440  0.3600737  0.3690600  0.4668135  0.5192863  0.4874022  0.4475364  0.4470023  0.5121717  0.5281879  0.5082450  0.4690520  0.4255865  0.4401897  0.5021897  0.5081124  0.5122833  0.5222824  0.4892229  0.4242264  0.3643920  0.3677415  0.4426739  0.4871697  0.4603036
 1  0.7289669  0.6798174  0.6337021  0.6079177  0.6173631  0.6378676  0.6399117  0.6377761  0.6385286  0.6410710  0.6611014  0.6955859  0.7145088  0.7035004  0.6875161  0.6835969  0.6830728  0.6862547  0.6785936  0.6657281  0.6587988  0.6415019  0.6280031  0.6253588  0.6423278  0.6600858  0.6743437
 2  0.5742236  0.5219689  0.4850320  0.4750224  0.5059023  0.5296649  0.5231828  0.4946989  0.4629026  0.4593134  0.5531405  0.6169832  0.6265696  0.6147257  0.5699970  0.5213323  0.4911314  0.5007951  0.5398086  0.5663851  0.5706046  0.5521655  0.5313159  0.5285325  0.5518316  0.5768741  0.5872094
 3  0.7523603  0.7060461  0.6581310  0.6276535  0.6336166  0.6563867  0.6594590  0.6554373  0.6545785  0.6551994  0.6738638  0.7166145  0.7412329  0.7278002  0.7073211  0.7001817  0.6977813  0.7006671  0.6954604  0.6850598  0.6808294  0.6639155  0.6483879  0.6429518  0.6598507  0.6790471  0.6959109
 4  0.4578898  0.4160871  0.3842443  0.3949234  0.4486141  0.4607314  0.4221658  0.3703324  0.3356338  0.3773076  0.5148996  0.5629698  0.5610062  0.5095611  0.4294769  0.3780149  0.3770734  0.4237163  0.4780217  0.5094566  0.5059825  0.4738127  0.4469092  0.4611836  0.4945836  0.5186732  0.5221781
 1  0.7287269  0.6810465  0.6343076  0.6083764  0.6011543  0.6198548  0.6382088  0.6454459  0.6524673  0.6468079  0.6635922  0.6705799  0.6581254  0.6525401  0.6563883  0.6572109  0.6868554  0.7106891  0.6948997  0.6790213  0.6665266  0.6557970  0.6451113  0.6371536  0.6201161  0.6578365  0.6699468
 2  0.5719461  0.5224118  0.4851023  0.4594685  0.4560836  0.4897879  0.5262035  0.5463263  0.5525234  0.5539193  0.5704715  0.5721792  0.5506011  0.5306382  0.5294343  0.5417537  0.5937803  0.6128219  0.5987618  0.5612110  0.5072505  0.4573789  0.4742680  0.5575964  0.5623147  0.5800271  0.5916211
 3  0.7520538  0.7073838  0.6588777  0.6291334  0.6180403  0.6344548  0.6549859  0.6638488  0.6724373  0.6660049  0.6825443  0.6922626  0.6791314  0.6704922  0.6738049  0.6747043  0.7029981  0.7341861  0.7188637  0.6995091  0.6839646  0.6708100  0.6578826  0.6544212  0.6402470  0.6813666  0.6914062
 4  0.4562514  0.4171398  0.3826078  0.3541401  0.3730280  0.4311203  0.4664084  0.4814211  0.4802122  0.4847318  0.5080924  0.4953305  0.4496825  0.4371298  0.4511860  0.4742151  0.5380662  0.5500708  0.5033455  0.4289426  0.3565722  0.3253138  0.4250625  0.5152233  0.5150487  0.5192833  0.5180203
 1  0.7276935  0.6808899  0.6274578  0.5962772  0.6051200  0.6273406  0.6380062  0.6356521  0.6433257  0.6587678  0.6700624  0.6697388  0.6710358  0.6954047  0.7142773  0.7029847  0.6849146  0.6802955  0.6894380  0.6897551  0.6696434  0.6481030  0.6324211  0.6009425  0.6055918  0.6640036  0.6631838
 2  0.5721492  0.5231672  0.4794600  0.4604106  0.4827687  0.5128952  0.5216497  0.5111726  0.5157107  0.5405655  0.5577186  0.5574940  0.5574565  0.5931973  0.6081674  0.5967534  0.5494644  0.5163018  0.5417626  0.5621515  0.5482321  0.5147559  0.4927878  0.4782415  0.5313687  0.5841558  0.5796536
 3  0.7511928  0.7071239  0.6521116  0.6163518  0.6215315  0.6439435  0.6562636  0.6537917  0.6596083  0.6753993  0.6890438  0.6892653  0.6893026  0.7123154  0.7367384  0.7254002  0.7037561  0.6953279  0.7049024  0.7093986  0.6906441  0.6669205  0.6492702  0.6191681  0.6179880  0.6842477  0.6876682
 4  0.4573467  0.4167572  0.3778694  0.3753168  0.4178164  0.4481107  0.4394319  0.4164768  0.4377304  0.4774082  0.4856926  0.4717347  0.4770695  0.5317362  0.5410081  0.4882464  0.3962841  0.4096331  0.4824059  0.4921306  0.4461500  0.4039585  0.4079132  0.4065034  0.4900987  0.5351629  0.5009063
 1  0.7285885  0.6862186  0.6444467  0.6243426  0.6280925  0.6300341  0.6502907  0.6587936  0.6488262  0.6366565  0.6438424  0.6721858  0.6555701  0.6471658  0.6644293  0.6703125  0.6854499  0.6912847  0.6902880  0.7016596  0.7118716  0.7006785  0.6933211  0.6888438  0.6842166  0.6885022  0.7083307
 2  0.5713707  0.5254495  0.4880949  0.4787570  0.4911687  0.5082531  0.5316047  0.5350752  0.5083415  0.4756901  0.5261339  0.5751871  0.5648792  0.5573827  0.5679542  0.5752710  0.5795424  0.5736753  0.5584786  0.5737340  0.5921703  0.5871622  0.5666735  0.5367492  0.4981606  0.5207149  0.5707948
 3  0.7516385  0.7118235  0.6683091  0.6435157  0.6453299  0.6470463  0.6670329  0.6777062  0.6673337  0.6528735  0.6567616  0.6928534  0.6792638  0.6654906  0.6843255  0.6908704  0.7049957  0.7111549  0.7083430  0.7176201  0.7322837  0.7221104  0.7126818  0.7064029  0.6998396  0.7013335  0.7262397
 4  0.4556943  0.4160292  0.3783017  0.3921262  0.4159958  0.4374863  0.4612046  0.4438975  0.3885574  0.3690665  0.4822134  0.5230928  0.4793060  0.4853355  0.5044190  0.4990213  0.4980785  0.4761580  0.4519191  0.5040094  0.5248257  0.4944548  0.4511795  0.4040943  0.3545668  0.4608684  0.5133724
 1  0.7287496  0.6818591  0.6361295  0.6103312  0.5559566  0.3755137  0.6944835  0.4833523  0.5665388  0.5772854  0.6032455  0.6665555  0.6084072  0.5367215  0.6110683  0.6392007  0.6221137  0.5962661  0.5824076  0.6036449  0.6215115  0.5712218  0.4581481  0.6349147  0.6771141  0.6314766  0.6435531
 2  0.5722266  0.5235127  0.4858212  0.4568082  0.4004264  0.4300544  0.6032535  0.4533192  0.5171219  0.5212715  0.5647345  0.5866369  0.5281351  0.4829060  0.5615812  0.5711686  0.5506308  0.5267484  0.5201509  0.5470189  0.5476954  0.4913063  0.4323934  0.5849938  0.5969386  0.5684893  0.5722456
 3  0.7522206  0.7083418  0.6607283  0.6310450  0.5744587  0.3575269  0.7249406  0.4971992  0.5836445  0.5970839  0.6143942  0.6920043  0.6358669  0.5511859  0.6246267  0.6623670  0.6454326  0.6183154  0.5994737  0.6201229  0.6440575  0.5955896  0.4653517  0.6474989  0.7032984  0.6532921  0.6652846
 4  0.4567510  0.4181136  0.3802323  0.3455088  0.2984857  0.4439853  0.5500370  0.4315720  0.4801314  0.4776167  0.5251798  0.5344839  0.4413597  0.4373985  0.5252548  0.5191857  0.4943636  0.4625140  0.4700324  0.5023777  0.4893145  0.4054113  0.4117033  0.5437166  0.5416390  0.5149101  0.5197744
 1  0.7314508  0.6878004  0.6421630  0.6187040  0.6285105  0.6434016  0.6395894  0.6299030  0.6263601  0.6590470  0.7035509  0.6989541  0.6911915  0.6927930  0.7003846  0.7021382  0.6791351  0.6597650  0.6357231  0.5993964  0.6471915  0.6280578  0.6080422  0.5798086  0.5910529  0.6236499  0.6345347
 2  0.5718119  0.5234790  0.4860095  0.4815441  0.5154286  0.5352177  0.5209088  0.4825721  0.4747524  0.5740104  0.6095398  0.6065816  0.5768605  0.5520497  0.5592205  0.5691993  0.5531678  0.5302764  0.5110530  0.5268583  0.5663385  0.5482396  0.5165547  0.4890750  0.5141431  0.5441618  0.5697336
 3  0.7538355  0.7130726  0.6660849  0.6379085  0.6449878  0.6626339  0.6595577  0.6476724  0.6407817  0.6710116  0.7265577  0.7224650  0.7111864  0.7093505  0.7168480  0.7214137  0.6993048  0.6783702  0.6543726  0.6135014  0.6679165  0.6517498  0.6283228  0.5990692  0.6056468  0.6426690  0.6520218
 4  0.4534029  0.4143047  0.3814783  0.4035625  0.4589358  0.4635489  0.4132583  0.3529583  0.4014868  0.5340760  0.5512298  0.5115401  0.4480986  0.4449892  0.4881095  0.4915936  0.4551467  0.4367693  0.4310274  0.4848384  0.5143055  0.4705432  0.4363472  0.4175040  0.4658128  0.4906427  0.5142114
 1  0.7320621  0.6914412  0.6521750  0.6282289  0.6203278  0.6245333  0.6321500  0.6533771  0.6730992  0.6929562  0.6949652  0.6935904  0.6937609  0.6906594  0.6860855  0.6817338  0.6709328  0.6484742  0.6285093  0.6433503  0.6293462  0.6572467  0.6478082  0.6468554  0.6509536  0.6678991  0.6918422
 2  0.5746545  0.5263231  0.4904793  0.4668892  0.4615776  0.4693859  0.4945170  0.5312647  0.5683918  0.5883422  0.5875228  0.5767032  0.5619650  0.5498012  0.5336582  0.5215527  0.5029133  0.4761949  0.5127041  0.5738434  0.5713310  0.5774530  0.5661429  0.5469910  0.5431651  0.5691897  0.5934496
 3  0.7544364  0.7162697  0.6754987  0.6481700  0.6371912  0.6403787  0.6472494  0.6692413  0.6904830  0.7128972  0.7160764  0.7127584  0.7120508  0.7087218  0.7032608  0.6984776  0.6876955  0.6651829  0.6418325  0.6645236  0.6496010  0.6806564  0.6718337  0.6664808  0.6685083  0.6852465  0.7119965
 4  0.4545522  0.4138657  0.3806496  0.3588029  0.3711085  0.3858073  0.4269163  0.4696908  0.5057721  0.5191902  0.4986995  0.4769191  0.4658747  0.4481239  0.4282758  0.4151602  0.3923095  0.3721960  0.4700714  0.5280645  0.5179949  0.5209609  0.4788126  0.4521811  0.4698558  0.5102135  0.5290426
 1  0.7287904  0.6835164  0.6421128  0.6167724  0.6141506  0.6312712  0.6450378  0.6485344  0.6450726  0.6532027  0.6636798  0.6844087  0.6858353  0.6865538  0.6793321  0.6767011  0.6745364  0.6666183  0.6707434  0.6668102  0.6659119  0.6778975  0.6904368  0.6898129  0.6910227  0.6951520  0.7053700
 2  0.5701777  0.5238196  0.4890976  0.4644077  0.4693235  0.4976221  0.5131025  0.5068775  0.5058731  0.5321615  0.5658770  0.5833839  0.5824327  0.5642727  0.5333042  0.5158558  0.5153541  0.5342263  0.5572738  0.5639002  0.5697603  0.5837577  0.5905742  0.5797816  0.5564193  0.5337022  0.5297216
 3  0.7520664  0.7098105  0.6664592  0.6370184  0.6306095  0.6469927  0.6623492  0.6658645  0.6604640  0.6702928  0.6814398  0.7047560  0.7069917  0.7057919  0.6969255  0.6928350  0.6909534  0.6836548  0.6894462  0.6871890  0.6852340  0.6977587  0.7119954  0.7104687  0.7094230  0.7110550  0.7203918
 4  0.4552733  0.4179815  0.3809561  0.3598068  0.3921340  0.4314460  0.4289094  0.3993818  0.4292576  0.4722452  0.5044943  0.5154279  0.4916356  0.4517196  0.4157690  0.4148630  0.4317526  0.4666752  0.4922529  0.4909492  0.5007954  0.5190774  0.5127073  0.4777476  0.4297359  0.4127658  0.4321569
 1  0.7295185  0.6835518  0.6420671  0.6242730  0.6258051  0.6164638  0.5626333  0.6613679  0.6359036  0.6126103  0.6324790  0.6422752  0.6120044  0.5799077  0.6376480  0.6810864  0.6572223  0.6310829  0.6384674  0.6511266  0.6608584  0.6695798  0.6798081  0.6889864  0.6835545  0.6738969  0.6663933
 2  0.5718653  0.5230020  0.4886984  0.4874406  0.5083181  0.5078393  0.5101465  0.5829734  0.5568022  0.5331770  0.5469834  0.5554701  0.5321857  0.5241436  0.5809046  0.5979697  0.5703940  0.5252141  0.5113324  0.5120225  0.5178522  0.5311986  0.5483379  0.5601319  0.5539186  0.5344908  0.5290953
 3  0.7524887  0.7094268  0.6661448  0.6433237  0.6431751  0.6363379  0.5738082  0.6863392  0.6629441  0.6328382  0.6502143  0.6628639  0.6323053  0.5966147  0.6530852  0.7054707  0.6821862  0.6517240  0.6558116  0.6678601  0.6772861  0.6861640  0.6967728  0.7070085  0.7025186  0.6923414  0.6827974
 4  0.4555759  0.4158283  0.3830671  0.4086376  0.4462629  0.4292973  0.4745524  0.5348872  0.4766888  0.4570103  0.4892862  0.4897424  0.4701234  0.4804308  0.5335511  0.5377622  0.4765301  0.4176733  0.4190727  0.4263730  0.4331705  0.4489564  0.4713184  0.4790374  0.4599391  0.4261209  0.4485932
 1  0.7274045  0.6818744  0.6378574  0.6119308  0.5995789  0.5923718  0.6237851  0.6356743  0.6297256  0.6184325  0.6077403  0.5717624  0.5478129  0.6589069  0.6164041  0.6787540  0.6886410  0.7093529  0.7159105  0.7045374  0.6811019  0.6639335  0.6519248  0.6402126  0.6334475  0.6379362  0.6199258
 2  0.5715916  0.5239169  0.4864514  0.4591906  0.4348588  0.4440267  0.5100500  0.5426812  0.5391832  0.5294577  0.5176115  0.4911890  0.5306704  0.5785706  0.5743097  0.5990714  0.6135495  0.6228535  0.6209436  0.6063201  0.5595961  0.4955716  0.4352459  0.4205396  0.4866199  0.5580612  0.5564404
 3  0.7509238  0.7080620  0.6621582  0.6323841  0.6174257  0.6064304  0.6374218  0.6550776  0.6498021  0.6378058  0.6272389  0.5907220  0.5507279  0.6849122  0.6305126  0.7032516  0.7123734  0.7305718  0.7401279  0.7282187  0.7019234  0.6811931  0.6662723  0.6535229  0.6468262  0.6557225  0.6415322
 4  0.4571408  0.4171220  0.3800323  0.3521236  0.3230629  0.3821055  0.4674780  0.4812250  0.4674493  0.4606649  0.4482148  0.4271898  0.5047953  0.5270555  0.5269127  0.5494279  0.5411111  0.5527989  0.5511746  0.5101532  0.4205449  0.3268676  0.2933947  0.3344418  0.4453809  0.5140380  0.5013217
 1  0.7295224  0.6865967  0.6449355  0.6231455  0.6244834  0.6295793  0.6376618  0.6358801  0.6208794  0.5935980  0.6286318  0.6578629  0.6743281  0.6815276  0.6842885  0.6915403  0.7044450  0.7008188  0.6861620  0.6762734  0.6717232  0.6815146  0.7116021  0.6964976  0.6758090  0.6683428  0.6730174
 2  0.5724896  0.5259165  0.4889545  0.4750967  0.4846917  0.4991353  0.5080079  0.5022746  0.4835668  0.4919637  0.5524937  0.5847080  0.5911474  0.5897343  0.5693358  0.5608687  0.5743061  0.5783000  0.5608250  0.5395613  0.5248923  0.5733580  0.6047800  0.5959588  0.5486669  0.4974391  0.4813175
 3  0.7526309  0.7122956  0.6688255  0.6426107  0.6415423  0.6465469  0.6546351  0.6537505  0.6382138  0.6084594  0.6443339  0.6776625  0.6974690  0.7038474  0.7041478  0.7078784  0.7221599  0.7213332  0.7060001  0.6941314  0.6893469  0.6954646  0.7339727  0.7202856  0.6955761  0.6841499  0.6874660
 4  0.4564538  0.4168345  0.3795554  0.3836967  0.4080318  0.4233293  0.4262687  0.4089425  0.3933305  0.4439256  0.5071616  0.5304717  0.5247258  0.4985005  0.4517951  0.4691327  0.5067560  0.4955291  0.4541368  0.4373852  0.4267524  0.5199449  0.5468394  0.4941552  0.3951928  0.3589682  0.3810735
 1  0.7309671  0.6881320  0.6490595  0.6275119  0.6210845  0.6147264  0.5989090  0.5938133  0.6451830  0.6108033  0.6326246  0.6376454  0.6851782  0.6909523  0.6874335  0.6897834  0.6966699  0.7002127  0.7016641  0.7007294  0.6988030  0.6949670  0.6960582  0.6853029  0.6767037  0.6844824  0.6826693
 2  0.5684563  0.5234431  0.4909405  0.4712561  0.4593627  0.4429054  0.4365812  0.5250163  0.5734684  0.5529729  0.5596973  0.5762229  0.5985523  0.5972231  0.5739290  0.5516690  0.5384969  0.5267365  0.5257064  0.5283354  0.5324155  0.5456607  0.5585910  0.5474716  0.5371932  0.5474411  0.5515192
 3  0.7533426  0.7135582  0.6728108  0.6474085  0.6384991  0.6311506  0.6133369  0.6035276  0.6677852  0.6313031  0.6538412  0.6564246  0.7070745  0.7132379  0.7071130  0.7073256  0.7132767  0.7157664  0.7170198  0.7164217  0.7149583  0.7113434  0.7143042  0.7046501  0.6932805  0.7017003  0.7016345
 4  0.4519946  0.4152868  0.3818467  0.3669484  0.3571506  0.3336823  0.3622710  0.4965295  0.5222356  0.5002007  0.5068053  0.5193979  0.5332579  0.5061284  0.4625544  0.4423211  0.4264487  0.4166274  0.4203971  0.4299096  0.4364663  0.4665090  0.4785624  0.4391792  0.4435655  0.4739252  0.4618095
 1  0.7317671  0.6900678  0.6503120  0.6286887  0.6234897  0.6296239  0.6376225  0.6399384  0.6493300  0.6570255  0.6634270  0.6905994  0.6959408  0.6946778  0.6969692  0.7061991  0.7189862  0.7179421  0.7118055  0.7083234  0.7074557  0.7045788  0.7078371  0.7084094  0.7147299  0.7176295  0.7136645
 2  0.5734793  0.5252307  0.4902780  0.4726488  0.4743054  0.4902892  0.5048533  0.5115784  0.5229231  0.5284618  0.5580242  0.5895583  0.5952433  0.5779946  0.5424752  0.5197085  0.5313470  0.5522205  0.5592144  0.5614637  0.5634975  0.5642080  0.5647250  0.5635314  0.5729417  0.5886523  0.5905810
 3  0.7541083  0.7150693  0.6737978  0.6484386  0.6404371  0.6458530  0.6543124  0.6571647  0.6663344  0.6747458  0.6790871  0.7103835  0.7182269  0.7147091  0.7137954  0.7201200  0.7334244  0.7348984  0.7293329  0.7257210  0.7254751  0.7226272  0.7259996  0.7256263  0.7317011  0.7363324  0.7341535
 4  0.4539986  0.4140657  0.3815391  0.3721666  0.3913140  0.4157252  0.4268471  0.4307671  0.4442534  0.4449304  0.4983433  0.5312133  0.5103290  0.4531925  0.3862820  0.3998772  0.4518864  0.4661883  0.4604368  0.4683502  0.4731655  0.4750078  0.4657352  0.4640588  0.4920559  0.5149512  0.5043954
 1  0.7288535  0.6820883  0.6372529  0.6160065  0.6299257  0.6536030  0.6661511  0.6588772  0.6498227  0.6463788  0.6596089  0.6559966  0.6450342  0.6424086  0.6235819  0.5795897  0.5328110  0.6443448  0.6740705  0.6649753  0.6942448  0.6936261  0.6934753  0.7008063  0.6937004  0.6859701  0.6748924
 2  0.5713388  0.5228276  0.4863220  0.4793284  0.5114106  0.5482421  0.5583880  0.5386929  0.4997252  0.4831752  0.5153924  0.5379356  0.5506660  0.5557204  0.5323376  0.4819021  0.4800416  0.5856814  0.5986975  0.5955392  0.6104167  0.6038807  0.5847014  0.5688465  0.5426514  0.5110233  0.4889067
 3  0.7520863  0.7082459  0.6616082  0.6354346  0.6462573  0.6709621  0.6859426  0.6790026  0.6674950  0.6611264  0.6750419  0.6745565  0.6633674  0.6631168  0.6463784  0.5996561  0.5428298  0.6623377  0.6983901  0.6874015  0.7191010  0.7166911  0.7129548  0.7191398  0.7115892  0.7021048  0.6903129
 4  0.4561338  0.4167630  0.3820642  0.3975163  0.4515464  0.4875353  0.4796567  0.4263580  0.3657762  0.3972085  0.4554906  0.4707192  0.4898854  0.4947623  0.4474426  0.3947362  0.4500828  0.5397743  0.5465807  0.5414573  0.5426036  0.5083770  0.4814649  0.4660312  0.4234098  0.3823522  0.3769441
 1  0.7275399  0.6835103  0.6434276  0.6223296  0.6057304  0.6047916  0.6134791  0.6225846  0.6593802  0.6777632  0.6874163  0.6908653  0.6863582  0.6835669  0.6890899  0.6912252  0.6854316  0.6852066  0.6969115  0.7047365  0.6969403  0.6924470  0.6919755  0.6859384  0.6854230  0.6955143  0.7018917
 2  0.5739787  0.5258796  0.4891897  0.4653746  0.4528060  0.4679741  0.4916792  0.5306919  0.5705977  0.5863363  0.5848138  0.5714604  0.5423257  0.5195092  0.5374106  0.5599067  0.5647664  0.5690211  0.5880714  0.5967268  0.5860707  0.5694676  0.5534774  0.5339477  0.5289499  0.5530228  0.5718939
 3  0.7511398  0.7093131  0.6672123  0.6423755  0.6227275  0.6203678  0.6299476  0.6375551  0.6780554  0.6988591  0.7079422  0.7103006  0.7043370  0.6994642  0.7045599  0.7099803  0.7051775  0.7035403  0.7156447  0.7261334  0.7182549  0.7111947  0.7100727  0.7038735  0.7010493  0.7119645  0.7205895
 4  0.4592037  0.4164436  0.3802275  0.3572563  0.3666181  0.4014177  0.4243881  0.4802154  0.5152071  0.5127730  0.4956877  0.4654379  0.4186574  0.4119908  0.4681395  0.4902473  0.4783404  0.4895970  0.5212476  0.5228791  0.4883810  0.4658311  0.4549149  0.4201534  0.4363761  0.4837772  0.4937861
 1  0.7283414  0.6853327  0.6411950  0.6131112  0.5979399  0.5891161  0.5647874  0.5933587  0.6674290  0.6475844  0.6670603  0.6723173  0.6724325  0.6826407  0.6891443  0.6926796  0.6974356  0.7021663  0.7029073  0.7007212  0.6924260  0.6891642  0.6747126  0.6476815  0.6540602  0.6900243  0.6958902
 2  0.5707404  0.5255412  0.4867310  0.4549280  0.4309680  0.4203552  0.4275113  0.5573856  0.5910364  0.5864994  0.5879816  0.5908190  0.5686905  0.5427960  0.5249249  0.5294000  0.5661320  0.5900654  0.5953650  0.5835053  0.5562277  0.5400850  0.5390002  0.5410292  0.5714303  0.6006288  0.6044345
 3  0.7516474  0.7112628  0.6653247  0.6335485  0.6153693  0.6044601  0.5796347  0.6029992  0.6924904  0.6675431  0.6924701  0.6972767  0.6930046  0.6994992  0.7050324  0.7086136  0.7143184  0.7227061  0.7244087  0.7207209  0.7106893  0.7058951  0.6922118  0.6676319  0.6716741  0.7109024  0.7189101
 4  0.4561331  0.4174347  0.3774144  0.3420662  0.3251685  0.3315164  0.3684382  0.5224228  0.5410653  0.5372345  0.5340566  0.5012480  0.4442727  0.4206359  0.4228428  0.4482985  0.5031085  0.5242192  0.5105753  0.4770107  0.4420169  0.4432529  0.4686601  0.4767573  0.5146150  0.5401979  0.5310042
 1  0.7279220  0.6800036  0.6328831  0.6048060  0.5900709  0.5943091  0.6374214  0.6716656  0.6687287  0.6613347  0.6540945  0.6584857  0.6633047  0.6682479  0.6773269  0.6924738  0.6958386  0.7025314  0.6872082  0.6741271  0.6686424  0.6718306  0.6724475  0.6645916  0.6616686  0.6664108  0.6763033
 2  0.5722626  0.5225433  0.4842162  0.4567197  0.4426863  0.4778514  0.5490076  0.5782246  0.5673283  0.5345890  0.5033664  0.5083989  0.5280994  0.5487299  0.5783251  0.5957802  0.6042982  0.6016676  0.5760427  0.5356176  0.5136052  0.5316476  0.5463837  0.5429997  0.5343534  0.5348907  0.5462936
 3  0.7514597  0.7064343  0.6574625  0.6255113  0.6074279  0.6077919  0.6519963  0.6922594  0.6904502  0.6806805  0.6703594  0.6744237  0.6806119  0.6858574  0.6953212  0.7138625  0.7171859  0.7248826  0.7090279  0.6923176  0.6842790  0.6884754  0.6910011  0.6841875  0.6800804  0.6833664  0.6938799
 4  0.4572140  0.4171446  0.3810067  0.3525665  0.3541220  0.4306993  0.5046355  0.5126597  0.4695020  0.4066993  0.3995640  0.4352690  0.4551300  0.4788473  0.5178762  0.5313949  0.5325123  0.5217002  0.4628889  0.4043847  0.4240949  0.4643208  0.4724072  0.4529977  0.4378574  0.4530127  0.4688329
 1  0.7299583  0.6872195  0.6405529  0.6111769  0.6108910  0.6209779  0.6346459  0.6503226  0.6626193  0.6907189  0.6916046  0.6893732  0.6949357  0.6906074  0.6892307  0.6932894  0.6964388  0.6929658  0.6908242  0.6952470  0.6997086  0.6995806  0.7071175  0.6972765  0.6864761  0.6834613  0.6986373
 2  0.5711477  0.5252501  0.4852767  0.4596797  0.4607985  0.4720828  0.4907248  0.5073829  0.5447625  0.5788696  0.5823329  0.5730833  0.5650271  0.5549250  0.5437581  0.5489701  0.5526583  0.5385548  0.5177164  0.5057489  0.5062694  0.5348272  0.5680676  0.5721776  0.5534762  0.5624866  0.5845501
 3  0.7529014  0.7130312  0.6648157  0.6313463  0.6278294  0.6368772  0.6499764  0.6664990  0.6776736  0.7096095  0.7129508  0.7079335  0.7131660  0.7093333  0.7062186  0.7100437  0.7142913  0.7106582  0.7066988  0.7097259  0.7147403  0.7143662  0.7252921  0.7174750  0.7054068  0.6998314  0.7186900
 4  0.4546550  0.4171442  0.3769882  0.3594452  0.3744838  0.3895269  0.4132789  0.4239497  0.4846839  0.5177388  0.4921916  0.4744310  0.4764809  0.4544180  0.4442421  0.4634643  0.4606798  0.4190725  0.3827105  0.3936367  0.4010936  0.4641863  0.5000287  0.4808464  0.4458406  0.4930534  0.5214777
 1  0.7300844  0.6846392  0.6009156  0.5189745  0.4868048  0.5215123  0.5902832  0.5751029  0.6805951  0.6502906  0.6322513  0.6426478  0.6618060  0.6778532  0.6818429  0.6824602  0.6859359  0.7025329  0.7032486  0.6939290  0.6758310  0.6716099  0.7072813  0.6948930  0.6811743  0.6782448  0.6879163
 2  0.5711411  0.5235489  0.4599730  0.4096706  0.4094582  0.4937851  0.5271779  0.5552970  0.5986023  0.5726680  0.5497040  0.5590983  0.5750490  0.5841156  0.5758372  0.5535792  0.5421473  0.5620699  0.5736043  0.5644606  0.5350383  0.5709371  0.6031748  0.5963057  0.5575408  0.5066711  0.4872002
 3  0.7530262  0.7106776  0.6263858  0.5392206  0.5019870  0.5300303  0.6126327  0.5766465  0.7071385  0.6765775  0.6533497  0.6608299  0.6816737  0.6989807  0.7024359  0.7015499  0.7017955  0.7189914  0.7228658  0.7132213  0.6941999  0.6856131  0.7296219  0.7186270  0.7011102  0.6943200  0.7016731
 4  0.4548105  0.4170595  0.3680336  0.3397362  0.3621964  0.4699682  0.4855500  0.5236040  0.5466196  0.4965989  0.4732076  0.4974025  0.5137216  0.5077293  0.4806717  0.4322437  0.4464021  0.4943647  0.4930237  0.4602434  0.4274165  0.5186544  0.5460887  0.4984073  0.4077088  0.3482981  0.3791268
 1  0.7297766  0.6848057  0.6486117  0.6324561  0.6471070  0.6503081  0.6537718  0.6646852  0.6663351  0.6687967  0.6706163  0.6631183  0.6282670  0.5516220  0.5969999  0.4652213  0.6799986  0.7033894  0.6952652  0.6930783  0.6969927  0.6976030  0.6941857  0.6913569  0.6943690  0.7055979  0.6971391
 2  0.5731114  0.5244942  0.4926032  0.4930239  0.5150885  0.5226919  0.5264683  0.5366440  0.5384862  0.5400234  0.5437295  0.5309947  0.4864807  0.4551791  0.5298008  0.4865450  0.6109607  0.6210692  0.6105056  0.6093280  0.5953631  0.5765119  0.5470362  0.5202666  0.5397963  0.5713785  0.5747690
 3  0.7529155  0.7106406  0.6723673  0.6511344  0.6646174  0.6685705  0.6703777  0.6822173  0.6845546  0.6861851  0.6888436  0.6822315  0.6469869  0.5656477  0.6191635  0.4545977  0.6993282  0.7292324  0.7225130  0.7169525  0.7182149  0.7170287  0.7117086  0.7074584  0.7088883  0.7241577  0.7178161
 4  0.4566960  0.4162671  0.3830791  0.4141751  0.4430063  0.4353359  0.4447851  0.4577939  0.4510891  0.4574340  0.4620357  0.4320065  0.3804179  0.4119656  0.4837218  0.4758947  0.5601383  0.5642244  0.5464552  0.5238634  0.4988408  0.4661826  0.4258761  0.3998168  0.4706055  0.5077721  0.4807541
 1  0.7280549  0.6809974  0.6491547  0.6344521  0.6302457  0.6380519  0.6594655  0.6753472  0.6815857  0.7025135  0.6955270  0.6922318  0.6885453  0.6834282  0.6811424  0.6866749  0.6998976  0.6929359  0.6855535  0.6828950  0.6845727  0.6780593  0.6857595  0.6846325  0.6732334  0.6704729  0.6614982
 2  0.5742871  0.5233197  0.4950582  0.4790636  0.4752127  0.4960251  0.5337251  0.5520704  0.5725072  0.5876584  0.5809903  0.5585777  0.5265897  0.4909800  0.4817834  0.5488514  0.5815318  0.5810026  0.5621951  0.5550683  0.5527637  0.5533238  0.5642454  0.5608930  0.5402506  0.5247046  0.5198967
 3  0.7515398  0.7070218  0.6728295  0.6541827  0.6471674  0.6535130  0.6752726  0.6938446  0.6985482  0.7224450  0.7164797  0.7105095  0.7053956  0.6988331  0.6943951  0.7015247  0.7202366  0.7134306  0.7043100  0.7009062  0.7031170  0.6961788  0.7041173  0.7044612  0.6918057  0.6873844  0.6788117
 4  0.4584217  0.4157221  0.3863274  0.3735159  0.3852501  0.4264623  0.4709258  0.4714060  0.5011351  0.5167861  0.4817165  0.4375458  0.3948739  0.3452165  0.3958007  0.5010234  0.5139894  0.4843958  0.4631591  0.4700786  0.4673153  0.4721971  0.4885258  0.4683223  0.4319203  0.4275010  0.4373116
 1  0.7296925  0.6821534  0.6410853  0.6223198  0.6335445  0.6349710  0.6332746  0.6513951  0.6656770  0.6620736  0.6553708  0.6467797  0.6407568  0.6441945  0.6484148  0.6482684  0.6532845  0.6440298  0.6309422  0.6394830  0.6167542  0.6134429  0.6630558  0.6866384  0.6864818  0.6968952  0.6949412
 2  0.5699182  0.5222040  0.4899891  0.4854553  0.5009883  0.4993016  0.4940747  0.5234926  0.5484183  0.5462629  0.5309289  0.5115478  0.5189440  0.5487765  0.5601147  0.5613920  0.5583613  0.5439069  0.5395723  0.5509551  0.5332583  0.5472196  0.5876793  0.6010851  0.5957486  0.5946778  0.5837997
 3  0.7528275  0.7087934  0.6657239  0.6416058  0.6510474  0.6532638  0.6490288  0.6666184  0.6840354  0.6817171  0.6744314  0.6644952  0.6566863  0.6624026  0.6693087  0.6681716  0.6740198  0.6645584  0.6478635  0.6598068  0.6386318  0.6280605  0.6827311  0.7096557  0.7075265  0.7171661  0.7163071
 4  0.4541773  0.4185686  0.3836298  0.4031127  0.4252860  0.4009970  0.4065865  0.4619397  0.4798128  0.4601392  0.4304343  0.4153068  0.4565541  0.4952560  0.4931267  0.4927945  0.4843813  0.4581213  0.4792982  0.4919338  0.4583725  0.4995231  0.5351419  0.5286254  0.5132544  0.5171810  0.4939729
 1  0.7310651  0.6893614  0.6374219  0.6019082  0.5933451  0.6149843  0.6484125  0.6544277  0.6654972  0.6886085  0.6868955  0.6654157  0.6530836  0.6605379  0.6536925  0.6369182  0.6327538  0.6095611  0.6103672  0.5719317  0.5471386  0.5741538  0.6222154  0.6162167  0.6674214  0.6331347  0.6055086
 2  0.5714015  0.5249206  0.4812261  0.4503223  0.4514126  0.4999310  0.5379179  0.5474795  0.5663675  0.5930220  0.5894876  0.5572927  0.5210701  0.5068734  0.4949580  0.4875694  0.5104457  0.5245174  0.5309178  0.5055161  0.4971330  0.5327929  0.5555448  0.5709387  0.5885024  0.5553402  0.5313567
 3  0.7535218  0.7145680  0.6615263  0.6224946  0.6100878  0.6288917  0.6660991  0.6732609  0.6822402  0.7087270  0.7101876  0.6878587  0.6710952  0.6766950  0.6709081  0.6530595  0.6496135  0.6275925  0.6302417  0.5920498  0.5615357  0.5888675  0.6435023  0.6309308  0.6921612  0.6593650  0.6241554
 4  0.4534606  0.4148438  0.3760837  0.3489314  0.3742656  0.4513191  0.4739321  0.4659772  0.5041301  0.5326488  0.5126407  0.4411741  0.4038565  0.4129138  0.3983432  0.4086448  0.4479851  0.4711386  0.4727998  0.4469900  0.4593957  0.4946723  0.5091359  0.5258882  0.5375147  0.4751149  0.4663954
 1  0.7294815  0.6844707  0.6357509  0.6030685  0.5926370  0.5971890  0.6201435  0.6572832  0.6732461  0.6832292  0.6792827  0.6727107  0.6547269  0.6286097  0.6523091  0.6401372  0.6374700  0.6426802  0.6681371  0.6775309  0.6744150  0.6891386  0.6944955  0.6919764  0.6803707  0.6657547  0.6477981
 2  0.5725402  0.5238844  0.4838039  0.4544093  0.4470838  0.4647997  0.5212047  0.5647333  0.5802191  0.5783876  0.5614120  0.5403140  0.5088764  0.5134536  0.5582292  0.5589297  0.5551411  0.5608251  0.5741891  0.5677982  0.5524357  0.5641325  0.5800710  0.5831507  0.5693003  0.5434946  0.5088869
 3  0.7525449  0.7104590  0.6602222  0.6237297  0.6098576  0.6123642  0.6339248  0.6757315  0.6939638  0.7031937  0.6988322  0.6912220  0.6727647  0.6438426  0.6705113  0.6621337  0.6574984  0.6625913  0.6885118  0.6976917  0.6921060  0.7060771  0.7140081  0.7126904  0.7013738  0.6858128  0.6660460
 4  0.4554746  0.4167696  0.3795642  0.3528895  0.3617331  0.3998715  0.4752791  0.5093926  0.5041039  0.4897284  0.4649192  0.4375382  0.4057904  0.4582414  0.5081175  0.4924046  0.4903186  0.4972419  0.4982184  0.4680339  0.4571183  0.4937217  0.5113007  0.5055490  0.4796979  0.4379898  0.4028205
 1  0.7294027  0.6818774  0.6382095  0.6168767  0.6217158  0.6275392  0.6346563  0.6306730  0.6169074  0.6124620  0.6067798  0.6473933  0.6974931  0.6882391  0.6785201  0.6777792  0.6805234  0.6829812  0.6790168  0.6780349  0.6836519  0.6807259  0.6779464  0.6760123  0.6776859  0.6704304  0.6658910
 2  0.5698543  0.5217168  0.4876314  0.4761876  0.4855879  0.4983230  0.5076587  0.5044699  0.5033508  0.5206191  0.5364113  0.5896732  0.6117873  0.6006894  0.5635514  0.5318232  0.5268688  0.5366506  0.5426721  0.5454180  0.5517186  0.5507379  0.5472367  0.5526109  0.5545454  0.5430868  0.5403062
 3  0.7524993  0.7083400  0.6628184  0.6366729  0.6389755  0.6444420  0.6513892  0.6488487  0.6336232  0.6298759  0.6252089  0.6607942  0.7223851  0.7122042  0.6981602  0.6947333  0.6963801  0.7002418  0.6972785  0.6951501  0.7016845  0.6991407  0.6957025  0.6941154  0.6967968  0.6894254  0.6828817
 4  0.4541562  0.4175816  0.3829726  0.3872326  0.4073259  0.4214963  0.4304974  0.4187515  0.4358187  0.4676409  0.4815349  0.5432393  0.5505638  0.4993959  0.4364886  0.4186271  0.4445693  0.4594940  0.4497663  0.4610829  0.4697743  0.4606565  0.4618507  0.4760739  0.4708018  0.4450872  0.4609794
 1  0.7272826  0.6765279  0.6299321  0.6065817  0.6042814  0.6068045  0.6409324  0.6872657  0.6764883  0.6561612  0.6358624  0.6247544  0.6506627  0.6374907  0.6100471  0.5968640  0.5971203  0.5725991  0.5565107  0.5946592  0.5912413  0.5834739  0.6462217  0.6827546  0.6588312  0.6340010  0.6212307
 2  0.5729577  0.5210785  0.4843681  0.4716820  0.4787364  0.4910940  0.5529114  0.5902914  0.5791266  0.5388679  0.4894495  0.4969597  0.5442029  0.5389342  0.5077605  0.5067723  0.5307557  0.5152214  0.5127498  0.5379769  0.5315483  0.5356585  0.5914598  0.6018766  0.5769613  0.5427139  0.5114448
 3  0.7510606  0.7032012  0.6546023  0.6266108  0.6216258  0.6239496  0.6541314  0.7077023  0.6997636  0.6768761  0.6535673  0.6386762  0.6680655  0.6595282  0.6296104  0.6127168  0.6141545  0.5922214  0.5725564  0.6128829  0.6122615  0.5993900  0.6614653  0.7086543  0.6852008  0.6561422  0.6399488
 4  0.4584400  0.4170217  0.3840832  0.3860011  0.4062867  0.4210082  0.5045833  0.5321582  0.4885882  0.4149362  0.3705635  0.4440460  0.4925509  0.4562530  0.4206972  0.4521392  0.4840323  0.4698885  0.4739884  0.4965654  0.4821001  0.4960271  0.5447240  0.5473290  0.4968079  0.4451191  0.4232315
 1  0.7263195  0.6761652  0.6238199  0.5902494  0.5804109  0.5853597  0.5876498  0.5551706  0.5894080  0.6489231  0.6733155  0.6553523  0.6448548  0.6599083  0.6553889  0.6472580  0.6569514  0.6655814  0.6661706  0.6873684  0.6860696  0.6890998  0.6857542  0.6903598  0.6967018  0.6925288  0.6819844
 2  0.5711790  0.5212492  0.4802610  0.4539106  0.4549055  0.4746768  0.4798897  0.4707577  0.5357884  0.5887489  0.5926179  0.5731333  0.5548618  0.5548531  0.5398604  0.5186157  0.5351317  0.5526446  0.5734672  0.5887863  0.5879807  0.5726696  0.5515978  0.5490113  0.5560864  0.5530602  0.5251009
 3  0.7502776  0.7030711  0.6488360  0.6109333  0.5973330  0.6012954  0.6057731  0.5708268  0.6010584  0.6673801  0.6989258  0.6803359  0.6642778  0.6790910  0.6757664  0.6645977  0.6728257  0.6847593  0.6838200  0.7085378  0.7077827  0.7086565  0.7038253  0.7068954  0.7144613  0.7112493  0.6996168
 4  0.4579942  0.4180866  0.3805517  0.3617605  0.3838434  0.4142489  0.4044600  0.4177353  0.5006685  0.5407246  0.5343723  0.4855326  0.4733257  0.4805745  0.4400126  0.4224211  0.4714559  0.4839294  0.5104576  0.5238608  0.4995309  0.4674770  0.4446576  0.4633689  0.4759762  0.4495826  0.3947305
 1  0.7283663  0.6827752  0.6271719  0.5904409  0.5726453  0.5928878  0.6341887  0.6493861  0.6680469  0.6773115  0.6703799  0.6734382  0.6794433  0.6758009  0.6504117  0.6245428  0.6708886  0.6487978  0.6362591  0.6468453  0.6594958  0.6537069  0.6597361  0.6647785  0.6636874  0.6791710  0.6774639
 2  0.5709641  0.5238797  0.4781292  0.4424882  0.4346530  0.4933704  0.5403103  0.5569461  0.5671216  0.5671883  0.5523748  0.5502550  0.5582599  0.5530286  0.5208833  0.5389885  0.5837349  0.5620317  0.5349243  0.5359640  0.5482339  0.5453837  0.5491405  0.5477167  0.5566458  0.5747047  0.5713959
 3  0.7517058  0.7088831  0.6518161  0.6114774  0.5893993  0.6051999  0.6521651  0.6684628  0.6866010  0.6975207  0.6895313  0.6908914  0.6981043  0.6952715  0.6699507  0.6377102  0.6923344  0.6740550  0.6565669  0.6637672  0.6782601  0.6734576  0.6785263  0.6838722  0.6810143  0.6989348  0.6993158
 4  0.4566222  0.4170227  0.3757212  0.3375479  0.3594924  0.4552618  0.4833062  0.4822012  0.4943818  0.4821194  0.4570641  0.4705897  0.4818993  0.4634680  0.4194604  0.4930322  0.5332100  0.4731849  0.4335515  0.4636644  0.4796975  0.4673067  0.4689119  0.4625409  0.4892227  0.5114648  0.4800307
 1  0.7305319  0.6896581  0.6366901  0.6015417  0.6010719  0.6199146  0.6460556  0.6421833  0.6420072  0.6462544  0.6687761  0.6785945  0.6753714  0.6773028  0.6780591  0.6863841  0.6770566  0.6690230  0.6577811  0.6552336  0.6565081  0.6510767  0.6408497  0.6414082  0.6485879  0.6784879  0.6934078
 2  0.5721984  0.5266032  0.4803223  0.4588622  0.4801826  0.5234214  0.5479530  0.5357858  0.5105081  0.4979825  0.5244302  0.5426259  0.5469346  0.5458754  0.5515513  0.5566767  0.5492892  0.5357330  0.5313107  0.5507772  0.5672962  0.5640364  0.5548272  0.5496777  0.5671845  0.5910891  0.5997490
 3  0.7533336  0.7150011  0.6608571  0.6213156  0.6173400  0.6358812  0.6651901  0.6630081  0.6607106  0.6617257  0.6840488  0.6965748  0.6933164  0.6954683  0.6958456  0.7046263  0.6962338  0.6873248  0.6755040  0.6730189  0.6767866  0.6729139  0.6617318  0.6615028  0.6662859  0.6987569  0.7159433
 4  0.4550996  0.4161370  0.3733596  0.3732537  0.4197352  0.4714210  0.4810469  0.4402821  0.3878623  0.4066744  0.4587633  0.4634124  0.4589228  0.4583051  0.4696822  0.4749091  0.4570509  0.4413518  0.4552825  0.4927214  0.5074687  0.4961317  0.4832767  0.4788512  0.5075729  0.5324530  0.5205178
 1  0.7307829  0.6860838  0.6413262  0.6197250  0.6471388  0.6502500  0.6429141  0.6554831  0.7027181  0.6962924  0.6779908  0.6675507  0.6578927  0.6533053  0.6699683  0.6774723  0.6786919  0.6803908  0.6981924  0.6892696  0.6755940  0.6683211  0.6730760  0.6725137  0.6698459  0.6633398  0.6602113
 2  0.5712566  0.5225106  0.4864572  0.4977472  0.5337002  0.5337543  0.5007858  0.5428114  0.5974953  0.5990717  0.5721183  0.5342664  0.4919411  0.4777677  0.5229554  0.5580172  0.5662461  0.5817721  0.5959923  0.5868898  0.5584935  0.5315322  0.5228614  0.5143351  0.5040385  0.4930108  0.5069079
 3  0.7532018  0.7114615  0.6653106  0.6378085  0.6652139  0.6704879  0.6609948  0.6667607  0.7227829  0.7201832  0.6996278  0.6863332  0.6749883  0.6675655  0.6848361  0.6958482  0.6985280  0.6985378  0.7194154  0.7118268  0.6958944  0.6859574  0.6898922  0.6893914  0.6863208  0.6792083  0.6756158
 4  0.4532831  0.4141112  0.3830904  0.4352831  0.4715361  0.4355048  0.3640322  0.4944370  0.5464192  0.5191351  0.4606639  0.4108088  0.3598567  0.3939207  0.4666656  0.4922737  0.4872936  0.5142427  0.5300224  0.4977737  0.4450841  0.4265836  0.4279849  0.4145497  0.3916887  0.3904705  0.4361324
 1  0.7288303  0.6817250  0.6251245  0.5895919  0.5343969  0.4792749  0.6369445  0.6879291  0.6360124  0.6298887  0.6341408  0.6211955  0.5976433  0.6164718  0.6939588  0.7057076  0.6897532  0.6820097  0.6749394  0.6904084  0.7175598  0.6930605  0.6644115  0.6496432  0.6585551  0.6526204  0.6449148
 2  0.5741911  0.5237030  0.4775491  0.4509293  0.4221463  0.4504005  0.5909092  0.5992468  0.5632871  0.5558296  0.5507562  0.5245093  0.4876174  0.5578417  0.6149303  0.6208838  0.5971581  0.5567950  0.5077619  0.5752054  0.6140734  0.6000827  0.5517197  0.5048444  0.5033848  0.4994369  0.4976657
 3  0.7523075  0.7079528  0.6498710  0.6101727  0.5516616  0.4916226  0.6463989  0.7174967  0.6620680  0.6507957  0.6558709  0.6426972  0.6160785  0.6241276  0.7162790  0.7317106  0.7134731  0.7013696  0.6909222  0.7022430  0.7417444  0.7187687  0.6864815  0.6664821  0.6739795  0.6706510  0.6615081
 4  0.4580154  0.4169323  0.3771287  0.3598231  0.3567767  0.4253705  0.5475614  0.5461612  0.4979409  0.4944257  0.4793942  0.4298734  0.3982733  0.5209556  0.5624097  0.5496165  0.4870351  0.4103462  0.3767655  0.5298509  0.5596548  0.5095026  0.4106201  0.3875035  0.4270582  0.4078685  0.4042089
 1  0.7302531  0.6859038  0.6382322  0.6077453  0.5979417  0.6063792  0.6233745  0.6208123  0.6141448  0.6408297  0.6785741  0.6672041  0.6554620  0.6592546  0.6630102  0.6710463  0.6693958  0.6750997  0.6641518  0.6514705  0.6395700  0.6287758  0.6295158  0.6512628  0.6915461  0.6872052  0.6715156
 2  0.5733499  0.5237260  0.4842477  0.4584113  0.4542011  0.4794825  0.5079575  0.5085348  0.5136582  0.5693561  0.5925777  0.5769467  0.5447198  0.5290690  0.5375001  0.5541398  0.5694830  0.5739782  0.5570166  0.5268368  0.5079310  0.5182213  0.5376121  0.5858983  0.6055742  0.6003637  0.5630009
 3  0.7529906  0.7113011  0.6622597  0.6283149  0.6151611  0.6213634  0.6401865  0.6394687  0.6307197  0.6549610  0.7016483  0.6909109  0.6749097  0.6764980  0.6799200  0.6891509  0.6884303  0.6959091  0.6857275  0.6703265  0.6562513  0.6460969  0.6477002  0.6658550  0.7158389  0.7114184  0.6920360
 4  0.4553468  0.4144629  0.3813688  0.3584193  0.3708254  0.4191717  0.4426034  0.4278855  0.4501976  0.5244920  0.5323802  0.4791130  0.4353279  0.4399520  0.4669657  0.4867068  0.5026607  0.5020967  0.4591072  0.4172469  0.4282172  0.4581794  0.4789630  0.5364306  0.5474280  0.5072393  0.4454557
 1  0.7306463  0.6839494  0.6369456  0.6071736  0.5974667  0.5947724  0.6175448  0.6349622  0.6870367  0.6823010  0.6728118  0.6722346  0.6945206  0.7021173  0.6896464  0.6804432  0.6723730  0.6707912  0.6659462  0.6435297  0.6209606  0.6421781  0.6371135  0.6580132  0.6960639  0.6825224  0.6682949
 2  0.5746519  0.5227490  0.4852665  0.4641149  0.4573680  0.4761977  0.5220812  0.5737382  0.6012131  0.5930619  0.5601720  0.5393205  0.5638565  0.5773909  0.5630276  0.5271779  0.4894435  0.4913498  0.5423495  0.5557975  0.5528501  0.5624340  0.5590294  0.5883317  0.6054052  0.5912631  0.5580766
 3  0.7534515  0.7096860  0.6612210  0.6276413  0.6152714  0.6098049  0.6331378  0.6498667  0.7099766  0.7061855  0.6935066  0.6884446  0.7108734  0.7220597  0.7095986  0.6980181  0.6878325  0.6851634  0.6824331  0.6659074  0.6412809  0.6624058  0.6589481  0.6737975  0.7198655  0.7063263  0.6880068
 4  0.4558021  0.4152092  0.3842525  0.3711145  0.3704194  0.4181495  0.4732795  0.5261338  0.5417363  0.5021232  0.4316057  0.4441446  0.5013647  0.5005986  0.4483969  0.3845770  0.3623662  0.4165447  0.4921184  0.4984441  0.4923534  0.5058717  0.4896242  0.5338369  0.5435938  0.4947459  0.4530674
 1  0.7306384  0.6854690  0.6410873  0.6158353  0.6098369  0.6076014  0.6097869  0.6440122  0.6896540  0.6860937  0.6769163  0.6828897  0.6822348  0.6840220  0.6769000  0.6728085  0.6615023  0.6741153  0.6790767  0.6762139  0.6818058  0.6914283  0.6943743  0.6911505  0.6845103  0.6872501  0.6908569
 2  0.5714296  0.5239925  0.4875778  0.4620076  0.4437162  0.4302938  0.4668357  0.5712971  0.6024578  0.5949742  0.5687771  0.5530947  0.5458070  0.5415341  0.5375467  0.5329510  0.5497112  0.5771183  0.5809876  0.5624502  0.5474270  0.5505576  0.5490938  0.5387820  0.5296645  0.5567978  0.5760411
 3  0.7535934  0.7115947  0.6654884  0.6362822  0.6274766  0.6230979  0.6224002  0.6573101  0.7126767  0.7094826  0.6965483  0.7009426  0.7000029  0.7015465  0.6946404  0.6904222  0.6779463  0.6943919  0.7016092  0.6958170  0.6986427  0.7086333  0.7122772  0.7085172  0.7005396  0.7038130  0.7114514
 4  0.4547070  0.4177429  0.3808263  0.3544322  0.3314026  0.3280432  0.4202903  0.5309674  0.5414848  0.5000046  0.4632182  0.4582111  0.4558713  0.4500032  0.4456381  0.4433930  0.4902012  0.5207461  0.4927091  0.4474217  0.4511699  0.4674840  0.4536473  0.4227854  0.4365292  0.4965704  0.5075154
 1  0.7298247  0.6826669  0.6397825  0.6259703  0.6588633  0.6579616  0.6495659  0.6480907  0.6594450  0.6755900  0.6714317  0.6650047  0.6790037  0.6820330  0.6845708  0.6853868  0.6837280  0.6817591  0.6872800  0.6838510  0.6846644  0.6957588  0.7011728  0.7048538  0.7104349  0.7095986  0.7020327
 2  0.5696666  0.5211598  0.4880578  0.5100085  0.5474628  0.5468936  0.5177351  0.4927177  0.5039988  0.5261991  0.5275575  0.5275062  0.5568076  0.5715923  0.5695174  0.5590739  0.5434105  0.5412360  0.5515577  0.5492446  0.5531320  0.5658250  0.5719316  0.5708578  0.5709377  0.5699862  0.5571063
 3  0.7525837  0.7088277  0.6642267  0.6434461  0.6774887  0.6786857  0.6677616  0.6643793  0.6742360  0.6918832  0.6897627  0.6809113  0.6960623  0.7023391  0.7046162  0.7039315  0.7012766  0.6987195  0.7050432  0.7025839  0.7015541  0.7135572  0.7201353  0.7222677  0.7279994  0.7276359  0.7202438
 4  0.4530319  0.4162894  0.3841416  0.4507247  0.4863716  0.4511083  0.3975630  0.3840649  0.4284481  0.4526745  0.4230383  0.4453830  0.4966692  0.4983367  0.4756347  0.4551950  0.4442650  0.4589080  0.4715190  0.4531355  0.4676286  0.4908739  0.4794173  0.4733852  0.4801102  0.4771332  0.4554837
 1  0.7291441  0.6867886  0.6454938  0.6198830  0.5902716  0.5653033  0.6321064  0.6539879  0.6490896  0.6645022  0.6531524  0.6446962  0.6554284  0.6732067  0.6735699  0.6726451  0.6770203  0.6772970  0.6801260  0.6771659  0.6853054  0.6835802  0.6860670  0.6813346  0.6757394  0.6636070  0.6459533
 2  0.5731839  0.5256805  0.4882902  0.4564219  0.4164578  0.4434286  0.5832466  0.5703167  0.5772899  0.5736459  0.5483219  0.5185671  0.5243471  0.5479079  0.5513549  0.5529434  0.5604746  0.5673730  0.5655575  0.5611357  0.5599902  0.5601539  0.5610209  0.5594072  0.5511713  0.5360096  0.5156280
 3  0.7522081  0.7122912  0.6692513  0.6402685  0.6080312  0.5767748  0.6433612  0.6822999  0.6733187  0.6860920  0.6744681  0.6629139  0.6711217  0.6906131  0.6927139  0.6906023  0.6954196  0.6969765  0.7002861  0.6958313  0.7038064  0.7020496  0.7046416  0.7004486  0.6948427  0.6825876  0.6644513
 4  0.4562852  0.4155206  0.3784406  0.3377876  0.3041340  0.4097141  0.5435637  0.5173734  0.5047925  0.4924195  0.4472468  0.4133824  0.4517682  0.4791926  0.4660435  0.4693303  0.4886020  0.4938585  0.4781921  0.4730972  0.4752518  0.4763400  0.4794259  0.4749740  0.4625978  0.4438497  0.4258749
