2019 2020 2021 2022 2023 2024 2025 2026 2027 2028 2029 2030 2031 2032 2033 2034 2035 2036 2037 2038 2039 2040 2041 2042 2043 2044 2045
  25959.53   25118.94   22210.98   19013.31   21929.66   29943.26   31387.85   29204.72   21873.32   13713.35    7639.60    4159.90    3999.62    2263.01    1742.46    2901.72    3414.66    2021.50    1435.49    3505.58    5932.33    6676.37    5413.86    6063.14    8993.68   12256.12   12609.21
  26666.73   25889.19   23162.33   19714.02   15043.64   12257.53   12428.94   12405.57   13764.19   15579.84   15863.66   16079.19   16479.60   16686.63   17282.24   16875.80   19850.12   25535.34   26737.04   26547.31   18299.65   11499.63    8471.94    4592.17    3311.49    2878.23    3596.69
  27337.97   26615.99   22103.92   18783.05   17687.60   15151.14   11054.37    7813.00    7711.51    6806.81    6101.24    5801.96    6574.32    6885.35    7584.92    8483.80    8749.05    9296.47    9711.67    9991.14    9287.65    7890.35    6176.55    6413.71    9796.90   14007.17   15387.12
  27375.08   26940.54   25595.66   23366.02   18652.11   14316.52   12034.53   10364.72   12847.11   18916.12   22788.46   26301.01   29259.57   29291.15   27680.70   25177.70   23490.54   22435.37   19404.86   17452.86   19049.55   21674.84   20459.44   17464.86   13695.19   10033.72    8127.21
  27413.16   26481.38   24019.93   21095.44   20167.23   20415.57   19413.27   18572.22   15635.10   12990.42    8855.32    3745.63    5672.30    9124.36   13228.85   16457.80   15882.53   14129.76   13954.49   15123.50   15831.65   15593.58   12959.50    9660.18    6116.29    3483.03    5065.50
  27916.22   26974.74   22450.06   17958.48   13901.65    9338.64    6514.64    5477.77    8539.29   12502.25   14346.14   14918.76   15577.45   16405.58   16119.57   15279.29   12962.75   10525.99    9636.58    8842.73    9717.44   12827.77   15384.44   16206.43   14904.06   14977.80   17296.47
  25293.69   24733.79   20631.79   16811.45   16210.30   14159.12   12102.94    9745.07    7874.37    5853.58    4262.37    4507.07    6983.34    9176.00   10158.68   10452.44    8740.96    6315.24    8566.36   14561.13   20946.74   27119.04   31457.09   33058.79   29027.59   23716.61   18923.18
  26166.07   24685.14   24017.02   21946.27   18726.80   15242.40   13471.30   14067.94   16195.17   18870.29   21238.71   21086.97   16539.94   10990.15    7818.93    4900.34    9842.47   20746.14   25128.04   27367.70   22513.67   15508.19   10305.54    5514.86    5490.76    6748.75   11173.08
  26381.36   25495.33   20746.29   15847.26   11200.91    7326.41    6588.16    7551.07   15006.61   23159.50   27100.76   27696.95   24525.77   20901.86   16742.65   11881.39    8528.25    6637.61    6551.50    6137.19    6785.78    7794.78    7867.49   18517.93   36457.15   48384.62   49576.97
  25129.66   24252.08   20501.18   18934.24   19070.84   16620.30   13884.77   11063.35    9067.24    7428.87    7114.33    6695.23    5724.85    6126.52    8607.08   14350.59   20380.63   24277.79   22432.23   18508.28   13773.60    9561.43    5593.60    2361.02    3369.12    4830.30    4596.38
  27619.19   26805.37   24080.05   21270.55   19012.88   16860.44   16483.64   16265.42   14565.19   12730.43   11551.98   12860.88   17741.58   21554.89   22057.28   22271.41   20625.26   19005.90   18374.17   16455.62   15478.05   14082.26   12538.03   10961.87    9583.24    8179.53    7148.50
  24999.65   24123.67   21440.20   19107.08   16500.17   12886.33    9318.13    5442.81    3782.39    3110.37    4752.79    8820.08   16558.24   23918.25   25237.85   24510.37   19516.22   15627.09   13481.32   13003.07   16472.03   18982.64   19409.17   24363.79   28876.62   30852.38   30368.25
  23892.22   22507.37   19318.58   15398.63   15458.87   17142.62   17859.06   17113.19   15522.96   12969.05    9983.62    7639.69    6302.32    5084.75    3995.77    3158.92    2639.10    3986.02    7518.84    9225.05    9463.93    9308.36    8422.53    7756.70    7705.62   12487.53   20089.07
  24949.98   24200.58   20919.85   16962.97   11239.56    7360.51    8074.78    7984.79    7028.58    5747.86    7604.51   10890.41   14137.15   15551.05   13850.92   12085.79   13551.17   15784.64   20637.23   27886.68   29913.59   28480.93   21315.19   13400.66    9213.70    5661.94    3975.14
  22802.38   21334.82   18623.83   16178.92   15931.91   15510.01   14414.80   11924.76    9084.11    6219.99    5286.26    9296.14   17170.17   21500.39   20798.91   18242.46   14965.90   11800.17    8972.62    7791.10    8058.47    7679.92    7097.14    6601.30    7053.50    8872.62   11544.95
  24653.49   23669.07   20682.15   17345.11   15133.19   14282.14   13032.52   12397.37   12269.53   12368.40   14875.35   16427.32   15690.38   14746.65   13535.03   12901.11   21299.38   32849.98   37042.79   35737.12   29430.93   21357.90   13362.29    7695.08    7846.22   11801.08   17997.43
  25237.80   24329.11   19895.61   16076.98   15552.08   15453.77   14286.08   12054.79   11321.92   11375.45   11959.53   12133.27   12728.93   20160.17   28910.63   31785.77   27746.89   24460.25   22786.88   21565.52   18015.05   14273.37   10038.35    5387.02    5339.95    6815.37    8000.08
  29448.01   28920.55   25598.41   23417.11   20785.14   18697.84   19298.90   18211.11   14548.96   10220.43    8814.15    8673.48    8621.74    9466.54   10559.84   12790.79   16180.45   17943.09   18403.95   22764.59   27385.18   29388.53   29405.49   27187.93   22215.11   20990.94   23582.96
  26177.49   25658.79   22705.20   19043.34    9520.87    1970.14    3107.14    1825.69    2363.22    2248.66    3414.33    5044.68    4210.97    3208.54    3439.41    4488.89    4856.71    4602.64    4231.47    4524.47    4569.84    3245.90    1630.39    2554.51    4129.88    5149.37    6872.24
  26270.83   24754.89   21231.70   19029.72   18567.62   17882.27   15843.92   12184.53    8850.29    9549.19   16139.83   19926.52   20742.42   21526.28   22679.49   23309.94   19270.62   15461.41   10611.90    7344.48    8334.26    8015.22    6738.51    4707.80    4416.49    4193.03    5554.28
  29044.42   27848.87   24846.00   21139.84   18064.96   14762.09   13530.48   13360.67   16364.63   21176.52   24691.58   27600.47   28036.17   27040.05   24132.50   20706.21   15283.12    9460.18    6186.12    4435.43    6110.10    8200.70    9387.13   10149.60   10371.12   12516.76   18002.38
  27952.23   27639.59   25151.13   21414.98   19125.53   17886.46   17037.43   14950.32   11997.66    9646.61   11563.27   14567.92   16862.12   17704.50   15580.47   12951.57   10415.26    8282.58    8080.38    8055.27    9009.40   11496.80   14877.26   16665.18   16893.22   16400.04   15932.31
  25266.52   24018.39   21687.49   20708.51   17572.85   13400.20    8681.36    8609.98    9325.04    9549.04   10335.67   10728.01    8339.30    6320.77   11083.02   17164.06   17565.11   15334.70   15248.02   14715.16   14239.23   13583.40   14335.14   15391.50   14264.20   12221.10   10732.63
  26685.80   26093.95   23062.23   19329.02   14992.67   11267.99    9925.96    8661.54    7940.50    6940.34    5599.72    3723.67    2960.41    3818.22    6064.13   10556.87   18801.07   38001.46   59990.98   71870.08   63906.83   49621.48   34316.94   18789.94   12239.06    8390.02    8418.45
  29213.68   28728.50   25679.08   22919.61   20136.66   17822.63   15750.31   12568.61    8628.30    5088.67    5499.69    7585.08   10533.74   13680.71   14881.56   17011.95   19160.26   20110.50   18685.18   16838.65   14262.98   18378.99   26424.50   28563.77   25250.55   21033.87   17553.22
  28456.26   27394.94   25008.24   22082.76   18494.90   13881.89    8457.99    4823.28    4999.36    5582.88    6785.05   10024.84   16960.44   21898.12   23346.08   23897.04   23935.46   22910.98   20585.99   18294.90   16032.59   14773.59   14289.06   12674.95   11661.88   11220.88   10902.74
  27992.40   26674.80   23904.00   21100.74   18108.50   15602.58   13686.57   11449.00   10964.20   10182.13   11462.75   15288.88   18953.09   20441.50   19654.94   18688.20   17775.83   16151.49   14744.37   13950.26   13550.46   13364.76   13748.59   14086.81   15430.93   18589.60   20513.65
  25257.70   24234.52   21364.58   19551.23   20290.17   23146.22   24305.90   22055.80   18101.80   14176.28   11996.67    9901.80    8814.05    8137.09    6941.21    4758.26    2653.91    3130.79    5736.38   10065.37   17756.60   23321.51   27373.45   30244.72   27126.10   22226.35   15433.73
  27373.46   26687.76   24081.55   20976.08   15795.35   11480.18    9397.02    8580.00   10630.97   14160.42   17469.46   19183.95   17387.61   15016.92   13734.80   12920.84   12911.01   14029.24   18220.98   23227.18   25289.28   26666.98   25602.99   22736.15   21478.96   21902.43   24441.56
  30096.56   29988.25   26331.00   21414.86   16300.63   10850.84    5210.63    2052.86    3396.83    5803.31    8728.49   11890.78   13330.24   14154.19   12609.86   11024.99   11275.35   13207.28   16310.31   18152.12   17055.35   15819.59   11985.32    8490.23   10760.62   17556.99   24350.51
  24580.27   23660.01   20649.69   17012.60   13211.73   10604.04   12464.13   15776.74   16348.42   14955.41   12224.02    9479.78    8630.39    8246.23    9873.02   13273.11   19399.72   25316.80   25157.17   22751.60   19061.03   16558.09   15414.46   13505.53   12765.16   12345.37   12638.82
  30138.69   29915.91   25624.82   20929.24   18735.93   16739.13   15636.21   14189.16   15429.69   18941.12   21197.68   23639.37   24848.69   24201.93   23629.09   23754.43   23386.79   21257.31   18521.83   15858.20   13082.92   11397.74   11526.57   11222.03   10040.86   10383.58   12216.70
  26759.69   25934.26   16687.10    8704.39    5097.92    2421.17    2090.89    2902.82    5793.50    6776.68    7277.78    8712.48   10779.81   14163.24   16008.47   16049.38   16461.76   18663.85   19377.61   18756.39   14563.43   16010.26   23959.73   26724.25   24639.71   20513.96   16394.49
  26581.09   25617.32   24207.55   23814.97   24214.82   23187.70   21796.81   20889.65   19832.14   19213.67   17861.79   15196.35    9383.12    3734.66    1680.16     787.77    2814.55    7265.31   11855.90   17661.83   22289.92   24824.30   23423.46   20409.77   19662.40   20733.86   20820.27
  24226.29   22974.99   22687.90   21604.68   18934.83   17372.29   18739.70   19526.76   23666.50   29837.36   31709.51   32009.02   28505.51   22943.11   17870.62   15633.67   18199.77   19642.40   19057.68   18971.21   18536.60   18120.09   19466.70   19498.79   17505.29   15465.55   12030.46
  26100.86   25584.81   23807.05   22881.69   22115.45   19674.47   17034.39   16411.02   16178.79   15018.40   13257.23   10909.37    8733.53    7327.94    7734.57    8524.13    8905.13    8511.11    7627.38    6829.79    5946.78    6310.30    9632.35   14503.88   19093.25   25361.68   27857.85
  29053.97   28062.01   22618.46   17073.54   14328.68   13717.40   14643.17   14937.22   17024.56   23353.24   26739.95   24800.98   22605.23   20292.15   15319.27   10170.84    7285.58    4892.94    4133.78    2970.60    2076.40    2002.84    2316.82    3408.74    5128.12    5218.44    5184.51
  26783.24   26041.11   22147.94   17425.63   14128.83   11036.45   11159.15   12673.06   16159.21   19341.65   19243.79   17618.15   12894.80    9062.99    8782.91    8533.03    9168.58   10367.70   13838.58   15757.77   15967.60   18329.03   20682.32   23134.79   22614.89   20101.22   15639.32
  25371.65   24562.30   22232.44   20334.05   18669.39   16883.16   14491.45   11121.82    8315.41    5753.62    5289.55    8894.28   15717.33   19010.86   19083.27   18035.73   16625.28   15004.91   13864.03   13501.53   13480.20   13129.92   12356.16   11914.73   11800.71   10940.60   10190.63
  22355.18   21102.74   18667.68   16451.45   13769.44   11303.04   15298.68   21603.98   22276.53   19659.64   14697.20   10740.89   10167.24    8373.32    6621.65    5066.29    3909.67    2694.73    2416.58    2529.35    2452.45    2506.43    4960.68    8494.94    9823.97    9789.26    8252.69
  23426.02   22621.61   19117.22   15086.44   11972.63    8779.51    6438.13    3853.25    3527.01    5355.57    8120.69    9316.38   10370.39   11376.48   10650.73    9534.31    9164.59    8836.90   10692.25   13702.40   16463.80   18258.72   17883.87   18119.67   18591.11   17422.55   14300.35
  26696.18   25940.66   20720.88   15389.05   11865.58   10094.49   10725.85   12372.74   14667.22   16041.24   15754.87   15990.92   16399.50   15727.32   11381.48    9425.91   11109.20   10756.29   10664.64   11096.71   10802.65    9983.22   10263.15   10156.57   10402.89   11660.63   12336.65
  31453.20   31121.11   24686.69   19098.69   16203.06   15408.32   16321.70   14775.65   13547.54   12242.30   12421.93   12080.04   11236.71   10371.11   10479.52   10752.15    9568.35    8111.49    6596.82    5745.43    5867.92    5980.91    6086.12    6068.67    7380.63   10609.06   14759.25
  25152.40   23480.07   20343.82   19466.58   21844.66   21092.70   17755.20   20260.61   29924.98   35580.91   35398.19   31876.91   25446.80   20682.19   19121.17   19063.40   19546.23   24254.80   32393.46   35684.03   34261.12   31265.87   28857.45   25221.44   20615.32   15646.94   11691.89
  24973.46   24014.83   19169.12   14669.42    7146.14    1560.58    2992.67    5254.96    6260.89    7559.23    8064.99    7171.31    5391.43    6148.70   12186.89   20097.19   22543.74   22148.00   17703.67   22405.52   33721.66   37503.77   33223.47   28667.04   24239.95   18212.16   14771.24
  25543.06   24073.85   20256.29   16104.08   13307.86   11055.21    9671.82    7607.71    6359.95    7561.75   10569.83   11613.22   11428.38   10965.05   10641.43   10783.79   11548.88   12756.83   12387.86   11049.56    8527.35    6122.75    5551.02    8239.14   13186.53   16718.44   16234.66
  23836.90   22260.20   19158.64   15654.72   12478.31    9808.84    8250.70    9989.22   16636.79   20002.89   19917.04   20618.66   24831.07   27910.22   26037.45   22209.85   16748.55   11852.31    8613.53    6022.67    6429.11    7409.70    7999.20   13105.94   20447.03   23345.65   22915.41
  27623.98   27072.44   24053.12   20469.27   17236.92   13427.22    9342.46    8869.74   14256.67   17145.78   18126.24   18774.03   18427.45   17533.50   15507.55   13425.46   12195.64   12908.88   15308.95   16199.17   16710.74   17262.21   17046.58   15459.21   12798.66   12032.60   12667.65
  24735.90   23521.13   21285.65   22894.51   27293.27   27058.56   23720.95   19976.61   19166.99   18627.73   15669.35   13874.02   14083.51   14997.99   16336.57   17015.53   15842.69   14910.54   14936.68   14117.00   14781.17   16464.11   18359.93   20544.62   22063.64   23023.76   21112.46
  28855.99   28189.20   25065.59   20682.32   13486.41    7726.62    7365.60    8418.29   12563.20   16090.59   15378.44   13755.10   14210.29   14956.21   14521.99   14531.41   14683.91   15301.87   16294.66   17248.84   18126.42   18762.01   18860.18   18631.49   17110.49   14806.08   10894.82
