              Isim, Ftarg, Btarg
   1 2019          0.3977734      43121.5693246      11088.7194212
   1 2021          0.3919238      43089.1101348      11026.1475762
   1 2023          0.3685254      43123.7181311      10707.9200217
   1 2025          0.3919238      43166.8440844      11022.7914589
   1 2027          0.4065479      43114.1259101      11222.9189792
   1 2029          0.4006982      43038.9444971      11191.2606790
   1 2031          0.3948486      42981.7131826      11105.9814257
   1 2033          0.3977734      43038.2889136      11146.1849091
   1 2035          0.3948486      43152.4857399      11129.9876900
   1 2037          0.3919238      43037.3063297      11079.9613656
   1 2039          0.3685254      43034.4118720      10652.8518822
   1 2041          0.3889990      43050.6580810      10949.9337351
   1 2043          0.3919238      43058.2699358      11046.4105547
   2 2019          0.3977734      42938.1396063      11041.5504357
   2 2021          0.3948486      42811.8886363      11003.8373115
   2 2023          0.3977734      42954.5034022      11076.3101820
   2 2025          0.3919238      42940.4414100      11015.0057948
   2 2027          0.3919238      42932.7022743      11011.0227824
   2 2029          0.4006982      42953.4046265      11084.8980384
   2 2031          0.4036230      42814.6115398      11065.1338616
   2 2033          0.3948486      42944.4689443      10997.5755553
   2 2035          0.3772998      42816.4074516      10745.2823541
   2 2037          0.3948486      42868.7742140      10973.9970458
   2 2039          0.4065479      42862.7130542      11197.1060191
   2 2041          0.3977734      43006.9037778      11143.1129848
   2 2043          0.4006982      42833.9233087      11123.6881137
   3 2019          0.3977734      43806.1338287      11264.7553084
   3 2021          0.3889990      43844.0641216      11208.1024126
   3 2023          0.3948486      43798.5485467      11263.0420896
   3 2025          0.3977734      43856.1985213      11349.9361989
   3 2027          0.3919238      43875.2839716      11273.9912519
   3 2029          0.3977734      43653.1915418      11299.3952636
   3 2031          0.3948486      43776.1167070      11280.3154277
   3 2033          0.3919238      43782.6887826      11191.4501269
   3 2035          0.3977734      43649.8623694      11311.3811104
   3 2037          0.3948486      43742.8547328      11287.1629138
   3 2039          0.4036230      43658.1922151      11342.9989579
   3 2041          0.3977734      43688.1237614      11333.0886113
   3 2043          0.3802246      43741.6140590      11058.9284492
   4 2019          0.3977734      44476.3116883      11437.0916673
   4 2021          0.3831494      44468.4319514      11202.5931087
   4 2023          0.4006982      44468.1032114      11499.9365067
   4 2025          0.4006982      44387.9020371      11491.9375203
   4 2027          0.3772998      44379.9574908      11138.7059811
   4 2029          0.3860742      44462.9046943      11229.0400180
   4 2031          0.4036230      44312.5859209      11436.3920972
   4 2033          0.4094727      44438.0269039      11509.2193493
   4 2035          0.3948486      44371.4382186      11430.6336668
   4 2037          0.3977734      44440.2288917      11491.6399207
   4 2039          0.3919238      44381.9603473      11389.1089277
   4 2041          0.3977734      44475.9458431      11495.5583428
   4 2043          0.4036230      44409.4946035      11555.5292017
   5 2019          0.3977734      43500.4176316      11186.1403325
   5 2021          0.3919238      43375.2929133      11096.5576317
   5 2023          0.3889990      43475.5820772      11082.8908146
   5 2025          0.3919238      43547.8059340      11172.9718279
   5 2027          0.3948486      43536.9928450      11254.8534562
   5 2029          0.4036230      43353.5317399      11334.0923610
   5 2031          0.3802246      43482.2271218      11020.4243632
   5 2033          0.3831494      43423.3953468      10989.1625398
   5 2035          0.4036230      43346.2192893      11291.9398739
   5 2037          0.3919238      43339.7718775      11189.7454318
   5 2039          0.3948486      43433.1790077      11156.7608238
   5 2041          0.4036230      43458.6344572      11307.8256500
   5 2043          0.4065479      43425.4268846      11345.3887629
   6 2019          0.3977734      44314.4619369      11395.4719742
   6 2021          0.3948486      44303.8265563      11392.1631874
   6 2023          0.3977734      44275.4406248      11454.1803097
   6 2025          0.3948486      44290.3148135      11438.7913288
   6 2027          0.3831494      44159.4011782      11250.5693538
   6 2029          0.3977734      44349.5100446      11431.1342698
   6 2031          0.4036230      44136.4429901      11433.1627402
   6 2033          0.4006982      44322.2440521      11443.3879639
   6 2035          0.4006982      44327.0519260      11489.1993993
   6 2037          0.3977734      44247.4011138      11427.0426455
   6 2039          0.3831494      44204.8832776      11190.3288396
   6 2041          0.3919238      44180.5439450      11327.6946550
   6 2043          0.3977734      44221.4267938      11446.0879673
   7 2019          0.3977734      43536.3842430      11195.3891532
   7 2021          0.4006982      43450.3275955      11243.6530337
   7 2023          0.4006982      43515.0054820      11188.0954970
   7 2025          0.4094727      43491.1624379      11295.8356409
   7 2027          0.4036230      43575.0918959      11273.5169208
   7 2029          0.3948486      43521.2488897      11191.8148178
   7 2031          0.3714502      43397.4966345      10877.4292949
   7 2033          0.3889990      43452.4427720      11072.6544821
   7 2035          0.4006982      43431.7101484      11302.6991771
   7 2037          0.3802246      43475.3017703      11022.9668083
   7 2039          0.3772998      43534.4626453      10918.2283630
   7 2041          0.3977734      43545.9746956      11142.0520860
   7 2043          0.4065479      43473.2551087      11302.5937212
   8 2019          0.3977734      43356.5511859      11149.1450498
   8 2021          0.3743750      43281.4755238      10770.3513200
   8 2023          0.3889990      43352.7500546      11001.8526545
   8 2025          0.3889990      43307.5968448      11045.0103047
   8 2027          0.3889990      43242.1649501      11106.7582204
   8 2029          0.3919238      43395.2502237      11103.4216682
   8 2031          0.4036230      43293.8286475      11275.3050453
   8 2033          0.4006982      43223.9339610      11246.0129207
   8 2035          0.3714502      43225.9488722      10794.3131194
   8 2037          0.3919238      43337.2977801      11126.8868213
   8 2039          0.4036230      43272.4888540      11282.9495019
   8 2041          0.4036230      43303.7870685      11288.2740166
   8 2043          0.3831494      43343.5850506      11014.0053161
   9 2019          0.3977734      43599.9252566      11211.7287364
   9 2021          0.3919238      43624.1482470      11196.7696510
   9 2023          0.3948486      43575.7158201      11267.1413381
   9 2025          0.3889990      43494.9829302      11181.6992224
   9 2027          0.3597510      43576.2020628      10589.8661638
   9 2029          0.3919238      43561.9680712      11136.4997118
   9 2031          0.4006982      43557.1823791      11291.4587437
   9 2033          0.4036230      43587.8082223      11327.2270278
   9 2035          0.3948486      43621.2833257      11251.1249858
   9 2037          0.3919238      43576.3295263      11147.6241062
   9 2039          0.3889990      43575.6805361      11092.5975262
   9 2041          0.3831494      43573.7327125      11016.4192508
   9 2043          0.3656006      43521.9674734      10704.1744280
  10 2019          0.3977734      43518.4009373      11190.7647429
  10 2021          0.3919238      43519.1209411      11159.8826903
  10 2023          0.3977734      43370.4628022      11174.8488339
  10 2025          0.4065479      43482.0460664      11280.7942955
  10 2027          0.4006982      43551.9856662      11255.8283465
  10 2029          0.3919238      43438.0425778      11168.5324284
  10 2031          0.3977734      43369.1830961      11195.5007609
  10 2033          0.3802246      43542.2214675      11005.8608643
  10 2035          0.3889990      43483.0338991      11078.6177100
  10 2037          0.4036230      43494.7734083      11292.4189183
  10 2039          0.4036230      43591.1011905      11315.0008460
  10 2041          0.3977734      43504.3048744      11293.5063286
  10 2043          0.3860742      43346.2638728      11077.4576037
  11 2019          0.3977734      42976.5039919      11051.4158444
  11 2021          0.3889990      42941.9385086      10911.6623084
  11 2023          0.3919238      42939.3028168      10991.7486329
  11 2025          0.3977734      42877.5678181      11055.5166914
  11 2027          0.3977734      42961.8240372      11097.8316925
  11 2029          0.3977734      42928.2056254      11086.3142347
  11 2031          0.3860742      43018.7788613      10929.1899084
  11 2033          0.3948486      42966.6749069      11054.7349602
  11 2035          0.4006982      42949.0586924      11100.9892487
  11 2037          0.4006982      42870.7833261      11110.0670624
  11 2039          0.4006982      42848.2337874      11108.4960339
  11 2041          0.3977734      43019.2793620      11107.7553007
  11 2043          0.4036230      42936.3118436      11140.0651573
  12 2019          0.3977734      43550.7708876      11199.0886815
  12 2021          0.3860742      43479.3578470      11093.0727758
  12 2023          0.3948486      43487.6383314      11212.5423046
  12 2025          0.4036230      43393.0127146      11314.0267237
  12 2027          0.3977734      43434.8271961      11265.5710102
  12 2029          0.3831494      43418.8336087      11069.5716039
  12 2031          0.3743750      43489.6609211      10874.1734645
  12 2033          0.3977734      43554.0015840      11207.2541143
  12 2035          0.4036230      43504.9480545      11316.9801994
  12 2037          0.3977734      43453.8569095      11267.9789225
  12 2039          0.3919238      43502.8378399      11135.1364091
  12 2041          0.3860742      43592.0979073      11091.4044302
  12 2043          0.3831494      43604.8932257      11076.9717962
  13 2019          0.3977734      42857.8141742      11020.8947362
  13 2021          0.3919238      42839.2842639      10981.8930823
  13 2023          0.3802246      42916.0457519      10817.1626792
  13 2025          0.3977734      42802.6831731      10986.5670546
  13 2027          0.4036230      42760.1150474      11037.7322388
  13 2029          0.4006982      42804.5412328      11102.6699220
  13 2031          0.3977734      42919.8085714      11087.1154662
  13 2033          0.3977734      42750.1505750      11087.8147282
  13 2035          0.3889990      42847.4445740      10947.0489155
  13 2037          0.3860742      42865.3654629      10916.6780818
  13 2039          0.3977734      42889.6514638      11020.4231007
  13 2041          0.4036230      42902.2194666      11094.0715709
  13 2043          0.3948486      42793.2030196      11041.0300404
  14 2019          0.3977734      43970.3813542      11306.9915896
  14 2021          0.3860742      44031.7275673      11257.9552583
  14 2023          0.3977734      43879.5369622      11389.1203222
  14 2025          0.3919238      43831.9229404      11310.0692665
  14 2027          0.3977734      43793.8112390      11402.3140529
  14 2029          0.3889990      43871.2338564      11266.7201046
  14 2031          0.3948486      43852.6004414      11320.5082974
  14 2033          0.4006982      43905.2224635      11400.9031794
  14 2035          0.3889990      43928.9257374      11247.8750079
  14 2037          0.3772998      43891.6140024      11011.5300035
  14 2039          0.3948486      43866.4568373      11269.6096005
  14 2041          0.4065479      43935.7857699      11454.6847914
  14 2043          0.4006982      43872.6191574      11410.3988126
  15 2019          0.3977734      42317.1161157      10881.8541318
  15 2021          0.3919238      42216.3526913      10856.7954469
  15 2023          0.3889990      42327.2084814      10805.3225164
  15 2025          0.4094727      42188.2946169      10973.5596038
  15 2027          0.4094727      42203.7749050      10970.4292916
  15 2029          0.3889990      42267.8681140      10822.3385216
  15 2031          0.3597510      42352.4890526      10257.3965359
  15 2033          0.4065479      42194.2190263      10979.0522661
  15 2035          0.4036230      42216.2607273      10967.2325444
  15 2037          0.3977734      42179.3078881      10939.9212876
  15 2039          0.3948486      42232.5970911      10887.2705220
  15 2041          0.4006982      42283.9104766      10914.7553051
  15 2043          0.3889990      42170.6168219      10747.9737996
  16 2019          0.3977734      43721.0128484      11242.8664328
  16 2021          0.3919238      43729.8367051      11215.5179747
  16 2023          0.3977734      43701.3510125      11229.4802339
  16 2025          0.3948486      43700.5247171      11265.4067068
  16 2027          0.3948486      43698.6528318      11272.8388801
  16 2029          0.3977734      43608.8813490      11263.3781303
  16 2031          0.4006982      43682.3350351      11296.7542306
  16 2033          0.4065479      43629.7793113      11342.8408383
  16 2035          0.3714502      43586.6576470      10871.4128687
  16 2037          0.3889990      43726.6924995      11114.2677746
  16 2039          0.4094727      43689.6794429      11378.4460910
  16 2041          0.4006982      43641.1294271      11356.3780337
  16 2043          0.3919238      43718.8944254      11252.5339343
  17 2019          0.3977734      42972.9073307      11050.4909624
  17 2021          0.3948486      42940.2747941      11058.1833490
  17 2023          0.3860742      43010.0622532      10943.1634331
  17 2025          0.3977734      42843.5202929      11089.8146519
  17 2027          0.3948486      42964.6756270      11040.9927872
  17 2029          0.3919238      42928.4385676      10976.3326195
  17 2031          0.3919238      42895.3951118      10942.6040071
  17 2033          0.3860742      43004.1000813      10879.1162273
  17 2035          0.4094727      42892.4572016      11180.5246005
  17 2037          0.4006982      42846.1145711      11126.7824204
  17 2039          0.3977734      42881.5616848      11130.0061952
  17 2041          0.4006982      42894.7979760      11166.2882082
  17 2043          0.3919238      42810.1347400      11013.3524841
  18 2019          0.3977734      44389.9918209      11414.8944976
  18 2021          0.3889990      44317.1238889      11309.4743067
  18 2023          0.3948486      44294.6604819      11385.7897642
  18 2025          0.3977734      44430.6934748      11410.1202557
  18 2027          0.4123975      44332.2227792      11593.1110704
  18 2029          0.3948486      44354.7265392      11453.1515403
  18 2031          0.3919238      44324.1701777      11371.9810922
  18 2033          0.3919238      44447.3022457      11403.7453765
  18 2035          0.3889990      44422.7069931      11325.7596032
  18 2037          0.3948486      44430.9570276      11386.8777555
  18 2039          0.3860742      44276.9540564      11277.8994132
  18 2041          0.3977734      44352.7332314      11409.7310911
  18 2043          0.4065479      44306.8397050      11521.7790734
  19 2019          0.3977734      43103.5860189      11084.0950109
  19 2021          0.3919238      43065.1734144      11056.4991894
  19 2023          0.4006982      43123.3384317      11215.4134091
  19 2025          0.3919238      42962.8775560      11093.0243174
  19 2027          0.3977734      42944.4546276      11115.8502463
  19 2029          0.3831494      42967.8192733      10925.5628782
  19 2031          0.3977734      43034.8150809      11074.9395822
  19 2033          0.3948486      42981.2902003      11094.1669623
  19 2035          0.3919238      43112.3609557      11024.3609170
  19 2037          0.3977734      43133.0138596      11104.9418509
  19 2039          0.3977734      42937.8779093      11057.8276275
  19 2041          0.4006982      43074.5228391      11143.8100594
  19 2043          0.3831494      43005.8892464      10916.8397443
  20 2019          0.3977734      42993.2884105      11055.7319608
  20 2021          0.3948486      42872.1752196      11017.3028542
  20 2023          0.3977734      42840.8104798      11057.7176200
  20 2025          0.4036230      42946.6841588      11146.8692803
  20 2027          0.4006982      42905.1033404      11143.2747680
  20 2029          0.3772998      42878.4273829      10741.6849404
  20 2031          0.3977734      42904.2670676      11056.5511724
  20 2033          0.3948486      42854.3216101      11039.4803896
  20 2035          0.4006982      42874.6896717      11152.4105150
  20 2037          0.3977734      43024.4597443      11163.9733138
  20 2039          0.3919238      42872.3547011      11070.0298963
  20 2041          0.3977734      43029.9376196      11148.3470023
  20 2043          0.3948486      42913.4976093      11098.4630952
  21 2019          0.3977734      44180.1865875      11360.9430436
  21 2021          0.3919238      44093.8940155      11293.2344261
  21 2023          0.3948486      44064.4575420      11355.2623458
  21 2025          0.3860742      44049.0505564      11190.8974129
  21 2027          0.3831494      44044.9173516      11178.2384996
  21 2029          0.3860742      44082.9125724      11173.3205686
  21 2031          0.3948486      44147.5647934      11338.8547598
  21 2033          0.4065479      44128.4650620      11467.5251603
  21 2035          0.4094727      44023.9493184      11537.6627126
  21 2037          0.3948486      44185.3685248      11436.9084008
  21 2039          0.3772998      44217.8561504      11182.4460005
  21 2041          0.3831494      44035.3805932      11158.5660488
  21 2043          0.3948486      44039.6636925      11353.0755690
  22 2019          0.3977734      44478.7094624      11437.7082553
  22 2021          0.3889990      44521.5728403      11360.2847606
  22 2023          0.3948486      44350.6248099      11397.7740795
  22 2025          0.4006982      44358.9061804      11453.7421724
  22 2027          0.4006982      44393.6895226      11530.4058604
  22 2029          0.3802246      44340.8817994      11140.1436390
  22 2031          0.3919238      44506.6316069      11378.9663979
  22 2033          0.4036230      44477.2608065      11551.4072928
  22 2035          0.4036230      44334.7447119      11553.7939683
  22 2037          0.3948486      44442.2179726      11445.1412712
  22 2039          0.3889990      44471.3578799      11379.0436417
  22 2041          0.3889990      44390.4477655      11336.6028975
  22 2043          0.4036230      44373.6204851      11482.8201692
  23 2019          0.3977734      42701.9588580      10980.8165132
  23 2021          0.3860742      42645.2736504      10853.1771394
  23 2023          0.3948486      42610.7719339      11001.1984124
  23 2025          0.3948486      42627.1528307      11058.4727365
  23 2027          0.3948486      42713.3912893      11039.3617727
  23 2029          0.3919238      42669.6143845      11002.1973186
  23 2031          0.3977734      42547.3119184      11083.4066932
  23 2033          0.3772998      42676.8154966      10803.7847002
  23 2035          0.3919238      42746.6951278      10998.2373713
  23 2037          0.4036230      42531.5099819      11056.0970561
  23 2039          0.4006982      42664.0745732      11032.7893388
  23 2041          0.3889990      42702.9378864      10851.5260783
  23 2043          0.4036230      42532.8261339      11067.0356402
  24 2019          0.3977734      43928.4203076      11296.2012988
  24 2021          0.3948486      43963.0073058      11278.9384487
  24 2023          0.3977734      43942.1136515      11315.0581934
  24 2025          0.3919238      43787.3867932      11249.6451912
  24 2027          0.3948486      43948.5289038      11269.6556598
  24 2029          0.4036230      43951.1302307      11375.9876468
  24 2031          0.3977734      43844.1412217      11351.8916772
  24 2033          0.3772998      43926.6676394      11063.8931281
  24 2035          0.3656006      43856.0946346      10804.7233288
  24 2037          0.3685254      43879.0387212      10870.3517284
  24 2039          0.4065479      43900.0193263      11414.0915926
  24 2041          0.4065479      43827.7539910      11463.5372549
  24 2043          0.3977734      43810.1983769      11365.5371028
  25 2019          0.3977734      45213.6272225      11626.6924915
  25 2021          0.3889990      45154.9976723      11529.7842062
  25 2023          0.3977734      45147.3358592      11623.1997722
  25 2025          0.4036230      45078.4580816      11712.1222536
  25 2027          0.4065479      45210.6293979      11785.8545288
  25 2029          0.3802246      45127.3870546      11449.5816414
  25 2031          0.3714502      45180.8961288      11226.6597835
  25 2033          0.3977734      45048.5756196      11633.2953442
  25 2035          0.3919238      45270.3873441      11593.4016884
  25 2037          0.3977734      45218.5641088      11676.7483211
  25 2039          0.4036230      45198.1034583      11707.6682388
  25 2041          0.3860742      45213.8346120      11498.3248948
  25 2043          0.4094727      45070.4287339      11758.6435840
  26 2019          0.3977734      43989.5635470      11311.9242939
  26 2021          0.3919238      43971.0332458      11220.0165538
  26 2023          0.4006982      44016.4285589      11344.3058383
  26 2025          0.3977734      43956.1832186      11391.7453075
  26 2027          0.3860742      43916.1125623      11199.7392323
  26 2029          0.3831494      43895.0652892      11137.1508092
  26 2031          0.3802246      43880.3990270      11047.2898523
  26 2033          0.4006982      44005.7472139      11344.9413999
  26 2035          0.4094727      43875.3448399      11381.3145252
  26 2037          0.3977734      43983.4187711      11331.0473642
  26 2039          0.3977734      43897.8061615      11327.5448822
  26 2041          0.4006982      43997.3928096      11349.3870882
  26 2043          0.4036230      43817.9800462      11370.8593214
  27 2019          0.3977734      43498.0198575      11185.5237445
  27 2021          0.3919238      43470.5732800      11096.1814957
  27 2023          0.4006982      43441.7366735      11204.3200103
  27 2025          0.4006982      43445.3376818      11237.5727395
  27 2027          0.4036230      43360.8810728      11234.1389004
  27 2029          0.3860742      43383.7633375      11060.5366369
  27 2031          0.3919238      43370.2233532      11090.7904407
  27 2033          0.4123975      43475.1717094      11304.5129420
  27 2035          0.4006982      43474.4498240      11241.1273259
  27 2037          0.4006982      43440.1413441      11217.2329124
  27 2039          0.4006982      43513.3993966      11221.9663573
  27 2041          0.3948486      43433.0805984      11082.5711292
  27 2043          0.3860742      43344.5252558      11027.0785444
  28 2019          0.3977734      43378.1311528      11154.6943422
  28 2021          0.3889990      43291.0632286      11059.7216544
  28 2023          0.3860742      43273.4338623      10998.0788989
  28 2025          0.4006982      43243.6671669      11170.9672221
  28 2027          0.4153223      43239.6758779      11319.7154547
  28 2029          0.4036230      43334.1354400      11222.1704273
  28 2031          0.3977734      43252.4401550      11176.6628809
  28 2033          0.4006982      43339.5033967      11196.5485847
  28 2035          0.4006982      43334.7156451      11235.9630194
  28 2037          0.3860742      43233.7301180      11044.6444046
  28 2039          0.3772998      43269.5703454      10855.2918001
  28 2041          0.3860742      43286.2431462      10982.1696337
  28 2043          0.4094727      43233.3307430      11274.4029226
  29 2019          0.3977734      44382.7984986      11413.0447335
  29 2021          0.3919238      44207.1729975      11329.9211052
  29 2023          0.3977734      44441.9918338      11475.3627287
  29 2025          0.4006982      44269.9927260      11483.7794687
  29 2027          0.3889990      44317.5769294      11316.1073791
  29 2029          0.3889990      44368.4203359      11261.7063743
  29 2031          0.4065479      44392.1814936      11525.7076213
  29 2033          0.3977734      44409.4570540      11461.8514306
  29 2035          0.3977734      44245.5820274      11410.7274308
  29 2037          0.3860742      44455.0106293      11295.5606467
  29 2039          0.3977734      44239.7380519      11411.2695720
  29 2041          0.4006982      44382.0448298      11475.6223464
  29 2043          0.3977734      44227.1771551      11442.8156260
  30 2019          0.3977734      45464.1946154      11691.1259423
  30 2021          0.3977734      45329.6783859      11696.1646061
  30 2023          0.4065479      45408.1927221      11775.9233062
  30 2025          0.4006982      45402.6110368      11805.9932494
  30 2027          0.3831494      45331.9229388      11549.9435440
  30 2029          0.3714502      45410.6282911      11288.8548583
  30 2031          0.4006982      45473.8183306      11740.9846316
  30 2033          0.4006982      45481.6592084      11815.1772323
  30 2035          0.3860742      45535.6319941      11650.3032812
  30 2037          0.3743750      45429.4441758      11344.3536649
  30 2039          0.3977734      45443.3099148      11733.2914601
  30 2041          0.3977734      45430.1403692      11781.6220794
  30 2043          0.3831494      45487.0116742      11556.9378973
  31 2019          0.3977734      42622.8323128      10960.4691076
  31 2021          0.3948486      42490.9653394      10942.8930033
  31 2023          0.4006982      42579.8574198      11004.5179200
  31 2025          0.3860742      42514.9912523      10833.9440717
  31 2027          0.4006982      42600.8490160      11032.1455814
  31 2029          0.4065479      42527.1214299      11096.2543762
  31 2031          0.3977734      42503.4591361      10966.9853462
  31 2033          0.3802246      42541.7533505      10756.1502938
  31 2035          0.3772998      42572.1558672      10692.8590287
  31 2037          0.4006982      42540.3250934      10993.3008522
  31 2039          0.4006982      42593.4246793      11041.8264738
  31 2041          0.3977734      42613.0874178      11015.5779474
  31 2043          0.3919238      42586.4724014      10952.9038344
  32 2019          0.3977734      44850.3644471      11533.2794025
  32 2021          0.3977734      44672.1587885      11519.8381232
  32 2023          0.3977734      44795.4508061      11495.0118495
  32 2025          0.4036230      44860.9228535      11578.4194881
  32 2027          0.3860742      44860.7071061      11416.2606445
  32 2029          0.3889990      44844.8174156      11369.6480060
  32 2031          0.3919238      44879.6664641      11453.5594042
  32 2033          0.3948486      44875.9656120      11506.9467722
  32 2035          0.4006982      44824.2033050      11584.3600446
  32 2037          0.4123975      44775.8382463      11666.2842558
  32 2039          0.4006982      44742.7687370      11599.4123668
  32 2041          0.3889990      44734.6825741      11391.0434692
  32 2043          0.3948486      44732.7946403      11522.4890988
  33 2019          0.3977734      43767.7694432      11254.8898997
  33 2021          0.3977734      43612.2034273      11351.0235731
  33 2023          0.3977734      43720.5088375      11335.9858749
  33 2025          0.3948486      43751.6085100      11310.4986873
  33 2027          0.3802246      43701.6305677      11091.0595693
  33 2029          0.3889990      43688.0764433      11158.0838562
  33 2031          0.3948486      43680.3913191      11251.7441038
  33 2033          0.4006982      43744.7581906      11323.3268648
  33 2035          0.3977734      43694.0451271      11264.5272427
  33 2037          0.3977734      43701.5137015      11251.7754712
  33 2039          0.3977734      43657.2522342      11319.7904232
  33 2041          0.3802246      43749.4395624      11054.4133389
  33 2043          0.4065479      43751.2683666      11369.5204299
  34 2019          0.3977734      42927.3496229      11038.7757895
  34 2021          0.3860742      42755.7440945      10843.5978623
  34 2023          0.3860742      42811.9573848      10858.6551617
  34 2025          0.3977734      42938.6342392      11041.7083336
  34 2027          0.3919238      42901.2607915      11022.1938915
  34 2029          0.3977734      42766.8108082      11078.8558854
  34 2031          0.4006982      42856.7604926      11176.0533284
  34 2033          0.4006982      42891.2985841      11159.1471323
  34 2035          0.3597510      42913.4478150      10550.3581435
  34 2037          0.3480518      42838.3872665      10098.6056249
  34 2039          0.3831494      42920.4421598      10819.8281670
  34 2041          0.4065479      42854.2609247      11137.0616450
  34 2043          0.3948486      42863.0322349      11050.8227699
  35 2019          0.3977734      42121.6975270      10831.6022060
  35 2021          0.3802246      41960.0961531      10530.0911165
  35 2023          0.3919238      42122.2518004      10754.4712933
  35 2025          0.3948486      42003.3612655      10761.0864422
  35 2027          0.3802246      42143.7033379      10601.7905013
  35 2029          0.3977734      41967.0318706      10774.6063098
  35 2031          0.4094727      42191.3390367      10919.2252637
  35 2033          0.4036230      42179.5402076      10903.5332384
  35 2035          0.3948486      42012.5601896      10774.9782281
  35 2037          0.3977734      42015.1029282      10871.6472403
  35 2039          0.3977734      42012.4815814      10857.9249688
  35 2041          0.3919238      42015.6709483      10778.7258995
  35 2043          0.4036230      42003.9478507      10917.5785987
  36 2019          0.3977734      43402.1088937      11160.8602226
  36 2021          0.3860742      43441.7950527      11028.6356370
  36 2023          0.3919238      43257.5973880      11070.4733283
  36 2025          0.3977734      43339.0123739      11180.2066901
  36 2027          0.3977734      43353.8271821      11199.2736325
  36 2029          0.4006982      43393.5793740      11241.5024040
  36 2031          0.3977734      43360.7330777      11232.9750179
  36 2033          0.3889990      43399.6341955      11081.6045995
  36 2035          0.3919238      43447.3637278      11148.3388978
  36 2037          0.3948486      43288.6469208      11217.0226639
  36 2039          0.3977734      43260.0273726      11236.1953466
  36 2041          0.3831494      43356.7669703      10993.3972446
  36 2043          0.3802246      43307.0536178      10978.1543434
  37 2019          0.3977734      44078.2811885      11334.7380516
  37 2021          0.3977734      43990.6960305      11376.6950947
  37 2023          0.3948486      44093.8642703      11314.5314887
  37 2025          0.3948486      44119.3924689      11305.8516885
  37 2027          0.3860742      43913.0005706      11222.6708331
  37 2029          0.4036230      43918.0658133      11403.9207867
  37 2031          0.4123975      43987.1348897      11476.5926207
  37 2033          0.4065479      43999.7043647      11488.6321046
  37 2035          0.3977734      44079.1618165      11410.9197995
  37 2037          0.3948486      44066.4462127      11318.9240587
  37 2039          0.3977734      44061.3561003      11326.6875642
  37 2041          0.3919238      44008.0750895      11288.9785596
  37 2043          0.3831494      44099.1759354      11153.6438155
  38 2019          0.3977734      43984.7679988      11310.6911178
  38 2021          0.3948486      43890.8148763      11311.2592141
  38 2023          0.4006982      43970.5601190      11356.9461609
  38 2025          0.3860742      44057.0260338      11195.8462357
  38 2027          0.3919238      43810.2595705      11211.0649759
  38 2029          0.4006982      43991.8314499      11363.2015649
  38 2031          0.4006982      43979.7486049      11421.9781206
  38 2033          0.3919238      43952.5268898      11316.8779508
  38 2035          0.3948486      43947.1218707      11321.0909609
  38 2037          0.3977734      43909.7327665      11280.4977346
  38 2039          0.3919238      44056.4963060      11292.6215115
  38 2041          0.3889990      44002.7133573      11245.4687563
  38 2043          0.3977734      43931.4830249      11346.3178934
  39 2019          0.3977734      43072.4149557      11076.0793663
  39 2021          0.3919238      43015.4874332      11001.1629046
  39 2023          0.3977734      42916.0769726      11060.1714812
  39 2025          0.4006982      42981.3491865      11155.9318678
  39 2027          0.3977734      43042.5261030      11158.4164657
  39 2029          0.3919238      43009.3421281      11078.4006784
  39 2031          0.3772998      43131.2021868      10855.3069830
  39 2033          0.4036230      42989.9995053      11156.5107467
  39 2035          0.3977734      43031.2439238      11131.8631928
  39 2037          0.4006982      42987.4421883      11082.0860184
  39 2039          0.3977734      43032.7951258      11056.7253803
  39 2041          0.3889990      43049.6677284      11041.9439847
  39 2043          0.3948486      43066.5081639      11066.8638000
  40 2019          0.3977734      42475.3692060      10922.5489428
  40 2021          0.3919238      42506.1441661      10872.5677171
  40 2023          0.3977734      42304.2917403      10959.7466009
  40 2025          0.3802246      42514.1801025      10714.8016373
  40 2027          0.4006982      42451.7426117      10974.7355282
  40 2029          0.4036230      42437.3982379      11039.7394978
  40 2031          0.3977734      42326.7935212      10941.0060696
  40 2033          0.3977734      42408.7927693      10939.4559391
  40 2035          0.3977734      42338.3023401      10967.8613856
  40 2037          0.3977734      42476.1295743      10949.1477638
  40 2039          0.3948486      42442.3783293      10911.9206322
  40 2041          0.3802246      42409.9303010      10666.7183374
  40 2043          0.3889990      42369.0586678      10756.8345062
  41 2019          0.3977734      43225.8724977      11115.5410012
  41 2021          0.3977734      43092.4582550      11159.7802228
  41 2023          0.3977734      43133.4326725      11156.1066156
  41 2025          0.4006982      43233.0913837      11209.5779862
  41 2027          0.3889990      43161.5161685      11069.7865032
  41 2029          0.3831494      43128.9382073      10929.9058381
  41 2031          0.3919238      43231.3212698      11054.2882116
  41 2033          0.4006982      43219.7913583      11168.0638004
  41 2035          0.3977734      43244.9896790      11123.7721582
  41 2037          0.3802246      43263.3750032      10874.2985398
  41 2039          0.3948486      43190.2337331      11090.8772694
  41 2041          0.4036230      43174.5831825      11194.2036521
  41 2043          0.3948486      43178.5693574      11121.5420480
  42 2019          0.3977734      43489.6276482      11183.3656863
  42 2021          0.3977734      43363.8129392      11233.8919426
  42 2023          0.4006982      43379.3270048      11251.0937093
  42 2025          0.3889990      43440.3114993      11103.6895682
  42 2027          0.3889990      43455.4311462      11118.1456102
  42 2029          0.3948486      43430.8640648      11176.8149727
  42 2031          0.3948486      43406.1132544      11198.0493175
  42 2033          0.4006982      43399.4732922      11295.5027898
  42 2035          0.3948486      43497.9982202      11218.7317135
  42 2037          0.3977734      43512.7162082      11214.2021588
  42 2039          0.4006982      43503.6576658      11261.2045630
  42 2041          0.3948486      43387.1321364      11175.8006535
  42 2043          0.3948486      43520.9063416      11199.7088214
  43 2019          0.3977734      45640.4310114      11736.4451637
  43 2021          0.3948486      45628.0387787      11756.8303242
  43 2023          0.3919238      45629.8547619      11728.3536845
  43 2025          0.3948486      45647.5615876      11747.4574175
  43 2027          0.4065479      45659.8799946      11834.0418264
  43 2029          0.3889990      45516.1964462      11641.9356925
  43 2031          0.3977734      45611.6321054      11753.1561674
  43 2033          0.3948486      45611.5499643      11631.2976854
  43 2035          0.4036230      45607.8850772      11829.3585991
  43 2037          0.4006982      45563.8191504      11824.0254652
  43 2039          0.3919238      45610.1780071      11738.3884063
  43 2041          0.3919238      45629.2532513      11723.2689982
  43 2043          0.3860742      45578.2705960      11596.4817472
  44 2019          0.3977734      42729.5332601      10987.9072757
  44 2021          0.3831494      42735.3285192      10873.7752057
  44 2023          0.3860742      42635.4684181      10812.4719902
  44 2025          0.3977734      42587.6013840      10986.8607451
  44 2027          0.3772998      42621.9314587      10746.5368671
  44 2029          0.3977734      42573.0870745      10992.7179048
  44 2031          0.4065479      42617.9809668      11106.4141931
  44 2033          0.3948486      42748.6947792      11006.5941079
  44 2035          0.3919238      42770.7166057      10961.9268927
  44 2037          0.3831494      42589.0069752      10812.7552648
  44 2039          0.4036230      42641.7784238      11041.7160829
  44 2041          0.4094727      42571.5110302      11105.7305144
  44 2043          0.4065479      42674.7696242      11108.6425279
  45 2019          0.3977734      42518.5291397      10933.6475276
  45 2021          0.3948486      42477.5504240      10947.7561694
  45 2023          0.4036230      42588.9788988      11074.1541561
  45 2025          0.3802246      42443.0820003      10788.4546830
  45 2027          0.3831494      42378.2675479      10748.8093208
  45 2029          0.3919238      42526.8681070      10898.4618965
  45 2031          0.4036230      42572.1809660      11012.8419066
  45 2033          0.3831494      42375.6453266      10757.2363536
  45 2035          0.4036230      42488.9512168      10988.6565838
  45 2037          0.3977734      42403.7004170      10992.3654013
  45 2039          0.3802246      42585.4529720      10776.2584385
  45 2041          0.4006982      42526.3757285      11007.7671416
  45 2043          0.4006982      42540.7245356      11034.8980703
  46 2019          0.3977734      43370.9378305      11152.8445780
  46 2021          0.3977734      43250.2795770      11165.9889006
  46 2023          0.4006982      43305.4573722      11196.8286261
  46 2025          0.4006982      43343.6468346      11210.4383867
  46 2027          0.3948486      43377.2630895      11172.8874773
  46 2029          0.3802246      43299.3520334      10935.5805403
  46 2031          0.4006982      43391.2726845      11198.2534262
  46 2033          0.4006982      43236.2856301      11197.2564289
  46 2035          0.3919238      43355.2990660      11143.8428082
  46 2037          0.4006982      43238.1547254      11219.0692233
  46 2039          0.4006982      43368.3213918      11259.7799390
  46 2041          0.3919238      43367.8475949      11123.7795704
  46 2043          0.3743750      43373.8060258      10868.1881424
  47 2019          0.3977734      42896.1785597      11030.7601449
  47 2021          0.3919238      42893.4461867      11013.0172863
  47 2023          0.3977734      42754.1325184      11061.7284629
  47 2025          0.3977734      42805.0829595      11063.5410353
  47 2027          0.3860742      42808.8032411      10899.4130901
  47 2029          0.4036230      42913.8671302      11093.2173992
  47 2031          0.3889990      42824.1657482      10911.7151561
  47 2033          0.4006982      42930.7002936      11081.9755821
  47 2035          0.4036230      42917.5161980      11151.7200516
  47 2037          0.4006982      42926.6255798      11129.5226070
  47 2039          0.3919238      42787.3701052      10961.3439985
  47 2041          0.3919238      42835.7875925      10957.7830285
  47 2043          0.3919238      42746.8666140      11003.0762721
  48 2019          0.3977734      44105.8555906      11341.8288142
  48 2021          0.3919238      43962.4523910      11297.3659705
  48 2023          0.3977734      44021.3997499      11324.6939730
  48 2025          0.3977734      43936.2110010      11388.3611903
  48 2027          0.3802246      44154.8316444      11134.9995158
  48 2029          0.3948486      44056.5837372      11341.7459720
  48 2031          0.3977734      43947.1932725      11364.9730596
  48 2033          0.3977734      44000.9261359      11395.3357052
  48 2035          0.3948486      43996.6775857      11379.2813510
  48 2037          0.3889990      44067.2339618      11272.3610259
  48 2039          0.3977734      44046.2502639      11360.9065504
  48 2041          0.4006982      44112.9162782      11396.6621469
  48 2043          0.4006982      44050.2865019      11431.0661569
  49 2019          0.3977734      42532.9157843      10937.3470559
  49 2021          0.3860742      42380.5279705      10788.3283951
  49 2023          0.3743750      42542.8786766      10614.7028433
  49 2025          0.4006982      42509.2785745      10979.5663725
  49 2027          0.4006982      42470.4021964      10971.5601522
  49 2029          0.4036230      42452.9863378      11030.2142465
  49 2031          0.3919238      42570.2335906      10920.7798214
  49 2033          0.3948486      42540.3244187      10923.5090915
  49 2035          0.4006982      42506.3694603      11000.3907743
  49 2037          0.4006982      42429.9307006      10967.2026563
  49 2039          0.3889990      42477.4669972      10804.5173945
  49 2041          0.3860742      42415.7909518      10714.8470257
  49 2043          0.3919238      42429.5178240      10850.1665108
  50 2019          0.3977734      43575.9475156      11205.5628560
  50 2021          0.3977734      43526.8601690      11173.4150046
  50 2023          0.4006982      43568.8890018      11303.1676431
  50 2025          0.3889990      43480.1854979      11178.8817171
  50 2027          0.3948486      43478.2350271      11188.8521999
  50 2029          0.4006982      43487.1951637      11284.5268619
  50 2031          0.4006982      43560.8577568      11220.3187793
  50 2033          0.3977734      43633.9592965      11245.4516221
  50 2035          0.3948486      43477.4275644      11223.2991782
  50 2037          0.3919238      43583.3292047      11165.9787497
  50 2039          0.3919238      43500.0962925      11180.8657904
  50 2041          0.3919238      43447.8151696      11196.3425414
  50 2043          0.3977734      43434.4482298      11269.6036220
