FL 2019 2020 2021 2022 2023 2024 2025 2026 2027 2028 2029 2030 2031 2032 2033 2034 2035 2036 2037 2038 2039 2040 2041 2042 2043 2044 2045
 1  0.7288134  0.6828411  0.6544069  0.6439444  0.6627010  0.7026777  0.6955991  0.6887185  0.6791228  0.6741939  0.6748303  0.6745017  0.6817720  0.6778770  0.6733388  0.6806740  0.6812060  0.6596645  0.6535335  0.6769450  0.7014781  0.7075722  0.7064809  0.7079138  0.7139053  0.7049414  0.6867263
 2  0.5725724  0.5257627  0.5093243  0.5041642  0.5619685  0.5971249  0.5933457  0.5641666  0.5148331  0.4825172  0.4888809  0.5309847  0.5524125  0.5448282  0.5301472  0.5437373  0.5559606  0.5352269  0.5298101  0.5666827  0.5954242  0.6024540  0.5907888  0.5842761  0.5836911  0.5753787  0.5435669
 3  0.7521145  0.7090282  0.6787508  0.6649658  0.6769972  0.7237271  0.7183526  0.7079518  0.6956737  0.6891588  0.6891440  0.6910389  0.7006788  0.6968599  0.6902165  0.6969237  0.7006375  0.6806610  0.6708890  0.6931454  0.7217817  0.7287527  0.7268112  0.7255209  0.7331018  0.7249521  0.7053612
 4  0.4566311  0.4242774  0.4163385  0.4076172  0.5090483  0.5387769  0.4964705  0.4259819  0.3727263  0.3656605  0.4136960  0.4682001  0.4715794  0.4364207  0.4291219  0.4735681  0.4829456  0.4340818  0.4434371  0.5101968  0.5306048  0.5189772  0.4854769  0.4928629  0.5049565  0.4756221  0.4240306
 1  0.7290193  0.6837882  0.6549966  0.6450499  0.6420855  0.6501371  0.6743978  0.6798526  0.6808178  0.6910543  0.6900141  0.6865763  0.6937458  0.6948330  0.7026357  0.7047269  0.7084123  0.7217281  0.7116567  0.7055384  0.6782686  0.6463379  0.6482208  0.6226904  0.6257459  0.6471109  0.6741895
 2  0.5731135  0.5265721  0.5090424  0.5051755  0.5004779  0.5211992  0.5523414  0.5603297  0.5598731  0.5647536  0.5594824  0.5498335  0.5494662  0.5497844  0.5549244  0.5553772  0.5759058  0.5948114  0.5919244  0.5697550  0.5234035  0.5063984  0.5206879  0.5046862  0.5074154  0.5353134  0.5635570
 3  0.7523618  0.7098613  0.6791744  0.6658143  0.6604346  0.6657829  0.6917492  0.6993489  0.6987357  0.7093697  0.7092145  0.7040943  0.7111299  0.7120056  0.7193508  0.7223333  0.7243507  0.7416489  0.7327958  0.7238444  0.6955830  0.6633444  0.6663998  0.6432268  0.6429168  0.6632876  0.6924910
 4  0.4573780  0.4241020  0.4147704  0.4104024  0.4050972  0.4535149  0.4871572  0.4730599  0.4721984  0.4833030  0.4625895  0.4534605  0.4550164  0.4552602  0.4653002  0.4542156  0.5023634  0.5259597  0.4920015  0.4430086  0.4129882  0.4342663  0.4509886  0.4155039  0.4267545  0.4744941  0.4945057
 1  0.7283085  0.6840857  0.6512621  0.6430944  0.6573194  0.6622734  0.6511377  0.6522699  0.6677571  0.6696664  0.6712806  0.6764298  0.6871262  0.6887871  0.6872980  0.6970638  0.6908433  0.6928068  0.6891803  0.6890599  0.6846830  0.6783580  0.6702853  0.6749436  0.6968301  0.6993165  0.6902127
 2  0.5726575  0.5268711  0.5061221  0.5177043  0.5365611  0.5373665  0.5198607  0.5298173  0.5502116  0.5494348  0.5396717  0.5390658  0.5576123  0.5649350  0.5673774  0.5677379  0.5630027  0.5627421  0.5633940  0.5618691  0.5494427  0.5318335  0.5256451  0.5645601  0.5956699  0.5985603  0.5773863
 3  0.7516802  0.7099972  0.6754769  0.6629376  0.6760803  0.6813605  0.6685371  0.6688802  0.6864258  0.6890077  0.6895910  0.6929155  0.7042777  0.7087305  0.7059624  0.7154251  0.7093736  0.7112366  0.7080538  0.7079486  0.7035864  0.6958830  0.6865688  0.6917452  0.7175044  0.7217696  0.7112081
 4  0.4573648  0.4236758  0.4132904  0.4433677  0.4620053  0.4411199  0.4270365  0.4639956  0.4778070  0.4589923  0.4347583  0.4525064  0.4898405  0.4832583  0.4772274  0.4780704  0.4758815  0.4791818  0.4789887  0.4733628  0.4467287  0.4219313  0.4469248  0.5102938  0.5334683  0.5158900  0.4629812
 1  0.7292546  0.6838950  0.6599166  0.6542802  0.6530590  0.6566262  0.6624061  0.6750570  0.6900997  0.7079338  0.7090616  0.7071498  0.7123697  0.7091368  0.7069517  0.7059688  0.7069759  0.7111791  0.7014610  0.6974403  0.6957883  0.7020769  0.6896587  0.6779748  0.6698527  0.6680677  0.6742290
 2  0.5718989  0.5260567  0.5128000  0.5127070  0.5120982  0.5121854  0.5208215  0.5385356  0.5715319  0.5937174  0.5947335  0.5848312  0.5733084  0.5605723  0.5429753  0.5333801  0.5400395  0.5484415  0.5509652  0.5508179  0.5673447  0.5805393  0.5681341  0.5381932  0.5082200  0.5075401  0.5225745
 3  0.7524902  0.7101951  0.6841235  0.6747620  0.6711333  0.6739128  0.6785927  0.6917676  0.7069805  0.7276950  0.7301582  0.7256048  0.7303051  0.7270278  0.7231556  0.7218013  0.7225041  0.7278195  0.7189385  0.7148436  0.7132125  0.7220729  0.7105473  0.6964841  0.6862572  0.6838230  0.6909109
 4  0.4556608  0.4248787  0.4167061  0.4166854  0.4213604  0.4192894  0.4380831  0.4628084  0.5050933  0.5246995  0.5007873  0.4800781  0.4755195  0.4491823  0.4267784  0.4232509  0.4483215  0.4585280  0.4553169  0.4605980  0.4959001  0.5065824  0.4654052  0.4113964  0.3971300  0.4252775  0.4438719
 1  0.7307392  0.6865184  0.6580613  0.6489741  0.6587826  0.6791318  0.6789026  0.6843427  0.6694727  0.6644162  0.6339756  0.5683889  0.6165847  0.6807557  0.6859583  0.6924041  0.6804260  0.6723954  0.6740748  0.6956171  0.6888973  0.6838903  0.6755546  0.6665218  0.6443545  0.6170604  0.6599927
 2  0.5709265  0.5258337  0.5099682  0.5121123  0.5381852  0.5602222  0.5647447  0.5618935  0.5513767  0.5475010  0.5150495  0.4521784  0.5389815  0.5878770  0.5947188  0.5824674  0.5471681  0.5141780  0.5409853  0.5815017  0.5816803  0.5603118  0.5287219  0.5084752  0.4935077  0.5300194  0.5806062
 3  0.7534590  0.7123403  0.6821980  0.6694312  0.6759489  0.6978388  0.6980409  0.7032171  0.6883330  0.6839151  0.6556881  0.5866764  0.6266473  0.7014402  0.7080941  0.7124022  0.6992903  0.6894403  0.6882229  0.7159261  0.7111237  0.7029057  0.6927658  0.6836482  0.6611963  0.6315683  0.6789256
 4  0.4540021  0.4236161  0.4156956  0.4240270  0.4708221  0.4878826  0.4812026  0.4726758  0.4711063  0.4722377  0.4149079  0.3702759  0.5019737  0.5339459  0.5095857  0.4755397  0.4301487  0.3973763  0.4857841  0.5240110  0.4868166  0.4387384  0.4202726  0.4086017  0.4137860  0.4884007  0.5278980
 1  0.7296156  0.6865591  0.6499485  0.6348657  0.6369816  0.6414187  0.6423414  0.6589945  0.6871476  0.6956914  0.6881935  0.6830715  0.6874623  0.6980246  0.6984278  0.6938292  0.6830168  0.6746012  0.6808702  0.6880812  0.6938668  0.7073122  0.7098102  0.7003942  0.6855455  0.6883225  0.6987882
 2  0.5721350  0.5269808  0.5042530  0.5046857  0.5145214  0.5162115  0.5150303  0.5452770  0.5814102  0.5895161  0.5712379  0.5390808  0.5234998  0.5372553  0.5539224  0.5566335  0.5395115  0.5190478  0.5293612  0.5478622  0.5684443  0.5917079  0.5959254  0.5799915  0.5511517  0.5606058  0.5749899
 3  0.7525046  0.7121357  0.6742067  0.6555504  0.6554884  0.6599060  0.6595985  0.6745532  0.7059183  0.7170744  0.7088096  0.7007622  0.7026722  0.7138491  0.7158984  0.7124893  0.7016033  0.6912608  0.6965781  0.7057294  0.7114153  0.7259300  0.7312745  0.7208591  0.7029878  0.7056510  0.7183772
 4  0.4555682  0.4230816  0.4132790  0.4231610  0.4375216  0.4286532  0.4291811  0.4861461  0.5204587  0.5090919  0.4569343  0.4061150  0.4245650  0.4598869  0.4745710  0.4635939  0.4255587  0.4123327  0.4527577  0.4711060  0.4924102  0.5225870  0.5151330  0.4661290  0.4502789  0.4927392  0.4972951
 1  0.7282820  0.6799588  0.6405169  0.6274292  0.6443525  0.6510586  0.6557118  0.6645703  0.6743418  0.6806044  0.6816544  0.6923437  0.7105106  0.7108453  0.7080767  0.7079773  0.7016110  0.6921909  0.6954642  0.7161144  0.7103266  0.7089035  0.7076996  0.7061049  0.6968802  0.6901313  0.6865068
 2  0.5697585  0.5240958  0.5023692  0.5083814  0.5235892  0.5198006  0.5036440  0.4950967  0.5016633  0.5096881  0.5197740  0.5596367  0.5932132  0.6008929  0.5892391  0.5681154  0.5404906  0.5200360  0.5687368  0.6056105  0.6111299  0.6014092  0.5852024  0.5680714  0.5395287  0.5164816  0.5007865
 3  0.7517544  0.7067786  0.6655803  0.6478705  0.6631547  0.6695546  0.6721432  0.6796693  0.6894798  0.6963333  0.6975436  0.7076061  0.7301493  0.7323591  0.7281551  0.7255375  0.7181847  0.7089170  0.7096729  0.7380098  0.7335236  0.7294081  0.7269499  0.7247795  0.7141747  0.7062587  0.7020395
 4  0.4555172  0.4257960  0.4140167  0.4335125  0.4429055  0.4157338  0.3871077  0.3918881  0.4101399  0.4145466  0.4263960  0.4983148  0.5304384  0.5171885  0.4779154  0.4454016  0.4295740  0.4119404  0.5135974  0.5483149  0.5276329  0.5016909  0.4869018  0.4591609  0.4191673  0.3957513  0.3845686
 1  0.7315684  0.6873634  0.6664856  0.6614600  0.6641100  0.6727268  0.6851777  0.7045403  0.6966668  0.6931034  0.6900148  0.6872989  0.6737155  0.6582071  0.6609396  0.6616408  0.6875934  0.7164443  0.6995777  0.6878346  0.6697317  0.6407659  0.6141016  0.5958833  0.6394551  0.6687439  0.6952311
 2  0.5697771  0.5246284  0.5156808  0.5138356  0.5064263  0.5001550  0.5332366  0.5733857  0.5858621  0.5850624  0.5781389  0.5604414  0.5253266  0.4974232  0.4973503  0.5127203  0.5867711  0.6144536  0.6031700  0.5757728  0.5395324  0.5070539  0.4764344  0.4902106  0.5389063  0.5724846  0.5971532
 3  0.7537993  0.7128878  0.6902630  0.6821109  0.6820177  0.6882507  0.6989911  0.7225615  0.7171872  0.7140970  0.7109186  0.7065242  0.6916665  0.6749740  0.6768663  0.6779603  0.7015863  0.7399429  0.7238875  0.7077315  0.6880318  0.6606122  0.6320445  0.6109129  0.6561967  0.6864719  0.7146119
 4  0.4515532  0.4227631  0.4207849  0.4102815  0.3899493  0.3870807  0.4710535  0.5118851  0.5117700  0.5068792  0.4855449  0.4506336  0.4088452  0.3936584  0.4088406  0.4358755  0.5353504  0.5551767  0.5074022  0.4598291  0.4476121  0.4114951  0.3856095  0.4394631  0.4811918  0.5082756  0.5299291
 1  0.7286303  0.6827316  0.6485930  0.6355347  0.6271226  0.6362933  0.6535484  0.6688701  0.6986152  0.7100817  0.7063859  0.7015845  0.6974279  0.6970062  0.6946257  0.6873175  0.6890267  0.6939109  0.7061065  0.7021519  0.7049274  0.7099368  0.7071151  0.7163978  0.7310492  0.7183179  0.7073976
 2  0.5686480  0.5247601  0.5056086  0.4998280  0.4975666  0.5158513  0.5385539  0.5668269  0.5963155  0.6064644  0.5949404  0.5705161  0.5395852  0.5212183  0.5102704  0.4971254  0.4961029  0.5256007  0.5572587  0.5668684  0.5724125  0.5761915  0.5697680  0.6030248  0.6221895  0.6190895  0.5926654
 3  0.7517398  0.7089221  0.6731291  0.6567390  0.6453340  0.6529517  0.6713205  0.6861295  0.7180473  0.7316127  0.7275175  0.7204544  0.7140041  0.7127484  0.7104764  0.7027091  0.7037084  0.7082668  0.7234197  0.7207273  0.7223541  0.7285153  0.7258675  0.7320310  0.7549431  0.7424140  0.7279294
 4  0.4547156  0.4242532  0.4147020  0.4064897  0.4152049  0.4489681  0.4683902  0.5033101  0.5313906  0.5288551  0.4945104  0.4454791  0.4165773  0.4130668  0.3953253  0.3763881  0.3841376  0.4556910  0.4847590  0.4737024  0.4841257  0.4903943  0.4651778  0.5388571  0.5613653  0.5288515  0.4614743
 1  0.7290541  0.6815356  0.6442132  0.6365880  0.6620903  0.6625807  0.6627435  0.6697286  0.6827339  0.6879139  0.6945116  0.6969247  0.6936690  0.6957189  0.7092805  0.7102827  0.7096259  0.7036467  0.6911360  0.6820140  0.6760627  0.6764447  0.6748749  0.6535855  0.6672636  0.6894329  0.6884035
 2  0.5720311  0.5252907  0.5041214  0.5269309  0.5516996  0.5454765  0.5168590  0.4977048  0.5073899  0.5286768  0.5556972  0.5640231  0.5544875  0.5588203  0.5816183  0.5962484  0.5973186  0.5861404  0.5552283  0.5161595  0.4889271  0.4978687  0.5266985  0.5324598  0.5646748  0.5832387  0.5773125
 3  0.7524456  0.7079812  0.6689982  0.6558002  0.6818311  0.6829598  0.6800673  0.6844139  0.6976076  0.7037906  0.7116221  0.7156424  0.7120544  0.7117592  0.7276929  0.7304839  0.7305725  0.7243107  0.7101559  0.6989636  0.6912157  0.6909691  0.6919140  0.6729882  0.6846985  0.7098724  0.7094236
 4  0.4569095  0.4252592  0.4156788  0.4642197  0.4815849  0.4385197  0.3784410  0.3896364  0.4234137  0.4528130  0.4789003  0.4753363  0.4446405  0.4777319  0.5145040  0.5222528  0.5151824  0.4852914  0.4323620  0.3808726  0.3712861  0.4207627  0.4573112  0.4594247  0.5010105  0.5133305  0.4766480
 1  0.7304056  0.6862981  0.6615745  0.6532093  0.6590974  0.6712729  0.6778508  0.6895840  0.6855216  0.6821476  0.6887289  0.6937132  0.7079474  0.7024106  0.6904263  0.6878713  0.6823988  0.6779417  0.6836570  0.6769258  0.6794019  0.6822505  0.6846066  0.6862626  0.6793025  0.6747195  0.6754655
 2  0.5719358  0.5261459  0.5119657  0.5111134  0.5199300  0.5297784  0.5437173  0.5556865  0.5459487  0.5297213  0.5303787  0.5641549  0.5917898  0.5954378  0.5793074  0.5664269  0.5505226  0.5396093  0.5440146  0.5386909  0.5314608  0.5275263  0.5361120  0.5451429  0.5419187  0.5320659  0.5403281
 3  0.7532408  0.7121606  0.6855574  0.6736493  0.6768503  0.6883706  0.6943035  0.7075450  0.7043964  0.6985121  0.7047597  0.7097989  0.7280157  0.7243195  0.7106840  0.7073324  0.7015741  0.6950687  0.7012552  0.6955241  0.6966449  0.6986667  0.7007802  0.7043134  0.6979575  0.6919587  0.6923125
 4  0.4545313  0.4234454  0.4155288  0.4170248  0.4333190  0.4413732  0.4658951  0.4738015  0.4338424  0.4198557  0.4419989  0.5017136  0.5285383  0.5107867  0.4865869  0.4754574  0.4475049  0.4485697  0.4607758  0.4431591  0.4254941  0.4276647  0.4565946  0.4641414  0.4418489  0.4349569  0.4652801
 1  0.7281665  0.6808930  0.6531121  0.6465405  0.6547619  0.6585384  0.6582014  0.6586962  0.6615295  0.6734949  0.6804822  0.7030969  0.7067023  0.7111174  0.7003264  0.6959814  0.6884669  0.6807837  0.6863472  0.6777120  0.6895200  0.6896634  0.6886683  0.6980334  0.7080101  0.6968407  0.6879203
 2  0.5709774  0.5244168  0.5100340  0.5172541  0.5269563  0.5248498  0.5108845  0.4989588  0.5155659  0.5429918  0.5782605  0.6008554  0.6102285  0.6059343  0.5832817  0.5538726  0.5183282  0.5125826  0.5362807  0.5584956  0.5761994  0.5767383  0.5674973  0.5814189  0.5929710  0.5864668  0.5673688
 3  0.7515019  0.7073161  0.6776145  0.6669398  0.6734664  0.6768924  0.6751969  0.6749121  0.6767613  0.6913184  0.6980250  0.7240395  0.7285986  0.7330422  0.7209126  0.7138340  0.7050140  0.6959168  0.7031307  0.6962414  0.7089968  0.7101854  0.7076070  0.7150722  0.7292299  0.7180969  0.7074870
 4  0.4557197  0.4247425  0.4182733  0.4351771  0.4441866  0.4265227  0.4038284  0.3970240  0.4462919  0.4764060  0.5148239  0.5372036  0.5352820  0.5181758  0.4710919  0.4282602  0.3941790  0.4278612  0.4672828  0.4893581  0.5040568  0.4881094  0.4703119  0.5116212  0.5229020  0.4943070  0.4711820
 1  0.7281973  0.6811210  0.6499881  0.6389602  0.6471693  0.6786055  0.6858357  0.6878307  0.6910340  0.6963232  0.6997659  0.7056456  0.6981532  0.6885165  0.6765872  0.6735883  0.6813694  0.6896462  0.7092729  0.7000422  0.6927407  0.6936081  0.6934973  0.6929184  0.6869808  0.6913888  0.7046411
 2  0.5743464  0.5256035  0.5081132  0.5013245  0.5262621  0.5582864  0.5669123  0.5536964  0.5287028  0.4998706  0.4902559  0.5253050  0.5516472  0.5570232  0.5495347  0.5459899  0.5473432  0.5750754  0.5983543  0.5945820  0.5729473  0.5481070  0.5324093  0.5337521  0.5587459  0.5978935  0.6082490
 3  0.7516029  0.7071254  0.6742850  0.6604179  0.6637678  0.6961615  0.7053742  0.7060784  0.7074416  0.7109241  0.7128299  0.7204926  0.7158565  0.7078577  0.6958395  0.6915335  0.6998095  0.7056543  0.7300668  0.7228613  0.7125448  0.7106906  0.7098864  0.7090149  0.7043105  0.7102177  0.7290962
 4  0.4584144  0.4238650  0.4191829  0.4041422  0.4567940  0.4930296  0.4782199  0.4351432  0.3904270  0.3510298  0.3922653  0.4525889  0.4771560  0.4720761  0.4560105  0.4623448  0.4562505  0.5088659  0.5363531  0.5039685  0.4522535  0.4310184  0.4301485  0.4506499  0.4952194  0.5415006  0.5421126
 1  0.7281184  0.6804225  0.6482801  0.6377563  0.6277863  0.6338637  0.6643050  0.6682230  0.6559896  0.6407420  0.6598208  0.6814661  0.6819532  0.6746379  0.6640191  0.6577841  0.6779533  0.6920613  0.6942261  0.7097719  0.7060674  0.7001595  0.6871575  0.6745387  0.6787659  0.6801488  0.6805655
 2  0.5729084  0.5253939  0.5073031  0.5043207  0.4986934  0.5272038  0.5648363  0.5704985  0.5490485  0.5291059  0.5548179  0.5799724  0.5802246  0.5627578  0.5329447  0.5210613  0.5577999  0.5777466  0.5907011  0.5981350  0.5899522  0.5635174  0.5139163  0.4799583  0.4949749  0.5305055  0.5435646
 3  0.7517145  0.7069668  0.6729717  0.6589322  0.6463882  0.6494204  0.6828108  0.6896004  0.6770803  0.6595017  0.6763161  0.7013139  0.7036281  0.6952824  0.6829431  0.6743489  0.6940855  0.7125490  0.7133929  0.7299842  0.7272112  0.7187670  0.7034554  0.6894174  0.6929781  0.6969974  0.6991532
 4  0.4576816  0.4254499  0.4172013  0.4131282  0.4140477  0.4712728  0.5073530  0.4943357  0.4552064  0.4446883  0.4950233  0.5170701  0.4991471  0.4616302  0.4219217  0.4386465  0.5001823  0.5062505  0.5118477  0.5220627  0.4911150  0.4288001  0.3675018  0.3640532  0.4224932  0.4616403  0.4525475
 1  0.7289669  0.6799096  0.6459084  0.6373106  0.6538327  0.6709018  0.6703344  0.6692175  0.6701067  0.6732419  0.6834809  0.7076810  0.7201233  0.7114784  0.6988200  0.6969972  0.7007289  0.7069016  0.7051950  0.7025360  0.6975705  0.6869159  0.6824095  0.6843595  0.6958821  0.7057658  0.7104530
 2  0.5742236  0.5244783  0.5065724  0.5179657  0.5469499  0.5605022  0.5489739  0.5185447  0.4825869  0.4671317  0.5314065  0.6052624  0.6215790  0.6136361  0.5733279  0.5273494  0.4983897  0.5013266  0.5340861  0.5632769  0.5743875  0.5660267  0.5513046  0.5436786  0.5543872  0.5745295  0.5871132
 3  0.7523603  0.7061980  0.6705399  0.6577512  0.6719328  0.6907079  0.6899538  0.6864830  0.6855175  0.6869398  0.6967590  0.7263295  0.7446739  0.7345054  0.7178546  0.7130392  0.7148436  0.7205628  0.7206514  0.7202129  0.7174592  0.7072755  0.7011783  0.7014030  0.7126018  0.7232628  0.7297991
 4  0.4578898  0.4245232  0.4201830  0.4445894  0.4826677  0.4823764  0.4389436  0.3827677  0.3401706  0.3614879  0.4860828  0.5521833  0.5542296  0.5062059  0.4296532  0.3782466  0.3730611  0.4082778  0.4582952  0.4927460  0.4964992  0.4718305  0.4455995  0.4490753  0.4736805  0.5006299  0.5093488
 1  0.7287269  0.6811145  0.6497088  0.6379425  0.6413511  0.6606427  0.6708147  0.6752057  0.6749988  0.6683748  0.6772786  0.6791562  0.6702075  0.6667532  0.6688347  0.6685365  0.6928890  0.7140198  0.7046738  0.6977784  0.6917517  0.6898621  0.6911679  0.6930162  0.6892348  0.6876368  0.6825695
 2  0.5719461  0.5247374  0.5080179  0.5018454  0.5076511  0.5296924  0.5485195  0.5602615  0.5602381  0.5598755  0.5721739  0.5727416  0.5554481  0.5367895  0.5330970  0.5436493  0.5939322  0.6133851  0.6061270  0.5772238  0.5278143  0.4806202  0.4804403  0.5359858  0.5719718  0.5807498  0.5837563
 3  0.7520538  0.7075128  0.6743334  0.6593567  0.6591993  0.6768077  0.6886389  0.6938821  0.6947645  0.6874810  0.6962726  0.7004916  0.6907317  0.6845119  0.6861518  0.6859759  0.7093213  0.7374131  0.7280889  0.7175357  0.7084249  0.7040551  0.7039555  0.7090864  0.7082465  0.7089979  0.7029973
 4  0.4562514  0.4249534  0.4183591  0.4059330  0.4203993  0.4576930  0.4773437  0.4850898  0.4796918  0.4835387  0.5054095  0.4933677  0.4513074  0.4380100  0.4499587  0.4727519  0.5373773  0.5499121  0.5091579  0.4402446  0.3676548  0.3306828  0.4022717  0.4778465  0.5078978  0.5080166  0.5068187
 1  0.7276935  0.6809570  0.6453266  0.6327596  0.6476758  0.6670976  0.6733089  0.6744682  0.6819092  0.6931750  0.7008434  0.7017773  0.7014826  0.7103457  0.7193670  0.7067946  0.6883959  0.6825860  0.6913730  0.6906067  0.6773059  0.6621166  0.6504648  0.6323637  0.6428198  0.6793405  0.6866999
 2  0.5721492  0.5253584  0.5043538  0.5070477  0.5295515  0.5481968  0.5476726  0.5350165  0.5314145  0.5451526  0.5588941  0.5618859  0.5615971  0.5900673  0.6050517  0.5952616  0.5495316  0.5168806  0.5430602  0.5630092  0.5543153  0.5247438  0.5010142  0.4868559  0.5304126  0.5761082  0.5849128
 3  0.7511928  0.7072493  0.6699337  0.6534366  0.6656067  0.6851115  0.6919376  0.6921649  0.6979740  0.7093933  0.7184818  0.7196993  0.7187245  0.7272450  0.7414906  0.7289023  0.7070619  0.6975786  0.7069095  0.7103419  0.6980332  0.6806288  0.6672304  0.6501277  0.6573476  0.6982119  0.7085602
 4  0.4573467  0.4243489  0.4149244  0.4272274  0.4572181  0.4712228  0.4536007  0.4258979  0.4353559  0.4666271  0.4751837  0.4645018  0.4689016  0.5257944  0.5371022  0.4861516  0.3958954  0.4103595  0.4834707  0.4928673  0.4503887  0.4084491  0.4069775  0.4026996  0.4771438  0.5205341  0.5002689
 1  0.7285885  0.6862115  0.6591653  0.6538635  0.6641778  0.6687021  0.6800412  0.6831245  0.6676924  0.6517956  0.6598774  0.6847830  0.6818962  0.6837432  0.6918530  0.6890773  0.6958630  0.6974072  0.6938339  0.7022035  0.7129819  0.7044708  0.7006693  0.6991023  0.6944808  0.6980758  0.7146461
 2  0.5713707  0.5273137  0.5097810  0.5211812  0.5360556  0.5465347  0.5549376  0.5505146  0.5180936  0.4813674  0.5229241  0.5677576  0.5730963  0.5710612  0.5720532  0.5727593  0.5749354  0.5703606  0.5559890  0.5724137  0.5924267  0.5898483  0.5724320  0.5443477  0.5045631  0.5231026  0.5709718
 3  0.7516385  0.7118951  0.6830419  0.6734515  0.6828531  0.6868566  0.6977409  0.7019827  0.6858953  0.6678713  0.6734576  0.7039045  0.7032261  0.7018809  0.7109874  0.7086804  0.7148235  0.7168230  0.7116598  0.7181430  0.7334332  0.7257611  0.7197958  0.7163177  0.7097842  0.7109619  0.7324467
 4  0.4556943  0.4230688  0.4126755  0.4424030  0.4579269  0.4640726  0.4734087  0.4511986  0.3923253  0.3681036  0.4714459  0.5111800  0.4820107  0.4826071  0.4948230  0.4903844  0.4911924  0.4713524  0.4489377  0.5036728  0.5250859  0.4964321  0.4546268  0.4077421  0.3565773  0.4594856  0.5114700
 1  0.7287496  0.6819100  0.6504729  0.6387020  0.6073675  0.5727206  0.6283242  0.6500596  0.6591142  0.6653916  0.6788263  0.6987406  0.6951921  0.6934948  0.6992061  0.7032401  0.7056856  0.7019172  0.7004444  0.7031073  0.7080441  0.7050336  0.7024665  0.7076899  0.7157671  0.7155539  0.7159330
 2  0.5722266  0.5255809  0.5073089  0.4982207  0.4607158  0.4618740  0.5336578  0.5581125  0.5585926  0.5522105  0.5667633  0.5801168  0.5732242  0.5551677  0.5534168  0.5674350  0.5734448  0.5684395  0.5572251  0.5571800  0.5604680  0.5479336  0.5273169  0.5363985  0.5632555  0.5830196  0.5913161
 3  0.7522206  0.7084508  0.6750913  0.6599824  0.6267997  0.5863369  0.6433577  0.6702613  0.6788525  0.6845417  0.6958503  0.7182946  0.7155323  0.7106661  0.7155484  0.7212097  0.7246905  0.7205873  0.7177647  0.7199841  0.7258503  0.7224143  0.7177558  0.7221025  0.7328016  0.7339082  0.7353621
 4  0.4567510  0.4252016  0.4145545  0.3974015  0.3520451  0.4159373  0.4900326  0.4888555  0.4743002  0.4621765  0.4948617  0.5071111  0.4659619  0.4404135  0.4698871  0.4923752  0.4863089  0.4634689  0.4539123  0.4703698  0.4657085  0.4217972  0.3971314  0.4559462  0.4914362  0.5043069  0.5076319
 1  0.7314508  0.6877703  0.6575850  0.6498841  0.6642699  0.6737240  0.6684197  0.6632212  0.6594578  0.6797312  0.7075630  0.7031430  0.6972364  0.6997669  0.7072853  0.7088439  0.6880174  0.6699869  0.6459323  0.6171336  0.6595896  0.6517849  0.6368666  0.6167644  0.6324170  0.6565529  0.6723371
 2  0.5718119  0.5257133  0.5093105  0.5247160  0.5539093  0.5634327  0.5457824  0.5086080  0.4868253  0.5574504  0.5975261  0.5994334  0.5743256  0.5520645  0.5593315  0.5695310  0.5559216  0.5343063  0.5144571  0.5303790  0.5677590  0.5609860  0.5317793  0.5038246  0.5209363  0.5423921  0.5712915
 3  0.7538355  0.7131425  0.6816058  0.6696859  0.6826324  0.6940837  0.6883671  0.6805027  0.6740356  0.6931424  0.7286388  0.7253935  0.7165165  0.7159714  0.7235636  0.7277717  0.7077997  0.6884245  0.6645254  0.6324358  0.6799739  0.6743481  0.6570404  0.6360135  0.6486019  0.6745895  0.6898584
 4  0.4534029  0.4224447  0.4177711  0.4519985  0.4901839  0.4835486  0.4299055  0.3667470  0.3916870  0.5139618  0.5384961  0.5033566  0.4439850  0.4421942  0.4854771  0.4897896  0.4554794  0.4373851  0.4310374  0.4835716  0.5108949  0.4772318  0.4399358  0.4175510  0.4545428  0.4743717  0.5037959
 1  0.7320621  0.6913670  0.6633962  0.6517412  0.6529272  0.6637571  0.6746228  0.6930779  0.7020665  0.7116243  0.7108108  0.7096185  0.7106773  0.7086662  0.7023022  0.6951146  0.6801381  0.6564391  0.6491043  0.6675281  0.6745205  0.6920354  0.6914423  0.6966845  0.6983380  0.7041472  0.7107437
 2  0.5746545  0.5282665  0.5103824  0.5062366  0.5106928  0.5161624  0.5301615  0.5509112  0.5751997  0.5911489  0.5909646  0.5820229  0.5683104  0.5563977  0.5383806  0.5249766  0.5048652  0.4786819  0.5132429  0.5641640  0.5885676  0.5943915  0.5877256  0.5701922  0.5551415  0.5702607  0.5896929
 3  0.7544364  0.7163070  0.6869799  0.6724056  0.6707823  0.6806811  0.6904965  0.7094033  0.7194883  0.7311477  0.7311451  0.7281826  0.7284341  0.7260526  0.7189767  0.7115123  0.6967155  0.6729994  0.6632454  0.6869274  0.6948366  0.7142358  0.7129657  0.7149268  0.7151638  0.7212602  0.7302113
 4  0.4545522  0.4216404  0.4150883  0.4101551  0.4203393  0.4226872  0.4459551  0.4727241  0.5033482  0.5163195  0.4975871  0.4770133  0.4654721  0.4477928  0.4271658  0.4141753  0.3917459  0.3720481  0.4609767  0.5118331  0.5231381  0.5209409  0.4860372  0.4547946  0.4607378  0.4991596  0.5212413
 1  0.7287904  0.6835439  0.6528974  0.6427054  0.6484842  0.6665627  0.6764138  0.6802283  0.6762444  0.6820393  0.6922739  0.7065959  0.7032790  0.7023154  0.6937638  0.6889249  0.6854791  0.6787293  0.6847447  0.6857099  0.6879701  0.6971158  0.7014406  0.6972026  0.6946503  0.6954036  0.7044920
 2  0.5701777  0.5258088  0.5077882  0.5049723  0.5178103  0.5376687  0.5434271  0.5327678  0.5226246  0.5377793  0.5678261  0.5852915  0.5828231  0.5659329  0.5354051  0.5177278  0.5159577  0.5339278  0.5569480  0.5673364  0.5742040  0.5862102  0.5890815  0.5770931  0.5530076  0.5302723  0.5277283
 3  0.7520664  0.7099026  0.6773829  0.6634756  0.6660207  0.6837623  0.6944695  0.6974459  0.6918061  0.6989787  0.7095567  0.7259155  0.7232590  0.7207137  0.7107421  0.7047106  0.7015340  0.6954243  0.7028556  0.7051266  0.7067503  0.7164421  0.7222572  0.7173228  0.7127900  0.7112388  0.7194717
 4  0.4552733  0.4248972  0.4135763  0.4119899  0.4392983  0.4620489  0.4495964  0.4149101  0.4320319  0.4650812  0.4981247  0.5087059  0.4861335  0.4481873  0.4129686  0.4114287  0.4271906  0.4608773  0.4859322  0.4871434  0.4964891  0.5140284  0.5071483  0.4729755  0.4257734  0.4101603  0.4304741
 1  0.7295185  0.6835816  0.6550991  0.6503971  0.6610396  0.6588054  0.6230168  0.6446674  0.6387760  0.6189722  0.6372809  0.6470663  0.6225559  0.5969180  0.6476750  0.6855196  0.6699598  0.6566978  0.6624936  0.6716915  0.6790344  0.6844852  0.6936769  0.7021468  0.6957909  0.6867339  0.6794468
 2  0.5718653  0.5252527  0.5098081  0.5283420  0.5490902  0.5466549  0.5342959  0.5666503  0.5557247  0.5324281  0.5455209  0.5550370  0.5364542  0.5305395  0.5831352  0.5993553  0.5793666  0.5437700  0.5234981  0.5174952  0.5198871  0.5324680  0.5497659  0.5619331  0.5560238  0.5383412  0.5323636
 3  0.7524887  0.7095319  0.6793456  0.6699972  0.6803234  0.6794488  0.6392083  0.6647689  0.6634961  0.6386675  0.6549505  0.6674548  0.6429733  0.6148738  0.6640998  0.7093572  0.6941564  0.6768494  0.6796602  0.6881114  0.6950640  0.7007505  0.7102894  0.7197081  0.7142501  0.7047109  0.6956858
 4  0.4555759  0.4237087  0.4179696  0.4576031  0.4820580  0.4572295  0.4771442  0.5192465  0.4744570  0.4531636  0.4855606  0.4879605  0.4712225  0.4811141  0.5324192  0.5370677  0.4827166  0.4270532  0.4197815  0.4228244  0.4287629  0.4448911  0.4677695  0.4760443  0.4580654  0.4258164  0.4466773
 1  0.7274045  0.6819251  0.6510273  0.6385779  0.6381003  0.6435734  0.6700462  0.6836863  0.6889846  0.6923413  0.6933469  0.6918187  0.6900546  0.6959347  0.6963880  0.7121431  0.7093321  0.7190579  0.7234350  0.7150306  0.6925999  0.6749305  0.6650782  0.6597401  0.6651214  0.6799552  0.6863568
 2  0.5715916  0.5259799  0.5073628  0.4999707  0.4886583  0.4950984  0.5304975  0.5542500  0.5589617  0.5542934  0.5429760  0.5269652  0.5352822  0.5551447  0.5847226  0.6023598  0.6087313  0.6183734  0.6205130  0.6110297  0.5655882  0.5015772  0.4434970  0.4289874  0.4837189  0.5431830  0.5709628
 3  0.7509238  0.7081733  0.6754093  0.6596574  0.6567821  0.6588274  0.6853322  0.7016266  0.7071855  0.7099815  0.7105981  0.7082834  0.7053543  0.7140277  0.7141003  0.7334236  0.7308647  0.7395308  0.7469538  0.7379617  0.7128467  0.6918353  0.6791855  0.6729068  0.6785257  0.6965917  0.7054058
 4  0.4571408  0.4243994  0.4144317  0.4038993  0.3763622  0.4136249  0.4671039  0.4773508  0.4644337  0.4527906  0.4350048  0.4139962  0.4572679  0.4818623  0.5177505  0.5353760  0.5296900  0.5471324  0.5491433  0.5124740  0.4237269  0.3298088  0.2969028  0.3322464  0.4276939  0.4845420  0.4979160
 1  0.7295224  0.6865847  0.6572535  0.6497513  0.6585678  0.6642603  0.6685649  0.6667713  0.6486931  0.6303607  0.6613280  0.6868855  0.7024759  0.7048899  0.7023782  0.7034919  0.7116441  0.7061972  0.6946277  0.6885982  0.6816617  0.6836268  0.7116350  0.6944458  0.6745756  0.6677673  0.6732942
 2  0.5724896  0.5278014  0.5089626  0.5165566  0.5308266  0.5387176  0.5366964  0.5245148  0.4979652  0.4989200  0.5476442  0.5834880  0.5969387  0.5921701  0.5684271  0.5571431  0.5723989  0.5778641  0.5645720  0.5461699  0.5285151  0.5727983  0.6047347  0.5943984  0.5482514  0.4980955  0.4829197
 3  0.7526309  0.7123651  0.6812948  0.6697249  0.6770265  0.6824773  0.6863874  0.6846445  0.6659555  0.6462345  0.6775931  0.7053709  0.7233023  0.7252915  0.7209809  0.7193803  0.7291641  0.7264535  0.7141114  0.7061675  0.6990577  0.6976820  0.7342782  0.7185209  0.6944643  0.6836235  0.6877771
 4  0.4564538  0.4239397  0.4134089  0.4353712  0.4525888  0.4537074  0.4443095  0.4203386  0.3968775  0.4355429  0.4903488  0.5201985  0.5195915  0.4919457  0.4441174  0.4626927  0.5034178  0.4938784  0.4556814  0.4390004  0.4260932  0.5197467  0.5472003  0.4927802  0.3952415  0.3609221  0.3832969
 1  0.7309671  0.6880999  0.6615528  0.6528691  0.6546105  0.6567459  0.6550833  0.6661922  0.6886797  0.6936078  0.7021381  0.7047508  0.7153063  0.7118610  0.7050804  0.7033483  0.7042988  0.7040414  0.7060410  0.7068874  0.7072803  0.7069842  0.7098491  0.7021342  0.6965358  0.7024971  0.7036374
 2  0.5684563  0.5255169  0.5112197  0.5112254  0.5085416  0.4957476  0.4831498  0.5215313  0.5604612  0.5791867  0.5837237  0.5909306  0.5967863  0.5919119  0.5719168  0.5509182  0.5372512  0.5257941  0.5273153  0.5317980  0.5366601  0.5496459  0.5618665  0.5527654  0.5433420  0.5497037  0.5549634
 3  0.7533426  0.7136188  0.6854405  0.6733131  0.6729996  0.6737546  0.6701140  0.6804325  0.7066998  0.7124887  0.7217100  0.7233836  0.7354853  0.7323780  0.7236992  0.7203033  0.7206187  0.7195212  0.7213426  0.7224454  0.7231794  0.7230244  0.7275195  0.7204893  0.7125960  0.7192138  0.7213951
 4  0.4519946  0.4227639  0.4156561  0.4180550  0.4074002  0.3769320  0.3819178  0.4654059  0.4950971  0.5011587  0.4980275  0.5113140  0.5197315  0.4944762  0.4558831  0.4378476  0.4232325  0.4153814  0.4212913  0.4311962  0.4367977  0.4649028  0.4754869  0.4387139  0.4409341  0.4669217  0.4574041
 1  0.7317671  0.6900097  0.6641612  0.6558323  0.6574844  0.6651508  0.6707021  0.6732231  0.6802901  0.6868982  0.6928002  0.7094356  0.7081637  0.7025674  0.6972564  0.6988350  0.7084442  0.7065137  0.7012848  0.6982824  0.6993232  0.6969270  0.7021228  0.7037562  0.7113562  0.7171306  0.7153990
 2  0.5734793  0.5272679  0.5119793  0.5137992  0.5209918  0.5301760  0.5338385  0.5324644  0.5362993  0.5378428  0.5612050  0.5888362  0.5934012  0.5751695  0.5352831  0.5103612  0.5254315  0.5478330  0.5550393  0.5564178  0.5586483  0.5589276  0.5599746  0.5585051  0.5676921  0.5847022  0.5884004
 3  0.7541083  0.7151179  0.6877765  0.6761484  0.6755496  0.6825593  0.6881108  0.6905236  0.6971045  0.7039311  0.7086201  0.7286437  0.7294955  0.7220076  0.7139462  0.7128433  0.7229520  0.7236958  0.7189654  0.7156874  0.7172121  0.7148091  0.7200346  0.7207316  0.7279345  0.7353509  0.7354453
 4  0.4539986  0.4219226  0.4165606  0.4229968  0.4361326  0.4457101  0.4440855  0.4389603  0.4449959  0.4418109  0.4916763  0.5242292  0.5049715  0.4483545  0.3794789  0.3952990  0.4508147  0.4653208  0.4585047  0.4650247  0.4694046  0.4706131  0.4609619  0.4583390  0.4855769  0.5101465  0.5011394
 1  0.7288535  0.6821393  0.6553787  0.6500191  0.6664358  0.6840395  0.6896275  0.6833476  0.6731262  0.6714378  0.6840961  0.6874277  0.6880433  0.6904198  0.6897269  0.6866326  0.6840597  0.6893530  0.7000364  0.7036629  0.7112411  0.7069875  0.7082703  0.7140677  0.7064324  0.6992600  0.6902420
 2  0.5713388  0.5250791  0.5109026  0.5235445  0.5518279  0.5754216  0.5767738  0.5564257  0.5150044  0.4931921  0.5135770  0.5354256  0.5541739  0.5627384  0.5564295  0.5331807  0.5145830  0.5393513  0.5782120  0.6024881  0.6095059  0.6007854  0.5850137  0.5699402  0.5446692  0.5147267  0.4940005
 3  0.7520863  0.7083627  0.6796862  0.6699707  0.6844894  0.7029673  0.7099476  0.7030358  0.6903247  0.6860459  0.6990547  0.7042342  0.7053375  0.7092676  0.7089161  0.7037988  0.6994322  0.7045706  0.7184021  0.7243324  0.7339344  0.7285559  0.7268762  0.7316990  0.7236436  0.7148629  0.7051731
 4  0.4561338  0.4244854  0.4183693  0.4468339  0.4854718  0.5053814  0.4904405  0.4370043  0.3728167  0.3924887  0.4391190  0.4560889  0.4756003  0.4813794  0.4493305  0.4045534  0.4083061  0.4750436  0.5184546  0.5370250  0.5335645  0.5000931  0.4768673  0.4618109  0.4205778  0.3808735  0.3737782
 1  0.7275399  0.6835386  0.6580192  0.6499219  0.6443099  0.6501012  0.6565273  0.6663408  0.6867500  0.6925926  0.6985103  0.7003234  0.6929757  0.6866562  0.6910366  0.6946176  0.6927837  0.6949298  0.7009282  0.7054944  0.6972684  0.6921594  0.6915559  0.6849008  0.6838707  0.6946418  0.7014731
 2  0.5739787  0.5278422  0.5110189  0.5067030  0.5038272  0.5114795  0.5204952  0.5438182  0.5717498  0.5829990  0.5828489  0.5712655  0.5419174  0.5179983  0.5356156  0.5586269  0.5662961  0.5710112  0.5861488  0.5942050  0.5844721  0.5685941  0.5534619  0.5340383  0.5295403  0.5545606  0.5734511
 3  0.7511398  0.7094119  0.6819022  0.6705635  0.6623133  0.6670028  0.6736765  0.6824954  0.7051408  0.7127902  0.7183211  0.7192059  0.7106158  0.7024254  0.7063849  0.7129708  0.7119450  0.7128713  0.7194566  0.7267596  0.7185329  0.7109162  0.7097324  0.7029808  0.6995950  0.7112280  0.7203436
 4  0.4592037  0.4238584  0.4153409  0.4091294  0.4146447  0.4300999  0.4368618  0.4761462  0.5061063  0.5051258  0.4908503  0.4625337  0.4162693  0.4095044  0.4648577  0.4870923  0.4767825  0.4864753  0.5178261  0.5204162  0.4871463  0.4657908  0.4558095  0.4211312  0.4385606  0.4862743  0.4957225
 1  0.7283414  0.6853366  0.6523827  0.6391527  0.6362376  0.6414710  0.6431905  0.6496704  0.6758088  0.6929945  0.7093130  0.7076315  0.7021466  0.7030335  0.6976104  0.6890908  0.6922025  0.6985206  0.7025252  0.7039832  0.6998195  0.7001340  0.6882452  0.6667969  0.6726103  0.6954893  0.6975233
 2  0.5707404  0.5273625  0.5058084  0.4954726  0.4850868  0.4766010  0.4716565  0.5017356  0.5507613  0.5888759  0.6032268  0.5967177  0.5671721  0.5349158  0.5150566  0.5207026  0.5622627  0.5883449  0.5958022  0.5866304  0.5618197  0.5460333  0.5423798  0.5452549  0.5748290  0.5998966  0.6031032
 3  0.7516474  0.7113379  0.6766400  0.6601646  0.6544384  0.6575733  0.6585605  0.6639919  0.6922827  0.7113969  0.7306989  0.7288424  0.7204413  0.7187088  0.7129498  0.7049804  0.7089759  0.7190611  0.7239955  0.7238326  0.7178376  0.7165882  0.7055146  0.6864618  0.6906724  0.7163197  0.7204713
 4  0.4561331  0.4241758  0.4105130  0.3942482  0.3785306  0.3704067  0.3747983  0.4403559  0.4924747  0.5255396  0.5293575  0.4916225  0.4308335  0.4049052  0.4106727  0.4423289  0.5014525  0.5235340  0.5110559  0.4790217  0.4445495  0.4437365  0.4662715  0.4750220  0.5130084  0.5382856  0.5295943
 1  0.7279220  0.6800847  0.6500358  0.6396404  0.6362410  0.6477721  0.6760478  0.6937678  0.6843485  0.6723293  0.6610275  0.6616262  0.6714079  0.6816593  0.6943284  0.7074853  0.7084902  0.7124957  0.7011916  0.6931603  0.6890402  0.6896169  0.6879433  0.6781786  0.6782688  0.6852105  0.6950147
 2  0.5722626  0.5247952  0.5081768  0.5022528  0.4970547  0.5182341  0.5624760  0.5832271  0.5694331  0.5349768  0.5027141  0.5069518  0.5287890  0.5497915  0.5773862  0.5952043  0.6039551  0.6028173  0.5818859  0.5465126  0.5226059  0.5352840  0.5484245  0.5458299  0.5405355  0.5408548  0.5495894
 3  0.7514597  0.7065687  0.6745738  0.6608633  0.6545101  0.6633221  0.6924531  0.7138843  0.7053427  0.6912335  0.6771510  0.6774794  0.6882346  0.6986598  0.7117722  0.7277080  0.7290759  0.7341919  0.7221565  0.7106809  0.7044618  0.7060841  0.7061081  0.6973648  0.6962179  0.7018310  0.7119966
 4  0.4572140  0.4247517  0.4170426  0.4053814  0.4023439  0.4508811  0.5048770  0.5108317  0.4670367  0.4041678  0.3972443  0.4324859  0.4517445  0.4716660  0.5095171  0.5248345  0.5289161  0.5195439  0.4652354  0.4092206  0.4237846  0.4611750  0.4699223  0.4517673  0.4381601  0.4503258  0.4636858
 1  0.7299583  0.6872006  0.6536610  0.6403269  0.6478178  0.6599740  0.6682886  0.6780561  0.6860119  0.7049928  0.7041328  0.7028455  0.7088757  0.7073816  0.7084443  0.7109958  0.7093143  0.7027922  0.6968000  0.6965950  0.7003074  0.7018959  0.7123570  0.7100376  0.7055251  0.7060165  0.7157718
 2  0.5711477  0.5270822  0.5058758  0.5023523  0.5109380  0.5180335  0.5241232  0.5293929  0.5566261  0.5839162  0.5873440  0.5792692  0.5711822  0.5621543  0.5514648  0.5543312  0.5547678  0.5394806  0.5174710  0.5035193  0.5039019  0.5300305  0.5617433  0.5708171  0.5573067  0.5621673  0.5801911
 3  0.7529014  0.7130919  0.6779560  0.6609581  0.6657878  0.6769715  0.6845356  0.6947166  0.7017114  0.7240976  0.7250303  0.7210933  0.7268155  0.7254394  0.7248631  0.7273208  0.7267375  0.7200848  0.7124579  0.7109934  0.7150948  0.7162931  0.7293897  0.7285726  0.7230234  0.7218282  0.7344350
 4  0.4546550  0.4239010  0.4107169  0.4120950  0.4234449  0.4261682  0.4355064  0.4370427  0.4889894  0.5183460  0.4939916  0.4764046  0.4767417  0.4555870  0.4446098  0.4613571  0.4579398  0.4168581  0.3805428  0.3905194  0.3966947  0.4542936  0.4875195  0.4737632  0.4398854  0.4804923  0.5084879
 1  0.7300844  0.6846528  0.6219852  0.5834058  0.5813386  0.5948146  0.6205943  0.6406180  0.6812299  0.6851530  0.6870567  0.6955282  0.7003291  0.6994757  0.6925036  0.6832380  0.6808574  0.6969924  0.6996387  0.6910833  0.6741590  0.6716364  0.7078673  0.6970250  0.6812318  0.6733631  0.6745298
 2  0.5711411  0.5256631  0.4884282  0.4721125  0.4764415  0.4944947  0.5181179  0.5553206  0.5845061  0.5857166  0.5733355  0.5703846  0.5754886  0.5770789  0.5677046  0.5427488  0.5343954  0.5607788  0.5745161  0.5654907  0.5364670  0.5723984  0.6039257  0.5984429  0.5575735  0.5018912  0.4755833
 3  0.7530262  0.7107667  0.6473081  0.6052153  0.6001641  0.6109608  0.6378985  0.6563043  0.7014668  0.7069138  0.7063720  0.7132365  0.7189756  0.7191800  0.7122453  0.7020839  0.6966962  0.7135781  0.7196055  0.7106458  0.6926587  0.6856495  0.7303256  0.7206853  0.7011802  0.6895505  0.6883573
 4  0.4548105  0.4244444  0.4081943  0.3979398  0.4019961  0.4323882  0.4522689  0.5006401  0.5222972  0.4975297  0.4721566  0.4838558  0.4992307  0.4945082  0.4701637  0.4222666  0.4439311  0.4968524  0.4954875  0.4624379  0.4297103  0.5198795  0.5466611  0.5003807  0.4077015  0.3446733  0.3710541
 1  0.7297766  0.6848170  0.6614799  0.6597357  0.6784000  0.6824219  0.6841739  0.6906326  0.6925042  0.6958472  0.6955610  0.6902068  0.6678330  0.6382736  0.6244080  0.5247382  0.6314140  0.6990558  0.7144423  0.7135603  0.7151502  0.7150515  0.7109402  0.7070196  0.7031485  0.7089622  0.6994246
 2  0.5731114  0.5265539  0.5129622  0.5340219  0.5559641  0.5602421  0.5544856  0.5539223  0.5517481  0.5505589  0.5512296  0.5396987  0.5039935  0.4802017  0.4943852  0.4848841  0.5808866  0.6202710  0.6272032  0.6213400  0.6026638  0.5808932  0.5507537  0.5245878  0.5402015  0.5717588  0.5756088
 3  0.7529155  0.7107291  0.6853794  0.6788857  0.6975863  0.7016550  0.7015563  0.7083918  0.7103524  0.7128286  0.7132139  0.7082852  0.6853792  0.6544008  0.6416968  0.5386438  0.6431263  0.7214358  0.7395990  0.7360720  0.7354280  0.7335621  0.7277493  0.7225406  0.7176418  0.7276936  0.7201786
 4  0.4566960  0.4237589  0.4169596  0.4623737  0.4820884  0.4654421  0.4612617  0.4648993  0.4549897  0.4576005  0.4595274  0.4311113  0.3835944  0.3972761  0.4300562  0.4503675  0.5383407  0.5622711  0.5549651  0.5267359  0.4973794  0.4635236  0.4236454  0.3980155  0.4690137  0.5079279  0.4814294
 1  0.7280549  0.6810653  0.6617406  0.6590376  0.6636114  0.6746231  0.6889391  0.6977656  0.7009584  0.7151905  0.7087155  0.7067486  0.7061424  0.7051611  0.7064469  0.7123214  0.7160387  0.7071446  0.7005712  0.6968507  0.6975552  0.6920665  0.6988328  0.6980511  0.6890785  0.6856501  0.6726853
 2  0.5742871  0.5255907  0.5153153  0.5183180  0.5232250  0.5375143  0.5591058  0.5677763  0.5817799  0.5926148  0.5868559  0.5661511  0.5368124  0.5043732  0.4903107  0.5420120  0.5729983  0.5759462  0.5626727  0.5564018  0.5546880  0.5562652  0.5673844  0.5648150  0.5465558  0.5301260  0.5222091
 3  0.7515398  0.7071526  0.6856185  0.6793917  0.6815663  0.6913146  0.7059103  0.7165445  0.7182504  0.7350630  0.7290806  0.7245345  0.7223787  0.7197867  0.7192265  0.7267179  0.7347400  0.7263148  0.7185680  0.7143892  0.7156449  0.7098152  0.7169432  0.7173086  0.7070915  0.7022681  0.6898494
 4  0.4584217  0.4237373  0.4204115  0.4242285  0.4327408  0.4569791  0.4856868  0.4801238  0.5042079  0.5172545  0.4840425  0.4403674  0.3979302  0.3492603  0.3866971  0.4819097  0.4996358  0.4756029  0.4584200  0.4665340  0.4647110  0.4709452  0.4869386  0.4678620  0.4331483  0.4271212  0.4358507
 1  0.7296925  0.6822010  0.6538097  0.6501211  0.6686379  0.6729847  0.6742567  0.6872023  0.6923812  0.6874871  0.6815903  0.6771139  0.6740688  0.6779165  0.6849069  0.6892128  0.6926425  0.6899955  0.6827996  0.6832637  0.6699517  0.6666256  0.6902224  0.6988724  0.6977396  0.7054699  0.7052434
 2  0.5699182  0.5243568  0.5099841  0.5266705  0.5451765  0.5430497  0.5310201  0.5424533  0.5561640  0.5535341  0.5408908  0.5232660  0.5242520  0.5476395  0.5647881  0.5710700  0.5680946  0.5569938  0.5496095  0.5552737  0.5470989  0.5556408  0.5860722  0.5952987  0.5933820  0.5943988  0.5867243
 3  0.7528275  0.7089000  0.6784922  0.6697720  0.6876332  0.6919630  0.6905761  0.7030667  0.7105219  0.7064089  0.6998803  0.6940964  0.6899360  0.6955640  0.7040896  0.7079895  0.7118416  0.7086105  0.6999080  0.7023977  0.6898307  0.6836981  0.7093632  0.7204542  0.7179830  0.7253336  0.7260109
 4  0.4541773  0.4256261  0.4165407  0.4525205  0.4673546  0.4369386  0.4272212  0.4652158  0.4783666  0.4599405  0.4312063  0.4140613  0.4465465  0.4817423  0.4859141  0.4868205  0.4772912  0.4540494  0.4685849  0.4788479  0.4563345  0.4887284  0.5240756  0.5187490  0.5084307  0.5143754  0.4936599
 1  0.7310651  0.6893144  0.6497287  0.6302150  0.6317509  0.6541535  0.6753628  0.6770998  0.6838948  0.6992968  0.6939931  0.6741537  0.6561191  0.6604063  0.6533083  0.6427243  0.6524697  0.6571238  0.6713235  0.6753043  0.6847646  0.6921597  0.6989897  0.7025870  0.7132006  0.7087587  0.7072016
 2  0.5714015  0.5268909  0.5024195  0.4932561  0.5023708  0.5361050  0.5580553  0.5609930  0.5734331  0.5954076  0.5912572  0.5615197  0.5205840  0.5060506  0.4956276  0.4913008  0.5135137  0.5317181  0.5433156  0.5429687  0.5384596  0.5407608  0.5486275  0.5700935  0.5874276  0.5844503  0.5719668
 3  0.7535218  0.7146189  0.6739863  0.6515021  0.6495885  0.6699963  0.6940662  0.6960622  0.7012176  0.7194964  0.7170054  0.6961898  0.6740474  0.6765908  0.6705882  0.6588082  0.6689831  0.6745726  0.6894259  0.6933357  0.7015599  0.7082808  0.7158501  0.7194114  0.7327219  0.7288355  0.7247998
 4  0.4534606  0.4223056  0.4115319  0.4018150  0.4215087  0.4740359  0.4851734  0.4725068  0.5049147  0.5318839  0.5125100  0.4434534  0.4030486  0.4137238  0.3997883  0.4081942  0.4391200  0.4589624  0.4586645  0.4439481  0.4349300  0.4499069  0.4611859  0.4978550  0.5122944  0.4824690  0.4627207
 1  0.7294815  0.6844867  0.6505967  0.6371961  0.6363926  0.6483601  0.6659397  0.6893394  0.6946475  0.6991242  0.6942192  0.6889146  0.6764669  0.6630623  0.6801109  0.6775822  0.6771309  0.6790195  0.6876967  0.6890904  0.6868804  0.6978312  0.7001223  0.6973751  0.6871515  0.6747631  0.6584833
 2  0.5725402  0.5259815  0.5062410  0.5000403  0.5000003  0.5098909  0.5421835  0.5712014  0.5813907  0.5791409  0.5637585  0.5450306  0.5175494  0.5214702  0.5559598  0.5678034  0.5680375  0.5702911  0.5737679  0.5635639  0.5528388  0.5645795  0.5803748  0.5845250  0.5725492  0.5485848  0.5145038
 3  0.7525449  0.7105500  0.6750950  0.6583858  0.6546001  0.6648732  0.6814899  0.7076600  0.7144252  0.7183663  0.7131253  0.7068686  0.6938745  0.6787386  0.6979981  0.6978851  0.6967570  0.6985272  0.7073545  0.7085642  0.7041682  0.7147011  0.7195451  0.7179850  0.7079894  0.6945960  0.6765639
 4  0.4554746  0.4241928  0.4148832  0.4060402  0.4093712  0.4269621  0.4786205  0.5041269  0.4987512  0.4854391  0.4624343  0.4366125  0.4061958  0.4520639  0.4951088  0.4915304  0.4881036  0.4930528  0.4907159  0.4604315  0.4544401  0.4918565  0.5103575  0.5056996  0.4810739  0.4403124  0.4048559
 1  0.7294027  0.6819304  0.6531529  0.6467468  0.6574698  0.6645639  0.6696870  0.6692971  0.6638555  0.6661636  0.6660916  0.6847075  0.7065600  0.6969626  0.6869374  0.6850717  0.6896837  0.6946401  0.6940987  0.6961095  0.7024003  0.7022150  0.7040320  0.7056821  0.7080023  0.7053087  0.7013560
 2  0.5698543  0.5239712  0.5096253  0.5185418  0.5312948  0.5383863  0.5370785  0.5284657  0.5219366  0.5289085  0.5437873  0.5864951  0.6048892  0.5956668  0.5608454  0.5314037  0.5288621  0.5392192  0.5473865  0.5507382  0.5558067  0.5555687  0.5542045  0.5591091  0.5604458  0.5520430  0.5472900
 3  0.7524993  0.7084541  0.6777597  0.6669918  0.6760805  0.6826141  0.6872370  0.6872036  0.6806174  0.6835717  0.6840318  0.7011714  0.7295328  0.7196064  0.7059278  0.7017209  0.7053568  0.7115258  0.7117045  0.7127420  0.7197468  0.7196632  0.7209113  0.7227968  0.7257335  0.7226072  0.7175437
 4  0.4541562  0.4249877  0.4174205  0.4377321  0.4508298  0.4515341  0.4470609  0.4283388  0.4341855  0.4523659  0.4696361  0.5302766  0.5393994  0.4919196  0.4320425  0.4163468  0.4430876  0.4573939  0.4488234  0.4584646  0.4652246  0.4572363  0.4574953  0.4696596  0.4639748  0.4408358  0.4523373
 1  0.7272826  0.6766737  0.6460465  0.6384386  0.6453871  0.6517438  0.6709284  0.7007970  0.6895839  0.6734757  0.6608191  0.6598364  0.6811872  0.6817183  0.6812084  0.6875769  0.6935207  0.6961295  0.6952435  0.6975576  0.6990412  0.7008631  0.7094698  0.7186488  0.7144920  0.7101676  0.7069253
 2  0.5729577  0.5236270  0.5081020  0.5153646  0.5255856  0.5308192  0.5680672  0.5949501  0.5852135  0.5496054  0.5053080  0.5050399  0.5380603  0.5479284  0.5383096  0.5309673  0.5344152  0.5386501  0.5441118  0.5480170  0.5496126  0.5534936  0.5802708  0.5998171  0.5988557  0.5811838  0.5500601
 3  0.7510606  0.7033850  0.6707654  0.6591133  0.6642207  0.6700565  0.6861719  0.7215205  0.7123423  0.6936364  0.6780659  0.6744044  0.6977457  0.7006764  0.6986451  0.7035242  0.7096575  0.7129695  0.7120842  0.7145205  0.7162742  0.7177318  0.7262067  0.7391314  0.7357986  0.7288863  0.7236356
 4  0.4584400  0.4252542  0.4205900  0.4363635  0.4471591  0.4464343  0.5091887  0.5325757  0.4917482  0.4211360  0.3760119  0.4339640  0.4740140  0.4531301  0.4226747  0.4282247  0.4455451  0.4460886  0.4487993  0.4552418  0.4540836  0.4624648  0.5120659  0.5305569  0.5029679  0.4569441  0.4207848
 1  0.7263195  0.6763092  0.6386647  0.6238881  0.6252429  0.6380588  0.6450142  0.6468596  0.6648793  0.6864483  0.7036451  0.7003265  0.6969107  0.7029461  0.6999873  0.6973878  0.7022048  0.7055168  0.7078101  0.7166723  0.7086994  0.7057759  0.6964096  0.6951331  0.7010739  0.6971103  0.6868002
 2  0.5711790  0.5236523  0.5030486  0.4993930  0.5060691  0.5164653  0.5141980  0.5076790  0.5295055  0.5727067  0.5930589  0.5887849  0.5726271  0.5634780  0.5489697  0.5313233  0.5394833  0.5518620  0.5736473  0.5895072  0.5865695  0.5710485  0.5492034  0.5472988  0.5571220  0.5552846  0.5280904
 3  0.7502776  0.7032470  0.6637098  0.6452468  0.6435852  0.6556680  0.6631239  0.6634865  0.6803706  0.7032190  0.7244736  0.7213490  0.7150644  0.7209087  0.7180139  0.7132556  0.7175832  0.7227963  0.7246492  0.7361923  0.7287959  0.7244124  0.7140045  0.7115927  0.7187975  0.7157073  0.7042783
 4  0.4579942  0.4257769  0.4165872  0.4147458  0.4281963  0.4381266  0.4181611  0.4138452  0.4597625  0.5144846  0.5225486  0.4874133  0.4697242  0.4691695  0.4336484  0.4156017  0.4539641  0.4668196  0.4989769  0.5127693  0.4911679  0.4612093  0.4400835  0.4620352  0.4763147  0.4506938  0.3962130
 1  0.7283663  0.6828137  0.6432967  0.6242877  0.6152648  0.6390275  0.6688647  0.6784560  0.6891678  0.6936740  0.6899923  0.6932162  0.6961686  0.6934726  0.6718754  0.6519317  0.6831127  0.6619763  0.6518582  0.6603513  0.6696755  0.6639954  0.6729469  0.6801957  0.6782559  0.6891277  0.6889014
 2  0.5709641  0.5259476  0.5018272  0.4880230  0.4869956  0.5265266  0.5569083  0.5677501  0.5723472  0.5702034  0.5582899  0.5558360  0.5615176  0.5575061  0.5288602  0.5430551  0.5813318  0.5648612  0.5409464  0.5387040  0.5478979  0.5453945  0.5518550  0.5508122  0.5558132  0.5720121  0.5718550
 3  0.7517058  0.7089869  0.6679283  0.6459934  0.6330991  0.6540617  0.6874043  0.6971751  0.7075271  0.7132602  0.7084521  0.7103789  0.7143899  0.7122548  0.6907168  0.6667179  0.7038952  0.6860489  0.6717105  0.6772990  0.6880945  0.6832380  0.6912788  0.6985284  0.6953023  0.7082804  0.7097220
 4  0.4566222  0.4243291  0.4122375  0.3909421  0.4062274  0.4718331  0.4883292  0.4836332  0.4916188  0.4791520  0.4567972  0.4685579  0.4789651  0.4621584  0.4202285  0.4885290  0.5264377  0.4736335  0.4343663  0.4598777  0.4748935  0.4638431  0.4652351  0.4577955  0.4819070  0.5043997  0.4768022
 1  0.7305319  0.6896108  0.6488375  0.6309474  0.6415550  0.6586208  0.6716119  0.6670829  0.6659835  0.6682351  0.6878751  0.6979015  0.6969963  0.6993592  0.7033167  0.7109135  0.7040845  0.6980729  0.6908432  0.6884381  0.6900016  0.6886903  0.6860784  0.6875336  0.6923740  0.7060307  0.7101895
 2  0.5721984  0.5283647  0.5010310  0.5028770  0.5268200  0.5541668  0.5643420  0.5504718  0.5237035  0.5056366  0.5245509  0.5409231  0.5474948  0.5469178  0.5523843  0.5559526  0.5499046  0.5385129  0.5324228  0.5471580  0.5650846  0.5709656  0.5674653  0.5617193  0.5709101  0.5890806  0.5949369
 3  0.7533336  0.7150453  0.6731092  0.6512594  0.6595058  0.6765348  0.6914742  0.6874680  0.6841088  0.6835066  0.7028598  0.7146380  0.7137564  0.7163285  0.7198230  0.7276701  0.7214499  0.7149102  0.7073278  0.7054128  0.7086862  0.7086450  0.7054875  0.7063495  0.7099060  0.7251537  0.7310238
 4  0.4550996  0.4230248  0.4081755  0.4260045  0.4598795  0.4893803  0.4884587  0.4473473  0.3929338  0.4033911  0.4480381  0.4532001  0.4498429  0.4472286  0.4581441  0.4609593  0.4457772  0.4296273  0.4398870  0.4739794  0.4937497  0.4889089  0.4781576  0.4700308  0.4948518  0.5201728  0.5097821
 1  0.7307829  0.6860775  0.6558858  0.6538329  0.6799190  0.6818786  0.6770402  0.6892045  0.7168744  0.7106852  0.6977787  0.6931087  0.6895698  0.6900038  0.6990596  0.6994080  0.6942792  0.6903867  0.7058890  0.7014210  0.6907237  0.6868423  0.6876558  0.6847393  0.6819887  0.6774319  0.6769470
 2  0.5712566  0.5248832  0.5093406  0.5407727  0.5690736  0.5673377  0.5353552  0.5570774  0.5983123  0.6033474  0.5836733  0.5509296  0.5111536  0.4916745  0.5240932  0.5558752  0.5649426  0.5810429  0.5973276  0.5933211  0.5675702  0.5413726  0.5273426  0.5160906  0.5069455  0.4972060  0.5075577
 3  0.7532018  0.7115500  0.6800199  0.6726489  0.6999662  0.7026813  0.6949584  0.7022828  0.7369495  0.7336431  0.7185515  0.7111267  0.7056924  0.7037759  0.7137312  0.7169939  0.7134443  0.7084929  0.7269208  0.7233369  0.7104561  0.7040563  0.7041617  0.7012476  0.6980841  0.6928803  0.6919958
 4  0.4532831  0.4225278  0.4193271  0.4788308  0.5018139  0.4632099  0.3892993  0.4944177  0.5431547  0.5209464  0.4671129  0.4175789  0.3657501  0.3892888  0.4547106  0.4836979  0.4818608  0.5121642  0.5293764  0.5013332  0.4492607  0.4281022  0.4257453  0.4117971  0.3900372  0.3876644  0.4260613
 1  0.7288303  0.6817804  0.6434749  0.6261811  0.5942965  0.5505885  0.5943282  0.6701067  0.6818258  0.6911523  0.6953914  0.6958499  0.6913919  0.6955135  0.7149514  0.7137109  0.6957341  0.6834546  0.6733878  0.6902810  0.7181014  0.6980978  0.6772700  0.6680263  0.6743349  0.6683285  0.6628758
 2  0.5741911  0.5258759  0.5028868  0.4979790  0.4780797  0.4577706  0.5365948  0.5855616  0.5943692  0.5888716  0.5752599  0.5537440  0.5208858  0.5463832  0.5967956  0.6082766  0.5882009  0.5473739  0.5001445  0.5739081  0.6136746  0.6041812  0.5637918  0.5190459  0.5102386  0.5031997  0.5033524
 3  0.7523075  0.7080710  0.6681941  0.6474501  0.6135698  0.5678743  0.6042859  0.6901703  0.7039302  0.7112855  0.7149207  0.7140128  0.7074388  0.7094689  0.7338044  0.7370430  0.7181643  0.7023148  0.6891989  0.7020657  0.7421814  0.7234728  0.6988310  0.6846424  0.6898099  0.6858997  0.6791302
 4  0.4580154  0.4245422  0.4146532  0.4131606  0.3999504  0.3977717  0.4997197  0.5315216  0.5139321  0.4970450  0.4746190  0.4304963  0.3913598  0.4836819  0.5419764  0.5353859  0.4765805  0.4010084  0.3707468  0.5291448  0.5591901  0.5131659  0.4206390  0.3931998  0.4260359  0.4065872  0.4033219
 1  0.7302531  0.6859001  0.6523580  0.6371187  0.6350852  0.6489787  0.6616250  0.6652332  0.6653878  0.6806201  0.7021963  0.6989416  0.6928143  0.6960850  0.6977872  0.7013337  0.6968805  0.6974440  0.6891120  0.6813834  0.6724258  0.6652127  0.6726704  0.6872069  0.7090790  0.7022460  0.6872654
 2  0.5733499  0.5260023  0.5070445  0.5015124  0.5036802  0.5199863  0.5332842  0.5316322  0.5305398  0.5672773  0.5905822  0.5862163  0.5601632  0.5413072  0.5419769  0.5549547  0.5713949  0.5772239  0.5649527  0.5399705  0.5190184  0.5239100  0.5435702  0.5860666  0.6058969  0.6002216  0.5655235
 3  0.7529906  0.7113900  0.6765629  0.6584507  0.6534088  0.6654979  0.6791991  0.6832914  0.6821306  0.6966985  0.7229890  0.7199692  0.7108238  0.7125106  0.7139841  0.7185923  0.7152637  0.7174928  0.7094589  0.6993398  0.6888594  0.6823770  0.6903102  0.7038511  0.7314767  0.7248543  0.7069213
 4  0.4553468  0.4227668  0.4179638  0.4103583  0.4170169  0.4451517  0.4538149  0.4350644  0.4449660  0.5098438  0.5223976  0.4809681  0.4375169  0.4343273  0.4572889  0.4769431  0.4966849  0.4979346  0.4599720  0.4202044  0.4249469  0.4499502  0.4702296  0.5273252  0.5409862  0.5026901  0.4437100
 1  0.7306463  0.6839757  0.6488456  0.6362212  0.6385046  0.6469917  0.6635699  0.6764198  0.6993203  0.6921059  0.6804946  0.6777547  0.6982868  0.7053079  0.6961730  0.6903224  0.6857715  0.6880332  0.6876617  0.6812792  0.6810007  0.6927289  0.6910031  0.6991795  0.7067248  0.6863673  0.6717034
 2  0.5746519  0.5252001  0.5067400  0.5072543  0.5087160  0.5199029  0.5403766  0.5774726  0.5979274  0.5906359  0.5578896  0.5378283  0.5642149  0.5784051  0.5674774  0.5349067  0.4981031  0.4922623  0.5311074  0.5555767  0.5698242  0.5755745  0.5714890  0.5894814  0.5987058  0.5825402  0.5534441
 3  0.7534515  0.7097975  0.6733698  0.6574666  0.6574843  0.6635876  0.6804909  0.6933270  0.7210232  0.7148565  0.7005722  0.6937763  0.7146680  0.7252032  0.7158461  0.7075537  0.7008530  0.7019670  0.7031465  0.7010122  0.7002605  0.7119419  0.7104302  0.7164201  0.7292101  0.7094456  0.6911158
 4  0.4558021  0.4237556  0.4202516  0.4227309  0.4172962  0.4417987  0.4716609  0.5189528  0.5335468  0.4966630  0.4273255  0.4427596  0.5013661  0.5009206  0.4514261  0.3889360  0.3627498  0.4024163  0.4708679  0.4852329  0.4894234  0.4930742  0.4816468  0.5220756  0.5327651  0.4847831  0.4494997
 1  0.7306384  0.6854714  0.6557253  0.6448230  0.6472409  0.6535944  0.6606238  0.6825641  0.7032200  0.6991434  0.6921464  0.6963580  0.6971709  0.6998931  0.6956259  0.6939570  0.6835313  0.6893944  0.6879116  0.6844176  0.6867740  0.6938329  0.6949118  0.6902084  0.6799836  0.6831137  0.6910218
 2  0.5714296  0.5260166  0.5092642  0.5037788  0.4959432  0.4855273  0.4998093  0.5638990  0.5946488  0.5922172  0.5709396  0.5554053  0.5490283  0.5455248  0.5432038  0.5394354  0.5527786  0.5782513  0.5802636  0.5636306  0.5478761  0.5510233  0.5494115  0.5386898  0.5278437  0.5562286  0.5769134
 3  0.7535934  0.7116730  0.6801251  0.6657626  0.6656471  0.6696255  0.6746704  0.6978215  0.7243294  0.7209278  0.7109538  0.7139382  0.7144058  0.7168976  0.7127269  0.7109726  0.7000719  0.7095971  0.7099609  0.7036809  0.7035342  0.7110816  0.7129343  0.7077049  0.6961294  0.6996612  0.7115553
 4  0.4547070  0.4248329  0.4150330  0.4061967  0.3838467  0.3704452  0.4279335  0.5144492  0.5298434  0.4938360  0.4605988  0.4550095  0.4536367  0.4478903  0.4441138  0.4409106  0.4867439  0.5174593  0.4897539  0.4469195  0.4509132  0.4679564  0.4543454  0.4235738  0.4368908  0.4972378  0.5080660
 1  0.7298247  0.6827102  0.6546634  0.6569970  0.6883860  0.6889754  0.6845801  0.6864080  0.6930182  0.7019982  0.6932882  0.6857205  0.6951046  0.6937761  0.6918947  0.6895746  0.6882582  0.6869335  0.6936890  0.6919130  0.6956512  0.7071201  0.7109508  0.7134788  0.7158204  0.7144354  0.7085291
 2  0.5696666  0.5235318  0.5103312  0.5504995  0.5801457  0.5802094  0.5518003  0.5220292  0.5193263  0.5321576  0.5323254  0.5322417  0.5583476  0.5720572  0.5690569  0.5582023  0.5444522  0.5432062  0.5541570  0.5528637  0.5578041  0.5689828  0.5737051  0.5721888  0.5714550  0.5713471  0.5604930
 3  0.7525837  0.7089407  0.6791434  0.6750160  0.7090951  0.7101777  0.7027300  0.7023926  0.7077364  0.7179298  0.7108659  0.7014186  0.7121326  0.7136489  0.7116163  0.7079666  0.7057200  0.7038429  0.7113645  0.7103670  0.7123379  0.7246601  0.7294481  0.7305824  0.7332701  0.7323811  0.7265816
 4  0.4530319  0.4241191  0.4190165  0.4919249  0.5152207  0.4788020  0.4204660  0.3960384  0.4286218  0.4489228  0.4208802  0.4431410  0.4923665  0.4956504  0.4734400  0.4536214  0.4442531  0.4594470  0.4719115  0.4541452  0.4677227  0.4889746  0.4776455  0.4722437  0.4794578  0.4774864  0.4570322
 1  0.7291441  0.6867744  0.6581683  0.6452628  0.6286847  0.6305740  0.6657069  0.6880163  0.6773727  0.6801741  0.6698260  0.6620193  0.6725936  0.6876032  0.6848072  0.6821559  0.6850082  0.6836399  0.6875307  0.6865015  0.6946664  0.6945612  0.6960068  0.6921913  0.6873609  0.6783012  0.6664899
 2  0.5731839  0.5275537  0.5087037  0.4960401  0.4706253  0.4878589  0.5651417  0.5909855  0.5862690  0.5742886  0.5499801  0.5215005  0.5275461  0.5492360  0.5513047  0.5537885  0.5618416  0.5686400  0.5685038  0.5652532  0.5636222  0.5637949  0.5637173  0.5625912  0.5553035  0.5420146  0.5247896
 3  0.7522081  0.7123594  0.6820354  0.6662775  0.6471597  0.6448207  0.6803114  0.7106967  0.6995910  0.7008719  0.6902196  0.6797737  0.6882101  0.7047213  0.7034996  0.6999068  0.7033324  0.7032368  0.7074783  0.7049700  0.7129759  0.7127141  0.7143643  0.7109969  0.7062065  0.6969032  0.6846302
 4  0.4562852  0.4226940  0.4124707  0.3887290  0.3566753  0.4246902  0.5207388  0.5285641  0.5032841  0.4857179  0.4434466  0.4114372  0.4486970  0.4749069  0.4626773  0.4678086  0.4877668  0.4935282  0.4789341  0.4740079  0.4750162  0.4761640  0.4785178  0.4747477  0.4628773  0.4450687  0.4269626
