FL 2019 2020 2021 2022 2023 2024 2025 2026 2027 2028 2029 2030 2031 2032 2033 2034 2035 2036 2037 2038 2039 2040 2041 2042 2043 2044 2045
 1  0.1254765  0.1016565  0.0914728  0.0900407  0.0818150  0.0943594  0.0767164  0.1471585  0.1774891  0.1997793  0.2614401  0.1434723  0.1454647  0.1733069  0.2063206  0.2710856  0.2824568  0.1693139  0.1920692  0.0571281  0.0392501  0.0567444  0.0493793  0.1275211  0.1094689  0.1996703  0.2318137
 2  0.0238751  0.0186097  0.0171069  0.0178650  0.0118880  0.0148630  0.0140137  0.0308694  0.0422289  0.0508641  0.0638651  0.0296269  0.0293794  0.0367636  0.0436068  0.0521674  0.0529545  0.0335790  0.0365850  0.0092363  0.0063489  0.0097813  0.0095030  0.0233579  0.0205293  0.0401182  0.0499656
 3  0.1162273  0.0809928  0.0677334  0.0915400  0.0617342  0.0908413  0.0837033  0.0859505  0.0665262  0.0727429  0.0615739  0.0737577  0.0829780  0.0807730  0.0661183  0.0726814  0.0761910  0.0894582  0.0695272  0.0728954  0.0811852  0.0956201  0.0827571  0.0837924  0.0826625  0.0793540  0.0767669
 4  0.0444602  0.0437079  0.0333862  0.0616954  0.0447365  0.0382398  0.0291136  0.0323700  0.0267639  0.0382979  0.0352516  0.0397202  0.0332890  0.0366240  0.0352128  0.0369712  0.0394208  0.0377471  0.0460247  0.0468058  0.0359569  0.0415585  0.0368552  0.0426327  0.0358682  0.0338883  0.0315417
 1  0.1220670  0.0981552  0.0873887  0.1392419  0.1469351  0.1409860  0.1281770  0.1277518  0.1289657  0.1187192  0.1143713  0.0656031  0.0628922  0.0674931  0.0659006  0.0596731  0.0587530  0.0655491  0.0572048  0.2670974  0.3712946  0.3262691  0.3909050  0.1988655  0.2238705  0.0948343  0.0784809
 2  0.0232303  0.0180890  0.0165330  0.0276128  0.0304760  0.0269728  0.0238307  0.0247560  0.0243135  0.0226390  0.0232938  0.0134897  0.0134999  0.0146058  0.0141926  0.0133341  0.0107066  0.0118504  0.0112644  0.0576767  0.0826959  0.0656903  0.0762343  0.0385100  0.0427290  0.0167608  0.0138925
 3  0.1130934  0.0649345  0.0781314  0.0686891  0.0695532  0.0707730  0.0805235  0.0813338  0.0712500  0.0702556  0.0728946  0.0638276  0.0698958  0.0607685  0.0682071  0.0714616  0.0720079  0.0747755  0.0743608  0.1117462  0.1112355  0.0682392  0.0728662  0.0752333  0.0848255  0.0672631  0.0744024
 4  0.0433681  0.0352658  0.0331271  0.0314517  0.0360501  0.0345121  0.0372036  0.0348347  0.0359292  0.0314162  0.0285112  0.0342460  0.0324609  0.0349919  0.0325792  0.0424253  0.0449538  0.0361139  0.0317572  0.0295507  0.0336229  0.0349604  0.0311059  0.0321512  0.0338673  0.0333208  0.0354898
 1  0.1187765  0.1402300  0.1311000  0.1285069  0.1146689  0.2496801  0.3094976  0.1885388  0.1812128  0.1296977  0.1345295  0.1772631  0.1770588  0.0777889  0.0743102  0.1586621  0.1633176  0.1623673  0.1625208  0.1355825  0.1380547  0.2403680  0.2962353  0.1469282  0.1056066  0.1070548  0.0996920
 2  0.0226444  0.0259647  0.0245775  0.0231043  0.0211782  0.0498998  0.0619522  0.0348392  0.0333926  0.0250190  0.0276069  0.0354331  0.0326626  0.0148532  0.0139477  0.0312535  0.0316602  0.0315728  0.0311019  0.0263467  0.0287916  0.0524579  0.0613140  0.0239997  0.0163856  0.0183423  0.0194960
 3  0.1100329  0.0776039  0.0751706  0.0759433  0.0765367  0.0804981  0.0701391  0.0780775  0.0781640  0.0754030  0.0773048  0.0868353  0.0738948  0.0858922  0.0682184  0.0730680  0.0698014  0.0703644  0.0755896  0.0747351  0.0774623  0.0667895  0.0822757  0.0716369  0.0833821  0.0896610  0.0742489
 4  0.0423910  0.0354975  0.0386163  0.0373260  0.0314412  0.0336777  0.0346716  0.0351859  0.0307584  0.0306546  0.0341967  0.0412103  0.0360822  0.0360922  0.0334895  0.0348253  0.0338026  0.0354094  0.0336215  0.0336200  0.0325566  0.0322152  0.0449616  0.0420244  0.0391374  0.0331907  0.0267332
 1  0.1193897  0.0451615  0.0385048  0.1372813  0.1436162  0.1279986  0.1377726  0.0694751  0.0629464  0.0435514  0.0348836  0.0547384  0.0493814  0.0576337  0.0602792  0.0839452  0.0926700  0.1502367  0.1722109  0.1384899  0.1391050  0.1641503  0.1643027  0.1815469  0.2212063  0.1676252  0.1867087
 2  0.0226910  0.0082681  0.0073229  0.0273148  0.0292615  0.0270688  0.0285120  0.0140227  0.0109987  0.0074380  0.0066418  0.0106269  0.0102443  0.0129359  0.0142952  0.0205362  0.0215357  0.0346156  0.0376966  0.0291852  0.0255455  0.0301997  0.0327072  0.0393344  0.0504413  0.0370964  0.0402999
 3  0.1105887  0.0741599  0.0762820  0.0764385  0.0763463  0.0644672  0.0614704  0.0708585  0.0742210  0.0721874  0.0838134  0.0733080  0.0760912  0.0673136  0.0746382  0.0616317  0.0632939  0.0654769  0.0735615  0.0675847  0.0759000  0.0847275  0.0781132  0.0715409  0.0680504  0.0749667  0.0696068
 4  0.0420011  0.0367751  0.0343915  0.0344524  0.0327230  0.0304479  0.0332849  0.0435024  0.0427110  0.0325541  0.0353291  0.0365385  0.0329681  0.0300967  0.0343996  0.0344486  0.0316839  0.0323228  0.0355929  0.0387973  0.0403086  0.0364886  0.0301286  0.0285016  0.0325181  0.0329930  0.0336478
 1  0.1189860  0.0867447  0.0773301  0.0994694  0.0929835  0.1569557  0.1538367  0.2995883  0.3489658  0.3795387  0.4952235  0.2142880  0.2017552  0.0778359  0.0590813  0.1780787  0.1972201  0.2301332  0.2790969  0.1042494  0.0881156  0.2038432  0.2441903  0.3334190  0.4911179  0.1419183  0.1055208
 2  0.0231473  0.0161684  0.0146990  0.0192108  0.0165900  0.0289285  0.0281265  0.0572683  0.0633234  0.0686927  0.0950819  0.0393299  0.0277553  0.0117482  0.0098529  0.0335746  0.0412041  0.0519242  0.0496197  0.0172709  0.0163016  0.0413848  0.0525958  0.0743093  0.1041380  0.0219795  0.0149732
 3  0.1099257  0.0754453  0.0881473  0.0768767  0.0779041  0.0861339  0.0771269  0.0646056  0.0720229  0.1077186  0.1240766  0.0831587  0.0746535  0.0861765  0.0882612  0.0923142  0.0899320  0.0836551  0.0908527  0.0759341  0.0798180  0.0880491  0.0867244  0.0899763  0.1331725  0.2333053  0.0854665
 4  0.0434759  0.0349261  0.0355496  0.0397931  0.0370327  0.0365226  0.0347733  0.0335010  0.0362693  0.0289923  0.0294176  0.0471581  0.0426617  0.0360877  0.0347022  0.0284549  0.0287573  0.0390586  0.0386665  0.0331114  0.0289362  0.0300002  0.0279964  0.0290572  0.0374719  0.0361898  0.0384831
 1  0.1162521  0.1609616  0.1542742  0.1953377  0.2012923  0.2043151  0.2345610  0.1547085  0.1223071  0.1187196  0.1128634  0.0744735  0.0796417  0.1248537  0.1281967  0.1614041  0.1821199  0.1354592  0.1479786  0.0779029  0.0732407  0.1116541  0.0877347  0.1912225  0.2193543  0.0741302  0.0618732
 2  0.0225599  0.0301525  0.0289309  0.0367537  0.0381073  0.0405857  0.0466905  0.0266202  0.0195758  0.0206841  0.0222991  0.0163932  0.0179452  0.0274627  0.0266689  0.0337671  0.0402858  0.0305794  0.0316515  0.0161177  0.0137948  0.0187818  0.0158213  0.0385134  0.0441487  0.0135649  0.0117404
 3  0.1074261  0.0759398  0.0803380  0.0731733  0.0788593  0.0694979  0.0848927  0.0750248  0.0791074  0.0864848  0.0758652  0.0751702  0.0692251  0.0654641  0.0699172  0.0678382  0.0639672  0.0642259  0.0683228  0.0573070  0.0713931  0.0743505  0.0818323  0.0722729  0.0743647  0.0809344  0.0706501
 4  0.0426515  0.0374373  0.0372245  0.0335596  0.0315783  0.0320538  0.0380080  0.0398975  0.0364871  0.0307635  0.0280576  0.0315446  0.0363672  0.0340752  0.0338748  0.0281867  0.0273791  0.0326675  0.0338362  0.0342795  0.0445817  0.0376957  0.0309240  0.0313472  0.0389741  0.0375625  0.0297565
 1  0.1297236  0.1629250  0.1495840  0.0797151  0.0706133  0.0808901  0.0882081  0.0942534  0.1064768  0.1106572  0.1302334  0.1027062  0.0787062  0.0542920  0.0479581  0.1923471  0.2267202  0.1529852  0.1606427  0.0620291  0.0444405  0.0645316  0.0562811  0.1203815  0.1317328  0.1081271  0.1291324
 2  0.0243926  0.0292131  0.0272081  0.0143198  0.0135068  0.0170479  0.0201536  0.0225331  0.0256539  0.0267757  0.0301945  0.0188507  0.0132007  0.0095998  0.0094544  0.0413165  0.0510835  0.0355916  0.0256567  0.0094603  0.0074149  0.0115182  0.0107767  0.0256825  0.0306684  0.0266602  0.0333857
 3  0.1204050  0.0722589  0.0765453  0.0766076  0.0774684  0.0747343  0.0695184  0.0689272  0.0685115  0.0779501  0.0714042  0.0719406  0.0749264  0.0789416  0.0741208  0.0748916  0.0667212  0.0650989  0.0756214  0.0869370  0.0934347  0.0741559  0.0713581  0.0650680  0.0665273  0.0689274  0.0645130
 4  0.0445032  0.0359217  0.0368695  0.0354466  0.0333539  0.0287115  0.0291183  0.0316569  0.0323395  0.0374656  0.0410935  0.0450223  0.0367089  0.0341975  0.0301712  0.0322622  0.0273808  0.0475164  0.0469754  0.0403029  0.0377121  0.0360363  0.0329716  0.0286235  0.0284752  0.0304770  0.0286499
 1  0.1244105  0.0278125  0.0235717  0.0298490  0.0294969  0.0893493  0.0935552  0.2189454  0.2047608  0.1191151  0.1041772  0.2156592  0.2602686  0.1856643  0.2207887  0.1263263  0.1116833  0.1534041  0.1233344  0.3029293  0.3776230  0.3114707  0.4390492  0.1284323  0.1097514  0.0781876  0.0556360
 2  0.0246932  0.0052100  0.0045191  0.0061186  0.0065500  0.0209313  0.0185428  0.0401699  0.0344588  0.0202189  0.0191908  0.0438819  0.0575082  0.0420316  0.0503053  0.0270601  0.0154790  0.0230775  0.0216781  0.0574369  0.0734482  0.0621245  0.0882222  0.0222439  0.0186042  0.0124932  0.0084707
 3  0.1146225  0.0737875  0.0752233  0.0694102  0.0625850  0.0585555  0.0646642  0.0698297  0.0815872  0.0783062  0.0762846  0.0778022  0.0680783  0.0561239  0.0600792  0.0658174  0.0652420  0.0949847  0.0862727  0.1156126  0.1126002  0.1290248  0.1144170  0.0772141  0.0782120  0.0757681  0.0824048
 4  0.0469218  0.0377895  0.0349780  0.0283229  0.0283464  0.0369742  0.0419695  0.0354773  0.0381099  0.0353460  0.0343449  0.0307079  0.0292888  0.0285084  0.0319804  0.0535433  0.0446914  0.0397559  0.0332414  0.0344946  0.0317981  0.0282137  0.0342368  0.0377331  0.0426651  0.0457744  0.0404203
 1  0.1237088  0.1514107  0.1411941  0.2370115  0.2745967  0.2079920  0.2063713  0.0492571  0.0332447  0.0818205  0.0678459  0.1292127  0.1450765  0.1345690  0.1592243  0.1132830  0.1383011  0.0822463  0.0755442  0.0710167  0.0682384  0.0672818  0.0635495  0.0752167  0.0387842  0.0630736  0.0577211
 2  0.0237626  0.0277731  0.0261108  0.0460985  0.0530308  0.0382373  0.0373809  0.0078327  0.0050968  0.0135074  0.0126767  0.0272844  0.0332104  0.0322266  0.0398223  0.0287924  0.0350112  0.0178382  0.0156004  0.0144871  0.0131850  0.0132678  0.0134165  0.0104056  0.0056897  0.0108923  0.0116434
 3  0.1145732  0.0745469  0.0660551  0.0786681  0.0760045  0.0731858  0.0738044  0.0700418  0.0823890  0.0765754  0.0744111  0.0706818  0.0764106  0.0715471  0.0635238  0.0697107  0.0551209  0.0596218  0.0759624  0.0797333  0.0714228  0.0710432  0.0686017  0.0774155  0.0856683  0.0767360  0.0731972
 4  0.0440699  0.0389995  0.0334292  0.0318647  0.0359412  0.0340716  0.0421856  0.0472051  0.0426274  0.0352010  0.0312229  0.0319491  0.0317601  0.0308889  0.0280053  0.0303443  0.0362847  0.0357561  0.0356331  0.0383399  0.0363969  0.0313193  0.0575599  0.0511358  0.0407107  0.0296893  0.0305851
 1  0.1300004  0.1695394  0.1617767  0.1131571  0.0876607  0.0809386  0.0878234  0.1083691  0.1195523  0.1124334  0.1144350  0.1010363  0.1027910  0.1122106  0.0953539  0.1009112  0.0805470  0.1434009  0.1528157  0.1525484  0.1923813  0.2991427  0.3977809  0.1509930  0.1369999  0.1007021  0.0889672
 2  0.0246276  0.0307237  0.0292687  0.0183462  0.0153532  0.0161088  0.0197558  0.0255527  0.0281735  0.0248226  0.0230042  0.0204565  0.0221020  0.0217557  0.0170951  0.0170858  0.0140763  0.0275721  0.0326972  0.0365073  0.0483985  0.0709837  0.0835486  0.0281082  0.0221490  0.0171146  0.0169794
 3  0.1205402  0.1085903  0.1158878  0.0776158  0.0818863  0.0861589  0.0705181  0.0712027  0.0637086  0.0671278  0.0679925  0.0688391  0.0687378  0.0736100  0.0716057  0.0796899  0.0835002  0.0823766  0.0676780  0.0700933  0.0650922  0.0684937  0.0770220  0.0635672  0.0679433  0.0842800  0.0711013
 4  0.0455741  0.0374660  0.0399200  0.0381681  0.0320997  0.0271831  0.0296761  0.0319382  0.0311142  0.0355557  0.0329075  0.0275588  0.0365963  0.0416966  0.0395871  0.0424345  0.0385369  0.0318359  0.0279273  0.0301365  0.0296306  0.0352573  0.0339129  0.0397394  0.0367353  0.0303609  0.0359007
 1  0.1180277  0.0648099  0.0565604  0.0745522  0.0721090  0.1085290  0.1105691  0.1242494  0.1315137  0.1313504  0.1416080  0.1301295  0.0995160  0.1635405  0.1559472  0.1400523  0.1423107  0.1593926  0.1650417  0.1011076  0.1085175  0.1722481  0.1966002  0.1432417  0.1553650  0.2075506  0.2353337
 2  0.0228373  0.0120688  0.0108521  0.0148258  0.0145200  0.0225874  0.0217943  0.0250019  0.0286323  0.0290676  0.0313117  0.0232479  0.0167798  0.0289354  0.0283436  0.0268891  0.0295900  0.0330263  0.0344322  0.0215924  0.0241957  0.0387758  0.0414059  0.0296782  0.0327901  0.0441516  0.0466434
 3  0.1090697  0.0678771  0.0739695  0.0685556  0.0682226  0.0697193  0.0694301  0.0788531  0.0661734  0.0660862  0.0677570  0.0684609  0.0791410  0.0780205  0.0734695  0.0751960  0.0761995  0.0644797  0.0728212  0.0782303  0.0707895  0.0697181  0.0691079  0.0757344  0.0680137  0.0683974  0.0658403
 4  0.0428520  0.0346753  0.0339862  0.0324958  0.0308617  0.0338832  0.0330785  0.0310031  0.0297561  0.0310567  0.0370823  0.0420481  0.0364035  0.0365784  0.0357948  0.0311830  0.0336149  0.0340372  0.0334080  0.0331735  0.0307327  0.0348950  0.0349988  0.0333293  0.0300244  0.0329244  0.0564235
 1  0.1305073  0.1152266  0.1017397  0.1414017  0.1351644  0.1696586  0.1947025  0.2084656  0.2534011  0.1656687  0.1553420  0.0818354  0.0572069  0.1033357  0.0961010  0.1717636  0.2053019  0.2184903  0.2447657  0.1249882  0.1056358  0.1159876  0.1127147  0.1730564  0.1337391  0.1710242  0.1689603
 2  0.0247657  0.0208515  0.0188048  0.0261101  0.0258377  0.0346042  0.0419324  0.0464371  0.0510381  0.0317896  0.0240633  0.0125110  0.0087292  0.0179561  0.0188384  0.0374601  0.0492254  0.0491488  0.0512146  0.0225141  0.0186736  0.0216934  0.0218637  0.0288478  0.0231085  0.0308625  0.0320959
 3  0.1209417  0.0639617  0.0724899  0.0797127  0.0833398  0.0747290  0.0742727  0.0731204  0.0624944  0.0747793  0.0656896  0.0812580  0.0798111  0.0821514  0.0750582  0.0705527  0.0710837  0.0644522  0.0635759  0.0744807  0.0756580  0.0802051  0.0721964  0.0767206  0.0849737  0.0867934  0.0691387
 4  0.0457994  0.0357366  0.0379927  0.0356314  0.0328782  0.0291634  0.0298343  0.0348691  0.0350948  0.0404672  0.0407581  0.0421408  0.0381370  0.0357135  0.0324237  0.0305849  0.0339908  0.0355407  0.0356420  0.0385245  0.0366580  0.0334633  0.0453027  0.0412678  0.0359615  0.0388037  0.0342279
 1  0.1355563  0.1296076  0.1165559  0.0772919  0.0745881  0.0691631  0.0604896  0.0461410  0.0486066  0.1200734  0.1509800  0.1879031  0.2148862  0.2007678  0.2210074  0.1129151  0.1081628  0.1749267  0.1236119  0.0837702  0.0798820  0.1174039  0.1267066  0.2467612  0.2835406  0.1837739  0.1129562
 2  0.0258173  0.0236284  0.0214635  0.0152981  0.0134468  0.0124783  0.0117032  0.0098721  0.0116818  0.0323283  0.0400980  0.0439980  0.0441185  0.0397832  0.0436613  0.0216964  0.0220306  0.0283986  0.0196975  0.0150100  0.0159910  0.0255109  0.0288595  0.0546537  0.0525616  0.0250393  0.0175556
 3  0.1255444  0.0705729  0.0725367  0.0669656  0.0684108  0.0723482  0.0801281  0.0652344  0.0678962  0.0689649  0.0633905  0.0721827  0.0749228  0.0713595  0.0798863  0.0756347  0.0771690  0.0742145  0.0883079  0.0742216  0.0763989  0.0687983  0.0738040  0.0739801  0.0685361  0.0908395  0.0824757
 4  0.0485933  0.0334192  0.0335453  0.0338547  0.0377669  0.0335051  0.0319115  0.0263908  0.0334615  0.0299248  0.0335626  0.0384535  0.0335122  0.0318547  0.0350444  0.0325909  0.0413106  0.0384533  0.0386055  0.0309944  0.0299554  0.0288777  0.0335870  0.0379401  0.0501802  0.0458955  0.0366603
 1  0.1307984  0.1637958  0.1544059  0.2705205  0.3166757  0.2817425  0.2356746  0.2986500  0.3152673  0.2274900  0.2166519  0.1998477  0.1693085  0.2028680  0.2296650  0.1588802  0.1492578  0.0677507  0.0581371  0.0855237  0.0725881  0.1799267  0.2269975  0.1842372  0.2303696  0.1363624  0.1439667
 2  0.0245606  0.0294990  0.0278729  0.0506060  0.0593940  0.0454888  0.0368846  0.0495956  0.0569474  0.0408731  0.0350186  0.0318072  0.0289118  0.0381046  0.0469986  0.0315315  0.0257858  0.0121923  0.0095677  0.0146033  0.0140003  0.0395205  0.0558690  0.0468434  0.0548361  0.0287872  0.0301762
 3  0.1213701  0.1091235  0.1130800  0.0976862  0.0929986  0.0717627  0.0832528  0.0847450  0.0760541  0.0737150  0.0758302  0.0833700  0.0815533  0.0937368  0.0898371  0.0685736  0.0709169  0.0764543  0.0718652  0.0752081  0.0819963  0.0739043  0.0678546  0.0635448  0.0666983  0.0738230  0.0650439
 4  0.0453260  0.0346122  0.0321449  0.0301246  0.0376257  0.0377343  0.0388071  0.0349827  0.0332917  0.0392039  0.0426926  0.0386445  0.0348838  0.0309949  0.0326504  0.0415460  0.0353475  0.0402434  0.0400003  0.0349888  0.0321631  0.0277955  0.0279230  0.0307725  0.0337577  0.0327815  0.0281680
 1  0.1425452  0.1646896  0.1532970  0.1415317  0.1209634  0.0896017  0.0858374  0.0917737  0.1094599  0.1553505  0.1981079  0.0435357  0.0240111  0.0965973  0.1001484  0.0898648  0.1051410  0.1608196  0.1932353  0.1790046  0.1689659  0.0984291  0.0975383  0.0576803  0.0549108  0.0874185  0.0746121
 2  0.0270896  0.0297057  0.0275095  0.0246147  0.0202085  0.0162433  0.0174616  0.0211648  0.0284786  0.0419414  0.0409818  0.0060008  0.0037505  0.0178631  0.0213513  0.0221540  0.0280398  0.0419037  0.0432213  0.0342128  0.0310926  0.0189131  0.0200956  0.0121461  0.0113202  0.0166259  0.0137654
 3  0.1320490  0.0996313  0.1069906  0.0655829  0.0744779  0.0730700  0.0711769  0.0757819  0.0896168  0.1160162  0.0602944  0.0630401  0.0918447  0.0838453  0.0698051  0.0659283  0.0757089  0.0587775  0.0717621  0.0719372  0.0747833  0.0723245  0.0608013  0.0740271  0.0733487  0.0719116  0.0786208
 4  0.0507192  0.0344297  0.0360699  0.0368786  0.0354290  0.0296012  0.0276224  0.0371257  0.0520738  0.0640601  0.0527606  0.0370718  0.0369598  0.0291549  0.0268208  0.0277575  0.0326375  0.0339394  0.0391465  0.0366226  0.0351797  0.0312308  0.0310688  0.0348039  0.0395406  0.0369124  0.0354905
 1  0.1323154  0.1361319  0.1263766  0.0810305  0.0795708  0.1833831  0.1802103  0.2295581  0.2269108  0.2070972  0.1864089  0.1519363  0.1513204  0.1660851  0.1797118  0.1266220  0.1036497  0.0745595  0.0573490  0.1023349  0.1154158  0.2031463  0.2787475  0.2395039  0.2514459  0.1644498  0.1440750
 2  0.0251284  0.0246228  0.0229271  0.0155279  0.0154305  0.0348873  0.0334936  0.0413934  0.0416787  0.0362062  0.0310659  0.0271736  0.0296096  0.0338071  0.0369911  0.0244881  0.0146785  0.0114166  0.0102581  0.0213663  0.0283162  0.0562801  0.0730985  0.0504816  0.0434316  0.0279397  0.0233679
 3  0.1226001  0.1164370  0.1258865  0.0744423  0.0717923  0.0707337  0.0749907  0.0695929  0.0867457  0.0829302  0.0853301  0.0793884  0.0806038  0.0875256  0.0878778  0.0719753  0.0825897  0.0846370  0.0777242  0.0685364  0.0731851  0.0564771  0.0578707  0.0704975  0.0787121  0.0771093  0.0784874
 4  0.0466048  0.0390179  0.0333281  0.0335675  0.0359989  0.0372493  0.0370003  0.0340530  0.0360725  0.0411764  0.0378476  0.0339189  0.0334471  0.0325462  0.0365782  0.0514186  0.0490474  0.0368048  0.0311895  0.0277301  0.0289333  0.0326914  0.0363775  0.0406948  0.0414040  0.0369251  0.0416423
 1  0.1289129  0.1675016  0.1570355  0.0990819  0.0906731  0.1344505  0.1310659  0.0904885  0.0963530  0.0723603  0.0681662  0.0730741  0.0723268  0.0758937  0.0511164  0.1214950  0.1390740  0.2047333  0.2275118  0.2037558  0.2205613  0.2970915  0.3990966  0.1875038  0.2043019  0.1034285  0.0826881
 2  0.0243850  0.0304557  0.0287616  0.0182463  0.0165012  0.0250740  0.0261250  0.0192608  0.0206962  0.0149423  0.0140137  0.0152633  0.0148083  0.0122552  0.0087330  0.0239310  0.0313088  0.0466033  0.0452925  0.0390224  0.0441306  0.0624515  0.0846803  0.0390613  0.0350197  0.0166916  0.0147756
 3  0.1195341  0.0760147  0.0667381  0.0820446  0.0807804  0.0698508  0.0675607  0.0780961  0.0658097  0.0768253  0.0761404  0.0733964  0.0690689  0.0766232  0.0842742  0.1086613  0.1051767  0.0705427  0.0621005  0.0826015  0.0798830  0.0727810  0.0686449  0.0703944  0.0777365  0.0731273  0.0817822
 4  0.0452728  0.0361670  0.0346941  0.0358273  0.0358549  0.0323458  0.0282802  0.0365321  0.0337045  0.0357916  0.0349364  0.0325578  0.0500651  0.0446254  0.0334198  0.0267768  0.0330626  0.0435378  0.0348231  0.0339941  0.0293458  0.0289149  0.0314371  0.0373594  0.0408155  0.0341347  0.0306190
 1  0.1102676  0.0810587  0.0733762  0.1121898  0.1022511  0.1050487  0.0975206  0.1676994  0.2013310  0.2014842  0.2465342  0.1353434  0.1255393  0.1832424  0.1680589  0.0966431  0.0843050  0.0932429  0.0948104  0.1170187  0.0900517  0.0716969  0.0683355  0.1075488  0.1274353  0.1061301  0.0941721
 2  0.0212429  0.0151811  0.0141060  0.0208150  0.0195228  0.0199505  0.0187343  0.0350248  0.0458420  0.0482832  0.0484112  0.0244986  0.0238106  0.0331414  0.0307881  0.0175005  0.0155603  0.0186313  0.0198441  0.0207228  0.0157958  0.0134805  0.0141720  0.0251849  0.0335569  0.0234949  0.0184246
 3  0.1019949  0.0813551  0.0775315  0.0838621  0.0783106  0.0708537  0.0775161  0.0917546  0.0890578  0.0621574  0.0765496  0.0676654  0.0726555  0.0716643  0.0781991  0.0803615  0.0746799  0.0703465  0.0666024  0.0734116  0.0767424  0.0718966  0.0726647  0.0682585  0.0644264  0.0570541  0.0651697
 4  0.0398775  0.0394191  0.0383112  0.0404220  0.0367986  0.0359901  0.0318973  0.0292909  0.0271749  0.0356272  0.0378575  0.0319061  0.0344089  0.0380339  0.0366184  0.0376594  0.0331066  0.0318972  0.0409921  0.0443362  0.0382070  0.0322024  0.0292163  0.0270611  0.0364106  0.0433998  0.0340476
 1  0.1249681  0.1281330  0.1198160  0.3390620  0.4856813  0.2559165  0.2377387  0.1590995  0.1395410  0.1112683  0.1013632  0.0808440  0.0751531  0.1307873  0.1352024  0.0834134  0.0745156  0.0940500  0.0961419  0.0599739  0.0568073  0.0881224  0.1022670  0.0703544  0.0649198  0.0733421  0.0625553
 2  0.0235296  0.0232448  0.0219899  0.0663324  0.0991878  0.0424800  0.0363680  0.0256632  0.0241857  0.0207835  0.0175160  0.0147507  0.0152805  0.0276767  0.0275886  0.0160983  0.0147670  0.0194417  0.0204126  0.0124745  0.0122993  0.0207957  0.0251517  0.0156658  0.0134008  0.0138138  0.0115089
 3  0.1159195  0.1226103  0.1172481  0.1191267  0.1168270  0.2233154  0.0867646  0.0729674  0.0814057  0.0594845  0.0728688  0.0852153  0.0745196  0.0721009  0.0626127  0.0726273  0.0628968  0.0674029  0.0710554  0.0782546  0.0700543  0.0680972  0.0650877  0.0644267  0.0733594  0.0785490  0.0728435
 4  0.0433172  0.0378191  0.0324447  0.0272704  0.0300842  0.0350982  0.0349486  0.0311765  0.0322443  0.0328774  0.0396018  0.0321482  0.0314454  0.0333739  0.0322737  0.0333815  0.0284835  0.0328724  0.0330502  0.0342260  0.0287272  0.0272152  0.0337436  0.0338667  0.0395832  0.0368377  0.0349409
 1  0.1235830  0.1063336  0.0969308  0.1561862  0.1362374  0.1291109  0.1320079  0.1791396  0.2298559  0.0678313  0.0447415  0.0771145  0.0757683  0.1230081  0.1220267  0.2234026  0.2540097  0.3697433  0.5106373  0.3597859  0.2945781  0.3381791  0.3827463  0.2138575  0.2228217  0.1108941  0.0980108
 2  0.0244388  0.0200164  0.0183325  0.0280128  0.0230969  0.0236041  0.0271327  0.0416303  0.0538083  0.0112757  0.0074225  0.0142347  0.0157911  0.0265302  0.0245106  0.0451471  0.0515181  0.0751886  0.1014991  0.0548865  0.0459151  0.0564788  0.0686235  0.0394637  0.0394105  0.0200445  0.0157917
 3  0.1139036  0.0781071  0.0719099  0.0756474  0.0785650  0.0914582  0.0622825  0.0685231  0.0695003  0.0670328  0.0916880  0.0745042  0.0758226  0.0647105  0.0715595  0.0689875  0.0757876  0.0739785  0.0768057  0.0744538  0.0949490  0.0890272  0.0768650  0.0711159  0.0763192  0.0743233  0.0725399
 4  0.0466939  0.0382178  0.0362660  0.0380054  0.0366738  0.0325961  0.0259443  0.0278821  0.0478458  0.0409495  0.0375068  0.0297816  0.0320595  0.0399539  0.0369883  0.0347176  0.0334403  0.0303296  0.0383045  0.0401821  0.0343165  0.0317498  0.0316674  0.0306650  0.0338106  0.0397825  0.0381550
 1  0.1114495  0.0997521  0.0941900  0.1003766  0.1021449  0.0508512  0.0511858  0.0810862  0.0739145  0.0489846  0.0405971  0.0860233  0.0832752  0.1168439  0.1295029  0.2056322  0.2695308  0.3011058  0.4370549  0.2398365  0.2028325  0.0601879  0.0500239  0.1294389  0.1330377  0.1199282  0.0971342
 2  0.0220729  0.0191440  0.0180929  0.0199767  0.0205543  0.0107171  0.0104989  0.0162421  0.0132214  0.0086235  0.0077101  0.0170583  0.0174819  0.0258844  0.0300154  0.0489568  0.0657255  0.0734141  0.0853095  0.0396600  0.0294437  0.0097015  0.0091453  0.0260441  0.0271832  0.0219836  0.0166265
 3  0.1026403  0.1119433  0.1035272  0.0809986  0.0705067  0.0770026  0.0715913  0.0772769  0.0728070  0.0754407  0.0792137  0.0806067  0.0758881  0.0785340  0.0725938  0.0788116  0.0879384  0.0762781  0.0587400  0.0754237  0.0757157  0.0864131  0.0841011  0.0686420  0.0637860  0.0696662  0.0804648
 4  0.0426156  0.0342954  0.0328944  0.0312793  0.0309051  0.0368429  0.0368749  0.0414410  0.0405961  0.0364223  0.0336295  0.0341121  0.0343632  0.0361158  0.0323768  0.0291728  0.0258438  0.0381570  0.0390939  0.0381393  0.0390504  0.0331176  0.0347412  0.0326269  0.0354233  0.0389703  0.0373901
 1  0.1170474  0.1108915  0.1023471  0.0902731  0.0873254  0.0721038  0.0677464  0.1822326  0.2286344  0.0457336  0.0412213  0.0814039  0.0739286  0.1476047  0.1697160  0.1854972  0.2231124  0.1479726  0.1455440  0.1522980  0.1443105  0.1142625  0.0923418  0.0681854  0.0680765  0.0642457  0.0676081
 2  0.0222378  0.0203095  0.0190693  0.0173573  0.0165584  0.0138141  0.0139005  0.0406181  0.0489019  0.0092767  0.0074552  0.0149304  0.0143235  0.0315305  0.0391201  0.0435059  0.0514327  0.0303439  0.0279228  0.0286137  0.0256553  0.0192788  0.0164993  0.0133706  0.0150265  0.0151214  0.0161404
 3  0.1084871  0.1106690  0.1179768  0.0824117  0.0819077  0.0727977  0.0786555  0.0994228  0.0760810  0.0788608  0.0740080  0.0775370  0.0738918  0.0693512  0.0740578  0.0688011  0.0652595  0.0727314  0.0777806  0.0735271  0.0668768  0.0743864  0.0845324  0.0729291  0.0764294  0.0669595  0.0633940
 4  0.0409754  0.0369833  0.0344851  0.0353685  0.0369212  0.0317630  0.0289711  0.0320548  0.0326140  0.0413981  0.0388525  0.0374111  0.0324543  0.0284405  0.0330873  0.0312808  0.0329739  0.0368026  0.0344158  0.0385420  0.0358410  0.0351513  0.0336125  0.0284492  0.0309863  0.0317048  0.0351069
 1  0.1287303  0.1083194  0.0976382  0.2262532  0.2052749  0.4687240  0.6807204  0.3870012  0.3385375  0.3539779  0.3533655  0.5411030  0.6654741  0.3836939  0.2760497  0.2388058  0.2036463  0.1129981  0.1162824  0.1008718  0.1087133  0.0552845  0.0539149  0.1462036  0.1537116  0.1640476  0.1904082
 2  0.0248432  0.0199418  0.0182025  0.0394774  0.0356063  0.0877000  0.1047643  0.0534291  0.0544184  0.0574758  0.0559624  0.0867935  0.1034258  0.0529531  0.0326515  0.0343582  0.0347108  0.0215897  0.0240924  0.0221740  0.0243229  0.0119777  0.0111953  0.0302303  0.0325539  0.0365214  0.0402589
 3  0.1190409  0.0812768  0.0772328  0.0750290  0.0808656  0.0782927  0.0774810  0.0903832  0.0793680  0.0840621  0.1041058  0.0783563  0.0791289  0.0956054  0.1072020  0.0938632  0.0810242  0.0752126  0.0603093  0.0790327  0.0637999  0.0651819  0.0733130  0.0668326  0.0763975  0.0647087  0.0715310
 4  0.0466638  0.0380416  0.0387931  0.0355549  0.0327954  0.0391810  0.0406771  0.0348308  0.0325373  0.0349376  0.0369754  0.0370278  0.0351338  0.0521645  0.0483132  0.0331601  0.0313768  0.0308375  0.0303318  0.0360877  0.0322026  0.0341009  0.0338759  0.0327453  0.0287382  0.0304522  0.0375688
 1  0.1219628  0.1219804  0.1135339  0.1067012  0.1117533  0.0963148  0.0905457  0.0825045  0.0783464  0.0995179  0.1038789  0.1583378  0.1843520  0.1238505  0.1164523  0.0714917  0.0536812  0.0829015  0.0492569  0.1492608  0.1559608  0.1920408  0.2679383  0.1597702  0.2127150  0.1304273  0.1267070
 2  0.0230466  0.0222855  0.0209992  0.0207385  0.0237761  0.0197544  0.0176520  0.0160332  0.0157070  0.0207561  0.0230098  0.0372088  0.0390259  0.0251768  0.0187929  0.0116095  0.0085253  0.0114981  0.0075062  0.0269724  0.0332111  0.0481070  0.0756036  0.0460757  0.0520840  0.0265991  0.0234527
 3  0.1131144  0.1128972  0.1244411  0.0855623  0.0789629  0.0661219  0.0762769  0.0673291  0.0758116  0.0754749  0.0713765  0.0604051  0.0654148  0.0726732  0.0749470  0.0773489  0.0839729  0.0852188  0.0726437  0.0682841  0.0689344  0.0611843  0.0569317  0.0603271  0.0614984  0.0693449  0.0782568
 4  0.0426943  0.0360014  0.0340587  0.0317221  0.0340996  0.0354703  0.0344856  0.0326704  0.0361013  0.0323593  0.0285228  0.0348191  0.0366278  0.0439393  0.0417848  0.0398948  0.0535683  0.0524710  0.0351639  0.0297376  0.0271485  0.0253548  0.0283130  0.0339780  0.0377672  0.0403344  0.0388686
 1  0.1113715  0.0991147  0.0927966  0.1140167  0.1042049  0.1457437  0.1506813  0.2461191  0.3223532  0.1156762  0.1113264  0.0600969  0.0446775  0.0899287  0.0891397  0.1410437  0.1300614  0.1347560  0.1383953  0.1558510  0.1730415  0.1769848  0.1140028  0.1225714  0.1341491  0.1070891  0.1261340
 2  0.0213932  0.0185077  0.0175503  0.0211015  0.0197514  0.0284332  0.0307094  0.0534142  0.0721457  0.0237410  0.0203574  0.0099008  0.0077044  0.0170490  0.0190449  0.0288215  0.0245131  0.0261475  0.0283023  0.0330553  0.0387464  0.0275660  0.0180975  0.0227988  0.0289643  0.0258231  0.0319998
 3  0.1030635  0.1196253  0.1026951  0.0685306  0.0710818  0.0761751  0.0747650  0.0693288  0.0723294  0.0842864  0.0726753  0.0731845  0.0797873  0.0793063  0.0756481  0.0671857  0.0628670  0.0795513  0.0648297  0.0724768  0.0680272  0.0767136  0.0800520  0.0915965  0.0883252  0.0840796  0.0826380
 4  0.0401234  0.0377474  0.0348927  0.0360090  0.0327501  0.0332429  0.0305140  0.0307045  0.0327601  0.0423137  0.0405146  0.0392496  0.0363226  0.0307446  0.0351796  0.0428231  0.0322165  0.0309739  0.0324074  0.0317537  0.0500160  0.0457473  0.0320372  0.0255298  0.0265240  0.0304603  0.0297538
 1  0.1145158  0.0692925  0.0616923  0.0816838  0.0813513  0.1882807  0.2425966  0.1039594  0.0906581  0.0878371  0.0736498  0.0613858  0.0459270  0.0855769  0.0850672  0.0559761  0.0577369  0.0707264  0.0788258  0.0915791  0.1009345  0.0978741  0.0953355  0.0959051  0.1075736  0.0428492  0.0416818
 2  0.0226344  0.0130720  0.0118600  0.0161967  0.0172354  0.0434950  0.0565760  0.0203815  0.0170778  0.0155720  0.0136009  0.0104113  0.0080848  0.0165126  0.0177444  0.0124789  0.0137729  0.0175742  0.0195256  0.0222361  0.0240144  0.0212143  0.0202322  0.0217168  0.0235429  0.0092239  0.0092517
 3  0.1056338  0.0761176  0.0769723  0.0793499  0.0733050  0.0662899  0.0679645  0.0651901  0.0694458  0.0732816  0.0738076  0.0781413  0.0842708  0.0855495  0.0674486  0.0642306  0.0705154  0.0673997  0.0705726  0.0665384  0.0706734  0.0589805  0.0696473  0.0759406  0.0686024  0.0690481  0.0693223
 4  0.0427542  0.0389053  0.0343013  0.0319695  0.0310056  0.0282973  0.0368982  0.0386437  0.0357839  0.0340906  0.0391119  0.0430921  0.0384654  0.0340604  0.0304200  0.0316325  0.0327250  0.0337640  0.0312749  0.0297148  0.0334175  0.0357649  0.0303796  0.0305414  0.0340737  0.0317394  0.0310932
 1  0.1157815  0.0694723  0.0617966  0.0971047  0.0952764  0.1312999  0.1369362  0.0837511  0.0862079  0.1082541  0.1113977  0.0689102  0.0559266  0.0617386  0.0671211  0.1036802  0.1125453  0.1013279  0.1081050  0.1094037  0.1097380  0.0372186  0.0347341  0.0645756  0.0618116  0.0904996  0.0780128
 2  0.0229241  0.0132355  0.0119802  0.0192630  0.0190957  0.0267824  0.0285778  0.0177847  0.0184383  0.0239311  0.0207776  0.0119275  0.0104787  0.0130919  0.0164022  0.0262977  0.0270708  0.0228530  0.0234992  0.0228805  0.0228694  0.0076566  0.0074894  0.0139647  0.0125215  0.0169641  0.0151127
 3  0.1066490  0.0686274  0.0684630  0.0724656  0.0734813  0.0702557  0.0819958  0.0747871  0.0696474  0.0665701  0.0676328  0.0736145  0.0740855  0.0732778  0.0602055  0.0623693  0.0649918  0.0701214  0.0790237  0.0754199  0.0690944  0.0712457  0.0778775  0.0667349  0.0568557  0.0694589  0.0715022
 4  0.0440659  0.0360906  0.0355807  0.0334792  0.0336448  0.0321532  0.0319197  0.0315661  0.0308450  0.0373112  0.0434290  0.0366819  0.0294034  0.0284664  0.0298146  0.0339832  0.0333499  0.0323678  0.0332048  0.0336573  0.0327125  0.0300759  0.0340607  0.0372943  0.0363622  0.0364057  0.0305527
 1  0.1290325  0.0987184  0.0871182  0.0890274  0.0750925  0.1125459  0.0953309  0.1033471  0.1185257  0.1037839  0.1133513  0.1424138  0.1536937  0.0963009  0.0960594  0.1498121  0.1797370  0.1787040  0.1628608  0.0678892  0.0447635  0.0466445  0.0426675  0.1075854  0.1159846  0.1684916  0.2222845
 2  0.0246445  0.0180101  0.0162398  0.0160589  0.0129716  0.0191814  0.0176599  0.0216643  0.0280430  0.0252324  0.0266234  0.0317715  0.0309857  0.0190549  0.0205251  0.0347856  0.0423435  0.0362339  0.0280610  0.0100918  0.0072995  0.0085646  0.0083493  0.0230925  0.0273393  0.0429129  0.0580351
 3  0.1195162  0.0680133  0.0794686  0.0783959  0.0712063  0.0791024  0.0836080  0.0923898  0.0809636  0.0672839  0.0658966  0.0666055  0.0667220  0.0781471  0.0775029  0.0612425  0.0667459  0.0686863  0.0732795  0.0751155  0.0837056  0.0822239  0.0756017  0.0694146  0.0664594  0.0687036  0.0621928
 4  0.0458670  0.0397820  0.0383721  0.0405716  0.0401519  0.0362050  0.0314865  0.0279306  0.0292234  0.0344242  0.0337749  0.0349094  0.0333074  0.0340658  0.0290483  0.0287700  0.0375678  0.0425148  0.0471899  0.0393869  0.0349261  0.0360849  0.0336053  0.0291750  0.0297810  0.0312735  0.0290426
 1  0.1183230  0.0823829  0.0733866  0.1698830  0.1877266  0.1519818  0.1626174  0.1247285  0.1066666  0.0566695  0.0477950  0.1275035  0.1399455  0.1522117  0.1712500  0.0969463  0.0934249  0.1449494  0.1282128  0.1124420  0.0997531  0.1375924  0.1424460  0.1243416  0.1399240  0.0663361  0.0577220
 2  0.0224026  0.0152347  0.0139585  0.0341633  0.0380800  0.0307984  0.0331883  0.0228798  0.0186402  0.0100017  0.0089981  0.0263555  0.0319961  0.0358555  0.0363173  0.0193610  0.0185891  0.0273949  0.0214639  0.0194396  0.0188266  0.0269846  0.0295244  0.0278397  0.0301730  0.0129513  0.0111258
 3  0.1097152  0.0736251  0.0733653  0.0782445  0.0820202  0.0777312  0.0745575  0.0786213  0.0683866  0.0734433  0.0846494  0.0734632  0.0794501  0.0682615  0.0635487  0.0726728  0.0723222  0.0744913  0.0715672  0.0840400  0.0803771  0.1049800  0.0902577  0.0678008  0.0659161  0.0639777  0.0745196
 4  0.0420017  0.0380500  0.0337298  0.0332473  0.0332453  0.0326359  0.0366958  0.0441805  0.0400993  0.0338263  0.0343210  0.0292921  0.0330144  0.0368408  0.0351066  0.0343914  0.0333715  0.0428050  0.0381121  0.0357803  0.0349949  0.0371526  0.0326283  0.0326516  0.0401583  0.0369224  0.0324345
 1  0.1082802  0.1142389  0.1048235  0.0895337  0.0951550  0.1913820  0.2443223  0.1327176  0.1256827  0.0556394  0.0376952  0.0852595  0.0870768  0.2021786  0.2557898  0.2118103  0.2262157  0.0490053  0.0368739  0.1150847  0.1191138  0.3081752  0.3902076  0.1879540  0.1685654  0.1814599  0.1295914
 2  0.0206362  0.0212219  0.0199675  0.0182392  0.0207191  0.0443724  0.0578929  0.0275693  0.0232300  0.0086762  0.0062823  0.0163060  0.0188848  0.0480432  0.0617955  0.0467359  0.0396884  0.0079005  0.0064291  0.0223241  0.0251922  0.0667895  0.0776767  0.0337389  0.0255595  0.0264620  0.0201552
 3  0.1003378  0.0722031  0.0690330  0.0790129  0.0727093  0.0624507  0.0674131  0.0653606  0.0723972  0.0699567  0.0844988  0.0773079  0.0750144  0.0667781  0.0624705  0.0683956  0.0777558  0.0791382  0.0796106  0.0807015  0.0758104  0.0741679  0.0827950  0.0786230  0.0755709  0.0828192  0.0858738
 4  0.0383101  0.0348322  0.0321971  0.0323279  0.0301729  0.0277324  0.0337408  0.0378694  0.0439852  0.0378339  0.0345447  0.0260855  0.0299040  0.0312652  0.0316168  0.0389742  0.0415938  0.0363770  0.0344355  0.0319257  0.0316178  0.0330548  0.0369231  0.0464682  0.0417738  0.0416291  0.0373685
 1  0.1326288  0.1176636  0.1044797  0.1298573  0.1378449  0.1120326  0.0974542  0.1674150  0.1633158  0.1975008  0.2533001  0.0991124  0.1009423  0.1075148  0.0979049  0.0930630  0.0717560  0.1036150  0.0967225  0.1649114  0.1980300  0.1870573  0.1992096  0.1126987  0.1202600  0.0819002  0.0796367
 2  0.0249980  0.0212418  0.0192769  0.0255989  0.0282309  0.0215130  0.0166455  0.0295627  0.0315989  0.0427785  0.0564771  0.0213345  0.0211474  0.0213138  0.0168338  0.0157085  0.0113935  0.0181585  0.0195316  0.0371023  0.0452542  0.0400263  0.0409125  0.0231339  0.0253613  0.0171490  0.0166474
 3  0.1230205  0.0710723  0.0666988  0.0769720  0.0772140  0.0656171  0.0801949  0.0832319  0.0776307  0.0904488  0.0909982  0.0622660  0.0629286  0.0708260  0.0671243  0.0722820  0.0791390  0.0809362  0.0770265  0.0766323  0.0663326  0.0598527  0.0729159  0.0800289  0.0725017  0.0686811  0.0779126
 4  0.0462208  0.0346024  0.0310224  0.0311567  0.0356486  0.0421657  0.0401719  0.0354188  0.0286126  0.0287210  0.0341025  0.0334237  0.0335248  0.0406372  0.0395764  0.0408031  0.0411475  0.0341276  0.0291814  0.0362693  0.0344860  0.0351078  0.0327280  0.0341296  0.0330655  0.0328681  0.0340138
 1  0.1083181  0.1140063  0.1053895  0.0606116  0.0582444  0.0867898  0.0917262  0.1060990  0.1098253  0.0500574  0.0421251  0.0725322  0.0670805  0.0710383  0.0734792  0.1004001  0.1029919  0.0733880  0.0848238  0.0838867  0.0963427  0.0494056  0.0460385  0.1017141  0.1072290  0.1090039  0.0931213
 2  0.0208560  0.0213050  0.0201079  0.0119090  0.0118420  0.0184921  0.0196330  0.0233565  0.0204691  0.0089173  0.0081743  0.0141839  0.0137438  0.0155214  0.0165114  0.0219264  0.0227984  0.0174866  0.0214079  0.0216981  0.0254960  0.0113167  0.0097297  0.0217014  0.0240438  0.0215153  0.0176840
 3  0.1001866  0.0784920  0.0721601  0.0739665  0.0709592  0.0828926  0.0732487  0.0680969  0.0607839  0.0758063  0.0849742  0.0808530  0.0764735  0.0706297  0.0661655  0.0724823  0.0676094  0.0690132  0.0631812  0.0647736  0.0572849  0.0672073  0.0685730  0.0640660  0.0681284  0.0630412  0.0770720
 4  0.0388983  0.0372159  0.0359441  0.0363000  0.0316348  0.0350825  0.0337035  0.0404885  0.0404376  0.0361000  0.0343398  0.0370166  0.0333156  0.0346579  0.0339892  0.0356606  0.0319457  0.0284957  0.0290193  0.0313561  0.0327020  0.0328869  0.0351509  0.0281081  0.0348809  0.0376425  0.0332549
 1  0.1220607  0.3689111  0.4383674  0.2872969  0.3164106  0.2714030  0.2747142  0.1651118  0.1143155  0.0916375  0.0841952  0.1478209  0.1359443  0.1489795  0.1455743  0.1040832  0.1147875  0.1184755  0.1063896  0.2434831  0.2986382  0.1627689  0.0952658  0.1241949  0.1316910  0.1490408  0.1878468
 2  0.0234936  0.0679193  0.0751635  0.0486514  0.0552070  0.0463817  0.0480741  0.0246266  0.0180994  0.0161150  0.0159023  0.0278518  0.0249290  0.0278029  0.0285709  0.0226025  0.0239429  0.0225647  0.0205584  0.0493231  0.0628346  0.0231484  0.0146311  0.0224782  0.0279578  0.0364856  0.0480489
 3  0.1129126  0.1197822  0.1181743  0.0962236  0.1070036  0.0714339  0.0763464  0.0614469  0.0715396  0.0799062  0.0783546  0.0798315  0.0732352  0.0773593  0.0810606  0.0749385  0.0620923  0.0784791  0.0755372  0.0872296  0.0925326  0.0740438  0.0901220  0.0829480  0.0812571  0.0691832  0.0646949
 4  0.0437848  0.0368496  0.0326800  0.0301919  0.0300359  0.0300139  0.0364781  0.0384436  0.0324307  0.0328634  0.0344592  0.0391802  0.0335052  0.0324931  0.0322376  0.0337773  0.0376269  0.0397113  0.0337490  0.0286427  0.0452152  0.0468337  0.0383827  0.0292498  0.0266942  0.0306392  0.0333082
 1  0.1223909  0.0534962  0.0462362  0.0624680  0.0506611  0.1029505  0.1027359  0.1092112  0.1117630  0.1495297  0.1592217  0.2965383  0.4199784  0.4555050  0.7512631  0.2443248  0.1638133  0.0283959  0.0136835  0.0433929  0.0347697  0.0938346  0.0990114  0.1506747  0.1807521  0.1224081  0.1166481
 2  0.0234945  0.0099101  0.0088388  0.0110367  0.0093077  0.0201546  0.0203331  0.0224161  0.0236534  0.0315792  0.0333948  0.0655438  0.0963167  0.0961733  0.1410869  0.0304662  0.0165182  0.0031999  0.0019779  0.0070569  0.0064384  0.0196393  0.0230478  0.0377967  0.0381992  0.0234481  0.0230844
 3  0.1132614  0.0718640  0.0740092  0.0908823  0.0808294  0.0778405  0.0641859  0.0728582  0.0684315  0.0778692  0.0784852  0.0612904  0.0680339  0.1205847  0.2030139  0.6130233  0.0861675  0.0970971  0.0924387  0.0793311  0.0756574  0.0742287  0.0689613  0.0714620  0.0747974  0.0799642  0.0737007
 4  0.0441167  0.0361429  0.0393005  0.0428957  0.0337377  0.0351552  0.0336956  0.0337156  0.0347099  0.0316046  0.0305446  0.0285378  0.0286158  0.0407310  0.0574126  0.0829062  0.0510559  0.0440911  0.0392028  0.0338960  0.0328771  0.0315763  0.0293881  0.0408224  0.0421547  0.0346847  0.0315860
 1  0.1338174  0.0269737  0.0226763  0.0714484  0.0683340  0.0658311  0.0593710  0.0596834  0.0556971  0.0515068  0.0455862  0.0550328  0.0583161  0.0847104  0.1024575  0.0725652  0.0660666  0.1425356  0.1508810  0.1432714  0.1447522  0.1087171  0.1012469  0.1406244  0.1548213  0.2454514  0.3116957
 2  0.0253898  0.0049197  0.0042815  0.0140827  0.0138538  0.0131204  0.0113122  0.0119871  0.0097393  0.0093952  0.0091026  0.0120825  0.0144324  0.0234174  0.0282768  0.0159792  0.0137265  0.0295458  0.0317002  0.0293943  0.0303518  0.0216037  0.0195379  0.0289361  0.0334214  0.0544435  0.0669225
 3  0.1239903  0.0828439  0.0755819  0.0658505  0.0723100  0.0651429  0.0784761  0.0805894  0.0680590  0.0736836  0.0810664  0.0663177  0.0727240  0.0614147  0.0533884  0.0655512  0.0721529  0.0593190  0.0726738  0.0715555  0.0785986  0.0682806  0.0796560  0.0723920  0.0740456  0.0831698  0.0793970
 4  0.0476223  0.0382565  0.0325477  0.0314963  0.0366589  0.0356312  0.0363699  0.0412626  0.0379590  0.0348931  0.0324590  0.0298556  0.0292058  0.0291441  0.0381815  0.0377236  0.0335821  0.0297360  0.0351877  0.0352556  0.0377588  0.0389452  0.0360054  0.0303584  0.0348412  0.0301917  0.0311398
 1  0.1259169  0.0831957  0.0720126  0.0706930  0.0588918  0.1008957  0.1097745  0.1532397  0.1532032  0.1403769  0.1537331  0.2118884  0.2586482  0.1153380  0.1057015  0.1368283  0.1287287  0.2428080  0.2832917  0.2448007  0.2681344  0.1252503  0.0943039  0.1220286  0.1042619  0.1115138  0.0934008
 2  0.0239017  0.0150352  0.0134324  0.0125206  0.0110246  0.0209002  0.0232761  0.0312159  0.0305795  0.0287089  0.0329870  0.0474217  0.0541826  0.0219762  0.0199302  0.0254042  0.0250585  0.0498480  0.0541329  0.0460879  0.0510219  0.0208682  0.0147333  0.0206006  0.0175346  0.0187992  0.0175730
 3  0.1166749  0.0718645  0.0764190  0.0801756  0.0703786  0.0828736  0.0632837  0.0739438  0.0792876  0.0786811  0.0672755  0.0796421  0.0607610  0.0651944  0.0808587  0.0739869  0.0739412  0.0746880  0.0670105  0.0734349  0.0717074  0.0859295  0.0753619  0.0826664  0.0914336  0.0791409  0.0716736
 4  0.0437607  0.0363396  0.0382110  0.0377321  0.0311560  0.0323982  0.0344597  0.0398073  0.0327794  0.0348607  0.0283702  0.0324329  0.0346809  0.0361590  0.0353712  0.0323990  0.0325735  0.0342227  0.0338674  0.0311929  0.0351805  0.0429625  0.0377243  0.0352139  0.0440335  0.0354445  0.0283477
 1  0.1118120  0.1818013  0.1791290  0.1091611  0.1118756  0.1252904  0.1096918  0.1755890  0.1703859  0.1951806  0.1535491  0.1207498  0.1359060  0.2057346  0.2618594  0.2118038  0.2529754  0.1149599  0.1114462  0.0723539  0.0724623  0.0987798  0.0984121  0.0700503  0.0560510  0.0550545  0.0537291
 2  0.0220355  0.0345272  0.0337640  0.0213953  0.0218769  0.0227392  0.0205968  0.0334110  0.0285260  0.0302614  0.0263170  0.0239394  0.0290438  0.0468812  0.0618193  0.0475591  0.0534059  0.0224372  0.0223035  0.0149412  0.0157265  0.0212379  0.0210889  0.0129149  0.0103106  0.0110044  0.0110566
 3  0.1031050  0.0738558  0.0681154  0.0817273  0.0730512  0.0703331  0.0809080  0.0853062  0.0773739  0.0822049  0.0791376  0.0917847  0.0887612  0.0878194  0.0921195  0.0595962  0.0735445  0.0837105  0.0632695  0.0629689  0.0755483  0.0618417  0.0811559  0.0769987  0.0710344  0.0716115  0.0612971
 4  0.0419424  0.0365272  0.0324271  0.0355939  0.0379613  0.0354532  0.0368694  0.0388958  0.0494664  0.0411576  0.0318058  0.0282987  0.0318843  0.0286781  0.0268736  0.0305572  0.0349953  0.0324942  0.0334543  0.0296909  0.0335046  0.0321737  0.0384806  0.0383732  0.0304755  0.0314632  0.0318603
 1  0.1216805  0.1436062  0.1326074  0.1070345  0.1099555  0.1059833  0.1044612  0.0772766  0.0671454  0.1303476  0.1298070  0.2212515  0.2764153  0.2234038  0.2202827  0.1962109  0.1862304  0.0895081  0.0756567  0.1224027  0.1300183  0.1720397  0.1554149  0.1831152  0.1744384  0.2222519  0.2687355
 2  0.0233076  0.0264306  0.0246915  0.0209484  0.0222203  0.0218121  0.0193370  0.0139688  0.0122545  0.0249959  0.0264875  0.0481202  0.0634970  0.0447438  0.0406155  0.0349330  0.0329069  0.0156644  0.0139256  0.0250645  0.0266040  0.0326484  0.0275265  0.0323239  0.0325298  0.0451989  0.0585683
 3  0.1125661  0.0707631  0.0747954  0.0807373  0.0667995  0.0722049  0.0624309  0.0858319  0.0711174  0.0718851  0.0747448  0.0736718  0.0726835  0.0682880  0.0688117  0.0752894  0.0631636  0.0718859  0.0802976  0.0627458  0.0693788  0.0680247  0.0774367  0.0804553  0.0735865  0.0675912  0.0771238
 4  0.0435238  0.0361874  0.0349105  0.0334533  0.0307623  0.0368887  0.0384052  0.0385828  0.0325891  0.0323119  0.0313744  0.0307426  0.0349426  0.0393762  0.0355204  0.0356328  0.0347333  0.0340328  0.0327959  0.0309245  0.0374127  0.0397831  0.0396580  0.0373235  0.0324590  0.0289190  0.0403416
 1  0.1291358  0.0873879  0.0763317  0.0974944  0.0893365  0.1635254  0.1729335  0.2241255  0.2734633  0.2048995  0.2227083  0.1379303  0.0845503  0.1212377  0.1255195  0.1356547  0.1491999  0.0711449  0.0728164  0.0683559  0.0659113  0.1096842  0.1148451  0.0851367  0.0826489  0.1282771  0.1445562
 2  0.0246433  0.0158362  0.0141837  0.0180028  0.0170861  0.0322124  0.0350620  0.0477516  0.0565912  0.0410558  0.0414449  0.0194479  0.0134172  0.0222312  0.0259197  0.0302338  0.0328392  0.0154625  0.0158183  0.0144307  0.0141329  0.0238890  0.0248597  0.0177376  0.0176651  0.0286662  0.0307937
 3  0.1195893  0.0789553  0.0695630  0.0847561  0.0732179  0.0781859  0.0703376  0.0676954  0.0758245  0.0769662  0.0621068  0.0686066  0.0858687  0.0869285  0.0743000  0.0686094  0.0655841  0.0667240  0.0684519  0.0692439  0.0755775  0.0672901  0.0661383  0.0700078  0.0670671  0.0861271  0.0667264
 4  0.0454104  0.0381535  0.0362001  0.0393445  0.0337662  0.0368114  0.0317294  0.0309605  0.0360159  0.0354891  0.0462529  0.0416396  0.0343298  0.0287451  0.0292358  0.0340049  0.0325231  0.0327865  0.0309859  0.0327369  0.0330054  0.0324626  0.0345904  0.0316946  0.0291110  0.0344671  0.0316966
 1  0.1456978  0.1264619  0.1112049  0.1675121  0.1621943  0.1195832  0.1090348  0.1690983  0.1477456  0.1768102  0.2192766  0.1285526  0.1240908  0.0862413  0.0929844  0.1242603  0.1340697  0.0983178  0.1038438  0.0903932  0.0914655  0.0639767  0.0578113  0.0392159  0.0317507  0.1023862  0.1094066
 2  0.0272533  0.0224436  0.0200713  0.0304124  0.0302465  0.0229472  0.0170057  0.0274093  0.0268543  0.0366014  0.0501013  0.0273560  0.0254845  0.0181613  0.0204274  0.0277933  0.0296714  0.0218024  0.0224550  0.0193766  0.0198358  0.0135577  0.0102078  0.0067558  0.0060644  0.0215196  0.0254127
 3  0.1352938  0.0756528  0.0815956  0.0811846  0.0811789  0.0798058  0.0671739  0.0889490  0.0799997  0.0913836  0.0815912  0.0649475  0.0693622  0.0776590  0.0728484  0.0668983  0.0621358  0.0606291  0.0660745  0.0603634  0.0629607  0.0645547  0.0768269  0.0853513  0.0779027  0.0621620  0.0659358
 4  0.0503031  0.0366812  0.0359484  0.0357408  0.0349112  0.0441762  0.0413187  0.0380429  0.0293642  0.0297873  0.0308158  0.0358687  0.0317723  0.0296313  0.0306437  0.0321494  0.0314141  0.0286614  0.0309750  0.0301244  0.0330350  0.0436648  0.0431753  0.0347158  0.0308919  0.0290325  0.0391337
 1  0.1394635  0.1955862  0.1869409  0.1822960  0.1851224  0.1642169  0.1752007  0.1432997  0.1508924  0.0888221  0.0643300  0.0953891  0.0941650  0.0921485  0.0939573  0.0874778  0.0934939  0.0552353  0.0527850  0.0949478  0.0881389  0.1237879  0.1335743  0.1142755  0.1106179  0.1516939  0.1780771
 2  0.0258566  0.0346084  0.0330066  0.0331253  0.0341351  0.0313235  0.0359807  0.0299975  0.0296250  0.0145732  0.0110258  0.0181102  0.0182603  0.0190267  0.0213330  0.0205772  0.0207377  0.0121003  0.0099690  0.0178559  0.0170503  0.0258162  0.0291377  0.0238619  0.0229390  0.0328444  0.0418440
 3  0.1297000  0.1099756  0.1185438  0.0721057  0.0820574  0.0786882  0.0675458  0.0712557  0.0678592  0.0735849  0.0811521  0.0777863  0.0685389  0.0657752  0.0687697  0.0653423  0.0664536  0.0699828  0.0662463  0.0764042  0.0827744  0.0698431  0.0732736  0.0689823  0.0683396  0.0698600  0.0722459
 4  0.0471594  0.0377698  0.0323979  0.0355482  0.0314326  0.0311466  0.0285452  0.0334369  0.0397252  0.0384647  0.0332120  0.0352689  0.0327976  0.0283055  0.0297168  0.0325584  0.0343088  0.0393276  0.0383241  0.0381484  0.0332425  0.0301379  0.0348750  0.0345996  0.0306560  0.0283182  0.0273517
 1  0.1220500  0.1965221  0.1963381  0.1754201  0.1946643  0.1041680  0.0862121  0.1326120  0.1220825  0.1223564  0.1241528  0.1465737  0.1438908  0.2826720  0.3604388  0.3454976  0.2744088  0.1492251  0.1536690  0.2190885  0.2202410  0.1185900  0.1150392  0.1911440  0.2057129  0.0971407  0.0862143
 2  0.0232430  0.0360705  0.0356782  0.0337837  0.0371116  0.0180272  0.0155344  0.0240805  0.0219553  0.0236256  0.0250166  0.0289922  0.0281536  0.0575931  0.0761608  0.0553813  0.0431870  0.0262855  0.0291725  0.0413430  0.0418750  0.0227153  0.0222199  0.0387928  0.0378618  0.0172727  0.0168277
 3  0.1131263  0.1152105  0.1163882  0.0824452  0.0802521  0.0790530  0.0713879  0.0900037  0.0767855  0.0793260  0.0846028  0.0771107  0.0757085  0.0773971  0.0758139  0.0609551  0.0827523  0.0950194  0.0853032  0.0710529  0.0749619  0.0717905  0.0619476  0.0701555  0.0715071  0.0752484  0.0794570
 4  0.0431712  0.0359157  0.0321211  0.0345020  0.0398772  0.0382913  0.0342745  0.0383640  0.0363965  0.0332614  0.0375683  0.0356830  0.0340536  0.0293989  0.0367859  0.0386079  0.0351731  0.0317500  0.0339793  0.0340210  0.0352987  0.0316383  0.0295017  0.0372959  0.0382353  0.0335822  0.0307271
 1  0.1033990  0.1919849  0.1973098  0.1948482  0.1888131  0.1836699  0.1614874  0.0968645  0.1032514  0.0599269  0.0598173  0.0977890  0.1053613  0.0350479  0.0351070  0.1176851  0.1274589  0.1690908  0.1996906  0.1847150  0.1819172  0.1575285  0.1528039  0.1022292  0.0953372  0.0396903  0.0307798
 2  0.0201090  0.0364634  0.0370666  0.0353795  0.0331655  0.0307052  0.0284276  0.0189225  0.0228366  0.0136665  0.0133040  0.0219619  0.0228905  0.0077043  0.0075531  0.0259822  0.0285470  0.0387401  0.0444505  0.0371507  0.0339989  0.0292708  0.0287271  0.0198908  0.0170975  0.0067532  0.0056551
 3  0.0955240  0.1086630  0.1090407  0.0771634  0.0733560  0.0922118  0.0817278  0.0807391  0.0750198  0.0646897  0.0657923  0.0655406  0.0763467  0.0772528  0.0704725  0.0633164  0.0681145  0.0668799  0.0722940  0.0649898  0.0683449  0.0671434  0.0657928  0.0675668  0.0770805  0.0813646  0.0798478
 4  0.0379955  0.0370026  0.0376742  0.0390262  0.0370854  0.0371602  0.0331746  0.0305132  0.0290894  0.0310529  0.0299488  0.0287825  0.0331563  0.0342779  0.0343521  0.0317171  0.0309194  0.0325906  0.0374309  0.0350007  0.0365990  0.0324203  0.0312064  0.0389079  0.0422170  0.0372488  0.0344151
 1  0.1289827  0.1373227  0.1258380  0.0719468  0.0516634  0.0950874  0.1029960  0.1341890  0.0918436  0.1037357  0.0981278  0.1130304  0.1312552  0.1341657  0.1515525  0.1693743  0.1707665  0.1226428  0.0891334  0.1060888  0.1038375  0.1127562  0.1263360  0.1223709  0.1452741  0.1692826  0.2124069
 2  0.0254748  0.0256448  0.0234722  0.0115692  0.0088058  0.0186146  0.0230805  0.0232876  0.0145935  0.0182575  0.0191268  0.0249596  0.0330922  0.0343467  0.0347006  0.0344190  0.0334617  0.0200161  0.0146882  0.0194466  0.0212097  0.0247077  0.0289734  0.0291727  0.0357700  0.0419116  0.0491066
 3  0.1188967  0.0645815  0.0794628  0.0811710  0.0909094  0.0787174  0.0721241  0.0628851  0.0846726  0.0801257  0.0760930  0.0729962  0.0613959  0.0537511  0.0661651  0.0652228  0.0732929  0.0745176  0.0853806  0.0719592  0.0715758  0.1095944  0.0998295  0.0690124  0.0658658  0.0831252  0.0846168
 4  0.0485996  0.0344573  0.0448847  0.0430620  0.0347118  0.0264183  0.0467571  0.0485888  0.0403912  0.0321109  0.0316128  0.0310076  0.0283392  0.0365377  0.0393052  0.0350190  0.0423695  0.0456760  0.0402627  0.0317471  0.0320434  0.0360492  0.0309723  0.0312698  0.0282734  0.0296032  0.0372382
 1  0.1303734  0.1968530  0.1939464  0.3766354  0.4986810  0.1978395  0.1803704  0.1101487  0.0848724  0.0974431  0.0887443  0.1132154  0.1294260  0.1316908  0.0998482  0.1087188  0.0971087  0.1823228  0.2322438  0.2764799  0.1626548  0.1455745  0.1494640  0.2016972  0.2373965  0.1442833  0.1770707
 2  0.0246442  0.0358230  0.0349885  0.0691757  0.0918219  0.0344904  0.0258393  0.0167905  0.0139919  0.0172005  0.0172983  0.0249005  0.0311431  0.0254243  0.0154170  0.0181503  0.0185929  0.0403773  0.0565510  0.0406786  0.0234954  0.0248674  0.0302927  0.0441718  0.0530527  0.0335092  0.0399678
 3  0.1208495  0.1098817  0.1281742  0.1174795  0.1227956  0.0739484  0.0688031  0.0843836  0.0777335  0.0868671  0.0689639  0.0733734  0.0699825  0.0695716  0.0715120  0.0858263  0.0780886  0.0705741  0.0654779  0.0710357  0.0883114  0.0855543  0.0750198  0.0765490  0.0709309  0.0773990  0.0706827
 4  0.0458997  0.0384147  0.0370506  0.0290891  0.0285843  0.0394615  0.0417313  0.0356168  0.0332135  0.0357223  0.0281641  0.0281006  0.0399587  0.0473615  0.0386428  0.0332316  0.0279594  0.0287428  0.0539865  0.0525087  0.0399661  0.0311128  0.0294352  0.0345948  0.0298849  0.0331273  0.0320558
 1  0.1268093  0.1470103  0.1365952  0.1193224  0.1226061  0.1406365  0.1414450  0.1775193  0.2032880  0.0863596  0.0623431  0.0948987  0.0994504  0.1132499  0.1191696  0.1699544  0.1741255  0.1398321  0.1383698  0.2358504  0.3007356  0.1551823  0.1555519  0.1179296  0.0739396  0.1641677  0.1724258
 2  0.0247688  0.0274311  0.0254685  0.0232934  0.0244324  0.0277304  0.0284439  0.0373387  0.0414524  0.0142945  0.0108421  0.0185214  0.0209253  0.0252096  0.0258647  0.0354374  0.0321774  0.0259243  0.0279109  0.0509694  0.0647475  0.0311190  0.0298379  0.0172422  0.0116467  0.0296608  0.0346161
 3  0.1170336  0.0664395  0.0778180  0.0744655  0.0805576  0.0723671  0.0773942  0.0700223  0.0672481  0.0717590  0.0771416  0.0832496  0.0685533  0.0599449  0.0643638  0.0683272  0.0648397  0.0845360  0.0778163  0.0892268  0.0827972  0.0685818  0.0733018  0.0810305  0.0891432  0.0840762  0.0794229
 4  0.0472314  0.0372471  0.0331449  0.0322640  0.0345473  0.0331928  0.0312248  0.0321414  0.0419322  0.0407644  0.0308132  0.0320349  0.0298356  0.0331494  0.0338919  0.0366154  0.0347835  0.0333721  0.0295632  0.0302094  0.0311779  0.0356052  0.0467879  0.0438484  0.0352647  0.0291616  0.0364816
 1  0.1361934  0.1643699  0.1560766  0.1365382  0.1352220  0.1880259  0.1864805  0.1596682  0.1084559  0.1095531  0.1099616  0.0873574  0.0784145  0.1004547  0.1020590  0.1411293  0.1775182  0.2313080  0.2863151  0.0966176  0.0900556  0.1173204  0.1101045  0.2445158  0.1814517  0.1844236  0.1928153
 2  0.0264105  0.0301796  0.0282350  0.0252430  0.0264754  0.0359877  0.0348298  0.0241289  0.0171299  0.0196906  0.0228639  0.0180437  0.0147160  0.0196733  0.0215428  0.0333106  0.0452854  0.0578240  0.0597682  0.0184390  0.0162294  0.0217870  0.0210697  0.0383962  0.0296766  0.0334021  0.0370853
 3  0.1257440  0.1088384  0.1022970  0.0737108  0.0772923  0.0701774  0.0814456  0.0793799  0.0909705  0.0851257  0.0718543  0.0718602  0.0768075  0.0838614  0.0744487  0.0715142  0.0648295  0.0592668  0.0685068  0.0710965  0.0808660  0.0709341  0.0773392  0.0729967  0.0827766  0.0726250  0.0732854
 4  0.0501259  0.0361595  0.0316553  0.0320982  0.0351711  0.0343774  0.0444348  0.0412395  0.0398173  0.0307267  0.0346989  0.0414707  0.0379667  0.0322743  0.0275131  0.0277469  0.0278413  0.0357230  0.0327982  0.0337450  0.0346771  0.0332326  0.0459820  0.0423080  0.0378459  0.0336629  0.0360212
 1  0.1185326  0.1130652  0.1012933  0.0566276  0.0571554  0.1743107  0.2101600  0.1005625  0.0706970  0.1174267  0.1186119  0.1074499  0.1111641  0.1410110  0.1570709  0.2569425  0.3052819  0.1037439  0.0863166  0.1175737  0.1223271  0.1045609  0.1051283  0.1956770  0.2415031  0.2020175  0.1786870
 2  0.0227503  0.0208344  0.0190843  0.0112472  0.0123925  0.0404488  0.0451965  0.0164456  0.0117408  0.0218154  0.0232038  0.0223803  0.0236344  0.0308823  0.0340197  0.0558900  0.0551471  0.0171596  0.0159267  0.0236552  0.0251453  0.0215378  0.0226472  0.0442173  0.0521716  0.0367222  0.0318268
 3  0.1096772  0.0639925  0.0703972  0.0890327  0.0699623  0.0632259  0.0675040  0.0721240  0.0884700  0.0768911  0.0748730  0.0784779  0.0701230  0.0692235  0.0764132  0.0635223  0.0721254  0.0834367  0.0730684  0.0729450  0.0701829  0.0845400  0.0634715  0.0670541  0.0663627  0.0772215  0.0785619
 4  0.0422451  0.0330289  0.0322924  0.0328467  0.0277922  0.0307721  0.0433673  0.0410449  0.0364331  0.0339592  0.0363606  0.0359854  0.0329327  0.0315672  0.0365191  0.0386557  0.0411242  0.0353244  0.0313809  0.0334359  0.0345791  0.0357298  0.0286465  0.0331537  0.0397011  0.0378820  0.0311237
 1  0.1320631  0.0939170  0.0818265  0.0632806  0.0413943  0.0971597  0.1008210  0.0827612  0.0903785  0.1278170  0.1486572  0.1624190  0.1643584  0.1063056  0.0998478  0.1449129  0.1539278  0.1019945  0.0989798  0.0576205  0.0573120  0.0283336  0.0253844  0.0698081  0.0670018  0.1303732  0.1351653
 2  0.0255619  0.0171283  0.0152142  0.0096758  0.0069046  0.0184967  0.0215638  0.0194751  0.0210964  0.0297525  0.0350039  0.0351208  0.0319415  0.0199872  0.0197227  0.0297889  0.0329094  0.0211305  0.0203245  0.0122814  0.0116482  0.0056590  0.0053169  0.0145835  0.0139211  0.0272158  0.0293835
 3  0.1220465  0.0681726  0.0810410  0.0703665  0.0799317  0.0782957  0.0716941  0.0634761  0.0671410  0.0778635  0.0650932  0.0675930  0.0812267  0.0781272  0.0762861  0.0648432  0.0726141  0.0722143  0.0804976  0.0656478  0.0749347  0.0658627  0.0698008  0.0779257  0.0710028  0.0735508  0.0733974
 4  0.0476083  0.0349528  0.0491565  0.0400641  0.0355934  0.0282201  0.0305746  0.0321641  0.0347425  0.0328037  0.0320261  0.0386221  0.0404354  0.0354712  0.0320724  0.0302295  0.0345495  0.0375554  0.0309880  0.0336668  0.0384923  0.0319719  0.0346793  0.0393684  0.0379769  0.0343178  0.0333245
 1  0.1123856  0.0840909  0.0759802  0.1745197  0.2112053  0.2996306  0.3081381  0.1841917  0.1559840  0.1805460  0.1837408  0.0820742  0.0833325  0.1401816  0.1445955  0.2080001  0.2125720  0.1232884  0.1122555  0.1292163  0.1221304  0.1668054  0.1633011  0.1940958  0.2039468  0.2817500  0.3552125
 2  0.0216566  0.0157973  0.0146427  0.0364997  0.0469189  0.0602461  0.0457378  0.0285763  0.0249054  0.0319048  0.0363313  0.0174591  0.0173316  0.0286626  0.0299957  0.0411343  0.0398898  0.0222089  0.0214911  0.0245232  0.0240386  0.0323583  0.0317003  0.0375015  0.0402778  0.0572726  0.0733545
 3  0.1039106  0.0753878  0.0771851  0.0880551  0.0800276  0.0886770  0.0994169  0.0925798  0.0879098  0.0760682  0.0791376  0.0635815  0.0649318  0.0762214  0.0728655  0.0627584  0.0815472  0.0846734  0.0739436  0.0769681  0.0770974  0.0680958  0.0717676  0.0844109  0.0704212  0.0805181  0.0811557
 4  0.0408804  0.0370624  0.0313904  0.0269916  0.0301100  0.0467573  0.0428452  0.0377936  0.0354521  0.0322063  0.0313902  0.0327270  0.0332038  0.0352756  0.0328611  0.0356514  0.0375342  0.0373154  0.0365210  0.0370771  0.0358848  0.0355337  0.0346225  0.0357827  0.0313797  0.0345128  0.0356200
