FL 2019 2020 2021 2022 2023 2024 2025 2026 2027 2028 2029 2030 2031 2032 2033 2034 2035 2036 2037 2038 2039 2040 2041 2042 2043 2044 2045
 1  0.7288134  0.6828411  0.6529883  0.6429880  0.6600138  0.7015262  0.6927830  0.6843780  0.6777720  0.6757194  0.6795794  0.6803187  0.6839008  0.6764763  0.6701455  0.6774663  0.6799404  0.6611179  0.6539017  0.6771182  0.7003765  0.7045389  0.7017523  0.7021409  0.7096846  0.7003784  0.6842131
 2  0.5725724  0.5257627  0.5084572  0.5037290  0.5612800  0.5971242  0.5918699  0.5611423  0.5145232  0.4832848  0.4882510  0.5283370  0.5485111  0.5394670  0.5256503  0.5416868  0.5556891  0.5368650  0.5295461  0.5660027  0.5944948  0.6002787  0.5873665  0.5812410  0.5823673  0.5738543  0.5435150
 3  0.7521145  0.7090282  0.6773586  0.6640068  0.6741373  0.7226442  0.7157443  0.7037964  0.6943475  0.6905968  0.6937071  0.6965001  0.7024597  0.6953343  0.6869805  0.6936692  0.6993141  0.6819657  0.6712265  0.6932857  0.7206479  0.7258162  0.7222636  0.7198380  0.7289745  0.7206065  0.7029226
 4  0.4566311  0.4242774  0.4159208  0.4073347  0.5092650  0.5392371  0.4954582  0.4238789  0.3722829  0.3641540  0.4088946  0.4622803  0.4664438  0.4313900  0.4264385  0.4731187  0.4829875  0.4351574  0.4424353  0.5093105  0.5300236  0.5176712  0.4836164  0.4922144  0.5053223  0.4754060  0.4245678
 1  0.7290193  0.6837882  0.6554377  0.6447259  0.6428329  0.6515991  0.6750074  0.6793580  0.6799789  0.6899394  0.6895794  0.6873354  0.6958633  0.6975309  0.7043156  0.7053326  0.7079600  0.7207255  0.7099813  0.7033845  0.6795909  0.6517262  0.6530301  0.6285177  0.6297416  0.6487357  0.6737409
 2  0.5731135  0.5265721  0.5093423  0.5048835  0.5008539  0.5212138  0.5515764  0.5589283  0.5587722  0.5640610  0.5595968  0.5506596  0.5503693  0.5501528  0.5542787  0.5544208  0.5749733  0.5941600  0.5909260  0.5683401  0.5244689  0.5078764  0.5205599  0.5056586  0.5072160  0.5346842  0.5628108
 3  0.7523618  0.7098613  0.6795980  0.6654910  0.6611545  0.6672403  0.6922901  0.6988232  0.6978824  0.7082671  0.7087796  0.7048098  0.7131358  0.7145449  0.7209348  0.7228781  0.7238763  0.7406365  0.7311825  0.7217503  0.6968384  0.6686638  0.6710645  0.6487981  0.6468642  0.6649229  0.6920736
 4  0.4573780  0.4241020  0.4148842  0.4101670  0.4049636  0.4524273  0.4858534  0.4716986  0.4716304  0.4832618  0.4629177  0.4534908  0.4542185  0.4540678  0.4639226  0.4530753  0.5017131  0.5256872  0.4913812  0.4420105  0.4127042  0.4329110  0.4488488  0.4146527  0.4252527  0.4737616  0.4942630
 1  0.7283085  0.6840857  0.6507222  0.6415971  0.6560527  0.6606371  0.6507902  0.6539381  0.6672790  0.6678218  0.6684805  0.6727368  0.6845021  0.6876404  0.6856799  0.6959873  0.6907253  0.6928931  0.6891592  0.6880678  0.6844670  0.6791678  0.6745806  0.6790748  0.6976784  0.6983626  0.6881228
 2  0.5726575  0.5268711  0.5057675  0.5170185  0.5362159  0.5368223  0.5203674  0.5306043  0.5494212  0.5479054  0.5377658  0.5373251  0.5571617  0.5651643  0.5669085  0.5673972  0.5631370  0.5627664  0.5632550  0.5612055  0.5496210  0.5327199  0.5274513  0.5639813  0.5942635  0.5966175  0.5749626
 3  0.7516802  0.7099972  0.6749552  0.6614383  0.6748310  0.6797970  0.6682069  0.6705481  0.6859436  0.6871967  0.6868540  0.6892598  0.7016641  0.7076091  0.7043830  0.7143582  0.7092378  0.7113062  0.7080276  0.7069885  0.7033764  0.6966616  0.6907942  0.6958505  0.7182039  0.7207656  0.7091594
 4  0.4573648  0.4236758  0.4131556  0.4432774  0.4622157  0.4411858  0.4276254  0.4636339  0.4769940  0.4580611  0.4339284  0.4524050  0.4903232  0.4837839  0.4771083  0.4779785  0.4759277  0.4790656  0.4788642  0.4732140  0.4470896  0.4223011  0.4459738  0.5081058  0.5318926  0.5142503  0.4611872
 1  0.7292546  0.6838950  0.6586254  0.6513887  0.6503817  0.6550579  0.6621120  0.6765556  0.6904155  0.7074695  0.7069351  0.7032134  0.7100023  0.7076123  0.7077473  0.7086950  0.7089824  0.7119031  0.7018311  0.6968693  0.6966337  0.7030499  0.6887837  0.6755010  0.6694068  0.6698475  0.6753369
 2  0.5718989  0.5260567  0.5119888  0.5109899  0.5108147  0.5116809  0.5208859  0.5388467  0.5706934  0.5928453  0.5927457  0.5818025  0.5719365  0.5598738  0.5439252  0.5346387  0.5394670  0.5468302  0.5495669  0.5494583  0.5671911  0.5803436  0.5663282  0.5352799  0.5075875  0.5078009  0.5217789
 3  0.7524902  0.7101951  0.6828617  0.6719119  0.6684744  0.6723508  0.6782737  0.6931822  0.7072380  0.7271484  0.7280870  0.7217641  0.7279540  0.7255144  0.7238655  0.7243563  0.7243699  0.7284128  0.7192157  0.7142411  0.7139760  0.7229078  0.7096451  0.6940470  0.6857867  0.6855306  0.6919229
 4  0.4556608  0.4248787  0.4163014  0.4159112  0.4209553  0.4192037  0.4379037  0.4619261  0.5040038  0.5239525  0.4992706  0.4783924  0.4749099  0.4488822  0.4267683  0.4221635  0.4460402  0.4562627  0.4537118  0.4595960  0.4952137  0.5056623  0.4634954  0.4093153  0.3965638  0.4240422  0.4422197
 1  0.7307392  0.6865184  0.6573556  0.6470421  0.6569567  0.6778221  0.6762520  0.6817250  0.6677938  0.6635202  0.6312120  0.5603747  0.6132547  0.6798975  0.6831569  0.6879850  0.6769490  0.6685108  0.6706536  0.6931435  0.6864508  0.6807657  0.6726598  0.6647905  0.6469965  0.6268237  0.6651334
 2  0.5709265  0.5258337  0.5095593  0.5109689  0.5372288  0.5595202  0.5631066  0.5604801  0.5509410  0.5474282  0.5134865  0.4477760  0.5385524  0.5878979  0.5926360  0.5789439  0.5451834  0.5122497  0.5397566  0.5808005  0.5806076  0.5583160  0.5268758  0.5073673  0.4943229  0.5304136  0.5798276
 3  0.7534590  0.7123403  0.6814995  0.6675082  0.6740903  0.6964924  0.6954315  0.7006350  0.6866677  0.6830244  0.6530252  0.5785440  0.6229770  0.7004800  0.7053907  0.7080958  0.6958959  0.6856175  0.6847104  0.7133858  0.7087543  0.6998528  0.6898888  0.6818835  0.6637347  0.6419088  0.6839463
 4  0.4540021  0.4236161  0.4154733  0.4233798  0.4702446  0.4874085  0.4803028  0.4722705  0.4712405  0.4724155  0.4139841  0.3690491  0.5022807  0.5340959  0.5079229  0.4735605  0.4295765  0.3966750  0.4852273  0.5239270  0.4861795  0.4373910  0.4191483  0.4076691  0.4129966  0.4856252  0.5257898
 1  0.7296156  0.6865591  0.6511355  0.6368765  0.6387020  0.6427859  0.6434325  0.6579212  0.6850396  0.6925632  0.6836891  0.6775710  0.6847476  0.6971402  0.6990068  0.6967852  0.6863500  0.6783179  0.6847174  0.6907573  0.6952787  0.7074159  0.7085758  0.6973574  0.6848043  0.6887396  0.6976766
 2  0.5721350  0.5269808  0.5050384  0.5055083  0.5145663  0.5158192  0.5143103  0.5438862  0.5804512  0.5879221  0.5685458  0.5357721  0.5227983  0.5369461  0.5537233  0.5575764  0.5401841  0.5194344  0.5289508  0.5467828  0.5671045  0.5905975  0.5945652  0.5773742  0.5508949  0.5602878  0.5736060
 3  0.7525046  0.7121357  0.6753453  0.6575276  0.6571781  0.6611893  0.6606214  0.6734221  0.7038134  0.7141026  0.7045291  0.6954477  0.6999926  0.7129178  0.7163391  0.7152017  0.7046955  0.6948130  0.7003121  0.7082270  0.7127104  0.7259528  0.7300348  0.7179400  0.7022431  0.7059987  0.7172121
 4  0.4555682  0.4230816  0.4135337  0.4228878  0.4364861  0.4274070  0.4277831  0.4852679  0.5202895  0.5084781  0.4555440  0.4048163  0.4245487  0.4592702  0.4737013  0.4628595  0.4244979  0.4105760  0.4502043  0.4687797  0.4906740  0.5215766  0.5141848  0.4642426  0.4498539  0.4916288  0.4959822
 1  0.7282820  0.6799588  0.6436605  0.6325229  0.6478914  0.6549955  0.6602418  0.6699735  0.6798815  0.6858056  0.6864399  0.6946571  0.7102391  0.7075082  0.7022332  0.7002086  0.6938505  0.6840892  0.6916314  0.7149251  0.7072290  0.7030908  0.7046095  0.7053266  0.6992476  0.6954122  0.6939063
 2  0.5697585  0.5240958  0.5043314  0.5107324  0.5245899  0.5211080  0.5053094  0.4966763  0.5020384  0.5091617  0.5191238  0.5583332  0.5921812  0.5983508  0.5849658  0.5630830  0.5369917  0.5175743  0.5687888  0.6055416  0.6088214  0.5968643  0.5838105  0.5686835  0.5421508  0.5196576  0.5030553
 3  0.7517544  0.7067786  0.6686518  0.6529811  0.6666727  0.6733554  0.6765389  0.6849362  0.6948322  0.7012978  0.7021257  0.7098755  0.7298856  0.7292114  0.7225957  0.7180597  0.7106534  0.7010946  0.7057186  0.7366926  0.7305378  0.7237582  0.7239121  0.7239676  0.7163746  0.7112812  0.7090713
 4  0.4555172  0.4257960  0.4148749  0.4339336  0.4425131  0.4156742  0.3868024  0.3902105  0.4071233  0.4112767  0.4236367  0.4966275  0.5297760  0.5156728  0.4756207  0.4437222  0.4298846  0.4128605  0.5139872  0.5482982  0.5258085  0.4993305  0.4869319  0.4598928  0.4201327  0.3949129  0.3816144
 1  0.7315684  0.6873634  0.6639536  0.6563711  0.6569796  0.6647326  0.6798409  0.7021664  0.6945242  0.6914296  0.6882984  0.6855625  0.6734071  0.6609106  0.6643966  0.6655058  0.6898030  0.7170109  0.6968046  0.6819488  0.6644392  0.6357761  0.6110627  0.5974097  0.6391985  0.6677145  0.6937115
 2  0.5697771  0.5246284  0.5140626  0.5108695  0.5025238  0.4965979  0.5327152  0.5734888  0.5854462  0.5843990  0.5770175  0.5591122  0.5250479  0.4986528  0.4975397  0.5120041  0.5850985  0.6135736  0.5995240  0.5700803  0.5363652  0.5054205  0.4766208  0.4912927  0.5385847  0.5719148  0.5966254
 3  0.7537993  0.7128878  0.6878172  0.6771563  0.6750785  0.6804289  0.6936142  0.7201582  0.7150420  0.7123761  0.7091886  0.7047835  0.6913048  0.6775610  0.6801957  0.6816580  0.7038701  0.7402548  0.7211820  0.7019563  0.6827505  0.6557580  0.6290427  0.6125131  0.6559488  0.6854588  0.7131361
 4  0.4515532  0.4227631  0.4201095  0.4092537  0.3889157  0.3872888  0.4722934  0.5124154  0.5116033  0.5063441  0.4846265  0.4495687  0.4082746  0.3928868  0.4065971  0.4329724  0.5334804  0.5541731  0.5039358  0.4563340  0.4472819  0.4117495  0.3866159  0.4393266  0.4808353  0.5082055  0.5300973
 1  0.7286303  0.6827316  0.6480525  0.6348480  0.6249229  0.6335976  0.6504936  0.6657028  0.6960599  0.7066021  0.7025772  0.6973905  0.6932427  0.6925268  0.6907383  0.6842396  0.6847379  0.6897764  0.7030098  0.6989123  0.7012730  0.7070485  0.7044168  0.7143052  0.7299509  0.7156558  0.7031337
 2  0.5686480  0.5247601  0.5052730  0.4994809  0.4964522  0.5150472  0.5379025  0.5662818  0.5958919  0.6050947  0.5931881  0.5683520  0.5373848  0.5189484  0.5085158  0.4959512  0.4940301  0.5245154  0.5568709  0.5661100  0.5711373  0.5754088  0.5689417  0.6026698  0.6220269  0.6172701  0.5892118
 3  0.7517398  0.7089221  0.6726012  0.6560591  0.6431367  0.6502256  0.6683017  0.6829480  0.7155335  0.7282941  0.7238842  0.7164212  0.7099192  0.7083564  0.7066834  0.6996975  0.6995022  0.7041575  0.7203851  0.7176235  0.7187763  0.7257022  0.7232737  0.7298515  0.7538547  0.7399063  0.7238441
 4  0.4547156  0.4242532  0.4145556  0.4063724  0.4149353  0.4492529  0.4688140  0.5036682  0.5317400  0.5285229  0.4938565  0.4444981  0.4156885  0.4124777  0.3950248  0.3762977  0.3839699  0.4562895  0.4854723  0.4738211  0.4841449  0.4906459  0.4651644  0.5388972  0.5614916  0.5274161  0.4588957
 1  0.7290541  0.6815356  0.6415543  0.6318850  0.6597137  0.6610116  0.6606662  0.6686510  0.6826964  0.6888017  0.6947625  0.6959912  0.6922648  0.6941309  0.7075932  0.7080961  0.7077799  0.7016869  0.6898329  0.6821663  0.6788605  0.6810434  0.6781629  0.6559485  0.6685185  0.6894053  0.6855384
 2  0.5720311  0.5252907  0.5025189  0.5250056  0.5510794  0.5452519  0.5158743  0.4973429  0.5070582  0.5282010  0.5547739  0.5625545  0.5530311  0.5577571  0.5808731  0.5953490  0.5964946  0.5850986  0.5547642  0.5168156  0.4908369  0.4983302  0.5252825  0.5312550  0.5638072  0.5825228  0.5746865
 3  0.7524456  0.7079812  0.6663873  0.6509891  0.6794392  0.6814339  0.6780433  0.6833456  0.6975283  0.7045750  0.7117876  0.7146841  0.7106624  0.7101612  0.7259854  0.7283306  0.7287616  0.7224159  0.7088841  0.6990913  0.6939208  0.6954498  0.6950194  0.6751982  0.6859130  0.7098115  0.7066940
 4  0.4569095  0.4252592  0.4149803  0.4638454  0.4816937  0.4386940  0.3779861  0.3894523  0.4225492  0.4515966  0.4775995  0.4740978  0.4436626  0.4771937  0.5142989  0.5218943  0.5148602  0.4848186  0.4322784  0.3812325  0.3710017  0.4177886  0.4542456  0.4575624  0.5000546  0.5128057  0.4747235
 1  0.7304056  0.6862981  0.6598497  0.6512053  0.6563665  0.6682367  0.6761881  0.6891805  0.6841943  0.6802731  0.6878429  0.6933631  0.7086066  0.7028273  0.6920512  0.6899833  0.6854060  0.6821371  0.6880107  0.6821959  0.6827630  0.6837005  0.6860572  0.6877125  0.6813629  0.6784281  0.6786240
 2  0.5719358  0.5261459  0.5108633  0.5100812  0.5184713  0.5282482  0.5431244  0.5554416  0.5446288  0.5279512  0.5293490  0.5634466  0.5915496  0.5950625  0.5798892  0.5670489  0.5515062  0.5406062  0.5442193  0.5390643  0.5303559  0.5256413  0.5351689  0.5447264  0.5422424  0.5334614  0.5404227
 3  0.7532408  0.7121606  0.6838809  0.6716604  0.6741267  0.6853566  0.6926175  0.7070693  0.7030618  0.6966404  0.7038411  0.7093911  0.7285166  0.7246207  0.7122062  0.7093295  0.7044003  0.6991129  0.7054029  0.7004456  0.6997976  0.7000065  0.7021505  0.7056694  0.6998936  0.6955455  0.6953792
 4  0.4545313  0.4234454  0.4150173  0.4165119  0.4325861  0.4407921  0.4655593  0.4732329  0.4325705  0.4184853  0.4409759  0.5009951  0.5279070  0.5101188  0.4863242  0.4748626  0.4470419  0.4472231  0.4582806  0.4411938  0.4227407  0.4252318  0.4551823  0.4631716  0.4414232  0.4344982  0.4636057
 1  0.7281665  0.6808930  0.6510552  0.6430380  0.6504102  0.6533113  0.6530752  0.6544569  0.6597077  0.6740473  0.6795412  0.7025214  0.7044648  0.7080433  0.6968349  0.6928658  0.6867797  0.6810430  0.6880147  0.6805805  0.6916213  0.6912752  0.6883114  0.6968039  0.7064470  0.6932753  0.6864528
 2  0.5709774  0.5244168  0.5087277  0.5155543  0.5253281  0.5229893  0.5094686  0.4984220  0.5163584  0.5436493  0.5774849  0.6003902  0.6086869  0.6038284  0.5812500  0.5524128  0.5181254  0.5128856  0.5359225  0.5583754  0.5758051  0.5763177  0.5659487  0.5802446  0.5921552  0.5843807  0.5669380
 3  0.7515019  0.7073161  0.6756141  0.6634620  0.6691592  0.6718319  0.6702163  0.6707836  0.6749561  0.6917949  0.6970519  0.7234205  0.7264079  0.7300811  0.7175774  0.7108157  0.7033587  0.6961439  0.7046776  0.6989365  0.7109551  0.7116485  0.7072044  0.7138017  0.7276863  0.7146661  0.7060086
 4  0.4557197  0.4247425  0.4177116  0.4348719  0.4444143  0.4266786  0.4045374  0.3983759  0.4474781  0.4763741  0.5141843  0.5368892  0.5344108  0.5172384  0.4702705  0.4279274  0.3943620  0.4272576  0.4656172  0.4881429  0.5027272  0.4870618  0.4689490  0.5110585  0.5226616  0.4930365  0.4707426
 1  0.7281973  0.6811210  0.6509680  0.6394634  0.6455132  0.6769180  0.6841655  0.6860278  0.6892891  0.6945153  0.6977980  0.7039965  0.6985785  0.6902232  0.6774993  0.6729128  0.6794150  0.6866289  0.7074780  0.6978152  0.6892548  0.6899844  0.6924249  0.6946498  0.6920500  0.6974198  0.7068008
 2  0.5743464  0.5256035  0.5087317  0.5014804  0.5251933  0.5577626  0.5665139  0.5530994  0.5280122  0.4989013  0.4890617  0.5243250  0.5515361  0.5574214  0.5490106  0.5447793  0.5460039  0.5740882  0.5980670  0.5935778  0.5707059  0.5460067  0.5322927  0.5342960  0.5588212  0.5977155  0.6075496
 3  0.7516029  0.7071254  0.6752350  0.6609000  0.6620924  0.6944716  0.7037831  0.7043515  0.7057569  0.7091617  0.7108848  0.7188279  0.7161636  0.7094150  0.6966679  0.6908397  0.6979051  0.7026051  0.7283053  0.7207668  0.7091982  0.7071521  0.7087929  0.7105983  0.7091838  0.7162025  0.7309650
 4  0.4584144  0.4238650  0.4194020  0.4040177  0.4564479  0.4933058  0.4783583  0.4350620  0.3902689  0.3506105  0.3916583  0.4520388  0.4766700  0.4714808  0.4549740  0.4616809  0.4559206  0.5088778  0.5365939  0.5034305  0.4510011  0.4304290  0.4300276  0.4493763  0.4926536  0.5398381  0.5406402
 1  0.7281184  0.6804225  0.6412002  0.6247019  0.6138131  0.6231629  0.6608154  0.6671947  0.6535040  0.6367541  0.6575935  0.6804174  0.6806312  0.6732872  0.6620530  0.6556342  0.6772613  0.6918136  0.6928254  0.7082696  0.7033692  0.6955759  0.6843956  0.6749490  0.6801970  0.6823677  0.6813705
 2  0.5729084  0.5253939  0.5029025  0.4974662  0.4936826  0.5267242  0.5664555  0.5721742  0.5484573  0.5274017  0.5546831  0.5802388  0.5799354  0.5623276  0.5320443  0.5201543  0.5572382  0.5772506  0.5893512  0.5969902  0.5879809  0.5599100  0.5124200  0.4806152  0.4942490  0.5290022  0.5415284
 3  0.7517145  0.7069668  0.6660552  0.6460248  0.6324311  0.6383479  0.6793872  0.6886859  0.6746958  0.6555429  0.6740350  0.7003062  0.7023836  0.6939930  0.6810240  0.6722016  0.6933333  0.7121873  0.7119555  0.7284466  0.7246089  0.7143655  0.7007645  0.6897892  0.6943253  0.6989982  0.6997574
 4  0.4576816  0.4254499  0.4153570  0.4112985  0.4146334  0.4744393  0.5098661  0.4960919  0.4551777  0.4444910  0.4957370  0.5176343  0.4992266  0.4616482  0.4216772  0.4382621  0.4994305  0.5055839  0.5108199  0.5214290  0.4898538  0.4263978  0.3669549  0.3635800  0.4198646  0.4586736  0.4498514
 1  0.7289669  0.6799096  0.6430905  0.6316577  0.6511941  0.6697762  0.6709648  0.6726883  0.6762515  0.6822641  0.6930754  0.7118508  0.7205703  0.7077412  0.6946525  0.6932168  0.6959989  0.7017291  0.7011967  0.6995826  0.6962527  0.6873628  0.6845982  0.6880677  0.6976997  0.7060487  0.7098364
 2  0.5742236  0.5244783  0.5049092  0.5153636  0.5464303  0.5604712  0.5499585  0.5214104  0.4865529  0.4700859  0.5269873  0.6014751  0.6189622  0.6078500  0.5681288  0.5234749  0.4947916  0.4988471  0.5331065  0.5628932  0.5745518  0.5670950  0.5530240  0.5452434  0.5536771  0.5732488  0.5861079
 3  0.7523603  0.7061980  0.6677701  0.6520720  0.6692306  0.6895432  0.6904868  0.6897921  0.6914283  0.6957232  0.7063232  0.7300904  0.7447042  0.7308036  0.7137595  0.7093159  0.7102003  0.7154741  0.7167085  0.7173043  0.7161595  0.7076626  0.7032582  0.7049782  0.7143239  0.7234912  0.7291574
 4  0.4578898  0.4245232  0.4195006  0.4440313  0.4827789  0.4823790  0.4394884  0.3838374  0.3404300  0.3571377  0.4771349  0.5484496  0.5516545  0.5007597  0.4255627  0.3758056  0.3716245  0.4084417  0.4588589  0.4932271  0.4969375  0.4725239  0.4459851  0.4481259  0.4718361  0.4994248  0.5087240
 1  0.7287269  0.6811145  0.6443244  0.6277125  0.6327042  0.6558178  0.6697269  0.6760723  0.6769629  0.6703887  0.6802170  0.6829433  0.6743181  0.6713525  0.6750815  0.6770313  0.6969982  0.7150761  0.7032172  0.6949401  0.6904250  0.6896844  0.6930613  0.6957040  0.6914098  0.6886685  0.6835366
 2  0.5719461  0.5247374  0.5046841  0.4962441  0.5048870  0.5297959  0.5498661  0.5615193  0.5612399  0.5600574  0.5723432  0.5735262  0.5565020  0.5379915  0.5344792  0.5447441  0.5926958  0.6124068  0.6035370  0.5737518  0.5262815  0.4801574  0.4801357  0.5343549  0.5707447  0.5798789  0.5835449
 3  0.7520538  0.7075128  0.6690816  0.6492929  0.6506013  0.6719804  0.6875468  0.6946967  0.6966078  0.6894002  0.6991189  0.7040258  0.6945986  0.6889741  0.6922327  0.6942485  0.7134800  0.7382520  0.7266131  0.7147538  0.7070968  0.7038447  0.7057885  0.7115819  0.7102319  0.7099169  0.7038950
 4  0.4562514  0.4249534  0.4169898  0.4042016  0.4212391  0.4596126  0.4786873  0.4855083  0.4794441  0.4824947  0.5040853  0.4926710  0.4509312  0.4370487  0.4480667  0.4703525  0.5353869  0.5486859  0.5066920  0.4373216  0.3663542  0.3296164  0.3998078  0.4747736  0.5061917  0.5069036  0.5063600
 1  0.7276935  0.6809570  0.6452275  0.6338368  0.6464673  0.6646806  0.6712195  0.6717623  0.6788794  0.6905516  0.6980313  0.6985669  0.7000279  0.7108055  0.7202744  0.7069511  0.6878221  0.6810863  0.6926163  0.6939531  0.6775991  0.6591999  0.6481336  0.6318943  0.6439525  0.6803688  0.6859108
 2  0.5721492  0.5253584  0.5043192  0.5075877  0.5286456  0.5469739  0.5470146  0.5340266  0.5304378  0.5448081  0.5584949  0.5610967  0.5618284  0.5902944  0.6051337  0.5944364  0.5480013  0.5151146  0.5429051  0.5635496  0.5528873  0.5212832  0.4993798  0.4869333  0.5302329  0.5750934  0.5826172
 3  0.7511928  0.7072493  0.6698275  0.6545008  0.6643891  0.6827348  0.6899234  0.6895536  0.6950147  0.7068256  0.7157861  0.7166293  0.7173078  0.7276595  0.7422056  0.7289606  0.7064623  0.6960724  0.7081203  0.7134598  0.6982567  0.6777521  0.6649005  0.6496234  0.6585129  0.6990064  0.7076222
 4  0.4573467  0.4243489  0.4148769  0.4271808  0.4567231  0.4710426  0.4538116  0.4258973  0.4357614  0.4674081  0.4758360  0.4648203  0.4693639  0.5253418  0.5366195  0.4850190  0.3943206  0.4095352  0.4826759  0.4924454  0.4487067  0.4062449  0.4066437  0.4028255  0.4759627  0.5186477  0.4977611
 1  0.7285885  0.6862115  0.6578253  0.6512136  0.6626554  0.6674085  0.6803046  0.6846931  0.6734197  0.6636616  0.6707071  0.6899790  0.6838855  0.6825586  0.6908235  0.6866476  0.6931234  0.6942700  0.6914134  0.7012376  0.7127057  0.7037385  0.6988185  0.6961923  0.6938625  0.6990094  0.7145228
 2  0.5713707  0.5273137  0.5088880  0.5199866  0.5358899  0.5465884  0.5556605  0.5517260  0.5221184  0.4883091  0.5226715  0.5647625  0.5695694  0.5672714  0.5703457  0.5710553  0.5736947  0.5690507  0.5555153  0.5726457  0.5924942  0.5893422  0.5708650  0.5419497  0.5045023  0.5225237  0.5697204
 3  0.7516385  0.7118951  0.6817476  0.6708193  0.6813576  0.6856024  0.6979948  0.7034342  0.6913584  0.6794741  0.6844773  0.7087119  0.7048789  0.7005787  0.7099015  0.7063028  0.7121512  0.7138250  0.7093351  0.7171754  0.7331196  0.7250324  0.7179883  0.7134947  0.7091585  0.7118742  0.7322123
 4  0.4556943  0.4230688  0.4122975  0.4424116  0.4584966  0.4645610  0.4737295  0.4515839  0.3942233  0.3686501  0.4658882  0.5063825  0.4778778  0.4799187  0.4938696  0.4896552  0.4911456  0.4713404  0.4493935  0.5038824  0.5250621  0.4959911  0.4535271  0.4063342  0.3566027  0.4573175  0.5099199
 1  0.7287496  0.6819100  0.6440932  0.6276519  0.5918727  0.5513206  0.6221141  0.6477546  0.6597753  0.6673122  0.6800032  0.6986297  0.6929903  0.6902177  0.6962490  0.7007354  0.7028824  0.6994290  0.6986079  0.7017767  0.7055031  0.7016108  0.6979559  0.7035900  0.7123397  0.7113748  0.7117634
 2  0.5722266  0.5255809  0.5032156  0.4920412  0.4532164  0.4585982  0.5381712  0.5618016  0.5623555  0.5549927  0.5672413  0.5794359  0.5708218  0.5523982  0.5519468  0.5668504  0.5726864  0.5676893  0.5566079  0.5565340  0.5589189  0.5457765  0.5244541  0.5350185  0.5628745  0.5821536  0.5901146
 3  0.7522206  0.7084508  0.6688868  0.6491356  0.6115229  0.5637261  0.6369098  0.6683379  0.6796913  0.6864950  0.6970397  0.7181295  0.7134138  0.7074593  0.7126144  0.7187510  0.7219779  0.7181726  0.7159520  0.7186433  0.7233730  0.7191290  0.7133779  0.7180514  0.7294738  0.7299028  0.7313623
 4  0.4567510  0.4252016  0.4127876  0.3954736  0.3503187  0.4208663  0.4967386  0.4928777  0.4772238  0.4635128  0.4943029  0.5062543  0.4638675  0.4389831  0.4699072  0.4926886  0.4863684  0.4633615  0.4535496  0.4698587  0.4650138  0.4207327  0.3961733  0.4566328  0.4923956  0.5046776  0.5079355
 1  0.7314508  0.6877703  0.6576260  0.6505003  0.6647019  0.6753804  0.6687152  0.6647498  0.6643943  0.6846545  0.7093024  0.7022854  0.6945008  0.6954581  0.7049104  0.7072296  0.6882735  0.6716725  0.6500628  0.6231221  0.6604713  0.6492178  0.6331904  0.6133394  0.6296329  0.6545428  0.6702305
 2  0.5718119  0.5257133  0.5093534  0.5249308  0.5538446  0.5641528  0.5453120  0.5094512  0.4893332  0.5565399  0.5964095  0.5969895  0.5707509  0.5484323  0.5583740  0.5692341  0.5567732  0.5354630  0.5159407  0.5307245  0.5667409  0.5579982  0.5288404  0.5021587  0.5202511  0.5420793  0.5707970
 3  0.7538355  0.7131425  0.6816385  0.6702958  0.6830670  0.6956677  0.6886384  0.6819732  0.6789241  0.6982431  0.7301653  0.7244965  0.7138356  0.7117209  0.7211847  0.7261736  0.7080003  0.6900448  0.6685536  0.6387254  0.6807817  0.6718193  0.6533591  0.6326011  0.6457656  0.6725863  0.6877486
 4  0.4534029  0.4224447  0.4177632  0.4518176  0.4899107  0.4837261  0.4292496  0.3670676  0.3909937  0.5116046  0.5370521  0.5009529  0.4411598  0.4408429  0.4855147  0.4899369  0.4560755  0.4373092  0.4303801  0.4820648  0.5096047  0.4748793  0.4385628  0.4173260  0.4546960  0.4745728  0.5038488
 1  0.7320621  0.6913670  0.6583086  0.6440982  0.6445364  0.6564034  0.6676828  0.6874055  0.6971670  0.7080342  0.7071066  0.7048351  0.7054000  0.7030468  0.6995807  0.6951810  0.6847235  0.6660994  0.6592024  0.6728135  0.6743961  0.6889718  0.6853438  0.6880108  0.6908633  0.6990085  0.7073154
 2  0.5746545  0.5282665  0.5071758  0.5023593  0.5073700  0.5140622  0.5289563  0.5505715  0.5751718  0.5910529  0.5901682  0.5800469  0.5660746  0.5541692  0.5384696  0.5261687  0.5077774  0.4829199  0.5130492  0.5617357  0.5853950  0.5910646  0.5828282  0.5641469  0.5520913  0.5693805  0.5892713
 3  0.7544364  0.7163070  0.6820500  0.6648974  0.6624807  0.6734438  0.6836855  0.7038562  0.7147329  0.7277271  0.7276633  0.7235974  0.7233335  0.7206537  0.7163249  0.7115274  0.7010835  0.6823068  0.6734894  0.6919261  0.6945492  0.7111486  0.7071156  0.7064921  0.7078280  0.7161311  0.7267886
 4  0.4545522  0.4216404  0.4138168  0.4091184  0.4202252  0.4235492  0.4474985  0.4747494  0.5047608  0.5173087  0.4978908  0.4766652  0.4653889  0.4477679  0.4279890  0.4145594  0.3918091  0.3712586  0.4563855  0.5078796  0.5205481  0.5191631  0.4830222  0.4522920  0.4610263  0.4997596  0.5214457
 1  0.7287904  0.6835439  0.6483302  0.6337013  0.6416958  0.6617642  0.6730408  0.6769703  0.6729598  0.6803372  0.6902553  0.7049014  0.7006020  0.6987766  0.6910283  0.6873868  0.6859903  0.6821065  0.6883668  0.6883568  0.6889709  0.6966299  0.6997988  0.6941269  0.6921746  0.6926044  0.7010684
 2  0.5701777  0.5258088  0.5048684  0.5000463  0.5156877  0.5368478  0.5431346  0.5319451  0.5215445  0.5372735  0.5670020  0.5846539  0.5812802  0.5636519  0.5341736  0.5174883  0.5165844  0.5347450  0.5567562  0.5665082  0.5727379  0.5848843  0.5877745  0.5750685  0.5517412  0.5286507  0.5257472
 3  0.7520664  0.7099026  0.6729368  0.6545838  0.6592147  0.6789864  0.6911805  0.6942923  0.6885556  0.6972474  0.7075396  0.7242150  0.7206838  0.7173008  0.7080911  0.7032072  0.7019885  0.6986613  0.7062555  0.7075459  0.7076394  0.7159139  0.7206421  0.7143549  0.7103793  0.7084953  0.7160792
 4  0.4552733  0.4248972  0.4122511  0.4104954  0.4396025  0.4627726  0.4502768  0.4150207  0.4319639  0.4648461  0.4978102  0.5085946  0.4853159  0.4471144  0.4128456  0.4118204  0.4271621  0.4595772  0.4837801  0.4850674  0.4948054  0.5131788  0.5065578  0.4719011  0.4251834  0.4092886  0.4296861
 1  0.7295185  0.6835816  0.6531206  0.6476610  0.6595839  0.6578604  0.6239849  0.6454877  0.6374708  0.6172700  0.6361110  0.6448154  0.6203172  0.5960475  0.6470089  0.6845175  0.6660602  0.6505713  0.6578673  0.6693613  0.6770706  0.6839697  0.6932516  0.7010525  0.6965235  0.6880936  0.6840091
 2  0.5718653  0.5252527  0.5085879  0.5270667  0.5484756  0.5462348  0.5344638  0.5662322  0.5538405  0.5307469  0.5447185  0.5538708  0.5353402  0.5302788  0.5829397  0.5987694  0.5761309  0.5390735  0.5209899  0.5169055  0.5192968  0.5323819  0.5493173  0.5609594  0.5562416  0.5386394  0.5336582
 3  0.7524887  0.7095319  0.6774133  0.6672393  0.6788276  0.6784686  0.6402257  0.6655126  0.6621500  0.6369161  0.6537149  0.6651785  0.6406977  0.6139472  0.6633788  0.7083980  0.6904404  0.6708484  0.6750728  0.6857842  0.6931102  0.7002004  0.7098217  0.7185741  0.7148615  0.7059361  0.7001122
 4  0.4555759  0.4237087  0.4174356  0.4570728  0.4816510  0.4568844  0.4765911  0.5183291  0.4726703  0.4520900  0.4851306  0.4874002  0.4707247  0.4810939  0.5324055  0.5368528  0.4802350  0.4244288  0.4191923  0.4228584  0.4286186  0.4446492  0.4671551  0.4751872  0.4576520  0.4250295  0.4450804
 1  0.7274045  0.6819251  0.6465686  0.6307053  0.6294073  0.6354795  0.6651770  0.6798029  0.6864775  0.6901112  0.6918235  0.6912253  0.6917510  0.6980656  0.6971468  0.7116960  0.7072667  0.7161136  0.7205419  0.7112000  0.6924014  0.6800348  0.6742310  0.6733128  0.6776388  0.6874990  0.6895712
 2  0.5715916  0.5259799  0.5045153  0.4957086  0.4846310  0.4929779  0.5303872  0.5541967  0.5591659  0.5541317  0.5430430  0.5275532  0.5364519  0.5554326  0.5840347  0.6016808  0.6072655  0.6168759  0.6191101  0.6087542  0.5671971  0.5080668  0.4511138  0.4325336  0.4797728  0.5376080  0.5662093
 3  0.7509238  0.7081733  0.6710680  0.6519067  0.6482657  0.6507405  0.6804381  0.6978788  0.7047869  0.7078499  0.7091514  0.7077206  0.7070250  0.7160439  0.7148202  0.7329370  0.7288442  0.7365455  0.7441479  0.7343208  0.7126367  0.6967573  0.6881253  0.6862024  0.6908145  0.7037134  0.7082228
 4  0.4571408  0.4243994  0.4132180  0.4026593  0.3756757  0.4146183  0.4686048  0.4784109  0.4653932  0.4534431  0.4357315  0.4147987  0.4571223  0.4808932  0.5169525  0.5349898  0.5288263  0.5466708  0.5487096  0.5111939  0.4256801  0.3344213  0.2977523  0.3243084  0.4165634  0.4760502  0.4926792
 1  0.7295224  0.6865847  0.6524224  0.6421878  0.6546186  0.6629489  0.6688133  0.6692939  0.6605082  0.6509554  0.6710347  0.6897562  0.7016667  0.7009099  0.6962665  0.6963419  0.7078891  0.7046814  0.6923853  0.6872302  0.6859697  0.6922698  0.7145991  0.6970661  0.6779085  0.6714933  0.6786108
 2  0.5724896  0.5278014  0.5058675  0.5129664  0.5298859  0.5390072  0.5370378  0.5255174  0.5039295  0.5035523  0.5451026  0.5803410  0.5941374  0.5882509  0.5636259  0.5536328  0.5718516  0.5784239  0.5637179  0.5456256  0.5312829  0.5734877  0.6038982  0.5942219  0.5493617  0.4994738  0.4838439
 3  0.7526309  0.7123651  0.6765967  0.6621936  0.6730602  0.6811184  0.6865474  0.6869768  0.6774188  0.6668174  0.6872705  0.7081175  0.7224381  0.7214469  0.7150983  0.7123431  0.7254370  0.7249322  0.7119295  0.7048114  0.7031932  0.7066365  0.7369071  0.7208164  0.6975869  0.6872418  0.6929549
 4  0.4564538  0.4239397  0.4120547  0.4346138  0.4527911  0.4538494  0.4436995  0.4196075  0.3969652  0.4302758  0.4846789  0.5171288  0.5176503  0.4895089  0.4415262  0.4625765  0.5041702  0.4947934  0.4552009  0.4386686  0.4263876  0.5176772  0.5453528  0.4920629  0.3955598  0.3596854  0.3798955
 1  0.7309671  0.6880999  0.6605654  0.6512303  0.6530369  0.6553202  0.6535932  0.6646872  0.6869916  0.6911928  0.6992648  0.7010697  0.7122656  0.7078395  0.7006694  0.7000688  0.7033011  0.7049655  0.7067869  0.7063816  0.7061190  0.7048165  0.7081787  0.7011367  0.6959122  0.7032668  0.7037887
 2  0.5684563  0.5255169  0.5105735  0.5103798  0.5079323  0.4952808  0.4826225  0.5208125  0.5597929  0.5780906  0.5823591  0.5894510  0.5958336  0.5899916  0.5694687  0.5494528  0.5372353  0.5264304  0.5268769  0.5301509  0.5349003  0.5478773  0.5607816  0.5522589  0.5430189  0.5496354  0.5540925
 3  0.7533426  0.7136188  0.6844883  0.6717043  0.6714527  0.6723656  0.6686399  0.6788900  0.7050158  0.7101285  0.7189079  0.7197645  0.7324799  0.7285252  0.7194331  0.7170976  0.7195992  0.7203387  0.7219923  0.7218877  0.7219923  0.7208582  0.7258554  0.7194951  0.7119593  0.7199008  0.7214677
 4  0.4519946  0.4227639  0.4153894  0.4178709  0.4074013  0.3769583  0.3817945  0.4649365  0.4948625  0.5007561  0.4977817  0.5110607  0.5197663  0.4935608  0.4547281  0.4374552  0.4231741  0.4148370  0.4196930  0.4293548  0.4353674  0.4639152  0.4749169  0.4384685  0.4404619  0.4658558  0.4561153
 1  0.7317671  0.6900097  0.6639416  0.6555276  0.6584859  0.6672485  0.6727394  0.6751522  0.6820998  0.6886364  0.6936993  0.7095387  0.7067532  0.6996362  0.6963076  0.7001626  0.7101744  0.7088237  0.7030169  0.6996848  0.6999723  0.6986169  0.7028057  0.7031202  0.7098302  0.7154689  0.7133259
 2  0.5734793  0.5272679  0.5118333  0.5136625  0.5215912  0.5309185  0.5339576  0.5322195  0.5357441  0.5371742  0.5600958  0.5879752  0.5918783  0.5724842  0.5348405  0.5113811  0.5250391  0.5471465  0.5541984  0.5556646  0.5576336  0.5587042  0.5591381  0.5568563  0.5661093  0.5837156  0.5873778
 3  0.7541083  0.7151179  0.6875663  0.6758513  0.6765262  0.6845824  0.6900446  0.6923278  0.6987946  0.7055385  0.7094542  0.7286722  0.7281100  0.7191867  0.7130130  0.7141286  0.7245813  0.7257918  0.7205298  0.7169621  0.7177496  0.7163581  0.7206053  0.7200530  0.7263896  0.7336892  0.7334192
 4  0.4539986  0.4219226  0.4165089  0.4230086  0.4361392  0.4451832  0.4429813  0.4375467  0.4432682  0.4400593  0.4902240  0.5233648  0.5037860  0.4463881  0.3793299  0.3946641  0.4486899  0.4634445  0.4568217  0.4634380  0.4678396  0.4694862  0.4595367  0.4567350  0.4846671  0.5097763  0.5007619
 1  0.7288535  0.6821393  0.6538460  0.6473112  0.6650022  0.6832313  0.6897022  0.6842911  0.6784408  0.6798474  0.6916329  0.6946744  0.6939581  0.6951075  0.6914278  0.6861041  0.6850747  0.6906487  0.7012648  0.7044838  0.7105070  0.7039730  0.7025678  0.7073788  0.7021715  0.6978194  0.6922997
 2  0.5713388  0.5250791  0.5099102  0.5223543  0.5517177  0.5755455  0.5773007  0.5575136  0.5196922  0.4977626  0.5142901  0.5348754  0.5535001  0.5623113  0.5543920  0.5300900  0.5138883  0.5388114  0.5776472  0.6021545  0.6084816  0.5979740  0.5805945  0.5659164  0.5437055  0.5159911  0.4961838
 3  0.7520863  0.7083627  0.6782020  0.6672718  0.6830479  0.7021786  0.7100153  0.7039220  0.6954573  0.6943207  0.7064266  0.7111431  0.7110112  0.7136785  0.7104515  0.7032319  0.7003852  0.7058190  0.7195187  0.7250586  0.7331593  0.7256448  0.7213221  0.7252309  0.7195330  0.7134421  0.7071216
 4  0.4561338  0.4244854  0.4179641  0.4468033  0.4859085  0.5057196  0.4908759  0.4377648  0.3753791  0.3914939  0.4353412  0.4526334  0.4728100  0.4790805  0.4464194  0.4017332  0.4070775  0.4738018  0.5174708  0.5364770  0.5327335  0.4980527  0.4748129  0.4610162  0.4215256  0.3821302  0.3733898
 1  0.7275399  0.6835386  0.6569709  0.6480244  0.6422552  0.6480812  0.6560827  0.6668878  0.6878820  0.6940941  0.6983550  0.6986546  0.6927691  0.6883284  0.6938820  0.6979677  0.6950082  0.6961830  0.7023228  0.7067178  0.6973797  0.6918212  0.6902148  0.6831052  0.6827115  0.6942797  0.7014002
 2  0.5739787  0.5278422  0.5103711  0.5055801  0.5027992  0.5106977  0.5206733  0.5442366  0.5720878  0.5834507  0.5820901  0.5694706  0.5416634  0.5188331  0.5357496  0.5583448  0.5655515  0.5702542  0.5860152  0.5942993  0.5838157  0.5677359  0.5521762  0.5327058  0.5288758  0.5541754  0.5731407
 3  0.7511398  0.7094119  0.6808708  0.6686915  0.6602689  0.6649869  0.6732245  0.6830354  0.7062262  0.7141998  0.7181249  0.7175610  0.7103713  0.7040170  0.7091555  0.7161074  0.7140003  0.7140475  0.7207924  0.7278714  0.7185887  0.7105542  0.7083826  0.7012161  0.6984310  0.7108350  0.7202392
 4  0.4592037  0.4238584  0.4150127  0.4085855  0.4142792  0.4300596  0.4371297  0.4762615  0.5059143  0.5049975  0.4900112  0.4611894  0.4159079  0.4089113  0.4631342  0.4854121  0.4752977  0.4854497  0.5172555  0.5200582  0.4863048  0.4649523  0.4549987  0.4203497  0.4380433  0.4857819  0.4953760
 1  0.7283414  0.6853366  0.6539656  0.6413318  0.6386992  0.6448665  0.6469820  0.6528526  0.6772985  0.6921906  0.7072977  0.7027653  0.6947884  0.6949644  0.6918220  0.6854791  0.6891060  0.6960757  0.6989128  0.6983485  0.6930432  0.6928438  0.6831647  0.6651728  0.6729889  0.6963125  0.6969804
 2  0.5707404  0.5273625  0.5069154  0.4965784  0.4859133  0.4774403  0.4718047  0.5004827  0.5492698  0.5875033  0.6018511  0.5931630  0.5617811  0.5299381  0.5131459  0.5205699  0.5621013  0.5880503  0.5942584  0.5831976  0.5578695  0.5428071  0.5416109  0.5457440  0.5750953  0.5999023  0.6020766
 3  0.7516474  0.7113379  0.6781553  0.6622817  0.6568293  0.6608823  0.6622360  0.6671422  0.6937002  0.7105671  0.7287530  0.7242561  0.7133906  0.7108716  0.7072966  0.7014165  0.7058636  0.7166722  0.7205454  0.7184365  0.7112900  0.7094792  0.7004917  0.6847790  0.6910124  0.7170078  0.7198510
 4  0.4561331  0.4241758  0.4109364  0.3942881  0.3779948  0.3691701  0.3725804  0.4375142  0.4905829  0.5247380  0.5289214  0.4893848  0.4277487  0.4037556  0.4115517  0.4433307  0.5020564  0.5238902  0.5105179  0.4773728  0.4432416  0.4438006  0.4672317  0.4755162  0.5125927  0.5376935  0.5285670
 1  0.7279220  0.6800847  0.6496606  0.6392184  0.6362045  0.6489458  0.6765522  0.6934151  0.6839147  0.6719030  0.6618294  0.6645305  0.6737708  0.6837989  0.6944014  0.7068284  0.7072500  0.7108637  0.6980746  0.6898608  0.6883743  0.6908055  0.6902633  0.6813864  0.6782044  0.6825281  0.6912772
 2  0.5722626  0.5247952  0.5079402  0.5020456  0.4971001  0.5183773  0.5618631  0.5823413  0.5688366  0.5345342  0.5031830  0.5077420  0.5286852  0.5496514  0.5764594  0.5945011  0.6031933  0.6017521  0.5795369  0.5441312  0.5220337  0.5344533  0.5475747  0.5458448  0.5381091  0.5377234  0.5473448
 3  0.7514597  0.7065687  0.6742080  0.6604458  0.6544683  0.6644958  0.6929210  0.7135033  0.7048904  0.6908014  0.6779344  0.6803512  0.6905121  0.7007159  0.7118138  0.7270175  0.7278207  0.7325664  0.7191519  0.7074623  0.7037652  0.7071119  0.7081863  0.7003028  0.6960556  0.6991398  0.7083161
 4  0.4572140  0.4247517  0.4169401  0.4053121  0.4022799  0.4500340  0.5039251  0.5100367  0.4666173  0.4038161  0.3971707  0.4316266  0.4506981  0.4706251  0.5086995  0.5244171  0.5284392  0.5188690  0.4635288  0.4076120  0.4224138  0.4589204  0.4678451  0.4502388  0.4354820  0.4486925  0.4632490
 1  0.7299583  0.6872006  0.6546506  0.6428215  0.6499089  0.6614976  0.6697534  0.6805435  0.6882941  0.7063653  0.7041284  0.7009219  0.7065464  0.7041264  0.7043029  0.7070378  0.7064748  0.7006852  0.6964725  0.6990409  0.7026759  0.7038694  0.7126986  0.7089833  0.7035566  0.7026406  0.7128404
 2  0.5711477  0.5270822  0.5065577  0.5036635  0.5113218  0.5177161  0.5236206  0.5294932  0.5561317  0.5833095  0.5860885  0.5770146  0.5693790  0.5602043  0.5492947  0.5526882  0.5539938  0.5391296  0.5183098  0.5053606  0.5041627  0.5291257  0.5605035  0.5690846  0.5553842  0.5602637  0.5791619
 3  0.7529014  0.7130919  0.6789040  0.6633999  0.6678390  0.6784271  0.6859290  0.6970703  0.7039327  0.7253496  0.7249665  0.7191864  0.7245104  0.7222888  0.7208321  0.7234503  0.7239887  0.7180588  0.7121327  0.7133519  0.7173336  0.7181753  0.7296411  0.7275318  0.7211045  0.7184741  0.7315201
 4  0.4546550  0.4239010  0.4109841  0.4121432  0.4225877  0.4248995  0.4342085  0.4357382  0.4876016  0.5172097  0.4926199  0.4748940  0.4759926  0.4547958  0.4439521  0.4613560  0.4582487  0.4172238  0.3813042  0.3899682  0.3948946  0.4523216  0.4861314  0.4723116  0.4387277  0.4800157  0.5085000
 1  0.7300844  0.6846528  0.6148134  0.5700754  0.5713270  0.5879171  0.6181093  0.6407412  0.6813564  0.6839746  0.6846685  0.6919216  0.6976848  0.6976202  0.6909010  0.6821250  0.6813918  0.6985894  0.7007911  0.6933928  0.6760555  0.6722613  0.7073422  0.6945214  0.6782517  0.6707287  0.6750474
 2  0.5711411  0.5256631  0.4844884  0.4660451  0.4736657  0.4938764  0.5190015  0.5559401  0.5844040  0.5843172  0.5710335  0.5678837  0.5742790  0.5765301  0.5671354  0.5423943  0.5350346  0.5608714  0.5741871  0.5661938  0.5366010  0.5710896  0.6029250  0.5956286  0.5544699  0.4994854  0.4755056
 3  0.7530262  0.7107667  0.6401784  0.5916678  0.5899921  0.6038644  0.6353879  0.6564329  0.7014818  0.7057031  0.7039900  0.7096333  0.7163397  0.7173486  0.7106805  0.7010062  0.6972182  0.7151153  0.7206071  0.7127750  0.6944387  0.6863272  0.7296640  0.7182699  0.6982879  0.6869671  0.6888480
 4  0.4548105  0.4244444  0.4066778  0.3964319  0.4027666  0.4340103  0.4535115  0.5005567  0.5217563  0.4961767  0.4705007  0.4827616  0.4989367  0.4944809  0.4700575  0.4222471  0.4439697  0.4958331  0.4946188  0.4621963  0.4286068  0.5183283  0.5457379  0.4977060  0.4051361  0.3431981  0.3696562
 1  0.7297766  0.6848170  0.6599888  0.6575683  0.6755222  0.6787317  0.6825691  0.6910448  0.6916175  0.6936964  0.6925487  0.6859943  0.6637479  0.6325542  0.6182372  0.5112139  0.6320218  0.6999730  0.7119361  0.7065372  0.7076215  0.7069119  0.7042003  0.7019731  0.7019444  0.7092354  0.6981827
 2  0.5731114  0.5265539  0.5120102  0.5330153  0.5548524  0.5587109  0.5544370  0.5544352  0.5505868  0.5485384  0.5493123  0.5374487  0.5021177  0.4779302  0.4936384  0.4829942  0.5834052  0.6214612  0.6254643  0.6160478  0.5978194  0.5767419  0.5484456  0.5233219  0.5400782  0.5709304  0.5736249
 3  0.7529155  0.7107291  0.6839276  0.6767079  0.6947364  0.6980957  0.6999702  0.7087265  0.7094316  0.7106849  0.7102446  0.7041927  0.6813979  0.6486834  0.6355120  0.5237097  0.6434962  0.7228760  0.7374578  0.7294180  0.7281844  0.7257631  0.7212478  0.7176380  0.7163969  0.7277625  0.7188663
 4  0.4566960  0.4237589  0.4165202  0.4620565  0.4820636  0.4650089  0.4613152  0.4645078  0.4536547  0.4563795  0.4588733  0.4303309  0.3829950  0.3973987  0.4317154  0.4517654  0.5413130  0.5634775  0.5540711  0.5237004  0.4958404  0.4626913  0.4237320  0.3982528  0.4681911  0.5064830  0.4794647
 1  0.7280549  0.6810653  0.6588821  0.6542505  0.6594677  0.6711523  0.6869079  0.6965221  0.6994001  0.7138894  0.7068833  0.7040001  0.7043685  0.7040051  0.7079313  0.7152046  0.7178473  0.7084090  0.7013646  0.6966630  0.6971090  0.6911657  0.6978190  0.6962010  0.6870356  0.6849338  0.6759570
 2  0.5742871  0.5255907  0.5134650  0.5157411  0.5216914  0.5364892  0.5585959  0.5672683  0.5809567  0.5919762  0.5858208  0.5643455  0.5360141  0.5040142  0.4913345  0.5413448  0.5716648  0.5748036  0.5617929  0.5552649  0.5538280  0.5554937  0.5667785  0.5637557  0.5454219  0.5300406  0.5239158
 3  0.7515398  0.7071526  0.6828441  0.6746951  0.6774613  0.6878576  0.7038529  0.7152908  0.7166789  0.7337775  0.7273390  0.7218858  0.7206585  0.7186577  0.7206626  0.7294807  0.7363280  0.7274118  0.7192642  0.7141566  0.7151780  0.7089124  0.7159247  0.7155158  0.7051111  0.7015588  0.6930045
 4  0.4584217  0.4237373  0.4196185  0.4235147  0.4326401  0.4568822  0.4854625  0.4797547  0.5038085  0.5171016  0.4834959  0.4395124  0.3978435  0.3492818  0.3859093  0.4791646  0.4974365  0.4740245  0.4571202  0.4654409  0.4640148  0.4704997  0.4866836  0.4673645  0.4326744  0.4271508  0.4357141
 1  0.7296925  0.6822010  0.6529596  0.6480133  0.6659768  0.6698506  0.6713732  0.6855253  0.6920642  0.6876745  0.6816468  0.6773453  0.6753192  0.6801454  0.6858220  0.6884583  0.6906708  0.6863086  0.6786103  0.6792014  0.6657610  0.6639246  0.6887723  0.6980284  0.6940381  0.7003643  0.6996595
 2  0.5699182  0.5243568  0.5094438  0.5256774  0.5442716  0.5419853  0.5303724  0.5423468  0.5563328  0.5536589  0.5405693  0.5229767  0.5242402  0.5473839  0.5637741  0.5693629  0.5661217  0.5542577  0.5476914  0.5540565  0.5459064  0.5552700  0.5859041  0.5951824  0.5910271  0.5916912  0.5841665
 3  0.7528275  0.7089000  0.6776645  0.6676593  0.6850155  0.6889815  0.6877688  0.7014027  0.7101683  0.7065333  0.6999022  0.6942920  0.6911395  0.6976664  0.7048782  0.7071726  0.7098651  0.7050221  0.6957353  0.6984128  0.6857708  0.6809578  0.7078917  0.7196201  0.7143634  0.7203245  0.7206938
 4  0.4541773  0.4256261  0.4162846  0.4524102  0.4677022  0.4369885  0.4275906  0.4654721  0.4783739  0.4597457  0.4306155  0.4135051  0.4456230  0.4802854  0.4843822  0.4853267  0.4760316  0.4526353  0.4683671  0.4791743  0.4563410  0.4889339  0.5241975  0.5187965  0.5073016  0.5139281  0.4932580
 1  0.7310651  0.6893144  0.6511312  0.6331403  0.6344071  0.6562309  0.6764882  0.6784382  0.6851855  0.6999856  0.6965125  0.6797202  0.6696150  0.6755870  0.6694341  0.6578547  0.6623245  0.6619098  0.6720975  0.6746015  0.6827457  0.6894615  0.6973128  0.6998740  0.7102471  0.7047536  0.7025616
 2  0.5714015  0.5268909  0.5033064  0.4947928  0.5029801  0.5357739  0.5573463  0.5606748  0.5730505  0.5948374  0.5922554  0.5652276  0.5301993  0.5125783  0.4987416  0.4921487  0.5122158  0.5294830  0.5409859  0.5412796  0.5370289  0.5398101  0.5485666  0.5694190  0.5865384  0.5826118  0.5696523
 3  0.7535218  0.7146189  0.6753432  0.6543680  0.6522285  0.6720799  0.6950843  0.6972839  0.7024545  0.7200645  0.7193059  0.7014306  0.6872522  0.6915606  0.6861212  0.6736622  0.6786572  0.6792635  0.6901638  0.6926574  0.6996016  0.7056599  0.7142165  0.7167372  0.7298549  0.7250421  0.7203049
 4  0.4534606  0.4223056  0.4118584  0.4020905  0.4207833  0.4726669  0.4839045  0.4716483  0.5037429  0.5309414  0.5126753  0.4458429  0.4065257  0.4110078  0.3957668  0.4031664  0.4341797  0.4557992  0.4567965  0.4430651  0.4346853  0.4502723  0.4617307  0.4979232  0.5124409  0.4817146  0.4619987
 1  0.7294815  0.6844867  0.6506839  0.6367788  0.6370666  0.6498697  0.6670200  0.6900761  0.6942898  0.6983978  0.6946084  0.6904642  0.6795062  0.6676152  0.6830086  0.6788393  0.6783623  0.6807621  0.6895335  0.6909251  0.6877984  0.6977051  0.7008762  0.6980857  0.6886876  0.6779661  0.6659517
 2  0.5725402  0.5259815  0.5062972  0.4997556  0.5004760  0.5104691  0.5418870  0.5706915  0.5802783  0.5781148  0.5638181  0.5458380  0.5188588  0.5219165  0.5548980  0.5664295  0.5675058  0.5703630  0.5739857  0.5636661  0.5520926  0.5636205  0.5802757  0.5845965  0.5732367  0.5504355  0.5187257
 3  0.7525449  0.7105500  0.6751794  0.6579781  0.6552625  0.6663611  0.6825505  0.7083003  0.7140214  0.7176135  0.7134545  0.7083160  0.6967590  0.6832429  0.7007654  0.6989980  0.6978885  0.7001787  0.7090605  0.7102455  0.7050135  0.7145356  0.7202265  0.7186188  0.7094231  0.6976303  0.6837805
 4  0.4554746  0.4241928  0.4149054  0.4059328  0.4095018  0.4266081  0.4776855  0.5031725  0.4976716  0.4846498  0.4622387  0.4364549  0.4057314  0.4499824  0.4927159  0.4898231  0.4871230  0.4923394  0.4899800  0.4596107  0.4531577  0.4910541  0.5100362  0.5054537  0.4810364  0.4407027  0.4052104
 1  0.7294027  0.6819304  0.6523798  0.6461029  0.6569024  0.6646156  0.6697947  0.6698488  0.6649758  0.6667881  0.6661127  0.6850683  0.7062042  0.6938743  0.6831661  0.6820383  0.6875499  0.6930054  0.6929323  0.6956966  0.7020881  0.7016430  0.7015453  0.7013588  0.7029092  0.6994354  0.6955843
 2  0.5698543  0.5239712  0.5091353  0.5182812  0.5311562  0.5386796  0.5371912  0.5287618  0.5224499  0.5289853  0.5435931  0.5865846  0.6047664  0.5930849  0.5579052  0.5295407  0.5279259  0.5385427  0.5469130  0.5505028  0.5551949  0.5544814  0.5519149  0.5566434  0.5584050  0.5499248  0.5457052
 3  0.7524993  0.7084541  0.6770076  0.6663519  0.6755216  0.6826570  0.6873441  0.6877365  0.6817168  0.6841899  0.6840527  0.7015522  0.7291973  0.7166998  0.7022748  0.6987387  0.7032245  0.7098919  0.7105330  0.7122894  0.7193621  0.7190360  0.7184537  0.7185922  0.7208407  0.7169995  0.7119232
 4  0.4541562  0.4249877  0.4172000  0.4377323  0.4509544  0.4517546  0.4470365  0.4283958  0.4342241  0.4522222  0.4694586  0.5303045  0.5394599  0.4898040  0.4302140  0.4156304  0.4427399  0.4571258  0.4485911  0.4578704  0.4641725  0.4559696  0.4562415  0.4693200  0.4642422  0.4410097  0.4531978
 1  0.7272826  0.6766737  0.6463783  0.6386058  0.6451276  0.6507824  0.6710525  0.7013748  0.6899116  0.6758310  0.6638364  0.6631807  0.6832338  0.6828996  0.6805402  0.6851413  0.6907003  0.6928647  0.6927590  0.6956370  0.6974517  0.6994391  0.7083849  0.7178567  0.7116278  0.7054750  0.7031687
 2  0.5729577  0.5236270  0.5083192  0.5153676  0.5252613  0.5301353  0.5681171  0.5950904  0.5851033  0.5513454  0.5069885  0.5049248  0.5365504  0.5464272  0.5359819  0.5283830  0.5328767  0.5376002  0.5438034  0.5478466  0.5493770  0.5529928  0.5797076  0.5993472  0.5966376  0.5774320  0.5475975
 3  0.7510606  0.7033850  0.6710851  0.6592739  0.6639574  0.6691100  0.6862969  0.7219951  0.7125881  0.6958614  0.6809805  0.6777336  0.6996735  0.7017030  0.6979299  0.7010998  0.7068897  0.7098230  0.7096782  0.7126512  0.7147140  0.7163150  0.7250844  0.7382887  0.7330516  0.7243729  0.7199837
 4  0.4584400  0.4252542  0.4206623  0.4361890  0.4468483  0.4461362  0.5091075  0.5323852  0.4914195  0.4220121  0.3757896  0.4313663  0.4714069  0.4511307  0.4206052  0.4270235  0.4454651  0.4464395  0.4494239  0.4556631  0.4541900  0.4621435  0.5116194  0.5302105  0.5013315  0.4545858  0.4198576
 1  0.7263195  0.6763092  0.6342437  0.6164205  0.6217422  0.6363980  0.6441542  0.6472450  0.6644485  0.6853521  0.7021919  0.6971641  0.6934726  0.7002981  0.6973979  0.6949282  0.7006060  0.7049328  0.7070981  0.7157858  0.7061652  0.7021976  0.6954474  0.6960473  0.7009502  0.6961833  0.6857486
 2  0.5711790  0.5236523  0.5003549  0.4956673  0.5056814  0.5166805  0.5141633  0.5077387  0.5286901  0.5720507  0.5924451  0.5867009  0.5706574  0.5622708  0.5477124  0.5299098  0.5382775  0.5509523  0.5725779  0.5885420  0.5844984  0.5683321  0.5490589  0.5479261  0.5566231  0.5542004  0.5271032
 3  0.7502776  0.7032470  0.6593683  0.6378094  0.6400604  0.6539798  0.6622334  0.6638255  0.6799077  0.7020892  0.7230499  0.7183428  0.7117019  0.7182712  0.7154686  0.7108220  0.7159504  0.7221256  0.7238674  0.7352343  0.7263193  0.7209273  0.7130361  0.7124565  0.7186362  0.7147899  0.7032394
 4  0.4579942  0.4257769  0.4154677  0.4138700  0.4289600  0.4383878  0.4178809  0.4131899  0.4589803  0.5142408  0.5224166  0.4860837  0.4689223  0.4687472  0.4330237  0.4145723  0.4527843  0.4657165  0.4979542  0.5119426  0.4897084  0.4597513  0.4402466  0.4617415  0.4756119  0.4498168  0.3955365
 1  0.7283663  0.6828137  0.6387289  0.6160835  0.6110895  0.6384195  0.6677282  0.6768762  0.6863235  0.6904965  0.6858997  0.6890092  0.6921611  0.6894291  0.6685886  0.6517359  0.6839571  0.6659663  0.6553832  0.6631122  0.6731879  0.6697371  0.6756608  0.6815201  0.6809390  0.6917032  0.6902870
 2  0.5709641  0.5259476  0.4990099  0.4835690  0.4865160  0.5274502  0.5570559  0.5673864  0.5712853  0.5692072  0.5568923  0.5546692  0.5605986  0.5564818  0.5282581  0.5433570  0.5809688  0.5672314  0.5425173  0.5390340  0.5480744  0.5466557  0.5512950  0.5499034  0.5561486  0.5723678  0.5716288
 3  0.7517058  0.7089869  0.6634598  0.6379030  0.6289115  0.6534415  0.6863322  0.6956778  0.7047627  0.7102392  0.7045310  0.7062561  0.7105040  0.7083772  0.6875376  0.6665407  0.7045769  0.6896988  0.6751093  0.6800295  0.6914690  0.6887306  0.6938767  0.6997636  0.6979416  0.7107802  0.7110074
 4  0.4566222  0.4243291  0.4110835  0.3894992  0.4073739  0.4726216  0.4887766  0.4838276  0.4919150  0.4795132  0.4568708  0.4690318  0.4795433  0.4624876  0.4206612  0.4881968  0.5254412  0.4753335  0.4345149  0.4586097  0.4733940  0.4631602  0.4636779  0.4564696  0.4814036  0.5037928  0.4760643
 1  0.7305319  0.6896108  0.6457893  0.6256873  0.6375199  0.6563066  0.6704014  0.6671133  0.6662558  0.6698703  0.6873326  0.6957037  0.6942762  0.6963188  0.6991992  0.7073900  0.7022015  0.6982729  0.6927055  0.6916575  0.6926995  0.6898194  0.6853051  0.6856794  0.6911015  0.7048736  0.7078070
 2  0.5721984  0.5283647  0.4991387  0.5004800  0.5258051  0.5540670  0.5644643  0.5512339  0.5241557  0.5063347  0.5234605  0.5392651  0.5459924  0.5454278  0.5505185  0.5547798  0.5499178  0.5394988  0.5333648  0.5475353  0.5646650  0.5700361  0.5658806  0.5601345  0.5703222  0.5886704  0.5936130
 3  0.7533336  0.7150453  0.6701349  0.6459869  0.6554183  0.6742043  0.6902717  0.6874660  0.6843521  0.6850988  0.7022898  0.7125041  0.7111026  0.7133572  0.7158195  0.7242494  0.7196137  0.7150694  0.7090932  0.7085072  0.7112310  0.7096797  0.7046946  0.7045118  0.7086263  0.7239926  0.7287507
 4  0.4550996  0.4230248  0.4073783  0.4255364  0.4602783  0.4898870  0.4888149  0.4479580  0.3929742  0.4025224  0.4469229  0.4523118  0.4492991  0.4468914  0.4578828  0.4612126  0.4463955  0.4299975  0.4393494  0.4724931  0.4922971  0.4876515  0.4770190  0.4692789  0.4946642  0.5200863  0.5091483
 1  0.7307829  0.6860775  0.6545324  0.6503302  0.6775306  0.6783105  0.6722064  0.6852379  0.7151065  0.7084190  0.6943355  0.6892571  0.6866571  0.6881616  0.6983962  0.6992938  0.6956033  0.6925777  0.7063059  0.7001814  0.6916029  0.6893887  0.6897724  0.6865842  0.6846488  0.6811311  0.6813026
 2  0.5712566  0.5248832  0.5085128  0.5395639  0.5687180  0.5658128  0.5325650  0.5558013  0.5978127  0.6021334  0.5811642  0.5479877  0.5091070  0.4902936  0.5225947  0.5545580  0.5647248  0.5809565  0.5963912  0.5912554  0.5678997  0.5428448  0.5276051  0.5155999  0.5071049  0.4978997  0.5076167
 3  0.7532018  0.7115500  0.6787048  0.6690727  0.6976065  0.6993275  0.6903303  0.6982186  0.7350652  0.7314330  0.7152087  0.7073571  0.7028248  0.7019249  0.7129845  0.7167437  0.7145813  0.7105877  0.7272064  0.7220796  0.7112477  0.7064954  0.7061769  0.7029724  0.7006004  0.6964233  0.6962260
 4  0.4532831  0.4225278  0.4190099  0.4790053  0.5024693  0.4625707  0.3877096  0.4942673  0.5430501  0.5200732  0.4652853  0.4156907  0.3645036  0.3877623  0.4526617  0.4821692  0.4809082  0.5109308  0.5280282  0.4994506  0.4493237  0.4279050  0.4243621  0.4102073  0.3888243  0.3862107  0.4234049
 1  0.7288303  0.6817804  0.6389998  0.6180595  0.5935997  0.5596582  0.6089597  0.6718407  0.6804146  0.6875808  0.6903410  0.6891720  0.6864667  0.6936385  0.7143501  0.7142628  0.6973373  0.6864562  0.6781835  0.6938520  0.7187373  0.6972292  0.6744642  0.6646412  0.6731864  0.6688480  0.6641969
 2  0.5741911  0.5258759  0.5001915  0.4939086  0.4791206  0.4621501  0.5355418  0.5812110  0.5886568  0.5831744  0.5701773  0.5486664  0.5186442  0.5459554  0.5962005  0.6083992  0.5893139  0.5496471  0.5029858  0.5722628  0.6126184  0.6023587  0.5603131  0.5158292  0.5088823  0.5026657  0.5029663
 3  0.7523075  0.7080710  0.6638015  0.6393603  0.6128552  0.5771775  0.6208139  0.6912192  0.7020823  0.7075313  0.7098963  0.7075366  0.7026365  0.7075547  0.7330565  0.7374314  0.7196064  0.7051620  0.6938613  0.7059064  0.7425603  0.7225582  0.6960918  0.6812898  0.6886085  0.6862539  0.6803402
 4  0.4580154  0.4245422  0.4135277  0.4120244  0.4010029  0.3982583  0.4931537  0.5256915  0.5084269  0.4929584  0.4717553  0.4279253  0.3910004  0.4832377  0.5413826  0.5353154  0.4772597  0.4021030  0.3703498  0.5267741  0.5581314  0.5113704  0.4175692  0.3913855  0.4244962  0.4056107  0.4019254
 1  0.7302531  0.6859001  0.6537080  0.6394462  0.6386246  0.6518683  0.6647670  0.6681355  0.6687077  0.6829585  0.7020767  0.6961007  0.6893954  0.6932354  0.6974549  0.7025316  0.6980952  0.6984292  0.6879388  0.6788183  0.6697707  0.6637517  0.6718496  0.6875434  0.7084437  0.6989448  0.6830819
 2  0.5733499  0.5260023  0.5079153  0.5026308  0.5048099  0.5197631  0.5328496  0.5310626  0.5302478  0.5663160  0.5891781  0.5829644  0.5571144  0.5394858  0.5419860  0.5550454  0.5709568  0.5767666  0.5629508  0.5372925  0.5172995  0.5233007  0.5431026  0.5858551  0.6052856  0.5973520  0.5622804
 3  0.7529906  0.7113900  0.6778565  0.6607117  0.6568878  0.6683460  0.6821741  0.6859975  0.6853241  0.6990116  0.7227935  0.7172377  0.7074876  0.7097019  0.7135969  0.7196502  0.7163573  0.7183554  0.7082814  0.6968214  0.6862132  0.6808792  0.6894458  0.7041526  0.7308172  0.7217133  0.7028541
 4  0.4553468  0.4227668  0.4182200  0.4103287  0.4161786  0.4431788  0.4517772  0.4331798  0.4430650  0.5080854  0.5210245  0.4782315  0.4357489  0.4337727  0.4569624  0.4759440  0.4955421  0.4969668  0.4581470  0.4185373  0.4244185  0.4496013  0.4697028  0.5268581  0.5405388  0.5004124  0.4416884
 1  0.7306463  0.6839757  0.6456135  0.6304597  0.6338074  0.6429281  0.6625445  0.6777037  0.7003244  0.6925667  0.6823529  0.6814997  0.7008201  0.7067510  0.6953647  0.6882550  0.6833881  0.6861559  0.6893935  0.6862145  0.6841385  0.6938905  0.6919606  0.7000604  0.7072649  0.6868959  0.6741653
 2  0.5746519  0.5252001  0.5048550  0.5043976  0.5069522  0.5187933  0.5405805  0.5779843  0.5981824  0.5904010  0.5590334  0.5394906  0.5639152  0.5775591  0.5651526  0.5320753  0.4959118  0.4912614  0.5310049  0.5563047  0.5691941  0.5744061  0.5707559  0.5891522  0.5985522  0.5825034  0.5549417
 3  0.7534515  0.7097975  0.6701994  0.6517424  0.6528203  0.6595188  0.6794410  0.6945938  0.7219067  0.7152328  0.7023152  0.6974680  0.7171477  0.7264964  0.7150310  0.7055320  0.6985155  0.7001002  0.7047843  0.7056135  0.7032046  0.7129845  0.7112879  0.7172717  0.7296504  0.7098979  0.6935067
 4  0.4558021  0.4237556  0.4195046  0.4218553  0.4170795  0.4419924  0.4718837  0.5188770  0.5333395  0.4961549  0.4277994  0.4419421  0.4996775  0.4995558  0.4491959  0.3868967  0.3618038  0.4021355  0.4696755  0.4839736  0.4876794  0.4914737  0.4806670  0.5214768  0.5323709  0.4845559  0.4496975
 1  0.7306384  0.6854714  0.6542733  0.6421785  0.6429826  0.6483514  0.6573108  0.6813454  0.7023163  0.6965204  0.6883517  0.6924000  0.6925871  0.6954961  0.6905979  0.6889267  0.6822522  0.6905847  0.6875835  0.6819269  0.6850695  0.6927600  0.6938416  0.6899756  0.6833479  0.6884245  0.6937788
 2  0.5714296  0.5260166  0.5083160  0.5023199  0.4936609  0.4830993  0.4991992  0.5634882  0.5941916  0.5900156  0.5680265  0.5531590  0.5473558  0.5444947  0.5418666  0.5381876  0.5535575  0.5786673  0.5790294  0.5605486  0.5462771  0.5503917  0.5489021  0.5387221  0.5297348  0.5567067  0.5761646
 3  0.7535934  0.7116730  0.6787204  0.6631682  0.6614848  0.6644942  0.6713491  0.6965228  0.7233578  0.7183986  0.7072446  0.7100679  0.7099755  0.7126566  0.7078904  0.7061181  0.6987836  0.7106471  0.7095600  0.7012210  0.7018216  0.7099913  0.7118698  0.7074490  0.6994155  0.7049195  0.7141118
 4  0.4547070  0.4248329  0.4146224  0.4057806  0.3832713  0.3702769  0.4282990  0.5140576  0.5294923  0.4920753  0.4591300  0.4548097  0.4540056  0.4487250  0.4447983  0.4418705  0.4873222  0.5169113  0.4881968  0.4445693  0.4502229  0.4677136  0.4540703  0.4235141  0.4367203  0.4952968  0.5063860
 1  0.7298247  0.6827102  0.6538385  0.6555447  0.6869082  0.6856105  0.6808693  0.6829567  0.6914596  0.7013901  0.6939912  0.6881999  0.6977559  0.6956780  0.6926818  0.6888955  0.6885350  0.6879609  0.6950669  0.6928025  0.6958102  0.7063414  0.7084678  0.7097313  0.7124513  0.7112185  0.7055639
 2  0.5696666  0.5235318  0.5098169  0.5500822  0.5798851  0.5782968  0.5496936  0.5202056  0.5185970  0.5313050  0.5321653  0.5325757  0.5575243  0.5708822  0.5675602  0.5562840  0.5439396  0.5431175  0.5540164  0.5523246  0.5569508  0.5681025  0.5720758  0.5701679  0.5700897  0.5702619  0.5594498
 3  0.7525837  0.7089407  0.6783411  0.6735114  0.7076561  0.7070297  0.6991629  0.6990237  0.7061687  0.7172483  0.7114206  0.7037867  0.7146191  0.7153230  0.7122670  0.7072446  0.7059334  0.7047964  0.7126462  0.7111626  0.7124583  0.7238730  0.7270753  0.7269581  0.7299878  0.7292613  0.7237098
 4  0.4530319  0.4241191  0.4187927  0.4920749  0.5156309  0.4775981  0.4194098  0.3953481  0.4278067  0.4476968  0.4201592  0.4415620  0.4897424  0.4936951  0.4716586  0.4520575  0.4435148  0.4586195  0.4709004  0.4531096  0.4668830  0.4885524  0.4769097  0.4716456  0.4794315  0.4774664  0.4568913
 1  0.7291441  0.6867744  0.6587967  0.6468793  0.6306420  0.6315974  0.6648099  0.6865017  0.6754171  0.6797186  0.6706600  0.6635290  0.6753916  0.6907015  0.6896091  0.6868315  0.6887616  0.6856684  0.6869738  0.6847008  0.6914135  0.6898378  0.6923769  0.6879513  0.6829783  0.6742823  0.6613878
 2  0.5731839  0.5275537  0.5091333  0.4970977  0.4714746  0.4868840  0.5641246  0.5900413  0.5851734  0.5744147  0.5510760  0.5226305  0.5282573  0.5491899  0.5521418  0.5542764  0.5614837  0.5676023  0.5663326  0.5631847  0.5615794  0.5618885  0.5630480  0.5615806  0.5539244  0.5407086  0.5224201
 3  0.7522081  0.7123594  0.6826377  0.6678256  0.6490490  0.6458669  0.6793444  0.7092602  0.6977023  0.7004290  0.6910091  0.6812345  0.6909643  0.7076780  0.7079813  0.7043859  0.7069165  0.7051106  0.7068676  0.7031714  0.7097983  0.7081554  0.7108416  0.7068971  0.7019210  0.6929688  0.6796118
 4  0.4562852  0.4226940  0.4126323  0.3890448  0.3563670  0.4225434  0.5200560  0.5280448  0.5028273  0.4860306  0.4442333  0.4114735  0.4475460  0.4731564  0.4617158  0.4660448  0.4856234  0.4917572  0.4769891  0.4728687  0.4747115  0.4762356  0.4793204  0.4750648  0.4628179  0.4447997  0.4262962
