FL 2019 2020 2021 2022 2023 2024 2025 2026 2027 2028 2029 2030 2031 2032 2033 2034 2035 2036 2037 2038 2039 2040 2041 2042 2043 2044 2045
 1  0.1254765  0.0537101  0.0382306  0.0514361  0.0378777  0.0853159  0.0667222  0.1486252  0.1843588  0.2127168  0.2924182  0.1466535  0.1392641  0.1637271  0.1947571  0.2456185  0.2431233  0.1551457  0.1728052  0.0574848  0.0402106  0.0572901  0.0515288  0.1302183  0.1129614  0.2017119  0.2419287
 2  0.0238751  0.0086047  0.0059352  0.0086823  0.0045084  0.0124266  0.0116634  0.0302220  0.0423727  0.0514476  0.0655235  0.0271038  0.0259139  0.0327682  0.0389619  0.0448512  0.0441707  0.0303485  0.0329150  0.0093940  0.0065448  0.0099025  0.0098516  0.0234218  0.0206733  0.0395351  0.0505596
 3  0.1162273  0.1477708  0.1300337  0.1577872  0.1250511  0.1613813  0.1268193  0.1397563  0.1220202  0.1417801  0.1341328  0.1074023  0.1036784  0.1365091  0.1084821  0.1002108  0.0933222  0.0906531  0.0774613  0.0816654  0.0849077  0.1433452  0.1117371  0.1200395  0.1096422  0.1340133  0.1101117
 4  0.0444602  0.0567956  0.0399322  0.0794477  0.0559800  0.0409159  0.0258467  0.0308465  0.0278928  0.0389355  0.0417287  0.0438488  0.0350012  0.0391937  0.0397444  0.0408132  0.0289577  0.0399278  0.0493764  0.0496071  0.0411201  0.0436740  0.0400799  0.0492507  0.0354142  0.0351661  0.0294097
 1  0.1220670  0.0539047  0.0379046  0.0804315  0.0708430  0.0996653  0.0829490  0.1137782  0.1151466  0.1127631  0.1067808  0.0622509  0.0589844  0.0642097  0.0633957  0.0596224  0.0587627  0.0619537  0.0531236  0.2670481  0.3573206  0.3112065  0.3731431  0.2072562  0.2392687  0.0977583  0.0819609
 2  0.0232303  0.0087191  0.0059777  0.0135044  0.0128080  0.0169944  0.0143264  0.0211126  0.0208396  0.0206702  0.0210460  0.0124058  0.0123331  0.0135917  0.0133142  0.0129593  0.0103096  0.0108934  0.0102688  0.0568698  0.0794184  0.0638673  0.0744941  0.0409677  0.0463320  0.0173729  0.0144922
 3  0.1130934  0.1133406  0.1400758  0.1284068  0.1274104  0.1518262  0.1547012  0.1505032  0.1376375  0.0996800  0.0984383  0.0827197  0.0774121  0.1001048  0.1143108  0.1002783  0.0934498  0.0857980  0.0824952  0.0849366  0.0865668  0.0657582  0.0761244  0.0749695  0.0778872  0.0759984  0.0743008
 4  0.0433681  0.0436872  0.0405326  0.0364043  0.0423598  0.0471735  0.0416958  0.0406135  0.0427311  0.0336721  0.0332471  0.0360653  0.0332790  0.0360936  0.0365288  0.0446581  0.0468346  0.0349069  0.0308369  0.0283001  0.0318132  0.0335289  0.0345072  0.0326545  0.0387708  0.0381278  0.0363864
 1  0.1187765  0.0769133  0.0559368  0.0698259  0.0505049  0.2188091  0.2596897  0.1789937  0.1682664  0.1276550  0.1355155  0.1716725  0.1692589  0.0741682  0.0686064  0.1527589  0.1589709  0.1605037  0.1608723  0.1325445  0.1337913  0.2326680  0.2830191  0.1447304  0.1059989  0.1074810  0.1016082
 2  0.0226444  0.0125015  0.0087523  0.0104344  0.0082301  0.0403344  0.0488111  0.0315882  0.0299972  0.0239849  0.0270093  0.0329996  0.0299568  0.0137005  0.0125859  0.0296900  0.0303698  0.0307197  0.0302668  0.0253856  0.0275956  0.0504812  0.0585700  0.0238966  0.0165473  0.0184766  0.0198493
 3  0.1100329  0.1354945  0.1393577  0.1588128  0.1459440  0.1524631  0.1482818  0.1193998  0.1221948  0.1327369  0.1181757  0.1251621  0.1168768  0.0776463  0.0713795  0.1056216  0.0967086  0.0917873  0.0867753  0.0792717  0.0696238  0.0651307  0.0733782  0.0758108  0.0792378  0.1093441  0.0956532
 4  0.0423910  0.0475765  0.0497767  0.0459944  0.0362694  0.0360433  0.0397087  0.0408151  0.0373563  0.0351284  0.0327781  0.0459194  0.0398737  0.0363832  0.0357737  0.0375916  0.0360385  0.0371207  0.0349552  0.0351815  0.0331836  0.0335299  0.0446584  0.0503350  0.0419315  0.0332192  0.0270774
 1  0.1193897  0.0246958  0.0170891  0.0828874  0.0722804  0.0894548  0.0893816  0.0594507  0.0530561  0.0401890  0.0316454  0.0522314  0.0467511  0.0576762  0.0610695  0.0859826  0.0969318  0.1557037  0.1816635  0.1399587  0.1354304  0.1571024  0.1534877  0.1803138  0.2236046  0.1687913  0.1848482
 2  0.0226910  0.0039735  0.0027021  0.0137509  0.0125601  0.0167971  0.0167860  0.0112214  0.0086865  0.0065486  0.0058298  0.0098252  0.0094206  0.0126144  0.0140704  0.0203927  0.0216271  0.0342539  0.0377183  0.0277815  0.0235496  0.0280308  0.0299740  0.0385925  0.0502721  0.0364977  0.0391373
 3  0.1105887  0.1249876  0.1316222  0.1650673  0.1548322  0.1410169  0.1427985  0.1473818  0.1355201  0.1160642  0.1146466  0.1028508  0.0938040  0.1025093  0.1028201  0.1068224  0.1108401  0.1168837  0.1291187  0.0755451  0.0731319  0.0958186  0.0897360  0.1005721  0.1017715  0.0710783  0.0675401
 4  0.0420011  0.0464434  0.0422344  0.0414220  0.0378581  0.0352138  0.0410266  0.0530627  0.0515785  0.0351513  0.0329287  0.0356178  0.0308459  0.0275941  0.0305765  0.0344454  0.0364966  0.0342676  0.0377460  0.0463445  0.0447388  0.0334446  0.0276205  0.0274984  0.0314336  0.0357616  0.0385045
 1  0.1189860  0.0474579  0.0335762  0.0549427  0.0418770  0.1355967  0.1267935  0.2947375  0.3486647  0.3888981  0.4777849  0.1856398  0.1717235  0.0801619  0.0629941  0.1793483  0.2021068  0.2331721  0.2776130  0.1000374  0.0852305  0.2037558  0.2487135  0.3393635  0.4915757  0.1284665  0.0912877
 2  0.0231473  0.0077530  0.0053066  0.0088939  0.0063663  0.0228159  0.0217156  0.0539295  0.0601528  0.0666837  0.0888559  0.0339759  0.0240002  0.0122636  0.0105465  0.0337507  0.0418915  0.0518365  0.0485091  0.0165404  0.0157452  0.0413029  0.0531682  0.0745684  0.1030100  0.0203481  0.0135550
 3  0.1099257  0.1227127  0.1274542  0.1310539  0.1187967  0.1621310  0.1453835  0.1412477  0.1566847  0.0899857  0.0960253  0.0835039  0.0733606  0.1211086  0.1027010  0.1119073  0.1076458  0.0711809  0.0681582  0.0879015  0.0838495  0.1096876  0.1031259  0.0751006  0.0747538  0.0814798  0.0870367
 4  0.0434759  0.0459494  0.0422504  0.0491455  0.0411348  0.0431394  0.0402936  0.0375349  0.0447711  0.0318686  0.0325717  0.0519225  0.0465676  0.0409480  0.0333989  0.0316182  0.0297801  0.0430773  0.0434851  0.0399097  0.0342051  0.0322138  0.0294180  0.0333515  0.0382027  0.0474382  0.0427707
 1  0.1162521  0.0849438  0.0620038  0.1090127  0.0927719  0.1618116  0.1809834  0.1395914  0.1068234  0.1162376  0.1150243  0.0754269  0.0791638  0.1142411  0.1170390  0.1558793  0.1752583  0.1329927  0.1442587  0.0744130  0.0702891  0.1100659  0.0874658  0.1922032  0.2277790  0.0734115  0.0593350
 2  0.0225599  0.0139384  0.0097276  0.0175061  0.0155996  0.0299915  0.0341755  0.0231644  0.0167477  0.0200378  0.0223896  0.0162073  0.0173148  0.0244795  0.0237468  0.0319614  0.0381394  0.0295437  0.0303904  0.0152709  0.0131385  0.0184349  0.0156733  0.0384042  0.0449480  0.0129845  0.0110005
 3  0.1074261  0.1246157  0.1433855  0.1688739  0.1569901  0.1627378  0.1543955  0.1016246  0.1011425  0.1538628  0.1309383  0.0700993  0.0594102  0.0979522  0.0985414  0.0849658  0.0825059  0.0702401  0.0602398  0.0708545  0.0703825  0.0991907  0.1037717  0.1142282  0.1093622  0.0735512  0.0777884
 4  0.0426515  0.0470430  0.0462958  0.0446207  0.0368507  0.0381113  0.0475832  0.0461508  0.0385637  0.0374057  0.0280772  0.0337103  0.0360277  0.0369622  0.0355900  0.0301787  0.0297181  0.0353963  0.0336513  0.0397363  0.0461973  0.0415035  0.0323818  0.0332163  0.0431268  0.0398731  0.0339877
 1  0.1297236  0.0889434  0.0622891  0.0459382  0.0341126  0.0645461  0.0695846  0.0859538  0.0939851  0.0984785  0.1148887  0.0952842  0.0691997  0.0520495  0.0460016  0.1972355  0.2384128  0.1478147  0.1501364  0.0580332  0.0409964  0.0629213  0.0552457  0.1218766  0.1364672  0.1116226  0.1344500
 2  0.0243926  0.0139661  0.0095447  0.0069993  0.0058019  0.0125043  0.0148078  0.0192543  0.0212722  0.0225053  0.0251227  0.0163746  0.0111449  0.0089736  0.0088853  0.0413791  0.0519413  0.0329130  0.0227653  0.0086856  0.0067840  0.0112169  0.0105636  0.0259264  0.0314935  0.0270716  0.0339995
 3  0.1204050  0.1254520  0.1514589  0.1337063  0.1325434  0.1560487  0.1479773  0.1048181  0.1050815  0.1363997  0.1311972  0.0971761  0.1095475  0.1143670  0.1169240  0.1155688  0.1017143  0.0725372  0.0719389  0.0860295  0.0752567  0.0884483  0.0853017  0.0937787  0.0959919  0.0849485  0.0894741
 4  0.0445032  0.0449174  0.0474883  0.0418402  0.0352197  0.0321245  0.0340059  0.0325886  0.0324606  0.0327220  0.0464042  0.0480576  0.0436930  0.0329752  0.0320048  0.0341296  0.0296714  0.0565062  0.0510389  0.0451107  0.0378571  0.0348769  0.0317676  0.0278670  0.0293204  0.0294402  0.0297396
 1  0.1244105  0.0149918  0.0102917  0.0181929  0.0158383  0.0656759  0.0637452  0.2008240  0.1770200  0.1140716  0.0972068  0.2148031  0.2685402  0.1959384  0.2341620  0.1161898  0.0962795  0.1514258  0.1203477  0.3035648  0.3721939  0.3072625  0.4116645  0.1258738  0.1127808  0.0833208  0.0618002
 2  0.0246932  0.0024389  0.0016172  0.0031215  0.0030068  0.0133069  0.0106948  0.0331915  0.0277073  0.0184859  0.0173292  0.0425587  0.0573543  0.0421357  0.0502284  0.0233463  0.0126243  0.0223846  0.0209610  0.0571661  0.0723226  0.0615456  0.0844440  0.0228855  0.0198428  0.0136303  0.0094436
 3  0.1146225  0.1318069  0.1413013  0.1210509  0.1204083  0.1536795  0.1416016  0.1559517  0.1557288  0.1107614  0.1028550  0.1389264  0.1328709  0.0885042  0.0851147  0.0733396  0.0708219  0.1122076  0.0989114  0.1042652  0.1058730  0.0759014  0.0742849  0.0775678  0.0802042  0.1061159  0.1067797
 4  0.0469218  0.0504866  0.0410988  0.0323283  0.0320635  0.0505506  0.0538114  0.0459482  0.0484571  0.0359302  0.0322303  0.0306955  0.0302394  0.0316122  0.0353714  0.0592254  0.0493031  0.0353016  0.0284457  0.0331364  0.0311767  0.0312763  0.0385781  0.0407033  0.0446967  0.0507682  0.0425719
 1  0.1237088  0.0832669  0.0596894  0.1540339  0.1484541  0.1685164  0.1574123  0.0466866  0.0308913  0.0811753  0.0674451  0.1325044  0.1525199  0.1359850  0.1580190  0.1106970  0.1327373  0.0799040  0.0728947  0.0689375  0.0669072  0.0678148  0.0643340  0.0747581  0.0375760  0.0632691  0.0573039
 2  0.0237626  0.0133677  0.0092381  0.0258658  0.0253189  0.0287731  0.0272986  0.0072042  0.0046421  0.0132308  0.0124570  0.0275964  0.0341473  0.0315604  0.0384377  0.0274737  0.0330139  0.0170653  0.0149025  0.0139873  0.0128208  0.0132123  0.0134119  0.0100885  0.0054631  0.0108990  0.0115603
 3  0.1145732  0.1295100  0.1260427  0.1657657  0.1632977  0.1407392  0.1593060  0.0988526  0.0996007  0.1035071  0.1050074  0.1087723  0.1023166  0.0675755  0.0644662  0.0663416  0.0656594  0.0651004  0.0712692  0.1024451  0.1003083  0.0865666  0.0910503  0.0720200  0.0657411  0.0662072  0.0627312
 4  0.0440699  0.0500864  0.0398557  0.0414493  0.0442427  0.0388238  0.0507830  0.0502024  0.0464390  0.0336527  0.0288254  0.0289728  0.0299911  0.0335037  0.0276562  0.0302099  0.0382653  0.0397362  0.0373243  0.0379993  0.0405264  0.0342902  0.0651120  0.0567158  0.0405293  0.0271358  0.0245019
 1  0.1300004  0.0895330  0.0628274  0.0616308  0.0390867  0.0686822  0.0746500  0.1079305  0.1201727  0.1070636  0.1079387  0.0926349  0.0935405  0.1043221  0.0855448  0.0941978  0.0736060  0.1414798  0.1515189  0.1565355  0.1959933  0.2964325  0.3969057  0.1488907  0.1331217  0.0974979  0.0874543
 2  0.0246276  0.0141504  0.0096300  0.0085211  0.0062928  0.0130089  0.0161943  0.0244478  0.0268937  0.0220882  0.0202514  0.0176649  0.0190869  0.0189893  0.0145657  0.0152959  0.0124889  0.0266198  0.0317698  0.0365798  0.0481347  0.0686988  0.0810285  0.0268812  0.0209401  0.0163024  0.0164320
 3  0.1205402  0.1221986  0.1333492  0.1287586  0.1242684  0.1489077  0.1481482  0.1271050  0.1307213  0.1377989  0.1346774  0.1262043  0.1251751  0.1184168  0.1236996  0.1163754  0.1091187  0.1113832  0.1031453  0.0703488  0.0636103  0.1002920  0.1125583  0.0826720  0.0805339  0.1275610  0.1203784
 4  0.0455741  0.0470615  0.0495616  0.0445148  0.0328576  0.0282925  0.0310044  0.0366287  0.0375615  0.0427363  0.0392154  0.0312321  0.0402118  0.0474364  0.0485898  0.0434840  0.0359925  0.0307182  0.0263105  0.0302036  0.0336767  0.0351751  0.0373901  0.0440611  0.0418719  0.0356217  0.0399075
 1  0.1180277  0.0358854  0.0253048  0.0436388  0.0356473  0.0773177  0.0728600  0.1155989  0.1215998  0.1355427  0.1439928  0.1161000  0.0830191  0.1595209  0.1533990  0.1423295  0.1461260  0.1627975  0.1688246  0.1013972  0.1061854  0.1667000  0.1902241  0.1390470  0.1491137  0.2023797  0.2353841
 2  0.0228373  0.0058748  0.0040342  0.0072258  0.0060771  0.0142000  0.0129289  0.0217351  0.0251047  0.0282260  0.0298873  0.0192422  0.0134013  0.0275913  0.0273041  0.0267443  0.0296784  0.0326294  0.0339762  0.0208645  0.0229803  0.0367143  0.0392212  0.0283217  0.0311016  0.0427368  0.0460086
 3  0.1090697  0.1168162  0.1384170  0.1357307  0.1149607  0.1470582  0.1465383  0.1521908  0.1508202  0.1032523  0.1124347  0.0904284  0.0942000  0.1228258  0.1093506  0.1086908  0.1169838  0.0986848  0.1072878  0.0749221  0.0644645  0.0943289  0.0860591  0.0805089  0.0709723  0.1058259  0.0970627
 4  0.0428520  0.0471390  0.0438872  0.0417093  0.0371651  0.0399197  0.0401805  0.0336814  0.0335795  0.0357160  0.0453604  0.0484008  0.0398848  0.0362714  0.0334138  0.0311205  0.0349693  0.0342103  0.0355779  0.0346509  0.0317347  0.0353056  0.0343548  0.0339376  0.0313403  0.0387586  0.0637569
 1  0.1305073  0.0626718  0.0433082  0.0781612  0.0597760  0.1267013  0.1386950  0.2013776  0.2470909  0.1623197  0.1494758  0.0773879  0.0531555  0.1027980  0.0960496  0.1756749  0.2153054  0.2301363  0.2525602  0.1149834  0.0938090  0.1136257  0.1117127  0.1789278  0.1380610  0.1721478  0.1691617
 2  0.0247657  0.0098862  0.0066584  0.0120557  0.0100910  0.0239102  0.0283353  0.0433997  0.0478627  0.0297540  0.0220805  0.0114740  0.0079368  0.0176291  0.0185831  0.0376983  0.0503635  0.0494968  0.0506188  0.0199986  0.0162783  0.0210831  0.0214861  0.0292888  0.0234473  0.0305749  0.0316811
 3  0.1209417  0.1294221  0.1425425  0.1271677  0.1215970  0.1455189  0.1516927  0.1296816  0.1424543  0.1119569  0.1089656  0.1073954  0.0915310  0.1087797  0.1051759  0.1066547  0.1145484  0.0692217  0.0660386  0.0741961  0.0740685  0.1077780  0.1120629  0.1027604  0.1019101  0.1013218  0.0943982
 4  0.0457994  0.0480078  0.0455489  0.0416170  0.0349784  0.0331113  0.0339308  0.0350782  0.0429188  0.0511601  0.0508609  0.0475904  0.0412757  0.0332658  0.0305042  0.0279187  0.0337738  0.0395811  0.0390689  0.0422219  0.0364483  0.0328232  0.0468834  0.0414322  0.0349438  0.0348938  0.0328262
 1  0.1355563  0.0713368  0.0487557  0.0465650  0.0392380  0.0541371  0.0438702  0.0420204  0.0445779  0.1224951  0.1612484  0.1775980  0.1919815  0.1811324  0.1956280  0.1067884  0.1011821  0.1734685  0.1248218  0.0844068  0.0806354  0.1150688  0.1268538  0.2439383  0.2759888  0.1771861  0.1062726
 2  0.0258173  0.0112511  0.0074539  0.0079775  0.0060110  0.0088215  0.0079698  0.0086449  0.0103781  0.0319965  0.0406417  0.0386052  0.0370024  0.0345168  0.0376305  0.0202778  0.0205367  0.0282101  0.0198205  0.0150253  0.0160245  0.0248052  0.0284754  0.0528047  0.0500203  0.0237186  0.0164568
 3  0.1255444  0.1189872  0.1324108  0.1301734  0.1255570  0.1110204  0.1129563  0.1121717  0.1007311  0.1328100  0.1234725  0.0941354  0.1015959  0.1043544  0.0888992  0.0737802  0.0758536  0.0968288  0.1166477  0.0815401  0.0769770  0.1006928  0.0993714  0.0842766  0.0877307  0.0769077  0.0752282
 4  0.0485933  0.0427442  0.0395806  0.0453415  0.0468245  0.0365178  0.0317240  0.0277526  0.0260252  0.0288053  0.0388176  0.0377827  0.0368716  0.0365865  0.0364242  0.0364555  0.0458391  0.0466833  0.0407154  0.0326381  0.0335423  0.0339301  0.0365677  0.0401738  0.0573225  0.0496409  0.0384427
 1  0.1307984  0.0943666  0.0658390  0.1495979  0.1394075  0.2055780  0.1699102  0.2987182  0.3383603  0.2438700  0.2235264  0.1807859  0.1495141  0.1988325  0.2246334  0.1596424  0.1496583  0.0661399  0.0575884  0.0860397  0.0734551  0.1824083  0.2314608  0.1902553  0.2356324  0.1284814  0.1331389
 2  0.0245606  0.0148181  0.0100627  0.0246451  0.0240555  0.0325692  0.0266012  0.0498119  0.0602873  0.0417664  0.0342122  0.0278158  0.0250314  0.0369132  0.0455681  0.0313493  0.0255821  0.0118339  0.0093771  0.0145085  0.0139776  0.0394942  0.0559991  0.0471026  0.0544142  0.0264195  0.0274301
 3  0.1213701  0.1158212  0.1266332  0.1578389  0.1603017  0.1638608  0.1668420  0.1697621  0.1593853  0.0843046  0.0775497  0.1179680  0.1033993  0.1079988  0.1102183  0.0744120  0.0693633  0.1053152  0.0994124  0.1047298  0.0997143  0.0895819  0.0983862  0.0621830  0.0695377  0.0791345  0.0748708
 4  0.0453260  0.0472283  0.0400231  0.0382495  0.0454199  0.0495953  0.0480410  0.0399751  0.0396316  0.0426189  0.0428079  0.0416960  0.0332398  0.0296291  0.0342231  0.0451299  0.0387914  0.0447089  0.0439198  0.0342755  0.0295793  0.0224583  0.0268666  0.0332004  0.0378158  0.0374406  0.0336225
 1  0.1425452  0.0873039  0.0589804  0.0783671  0.0569565  0.0736888  0.0695087  0.0867349  0.1054217  0.1480193  0.1776422  0.0405522  0.0218670  0.0954070  0.1004833  0.0939376  0.1108891  0.1600882  0.1933918  0.1718758  0.1579992  0.0954593  0.0947379  0.0568566  0.0538694  0.0860892  0.0741381
 2  0.0270896  0.0135786  0.0089064  0.0117792  0.0085160  0.0125430  0.0135151  0.0192863  0.0263369  0.0377856  0.0345687  0.0053765  0.0033626  0.0175218  0.0212621  0.0228557  0.0290093  0.0406866  0.0419291  0.0318609  0.0285446  0.0181414  0.0193502  0.0118712  0.0110206  0.0162733  0.0135553
 3  0.1320490  0.1142317  0.1418221  0.1713391  0.1602041  0.1466084  0.1360857  0.1376687  0.1344970  0.1229157  0.1082989  0.0791872  0.0793898  0.1125720  0.1051528  0.0768729  0.0820646  0.0848070  0.0948772  0.0763705  0.0869539  0.0832996  0.0699562  0.0753226  0.0728673  0.0949022  0.0964692
 4  0.0507192  0.0426095  0.0489909  0.0536089  0.0439214  0.0331215  0.0274464  0.0273544  0.0309553  0.0430378  0.0602243  0.0466189  0.0343342  0.0277230  0.0257919  0.0284103  0.0340928  0.0358330  0.0423835  0.0408471  0.0395779  0.0359710  0.0341850  0.0378264  0.0433991  0.0395442  0.0383992
 1  0.1323154  0.0742914  0.0513542  0.0463759  0.0403297  0.1563626  0.1444114  0.2203259  0.2113814  0.2007519  0.1788079  0.1502657  0.1499704  0.1664753  0.1780702  0.1241271  0.1003623  0.0746827  0.0578637  0.1034561  0.1184193  0.2078159  0.2945813  0.2524550  0.2564378  0.1588559  0.1367734
 2  0.0251284  0.0116816  0.0078509  0.0078441  0.0069429  0.0270892  0.0250280  0.0377185  0.0374002  0.0341156  0.0290946  0.0264311  0.0289133  0.0333762  0.0362213  0.0237442  0.0141147  0.0114346  0.0103315  0.0215258  0.0288441  0.0568798  0.0751538  0.0506225  0.0425835  0.0264322  0.0219231
 3  0.1226001  0.1252932  0.1270726  0.1334684  0.1240032  0.1528673  0.1618051  0.1122036  0.1122505  0.1163988  0.1115586  0.1033145  0.0947675  0.0853334  0.0953309  0.0673397  0.0692357  0.1030593  0.0924585  0.0894514  0.0839435  0.0871597  0.1020957  0.0683594  0.0767825  0.0776128  0.0781048
 4  0.0466048  0.0506638  0.0391107  0.0397406  0.0407055  0.0444980  0.0455118  0.0393200  0.0404949  0.0450627  0.0391245  0.0340220  0.0328807  0.0350400  0.0403705  0.0564077  0.0513207  0.0345991  0.0255619  0.0241195  0.0229014  0.0307070  0.0435927  0.0460174  0.0414291  0.0429181  0.0424953
 1  0.1289129  0.0908110  0.0644724  0.0551004  0.0420766  0.1094646  0.1034003  0.0831446  0.0865107  0.0686569  0.0648334  0.0709837  0.0682204  0.0712589  0.0475820  0.1200867  0.1343190  0.2004125  0.2282503  0.2116268  0.2283783  0.2992632  0.4129042  0.1884113  0.2009799  0.0960429  0.0754507
 2  0.0243850  0.0144228  0.0098954  0.0086704  0.0067554  0.0188179  0.0194406  0.0169114  0.0178143  0.0136013  0.0127911  0.0142283  0.0135049  0.0111752  0.0079711  0.0233452  0.0300109  0.0456233  0.0451870  0.0398843  0.0451006  0.0620414  0.0855362  0.0376808  0.0328815  0.0151439  0.0133183
 3  0.1195341  0.1338829  0.1338980  0.1343132  0.1340094  0.1591071  0.1413919  0.1068473  0.1049458  0.1311516  0.1321413  0.0732252  0.0767716  0.1137053  0.0989204  0.0950229  0.0932058  0.1032705  0.1095515  0.0854028  0.0847441  0.1075893  0.1104874  0.0833414  0.0746658  0.0827879  0.0911895
 4  0.0452728  0.0430039  0.0442590  0.0435770  0.0401302  0.0382246  0.0318009  0.0358759  0.0388145  0.0403817  0.0362872  0.0369286  0.0549714  0.0508833  0.0309414  0.0238967  0.0283255  0.0410211  0.0413030  0.0346044  0.0307585  0.0308515  0.0318512  0.0429258  0.0455137  0.0368650  0.0350999
 1  0.1102676  0.0449999  0.0326008  0.0619939  0.0445820  0.0793611  0.0695656  0.1625055  0.1953690  0.2043789  0.2498879  0.1203832  0.1097590  0.1699722  0.1548348  0.0956691  0.0819767  0.0906514  0.0935469  0.1185191  0.0912385  0.0726528  0.0701630  0.1103366  0.1331351  0.1084136  0.0939905
 2  0.0212429  0.0074411  0.0052293  0.0093877  0.0074198  0.0136629  0.0124758  0.0324644  0.0428466  0.0469247  0.0460218  0.0207971  0.0201599  0.0300055  0.0278033  0.0169856  0.0149338  0.0179845  0.0193863  0.0206090  0.0157076  0.0134183  0.0142798  0.0253208  0.0341906  0.0229072  0.0176511
 3  0.1019949  0.1227137  0.1278611  0.1353987  0.1323472  0.1454262  0.1436576  0.1403359  0.1409465  0.0998888  0.1045294  0.1109410  0.0917278  0.1102777  0.1191524  0.0761345  0.0716585  0.0985101  0.0915081  0.1041968  0.1075230  0.1067225  0.0937790  0.0963056  0.0943154  0.0826900  0.0930511
 4  0.0398775  0.0482408  0.0468309  0.0466492  0.0412785  0.0407069  0.0381211  0.0286957  0.0270879  0.0374939  0.0432151  0.0386767  0.0365436  0.0403358  0.0406161  0.0399440  0.0370991  0.0330576  0.0450895  0.0468767  0.0362713  0.0325502  0.0255356  0.0255838  0.0378150  0.0443217  0.0355929
 1  0.1249681  0.0679759  0.0479151  0.2076384  0.2272238  0.1556987  0.1346324  0.1840758  0.1879141  0.1276881  0.1206819  0.0769859  0.0709333  0.1279061  0.1319384  0.0805751  0.0712773  0.0897738  0.0900885  0.0571782  0.0531194  0.0865568  0.1002897  0.0693126  0.0646053  0.0733108  0.0620632
 2  0.0235296  0.0108357  0.0074654  0.0357817  0.0430873  0.0270548  0.0228883  0.0324133  0.0339252  0.0238152  0.0201573  0.0135308  0.0139788  0.0261475  0.0259053  0.0149523  0.0136795  0.0180787  0.0187265  0.0117275  0.0114369  0.0203887  0.0246697  0.0154721  0.0133397  0.0137858  0.0114180
 3  0.1159195  0.1235829  0.1358178  0.1621422  0.1572269  0.1165223  0.1213010  0.1469218  0.1352977  0.1002263  0.0993870  0.1176200  0.1173454  0.1054143  0.1027799  0.0995587  0.0847853  0.0717094  0.0655377  0.0659500  0.0712991  0.0681245  0.0617631  0.0729730  0.0759010  0.0684529  0.0703920
 4  0.0433172  0.0463218  0.0397154  0.0321252  0.0348833  0.0401668  0.0379280  0.0351346  0.0329814  0.0405991  0.0411957  0.0344394  0.0313696  0.0374867  0.0379317  0.0408076  0.0326284  0.0336294  0.0345749  0.0349972  0.0314004  0.0290252  0.0382944  0.0406328  0.0448146  0.0393260  0.0372498
 1  0.1235830  0.0585869  0.0412653  0.0861327  0.0589831  0.1087032  0.1077981  0.1826282  0.2435008  0.0646905  0.0391263  0.0751636  0.0745052  0.1256725  0.1256409  0.2259656  0.2600010  0.3820490  0.5427635  0.3662748  0.2732052  0.3107145  0.3432993  0.2091223  0.2218411  0.1128141  0.1013420
 2  0.0244388  0.0095841  0.0064634  0.0127263  0.0087765  0.0185629  0.0212174  0.0410272  0.0542022  0.0097491  0.0061724  0.0135027  0.0151914  0.0263689  0.0242710  0.0440042  0.0508384  0.0746018  0.1024821  0.0515271  0.0411130  0.0512398  0.0614404  0.0389006  0.0395887  0.0205553  0.0163678
 3  0.1139036  0.1177352  0.1298968  0.1508104  0.1508103  0.1510039  0.1424870  0.1286691  0.1443207  0.0851740  0.1021711  0.1140830  0.1116845  0.1043192  0.1049478  0.1167307  0.1193322  0.1240186  0.1247609  0.0755927  0.0865099  0.1052795  0.0983855  0.0831281  0.0705930  0.0814991  0.0868501
 4  0.0466939  0.0475587  0.0488808  0.0485715  0.0411727  0.0347151  0.0283614  0.0296918  0.0581644  0.0482718  0.0376082  0.0301104  0.0326739  0.0398924  0.0374711  0.0344147  0.0320644  0.0338365  0.0399330  0.0428131  0.0359504  0.0333213  0.0322440  0.0349261  0.0363904  0.0450603  0.0448127
 1  0.1114495  0.0533970  0.0388207  0.0584136  0.0516903  0.0387355  0.0360511  0.0677759  0.0595460  0.0463568  0.0381683  0.0863398  0.0832740  0.1181685  0.1322091  0.2082677  0.2745600  0.3081816  0.4377035  0.2259190  0.1865602  0.0601601  0.0500480  0.1284344  0.1362121  0.1249011  0.1017807
 2  0.0220729  0.0089712  0.0062149  0.0099266  0.0090045  0.0073258  0.0067664  0.0128314  0.0101954  0.0079280  0.0070917  0.0167923  0.0171609  0.0256880  0.0299525  0.0483049  0.0651481  0.0728859  0.0828046  0.0366765  0.0268873  0.0096757  0.0091395  0.0258551  0.0276023  0.0223640  0.0169238
 3  0.1026403  0.1256136  0.1474050  0.1617481  0.1498305  0.1032330  0.0884815  0.1159848  0.1120082  0.1093504  0.0992055  0.0972528  0.0947490  0.1071297  0.0988390  0.0980234  0.1072033  0.0694110  0.0660546  0.0772573  0.0907271  0.0873524  0.0755191  0.1080038  0.1087389  0.1079125  0.1157967
 4  0.0426156  0.0439165  0.0400940  0.0415116  0.0369829  0.0386382  0.0417876  0.0460249  0.0432541  0.0376418  0.0331112  0.0328604  0.0312640  0.0306394  0.0280144  0.0293317  0.0291536  0.0396988  0.0417651  0.0420902  0.0453598  0.0355244  0.0314643  0.0341328  0.0439971  0.0455913  0.0405270
 1  0.1170474  0.0604436  0.0428036  0.0498012  0.0408611  0.0547174  0.0494058  0.1768960  0.2217072  0.0420210  0.0364949  0.0771061  0.0704004  0.1490023  0.1794011  0.1870443  0.2161612  0.1312609  0.1229206  0.1403520  0.1339051  0.1158515  0.0952809  0.0676949  0.0676053  0.0623176  0.0645530
 2  0.0222378  0.0097575  0.0067535  0.0082621  0.0067662  0.0095455  0.0094729  0.0375209  0.0448060  0.0080425  0.0062630  0.0136616  0.0132328  0.0309387  0.0397529  0.0413531  0.0470517  0.0256471  0.0229178  0.0261182  0.0236523  0.0193698  0.0168045  0.0130649  0.0146807  0.0143963  0.0151601
 3  0.1084871  0.1156849  0.1389409  0.1320394  0.1286025  0.1545556  0.1421706  0.1502121  0.1329608  0.1012819  0.1002867  0.1334251  0.1155387  0.1379466  0.1399982  0.0672304  0.0778751  0.0759803  0.0719437  0.1034487  0.1030569  0.1104087  0.1146446  0.0877129  0.0861767  0.0624427  0.0638946
 4  0.0409754  0.0432915  0.0420135  0.0448599  0.0420885  0.0373256  0.0322867  0.0361368  0.0397396  0.0429545  0.0406291  0.0384557  0.0304739  0.0320673  0.0353962  0.0349388  0.0396810  0.0386153  0.0362058  0.0415031  0.0418297  0.0416166  0.0359943  0.0293518  0.0313374  0.0333627  0.0392091
 1  0.1287303  0.0575278  0.0403132  0.1352038  0.0942417  0.4149474  0.5665615  0.3556895  0.3193248  0.3648056  0.3719746  0.5463152  0.6803930  0.3825390  0.2673437  0.2397582  0.2057221  0.1156155  0.1189213  0.1000518  0.1073387  0.0553916  0.0537357  0.1437383  0.1544884  0.1670031  0.1999526
 2  0.0248432  0.0092194  0.0062383  0.0193693  0.0146018  0.0732701  0.0843969  0.0499296  0.0517381  0.0592609  0.0583779  0.0866082  0.1040027  0.0518425  0.0313257  0.0344977  0.0350459  0.0219942  0.0244955  0.0218008  0.0237713  0.0118606  0.0110413  0.0295171  0.0322953  0.0365520  0.0409535
 3  0.1190409  0.1347872  0.1352867  0.1607446  0.1646085  0.1552812  0.1449163  0.1342236  0.1251670  0.0980934  0.1052674  0.1038772  0.0906586  0.0914930  0.0868923  0.1035040  0.1040063  0.0735838  0.0692636  0.0841072  0.0805266  0.0678499  0.0702969  0.1060489  0.1040606  0.1087212  0.1117657
 4  0.0466638  0.0503874  0.0509955  0.0470354  0.0396403  0.0395669  0.0461435  0.0381946  0.0365847  0.0383066  0.0393560  0.0406192  0.0390127  0.0558066  0.0511630  0.0328345  0.0311684  0.0335154  0.0319580  0.0334406  0.0337099  0.0354968  0.0394714  0.0327238  0.0305274  0.0333776  0.0414509
 1  0.1219628  0.0647839  0.0459798  0.0595380  0.0550134  0.0768681  0.0647425  0.0704643  0.0657036  0.0957140  0.0997276  0.1597030  0.1899709  0.1169242  0.1054843  0.0678200  0.0508849  0.0836222  0.0490288  0.1470033  0.1513411  0.1907949  0.2666092  0.1657914  0.2231301  0.1317582  0.1275605
 2  0.0230466  0.0103876  0.0071758  0.0101041  0.0104928  0.0140360  0.0115821  0.0130475  0.0127251  0.0194034  0.0215076  0.0364546  0.0384587  0.0226900  0.0163878  0.0108453  0.0079889  0.0114696  0.0074223  0.0264550  0.0321468  0.0477774  0.0752790  0.0476681  0.0544947  0.0267335  0.0235008
 3  0.1131144  0.1263697  0.1342814  0.1623321  0.1759215  0.0975819  0.0953352  0.1152361  0.1155962  0.1096382  0.1090010  0.1089323  0.1109209  0.0760800  0.0740747  0.1008194  0.1028008  0.0950144  0.0758900  0.0652197  0.0628587  0.0678809  0.0792164  0.0604392  0.0605477  0.0679218  0.0814454
 4  0.0426943  0.0486314  0.0409587  0.0363092  0.0427036  0.0426328  0.0390731  0.0368980  0.0352308  0.0314217  0.0309473  0.0353232  0.0403655  0.0472169  0.0476114  0.0430457  0.0587680  0.0457040  0.0280658  0.0209180  0.0176209  0.0190895  0.0246453  0.0372997  0.0408977  0.0410510  0.0406527
 1  0.1113715  0.0545555  0.0392997  0.0638075  0.0475111  0.1151745  0.1144898  0.2223791  0.2905044  0.1089144  0.1007496  0.0564958  0.0413431  0.0878170  0.0885789  0.1445462  0.1348836  0.1370046  0.1415709  0.1486329  0.1600912  0.1691961  0.1078931  0.1221219  0.1332514  0.1071412  0.1241482
 2  0.0213932  0.0089726  0.0062604  0.0099125  0.0079366  0.0205845  0.0218815  0.0460461  0.0621176  0.0212154  0.0176658  0.0090513  0.0070169  0.0164945  0.0187184  0.0289003  0.0246025  0.0256927  0.0280354  0.0303726  0.0347852  0.0257209  0.0169066  0.0225363  0.0285994  0.0256546  0.0313978
 3  0.1030635  0.1222591  0.1343652  0.1233406  0.1271872  0.1626253  0.1522006  0.1392428  0.1417888  0.1002751  0.0938801  0.0861780  0.0818643  0.1133802  0.1103392  0.1098623  0.1151258  0.1164297  0.1051501  0.0746972  0.0667346  0.1067955  0.1007728  0.0958355  0.0981853  0.0678303  0.0622019
 4  0.0401234  0.0442014  0.0460253  0.0417539  0.0366539  0.0391227  0.0361066  0.0324156  0.0374206  0.0457472  0.0438293  0.0446008  0.0382784  0.0320995  0.0379329  0.0455905  0.0394497  0.0338862  0.0298232  0.0356978  0.0532066  0.0509680  0.0327846  0.0240291  0.0266696  0.0336241  0.0334216
 1  0.1145158  0.0382533  0.0270402  0.0467760  0.0390967  0.1713991  0.2146084  0.0842134  0.0667512  0.0787063  0.0649050  0.0594114  0.0437904  0.0848743  0.0839882  0.0559798  0.0574992  0.0692151  0.0779414  0.0937119  0.1047818  0.0958373  0.0928697  0.0917931  0.1008712  0.0415612  0.0401261
 2  0.0226344  0.0063279  0.0043184  0.0077485  0.0071844  0.0354203  0.0450515  0.0148479  0.0117805  0.0133962  0.0116777  0.0098158  0.0075602  0.0161341  0.0172938  0.0122866  0.0135354  0.0170078  0.0190349  0.0223677  0.0243911  0.0202001  0.0191898  0.0203232  0.0216984  0.0088489  0.0088476
 3  0.1056338  0.1128761  0.1394658  0.1267368  0.1316991  0.1455785  0.1485242  0.0973111  0.0936272  0.1100560  0.1169945  0.0989360  0.0985897  0.0985436  0.0950199  0.0663909  0.0658394  0.0910787  0.0919509  0.0935919  0.0931995  0.0841125  0.0868444  0.0689456  0.0733488  0.0679848  0.0691389
 4  0.0427542  0.0434266  0.0431074  0.0356093  0.0344533  0.0316437  0.0431166  0.0440206  0.0391394  0.0390706  0.0425561  0.0441952  0.0362985  0.0299058  0.0293288  0.0360162  0.0312142  0.0308277  0.0321394  0.0306221  0.0343057  0.0366430  0.0319842  0.0337574  0.0390636  0.0334951  0.0332673
 1  0.1157815  0.0385393  0.0276863  0.0565735  0.0457656  0.0942618  0.0914530  0.0720015  0.0737531  0.1015699  0.1065997  0.0637137  0.0497720  0.0581974  0.0637391  0.1036438  0.1129582  0.0964229  0.1016390  0.1036699  0.1016842  0.0360844  0.0334698  0.0639314  0.0629274  0.0924458  0.0791945
 2  0.0229241  0.0064152  0.0044036  0.0092590  0.0078165  0.0170928  0.0175113  0.0144352  0.0150014  0.0213982  0.0185550  0.0104070  0.0089910  0.0120288  0.0152235  0.0255190  0.0261573  0.0209491  0.0214091  0.0211465  0.0208622  0.0073599  0.0071931  0.0138163  0.0126118  0.0169175  0.0150039
 3  0.1066490  0.1371336  0.1376915  0.1297878  0.1310307  0.1504415  0.1434409  0.1400669  0.1389871  0.1449420  0.1327776  0.0948725  0.0890160  0.1052619  0.0965588  0.0899892  0.0893546  0.0898598  0.0909055  0.0734854  0.0691391  0.0662933  0.0744959  0.1068158  0.1105759  0.0917125  0.0973404
 4  0.0440659  0.0479661  0.0428048  0.0391210  0.0387100  0.0369409  0.0378209  0.0366696  0.0346548  0.0497447  0.0513707  0.0403109  0.0301863  0.0260750  0.0282415  0.0377615  0.0344832  0.0354434  0.0358003  0.0366832  0.0355879  0.0350766  0.0374393  0.0388453  0.0448249  0.0373050  0.0313652
 1  0.1290325  0.0541984  0.0377633  0.0505803  0.0338678  0.0883391  0.0701999  0.1006541  0.1158905  0.1019533  0.1086253  0.1388019  0.1497659  0.0945492  0.0919385  0.1459670  0.1802228  0.1740230  0.1552046  0.0651537  0.0423201  0.0455739  0.0418823  0.1089334  0.1198264  0.1746954  0.2387566
 2  0.0246445  0.0086157  0.0058280  0.0075140  0.0050780  0.0137921  0.0123589  0.0204179  0.0266652  0.0238408  0.0245194  0.0299154  0.0291988  0.0180978  0.0191926  0.0333234  0.0414862  0.0340874  0.0259867  0.0095076  0.0068443  0.0083449  0.0081728  0.0232878  0.0279979  0.0438037  0.0606530
 3  0.1195162  0.1363496  0.1363574  0.1222054  0.1237056  0.1402810  0.1403973  0.1286459  0.1322344  0.0760825  0.0775518  0.1017904  0.1184456  0.0769920  0.0740994  0.1070258  0.0986704  0.0891697  0.0940520  0.0755633  0.0709886  0.0947319  0.0877589  0.0956704  0.0941440  0.1061685  0.1028508
 4  0.0458670  0.0523867  0.0483865  0.0474884  0.0467744  0.0382653  0.0315550  0.0254652  0.0308816  0.0349605  0.0344701  0.0371005  0.0401296  0.0350600  0.0307485  0.0307303  0.0370596  0.0458881  0.0501725  0.0433425  0.0344620  0.0343858  0.0321724  0.0291635  0.0271386  0.0297063  0.0323019
 1  0.1183230  0.0454547  0.0323025  0.0948908  0.0846938  0.1074786  0.1051742  0.1124750  0.0980553  0.0572714  0.0485574  0.1271063  0.1446532  0.1595028  0.1767109  0.0892157  0.0830689  0.1354586  0.1191615  0.1113911  0.0993733  0.1392173  0.1420168  0.1240067  0.1385495  0.0652084  0.0564941
 2  0.0224026  0.0073735  0.0050904  0.0160980  0.0149046  0.0199583  0.0204571  0.0203302  0.0168858  0.0098860  0.0089356  0.0256995  0.0320828  0.0357945  0.0353627  0.0169573  0.0159782  0.0250555  0.0196144  0.0190348  0.0185508  0.0269170  0.0290826  0.0274331  0.0295784  0.0126491  0.0108506
 3  0.1097152  0.1328694  0.1290589  0.1243040  0.1190145  0.1123293  0.1105243  0.1473152  0.1488119  0.1087201  0.1038189  0.1350794  0.1384858  0.0851891  0.0863704  0.0799103  0.0749994  0.1010062  0.0956506  0.1083475  0.1069719  0.1026609  0.1016500  0.0661205  0.0664052  0.0636396  0.0691071
 4  0.0420017  0.0465785  0.0404082  0.0371552  0.0376350  0.0348699  0.0383778  0.0480271  0.0447600  0.0403866  0.0354830  0.0306136  0.0327088  0.0401113  0.0386847  0.0381786  0.0366859  0.0475216  0.0411368  0.0369114  0.0343858  0.0340058  0.0309256  0.0341021  0.0426586  0.0387337  0.0364141
 1  0.1082802  0.0611933  0.0448068  0.0502918  0.0462799  0.1515087  0.1813644  0.1080105  0.0954765  0.0514888  0.0341508  0.0844102  0.0883510  0.2093956  0.2749129  0.2222247  0.2261476  0.0446291  0.0329484  0.1142356  0.1201692  0.3162894  0.4092632  0.1838784  0.1587707  0.1725128  0.1224197
 2  0.0206362  0.0100639  0.0071503  0.0087772  0.0087791  0.0313704  0.0390451  0.0207256  0.0167260  0.0077619  0.0055910  0.0159712  0.0189049  0.0486614  0.0638258  0.0458951  0.0373826  0.0069888  0.0056591  0.0219501  0.0251127  0.0672279  0.0788085  0.0316086  0.0232742  0.0247875  0.0188755
 3  0.1003378  0.1290643  0.1282998  0.1293563  0.1256525  0.1420062  0.1432144  0.1082936  0.1177064  0.0927947  0.0960975  0.1192938  0.1136338  0.1124692  0.1127463  0.0717674  0.0720871  0.0825432  0.0883819  0.1108353  0.1057717  0.1058964  0.1209334  0.0889958  0.0780410  0.1067036  0.1001076
 4  0.0383101  0.0458312  0.0404684  0.0358806  0.0340871  0.0312448  0.0360375  0.0428575  0.0498690  0.0426589  0.0366974  0.0271639  0.0281202  0.0322529  0.0340614  0.0425035  0.0443454  0.0428791  0.0379136  0.0328876  0.0346128  0.0356536  0.0385102  0.0505985  0.0461977  0.0445489  0.0345625
 1  0.1326288  0.0640348  0.0438841  0.0761537  0.0687831  0.0823613  0.0650023  0.1501693  0.1457804  0.1997182  0.2670590  0.0973563  0.0963206  0.0983714  0.0884009  0.0921112  0.0709152  0.1039637  0.0969720  0.1708805  0.2085226  0.1952153  0.2028298  0.1088115  0.1132554  0.0784130  0.0767992
 2  0.0249980  0.0100864  0.0067696  0.0129055  0.0123429  0.0142212  0.0103379  0.0256459  0.0275602  0.0423398  0.0574438  0.0197704  0.0190749  0.0186176  0.0145667  0.0150835  0.0109495  0.0178083  0.0191834  0.0375196  0.0459688  0.0397242  0.0398846  0.0216982  0.0234366  0.0162499  0.0159136
 3  0.1230205  0.1162569  0.1367379  0.1318222  0.1220060  0.1163888  0.1253383  0.1443013  0.1324953  0.1449343  0.1462041  0.0840284  0.0865620  0.1176267  0.1092666  0.1146420  0.1253087  0.1118115  0.1137867  0.1077710  0.1118534  0.0672763  0.0695798  0.0755407  0.0694701  0.0875171  0.0884844
 4  0.0462208  0.0422904  0.0385909  0.0375723  0.0388116  0.0474238  0.0457666  0.0368195  0.0279349  0.0310392  0.0393956  0.0335912  0.0359854  0.0460035  0.0445582  0.0466175  0.0448521  0.0301376  0.0267441  0.0316397  0.0379527  0.0364006  0.0356595  0.0352680  0.0344987  0.0379643  0.0335155
 1  0.1083181  0.0627130  0.0461137  0.0354638  0.0289188  0.0645490  0.0637061  0.0889981  0.0900924  0.0449120  0.0366170  0.0707927  0.0656962  0.0721983  0.0764987  0.0969363  0.0975872  0.0690101  0.0778221  0.0773488  0.0883744  0.0486554  0.0448252  0.1002084  0.1051871  0.1057652  0.0901382
 2  0.0208560  0.0103741  0.0073729  0.0058567  0.0050490  0.0121915  0.0123332  0.0181882  0.0154738  0.0075344  0.0068290  0.0134063  0.0130492  0.0152777  0.0165000  0.0201013  0.0205911  0.0157395  0.0189722  0.0194901  0.0228578  0.0108658  0.0092895  0.0210149  0.0232705  0.0205962  0.0169334
 3  0.1001866  0.1303650  0.1517785  0.1307746  0.1281673  0.1498768  0.1478333  0.1445239  0.1391242  0.1087793  0.1007423  0.1246635  0.1202088  0.1259105  0.1264415  0.1035316  0.1029631  0.0687135  0.0619316  0.0850208  0.0843655  0.0751530  0.0883994  0.0705141  0.0723945  0.0748771  0.0753648
 4  0.0388983  0.0456522  0.0466160  0.0394171  0.0364142  0.0378465  0.0387005  0.0474665  0.0513135  0.0396073  0.0338029  0.0375883  0.0331547  0.0339948  0.0372147  0.0355897  0.0288949  0.0296967  0.0307062  0.0284950  0.0332937  0.0353570  0.0351520  0.0315591  0.0393182  0.0449672  0.0378666
 1  0.1220607  0.2406015  0.1948017  0.1410340  0.1283438  0.2295574  0.2485586  0.1924624  0.1399093  0.0926133  0.0867498  0.1442374  0.1298661  0.1467404  0.1414919  0.1012105  0.1094408  0.1162283  0.1051245  0.2465102  0.3078083  0.1613733  0.0914825  0.1222347  0.1306737  0.1517112  0.1976918
 2  0.0234936  0.0387903  0.0288119  0.0226190  0.0221429  0.0412046  0.0455126  0.0293535  0.0220762  0.0160629  0.0160064  0.0262336  0.0230185  0.0266189  0.0272019  0.0216408  0.0225770  0.0219936  0.0201526  0.0494359  0.0638242  0.0221830  0.0138375  0.0219771  0.0275744  0.0368506  0.0496019
 3  0.1129126  0.1552425  0.1605257  0.1307451  0.1171419  0.1414513  0.1540046  0.0944930  0.1009269  0.1257009  0.1201360  0.1041888  0.1010855  0.0907223  0.0915150  0.0657301  0.0668306  0.1014343  0.1002071  0.1097066  0.1123199  0.0805941  0.0781322  0.1053625  0.0991383  0.1049075  0.1040064
 4  0.0437848  0.0487774  0.0426460  0.0355917  0.0350559  0.0364760  0.0478369  0.0436622  0.0376415  0.0362536  0.0407159  0.0407730  0.0397098  0.0348171  0.0332490  0.0340948  0.0438426  0.0398486  0.0337130  0.0316906  0.0536864  0.0540111  0.0364800  0.0260146  0.0254862  0.0295285  0.0367884
 1  0.1223909  0.0296087  0.0206031  0.0362612  0.0229383  0.0857773  0.0821977  0.1083242  0.1103218  0.1538604  0.1634698  0.3042411  0.4591192  0.4559046  0.6122962  0.1312755  0.0871650  0.0377431  0.0201864  0.0465283  0.0388457  0.0977071  0.1052129  0.1559988  0.1907045  0.1221129  0.1132628
 2  0.0234945  0.0048034  0.0032565  0.0051034  0.0036609  0.0152355  0.0150407  0.0208918  0.0220153  0.0304843  0.0321911  0.0633198  0.0977774  0.0852290  0.1077660  0.0196032  0.0110163  0.0046916  0.0030406  0.0077640  0.0072672  0.0204429  0.0242517  0.0383840  0.0388607  0.0225343  0.0218914
 3  0.1132614  0.1278486  0.1373943  0.1406133  0.1307506  0.1505077  0.1427139  0.1358357  0.1360912  0.1354324  0.1365466  0.1507826  0.1431730  0.0775419  0.0793540  0.0841511  0.0734971  0.0771570  0.0844694  0.1087907  0.1009016  0.0975413  0.0941166  0.1017802  0.1032432  0.0786539  0.0776266
 4  0.0441167  0.0422716  0.0522459  0.0498364  0.0377576  0.0403778  0.0408743  0.0349602  0.0368673  0.0363312  0.0344808  0.0322441  0.0311242  0.0351480  0.0357407  0.0530705  0.0545000  0.0435889  0.0401781  0.0347817  0.0320363  0.0284426  0.0273681  0.0386370  0.0459799  0.0368025  0.0346473
 1  0.1338174  0.0140389  0.0094338  0.0432338  0.0349338  0.0491260  0.0405125  0.0512626  0.0469286  0.0482453  0.0417064  0.0540538  0.0586758  0.0885892  0.1119137  0.0727320  0.0626084  0.1372450  0.1465486  0.1439051  0.1457550  0.1098903  0.0995284  0.1369921  0.1513011  0.2474476  0.3100605
 2  0.0253898  0.0022255  0.0014686  0.0070753  0.0060262  0.0085605  0.0069627  0.0096829  0.0077402  0.0084410  0.0080813  0.0116044  0.0141712  0.0238017  0.0294377  0.0148002  0.0122965  0.0274031  0.0297806  0.0285747  0.0295792  0.0210856  0.0187366  0.0278028  0.0322845  0.0542233  0.0661673
 3  0.1239903  0.1277813  0.1352779  0.1243625  0.1313596  0.1285824  0.1135153  0.1382353  0.1290895  0.0930193  0.0853958  0.1147893  0.1140355  0.1153901  0.1181316  0.0704669  0.0672622  0.1063925  0.1021612  0.1078614  0.1085476  0.0671791  0.0687075  0.0915023  0.0928846  0.0705397  0.0744124
 4  0.0476223  0.0467188  0.0399438  0.0414066  0.0435484  0.0442895  0.0384117  0.0442585  0.0450878  0.0338224  0.0284278  0.0274595  0.0253237  0.0294778  0.0476892  0.0438373  0.0359737  0.0337099  0.0352276  0.0364108  0.0354705  0.0384285  0.0360397  0.0299656  0.0313305  0.0357453  0.0364186
 1  0.1259169  0.0450326  0.0311584  0.0404746  0.0268486  0.0859547  0.0911429  0.1485964  0.1450056  0.1385335  0.1482788  0.2102206  0.2604868  0.1083707  0.0940707  0.1253951  0.1171969  0.2431745  0.2875343  0.2398059  0.2574083  0.1189425  0.0876202  0.1231048  0.1072137  0.1118443  0.0941002
 2  0.0239017  0.0071450  0.0048566  0.0058303  0.0043964  0.0162303  0.0178048  0.0280777  0.0270666  0.0267219  0.0303288  0.0449122  0.0514527  0.0193295  0.0169553  0.0226289  0.0223561  0.0490027  0.0535459  0.0438376  0.0478878  0.0195214  0.0136376  0.0207322  0.0178836  0.0186535  0.0174949
 3  0.1166749  0.1275013  0.1390798  0.1325943  0.1191232  0.1553318  0.1422417  0.1440241  0.1463929  0.1113473  0.1113229  0.1359658  0.1321405  0.0723512  0.0857052  0.1064385  0.1105770  0.1070666  0.1064367  0.0824512  0.0750355  0.0726742  0.0894433  0.1103932  0.1054233  0.1042073  0.1005606
 4  0.0437607  0.0488688  0.0488181  0.0451485  0.0330295  0.0352155  0.0411086  0.0449284  0.0365251  0.0326795  0.0320560  0.0367157  0.0415222  0.0381431  0.0397117  0.0368690  0.0357498  0.0358752  0.0385484  0.0353486  0.0402080  0.0473453  0.0452519  0.0407433  0.0407377  0.0352368  0.0281671
 1  0.1118120  0.0964238  0.0718473  0.0617241  0.0538992  0.0942115  0.0779347  0.1717692  0.1660744  0.1946451  0.1484107  0.1203440  0.1332967  0.2023373  0.2627493  0.2173183  0.2588411  0.1098909  0.1036915  0.0719925  0.0722246  0.0966201  0.0984399  0.0688858  0.0544929  0.0548089  0.0536750
 2  0.0220355  0.0160806  0.0113663  0.0105095  0.0092999  0.0155927  0.0138040  0.0312895  0.0264883  0.0287958  0.0247055  0.0233388  0.0279692  0.0455139  0.0610363  0.0476543  0.0533111  0.0209659  0.0204811  0.0147025  0.0155152  0.0205931  0.0207595  0.0123839  0.0098242  0.0107438  0.0108123
 3  0.1031050  0.1198210  0.1401958  0.1251023  0.1214305  0.1569707  0.1621216  0.1448803  0.1599177  0.1160924  0.1098980  0.0896755  0.0839111  0.1192383  0.1217188  0.0683225  0.0759090  0.0741020  0.0853942  0.0740590  0.0740785  0.1024732  0.1117463  0.0958152  0.1089594  0.0936176  0.0867626
 4  0.0419424  0.0459099  0.0388773  0.0381134  0.0420768  0.0460320  0.0404246  0.0468764  0.0598171  0.0428152  0.0306415  0.0279656  0.0304601  0.0317119  0.0306198  0.0355208  0.0372535  0.0352519  0.0363201  0.0320558  0.0375571  0.0349630  0.0424308  0.0423856  0.0346698  0.0329460  0.0364512
 1  0.1216805  0.0775382  0.0552342  0.0625541  0.0550932  0.0795293  0.0740742  0.0684975  0.0581531  0.1319030  0.1330583  0.2292402  0.2981647  0.2079650  0.1839944  0.1693043  0.1573920  0.0871553  0.0730671  0.1197261  0.1307105  0.1767560  0.1607787  0.1845849  0.1760370  0.2278425  0.2827089
 2  0.0233076  0.0124971  0.0086004  0.0105333  0.0097639  0.0147966  0.0125209  0.0116457  0.0101201  0.0242136  0.0259031  0.0472359  0.0640370  0.0374994  0.0315967  0.0289886  0.0271668  0.0150011  0.0133089  0.0243866  0.0264185  0.0327878  0.0276847  0.0317148  0.0320353  0.0451714  0.0596074
 3  0.1125661  0.1258207  0.1412209  0.1350906  0.1219890  0.1536371  0.1519802  0.1496457  0.1473813  0.1386705  0.1418174  0.1474183  0.1430132  0.0844793  0.0956309  0.1214702  0.1139337  0.0764697  0.0730505  0.1039791  0.1058286  0.1047186  0.1109707  0.1145759  0.1113139  0.1091131  0.1153544
 4  0.0435238  0.0446955  0.0433057  0.0401462  0.0346549  0.0469648  0.0497315  0.0437345  0.0421287  0.0341748  0.0327095  0.0337807  0.0376441  0.0399770  0.0399264  0.0385588  0.0409298  0.0392027  0.0339919  0.0322177  0.0421582  0.0433010  0.0407180  0.0393222  0.0322048  0.0295045  0.0453254
 1  0.1291358  0.0481336  0.0328884  0.0560364  0.0413790  0.1425404  0.1428666  0.2162328  0.2666144  0.1886800  0.1949815  0.1253652  0.0759586  0.1180849  0.1216988  0.1360288  0.1521920  0.0720262  0.0728803  0.0650772  0.0626199  0.1093468  0.1148825  0.0856414  0.0827768  0.1253607  0.1366846
 2  0.0246433  0.0076257  0.0051087  0.0085793  0.0069155  0.0254501  0.0269196  0.0436049  0.0519280  0.0354914  0.0345230  0.0171156  0.0118483  0.0213780  0.0248521  0.0298949  0.0327372  0.0152098  0.0154634  0.0134683  0.0131968  0.0234504  0.0244586  0.0175177  0.0174043  0.0275527  0.0288551
 3  0.1195893  0.1182020  0.1413344  0.1304244  0.1262531  0.1504511  0.1514878  0.1422623  0.1476383  0.1009036  0.0968825  0.1211062  0.1244291  0.0972902  0.0965277  0.0994884  0.0962482  0.0714772  0.0694703  0.0864386  0.0873617  0.0852104  0.0841666  0.0809573  0.0862277  0.0649856  0.0742722
 4  0.0454104  0.0435329  0.0478707  0.0435893  0.0391174  0.0386557  0.0362284  0.0338914  0.0378472  0.0404556  0.0471081  0.0483701  0.0356103  0.0283396  0.0306982  0.0354030  0.0342798  0.0370162  0.0357358  0.0375125  0.0351747  0.0339327  0.0353968  0.0332952  0.0324661  0.0332774  0.0359279
 1  0.1456978  0.0688853  0.0456067  0.0960636  0.0772686  0.0930347  0.0813153  0.1660376  0.1446647  0.1829317  0.2331531  0.1221036  0.1109119  0.0763567  0.0812617  0.1195111  0.1285778  0.0965475  0.1011912  0.0878625  0.0890315  0.0625618  0.0562012  0.0382101  0.0313693  0.1058346  0.1163386
 2  0.0272533  0.0105586  0.0068713  0.0148434  0.0128282  0.0164943  0.0117793  0.0257996  0.0254881  0.0367178  0.0511673  0.0241919  0.0214974  0.0154987  0.0173764  0.0261482  0.0278742  0.0209910  0.0215195  0.0185768  0.0190561  0.0130961  0.0098011  0.0065512  0.0059521  0.0220011  0.0264848
 3  0.1352938  0.1188739  0.1315525  0.1733097  0.1708115  0.1588605  0.1588637  0.1585491  0.1428875  0.1376536  0.1310925  0.0680134  0.0742142  0.0993749  0.0975414  0.0882561  0.0853192  0.0666951  0.0740172  0.0752701  0.0705872  0.0705075  0.0666929  0.1151001  0.1155645  0.1040173  0.1073437
 4  0.0503031  0.0416590  0.0469669  0.0474396  0.0443260  0.0594063  0.0573996  0.0405031  0.0305576  0.0285380  0.0356311  0.0417233  0.0364371  0.0318922  0.0321190  0.0331119  0.0341272  0.0321448  0.0347930  0.0336964  0.0356798  0.0467213  0.0436572  0.0368308  0.0318153  0.0267869  0.0413481
 1  0.1394635  0.1067567  0.0732880  0.0981095  0.0863689  0.1319043  0.1390821  0.1362481  0.1450005  0.0856855  0.0591564  0.0934475  0.0939609  0.0904684  0.0928994  0.0838827  0.0881727  0.0525837  0.0493596  0.0935911  0.0877142  0.1251751  0.1390954  0.1172773  0.1146192  0.1529811  0.1814131
 2  0.0258566  0.0164305  0.0110399  0.0159352  0.0145523  0.0238315  0.0274657  0.0275872  0.0272364  0.0132702  0.0097968  0.0173711  0.0177858  0.0181413  0.0204631  0.0190399  0.0188652  0.0111770  0.0090948  0.0173631  0.0167240  0.0256933  0.0296216  0.0236428  0.0227923  0.0318223  0.0409772
 3  0.1297000  0.1134587  0.1264352  0.1705235  0.1677223  0.1666160  0.1428496  0.1370490  0.1475544  0.0948597  0.0886008  0.1249113  0.1176969  0.1011734  0.0998687  0.0788079  0.0826538  0.0709105  0.0681050  0.1102008  0.1112581  0.1136341  0.1059595  0.1160403  0.1118915  0.1083401  0.1119942
 4  0.0471594  0.0453106  0.0393969  0.0445822  0.0384075  0.0392802  0.0318136  0.0388635  0.0527143  0.0423980  0.0330094  0.0368901  0.0393847  0.0314121  0.0305396  0.0346955  0.0358069  0.0453932  0.0423178  0.0367622  0.0323184  0.0347550  0.0378716  0.0379914  0.0313108  0.0281654  0.0303358
 1  0.1220500  0.1105702  0.0814028  0.0920274  0.0894639  0.0814944  0.0646381  0.1321936  0.1219413  0.1231697  0.1268932  0.1493608  0.1465394  0.2902352  0.3789922  0.3546744  0.2526503  0.1413888  0.1408909  0.2134815  0.2188424  0.1198891  0.1164394  0.1889950  0.2059577  0.0945033  0.0828274
 2  0.0232430  0.0178040  0.0125559  0.0158992  0.0153790  0.0131469  0.0111483  0.0231627  0.0211008  0.0228645  0.0244195  0.0278799  0.0269982  0.0556976  0.0752635  0.0510553  0.0376645  0.0242346  0.0263548  0.0401564  0.0413713  0.0227041  0.0222198  0.0378977  0.0371305  0.0164411  0.0159288
 3  0.1131263  0.1356062  0.1309594  0.1756711  0.1676558  0.1564171  0.1511037  0.1501126  0.1453189  0.1408704  0.1520641  0.1408090  0.1481593  0.1441894  0.1509580  0.0914026  0.1100319  0.0853506  0.0793690  0.1023421  0.1060157  0.0804354  0.0696212  0.1016551  0.1005022  0.0818363  0.0772699
 4  0.0431712  0.0483362  0.0383311  0.0439819  0.0529689  0.0468199  0.0406087  0.0429674  0.0398563  0.0346170  0.0414483  0.0421808  0.0373338  0.0336444  0.0489180  0.0455669  0.0389811  0.0331043  0.0397161  0.0386878  0.0366801  0.0376435  0.0344396  0.0389882  0.0428623  0.0377485  0.0326999
 1  0.1033990  0.1104242  0.0847715  0.1016108  0.0813752  0.1468442  0.1235343  0.0927175  0.0986200  0.0593685  0.0594953  0.0945920  0.1036723  0.0341959  0.0335055  0.1124570  0.1238967  0.1677630  0.1983675  0.1786559  0.1724638  0.1501692  0.1472484  0.1030655  0.0953056  0.0381232  0.0291450
 2  0.0201090  0.0185609  0.0135282  0.0160187  0.0129013  0.0232112  0.0211343  0.0178245  0.0215506  0.0133347  0.0129802  0.0208309  0.0219707  0.0073154  0.0070374  0.0243757  0.0271446  0.0374931  0.0428929  0.0347385  0.0313796  0.0274400  0.0272023  0.0196244  0.0166899  0.0063831  0.0053101
 3  0.0955240  0.1223429  0.1294257  0.1742829  0.1556545  0.1546057  0.1451684  0.1028666  0.0976182  0.0840609  0.0857303  0.1050946  0.1067801  0.0720729  0.0727660  0.1074643  0.1031860  0.0900704  0.1047147  0.0808421  0.0803417  0.1075058  0.1133054  0.0774667  0.0748601  0.0758673  0.0799622
 4  0.0379955  0.0454845  0.0453118  0.0511275  0.0488019  0.0455471  0.0350208  0.0291295  0.0300487  0.0365965  0.0363055  0.0343107  0.0344473  0.0359151  0.0377145  0.0315052  0.0318338  0.0328878  0.0386331  0.0393797  0.0399662  0.0355572  0.0367758  0.0429138  0.0462332  0.0405442  0.0345729
 1  0.1289827  0.0726700  0.0504037  0.0404128  0.0230386  0.0859750  0.0937252  0.1395057  0.0903995  0.1026595  0.0964721  0.1156556  0.1345975  0.1372068  0.1550783  0.1694605  0.1722853  0.1219885  0.0859479  0.1048610  0.1023325  0.1128985  0.1213286  0.1185956  0.1430000  0.1760529  0.2190685
 2  0.0254748  0.0117440  0.0078058  0.0053043  0.0035311  0.0158301  0.0200537  0.0223977  0.0135700  0.0174174  0.0182843  0.0248447  0.0329595  0.0337699  0.0339134  0.0329988  0.0324189  0.0190567  0.0137651  0.0188555  0.0205722  0.0243475  0.0276703  0.0283750  0.0352854  0.0434953  0.0507151
 3  0.1188967  0.1081078  0.1514130  0.1340633  0.1216360  0.1499902  0.1461102  0.1262917  0.1422123  0.1190666  0.1132013  0.0920107  0.0869779  0.0819412  0.0897878  0.1190508  0.1140174  0.1009885  0.1037487  0.0928506  0.0902488  0.0755616  0.0804006  0.0896416  0.0905394  0.0630103  0.0657725
 4  0.0485996  0.0427835  0.0620985  0.0491074  0.0344602  0.0276331  0.0537955  0.0554320  0.0443527  0.0282347  0.0248264  0.0277128  0.0288320  0.0382519  0.0408109  0.0401665  0.0435175  0.0461381  0.0362753  0.0269417  0.0292122  0.0302092  0.0295474  0.0283790  0.0275282  0.0336424  0.0404738
 1  0.1303734  0.1043272  0.0753701  0.2004590  0.1956899  0.1312767  0.1265517  0.1323992  0.1145635  0.1059670  0.0955006  0.1086779  0.1259286  0.1261075  0.0924377  0.1081466  0.0968778  0.1874114  0.2442562  0.2848651  0.1573624  0.1431903  0.1455963  0.2013189  0.2366366  0.1462412  0.1791054
 2  0.0246442  0.0165740  0.0115097  0.0326994  0.0344138  0.0243943  0.0201858  0.0215328  0.0193093  0.0184891  0.0182517  0.0233241  0.0293819  0.0232533  0.0138059  0.0177129  0.0182853  0.0408799  0.0580952  0.0394617  0.0222541  0.0242987  0.0294177  0.0441343  0.0530684  0.0339933  0.0405023
 3  0.1208495  0.1401238  0.1417417  0.1610437  0.1627923  0.1176291  0.1216298  0.1578400  0.1475562  0.0885421  0.0855630  0.1082144  0.1055124  0.0905494  0.1058822  0.1145616  0.1068226  0.0979615  0.0998917  0.0676863  0.0694913  0.0876069  0.0733170  0.0766047  0.0836316  0.0705078  0.0600606
 4  0.0458997  0.0526652  0.0432086  0.0385447  0.0328312  0.0424430  0.0466447  0.0420887  0.0382229  0.0340555  0.0292617  0.0289551  0.0421394  0.0562367  0.0446767  0.0340716  0.0258523  0.0268270  0.0614085  0.0569528  0.0400419  0.0263699  0.0250962  0.0299325  0.0289246  0.0341686  0.0352726
 1  0.1268093  0.0785731  0.0558788  0.0682889  0.0598761  0.1044720  0.0992655  0.1606924  0.1890795  0.0812351  0.0559575  0.0909348  0.0969739  0.1100583  0.1173266  0.1584849  0.1597948  0.1379125  0.1351373  0.2267217  0.2826167  0.1468916  0.1466253  0.1165900  0.0733304  0.1649207  0.1785595
 2  0.0247688  0.0127079  0.0086084  0.0114424  0.0104703  0.0187799  0.0187275  0.0324457  0.0367480  0.0126672  0.0093881  0.0173074  0.0198668  0.0236955  0.0243287  0.0315201  0.0282887  0.0247127  0.0265447  0.0477991  0.0596623  0.0291664  0.0279513  0.0169711  0.0114940  0.0296369  0.0354362
 3  0.1170336  0.1364105  0.1509358  0.1308013  0.1176739  0.1509447  0.1441306  0.1609476  0.1371388  0.1000706  0.1088692  0.1326597  0.1128735  0.1105194  0.1030247  0.1100619  0.1187537  0.1096489  0.1026715  0.0927002  0.0894340  0.0791686  0.0803047  0.1002358  0.1089316  0.1238335  0.1116109
 4  0.0472314  0.0482016  0.0452769  0.0383746  0.0368569  0.0413917  0.0343472  0.0397565  0.0516174  0.0446597  0.0349382  0.0319538  0.0320106  0.0350582  0.0375416  0.0422079  0.0416522  0.0342652  0.0311820  0.0350001  0.0372864  0.0396260  0.0548189  0.0457932  0.0384767  0.0327623  0.0364967
 1  0.1361934  0.0865866  0.0593694  0.0768553  0.0668040  0.1496735  0.1395343  0.1411533  0.0919092  0.1054904  0.1074704  0.0899583  0.0793059  0.0982892  0.0997196  0.1441853  0.1868804  0.2395110  0.2943720  0.0910156  0.0837301  0.1116255  0.1050080  0.2467139  0.1835342  0.1858225  0.1916612
 2  0.0264105  0.0137034  0.0090359  0.0124954  0.0118529  0.0263482  0.0244987  0.0204007  0.0142374  0.0187882  0.0221404  0.0182220  0.0146164  0.0190613  0.0208817  0.0337274  0.0469242  0.0580025  0.0590661  0.0168948  0.0147622  0.0204846  0.0198658  0.0380673  0.0295257  0.0331503  0.0364045
 3  0.1257440  0.1139842  0.1227501  0.1651011  0.1723041  0.1517140  0.1494749  0.1078286  0.1055862  0.1223975  0.1141859  0.0663563  0.0645568  0.0965011  0.0981906  0.1026425  0.0961323  0.0672918  0.0707469  0.0830196  0.0770203  0.0955066  0.1088359  0.1084358  0.1149973  0.0698960  0.0702275
 4  0.0501259  0.0450324  0.0409854  0.0388911  0.0434979  0.0419545  0.0525907  0.0482290  0.0379075  0.0289854  0.0319748  0.0443283  0.0406281  0.0295684  0.0265140  0.0286780  0.0315385  0.0417633  0.0401221  0.0413316  0.0386145  0.0342376  0.0501503  0.0468011  0.0364265  0.0326859  0.0363023
 1  0.1185326  0.0608623  0.0429887  0.0326477  0.0283739  0.1364433  0.1531355  0.0801723  0.0520065  0.1132350  0.1178099  0.1103747  0.1127682  0.1421393  0.1594822  0.2581914  0.3091141  0.0966291  0.0769631  0.1125090  0.1174016  0.1032050  0.1023641  0.1982404  0.2466525  0.2024088  0.1753066
 2  0.0227503  0.0098581  0.0067766  0.0055275  0.0054050  0.0282102  0.0292781  0.0119691  0.0082654  0.0205430  0.0224304  0.0221746  0.0230664  0.0299373  0.0331475  0.0537475  0.0526564  0.0152642  0.0138496  0.0222698  0.0237654  0.0209153  0.0217950  0.0442551  0.0524168  0.0359644  0.0308236
 3  0.1096772  0.1146221  0.1358302  0.1211890  0.1338504  0.1422331  0.1501034  0.1192851  0.1185456  0.1460049  0.1362921  0.0952083  0.1026381  0.1100377  0.1212764  0.1157301  0.1241471  0.0791271  0.0805716  0.0968611  0.0963312  0.0829776  0.0865057  0.0831410  0.0840737  0.0735172  0.0755994
 4  0.0422451  0.0433246  0.0427148  0.0348721  0.0332336  0.0401945  0.0590468  0.0478497  0.0364042  0.0349686  0.0385582  0.0352086  0.0368329  0.0319464  0.0359806  0.0397773  0.0472808  0.0371636  0.0345927  0.0334049  0.0355976  0.0362070  0.0303091  0.0317962  0.0417082  0.0414469  0.0339868
 1  0.1320631  0.0507212  0.0346597  0.0347773  0.0176362  0.0921713  0.0950804  0.0839220  0.0900049  0.1251528  0.1433442  0.1645886  0.1648207  0.1043523  0.0951478  0.1399547  0.1501109  0.1007106  0.0958629  0.0555729  0.0549819  0.0282591  0.0257940  0.0711149  0.0682269  0.1317376  0.1377681
 2  0.0255619  0.0080471  0.0053539  0.0042269  0.0026408  0.0164392  0.0193311  0.0188042  0.0198854  0.0277372  0.0324102  0.0339826  0.0305742  0.0189007  0.0183377  0.0283525  0.0316311  0.0205246  0.0194697  0.0117915  0.0111631  0.0056586  0.0053921  0.0147381  0.0140269  0.0271631  0.0295187
 3  0.1220465  0.1217224  0.1381391  0.1331750  0.1213692  0.1386326  0.1367712  0.0838723  0.0795530  0.1041838  0.1106014  0.1040582  0.1098248  0.0787885  0.0701004  0.0953336  0.0937108  0.0663002  0.0694674  0.0640667  0.0696427  0.0904226  0.0939073  0.0860615  0.0822090  0.0935102  0.0928515
 4  0.0476083  0.0472034  0.0668168  0.0537995  0.0361513  0.0288782  0.0315140  0.0341936  0.0376879  0.0318596  0.0352355  0.0435341  0.0431338  0.0351395  0.0338247  0.0308390  0.0365788  0.0357047  0.0323481  0.0335496  0.0416155  0.0336948  0.0354554  0.0394365  0.0359474  0.0349677  0.0344598
 1  0.1123856  0.0467873  0.0339387  0.0976929  0.0975321  0.2146126  0.1917317  0.1736475  0.1478101  0.1832592  0.1927958  0.0834857  0.0860887  0.1385124  0.1468882  0.2114681  0.2199494  0.1228253  0.1064879  0.1263700  0.1191703  0.1679135  0.1645483  0.1949361  0.2061684  0.2908797  0.3721850
 2  0.0216566  0.0077500  0.0054380  0.0174911  0.0190334  0.0389782  0.0271504  0.0269252  0.0236470  0.0323244  0.0377293  0.0173599  0.0172443  0.0272729  0.0291438  0.0397089  0.0387677  0.0207679  0.0195102  0.0231240  0.0227282  0.0315704  0.0309780  0.0365825  0.0395536  0.0571858  0.0739734
 3  0.1039106  0.1267519  0.1302375  0.1239255  0.1203570  0.1561313  0.1697533  0.1192549  0.1213822  0.1221914  0.1209273  0.1020071  0.0895345  0.1482161  0.1321805  0.1421432  0.1499638  0.0920144  0.0977572  0.1145474  0.1092995  0.1035779  0.0971403  0.1220648  0.1144593  0.1176260  0.1164682
 4  0.0408804  0.0464007  0.0374336  0.0294298  0.0359091  0.0604985  0.0543875  0.0371790  0.0372258  0.0321537  0.0298471  0.0361078  0.0367369  0.0408140  0.0371304  0.0441408  0.0449868  0.0385178  0.0379302  0.0420975  0.0374529  0.0375724  0.0340740  0.0379783  0.0339786  0.0344874  0.0394601
