              Isim, Ftarg, Btarg
   1 2019          0.3977734     129364.7079738      33266.1582637
   1 2021          0.3948486     129062.8433217      32838.9177365
   1 2023          0.3685254     128859.4943248      31670.0064014
   1 2025          0.4153223     128962.1375471      33589.9280351
   1 2027          0.4123975     129128.5970880      33765.4342741
   1 2029          0.4036230     129389.9420389      33604.9639982
   1 2031          0.4006982     129362.3137246      33403.0395623
   1 2033          0.4006982     129396.1907404      33470.0152852
   1 2035          0.4006982     129261.4472284      33544.1951948
   1 2037          0.3919238     128981.8245090      33183.2170796
   1 2039          0.3831494     129401.0320188      32515.6300687
   1 2041          0.4036230     129293.7352209      33231.0315117
   1 2043          0.4006982     129365.3513315      33339.9210386
   2 2019          0.3977734     128814.4188190      33124.6513071
   2 2021          0.3977734     128478.5532098      32782.6280767
   2 2023          0.4036230     128379.4624600      33107.8699010
   2 2025          0.4036230     128814.4021585      33133.8118946
   2 2027          0.4036230     128360.4225708      33203.9922996
   2 2029          0.4036230     128759.7513768      33294.9350089
   2 2031          0.4006982     128795.0267761      33115.6670883
   2 2033          0.4094727     128382.8289016      33284.3848278
   2 2035          0.3860742     128440.3004381      32518.5511019
   2 2037          0.4036230     128441.0707479      33144.1407707
   2 2039          0.4036230     128345.6874167      33542.2982032
   2 2041          0.3977734     128834.7265955      33417.7214091
   2 2043          0.3977734     128386.6296922      33306.9213635
   3 2019          0.3977734     131418.4014862      33794.2659252
   3 2021          0.3889990     131562.8400667      33241.7402955
   3 2023          0.4065479     131001.1324084      33774.1350263
   3 2025          0.4036230     131495.3975511      34095.3241301
   3 2027          0.4006982     131438.8382903      33942.5496963
   3 2029          0.4094727     130904.7018175      34131.9088519
   3 2031          0.3977734     131376.7844248      33852.6864046
   3 2033          0.3919238     131229.1335426      33524.7777464
   3 2035          0.4006982     131041.2659290      33951.6281657
   3 2037          0.3977734     131323.7367281      33903.3944389
   3 2039          0.3977734     131519.1535298      33923.8403568
   3 2041          0.3948486     131372.3269350      33948.5675399
   3 2043          0.3831494     131479.4173921      33296.3595015
   4 2019          0.3977734     133428.9350648      34311.2750019
   4 2021          0.3919238     133649.0364036      33681.4498737
   4 2023          0.4094727     133003.1707922      34443.2295578
   4 2025          0.4065479     133190.1881551      34430.0495934
   4 2027          0.3889990     133478.9742784      33732.0966199
   4 2029          0.4094727     133217.3010490      34348.4971018
   4 2031          0.4065479     133409.5477334      34390.2628977
   4 2033          0.4153223     132981.2748081      34664.9768206
   4 2035          0.4065479     133430.1147562      34526.7677900
   4 2037          0.4065479     133151.6652595      34630.1586446
   4 2039          0.3860742     133304.8539167      33982.6317007
   4 2041          0.4036230     133435.7813078      34605.3555269
   4 2043          0.4065479     133084.0555396      34728.0506705
   5 2019          0.3977734     130501.2528948      33558.4209976
   5 2021          0.3919238     130504.7332158      33025.3822964
   5 2023          0.3889990     130535.0119530      32971.8904183
   5 2025          0.4036230     130208.0272768      33662.8820350
   5 2027          0.4006982     130361.4066640      33803.3545007
   5 2029          0.4006982     130316.8571862      33938.6379778
   5 2031          0.3772998     130674.2423168      32954.3272714
   5 2033          0.3977734     130709.4930013      33420.2790181
   5 2035          0.4065479     130359.2505011      33946.4822670
   5 2037          0.3889990     130463.8866889      33511.0701504
   5 2039          0.3977734     130541.8363810      33530.4722548
   5 2041          0.4036230     130702.9021349      33934.1266682
   5 2043          0.3977734     130466.1401977      33886.3726311
   6 2019          0.3977734     132943.3858106      34186.4159225
   6 2021          0.3919238     133146.9427836      33759.8651763
   6 2023          0.4065479     132891.5075758      34308.6311587
   6 2025          0.4036230     132821.8840851      34377.6267074
   6 2027          0.3919238     132571.7053152      33932.8161705
   6 2029          0.4123975     133009.1854792      34586.7197121
   6 2031          0.3948486     132697.0787666      34096.7109208
   6 2033          0.4036230     132421.1154044      34351.7378789
   6 2035          0.4036230     132867.2138924      34520.4764622
   6 2037          0.3948486     132933.9618852      34255.2650884
   6 2039          0.3831494     133072.2391887      33603.8971895
   6 2041          0.4036230     132513.3432348      34276.0186048
   6 2043          0.4006982     132585.1195843      34400.8164061
   7 2019          0.3977734     130609.1527291      33586.1674596
   7 2021          0.3919238     130765.1599876      33153.5078542
   7 2023          0.4065479     130490.2557627      33529.7457044
   7 2025          0.4182471     130604.5375201      33987.9002977
   7 2027          0.4094727     130493.8375322      33883.6615009
   7 2029          0.4065479     130345.4185941      33779.4620909
   7 2031          0.3889990     130534.9747072      33122.2033951
   7 2033          0.4123975     130438.1432052      33777.1898630
   7 2035          0.4036230     130822.9645549      33957.2619944
   7 2037          0.3772998     130332.0065032      32904.8274743
   7 2039          0.3860742     130486.9568316      32963.2261627
   7 2041          0.4006982     130610.2694629      33540.2660599
   7 2043          0.4094727     130308.2297347      33984.9447530
   8 2019          0.3977734     130069.6535577      33447.4351493
   8 2021          0.3977734     129563.3923314      32936.0921380
   8 2023          0.4153223     129809.9676013      33546.7846777
   8 2025          0.3919238     129579.1367238      32977.1083497
   8 2027          0.3977734     129584.1587546      33414.2237539
   8 2029          0.4036230     129676.6760072      33563.7936874
   8 2031          0.4094727     129710.7100708      33924.0428995
   8 2033          0.4006982     129920.6887707      33729.1862928
   8 2035          0.3685254     129759.9781970      32229.9012243
   8 2037          0.4036230     129928.5848460      33645.3098075
   8 2039          0.4036230     129636.5101755      33849.3277262
   8 2041          0.3977734     130012.0408095      33751.7999533
   8 2043          0.3889990     129783.8913574      33161.5098954
   9 2019          0.3977734     130799.7757697      33635.1862093
   9 2021          0.3948486     130349.7789765      33290.4693449
   9 2023          0.4036230     130560.8330196      33755.1478534
   9 2025          0.4006982     130534.8677181      33679.1345117
   9 2027          0.3802246     130472.7198743      32627.9195630
   9 2029          0.4094727     130385.7150755      33836.3540272
   9 2031          0.4094727     130406.0465912      34040.5980681
   9 2033          0.4036230     130581.5483308      33982.4421050
   9 2035          0.4006982     130478.6338453      33837.7979665
   9 2037          0.3948486     130562.7765928      33485.7322156
   9 2039          0.3977734     130666.7659203      33488.2720101
   9 2041          0.3889990     130533.2242888      33169.3179571
   9 2043          0.3714502     130790.9081608      32382.5217801
  10 2019          0.3977734     130555.2028120      33572.2942286
  10 2021          0.3889990     130240.5695750      33020.5637865
  10 2023          0.4036230     130356.7471750      33457.2048112
  10 2025          0.4211719     130535.6242803      34066.5064726
  10 2027          0.4094727     130521.3652755      33883.3384657
  10 2029          0.4036230     130571.8700106      33676.9051302
  10 2031          0.4094727     130035.2831687      33799.5487329
  10 2033          0.3919238     130563.8700320      33245.0911986
  10 2035          0.3977734     130620.0806026      33448.5554344
  10 2037          0.4094727     130365.7332666      33988.5085022
  10 2039          0.4006982     130402.9004504      33873.2502959
  10 2041          0.4006982     130542.8873804      33912.8170549
  10 2043          0.3860742     130313.9789302      33216.9033100
  11 2019          0.3977734     128929.5119756      33154.2475333
  11 2021          0.3948486     128674.4048840      32655.3330661
  11 2023          0.4006982     128525.9455641      32924.9521076
  11 2025          0.4036230     129048.1016671      33150.9946721
  11 2027          0.4153223     128661.4550691      33581.6565576
  11 2029          0.4006982     128842.3986866      33269.7243205
  11 2031          0.3889990     128833.5904675      32776.8695081
  11 2033          0.4006982     129025.2454254      33308.1735366
  11 2035          0.4065479     128814.7925438      33444.7661340
  11 2037          0.4036230     128715.7127056      33404.5644937
  11 2039          0.4006982     128540.4959946      33304.6560262
  11 2041          0.4006982     128631.2849133      33379.0079312
  11 2043          0.4006982     128648.3307881      33368.0499254
  12 2019          0.3977734     130652.3126628      33597.2660445
  12 2021          0.3919238     130622.5621844      33087.8400099
  12 2023          0.4036230     130320.1492512      33563.1763379
  12 2025          0.4123975     130676.6340098      33996.9818023
  12 2027          0.4036230     130248.8724808      33859.8673967
  12 2029          0.3831494     130715.5411645      33107.5057266
  12 2031          0.3831494     130432.5133936      32864.3322267
  12 2033          0.4065479     130722.6106152      33826.0537790
  12 2035          0.4094727     130165.9873709      34049.3624626
  12 2037          0.3948486     130534.8613902      33745.4876389
  12 2039          0.3919238     130199.1052532      33381.7809668
  12 2041          0.3977734     130691.5889739      33563.2479729
  12 2043          0.3977734     130499.3501666      33633.7113580
  13 2019          0.3977734     128573.4425225      33062.6842085
  13 2021          0.3948486     128296.0477273      32683.8569200
  13 2023          0.3860742     128723.8637115      32357.4658379
  13 2025          0.4094727     128117.9990048      33146.0726928
  13 2027          0.4211719     128298.1417693      33505.7275813
  13 2029          0.4094727     128322.0790746      33436.9272710
  13 2031          0.4006982     128198.5030150      33248.8448202
  13 2033          0.3977734     128677.7657671      33220.7808260
  13 2035          0.3919238     128688.3492639      32904.0246459
  13 2037          0.3948486     128193.8057125      32925.3931399
  13 2039          0.4006982     128356.1959676      33116.6984408
  13 2041          0.4036230     128771.9823999      33287.5605887
  13 2043          0.3889990     128536.5676273      32973.1445776
  14 2019          0.3977734     131911.1440627      33920.9747687
  14 2021          0.3919238     132032.5906384      33534.7541176
  14 2023          0.4036230     131649.9835310      34029.0726453
  14 2025          0.3977734     131807.0980742      33892.0718858
  14 2027          0.4036230     131886.1664781      34262.0498774
  14 2029          0.3860742     132067.3006918      33720.7616612
  14 2031          0.3977734     132101.5257777      33997.8255431
  14 2033          0.4036230     131958.7042357      34253.7909544
  14 2035          0.3889990     131573.0928373      33728.2937440
  14 2037          0.3860742     131994.9276228      33324.3563535
  14 2039          0.4065479     131874.9334789      34092.3075905
  14 2041          0.4094727     131455.9019137      34428.1190237
  14 2043          0.3977734     131832.8879269      34151.8374836
  15 2019          0.3977734     126951.3483472      32645.5623953
  15 2021          0.3889990     126896.1908290      32104.3723260
  15 2023          0.3977734     126568.3459108      32354.9669570
  15 2025          0.4182471     126825.3869155      33048.9375411
  15 2027          0.4211719     126443.8530340      33197.6417405
  15 2029          0.3889990     126946.6434402      32424.1662024
  15 2031          0.3831494     127127.6795290      31816.9568630
  15 2033          0.4153223     126449.1238970      33090.6544901
  15 2035          0.4065479     126900.3567129      32948.9649801
  15 2037          0.3977734     127058.5047082      32784.5617070
  15 2039          0.3948486     126780.1575686      32643.8557247
  15 2041          0.3977734     126878.5287240      32676.7028584
  15 2043          0.3919238     126442.3756166      32292.4110156
  16 2019          0.3977734     131163.0385451      33728.5992983
  16 2021          0.3948486     130705.6251003      33347.9372550
  16 2023          0.4006982     130774.8178952      33504.8127221
  16 2025          0.4036230     130801.1931191      33836.1237345
  16 2027          0.3977734     131218.1456054      33855.4323875
  16 2029          0.3948486     131182.8253443      33717.2916167
  16 2031          0.4036230     130789.9220752      33971.7710712
  16 2033          0.4006982     130768.2841108      33913.2576800
  16 2035          0.3714502     130696.3667966      32652.2576706
  16 2037          0.4065479     131133.3980695      33860.8859602
  16 2039          0.4123975     130965.4900292      34219.2392202
  16 2041          0.4036230     130708.0998456      34091.8228411
  16 2043          0.3919238     130744.7086130      33726.6432845
  17 2019          0.3977734     128918.7219921      33151.4728871
  17 2021          0.3919238     128762.6281925      32733.8424671
  17 2023          0.3977734     128893.2407973      32856.7384044
  17 2025          0.4123975     128691.2454286      33478.0514337
  17 2027          0.4036230     128705.6669306      33240.9959266
  17 2029          0.4094727     128844.6500964      33308.9253928
  17 2031          0.3860742     128595.9936227      32631.4806423
  17 2033          0.3977734     129053.0094574      32958.1594707
  17 2035          0.4094727     128745.8822662      33556.0605725
  17 2037          0.3977734     129029.9877409      33300.8596612
  17 2039          0.4006982     128945.5978364      33440.9607836
  17 2041          0.4036230     128641.6297989      33569.6034129
  17 2043          0.3860742     128840.6576768      32917.9764505
  18 2019          0.3977734     133169.9754626      34244.6834929
  18 2021          0.3889990     133310.6650781      33593.7205111
  18 2023          0.4006982     132822.6448628      34031.2529581
  18 2025          0.4065479     133188.4122059      34322.4201779
  18 2027          0.4153223     132641.5899285      34805.6504926
  18 2029          0.3948486     133154.0436684      34315.9914645
  18 2031          0.3977734     133179.5637310      34255.9063872
  18 2033          0.4006982     132798.2290754      34351.7234336
  18 2035          0.3919238     132859.5918720      34009.1111366
  18 2037          0.3977734     133029.0073736      34199.8764223
  18 2039          0.3977734     133021.8243958      34162.3540277
  18 2041          0.4123975     132801.7679663      34576.1490927
  18 2043          0.4094727     132713.6330455      34637.0264604
  19 2019          0.3977734     129310.7580567      33252.2850327
  19 2021          0.3948486     129445.0007003      32893.9057118
  19 2023          0.4094727     129027.1858554      33657.3421386
  19 2025          0.3977734     129453.4708338      33260.9692876
  19 2027          0.4065479     129023.8813196      33561.3507303
  19 2029          0.3919238     129095.5399497      33047.5918753
  19 2031          0.4123975     129036.3561788      33528.9264595
  19 2033          0.4006982     129080.2042608      33359.3972947
  19 2035          0.4006982     129024.2392735      33250.5626098
  19 2037          0.3977734     128877.7447604      33259.6595924
  19 2039          0.4006982     129400.8714989      33245.0573703
  19 2041          0.3977734     129463.8939242      33340.5645012
  19 2043          0.3919238     128844.9050887      32933.3631221
  20 2019          0.3977734     128979.8652316      33167.1958823
  20 2021          0.3889990     128614.5771193      32534.6576137
  20 2023          0.3977734     128555.1961110      32889.4828065
  20 2025          0.4153223     129022.0500027      33599.0858012
  20 2027          0.4036230     128541.7352532      33412.9956686
  20 2029          0.3919238     128490.0216403      32671.7784339
  20 2031          0.4123975     128617.4713509      33459.0267851
  20 2033          0.4006982     128619.8008252      33248.2877701
  20 2035          0.4036230     129063.4762108      33510.8698465
  20 2037          0.4006982     128849.3690842      33528.4829393
  20 2039          0.3919238     129120.7330627      33207.5786757
  20 2041          0.4006982     128792.2670057      33490.0564465
  20 2043          0.3948486     128591.1774392      33258.4564420
  21 2019          0.3977734     132540.5597626      34082.8291308
  21 2021          0.4006982     132108.1606597      33820.1786567
  21 2023          0.4094727     132214.3084897      34155.3602077
  21 2025          0.3919238     132509.9199200      33615.7410833
  21 2027          0.3919238     132540.3676794      33682.5685117
  21 2029          0.4036230     132455.7729278      34007.9571505
  21 2031          0.4065479     132313.0668632      34284.8354638
  21 2033          0.4094727     132357.1426364      34481.9474402
  21 2035          0.4065479     132451.6652266      34546.7309622
  21 2037          0.3948486     132243.5885018      34294.5939513
  21 2039          0.3860742     132148.2547643      33761.5571843
  21 2041          0.3977734     132376.1545241      33929.8097816
  21 2043          0.4006982     132254.8628864      34180.6268588
  22 2019          0.3977734     133436.1283871      34313.1247660
  22 2021          0.3948486     133477.8053455      33908.1802965
  22 2023          0.3977734     133121.0168546      33987.3187291
  22 2025          0.4153223     133529.5297300      34585.4488960
  22 2027          0.4036230     133404.2508188      34597.7533237
  22 2029          0.3919238     132962.4474253      33785.9764496
  22 2031          0.4094727     133226.7245716      34518.6176328
  22 2033          0.4094727     133577.7192698      34725.4601191
  22 2035          0.3977734     133396.3926888      34512.5902944
  22 2037          0.3919238     133601.8177150      34216.9640323
  22 2039          0.3948486     133342.4486329      34235.9999217
  22 2041          0.4006982     133463.9537072      34335.4381295
  22 2043          0.4094727     132954.1977755      34558.8820465
  23 2019          0.3977734     128105.8765739      32942.4495395
  23 2021          0.3860742     128273.8985407      32235.9915957
  23 2023          0.4036230     127749.0385318      32946.1270699
  23 2025          0.3977734     127646.6970468      33167.5320813
  23 2027          0.4006982     127840.8328865      33203.1420035
  23 2029          0.3948486     128143.5995442      33092.6476112
  23 2031          0.3977734     127593.8067649      33244.8761936
  23 2033          0.3772998     128103.3773407      32391.4860065
  23 2035          0.4006982     128136.9930667      33170.3261362
  23 2037          0.3977734     128264.9210331      33047.7992595
  23 2039          0.4036230     127684.9299970      33132.6895734
  23 2041          0.3919238     128043.4606639      32631.5166802
  23 2043          0.4065479     127947.0590872      33269.1028721
  24 2019          0.3977734     131785.2609227      33888.6038963
  24 2021          0.3948486     131631.4232914      33494.7250953
  24 2023          0.4153223     131708.0100487      34126.9648578
  24 2025          0.3948486     131488.6441144      33633.3595383
  24 2027          0.4065479     131777.8112858      33997.7859042
  24 2029          0.4094727     131858.4262519      34207.8151112
  24 2031          0.4006982     131594.0316592      34069.3830497
  24 2033          0.3772998     131861.1284616      33146.8197831
  24 2035          0.3772998     131759.9847800      32867.8840774
  24 2037          0.3889990     131813.5844508      33437.2847159
  24 2039          0.4065479     131601.2212069      34330.6308736
  24 2041          0.4065479     131615.5342639      34393.2259349
  24 2043          0.3977734     131269.6735689      34097.8515306
  25 2019          0.3977734     135640.8816675      34880.0774744
  25 2021          0.3919238     135530.2180617      34335.9935139
  25 2023          0.4036230     135146.3134310      34773.1425870
  25 2025          0.4094727     135858.3776776      35170.6080598
  25 2027          0.4065479     135538.5792446      35306.7561447
  25 2029          0.3919238     135116.4297721      34607.7519249
  25 2031          0.3889990     135430.8861519      34327.4782219
  25 2033          0.4094727     135173.5752203      35138.1787564
  25 2035          0.3977734     135720.5774457      34895.6418961
  25 2037          0.4065479     135495.5471817      35203.4399594
  25 2039          0.3919238     135522.2031909      34831.4716594
  25 2041          0.3948486     135562.6758201      34763.4322361
  25 2043          0.4094727     135691.4524168      35306.6989315
  26 2019          0.3977734     131968.6906410      33935.7728818
  26 2021          0.3948486     131920.6383125      33449.9465162
  26 2023          0.4123975     131595.2490443      34063.1434435
  26 2025          0.4065479     131852.6245648      34267.8293651
  26 2027          0.3948486     131526.7897914      33681.4800343
  26 2029          0.3977734     132162.6894580      33770.5081539
  26 2031          0.3948486     132064.6473893      33611.8967783
  26 2033          0.4094727     131557.5326895      34214.8019551
  26 2035          0.4036230     131816.8947606      34043.6908335
  26 2037          0.4094727     131956.9981936      34228.0498372
  26 2039          0.4065479     131776.5877894      34198.9456017
  26 2041          0.4036230     131664.4010116      34089.3954130
  26 2043          0.3977734     131555.8779804      33944.1349871
  27 2019          0.3977734     130494.0595726      33556.5712334
  27 2021          0.3948486     130321.0192164      33071.9842864
  27 2023          0.4036230     130099.1594937      33444.3252272
  27 2025          0.4094727     130377.7921694      33774.1197854
  27 2027          0.4123975     130523.2049519      33824.8046012
  27 2029          0.3919238     130573.5243186      33268.5116826
  27 2031          0.4006982     130600.0992452      33485.4050883
  27 2033          0.4153223     130628.5758545      33960.8486863
  27 2035          0.4036230     130354.2898257      33759.3127091
  27 2037          0.4036230     130079.2478392      33709.1459226
  27 2039          0.3977734     129999.6903217      33577.3904851
  27 2041          0.3977734     130610.4853104      33334.0314344
  27 2043          0.3977734     130588.3364445      33388.5082961
  28 2019          0.3977734     130134.3934583      33464.0830265
  28 2021          0.3889990     130019.1985500      32822.5255494
  28 2023          0.3860742     130052.7558676      32708.2109704
  28 2025          0.4123975     129784.7430115      33699.0010926
  28 2027          0.4153223     130240.7848327      33936.2939340
  28 2029          0.4006982     130038.0305533      33600.2093935
  28 2031          0.4006982     130204.9432963      33590.2292184
  28 2033          0.4036230     129694.6812508      33639.9196267
  28 2035          0.4036230     130118.8130408      33761.0371798
  28 2037          0.3860742     130203.9231131      33137.8429555
  28 2039          0.3860742     129941.4639234      32861.4351632
  28 2041          0.4036230     129909.8120486      33424.4058652
  28 2043          0.4094727     130216.1621848      33859.9317711
  29 2019          0.3977734     133148.3954957      34239.1342005
  29 2021          0.3948486     132870.8606227      33772.3630868
  29 2023          0.4006982     133172.8791047      34220.0961342
  29 2025          0.4036230     132858.7508216      34365.1115861
  29 2027          0.4006982     132944.3866987      34187.4147194
  29 2029          0.4036230     132707.9681446      34182.0022768
  29 2031          0.4153223     132651.0837649      34730.9867831
  29 2033          0.3977734     132796.8033389      34351.7066888
  29 2035          0.3948486     133011.9389001      34114.7331110
  29 2037          0.3889990     133276.1450258      33955.3261573
  29 2039          0.4036230     133036.2002042      34372.7624639
  29 2041          0.4065479     132842.0718436      34554.9481099
  29 2043          0.3919238     133324.9823188      34185.0318507
  30 2019          0.3977734     136392.5838463      35073.3778269
  30 2021          0.3948486     136278.2979519      34672.4319920
  30 2023          0.4094727     136611.6870855      35194.3328517
  30 2025          0.4094727     136380.5108301      35482.6173912
  30 2027          0.3919238     136286.7912580      34761.8488441
  30 2029          0.3919238     136337.3760323      34568.5757901
  30 2031          0.4153223     136124.9051266      35515.2230846
  30 2033          0.4065479     136006.4149775      35520.3151793
  30 2035          0.3860742     136609.0430790      34885.5371003
  30 2037          0.3919238     136305.2010022      34572.7599431
  30 2039          0.4065479     136234.3223586      35352.0322324
  30 2041          0.4006982     136269.1575319      35414.3928450
  30 2043          0.3802246     136570.9103076      34542.5713602
  31 2019          0.3977734     127868.4969385      32881.4073229
  31 2021          0.3977734     127455.8437201      32567.5520160
  31 2023          0.4036230     127560.7276726      32876.4044834
  31 2025          0.3919238     127430.0120997      32457.0966654
  31 2027          0.4094727     128042.6381627      33246.4760088
  31 2029          0.4065479     127795.0710928      33259.4959171
  31 2031          0.3977734     127922.2794625      32876.2858437
  31 2033          0.3889990     127955.6084682      32497.7581067
  31 2035          0.3919238     127390.8733255      32473.7741580
  31 2037          0.4123975     127785.9365775      33249.0746428
  31 2039          0.4036230     127857.8114218      33179.3530550
  31 2041          0.3948486     127980.6692868      32997.4389939
  31 2043          0.3977734     127758.4364839      32953.5670174
  32 2019          0.3977734     134551.0933413      34599.8382074
  32 2021          0.3948486     134632.9410997      34191.4072054
  32 2023          0.4065479     134197.0054294      34502.9104764
  32 2025          0.4123975     134151.1008564      34802.4506098
  32 2027          0.3919238     134751.2771433      34257.5413087
  32 2029          0.4036230     134611.8939831      34521.7144298
  32 2031          0.4094727     134558.7418948      34795.1125340
  32 2033          0.4094727     134760.8705037      34829.1585299
  32 2035          0.4094727     134365.4049871      34919.2381718
  32 2037          0.4036230     134402.2622588      34802.3481663
  32 2039          0.4094727     134236.5561108      34931.4244870
  32 2041          0.4006982     134571.1633428      34494.8359118
  32 2043          0.3977734     134628.5196358      34660.7689208
  33 2019          0.3977734     131303.3083296      33764.6696990
  33 2021          0.3977734     130970.5240844      33766.2271296
  33 2023          0.4036230     130784.8788661      33911.4015456
  33 2025          0.4036230     130811.5117634      34007.3968238
  33 2027          0.3919238     131493.1435118      33629.7941974
  33 2029          0.4036230     130890.7175965      33811.5404361
  33 2031          0.3948486     131392.0715814      33701.5673165
  33 2033          0.4006982     131302.5753186      33935.8266647
  33 2035          0.3919238     130905.8334378      33607.4087991
  33 2037          0.4036230     130892.0548890      33906.6639185
  33 2039          0.3977734     131429.2960033      33971.6734086
  33 2041          0.3860742     131062.9365178      33329.7274725
  33 2043          0.4094727     131471.5934530      34178.9843951
  34 2019          0.3977734     128782.0488687      33116.3273685
  34 2021          0.3860742     128990.2449992      32304.3339308
  34 2023          0.4006982     128488.9101807      32808.4957801
  34 2025          0.4065479     128508.7017563      33209.4434462
  34 2027          0.4094727     128564.8430189      33381.1916381
  34 2029          0.4094727     128299.5644192      33461.0688641
  34 2031          0.4065479     128519.7679222      33598.2613828
  34 2033          0.3977734     128593.9131627      33447.5016091
  34 2035          0.3656006     128592.4097043      31730.9006927
  34 2037          0.3802246     128736.1719597      32106.1845318
  34 2039          0.4065479     128595.7026063      33127.0841185
  34 2041          0.4094727     128953.4650505      33482.5399527
  34 2043          0.3977734     128360.6205376      33195.0032071
  35 2019          0.3977734     126365.0925810      32494.8066180
  35 2021          0.3948486     126319.7651490      31929.3456398
  35 2023          0.4006982     126038.7793261      32248.0987278
  35 2025          0.3977734     126186.8014333      32216.7595481
  35 2027          0.3919238     126469.8519262      32040.9067608
  35 2029          0.4065479     126122.5713871      32549.0861839
  35 2031          0.4211719     126570.3855610      32989.4792670
  35 2033          0.4094727     125874.9026936      32767.8629603
  35 2035          0.3919238     126302.9525280      32239.6238209
  35 2037          0.4036230     126220.8224102      32721.6394138
  35 2039          0.4036230     126354.3187354      32716.8267873
  35 2041          0.3919238     126363.6071182      32352.1596746
  35 2043          0.4036230     126518.1174138      32770.1413997
  36 2019          0.3977734     130206.3266812      33482.5806679
  36 2021          0.3889990     130280.0623173      32820.3340716
  36 2023          0.4036230     129937.5370931      33304.2843035
  36 2025          0.4094727     129797.9783182      33679.6598192
  36 2027          0.4065479     130161.2956024      33727.2775629
  36 2029          0.4065479     130206.5660796      33799.4236733
  36 2031          0.4036230     129776.5530532      33770.9354371
  36 2033          0.3919238     130382.0995202      33281.7573304
  36 2035          0.4036230     130067.0412167      33644.7212491
  36 2037          0.3977734     130323.1954599      33687.3122043
  36 2039          0.3948486     130129.2982267      33614.6006516
  36 2041          0.3831494     130072.2445584      32891.6585233
  36 2043          0.3948486     129877.6311808      33328.1736123
  37 2019          0.3977734     132234.8435655      34004.2141549
  37 2021          0.3977734     132191.6557920      33808.8589254
  37 2023          0.3977734     132136.5188766      33764.8970386
  37 2025          0.4094727     131875.8409374      34146.3429946
  37 2027          0.3919238     132039.2667493      33759.9084850
  37 2029          0.4006982     132308.6975031      34155.6985087
  37 2031          0.4036230     132153.6879419      34268.5706474
  37 2033          0.4094727     131779.9891169      34495.6311283
  37 2035          0.3977734     132093.6516860      34233.7388826
  37 2037          0.3977734     132386.1808335      34029.2272178
  37 2039          0.3977734     132280.2667474      33961.7713434
  37 2041          0.4036230     132018.6673654      34113.9258925
  37 2043          0.4036230     131707.6887306      33959.3813546
  38 2019          0.3977734     131954.3039964      33932.0733535
  38 2021          0.3948486     131736.3225914      33560.4652286
  38 2023          0.4065479     131566.6127878      33965.3066506
  38 2025          0.3977734     131577.2822014      33694.4448386
  38 2027          0.4036230     131908.7579387      33867.2553720
  38 2029          0.4094727     132088.9682501      34264.8865502
  38 2031          0.4065479     131870.4851944      34352.3266266
  38 2033          0.3948486     131717.8637930      33941.9343149
  38 2035          0.3977734     131783.3631124      33968.7101585
  38 2037          0.3948486     131574.0102858      33765.6773159
  38 2039          0.4006982     131771.2079262      34032.3750251
  38 2041          0.3977734     131424.8882076      33953.5800452
  38 2043          0.4036230     131739.3704495      34191.5471336
  39 2019          0.3977734     129217.2448670      33228.2380989
  39 2021          0.3919238     128830.6148597      32648.5632001
  39 2023          0.4006982     128989.4194602      33023.1423160
  39 2025          0.4094727     129016.7227619      33534.9038775
  39 2027          0.4036230     129429.4497981      33540.6446020
  39 2029          0.3919238     129277.3158453      33163.6914358
  39 2031          0.3977734     129249.7476583      33085.2134442
  39 2033          0.4065479     129100.4907178      33520.0200168
  39 2035          0.4036230     128973.3519419      33475.4535038
  39 2037          0.3977734     129017.1675410      33186.5953889
  39 2039          0.4036230     128871.5367652      33274.9172485
  39 2041          0.4006982     129144.8866735      33359.0544336
  39 2043          0.4036230     129104.8898722      33363.6404021
  40 2019          0.3977734     127426.1076180      32767.6468284
  40 2021          0.3889990     127053.3217757      32159.8762754
  40 2023          0.4036230     127523.3138269      32745.9964710
  40 2025          0.3860742     127131.6239566      32134.4531433
  40 2027          0.4094727     127254.5345255      33090.8882808
  40 2029          0.4094727     127002.7151265      33200.3432587
  40 2031          0.3948486     127222.1424976      32717.4520430
  40 2033          0.4094727     127065.4333220      33023.7216440
  40 2035          0.4036230     126940.1510675      32982.2282844
  40 2037          0.3977734     127536.0000560      32814.8609833
  40 2039          0.3977734     127315.5424714      32778.5696083
  40 2041          0.3802246     126985.8656300      31992.0131781
  40 2043          0.4123975     127152.6266746      32879.7532066
  41 2019          0.3977734     129677.6174932      33346.6230037
  41 2021          0.3919238     129777.4668062      32991.6984765
  41 2023          0.4094727     129235.4997872      33495.6208168
  41 2025          0.4123975     129455.9029678      33744.6457775
  41 2027          0.3977734     129892.1073495      33324.8604516
  41 2029          0.3948486     129394.1021274      33095.3085106
  41 2031          0.4036230     129375.7023385      33423.9878563
  41 2033          0.4094727     129675.3155789      33658.8295704
  41 2035          0.4006982     129352.7953189      33398.5526777
  41 2037          0.3831494     129420.1578144      32661.2539040
  41 2039          0.4065479     129472.7071254      33519.6564592
  41 2041          0.4036230     129701.5836785      33568.0949241
  41 2043          0.4065479     129547.3905901      33591.0720420
  42 2019          0.3977734     130468.8829446      33550.0970589
  42 2021          0.3948486     130542.4591432      33311.7630392
  42 2023          0.4006982     130232.1074824      33443.1728485
  42 2025          0.4065479     130091.0711878      33574.2844452
  42 2027          0.4036230     130219.3510732      33649.5902898
  42 2029          0.4094727     129976.8610081      33807.7687826
  42 2031          0.4065479     130313.6333259      33787.5427868
  42 2033          0.4036230     130156.4283889      33898.1606235
  42 2035          0.3948486     130133.3642292      33596.2541133
  42 2037          0.3948486     130495.1842435      33555.2334863
  42 2039          0.4006982     130295.6138792      33775.3553857
  42 2041          0.3948486     130388.2852110      33534.0866269
  42 2043          0.3948486     130385.7982860      33581.4606747
  43 2019          0.3977734     136921.2930342      35209.3354910
  43 2021          0.3919238     136925.3341451      34854.7102745
  43 2023          0.3977734     136412.3157747      34974.2365959
  43 2025          0.4065479     136702.9496817      35417.9300476
  43 2027          0.4094727     136927.4828522      35560.6251294
  43 2029          0.4006982     136957.3010331      35179.2504760
  43 2031          0.4065479     136762.6168950      35447.8446126
  43 2033          0.3948486     136832.7490081      34858.5034552
  43 2035          0.4094727     136378.7483452      35570.2565341
  43 2037          0.4036230     136535.6678764      35505.2542657
  43 2039          0.3919238     137081.0415111      35164.5371497
  43 2041          0.4006982     137007.2035685      35350.9732856
  43 2043          0.3831494     137073.9596643      34678.2938140
  44 2019          0.3977734     128188.5997802      32963.7218271
  44 2021          0.3860742     127749.0991725      32223.4222814
  44 2023          0.3977734     128121.1509635      32588.3047560
  44 2025          0.4094727     127963.8612196      33166.2525325
  44 2027          0.3919238     128129.1348253      32623.7905796
  44 2029          0.4123975     128059.1382490      33330.3099142
  44 2031          0.4094727     127956.3249475      33378.0708491
  44 2033          0.3977734     128290.8782415      33067.2811493
  44 2035          0.3977734     128333.1472303      33042.3370172
  44 2037          0.3948486     127886.7249024      32768.1743929
  44 2039          0.4065479     127967.8472941      33220.7302206
  44 2041          0.4036230     128396.1352892      33228.6735088
  44 2043          0.4094727     128028.0301034      33388.4355730
  45 2019          0.3977734     127555.5874191      32800.9425829
  45 2021          0.3948486     127231.2593426      32500.6424659
  45 2023          0.4094727     127291.1074912      33160.8464820
  45 2025          0.3919238     127152.9224659      32546.6490936
  45 2027          0.4036230     127526.7578872      32894.1799622
  45 2029          0.4036230     127254.7898043      32960.0149921
  45 2031          0.4065479     127312.1061935      33064.0630446
  45 2033          0.3831494     127599.9643365      32213.4809075
  45 2035          0.4094727     127636.3401375      33110.8468255
  45 2037          0.3977734     127611.0247410      32971.0095686
  45 2039          0.3831494     127220.4936807      32405.4205734
  45 2041          0.4036230     127611.5473120      33116.3846628
  45 2043          0.4036230     127321.8724175      33168.5517226
  46 2019          0.3977734     130112.8134914      33458.5337341
  46 2021          0.3948486     129875.5994835      33079.4774857
  46 2023          0.4036230     129590.2241718      33415.8447541
  46 2025          0.4094727     130203.8281854      33708.7807630
  46 2027          0.4006982     129830.0224917      33578.7097978
  46 2029          0.3977734     130170.1776705      33271.9654193
  46 2031          0.4094727     130043.9708808      33748.3877612
  46 2033          0.4036230     129680.8677237      33614.6659408
  46 2035          0.3977734     129944.9125375      33487.4052847
  46 2037          0.4065479     129768.2459591      33749.2402038
  46 2039          0.4006982     129868.8054171      33759.2370414
  46 2041          0.3889990     129763.6021426      33225.7168059
  46 2043          0.3919238     130167.5724267      33133.8501452
  47 2019          0.3977734     128688.5356790      33092.2804347
  47 2021          0.3919238     128322.5340518      32659.5799767
  47 2023          0.4094727     128579.5114848      33199.0865040
  47 2025          0.3977734     128627.8471524      33040.0466993
  47 2027          0.3919238     128657.1947984      32827.9363983
  47 2029          0.4094727     128827.3417376      33414.9556653
  47 2031          0.3860742     128327.5497691      32655.5337660
  47 2033          0.4094727     128780.9949983      33430.8571203
  47 2035          0.4094727     128172.3870515      33540.7030507
  47 2037          0.3948486     128549.7866148      33249.0004170
  47 2039          0.3889990     128753.4354627      32774.1959292
  47 2041          0.3948486     128655.6931944      32945.7399074
  47 2043          0.3977734     128491.8327281      33165.9662977
  48 2019          0.3977734     132317.5667718      34025.4864425
  48 2021          0.3948486     132044.4773599      33604.7865067
  48 2023          0.4153223     132360.4657562      34206.1423877
  48 2025          0.3977734     132174.0145954      33983.9938699
  48 2027          0.3977734     131984.9449249      33772.1297429
  48 2029          0.4065479     132269.6964645      34235.4579734
  48 2031          0.4036230     132045.3548454      34186.9633721
  48 2033          0.4065479     132123.3192313      34330.5451549
  48 2035          0.3948486     132271.7872039      34104.0904858
  48 2037          0.3977734     131853.4379915      33943.9839688
  48 2039          0.4036230     131846.2097104      34199.0597360
  48 2041          0.4036230     132481.2251286      34236.3897390
  48 2043          0.3977734     132226.6578252      34229.8468101
  49 2019          0.3977734     127598.7473528      32812.0411678
  49 2021          0.3802246     127168.0937816      31780.7673199
  49 2023          0.3948486     127487.7510135      32302.2747948
  49 2025          0.4153223     127485.3694959      33208.2504034
  49 2027          0.3977734     127763.7087691      32816.7032857
  49 2029          0.4094727     127202.7574623      33173.5361570
  49 2031          0.3977734     127274.1593349      32854.3189108
  49 2033          0.3977734     127121.6081561      32814.8471889
  49 2035          0.4036230     127179.9383157      33046.2947745
  49 2037          0.3977734     127418.0234785      32841.7960792
  49 2039          0.3889990     127730.1335906      32418.9036971
  49 2041          0.4065479     127368.3790961      32755.0165147
  49 2043          0.3977734     127769.0877834      32743.3093681
  50 2019          0.3977734     130727.8425468      33616.6885679
  50 2021          0.3977734     130625.2525430      33280.2976733
  50 2023          0.4065479     130785.4459793      33814.5513181
  50 2025          0.3889990     130800.1423864      33316.3213363
  50 2027          0.3977734     130691.1430830      33633.1544455
  50 2029          0.4065479     130793.7508396      33983.5235152
  50 2031          0.3977734     130808.5717677      33576.1456495
  50 2033          0.4065479     130641.2219456      33885.1883001
  50 2035          0.4006982     130611.6560854      33770.0997561
  50 2037          0.3977734     130806.4286348      33610.9501421
  50 2039          0.4036230     130268.5156476      33764.2460916
  50 2041          0.4006982     130541.8535218      33796.7917897
  50 2043          0.4036230     130593.0374186      33908.5627115
