FL 2019 2020 2021 2022 2023 2024 2025 2026 2027 2028 2029 2030 2031 2032 2033 2034 2035 2036 2037 2038 2039 2040 2041 2042 2043 2044 2045
 1    4109.00    1983.83    1983.83    3593.44    3593.44   17159.60   17159.60   38678.64   38678.64   33279.25   33279.25   12642.17   12642.17   14311.84   14311.84   16837.13   16837.13    9827.20    9827.20    3536.61    3536.61    6704.54    6704.54   17949.62   17949.62   33833.19   33833.19
 2     783.00     377.87     377.87     684.46     684.46    3268.50    3268.50    7367.36    7367.36    6338.90    6338.90    2408.03    2408.03    2726.06    2726.06    3207.07    3207.07    1871.85    1871.85     673.64     673.64    1277.06    1277.06    3418.98    3418.98    6444.42    6444.42
 3    3537.00    4932.97    6015.95   10043.37   10226.29   28384.84   30193.69   34517.24   24482.79   21239.82   14433.57    8533.87    8706.61   11237.61    7504.17    6336.62    5941.65    5386.13    4129.86    4549.75    6742.76   15408.18   13578.89   15385.48   15971.49   21076.22   14546.96
 4    1379.00    2753.18    2688.99    5937.69   11121.90   11185.19    6225.67    5702.27    3564.05    3712.20    3557.46    3790.87    2900.65    2656.58    2417.40    2848.44    1928.66    2024.46    2566.53    3809.60    4314.78    5277.62    4339.73    7061.20    5409.47    4882.80    2964.47
 1    4109.00    2048.51    2048.51    5762.53    5762.53    8844.99    8844.99   13482.08   13482.08   14330.32   14330.32    8125.66    8125.66    8891.65    8891.65    8272.11    8272.11   11972.73   11972.73   61190.98   61190.98   35397.98   35397.98   14093.31   14093.31    5378.60    5378.60
 2     783.00     390.19     390.19    1097.62    1097.62    1684.76    1684.76    2568.02    2568.02    2729.58    2729.58    1547.74    1547.74    1693.65    1693.65    1575.64    1575.64    2280.52    2280.52   11655.42   11655.42    6742.47    6742.47    2684.44    2684.44    1024.50    1024.50
 3    3537.00    3899.67    6771.21    8376.88    9600.35   12401.34   15037.04   16581.63   14967.43   11680.28   12374.41   10155.68   10017.49   13111.72   15067.05   13146.10   12153.90   15047.70   17410.36   18495.49   14076.81    7025.28    6722.64    4784.42    4295.29    3843.62    4478.97
 4    1379.00    2142.02    2773.12    2842.71    3234.48    4686.40    4689.64    4340.36    4946.90    4080.60    3639.05    3947.90    3466.24    3852.83    4021.11    4398.34    7678.34    7034.77    5758.58    4505.36    3690.31    3176.31    2728.48    1806.15    2005.99    2201.24    2451.72
 1    4109.00    3005.31    3005.31    5180.41    5180.41   26161.68   26161.68   15708.46   15708.46   11923.76   11923.76   13992.13   13992.13    6644.02    6644.02   17007.14   17007.14   17551.84   17551.84   14749.81   14749.81   23308.36   23308.36   10870.86   10870.86   14590.88   14590.88
 2     783.00     572.44     572.44     986.74     986.74    4983.18    4983.18    2992.09    2992.09    2271.19    2271.19    2665.17    2665.17    1265.53    1265.53    3239.46    3239.46    3343.21    3343.21    2809.49    2809.49    4439.69    4439.69    2070.64    2070.64    2779.22    2779.22
 3    3537.00    4798.52    6686.24   10531.25   13535.34   16983.23   13968.08    9624.77   10492.60   11545.89    9775.95    9536.02    8854.44    6424.31    6447.83   10940.19    9670.43    9313.21    8811.01    8203.35    7234.17    6195.32    5681.49    5168.01    7277.56   13593.53   12915.16
 4    1379.00    2379.16    3428.84    4712.80    4184.78    3792.43    3590.57    3736.50    3466.48    2894.06    2289.60    3423.66    3498.44    2982.86    3336.40    3540.72    3526.59    3623.60    3551.89    3427.22    2761.17    2363.20    3026.60    4715.62    5527.89    4579.13    3042.90
 1    4109.00     973.90     973.90    6391.31    6391.31    8553.93    8553.93    6030.49    6030.49    6328.01    6328.01   11255.71   11255.71   14235.14   14235.14   18370.04   18370.04   28339.54   28339.54   19355.03   19355.03   27582.79   27582.79   28929.98   28929.98   17061.66   17061.66
 2     783.00     185.50     185.50    1217.39    1217.39    1629.32    1629.32    1148.66    1148.66    1205.34    1205.34    2143.94    2143.94    2711.46    2711.46    3499.06    3499.06    5398.01    5398.01    3686.67    3686.67    5253.86    5253.86    5510.47    5510.47    3249.84    3249.84
 3    3537.00    4455.46    6712.95   11573.85   12587.74   12555.08   12755.38   13855.73   14051.44   16478.11   21261.46   20783.41   21097.08   24027.80   22854.59   21764.10   19915.40   20022.07   18996.92    9743.36    9614.17   15384.55   15133.49   15329.84   12536.68    6776.62    5862.08
 4    1379.00    2384.51    3031.90    3585.85    3411.02    2954.36    3640.64    4937.85    7283.19    6517.63    5854.57    6988.22    5931.40    4725.19    4630.84    4621.10    5138.58    4517.06    4727.73    5447.77    7203.33    5810.66    4017.31    3016.85    2747.29    2741.12    2759.73
 1    4109.00    1834.60    1834.60    4080.38    4080.38   18862.54   18862.54   47749.55   47749.55   47415.52   47415.52   10831.59   10831.59    8218.98    8218.98   26894.41   26894.41   25004.36   25004.36   10881.95   10881.95   26037.86   26037.86   27440.49   27440.49    4668.05    4668.05
 2     783.00     349.45     349.45     777.22     777.22    3592.86    3592.86    9095.15    9095.15    9031.53    9031.53    2063.16    2063.16    1565.52    1565.52    5122.74    5122.74    4762.74    4762.74    2072.75    2072.75    4959.59    4959.59    5226.76    5226.76     889.15     889.15
 3    3537.00    4299.45    6229.45    8814.35   10413.12   20497.31   19953.51   21142.51   19781.92    9981.28    8888.18    4538.02    4103.56   10999.38   12327.63   15654.25   13556.74    7254.38    5654.49    8570.94    9978.18   13258.78   10214.04    5749.57    3933.48    2668.71    3960.00
 4    1379.00    2270.51    2919.81    4312.45    5384.05    6389.18    6343.06    5598.59    6605.31    4014.06    2784.91    2817.40    4802.77    5308.16    4634.33    3992.86    2906.04    3088.71    4684.53    4956.22    3857.01    3078.97    2223.42    1885.73    1694.01    2242.17    3045.93
 1    4109.00    3351.81    3351.81    7829.51    7829.51   14907.82   14907.82   11114.33   11114.33   15853.99   15853.99    9205.81    9205.81   13666.88   13666.88   17929.76   17929.76   11202.58   11202.58    5760.68    5760.68   11180.40   11180.40   25950.54   25950.54    7870.17    7870.17
 2     783.00     638.44     638.44    1491.34    1491.34    2839.58    2839.58    2117.02    2117.02    3019.81    3019.81    1753.49    1753.49    2603.22    2603.22    3415.19    3415.19    2133.82    2133.82    1097.27    1097.27    2129.60    2129.60    4942.96    4942.96    1499.08    1499.08
 3    3537.00    4463.43    6923.22   10964.18   12101.55   13937.48   11897.53    7372.07    9446.96   19207.46   16959.90    8143.21    6547.50   11007.11   10775.34    9167.65    8016.91    5626.75    4397.60    5128.71    5365.98    9160.44   12173.80   14545.38   11710.98    7224.00    9526.83
 4    1379.00    2351.04    3204.02    3826.57    3345.14    3098.10    3517.73    4399.49    5125.14    5169.93    3047.15    2818.43    3113.54    3464.11    3515.00    2699.64    2081.08    2076.33    2122.75    2503.81    3747.87    4959.32    3986.75    3448.39    4218.62    4594.57    4206.65
 1    4109.00    3241.39    3241.39    3273.73    3273.73    6912.44    6912.44    7650.72    7650.72    7269.57    7269.57    5812.42    5812.42    5713.09    5713.09   24467.98   24467.98   11847.53   11847.53    7562.02    7562.02   14314.61   14314.61   33942.22   33942.22   22906.88   22906.88
 2     783.00     617.41     617.41     623.57     623.57    1316.66    1316.66    1457.28    1457.28    1384.68    1384.68    1107.13    1107.13    1088.21    1088.21    4660.57    4660.57    2256.67    2256.67    1440.38    1440.38    2726.59    2726.59    6465.18    6465.18    4363.22    4363.22
 3    3537.00    4114.10    7010.33    8544.14   11610.14   15697.14   13965.81    8865.91    8116.17    9561.50    7865.19    5429.09    8260.39   11513.01   13609.24   13593.71    9867.86    5514.63    5117.09    9861.02   12686.50   18663.86   20618.06   24676.68   22814.53   16678.45   14645.58
 4    1379.00    2215.94    3259.79    3923.99    3489.70    2760.76    2369.28    1983.80    1830.99    1622.97    2161.27    3510.97    4513.46    3720.82    3221.18    3102.45    2162.66    3130.22    6138.06    8008.60    7611.96    7623.01    7154.77    5523.00    4628.91    3550.79    2861.81
 1    4109.00     541.00     541.00    1291.29    1291.29    5596.67    5596.67   24426.40   24426.40   18893.49   18893.49   43687.65   43687.65   22415.32   22415.32    9103.71    9103.71   27888.17   27888.17   71014.95   71014.95   42075.73   42075.73    8568.25    8568.25    7496.87    7496.87
 2     783.00     103.05     103.05     245.96     245.96    1066.03    1066.03    4652.65    4652.65    3598.76    3598.76    8321.46    8321.46    4269.58    4269.58    1734.04    1734.04    5312.03    5312.03   13526.66   13526.66    8014.42    8014.42    1632.05    1632.05    1427.98    1427.98
 3    3537.00    4308.52    6633.48    7846.37    9177.15   12348.83   11374.89   17080.29   19452.75   16602.20   18490.60   26559.96   20483.47    9587.90    7686.17    5383.66    5864.08   18131.62   21173.05   22916.40   18807.72    9760.17    7161.10    4878.84    5593.40    8697.04   11617.78
 4    1379.00    2364.68    2767.47    2383.51    2222.05    3390.41    5818.30    6496.91    8420.95    6804.24    5970.88    4908.73    3463.54    2637.07    2534.49    3947.44    8702.76    8766.00    6252.92    6687.18    5014.68    3384.77    3065.70    2780.21    3543.58    5475.19    6876.18
 1    4109.00    3120.35    3120.35   10730.87   10730.87   12900.43   12900.43    4160.77    4160.77   16128.42   16128.42   32340.93   32340.93   24345.09   24345.09   13486.24   13486.24    6966.04    6966.04    6777.54    6777.54    7684.91    7684.91   10448.59   10448.59   25814.71   25814.71
 2     783.00     594.35     594.35    2043.98    2043.98    2457.22    2457.22     792.53     792.53    3072.08    3072.08    6160.18    6160.18    4637.16    4637.16    2568.81    2568.81    1326.86    1326.86    1290.96    1290.96    1463.79    1463.79    1990.21    1990.21    4917.09    4917.09
 3    3537.00    4386.40    5871.11   10512.27   10852.37    9865.29   11989.09    7958.55   11962.74   18657.15   23347.75   25172.85   20658.06   11508.64    9495.80    7762.24    6388.58    5347.86    6332.67    9482.93    9470.36    9122.09   10259.00    8906.99   15962.51   24850.92   26762.44
 4    1379.00    2460.54    2715.28    3113.48    3394.60    3179.24    4313.06    5947.17    8517.70    7613.60    6055.12    5052.02    4243.51    3923.82    2524.12    2133.23    2282.13    2935.75    2944.96    3045.68    3775.14    3380.74    5808.13   14416.40   15952.53   10926.48    7941.35
 1    4109.00    3203.05    3203.05    4590.43    4590.43    9443.28    9443.28   11721.86   11721.86    9425.72    9425.72    8476.31    8476.31    9121.27    9121.27   12648.17   12648.17   28091.45   28091.45   24267.47   24267.47   29058.42   29058.42    7751.90    7751.90    7665.50    7665.50
 2     783.00     610.10     610.10     874.37     874.37    1798.72    1798.72    2232.74    2232.74    1795.38    1795.38    1614.54    1614.54    1737.38    1737.38    2409.18    2409.18    5350.75    5350.75    4622.38    4622.38    5534.94    5534.94    1476.55    1476.55    1460.10    1460.10
 3    3537.00    3941.56    6045.71    8455.16   13116.21   19219.64   17887.76   13159.31   12031.81   11395.56   10879.84   10736.29   10691.47    9619.40   11960.22   14199.94   17109.04   20618.31   18113.36   10440.28    7556.28    9329.11    7690.80    3972.16    4245.93    9084.14    9857.92
 4    1379.00    2260.92    3341.08    5268.78    4350.84    3168.98    2536.71    2734.00    2627.92    3184.80    3262.52    2516.52    2772.14    4347.81    5832.58    7043.44    6588.84    5263.14    3446.45    2810.15    2471.77    2431.48    2297.45    2281.41    3166.52    3048.72    2980.68
 1    4109.00    1403.09    1403.09    3228.46    3228.46    8407.94    8407.94   15343.94   15343.94   14484.62   14484.62   11608.67   11608.67   28480.92   28480.92   27599.42   27599.42   27519.96   27519.96   14851.91   14851.91   21530.12   21530.12   14800.63   14800.63   18194.02   18194.02
 2     783.00     267.26     267.26     614.94     614.94    1601.51    1601.51    2922.66    2922.66    2758.98    2758.98    2211.18    2211.18    5424.94    5424.94    5257.03    5257.03    5241.90    5241.90    2828.94    2828.94    4100.98    4100.98    2819.17    2819.17    3465.53    3465.53
 3    3537.00    4141.09    6877.52    9126.16    9547.76   14819.51   15651.29   18673.96   17992.36   10445.65   10594.55    8259.59   11819.02   20165.40   18799.72   19576.32   20788.54   15690.27   16310.95   10346.57    8537.43   11563.71    9138.35    8007.97    6653.43    8987.33    6997.99
 4    1379.00    2340.89    3034.86    3487.74    3597.87    4002.82    4810.76    3991.99    3104.29    2963.56    3622.20    6108.97    6724.58    6591.62    6077.08    5389.41    5085.99    4906.19    4737.17    3955.32    3130.47    3251.62    3232.09    2923.97    2345.29    2629.90    4457.17
 1    4109.00    2231.00    2231.00    5603.60    5603.60   13380.44   13380.44   16548.38   16548.38   10137.67   10137.67    7983.36    7983.36   21894.64   21894.64   38304.42   38304.42   30315.52   30315.52   12681.90   12681.90   17823.50   17823.50   30759.04   30759.04   42632.44   42632.44
 2     783.00     424.95     424.95    1067.35    1067.35    2548.66    2548.66    3152.07    3152.07    1930.98    1930.98    1520.64    1520.64    4170.41    4170.41    7296.08    7296.08    5774.38    5774.38    2415.60    2415.60    3394.95    3394.95    5858.86    5858.86    8120.46    8120.46
 3    3537.00    4152.05    6534.09    8191.73   10396.42   14365.27   13817.26   10090.79    8907.90    6414.98    6651.21    9793.24   12339.76   21181.63   22535.43   22067.75   19462.64    8623.03    7358.40    7536.44    9144.29   15715.11   16730.76   16100.43   20533.15   23286.65   22098.50
 4    1379.00    2303.44    3087.99    3844.75    3455.71    2979.91    2473.57    2058.24    2704.76    3073.08    5075.94    6695.30    8381.89    7119.48    5653.15    4195.35    3703.67    4166.08    4026.40    5147.22    5165.12    4666.09    6468.85    8961.34    8321.96    8524.27    7309.47
 1    4109.00    2383.00    2383.00    3067.22    3067.22    6212.98    6212.98    6312.77    6312.77   15317.15   15317.15   13979.66   13979.66   12891.65   12891.65    6616.76    6616.76   11928.84   11928.84    9830.90    9830.90   13701.53   13701.53   23763.43   23763.43   17728.33   17728.33
 2     783.00     453.90     453.90     584.23     584.23    1183.42    1183.42    1202.43    1202.43    2917.55    2917.55    2662.79    2662.79    2455.55    2455.55    1260.34    1260.34    2272.16    2272.16    1872.55    1872.55    2609.82    2609.82    4526.37    4526.37    3376.82    3376.82
 3    3537.00    3586.97    5750.81    7825.15    8906.33   11473.41   14850.28   15935.31   13668.70   16028.74   11249.18    6939.66    6882.54    6889.64    5485.26    4251.79    4650.57    6089.44    9945.70    8772.92    8860.67   11371.76   10182.39    7751.46    6950.50    6726.35   11158.83
 4    1379.00    1928.85    2575.27    3064.77    4944.09    4819.77    4141.45    3011.37    2197.02    1819.11    2332.63    2344.47    2506.69    2287.05    2091.67    2047.46    2358.02    4178.13    4793.13    3579.37    3154.42    2856.67    2721.46    3037.81    5211.67    8593.49    7780.07
 1    4109.00    3375.37    3375.37   10359.89   10359.89   16383.44   16383.44   33362.41   33362.41   18340.48   18340.48   19695.06   19695.06   27776.37   27776.37   16072.52   16072.52    8790.01    8790.01   17983.81   17983.81   43931.12   43931.12   24786.76   24786.76   11285.74   11285.74
 2     783.00     642.93     642.93    1973.31    1973.31    3120.66    3120.66    6354.74    6354.74    3493.42    3493.42    3751.44    3751.44    5290.74    5290.74    3061.43    3061.43    1674.29    1674.29    3425.49    3425.49    8367.83    8367.83    4721.29    4721.29    2149.66    2149.66
 3    3537.00    3731.61    5770.41    9920.48   10959.62   11856.64   14420.78   17319.23   14518.33    5845.52    5710.42   11501.03   12442.95   14069.26   12849.97    7024.38    6795.06   12816.33   13917.20   19866.46   22772.22   20560.95   17933.30    7773.84    6930.48    6494.18    5964.78
 4    1379.00    2287.63    2723.38    2962.05    3457.73    4982.26    5744.63    4819.42    3661.02    3426.85    4713.95    5810.35    4641.11    3610.98    3204.04    4020.08    4845.87    5791.26    8153.87    7820.53    6094.56    3566.42    2867.05    2570.04    2864.77    2743.55    2204.01
 1    4109.00    2770.15    2770.15    5213.21    5213.21    9083.84    9083.84   10506.80   10506.80   11403.55   11403.55    3355.04    3355.04   19085.68   19085.68   15537.52   15537.52   18895.80   18895.80   15689.06   15689.06    9802.72    9802.72    5775.92    5775.92   10327.09   10327.09
 2     783.00     527.65     527.65     992.99     992.99    1730.26    1730.26    2001.30    2001.30    2172.10    2172.10     639.06     639.06    3635.37    3635.37    2959.53    2959.53    3599.20    3599.20    2988.39    2988.39    1867.18    1867.18    1100.18    1100.18    1967.06    1967.06
 3    3537.00    3261.79    5903.45   10191.93   13104.94   16505.38   16736.83   15919.65   12909.39    9102.12    6452.62    5684.31   10828.42   21028.80   19039.56   12209.17   11084.29    9563.87    8727.63    6428.93    7949.40    7973.73    6827.86    7218.83    7321.83   10557.34   12380.44
 4    1379.00    1871.36    3120.63    4806.48    5416.14    4162.52    2835.20    2083.29    1665.16    1927.60    3987.22    6904.31    6530.39    4728.77    3284.44    2603.61    2615.75    2576.67    3322.13    3738.45    3871.67    3194.43    2714.36    2996.81    3898.83    4626.12    5261.46
 1    4109.00    2597.83    2597.83    3171.63    3171.63   14929.53   14929.53   24404.69   24404.69   22994.66   22994.66   22463.83   22463.83   23070.89   23070.89   14950.32   14950.32   19224.74   19224.74   35858.59   35858.59   49968.54   49968.54   31135.11   31135.11   22258.24   22258.24
 2     783.00     494.82     494.82     604.12     604.12    2843.72    2843.72    4648.51    4648.51    4379.94    4379.94    4278.82    4278.82    4394.46    4394.46    2847.68    2847.68    3661.86    3661.86    6830.21    6830.21    9517.82    9517.82    5930.50    5930.50    4239.66    4239.66
 3    3537.00    3947.08    5712.69    8316.72    8999.03   13385.09   15339.78   11400.87   11915.95   12257.83   12990.96   14178.24   13322.72   11126.88   11576.58    7554.70    9129.80   23522.80   28476.13   29467.73   24475.09   20307.31   16566.66    7817.31    8480.58    9857.11   11592.78
 4    1379.00    2403.18    2629.28    2869.23    3378.68    4498.18    4935.61    4680.18    4608.51    5684.42    5961.15    4987.76    4058.76    3933.24    4233.19    6366.78   12556.69   11356.43    7792.50    5724.30    3711.77    3558.86    4715.40    5182.92    6039.68    6619.58    8387.90
 1    4109.00    3262.64    3262.64    3809.19    3809.19   12675.89   12675.89    9734.80    9734.80    7877.56    7877.56    8777.54    8777.54   10883.33   10883.33   32569.15   32569.15   39951.91   39951.91   36439.79   36439.79   38755.80   38755.80   11230.76   11230.76    7032.10    7032.10
 2     783.00     621.46     621.46     725.56     725.56    2414.46    2414.46    1854.25    1854.25    1500.49    1500.49    1671.91    1671.91    2073.02    2073.02    6203.65    6203.65    7609.89    7609.89    6940.91    6940.91    7382.06    7382.06    2139.19    2139.19    1339.45    1339.45
 3    3537.00    4342.17    6027.93    8368.10   11004.60   16892.96   16149.33   11806.87   11125.54   14035.95   14969.36    8498.17    9256.49   15687.06   20387.03   24216.65   21658.55   19641.25   17782.72   13571.18   12686.95   13192.26    9750.93    4650.37    3815.22    5415.65    7841.79
 4    1379.00    2053.89    2954.01    3720.41    4313.91    4584.32    3373.66    3219.91    3502.18    4092.04    3783.10    3729.39    6079.84   10746.21    7777.43    5100.28    4163.09    5704.71    6764.88    5547.90    3890.87    2973.22    2315.23    2083.46    3214.78    3347.46    3139.30
 1    4109.00    1898.82    1898.82    4992.37    4992.37   10531.75   10531.75   26334.00   26334.00   20315.06   20315.06   10840.37   10840.37   17487.16   17487.16   11305.14   11305.14   13865.54   13865.54   18395.45   18395.45   16958.17   16958.17   25259.39   25259.39   16767.83   16767.83
 2     783.00     361.68     361.68     950.93     950.93    2006.05    2006.05    5016.00    5016.00    3869.54    3869.54    2064.83    2064.83    3330.89    3330.89    2153.36    2153.36    2641.06    2641.06    3503.90    3503.90    3230.13    3230.13    4811.31    4811.31    3193.87    3193.87
 3    3537.00    4704.87    6683.08    9772.83   13438.67   17829.19   20053.33   21333.08   18107.71    9473.04    7867.54    9038.71    8434.95   10510.45   12348.87    8317.79    9127.27   14114.35   12829.82   14854.12   19647.85   23173.15   21375.08   21078.77   17259.32   12048.46   15176.44
 4    1379.00    2531.29    3365.49    5114.81    5008.56    5661.87    5609.18    3625.27    2407.99    2410.05    3812.06    3725.31    3284.58    4286.80    4512.29    4816.60    4930.99    4041.52    5143.67    8478.65    7870.79    6915.25    4603.47    3573.71    3721.67    6268.89    6206.95
 1    4109.00    2561.79    2561.79   14572.87   14572.87    8106.71    8106.71   12522.05   12522.05    8088.23    8088.23    6584.42    6584.42   11299.60   11299.60    7294.52    7294.52    9607.75    9607.75    6238.39    6238.39    9841.06    9841.06    6132.59    6132.59    7636.86    7636.86
 2     783.00     487.96     487.96    2775.78    2775.78    1544.14    1544.14    2385.15    2385.15    1540.62    1540.62    1254.18    1254.18    2152.30    2152.30    1389.43    1389.43    1830.05    1830.05    1188.26    1188.26    1874.49    1874.49    1168.11    1168.11    1454.64    1454.64
 3    3537.00    4203.50    6480.50   10401.03    9423.83    5614.39    6630.26    9215.47    8348.83    5903.77    6103.28    9172.01   10244.18    8814.54    8198.84    8330.09    8066.00    7223.12    6593.48    6753.16    7886.01    7416.53    5825.74    6102.88    6714.39    6620.13    7994.29
 4    1379.00    2302.29    2732.48    2301.47    1867.21    2278.06    2505.72    2399.95    2087.13    2320.64    3274.06    2976.68    2284.36    2596.30    2903.72    3624.40    2930.54    2847.43    2848.21    3165.17    2674.12    1970.06    2190.75    2794.13    3598.28    4008.93    4406.26
 1    4109.00    2121.50    2121.50    6293.36    6293.36   15721.40   15721.40   22931.37   22931.37    5376.29    5376.29   13250.62   13250.62   21002.98   21002.98   41255.22   41255.22   49168.81   49168.81   20883.32   20883.32   26268.40   26268.40   12541.91   12541.91    6686.53    6686.53
 2     783.00     404.10     404.10    1198.74    1198.74    2994.55    2994.55    4367.88    4367.88    1024.06    1024.06    2523.93    2523.93    4000.57    4000.57    7858.14    7858.14    9365.49    9365.49    3977.78    3977.78    5003.50    5003.50    2388.94    2388.94    1273.62    1273.62
 3    3537.00    3867.39    5960.17    9828.61   14326.31   19978.33   19590.95   15455.09   12922.12    6317.99   12509.62   18667.96   18820.46   16503.89   16267.11   19773.32   17753.82   14923.60   10501.22    3825.33    5848.89    8166.70    6961.30    4650.44    3688.20    4447.04    5235.05
 4    1379.00    2211.08    3236.55    5020.56    5957.68    5067.25    3155.58    2304.73    3997.91    6097.79    6355.47    4845.81    4191.48    5187.41    5955.66    5482.75    4250.68    3675.34    3242.64    3811.26    3511.67    3032.32    2280.89    1880.58    2108.77    2548.91    3685.94
 1    4109.00    2159.85    2159.85    4250.40    4250.40    3565.72    3565.72    7906.21    7906.21    8040.19    8040.19   19895.57   19895.57   27635.46   27635.46   37117.54   37117.54   27545.37   27545.37   12966.49   12966.49    5871.56    5871.56   16262.86   16262.86   15222.90   15222.90
 2     783.00     411.40     411.40     809.60     809.60     679.18     679.18    1505.94    1505.94    1531.46    1531.46    3789.63    3789.63    5263.90    5263.90    7070.01    7070.01    5246.74    5246.74    2469.81    2469.81    1118.39    1118.39    3097.69    3097.69    2899.60    2899.60
 3    3537.00    4630.37    7350.31   10730.55   11360.26    8834.95    8177.94   12532.42   13645.37   17273.79   19410.83   21031.01   21266.36   23739.81   19638.68   16645.64   13831.62    5928.51    3861.23    3974.06    5638.14    7665.88    8267.49   12894.75   12195.93   12098.16   15700.68
 4    1379.00    2176.68    2780.59    3226.95    3125.74    3080.65    3896.49    4955.27    6555.18    7075.77    6276.92    6430.67    5777.97    5101.20    3906.90    3373.56    2412.24    2232.90    2695.01    2870.97    4641.78    3922.55    3312.01    3341.11    4375.34    5980.44    7123.09
 1    4109.00    2443.98    2443.98    3757.45    3757.45    6324.78    6324.78   22289.19   22289.19    3819.82    3819.82   10621.84   10621.84   23039.94   23039.94   18804.32   18804.32    9770.38    9770.38   12135.82   12135.82   12310.91   12310.91    9413.25    9413.25    7951.48    7951.48
 2     783.00     465.52     465.52     715.70     715.70    1204.72    1204.72    4245.56    4245.56     727.58     727.58    2023.21    2023.21    4388.56    4388.56    3581.78    3581.78    1861.02    1861.02    2311.58    2311.58    2344.94    2344.94    1793.00    1793.00    1514.57    1514.57
 3    3537.00    4229.81    7097.58    9057.13   10807.73   16390.05   16998.68   17957.97   12575.85    8509.01    9653.39   16816.45   16268.11   20134.95   17121.86    6400.67    6396.71    5274.66    5285.76    8300.32    8613.17   10680.29   13597.38   11421.74   11404.75    7618.82    7479.88
 4    1379.00    2263.42    3028.06    3783.36    4409.13    4403.48    3472.76    3198.17    3404.73    3553.76    4863.65    5304.12    4075.00    3592.56    3084.20    2494.77    2576.21    2620.78    2751.46    3348.76    3969.46    5077.84    4636.02    3388.51    2902.73    2766.11    3201.30
 1    4109.00    2033.72    2033.72    9868.78    9868.78   51537.03   51537.03   32714.68   32714.68   33110.62   33110.62   49597.09   49597.09   21372.58   21372.58   34501.24   34501.24   17898.34   17898.34   14388.07   14388.07    6879.64    6879.64   19820.72   19820.72   18679.58   18679.58
 2     783.00     387.38     387.38    1879.77    1879.77    9816.58    9816.58    6231.37    6231.37    6306.78    6306.78    9447.06    9447.06    4070.97    4070.97    6571.66    6571.66    3409.21    3409.21    2740.58    2740.58    1310.41    1310.41    3775.38    3775.38    3558.02    3558.02
 3    3537.00    4307.70    6079.44   10410.93   15409.93   17837.99   11890.38   10736.44   11680.74    8159.54    8424.55    8524.39    5932.91    4473.39    5902.33   13065.55   16090.00   10695.01    9832.99   11442.43   10236.15    7948.21    8450.51   13704.28   12579.45   11536.68    9832.35
 4    1379.00    2348.40    3361.70    5129.56    5103.92    4635.09    5890.38    5080.44    4052.19    3974.30    4312.75    4380.50    3578.12    4864.11    8323.95    6407.23    5118.32    4282.83    3688.27    3439.48    3237.94    3346.80    4189.93    3634.32    2968.17    2560.89    3279.70
 1    4109.00    2487.87    2487.87    4264.72    4264.72    5726.95    5726.95    7368.90    7368.90   10926.76   10926.76   15755.59   15755.59    9550.00    9550.00    9225.22    9225.22   22846.82   22846.82   93560.55   93560.55   97147.05   97147.05   37558.75   37558.75   18822.34   18822.34
 2     783.00     473.88     473.88     812.33     812.33    1090.85    1090.85    1403.60    1403.60    2081.29    2081.29    3001.06    3001.06    1819.05    1819.05    1757.18    1757.18    4351.78    4351.78   17821.06   17821.06   18504.20   18504.20    7154.05    7154.05    3585.21    3585.21
 3    3537.00    4387.13    6486.33   10603.48   12744.23    6780.87    7727.19   11170.61   12123.43   11775.48   11297.06   10241.58    8628.95    5741.87    6088.93   12275.97   16924.82   22869.14   31443.62   38451.53   37034.98   33399.88   28024.91   13225.64    9719.98    9013.01   11132.12
 4    1379.00    2439.52    2847.42    2753.31    2740.41    3167.11    3541.29    3621.98    3349.14    2839.25    2399.79    2288.88    2982.24    3398.76    5957.51    7013.51   13384.76   20229.09   16963.71   12007.46    7133.88    4893.89    4117.42    4066.89    4790.75    5106.96    5943.75
 1    4109.00    2287.82    2287.82    5056.59    5056.59   14502.64   14502.64   26211.11   26211.11    6966.96    6966.96    4912.45    4912.45   12522.97   12522.97   18926.75   18926.75   21261.70   21261.70   20439.34   20439.34   21418.32   21418.32   29438.18   29438.18   19254.77   19254.77
 2     783.00     435.78     435.78     963.16     963.16    2762.41    2762.41    4992.59    4992.59    1327.04    1327.04     935.70     935.70    2385.33    2385.33    3605.10    3605.10    4049.85    4049.85    3893.21    3893.21    4079.68    4079.68    5607.27    5607.27    3667.58    3667.58
 3    3537.00    4654.43    7009.54    8795.62   12312.23   18979.42   17983.27   15494.96   12113.82    5987.76    5949.68    6775.43    8871.55   15088.89   14779.19   13542.02   14795.80   16738.15   14844.97    9679.84    8051.75   12213.20   17706.98   21549.23   20740.03   11704.90    9241.18
 4    1379.00    2328.64    3342.57    4266.71    4236.45    4758.21    3896.11    2843.05    2438.59    2660.36    3307.63    4842.54    4841.17    3975.67    3723.12    5326.72    5675.27    4779.76    3581.09    3856.00    4759.26    9800.43    8036.85    4937.55    3758.57    3544.49    3002.55
 1    4109.00    1525.52    1525.52    3517.67    3517.67   15744.96   15744.96    5293.60    5293.60    7416.49    7416.49    7823.05    7823.05   18127.96   18127.96   11587.88   11587.88   12999.76   12999.76   13843.83   13843.83   11519.05   11519.05   11003.45   11003.45    4562.71    4562.71
 2     783.00     290.58     290.58     670.03     670.03    2999.04    2999.04    1008.30    1008.30    1412.66    1412.66    1490.10    1490.10    3452.94    3452.94    2207.22    2207.22    2476.14    2476.14    2636.92    2636.92    2194.10    2194.10    2095.90    2095.90     869.09     869.09
 3    3537.00    4087.80    7051.56    8661.55   10981.50   12662.44   10315.25    5612.87    6781.32    9541.28   12304.58   11944.62   16036.65   19647.66   19375.36   13043.01   12652.42   16394.09   14644.92   13187.49   11700.19    9521.01   10067.16    7855.58    7595.68    6994.88    7452.89
 4    1379.00    2176.00    3030.88    3024.82    2786.53    2103.05    2419.31    3092.82    3191.23    4065.56    4644.93    6964.35    6822.18    5513.01    4727.14    5206.81    3910.62    3494.36    3269.37    2922.80    3010.03    3628.92    3149.02    2697.33    3259.03    2827.24    2671.96
 1    4109.00    1496.42    1496.42    4131.67    4131.67    9946.86    9946.86    7684.45    7684.45   10339.56   10339.56    8029.10    8029.10   10040.18   10040.18   14066.98   14066.98   11296.36   11296.36   11112.02   11112.02    3990.29    3990.29    7650.72    7650.72   12691.14   12691.14
 2     783.00     285.03     285.03     786.98     786.98    1894.64    1894.64    1463.70    1463.70    1969.44    1969.44    1529.35    1529.35    1912.42    1912.42    2679.42    2679.42    2151.69    2151.69    2116.58    2116.58     760.06     760.06    1457.28    1457.28    2417.36    2417.36
 3    3537.00    4844.46    6662.12    8595.37   10842.93   14703.44   14564.97   14039.37   13608.90   13894.86   11873.66   10748.89   13268.68   17211.74   14629.50   11726.48   10504.92    9915.37    9527.88    7396.81    7084.46    6887.51    8377.63   12124.84   12552.72   11601.79   14448.52
 4    1379.00    2318.84    2910.89    3308.91    3694.20    3693.78    3549.09    3163.92    2921.30    3795.13    5777.93    6069.75    4545.82    3171.22    2468.12    3173.60    3093.49    3141.50    3052.55    3226.93    3115.42    3192.62    3209.23    3476.54    4815.78    5250.97    4468.73
 1    4109.00    1936.70    1936.70    3694.15    3694.15   13975.50   13975.50   20733.17   20733.17   14688.37   14688.37   17783.30   17783.30   11227.52   11227.52   16391.30   16391.30   13692.76   13692.76    7574.03    7574.03   10256.40   10256.40   28830.65   28830.65   34789.06   34789.06
 2     783.00     368.90     368.90     703.65     703.65    2662.00    2662.00    3949.18    3949.18    2797.78    2797.78    3387.30    3387.30    2138.58    2138.58    3122.15    3122.15    2608.14    2608.14    1442.67    1442.67    1953.60    1953.60    5491.55    5491.55    6626.49    6626.49
 3    3537.00    4397.95    6227.06    7970.01   12047.61   20023.83   25708.80   25055.45   22668.76   10467.17    9894.30   12299.17   13119.76    8482.41    8543.10   11495.60    8546.91    6530.38    7516.33    7816.41   11467.06   19856.71   20184.21   23886.60   21647.30   20330.45   14386.11
 4    1379.00    2494.81    3251.01    4828.39    6853.60    7514.91    6033.59    3837.34    3310.76    3372.45    3373.48    3646.96    4312.14    3704.70    2728.85    2172.43    2258.50    3473.53    5278.40    7352.09    7027.15    6945.30    6609.32    5550.86    4007.74    3286.08    2648.27
 1    4109.00    1785.63    1785.63    7009.00    7009.00    9794.86    9794.86   10747.97   10747.97    7299.60    7299.60   20652.79   20652.79   18220.82   18220.82    9422.95    9422.95   16555.31   16555.31   20225.90   20225.90   28542.82   28542.82   22413.93   22413.93   10596.89   10596.89
 2     783.00     340.12     340.12    1335.05    1335.05    1865.69    1865.69    2047.23    2047.23    1390.40    1390.40    3933.86    3933.86    3470.63    3470.63    1794.85    1794.85    3153.39    3153.39    3852.55    3852.55    5436.73    5436.73    4269.32    4269.32    2018.46    2018.46
 3    3537.00    4731.96    6380.81    8372.87    9096.09    9501.40    9632.34   13034.89   14867.82   12714.93   14473.45   20659.61   18816.26    9264.68    8303.95    7801.38    7947.00   11469.12   12069.17   17909.85   20282.56   19740.04   19158.06   11362.07   10169.13    9583.84   12042.66
 4    1379.00    2343.82    2831.74    2929.01    3128.55    2896.89    3035.82    4743.05    5343.88    5438.30    4907.06    3829.45    3054.86    3215.35    3609.18    3730.35    3643.71    5626.11    6932.60    7153.63    6157.44    5990.63    4814.63    4144.24    5436.13    5867.12    6180.51
 1    4109.00    2677.29    2677.29    3877.10    3877.10   12801.56   12801.56    6350.65    6350.65    4310.46    4310.46   13047.80   13047.80   27428.94   27428.94   16243.92   16243.92    4062.83    4062.83   16425.02   16425.02   39561.99   39561.99   13739.42   13739.42   22953.08   22953.08
 2     783.00     509.96     509.96     738.50     738.50    2438.39    2438.39    1209.65    1209.65     821.04     821.04    2485.30    2485.30    5224.56    5224.56    3094.08    3094.08     773.87     773.87    3128.58    3128.58    7535.62    7535.62    2617.03    2617.03    4372.02    4372.02
 3    3537.00    5124.37    6874.23    9133.38    9842.82   11325.97    9580.02    5932.52    7152.63    6971.25   10956.42   17241.16   15981.27   14076.24   10689.34    4921.04    4701.05    6732.46   10002.17   14931.01   13677.77   12513.76   10847.13    6074.13    6045.34   12521.60   16865.65
 4    1379.00    2509.04    3000.39    2780.34    2456.06    1958.17    1834.17    2415.77    3594.26    4997.31    5217.45    3494.31    2799.97    2667.20    2264.38    2638.28    3942.09    4916.94    4788.76    3905.77    3469.06    3409.81    3442.13    4062.02    5829.79    8600.01    8066.01
 1    4109.00    2239.78    2239.78    5207.66    5207.66    6960.03    6960.03   21780.07   21780.07   26394.06   26394.06    7269.11    7269.11    7732.03    7732.03   10865.32   10865.32   21750.04   21750.04   34691.12   34691.12   27598.96   27598.96   13695.07   13695.07    9183.17    9183.17
 2     783.00     426.62     426.62     991.94     991.94    1325.72    1325.72    4148.58    4148.58    5027.44    5027.44    1384.59    1384.59    1472.77    1472.77    2069.58    2069.58    4142.86    4142.86    6607.83    6607.83    5256.94    5256.94    2608.58    2608.58    1749.18    1749.18
 3    3537.00    3664.73    6215.13    8217.96    8568.61    9047.51   12114.42   19074.23   18494.35   18193.30   13712.88    5851.91    6117.98    8591.25    8708.43   12221.33   17339.88   21320.72   24042.03   20886.78   17624.30    8883.44    8823.98    8907.51    7934.42    9643.33    9931.36
 4    1379.00    1993.26    2576.61    2712.18    2821.29    4355.89    6216.36    5618.46    3514.61    2799.79    2893.79    2079.80    2357.92    3349.54    4747.39    6411.98    9005.33    6448.21    4586.57    4245.40    4618.20    4392.42    4227.27    3577.53    3198.35    3544.68    3207.18
 1    4109.00    2725.80    2725.80    2714.25    2714.25    6934.16    6934.16    9883.10    9883.10    6431.50    6431.50   13376.75   13376.75   14801.56   14801.56   17979.19   17979.19   11759.75   11759.75   10279.96   10279.96    4886.57    4886.57   11372.59   11372.59   10772.92   10772.92
 2     783.00     519.20     519.20     517.00     517.00    1320.79    1320.79    1882.50    1882.50    1225.05    1225.05    2547.95    2547.95    2819.34    2819.34    3424.61    3424.61    2239.95    2239.95    1958.09    1958.09     930.78     930.78    2166.21    2166.21    2051.98    2051.98
 3    3537.00    5144.76    8045.88    9092.11   11069.67   15006.54   15066.14   15054.03   14057.72   14064.01   16459.87   22085.89   22822.22   24406.74   23161.99   18027.89   17835.59   11164.07    8997.24   10838.01    9410.42    7156.09    8973.46    7552.26    7433.90    7138.46    8274.11
 4    1379.00    2468.18    3413.72    3422.94    3462.12    3555.26    3663.60    4110.20    6620.05    6391.52    5219.22    6401.30    5573.16    5138.09    5330.19    5358.80    4016.54    3197.39    2662.03    2192.97    2143.73    2816.28    3133.28    2728.90    2853.17    4405.10    4297.28
 1    4109.00    9136.97    9136.97    8243.93    8243.93   15490.40   15490.40   11162.84   11162.84    8841.29    8841.29   15701.07   15701.07   20038.33   20038.33   13408.16   13408.16   15535.21   15535.21   36534.96   36534.96   16006.91   16006.91   27534.28   27534.28   25965.33   25965.33
 2     783.00    1740.38    1740.38    1570.27    1570.27    2950.55    2950.55    2126.26    2126.26    1684.06    1684.06    2990.68    2990.68    3816.82    3816.82    2553.94    2553.94    2959.09    2959.09    6959.04    6959.04    3048.94    3048.94    5244.62    5244.62    4945.78    4945.78
 3    3537.00    5331.43    6643.53    6893.03    6937.87    8837.25    8883.54    4947.51    7203.25   11067.45   11409.71   10505.97   11218.26   11440.19   12098.28    8255.81    7741.05   12499.95   13740.40   15303.45   12563.73    7089.70   12028.95   22054.70   19921.83   17298.95   13094.98
 4    1379.00    2413.60    2794.50    2394.49    2276.22    2381.49    2792.67    3497.10    3636.83    3445.10    3769.54    4407.35    4972.18    4611.98    3987.08    3090.13    4495.31    5205.15    4414.18    3730.21    4766.55    9303.91    8299.32    5243.44    3493.64    2789.57    2890.41
 1    4109.00    1112.50    1112.50    2847.77    2847.77   13166.54   13166.54   18552.53   18552.53   24861.61   24861.61   41500.54   41500.54   21484.85   21484.85    2882.88    2882.88    2538.69    2538.69    8019.86    8019.86   21600.35   21600.35   27520.42   27520.42   18558.08   18558.08
 2     783.00     211.90     211.90     542.43     542.43    2507.91    2507.91    3533.82    3533.82    4735.54    4735.54    7904.86    7904.86    4092.35    4092.35     549.12     549.12     483.56     483.56    1527.59    1527.59    4114.35    4114.35    5241.98    5241.98    3534.87    3534.87
 3    3537.00    4351.57    6637.51    9772.67   14567.01   21455.43   21252.28   21658.57   21480.63   20485.67   19373.85   19388.51   12267.81    3392.98    2548.80    1662.56    2103.14    4444.43    9464.80   17252.93   19385.43   20403.33   18431.02   17225.79   13967.60   10930.39   11890.01
 4    1379.00    2045.39    3564.20    6090.60    5438.02    5908.84    6172.05    5181.98    5095.75    5020.70    4438.26    3253.35    2013.22    1573.97    1256.47    1578.82    3306.60    5417.54    6386.37    6406.96    5747.20    4597.55    3515.42    3974.57    6151.27    5525.98    4792.37
 1    4109.00     477.71     477.71    3045.50    3045.50    5065.83    5065.83    7865.09    7865.09   11080.15   11080.15   14866.24   14866.24   18859.76   18859.76   10692.53   10692.53   24903.65   24903.65   22938.30   22938.30   16241.61   16241.61   24082.67   24082.67   34450.88   34450.88
 2     783.00      90.99      90.99     580.10     580.10     964.92     964.92    1498.11    1498.11    2110.50    2110.50    2831.66    2831.66    3592.34    3592.34    2036.67    2036.67    4743.55    4743.55    4369.20    4369.20    3093.64    3093.64    4587.18    4587.18    6562.07    6562.07
 3    3537.00    3926.27    6110.72    7946.59   10521.79   12216.25   13006.40   19675.63   19870.21   19424.89   21291.85   29976.35   27706.59   23775.72   19153.98    9635.04   10634.96   18168.84   16311.90   16103.64   15968.20    9281.61   10372.58   15101.11   14030.76    9298.65    7797.06
 4    1379.00    2124.17    2615.80    3352.26    3932.18    4772.25    5214.92    5928.63    9255.32    7909.05    6259.36    5179.41    3637.01    3034.72    4737.90    6052.96    5371.22    4993.35    4719.00    5016.04    4483.10    5263.84    5458.03    4096.65    3586.63    3533.62    3080.68
 1    4109.00    1688.15    1688.15    3144.37    3144.37   11903.43   11903.43   19855.37   19855.37   18615.37   18615.37   22928.14   22928.14    8597.36    8597.36   12773.84   12773.84   25875.70   25875.70   20233.29   20233.29    8879.18    8879.18   17023.31   17023.31   22012.91   22012.91
 2     783.00     321.55     321.55     598.93     598.93    2267.32    2267.32    3781.98    3781.98    3545.78    3545.78    4367.26    4367.26    1637.59    1637.59    2433.11    2433.11    4928.70    4928.70    3853.96    3853.96    1691.27    1691.27    3242.54    3242.54    4192.94    4192.94
 3    3537.00    4306.95    6724.78    9154.65   12595.77   20160.12   17479.63   17839.54   18535.20   13969.09   13170.47   14050.00   10870.50    5261.16    7234.38   10040.43   11207.37   10727.93    8894.42    6392.30    5499.77    4946.10    8129.15   13915.77   15362.16   18673.18   21793.29
 4    1379.00    2442.62    3401.57    5196.10    4269.04    4067.14    4540.18    5694.36    4688.09    3760.13    3046.45    2910.63    3270.71    3132.88    3554.20    3687.17    3372.61    3037.78    3384.55    2831.89    2892.68    4266.25    5939.81    6040.48    7274.38    7802.93    5829.59
 1    4109.00    3933.47    3933.47    4349.73    4349.73    9282.04    9282.04   21653.94   21653.94   33233.51   33233.51   27853.52   27853.52   38630.13   38630.13   22051.72   22051.72    7942.24    7942.24    5350.88    5350.88    6993.29    6993.29    4905.98    4905.98    5524.13    5524.13
 2     783.00     749.23     749.23     828.52     828.52    1768.01    1768.01    4124.56    4124.56    6330.19    6330.19    5305.43    5305.43    7358.12    7358.12    4200.33    4200.33    1512.81    1512.81    1019.22    1019.22    1332.06    1332.06     934.47     934.47    1052.22    1052.22
 3    3537.00    4446.53    6865.20    8038.89    9036.73   14091.47   17706.79   17004.99   18895.55   17594.79   22347.87   19531.44   16671.23   21558.89   17071.39    6562.22    6060.98    4984.32    6105.99    5192.21    5191.02    7007.42    7453.81    6309.81    8975.60    8852.70    8418.28
 4    1379.00    2317.92    2694.28    2831.51    3577.26    5287.21    4724.15    5635.89    9904.12   10253.26    7283.65    5024.31    4644.89    4060.75    2906.28    2655.02    2571.35    2349.86    2303.64    1861.75    2004.77    1963.73    2330.32    3287.36    3078.16    2707.45    3037.93
 1    4109.00    2958.19    2958.19    4408.87    4408.87    7105.56    7105.56    8334.02    8334.02   21434.95   21434.95   33965.78   33965.78   16638.01   16638.01   16783.54   16783.54   10120.57   10120.57   18231.44   18231.44   25110.62   25110.62   33049.17   33049.17   40322.90   40322.90
 2     783.00     563.46     563.46     839.78     839.78    1353.44    1353.44    1587.43    1587.43    4082.85    4082.85    6469.67    6469.67    3169.14    3169.14    3196.86    3196.86    1927.73    1927.73    3472.66    3472.66    4782.98    4782.98    6295.08    6295.08    7680.55    7680.55
 3    3537.00    4341.77    6746.40    8670.26    9031.78   12754.64   13368.66   16547.01   19455.95   20888.39   21378.34   20584.92   15412.47    6261.75    7845.88   11067.08   11153.78    8154.54    9353.67   14904.50   13927.04   13728.24   15827.06   18776.40   19344.03   18150.07   15573.26
 4    1379.00    2220.27    2997.04    3039.93    2732.53    3835.60    5524.79    5804.61    6241.61    5134.87    4405.58    3805.94    3047.96    3422.88    3915.17    4072.47    4538.54    4843.92    4459.02    3705.30    4881.64    6147.37    7012.65    7474.16    5599.35    4109.01    4702.24
 1    4109.00    1737.12    1737.12    4121.96    4121.96   16737.80   16737.80   23516.72   23516.72   14112.25   14112.25   10943.39   10943.39   20456.90   20456.90   20532.20   20532.20    9149.45    9149.45    8097.94    8097.94   14087.77   14087.77   10155.22   10155.22   14782.15   14782.15
 2     783.00     330.88     330.88     785.14     785.14    3188.15    3188.15    4479.38    4479.38    2688.05    2688.05    2084.46    2084.46    3896.55    3896.55    3910.90    3910.90    1742.75    1742.75    1542.46    1542.46    2683.38    2683.38    1934.33    1934.33    2815.65    2815.65
 3    3537.00    3844.56    6656.65    8612.76   11441.59   16385.91   16510.47   14547.91   12195.90    6975.13    6483.45    9300.29   15957.71   15714.16   15362.33   14268.65   12247.83    8516.94    8241.78   10131.31   10612.98   10387.61    9730.95    9006.70    9943.01    7278.36    7579.67
 4    1379.00    2105.10    3273.32    4212.71    4197.86    4398.20    3735.25    2884.56    2948.72    2767.74    3553.77    7070.31    6181.95    4375.53    3757.42    3706.56    3594.25    3664.06    3349.14    3766.20    3468.47    3258.98    3302.71    3274.97    3012.76    2733.43    3075.67
 1    4109.00    2170.94    2170.94    6486.48    6486.48    8671.74    8671.74   27741.25   27741.25   32758.11   32758.11   12882.41   12882.41    9048.27    9048.27   12372.82   12372.82    8692.99    8692.99    7370.29    7370.29    5102.79    5102.79    4808.03    4808.03   16708.23   16708.23
 2     783.00     413.51     413.51    1235.52    1235.52    1651.76    1651.76    5284.05    5284.05    6239.64    6239.64    2453.79    2453.79    1723.48    1723.48    2356.73    2356.73    1655.81    1655.81    1403.86    1403.86     971.96     971.96     915.82     915.82    3182.52    3182.52
 3    3537.00    3362.00    5549.24   10515.62   13052.56   13703.07   15165.88   23576.08   25317.14   23293.39   17545.87    6713.84    7971.92   11076.92   10317.51    8658.05    7746.82    5669.05    6006.97    5943.49    5517.94    5416.27    5558.20   13148.44   16499.22   15576.08   14683.85
 4    1379.00    1852.38    3033.73    4084.90    4049.75    5394.25    9295.32    8428.81    5546.65    3768.04    3356.78    4033.02    3819.33    2927.00    2530.82    2461.79    2464.82    2119.29    2284.57    2161.13    2209.57    3028.57    4591.12    5083.72    4164.93    3074.26    3767.14
 1    4109.00    3595.28    3595.28    6571.95    6571.95   11115.26   11115.26    9520.43    9520.43    6235.15    6235.15   11801.33   11801.33   11963.03   11963.03    9561.55    9561.55    5813.81    5813.81   14008.76   14008.76   20503.10   20503.10   15835.97   15835.97   20549.30   20549.30
 2     783.00     684.82     684.82    1251.80    1251.80    2117.19    2117.19    1813.42    1813.42    1187.65    1187.65    2247.87    2247.87    2278.67    2278.67    1821.25    1821.25    1107.39    1107.39    2668.34    2668.34    3905.35    3905.35    3016.38    3016.38    3914.15    3914.15
 3    3537.00    3429.49    5497.71   10344.25   11699.49   12978.79   10718.64    9033.42    8982.57    6205.43    8441.20   14724.65   13842.02   12489.95   12221.24    8570.79    8435.97    7361.61    7450.04   15156.34   16614.26   17503.82   14799.76   14668.89   14397.11   13715.35   12110.47
 4    1379.00    2130.26    2617.30    3418.92    3147.69    3112.79    2014.63    2184.65    3348.43    4208.15    3862.52    4053.56    4447.48    3363.58    2641.60    2675.02    3071.76    3841.17    5226.16    5173.19    4571.30    4291.48    4140.17    4414.30    3704.19    2811.71    2168.20
 1    4109.00    4216.21    4216.21    6178.33    6178.33    6503.11    6503.11   14930.92   14930.92   16503.56   16503.56   18799.70   18799.70   36872.22   36872.22   24239.75   24239.75   15288.97   15288.97   23075.98   23075.98   11732.95   11732.95   19632.23   19632.23    9928.38    9928.38
 2     783.00     803.09     803.09    1176.82    1176.82    1238.69    1238.69    2843.98    2843.98    3143.54    3143.54    3580.90    3580.90    7023.28    7023.28    4617.10    4617.10    2912.18    2912.18    4395.42    4395.42    2234.85    2234.85    3739.47    3739.47    1891.12    1891.12
 3    3537.00    4677.47    6040.20   10776.84   10699.98   11299.99   13888.81   15690.86   16310.19   17487.60   18539.40   16442.41   17561.86   17078.47   13785.08    5591.21    9277.42    8511.87    8071.43   10296.64   10350.76    7335.97    6536.23    9901.72    8874.88    7830.94    8649.71
 4    1379.00    2395.84    2599.26    2972.27    3892.99    4551.84    4211.31    4971.84    5150.79    4170.51    4671.11    5037.09    4573.77    3674.54    3781.24    4868.76    4924.58    3514.94    3722.72    3893.55    3516.82    3338.69    3076.11    3261.65    4286.55    4190.57    3256.92
 1    4109.00    4982.67    4982.67    7807.80    7807.80   17872.93   17872.93   13807.33   13807.33    7238.62    7238.62   11657.65   11657.65    3640.10    3640.10   13147.60   13147.60   15768.06   15768.06   12523.90   12523.90   11633.62   11633.62    8223.14    8223.14    4236.08    4236.08
 2     783.00     949.08     949.08    1487.20    1487.20    3404.37    3404.37    2629.97    2629.97    1378.78    1378.78    2220.50    2220.50     693.35     693.35    2504.30    2504.30    3003.44    3003.44    2385.50    2385.50    2215.93    2215.93    1566.31    1566.31     806.87     806.87
 3    3537.00    5027.98    6818.07   12073.52   13487.23   17036.98   19194.29   14358.32   13023.51    9769.43    9813.63   12233.51   11352.25    7226.65    7467.29   11832.07   10388.00    8030.04    7873.99    5266.29    5377.50    7695.19    8320.82    5751.23    5958.98    7648.27   10733.68
 4    1379.00    2491.12    3317.96    4902.99    5679.90    6805.76    5199.49    3539.53    2732.57    3135.73    3375.64    3039.54    2978.44    2803.85    3262.71    2679.07    2411.20    2101.41    2336.43    2536.81    2919.12    2616.00    2720.01    3013.55    4375.08    5187.05    4711.25
 1    4109.00    2506.35    2506.35    2995.61    2995.61   14198.65   14198.65   19698.29   19698.29   30653.24   30653.24   34991.88   34991.88   28523.42   28523.42   29659.02   29659.02   21755.58   21755.58   33011.29   33011.29   34094.22   34094.22   29346.70   29346.70   28187.08   28187.08
 2     783.00     477.40     477.40     570.59     570.59    2704.50    2704.50    3752.06    3752.06    5838.71    5838.71    6665.12    6665.12    5433.03    5433.03    5649.34    5649.34    4143.92    4143.92    6287.86    6287.86    6494.14    6494.14    5589.85    5589.85    5368.97    5368.97
 3    3537.00    3376.00    6704.35    8672.40   14059.76   23119.29   21137.69   16275.33   27260.43   32503.53   33746.90   26443.23   21735.68   16336.04   15500.02   19378.04   18191.14   16327.46   23564.70   27063.86   27478.10   21664.29   21451.90   21198.10   17805.75    9677.81    8032.93
 4    1379.00    1934.08    4045.37    6370.75    5553.55    3878.13    5295.17   10834.14   13392.88    8711.14    6519.03    5638.48    4134.49    5058.14    5907.17    6464.11    6855.49   11001.65   10964.15    7908.74    7113.65    6500.10    5495.97    4343.04    3238.72    3207.29    3623.15
 1    4109.00    3696.00    3696.00   13121.72   13121.72    7955.64    7955.64   11335.63   11335.63   11635.47   11635.47   13138.36   13138.36   11684.44   11684.44   20484.62   20484.62   36841.73   36841.73   37538.89   37538.89   46755.33   46755.33   55042.22   55042.22   26971.56   26971.56
 2     783.00     704.00     704.00    2499.38    2499.38    1515.36    1515.36    2159.17    2159.17    2216.28    2216.28    2502.54    2502.54    2225.61    2225.61    3901.83    3901.83    7017.47    7017.47    7150.26    7150.26    8905.78    8905.78   10484.23   10484.23    5137.44    5137.44
 3    3537.00    4481.50    6176.08    9549.87   10059.07    6647.51    6958.67   12148.16   13398.51    8953.13    9719.61   12417.69   10538.55    7773.49   11838.41   19597.11   21154.28   18396.50   14441.16    7883.56   14353.83   26263.52   22349.58   20003.62   18353.65   12384.56    8618.64
 4    1379.00    2480.45    2819.77    2875.97    2133.44    2295.75    3792.85    4207.10    4068.14    3781.61    3031.15    2394.47    2724.36    5748.38    8246.62    7215.49    4478.89    3354.99    5601.72   13602.56   14091.93    8521.26    5605.93    5670.10    4710.06    4050.36    3657.91
 1    4109.00    2780.78    2780.78    4514.66    4514.66    9027.02    9027.02   14340.02   14340.02    6230.07    6230.07   11745.43   11745.43   12546.53   12546.53   17173.93   17173.93   16508.65   16508.65   24957.70   24957.70   10359.89   10359.89    9424.80    9424.80   26400.07   26400.07
 2     783.00     529.67     529.67     859.94     859.94    1719.43    1719.43    2731.43    2731.43    1186.68    1186.68    2237.22    2237.22    2389.82    2389.82    3271.22    3271.22    3144.50    3144.50    4753.85    4753.85    1973.31    1973.31    1795.20    1795.20    5028.58    5028.58
 3    3537.00    4373.34    6682.03    7863.79    8197.91   12051.63   12180.60   13513.64    9738.57    6908.16   10960.14   16057.15   12945.35   11904.87   10358.20   11107.64   11760.23   12044.23   11771.79    9678.02    7447.36    5210.65    5276.24    7233.93   12477.27   18407.16   15558.28
 4    1379.00    2225.83    2974.15    2740.48    2812.46    3508.90    2779.44    2772.26    3484.60    4662.09    4232.28    3413.73    2916.11    2909.94    3327.00    3975.90    4779.96    4008.50    3046.68    2779.80    2529.10    2418.47    3585.24    5679.33    6035.34    4805.08    4169.90
 1    4109.00    2845.92    2845.92    5091.24    5091.24   11929.30   11929.30   14005.07   14005.07   20089.61   20089.61   14974.34   14974.34   22542.83   22542.83   28694.36   28694.36   27907.11   27907.11    7961.18    7961.18   12676.82   12676.82   33724.62   33724.62   37487.14   37487.14
 2     783.00     542.08     542.08     969.76     969.76    2272.25    2272.25    2667.63    2667.63    3826.59    3826.59    2852.26    2852.26    4293.87    4293.87    5465.59    5465.59    5315.64    5315.64    1516.42    1516.42    2414.63    2414.63    6423.74    6423.74    7140.41    7140.41
 3    3537.00    3381.09    5221.34    9902.38   12123.96   11193.28   11709.99    9559.50   14331.57   21592.60   20230.30   10433.99   11200.19   20532.19   21034.03   19581.04   14211.10    7469.70    6248.41    6680.45    6782.45   10003.63   12263.42   13383.02   18897.98   13092.84   12855.38
 4    1379.00    2002.33    2640.72    2963.68    3178.43    3445.69    4619.66    7267.51    7177.90    5133.49    4174.21    6285.69    7906.30    5884.85    4278.20    3314.52    2713.82    3189.90    3518.62    3389.53    3845.22    3636.99    5466.43    8888.88    7799.18    6169.95    6120.84
 1    4109.00    2404.71    2404.71    2401.48    2401.48   11506.11   11506.11    6770.15    6770.15   18281.80   18281.80   16792.78   16792.78   20610.74   20610.74   29672.41   29672.41   10295.67   10295.67   15591.11   15591.11   13753.28   13753.28   24399.14   24399.14   18059.12   18059.12
 2     783.00     458.04     458.04     457.42     457.42    2191.64    2191.64    1289.55    1289.55    3482.25    3482.25    3198.62    3198.62    3925.86    3925.86    5651.89    5651.89    1961.08    1961.08    2969.74    2969.74    2619.67    2619.67    4647.46    4647.46    3439.83    3439.83
 3    3537.00    4097.17    6794.60    8127.38   10579.66   11360.72   10510.45    8976.91   13826.39   21910.11   19849.66   13551.88   14385.90   15006.33   14784.92   12495.47   10941.60    7528.76    9979.52   12673.91   12027.10   10340.83   10960.15    9739.94    7860.13    6011.85    7111.82
 4    1379.00    2210.80    3026.74    2742.15    2348.18    2536.37    4217.68    5949.84    5669.77    5068.34    5183.76    4311.86    4455.43    3495.36    3654.00    3515.83    5386.90    4870.05    4254.59    3628.88    3869.87    4005.63    3004.76    2602.29    3233.55    4075.71    3593.38
 1    4109.00    1754.21    1754.21    2795.10    2795.10   19069.97   19069.97   14907.82   14907.82   20799.70   20799.70   19697.37   19697.37   13265.87   13265.87   19708.46   19708.46   12095.62   12095.62    7047.35    7047.35    4043.89    4043.89   11531.52   11531.52   23219.66   23219.66
 2     783.00     334.14     334.14     532.40     532.40    3632.38    3632.38    2839.58    2839.58    3961.85    3961.85    3751.88    3751.88    2526.83    2526.83    3753.99    3753.99    2303.93    2303.93    1342.35    1342.35     770.26     770.26    2196.48    2196.48    4422.79    4422.79
 3    3537.00    3796.06    6225.44    9200.80   16961.38   26696.09   25986.85   14195.29   12480.29   16303.95   15274.34   11755.48   12065.26    9237.53    9124.59   12654.76   11599.17    7480.86    8190.33    7675.16    8403.81   12052.59   13862.36   13167.41   13012.54   15493.78   14759.37
 4    1379.00    2192.19    4427.30    8633.64    7338.09    5419.43    4576.10    4004.23    4691.96    3833.65    3335.73    4388.88    5121.39    4403.92    3985.85    3423.36    3591.52    3615.45    3342.91    3126.62    4520.34    4120.60    4232.90    5135.26    4903.59    4954.92    4204.02
 1    4109.00    1924.23    1924.23    7151.30    7151.30   15376.28   15376.28   20410.24   20410.24   29324.53   29324.53   10661.11   10661.11   18477.69   18477.69   24615.82   24615.82   13933.92   13933.92   17141.12   17141.12   24431.02   24431.02   28881.47   28881.47   36204.63   36204.63
 2     783.00     366.52     366.52    1362.15    1362.15    2928.82    2928.82    3887.66    3887.66    5585.62    5585.62    2030.69    2030.69    3519.56    3519.56    4688.73    4688.73    2654.08    2654.08    3264.98    3264.98    4653.53    4653.53    5501.23    5501.23    6896.12    6896.12
 3    3537.00    4738.78    6624.12    8336.36    8299.33   10382.20   12000.13   12487.32   15320.38   17968.06   17287.53   12312.82   10395.91   18377.87   15576.84   15406.95   15390.51    9536.95   11834.72   14476.40   14579.99   14057.61   13351.84   16836.07   14917.47   13729.45   10599.25
 4    1379.00    2368.66    2626.04    2048.01    2140.85    4437.01    6885.75    5334.27    6029.91    4935.08    3641.23    3443.19    3985.97    4728.16    3890.02    4823.50    5250.55    4817.73    4538.06    5509.82    4723.58    5138.44    4609.00    5207.98    4105.80    3595.84    3104.57
