              Isim, Ftarg, Btarg
   1 2019          0.3977734     129364.7079738      33266.1582637
   1 2021          0.3977734     129481.7061690      32921.9547174
   1 2023          0.3802246     129097.7781648      32206.6739122
   1 2025          0.4211719     129148.9836037      33722.6779232
   1 2027          0.4211719     129462.1378594      33909.3524470
   1 2029          0.4094727     129314.1901517      33732.3742140
   1 2031          0.4123975     128997.8870759      33544.2977575
   1 2033          0.4094727     128958.5733167      33613.9574427
   1 2035          0.4065479     129027.1212831      33577.9990815
   1 2037          0.4006982     129356.8419816      33342.5405675
   1 2039          0.3977734     129338.1416247      32909.5529889
   1 2041          0.4065479     129127.5932990      33254.5443592
   1 2043          0.4036230     129437.2237943      33327.9956735
   2 2019          0.3977734     128814.4188190      33124.6513071
   2 2021          0.3948486     128907.8425771      32703.6230870
   2 2023          0.4094727     128532.5898067      33232.5131330
   2 2025          0.4153223     128849.6126297      33401.1001987
   2 2027          0.4094727     128899.6664587      33359.0785793
   2 2029          0.4123975     128487.5484795      33403.5970232
   2 2031          0.4094727     128766.9853257      33274.4732689
   2 2033          0.4123975     128887.2826857      33319.9183937
   2 2035          0.3889990     128834.4996933      32540.8878488
   2 2037          0.4153223     128821.8297787      33341.2109428
   2 2039          0.4094727     128742.6301979      33627.0217589
   2 2041          0.4123975     128458.8774050      33640.2360104
   2 2043          0.4036230     128392.4824335      33286.6806881
   3 2019          0.3977734     131418.4014862      33794.2659252
   3 2021          0.3919238     131262.1694659      33292.2422103
   3 2023          0.4270215     131225.8733816      34271.0999889
   3 2025          0.4123975     131032.7479956      34243.0990884
   3 2027          0.4123975     131430.8380601      34160.1189896
   3 2029          0.4094727     131444.6327597      34059.0986351
   3 2031          0.4036230     131110.8722964      33899.5172660
   3 2033          0.4036230     131344.6756452      33793.4436308
   3 2035          0.4036230     131283.7715390      33978.0639809
   3 2037          0.4036230     131153.8465916      33946.8559440
   3 2039          0.4153223     131434.7095698      34244.6580161
   3 2041          0.3977734     131553.0847365      33971.1123118
   3 2043          0.3948486     131033.9786692      33493.3114106
   4 2019          0.3977734     133428.9350648      34311.2750019
   4 2021          0.3977734     133041.3771673      33825.0648115
   4 2023          0.4240967     133353.3593773      34794.0627636
   4 2025          0.4123975     133433.2507273      34584.2003393
   4 2027          0.3919238     132901.1210138      33740.0955186
   4 2029          0.4123975     133470.2349798      34369.9975155
   4 2031          0.4211719     133158.5059247      34742.5563115
   4 2033          0.4240967     133140.2906189      34829.1989503
   4 2035          0.4153223     133449.5151161      34752.1721450
   4 2037          0.4153223     133413.8883529      34803.2226224
   4 2039          0.4153223     133253.1356101      34669.2688542
   4 2041          0.4211719     133408.0113913      34932.7348381
   4 2043          0.4153223     133471.2299323      34862.5386425
   5 2019          0.3977734     130501.2528948      33558.4209976
   5 2021          0.3948486     130541.6905085      33104.2434209
   5 2023          0.3948486     130177.5489415      33095.9641879
   5 2025          0.4153223     130559.0255314      33971.8094448
   5 2027          0.4094727     130527.7388261      33997.7819468
   5 2029          0.4123975     130303.7626667      34128.9947556
   5 2031          0.3831494     130014.9763040      32944.4461210
   5 2033          0.4065479     130525.0070133      33520.0016403
   5 2035          0.4094727     130529.9095170      33957.9430487
   5 2037          0.3977734     130505.1736785      33642.6922601
   5 2039          0.4153223     130059.1285659      33835.2014806
   5 2041          0.4094727     129983.7143670      33984.4647912
   5 2043          0.4006982     130441.6891716      33896.1719518
   6 2019          0.3977734     132943.3858106      34186.4159225
   6 2021          0.3948486     133063.3486808      33821.9194848
   6 2023          0.4153223     133159.5381753      34519.9394774
   6 2025          0.4094727     132953.3769296      34505.1763113
   6 2027          0.3977734     132810.4169915      34007.4786211
   6 2029          0.4270215     132771.6549875      34864.5006488
   6 2031          0.4182471     132633.0672874      34581.4378392
   6 2033          0.4094727     133045.6202709      34453.3200118
   6 2035          0.4153223     132454.1785713      34663.4191314
   6 2037          0.4153223     132806.5250355      34613.0207957
   6 2039          0.3977734     132756.2376008      33925.7682821
   6 2041          0.4094727     132844.8980719      34309.0375652
   6 2043          0.4123975     132605.3318268      34606.0308405
   7 2019          0.3977734     130609.1527291      33586.1674596
   7 2021          0.3948486     130223.0684210      33179.1332481
   7 2023          0.4123975     130279.3625280      33646.2277748
   7 2025          0.4211719     130784.6202868      34064.0441177
   7 2027          0.4211719     130435.5397915      34114.9477282
   7 2029          0.4123975     130624.2900933      33902.3936684
   7 2031          0.4211719     130543.2749710      33975.3710954
   7 2033          0.4387207     130131.0197704      34348.0513023
   7 2035          0.4182471     130245.9805450      34195.2445477
   7 2037          0.3919238     130363.9097993      33238.9835034
   7 2039          0.4036230     130375.6746233      33395.8367624
   7 2041          0.4153223     130606.4459765      33873.8440215
   7 2043          0.4153223     130452.1879205      34096.6656289
   8 2019          0.3977734     130069.6535577      33447.4351493
   8 2021          0.4006982     129658.8600915      33031.7601007
   8 2023          0.4299463     130045.9213472      33908.8134544
   8 2025          0.3889990     129908.4230871      32901.3060254
   8 2027          0.4094727     130207.3008349      33690.9688304
   8 2029          0.4240967     130028.8860573      33970.9485012
   8 2031          0.4094727     130282.7661758      33959.5275638
   8 2033          0.4153223     129683.9140156      33953.2223650
   8 2035          0.3743750     129835.8623244      32322.9300878
   8 2037          0.4153223     129766.2538943      33850.9017113
   8 2039          0.4065479     129925.5624172      33940.3383599
   8 2041          0.4094727     129981.9204780      33960.2471738
   8 2043          0.4065479     129860.0417084      33569.8572261
   9 2019          0.3977734     130799.7757697      33635.1862093
   9 2021          0.3977734     130910.0482027      33367.1135130
   9 2023          0.4123975     130775.3808494      33956.5230986
   9 2025          0.4065479     130893.2122015      33834.2121414
   9 2027          0.3919238     130551.3281440      33003.3523855
   9 2029          0.4299463     130458.2098790      34254.2068825
   9 2031          0.4211719     130502.8852599      34228.3105410
   9 2033          0.4211719     130883.7569972      34267.6037732
   9 2035          0.4094727     130738.8197287      33916.8481659
   9 2037          0.4065479     130548.4864563      33635.4910758
   9 2039          0.4036230     130674.1864300      33540.7467832
   9 2041          0.3977734     130683.9378801      33348.7892813
   9 2043          0.3889990     130595.1881133      33016.6025743
  10 2019          0.3977734     130555.2028120      33572.2942286
  10 2021          0.3889990     130699.7260224      33013.3926483
  10 2023          0.4182471     130492.4674777      33839.1591605
  10 2025          0.4270215     130761.2978627      34195.2169058
  10 2027          0.4153223     130607.9959264      34013.5339764
  10 2029          0.4153223     130501.2461404      33923.6615157
  10 2031          0.4182471     130510.1973860      33994.2700661
  10 2033          0.4153223     130246.1211324      33776.2429113
  10 2035          0.4211719     130286.8799872      33954.3616908
  10 2037          0.4240967     130400.7808449      34225.6245878
  10 2039          0.4182471     130222.5247140      34141.7261013
  10 2041          0.4123975     130518.5637836      34108.1220680
  10 2043          0.3919238     130502.8299176      33213.8713637
  11 2019          0.3977734     128929.5119756      33154.2475333
  11 2021          0.3977734     128752.9727383      32738.2039614
  11 2023          0.4153223     129122.0887265      33313.8992433
  11 2025          0.4036230     128688.1174763      33103.6086503
  11 2027          0.4270215     129029.4071937      33781.9672671
  11 2029          0.4153223     128765.6170116      33573.4164408
  11 2031          0.3977734     128418.3204323      32872.6546231
  11 2033          0.4153223     128865.4100448      33597.9739769
  11 2035          0.4182471     128685.4654431      33665.2716333
  11 2037          0.4182471     128858.8102080      33684.4779206
  11 2039          0.4182471     128987.7126840      33633.3966174
  11 2041          0.4153223     128736.4088661      33603.1446238
  11 2043          0.4094727     128528.3914552      33456.4047692
  12 2019          0.3977734     130652.3126628      33597.2660445
  12 2021          0.3948486     130353.3845119      33132.9102296
  12 2023          0.4065479     130401.7839530      33613.2988697
  12 2025          0.4153223     130830.0761141      34075.0838680
  12 2027          0.4036230     130468.3004600      33824.4716664
  12 2029          0.3889990     130575.1797574      33199.7712738
  12 2031          0.3919238     130591.1720462      33078.3893892
  12 2033          0.4240967     130435.4516422      34194.9835805
  12 2035          0.4182471     130390.7492551      34188.5116975
  12 2037          0.4123975     130464.9844200      34048.4350895
  12 2039          0.4006982     130613.5048237      33487.8470674
  12 2041          0.4094727     130606.7713846      33793.4740038
  12 2043          0.4123975     130546.4743053      33924.5236988
  13 2019          0.3977734     128573.4425225      33062.6842085
  13 2021          0.3948486     128713.4448115      32680.2349912
  13 2023          0.4036230     128107.5214525      32853.8974917
  13 2025          0.4123975     128557.8347462      33207.1974986
  13 2027          0.4270215     128756.4342984      33591.7893485
  13 2029          0.4094727     128334.9884100      33416.6335848
  13 2031          0.4094727     128586.7262825      33381.0967116
  13 2033          0.4123975     128459.1726395      33469.0728008
  13 2035          0.4036230     128444.9917189      33102.7665267
  13 2037          0.4153223     128616.6371598      33369.7168333
  13 2039          0.4211719     128553.2963888      33539.6812698
  13 2041          0.4123975     128216.9443951      33390.0243818
  13 2043          0.3919238     128564.4096448      32943.4128811
  14 2019          0.3977734     131911.1440627      33920.9747687
  14 2021          0.3977734     131615.3863336      33649.3854474
  14 2023          0.4094727     132014.0083950      34179.4528360
  14 2025          0.4094727     131545.6341570      34159.9748331
  14 2027          0.4094727     131886.0976587      34423.0937518
  14 2029          0.4036230     131779.1080224      34073.2186924
  14 2031          0.4036230     132048.7831808      34040.4937336
  14 2033          0.4094727     131462.8833121      34377.4146909
  14 2035          0.4036230     132004.4766503      34012.7433137
  14 2037          0.4036230     131463.7282915      33795.6633904
  14 2039          0.4240967     131594.0303409      34451.6228659
  14 2041          0.4153223     131603.2409077      34520.4891518
  14 2043          0.4036230     131560.3825044      34218.4266956
  15 2019          0.3977734     126951.3483472      32645.5623953
  15 2021          0.3919238     126932.2249334      32174.8872955
  15 2023          0.4123975     126831.0718918      32743.1142350
  15 2025          0.4270215     126996.2083039      33254.5006637
  15 2027          0.4211719     126818.1245703      33186.2294168
  15 2029          0.3948486     127009.9575324      32533.5390152
  15 2031          0.4006982     126959.1942286      32334.0874672
  15 2033          0.4299463     126627.5496937      33339.3582477
  15 2035          0.4182471     126958.8274671      33153.3201053
  15 2037          0.4006982     127037.9048168      32740.4706991
  15 2039          0.4036230     127115.5342174      32735.0041218
  15 2041          0.4153223     126502.7132071      32973.1648963
  15 2043          0.4036230     126498.9945505      32562.6511671
  16 2019          0.3977734     131163.0385451      33728.5992983
  16 2021          0.3977734     131220.0661836      33423.2926702
  16 2023          0.4036230     130737.0472916      33564.0696524
  16 2025          0.4153223     130981.5323933      34115.7551414
  16 2027          0.4153223     131194.5212860      34150.0418665
  16 2029          0.4036230     131333.5626816      33905.9586288
  16 2031          0.4240967     130881.7343485      34307.0422771
  16 2033          0.4036230     131136.0621373      33882.0351436
  16 2035          0.3772998     131081.7733588      32701.4279962
  16 2037          0.4270215     131314.6086675      34337.9614182
  16 2039          0.4270215     130775.6377355      34473.5254503
  16 2041          0.4094727     130979.4678736      34182.4299490
  16 2043          0.4094727     130899.5619851      34095.2820223
  17 2019          0.3977734     128918.7219921      33151.4728871
  17 2021          0.3948486     128993.6327296      32798.0379982
  17 2023          0.4006982     128527.5839791      32894.2164872
  17 2025          0.4182471     128844.3730655      33619.9712782
  17 2027          0.4094727     128645.0794032      33311.6699302
  17 2029          0.4123975     128535.6627195      33319.9975318
  17 2031          0.3948486     128810.8973786      32838.2321337
  17 2033          0.4065479     128614.1935459      33075.8227317
  17 2035          0.4211719     128451.4063556      33736.9257058
  17 2037          0.4123975     128854.9510565      33595.8981070
  17 2039          0.4153223     128715.1735707      33713.7409424
  17 2041          0.4123975     128652.6488124      33710.4432083
  17 2043          0.3919238     128733.0922063      32933.8535992
  18 2019          0.3977734     133169.9754626      34244.6834929
  18 2021          0.3948486     132722.6828978      33723.8203854
  18 2023          0.4182471     133005.4591662      34494.4153018
  18 2025          0.4094727     132642.5304748      34327.0277954
  18 2027          0.4211719     133298.0587550      34918.8304111
  18 2029          0.4006982     133269.5438876      34394.8061248
  18 2031          0.4094727     132880.0056391      34419.0643295
  18 2033          0.4036230     132741.0933200      34342.3017463
  18 2035          0.4065479     132777.6903255      34368.1331673
  18 2037          0.4036230     133099.3907198      34287.0077018
  18 2039          0.4153223     132892.5398064      34554.5019671
  18 2041          0.4240967     132873.4952955      34869.7358333
  18 2043          0.4153223     132653.6573789      34762.5903837
  19 2019          0.3977734     129310.7580567      33252.2850327
  19 2021          0.3977734     129409.5953746      32948.4370999
  19 2023          0.4153223     128846.1347326      33763.2115031
  19 2025          0.4211719     128879.6066335      33749.7788350
  19 2027          0.4065479     129104.7747337      33504.6044029
  19 2029          0.4065479     128902.4572403      33345.5230836
  19 2031          0.4182471     129032.1130188      33609.4934838
  19 2033          0.4036230     129037.6475917      33345.8543224
  19 2035          0.4094727     129315.5583267      33381.9705645
  19 2037          0.4094727     129306.8426602      33450.1526279
  19 2039          0.4153223     129349.8933555      33528.6628547
  19 2041          0.4153223     128957.8543930      33625.7006294
  19 2043          0.4036230     129279.8931667      33173.6887602
  20 2019          0.3977734     128979.8652316      33167.1958823
  20 2021          0.3889990     128690.8455459      32522.1192553
  20 2023          0.4153223     128888.6191748      33360.5226195
  20 2025          0.4240967     128851.5886008      33770.0094239
  20 2027          0.4094727     128499.3678288      33510.9172197
  20 2029          0.4006982     128544.6359264      32844.0015024
  20 2031          0.4123975     128981.5077210      33436.2470116
  20 2033          0.4036230     128514.4319103      33213.1937160
  20 2035          0.4094727     128970.8572857      33616.5088313
  20 2037          0.4036230     129103.1991389      33575.0840215
  20 2039          0.3977734     129136.5433786      33245.1114377
  20 2041          0.4094727     129033.5999737      33620.0519911
  20 2043          0.4006982     128659.4782370      33313.3034085
  21 2019          0.3977734     132540.5597626      34082.8291308
  21 2021          0.4006982     132099.4816883      33796.8765643
  21 2023          0.4270215     132178.8037501      34557.6850957
  21 2025          0.4123975     132419.2853123      34165.3372729
  21 2027          0.4036230     132591.9401098      33963.4274896
  21 2029          0.4094727     132721.8659926      34116.3794094
  21 2031          0.4211719     132152.0462873      34580.3338409
  21 2033          0.4153223     132257.8268174      34590.5200866
  21 2035          0.4094727     132465.6257993      34568.4708016
  21 2037          0.4036230     132179.8828476      34432.0975317
  21 2039          0.3919238     132178.7172387      33805.7206306
  21 2041          0.4211719     132642.5920119      34469.8570855
  21 2043          0.4006982     132456.0236773      34162.1104722
  22 2019          0.3977734     133436.1283871      34313.1247660
  22 2021          0.3977734     133224.5772733      33961.4661360
  22 2023          0.4065479     133249.6911611      34241.9821008
  22 2025          0.4270215     133122.8385726      34851.9412035
  22 2027          0.4036230     133555.4503694      34574.3662537
  22 2029          0.3977734     133335.5513074      33950.7382815
  22 2031          0.4153223     132913.7460713      34588.6420582
  22 2033          0.4153223     132945.1312561      34860.6824284
  22 2035          0.4123975     133289.6917004      34766.1852333
  22 2037          0.4036230     133312.5618744      34410.7074274
  22 2039          0.4065479     133081.2643997      34444.1158965
  22 2041          0.4065479     133536.3029908      34411.3789209
  22 2043          0.4270215     133209.1504654      34922.5426223
  23 2019          0.3977734     128105.8765739      32942.4495395
  23 2021          0.3889990     128073.5871799      32303.7890800
  23 2023          0.4153223     128218.4223663      33232.4909501
  23 2025          0.4006982     128031.5755585      33276.1581079
  23 2027          0.4123975     128137.9407784      33417.7361608
  23 2029          0.4094727     127643.0285812      33325.7501956
  23 2031          0.4036230     128250.7769935      33310.6192051
  23 2033          0.3977734     127857.2657148      32756.9439762
  23 2035          0.4211719     127847.2607754      33500.2903957
  23 2037          0.4211719     128167.3102022      33458.4704337
  23 2039          0.4182471     127866.5156217      33343.8419957
  23 2041          0.4065479     127850.9192734      32885.0090271
  23 2043          0.4211719     128161.5809212      33505.6027888
  24 2019          0.3977734     131785.2609227      33888.6038963
  24 2021          0.3977734     131745.7591063      33567.6263546
  24 2023          0.4270215     131288.8180044      34388.5561533
  24 2025          0.4006982     131554.2184132      33754.6505832
  24 2027          0.4153223     131271.4795401      34125.1740043
  24 2029          0.4153223     131837.2867200      34267.2302089
  24 2031          0.4094727     131416.6250592      34228.2384873
  24 2033          0.3860742     131813.2265696      33286.6399578
  24 2035          0.3948486     131527.5616483      33424.9440060
  24 2037          0.4153223     131389.0646912      34177.6720713
  24 2039          0.4211719     131318.4818777      34573.8641042
  24 2041          0.4094727     131740.9331066      34462.5110499
  24 2043          0.4094727     131966.6173256      34286.0055565
  25 2019          0.3977734     135640.8816675      34880.0774744
  25 2021          0.3919238     135836.1062696      34321.6498960
  25 2023          0.4065479     135514.3713414      34832.0685820
  25 2025          0.4211719     135456.1077437      35405.9114471
  25 2027          0.4094727     135791.7851925      35370.2165394
  25 2029          0.3948486     135754.2984558      34662.3057486
  25 2031          0.4065479     135637.9492925      34798.4093155
  25 2033          0.4211719     135288.1399074      35391.3875888
  25 2035          0.4006982     135322.8797054      34882.1933026
  25 2037          0.4211719     135568.2253268      35478.0471029
  25 2039          0.4065479     135255.4169237      35118.5234425
  25 2041          0.4123975     135472.1689371      35127.4680820
  25 2043          0.4182471     135438.2311339      35484.0801558
  26 2019          0.3977734     131968.6906410      33935.7728818
  26 2021          0.3948486     132115.4757340      33445.1828779
  26 2023          0.4182471     131784.2915947      34201.1590286
  26 2025          0.4123975     132002.0137708      34399.6783152
  26 2027          0.4211719     131679.4413202      34291.5938867
  26 2029          0.4006982     132062.4036802      33752.2104832
  26 2031          0.4036230     131793.3707393      33782.3804086
  26 2033          0.4123975     131788.2422646      34298.7668883
  26 2035          0.4240967     131739.8943484      34482.0332141
  26 2037          0.4153223     131875.7772111      34304.7595677
  26 2039          0.4153223     131709.6158981      34345.8643395
  26 2041          0.4211719     131903.2700740      34431.9690965
  26 2043          0.4094727     131628.3330733      34194.6218866
  27 2019          0.3977734     130494.0595726      33556.5712334
  27 2021          0.3948486     130551.5753891      33071.2263672
  27 2023          0.4153223     130479.0895239      33740.3040722
  27 2025          0.4182471     130513.8293482      33974.5922367
  27 2027          0.4123975     130322.8132598      33769.3959815
  27 2029          0.3919238     130449.4371921      33201.1732172
  27 2031          0.4211719     130682.8410386      33990.2305298
  27 2033          0.4299463     130164.9561790      34224.1840703
  27 2035          0.4182471     130126.8444551      33996.1946021
  27 2037          0.4240967     130459.0484310      34121.8635330
  27 2039          0.4094727     130218.6706252      33754.2031209
  27 2041          0.4211719     130486.3512189      33889.9368492
  27 2043          0.4123975     130200.0143155      33716.7844074
  28 2019          0.3977734     130134.3934583      33464.0830265
  28 2021          0.3919238     129816.5412940      32889.2733245
  28 2023          0.3919238     130144.4202649      32878.9988514
  28 2025          0.4240967     129804.9919816      33944.5918365
  28 2027          0.4211719     129609.7924018      34038.6561065
  28 2029          0.4153223     130286.6342619      33871.1373543
  28 2031          0.4153223     130308.1651514      33853.8775258
  28 2033          0.4240967     129782.2869964      34009.2797241
  28 2035          0.4123975     129902.7063360      33874.4673521
  28 2037          0.4094727     129849.6105191      33641.7848309
  28 2039          0.4036230     129905.1696213      33265.0799264
  28 2041          0.4094727     130283.3705132      33511.4667104
  28 2043          0.4270215     129805.5077606      34163.8366822
  29 2019          0.3977734     133148.3954957      34239.1342005
  29 2021          0.3977734     132973.2515217      33857.4947543
  29 2023          0.4094727     132681.8757640      34384.1021973
  29 2025          0.4065479     132991.0512755      34396.0081355
  29 2027          0.4094727     132842.8140959      34385.1331523
  29 2029          0.4211719     133115.2275678      34619.9780045
  29 2031          0.4153223     133180.3926831      34784.3764331
  29 2033          0.4153223     132935.9953806      34666.6062631
  29 2035          0.4182471     132951.2019264      34620.5860562
  29 2037          0.4036230     132620.9788977      34253.3673512
  29 2039          0.4182471     132994.3304836      34644.7831154
  29 2041          0.4153223     133254.6208800      34772.5866394
  29 2043          0.4094727     132942.9520492      34566.4206262
  30 2019          0.3977734     136392.5838463      35073.3778269
  30 2021          0.4006982     136334.6048895      34834.0142529
  30 2023          0.4211719     136057.7506694      35469.9334165
  30 2025          0.4153223     135879.3240121      35594.9887740
  30 2027          0.3977734     135853.2789867      34849.6318507
  30 2029          0.4065479     136259.9598882      34959.4449918
  30 2031          0.4211719     135848.8569239      35592.4653828
  30 2033          0.4094727     136482.8923710      35569.9678330
  30 2035          0.3948486     135969.7003371      34955.5931587
  30 2037          0.4094727     135999.0834638      35039.8107069
  30 2039          0.4094727     136549.4393966      35404.2226221
  30 2041          0.4006982     136409.8501375      35378.6990118
  30 2043          0.3860742     136609.1272561      34560.4936121
  31 2019          0.3977734     127868.4969385      32881.4073229
  31 2021          0.3977734     127924.1574931      32571.7024167
  31 2023          0.4065479     127559.4067976      32905.4677903
  31 2025          0.3919238     127864.4823554      32432.9322444
  31 2027          0.4182471     127854.1219351      33411.2917285
  31 2029          0.4065479     127781.6332795      33251.9314917
  31 2031          0.4094727     127464.8747735      33072.9486243
  31 2033          0.3919238     127865.4256234      32513.5575505
  31 2035          0.4123975     127665.8427033      33021.4162905
  31 2037          0.4299463     127724.5499318      33552.6175730
  31 2039          0.4153223     127512.9057748      33352.3245956
  31 2041          0.4123975     127722.6430205      33323.8680175
  31 2043          0.4094727     128050.5915945      33088.1973086
  32 2019          0.3977734     134551.0933413      34599.8382074
  32 2021          0.3977734     134266.0870745      34250.6169443
  32 2023          0.4211719     134099.1508970      34877.8517219
  32 2025          0.4094727     134081.9849585      34728.7480925
  32 2027          0.3948486     134359.8424787      34279.3323573
  32 2029          0.4123975     134584.3679347      34687.9032971
  32 2031          0.4270215     134464.2855490      35163.3039609
  32 2033          0.4094727     134683.3783143      34820.1164321
  32 2035          0.4153223     134077.9674295      34950.1261017
  32 2037          0.4270215     134139.9194805      35263.0985200
  32 2039          0.4182471     134374.6722180      35084.7259759
  32 2041          0.4094727     134575.8148021      34660.3784978
  32 2043          0.4123975     134374.5618010      34902.7690053
  33 2019          0.3977734     131303.3083296      33764.6696990
  33 2021          0.4123975     130911.9015656      34068.4102067
  33 2023          0.4065479     131139.2488297      33924.8378891
  33 2025          0.4094727     131119.8365722      34127.9958188
  33 2027          0.4006982     131105.3937605      33732.3966191
  33 2029          0.4065479     131235.5100315      33836.1920958
  33 2031          0.4006982     131363.8270686      33782.1486713
  33 2033          0.4094727     131309.0112534      34072.1031600
  33 2035          0.4065479     131099.1190620      33948.0649746
  33 2037          0.4182471     131113.7957875      34182.4611725
  33 2039          0.4036230     131280.1514098      34053.2466417
  33 2041          0.3977734     131349.0680160      33504.7631647
  33 2043          0.4153223     131499.3532869      34253.8387390
  34 2019          0.3977734     128782.0488687      33116.3273685
  34 2021          0.3889990     128933.3212610      32387.8718249
  34 2023          0.4182471     128824.8733446      33298.5422012
  34 2025          0.4153223     128464.4158259      33426.4104773
  34 2027          0.4240967     128430.4407697      33641.2981757
  34 2029          0.4182471     128579.4149623      33662.5397069
  34 2031          0.4094727     128983.2952591      33653.3478657
  34 2033          0.4094727     128905.4751769      33597.0257153
  34 2035          0.3743750     128335.2054268      31985.3532809
  34 2037          0.3977734     128832.7397618      32672.9000611
  34 2039          0.4211719     128717.5705566      33470.1343417
  34 2041          0.4270215     128885.7994615      33768.1510723
  34 2043          0.4036230     128527.0211510      33285.5354823
  35 2019          0.3977734     126365.0925810      32494.8066180
  35 2021          0.3948486     126116.3494025      31905.3736909
  35 2023          0.4065479     126028.2929823      32394.1554109
  35 2025          0.4006982     126307.7649908      32262.4323270
  35 2027          0.4006982     126247.4005714      32266.3244061
  35 2029          0.4240967     126062.2839204      32928.6638475
  35 2031          0.4387207     126278.5170232      33285.3460881
  35 2033          0.4153223     126152.6292713      32880.8646401
  35 2035          0.4094727     126242.7308435      32536.4272908
  35 2037          0.4182471     126290.0278534      32963.0692169
  35 2039          0.4153223     126271.8915407      32937.7387246
  35 2041          0.4211719     126465.5705514      32968.1544376
  35 2043          0.4211719     125901.8603093      33054.2371455
  36 2019          0.3977734     130206.3266812      33482.5806679
  36 2021          0.3919238     129693.1591867      32867.4070586
  36 2023          0.4240967     129840.9725354      33814.4524187
  36 2025          0.4123975     130226.4535580      33765.9051527
  36 2027          0.4211719     130130.9090572      33983.6476976
  36 2029          0.4153223     130134.4829881      33966.5029446
  36 2031          0.4123975     129965.5968469      33888.0810685
  36 2033          0.4036230     129784.1805882      33468.2914145
  36 2035          0.4182471     130216.2210728      33900.5249068
  36 2037          0.4006982     130237.6601093      33702.1250692
  36 2039          0.4036230     130016.9067243      33703.6502745
  36 2041          0.3948486     129769.2713433      33131.5469373
  36 2043          0.3977734     129700.0107078      33330.2782692
  37 2019          0.3977734     132234.8435655      34004.2141549
  37 2021          0.3977734     132313.4419589      33791.7893271
  37 2023          0.4094727     132089.2646686      34053.8990845
  37 2025          0.4182471     131976.9395034      34368.3574931
  37 2027          0.3919238     131903.2617836      33712.0218776
  37 2029          0.4094727     132300.3409544      34372.4197756
  37 2031          0.4153223     131922.9250533      34493.1895632
  37 2033          0.4094727     132041.4629339      34482.3388970
  37 2035          0.4094727     132069.1275425      34435.5123030
  37 2037          0.4123975     131862.7770891      34273.6211531
  37 2039          0.4153223     131729.5778002      34290.3052679
  37 2041          0.3977734     132254.2414274      33948.6724486
  37 2043          0.4094727     132107.4352075      34062.4157264
  38 2019          0.3977734     131954.3039964      33932.0733535
  38 2021          0.3977734     131880.6089112      33635.4072823
  38 2023          0.4123975     132008.4394378      34120.0988090
  38 2025          0.4065479     131843.5327993      33955.0109010
  38 2027          0.4036230     131801.5717401      33822.5245587
  38 2029          0.4211719     131938.3413313      34484.6209834
  38 2031          0.4153223     131586.5944796      34490.2049930
  38 2033          0.3977734     131985.4348286      33918.0125042
  38 2035          0.4153223     131514.9477894      34288.5291327
  38 2037          0.4094727     131592.6954407      34071.4090079
  38 2039          0.4036230     131844.7008430      34135.1013477
  38 2041          0.4123975     132009.3773644      34263.5449806
  38 2043          0.4182471     131859.8012185      34457.1303762
  39 2019          0.3977734     129217.2448670      33228.2380989
  39 2021          0.3948486     128883.5858411      32727.4703628
  39 2023          0.4065479     128887.0403701      33124.8515177
  39 2025          0.4182471     129025.0390843      33704.7081963
  39 2027          0.4123975     129069.4250439      33705.9590151
  39 2029          0.3948486     129147.6035708      33099.8970658
  39 2031          0.4153223     128961.2995205      33502.6234562
  39 2033          0.4153223     128767.7364320      33611.1172770
  39 2035          0.4153223     129138.4114620      33701.2630179
  39 2037          0.4182471     129158.0887841      33616.9733337
  39 2039          0.4153223     128801.5299124      33503.7414190
  39 2041          0.4153223     129190.8371973      33617.2328844
  39 2043          0.4094727     129409.5274474      33434.4807669
  40 2019          0.3977734     127426.1076180      32767.6468284
  40 2021          0.3919238     127136.2868514      32251.0802848
  40 2023          0.4240967     127108.4894358      33214.7615036
  40 2025          0.3977734     127047.2533648      32496.2733932
  40 2027          0.4270215     126990.1340076      33391.2147628
  40 2029          0.4153223     126965.2134781      33318.8269730
  40 2031          0.4094727     127104.3241742      32938.7903512
  40 2033          0.4153223     127529.4428070      33082.5884557
  40 2035          0.4153223     127573.0289163      33168.7646377
  40 2037          0.4094727     127367.5045316      32997.6524876
  40 2039          0.4123975     127227.3033440      33008.9893674
  40 2041          0.3889990     126978.1426339      32177.7059632
  40 2043          0.4182471     127276.3481090      32976.2181496
  41 2019          0.3977734     129677.6174932      33346.6230037
  41 2021          0.3977734     129375.8849824      33104.2953278
  41 2023          0.4065479     129410.1390458      33426.1277034
  41 2025          0.4211719     129342.5792419      33912.2735421
  41 2027          0.3977734     129842.7986050      33322.1241973
  41 2029          0.4065479     129410.5445423      33350.9150603
  41 2031          0.4065479     129551.8336969      33445.0266308
  41 2033          0.4182471     129554.8015049      33783.2098756
  41 2035          0.4094727     129616.8335350      33531.3418764
  41 2037          0.3919238     129868.9583959      32890.7134236
  41 2039          0.4094727     129681.7451087      33524.9274377
  41 2041          0.4153223     129401.0936519      33791.0677325
  41 2043          0.4123975     129682.1930444      33746.1129623
  42 2019          0.3977734     130468.8829446      33550.0970589
  42 2021          0.3977734     130468.1103402      33346.2699785
  42 2023          0.4094727     130460.9491980      33691.1253367
  42 2025          0.4270215     130116.0536706      34077.6617140
  42 2027          0.4153223     130127.1252713      33933.4781751
  42 2029          0.4123975     130421.1934347      33905.4846909
  42 2031          0.4211719     130202.8366120      34059.9522321
  42 2033          0.4094727     130137.9844540      34015.3160465
  42 2035          0.4094727     130580.7936752      33864.5883168
  42 2037          0.4211719     130028.8961655      34049.0964944
  42 2039          0.4094727     130481.9472414      33903.6206345
  42 2041          0.4094727     130030.8650300      33690.5694217
  42 2043          0.3977734     130437.2382419      33557.6346721
  43 2019          0.3977734     136921.2930342      35209.3354910
  43 2021          0.3948486     136686.8880907      34881.7911383
  43 2023          0.4094727     136911.4780074      35315.1028723
  43 2025          0.4211719     136389.8490432      35775.6012313
  43 2027          0.4182471     136876.4728880      35699.4664422
  43 2029          0.4182471     136897.5452114      35580.6651153
  43 2031          0.4182471     136719.5936761      35659.5319920
  43 2033          0.4123975     136652.9513586      35296.0100742
  43 2035          0.4182471     136574.5114808      35721.0915210
  43 2037          0.4123975     136814.4902275      35649.1227110
  43 2039          0.4153223     137069.4953764      35620.3001094
  43 2041          0.4211719     136401.1552387      35732.4641798
  43 2043          0.3919238     136468.0250916      34788.7514228
  44 2019          0.3977734     128188.5997802      32963.7218271
  44 2021          0.3889990     127888.8672147      32314.8615527
  44 2023          0.4153223     127853.2107924      33058.7587849
  44 2025          0.4123975     128122.7665365      33252.2856310
  44 2027          0.4153223     127802.4400364      33177.8477046
  44 2029          0.4240967     128192.5749730      33536.7079393
  44 2031          0.4211719     128152.0989778      33598.5012456
  44 2033          0.4153223     128093.8651556      33351.3373902
  44 2035          0.4123975     127914.7199086      33259.2757672
  44 2037          0.4153223     128004.2236327      33183.6481159
  44 2039          0.4240967     128204.7857678      33524.1249810
  44 2041          0.4240967     128013.9561925      33560.8474061
  44 2043          0.4211719     128239.4034749      33570.1964414
  45 2019          0.3977734     127555.5874191      32800.9425829
  45 2021          0.3977734     127059.9510526      32537.8841319
  45 2023          0.4153223     127666.2146402      33267.3896805
  45 2025          0.3919238     127649.2253641      32517.5018277
  45 2027          0.4153223     127057.1016674      33116.8891923
  45 2029          0.4123975     127597.8199782      33082.2406365
  45 2031          0.4123975     127313.1994008      33145.7330150
  45 2033          0.4006982     127526.5552054      32650.2146461
  45 2035          0.4182471     127318.9787233      33303.1480994
  45 2037          0.4065479     127601.9554722      33110.9006434
  45 2039          0.4094727     127728.7340721      33106.0414235
  45 2041          0.4240967     127473.2329278      33453.1782218
  45 2043          0.4153223     127545.6481105      33338.2930096
  46 2019          0.3977734     130112.8134914      33458.5337341
  46 2021          0.3977734     129765.1254588      33150.5229336
  46 2023          0.4065479     129956.2708196      33493.1814946
  46 2025          0.4211719     129667.5131235      33953.6401758
  46 2027          0.4006982     130218.9760596      33560.6739708
  46 2029          0.4065479     130176.6599981      33454.5700676
  46 2031          0.4153223     129734.6163328      33829.0804314
  46 2033          0.4065479     129838.8757739      33620.3568141
  46 2035          0.4094727     129788.3121330      33701.4341004
  46 2037          0.4182471     130048.3949119      33973.1035879
  46 2039          0.4065479     129867.1060238      33811.8599239
  46 2041          0.3977734     129850.6077092      33356.6271296
  46 2043          0.3977734     129958.3681858      33209.9669742
  47 2019          0.3977734     128688.5356790      33092.2804347
  47 2021          0.3948486     128809.7517725      32746.1425271
  47 2023          0.4211719     128468.5145433      33476.3804538
  47 2025          0.4123975     128420.8095864      33395.2780708
  47 2027          0.4123975     128699.5367715      33328.9517549
  47 2029          0.4153223     128381.9752517      33467.3262946
  47 2031          0.4094727     128688.8277404      33263.1242941
  47 2033          0.4270215     128521.3153417      33765.1992334
  47 2035          0.4123975     128538.0634837      33625.2031838
  47 2037          0.4006982     128783.2343398      33326.0171743
  47 2039          0.4036230     128187.8344032      33035.5145076
  47 2041          0.4006982     128293.4557320      32998.5217765
  47 2043          0.4123975     128740.3804963      33500.0412785
  48 2019          0.3977734     132317.5667718      34025.4864425
  48 2021          0.3977734     132203.8511869      33692.1649935
  48 2023          0.4270215     132531.1636288      34498.9792695
  48 2025          0.4036230     132043.0441098      34130.9933342
  48 2027          0.4006982     132155.4449213      33841.7967326
  48 2029          0.4211719     131901.9573030      34511.1058047
  48 2031          0.4211719     131938.0133404      34548.6820230
  48 2033          0.4123975     132298.9087348      34443.2759483
  48 2035          0.4036230     132251.0350669      34244.0405200
  48 2037          0.4094727     132342.4380686      34221.2533337
  48 2039          0.4065479     132204.8728451      34218.3805936
  48 2041          0.4240967     132052.9120758      34599.2854222
  48 2043          0.4065479     132034.9574874      34357.6067601
  49 2019          0.3977734     127598.7473528      32812.0411678
  49 2021          0.3831494     127373.0164154      31894.7458947
  49 2023          0.4211719     127308.8662893      33021.7635941
  49 2025          0.4270215     127504.2082845      33441.7623848
  49 2027          0.4065479     127494.2118283      32941.9712649
  49 2029          0.4182471     127398.4183884      33339.1581403
  49 2031          0.4006982     127441.0212417      32848.9530970
  49 2033          0.4094727     127180.0113117      33007.7335273
  49 2035          0.4094727     127266.7746996      33122.5212463
  49 2037          0.4094727     127593.2289544      33018.5016702
  49 2039          0.4036230     127754.9073313      32722.5369800
  49 2041          0.4211719     127708.2069140      33108.7111251
  49 2043          0.4182471     127377.5017006      33144.8050433
  50 2019          0.3977734     130727.8425468      33616.6885679
  50 2021          0.4036230     130259.3550382      33408.2864762
  50 2023          0.4094727     130933.5072044      33856.6351704
  50 2025          0.4006982     130338.4850904      33593.0792691
  50 2027          0.4153223     130558.1802166      34017.9546721
  50 2029          0.4182471     130612.7853972      34197.0130350
  50 2031          0.4036230     130633.6004870      33601.1188478
  50 2033          0.4211719     130364.4827935      34122.9767176
  50 2035          0.4065479     130538.6935864      33863.1463258
  50 2037          0.4240967     130461.7815924      34127.7576515
  50 2039          0.4211719     130676.1062079      34084.8990448
  50 2041          0.4153223     130808.9544218      34083.1419992
  50 2043          0.4211719     130224.7585194      34209.9130236
