FL 2019 2020 2021 2022 2023 2024 2025 2026 2027 2028 2029 2030 2031 2032 2033 2034 2035 2036 2037 2038 2039 2040 2041 2042 2043 2044 2045
 1    4109.00    1983.83    1983.83    3501.50    3501.50   15237.22   15237.22   38274.85   38274.85   30267.01   30267.01    8581.65    8581.65   11950.09   11950.09   13725.56   13725.56    8382.53    8382.53    2972.05    2972.05    5747.28    5747.28   15689.52   15689.52   31482.99   31482.99
 2     783.00     377.87     377.87     666.95     666.95    2902.33    2902.33    7290.45    7290.45    5765.14    5765.14    1634.60    1634.60    2276.21    2276.21    2614.39    2614.39    1596.67    1596.67     566.10     566.10    1094.72    1094.72    2988.48    2988.48    5996.76    5996.76
 3    3537.00    5839.58    8078.14   13054.90   15083.09   31934.73   31896.89   63785.59   39295.25   21386.07   16134.72   12012.68   12945.39   14826.07    9459.09   10550.54    8917.92    9820.97    7362.47    8371.41   12249.29   15799.05   15287.53   20431.00   21819.68   24068.54   19142.97
 4    1379.00    3056.09    3110.61    5623.35   10377.43    7865.73    4984.43    5150.30    3077.45    2531.98    2538.53    4079.58    2927.41    2298.52    2124.08    3471.68    2251.24    2006.29    2496.55    4568.63    4809.49    5273.85    4601.01    8217.32    6594.99    3884.18    2625.46
 1    4109.00    2048.51    2048.51    5654.42    5654.42    8227.76    8227.76   12178.78   12178.78   13149.44   13149.44    7251.09    7251.09    7528.29    7528.29    6896.74    6896.74   10110.87   10110.87   54453.17   54453.17   26449.50   26449.50    8078.07    8078.07    3481.17    3481.17
 2     783.00     390.19     390.19    1077.03    1077.03    1567.19    1567.19    2319.77    2319.77    2504.66    2504.66    1381.16    1381.16    1433.96    1433.96    1313.66    1313.66    1925.88    1925.88   10372.03   10372.03    5038.00    5038.00    1538.68    1538.68     663.08     663.08
 3    3537.00    4799.14    7209.17   11503.51   12694.69   15305.73   20303.91   18224.69   17345.27   19529.75   19875.71   13645.47   14367.36   17254.69   18671.22   19282.88   17930.62   30044.81   34074.07   32083.16   24267.13   15442.14   14954.49    7233.36    6481.09    6897.68    9338.38
 4    1379.00    2349.90    3047.61    3296.53    3410.35    3979.17    4122.06    3308.83    4013.56    5112.49    4456.87    3849.22    3634.62    4337.58    4246.53    5214.47    9279.59    9513.87    7350.87    4011.80    3263.95    2950.05    2101.41    1751.00    2073.41    1864.37    2201.31
 1    4109.00    3005.31    3005.31    5133.28    5133.28   24752.57   24752.57   12443.51   12443.51    9197.03    9197.03   11831.82   11831.82    6044.81    6044.81   14951.71   14951.71   14907.35   14907.35   12828.35   12828.35   19746.80   19746.80    8675.90    8675.90   13229.37   13229.37
 2     783.00     572.44     572.44     977.77     977.77    4714.78    4714.78    2370.19    2370.19    1751.82    1751.82    2253.68    2253.68    1151.39    1151.39    2847.94    2847.94    2839.50    2839.50    2443.50    2443.50    3761.30    3761.30    1652.55    1652.55    2519.88    2519.88
 3    3537.00    5381.12    7918.25   16559.18   23298.24   25093.64   19107.78   13445.45   14788.71   13268.17   11617.90   11370.10   12470.05   11533.34   10500.04   15339.33   12132.47   13202.88   13192.25   15250.16   15238.18    9435.00    7903.26    8154.10   13757.47   20681.73   21450.41
 4    1379.00    2527.71    3819.19    4004.56    3491.13    3324.89    3401.89    3022.03    2822.50    2988.57    2649.38    3622.74    3973.32    2939.23    3323.30    4020.16    3608.87    4002.87    4094.26    2941.48    2413.53    2331.73    2987.28    4561.51    6344.36    5553.93    3667.63
 1    4109.00     973.90     973.90    6216.21    6216.21    7674.28    7674.28    5194.27    5194.27    5913.60    5913.60   10048.04   10048.04   12590.89   12590.89   16693.91   16693.91   26204.64   26204.64   17771.75   17771.75   22787.23   22787.23   23594.34   23594.34   11232.61   11232.61
 2     783.00     185.50     185.50    1184.04    1184.04    1461.77    1461.77     989.38     989.38    1126.40    1126.40    1913.91    1913.91    2398.26    2398.26    3179.79    3179.79    4991.36    4991.36    3385.10    3385.10    4340.42    4340.42    4494.16    4494.16    2139.54    2139.54
 3    3537.00    5355.08    8392.03   18102.88   18750.76   14361.34   13576.11   14521.52   16047.56   24441.85   34211.30   22917.92   24970.27   31953.89   30041.22   24002.31   21174.06   29469.93   26976.99   29525.74   30065.84   28797.97   26807.52   22608.22   19548.59   13269.12   12103.43
 4    1379.00    2606.53    3448.54    3152.95    2787.45    2413.44    2929.64    5266.95    8075.95    8831.59    8570.95    5518.54    4184.99    4319.19    4322.44    3289.86    3465.74    3528.81    3961.62    4172.82    5803.69    4064.94    2686.93    2134.86    2338.93    2158.77    2307.75
 1    4109.00    1834.60    1834.60    4028.64    4028.64   17926.52   17926.52   45987.02   45987.02   44088.66   44088.66    7887.26    7887.26    5612.84    5612.84   23283.41   23283.41   21150.82   21150.82    8717.02    8717.02   22999.28   22999.28   21063.97   21063.97    3620.69    3620.69
 2     783.00     349.45     349.45     767.36     767.36    3414.58    3414.58    8759.43    8759.43    8397.84    8397.84    1502.34    1502.34    1069.11    1069.11    4434.94    4434.94    4028.73    4028.73    1660.38    1660.38    4380.82    4380.82    4012.18    4012.18     689.66     689.66
 3    3537.00    4893.96    7450.63   11684.23   14474.87   24813.65   24680.83   29324.69   28587.83   27368.68   21151.59    5417.57    6875.46   14453.05   18939.83   19575.71   17056.04   14823.90   12170.08   16500.36   19011.66   16908.57   12936.10    8454.20    5543.86    2631.70    4088.00
 4    1379.00    2498.79    3169.07    4823.20    6467.10    3873.56    4151.95    3978.73    4844.56    3575.61    2162.64    2531.07    5368.29    5811.62    5554.28    4173.17    3181.72    2741.97    4761.66    5588.35    4147.07    3235.34    2634.60    1718.49    1697.00    2512.84    3410.53
 1    4109.00    3351.81    3351.81    7609.14    7609.14   13494.10   13494.10   10195.42   10195.42   14979.43   14979.43    7847.99    7847.99   10366.36   10366.36   13859.08   13859.08    9354.58    9354.58    4484.63    4484.63    8450.90    8450.90   23162.37   23162.37    6006.46    6006.46
 2     783.00     638.44     638.44    1449.36    1449.36    2570.30    2570.30    1941.98    1941.98    2853.22    2853.22    1494.86    1494.86    1974.54    1974.54    2639.82    2639.82    1781.82    1781.82     854.22     854.22    1609.70    1609.70    4411.88    4411.88    1144.09    1144.09
 3    3537.00    5387.13    8263.67   15511.94   15780.92   14532.06   13900.05   11525.56   16082.02   27807.06   25153.27   15536.67   15563.33   13009.65   13407.88   14704.03   13368.73   13960.04   12006.71    9051.70    9901.62   12590.96   19077.94   25627.84   20754.14   12743.40   16879.80
 4    1379.00    2578.41    3494.28    3502.89    2955.09    2275.95    3002.21    5231.37    6403.96    3442.04    2316.89    2214.03    2821.39    3108.02    3020.38    2736.11    2237.17    1891.90    2071.36    2600.28    3971.09    5302.46    4957.03    2844.57    3911.04    5178.26    4741.79
 1    4109.00    3241.39    3241.39    3196.12    3196.12    6553.93    6553.93    6897.66    6897.66    6502.19    6502.19    5144.37    5144.37    4872.25    4872.25   22485.54   22485.54    8896.73    8896.73    5502.88    5502.88   12231.91   12231.91   31144.35   31144.35   20719.31   20719.31
 2     783.00     617.41     617.41     608.78     608.78    1248.37    1248.37    1313.84    1313.84    1238.51    1238.51     979.88     979.88     928.05     928.05    4282.96    4282.96    1694.62    1694.62    1048.17    1048.17    2329.89    2329.89    5932.26    5932.26    3946.54    3946.54
 3    3537.00    5021.68    8379.39   10151.10   15270.47   16958.09   14068.96   13299.11   10839.76   10060.66    9375.10   12331.22   16092.32   19082.32   19577.87   23563.38   17682.60   11883.38   11611.98   16464.23   24147.68   27277.59   28798.65   30683.42   27582.51   21253.82   18313.60
 4    1379.00    2443.86    3800.93    4149.37    3992.61    2273.23    2001.94    1807.99    1457.11    1384.08    1910.60    2760.32    2748.88    2074.36    1702.61    2545.42    1796.38    2763.26    5900.75    8552.45    8163.12    6284.53    5833.28    4568.47    3845.84    1940.36    1658.85
 1    4109.00     541.00     541.00    1271.89    1271.89    5182.72    5182.72   23317.60   23317.60   17303.75   17303.75   38321.98   38321.98   18639.85   18639.85    7297.29    7297.29   25045.48   25045.48   65931.10   65931.10   38767.35   38767.35    7448.83    7448.83    6005.08    6005.08
 2     783.00     103.05     103.05     242.26     242.26     987.18     987.18    4441.45    4441.45    3295.95    3295.95    7299.42    7299.42    3550.45    3550.45    1389.96    1389.96    4770.57    4770.57   12558.30   12558.30    7384.26    7384.26    1418.82    1418.82    1143.82    1143.82
 3    3537.00    4987.85    7848.97   12393.14   13433.60    9708.95   10209.50   31241.70   32736.70   33886.20   40249.16   20320.28   18240.69   17459.51   15738.45    9094.08   11104.24   30840.82   32593.61   21651.35   19757.59   21280.37   16755.97    9141.14   10875.49    9992.52   16373.28
 4    1379.00    2576.32    2991.30    2158.47    1994.09    3225.88    5504.75    6295.71    7458.96    6107.07    5369.31    2833.81    2149.20    2432.01    2334.89    4401.64   10308.54    7794.64    5941.99    4376.21    2960.12    2315.42    2200.75    2320.75    3081.80    5346.96    8471.18
 1    4109.00    3120.35    3120.35   10409.78   10409.78   12024.94   12024.94    3636.86    3636.86   14773.84   14773.84   28914.73   28914.73   18721.16   18721.16    8461.07    8461.07    3828.13    3828.13    4929.54    4929.54    6332.17    6332.17    8874.10    8874.10   23787.46   23787.46
 2     783.00     594.35     594.35    1982.82    1982.82    2290.46    2290.46     692.74     692.74    2814.06    2814.06    5507.57    5507.57    3565.94    3565.94    1611.63    1611.63     729.17     729.17     938.96     938.96    1206.13    1206.13    1690.30    1690.30    4530.94    4530.94
 3    3537.00    5395.25    8100.15   14186.14   14574.34   13248.91   14031.77   13034.24   20674.97   39272.84   42023.34   43763.12   33998.58   25509.68   20569.08   11621.17    9715.18    7132.04    9550.28   12697.45   12986.17   13420.16   16564.21   13974.72   23856.93   42058.65   43559.38
 4    1379.00    2713.92    3111.61    2546.20    2973.05    2797.12    3592.85    7395.91    9904.25    6861.11    4860.31    4496.32    3861.47    2574.98    1797.21    1965.86    2208.59    2800.98    2867.05    3413.79    4245.00    3519.18    6575.87   13385.59   12702.86    5294.22    3944.23
 1    4109.00    3203.05    3203.05    4509.12    4509.12    8910.13    8910.13   10664.35   10664.35    8622.77    8622.77    7909.90    7909.90    7960.26    7960.26   10119.19   10119.19   23542.13   23542.13   19556.46   19556.46   18978.96   18978.96    4555.32    4555.32    6528.52    6528.52
 2     783.00     610.10     610.10     858.88     858.88    1697.17    1697.17    2031.30    2031.30    1642.43    1642.43    1506.65    1506.65    1516.24    1516.24    1927.46    1927.46    4484.22    4484.22    3725.04    3725.04    3615.04    3615.04     867.68     867.68    1243.53    1243.53
 3    3537.00    4844.47    7472.50   11588.82   18198.04   22980.04   19850.63   14076.08   13105.35   14115.19   14979.04   16436.31   14436.81   18759.38   26301.94   25880.72   30884.64   36852.50   30541.27   26846.56   18145.02   11121.23   11103.71    5347.86    6645.36   11185.62   13266.43
 4    1379.00    2467.21    3822.23    4781.19    3662.55    2239.51    2001.91    2223.58    2088.85    2869.57    2832.95    2352.10    2384.23    4905.62    5985.65    6208.00    5471.96    4336.34    2755.27    2223.56    2184.44    1543.92    1327.67    2177.19    3249.28    3246.07    3168.66
 1    4109.00    1403.09    1403.09    3142.99    3142.99    7730.65    7730.65   13963.49   13963.49   12813.11   12813.11    8234.69    8234.69   25245.99   25245.99   25150.36   25150.36   24862.99   24862.99   12731.80   12731.80   17359.19   17359.19    9608.68    9608.68   12869.93   12869.93
 2     783.00     267.26     267.26     598.66     598.66    1472.50    1472.50    2659.71    2659.71    2440.59    2440.59    1568.51    1568.51    4808.76    4808.76    4790.54    4790.54    4735.81    4735.81    2425.10    2425.10    3306.51    3306.51    1830.22    1830.22    2451.42    2451.42
 3    3537.00    4999.75    8316.89   13925.06   16611.35   15566.98   15928.33   30964.43   28583.60   15781.70   15955.67   12195.27   18509.53   30343.12   29169.99   26450.93   29326.08   27384.59   27981.11   21002.62   18238.38   21025.47   19013.29   10123.62    9116.04   10969.06   10035.45
 4    1379.00    2569.34    3333.63    3303.38    3664.57    4414.36    5244.91    3470.64    2810.94    2223.58    2740.91    6866.71    7798.12    4840.03    4674.92    4074.81    4094.69    4370.95    3557.91    3152.73    2605.72    2954.71    3092.08    2500.57    2158.61    2806.78    4857.69
 1    4109.00    2231.00    2231.00    5453.45    5453.45   12539.60   12539.60   14987.28   14987.28    9601.75    9601.75    7505.19    7505.19   20147.36   20147.36   35173.91   35173.91   24626.91   24626.91    7887.73    7887.73   14673.12   14673.12   27486.69   27486.69   38651.85   38651.85
 2     783.00     424.95     424.95    1038.75    1038.75    2388.50    2388.50    2854.72    2854.72    1828.90    1828.90    1429.56    1429.56    3837.59    3837.59    6699.79    6699.79    4690.84    4690.84    1502.42    1502.42    2794.88    2794.88    5235.56    5235.56    7362.26    7362.26
 3    3537.00    5051.70    8176.93   10393.20   12607.03   16222.92   13744.83   10997.37   10012.72    9919.76   10444.48   15891.00   22807.34   31757.49   32499.30   39005.91   30493.26   19102.47   19622.75   10692.29   14693.29   23720.20   23984.01   27564.50   36721.17   42794.09   38679.38
 4    1379.00    2526.70    3640.13    3997.65    3763.40    2336.05    1958.52    2107.84    2935.65    3341.12    5873.96    8297.35   10812.76    4621.05    3694.64    3647.81    3296.95    3796.71    3296.24    4974.42    5183.01    4095.64    5876.58    9570.78    7537.98    7049.26    5662.62
 1    4109.00    2383.00    2383.00    3051.97    3051.97    5633.17    5633.17    5667.82    5667.82   13002.99   13002.99   11205.81   11205.81   11076.45   11076.45    5565.71    5565.71    9549.54    9549.54    8019.86    8019.86   11034.41   11034.41   18413.47   18413.47   14602.43   14602.43
 2     783.00     453.90     453.90     581.33     581.33    1072.98    1072.98    1079.58    1079.58    2476.76    2476.76    2134.44    2134.44    2109.80    2109.80    1060.14    1060.14    1818.96    1818.96    1527.59    1527.59    2101.79    2101.79    3507.33    3507.33    2781.42    2781.42
 3    3537.00    3959.84    6917.98   12856.54   13871.83   14350.21   17708.52   21023.36   19553.69   15741.11   10414.59   12319.93   11091.51   12508.31   10470.29    7361.22    7980.83   12773.14   20326.34   16998.91   15872.79   14753.41   13492.89   12382.98   10515.18   14846.29   22101.23
 4    1379.00    2001.53    2910.20    3043.62    4849.65    5489.60    4234.29    3492.24    2482.63    1914.07    2224.77    2406.29    2361.57    1942.72    1881.51    2081.62    2516.78    4184.99    3980.20    2549.06    2298.42    2827.49    2880.81    3495.95    5637.73    8011.88    6102.38
 1    4109.00    3375.37    3375.37   10052.66   10052.66   14484.62   14484.62   31554.14   31554.14   18521.12   18521.12   18013.84   18013.84   24569.16   24569.16   13312.99   13312.99    7762.06    7762.06   15958.87   15958.87   40613.50   40613.50   19875.24   19875.24    7452.98    7452.98
 2     783.00     642.93     642.93    1914.79    1914.79    2758.98    2758.98    6010.31    6010.31    3527.83    3527.83    3431.21    3431.21    4679.84    4679.84    2535.81    2535.81    1478.49    1478.49    3039.78    3039.78    7735.90    7735.90    3785.76    3785.76    1419.62    1419.62
 3    3537.00    4511.39    7615.56   15395.70   13343.18   13413.57   18366.59   16757.89   15085.67   16545.53   17079.76   16761.07   20358.09   13322.45   12646.03   13627.30   16588.66   22267.43   21260.48   33323.45   34592.17   34534.78   24682.37   11281.14    9461.17   10477.46    9690.45
 4    1379.00    2471.20    3103.89    2906.27    3024.69    4094.16    4597.89    2472.48    2116.29    3458.71    5159.81    6866.25    5931.90    2383.15    2375.73    3704.40    4936.99    4972.90    7306.40    6986.91    4818.17    3546.15    2480.35    2535.00    2765.03    2863.11    2232.17
 1    4109.00    2770.15    2770.15    5130.05    5130.05    8458.30    8458.30    9569.87    9569.87   10245.31   10245.31    3120.35    3120.35   18140.89   18140.89   13471.00   13471.00   12722.56   12722.56   10493.41   10493.41    8317.39    8317.39    4853.31    4853.31    8355.27    8355.27
 2     783.00     527.65     527.65     977.15     977.15    1611.10    1611.10    1822.83    1822.83    1951.49    1951.49     594.35     594.35    3455.41    3455.41    2565.90    2565.90    2423.34    2423.34    1998.74    1998.74    1584.26    1584.26     924.44     924.44    1591.48    1591.48
 3    3537.00    3875.19    7165.67   13941.73   20382.96   19965.70   17833.00   17097.47   13531.88    9886.09    8943.01    9372.14   20312.23   41411.53   32801.24   20782.37   16394.57   11349.08   10595.31   11739.03   13296.98   16215.21   13801.39   10178.46   10895.07   15145.14   17939.45
 4    1379.00    2045.97    3394.74    4164.98    5086.54    2409.40    1828.95    2206.01    1676.01    1856.61    3937.73    7567.65    7308.58    3697.96    2733.32    2081.25    2145.26    2779.84    3499.88    4017.70    3901.78    3500.30    2837.73    3006.57    3731.88    5393.49    5961.10
 1    4109.00    2597.83    2597.83    3083.39    3083.39   13478.85   13478.85   22598.27   22598.27   19218.28   19218.28   18266.09   18266.09   16861.15   16861.15    9771.30    9771.30   17475.15   17475.15   34171.37   34171.37   46054.47   46054.47   22454.12   22454.12   16208.81   16208.81
 2     783.00     494.82     494.82     587.31     587.31    2567.40    2567.40    4304.43    4304.43    3660.62    3660.62    3479.26    3479.26    3211.65    3211.65    1861.20    1861.20    3328.60    3328.60    6508.83    6508.83    8772.28    8772.28    4276.98    4276.98    3087.39    3087.39
 3    3537.00    4896.92    7982.26   11081.83   10567.73   18727.49   19622.65   27772.47   30167.58   14164.76   17402.62   35564.77   31821.56   15550.69   15881.59   13278.80   18343.40   36856.51   41500.80   46249.63   39950.55   38732.04   25617.65   15907.64   17489.80   20015.67   23232.72
 4    1379.00    2669.70    3093.74    3221.60    3645.46    3535.84    3609.74    4979.38    5043.23    4467.34    4869.94    4587.00    3900.58    4458.10    4692.52    6916.36   14572.81    6762.35    4448.97    3574.04    2518.12    3368.74    4451.78    3194.90    3721.69    7897.25    9879.80
 1    4109.00    3262.64    3262.64    3703.39    3703.39   11957.48   11957.48    9165.16    9165.16    7152.68    7152.68    7805.03    7805.03    9317.15    9317.15   29832.73   29832.73   34669.41   34669.41   29596.18   29596.18   33176.22   33176.22    8466.61    8466.61    5431.73    5431.73
 2     783.00     621.46     621.46     705.41     705.41    2277.62    2277.62    1745.74    1745.74    1362.42    1362.42    1486.67    1486.67    1774.70    1774.70    5682.42    5682.42    6603.70    6603.70    5637.37    5637.37    6319.28    6319.28    1612.69    1612.69    1034.62    1034.62
 3    3537.00    5069.05    7917.29    9608.00   12897.16   19487.49   17325.88   16974.70   16234.74   15378.10   17598.08   15388.94   14690.90   20276.66   34582.88   41930.12   33511.15   28987.13   28607.17   22977.78   20392.59   19756.17   15914.92    7779.58    6814.64    8231.90   11551.10
 4    1379.00    2215.18    3368.77    3831.40    4859.93    3603.99    2599.56    3574.66    4224.55    4360.43    4355.59    4009.51    6456.93   12332.84   10716.65    4700.41    3941.63    4639.42    4677.35    3316.26    2276.69    2214.75    1728.52    2171.78    3604.33    3521.39    3013.67
 1    4109.00    1898.82    1898.82    4914.29    4914.29    9341.18    9341.18   23866.92   23866.92   16874.55   16874.55    8635.24    8635.24   15292.20   15292.20    9810.11    9810.11   12173.24   12173.24   16690.21   16690.21   15458.52   15458.52   23603.12   23603.12   15877.55   15877.55
 2     783.00     361.68     361.68     936.06     936.06    1779.27    1779.27    4546.08    4546.08    3214.20    3214.20    1644.81    1644.81    2912.80    2912.80    1868.59    1868.59    2318.71    2318.71    3179.09    3179.09    2944.48    2944.48    4495.83    4495.83    3024.30    3024.30
 3    3537.00    5421.23    8755.82   17770.55   22089.38   18166.86   22365.60   31255.96   23529.09   11944.19   11543.76   12344.21   14698.90   12887.34   16155.48   13693.53   13738.91   19929.80   17710.15   26103.63   33752.48   24397.25   22952.35   25076.10   19325.92   20287.06   22586.29
 4    1379.00    2789.41    3955.51    5475.72    4590.22    6158.86    6296.86    2374.88    1685.93    2403.39    3743.25    4065.30    3807.90    4574.08    5277.21    4657.08    4012.66    4359.45    5526.24    8865.32    6990.99    3571.45    2513.33    2568.83    2948.64    7889.62    7393.91
 1    4109.00    2561.79    2561.79   14228.21   14228.21    7196.57    7196.57   10388.53   10388.53    7063.52    7063.52    5880.80    5880.80    9819.35    9819.35    6120.11    6120.11    8098.86    8098.86    4950.33    4950.33    7627.16    7627.16    4553.93    4553.93    5801.33    5801.33
 2     783.00     487.96     487.96    2710.14    2710.14    1370.78    1370.78    1978.77    1978.77    1345.43    1345.43    1120.15    1120.15    1870.35    1870.35    1165.74    1165.74    1542.64    1542.64     942.92     942.92    1452.79    1452.79     867.42     867.42    1105.02    1105.02
 3    3537.00    5225.66    8136.84   14561.83   11384.08    9844.92   11850.93    9565.36    8934.18   10119.42   10976.49   12364.81   13317.24   11138.72   10865.49   12797.40   13560.36   14762.04   13181.52   11850.47   12299.07   13738.42   10987.41   10197.49   11502.57   13349.10   16082.08
 4    1379.00    2582.89    3135.33    2027.79    1681.08    1936.11    1771.04    2554.69    2318.73    2191.15    3258.65    3219.08    2494.05    2827.62    3454.29    4049.02    3450.07    3147.61    3198.97    3431.32    2498.56    1854.02    2109.05    3158.91    3697.31    4932.59    5179.91
 1    4109.00    2121.50    2121.50    6249.94    6249.94   13997.21   13997.21   21034.86   21034.86    4110.88    4110.88   11260.79   11260.79   18566.39   18566.39   36745.63   36745.63   45024.21   45024.21   18580.25   18580.25   23420.63   23420.63   10403.32   10403.32    5172.09    5172.09
 2     783.00     404.10     404.10    1190.46    1190.46    2666.14    2666.14    4006.64    4006.64     783.02     783.02    2144.91    2144.91    3536.46    3536.46    6999.17    6999.17    8576.04    8576.04    3539.10    3539.10    4461.07    4461.07    1981.58    1981.58     985.16     985.16
 3    3537.00    4502.06    6606.77   17872.19   23403.30   24536.83   21827.77   25425.57   16508.36    9830.50   21798.79   20379.03   19456.21   23570.30   23543.41   23104.87   21208.86   18565.55   14239.27    7594.32   11494.35   14768.75   13556.86    6423.28    6229.87    6784.57    7673.80
 4    1379.00    2351.59    3534.18    5096.87    5212.77    3843.35    2337.94    2079.80    3787.06    7598.03    8293.39    4964.93    4177.38    6470.46    7862.58    3965.23    3470.88    3000.10    2893.69    4514.67    4319.32    2767.04    2152.93    1906.53    2243.98    2572.69    3973.67
 1    4109.00    2159.85    2159.85    4197.73    4197.73    3254.79    3254.79    6376.52    6376.52    6552.55    6552.55   17832.28   17832.28   24898.57   24898.57   32873.61   32873.61   23382.28   23382.28    9518.12    9518.12    5059.36    5059.36   14784.00   14784.00   13266.79   13266.79
 2     783.00     411.40     411.40     799.57     799.57     619.96     619.96    1214.58    1214.58    1248.10    1248.10    3396.62    3396.62    4742.58    4742.58    6261.64    6261.64    4453.77    4453.77    1812.98    1812.98     963.69     963.69    2816.00    2816.00    2527.01    2527.01
 3    3537.00    5068.77    8403.85   16934.20   18688.10   15098.18   14679.82   17813.67   20256.21   23317.38   26020.28   30430.33   31370.56   27366.62   22276.03   24954.94   16819.30   12251.12    8789.92    7303.43    8918.05   17551.79   17434.21   12960.63   12650.88   16146.16   21549.38
 4    1379.00    2333.94    3186.82    2624.67    2885.49    2863.88    3700.71    4497.38    6500.55    8485.09    6832.16    5677.47    4763.92    4162.41    3293.47    4082.12    2590.38    1852.31    2459.99    3313.57    4771.74    3466.96    2943.45    3360.75    4357.81    6898.33    8587.58
 1    4109.00    2443.98    2443.98    3686.30    3686.30    5922.84    5922.84   20464.29   20464.29    3578.65    3578.65    9843.83    9843.83   21354.10   21354.10   16425.95   16425.95    8348.34    8348.34    9657.65    9657.65   10081.30   10081.30    8283.20    8283.20    6844.07    6844.07
 2     783.00     465.52     465.52     702.15     702.15    1128.16    1128.16    3897.96    3897.96     681.65     681.65    1875.02    1875.02    4067.45    4067.45    3128.75    3128.75    1590.16    1590.16    1839.55    1839.55    1920.25    1920.25    1577.75    1577.75    1303.63    1303.63
 3    3537.00    5319.64    8429.81   11790.10   13797.73   19702.71   18652.61   18455.12   13282.46   12374.12   13794.55   21298.78   21782.07   19749.78   15717.48   16135.84   13645.97    9435.83    9614.37   12483.58   13273.94   14455.21   18004.26   20890.40   18771.89   12757.88   12468.84
 4    1379.00    2500.17    3389.92    3475.13    4198.61    3714.39    2589.74    3580.93    3535.79    3917.33    5467.13    6243.37    4830.99    2533.00    2181.32    2321.09    2310.18    3016.34    2968.53    2863.46    3839.34    5834.92    4923.75    2859.45    2202.35    2350.42    2759.49
 1    4109.00    2033.72    2033.72    9635.01    9635.01   48639.82   48639.82   31671.49   31671.49   30735.48   30735.48   39197.93   39197.93   14386.68   14386.68   27851.67   27851.67   13142.05   13142.05    8538.68    8538.68    4243.01    4243.01   14621.84   14621.84   15029.32   15029.32
 2     783.00     387.38     387.38    1835.24    1835.24    9264.73    9264.73    6032.66    6032.66    5854.38    5854.38    7466.27    7466.27    2740.32    2740.32    5305.08    5305.08    2503.25    2503.25    1626.42    1626.42     808.19     808.19    2785.11    2785.11    2862.73    2862.73
 3    3537.00    5424.07    7089.37   15684.42   22577.98   14836.99   12544.51   25322.10   23347.50   19900.45   20349.01   19837.51   15137.63   13591.02   23078.91   37478.61   36300.06   26046.48   22133.60   18231.68   15660.52   13050.81   14426.38   21151.59   20116.10   13224.76   12019.64
 4    1379.00    2614.26    3650.78    5072.51    4457.45    3060.58    3860.88    4815.98    3377.27    4413.76    4371.75    3894.66    3364.92    5141.66    9376.15    6528.11    4435.81    3200.81    2872.63    2964.72    2726.35    3562.76    4419.26    2814.18    2264.66    2063.98    2751.45
 1    4109.00    2487.87    2487.87    4131.67    4131.67    5129.12    5129.12    6585.35    6585.35    9396.16    9396.16   13683.52   13683.52    7543.07    7543.07    7822.58    7822.58   20565.93   20565.93   87291.21   87291.21   93899.19   93899.19   34277.17   34277.17   14688.37   14688.37
 2     783.00     473.88     473.88     786.98     786.98     976.98     976.98    1254.35    1254.35    1789.74    1789.74    2606.38    2606.38    1436.78    1436.78    1490.02    1490.02    3917.32    3917.32   16626.90   16626.90   17885.56   17885.56    6528.98    6528.98    2797.78    2797.78
 3    3537.00    5758.45    7944.05   15602.38   14750.89    8527.86    9969.79   16561.44   17317.25   15896.71   15157.88   13064.63   11621.91   11160.95   11988.94   23500.16   28450.75   35078.40   43535.54   70553.02   69670.46   35332.06   31631.04   35547.29   26782.09   14057.30   14968.91
 4    1379.00    2758.43    3121.20    2515.59    2221.25    3199.98    3631.89    4328.32    3954.08    3324.52    2723.22    1964.26    2633.41    3860.60    7078.04    6634.62   12594.90   14549.02    9343.40    7824.07    5194.86    3022.36    2620.39    3263.48    4879.36    3278.42    3678.89
 1    4109.00    2287.82    2287.82    4955.87    4955.87   13416.48   13416.48   22802.47   22802.47    5984.75    5984.75    4600.60    4600.60   11319.92   11319.92   16811.72   16811.72   18554.84   18554.84   17106.01   17106.01   16631.08   16631.08   26640.77   26640.77   17128.65   17128.65
 2     783.00     435.78     435.78     943.98     943.98    2555.52    2555.52    4343.33    4343.33    1139.95    1139.95     876.30     876.30    2156.18    2156.18    3202.23    3202.23    3534.26    3534.26    3258.29    3258.29    3167.82    3167.82    5074.43    5074.43    3262.60    3262.60
 3    3537.00    5433.96    8689.41   12125.20   16548.58   24584.15   23179.68   17692.93   12795.77    7304.85    7711.52   12810.26   19648.39   19904.33   19951.38   16999.39   18221.53   25637.56   24607.98   18358.48   15549.75   17741.08   31910.89   25256.87   24375.43   25630.10   18657.67
 4    1379.00    2496.90    3966.68    4905.74    4959.43    4182.79    3288.33    2224.55    1886.38    2624.40    3309.31    5621.50    5861.41    3086.78    2995.68    5986.28    6638.99    3136.98    2826.20    3141.99    4259.62    9490.35    7261.72    3435.55    2703.75    4058.23    3073.09
 1    4109.00    1525.52    1525.52    3449.75    3449.75   14911.05   14911.05    4735.50    4735.50    6182.02    6182.02    6201.43    6201.43   16145.98   16145.98   10200.96   10200.96   12502.18   12502.18   11792.55   11792.55    9062.13    9062.13    9293.13    9293.13    3878.03    3878.03
 2     783.00     290.58     290.58     657.10     657.10    2840.20    2840.20     902.00     902.00    1177.53    1177.53    1181.22    1181.22    3075.42    3075.42    1943.04    1943.04    2381.37    2381.37    2246.20    2246.20    1726.12    1726.12    1770.12    1770.12     738.67     738.67
 3    3537.00    4861.70    8116.61   12009.83   13695.18   14239.48   12177.31   13386.11   17051.47   12419.98   16937.98   16647.84   21930.10   20720.13   18594.28   24134.12   21082.13   24873.42   20280.15   16162.68   15489.62   14205.40   17222.66   11233.35   10963.78   13945.06   13954.04
 4    1379.00    2360.10    3401.51    3682.39    2809.09    1415.28    1900.95    3063.84    3139.99    5067.56    5922.13    7878.81    7304.16    4554.95    3703.21    3514.28    2800.23    4209.23    3786.93    2746.27    2795.93    3049.54    2478.01    2030.26    2687.96    3125.87    2719.57
 1    4109.00    1496.42    1496.42    4038.80    4038.80    9070.91    9070.91    6851.92    6851.92    9136.51    9136.51    7348.11    7348.11    9287.59    9287.59   12179.71   12179.71    8979.43    8979.43    8517.43    8517.43    3067.22    3067.22    6117.80    6117.80   10243.46   10243.46
 2     783.00     285.03     285.03     769.30     769.30    1727.79    1727.79    1305.13    1305.13    1740.29    1740.29    1399.64    1399.64    1769.06    1769.06    2319.94    2319.94    1710.37    1710.37    1622.37    1622.37     584.23     584.23    1165.30    1165.30    1951.14    1951.14
 3    3537.00    5670.27    7588.41   14493.13   16771.50   15870.22   17118.32   15854.00   14705.76   15129.11   13207.29   18213.73   19567.32   25417.41   20669.08   18995.68   18954.63   17956.08   17381.81   13489.35   12973.03   12019.99   13716.93   15678.73   16330.39   22283.88   26484.46
 4    1379.00    2578.17    3216.37    3369.89    3733.18    2922.87    2815.78    3477.11    3422.38    3860.96    6453.71    4666.83    3014.42    2652.70    2059.86    3067.75    3202.18    2074.25    2100.15    3570.62    3295.53    2721.95    2490.08    3180.33    4016.92    5202.77    4057.00
 1    4109.00    1936.70    1936.70    3621.62    3621.62   13083.84   13083.84   18638.00   18638.00   12211.12   12211.12   15928.37   15928.37    8336.79    8336.79   12125.19   12125.19    9027.94    9027.94    6183.87    6183.87    9029.79    9029.79   24331.23   24331.23   28895.33   28895.33
 2     783.00     368.90     368.90     689.83     689.83    2492.16    2492.16    3550.10    3550.10    2325.93    2325.93    3033.98    3033.98    1587.96    1587.96    2309.56    2309.56    1719.61    1719.61    1177.88    1177.88    1719.96    1719.96    4634.52    4634.52    5503.87    5503.87
 3    3537.00    4956.48    7280.85   11214.33   17336.94   31452.71   34826.57   27359.76   22086.69   18395.95   17588.12   26010.84   24790.36   16982.67   16192.77   16001.89   11165.01   11504.83   14886.57   16779.70   28989.70   33902.49   32455.75   37196.33   33822.81   27681.18   20287.24
 4    1379.00    2683.40    3549.38    5574.48    8065.51    7568.24    5280.35    3314.90    2776.48    3009.32    2936.93    3715.54    4251.80    3088.62    2162.59    1905.82    2060.68    2698.98    3838.92    9152.92    9811.80    8769.75    8490.56    3666.77    2717.14    2418.89    2068.86
 1    4109.00    1785.63    1785.63    6860.70    6860.70    9111.10    9111.10    9312.53    9312.53    6527.14    6527.14   19434.03   19434.03   17242.76   17242.76    7904.36    7904.36   12094.24   12094.24   16082.22   16082.22   26184.78   26184.78   20605.66   20605.66    9034.41    9034.41
 2     783.00     340.12     340.12    1306.80    1306.80    1735.45    1735.45    1773.82    1773.82    1243.26    1243.26    3701.72    3701.72    3284.34    3284.34    1505.59    1505.59    2303.66    2303.66    3063.28    3063.28    4987.58    4987.58    3924.89    3924.89    1720.84    1720.84
 3    3537.00    5761.51    7533.55   11548.70   12597.05   12659.73   11902.41   15308.08   17825.99   19768.40   22539.63   18799.69   16370.47   23828.99   21705.97   17946.50   17223.99   15697.04   17289.17   29947.34   31792.54   24965.13   23517.31   22013.54   19456.08   22018.06   25367.97
 4    1379.00    2556.90    3015.52    3414.07    3410.53    3428.16    3284.57    4463.12    4708.97    4188.33    3912.84    2434.39    2001.70    3179.75    3794.80    3047.34    3129.32    4651.58    5861.58    5994.23    5549.38    4077.06    2951.34    3208.05    4342.14    7235.95    7304.10
 1    4109.00    2677.29    2677.29    3781.93    3781.93   11757.44   11757.44    5715.40    5715.40    3986.60    3986.60   12158.92   12158.92   24217.58   24217.58   12501.26   12501.26    3422.03    3422.03   15109.71   15109.71   35682.57   35682.57   11607.29   11607.29   20001.83   20001.83
 2     783.00     509.96     509.96     720.37     720.37    2239.51    2239.51    1088.65    1088.65     759.35     759.35    2315.98    2315.98    4612.87    4612.87    2381.19    2381.19     651.82     651.82    2878.04    2878.04    6796.68    6796.68    2210.91    2210.91    3809.87    3809.87
 3    3537.00    6119.85    8957.40   12343.00   11511.95   13615.84    9997.34    7713.68    9362.74   11179.65   19872.91   20734.25   20057.52   17607.02   13158.97    8696.24    9310.19   11826.54   16612.08   18165.41   15912.34   14502.28   12429.97   11585.17   12872.68   20896.87   30873.76
 4    1379.00    2754.73    3215.89    2541.68    2060.50    1655.31    1555.82    2629.21    3966.71    5806.34    6075.81    3908.92    3074.91    2278.66    1948.72    2988.10    4555.27    5220.27    4801.63    4031.78    3326.62    3794.32    3829.93    4531.85    7712.25   11460.95   11744.66
 1    4109.00    2239.78    2239.78    5087.08    5087.08    6495.26    6495.26   19862.30   19862.30   24934.14   24934.14    6523.90    6523.90    6986.83    6986.83    9941.32    9941.32   19480.23   19480.23   30449.50   30449.50   19434.95   19434.95    9049.19    9049.19    6641.71    6641.71
 2     783.00     426.62     426.62     968.97     968.97    1237.19    1237.19    3783.30    3783.30    4749.36    4749.36    1242.65    1242.65    1330.82    1330.82    1893.58    1893.58    3710.52    3710.52    5799.90    5799.90    3701.90    3701.90    1723.66    1723.66    1265.09    1265.09
 3    3537.00    4426.57    7367.81   10922.53   11062.27   11204.91   14891.44   22574.10   22292.68   20142.80   13341.19    9140.67    9654.70   11042.23   11129.50   25586.58   29907.35   42025.06   41815.53   38631.89   28799.23   15575.14   15583.35   16119.25   14785.58   14118.76   15717.22
 4    1379.00    2150.08    2856.80    2835.75    3323.31    4929.32    7069.28    4082.48    2763.32    3104.42    2869.65    2291.72    2512.29    3727.00    5372.01    5958.19    7352.09    5444.38    3788.73    4454.85    4565.57    2978.55    2588.16    3858.71    3447.43    3677.30    3646.10
 1    4109.00    2725.80    2725.80    2663.89    2663.89    6467.08    6467.08    9032.10    9032.10    6271.19    6271.19   12451.82   12451.82   11802.25   11802.25   13951.48   13951.48   10270.72   10270.72    8942.93    8942.93    3849.38    3849.38    9230.30    9230.30    8538.22    8538.22
 2     783.00     519.20     519.20     507.41     507.41    1231.82    1231.82    1720.40    1720.40    1194.51    1194.51    2371.78    2371.78    2248.05    2248.05    2657.42    2657.42    1956.33    1956.33    1703.42    1703.42     733.22     733.22    1758.15    1758.15    1626.33    1626.33
 3    3537.00    5822.37    8858.99   14464.56   16039.69   13323.22   12822.68   15926.01   16114.55   24597.16   29299.55   36166.75   37613.14   20056.95   18775.88   23972.89   22870.59   21002.21   17980.73   15509.20   12863.05    9568.14   12392.62   15225.17   13893.23   13351.14   18789.12
 4    1379.00    2693.42    3596.81    3304.09    3263.76    3602.23    3502.24    4258.94    7176.78    8527.55    7234.30    6031.03    4864.24    4236.75    4408.74    6385.43    4684.42    1960.21    1883.74    2049.35    1980.31    3171.61    3276.07    2914.87    2998.47    3984.44    3445.31
 1    4109.00    9136.97    9136.97    7501.49    7501.49   12970.19   12970.19    9427.57    9427.57    8038.80    8038.80   13186.87   13186.87   17030.24   17030.24   11833.21   11833.21   12935.08   12935.08   32522.03   32522.03   12540.07   12540.07   24940.61   24940.61   22057.73   22057.73
 2     783.00    1740.38    1740.38    1428.86    1428.86    2470.51    2470.51    1795.73    1795.73    1531.20    1531.20    2511.78    2511.78    3243.86    3243.86    2253.94    2253.94    2463.82    2463.82    6194.67    6194.67    2388.58    2388.58    4750.59    4750.59    4201.47    4201.47
 3    3537.00    9083.73   12553.92    8395.68    9562.52   11318.09   10478.78    8266.62   12101.42   16578.06   15263.84   13155.32   14967.40   16889.09   18043.38   16934.88   13595.36   20834.92   23409.07   21695.02   17742.26   12644.75   30395.83   29444.48   26496.09   19295.87   16151.81
 4    1379.00    2389.69    2787.33    2518.41    2634.49    2032.38    2202.21    4226.33    4337.39    4118.05    4335.86    4784.05    5076.56    4597.34    3936.63    2467.30    3719.42    5041.72    3999.22    3280.70    4752.88   10537.18   11782.34    5534.23    3669.09    2229.12    2446.77
 1    4109.00    1112.50    1112.50    2796.02    2796.02   12134.89   12134.89   17594.35   17594.35   22227.28   22227.28   35304.66   35304.66   16457.83   16457.83    2252.25    2252.25    2223.14    2223.14    7165.62    7165.62   19150.82   19150.82   22920.74   22920.74   14084.99   14084.99
 2     783.00     211.90     211.90     532.58     532.58    2311.41    2311.41    3351.30    3351.30    4233.77    4233.77    6724.70    6724.70    3134.82    3134.82     429.00     429.00     423.46     423.46    1364.88    1364.88    3647.78    3647.78    4365.86    4365.86    2682.86    2682.86
 3    3537.00    4862.07    8251.88   15641.80   22864.25   23459.31   23073.61   42301.58   36512.87   23055.66   22646.55   24291.66   14564.05    9582.25    8586.05    2280.62    3326.84    9512.68   20354.03   26333.51   26715.03   38970.96   35070.76   21261.50   18755.19   21886.32   22648.99
 4    1379.00    2191.61    4081.19    5628.85    4868.17    4370.25    4760.72    5394.68    5043.87    3449.81    2803.38    2123.36    1378.50    1459.11    1195.76    1571.49    3201.05    6980.18    7938.31    5998.55    4744.02    3939.09    3127.45    3630.70    5764.68    4064.00    3476.09
 1    4109.00     477.71     477.71    3015.01    3015.01    4735.04    4735.04    7199.35    7199.35   10004.15   10004.15   14246.69   14246.69   16368.20   16368.20    6949.87    6949.87   21133.73   21133.73   18175.08   18175.08   13097.24   13097.24   20688.82   20688.82   27268.17   27268.17
 2     783.00      90.99      90.99     574.29     574.29     901.91     901.91    1371.30    1371.30    1905.55    1905.55    2713.66    2713.66    3117.75    3117.75    1323.78    1323.78    4025.47    4025.47    3461.92    3461.92    2494.71    2494.71    3940.73    3940.73    5193.94    5193.94
 3    3537.00    4375.16    7036.05   11222.39   13098.60   14468.33   16855.66   22952.47   24395.69   29163.79   32052.56   53954.01   46114.88   28781.24   22316.86   16850.25   23163.77   35855.87   29447.46   18165.54   20156.57   22803.89   26202.06   28910.50   24645.24   26341.28   19919.86
 4    1379.00    2275.96    3085.75    3659.59    4109.63    5560.26    6062.08    5192.05    8843.16    5891.23    5119.83    4778.90    2974.82    2263.25    4046.74    7100.70    6293.04    4706.82    4328.34    3313.80    3191.33    4219.27    3682.49    3233.05    3052.60    3224.24    2679.73
 1    4109.00    1688.15    1688.15    3101.87    3101.87   10991.90   10991.90   18078.06   18078.06   16002.76   16002.76   19315.30   19315.30    6366.36    6366.36    9832.75    9832.75   23010.37   23010.37   16159.84   16159.84    7324.09    7324.09   15233.53   15233.53   20608.90   20608.90
 2     783.00     321.55     321.55     590.83     590.83    2093.70    2093.70    3443.44    3443.44    3048.14    3048.14    3679.10    3679.10    1212.64    1212.64    1872.90    1872.90    4382.93    4382.93    3078.06    3078.06    1395.06    1395.06    2901.62    2901.62    3925.50    3925.50
 3    3537.00    4802.59    7399.96   15328.16   22030.62   21521.67   18149.10   28543.19   32565.23   19684.56   15994.57   21941.50   18110.66    8410.66   10541.63   14785.82   18439.16   14368.92   11325.97   12596.99   11016.87    9412.68   14329.31   16367.31   19404.97   23420.63   27905.73
 4    1379.00    2609.59    3683.21    5042.39    4081.81    3126.68    3836.76    4977.91    4578.45    3333.60    2353.42    2770.93    3381.05    3387.94    3539.64    3235.75    3033.46    3617.32    3624.83    3284.33    3245.70    4640.80    6606.30    5916.03    8265.64    8650.64    6212.90
 1    4109.00    3933.47    3933.47    4288.28    4288.28    8615.84    8615.84   20285.50   20285.50   31264.00   31264.00   26723.47   26723.47   36963.70   36963.70   18864.85   18864.85    6218.06    6218.06    4216.21    4216.21    5666.89    5666.89    4130.74    4130.74    5105.56    5105.56
 2     783.00     749.23     749.23     816.82     816.82    1641.11    1641.11    3863.90    3863.90    5955.05    5955.05    5090.18    5090.18    7040.70    7040.70    3593.30    3593.30    1184.39    1184.39     803.09     803.09    1079.41    1079.41     786.81     786.81     972.49     972.49
 3    3537.00    5343.20    7689.03   12448.44   13727.13   15558.36   19763.99   21199.42   20404.02   24851.51   26732.54   28883.45   25429.68   26923.42   18776.31   13677.45   11773.00    8408.52    9987.77    7637.01    8816.46    6404.23    5741.38    9345.99   12703.78   14602.33   13427.60
 4    1379.00    2561.81    2961.69    2680.39    3727.17    4061.56    3692.22    7093.07   10774.22    7397.01    5296.33    3908.24    3963.91    4928.43    3070.32    2316.18    2176.66    2408.99    2289.08    1708.08    1929.18    2059.04    2228.69    3744.42    3427.37    3063.55    3468.38
 1    4109.00    2958.19    2958.19    4327.09    4327.09    6665.27    6665.27    7839.68    7839.68   20516.50   20516.50   30677.73   30677.73   11770.37   11770.37   12522.05   12522.05    8650.03    8650.03   16537.75   16537.75   23165.60   23165.60   30384.36   30384.36   34353.40   34353.40
 2     783.00     563.46     563.46     824.21     824.21    1269.58    1269.58    1493.27    1493.27    3907.90    3907.90    5843.38    5843.38    2241.98    2241.98    2385.15    2385.15    1647.62    1647.62    3150.05    3150.05    4412.50    4412.50    5787.50    5787.50    6543.50    6543.50
 3    3537.00    5192.74    8177.54   11350.41   11313.86   14258.45   15614.42   19650.71   22002.33   34410.03   31047.16   30642.32   21765.28    8849.16   10178.99   17895.52   19567.67   14480.56   16667.51   13470.35   12561.47   28262.85   32136.46   38199.17   36477.78   36283.80   24858.47
 4    1379.00    2394.33    3226.84    2668.35    2604.91    2910.61    4556.75    6565.99    7240.86    4758.70    3862.15    3231.94    2749.29    4235.18    3943.19    3490.88    3930.77    4949.90    4455.33    2550.18    3676.99    5548.35    6405.99    6437.33    4909.79    3843.43    4123.78
 1    4109.00    1737.12    1737.12    4051.28    4051.28   15329.16   15329.16   20962.33   20962.33   11195.65   11195.65    9209.05    9209.05   18613.98   18613.98   18658.79   18658.79    7210.43    7210.43    6206.51    6206.51   12391.76   12391.76    8488.33    8488.33   11703.85   11703.85
 2     783.00     330.88     330.88     771.67     771.67    2919.84    2919.84    3992.82    3992.82    2132.50    2132.50    1754.10    1754.10    3545.52    3545.52    3554.06    3554.06    1373.42    1373.42    1182.19    1182.19    2360.34    2360.34    1616.82    1616.82    2229.30    2229.30
 3    3537.00    4547.33    8194.43   12207.52   17769.51   21503.28   20959.47   19567.73   14831.45   10252.35    9931.54   13986.07   21150.48   27355.12   25107.94   22996.42   19162.52   15150.24   14942.06   11487.30   13530.73   20153.70   18176.02   11733.39   14064.65   12655.46   11558.07
 4    1379.00    2382.16    3653.68    4740.95    5565.81    3919.73    3164.73    2149.76    2261.50    2863.98    4481.87    6190.34    4491.23    5520.78    4834.18    2934.70    2878.94    2628.51    2591.03    2983.10    2937.94    3051.55    3216.47    3375.36    3282.85    2820.08    3047.85
 1    4109.00    2170.94    2170.94    6422.72    6422.72    7843.37    7843.37   25331.46   25331.46   29048.25   29048.25    9346.26    9346.26    6922.15    6922.15    9343.49    9343.49    6854.23    6854.23    5880.34    5880.34    4115.03    4115.03    3967.66    3967.66   14994.67   14994.67
 2     783.00     413.51     413.51    1223.38    1223.38    1493.98    1493.98    4825.04    4825.04    5533.00    5533.00    1780.24    1780.24    1318.50    1318.50    1779.71    1779.71    1305.57    1305.57    1120.06    1120.06     783.82     783.82     755.74     755.74    2856.13    2856.13
 3    3537.00    3758.35    6305.74   17035.01   19417.53   15351.34   17864.09   49174.48   44743.12   24045.67   19022.84   13075.24   15413.45   17550.12   14256.41   12385.12   13307.10    9682.61    9461.41   10395.61   10710.60    8601.10    9322.71   17324.82   22506.10   27213.93   22122.65
 4    1379.00    1956.91    3089.48    3439.53    3060.27    4214.51    7383.55    8283.33    4804.29    2432.79    2346.74    4244.71    4010.44    3408.18    2729.60    2214.28    2212.31    2126.01    2248.79    2245.34    2432.98    3000.90    5188.20    5918.25    4793.51    2713.85    3068.17
 1    4109.00    3595.28    3595.28    6412.56    6412.56   10615.84   10615.84    9259.87    9259.87    5744.97    5744.97   10937.85   10937.85   10112.72   10112.72    7891.88    7891.88    4656.96    4656.96   11778.23   11778.23   18271.18   18271.18   14413.94   14413.94   19181.78   19181.78
 2     783.00     684.82     684.82    1221.44    1221.44    2022.06    2022.06    1763.78    1763.78    1094.28    1094.28    2083.40    2083.40    1926.23    1926.23    1503.22    1503.22     887.04     887.04    2243.47    2243.47    3480.22    3480.22    2745.51    2745.51    3653.67    3653.67
 3    3537.00    4308.12    7205.42   10809.57   11031.34   14817.60   13540.18   10635.65    8702.62   10269.14   13968.78   21122.78   18076.16   15985.82   16764.23   14010.43   13409.55   11418.89   11582.83   21709.21   20960.31   22946.37   20166.66   12998.50   14647.74   27762.26   20131.58
 4    1379.00    2355.36    2944.28    3363.49    3219.98    2288.99    1674.08    2466.87    3277.67    5026.20    4198.32    4885.35    5113.43    3367.33    2719.37    2958.50    3319.03    3562.18    5334.44    6291.96    5159.65    3115.45    3384.96    3371.03    2619.02    2335.04    1565.76
 1    4109.00    4216.21    4216.21    5985.21    5985.21    6004.61    6004.61   14231.91   14231.91   16007.38   16007.38   18227.29   18227.29   33748.64   33748.64   18465.68   18465.68   13400.31   13400.31   17260.32   17260.32    7490.87    7490.87   14689.75   14689.75    8058.20    8058.20
 2     783.00     803.09     803.09    1140.04    1140.04    1143.74    1143.74    2710.84    2710.84    3049.02    3049.02    3471.86    3471.86    6428.31    6428.31    3517.27    3517.27    2552.44    2552.44    3287.68    3287.68    1426.83    1426.83    2798.05    2798.05    1534.90    1534.90
 3    3537.00    5629.25    7828.62   13482.73   12600.19   15328.17   18575.39   17328.56   20021.43   20853.68   19332.92   29590.34   30269.17   22946.33   16913.30   10426.17   19406.95   29793.81   22319.89   14894.19   15136.77   11053.05   13928.05   13501.57   11444.43   11900.04   13549.20
 4    1379.00    2659.83    3052.26    2235.79    3190.95    2913.57    2592.34    3932.24    3797.35    3274.16    3776.08    4789.22    4319.91    2774.45    2952.22    4823.32    4098.83    3344.56    3358.85    3715.90    3082.35    3147.84    3763.14    3611.48    4497.29    3600.40    2942.67
 1    4109.00    4982.67    4982.67    7631.78    7631.78   16429.18   16429.18   12902.74   12902.74    6374.68    6374.68    9500.57    9500.57    3001.61    3001.61   10481.39   10481.39   12564.09   12564.09   10189.87   10189.87    9195.65    9195.65    5808.73    5808.73    3268.65    3268.65
 2     783.00     949.08     949.08    1453.67    1453.67    3129.37    3129.37    2457.66    2457.66    1214.22    1214.22    1809.63    1809.63     571.74     571.74    1996.46    1996.46    2393.16    2393.16    1940.93    1940.93    1751.55    1751.55    1106.42    1106.42     622.60     622.60
 3    3537.00    6263.56    8825.71   15573.09   19467.68   20571.68   22697.93   24913.31   19411.47   15506.38   16043.47   15334.77   16173.07   14031.73   12679.12   15658.86   13490.68   12803.92   11606.89   13588.80   15673.94   16046.99   15137.29    8581.70    8871.03   16318.24   20333.25
 4    1379.00    2739.31    3954.40    4286.90    5053.28    3922.15    3150.97    4425.49    2940.25    3037.44    2918.85    2330.20    2702.07    3115.11    3247.86    2259.41    2059.17    1777.80    2051.74    2397.51    2699.79    2600.00    2302.02    2947.44    4583.97    6414.03    5646.64
 1    4109.00    2506.35    2506.35    2925.85    2925.85   13636.39   13636.39   18622.76   18622.76   27685.35   27685.35   30964.63   30964.63   23921.44   23921.44   22455.51   22455.51   15987.51   15987.51   27450.19   27450.19   27385.51   27385.51   20946.16   20946.16   17766.67   17766.67
 2     783.00     477.40     477.40     557.30     557.30    2597.41    2597.41    3547.19    3547.19    5273.40    5273.40    5898.02    5898.02    4556.46    4556.46    4277.24    4277.24    3045.24    3045.24    5228.61    5228.61    5216.29    5216.29    3989.74    3989.74    3384.13    3384.13
 3    3537.00    4363.57    8103.48   12145.29   20430.00   25509.39   21104.72   32331.09   55324.85   49116.51   49970.18   38064.20   31124.92   34214.80   34221.83   33882.78   31897.93   32151.33   49211.36   52399.34   52587.34   49553.84   42583.17   27233.65   24114.89   16188.38   13784.61
 4    1379.00    2160.54    4334.82    5886.22    5000.64    2828.63    4476.85   13345.56   12594.81    7013.95    5694.44    3190.44    2569.37    5473.39    6112.59    6476.89    6956.93   11837.22   10850.75    7133.67    6208.10    6389.07    4635.87    2700.77    2275.23    3127.85    3753.74
 1    4109.00    3696.00    3696.00   12755.36   12755.36    7118.03    7118.03    9945.94    9945.94   10437.97   10437.97   11076.45   11076.45    8894.42    8894.42   18050.80   18050.80   35842.89   35842.89   34787.68   34787.68   40973.86   40973.86   48628.74   48628.74   19620.22   19620.22
 2     783.00     704.00     704.00    2429.59    2429.59    1355.82    1355.82    1894.46    1894.46    1988.18    1988.18    2109.80    2109.80    1694.18    1694.18    3438.25    3438.25    6827.22    6827.22    6626.22    6626.22    7804.54    7804.54    9262.62    9262.62    3737.18    3737.18
 3    3537.00    5330.53    7743.09   13678.01   13765.20    7546.79    8280.23   16658.75   17267.26   17034.76   17060.61   17868.29   12845.06   12335.78   20400.60   21529.98   21367.82   34602.88   25742.71   22260.77   37546.69   63450.87   50990.52   43964.67   38118.70   26609.69   19227.26
 4    1379.00    2700.92    3260.68    2669.99    1988.27    2220.09    4014.29    3606.14    3632.69    4749.33    3578.01    2109.48    2614.90    5527.09    7230.84    4332.29    3008.29    2749.11    5890.89   12757.34    7854.90    6558.48    4207.55    6196.18    4418.02    2791.82    2883.98
 1    4109.00    2780.78    2780.78    4420.88    4420.88    8589.97    8589.97   13513.96   13513.96    5851.23    5851.23   10988.21   10988.21   10877.33   10877.33   13936.69   13936.69   13821.19   13821.19   21447.43   21447.43    8211.13    8211.13    7424.80    7424.80   24626.91   24626.91
 2     783.00     529.67     529.67     842.07     842.07    1636.18    1636.18    2574.09    2574.09    1114.52    1114.52    2092.99    2092.99    2071.87    2071.87    2654.61    2654.61    2632.61    2632.61    4085.22    4085.22    1564.02    1564.02    1414.25    1414.25    4690.84    4690.84
 3    3537.00    5323.25    7485.68    9662.53    9635.50   14044.77   14440.86   13950.83   11094.24   10322.66   16593.57   19502.10   16078.24   16641.76   13275.36   16533.77   17333.40   20133.15   16924.05   16873.05   12120.83    9014.60    9216.60    9467.73   16061.78   21619.01   18652.02
 4    1379.00    2474.74    3072.43    2723.70    2817.66    2690.70    2186.86    2896.75    3645.32    5104.29    4777.42    3821.05    3121.03    3575.44    3724.18    3494.83    4286.12    3028.03    2285.02    3263.15    2837.02    2527.37    3771.22    6699.75    6414.11    3270.74    3285.14
 1    4109.00    2845.92    2845.92    4991.45    4991.45   11044.57   11044.57   12673.12   12673.12   18009.22   18009.22   12693.45   12693.45   20147.82   20147.82   26400.07   26400.07   24701.29   24701.29    6544.69    6544.69   10465.22   10465.22   29281.56   29281.56   34419.93   34419.93
 2     783.00     542.08     542.08     950.75     950.75    2103.73    2103.73    2413.93    2413.93    3430.33    3430.33    2417.80    2417.80    3837.68    3837.68    5028.58    5028.58    4705.01    4705.01    1246.61    1246.61    1993.38    1993.38    5577.44    5577.44    6556.18    6556.18
 3    3537.00    3936.35    6802.42   13490.24   14825.06   14229.91   15311.07   19149.27   25307.31   27634.88   25872.70   19842.35   23182.52   33995.94   31496.89   18053.73   14648.22   14701.75   11514.65   12301.17   12754.64   14546.81   16369.14   23065.88   28777.99   39571.72   35698.99
 4    1379.00    2190.52    2875.36    2633.98    2584.93    2429.11    3311.84    6227.14    5600.00    6213.96    4903.25    5088.26    5735.97    3914.13    2693.57    1852.17    1773.59    3354.59    3582.13    3809.83    4375.90    4331.41    6110.69    7692.49    4979.67    5250.10    5201.87
 1    4109.00    2404.71    2404.71    2366.36    2366.36   10553.47   10553.47    6080.38    6080.38   17858.15   17858.15   15295.90   15295.90   16543.30   16543.30   24212.50   24212.50    8503.57    8503.57   14142.28   14142.28   12134.43   12134.43   21545.83   21545.83   12572.41   12572.41
 2     783.00     458.04     458.04     450.74     450.74    2010.18    2010.18    1158.17    1158.17    3401.55    3401.55    2913.50    2913.50    3151.10    3151.10    4611.90    4611.90    1619.73    1619.73    2693.77    2693.77    2311.32    2311.32    4103.97    4103.97    2394.74    2394.74
 3    3537.00    4839.34    7917.64   13552.28   13141.17   12341.55   11253.61   10238.60   15185.87   39108.31   32723.13   26352.94   24100.33   16569.04   16060.29   18325.29   17542.28   12050.41   14348.66   16793.20   16139.15   22559.12   22147.89   17039.31   13505.50    9650.00   14411.46
 4    1379.00    2366.05    3142.75    2494.30    1891.53    2003.24    3562.56    6006.49    5502.59    4696.12    5097.54    3517.36    3457.42    2681.48    2829.30    2955.94    5037.38    4243.41    3484.50    3788.25    4318.04    3734.53    2777.01    2303.52    3305.94    4283.68    4102.55
 1    4109.00    1754.21    1754.21    2758.14    2758.14   17853.07   17853.07   12491.09   12491.09   17163.30   17163.30   16771.52   16771.52   11138.36   11138.36   17699.22   17699.22    9550.93    9550.93    5580.50    5580.50    3134.21    3134.21    9049.19    9049.19   20482.77   20482.77
 2     783.00     334.14     334.14     525.36     525.36    3400.58    3400.58    2379.26    2379.26    3269.20    3269.20    3194.58    3194.58    2121.59    2121.59    3371.28    3371.28    1819.22    1819.22    1062.95    1062.95     596.99     596.99    1723.66    1723.66    3901.48    3901.48
 3    3537.00    4262.00    7553.87   17054.98   32640.84   38270.61   33502.54   20791.68   18010.18   21298.71   18523.47   15605.14   16459.66   15979.69   16094.41   18101.02   16315.26   14230.58   14803.51   16234.99   16035.31   17081.97   18389.20   21273.00   22962.05   19553.58   18674.02
 4    1379.00    2399.39    4726.62    8788.22    6831.80    4020.28    3310.71    4417.02    4989.09    2992.33    2404.93    5133.10    5804.07    5011.82    4186.22    3944.06    3761.47    4101.18    3560.38    3642.01    5036.20    3564.02    3398.27    4622.81    4372.18    3689.96    2762.61
 1    4109.00    1924.23    1924.23    7019.63    7019.63   13717.70   13717.70   18862.54   18862.54   27118.94   27118.94    8484.63    8484.63   14965.10   14965.10   19038.10   19038.10   11866.47   11866.47   14854.22   14854.22   19602.20   19602.20   22715.15   22715.15   30206.49   30206.49
 2     783.00     366.52     366.52    1337.07    1337.07    2612.90    2612.90    3592.86    3592.86    5165.51    5165.51    1616.12    1616.12    2850.50    2850.50    3626.30    3626.30    2260.28    2260.28    2829.38    2829.38    3733.75    3733.75    4326.70    4326.70    5753.62    5753.62
 3    3537.00    5540.84    8538.52   11621.36   10234.08   12309.72   16069.55   25638.00   25847.05   30739.60   25482.15   16498.29   15615.03   29530.84   24739.01   16690.55   17033.87   26237.30   27946.70   28319.45   31476.48   20121.26   21979.06   26515.03   25383.37   23394.55   18316.21
 4    1379.00    2570.78    2981.54    2563.73    2316.27    4031.03    5959.06    3956.84    4631.09    4154.92    2792.98    3867.85    4979.77    4132.90    3625.91    4101.92    4435.59    4514.08    3982.49    5056.06    4733.79    3599.23    3292.45    3851.70    3009.29    3156.68    2900.03
