              Isim, Ftarg, Btarg
   1 2019          0.3977734      21560.7846623       5544.3597106
   1 2021          0.4094727      21512.0807989       5598.1252555
   1 2023          0.3860742      21570.5927713       5484.5531571
   1 2025          0.4036230      21485.4520412       5570.3281856
   1 2027          0.4036230      21510.2983812       5607.0393091
   1 2029          0.4036230      21490.0083289       5602.4819171
   1 2031          0.4036230      21567.0863942       5575.9864398
   1 2033          0.4036230      21564.9660321       5576.7040159
   1 2035          0.4036230      21566.5112321       5576.1810267
   1 2037          0.4065479      21543.4776948       5556.9833843
   1 2039          0.4094727      21534.0979661       5533.8058234
   1 2041          0.3948486      21487.4865750       5482.3447088
   1 2043          0.3948486      21507.7978160       5525.5557146
   2 2019          0.3977734      21468.4703596       5520.6210708
   2 2021          0.4094727      21384.3709198       5575.7651798
   2 2023          0.4036230      21470.7647593       5581.9758038
   2 2025          0.3948486      21481.5115311       5534.3515320
   2 2027          0.3948486      21428.7897392       5515.6558748
   2 2029          0.4006982      21401.2487067       5541.9861771
   2 2031          0.4036230      21391.9157170       5533.7137370
   2 2033          0.4036230      21386.6300399       5537.5616406
   2 2035          0.3831494      21491.3957269       5417.9386348
   2 2037          0.4006982      21454.4329200       5517.6967117
   2 2039          0.4036230      21460.8577347       5593.0333948
   2 2041          0.4065479      21450.7595031       5588.7744121
   2 2043          0.4123975      21468.7156873       5575.2566310
   3 2019          0.3977734      21902.4674708       5632.2235072
   3 2021          0.4036230      21928.4388857       5680.1158663
   3 2023          0.4065479      21842.6484898       5688.1525443
   3 2025          0.4036230      21932.5070791       5697.0106698
   3 2027          0.4094727      21892.5307459       5687.5709428
   3 2029          0.4153223      21820.8301926       5683.0044436
   3 2031          0.4123975      21909.8907904       5677.2210084
   3 2033          0.4153223      21922.0796850       5667.6807971
   3 2035          0.4123975      21868.2179771       5683.5324917
   3 2037          0.4123975      21857.3380195       5685.1807969
   3 2039          0.4123975      21873.1893122       5682.7794081
   3 2041          0.4094727      21886.8924719       5688.4256652
   3 2043          0.3831494      21890.2354411       5533.1257340
   4 2019          0.3977734      22238.1558441       5718.5458336
   4 2021          0.4036230      22151.4694180       5729.1568899
   4 2023          0.4006982      22254.3061300       5769.1913175
   4 2025          0.4006982      22232.2376960       5764.0440093
   4 2027          0.3860742      22183.1874260       5643.3030045
   4 2029          0.3977734      22244.3931966       5677.0446806
   4 2031          0.3977734      22271.7774304       5704.8904371
   4 2033          0.4065479      22178.4148344       5747.3312818
   4 2035          0.3977734      22246.6942757       5731.1549277
   4 2037          0.3977734      22240.4227856       5751.1010848
   4 2039          0.3889990      22235.1854745       5691.7622597
   4 2041          0.4006982      22250.7999649       5763.5584779
   4 2043          0.4006982      22251.8320902       5763.0483711
   5 2019          0.3977734      21750.2088158       5593.0701663
   5 2021          0.4094727      21711.1298543       5645.6728793
   5 2023          0.4006982      21709.0059366       5621.2507413
   5 2025          0.3948486      21764.3966926       5611.5210988
   5 2027          0.3977734      21721.7470132       5637.2946774
   5 2029          0.3977734      21717.2058128       5634.3818586
   5 2031          0.3948486      21746.6132406       5562.8944860
   5 2033          0.3919238      21695.0793064       5526.5627197
   5 2035          0.3948486      21724.8032542       5604.5359357
   5 2037          0.3948486      21728.5532470       5606.0930927
   5 2039          0.3919238      21775.0778057       5569.4774741
   5 2041          0.3948486      21746.7949304       5613.5638567
   5 2043          0.3948486      21754.6256209       5616.6821659
   6 2019          0.3977734      22156.6315249       5697.5818401
   6 2021          0.4065479      22113.9415115       5755.9679161
   6 2023          0.4036230      22149.0100618       5755.7950888
   6 2025          0.4065479      22102.9086027       5750.4211059
   6 2027          0.3860742      22146.8788921       5629.4271335
   6 2029          0.3860742      22173.5807477       5637.2388534
   6 2031          0.3860742      22134.6435297       5625.7708063
   6 2033          0.3889990      22149.1965650       5671.0983113
   6 2035          0.3919238      22086.3268402       5692.5365780
   6 2037          0.3889990      22088.3822531       5654.8779966
   6 2039          0.3831494      22170.4354093       5590.0308441
   6 2041          0.3860742      22172.5927373       5635.6580858
   6 2043          0.4006982      22100.3570528       5744.7243740
   7 2019          0.3977734      21768.1921215       5597.6945766
   7 2021          0.4036230      21759.8091284       5650.9728356
   7 2023          0.4006982      21737.4341631       5623.2677072
   7 2025          0.4006982      21749.4924868       5609.3871826
   7 2027          0.4006982      21762.4368936       5595.6710500
   7 2029          0.4006982      21776.3023335       5582.0343907
   7 2031          0.4036230      21687.6939563       5572.1070909
   7 2033          0.4036230      21689.2995404       5570.6572529
   7 2035          0.4006982      21738.7313021       5621.7139556
   7 2037          0.4006982      21764.8362179       5593.2402803
   7 2039          0.3889990      21772.9752474       5504.5507623
   7 2041          0.3977734      21726.2144054       5573.6459881
   7 2043          0.4036230      21797.2747409       5646.6634355
   8 2019          0.3977734      21678.2755930       5574.5725249
   8 2021          0.3977734      21678.9331773       5546.8020490
   8 2023          0.3977734      21678.6304848       5553.6841657
   8 2025          0.3919238      21614.5022281       5561.3736506
   8 2027          0.3948486      21667.2859503       5589.0463740
   8 2029          0.4006982      21619.1662191       5590.6583634
   8 2031          0.4006982      21649.3788266       5623.3830544
   8 2033          0.4006982      21675.6510299       5602.4219728
   8 2035          0.3685254      21686.6561600       5390.8043071
   8 2037          0.3977734      21655.2970686       5577.1438628
   8 2039          0.4036230      21640.2987789       5642.4076951
   8 2041          0.4036230      21700.3744116       5630.4423704
   8 2043          0.4123975      21644.0073319       5604.1122765
   9 2019          0.3977734      21799.3631848       5605.7102212
   9 2021          0.4065479      21761.1275914       5670.4602771
   9 2023          0.4036230      21745.7436347       5672.3531121
   9 2025          0.4036230      21832.3763680       5651.9203855
   9 2027          0.3743750      21820.7890836       5407.8024702
   9 2029          0.4006982      21764.5434502       5605.5088320
   9 2031          0.4036230      21738.1376937       5654.6174157
   9 2033          0.4036230      21755.9860451       5647.5654400
   9 2035          0.4036230      21808.8712097       5627.0960543
   9 2037          0.4065479      21778.7898515       5606.6673203
   9 2039          0.4065479      21799.4259495       5599.0433215
   9 2041          0.3860742      21745.1331953       5503.8412818
   9 2043          0.3802246      21726.6158749       5432.8502349
  10 2019          0.3977734      21758.6010251       5595.2282244
  10 2021          0.4036230      21719.6105204       5643.6473974
  10 2023          0.3977734      21719.4015600       5609.9836629
  10 2025          0.3977734      21704.7536831       5591.1879986
  10 2027          0.3977734      21696.5324201       5578.7683746
  10 2029          0.3977734      21686.7451415       5560.9981064
  10 2031          0.3977734      21681.8980732       5550.1605238
  10 2033          0.3772998      21742.8054586       5463.0075253
  10 2035          0.3919238      21706.9956860       5534.0418640
  10 2037          0.4006982      21724.1265989       5625.4316213
  10 2039          0.4006982      21726.8430449       5622.0991596
  10 2041          0.4006982      21722.5914318       5627.3492757
  10 2043          0.4036230      21672.1496809       5575.2685124
  11 2019          0.3977734      21487.6525524       5525.5537752
  11 2021          0.4094727      21491.0219198       5573.8311348
  11 2023          0.4006982      21496.5469880       5555.3745359
  11 2025          0.3977734      21412.5655515       5544.5847550
  11 2027          0.3977734      21403.2365381       5538.3851217
  11 2029          0.3948486      21495.8745466       5519.7099698
  11 2031          0.3889990      21486.3580134       5473.6142331
  11 2033          0.3977734      21443.2069065       5543.3743795
  11 2035          0.4006982      21435.5276278       5558.4219550
  11 2037          0.3977734      21520.8422127       5554.1636765
  11 2039          0.4006982      21492.8521676       5549.8756569
  11 2041          0.4006982      21476.2383009       5562.2130681
  11 2043          0.4006982      21496.3777399       5547.3283338
  12 2019          0.3977734      21775.3854438       5599.5443407
  12 2021          0.4065479      21750.6761161       5649.4199905
  12 2023          0.4065479      21718.5475654       5657.8641830
  12 2025          0.4065479      21744.5466248       5652.5944106
  12 2027          0.4094727      21718.8682842       5644.8073112
  12 2029          0.4123975      21776.2726568       5620.3798035
  12 2031          0.3802246      21768.7680025       5430.7089212
  12 2033          0.4036230      21739.8303566       5622.6224564
  12 2035          0.4036230      21687.7561836       5658.5528410
  12 2037          0.3977734      21735.1090794       5635.3576209
  12 2039          0.3919238      21789.7690234       5578.1356726
  12 2041          0.3919238      21729.0508003       5576.5008479
  12 2043          0.3948486      21713.0564777       5591.2324087
  13 2019          0.3977734      21428.9070871       5510.4473681
  13 2021          0.4036230      21456.0465629       5560.6340269
  13 2023          0.3919238      21446.3850251       5497.3435080
  13 2025          0.3948486      21402.4780902       5493.1757031
  13 2027          0.3948486      21372.1576864       5470.6558405
  13 2029          0.3948486      21417.6642324       5503.3713825
  13 2031          0.3948486      21417.8578173       5503.4974734
  13 2033          0.3948486      21401.0638806       5492.1936856
  13 2035          0.3919238      21459.3383081       5441.3814029
  13 2037          0.3860742      21457.9509642       5436.4464460
  13 2039          0.3889990      21354.8781313       5448.7231278
  13 2041          0.3919238      21343.9462578       5489.3291727
  13 2043          0.3919238      21371.0412135       5515.2551534
  14 2019          0.3977734      21985.1906771       5653.4957948
  14 2021          0.4065479      21963.1380167       5709.2413096
  14 2023          0.4036230      21966.7585461       5720.7495654
  14 2025          0.3919238      22019.0385574       5669.5353035
  14 2027          0.3919238      21989.3437372       5662.2147309
  14 2029          0.3889990      21939.9744727       5620.2044275
  14 2031          0.3977734      21965.1242603       5673.0423444
  14 2033          0.3977734      21972.4888513       5683.8529234
  14 2035          0.3919238      21906.2594529       5640.1338698
  14 2037          0.3831494      21983.1024716       5544.3880068
  14 2039          0.4036230      21965.5132119       5669.2110545
  14 2041          0.4036230      21899.0776774       5701.7621282
  14 2043          0.4036230      21942.1488345       5680.4097654
  15 2019          0.3977734      21157.9586143       5440.7729189
  15 2021          0.4065479      21142.5434519       5495.8865635
  15 2023          0.4036230      21077.4965157       5483.2187949
  15 2025          0.4036230      21109.3571780       5466.6244446
  15 2027          0.4036230      21135.9417420       5453.2486481
  15 2029          0.4036230      21145.3248628       5448.6205104
  15 2031          0.3831494      21178.7592838       5296.9301148
  15 2033          0.4006982      21175.2642285       5460.8072936
  15 2035          0.4036230      21079.4432172       5463.8225850
  15 2037          0.4006982      21169.6809752       5464.5580880
  15 2039          0.4036230      21080.9963967       5462.7746549
  15 2041          0.4036230      21114.5462494       5440.9679280
  15 2043          0.4036230      21145.3772853       5422.1319312
  16 2019          0.3977734      21860.5064242       5621.4332164
  16 2021          0.4094727      21784.9782248       5683.8184067
  16 2023          0.4036230      21785.4914422       5660.0935370
  16 2025          0.3977734      21827.3469657       5656.5536709
  16 2027          0.3977734      21797.5797224       5652.9222676
  16 2029          0.3919238      21888.1271980       5614.5580333
  16 2031          0.3977734      21884.6917697       5649.0622843
  16 2033          0.3977734      21780.0402700       5647.3719686
  16 2035          0.3743750      21857.7066238       5472.2697821
  16 2037          0.4006982      21822.5930573       5616.8551995
  16 2039          0.4065479      21859.0448630       5673.8056217
  16 2041          0.4036230      21835.5006134       5690.0041340
  16 2043          0.3919238      21817.8950012       5627.8444432
  17 2019          0.3977734      21486.4536654       5525.2454812
  17 2021          0.4036230      21520.2948448       5579.3324795
  17 2023          0.4006982      21490.8234303       5552.4817605
  17 2025          0.3977734      21518.5732749       5547.6278740
  17 2027          0.4006982      21419.0116767       5529.6199036
  17 2029          0.4006982      21424.4654702       5513.9731410
  17 2031          0.3860742      21515.0579654       5449.2576406
  17 2033          0.3948486      21460.6070659       5480.4664649
  17 2035          0.4094727      21439.9004956       5591.4195565
  17 2037          0.3977734      21411.7923246       5557.6469537
  17 2039          0.4006982      21455.4479270       5578.2078101
  17 2041          0.4006982      21453.3246670       5579.8905458
  17 2043          0.4036230      21400.1414154       5549.8298361
  18 2019          0.3977734      22194.9959104       5707.4472488
  18 2021          0.4094727      22147.1626169       5762.4377789
  18 2023          0.4036230      22196.1884761       5753.8853537
  18 2025          0.4036230      22141.5189495       5747.0358958
  18 2027          0.4036230      22123.4262878       5755.0702167
  18 2029          0.4036230      22155.3917177       5740.9523190
  18 2031          0.4036230      22223.0968087       5712.1322844
  18 2033          0.3948486      22142.3993930       5703.0258020
  18 2035          0.3977734      22163.1787363       5688.3126911
  18 2037          0.3948486      22122.6164601       5693.6028636
  18 2039          0.3919238      22189.5562429       5673.7603404
  18 2041          0.4006982      22204.5501499       5723.1105437
  18 2043          0.4036230      22191.2071993       5757.5995575
  19 2019          0.3977734      21551.1935659       5541.8933584
  19 2021          0.4094727      21476.4461245       5601.2931745
  19 2023          0.4036230      21539.2410700       5609.3226378
  19 2025          0.4065479      21490.5640087       5574.0424601
  19 2027          0.4065479      21518.7743187       5524.2765861
  19 2029          0.4094727      21520.4177233       5523.4409034
  19 2031          0.4182471      21533.0041092       5564.2418264
  19 2033          0.4153223      21581.4141545       5565.3268416
  19 2035          0.4182471      21527.7871540       5565.1110386
  19 2037          0.4182471      21492.5133313       5570.9913562
  19 2039          0.4182471      21523.8130569       5565.7732569
  19 2041          0.4182471      21492.0933998       5571.0613952
  19 2043          0.4182471      21546.8400691       5561.9371664
  20 2019          0.3977734      21496.0447617       5527.7118334
  20 2021          0.4065479      21450.6571329       5577.6761309
  20 2023          0.3977734      21474.1365146       5554.5525866
  20 2025          0.3977734      21464.9591142       5543.0009292
  20 2027          0.3977734      21464.1049024       5541.8556833
  20 2029          0.3889990      21438.7515803       5434.0624411
  20 2031          0.4006982      21486.2135744       5540.5359136
  20 2033          0.3948486      21474.2421439       5526.1323165
  20 2035          0.4006982      21456.0369487       5578.3654528
  20 2037          0.4006982      21456.5613002       5587.2945814
  20 2039          0.4006982      21484.8186820       5565.2300847
  20 2041          0.4006982      21483.9668429       5565.8679484
  20 2043          0.4036230      21425.2530833       5541.0017494
  21 2019          0.3977734      22089.4938502       5680.3173748
  21 2021          0.4094727      22109.1960992       5736.5461794
  21 2023          0.4094727      22062.4871826       5746.1445166
  21 2025          0.4153223      22024.3740066       5739.8567253
  21 2027          0.3860742      22116.1083537       5616.0481035
  21 2029          0.3977734      22012.8016068       5643.5781671
  21 2031          0.3977734      22117.3990754       5685.0819632
  21 2033          0.4036230      22005.7940802       5728.3129595
  21 2035          0.4006982      22092.0167357       5730.1502521
  21 2037          0.4036230      22003.6704059       5729.3706894
  21 2039          0.4036230      22071.4935896       5696.6821421
  21 2041          0.4065479      22044.9283109       5667.9648601
  21 2043          0.4036230      22073.5137815       5695.7403486
  22 2019          0.3977734      22239.3547312       5718.8541277
  22 2021          0.4094727      22228.7036682       5773.9214254
  22 2023          0.4036230      22212.3779317       5759.8161837
  22 2025          0.4006982      22210.7551481       5739.4570239
  22 2027          0.4006982      22194.0627188       5760.9723131
  22 2029          0.3889990      22227.8423158       5631.0189551
  22 2031          0.3977734      22237.8688316       5710.4528139
  22 2033          0.3977734      22244.2834496       5743.6414724
  22 2035          0.3977734      22243.2218735       5740.0012642
  22 2037          0.3977734      22237.9913908       5711.8360350
  22 2039          0.3977734      22237.6567743       5707.6231512
  22 2041          0.3948486      22220.3813253       5689.5715667
  22 2043          0.3948486      22217.6236037       5687.1092986
  23 2019          0.3977734      21350.9794290       5490.4082566
  23 2021          0.4036230      21370.0459476       5524.0401115
  23 2023          0.4006982      21348.6577274       5541.5620698
  23 2025          0.3948486      21348.9078213       5536.9142249
  23 2027          0.3948486      21365.3468490       5521.9457800
  23 2029          0.3948486      21337.1448714       5514.9499288
  23 2031          0.3977734      21298.7978863       5540.6851370
  23 2033          0.3802246      21383.8375209       5428.8348998
  23 2035          0.3977734      21383.3180635       5520.1424574
  23 2037          0.4006982      21355.7801784       5522.0998560
  23 2039          0.4006982      21366.7164507       5514.9705209
  23 2041          0.4036230      21305.5823909       5495.8880915
  23 2043          0.3977734      21304.7262104       5514.5794684
  24 2019          0.3977734      21963.6107103       5647.9465024
  24 2021          0.4123975      21912.5381606       5717.1420815
  24 2023          0.4123975      21951.8916305       5712.5372040
  24 2025          0.4153223      21943.9580678       5709.3211943
  24 2027          0.4211719      21882.7157533       5708.2109620
  24 2029          0.4211719      21917.9555772       5704.0931857
  24 2031          0.4211719      21906.7477899       5705.4031119
  24 2033          0.4240967      21923.4218827       5699.3299875
  24 2035          0.3685254      21910.9691050       5373.4228681
  24 2037          0.3831494      21954.2833524       5524.1256545
  24 2039          0.4065479      21900.6041563       5711.9766490
  24 2041          0.4036230      21924.6836452       5724.0183440
  24 2043          0.3977734      21905.4642465       5684.6371421
  25 2019          0.3977734      22606.2141677       5813.1920987
  25 2021          0.4094727      22584.2223372       5865.1760225
  25 2023          0.4036230      22543.0201273       5866.0317035
  25 2025          0.3977734      22622.2631871       5847.4450603
  25 2027          0.3977734      22623.4291937       5852.7278671
  25 2029          0.3977734      22621.4951341       5787.5082005
  25 2031          0.3889990      22528.2257182       5716.2086639
  25 2033          0.4006982      22600.6566484       5824.9129643
  25 2035          0.3948486      22533.2227159       5810.8596255
  25 2037          0.4006982      22573.0997594       5850.0093372
  25 2039          0.3948486      22607.3551421       5830.0834028
  25 2041          0.3919238      22580.5340506       5785.6710154
  25 2043          0.4036230      22612.0835646       5867.5943303
  26 2019          0.3977734      21994.7817735       5655.9621470
  26 2021          0.4065479      21995.7206214       5692.9393680
  26 2023          0.4006982      21968.5307867       5685.8902591
  26 2025          0.4006982      21957.3110206       5698.2152289
  26 2027          0.4006982      22003.3959431       5652.1265075
  26 2029          0.3889990      21951.0323939       5589.5930315
  26 2031          0.3919238      21953.6822351       5577.1862987
  26 2033          0.4006982      21945.6226785       5673.2234568
  26 2035          0.4065479      22000.7845659       5686.9786977
  26 2037          0.4036230      21982.9702836       5682.3142460
  26 2039          0.4036230      21980.5342962       5683.2968694
  26 2041          0.4036230      21995.8522596       5677.1425312
  26 2043          0.4036230      22005.1467819       5673.4362426
  27 2019          0.3977734      21749.0099288       5592.7618722
  27 2021          0.4094727      21784.2174543       5644.3593722
  27 2023          0.3977734      21743.7875378       5620.7149894
  27 2025          0.4006982      21697.7765144       5632.2101964
  27 2027          0.4006982      21718.7528907       5600.0888861
  27 2029          0.3889990      21721.0415368       5548.8645795
  27 2031          0.3889990      21687.2206702       5526.0329009
  27 2033          0.3889990      21720.9191142       5538.3427981
  27 2035          0.3919238      21661.9637575       5565.2284590
  27 2037          0.3889990      21746.8073693       5547.3980044
  27 2039          0.3889990      21730.0767461       5541.5837376
  27 2041          0.3860742      21700.5689491       5474.3990366
  27 2043          0.3889990      21722.4905659       5529.2475380
  28 2019          0.3977734      21689.0655764       5577.3471711
  28 2021          0.4094727      21601.9942929       5632.0808277
  28 2023          0.3889990      21707.4514616       5549.0302526
  28 2025          0.4036230      21605.5550046       5609.5093916
  28 2027          0.4036230      21610.9207135       5606.1368503
  28 2029          0.4036230      21635.7660505       5590.9397577
  28 2031          0.4036230      21631.8710659       5593.2790453
  28 2033          0.4036230      21673.4026429       5569.0688190
  28 2035          0.4036230      21656.9497705       5578.4737190
  28 2037          0.4036230      21689.0218122       5560.3445505
  28 2039          0.3889990      21671.9123914       5472.4615132
  28 2041          0.3948486      21694.8792545       5528.8524793
  28 2043          0.4036230      21656.1992017       5613.6960594
  29 2019          0.3977734      22191.3992493       5706.5223667
  29 2021          0.4094727      22159.2789079       5763.8585509
  29 2023          0.4065479      22156.4548395       5781.7191278
  29 2025          0.4094727      22171.6186127       5775.1792970
  29 2027          0.3860742      22204.6944459       5647.9023674
  29 2029          0.3948486      22164.4068315       5652.8561386
  29 2031          0.3977734      22116.1726125       5720.8621378
  29 2033          0.3977734      22114.4712471       5719.5871721
  29 2035          0.3948486      22196.5107232       5686.8456187
  29 2037          0.3860742      22215.6019562       5655.7956232
  29 2039          0.3977734      22199.0452927       5706.7054168
  29 2041          0.4006982      22198.8249054       5743.5197688
  29 2043          0.3948486      22205.4501753       5713.4880139
  30 2019          0.3977734      22732.0973077       5845.5629711
  30 2021          0.4094727      22670.6329075       5905.7181658
  30 2023          0.4094727      22704.0479099       5900.1598338
  30 2025          0.4094727      22678.1320255       5904.4703040
  30 2027          0.4065479      22737.0769615       5840.0309535
  30 2029          0.3772998      22766.9542104       5642.8360044
  30 2031          0.3831494      22738.8279923       5744.6895658
  30 2033          0.3919238      22669.1558249       5846.9798002
  30 2035          0.3889990      22739.2112866       5827.4680165
  30 2037          0.3977734      22649.6086709       5801.3507481
  30 2039          0.4036230      22654.2988199       5883.3766355
  30 2041          0.4006982      22714.1551355       5902.9151362
  30 2043          0.3831494      22731.9810455       5783.7896742
  31 2019          0.3977734      21311.4161564       5480.2345538
  31 2021          0.4094727      21234.5980428       5539.7594028
  31 2023          0.4065479      21262.7303711       5540.8253454
  31 2025          0.3860742      21317.4184336       5436.8601349
  31 2027          0.3948486      21320.0279456       5487.2633682
  31 2029          0.3977734      21229.2910168       5503.8945311
  31 2031          0.3948486      21258.0240636       5446.4155521
  31 2033          0.3948486      21255.8112326       5444.7510703
  31 2035          0.3831494      21319.4807563       5381.9973620
  31 2037          0.4036230      21289.6725167       5509.7110509
  31 2039          0.3977734      21323.2919644       5515.4129474
  31 2041          0.3977734      21304.3898335       5515.7047047
  31 2043          0.3977734      21288.1128711       5490.8556793
  32 2019          0.3977734      22425.1822236       5766.6397012
  32 2021          0.4094727      22347.2528922       5830.0202721
  32 2023          0.4065479      22387.0318907       5813.6732178
  32 2025          0.4036230      22343.0141727       5806.4100137
  32 2027          0.3919238      22337.4795155       5738.7542356
  32 2029          0.4006982      22378.7093051       5746.5716469
  32 2031          0.4006982      22388.2311311       5775.0343429
  32 2033          0.4006982      22391.1811873       5776.8959955
  32 2035          0.3977734      22418.1676913       5778.0703186
  32 2037          0.3977734      22413.2633257       5759.7167178
  32 2039          0.3977734      22411.5317608       5749.7343987
  32 2041          0.3977734      22410.7236447       5712.6252674
  32 2043          0.3977734      22410.3129088       5737.7999122
  33 2019          0.3977734      21883.2852781       5627.2908028
  33 2021          0.4036230      21819.4920257       5701.2393184
  33 2023          0.4036230      21889.2647557       5687.5551044
  33 2025          0.4094727      21816.2629371       5669.5532990
  33 2027          0.4153223      21862.7690138       5643.7512460
  33 2029          0.4153223      21824.0088673       5651.2459566
  33 2031          0.3860742      21847.1118901       5557.1415073
  33 2033          0.3977734      21854.7430789       5631.3192787
  33 2035          0.3977734      21853.4178373       5628.7440866
  33 2037          0.3977734      21864.0517037       5637.7280704
  33 2039          0.3977734      21865.5658970       5668.2869124
  33 2041          0.3919238      21805.7256529       5589.0684459
  33 2043          0.3919238      21871.8238552       5613.3458881
  34 2019          0.3977734      21463.6748115       5519.3878948
  34 2021          0.4094727      21470.8421570       5553.3807437
  34 2023          0.3977734      21482.5115240       5524.2088691
  34 2025          0.3948486      21478.7826620       5523.8567851
  34 2027          0.3977734      21490.7449620       5538.2808864
  34 2029          0.3977734      21476.6451809       5546.6412961
  34 2031          0.3977734      21480.5990581       5562.6477712
  34 2033          0.3977734      21453.4331820       5543.1922645
  34 2035          0.3948486      21479.6497240       5437.7563940
  34 2037          0.3772998      21426.7836084       5310.3267657
  34 2039          0.3948486      21479.4559011       5460.6815655
  34 2041          0.4036230      21397.7092689       5547.3233786
  34 2043          0.3919238      21471.2797040       5521.4912572
  35 2019          0.3977734      21060.8487635       5415.8011030
  35 2021          0.4006982      21050.0674219       5398.6279589
  35 2023          0.4006982      21029.2077295       5444.3352088
  35 2025          0.3977734      21032.1807675       5416.6069541
  35 2027          0.3860742      20980.6936096       5328.8218234
  35 2029          0.4006982      21071.3997611       5408.9193047
  35 2031          0.4065479      21009.9756063       5441.9260945
  35 2033          0.4036230      21090.0560977       5441.1554307
  35 2035          0.3977734      21074.1834594       5408.6883966
  35 2037          0.3977734      21083.3508793       5443.0083824
  35 2039          0.4006982      21014.5276572       5442.5277881
  35 2041          0.3977734      21002.6201677       5418.6769791
  35 2043          0.4006982      21016.9965819       5454.4421192
  36 2019          0.3977734      21701.0544469       5580.4301113
  36 2021          0.4094727      21673.7477919       5625.0376362
  36 2023          0.4036230      21674.2582269       5614.3576959
  36 2025          0.3977734      21699.7329165       5602.8005164
  36 2027          0.3977734      21697.2177498       5607.4347194
  36 2029          0.3977734      21693.7441541       5600.0944464
  36 2031          0.3977734      21696.6433652       5606.2751510
  36 2033          0.3977734      21682.6360255       5566.2479031
  36 2035          0.3977734      21684.6376004       5574.6009413
  36 2037          0.3977734      21694.8850043       5602.5966642
  36 2039          0.3977734      21690.4586649       5592.2571497
  36 2041          0.3802246      21730.7068974       5473.7962436
  36 2043          0.3889990      21681.1766477       5531.1675167
  37 2019          0.3977734      22039.1405943       5667.3690258
  37 2021          0.4065479      22019.4169841       5734.9181628
  37 2023          0.4006982      22015.5742728       5711.6236057
  37 2025          0.3977734      21965.0738705       5686.0592700
  37 2027          0.3889990      21996.5924637       5636.0031509
  37 2029          0.3977734      22070.8365907       5685.2469409
  37 2031          0.4065479      21994.7249364       5721.5051979
  37 2033          0.4036230      22059.4599013       5721.9589876
  37 2035          0.4065479      22040.1476096       5711.9076330
  37 2037          0.4123975      22011.5248675       5689.9147933
  37 2039          0.4153223      21987.8994909       5680.9706372
  37 2041          0.4094727      21973.4415605       5647.8738671
  37 2043          0.4153223      22030.3458093       5672.1339930
  38 2019          0.3977734      21992.3839994       5655.3455589
  38 2021          0.4065479      21938.0347455       5713.1082677
  38 2023          0.4036230      21973.0207693       5713.3074933
  38 2025          0.3919238      22010.1693767       5647.5989275
  38 2027          0.3919238      21963.4342273       5609.8373708
  38 2029          0.4006982      21957.6332551       5687.6307122
  38 2031          0.4006982      21944.9270301       5703.9848279
  38 2033          0.4006982      21958.0570426       5687.1161269
  38 2035          0.3948486      21925.8160407       5660.4663305
  38 2037          0.3948486      21994.3196859       5628.6921004
  38 2039          0.3948486      21990.2986177       5655.5741863
  38 2041          0.3919238      21967.6428506       5643.9083449
  38 2043          0.3977734      21987.6907260       5680.4670128
  39 2019          0.3977734      21535.6080343       5537.8855361
  39 2021          0.4094727      21470.0961823       5585.3337333
  39 2023          0.3977734      21557.2366706       5561.4323595
  39 2025          0.3977734      21538.1657374       5572.9255483
  39 2027          0.3977734      21537.5401828       5571.7000474
  39 2029          0.3977734      21527.7037995       5548.4218259
  39 2031          0.3919238      21461.7866618       5485.9259388
  39 2033          0.4036230      21506.6963409       5576.2843603
  39 2035          0.4006982      21513.7630639       5574.4325336
  39 2037          0.4006982      21546.8860857       5546.4137028
  39 2039          0.4006982      21551.6293110       5542.6615229
  39 2041          0.4006982      21529.1491642       5560.9863804
  39 2043          0.4006982      21544.2645718       5548.5122479
  40 2019          0.3977734      21237.0851595       5461.1203244
  40 2021          0.4036230      21226.9404822       5503.7048814
  40 2023          0.4036230      21200.6802725       5516.3501785
  40 2025          0.3860742      21181.2117962       5403.1223985
  40 2027          0.4006982      21191.7152792       5492.4261202
  40 2029          0.4006982      21188.9094035       5497.1212665
  40 2031          0.4006982      21208.5697683       5467.7805273
  40 2033          0.4006982      21224.2797386       5448.4006372
  40 2035          0.4006982      21222.9379451       5449.9590541
  40 2037          0.4006982      21239.7809004       5431.4142437
  40 2039          0.4006982      21250.9527721       5420.1308477
  40 2041          0.4036230      21156.0595831       5416.8050908
  40 2043          0.3977734      21220.5647961       5398.5489763
  41 2019          0.3977734      21612.3368053       5557.6163536
  41 2021          0.4065479      21551.6920752       5621.5466699
  41 2023          0.4036230      21608.9159387       5614.0816552
  41 2025          0.4065479      21564.8777593       5608.8318535
  41 2027          0.4094727      21603.1924634       5585.3766110
  41 2029          0.4123975      21604.9474754       5570.1927474
  41 2031          0.4094727      21616.8104007       5582.3737816
  41 2033          0.4094727      21591.2221179       5588.0197134
  41 2035          0.4094727      21607.2144743       5584.4892871
  41 2037          0.4123975      21566.5463744       5578.6280141
  41 2039          0.3977734      21583.4804314       5547.7346669
  41 2041          0.3977734      21633.8394752       5578.0427424
  41 2043          0.3948486      21595.6223813       5558.3309202
  42 2019          0.3977734      21744.2143806       5591.5286961
  42 2021          0.4065479      21717.0739025       5657.4997288
  42 2023          0.4065479      21689.0493758       5660.0308469
  42 2025          0.3977734      21720.3012114       5604.2905175
  42 2027          0.3948486      21724.1963470       5584.4046187
  42 2029          0.3977734      21769.6105909       5602.6582146
  42 2031          0.3977734      21746.5886296       5611.6633968
  42 2033          0.3977734      21755.7002119       5635.6645995
  42 2035          0.3948486      21719.9948739       5613.6215383
  42 2037          0.3919238      21755.2079488       5578.8681455
  42 2039          0.3948486      21688.6688586       5602.9394142
  42 2041          0.3919238      21713.3204487       5562.4447544
  42 2043          0.3919238      21777.7666800       5587.2724939
  43 2019          0.3977734      22819.6160622       5868.0684348
  43 2021          0.4036230      22855.0767251       5925.4001649
  43 2023          0.4006982      22788.6695215       5918.8604302
  43 2025          0.4036230      22757.9048502       5923.5274368
  43 2027          0.4036230      22853.1164820       5890.0867349
  43 2029          0.4065479      22826.2458447       5869.9739751
  43 2031          0.4065479      22788.9811949       5882.6294967
  43 2033          0.4094727      22769.6564733       5860.2232486
  43 2035          0.4065479      22783.1343133       5884.6315309
  43 2037          0.4065479      22772.0609831       5888.4356951
  43 2039          0.4065479      22806.1891226       5876.7633616
  43 2041          0.4065479      22819.0511798       5872.4036044
  43 2043          0.4094727      22735.9247039       5871.5657722
  44 2019          0.3977734      21364.1671865       5493.7994908
  44 2021          0.4036230      21393.7738112       5530.4140682
  44 2023          0.4006982      21351.4086512       5502.2711713
  44 2025          0.3977734      21385.5312187       5508.5651857
  44 2027          0.3860742      21368.6225175       5425.0622677
  44 2029          0.4036230      21294.8280770       5523.9147640
  44 2031          0.4036230      21372.6258697       5547.4348086
  44 2033          0.3977734      21325.4490210       5517.4866423
  44 2035          0.3948486      21303.9710450       5503.1482497
  44 2037          0.3889990      21363.2229305       5438.8855398
  44 2039          0.4036230      21301.3313269       5522.9811383
  44 2041          0.4065479      21315.8688220       5546.1040029
  44 2043          0.4036230      21358.7866062       5540.9437945
  45 2019          0.3977734      21258.6651263       5466.6696168
  45 2021          0.4036230      21228.6922847       5520.0954114
  45 2023          0.4036230      21185.7085583       5532.1462687
  45 2025          0.3977734      21210.5988978       5451.0170458
  45 2027          0.4123975      21202.3649011       5467.1126399
  45 2029          0.4094727      21254.9181604       5472.6686334
  45 2031          0.4094727      21221.3606868       5481.7292685
  45 2033          0.3714502      21261.0209493       5282.9231309
  45 2035          0.3948486      21217.5832419       5443.1163584
  45 2037          0.3948486      21273.0913520       5493.6001784
  45 2039          0.3889990      21188.0377828       5431.6727661
  45 2041          0.4036230      21250.2774184       5516.2004530
  45 2043          0.4036230      21222.3018833       5529.0827663
  46 2019          0.3977734      21685.4689152       5576.4222890
  46 2021          0.4065479      21641.0397670       5635.0435250
  46 2023          0.4036230      21672.8712397       5629.0655024
  46 2025          0.4036230      21705.2788635       5620.6809889
  46 2027          0.4065479      21638.1396393       5619.1932869
  46 2029          0.4094727      21673.2178944       5591.6303694
  46 2031          0.4094727      21598.4495081       5610.6990617
  46 2033          0.4065479      21679.9633274       5608.4448642
  46 2035          0.3948486      21623.2523649       5575.8108393
  46 2037          0.3948486      21617.7648176       5573.5045556
  46 2039          0.3948486      21674.5616756       5596.3498326
  46 2041          0.3919238      21695.0623045       5550.5839735
  46 2043          0.3860742      21710.2668132       5499.5782197
  47 2019          0.3977734      21448.0892798       5515.3800725
  47 2021          0.4065479      21426.4233000       5574.4856772
  47 2023          0.4094727      21362.5028951       5575.9236489
  47 2025          0.4094727      21372.5839793       5574.2173038
  47 2027          0.3860742      21409.0567567       5442.7297194
  47 2029          0.4006982      21460.2876267       5537.2077728
  47 2031          0.3889990      21469.9724994       5461.6186926
  47 2033          0.4006982      21384.7148430       5532.5602022
  47 2035          0.4006982      21382.3491278       5540.5649617
  47 2037          0.4006982      21382.6205847       5539.5728142
  47 2039          0.4006982      21407.0343503       5484.6960540
  47 2041          0.3860742      21381.3422297       5442.8496061
  47 2043          0.3948486      21394.8012765       5505.9105180
  48 2019          0.3977734      22052.3283518       5670.7602601
  48 2021          0.4094727      21982.7198979       5731.6340225
  48 2023          0.4094727      22085.8497877       5714.7617449
  48 2025          0.4094727      21980.9452881       5731.9247320
  48 2027          0.3889990      22038.8085005       5607.8859421
  48 2029          0.3977734      22067.6735318       5679.7055679
  48 2031          0.3977734      22069.9610156       5682.6864803
  48 2033          0.4006982      22053.5342568       5711.9688096
  48 2035          0.3948486      22009.0906840       5698.9168075
  48 2037          0.3977734      22037.7230833       5671.4120163
  48 2039          0.4006982      22020.6140628       5697.0802400
  48 2041          0.4006982      22006.4084446       5695.3022186
  48 2043          0.4006982      21995.7225151       5715.0214101
  49 2019          0.3977734      21265.8584486       5468.5193809
  49 2021          0.4065479      21201.7605867       5500.6022730
  49 2023          0.4006982      21216.4804995       5465.6079329
  49 2025          0.4036230      21264.1303220       5512.5449214
  49 2027          0.4006982      21266.9685108       5489.4963691
  49 2029          0.4006982      21254.4343689       5499.5844197
  49 2031          0.3948486      21239.6491536       5474.7787835
  49 2033          0.4006982      21202.2866566       5486.0312703
  49 2035          0.4006982      21252.0384594       5504.2247829
  49 2037          0.4006982      21273.6192845       5487.5877873
  49 2039          0.4036230      21197.5923696       5475.0922111
  49 2041          0.3977734      21297.6740115       5427.4177183
  49 2043          0.3977734      21298.6677032       5461.5624310
  50 2019          0.3977734      21787.3743143       5602.6272810
  50 2021          0.4094727      21725.6945203       5659.7631864
  50 2023          0.4065479      21746.4576438       5665.8013944
  50 2025          0.3919238      21721.9742699       5616.5667263
  50 2027          0.3919238      21715.2129413       5575.2392189
  50 2029          0.4006982      21794.9602051       5643.2320885
  50 2031          0.4036230      21746.2640969       5620.3131207
  50 2033          0.3977734      21801.7556494       5628.5665343
  50 2035          0.3948486      21787.6303907       5618.1241330
  50 2037          0.3948486      21760.7555293       5602.9513188
  50 2039          0.3977734      21790.3357560       5618.0294687
  50 2041          0.3977734      21741.3194802       5629.5926581
  50 2043          0.4006982      21775.1950509       5648.5783015
