FL 2019 2020 2021 2022 2023 2024 2025 2026 2027 2028 2029 2030 2031 2032 2033 2034 2035 2036 2037 2038 2039 2040 2041 2042 2043 2044 2045
 1    4109.00    3843.84    3843.84    3963.04    3963.04    4502.19    4502.19    7208.12    7208.12    6063.29    6063.29    2592.74    2592.74    2647.72    2647.72    2607.53    2607.53    1162.39    1162.39     303.07     303.07     672.21     672.21    2435.66    2435.66    5752.82    5752.82
 2     783.00     732.16     732.16     754.86     754.86     857.56     857.56    1372.98    1372.98    1154.91    1154.91     493.86     493.86     504.33     504.33     496.67     496.67     221.41     221.41      57.73      57.73     128.04     128.04     463.94     463.94    1095.78    1095.78
 3    3537.00    4320.78    3475.06    3042.25    2504.58    3907.87    3683.81    3926.76    2302.01    2132.06    2132.06    2132.06    2132.06    2132.06    2132.06    2132.06    2132.06    2132.06    2132.06    2132.06    2132.06    1150.38    1461.28    1551.00    1872.76    2339.56    2339.56
 4    1379.00    1183.65     786.27    1033.40    1702.71    1972.44    1188.84    1102.72     603.45     607.60     607.60     607.60     607.60     607.60     607.60     607.60     607.60     607.60     607.60     607.60     607.60     719.96     671.71    1034.96     898.12     804.65     804.65
 1    4109.00    4466.15    4466.15    6179.25    6179.25    3687.68    3687.68    2520.67    2520.67    2486.95    2486.95    1466.85    1466.85    1625.32    1625.32    1484.87    1484.87    2240.70    2240.70   10482.32   10482.32    5835.52    5835.52    1965.81    1965.81     465.23     465.23
 2     783.00     850.70     850.70    1177.00    1177.00     702.42     702.42     480.13     480.13     473.70     473.70     279.40     279.40     309.58     309.58     282.83     282.83     426.80     426.80    1996.63    1996.63    1111.53    1111.53     374.44     374.44      88.62      88.62
 3    3537.00    3719.87    3661.74    3040.28    2299.49    2299.49    1387.67    1400.34    1411.15    1656.51    1563.06    1563.06    1631.08    1631.08    1631.08    1520.27    1705.58    2631.99    2805.84    4070.96    2643.12    2643.12    2643.12    2643.12    2643.12    2643.12    2643.12
 4    1379.00    1023.93     857.90     658.73     539.04     539.04     656.65     589.17     689.13     623.74     576.25     576.25     539.75     539.75     539.75     669.05    1146.50    1167.98     983.87     752.54     528.76     528.76     528.76     528.76     528.76     528.76     528.76
 1    4109.00    6493.41    6493.41    4897.66    4897.66    7353.19    7353.19    2876.41    2876.41    1421.57    1421.57    1529.22    1529.22     741.05     741.05    1915.91    1915.91    2029.10    2029.10    1866.02    1866.02    2961.42    2961.42    1171.17    1171.17    1742.20    1742.20
 2     783.00    1236.84    1236.84     932.89     932.89    1400.61    1400.61     547.89     547.89     270.78     270.78     291.28     291.28     141.15     141.15     364.94     364.94     386.50     386.50     355.43     355.43     564.08     564.08     223.08     223.08     331.85     331.85
 3    3537.00    3938.29    3763.29    2515.64    2929.79    2721.00    2721.00    2721.00    2721.00    2721.00    2721.00    2721.00    2721.00    2721.00    2721.00    2721.00    2721.00    2721.00    2721.00    2721.00    2721.00    2721.00    2721.00    2721.00    1089.53    1488.08    1488.08
 4    1379.00    1081.86     961.74     793.24     726.77     582.79     582.79     582.79     582.79     582.79     582.79     582.79     582.79     582.79     582.79     582.79     582.79     582.79     582.79     582.79     582.79     582.79     582.79     582.79     785.82     685.08     685.08
 1    4109.00    2510.05    2510.05    6148.30    6148.30    4055.90    4055.90    1690.92    1690.92    1264.03    1264.03    2111.80    2111.80    2528.99    2528.99    3261.72    3261.72    5137.44    5137.44    3709.86    3709.86    5148.07    5148.07    5064.91    5064.91    3054.74    3054.74
 2     783.00     478.10     478.10    1171.10    1171.10     772.55     772.55     322.08     322.08     240.77     240.77     402.25     402.25     481.71     481.71     621.28     621.28     978.56     978.56     706.64     706.64     980.58     980.58     964.74     964.74     581.86     581.86
 3    3537.00    2638.73    2954.47    2885.46    2150.47    1570.33    1570.33    1330.07    1278.41    1861.69    2846.02    2527.58    2495.34    3089.34    2942.90    2229.49    1988.91    1925.42    1821.16    1777.24    1530.05    2157.42    2101.32    2101.32    2101.32    2101.32    2101.32
 4    1379.00    1210.47     989.79     820.28     640.87     500.93     500.93     675.62     893.63    1001.25    1104.19    1109.72     936.77     893.55     833.93     797.69     768.44     725.11     718.87     775.43    1024.27     886.65     647.13     647.13     647.13     647.13     647.13
 1    4109.00    3921.92    3921.92    4412.56    4412.56    5739.43    5739.43    9518.12    9518.12    8617.69    8617.69    1835.53    1835.53     942.48     942.48    4013.39    4013.39    4166.32    4166.32    1945.94    1945.94    4344.19    4344.19    4724.87    4724.87     769.69     769.69
 2     783.00     747.03     747.03     840.49     840.49    1093.22    1093.22    1812.98    1812.98    1641.46    1641.46     349.62     349.62     179.52     179.52     764.46     764.46     793.58     793.58     370.66     370.66     827.46     827.46     899.98     899.98     146.61     146.61
 3    3537.00    3659.32    3746.85    3373.72    2475.08    2131.58    1887.15    2140.66    2026.17    2026.17    2026.17    2026.17    2026.17     936.08    1479.89    1479.89    1479.89    1479.89    1479.89    1277.66    1277.66    1277.66    1277.66    1277.66    1277.66    1277.66    1277.66
 4    1379.00    1023.37     847.23     857.58     870.76     939.71     908.82     802.58     895.10     895.10     895.10     895.10     895.10     611.20     751.56     751.56     751.56     751.56     751.56     649.02     649.02     649.02     649.02     649.02     649.02     649.02     649.02
 1    4109.00    6447.21    6447.21    7095.86    7095.86    4506.81    4506.81    1483.94    1483.94    1687.22    1687.22    1398.01    1398.01    2597.36    2597.36    3315.77    3315.77    1952.87    1952.87     903.67     903.67    1574.96    1574.96    4150.15    4150.15    1483.02    1483.02
 2     783.00    1228.04    1228.04    1351.59    1351.59     858.44     858.44     282.66     282.66     321.38     321.38     266.29     266.29     494.74     494.74     631.58     631.58     371.98     371.98     172.13     172.13     299.99     299.99     790.50     790.50     282.48     282.48
 3    3537.00    4090.86    3804.02    2990.04    2990.04    2990.04    2990.04    2990.04    1053.72    1053.72    1053.72    1053.72    1053.72    1053.72    1053.72    1053.72    1053.72    1053.72    1053.72    1053.72    1053.72    1019.54    1019.54    1359.14    1359.14    1440.88    1440.88
 4    1379.00    1093.88     905.06     753.05     753.05     753.05     753.05     753.05     712.93     712.93     712.93     712.93     712.93     712.93     712.93     712.93     712.93     712.93     712.93     712.93     712.93     684.93     684.93     481.12     481.12     719.69     719.69
 1    4109.00    6966.04    6966.04    3483.02    3483.02    2432.43    2432.43    1714.48    1714.48    1190.11    1190.11     674.52     674.52     639.87     639.87    3342.57    3342.57    1609.61    1609.61     958.19     958.19    2208.36    2208.36    5625.31    5625.31    3930.23    3930.23
 2     783.00    1326.86    1326.86     663.43     663.43     463.32     463.32     326.57     326.57     226.69     226.69     128.48     128.48     121.88     121.88     636.68     636.68     306.59     306.59     182.51     182.51     420.64     420.64    1071.49    1071.49     748.62     748.62
 3    3537.00    3468.59    3264.10    2130.26    2130.26    2130.26    2130.26    2130.26    2130.26    2130.26    2130.26    2130.26    2130.26    2130.26    2130.26    2130.26    2130.26    2130.26    2130.26    1395.47    2132.14    2666.37    2944.57    3027.71    3167.26    3167.26    3167.26
 4    1379.00    1021.43     849.88     739.49     739.49     739.49     739.49     739.49     739.49     739.49     739.49     739.49     739.49     739.49     739.49     739.49     739.49     739.49     739.49    1042.70    1110.99    1247.49    1198.76    1061.55     797.35     797.35     797.35
 1    4109.00    1392.47    1392.47    1653.04    1653.04    3272.35    3272.35    6407.48    6407.48    3658.58    3658.58    7661.35    7661.35    4042.96    4042.96    1598.06    1598.06    4019.40    4019.40   11604.05   11604.05    7074.61    7074.61    1297.76    1297.76     685.61     685.61
 2     783.00     265.23     265.23     314.86     314.86     623.30     623.30    1220.47    1220.47     696.87     696.87    1459.30    1459.30     770.09     770.09     304.39     304.39     765.60     765.60    2210.30    2210.30    1347.54    1347.54     247.19     247.19     130.59     130.59
 3    3537.00    2396.87    2211.93    2211.93    2211.93    2211.93    1349.57    1668.54    2232.77    1951.92    2676.41    2454.68    2454.68    2454.68    2454.68    2454.68     779.72    2015.44    2934.62    4519.28    3259.69    3259.69    3259.69    3259.69    3259.69    3259.69     915.35
 4    1379.00    1014.95     861.33     861.33     861.33     861.33     842.20     954.82    1116.36    1096.96     976.73     812.80     812.80     812.80     812.80     812.80    1223.38    1366.78    1182.46    1061.28     782.75     782.75     782.75     782.75     782.75     782.75     915.52
 1    4109.00    6888.42    6888.42    7995.37    7995.37    3742.66    3742.66     574.73     574.73    2448.14    2448.14    5322.24    5322.24    4281.82    4281.82    2383.46    2383.46    1000.23    1000.23     751.21     751.21     799.72     799.72    1144.37    1144.37    4116.88    4116.88
 2     783.00    1312.08    1312.08    1522.93    1522.93     712.89     712.89     109.47     109.47     466.31     466.31    1013.76    1013.76     815.58     815.58     453.99     453.99     190.52     190.52     143.09     143.09     152.33     152.33     217.98     217.98     784.17     784.17
 3    3537.00    3722.84    3386.01    2279.01    2279.01    2279.01    2279.01     904.04    1333.35    2196.83    2766.44    3291.85    2534.20    2534.20    2534.20    2534.20    2534.20    2534.20    2534.20    2534.20    2534.20    2534.20    1178.84    1336.70    3638.27    5158.48    4760.74
 4    1379.00    1094.05     745.85     581.52     581.52     581.52     581.52     796.91    1109.34    1142.94     989.86     896.58     745.84     745.84     745.84     745.84     745.84     745.84     745.84     745.84     745.84     745.84     738.59    1976.22    2606.21    1871.56    1442.24
 1    4109.00    6048.97    6048.97    4524.37    4524.37    2920.30    2920.30    2205.59    2205.59    1454.84    1454.84    1102.33    1102.33    1014.55    1014.55    1538.00    1538.00    4624.16    4624.16    4224.53    4224.53    4875.95    4875.95     956.80     956.80     567.34     567.34
 2     783.00    1152.18    1152.18     861.78     861.78     556.25     556.25     420.11     420.11     277.11     277.11     209.97     209.97     193.25     193.25     292.95     292.95     880.79     880.79     804.67     804.67     928.75     928.75     182.25     182.25     108.06     108.06
 3    3537.00    3637.81    3039.66    2360.86    2360.86    2360.86    2360.86    2360.86    2360.86    2360.86    2360.86    2360.86    2360.86    2360.86     759.49    1557.38    2130.82    2495.29    2495.29    2495.29    2495.29    2495.29    2495.29    2495.29    2495.29    2495.29    2495.29
 4    1379.00    1056.92     861.77     986.93     986.93     986.93     986.93     986.93     986.93     986.93     986.93     986.93     986.93     986.93     727.70    1053.89    1088.68     866.11     866.11     866.11     866.11     866.11     866.11     866.11     866.11     866.11     866.11
 1    4109.00    3446.06    3446.06    3716.79    3716.79    3997.69    3997.69    3439.13    3439.13    2703.62    2703.62    2171.40    2171.40    4826.98    4826.98    4743.35    4743.35    4948.02    4948.02    2742.43    2742.43    3899.74    3899.74    2558.56    2558.56    2772.92    2772.92
 2     783.00     656.39     656.39     707.96     707.96     761.46     761.46     655.07     655.07     514.98     514.98     413.60     413.60     919.42     919.42     903.50     903.50     942.48     942.48     522.37     522.37     742.81     742.81     487.34     487.34     528.18     528.18
 3    3537.00    4181.44    3850.20    2174.91    2179.65    1880.57    1707.42    1707.42    1707.42    1707.42    1707.42    1197.41    1753.85    2181.79    2280.78    2052.76    2275.62    2002.99    2047.92    1834.60    1834.60    1834.60    1834.60    1834.60    1834.60    1834.60    1834.60
 4    1379.00    1236.56     850.20     777.89     705.20     678.47     770.30     770.30     770.30     770.30     770.30     877.66    1015.63    1049.73     968.35     855.95     812.28     763.47     756.90     604.35     604.35     604.35     604.35     604.35     604.35     604.35     604.35
 1    4109.00    4743.35    4743.35    5393.85    5393.85    4513.28    4513.28    2728.11    2728.11     843.15     843.15     574.27     574.27    3166.55    3166.55    6162.16    6162.16    5296.37    5296.37    2425.04    2425.04    3066.76    3066.76    5221.99    5221.99    7441.43    7441.43
 2     783.00     903.50     903.50    1027.40    1027.40     859.67     859.67     519.64     519.64     160.60     160.60     109.38     109.38     603.15     603.15    1173.74    1173.74    1008.83    1008.83     461.91     461.91     584.14     584.14     994.66     994.66    1417.42    1417.42
 3    3537.00    3320.11    3472.18    3025.28    3025.28    3025.28    3025.28    3025.28    3025.28    3025.28    3025.28     877.30    2005.44    2608.80    2995.52    2238.74    2068.18    2068.18    1487.74    1136.15    1475.69    1904.52    1710.22    1696.02    3034.81    3290.96    2733.11
 4    1379.00    1098.40     851.22     731.79     731.79     731.79     731.79     731.79     731.79     731.79     731.79     923.87    1357.50    1105.68     925.35     697.90     610.25     610.25     655.20     705.24     767.59     772.38     975.43    1358.66    1519.81    1467.40    1247.58
 1    4109.00    5658.58    5658.58    3152.23    3152.23    2123.81    2123.81    1306.07    1306.07    2650.96    2650.96    2658.35    2658.35    2079.46    2079.46     801.57     801.57    1099.10    1099.10    1172.09    1172.09    2105.33    2105.33    4243.01    4243.01    3275.58    3275.58
 2     783.00    1077.82    1077.82     600.42     600.42     404.54     404.54     248.78     248.78     504.94     504.94     506.35     506.35     396.09     396.09     152.68     152.68     209.35     209.35     223.26     223.26     401.02     401.02     808.19     808.19     623.92     623.92
 3    3537.00    3109.80    3016.94    1781.96    1571.74    1661.15    1661.15    1661.15    1661.15    1661.15    1661.15    1661.15    1661.15    1661.15    1661.15    1661.15    1661.15    1661.15    1030.79    1030.79    1030.79    1030.79    1030.79    1030.79     990.27    1252.21    2169.73
 4    1379.00     843.78     749.93     635.28     839.75     770.30     770.30     770.30     770.30     770.30     770.30     770.30     770.30     770.30     770.30     770.30     770.30     770.30     636.03     636.03     636.03     636.03     636.03     636.03     732.27    1212.61    1138.78
 1    4109.00    5649.34    5649.34    9167.93    9167.93    4984.52    4984.52    4151.99    4151.99    2528.99    2528.99    3728.80    3728.80    4961.88    4961.88    2820.05    2820.05    1444.67    1444.67    2999.77    2999.77    7473.31    7473.31    4065.14    4065.14    1371.68    1371.68
 2     783.00    1076.06    1076.06    1746.27    1746.27     949.43     949.43     790.86     790.86     481.71     481.71     710.25     710.25     945.12     945.12     537.15     537.15     275.18     275.18     571.38     571.38    1423.49    1423.49     774.31     774.31     261.27     261.27
 3    3537.00    3312.01    3645.63    2844.43    2844.43    2844.43    1029.57    1029.57    1029.57    1029.57    1134.38    1331.74    1793.85    1793.85    1793.85    1793.85    1122.73    1703.70    1720.22    2887.85    3488.56    3488.56    3488.56    3488.56    3488.56    3488.56    3488.56
 4    1379.00    1089.95     855.60     662.06     662.06     662.06     664.43     664.43     664.43     664.43     784.09     925.47     729.45     729.45     729.45     729.45     721.36     826.20    1176.62    1344.09    1077.22    1077.22    1077.22    1077.22    1077.22    1077.22    1077.22
 1    4109.00    5167.01    5167.01    4666.66    4666.66    2880.11    2880.11    1978.28    1978.28    1732.50    1732.50     413.95     413.95    2903.21    2903.21    2541.92    2541.92    3221.06    3221.06    2470.31    2470.31    1348.58    1348.58     733.66     733.66    1218.76    1218.76
 2     783.00     984.19     984.19     888.89     888.89     548.59     548.59     376.82     376.82     330.00     330.00      78.85      78.85     552.99     552.99     484.18     484.18     613.54     613.54     470.54     470.54     256.87     256.87     139.74     139.74     232.14     232.14
 3    3537.00    2680.87    3244.99    2282.52    2443.36    2443.36    2443.36    2443.36    2443.36    2443.36    2443.36     723.26    1595.78    2190.47    2190.47    2190.47    2190.47    2190.47    2190.47    2190.47    2190.47    2190.47    2190.47    2190.47    2190.47     979.99    1495.03
 4    1379.00     901.99     745.06     704.32     761.73     761.73     761.73     761.73     761.73     761.73     761.73     885.05     959.94     714.74     714.74     714.74     714.74     714.74     714.74     714.74     714.74     714.74     714.74     714.74     714.74     654.38     774.48
 1    4109.00    4684.22    4684.22    3422.96    3422.96    5175.32    5175.32    5084.77    5084.77    4017.55    4017.55    3835.52    3835.52    3997.69    3997.69    2749.82    2749.82    3271.88    3271.88    6018.94    6018.94    8349.26    8349.26    5400.32    5400.32    3876.64    3876.64
 2     783.00     892.23     892.23     651.99     651.99     985.78     985.78     968.53     968.53     765.25     765.25     730.58     730.58     761.46     761.46     523.78     523.78     623.22     623.22    1146.46    1146.46    1590.34    1590.34    1028.63    1028.63     738.41     738.41
 3    3537.00    3745.70    3359.18    2595.51    2078.03    1501.32    1523.92    1233.17    1560.59    1326.22    1720.27    1789.56    1620.62    1485.36    1397.27    1275.75    1816.89    3222.06    4083.97    4333.35    4333.35    2410.70    2410.70    1306.84    1256.16    1658.47    1753.12
 4    1379.00    1086.94     738.68     610.56     649.55     664.67     657.05     658.36     713.81     760.91     931.35     809.03     610.40     598.21     650.27     886.01    2008.84    2005.47    1470.73    1011.01    1011.01     557.31     557.31     809.58     903.07     935.06    1126.55
 1    4109.00    6814.96    6814.96    3673.36    3673.36    3880.80    3880.80    1996.76    1996.76    1349.50    1349.50    1445.60    1445.60    1791.17    1791.17    5592.51    5592.51    6893.04    6893.04    6320.16    6320.16    6751.21    6751.21    2084.54    2084.54    1048.28    1048.28
 2     783.00    1298.09    1298.09     699.69     699.69     739.20     739.20     380.34     380.34     257.05     257.05     275.35     275.35     341.18     341.18    1065.24    1065.24    1312.96    1312.96    1203.84    1203.84    1285.94    1285.94     397.06     397.06     199.67     199.67
 3    3537.00    3460.87    3328.81    2224.17    2280.76    1903.66    1903.66    1903.66    1903.66    1903.66    1903.66    1903.66    1413.06    1427.30    2735.22    3820.53    3724.29    2416.27    1946.39    2188.42    1725.49    1725.49    1725.49    1725.49    1725.49    1725.49    1725.49
 4    1379.00    1001.16     791.32     760.48     747.65     706.53     706.53     706.53     706.53     706.53     706.53     706.53     866.76    1470.60    1219.38     914.78     747.28     941.79     925.92     940.77     566.60     566.60     566.60     566.60     566.60     566.60     566.60
 1    4109.00    4288.75    4288.75    5336.10    5336.10    4131.20    4131.20    5231.69    5231.69    3482.56    3482.56    1568.95    1568.95    2167.70    2167.70    1398.47    1398.47    2221.76    2221.76    3185.03    3185.03    2980.82    2980.82    4400.09    4400.09    3080.15    3080.15
 2     783.00     816.90     816.90    1016.40    1016.40     786.90     786.90     996.51     996.51     663.34     663.34     298.85     298.85     412.90     412.90     266.38     266.38     423.19     423.19     606.67     606.67     567.78     567.78     838.11     838.11     586.70     586.70
 3    3537.00    4221.54    3924.02    3261.86    3115.52    2957.17    2590.77    2590.77    2590.77    2590.77    2590.77    2590.77    2590.77    2590.77    1164.02    1355.79    1674.13    1433.68    1446.78    1715.96    2471.53    2959.56    2512.82    2512.82    2318.71    1969.63    2152.31
 4    1379.00    1206.81     887.61    1026.83     839.12     902.40     781.90     781.90     781.90     781.90     781.90     781.90     781.90     781.90     580.67     663.73     674.84     608.24     722.06    1238.08    1274.95    1151.07     837.26     837.26     615.81     947.38     949.17
 1    4109.00    4831.13    4831.13   12170.47   12170.47    2792.33    2792.33     559.02     559.02     235.16     235.16     263.80     263.80     592.75     592.75     294.29     294.29     514.21     514.21     317.86     317.86     516.98     516.98     185.26     185.26     276.74     276.74
 2     783.00     920.22     920.22    2318.18    2318.18     531.87     531.87     106.48     106.48      44.79      44.79      50.25      50.25     112.90     112.90      56.06      56.06      97.94      97.94      60.54      60.54      98.47      98.47      35.29      35.29      52.71      52.71
 3    3537.00    3738.56    3646.79    3646.79    3646.79    3270.04    2917.94    1955.72    2651.73    2625.31    2813.39    3646.79    3646.79    3646.79    3646.79    3646.79    3646.79    3646.79    3646.79    3646.79    3646.79    3646.79    3646.79    2915.93    3646.79    3646.79    3646.79
 4    1379.00    1023.61     817.10     817.10     817.10     817.10     817.10     817.10     817.10     817.10     817.10     817.10     817.10     817.10     817.10     817.10     817.10     817.10     817.10     817.10     817.10     817.10     817.10     817.10     817.10     817.10     817.10
 1    4109.00    4753.98    4753.98    5825.82    5825.82    4310.46    4310.46    4189.88    4189.88     872.72     872.72    2164.01    2164.01    3516.74    3516.74    7317.62    7317.62    8897.66    8897.66    4010.62    4010.62    4089.16    4089.16    1648.88    1648.88     687.92     687.92
 2     783.00     905.52     905.52    1109.68    1109.68     821.04     821.04     798.07     798.07     166.23     166.23     412.19     412.19     669.86     669.86    1393.83    1393.83    1694.79    1694.79     763.93     763.93     778.89     778.89     314.07     314.07     131.03     131.03
 3    3537.00    3861.74    3296.46    2540.84    2242.48    2242.48    2242.48    2242.48    2242.48     652.04    1754.31    2498.16    1866.16    1797.98    1872.11    2142.36    2114.66    1844.29    1844.29    1844.29    1844.29    1844.29    1844.29    1844.29    1844.29    1844.29    1844.29
 4    1379.00     999.70     829.01     872.75     926.13     926.13     926.13     926.13     926.13     840.25     969.50     840.06     639.64     788.78     896.64     880.26     715.91     606.07     606.07     606.07     606.07     606.07     606.07     606.07     606.07     606.07     606.07
 1    4109.00    4037.42    4037.42    3964.88    3964.88    1813.81    1813.81    2064.22    2064.22    1436.36    1436.36    3387.38    3387.38    4765.99    4765.99    6588.58    6588.58    4923.53    4923.53    1970.43    1970.43     613.07     613.07    1920.53    1920.53    1978.28    1978.28
 2     783.00     769.03     769.03     755.22     755.22     345.49     345.49     393.18     393.18     273.59     273.59     645.22     645.22     907.81     907.81    1254.97    1254.97     937.82     937.82     375.32     375.32     116.78     116.78     365.82     365.82     376.82     376.82
 3    3537.00    3934.41    3961.07    2881.30    2881.30    2881.30    2881.30    1291.97    1452.70    2394.33    2432.95    2876.67    2580.51    2991.72    2267.27    2267.27    2267.27    2267.27    2267.27    2267.27    2267.27    2267.27    2267.27    2267.27    2267.27    1189.56    1644.76
 4    1379.00    1006.15     815.46     574.62     574.62     574.62     574.62     751.17     947.54    1182.80    1019.82    1046.78     970.02     899.43     697.83     697.83     697.83     697.83     697.83     697.83     697.83     697.83     697.83     697.83     697.83     822.89    1034.78
 1    4109.00    4456.91    4456.91    4200.97    4200.97    2798.80    2798.80    5020.55    5020.55     805.73     805.73    1797.18    1797.18    3981.98    3981.98    3624.39    3624.39    1855.39    1855.39    1683.53    1683.53    1546.78    1546.78    1468.24    1468.24    1342.57    1342.57
 2     783.00     848.94     848.94     800.18     800.18     533.10     533.10     956.30     956.30     153.47     153.47     342.32     342.32     758.47     758.47     690.36     690.36     353.41     353.41     320.67     320.67     294.62     294.62     279.66     279.66     255.73     255.73
 3    3537.00    3468.38    4325.08    2790.17    2675.56    1966.27    1966.27    1966.27    1966.27    1966.27    1425.98    1443.65    1766.65    1766.65    1766.65    1766.65    1766.65    1766.65    1766.65    1766.65    1766.65     963.01    1600.41    1600.41    1600.41    1600.41    1600.41
 4    1379.00    1109.93     935.30     744.48     772.57     684.31     684.31     684.31     684.31     684.31     764.38     761.19     689.65     689.65     689.65     689.65     689.65     689.65     689.65     689.65     689.65     606.56     721.00     721.00     721.00     721.00     721.00
 1    4109.00    4004.62    4004.62    8360.81    8360.81   13253.39   13253.39    4932.31    4932.31    4638.48    4638.48    8351.11    8351.11    4028.64    4028.64    5871.10    5871.10    3041.35    3041.35    2483.71    2483.71    1185.49    1185.49    3364.75    3364.75    3152.23    3152.23
 2     783.00     762.78     762.78    1592.54    1592.54    2524.46    2524.46     939.49     939.49     883.52     883.52    1590.69    1590.69     767.36     767.36    1118.30    1118.30     579.30     579.30     473.09     473.09     225.81     225.81     640.90     640.90     600.42     600.42
 3    3537.00    3506.70    3182.07    2612.11    2584.13    1490.84    1034.48     858.09     998.23     998.23    1130.96    1176.10    1176.10     541.11     903.86    1909.12    2336.40    1813.97    1677.61    1677.61    1677.61    1677.61    1677.61    1316.83    1316.83    1316.83    1316.83
 4    1379.00     955.52     882.72     888.85     792.94     658.85     802.44     638.85     526.69     526.69     610.96     603.50     603.50     703.48    1179.03     990.23     864.24     613.21     543.56     543.56     543.56     543.56     543.56     569.32     569.32     569.32     569.32
 1    4109.00    4684.22    4684.22    3955.18    3955.18    2629.24    2629.24    1302.38    1302.38    1046.89    1046.89    1125.43    1125.43     411.64     411.64     485.56     485.56    3238.62    3238.62   15313.45   15313.45   15626.69   15626.69    5938.55    5938.55    3113.88    3113.88
 2     783.00     892.23     892.23     753.37     753.37     500.81     500.81     248.07     248.07     199.41     199.41     214.37     214.37      78.41      78.41      92.49      92.49     616.88     616.88    2916.85    2916.85    2976.51    2976.51    1131.15    1131.15     593.12     593.12
 3    3537.00    3928.22    4241.28    4241.28    4241.28    4241.28    4241.28    4241.28    4241.28    4241.28    4241.28    4241.28    4241.28    4241.28    4241.28    1064.65    1787.40    3102.94    5425.17    7214.30    7423.24    4957.63    3351.17    1810.49    1559.28    1584.59    1961.27
 4    1379.00    1123.58     795.48     795.48     795.48     795.48     795.48     795.48     795.48     795.48     795.48     795.48     795.48     795.48     795.48     914.15    1844.47    3546.38    3565.52    2705.11    1731.20     960.68     707.82     639.01     720.65     736.58     917.72
 1    4109.00    4122.89    4122.89    5525.06    5525.06    5112.49    5112.49    5980.59    5980.59    1199.35    1199.35     631.55     631.55    1694.62    1694.62    3079.23    3079.23    3788.40    3788.40    4049.89    4049.89    3899.74    3899.74    5064.44    5064.44    3331.94    3331.94
 2     783.00     785.31     785.31    1052.39    1052.39     973.81     973.81    1139.16    1139.16     228.45     228.45     120.30     120.30     322.78     322.78     586.52     586.52     721.60     721.60     771.41     771.41     742.81     742.81     964.66     964.66     634.66     634.66
 3    3537.00    4383.74    4311.05    3311.36    2489.79    1807.60    1807.60    1807.60    1807.60    1807.60    1807.60    1807.60    1173.97    1173.97    1534.04    1552.14    1503.69    1765.28    1789.75    1789.75    1379.47    1331.01    2482.99    3101.60    2497.45    2497.45    2497.45
 4    1379.00    1106.63     971.61     946.57     725.34     693.75     693.75     693.75     693.75     693.75     693.75     693.75     662.12     662.12     523.95     823.90     781.30     744.57     613.68     613.68     677.17    1339.72    1347.33     966.86     638.11     638.11     638.11
 1    4109.00    3383.69    3383.69    3861.86    3861.86    5499.65    5499.65    1617.46    1617.46    1132.82    1132.82    1012.24    1012.24    2937.86    2937.86    1997.69    1997.69    2291.98    2291.98    2355.28    2355.28    1986.14    1986.14    1791.64    1791.64     674.52     674.52
 2     783.00     644.51     644.51     735.59     735.59    1047.55    1047.55     308.09     308.09     215.78     215.78     192.81     192.81     559.59     559.59     380.51     380.51     436.57     436.57     448.62     448.62     378.31     378.31     341.26     341.26     128.48     128.48
 3    3537.00    3925.79    3548.75    2151.34    2151.34    2151.34    2151.34    2151.34    2151.34    2151.34    1142.62    1522.58    2215.40    2310.43    2142.58    2514.13    2432.73    2101.67    2101.67    2101.67    2101.67    2101.67    2101.67    2101.67    2101.67    2101.67    2101.67
 4    1379.00    1064.55     908.53     737.01     737.01     737.01     737.01     737.01     737.01     737.01     668.69    1012.60    1089.96     974.67     769.91     754.83     636.40     625.30     625.30     625.30     625.30     625.30     625.30     625.30     625.30     625.30     625.30
 1    4109.00    3527.83    3527.83    4723.49    4723.49    4253.63    4253.63    1812.43    1812.43    1898.36    1898.36    1432.66    1432.66    1787.48    1787.48    2492.95    2492.95    2104.41    2104.41    1894.66    1894.66     615.38     615.38    1068.61    1068.61    1875.72    1875.72
 2     783.00     671.97     671.97     899.71     899.71     810.22     810.22     345.22     345.22     361.59     361.59     272.89     272.89     340.47     340.47     474.85     474.85     400.84     400.84     360.89     360.89     117.22     117.22     203.54     203.54     357.28     357.28
 3    3537.00    3716.19    3880.54    2365.12    1846.30    1725.16    1725.16    1725.16    1725.16    1725.16    1174.96    1427.09    1427.09    1427.09    1427.09    1427.09    1427.09    1427.09    1427.09    1427.09    1427.09    1427.09    1427.09    1427.09    1061.46    1463.34    1713.52
 4    1379.00    1008.15     809.24     712.88     737.29     610.23     610.23     610.23     610.23     610.23     735.79     852.12     852.12     852.12     852.12     852.12     852.12     852.12     852.12     852.12     852.12     852.12     852.12     852.12     612.21     844.40     657.52
 1    4109.00    4289.67    4289.67    3889.58    3889.58    4420.42    4420.42    4031.87    4031.87    2680.52    2680.52    2854.70    2854.70    1434.05    1434.05    1898.82    1898.82    1072.76    1072.76     626.47     626.47    1371.22    1371.22    4590.43    4590.43    5819.35    5819.35
 2     783.00     817.08     817.08     740.87     740.87     841.98     841.98     767.98     767.98     510.58     510.58     543.75     543.75     273.15     273.15     361.68     361.68     204.34     204.34     119.33     119.33     261.18     261.18     874.37     874.37    1108.45    1108.45
 3    3537.00    3740.40    3588.58    2347.11    1793.89    2461.76    3079.99    3079.99    3079.99    3079.99    3079.99    3079.99    3079.99    3079.99    3079.99    3079.99    3079.99    3079.99    3079.99     960.35    1894.39    2490.57    2427.66    3158.98    3158.98    3158.98    3158.98
 4    1379.00    1092.01     848.88    1003.13    1133.40    1326.13     991.48     991.48     991.48     991.48     991.48     991.48     991.48     991.48     991.48     991.48     991.48     991.48     991.48    1019.99     989.93    1092.18    1045.33     934.07     934.07     934.07     934.07
 1    4109.00    3978.28    3978.28    7237.69    7237.69    4017.55    4017.55    1727.88    1727.88     887.96     887.96    3299.60    3299.60    3203.51    3203.51    1883.57    1883.57    2854.70    2854.70    3372.60    3372.60    4919.38    4919.38    3936.24    3936.24    1938.55    1938.55
 2     783.00     757.77     757.77    1378.61    1378.61     765.25     765.25     329.12     329.12     169.14     169.14     628.50     628.50     610.19     610.19     358.78     358.78     543.75     543.75     642.40     642.40     937.02     937.02     749.76     749.76     369.25     369.25
 3    3537.00    3896.55    3530.56    3411.71    2780.81    2780.81    2780.81    2780.81    1024.22    1568.53    1632.25    1632.25    1632.25    1632.25    1632.25    1632.25    1632.25    1206.10    1424.42    2367.63    2759.96    2473.04    2457.85    1908.88    1810.11    1597.38    2108.75
 4    1379.00    1061.81     769.31     674.24     533.01     533.01     533.01     533.01     704.44     781.81     723.31     723.31     723.31     723.31     723.31     723.31     723.31     773.48    1011.33    1082.66    1066.06     952.29     784.74     637.04     835.02     842.68     919.94
 1    4109.00    5283.43    5283.43    4419.03    4419.03    5074.61    5074.61    1019.17    1019.17     192.19     192.19     957.73     957.73    3364.28    3364.28    2730.88    2730.88     820.51     820.51    2909.21    2909.21    6895.35    6895.35    2507.27    2507.27    3619.31    3619.31
 2     783.00    1006.37    1006.37     841.72     841.72     966.59     966.59     194.13     194.13      36.61      36.61     182.42     182.42     640.82     640.82     520.17     520.17     156.29     156.29     554.14     554.14    1313.40    1313.40     477.58     477.58     689.39     689.39
 3    3537.00    4457.74    4342.51    4342.51    4342.51    4342.51    4342.51    3608.50    3317.48    4342.51     888.47     888.47     888.47     888.47     888.47     888.47     888.47     936.19    1622.11    1870.83    1870.83    1870.83    1870.83    1870.83     883.98    1612.94    1952.53
 4    1379.00    1123.71     969.92     969.92     969.92     969.92     969.92     969.92     969.92     969.92     629.85     629.85     629.85     629.85     629.85     629.85     629.85     673.15     680.28     588.37     588.37     588.37     588.37     588.37     836.95    1319.40    1239.04
 1    4109.00    4769.69    4769.69    5386.92    5386.92    2673.13    2673.13    3584.20    3584.20    4434.74    4434.74    1453.45    1453.45    1401.71    1401.71    1672.90    1672.90    3595.28    3595.28    5887.73    5887.73    4954.03    4954.03    2516.05    2516.05    1652.11    1652.11
 2     783.00     908.51     908.51    1026.08    1026.08     509.17     509.17     682.70     682.70     844.71     844.71     276.85     276.85     266.99     266.99     318.65     318.65     684.82     684.82    1121.47    1121.47     943.62     943.62     479.25     479.25     314.69     314.69
 3    3537.00    3679.33    3513.47    2788.50    2788.50    2788.50    1102.52    1615.10    1615.10    1615.10    1615.10    1615.10    1615.10    1615.10    1615.10    1342.12    1700.98    2894.04    2941.43    2295.58    1885.09    1796.58    1496.54    1496.54    1496.54    1496.54    1496.54
 4    1379.00     970.75     785.20     645.51     645.51     645.51     846.66     752.79     752.79     752.79     752.79     752.79     752.79     752.79     752.79     925.73    1183.40    1176.17     875.79     777.20     730.21     671.75     607.36     607.36     607.36     607.36     607.36
 1    4109.00    5854.93    5854.93    3322.24    3322.24    3191.50    3191.50    2603.83    2603.83    1316.24    1316.24    2415.34    2415.34    2659.73    2659.73    3601.75    3601.75    2362.67    2362.67    1882.19    1882.19     715.64     715.64    1421.57    1421.57    1203.05    1203.05
 2     783.00    1115.22    1115.22     632.81     632.81     607.90     607.90     495.97     495.97     250.71     250.71     460.06     460.06     506.62     506.62     686.05     686.05     450.03     450.03     358.51     358.51     136.31     136.31     270.78     270.78     229.15     229.15
 3    3537.00    4465.73    4257.42    3168.01    2636.89    1914.22    1914.22    1639.60    1478.59    1569.22    2353.64    2324.74    2232.79    2451.95    2367.15    2200.54    2200.54    2200.54    2200.54    2200.54    2200.54    2200.54    2200.54    2200.54    2200.54    2200.54    2200.54
 4    1379.00    1214.29     941.77     834.66     674.75     602.87     602.87     575.52     882.16     994.36     861.72    1003.85     794.65     838.87     838.15     869.94     869.94     869.94     869.94     869.94     869.94     869.94     869.94     869.94     869.94     869.94     869.94
 1    4109.00   13289.43   13289.43    7109.72    7109.72    2316.93    2316.93     364.52     364.52     595.98     595.98    1400.32    1400.32    2297.53    2297.53    2164.47    2164.47    2828.83    2828.83    6374.68    6374.68    2963.73    2963.73    4725.34    4725.34    4303.53    4303.53
 2     783.00    2531.32    2531.32    1354.23    1354.23     441.32     441.32      69.43      69.43     113.52     113.52     266.73     266.73     437.62     437.62     412.28     412.28     538.82     538.82    1214.22    1214.22     564.52     564.52     900.06     900.06     819.72     819.72
 3    3537.00    3855.96    2847.99    2847.99    2847.99    2847.99    2730.35    1947.79    2847.99    2847.99    2847.99    2847.99    1003.82    1604.28    1604.28    1604.28    1604.28    1381.24    1717.94    1717.94    1601.02    1057.19    2241.44    2241.44    2241.44    2241.44    2241.44
 4    1379.00    1053.23     679.48     679.48     679.48     679.48     679.48     679.48     679.48     679.48     679.48     679.48     696.94     651.94     651.94     651.94     651.94     788.27     691.90     691.90     675.24    1229.14    1258.91    1258.91    1258.91    1258.91    1258.91
 1    4109.00    2537.77    2537.77    3334.72    3334.72    4419.95    4419.95    3965.81    3965.81    4806.19    4806.19    7971.81    7971.81    4723.03    4442.22     319.70     319.70     155.23     155.23     896.28     896.28    3186.88    3186.88    4483.25    4483.25    3283.90    3283.90
 2     783.00     483.38     483.38     635.18     635.18     841.90     841.90     755.39     755.39     915.46     915.46    1518.44    1518.44     899.62     899.62      60.90      60.90      29.57      29.57     170.72     170.72     607.02     607.02     853.95     853.95     625.50     625.50
 3    3537.00    3528.08    4062.64    2303.27    2490.02    2825.20    2168.70    2226.39    2111.05    1975.95    1975.95    1975.95    1975.95    1975.95    1975.95     762.79    1803.65    1975.95    1202.01    1780.11    2182.56    2518.30    2518.30    1992.55    1400.82    1776.02    1958.99
 4    1379.00     979.44     972.89    1089.43     946.81    1001.90     991.19     798.73     791.08     760.32     760.32     760.32     760.32     760.32     760.32     760.32     760.32     760.32     878.04     937.36     925.94     799.24     799.24     599.65     840.35     828.42     728.82
 1    4109.00    1248.32    1248.32    3575.88    3575.88    2650.96    2650.96    2088.24    2088.24    2226.84    2226.84    2639.41    2639.41    3253.40    3253.40    2049.89    2049.89    4425.50    4425.50    3990.29    3990.29    2897.66    2897.66    4234.69    4234.69    5910.37    5910.37
 2     783.00     237.78     237.78     681.12     681.12     504.94     504.94     397.76     397.76     424.16     424.16     502.74     502.74     619.70     619.70     390.46     390.46     842.95     842.95     760.06     760.06     551.94     551.94     806.61     806.61    1125.78    1125.78
 3    3537.00    2240.21    2275.84    2543.12    1972.81    1974.73    1994.43    2161.89    2174.68    2853.51    3226.39    3190.79    3190.79    3190.79    3190.79    1338.93    2028.78    2053.58    1834.93    1723.61    2242.73    1740.22    1953.16    2144.03    1717.36    1717.36    1717.36
 4    1379.00     972.65     805.99     763.43     683.41     756.38     810.05     902.74    1469.95    1328.45    1106.83     901.89     901.89     901.89     901.89     849.47     777.59     771.88     692.23     734.23     797.99     828.19     830.23     649.65     599.97     599.97     599.97
 1    4109.00    3486.71    3486.71    3615.61    3615.61    3909.44    3909.44    4436.59    4436.59    3650.26    3650.26    4297.99    4297.99    1623.47    1623.47    1973.66    1973.66    3895.58    3895.58    2999.77    2999.77    1264.03    1264.03    2487.41    2487.41    3647.95    3647.95
 2     783.00     664.14     664.14     688.69     688.69     744.66     744.66     845.06     845.06     695.29     695.29     818.66     818.66     309.23     309.23     375.94     375.94     742.02     742.02     571.38     571.38     240.77     240.77     473.79     473.79     694.85     694.85
 3    3537.00    3677.88    4099.96    2985.12    2669.60    2591.47    1799.36    1809.30    1784.56    1784.56    1784.56    1784.56    1784.56    1784.56    1784.56    1784.56    1784.56    1784.56    1784.56    1784.56    1784.56    1784.56     971.38    1589.11    1790.26    2468.34    3074.82
 4    1379.00    1099.33     962.75    1031.24     789.43     715.09     709.64     796.92     710.00     710.00     710.00     710.00     710.00     710.00     710.00     710.00     710.00     710.00     710.00     710.00     710.00     710.00     787.44     836.26    1078.77    1314.59     998.10
 1    4109.00    7615.61    7615.61    4759.99    4759.99    3568.49    3568.49    4163.08    4163.08    5914.52    5914.52    4944.32    4944.32    6586.73    6586.73    3644.26    3644.26     997.00     997.00     381.61     381.61     250.87     250.87     125.66     125.66     277.66     277.66
 2     783.00    1450.59    1450.59     906.66     906.66     679.71     679.71     792.97     792.97    1126.58    1126.58     941.78     941.78    1254.62    1254.62     694.14     694.14     189.90     189.90      72.69      72.69      47.78      47.78      23.94      23.94      52.89      52.89
 3    3537.00    3922.98    3669.44    2314.70    1816.63    1136.39    1569.31    1627.64    1780.35    2195.77    3297.09    4256.44    3205.39    3205.39    3205.39    3205.39    3205.39    3205.39    3205.39    3205.39    3205.39    2602.58    2650.54    2794.18    3205.39    3205.39    3205.39
 4    1379.00     995.09     761.31     575.69     602.39     694.94     702.43     819.63    1242.91    1493.25    1228.17     933.65     788.14     788.14     788.14     788.14     788.14     788.14     788.14     788.14     788.14     788.14     788.14     788.14     788.14     788.14     788.14
 1    4109.00    6055.43    6055.43    4876.87    4876.87    2883.80    2883.80    1704.78    1704.78    3815.20    3815.20    6241.16    6241.16    3761.60    3761.60    3084.31    3084.31    1518.59    1518.59    2951.26    2951.26    4287.82    4287.82    5805.49    5805.49    7091.24    7091.24
 2     783.00    1153.42    1153.42     928.93     928.93     549.30     549.30     324.72     324.72     726.70     726.70    1188.79    1188.79     716.50     716.50     587.49     587.49     289.26     289.26     562.14     562.14     816.73     816.73    1105.81    1105.81    1350.71    1350.71
 3    3537.00    3571.09    3514.76    2762.95    1996.11    1996.11    1234.64    1669.71    1679.32    2241.73    1967.98    1967.98    1967.98    1967.98    1967.98    1967.98    1243.95    1273.88    1547.09    1555.17    1562.56    1630.78    1841.26    2587.40    2481.99    2143.88    1751.24
 4    1379.00    1037.91     853.68     683.19     513.90     513.90     678.49     830.68     865.14     871.05     681.35     681.35     681.35     681.35     681.35     681.35     664.16     716.31     682.00     554.51     727.36     970.57    1075.67    1122.61     986.91     689.28     715.02
 1    4109.00    3891.43    3891.43    4249.48    4249.48    5271.88    5271.88    5077.84    5077.84    2718.41    2718.41    1668.74    1668.74    3267.26    3267.26    3509.81    3509.81    1636.40    1636.40    1483.02    1483.02    2404.25    2404.25    1728.80    1728.80    2475.86    2475.86
 2     783.00     741.22     741.22     809.42     809.42    1004.17    1004.17     967.21     967.21     517.79     517.79     317.86     317.86     622.34     622.34     668.54     668.54     311.70     311.70     282.48     282.48     457.95     457.95     329.30     329.30     471.59     471.59
 3    3537.00    3581.52    3981.22    2156.25    1978.83    1675.60    1675.60    1675.60    1675.60    1675.60    1675.60     865.56    1790.74    2207.78    2137.22    1624.83    1624.83    1624.83    1624.83    1624.83    1624.83    1624.83    1624.83    1624.83    1624.83    1624.83    1624.83
 4    1379.00    1083.45     958.83     822.23     748.46     663.47     663.47     663.47     663.47     663.47     663.47     981.85     958.14     762.14     622.97     545.82     545.82     545.82     545.82     545.82     545.82     545.82     545.82     545.82     545.82     545.82     545.82
 1    4109.00    4779.39    4779.39    5536.15    5536.15    3035.80    3035.80    5049.20    5049.20    5785.63    5785.63    2625.08    2625.08    1574.96    1574.96    1643.80    1643.80     945.71     945.71     621.39     621.39     346.96     346.96     347.89     347.89    2141.83    2141.83
 2     783.00     910.36     910.36    1054.50    1054.50     578.25     578.25     961.75     961.75    1102.02    1102.02     500.02     500.02     299.99     299.99     313.10     313.10     180.14     180.14     118.36     118.36      66.09      66.09      66.26      66.26     407.97     407.97
 3    3537.00    2914.70    2866.48    2248.65    2229.59    1449.77    1604.44    2013.48    2533.68    2533.68    2533.68    2533.68    2533.68    2533.68    2533.68    2533.68    2533.68    2533.68    2533.68    2533.68    2533.68    2533.68    2533.68     945.98    1631.50    1631.50    1631.50
 4    1379.00     840.73     794.42     677.85     599.20     669.08    1232.32    1230.91     895.49     895.49     895.49     895.49     895.49     895.49     895.49     895.49     895.49     895.49     895.49     895.49     895.49     895.49     895.49     641.79     647.20     647.20     647.20
 1    4109.00    6467.08    6467.08    5921.92    5921.92    3762.99    3762.99    1377.68    1377.68     525.29     525.29    1240.47    1240.47    1507.04    1507.04    1336.10    1336.10     791.41     791.41    1832.29    1832.29    3186.88    3186.88    2750.75    2750.75    3803.18    3803.18
 2     783.00    1231.82    1231.82    1127.98    1127.98     716.76     716.76     262.42     262.42     100.06     100.06     236.28     236.28     287.06     287.06     254.50     254.50     150.74     150.74     349.01     349.01     607.02     607.02     523.95     523.95     724.42     724.42
 3    3537.00    3286.30    3065.25    2538.64    2538.64    2538.64    2538.64    2538.64    2538.64    2538.64    2538.64    2538.64    2538.64    2538.64    2538.64    2538.64    2538.64    2538.64    2538.64    1385.30    1784.86    1934.66    1616.33    1393.87    1393.87    1393.87    1393.87
 4    1379.00     909.29     706.37     636.05     636.05     636.05     636.05     636.05     636.05     636.05     636.05     636.05     636.05     636.05     636.05     636.05     636.05     636.05     636.05     741.07     720.09     628.48     611.59     666.47     666.47     666.47     666.47
 1    4109.00    7341.18    7341.18    5752.82    5752.82    2493.88    2493.88    2614.00    2614.00    2834.83    2834.83    3426.19    3426.19    7007.15    7007.15    4942.48    4942.48    2687.92    2687.92    3788.40    3788.40    1937.17    1937.17    3214.13    3214.13    1617.92    1617.92
 2     783.00    1398.32    1398.32    1095.78    1095.78     475.02     475.02     497.90     497.90     539.97     539.97     652.61     652.61    1334.70    1334.70     941.42     941.42     511.98     511.98     721.60     721.60     368.98     368.98     612.22     612.22     308.18     308.18
 3    3537.00    4129.33    3550.04    2457.65    2457.65    2457.65    1412.37    1650.16    1607.73    1734.86    1839.52    1448.51    1689.35    1689.35    1689.35    1689.35    1298.43    1298.43    1298.43    1298.43    1298.43    1298.43    1298.43    1298.43    1298.43    1298.43    1298.43
 4    1379.00    1122.51     753.70     533.48     533.48     533.48     574.34     711.32     755.63     610.08     692.57     677.65     660.93     660.93     660.93     660.93     704.26     704.26     704.26     704.26     704.26     704.26     704.26     704.26     704.26     704.26     704.26
 1    4109.00    8482.78    8482.78    7392.92    7392.92    5958.41    5958.41    2289.67    2289.67     978.52     978.52    1461.77    1461.77     456.46     456.46    1550.47    1550.47    1730.19    1730.19    1222.45    1222.45    1062.14    1062.14     763.69     763.69     402.40     402.40
 2     783.00    1615.77    1615.77    1408.18    1408.18    1134.94    1134.94     436.13     436.13     186.38     186.38     278.43     278.43      86.94      86.94     295.33     295.33     329.56     329.56     232.85     232.85     202.31     202.31     145.46     145.46      76.65      76.65
 3    3537.00    4447.64    4151.56    2743.35    2408.25    2273.16    2548.71    2548.71    2548.71    2548.71    2548.71    2548.71    2548.71    2548.71    2548.71    2548.71    2548.71    2548.71    2548.71    2548.71    2548.71    2548.71    2548.71    2548.71    2548.71     840.79    1486.42
 4    1379.00    1263.74     988.71     852.48     799.62     893.50     732.00     732.00     732.00     732.00     732.00     732.00     732.00     732.00     732.00     732.00     732.00     732.00     732.00     732.00     732.00     732.00     732.00     732.00     732.00     686.09     713.57
 1    4109.00    4911.98    4911.98    2993.30    2993.30    3598.98    3598.98    3842.45    3842.45    5562.94    5562.94    6164.00    6164.00    5137.44    5137.44    5387.84    5387.84    3933.01    3933.01    5772.69    5772.69    5848.00    5848.00    4868.09    4868.09    4655.57    4655.57
 2     783.00     935.62     935.62     570.15     570.15     685.52     685.52     731.90     731.90    1059.61    1059.61    1174.10    1174.10     978.56     978.56    1026.26    1026.26     749.14     749.14    1099.56    1099.56    1113.90    1113.90     927.26     927.26     886.78     886.78
 3    3537.00    3263.04    3696.68    2393.93    2847.71    2847.71    2104.37    1629.01    3027.95    3951.79    4125.47    3832.13    2877.05    2093.63    2076.18    2427.56    1928.26    2110.62    3440.05    4180.61    4432.23    4529.01    3772.67    2634.44    2634.44    2634.44    2634.44
 4    1379.00     906.25     996.59    1090.76     985.06     985.06     796.33    1553.35    1975.96    1620.60    1308.65     961.63     718.00     779.77     882.75    1043.21    1046.55    1681.38    1967.59    1555.61    1396.55    1117.58     936.31     706.83     706.83     706.83     706.83
 1    4109.00    6954.49    6954.49   11295.90   11295.90    1803.19    1803.19     391.78     391.78     834.83     834.83    1209.05    1209.05    1025.64    1025.64    2693.46    2693.46    5876.18    5876.18    6536.84    6536.84    8008.77    8008.77    9267.26    9267.26    4457.38    4457.38
 2     783.00    1324.66    1324.66    2151.60    2151.60     343.46     343.46      74.62      74.62     159.02     159.02     230.30     230.30     195.36     195.36     513.04     513.04    1119.27    1119.27    1245.11    1245.11    1525.48    1525.48    1765.19    1765.19     849.02     849.02
 3    3537.00    3917.42    2996.76    2996.76    2996.76    2981.06    1955.91    2996.76    2996.76    2996.76    2996.76    2996.76    2996.76    2996.76     984.00    2393.05    2393.05    2393.05    1422.21    1493.14    2964.64    4415.55    4017.04    3662.90    2996.31    1880.62    1880.62
 4    1379.00    1071.18     805.70     805.70     805.70     805.70     805.70     805.70     805.70     805.70     805.70     805.70     805.70     805.70    1086.96    1118.17    1118.17    1118.17     721.82    1847.82    2115.39    1544.82    1065.24     896.31     755.01     571.11     571.11
 1    4109.00    5580.04    5580.04    4650.49    4650.49    3520.90    3520.90    2626.01    2626.01     835.30     835.30    1593.44    1593.44    1894.20    1894.20    2705.01    2705.01    2574.26    2574.26    4389.92    4389.92    1909.45    1909.45    1480.71    1480.71    4313.23    4313.23
 2     783.00    1062.86    1062.86     885.81     885.81     670.65     670.65     500.19     500.19     159.10     159.10     303.51     303.51     360.80     360.80     515.24     515.24     490.34     490.34     836.18     836.18     363.70     363.70     282.04     282.04     821.57     821.57
 3    3537.00    3482.89    3155.28    2186.51    2186.51    2186.51    2186.51    2186.51    2186.51    2186.51    2186.51    2186.51    2186.51    2186.51    2186.51    2186.51    1286.56    1286.56    1286.56    1286.56    1286.56    1286.56    1286.56     832.09    1440.15    1962.74    1821.47
 4    1379.00     986.41     744.55     575.61     575.61     575.61     575.61     575.61     575.61     575.61     575.61     575.61     575.61     575.61     575.61     575.61     663.80     663.80     663.80     663.80     663.80     663.80     663.80     800.29     887.63     711.21     687.45
 1    4109.00    5362.43    5362.43    4289.21    4289.21    4042.50    4042.50    2226.38    2226.38    2958.19    2958.19    2459.23    2459.23    3932.54    3932.54    4836.68    4836.68    4711.94    4711.94    1111.57    1111.57    1324.09    1324.09    3977.82    3977.82    6150.14    6150.14
 2     783.00    1021.42    1021.42     816.99     816.99     770.00     770.00     424.07     424.07     563.46     563.46     468.42     468.42     749.06     749.06     921.27     921.27     897.51     897.51     211.73     211.73     252.21     252.21     757.68     757.68    1171.46    1171.46
 3    3537.00    3029.04    3066.74    3066.74    3066.74    3066.74    3066.74     798.61    1740.15    2455.73    2129.73    1831.24    2182.20    2762.99    2762.99    2762.99    2762.99    2762.99    2762.99    2762.99    2762.99    2762.99     969.54    1115.30    2429.33    3063.05    3166.31
 4    1379.00     846.59     689.82     689.82     689.82     689.82     689.82     948.35    1190.41     871.80     697.96     929.87    1215.55    1014.73    1014.73    1014.73    1014.73    1014.73    1014.73    1014.73    1014.73    1014.73     692.41    1134.98    1195.73     959.00     931.48
 1    4109.00    4852.39    4852.39    2766.46    2766.46    4900.43    4900.43    1466.39    1466.39    2793.25    2793.25    2840.84    2840.84    3744.51    3744.51    5595.28    5595.28    2058.67    2058.67    2828.36    2828.36    2413.03    2413.03    4187.57    4187.57    3139.29    3139.29
 2     783.00     924.26     924.26     526.94     526.94     933.42     933.42     279.31     279.31     532.05     532.05     541.11     541.11     713.24     713.24    1065.77    1065.77     392.13     392.13     538.74     538.74     459.62     459.62     797.63     797.63     597.96     597.96
 3    3537.00    3722.56    3695.90    3695.90    3695.90    3695.90    3695.90     757.79    1444.34    1853.86    1881.72    1785.96    1787.62    1641.55    1641.55    1641.55    1116.16    1420.84    1600.48    1664.88    1710.50    1485.20    1485.20    1485.20    1485.20    1485.20    1485.20
 4    1379.00    1058.76     819.69     819.69     819.69     819.69     819.69     823.44     823.01     722.75     719.41     718.19     681.15     522.99     522.99     522.99     678.12     779.28     636.62     600.88     593.97     527.99     527.99     527.99     527.99     527.99     527.99
 1    4109.00    3638.25    3638.25    2868.56    2868.56    4621.39    4621.39    3019.63    3019.63    4000.92    4000.92    3544.46    3544.46    2287.36    2287.36    3392.00    3392.00    2118.73    2118.73    1221.53    1221.53     675.44     675.44    1934.39    1934.39    4013.86    4013.86
 2     783.00     693.00     693.00     546.39     546.39     880.26     880.26     575.17     575.17     762.08     762.08     675.14     675.14     435.69     435.69     646.10     646.10     403.57     403.57     232.67     232.67     128.66     128.66     368.46     368.46     764.54     764.54
 3    3537.00    3582.77    3741.37    2930.82    3369.28    3456.23    2716.64    2245.33    2166.14    2166.14    2166.14    2166.14    1506.83    1440.76    1585.78    1612.82    1612.82    1612.82    1612.82    1612.82    1612.82    1375.68    1677.37    1848.22    1972.71    2016.46    1658.54
 4    1379.00    1009.96    1051.60    1451.68    1229.23    1025.69     737.12     658.50     722.11     722.11     722.11     722.11     749.47     723.29     582.89     534.50     534.50     534.50     534.50     534.50     534.50     634.54     636.00     778.06     738.43     761.74     593.90
 1    4109.00    4479.09    4479.09    7283.89    7283.89    5959.34    5959.34    2641.25    2641.25    4358.97    4358.97    1822.13    1822.13    3373.06    3373.06    4519.75    4519.75    2662.51    2662.51    3124.51    3124.51    4439.82    4439.82    5254.33    5254.33    6548.85    6548.85
 2     783.00     853.16     853.16    1387.41    1387.41    1135.11    1135.11     503.10     503.10     830.28     830.28     347.07     347.07     642.49     642.49     860.90     860.90     507.14     507.14     595.14     595.14     845.68     845.68    1000.82    1000.82    1247.40    1247.40
 3    3537.00    4028.33    3710.89    3710.89    3710.89    3710.89     919.38    1050.94    1554.46    1887.09    1942.06    1942.06    1942.06    1617.45    1459.17    1548.22    1573.42    1753.77    1335.21    1480.36    1745.85    1465.90    1628.51    2090.98    1926.26    1926.26    1926.26
 4    1379.00    1047.10     835.31     835.31     835.31     835.31     822.77     740.88     906.28     738.52     611.51     611.51     611.51     617.15     559.83     659.69     770.89     780.73     648.54     721.19     680.91     784.06     706.59     798.10     619.95     619.95     619.95
