FL 2019 2020 2021 2022 2023 2024 2025 2026 2027 2028 2029 2030 2031 2032 2033 2034 2035 2036 2037 2038 2039 2040 2041 2042 2043 2044 2045
 1    4109.00    1983.83    1983.83    3529.68    3529.68   16153.37   16153.37   35966.70   35966.70   27581.86   27581.86    7576.80    7576.80   12121.03   12121.03   14117.80   14117.80    8677.28    8677.28    3138.37    3138.37    6347.88    6347.88   16091.46   16091.46   31063.96   31063.96
 2     783.00     377.87     377.87     672.32     672.32    3076.83    3076.83    6850.80    6850.80    5253.69    5253.69    1443.20    1443.20    2308.77    2308.77    2689.10    2689.10    1652.82    1652.82     597.78     597.78    1209.12    1209.12    3065.04    3065.04    5916.94    5916.94
 3    3537.00    5697.44    7336.56   12841.01   13390.50   37769.65   40814.47   55620.61   38030.25   17937.79   12460.49   10830.01   11422.00   16675.86   10825.13    8534.09    7993.62    8790.12    6191.66    4772.78    6744.42   22091.23   20602.10   17873.69   20423.59   27407.11   18610.95
 4    1379.00    3028.24    3000.15    6783.24   13078.09   14999.49    8746.18    4689.58    3086.46    3751.67    3665.18    4067.85    2687.03    2205.18    2188.78    3061.45    2125.39    1952.09    2411.76    4376.06    4996.92    6366.50    5535.03    7121.40    6190.86    4297.01    2599.91
 1    4109.00    2048.51    2048.51    5612.38    5612.38    8012.93    8012.93   12403.31   12403.31   13521.82   13521.82    7405.40    7405.40    7756.52    7756.52    7163.77    7163.77   10846.37   10846.37   59665.45   59665.45   30894.87   30894.87   10564.55   10564.55    4589.05    4589.05
 2     783.00     390.19     390.19    1069.02    1069.02    1526.27    1526.27    2362.54    2362.54    2575.58    2575.58    1410.55    1410.55    1477.43    1477.43    1364.53    1364.53    2065.98    2065.98   11364.85   11364.85    5884.74    5884.74    2012.30    2012.30     874.10     874.10
 3    3537.00    5027.49    8072.80   11858.77   12626.71   12094.83   16412.22   17297.30   16437.11   18059.78   19348.58   11308.79   11162.60   20157.31   21755.17   11023.08   11602.78   20456.18   23805.55   31936.54   21558.94    7272.66    7590.06    6522.93    5577.24    3393.70    4730.57
 4    1379.00    2365.40    3293.38    3477.54    3572.47    4565.51    4906.52    4563.63    5222.01    4923.43    4316.37    3929.80    3439.76    3644.10    3707.83    4057.31    7544.79    7204.05    5410.90    5572.96    4348.28    3046.21    2407.48    1775.34    1969.35    2265.40    2794.92
 1    4109.00    3005.31    3005.31    5105.56    5105.56   24949.39   24949.39   15305.14   15305.14   11492.25   11492.25   12176.01   12176.01    5790.25    5790.25   14844.98   14844.98   15226.13   15226.13   12266.56   12266.56   20102.54   20102.54    9483.94    9483.94   13632.70   13632.70
 2     783.00     572.44     572.44     972.49     972.49    4752.26    4752.26    2915.26    2915.26    2189.00    2189.00    2319.24    2319.24    1102.90    1102.90    2827.62    2827.62    2900.22    2900.22    2336.49    2336.49    3829.06    3829.06    1806.46    1806.46    2596.70    2596.70
 3    3537.00    5601.59    8070.93   15217.72   20142.71   13843.07   12099.91   15522.96   18142.77   13586.63   12568.02   11132.61   11938.85   10035.92   10367.19   15261.78   13406.75   16760.02   14929.82    7337.34    7669.74   13124.57   11028.47    4932.01    7566.79   13892.17   13339.88
 4    1379.00    2539.01    3836.75    3717.14    3310.97    2543.67    2511.59    3312.28    3163.97    3077.23    2731.82    3682.06    3889.85    2939.20    3504.21    3016.30    3034.70    4494.12    4387.01    3190.14    2767.71    2656.51    3465.65    5132.28    6601.19    4585.20    3154.08
 1    4109.00     973.90     973.90    6196.34    6196.34    8006.92    8006.92    5417.87    5417.87    5961.19    5961.19   10304.45   10304.45   12990.52   12990.52   16883.79   16883.79   26309.05   26309.05   17676.12   17676.12   24989.58   24989.58   25274.17   25274.17   12368.66   12368.66
 2     783.00     185.50     185.50    1180.26    1180.26    1525.13    1525.13    1031.98    1031.98    1135.46    1135.46    1962.75    1962.75    2474.38    2474.38    3215.96    3215.96    5011.25    5011.25    3366.88    3366.88    4759.92    4759.92    4814.13    4814.13    2355.94    2355.94
 3    3537.00    5602.17    8127.14   15042.61   16642.97   14298.31   13150.11   14981.03   15716.29   21886.26   31367.85   19910.13   20693.79   30514.59   26672.31   23787.25   21587.72   25037.91   21655.52   16058.06   16139.62   28998.26   26834.91   12783.21   10133.52    6865.16    6755.44
 4    1379.00    2614.64    3401.47    2839.10    2618.50    3429.44    3812.98    5269.38    7899.60    8298.08    7795.30    7175.78    5708.24    6061.69    5345.89    4948.62    5276.28    5154.20    5191.91    5556.50    7390.05    8074.06    5252.13    3769.09    3222.78    2996.49    3069.40
 1    4109.00    1834.60    1834.60    4007.39    4007.39   17844.75   17844.75   46394.97   46394.97   43911.25   43911.25    8843.14    8843.14    6604.29    6604.29   25457.59   25457.59   22598.27   22598.27    9246.01    9246.01   24865.76   24865.76   25717.23   25717.23    4099.33    4099.33
 2     783.00     349.45     349.45     763.31     763.31    3399.00    3399.00    8837.14    8837.14    8364.05    8364.05    1684.41    1684.41    1257.96    1257.96    4849.06    4849.06    4304.43    4304.43    1761.14    1761.14    4736.34    4736.34    4898.52    4898.52     780.82     780.82
 3    3537.00    5128.30    7521.07   11843.52   13383.57   22668.53   22711.16   30895.64   27338.68   16955.83   14411.50    6209.35    6850.48   12734.41   16676.85   22654.07   19279.02    8536.61    6680.28    7402.59   10700.04   17779.67   13467.46    6068.28    3941.83    2392.41    4016.52
 4    1379.00    2512.44    3166.46    4896.08    5914.31    4825.69    4842.62    4594.65    5229.31    4673.00    2856.15    2649.93    4398.81    5418.85    5151.21    3143.17    2464.70    3545.94    5595.97    5194.14    4428.94    3308.51    2496.11    1959.11    1778.43    2245.60    3372.52
 1    4109.00    3351.81    3351.81    7641.02    7641.02   13972.73   13972.73   10122.42   10122.42   14947.09   14947.09    8407.48    8407.48   11916.83   11916.83   14612.14   14612.14    9369.82    9369.82    4974.35    4974.35    9597.13    9597.13   24891.17   24891.17    7208.59    7208.59
 2     783.00     638.44     638.44    1455.43    1455.43    2661.47    2661.47    1928.08    1928.08    2847.06    2847.06    1601.42    1601.42    2269.87    2269.87    2783.26    2783.26    1784.73    1784.73     947.50     947.50    1828.02    1828.02    4741.18    4741.18    1373.06    1373.06
 3    3537.00    5283.02    8089.00   14465.88   16122.78   14493.59   12477.52   11755.53   16003.29   20368.26   18692.22   14375.45   12388.44   16835.41   15940.67    8975.65    8678.56   10787.53   10343.54    5312.98    6284.43    9450.49   13835.18   18870.45   14759.53    6760.17    8924.03
 4    1379.00    2553.31    3508.42    2944.22    2670.13    3310.48    3593.31    5190.99    6454.15    3104.12    2059.22    2942.79    3411.24    4131.69    3877.73    3221.38    2537.58    2147.85    2653.75    2816.96    4307.12    4964.52    4514.96    3744.84    4567.03    4704.02    4636.09
 1    4109.00    3241.39    3241.39    3198.89    3198.89    6581.19    6581.19    6708.24    6708.24    6279.04    6279.04    5037.19    5037.19    5437.74    5437.74   23644.70   23644.70   10303.52   10303.52    6867.17    6867.17   13720.94   13720.94   31666.41   31666.41   20811.71   20811.71
 2     783.00     617.41     617.41     609.31     609.31    1253.56    1253.56    1277.76    1277.76    1196.01    1196.01     959.46     959.46    1035.76    1035.76    4503.75    4503.75    1962.58    1962.58    1308.03    1308.03    2613.51    2613.51    6031.70    6031.70    3964.14    3964.14
 3    3537.00    4932.76    7865.51   11263.10   16293.24   16470.12   14061.97   11688.57    9755.30   10213.35    7715.07    5718.08    9443.59   14026.16   18040.05   16024.83   12785.27    6590.83    5489.00    9137.26   16505.26   30635.98   33917.21   18729.24   16234.32   28291.09   20678.89
 4    1379.00    2418.18    3486.88    4270.20    4104.88    3074.81    2468.66    2173.44    1905.80    1834.49    2152.14    3481.77    4693.26    4226.54    3811.97    3067.83    2332.33    3292.80    6806.58    9350.44    9850.24    9265.06    8576.11    4938.46    4157.73    4369.34    3046.43
 1    4109.00     541.00     541.00    1265.42    1265.42    5189.65    5189.65   23568.47   23568.47   18280.88   18280.88   41069.49   41069.49   18859.76   18859.76    7000.69    7000.69   27391.52   27391.52   67580.90   67580.90   37669.63   37669.63    7272.34    7272.34    7090.31    7090.31
 2     783.00     103.05     103.05     241.03     241.03     988.50     988.50    4489.23    4489.23    3482.07    3482.07    7822.76    7822.76    3592.34    3592.34    1333.46    1333.46    5217.43    5217.43   12872.55   12872.55    7175.17    7175.17    1385.21    1385.21    1350.54    1350.54
 3    3537.00    5182.50    8328.56   10304.06   12445.02    9793.41   10912.52   20054.81   22459.75   24906.83   30895.95   29621.12   21261.20   12130.52   11192.24    5062.84    5875.43   26524.00   32333.67   25537.78   22564.37    9751.70    8100.14    4390.89    5296.94    8195.33   11081.82
 4    1379.00    2589.09    3132.16    2674.93    2386.01    3121.64    5266.65    8094.07    9452.33    8509.01    7743.86    5947.72    3849.27    2481.12    2719.56    4139.24   10259.35   10815.94    7629.31    5528.39    3984.15    3722.35    3236.30    2965.53    3807.36    5357.70    7638.97
 1    4109.00    3120.35    3120.35   10387.15   10387.15   12301.67   12301.67    3779.62    3779.62   14884.72   14884.72   29958.39   29958.39   22998.36   22998.36   13170.23   13170.23    5559.25    5559.25    5233.07    5233.07    6228.22    6228.22    9108.33    9108.33   23519.03   23519.03
 2     783.00     594.35     594.35    1978.50    1978.50    2343.18    2343.18     719.93     719.93    2835.18    2835.18    5706.36    5706.36    4380.64    4380.64    2508.62    2508.62    1058.90    1058.90     996.78     996.78    1186.33    1186.33    1734.92    1734.92    4479.82    4479.82
 3    3537.00    5288.74    7340.23   14187.03   13527.09   12902.62   14157.51   13731.18   21222.20   28739.31   30330.84   17792.13   15691.81   22088.30   17678.85   15646.69   11924.74    9853.86   11971.83   10728.80   10934.73    8731.23   10844.98   18648.89   32289.18   57863.25   59147.19
 4    1379.00    2690.29    3021.57    2272.89    2505.87    2837.19    3393.93    7297.75   10227.99    6160.85    4744.52    3703.25    3375.94    2958.66    2128.32    2412.90    2380.10    3380.29    3206.58    3202.97    3772.29    4074.20    7012.93   13066.47   11838.48   14412.38    9990.15
 1    4109.00    3203.05    3203.05    4492.49    4492.49    8822.35    8822.35   10509.58   10509.58    8734.11    8734.11    8001.38    8001.38    8594.59    8594.59   12155.22   12155.22   27822.57   27822.57   22691.13   22691.13   24249.92   24249.92    6330.79    6330.79    7484.86    7484.86
 2     783.00     610.10     610.10     855.71     855.71    1680.45    1680.45    2001.82    2001.82    1663.64    1663.64    1524.07    1524.07    1637.06    1637.06    2315.28    2315.28    5299.54    5299.54    4322.12    4322.12    4619.03    4619.03    1205.86    1205.86    1425.69    1425.69
 3    3537.00    4735.98    7126.23   11925.34   18659.85   19187.04   17312.96   14753.79   13603.03   12129.36   11756.42   12721.10   12487.88   10032.45   12947.11   16323.13   19101.72   35815.31   30559.15   13365.46    9920.07    9230.14    8398.63    3370.97    4171.66   11613.45   11044.96
 4    1379.00    2443.59    3800.49    6222.81    5278.56    2435.24    2126.64    2318.16    2298.45    3282.16    3504.14    2762.40    2857.22    3849.80    4593.81    6545.87    6030.07    4860.37    3289.27    2589.23    2076.11    2359.67    2371.98    2280.62    3193.54    2919.76    2758.67
 1    4109.00    1403.09    1403.09    3139.29    3139.29    7871.56    7871.56   14279.50   14279.50   13698.76   13698.76   10492.02   10492.02   26987.73   26987.73   24914.74   24914.74   24244.37   24244.37   13235.84   13235.84   18024.93   18024.93   10855.61   10855.61   15009.46   15009.46
 2     783.00     267.26     267.26     597.96     597.96    1499.34    1499.34    2719.90    2719.90    2609.29    2609.29    1998.48    1998.48    5140.52    5140.52    4745.66    4745.66    4617.98    4617.98    2521.11    2521.11    3433.32    3433.32    2067.74    2067.74    2858.94    2858.94
 3    3537.00    5200.95    8294.28   11746.10   13689.16   15578.17   16993.46   20952.60   20551.01   11657.67   11557.95   13374.84   18412.23   28722.43   28028.96   19608.19   21118.60   21189.54   21714.87   22547.85   17802.59   13205.17   11985.56    8328.39    8687.90   10919.01    9649.48
 4    1379.00    2581.73    3460.91    3857.95    4064.93    4272.28    5642.17    3050.16    2601.90    2945.38    3740.96    7273.31    7630.16    8631.16    8569.05    5565.92    5287.92    5779.43    5143.57    4925.93    3538.13    3172.99    3531.51    3338.99    2976.74    2607.09    4833.30
 1    4109.00    2231.00    2231.00    5462.23    5462.23   12331.24   12331.24   14185.71   14185.71    9453.44    9453.44    7676.13    7676.13   20224.05   20224.05   36274.86   36274.86   28199.10   28199.10   10241.15   10241.15   15952.86   15952.86   27938.07   27938.07   38967.39   38967.39
 2     783.00     424.95     424.95    1040.42    1040.42    2348.81    2348.81    2702.04    2702.04    1800.66    1800.66    1462.12    1462.12    3852.20    3852.20    6909.50    6909.50    5371.26    5371.26    1950.70    1950.70    3038.64    3038.64    5321.54    5321.54    7422.36    7422.36
 3    3537.00    4960.78    8179.99   10920.83   14173.20   16557.40   12941.24   10061.74    8841.97    9604.15   10047.76   17022.18   21207.55   20547.36   20984.86   30551.53   24079.14   15696.26   14888.61    7756.16   10480.51   22726.15   23792.63   24415.44   33318.05   30294.97   30141.45
 4    1379.00    2504.03    3610.60    4472.45    3775.99    3297.89    2484.69    2103.92    2697.39    3435.63    5949.50    8535.67   10347.01    5495.57    4274.24    5148.52    4260.56    4466.17    4466.33    6035.51    6791.55    5875.02    8279.11    9363.93    7642.48    6933.58    5782.92
 1    4109.00    2383.00    2383.00    3034.88    3034.88    5860.93    5860.93    5854.93    5854.93   14132.58   14132.58   12814.03   12814.03   12006.46   12006.46    5898.82    5898.82   10252.70   10252.70    9115.72    9115.72   12793.70   12793.70   20361.73   20361.73   15136.51   15136.51
 2     783.00     453.90     453.90     578.07     578.07    1116.37    1116.37    1115.22    1115.22    2691.92    2691.92    2440.77    2440.77    2286.94    2286.94    1123.58    1123.58    1952.90    1952.90    1736.33    1736.33    2436.90    2436.90    3878.42    3878.42    2883.14    2883.14
 3    3537.00    4126.64    6716.53   10190.19   11693.31   14362.72   17736.35   14890.33   15195.93   16799.52   11135.44    9723.77    9235.64   10117.79    8809.69    6099.13    6301.21    7236.27   12422.34   10456.75   12027.63   16703.25   13160.64   11549.75   11458.33    6705.52   12385.09
 4    1379.00    2016.00    2745.17    3496.60    5592.27    4660.14    3990.21    2714.80    2273.63    2061.39    2381.38    2600.77    2551.71    2363.30    2291.58    1940.93    2318.44    4218.94    4841.47    4496.93    3859.05    3253.48    2811.26    3133.97    5814.76    9676.90   10292.19
 1    4109.00    3375.37    3375.37   10096.55   10096.55   14989.59   14989.59   32032.31   32032.31   16601.97   16601.97   17290.35   17290.35   26027.23   26027.23   14362.19   14362.19    7968.11    7968.11   17288.50   17288.50   42643.99   42643.99   22268.86   22268.86    9094.93    9094.93
 2     783.00     642.93     642.93    1923.15    1923.15    2855.16    2855.16    6101.39    6101.39    3162.28    3162.28    3293.40    3293.40    4957.57    4957.57    2735.66    2735.66    1517.74    1517.74    3293.05    3293.05    8122.66    8122.66    4241.69    4241.69    1732.37    1732.37
 3    3537.00    4440.58    7375.94   13943.49   14438.60   11763.28   16330.83   23745.61   20110.23    9202.56    9714.39   13935.11   17190.52   14750.24   13349.12   11331.41   11128.12   10581.17   12531.14   29256.88   30671.18   26397.86   20285.02    9283.93    7412.90    8259.14    7270.98
 4    1379.00    2454.46    3117.23    2446.20    2893.84    4964.15    5944.81    3321.72    2602.27    3677.72    5579.44    6376.87    5753.34    4058.41    3533.67    3931.96    4991.43    7218.37    9862.22    7507.74    5359.47    4058.53    2833.13    2838.45    2962.94    2480.30    1882.87
 1    4109.00    2770.15    2770.15    5136.98    5136.98    8589.97    8589.97    9471.00    9471.00   10097.01   10097.01    3099.10    3099.10   18930.91   18930.91   14630.15   14630.15   16815.41   16815.41   12620.45   12620.45    8953.10    8953.10    5578.19    5578.19    9835.98    9835.98
 2     783.00     527.65     527.65     978.47     978.47    1636.18    1636.18    1804.00    1804.00    1923.24    1923.24     590.30     590.30    3605.89    3605.89    2786.70    2786.70    3202.94    3202.94    2403.90    2403.90    1705.35    1705.35    1062.51    1062.51    1873.52    1873.52
 3    3537.00    3793.31    6845.72   14025.93   20155.72   19025.78   19776.53   14970.47   11943.16   10454.70    7190.02    5584.92   11423.10   27557.13   22961.57   18010.43   13510.74   13205.98   11602.77    5907.09    7990.06   10317.78    9278.83    8228.58    9551.85    9686.53   11514.50
 4    1379.00    2025.60    3201.36    3605.64    4453.00    4704.08    3264.26    1938.78    1417.33    2247.91    4125.63    8112.14    8534.72    5492.34    3594.41    2644.40    2426.71    2709.50    3448.85    3603.52    4196.15    3256.95    2801.75    3268.79    4595.47    5443.21    6474.35
 1    4109.00    2597.83    2597.83    3100.94    3100.94   13502.87   13502.87   22756.27   22756.27   21893.72   21893.72   20696.21   20696.21   18674.96   18674.96   11348.11   11348.11   17674.27   17674.27   32714.68   32714.68   41732.92   41732.92   23438.18   23438.18   19618.83   19618.83
 2     783.00     494.82     494.82     590.66     590.66    2571.98    2571.98    4334.53    4334.53    4170.23    4170.23    3942.14    3942.14    3557.14    3557.14    2161.54    2161.54    3366.53    3366.53    6231.37    6231.37    7949.13    7949.13    4464.42    4464.42    3736.92    3736.92
 3    3537.00    4809.31    7569.85   11227.70   11804.35   14727.82   16278.55   13378.48   15922.09   17210.35   19851.14   23202.93   20540.37   15970.51   17313.24   13713.94   18046.90   37870.00   47234.26   42672.65   33990.20   21206.64   16189.31   13121.70   14044.23   10719.00   14443.89
 4    1379.00    2646.64    3070.73    3236.57    3752.74    4960.81    5501.58    4819.81    5373.17    6480.62    7505.96    6129.93    4557.85    4146.67    4932.74    7286.15   15642.53   15149.90   10562.64    6466.31    4035.92    2861.38    3843.66    5448.39    6973.21    7850.91   10483.63
 1    4109.00    3262.64    3262.64    3716.33    3716.33   11884.95   11884.95    8721.64    8721.64    6807.57    6807.57    7671.05    7671.05    9809.65    9809.65   31148.04   31148.04   38613.50   38613.50   32972.02   32972.02   34439.79   34439.79    9471.92    9471.92    6625.54    6625.54
 2     783.00     621.46     621.46     707.87     707.87    2263.80    2263.80    1661.26    1661.26    1296.68    1296.68    1461.15    1461.15    1868.50    1868.50    5932.96    5932.96    7354.95    7354.95    6280.38    6280.38    6559.96    6559.96    1804.18    1804.18    1262.01    1262.01
 3    3537.00    4973.46    7219.56   11010.81   14342.43   18768.10   17571.15   16995.56   15118.41   14880.42   15977.54   11522.82   11792.94   21363.95   25802.52   30610.49   27414.20   27773.47   22568.47   21611.64   18656.66   10564.62    8575.69    6899.99    6494.79    5174.85    8167.61
 4    1379.00    2192.59    3102.17    4441.82    5207.71    5107.85    3735.01    3516.87    3878.36    4605.03    4117.95    3644.91    5866.33    9099.30    5223.10    5289.21    4145.15    7509.08    7886.00    5700.97    3720.45    2531.06    2049.95    2029.22    3340.12    3832.94    3551.69
 1    4109.00    1898.82    1898.82    4887.04    4887.04    9681.21    9681.21   24633.38   24633.38   18795.08   18795.08    9460.84    9460.84   15647.94   15647.94    9657.65    9657.65   11676.13   11676.13   15709.39   15709.39   15400.77   15400.77   22453.66   22453.66   13479.77   13479.77
 2     783.00     361.68     361.68     930.86     930.86    1844.04    1844.04    4692.07    4692.07    3580.02    3580.02    1802.06    1802.06    2980.56    2980.56    1839.55    1839.55    2224.02    2224.02    2992.26    2992.26    2933.48    2933.48    4276.89    4276.89    2567.58    2567.58
 3    3537.00    5665.25    9155.78   13049.29   17716.03   19972.36   22016.19   25995.07   21711.47   12500.26    9696.16   12935.54   13875.75   15911.12   19092.10   13798.04   14710.31   23729.14   19737.65   17324.49   24616.55   32716.00   31780.81   32246.51   22496.76   10743.15   11521.34
 4    1379.00    2796.37    4073.28    5975.28    5558.92    4960.43    4449.19    2472.46    1762.18    2823.51    4073.17    4234.77    3708.14    4033.82    4158.30    5349.80    4846.81    5004.57    5871.23    9573.60    9246.77    8369.70    6414.88    4417.30    4315.51    7557.66    7704.24
 1    4109.00    2561.79    2561.79   14277.19   14277.19    7337.02    7337.02   11172.08   11172.08    7315.31    7315.31    6081.31    6081.31   10281.81   10281.81    6448.60    6448.60    8718.86    8718.86    5241.39    5241.39    8078.99    8078.99    5213.67    5213.67    6617.23    6617.23
 2     783.00     487.96     487.96    2719.46    2719.46    1397.53    1397.53    2128.02    2128.02    1393.39    1393.39    1158.34    1158.34    1958.44    1958.44    1228.30    1228.30    1660.74    1660.74     998.36     998.36    1538.86    1538.86     993.08     993.08    1260.42    1260.42
 3    3537.00    5137.40    7789.45   14300.27   11208.53    6455.90    8593.14   10493.44   10200.10    7058.87    8238.18   11990.34   12584.74   10657.01   10283.81   10487.52   11455.35   15709.40   12893.28    8023.54    8655.61   10232.81    8247.49    9315.71   10207.04    8175.06    9701.28
 4    1379.00    2560.58    3044.22    1824.19    1638.62    2482.50    2892.03    2690.23    2453.13    2177.87    3170.22    3206.71    2518.80    2732.67    3183.16    3598.23    3178.24    3215.85    3101.50    3655.51    2895.15    1799.57    2074.13    2898.26    3464.84    4853.24    5166.56
 1    4109.00    2121.50    2121.50    6185.26    6185.26   14344.64   14344.64   20959.09   20959.09    4560.86    4560.86   12046.19   12046.19   19422.94   19422.94   37295.88   37295.88   43282.47   43282.47   17339.32   17339.32   23686.28   23686.28   10671.74   10671.74    5334.25    5334.25
 2     783.00     404.10     404.10    1178.14    1178.14    2732.31    2732.31    3992.21    3992.21     868.74     868.74    2294.51    2294.51    3699.61    3699.61    7103.98    7103.98    8244.28    8244.28    3302.73    3302.73    4511.67    4511.67    2032.71    2032.71    1016.05    1016.05
 3    3537.00    4714.03    7022.07   15770.08   21884.41   25054.89   21238.63   17544.63   13684.59    9927.63   18604.90   23515.11   22027.99   22535.99   22277.04   27486.88   23316.03   14136.55   11514.88    7702.54   11340.47   14854.88   13404.52    5872.25    5924.21    3890.28    5449.76
 4    1379.00    2360.67    3455.63    4328.07    4543.70    6161.35    3308.65    1899.14    3664.71    6881.33    6945.11    4907.11    4049.51    6200.48    7256.10    6902.07    5474.62    3753.59    3557.67    4655.06    4448.89    2836.91    2060.90    1925.23    2136.85    2630.46    4219.99
 1    4109.00    2159.85    2159.85    4206.51    4206.51    3385.54    3385.54    7292.67    7292.67    7429.42    7429.42   19154.52   19154.52   25793.46   25793.46   32567.31   32567.31   23276.95   23276.95   10997.45   10997.45    5770.84    5770.84   15688.60   15688.60   13326.39   13326.39
 2     783.00     411.40     411.40     801.24     801.24     644.86     644.86    1389.08    1389.08    1415.13    1415.13    3648.48    3648.48    4913.04    4913.04    6203.30    6203.30    4433.70    4433.70    2094.75    2094.75    1099.21    1099.21    2988.30    2988.30    2538.36    2538.36
 3    3537.00    5322.53    8659.37   14307.58   15635.12   10082.23   10668.54   14931.10   16807.18   18132.47   22602.49   29499.63   27825.54   36516.96   30200.98   14900.13   11481.44    9959.16    6592.87    3751.69    5408.41   15324.56   18938.71   13285.39   13397.34    9027.61   12900.74
 4    1379.00    2347.90    3159.67    2312.39    2580.05    2751.59    3682.30    4338.10    5970.93    8045.48    7531.95    7578.31    6485.49    4928.68    3961.11    3329.47    2201.31    2107.81    2870.88    3286.40    4835.43    4515.54    4325.64    3596.09    4688.45    6624.10    9174.28
 1    4109.00    2443.98    2443.98    3688.61    3688.61    5889.58    5889.58   19808.25   19808.25    3592.05    3592.05    9694.61    9694.61   20996.98   20996.98   15371.66   15371.66    8349.73    8349.73   11169.77   11169.77   10866.70   10866.70    8233.30    8233.30    6961.88    6961.88
 2     783.00     465.52     465.52     702.59     702.59    1121.82    1121.82    3773.00    3773.00     684.20     684.20    1846.59    1846.59    3999.42    3999.42    2927.94    2927.94    1590.42    1590.42    2127.58    2127.58    2069.85    2069.85    1568.25    1568.25    1326.07    1326.07
 3    3537.00    5225.70    9119.50   11265.50   14952.93   19303.73   18068.13   18532.98   14390.62   13487.35   15324.18   20947.28   21799.31   22208.50   18003.07    8230.02    7686.83    8012.96    9854.99   11252.96   12861.28   15246.52   19267.70    9612.30    9110.44   11474.66   11142.95
 4    1379.00    2475.65    3608.22    4052.54    5362.68    3783.38    2679.58    2661.19    3133.63    4153.79    6016.53    6517.11    5137.23    3998.81    3096.15    2388.52    2417.06    2759.64    3095.26    3396.23    4754.80    5919.14    5366.93    3721.57    2878.33    2682.01    3390.92
 1    4109.00    2033.72    2033.72    9667.35    9667.35   49249.20   49249.20   31005.28   31005.28   30381.12   30381.12   44167.20   44167.20   19371.20   19371.20   32739.17   32739.17   16378.36   16378.36   12130.27   12130.27    5984.75    5984.75   18469.84   18469.84   16992.36   16992.36
 2     783.00     387.38     387.38    1841.40    1841.40    9380.80    9380.80    5905.77    5905.77    5786.88    5786.88    8412.80    8412.80    3689.75    3689.75    6236.03    6236.03    3119.69    3119.69    2310.53    2310.53    1139.95    1139.95    3518.06    3518.06    3236.64    3236.64
 3    3537.00    5338.90    7189.15   14769.64   19663.42   21954.57   17362.03   15518.18   16958.07   12133.16   12257.02   11085.18    8879.93    8231.55   11592.71   19291.66   22355.29   13365.20   11649.88   13548.90   12377.14    9371.83   10478.73   19451.41   16643.93    8158.21    7430.55
 4    1379.00    2593.08    3759.80    4130.10    3610.37    3751.13    5515.59    6339.30    4570.05    4568.12    4996.84    4355.55    3852.64    5363.12    9852.21    7035.27    5306.43    5154.74    4240.42    3414.66    3091.73    4141.00    4789.69    4186.84    3177.25    2703.28    3771.16
 1    4109.00    2487.87    2487.87    4145.06    4145.06    5333.33    5333.33    7010.85    7010.85   10294.75   10294.75   15228.91   15228.91    8730.41    8730.41    8748.89    8748.89   21319.91   21319.91   87315.23   87315.23   86125.12   86125.12   29316.67   29316.67   12773.38   12773.38
 2     783.00     473.88     473.88     789.54     789.54    1015.87    1015.87    1335.40    1335.40    1960.90    1960.90    2900.74    2900.74    1662.94    1662.94    1666.46    1666.46    4060.94    4060.94   16631.47   16631.47   16404.78   16404.78    5584.13    5584.13    2433.02    2433.02
 3    3537.00    5663.63    7607.65   14149.61   13208.33    7328.37   10011.14   14211.82   14126.37   12560.01   12099.26   13255.28   10324.09    6410.75    7382.50   21146.00   27387.03   34850.32   53836.42   65127.53   61919.94   51847.91   35591.47   18346.31   13816.16    8826.57   11627.37
 4    1379.00    2734.84    3015.50    2185.48    1963.19    3035.09    3153.86    3202.80    2894.92    2897.01    2385.85    2522.54    3202.13    3979.42    7097.57    8861.02   15587.44   27262.87   24082.52   16071.10    9713.27    6154.25    4733.24    3409.57    4552.96    5749.28    6673.83
 1    4109.00    2287.82    2287.82    4972.04    4972.04   13371.20   13371.20   23312.06   23312.06    6283.20    6283.20    4662.97    4662.97   12151.99   12151.99   17317.61   17317.61   19651.17   19651.17   19448.35   19448.35   19697.83   19697.83   29391.06   29391.06   18097.46   18097.46
 2     783.00     435.78     435.78     947.06     947.06    2546.90    2546.90    4440.39    4440.39    1196.80    1196.80     888.18     888.18    2314.66    2314.66    3298.59    3298.59    3743.08    3743.08    3704.45    3704.45    3751.97    3751.97    5598.30    5598.30    3447.14    3447.14
 3    3537.00    5653.04    8890.24   12016.12   16242.22   20211.84   19565.06   16687.70   12563.71    7462.23    7388.65    6345.40   10877.79   24130.99   19425.35   11065.21   13539.13   18336.87   18721.28   11538.34   10360.07    8672.62   12665.94   31882.74   27866.45   14942.47   11935.08
 4    1379.00    2504.36    3943.39    4978.21    4890.63    5286.83    4228.70    2954.76    2555.66    2663.19    3488.25    5257.79    6002.48    4767.08    4011.04    5083.96    6021.50    4881.02    4232.64    4268.23    5380.63   10621.14   10608.11    6099.49    4098.89    3935.56    3319.97
 1    4109.00    1525.52    1525.52    3430.35    3430.35   14930.92   14930.92    4764.14    4764.14    6789.09    6789.09    7005.77    7005.77   17351.80   17351.80   10636.63   10636.63   11751.43   11751.43   11932.07   11932.07    9687.22    9687.22    9587.89    9587.89    3965.35    3965.35
 2     783.00     290.58     290.58     653.40     653.40    2843.98    2843.98     907.46     907.46    1293.16    1293.16    1334.43    1334.43    3305.10    3305.10    2026.02    2026.02    2238.37    2238.37    2272.78    2272.78    1845.18    1845.18    1826.26    1826.26     755.30     755.30
 3    3537.00    5078.14    8259.09   11833.08   13062.90   13844.46   11244.46    7896.56   11760.60   13041.71   16341.68   11476.55   16040.66   30633.26   27691.28   17569.98   17051.81   20683.48   16762.95   14919.80   14601.28   12833.24   13525.05   10267.91    9468.17    7326.85    8272.35
 4    1379.00    2375.97    3389.41    3503.19    2771.33    1614.25    2178.82    3136.07    4072.76    3246.24    3839.94    7127.66    6992.50    5014.09    4656.54    6153.37    4657.71    3806.25    3189.60    3234.99    3457.88    3966.99    3510.32    3262.35    3569.18    3349.82    2925.20
 1    4109.00    1496.42    1496.42    4008.31    4008.31    9320.39    9320.39    6898.58    6898.58    9218.29    9218.29    7480.24    7480.24    9566.17    9566.17   12488.78   12488.78    9753.28    9753.28    9075.07    9075.07    3353.20    3353.20    6973.43    6973.43   12042.95   12042.95
 2     783.00     285.03     285.03     763.49     763.49    1775.31    1775.31    1314.02    1314.02    1755.86    1755.86    1424.81    1424.81    1822.13    1822.13    2378.82    2378.82    1857.77    1857.77    1728.58    1728.58     638.70     638.70    1328.27    1328.27    2293.90    2293.90
 3    3537.00    5900.50    7910.73   10946.16   14527.92   15423.05   15502.74   15635.83   13627.26   15510.79   12840.64   12487.08   17249.95   23194.70   18842.07   14496.93   15217.10   17338.44   16360.92    6621.84    6785.38    7180.91    8061.05   13725.11   12909.08   10547.92   14435.52
 4    1379.00    2582.12    3204.12    3851.25    4635.45    4075.84    3710.39    3461.67    3114.73    3944.27    6509.39    6105.86    4817.12    3724.62    2636.14    2752.44    2928.24    3843.03    3655.72    3150.74    3314.73    3386.21    3208.60    3686.73    4774.86    6697.13    6099.40
 1    4109.00    1936.70    1936.70    3591.59    3591.59   12964.18   12964.18   19312.52   19312.52   12087.77   12087.77   15327.77   15327.77    9057.05    9057.05   14925.37   14925.37   12223.13   12223.13    7417.41    7417.41   10237.46   10237.46   28032.31   28032.31   32542.82   32542.82
 2     783.00     368.90     368.90     684.11     684.11    2469.37    2469.37    3678.58    3678.58    2302.43    2302.43    2919.58    2919.58    1725.15    1725.15    2842.93    2842.93    2328.22    2328.22    1412.84    1412.84    1949.99    1949.99    5339.49    5339.49    6198.63    6198.63
 3    3537.00    5171.67    8190.15   11073.19   15760.19   24718.26   31560.71   28937.39   23554.14   17311.55   15639.65   15474.29   15115.16    8739.92   10050.28   12633.89    9864.95    5738.47    6444.96    7989.82   12637.77   21989.02   22487.73   34448.35   31115.89   17303.48   11957.04
 4    1379.00    2694.45    3795.52    5970.40    7853.66    9527.19    7764.81    4536.45    3599.04    3988.44    3800.06    3945.71    4460.41    4282.42    3210.79    2203.73    2469.06    3674.93    6204.45    8221.24    9067.99    7768.62    7905.13    6561.16    4791.66    3147.69    2420.67
 1    4109.00    1785.63    1785.63    6829.75    6829.75    9012.23    9012.23    9626.23    9626.23    6825.13    6825.13   19823.03   19823.03   16788.16   16788.16    8432.89    8432.89   14735.03   14735.03   17219.20   17219.20   26516.49   26516.49   21448.81   21448.81    9482.09    9482.09
 2     783.00     340.12     340.12    1300.90    1300.90    1716.62    1716.62    1833.57    1833.57    1300.02    1300.02    3775.82    3775.82    3197.74    3197.74    1606.26    1606.26    2806.67    2806.67    3279.85    3279.85    5050.76    5050.76    4085.49    4085.49    1806.11    1806.11
 3    3537.00    5982.85    8325.13   11381.24   11634.12   11443.36   10100.61   13914.13   15199.81   17527.25   20225.97   22181.33   18959.90   11612.46   10757.26   12653.86   13979.86   17883.47   18326.67   14115.88   18453.36   25695.48   23690.44   15252.89   15052.26   10949.73   14514.98
 4    1379.00    2570.45    3346.70    3244.65    3314.47    2880.90    2848.10    5099.21    5562.33    5985.66    5016.93    4139.66    3080.53    3166.64    3558.07    3770.78    4200.52    6577.09    8375.12    8797.42    8723.62    5823.44    4173.63    5055.57    6846.10    6688.52    7300.07
 1    4109.00    2677.29    2677.29    3794.87    3794.87   11799.94   11799.94    5643.33    5643.33    3966.73    3966.73   12168.16   12168.16   25173.46   25173.46   14285.96   14285.96    3617.92    3617.92   15655.33   15655.33   37903.87   37903.87   12274.42   12274.42   21646.55   21646.55
 2     783.00     509.96     509.96     722.83     722.83    2247.61    2247.61    1074.92    1074.92     755.57     755.57    2317.74    2317.74    4794.94    4794.94    2721.14    2721.14     689.13     689.13    2981.97    2981.97    7219.78    7219.78    2337.98    2337.98    4123.15    4123.15
 3    3537.00    6015.01    8998.93   11387.04   11879.47   12149.06    9655.24    7763.58    9260.59   11005.23   18874.41   16234.54   15692.09   16386.98   12361.23    8636.77    8202.18    6802.35   10795.79   17138.29   15196.17   15816.20   13677.68    5231.69    5435.47   12287.56   16334.18
 4    1379.00    2728.84    3300.73    3070.20    2515.19    2261.09    1957.20    2554.91    3993.17    6020.83    6020.34    2892.17    2538.87    2793.01    2553.40    3029.01    4308.48    5519.48    5296.71    3917.30    3171.93    4012.72    4043.46    4180.82    6550.42    9106.09    8833.24
 1    4109.00    2239.78    2239.78    5083.39    5083.39    6401.47    6401.47   19732.02   19732.02   25023.77   25023.77    6990.52    6990.52    7878.02    7878.02   10233.76   10233.76   20510.49   20510.49   31540.74   31540.74   22610.28   22610.28   11440.97   11440.97    7434.97    7434.97
 2     783.00     426.62     426.62     968.26     968.26    1219.33    1219.33    3758.48    3758.48    4766.43    4766.43    1331.53    1331.53    1500.58    1500.58    1949.29    1949.29    3906.76    3906.76    6007.76    6007.76    4306.72    4306.72    2179.23    2179.23    1416.18    1416.18
 3    3537.00    4347.35    7383.52   11732.48   11379.83   10630.84   14619.96   21123.66   22000.80   14695.94    9524.75    9434.39    9954.50   12000.04   11886.37   16153.91   20293.37   33096.53   36495.85   25525.02   19618.54   14994.57   16625.34    9759.14    9456.02   15003.30   16392.07
 4    1379.00    2129.05    2751.29    3098.27    3269.13    4357.83    6129.30    6035.63    3999.23    2564.36    2498.21    2335.20    2486.49    3708.76    5567.50    7249.85    9402.52    9168.72    6306.64    4219.73    4015.23    4587.47    4463.19    3946.32    3753.40    3821.19    3694.31
 1    4109.00    2725.80    2725.80    2653.27    2653.27    6527.14    6527.14    8789.55    8789.55    5869.71    5869.71   12463.37   12463.37   13076.91   13076.91   16167.69   16167.69   11356.88   11356.88    9358.73    9358.73    4117.34    4117.34    9678.90    9678.90    9106.94    9106.94
 2     783.00     519.20     519.20     505.38     505.38    1243.26    1243.26    1674.20    1674.20    1118.04    1118.04    2373.98    2373.98    2490.84    2490.84    3079.56    3079.56    2163.22    2163.22    1782.62    1782.62     784.26     784.26    1843.60    1843.60    1734.66    1734.66
 3    3537.00    6062.75    8911.92   11701.66   14897.60   16897.58   15845.69   16686.46   14904.11   20843.51   26202.97   24541.26   25475.83   19143.61   17643.33   22206.46   21638.63   16271.13   13066.33   15430.61   13116.41    6540.90    8614.00   16128.52   13645.54    8170.47   11289.49
 4    1379.00    2705.98    3640.31    4014.90    4050.01    4034.07    3926.52    4448.99    7055.76    7470.72    6621.36    7354.01    6181.79    4856.33    4936.39    6247.49    4650.85    3899.58    3147.23    2464.03    2448.15    3204.01    3652.69    2982.73    3071.33    4194.03    4339.46
 1    4109.00    9136.97    9136.97    7501.49    7501.49   13266.79   13266.79   10137.20   10137.20    8528.52    8528.52   14548.38   14548.38   18501.71   18501.71   11616.07   11616.07   12071.60   12071.60   32193.55   32193.55   13087.07   13087.07   26901.34   26901.34   25124.48   25124.48
 2     783.00    1740.38    1740.38    1428.86    1428.86    2527.01    2527.01    1930.90    1930.90    1624.48    1624.48    2771.12    2771.12    3524.14    3524.14    2212.58    2212.58    2299.35    2299.35    6132.10    6132.10    2492.78    2492.78    5124.06    5124.06    4785.62    4785.62
 3    3537.00    9083.73   12553.92    7753.10    8248.88    9334.47    8808.48    7586.18   10025.88   14141.47   12971.24   13357.87   14199.07   21095.26   22538.89   10718.66    9871.27   18652.81   21364.68   16727.82   14115.27    6751.06   12400.16   26540.20   24029.64   14764.72   10973.84
 4    1379.00    2389.69    2787.33    2195.23    2245.72    2438.83    2657.64    3789.59    3247.77    3683.94    3617.37    4916.92    5210.49    5660.15    4716.20    3631.51    5044.49    6515.69    5567.02    4169.26    5311.96    9975.87   10914.88    5182.87    3146.10    2854.21    2671.50
 1    4109.00    1112.50    1112.50    2782.16    2782.16   12435.19   12435.19   17084.76   17084.76   23331.92   23331.92   39897.86   39897.86   16767.83   16767.83    2228.69    2228.69    2622.77    2622.77    8001.38    8001.38   20935.07   20935.07   25099.07   25099.07   16532.21   16532.21
 2     783.00     211.90     211.90     529.94     529.94    2368.61    2368.61    3254.24    3254.24    4444.18    4444.18    7599.59    7599.59    3193.87    3193.87     424.51     424.51     499.58     499.58    1524.07    1524.07    3987.63    3987.63    4780.78    4780.78    3148.99    3148.99
 3    3537.00    5066.27    7644.97   12813.44   20646.79   25248.19   23480.57   20814.98   20299.19   25052.35   24671.25   30763.42   15517.85    3534.55    3208.30    1750.41    2127.99    4095.45    9832.08   22309.33   25409.91   27070.05   22642.12   20290.11   18342.19   11680.60   14101.18
 4    1379.00    2206.72    3727.69    6969.80    6529.91    6813.38    6782.10    5491.63    5579.11    3814.32    3031.33    2688.99    1580.82    1352.46    1173.19    1807.55    3777.72    6234.63    7667.75    6748.25    5814.78    5846.35    4264.25    3461.79    5807.99    7113.11    5671.97
 1    4109.00     477.71     477.71    3018.71    3018.71    4748.44    4748.44    7377.68    7377.68   10768.30   10768.30   14248.08   14248.08   17194.25   17194.25    9050.58    9050.58   23432.64   23432.64   21238.60   21238.60   15089.84   15089.84   22254.54   22254.54   29842.43   29842.43
 2     783.00      90.99      90.99     574.99     574.99     904.46     904.46    1405.27    1405.27    2051.10    2051.10    2713.92    2713.92    3275.10    3275.10    1723.92    1723.92    4463.36    4463.36    4045.45    4045.45    2874.26    2874.26    4238.96    4238.96    5684.27    5684.27
 3    3537.00    4562.05    7327.70   10673.07   12521.81   13350.61   17028.94   16830.71   16966.92   34561.35   36397.37   28139.21   24884.42   29405.89   20165.41   15746.09   21741.96   18666.20   18349.18   18761.52   20186.78   15610.29   15707.94   25257.27   19883.61   14630.85   10744.04
 4    1379.00    2287.85    3053.71    3607.55    3896.27    4663.89    5579.15    5417.49    8557.59   10144.16    7513.60    4070.14    2910.72    3633.44    4972.85    6209.90    6133.17    4236.68    4264.60    5118.07    4975.83    5315.82    5367.70    4934.28    3957.90    3773.91    2881.34
 1    4109.00    1688.15    1688.15    3086.16    3086.16   11174.86   11174.86   18011.53   18011.53   16857.92   16857.92   21602.20   21602.20    7978.28    7978.28   11969.50   11969.50   24442.57   24442.57   17104.63   17104.63    8084.08    8084.08   16881.02   16881.02   22043.41   22043.41
 2     783.00     321.55     321.55     587.84     587.84    2128.54    2128.54    3430.77    3430.77    3211.03    3211.03    4114.70    4114.70    1519.67    1519.67    2279.90    2279.90    4655.73    4655.73    3258.02    3258.02    1539.82    1539.82    3215.43    3215.43    4198.74    4198.74
 3    3537.00    5033.11    7501.06   12403.02   18331.55   22391.59   18173.47   21253.79   21123.09   17590.14   14803.65   15110.53   12276.62    5910.23    7147.35   15031.59   17089.29   12212.28   10641.08    6387.79    6425.97    4943.16    7167.85   14483.23   17842.30   22673.73   27057.01
 4    1379.00    2620.38    3690.43    6006.85    5240.10    4741.82    4941.99    4494.59    3870.08    4182.86    2755.78    3132.91    3363.39    3885.69    3883.54    4050.52    3942.58    3217.60    3532.24    3277.12    3257.33    4243.00    5953.95    6388.58    8896.02    9264.14    7008.48
 1    4109.00    3933.47    3933.47    4263.34    4263.34    8714.71    8714.71   20412.08   20412.08   31335.15   31335.15   26160.29   26160.29   31458.04   31458.04   16224.52   16224.52    6497.11    6497.11    4820.97    4820.97    6516.51    6516.51    4545.16    4545.16    5149.91    5149.91
 2     783.00     749.23     749.23     812.06     812.06    1659.94    1659.94    3888.02    3888.02    5968.60    5968.60    4982.91    4982.91    5992.01    5992.01    3090.38    3090.38    1237.54    1237.54     918.28     918.28    1241.24    1241.24     865.74     865.74     980.94     980.94
 3    3537.00    5561.96    8023.80   10041.12   11818.66   14757.81   19844.46   18767.58   18335.86   27050.29   37215.40   35613.46   24705.20   21341.84   16609.28   10725.69    9782.60    6999.78    7108.52    6005.25    6129.11    9489.81    9409.15    5473.89    7222.42   14272.50   13984.75
 4    1379.00    2574.86    3027.02    2947.88    4084.54    5604.43    5395.98    6367.90   10158.25   12869.17    9970.94    6629.34    5445.84    4087.68    2908.20    2733.38    2639.97    2278.47    2104.47    2004.23    2042.33    2169.30    2429.75    3616.38    3595.30    3013.66    3566.64
 1    4109.00    2958.19    2958.19    4332.17    4332.17    6709.16    6709.16    7799.02    7799.02   20655.56   20655.56   33027.00   33027.00   16066.05   16066.05   15668.73   15668.73    9432.19    9432.19   17324.54   17324.54   22697.60   22697.60   30530.81   30530.81   39774.04   39774.04
 2     783.00     563.46     563.46     825.18     825.18    1277.94    1277.94    1485.53    1485.53    3934.39    3934.39    6290.86    6290.86    3060.20    3060.20    2984.52    2984.52    1796.61    1796.61    3299.91    3299.91    4323.35    4323.35    5815.39    5815.39    7576.01    7576.01
 3    3537.00    5103.83    8164.56   10610.05   12058.31   12249.91   14333.33   17964.22   20409.09   23537.33   22155.69   22246.77   16850.90   10610.34   12352.68   10180.00   10340.14   15259.16   16161.68   19858.98   17355.82   18456.70   19546.93   18834.42   19119.50   27979.87   21721.80
 4    1379.00    2369.27    3172.84    3071.59    3096.07    3813.10    5780.67    6293.99    6663.71    4232.07    3463.40    2909.33    2567.67    4024.67    4581.64    4125.31    4776.72    5347.06    4576.12    3057.33    4257.92    5072.13    5260.05    5717.60    4465.14    5074.89    5443.95
 1    4109.00    1737.12    1737.12    4039.73    4039.73   15769.91   15769.91   21490.85   21490.85   12476.31   12476.31    9855.85    9855.85   19130.50   19130.50   18950.32   18950.32    7433.12    7433.12    6641.25    6641.25   12825.58   12825.58    8998.37    8998.37   12958.64   12958.64
 2     783.00     330.88     330.88     769.47     769.47    3003.79    3003.79    4093.50    4093.50    2376.44    2376.44    1877.30    1877.30    3643.90    3643.90    3609.58    3609.58    1415.83    1415.83    1265.00    1265.00    2442.97    2442.97    1713.98    1713.98    2468.31    2468.31
 3    3537.00    4750.57    8006.38   10421.81   16235.91   19454.23   17064.53   17046.36   13933.84    9773.80    9037.76   11375.73   19975.53   26779.85   25308.36   18131.62   15190.64   10476.35   10943.35   12669.45   14125.00   15334.54   13389.26    7808.33   10079.41   10171.06    9697.64
 4    1379.00    2397.08    3623.32    4288.14    4816.63    5130.69    4014.32    2488.94    2620.04    2922.28    4142.08    7785.64    6561.16    4172.01    3495.76    4167.90    3928.66    3311.29    3177.43    3674.04    3480.67    3520.89    3707.02    3742.61    3926.96    2473.48    2774.50
 1    4109.00    2170.94    2170.94    6389.00    6389.00    8067.91    8067.91   26654.63   26654.63   31411.84   31411.84   12031.40   12031.40    7883.11    7883.11   10542.84   10542.84    7626.23    7626.23    6243.93    6243.93    4130.74    4130.74    4083.62    4083.62   15781.00   15781.00
 2     783.00     413.51     413.51    1216.95    1216.95    1536.74    1536.74    5077.07    5077.07    5983.21    5983.21    2291.70    2291.70    1501.54    1501.54    2008.16    2008.16    1452.62    1452.62    1189.32    1189.32     786.81     786.81     777.83     777.83    3005.90    3005.90
 3    3537.00    3929.77    6738.34   15159.25   16128.20   14813.70   15998.24   31417.80   29329.88   24065.38   19024.56   14589.39   15226.11   11686.12   10333.99   11831.87   10633.54   11558.19   11131.08    9624.99   10322.02    6329.28    7192.35    8639.11   12582.79   23106.59   19791.57
 4    1379.00    1973.88    3251.37    3073.89    2887.64    5653.50    9557.41    7553.93    4774.03    2854.73    2803.30    4787.76    3926.01    2880.98    2502.57    2700.66    2625.79    2184.89    2455.97    2262.02    2407.43    3010.58    4873.68    6165.09    5125.24    3946.68    4506.83
 1    4109.00    3595.28    3595.28    6429.19    6429.19   10049.89   10049.89    8661.58    8661.58    5852.15    5852.15   11052.43   11052.43   10345.10   10345.10    8264.26    8264.26    4832.06    4832.06   12644.48   12644.48   18863.92   18863.92   14741.50   14741.50   19226.13   19226.13
 2     783.00     684.82     684.82    1224.61    1224.61    1914.26    1914.26    1649.82    1649.82    1114.70    1114.70    2105.22    2105.22    1970.50    1970.50    1574.14    1574.14     920.39     920.39    2408.47    2408.47    3593.13    3593.13    2807.90    2807.90    3662.12    3662.12
 3    3537.00    4206.03    6909.85   15913.89   14432.31   12814.77   11538.76    9657.48    9421.72   10344.50   15375.16   17681.84   15719.51   18362.77   18439.89   11374.36   10820.56    8362.15    9267.20   21077.08   22303.13   19034.31   17701.26   13023.79   14387.71   19165.48   15856.15
 4    1379.00    2332.79    2815.12    2640.40    2530.13    3043.34    2148.99    2194.06    3529.33    4782.59    4734.99    4205.43    4487.94    2784.49    2492.02    2794.95    3151.23    4155.89    6218.33    5887.05    5438.51    3199.28    3456.75    4730.03    4268.39    3285.36    2242.56
 1    4109.00    4216.21    4216.21    6019.86    6019.86    6195.88    6195.88   14582.57   14582.57   16036.48   16036.48   18216.20   18216.20   35245.06   35245.06   23230.75   23230.75   14814.95   14814.95   21077.36   21077.36    9530.14    9530.14   16435.65   16435.65    8960.03    8960.03
 2     783.00     803.09     803.09    1146.64    1146.64    1180.17    1180.17    2777.63    2777.63    3054.57    3054.57    3469.75    3469.75    6713.34    6713.34    4424.90    4424.90    2821.90    2821.90    4014.74    4014.74    1815.26    1815.26    3130.60    3130.60    1706.67    1706.67
 3    3537.00    5539.74    7062.24   12919.15   11946.03   12126.46   16516.04   17906.77   18972.20   20777.44   20798.74   21101.58   23009.37   17945.57   15333.73    8186.13   13589.78   15605.41   13114.62   14817.23   14498.01    8771.44   10072.05   11594.70   10833.91    8548.67    9875.95
 4    1379.00    2636.61    2890.96    1936.26    2876.05    4669.97    4824.70    3987.03    3842.91    3303.93    3975.51    4346.94    3982.48    1922.94    2247.63    5235.80    4265.98    3877.06    3598.49    4438.97    3788.92    2999.89    3405.97    3256.78    4563.20    4871.43    3731.65
 1    4109.00    4982.67    4982.67    7631.32    7631.32   16654.18   16654.18   12865.31   12865.31    6115.03    6115.03    9136.97    9136.97    2940.17    2940.17   10913.83   10913.83   13339.33   13339.33   10362.20   10362.20   10811.26   10811.26    8255.48    8255.48    4363.13    4363.13
 2     783.00     949.08     949.08    1453.58    1453.58    3172.22    3172.22    2450.54    2450.54    1164.77    1164.77    1740.38    1740.38     560.03     560.03    2078.82    2078.82    2540.82    2540.82    1973.75    1973.75    2059.29    2059.29    1572.47    1572.47     831.07     831.07
 3    3537.00    6182.16    8695.12   15924.10   18522.46   19033.02   24842.24   22184.94   19345.64   13821.45   14537.21   14625.88   14619.30   10759.88   10197.06   14318.64   13707.89   11865.48    9988.66    4369.00    5208.93    8022.65    7823.02    6013.06    6265.79    8953.95   12857.89
 4    1379.00    2724.31    3755.77    3720.37    4360.90    7437.06    6450.29    4003.72    2970.18    3658.96    3490.71    3083.77    3415.47    2747.61    3059.17    3014.87    2677.24    2217.33    2472.01    2503.51    2899.39    2779.66    2632.32    2938.00    4549.09    5937.66    5934.14
 1    4109.00    2506.35    2506.35    2908.75    2908.75   13634.08   13634.08   18377.44   18377.44   29177.61   29177.61   32450.42   32450.42   24176.00   24176.00   24911.96   24911.96   18682.82   18682.82   30239.29   30239.29   30926.74   30926.74   25956.55   25956.55   25647.93   25647.93
 2     783.00     477.40     477.40     554.05     554.05    2596.97    2596.97    3500.46    3500.46    5557.64    5557.64    6181.03    6181.03    4604.95    4604.95    4745.14    4745.14    3558.63    3558.63    5759.86    5759.86    5890.81    5890.81    4944.10    4944.10    4885.32    4885.32
 3    3537.00    4269.76    8564.21   11209.74   20990.01   23471.03   20515.03   21366.67   38649.26   57426.27   55347.66   37360.54   28315.83   20048.63   21805.86   25276.51   25703.94   22168.79   29016.72   44589.46   44289.43   22124.99   20256.45   26086.08   22035.56   12523.26   11555.64
 4    1379.00    2139.10    4664.58    7216.83    6744.03    2820.66    4192.85   10846.34   11041.34    7730.15    6140.07    4365.98    3163.96    4570.83    5167.18    8274.60    9328.29   13116.46   11432.66    7122.49    6143.73    5266.77    4138.25    4465.23    3226.09    2751.80    3274.42
 1    4109.00    3696.00    3696.00   12751.66   12751.66    7096.78    7096.78    9971.81    9971.81   10959.10   10959.10   12521.12   12521.12   10638.94   10638.94   19340.71   19340.71   35433.09   35433.09   35126.32   35126.32   44371.87   44371.87   52981.24   52981.24   23976.41   23976.41
 2     783.00     704.00     704.00    2428.89    2428.89    1351.77    1351.77    1899.39    1899.39    2087.45    2087.45    2384.98    2384.98    2026.46    2026.46    3683.94    3683.94    6749.16    6749.16    6690.73    6690.73    8451.78    8451.78   10091.66   10091.66    4566.94    4566.94
 3    3537.00    5237.16    7888.32   14461.88   12899.03    8194.56    8371.28   13178.53   14212.08   11854.16   12464.86   15340.37   11675.30   11996.15   17439.19   23965.61   23019.31   23410.34   17623.82   13422.71   22293.67   38943.94   37350.94   28336.96   25186.97   18833.07   14890.81
 4    1379.00    2677.14    3192.18    2267.06    1872.60    2262.70    4027.03    3560.57    3455.77    4321.44    3245.53    2463.74    2778.75    6314.16    9890.10    4887.87    3089.09    3363.85    5968.89   13730.28   10687.63    9090.84    6151.04    6034.91    5020.00    3383.03    3452.29
 1    4109.00    2780.78    2780.78    4426.42    4426.42    8546.54    8546.54   13447.90   13447.90    5937.62    5937.62   11094.01   11094.01   11068.60   11068.60   14700.84   14700.84   14780.30   14780.30   22543.29   22543.29    8446.28    8446.28    7834.60    7834.60   25859.53   25859.53
 2     783.00     529.67     529.67     843.13     843.13    1627.91    1627.91    2561.50    2561.50    1130.98    1130.98    2113.14    2113.14    2108.30    2108.30    2800.16    2800.16    2815.30    2815.30    4293.96    4293.96    1608.82    1608.82    1492.30    1492.30    4925.62    4925.62
 3    3537.00    5231.58    7238.13   10253.29   10617.39   11682.17   13801.14   12973.95   10181.08   10778.84   15706.85   19195.77   14864.69   15981.05   14942.16   11563.82   11717.83   19456.68   18585.47   13715.06   11839.68    4990.26    5231.73    8329.60   13116.15   28826.03   24086.98
 4    1379.00    2451.83    2917.69    2902.36    3205.16    3218.51    3047.84    2681.95    3651.20    5324.90    4623.38    3825.53    3070.24    2757.42    3183.43    3708.00    4792.47    4980.39    3471.46    2837.03    2817.03    2547.83    3860.71    5171.41    4648.28    5944.47    5421.32
 1    4109.00    2845.92    2845.92    4997.92    4997.92   10975.27   10975.27   12935.54   12935.54   18455.98   18455.98   12227.75   12227.75   19405.39   19405.39   26211.11   26211.11   25506.10   25506.10    6757.67    6757.67   11649.33   11649.33   32365.41   32365.41   36533.58   36533.58
 2     783.00     542.08     542.08     951.98     951.98    2090.53    2090.53    2463.91    2463.91    3515.42    3515.42    2329.10    2329.10    3696.26    3696.26    4992.59    4992.59    4858.30    4858.30    1287.18    1287.18    2218.92    2218.92    6164.84    6164.84    6958.78    6958.78
 3    3537.00    3862.83    7105.79   13815.96   14365.37   11745.98   12562.52   15679.61   23752.70   28221.04   26144.33   19288.03   22799.98   20769.03   19097.26   24578.09   18138.74   11572.73    9592.92    6100.86    8061.10   11034.01   13883.00   14498.88   23082.51   19034.68   17782.76
 4    1379.00    2170.39    2981.92    2381.28    2284.90    3665.31    4925.62    9212.57    8935.69    6504.25    5229.99    7020.13    9331.52    4714.71    3327.70    3279.17    2854.05    3147.66    3421.76    3638.96    4656.21    3881.82    6178.03    9391.59    9361.76    8868.74    7948.55
 1    4109.00    2404.71    2404.71    2354.81    2354.81   10571.95   10571.95    6141.37    6141.37   17827.19   17827.19   16449.05   16449.05   19762.51   19762.51   27093.07   27093.07    9211.82    9211.82   14849.14   14849.14   12240.69   12240.69   22530.82   22530.82   16252.24   16252.24
 2     783.00     458.04     458.04     448.54     448.54    2013.70    2013.70    1169.78    1169.78    3395.66    3395.66    3133.15    3133.15    3764.29    3764.29    5160.58    5160.58    1754.63    1754.63    2828.41    2828.41    2331.56    2331.56    4291.58    4291.58    3095.66    3095.66
 3    3537.00    5044.82    8186.76   11536.40   12826.80   11533.53   10071.21   10530.00   17791.10   20108.27   19155.80   21746.18   19385.40   18281.53   16055.89   13683.42   12030.90    7868.81   13090.84   17709.89   15989.26    9590.14   10356.21   15997.37   12311.16    5872.16    7522.76
 4    1379.00    2378.70    3217.03    3102.86    2483.56    2476.78    4072.39    6339.63    6645.36    4057.43    4455.12    4868.71    4572.02    3770.71    3708.37    3864.85    5740.88    5793.36    5507.87    3719.57    4304.29    4730.78    3611.98    2836.86    3736.37    4045.64    3599.61
 1    4109.00    1754.21    1754.21    2743.36    2743.36   18310.91   18310.91   13207.19   13207.19   18388.99   18388.99   17386.45   17386.45   11835.98   11835.98   18899.03   18899.03   10749.35   10749.35    6094.24    6094.24    3636.40    3636.40   10614.45   10614.45   22754.89   22754.89
 2     783.00     334.14     334.14     522.54     522.54    3487.79    3487.79    2515.66    2515.66    3502.66    3502.66    3311.70    3311.70    2254.47    2254.47    3599.82    3599.82    2047.50    2047.50    1160.81    1160.81     692.65     692.65    2021.80    2021.80    4334.26    4334.26
 3    3537.00    4468.90    7949.95   12330.63   25359.49   35958.61   28974.68   17747.49   16533.56   22882.66   19099.40   10300.60    9647.83   11262.01   11447.10   18017.91   18309.60    7910.30    8026.77   10370.46   11167.75    9260.67   11184.95   16423.71   17984.66   15006.03   13666.75
 4    1379.00    2409.90    4894.70   10005.87    8883.96    4872.60    3690.37    3987.94    4733.71    3430.14    2839.94    5429.51    5968.27    5601.44    4657.45    3862.33    4110.73    3911.84    3713.68    4171.62    5185.87    4453.28    4536.38    5189.10    5345.70    4954.34    3933.91
 1    4109.00    1924.23    1924.23    7013.16    7013.16   13860.00   13860.00   19657.64   19657.64   28491.54   28491.54    9759.29    9759.29   16607.51   16607.51   22587.64   22587.64   13304.21   13304.21   16036.94   16036.94   22816.33   22816.33   26988.19   26988.19   33337.92   33337.92
 2     783.00     366.52     366.52    1335.84    1335.84    2640.00    2640.00    3744.31    3744.31    5426.96    5426.96    1858.91    1858.91    3163.34    3163.34    4302.41    4302.41    2534.14    2534.14    3054.66    3054.66    4345.97    4345.97    5140.61    5140.61    6350.08    6350.08
 3    3537.00    5794.20    8500.04   10865.80   10120.68   10425.98   12260.41   15634.46   18736.53   20999.76   19909.40   17220.80   15614.32   19898.46   17152.16   16265.26   16224.82   16881.22   19142.07   17393.44   18642.71   17375.61   17105.78   20440.01   20211.01   16118.80   12476.92
 4    1379.00    2588.00    3171.21    2368.81    2268.31    4474.19    7425.12    6352.75    6942.15    5238.91    3786.90    3649.22    4692.43    3209.17    2770.80    5012.66    5372.60    5495.22    5276.87    4061.09    3594.85    5384.97    5029.23    5602.22    4908.89    3657.07    3207.43
